2026-01-12 12:54:27 [INFO] Loading test data from: data\test_data.json
2026-01-12 12:54:27 [INFO] Using username from environment variable
2026-01-12 12:54:27 [INFO] Using password from environment variable
2026-01-12 12:54:27 [INFO] Login enabled from .env: True
2026-01-12 12:54:27 [INFO] Test data loaded successfully
2026-01-12 12:54:27 [INFO] ================================================================================
2026-01-12 12:54:27 [INFO] Starting test: test_ebay_shopping_flow
2026-01-12 12:54:27 [INFO] ================================================================================
2026-01-12 12:54:27 [INFO] Creating local chrome driver (headless=False)
2026-01-12 12:54:27 [DEBUG] Selenium Manager binary found at: C:\Users\Avivy\AppData\Local\Programs\Python\Python313\Lib\site-packages\selenium\webdriver\common\windows\selenium-manager.exe
2026-01-12 12:54:27 [DEBUG] Executing process: C:\Users\Avivy\AppData\Local\Programs\Python\Python313\Lib\site-packages\selenium\webdriver\common\windows\selenium-manager.exe --browser chrome --debug --output json
2026-01-12 12:54:27 [DEBUG] chromedriver not found in PATH
2026-01-12 12:54:27 [DEBUG] chrome detected at C:\Program Files\Google\Chrome\Application\chrome.exe
2026-01-12 12:54:27 [DEBUG] Running command: wmic datafile where name='C:\\Program Files\\Google\\Chrome\\Application\\chrome.exe' get Version /value
2026-01-12 12:54:27 [DEBUG] Output: ""
2026-01-12 12:54:27 [DEBUG] Running command: REG QUERY HKCU\Software\Google\Chrome\BLBeacon /v version
2026-01-12 12:54:27 [DEBUG] Output: "\r\nHKEY_CURRENT_USER\\Software\\Google\\Chrome\\BLBeacon\r\n    version    REG_SZ    143.0.7499.193\r\n"
2026-01-12 12:54:27 [DEBUG] Detected browser: chrome 143.0.7499.193
2026-01-12 12:54:27 [DEBUG] Required driver: chromedriver 143.0.7499.192
2026-01-12 12:54:27 [DEBUG] chromedriver 143.0.7499.192 already in the cache
2026-01-12 12:54:27 [DEBUG] Driver path: C:\Users\Avivy\.cache\selenium\chromedriver\win64\143.0.7499.192\chromedriver.exe
2026-01-12 12:54:27 [DEBUG] Browser path: C:\Program Files\Google\Chrome\Application\chrome.exe
2026-01-12 12:54:27 [DEBUG] Using driver at: C:\Users\Avivy\.cache\selenium\chromedriver\win64\143.0.7499.192\chromedriver.exe
2026-01-12 12:54:27 [DEBUG] Started executable: `C:\Users\Avivy\.cache\selenium\chromedriver\win64\143.0.7499.192\chromedriver.exe` in a child process with pid: 24732 using 0 to output -3
2026-01-12 12:54:28 [DEBUG] POST http://localhost:61817/session {"capabilities": {"firstMatch": [{}], "alwaysMatch": {"browserName": "chrome", "pageLoadStrategy": "normal", "browserVersion": null, "goog:chromeOptions": {"extensions": [], "binary": "C:\\Program Files\\Google\\Chrome\\Application\\chrome.exe", "args": ["--no-sandbox", "--disable-dev-shm-usage", "--start-maximized"]}}}}
2026-01-12 12:54:28 [DEBUG] Starting new HTTP connection (1): localhost:61817
2026-01-12 12:54:29 [DEBUG] http://localhost:61817 "POST /session HTTP/1.1" 200 0
2026-01-12 12:54:29 [DEBUG] Remote response: status=200 | data={"value":{"capabilities":{"acceptInsecureCerts":false,"browserName":"chrome","browserVersion":"143.0.7499.193","chrome":{"chromedriverVersion":"143.0.7499.192 (be2c1f4fd451578a9ada68a0ac12d659362b44bf-refs/branch-heads/7499@{#4083})","userDataDir":"C:\\Users\\Avivy\\AppData\\Local\\Temp\\scoped_dir24732_1280797390"},"fedcm:accounts":true,"goog:chromeOptions":{"debuggerAddress":"localhost:61820"},"goog:processID":26748,"networkConnectionEnabled":false,"pageLoadStrategy":"normal","platformName":"windows","proxy":{},"setWindowRect":true,"strictFileInteractability":false,"timeouts":{"implicit":0,"pageLoad":300000,"script":30000},"unhandledPromptBehavior":"dismiss and notify","webauthn:extension:credBlob":true,"webauthn:extension:largeBlob":true,"webauthn:extension:minPinLength":true,"webauthn:extension:prf":true,"webauthn:virtualAuthenticators":true},"sessionId":"e5c6e8d66faf3b78c96b6136c741eeaf"}} | headers=HTTPHeaderDict({'Content-Length': '907', 'Content-Type': 'application/json; charset=utf-8', 'cache-control': 'no-cache'})
2026-01-12 12:54:29 [DEBUG] Finished Request
2026-01-12 12:54:29 [DEBUG] POST http://localhost:61817/session/e5c6e8d66faf3b78c96b6136c741eeaf/window/maximize {}
2026-01-12 12:54:29 [DEBUG] http://localhost:61817 "POST /session/e5c6e8d66faf3b78c96b6136c741eeaf/window/maximize HTTP/1.1" 200 0
2026-01-12 12:54:29 [DEBUG] Remote response: status=200 | data={"value":{"height":832,"width":1552,"x":-7,"y":-7}} | headers=HTTPHeaderDict({'Content-Length': '51', 'Content-Type': 'application/json; charset=utf-8', 'cache-control': 'no-cache'})
2026-01-12 12:54:29 [DEBUG] Finished Request
2026-01-12 12:54:29 [DEBUG] POST http://localhost:61817/session/e5c6e8d66faf3b78c96b6136c741eeaf/timeouts {"implicit": 10000}
2026-01-12 12:54:29 [DEBUG] http://localhost:61817 "POST /session/e5c6e8d66faf3b78c96b6136c741eeaf/timeouts HTTP/1.1" 200 0
2026-01-12 12:54:29 [DEBUG] Remote response: status=200 | data={"value":null} | headers=HTTPHeaderDict({'Content-Length': '14', 'Content-Type': 'application/json; charset=utf-8', 'cache-control': 'no-cache'})
2026-01-12 12:54:29 [DEBUG] Finished Request
2026-01-12 12:54:29 [DEBUG] POST http://localhost:61817/session/e5c6e8d66faf3b78c96b6136c741eeaf/url {"url": "https://www.ebay.com"}
2026-01-12 12:54:30 [DEBUG] http://localhost:61817 "POST /session/e5c6e8d66faf3b78c96b6136c741eeaf/url HTTP/1.1" 200 0
2026-01-12 12:54:30 [DEBUG] Remote response: status=200 | data={"value":null} | headers=HTTPHeaderDict({'Content-Length': '14', 'Content-Type': 'application/json; charset=utf-8', 'cache-control': 'no-cache'})
2026-01-12 12:54:30 [DEBUG] Finished Request
2026-01-12 12:54:30 [INFO] Attempting to login with username: johnmckay1229@gmail.com
2026-01-12 12:54:30 [INFO] Clicking 'Sign in' link to navigate to login page
2026-01-12 12:54:30 [INFO] Attempting to find 'Sign In Link' using locator 1/3: xpath='//a[contains(text(), 'Sign in')]'
2026-01-12 12:54:30 [DEBUG] POST http://localhost:61817/session/e5c6e8d66faf3b78c96b6136c741eeaf/element {"using": "xpath", "value": "//a[contains(text(), 'Sign in')]"}
2026-01-12 12:54:30 [DEBUG] http://localhost:61817 "POST /session/e5c6e8d66faf3b78c96b6136c741eeaf/element HTTP/1.1" 200 0
2026-01-12 12:54:30 [DEBUG] Remote response: status=200 | data={"value":{"element-6066-11e4-a52e-4f735466cecf":"f.3183D857D0E588463CFD8F6298B8E926.d.6B2F75F5E033FED04685C00E68A41756.e.50"}} | headers=HTTPHeaderDict({'Content-Length': '126', 'Content-Type': 'application/json; charset=utf-8', 'cache-control': 'no-cache'})
2026-01-12 12:54:30 [DEBUG] Finished Request
2026-01-12 12:54:30 [INFO] Successfully found 'Sign In Link' using locator 1
2026-01-12 12:54:30 [DEBUG] POST http://localhost:61817/session/e5c6e8d66faf3b78c96b6136c741eeaf/element/f.3183D857D0E588463CFD8F6298B8E926.d.6B2F75F5E033FED04685C00E68A41756.e.50/click {}
2026-01-12 12:54:31 [DEBUG] http://localhost:61817 "POST /session/e5c6e8d66faf3b78c96b6136c741eeaf/element/f.3183D857D0E588463CFD8F6298B8E926.d.6B2F75F5E033FED04685C00E68A41756.e.50/click HTTP/1.1" 200 0
2026-01-12 12:54:31 [DEBUG] Remote response: status=200 | data={"value":null} | headers=HTTPHeaderDict({'Content-Length': '14', 'Content-Type': 'application/json; charset=utf-8', 'cache-control': 'no-cache'})
2026-01-12 12:54:31 [DEBUG] Finished Request
2026-01-12 12:54:31 [INFO] Clicked on 'Sign In Link'
2026-01-12 12:54:33 [INFO] Attempting to find 'Username Input' using locator 1/3: id='userid'
2026-01-12 12:54:33 [DEBUG] POST http://localhost:61817/session/e5c6e8d66faf3b78c96b6136c741eeaf/element {"using": "css selector", "value": "[id=\"userid\"]"}
2026-01-12 12:54:34 [DEBUG] http://localhost:61817 "POST /session/e5c6e8d66faf3b78c96b6136c741eeaf/element HTTP/1.1" 200 0
2026-01-12 12:54:34 [DEBUG] Remote response: status=200 | data={"value":{"element-6066-11e4-a52e-4f735466cecf":"f.3183D857D0E588463CFD8F6298B8E926.d.EBF8B69771D4CA025312488468ECDED5.e.62"}} | headers=HTTPHeaderDict({'Content-Length': '126', 'Content-Type': 'application/json; charset=utf-8', 'cache-control': 'no-cache'})
2026-01-12 12:54:34 [DEBUG] Finished Request
2026-01-12 12:54:34 [INFO] Successfully found 'Username Input' using locator 1
2026-01-12 12:54:34 [DEBUG] POST http://localhost:61817/session/e5c6e8d66faf3b78c96b6136c741eeaf/element/f.3183D857D0E588463CFD8F6298B8E926.d.EBF8B69771D4CA025312488468ECDED5.e.62/clear {}
2026-01-12 12:54:34 [DEBUG] http://localhost:61817 "POST /session/e5c6e8d66faf3b78c96b6136c741eeaf/element/f.3183D857D0E588463CFD8F6298B8E926.d.EBF8B69771D4CA025312488468ECDED5.e.62/clear HTTP/1.1" 200 0
2026-01-12 12:54:34 [DEBUG] Remote response: status=200 | data={"value":null} | headers=HTTPHeaderDict({'Content-Length': '14', 'Content-Type': 'application/json; charset=utf-8', 'cache-control': 'no-cache'})
2026-01-12 12:54:34 [DEBUG] Finished Request
2026-01-12 12:54:34 [DEBUG] POST http://localhost:61817/session/e5c6e8d66faf3b78c96b6136c741eeaf/element/f.3183D857D0E588463CFD8F6298B8E926.d.EBF8B69771D4CA025312488468ECDED5.e.62/value {"text": "johnmckay1229@gmail.com", "value": ["j", "o", "h", "n", "m", "c", "k", "a", "y", "1", "2", "2", "9", "@", "g", "m", "a", "i", "l", ".", "c", "o", "m"]}
2026-01-12 12:54:34 [DEBUG] http://localhost:61817 "POST /session/e5c6e8d66faf3b78c96b6136c741eeaf/element/f.3183D857D0E588463CFD8F6298B8E926.d.EBF8B69771D4CA025312488468ECDED5.e.62/value HTTP/1.1" 200 0
2026-01-12 12:54:34 [DEBUG] Remote response: status=200 | data={"value":null} | headers=HTTPHeaderDict({'Content-Length': '14', 'Content-Type': 'application/json; charset=utf-8', 'cache-control': 'no-cache'})
2026-01-12 12:54:34 [DEBUG] Finished Request
2026-01-12 12:54:34 [INFO] Sent keys to 'Username Input': johnmckay1229@gmail.com
2026-01-12 12:54:35 [INFO] Clicking 'Continue' button after entering email
2026-01-12 12:54:35 [INFO] Attempting to find 'Continue Button' using locator 1/3: id='signin-continue-btn'
2026-01-12 12:54:35 [DEBUG] POST http://localhost:61817/session/e5c6e8d66faf3b78c96b6136c741eeaf/element {"using": "css selector", "value": "[id=\"signin-continue-btn\"]"}
2026-01-12 12:54:35 [DEBUG] http://localhost:61817 "POST /session/e5c6e8d66faf3b78c96b6136c741eeaf/element HTTP/1.1" 200 0
2026-01-12 12:54:35 [DEBUG] Remote response: status=200 | data={"value":{"element-6066-11e4-a52e-4f735466cecf":"f.3183D857D0E588463CFD8F6298B8E926.d.EBF8B69771D4CA025312488468ECDED5.e.55"}} | headers=HTTPHeaderDict({'Content-Length': '126', 'Content-Type': 'application/json; charset=utf-8', 'cache-control': 'no-cache'})
2026-01-12 12:54:35 [DEBUG] Finished Request
2026-01-12 12:54:35 [INFO] Successfully found 'Continue Button' using locator 1
2026-01-12 12:54:35 [DEBUG] POST http://localhost:61817/session/e5c6e8d66faf3b78c96b6136c741eeaf/element/f.3183D857D0E588463CFD8F6298B8E926.d.EBF8B69771D4CA025312488468ECDED5.e.55/click {}
2026-01-12 12:54:35 [DEBUG] http://localhost:61817 "POST /session/e5c6e8d66faf3b78c96b6136c741eeaf/element/f.3183D857D0E588463CFD8F6298B8E926.d.EBF8B69771D4CA025312488468ECDED5.e.55/click HTTP/1.1" 200 0
2026-01-12 12:54:35 [DEBUG] Remote response: status=200 | data={"value":null} | headers=HTTPHeaderDict({'Content-Length': '14', 'Content-Type': 'application/json; charset=utf-8', 'cache-control': 'no-cache'})
2026-01-12 12:54:35 [DEBUG] Finished Request
2026-01-12 12:54:35 [INFO] Clicked on 'Continue Button'
2026-01-12 12:54:38 [INFO] Attempting to find 'Password Input' using locator 1/3: id='pass'
2026-01-12 12:54:38 [DEBUG] POST http://localhost:61817/session/e5c6e8d66faf3b78c96b6136c741eeaf/element {"using": "css selector", "value": "[id=\"pass\"]"}
2026-01-12 12:54:38 [DEBUG] http://localhost:61817 "POST /session/e5c6e8d66faf3b78c96b6136c741eeaf/element HTTP/1.1" 200 0
2026-01-12 12:54:38 [DEBUG] Remote response: status=200 | data={"value":{"element-6066-11e4-a52e-4f735466cecf":"f.3183D857D0E588463CFD8F6298B8E926.d.EBF8B69771D4CA025312488468ECDED5.e.63"}} | headers=HTTPHeaderDict({'Content-Length': '126', 'Content-Type': 'application/json; charset=utf-8', 'cache-control': 'no-cache'})
2026-01-12 12:54:38 [DEBUG] Finished Request
2026-01-12 12:54:38 [INFO] Successfully found 'Password Input' using locator 1
2026-01-12 12:54:38 [DEBUG] POST http://localhost:61817/session/e5c6e8d66faf3b78c96b6136c741eeaf/element/f.3183D857D0E588463CFD8F6298B8E926.d.EBF8B69771D4CA025312488468ECDED5.e.63/clear {}
2026-01-12 12:54:38 [DEBUG] http://localhost:61817 "POST /session/e5c6e8d66faf3b78c96b6136c741eeaf/element/f.3183D857D0E588463CFD8F6298B8E926.d.EBF8B69771D4CA025312488468ECDED5.e.63/clear HTTP/1.1" 200 0
2026-01-12 12:54:38 [DEBUG] Remote response: status=200 | data={"value":null} | headers=HTTPHeaderDict({'Content-Length': '14', 'Content-Type': 'application/json; charset=utf-8', 'cache-control': 'no-cache'})
2026-01-12 12:54:38 [DEBUG] Finished Request
2026-01-12 12:54:38 [DEBUG] POST http://localhost:61817/session/e5c6e8d66faf3b78c96b6136c741eeaf/element/f.3183D857D0E588463CFD8F6298B8E926.d.EBF8B69771D4CA025312488468ECDED5.e.63/value {"text": "zxcasdqwe123", "value": ["z", "x", "c", "a", "s", "d", "q", "w", "e", "1", "2", "3"]}
2026-01-12 12:54:38 [DEBUG] http://localhost:61817 "POST /session/e5c6e8d66faf3b78c96b6136c741eeaf/element/f.3183D857D0E588463CFD8F6298B8E926.d.EBF8B69771D4CA025312488468ECDED5.e.63/value HTTP/1.1" 200 0
2026-01-12 12:54:38 [DEBUG] Remote response: status=200 | data={"value":null} | headers=HTTPHeaderDict({'Content-Length': '14', 'Content-Type': 'application/json; charset=utf-8', 'cache-control': 'no-cache'})
2026-01-12 12:54:38 [DEBUG] Finished Request
2026-01-12 12:54:38 [INFO] Sent keys to 'Password Input': zxcasdqwe123
2026-01-12 12:54:39 [INFO] Attempting to find 'Login Button' using locator 1/3: id='sgnBt'
2026-01-12 12:54:39 [DEBUG] POST http://localhost:61817/session/e5c6e8d66faf3b78c96b6136c741eeaf/element {"using": "css selector", "value": "[id=\"sgnBt\"]"}
2026-01-12 12:54:39 [DEBUG] http://localhost:61817 "POST /session/e5c6e8d66faf3b78c96b6136c741eeaf/element HTTP/1.1" 200 0
2026-01-12 12:54:39 [DEBUG] Remote response: status=200 | data={"value":{"element-6066-11e4-a52e-4f735466cecf":"f.3183D857D0E588463CFD8F6298B8E926.d.EBF8B69771D4CA025312488468ECDED5.e.66"}} | headers=HTTPHeaderDict({'Content-Length': '126', 'Content-Type': 'application/json; charset=utf-8', 'cache-control': 'no-cache'})
2026-01-12 12:54:39 [DEBUG] Finished Request
2026-01-12 12:54:39 [INFO] Successfully found 'Login Button' using locator 1
2026-01-12 12:54:39 [DEBUG] POST http://localhost:61817/session/e5c6e8d66faf3b78c96b6136c741eeaf/element/f.3183D857D0E588463CFD8F6298B8E926.d.EBF8B69771D4CA025312488468ECDED5.e.66/click {}
2026-01-12 12:54:39 [DEBUG] http://localhost:61817 "POST /session/e5c6e8d66faf3b78c96b6136c741eeaf/element/f.3183D857D0E588463CFD8F6298B8E926.d.EBF8B69771D4CA025312488468ECDED5.e.66/click HTTP/1.1" 200 0
2026-01-12 12:54:39 [DEBUG] Remote response: status=200 | data={"value":null} | headers=HTTPHeaderDict({'Content-Length': '14', 'Content-Type': 'application/json; charset=utf-8', 'cache-control': 'no-cache'})
2026-01-12 12:54:39 [DEBUG] Finished Request
2026-01-12 12:54:39 [INFO] Clicked on 'Login Button'
2026-01-12 12:54:42 [DEBUG] GET http://localhost:61817/session/e5c6e8d66faf3b78c96b6136c741eeaf/screenshot {}
2026-01-12 12:54:43 [DEBUG] http://localhost:61817 "GET /session/e5c6e8d66faf3b78c96b6136c741eeaf/screenshot HTTP/1.1" 200 0
2026-01-12 12:54:43 [DEBUG] Remote response: status=200 | data={"value":"iVBORw0KGgoAAAANSUhEUgAAB4AAAANPCAIAAAC0MVXjAAAQAElEQVR4nOydCYAUxfX/q2dmL25vYAEFQcGAigeg4H3jFRARzxBNDBovhJjEGKL+/EeDIGqiEhONiiAggYh34i2oIKIIihyCIIsKKMi9OzPd/1f1qqp7zp1ddpY9vp+Qdaanj+rq6qpX33r1KuJ5ngAAAAAAAAAAAAAAAAAAMtCjRw9RLSICAAAAAAAAAAAAAAAAAMgDEKABAAAAAAAAAAAAAAAA5AUI0AAAAAAAAAAAAAAAAADyAgRoAAAAAAAAAAAAAAAAAHkBAjQAAAAAAAAAAAAAAACAvBASAAAAAAAAAAAAAAAAAEDVadeu3SmnnEJ/M+3geJ4nAAAAAAAAAAAAAAAAAIAM9OjRI3Vj9+7dzzjjDP786quvLlq0KHUfhOAAAAAAAAAAAAAAAACASpgzZ87s2bM9z3Mcp3///l27dhWNmyZNmpx00kn2K31esWLF9u3bk3aDBzQAAAAAAAAAAAAAAKCusHTp0jfeeGPRokWkZnbq1KlHjx4nn3xyly5dxO6mZ8+e3333HX/eb7/9Pvzww0ikEXn3pnpAX3bZZZQPwS2UP08//XTSbvCABgAAAAAAAAAAAAAA1AnGjh176623VlRUBDcWFRWNHj36hhtuELuV3r17P//88+zOS0rrxx9/fPTRR4vGSr9+/ZLUZ6F0edo+a9as4EYsQggAAAAAAAAAAAAAANjNuK577rnnjhw5ktRnx3Hat29Pgi/9pc/l5eU33njj+eefT/uI3cf48ePLysq++OILShJ9feutt0RjZa+99urZs2fan2g7/Rrc0nAF6OcvpaJw6fNJW1eO7SE3vyTAbmblvYc4ziFjlwsA6jAvyXrkClQYAAAAAACgUfH6r9u2bXvD6wKA/8my8Ov/CQBqh//3//7fCy+8IJSC+dVXX61evfqDDz6gv19++SUHf5g5c+Y999wjdjctWrTg9Lz99tuisUKDAYWFhWl/ou30a3BLPRWglY7cY+zKxK0vXeGLyyu/+Jj+fvxF4i7Lpz8mV2KcNPH5yi4g5VHnkHtXiiqxfKw8LCVhDRXOpQRyvvfFCxfTn/mL1Zf0owWZUJpgIjkfm43dq4mnZmaVi1+VkTmZ+So8WuMnp4o5s/Kl51cmnCrXshE8MP88f2m2Arx8sapHFuuN/IIHM235Sy9ly5ZdzMMsZH92+SatLp/zU67a+x646hWZn1R68pb/lTz3XHnpeYxtAAAAACD/KAHRcML4r+wPq8ef3LbtyeNXpx7y1TLZb160bLWoIl+9/vpXovapuqEokszX3e4gtfrhE5J03tdvUA/s4dVZ9klPjk8hs7KsLqSLyurcy8L/Xm9IQxac24mvDPO6fqNqZIQm4fWsudPWWz755JM77riDPhx33HGkO3fo0MH+1LFjxw8//LBfv370mfb57LPPxO7mhBNOoL/z588fWxWmTJkSj8dF/eeoo47aY489suxAv9I+9muD9YDu+JvPPc/7/DcdE7Z2HnhVd/rPJZeeK0AN0W3MMs/yYs+RnXLTxfo/JfefWO0HcfmL/lWXjfn4vIbh2B7IzJmXLL6l025TGKVE2GmkGLPCZvLMniO75GzMSaG208gvRJWp9oHVQVmc530cKMArxghZgH1ttPMIWY8sHNGR9x8wcnF3mSdcsUgjtcvIxZlOz3nYM1BQOQ/hT10tqFNx9gT7grx4ySJ6Ullf+bzlfyXPPVekiH/2swIAAAAAIK9IEe1nMwY8uZb54DZx57E5KJgHDHub9n5jWAdRBeS1jr1zmahlpFV/9oRLXkww6etf37BD/4u7CDHjeSs+svArlk17yUq/y76g3B0w8LRs56nxp9DhWlkW3r62krIg5fKfTRcNkGXPvJQovv9v+gxRw9g3dO17o7pMu7wxa9APP/wwibPNmjWbNGlSqmttUVHRM88807Rp04qKikceeUTsbo4//nj+UCUBevjw4ZMnTxaNj8YWA7rjiIVS9uwvQF4gWXnF6G6knNaIS3KuSJXwxUvEpLMbku/5uXeN6S4WPzV9N9wRqcDnTZISvxZeOT0TSejvRqpfQ9FPX7qi08hFJGh+PqKz3SbrhxcvF5POS+v7sHj+ItHtioEdczm7zcOnApUN5eHMS8SEs3ef53L95aWJE2jYaYx5WP0nUk5mmcuC/AcAAAAAkKx+adoyMWjCQ0ay7HDthFFdxYy7x1fZtbnOomY5XzLT9vE7jpgxppuYNLLemXwH9L+4a8DT+KuXnvlCdOnaRXyx0KjJr0+fJsSggacIUGt0GTCoS3AMgHj9+Rli0IABIj8cMGzUICGmTW+0CvSCBQuEWteuXbt2aXeg7X369BHKV1rsbnr37p0pAEV29tlnH1H/mTdv3ttvv/1JZuhX2sfu39hiQHP0Bl9dSox7kDpMutjO4LaaBc/uufTesYfUaPyHBkPH34yRytCtVgtOiJhh8yrtFKfUyCe8JYcc7n/X6G5i0cjb/D3TX7eynwzLxx6SrWDUNiofLn0pGOMlIXaETaGeRzb2irQT0IIRCTLe1Et3jlwsLnnxqZRhms4jxlwuxISR/NTkixA8uXnjrH8ojUNkyt6EKXJG0c7lwBpj+diRE0S30S8G1GdN/1FksC5+bAbfmYk1Ie/u7EkmbYfc+w7lZKdbZGKlU21KZmbMQx5XuOU2s3+WtyPxcWd9dsH8rEPqasJLlGE+IxebQHWa3sueY6EEITXZ8+7qlv5mc87/xCYgMLiiK6h7L01M/8r0zz39y5g5E0xxIjW8bj0yAAAAADQ0li38Iil6Qodhb6xd+3iCmfTSDWbuvx+OIxADmgM1PDz+hLapu1lkNI8+d5FSuuzOY+Xurwe2W/ISR1iFdUyIvalmMb4YEAjT9j7qHh26dBe+3LyMPgwY9fjFXcSM6ZxvKi6KlKSZhNANnOEZnsJXgWeXGlBimf9r+geUGKnj9RsC59LhQWRpuZzEcTHj8rYZgrrUW3qce3GXL5556Su7QQ4DDDh3oP3667bBAm+2pGZC9qeQGRMJJPjq5XzResinn35Kfzm2ciYOPfRQ+rtw4UKxu4lEIn379qUPbdq0WZsDV199Ne0cDoePO+440SAgffn1zATVZ9H4PKAToHZISQmWSWcnqiSLbzl75CL7OcGrd9It/hTsDP6SjZb+l5JMuYjDO5O+dvYkGy5j5iXZ86rjb15MdPtdOf2pxaL7mLtyiNTRccBV3azlIUWfsz8evSIYo8OoPLkk6aVLu4wU5vAXL6eCUesa9PO3jUz2t5109gDxIkeEIAHrvEmXzPT8FAZlu0Uj51+ob7zbopFn6xsn7azTyEV2btqlE1kCS0a5mnY/olu6RPW/8BI/cncGZPQbuq4geXdFuigraorcxza4x4oxH5/NmmNlB9YkK2c8RjfRs2s6b2ZlsCZH75Fy54uXmLR9/pvjRyyUzv4makrSpIoseRichJG9KAYed9ZnR1KpP+Vw2RixGyO3BKEi2mVkz5kJ4S8yDSpMuuWxq5ZlnTLZecSLlNtm8MPSsXNaf/Qc85/V5J4vBotiwqUXj1x4qf6p++KRA6iUdkzz3LO8jCoTbE3CmSCfjilOHEooubABAAAAANQYpzz05ADxxZ19kgSvAwJxVb+4c+G5Zu7/F3de/nB6CWvGXc9c/J4O4zFK0Al/neihKXXtD24jbbTLKLnbQ9JLVypufe7sPsHGFlj0szzEtz134ouXKzeRRD8GYyhm7H3UQU45l1RzLTdLN9uuPboot2g9giAladG9i3p0JAoHIqtMGDTjcik+pnsKtOexd4rbPtC7PtmdtOlgXOkZ08QEfRIx42e/zv54SAy9fNqACeaBirv6qFOd8pA6XAj1UxUjt9R1utAjCEThkPE3glFQ1CtmBwn0DmLA7xMzQT2F7jbOhnoK6eX+r8bfGfBzpwzvc5cYFXz15BuU20XrJzt37qS/TZo0ybJPixYt6O/mzZtFHYDDQH/zzTdLly6tdOfXXnuN/h5zzDElJSWi8VGfBWgZAzSBsydU5XDlAkkY4YAkBiEVhzsD+kN3bqj4p8RhVS0bKRGhMknOcsQRR1x33XV0WNJ22nLttdceffTRouHw8WKSip6fOImUmlFBdS57XnUceEU3seix6Swz8XSqP4/IXZ5Raxsq/8fuY160so5Sr2g4YWyOSVLulladVOGqLxW14efObpWK80hgvGRMgjLVbcwMnRUvPTspWZdfFLgJ+5MKes6C/sp7z1YRJ6xU2n+iUnvT07NbljxPXtuzSkhh3b8RPUXOV8lrk25WoczLCpBZ81BSSVH0cyn7s5Nl3oqt7O7RdXFt5Kby3g3QyQ7XSUP/VhkBwx9FUB2DSeelH8gJuKJnnDJJ4xMvXh54QRJJI21Xnv9yjCfrbE37dBLrpUQyv4wqE4IVke4d3YYo4AAAAACoPU57yIZ+TvRaNXQd9VtW05TWmRRtwNLltgnDDuCPHYY9PqqLmHHnw5V4W75+353LSJF80ESMOGDYBNJGp92Zu+9njqj+ml7NJWHamahTvY8c6NKji3ZYlwGguwzq30G5RfNDUTGhtfSp5Gnz4Bg/UkeQ1ePvlntOsBGcT3uIlOJld/3FCs1WtQzK35mQQai79tA+2CpQ+IQuua5Uefrpp//hD39IK4b8/ve/P+uss0QdpUP/QBQOFX8jMQrKaQMHBIJ3p3k0/BQCkXD4KQTl/hk/Mz7OMn53l1E3a/1ZhdAZZV49BQ9HVH5Rn3qb8/UDGwb6rbfeyr7nqlWrVqxYQR9OPPFE0SipzwJ098AKadr1rApHswtkQCJh9YFUlYlWHTD+p0p9SOSSC1mYUN6+OTNo0KCHHnro8ssvDy556bruxRdf/Mgjj1x44YWi4dCzW2ftNyoGGJXo1o+7VXaYcmTWARDUM6raipHdenTT/o+J4xM8a17KQrkkScWamHSe2kEPj/fvXxsLVyau6Hh5sku+RdpYM4TV/0ZWnq8szauHYuncrWemvT/OpmCmdxzODanWiUQZkcNuLNzlRd2qjK/28pqlnnEirjw3c+HjylTgnN+O7M9OxgwxpZ112I7n9q8Nl9rgQqCBgTqJGjpKUqjVAKEal0qm21UDAukNjJoEUEv2+WvLeEEP4vT+8pXlvyqKidVL+ktXQsaXUWVCUtBw1Tu6qxtmzAAAAACgduF15JTr5YBld/Wp+lT9Lhf3D/hWZpWqDWkCFqt19lKWdKsZeKIbd6MW62lndav3kQMHyCAcUuSVAaB1nktdWIaAUFqkEX9PeXDt2sfF5Ua0vHNRl/Qn5EDSg4IPTx279rddvhLV4JSbpZt8n0C8jg6nnZKj1+0555zzr3/96/rrr08SQ6655ponn3zy3HNro79dPWS51VE4OP5GUhTuUwb6UZvlDkkZzk9BTLs8EDKFI5YsWvaV3sVfhDBhpVAVMOfc6fagZ3K/aID6m/P1gq5du+6999704e23386+J7s/EyeffLJolDTq9KBXZwAAEABJREFUEBw1j3I/TFi6LZFbb731d7/73cSJE0lrjsVitIX+Dhw4cMqUKaNGjbrllltEQyAw/12Gwug00s5xn3FV5Ucr8VdpQC/dRqrx5ZfmuGJkclCFZHXMqFS5JUnpRErk0tLebggDzcGIE1zyDRwu2cY3ePEKUXMEI6gkowy4bkfsqkB7SZpn81StrgyaELAliVznM2QhSx5yKGc1rlCNtyMtXO14MjQEj5rUkZjC3UavSHnMn6cG3c6FlfeOlN7iy3JcPza3/K8hqv4yduxYrUwAAAAAAKgBTntIhmhIiGnb0Oj/1IrEuI67v/eRM1pVHP/SM8tE9y4HqG3SLXrZwmUqnLcOwKHiAgdCOqjwF1WiQ4cDRHVQXs9KJO3CTrsnPJzrcMINN9xw3XXXTZ8+/eqrr7ZiyFVXXTVz5sybb7752muvFXWWA0wUjuT4Gxqpyyvn8dUP3zkjabTG0MVGQfF5O8G12dDh2lHSu1mtFCojbv9skQnB8fao7lW7KFOPcv6jjz7iD/vtt1+W3fbcc0/+MH/+fFEHOOmkk+jv7NmzKyoqsuzGAnSbNm1IsxaNksYrQLMCJSacbeZurxw7QIV1zlnxTAMvRZU1pNTdd99NGvSMGTN++tOfbt++/bzzznvuuedoyx133CEaBEoq0nEzlCicFGSgcmSg4UUjb7siNUBBFpRarSfCK/kp4MkuAmse5pQk+RxZouo/UbvE1qlllKsQGtuiwjcn+p+mLuzGe0rhe9LZqatzcNSay8f4GmKyxle5Nq2SMWni8wmnPaT2NVMe5+CoLAmosAm7TMY85NDeKuJE7m9H1menFFV1IfbjrhNBHtK5Equ1X9IO5NglHxXpHIczoWY8pCGX/E9XFKtwaUPmlzFjJmDNAAAAAADUFrzuWaK/s1rqblnaeA2ZSXRbTudXm0LQQ1OzWuqq2ZSyapC6jj3ZxXK2oOqq1JXeR86oNQYXPSMDLxjnceVvPuPuO2UAjnMDkRkyh1zwSeerrlYRrMIieAHUkpIqijf71CdF86iUW2+9lZTQl19++corr9yxY8fQoUNfffVV2jJy5EhRp9FROManxt9g9DP69V9SI2aILE/h15VlHU8jGJVWp67koonUl5y/5pprhFrZ7/zzz8+y24ABA2gf+kC3IOoAHAaa1GfK4Uz7yKjp770nGrH7s2jUHtBKgRLCRFrQAUyrrJYGUf6hIlOoUAtp0L/5zW9efPHF0tJSKqCkPtMW0SDgdR27jV7BM+I7du0ZUJeMxF8p514qzYQJk0T3qwbm4iqolhycRCPbxvdcy0+BpcBUqqTqlFOSZAICrsfKJXZX4k5UDxnJOn2BZIvKRsoee/YtOeTruXfJhdS6WAVQLrSY/rDOIz6feYmMnxAcSlHLqS3uPmaFcRZgY26kXeHw1sDzUgEi0s9rk8kIrtupkmHj5GY5sKZRnhGUIUE1UK31J7rl6OHNZSm9v3SmPDxPRkbmReeq8HZke3YqQJC/Ot9KqUx3P6JmoohUn44j/iyHkToZCVitlBgMuJxAYCSA8yEp+jlp62PkKznAz8yXrpCv/JhMy/flkP+mKNpcTX/pNPeW8NyzvIw6E/wIg89fSplgAl53O6J7DnFaAAAAAAB2hQOGva0WIQwsLfj6r382IyftMpFld11uJMvV46+UwZ1HXZusIydJ2+yheblddfCr8ZffVblSVlXUSiGJniXa6LpLWp7Zex91D87DZV8E4zxI9VN8sWwZh4i2e1k3ds7YxDOYp9Bh2O8TC8D/fn35tGBE76qlTqbEj+KtolKbqCAsnduYEpkgJfTaa6997bXXevbs+cYbb5CASFtEnUdF4bjzzjTxN8zv8hnNmPFF2h30U+hj3gW1lqMY8ORDac+lPJo5NneXHl0Dozjq2eV80WTqfs4/8cQTH374IX245ZZbSJ7Psmf79u1ZOn///fcnTKjSWnB54fTTT+dFBa+//vrzzjvvgnSceOKJ0Wg0HA5fffXVorHSqENwyDALMy/xv8ug0tWcIa5PeKE6Ww6y6ejRo2+66aZNmzbR33quPidE1OL1hT8PLLq1Qq7+x/FpOz12xZhLcjpn/7tGSwEtmytiMLysnv8e0LZkUAIbPUMu6HfJTJOqnJLUfyIdbi+hDp9YG5GREjNTRrxNXyCNeMq3/9hVo3PJVxkWTcWV1qcXM1/MeJgMTxxcx4My4WMZnzoYXob2mXmJzcmRi/wBAJmBLP+lWR2Ok2Hv9OxJl7/o5XRgjaPixM3sGchzFRBj4ZieOZ5AL6yXwbE3Ux7a6X5VeDuyPTuyuVeMFuYuSEAfs2LhiN1vUNPtLxvTzbxEnW4RdO+ZXqJLZtpY2Cr9XqpOTa9kQmaqqiZrRI5K81/l6orRH58dfPpeDlE+Ep97tpdRZYK4pVMwAaZ61AvgdKrDDjgAAAAAaAic9tDa90aJu/rYMLKLbvtg7RvDquqEPODJCeJKPkOfO8WoD9am08700mrGtVOGa/hg1KLL7epqMmTEg5UrZVWF+vUBezjF6MrW+6h7qMXlhK81S5SmTFLvxf0P0FtOefCDUV2X6YUlj33m4tsGBM6Q+BSSCoCK5/D2tdV0Qu9w7duBBS1VSTBlqcO1E3SSKoswftttt/3yl7/cvHkz/a0X6rNEuRuLdPE3GI6bkXEH9RS6mDDQfe4S9BQeCuzpL0KY8GuHYW9MGECjOPrZiVG3danCRVOoyzm/bds2jknbrl07Smel+//xj39s06aNUGr19u3bxW6lWbNmnOZYLDZv3rz307F161ba4cYbb+zSpYtocOy1115nnHHGsGHDRowYQX/pM21J3c3xUpbCbNC8dKl0le02ZtkuCc01xZw5c3r37i1ACi9dwfLrxOq7owMA6j7KK7m2BngAAAAAAEDV+d+v2/5sxoAnE/QyAHaR+fPnH3HEEaLB8NX4E469U9z2QbXF/Vq7aN3M+ccff/yqq+SqSM8+++ygQTkFNZ88efLFF19MHyZMmHDZZZeJ3c2iRYsoSUuXLg0u9mjp2bPnWWedRTlP42CintOjR4/g14MPPvicc85J3e2FF15YsmRJcEtENBpW3ntIJ54cnWNgh/wD9TkDahnDXQnGDQAAAAAAAAAAgDpJg1KfTXzzUf1rUX2u7kXrZs5/++23/OGDDz4gJTeXQzZv3swffvjhB1EH6N69+1133SUaGXvttVda9Zmg7Rs2bPj+++/tlkYkQBu6jZlRh2fcAB3ddZeCcQMAAAAAAAAAAADkHR3ffELNxjevixfNGz/96U//+Mc/uq47duzYKh1YWFg4YMAAAXYTRx11VPZfX331Vfu1sYXgAAAAAAAAAAAAAAAA1BX+/e9//+pXvwo6zFbK/vvv/49//OO003Z/eKD169c/+uijGzZs+MUvfvGTn/ykSr/WO4IhOIYNG9a0adNMe27btm38+PH2a6NehBAAAAAAAAAAAAAAALAbueCCC0ii9QwLFizg7Y888gh9pb/8lbbbfb766qu6oD4LFcP6oYcemjJlyh/+8Ieq/lqvyaI+p/7aCENwAAAAAAAAAAAAAAAA6iKdOnUKh8PxePyGG24YP378559/ThtpC20XdY9Vq1Ylfcj918YDPKABAAAAAAAAAAAAAAB1gmbNmt199930IRqNLliwgP7S53vuuYe2i7rHgAEDWrdu3bx580svvbSqvzYeEAMaAAAAAAAAAAAAAABQh3jttdeeffbZVatW7b///oMHDz7llFME2N0EY0CPGDEi+87BVSURggMAAAAAAAAAAAAAAFCHOFUhQIMAAjQAAAAAAAAAAAAAAACAvAABGgAAAAAAAAAAAAAAAEBegAANAAAAAAAAAAAAAAAAIC9AgAYAAAAAAAAAAAAAAACQFyBAAwAAAAAAAAAAAAAAAMgLkbVr1woAAAAAAAAAAAAAAAAAoKaJtG3bVgAAAAAAAAAAAAAAAAAANQ1CcAAAAAAAAAAAAAAAAADICxCgAQAAAAAAAAAAAAAAAOQFCNAAAAAAAAAAAAAAAAAA8gIEaAAAAAAAAAAAAAAAAAB5AQI0AAAAAAAAAAAAAAAAgLwAARoAAAAAAAAAAAAAAABAXoAADQAAAAAAAAAAAAAAACAvQIAGAAAAAAAAAAAAAAAAkBcgQAMAAAAAAAAAAAAAAADICxCgAQAAAAAAAAAAAAAAAOQFCNAAAAAAAAAAAAAAAAAA8gIEaAAAAAAAAAAAAAAAAAB5AQI0AAAAAAAAAAAAAAAAgLwAARoAAAAAAAAAAAAAAABAXoAADQAAAAAAAAAAAAAAACAvQIDOiR93eDsqxM6o2BGlvx59OObAkAAAAAAAAAAAAAAAAACQGQjQlfD2UvesceWp29eMKd6zqSMAAAAAAAAAAAAAAAAAZAACdCWEMojMricAAAAAAAAAAAAAAAAAZAECdCVkcnL2IEADAAAAAAAAAAAAAABAViBAV0ImD2gI0AAAAAAAAAAAAAAAAJAdCNCV4CAEBwAAAAAAAAAAAAAAAFQLCNCVkEmAhv4MAAAAAAAAAAAAAAAA2YEAXQkIwQEA8+23386dO/fTTz9dunTp6tWr169fv3Xr1mg0KgAAAAAAAAAA1CgFBQXNmjXbZ599OnTocNBBBx166KG9evVq3bq1qCes3eS996U7d4U7f7W36nt303axo8LDVPKGB4lmJYVOqyZi/71CR3RwenUKHXtgqG0rRwCQCAToSsj00qDeBI2ElStXPvfcc6+++uqCBQsEAAAAAAAAAID8E41GNyqWLl362muv8cbDDjvsjDPOOP/88zt27CjqJMvXudM+cie+Hyvb5BVGnM07IJ00cEgc21bubSsXZRvj7y0XLd53KmJeaSvn0mMig44Mdd43JABQQICuhFCGlwUe0KDB88477zzxxBOvvPKKAAAAAAAAAACwu1mgGD169Jlnnjl06NDjjz9e1BleXxwf80pszkpXCGdnVCom/Bc0KnjI4cv13uiXY6Nf9np3DI08M3JKt7AAjR4I0JWQyQMa9ShowMyfP//++++3w+zMfvvtd8kllxxzzDE02L7nnnsWFhaGw2hFAAAAAAAAqAHWrl3btm1bAUAA13UrKio2bty4fPnyN998c/z48fanVxSnnnrqTTfddMQRR4jdyocr3d9Pjy1cE9+ykzdALwF6+OHtpe781RU92oXvHhg5uiO8oRs1EKArATGgQWPjrrvuevjhh+3Xli1bXn/99WeffXaHDh0cB4GcAAAAAAAAAKA2CIVCxcXFbRTHHXfcH//4x7KysmnTpo0ePZp3eE1x7bXX3nbbbWI3ccuz0X++G9uJtYFABmhY4r3l8TPGxX9xXGT0hQUCNFYw/lAJmQQ3xIAGDY+FCxeeddZZVn1u3bo1jbHPnz+fDJr9998f6jMAAAAAAAAA7C6oR9auXbubbrpp5cqVf/vb3+x26sFRP456c6J2+eRrt8eonU/Mho3aOKcAABAASURBVPoMKocKCRUVKjBUbARolMADuhLC1ZLoN2z1Vq73dkSlft2qROzd3GnTsqbFO7dcbF0otn4uyr/VW0LFomAvUbiX+ru3KNhbRJoLAHJj5syZ119/fTSqbYc//elPl112WdOmTQUAAAAAAAAAgDpDUVHRwIED+/fvP378ePaGXrBgwTnnnPPXv/71vPPOE7XCtI/iQx+rgGceyJ2tJGKt9/rdXf7EVYWDjkQ8z0ZHwxSgvR074vPnxz78ML5okbdpk7d1q7dtm/fjj/STs9deTsuWIfp30EHhQw+NHHZYqEOHLKfKJBun1rObd4o3FsdfX+w+vyC+bnOaavjQdqETu4aO7xLqf2h137TYFvHtFPHjHLFlodj+ZeX7F7cTbS4VbS4WxaW8YfWP78bdirhXrv5WxFz+UL5fs8PbtzhW1ARf/vDqhu1fpG7v3e5GAeoqTzzxxK233sqfDzzwwL///e+HHHKIAAAAAAAAAABQJykuLr7pppvOOuusk046ib5Go9Fhw4b98MMPQ4cOFXnm0bdjt06PQX0G1YCKzbCnoj9s9a4+AR6xjYuG9ryjr75aMXly7KOPMu3gff89/ZMe/x9/LKZMof+SAF04eHDhgAFO8zT+wk4OMaCXfeeNeTU64f24yMqna1z69+BrYr8Wzi+Oj1x9fHif5jm7RZevFSvHiG+nSsfn3Nm5Rqz8i/zX+kLR6feiuP37X9+7btui1B2bFbYZevg7jrOrY1Dl8c3/WzEiGt+etL2m1G2QD4Lq85AhQ+64447mzeE7DwAAAAAAAAB1nYMPPnj58uUkPfMa8tyzy6sGTerzbTOi2ysEANVje4VHRYg+QINuVDScGNAVM2ZsOfvs7b/5TRb1OS3u6tU7x4zZ3LfvzkceSf210ri3tz8XPez2nZWqz0G+2+z9vxeiP/njzmnzcjtq5b1i9mFi7YSqqc9Bvn1WvHcEnef4/f+U9vetFd98tn6q2GU+/uafqeoz0af9SAHqJDNnzrTqM42fjx49GuozAAAAAAAAANQXmjRp8sQTT1x55ZX8lfp31MsT+WHaR/Fbp8e2VleZAIChIkQFiYqTAI2GBiFAl5dv+/Wvd/zpT+7XX4tdoPyRR7ZdeSVH6qiUuCt+2OadfG/56FdiolrQ+3bFYxU3PhOtyH6Cz64WK0eLGmHl6DbL/9yx5fFpf/yw7G+et0svP0nPn3z7eOr29i37tW52uAB1j4ULF15//fX8mdTnkSNHRiIYgQQAAAAAAACA+kQoFPq///s/q0FTLy8faxJ+8rU79LGK7RUIvQFqACpIVJywJmHjod4L0N7332+9/PLYu+9m3y20337hnj0jRx0V6dnTKSrKtFts3rytF1zgrl3rH5jBAfqrDW6/e8o/WJH+Vdl/L6dPp1C3Nk7LkkocqP/xTmzI3zPPXflihPhuRsZfw03EXqeJ/W8UHX+j/+1/vWhxhMjCxnf6xcNOuueunKCniF3g428zuD+3u1mAOsktt9zCqw4OGTLk5ptvJqtFAAAAAAAAAACobziOc+edd5566qlCxYOmvp6oaS7/B1YdBDUJFScqVAI0Duq3t6O3ffvWq65yV6xI+2vBSScVDBgQ7tw51K5d0k+xDz6omDo1qmIkJeGuW7ftF79o+uSToX32oa/hDIrcJY9W7IgmbCGteUiv8IVHhY/tnHDM1z940z6KP/1+fPE36dXqVxbFf/VUxd+vKEz+YcsCsfaptIeIkgOk7rzfBSJckubX6A9i/Uti9V/F9jQ50+q7mV3bnLl48+zUnz4se6jbPheGnQJRdaT78zdp3J87tDy+ptyfP/roo6effpo/FxUVXX311Z06daLPGzdufOCBB9q3b3/VVVeJPMDXveyyy4488kjRgLjrrrsWLFgg1KqDt99+O3yfAQAAAAAAAKD+EgqFxo8f37lzZ/pMfT3q8d12222ihrjl2eh3myE/gxqGChUVrdEXVkeGAvWL+u3wuON3v0urPoe7dm32zDNNHnig4MQTU9VnItKnT5P77mv+8ssF556b+qu7Zg1p0CL7pRPV59+dFVny5+JxQwqS1Gei/Z7O8NMiH40qeuqqwo57p3eInvB+/C8vp0TiWH5n2p3FHv1Er7dE28vSq89EwZ7y1z5zRLv0guwxW9eEnDRq49aKbxZXNxL0gu+eLI9vTt3eu91NoiZ44YUXWAUep+jXr99f//rXj6oY7xtY5s+f//DDD/PnRx99tEWLFgIAAAAAAAAAQH2mSZMmb775Jn+mHh/1+0RN8OFK95/vIvQzqHmoUFHRogImQEOnHgvQ5Y8/Hn3rrdTtBaef3mzq1PBPflLpGUKlpU3+3/8rvOii1J/clSvLn5Lex5WtQSiaF4tXby4adV5Bi+JK9hx0VHjubcUDjgin/fX/vRD9fG3glYtvExvfSbMficvdHxPhpiIXDrpH7PfT1M1Ntyw6bK/z0h4xZ82DcS8qqkjM3Tl/7d9Tt+/f6sQacX/euXPn0qVLu3fvbn2QTz311Pbt27/99tv0kwBV5/777+cPo0aN6tatmwAAAAAAAAAAUP85+OCDbfwN2+/bRX4/PbazyjoBADlBRYsKmAANnfo66d7bvp0E6NTt0rV5zBhRFUr+8Af3q69ic+YkbS//5z8LL7ww7FSiK786vOjwDrnq+E2LxMRfFv70bxX//Sx5ub+YK4ZNiL7zWxOfevPH6U/R7pdSg86dLn8W3/0ndXMv0eyzcLOK+Nak7duj6z9fN6XHfpeJqvDpdxPSuj8f036kqAl27NixebM8P8nNxcXyidDfm2++eePGjXYf+um+++77Wi1ESVJ1MBzHCy+88Prrr/Nn+xPtzy7ARUVFy5cv51+zxNkInp+072uvvZbSwGc+5ZRTzjnnnOC16ni8jnfeeec1FX+mTZs2lFQBAAAAAAAAAKChMGzYsNGjR9MH6vdR7+/4448Xu8Dri+ML18QFAHmDChgVs1O6hQVouNRXD+iKKVO8zWkUz5JRo0TVKbnrLqckOZyFt2lTxcSJ2T2gH76sIHf12TL+8oLm6WTteV+5M+abaj3c1F9aMPhvv4GiShTuI1r1TrN5+6qj2l6b9oi5ZX+tkhO0cn8en7r9gFYn7dPkEFET7LHHHueeey6Jv7fffvuKQNAV2s56NEG//vSnPx03bhwpqosWLeLoHKwaz5s3b9SoUfTT3Xff/eOPP9JJrHJNR9EZOKwHHfj000+Tgpw2Dc8//zyfn05CX++55x46CTtiL126lB2x2VObtvwkBwf83cgTTzzBH/70pz81a9ZMAAAAAAAAAABoKFAn929/+xt/tr2/ajPmldgWTDwG+YQKGBUzARo09VWALk9XhxYOGpQ24nOlhPbbr+Css1K3R43bbFp6dQwN7VsdF/LWLZ1bz04fYf25T4wA3aKn6HhLmn9NOomq0uLoNBt3fn146583Ldg39RflBF2FSNCfrXtmR2xj6vY+7W4WNceRRx5pQz8PVyQpxV26dOE1Celvy5YtP/nkE5m2zz4jiZnEa5KqhWqGSUQmmXj2bL0GI+05cOBAe4nu3buTWh10rLbQpfn8wZPQ54MOOmjdunVr166ln+gvfT7hhBOsLF4HWbly5SuvvEIfWrVqddpppwkAAAAAAAAAAA2Ls88+mz9Q74/6gKK6LF/nzkF8XpB/qJhRYROg4VIvBej4kiVeOomw8MILRXVJK0DHP/sstHlTpkP+dF71l+m8+oTIXs3SOFe/ssiN1/gbV5xOlN/5dThU1Kd9eo14blmukaBpt4/SRX/uuMcp+zSteS/gc845x3orv/766/fdd1/2GNAkQ5PEzMIx07Zt23333df6LLdv3561aebwww//8ccfV6SsbFlUVHTIIYekPQlv//zzz/kvSc/By9VBnnvuOf5w/fXXl5SUiF2GJP633npr4sSJjz/++H//+98vvvhCAAAAAAAAAADYfVAf1kaCtn3AajDtI1IoKlsaC4AawFGFDTRY6mUM6Pi8eakbnebNw7uwllqmRQtj8lr9Urfv18I5qWv15fuSAnFxr/Df3kieYrB5h/fuMvfEg3M+c8V6EftR/otn1mErvk2z0ZX7d9tnEMnHm3YmD4duj67/bN0zh+53haiMz9ZN3hZdl7q9d7vhIp8ceeSR33zzzaxZs9auXRtUkGsfkpu7dOlCYjSlZ968eUmKdh3k1Vdf5Q/9+/cXu0ZFRQWZMu+9957dsnDhQvrbuXPnSy+9tFWrVqKG2LBhwwsvvEDSdnl5eSgUatGixTHHHHPiiScWFhaK3QcNVDz66KP9+vWzEcBzYd26dSTWr1mzxvO8MxSiPkDDDJ9++ql1o3jsscdoy4033piptNMOy5Ytu/rqq+v4eAwAAAAAAKjvPP/88++8886wYcMOPPBAAQIMGjSII0FTH/Cmm24S1WLi+7GdUU80dD4aVdytja+zv/mFe/YD5WI3QYrQP4cWtm3lrN3k/eKJireWNApZlooZFbbfnVVfV6oDlVIvH21MhfdNIrxrUXedZs2cVq28TSn+zsuWphWgTzh4V53HTzsk9Lc30myf91UGAdotF5s+EJvniW3LxI6V8l90o6g2nqzCHBHq2+G3Ly4dlvr7h2UP/WTfi8NONi9v14vPK3sodXunPU6vqejPDCt9++67Ly/9xxvbtGlDcuTGjRuzCL6HH374okWL6HC7JCBHySDRkM9DIlrwDKke0wxd6PPPP7fbk05CV3n66adfeumlnTt3nnTSSaIO8+233y5YsIA+tG7dukOHDmIXIPV5zJgx69evp88kCu+99940xk4qfCwWW758+T333EPqJD0jsctQgp955ploNEoFgJJN51+1atXLL79MT/aqq66i5yXqD5Rp06ZNKysr69OnD+U/DV2I+gC9IyQo0+CKAAAAAAAAdR4SZP/3v/+ddtpp5557rt1IFt19991HJugvf/nLHTt2PPSQ7Mf9+te/Tjsn8h//+Ad7ljBXXHHFUUcdJXJj3rx5ue9cI1AfhzuGAiRSWlrKH6hLRblEnSlRRUgALdvUwNXnS3qHxw0pTFqm66SuoeV3Fzce8beOQIWNihwp7wI0ROqlAO2uWpW6Mb58+bYrrxS7QrpgDt4P36fd95gDd1WAPqZz+vU912xMqd/XvyC+flRsel/UIK6+WRKL923afd22RUm/b4+uX/TdpMNa/yzLOT5fPzWt+/Mx7UeKGoWU3wsvvJBE3tdee429Tcm8ILuKl/sj+ynTgfQr7UN70hlIZSaB+D//+Q+pxn379uUdfvzxx+nTp5OOSZ8/+ugj0jRPOeWUtIr2rFmzDjnkEDpP6kk46jQdS9dq27atqMPMnTuXP1xyySWOs0vV+nPPPcfq86GHHjpkyBC2XF3X/e9//0v2LpmA9LxGjBhB2rTYBbZv307D9XSSa665pnPnzryRNGh6pu++++6LL7548cUX7+KN1CZUeKjokuVALBqbAAAQAElEQVRHxbhG4p/UWfidAgAAAAAAtQxZm2zzL1my5NRTT62qzfnll1+OHz9+v/32+8tf/sLH8pa33nork1odvDRr3LUsQJOkLkA6qKM0bNgwenxC9QTPO+88UUXe+9ItjDgN2wN6xBkFpD5XxMTY/8b+73kZifThywqH9g2TDDr2osIj78Tyi7UHFTYqcoOODOe4P2k4JDt07949S/eT+uAPP/wwKTZ1qotKteUDDzxAVWWVplPXd+qlAO1t3Zpm44YNsQ0bRE3jkABdlGb7Xk13VfNqViSaFoltKbM6vtoQqNw3zhJLfyu2LRX55Pj9/zTt8zThs+etfbj7fpdkcoLO5P584J5n7FnSWdQ0Rx55JOnCjz766OtmZUhSivldzSJAk0x88803v/DCC3feeSdvobqJtghVDQkVA7pr167Dh+uAIZdddpn1lU7itNNOe+qpp0iw5qN+97vfWV9sShhVHJSwgw46qC4vP0h8+umn/KFPnz5iF6A8f/99OSJCt/zzn//cbiel+MwzzywoKKA8X7t27RdffBGMnV0NaKD+hx9+6NKli1WfiUgkctJJJ3322WdLly6linvPPfcU9YR4PB6NRslwr0eiOQAAAAAAqEeQXkx9lh49eixcuJAM5ippwWRaP/HEE6Q+B7XmAw88kEVMEnog9dY7qN/EAjT1BKshQM9d4W7e0ZDV5xMPDrVUJf3L9R6rz8S1T1f07iQjcrTbw7mkd3jSnLgIhMXgfVKDY7x4Y1EwTOsTs+N0HhHwsH7zC3fV9x5J2/ZYVrpTDwky6ryClzqFsuzQkKDCRkUuRwGaJJ23335bpMxrB3WW+ilAb9kiagvv++9FOpfWVk3ErtO6hUPVXNLGr39QVZgXFytHi1X3c6yMmsfxH32b5kd23OOUlRtfT9pFOUE/fVjrn6c9wZINM7ZUrE3d3qfdCJEfOnXqdM8996Rup4rm9ttvz/RVqKULswwrkeJsfZkz7cCqNEnemfb57rvvaEgt+3nqAqTY8oddjMy7fPlyz5NFd8iQIam/kpUze/ZsagOWLVu2iwI0U15eHovFSHe2Wyi3W7duvXr16q1bt7IATekhvZuEb9Ks6TMVgzPOOOPoo4+2Uq/rujTs/8Ybb5CiTUJwOBxmT2QagRCBcdEDDjjgv//9L+1w3HHHnXvuuXS4Pa1QoUtoIx/C0LXee++9V155ZcuWLaS8H3744T/96U+bNElTQdBJePiEugS///3vaRiDQ8rQmf/zn/+sWLGCtWk6A6WKz5ApVUl+5XzvL7744rp16+gk9CvlCQ2Z2NunkeFnn3126NCh1CGhR0PjB3QhKq60T2FhIYe4oUtQj4Kyhc9ZUVHx97//nZJ6wgknTJ8+nZNNQzV24If4/vvvp06dSk+Z8navvfY6//zzf/KTn/AVgzGg+fwXXHABpS1TRtEZyHp488036VdOG90CnTzLmBAAAAAAAEjl448/JuuRbDYylelzlQToWbNmkf1JRmOSpzNp0AcddBB1JciYpM8cwYPOz79yrI958+Y99dRTQq0Kc8MNN9gAIMFoHiSLByVs9phmFx9KM5mdM2fOtOE+gr8WFRXZEM+8vVevXmRF05lp/2+++SYYA5pdtqkHkXRgUmKSQpQ0VKwfj+0JVon5qxt4/A1SgX/cIdq2Egfu4/zx3AKrQSc5PtNPI06PFAb0M1KipwwrGj65guXppBDSBCnL++9VFAwkfVj7hIXE0h5Cwnfw0nSVYDwK0rK/+dFPZIMk9yLHkVGp50iVD3Vyg5oP90C5Ehg0aBBvZHfpYH/WrmxEnx944AHrbsj9dD4JVUd0fjoVVSZ2iSPup9OxfJ5gpzV4aarWgssmcQKEqpcuvPBC0fhoOB7Q+SLDtaJxseuE0wUnKOeFCb8YLr55RuRIcXtR3FYUtZEfQikeuNuWiHUzkzd6Cesf9utw61cb3/REstg9b+347vteEg4lO4HTnnPW3C9S6LznWflwf67jkA1EVU/dX36QsGbiLq4QSNoinyTtLZMA2rFjR8oW0qnFrkGCLwmRdB4SQ08//XQ6LcvQpHL+4he/sLuRAkvK5muvvda8eXPajSr0999/f/LkyevXr+/fvz/tTDuQmkkCdGlpKbU3tANZYJ999hk1AL/61a9sdGO6r5UrV5544omkd3fp0oUOfOmll0g1btGiBZ1WKKP88ccfv/zyy8l65kM++OAD2vnQQw8lAffDDz+kxokEbmqZUhdI7NmzZ9OmTf/3v/+RQU8aPWUd6bB0a3RCSh41bJSMzz//fM6cOZQGujuSdNOmKjWqyVtvvUXqNj0OSiTlwKpVq6izQfdLF7LpJPF62rRpdAay7Dl/KLuoib344ovbtWvXtm3bsrKyDRs27Lfffrw/GfRkyh+ioKMo2ZSefv360c68A0n///znP6lNpfyk81A+PPHEEz/72c/sFZOgbNy8eXPv3r333nvvpIyitD3zzDPz58/fZ599Tj755E2bNr377rtWCgcAAAAAADlC2itZuSQWk0rSoUMHKxnncizJykuWLCHZJe38Qisc2/jRHKOD1d42bdqQNUsXsmGmU/fkr2PGjGH3aj6Qkso7W/2a4a9WI6avJA8FJWOyTkl65mOff/75pAOtis0H8lfajXpDd9xxB9nhfHXaocFr0La/ZnuCVWLV9w0/AvKcFW63NmESl3/fP0L/RMoKhCceHPrZsXKHLTsFK87WG3rEGQX0leRp0q9FwEOZxeWDWzvB9b2aFTl3v+RH+WD12V6LHahpI/009UNfruFzsq80paFPp10NBlvHyb3IUd+ZI6NS2aa6jkRhno+eJDSzykz9Vg7QavdkGYcrimA0DNp/4sSJNl4HnZwdHElx/s9//kPaNH+mv3fffTedx8rKpEGz+kziMuvRdCo6M2vQ7I7GUjXr16x3NyrqpQDtNGtWaxq046VXmjfUxPW/35Zm477NHbHmH9nU55IOos2loqSTKNlfFJeKwn1Fdr6bnkaATqRVcceu+wxcvH5a0vbt0fUL1008vHVycO0lG55L6/7cu91w0fiYPn16tZcfrKio6Nq1642KpJ9IiKTBOjr50UcfLWoIjtosVHASsQtsUst1NmvWLNMOJIPS3w27HBWnSZMmF1xwwb/+9a/lChIlySA+7LDDKE9IrLTezWvWrKExT1JRr7nmGnaqJamUTM933nmHFFuya7///nvScEm/JrmZpeFjjjmGfp0xYwYH7+bzRKNREmTp/PyVGhs6LWnW9rT0E9nNb7755sEHH8z7kHZMhi97FlCqyJAl3Zby2a74YaEtdJK3336bZGhq3ugRbN++nZ2LqXnjM/Tp04e0V2rYXn31VUpJ2lQlQSchJZ2yhUx5HlcgkZcaV5KDqS20cjCJyK7r0j6Ub0KtnPm3v/2N8mTLli0kr1MhpM+Uw1aA/uKLL2jYli5KujPtTMmmk9OZ7XVJNaaTX3rppTwkQPo7Zfinn36aSYAm9fnKK69Mm1HUAVi4cGH37t2pb8Bno8+kywsAAAAAAFAVSJEhE65nz55CeT+QiUVbchSgGZJpsvcU1q5d+91331100UVBL2my61L3JBuV9hw2bBjvSX8HDBhARuBrr71Gsu8bb7xBF7LOiWQe00lIVhZKuX7rrbdIyD711FPtrx9//PHcuXPJyOctZHOmOnfzgcGf+MDnnnuOMuHbb7+1d0df7733XuoI8NRAUcc4/fTTyWC+6667kgL3Udfj1ltv/eSTT15++eUcT2XdYmxPsEps2i4aPCTvzlqWsA4hCcHbHymxcvPgoyOkNVfExN/eiLG/81tL3Cffi484PcJ+0yQKkzS8+BsvKT5G8+IE/2Ub5YNU6dN/InXktZu8e1/R7sz04eDWUtSmn5Z8q1Vm2oHF6FnL4hccGaYUtm7ZwGM55ljkSD6m4SXqyNPo1wknnPDss89S1cRLdlHXlbbb2mPgwIHsqkzvfnBPEotp50MOOYQ+0K/B6ewkDe80S8TRIVxp2GOpUl23bt3VV1/N20lQpleSLkp9cBIKSH+w3tB0aRKgSVJgN23q5PJPdOBPf/pTkqpFI6N+CtB77pkqQBf071944YUiFJJ1dCjk/zNf5fZw2H7lD07Kbv7ORdLt19vuiRFpos5v2FoDU1G+T3eS/ahCWTk2/QEFe4gD/yjaXi6qRDSn5YD7tLt5yYb/uIme0cSHZQ/12PfSoBO0J9y5ZQ+mnqHLXmfXI/dnDg8taoJdCWZPBkHr1q1vuukm0t1IHLTbP/zwQxqyo1+pPhU1x1bz4uzi2oCUKjJn0xqaDP9kfXh3BbIOycyiqpwUeVJLyXJ6TUH5dvnll/OqjwsWLCAdNhjSgfLz2GOPXbx4MUmiJEDvvffev//975PO3K5du6KiIhJS7RaShq2Hr1BGMzU81NLY05I+Syo23d0PP/zAW8gypi38mZ4XtWTUvG3JLUwQCa9klJMUbmfGUc1zxBFHvP/++8uWLaNmj5u0pFQlQWm77rrrkjZSttBRwVsjqHFl9VmYGCYk3PM+1FhSk0nPlBRwUvlpXIQEaLrZLN0VymHSo21cFMoHGnWgG+fwJqn7J2UUCdbUePPUJCrtJI7T87Jno+tSaklAFwAAAAAAIDd4+UEy89iEo7/0uapLEbLykmV/lm7/8Y9/sMNyixYtMu1Jyi8Ze6S/JG0nIZhkX7oQ2YfB+ZRk/r3zzjvCaNzHH398MBmsp2d36OYDV69efcMNNwS3k81P1vvJJ59M8vdvf/tb2sI+0aQHiTrJOeecc88991AWUe5Z05oM5muvvXbmzJm33XZb7qey/b6t1fLh21HRwENwMCQrT5qjV5aykTFI7b3zpwUkAe+/l/wadJEO0qalwy7MD19WSLJ1DleTgTVIm6YPS771bBRp+tD591p6CvpNM5SMLTs9Pqphk2ORY/mYvQCpD04dZ1IM6APVLZs3b2Z/L96TqhFbTfGepCDTB1KNSSzmkBr014bgoC5z9kE4qmT23XdfFiIYUoSo+t20aRNJARy4Mml/+pVSe/jhh9uNVPXV8fXD8kH9FKBbtkyzNR6P1GKo0DkrdnUqyryv0p/h5H3eFtHv0/xQsJc4+n8yyEZViebkhdqssPXhrX8+/5t/JG3fGduY5AS97PsXf9y5Kmk30u97ld4oQNWhcf6zzjqLNEQyDq655hraMn/+/NNOO40ERKpDsyiP1SAarZlwUezeS1LjW2+9deKJJyb9umrVKg6+ceihh4qagDTWsxWkby5dupR0STo/Wa6PP/445RjJ3FSnk2VGW0iktkdRA0BZumHDBiuJktFGpiclj/b86quvqHlgAdRCeV5U5I+1kAlLUmlwEiIJxFdeqd8FHikl1TVJb43FYtu2pZvdkALpv5QksryDG5s1a0ZyOQnQlFRu1ZJSlRbP86ihpVujwViyy+nWKA3Ws5tJuhGCygMJ99T4kRhNO9soHN8qjj76ryfixgAAEABJREFU6LTBrBnKGfZzD0Jno3OmFaCTMooeDe1JiaRHQIMKdI/W+ZqTR/cOARoAAAAAIHd4+UH68Kc//clupC05LkVIMs3BBx9MEjBZoalx9jh6Mum2HGeDpG0OrMERmTOdk3a7+eabU89GR1HCWqbt1+8yWYI7k3QuVMiOpxR1Ngw0CeikF//tb38jNe3vf/97JBKhLsYvf/nLV199lfKTgwBUler1BN1GoT8nwCGYOSAGKcWDj65ENCN5OilCdEVMlG3yOu6NZeerQy5Fjt2cqSP517/+NbidKpbsB1JdxFE4vvnmG+oy8+vPcTP69evHITheeOGFagRMpzPz1YMxpi0sHYB6KUCH2rePm6UDLPFdjjabFidDpfH64njMFZFd8CJ9bXF6AfqU/d4QO9P90O3+6qjPxOYFOe54dOn1i9Y9UxFPHhpNdIL2Piz7W+qx9cv9uU7BcYFJXSVLgnRGUv1ocJ42zpo1y3qM1hQFBQVkeTjOrraFhxxySJs2bajWJuuNlMTjjz/e/kTS8JNPPkm6KtmjJ5xwgqhRSMTkNSHJICMjePXq1QsWLDj22GPJfiWbjJf4S8JKojTO+eyzz3LwEF6m76CDDlq8eHFwZ8qf4FKHubArdjN7H1ca7LjSVJFQPmHCBF4mkR4uDfB27tw5tdVMTSolgCV4SgONFtAhHIXj008/pSeYKeiHTVUWeTqV1KvTJSoqKkg6pw+57A8AAAAAALLAyw8GBV+OdJz7UoQkwcydO3fGjBkcptlu59DSHNpi3rx5ZHuff/75lXpVW59le3VOD/UdSPfp0KEDGfMk2djUcvwQoSbzkUWa5LvNd5c9nEjaA7nXQF2tiRMn0hlIxj1XQds5pkfdXMjn1ltvpb+kQV955ZWkQVOy33jjjeuuu27kyJGiWpD1LqpOyGngGvQlvXXwjcXfeMHV/z5Y4fbtHGJNedX3MgtIVh7731jaBQA/GlVMewZ3IP06iwBt3Zk5SDQ7Qdu40vTrX1+PicZKKAetgpcfTF36b/bs2fTuU3c4GBKafaJt7/Lwww8nWYD2FMrxWaiaRyiJQ+QGVTLLli3jOB68xS5mGIwxLZQg/sADD9DGgQMH0pZPPvnEJph9okUjo17GL4+kC4nrfvmlu3atqGkySXXbysX0j6q/EKHniclzYukuJzo0/TbNAU6B2PtMUZ0ruWLTexl+Sk5/YbjZUW3TjKbujG389Lun+fOXP7z6w45lSTs4ItSn3QhRJ/lGIeo2pDu//PLLAwYMuOqqq8gG2meffebMmVPj6rMwUZszSX65Q3ro0KFDyYih85CFet9991El/txzz5FB+dBDD/H0LjIfd3Ggj07+xBNP3HbbbWVlZUk/0Y2cddZZlIyVK1dS7lEbQ2IoWWPjUiATnOp6ag8mTZpESRo8ePBdd901duzYP/zhD6Rci90KS89JgTKqCnUA/vWvf61fv/7MM8+8/fbb6dboL2VOVRfxI82acpU6CfT4qNUk871mve8zQXVs2oAwjbA9BgAAAACoNqwRJwW1ILn2oIMOYp03l5PQsWTkf/fdd3/+85/tIawak+ZCcg/vQ+Y3ycH867Rp0+xSWmR1k8pDX0nxESrIG6VnypQpdAahBBey7ek8HJv15JNPJnuPDudjSdfmANBC+WKfeOKJlOzXXnvN/kpmaq9evbKLxfZAXhNMKGdnOpDk8jZt2hx88MG8KqNQmhS7YNflWfCkQZNuTplAUj6rz6xKVwnb78uyfk8WSgobuBvvpDlxnpverY1DqrHd/tOeYdaUv/lRRmEmUZi+XndyhARr3oFE5+2PlNC/hy/TUbbLY+LLdVpKJmU5y0VJcf7vZ3JPkpt/c6YeGKAPHDCaflrwdcNf+zETuRQ5Xn7Q6r9CDT7tu+++7IN1wgknUPff1h7Tp08PLvfHUThIgCZdmOsTqhxIKOAajxSMWbNmZb861WB0rf/85z/cY/3oo48WLVpEY1p0tpNOOomUcRrrspcWKhI0/UTjcLQbz/GlA+nwpNnYjYF66QEdCSyEFST6+utFl1cxPnJlZCn7NLQ16KhwqFoV8v8+jy/9Ls1IYq+OoUhsXZoDIhlDa1XCuudEPEM0ACeNPnV4659/8u3j21Oidsxb+/Ch+10WDhV+sGZc6lFd9jqnZXEHUfd44YUXqPq4+uqrRZ2HxFwyv6644gqqkt5++22q0UQeIGmbK1aq8qrkvpoKpXD48OETJkzg2Ssc158hk5QMnWg0SiOBNFZv1+urKqRLklG4bdu2zz77LHVNP6qv6Sq8FGGrVq3IiKSUBHf74osvKHmHHXYYic40REnnofbgmGOOsTt8//33sVi2sWWyj+nSP/zwQ7Btmzlz5ocffkj2d/WcCIKQwkv3SGkjY9puJP13w4YNZD2nXX88FbKwKYXdunU7/fTT7YBZNQZUKSepf7JkyZLFixdTAqhZtSuW5BUqLXRpGmOgro7tUdAYCQ0tCAAAAAAAkBskUAql6iZtZzdk6mjY5f6yY0M8B+N4cMRku8NFF1301FNPcZzlLl262IBydpnB3/72txzdYuTIkXQqGwa6R48e1Duw5yE59b777uPz0EnIaH/uuefYIKTLcawPVqXJYrzxxhtzWU2RDqQzUBr4tMEDebq9TQxdMcnRuw5y2223Ua+K8pDyrRrqs1CL3vMHuxhMlWjVRPreNWzs6n+89mDwp9nLXfZo5iUHmxeLfw4t/OdQf4cnZsevfbqCNOhubcKpv2aBjurdSQabTroor2SYGgO68dCqMpWCNeKkuQu8wCCNPJHufM4559BPjz76KM+Q7ty5czA0JWvB9JONyHzkkUeSkvC0gmoM2jm7NEzXopGhhx9+mFeZokOuv/56G0uaaj+qZDgMNKkZVP9wOilVpHTzVYSqqTZv3iwaGfUzBAepNu3buwHBiyl//PHCgQOdpk1F1dly5pmpDtThnj1Djz6Z6ZAv13vj34pde1J18vBPz6WXvX51QkQ46U4Y/V7Ed4hw1VvHFXdVafdwqOiY9iNfX/G7pO3KCXpCq+IDMrg/18xqfo0c0iLtWH2eIDOLRwU3bdq0iwK0UEOFI0aMeOedd7788ksSELdv385xLUgJXbNmDdlJ8Xj8n//8569+9Su7yF5VoXqZFPm33nqLtOBDDz3UCqykkFLTQhIwrxxyxBFHzJs3j3br2rUrj+2T/ErWKv1l+ZtjKNNXUjb5JKQ+8yInWYRauuJ7771HzdshhxzC2bVlyxbSZ+lslB67DmG1IVOYNe7ly5dzFlHy5s+fT1Is3RE1V7kMilImUMkhy5JymyN10B1R5pC2TtZqpiUBU6FsoS7BJ598MmfOHDrkJz/5SdIOnmLX47ekcvTRR3/66aeU1ZQJfAtUongmFAAAAAAAyAUr7CZxlII//9///R9/INU1eySHTGdLPWcSrF/neCrSZWyShPJWzvJrlu0cUiNLGjLtWS+44447zj//fOodiGphPdmTFp7Jkf33CpVt3KX5mnUfXv2PROShff1+05adYvjkiklz9L2TDP3u0jiHyEjdgSRjIfzD6Sfauf+hlfTCjrwz+aIsZ4vGDRW57DuQyHvPPfekbudYndn3Yc5RZN+SepLg+UmDvvnm9CIYVVC333572p+CZ2ic1EsBmii+5prtKQOA3vff7xw3rqQqa8IyFVOnpg3fUXDSSW7Wwv/HGdGzeoSrGl3+5inRtFMqDu8QGtIrLD5rk/6w9S+I1heKKrH0d2LHalFFDtln8MffPJYqNH/0zfhmhW1T9++694DacX/msD4syZECePXVV1u/VNIorXTLo0xkVNGQFLvl/vWvf7VDTxyFx07BCIYNEspj2sYR7tu37+rVMvdodItnZgV/Jd3zqquuskeR+kmmzLPPPrvvvvuSxUNKaDD2PB+YdK3dAqnDPBWFMjO4bGu1IaXyJEXSdpJ9f/GLX5D6TDIoKdGUh/vvv7+oOjT8eN55502bNu2JJ55o2rQpfaVnQfrsunVyogAp3RyohP4ed9xxlMljxow55phjqHi8//77tA+NarKQSumhpz937lzSZEnlXLVq1ccff8yL+wXn46RenYoBnZbKDJ2Wyh6dduvWrYMHD27VqtWuC9Akag8cOPDxxx9/7LHHevbsSZf7XLHXXnudccYZOUq9BxxwAI0EkIT9r3/9i4olSfP0OpBSTEJ8liUB00LZSLlE4i8J7nvvvbfdTho3vVBUZqjw0E+p3ui7CL0y9JjoiVBXgfKZnsgHH3xgnTUAAAAAAEDDg+Tm//3vf9YnmkzQd955h3orubg5NzaqrT4LtUIPf6C8FVXniA7Oe3lZbKvOQcrvtVmdwVinrt7hk+bsqNJRqdfKfvWGBBU5ARoo9VWALjjnnNCjj7pffZW0naTkUMeORZdeKnLGXbFi55gx6a9y8snZ/Q93RMXp95VP/GVhr465TpG4Y2Z0/Fvp3Z/vvVDN6G/VS3z37zQ/r7hbhoGONBc5UvakWPNYth3cchEqSvvLMe1HvLh0WNLGHdEf6F/SRkeEji69XuQflpitqktfSVbmr/yTlXdJyyMljhRPGpKyIThYqk5a3pS/fvPNN/yVDly2bBnPnti5cyfr1zxZg79u3rx51KhRpNDxVxrXsvMpSDJ7++23aQvJo/Qrh2Dj2PP0lz7TeVJdSmufQw89lD+89957lA8in3Tt2vXnP/85qaukJD7yyCP0RKo36t6rV68uXbq8+uqrpMwuWbKEpFVSjcl+Ouuss+xUGtJq+/fvTw+Onvh///tf13WbN29OO5x88snsUUtyKgnizzzzzPz586nA0FM7//zz6YnQc/z+++9JqE0bhphPS9L58wra0rp16yFDhtCtiRqC1PDrrrtu+vTpNIZB6jZp4r1796YCmbt/OpWxK6+8csqUKZQ5lEV04/RkSY5/8skn165dS4U298B2LVq0IKWeMoTU8KBsTVo2CeI0DPDSSy+VlZUNHTpU1Ch0rUsuuYTylt7W5557jsRuugUqNlRKm1ZrRgsAAAAAAKjjnHvuuWTy2RAcBEftEKBGefPNN/mD7QlWiV6dQi3edzbvaNALEYI6Q4sSh4qcAA0Uh9QcUT+JzZmzLcN0nqKf/7xYhVyp/CQffbT95pu9dGsyFA4aVDJq1JadYr/hOyo9z02nRX5zRmSPptnGatZv8X7zbHTqh+knsNx2TsGtZ6vxgIr1YlaG9Tf3OE70+JeItBTZiX4vlo0S306tZLcTVopwxoUIpiw6b922RaIyuu19wakH3ivyDAu+IuCMLAIrjXJQefuT3U4iY5IATT8F9xSJQaKD2rQwK5aSJEf7f/bZZ0GNWyRq2UlXCZ6WtvCeF154YV2YbfHtt9/y+HlpaencuXPzEU4hiYULF9J4ANUzZPGQHi1A3WbixIkrV64kTbxVq1Zit0J6Nw0V/OpXvzrggAMEAAAAAEBDZ+3atTUyQxEAC/XC7P+aPI0AABAASURBVOTF+fPnt27dWlSRtZu87qN27owKAGqB4gKx6M5iG+cE1E169OhhP48YMSL7zmPHjrWf66sHtFBLERbfdNPO++9P/an8X/+KzZ1bdOmlBSlhXCwcr6Ni5sy0vzp77skSdkUsvUBfUiDdny33/y/2j3diF/eODD4q3K9L8ojNJ6vdiXPij70by1RxDzgirNVnonAfUfoz6b+cysZ3xQd9RelQsd9A0aRT8q+xLWLDq+K76eL7/yVsL24nwk3FtiXJ+7tRkXlq/vH7/2na55VE/HCccO24P5M1tm7dOlJ7g76cV111FQnTO3bsoA8k8t5+++0cnSPT6gokKJMwTQI0h4pP+ok/HHKIL/2Tft2+fXuOz/DJJ5+0bNky7SqraSMI03lIgP7888/pkNQVWncjZHMcdthhCxYsKCsro9yonktylaC66corr3zrrbeOPfZYAeo29JYtX76chgpqWX1++eWXZ8+ePWTIEI7oLdSUgiVLltA7mKfVOAEAAAAAAGjwUKePP1AfsBrqM0FSYGkr58v18IAGtQEVNqjPDZh6LEATRVdeGV+yJPryy6k/xT/7bPuttzp33BE+4ojwYYeFWremf94PP8RXrnS//DL+5ZfuqlWZTuu0aNH0oYec5jLYRSbJeOLVhdc+Hf32R78i3lYu/vlOjP7R5w57ytemQMm7ZZu8FVnr61O6hf7xs8KETQf+UUrJ5d+m2bviO7HyL/Jfky6iWVdR0klG0qhYJ8rXik0fpNm/cD/Rc4ZY8ps0ArSXbTGBNs2P7LjHKSs3vp5ln1qL/pyJYkVShGWOyJzpkGDs5iB0lKg5SG7u0qULydPffPMNJYaE7OAKrbuXM844gwRo+vDSSy8NGzZM5J/uCgHqMLyS5KpVq2KxWKYlZfJH165d33333YkTJ/bs2XP//fcnHfyjjz7iWNu7vlQmAAAAAAAAjZNp06bxB+oDiupy6TGR0S/HdkahQYP8UlzgUGEToOFS759uk7/8ZecBB5Q/8kjaX73y8tj779M/kTOhffdt+uijIeOvuj3DOlg/aRt6+5aiM8aVf7UhTUW8+geP/okcGNIrTOpzOMlnOtJSqsbzz5PhODKxfZn8l53mPcShk0RRa+EUpPk1tlkU7p3l6H4dbv1q45uecNP+6jjhPu1yinOy6wTdjYMhOJYtWzZ06NAcIyyzR/PXX3+9ceNGKwfbWBlBn2X+iT2mW7RoQZ8PP/zwRYsWrVixwobRSOuUHYQOefrpp0nkpTSnrtG3Gzn//PNHjx5NH8aNG/ezn/2spKREgEZPeXk5lXAqDIMGDbKRtWuNjh07XnPNNc899xwHwg6HwyRD00BR7acEAAAAAACAhgFZ+NzvE6oPKKrLoCNDo1+G+gxqAY8KmwANl4bwdIuvuYYkY2fvvcUuU3D22c1mzAgFoiVkGuhrXiza7+m89Zuiy48Ji2rRtEj834CCx3+eoj4zTTqLo14VrfqIatNxpDj6Dak+EwXp3G9jP2Q/Qavijl33GZjp1257X9CssI2oFUjkPeGEE0gOfu2113jLRx99RHoZ6b9du3Zt2bIlacGkCAsVmpl0ZHtgmzZtqN21ETZICCY5+F//+hfHzaCTvP7663SSToouXbrQsXQGoaJO024cf4MgdZu0sOeff55PRb/+5z//oVT17ds3U5rphJQwSiRJ53UqmhuJfWeeeSZ92LJli81P0Mg57bTTxo4de9ddd9HAidgd0Pt13XXXkYlM4yJjxoy5/vrroT4DAAAAAABQbV588UX+QL0/6gOK6tJ531DvjpAFQd6hYkaFTYCGSz1ehDCViunTy//xD9fEOaoSBaefXjhkSCRl7vkHK9yT7y1P2ug4YutDJXb9ts/XusMnR99d5orcaFYkhp0YGX5aJYsWasqeFKv/JnZ8JXJnz5PEwfeKkv0DJ3lCfDcjebfOfxQtKplrv63iu8c/PibtT0N7zmpeWKu6Kq/mx4Gei4qK7KJ/vEQhydO8/aijjiLZlxchFMpRmr6SFsxbeGlBqywH1xUUyiGaJGn+PGjQoDlz5tCBNmRH8NdgKI/URQiD+59yyinnZI5Fvlt45513hgwZQh9IHJ89e3bTpk0FAAAAAAAAYPeBRQhBDUJ9ZNs5nTx58vHHHy92gdcXxy95tGLLTgFAnmheLCZdXXhKt2r6d4LapNqLEDYoAZqJzZ4tw27MmRNfsiT7nk5JSaRXr0jfvgWnnprJgXrzDu+Tr5OzKBISx3ZOHplZ8q332ufx1xe77yyNpw3csVcz59zDwmf1CNFL1aRQVI31L4kf3hBbF4stnwo3peJv0kkU7y+K24tm3aT63ORAUUMs/+Hll5f9OnX7T/YdcnLHP4sGDUvV7du3TxszOhdI+yZZ3ErhdYorrriC3Z//9Kc//epXvxIAAAAAAACA3QcEaFCD3H///Rx/49RTT33qqafELnPq2Ir3lscFAPnh2M7h10ZUVSYDu4dqC9ANMMI3CcoRFRjB+/FH0qC9zZu9rVu9bdvEtm1eXNaYjuOE9t8/dOCB4YMOqvRsLUqc4w/KaRXOg1s7B7eO/Ppk+fnHHd6m7fLv5h1yJGePps4eTZzmxaL67NNf/mNiP4roD/KfCInidqJwH5EfPOF+sOa+1O2OE+5Ver1oWLDcTAPF1pF5+vTpuxK+mUNI16nlB4PcdNNNLEDfcccdNB7erVs3AQAAAAAAAACgnrNkyRIb/Zn6faImuHtg5Ixx8Z1RAUCNU1wgC5gADZ2G/Iydli0jvXqJ3UHLEqelXNotJ+W6ykRayn8l1Y/ilCNLN8zcuOPL1O0/2eeiWov+XGuQTHz77be/8MILf/3rX3lLy5Ytf/vb31ZbPt5F/TrfHHHEEddee+3DDz9Mn4cNG0Y33rx5cwEAAAAAAAAAoN6yfft22wmlHh/1+0RNcHTH0C+OizwxO7a1XABQgzQrEkP7Ro5GnPFGQAMMwQFqBM+LT1hwyo/lq5O2h52CoT1nNSnIl9s1qE3OOuusBQsW0IeLLrro3nvvjUQw6ggAAAAAAMBuACE4wK7juu7QoUN5quthhx328ssvixqlx6idX66HggRqkgP3cRbeuSvhAkBtU+0QHBhkAOn5fP20VPWZOGTfwVCfGwyjR48uKCigD1OmTBk3bhzZKwIAAAAAAAAAQH3D87xRo0ax+ky9PBuFowaZ8MvCUH6meYPGCRUnKlQCNA4gQIM0uF5sbtkDqdvDTkGv0hsEaCjQyJUNOUIC9L333huLxQQAAAAAAAAAgPqD67p//OMfH3/8cf5Kvbygl2JNcXj70BNXFTYphAgNagAqSFScqFAJ0DjAkwZpWLRu0taKb1O3/2Tfi+H+3MA477zz/vznP/PnBx544He/+93mzZsFAAAAAAAAAID6wPbt24cOHWrVZ+rfUS9P5IdBR4b/PDDSrEgAsCtQEaKCRMVJgEYDBGiQTNwt/7Dsb6nbw07B0aW/FqDBQcaK1aAnTZp05plnLl68WAAAAAAAAAAAqNssWbKkc+fOHHlDKPWZ+ncin1x9QuSuAQXwgwbVhgoPFSEqSAI0JiBAg2QWfPfk9uiG1O3d97sU7s8NFbJRxo8fz/Ggv/rqq1NOOeXvf//7tm3bBAAAAAAAAACAusfOnTvvv//+k046ib9Sb476dPlWnxmSDsdfUYB40KAaULGhwgP1uRECARokEHW3f7T276nbw07BUW2vEaDhct55573wwguHHXYYf73jjjv69u07c+bMHTt2CAAAAAAAAAAAdYPy8vLp06d36tTJrjRI/TjqzeUv8kYqg44Mz/p90YH7OAjHAXKEigoVGCo2iLzROIEADRL45JvHdsY2pm7vsd/lcH9u8PTo0ePll1++9tpr+eu6deuGDRt29NFHP/LII6tWrXJdVwAAAAAAAAAA2B14nrdmzZr777+/Y8eO1113nd1OPTjqx+Vj1cHsHN4+tPDO4qF9I8UFAoDsUCGhokIFBqsONlocqsIEAIqK+JZ/fdyP/iZtD4eKruz5XnFkDwEaB/PnzyezxsYRY/bee+/LLrvs2GOPJXNnzz33LCoqCoXQcgAAAAAAAFADrF27tm3btgKAAK7rVlRUbNy4cfny5W+++eb48eOTdjj11FNvuummI444QuxWPlzp/n56bOGa+JadAoAkmheLHu3Cdw+MHN0RAkJDIDjWNWLEiOw7jx071n6GAA18dsY2btyxMhIqJMU57BSFQ4UR+hAqKgg1EaDx8c477zzxxBOvvPKKAAAAAAAAAABQZzjzzDOHDh16/PHHizrD64vjY16JzVnpktC0MwqhqbFTXOAI4fXuGBp5ZuSUboi50XCotgCNsN/ApziyR5vmcHMGmuMVK1eufO6551599dUFCxYIAAAAAAAAAAC7icMOO+yMM844//zzO3bsKOoYJDLSv+Xr3GkfuRPfj5Vt8gojzuYdUKIbFy1KnIqYV9rKufSYyKAjQ533hdcz0MADGgCQE99+++3cuXM//fTTpUuXrl69ev369Vu3bo1GowIAAAAAAAAAQI1SUFDQrFmzffbZp0OHDgcddNChhx7aq1ev1q1bi3rC2k3ee1+6c1e481d7q753N20XOyo8F/pTgyPkiJJCp1UTsf9eoSM6OL06hY49MNS2lSNAAwUhOAAAAAAAAAAAAAAAAADkBYTgAAAAAAAAAAAAAAAAAFC3gAANAAAAAAAAAAAAAAAAIC9AgAYAAAAAAAAAAAAAAACQFyBAAwAAAAAAAAAAAAAAAMgLEKABAAAAAAAAAAAAAAAA5AUI0AAAAAAAAAAAAAAAAADyAgRoAAAAAAAAAAAAAAAAAHkBAjQAAAAAAAAAAAAAAACAvAABGgAAAAAAAAAAAAAAAEBegAANAAAAAAAAAAAAAAAAIC9AgAYAAAAAAAAAAAAAAACQFyBAAwAAAAAAAAAAAAAAAMgLEKABAAAAAAAAAAAAAAAA5AUI0AAAAAAAAAAAAAAAAADyAgRoAAAAAAAAAAAAAAAAAHkBAjQAAAAAAAAAAAAAAACAvAABGgAAAAAAAAAAAAAAAEBegAANAAAAAAAAAAAAAAAAIC9AgAYAAAAAAAAAAAAAAACQFyBAAwAAAAAAAAAAAAAAAMgLEKABAAAAAAAAAAAAAAAA5AUI0AAAAAAAAAAAAAAAAADyAgRoAAAAAAAAAAAAAAAAAHkBAjQAAAAAAAAAAAAAAACAvAABGgAAAAAAAAAAAAAAAEBeiKxYsUIAAAAAAAAAAAAAAAAAADVNpFOnTgIAAAAAAAAAAAAAAAAAqGkQggMAAAAAAAAAAAAAAABAXoAADQAAAAAAAAAAAAAAACAvQIAGAAAAAAAAAAAAAAAAkBcgQAMAAAAAAAAAAAAAAADICxCgAQAAAAAAAAAAAAAAAOQFCNAAAAAAAAAAAAAAAAAA8gIEaAAAAAAAAAAAAAAAAAB5AQI0AAAAAAAAAAAAAACS8OhYAAAQAElEQVQAgLwAARoAAAAAAAAAAAAAAABAXoAADQAAAAAAAAAAAAAAACAvQIAGAAAAAAAAAAAAAAAAkBcgQAMAAAAAAAAAAAAAAADICxCgAQAAAAAAAAAAAAAAAOSFkAAAACHK/j188ODh08sEAFVnzoODBw9+YI4AjRLUHjUCshEAUI+ZKw2BB+eKukJdSw8AAADQ6IEHNAB1E1L0xs5K2NJvxNQbeotdhizyMbP6jZx6Q6+EzWvWSNlD/ikVdZSy6cOHT7biTOot5PHCI4ZP7jBi6o01kP05XevrpI386FWR6FsDyZgzd07vXjV6L2VlK+nv6rI6W3xI2hs+RaZuyLhxAxOSaF60nDO25nMvv2QpUVUkQ9Uh6kXtYZjzwOCxs/2vVahGEm4/Ly9jMBtViRUpxVWT/dfdgMyclVnSwy9g6UXjxl2QQ4rL5swRvXvX3q0lviN981nV1/atpSVt6VWZQGVqbPXLVHKxTLjZnF+Z3Bt69UombOmb92a6LtT/1X791YEdd82SLJszV/Tulf7CZV9LQ2Dl12WiV5aU1VjlWSm5pafWyJZ1NX6ttK+zav5qqCtRdRIa3/Y5VDWJVUGNdYL41LVn1VePNJZbrg1odjIbcrVK9Tp0+THDAAC1DARoAOowfssqbZGxg0X+DMfeN06deqOouyizg8yvqWx+ya+DV9aINVYHab9LKkBWjMVWs6Zn6cBxUweKekDZux+UDQyWmblzZlXh8PzkXi2QxxIlqeu1B8MdHsqKqSYr5JbBg/OcOZlJLk71Ixurw5x/y+EfUfbenLILKslqI67VWpdSPQW/VMivg1fnpUjU+q3tTqp5s/ySGstHnqSyht5XLuSxykrKlx5Rb+v/mkI9HXHRuN4ZcqD0ArLQRN2hDqWnsqxr8Cj12XoAyFdp+OA1WXo0rFbT2z2uV2DL4FmlDdXsT0uCcUKZNnzwlNI6NPBcbRpVhw4AkAJCcABQLygdeFE/IWbNaaxzCee8P4tMsZHWOul1w4i+omzKvxH0AeRMab++pVICC2yS5apvv34CNHjmPMjqc1BYpIGTcUNKv548HNFj8ooa5unXt5/4evK/61oTJtNWOuRmWyp63zCyTqazcVD2wbtl9DgGaVWq9IKRQ9qLpEo7I6UDh/QVYvYcvMwA1DHmzJktRN8hpp5V1WzmHg2NPLH6HPSKpQHacReVlk0Z3lhjqvS+Yeq4Ie3LJg9/sL5XcejQAdDIgQc0ALuXhFAbVZ0Pbo9TfgQ8Yys4PM5bcpq2ZvyVRor7kg9JmLWXMG2q1obiy8pWC/H1mjWBKf7KW7DMBH1ImK2mXSTMGLs/qG6cUNSWbDkfmCpYKvOkLpIt/SbihMKKbrbMzB47eDbnkuB5iOPaTQ5MkE/IzMCZ9aTOIR0mT56deOaUqXAJcy2DU+QSyk9tTwVtd8xxpbPfnVM20BRa2SnqN7K3mJ3gBp2QezbxaXKvNOPOdrKzzFmjewbf2d3mdRskUxHKVAAUX08fPkY/QftTypTw4JkDtQRPn7xoyMopyWfIN2X/npyoMxqkaDV57OzJ0wf1DiZS/5rrY8pajaetM9MVp3Qz6wNnzjzVNP37zscH3sRMvmMZDueXesiQ1ZN1Ycj0ItP2Y0QWZG9T9Ot9o3zRZr0/5wY/gkFZYv3zu+Peu4evNXn44Mm1Uj+oSfplCdFjet0wdeoN3LToJ3JRx8lTzONNG7kiU21Z6a3VuTohQJa2Po35kXikyZOU50g/DU5TnAxrkuP4lA4cO3WgehjVI2NLlNZmSA1SYW2G9v9OfGH5gVbT3KpJsleqgSdF9xgwZeTbHXQ5zGzm6Y1+LTFl+OApfBV9kiFrjFwoEmb3Z6mX0pPNvEx60UaIMSb96qiOKYaKbXN1elIyKpiklDddXV346UnI1UzpzPAs0mWdqBtUzdgT/gNN7SOYL2nbKY7SFiRQzSbvzDNm+o5IzaXSC4b0mzI20Iikf4tNSChZMGeZpGa36jPcQhajd7cgXZEmj5k1+d8X9NZvbhbbI5feZVZjL19U2qHbXT1NAEAtAQEagN2H6dvoWUhqPvjw9BpB2fQpqg/PxkFiDC9pOY1oR1bRwJuHvDt8sh9koGzOu1+TTXZBVbpDpXwS374pmz55tjmJue44m4zhg9fUhsmiUzV2cFLkstJSqz4LM4daZuPwB9vTbjSoPmssDapfoA3lOdPIoOk3wvRYMuV84lRBY591EHWInNJvppQ/QE/pXXk70uLvnagUKwNv9tgxdKqp9lRqBvTY3vbMg4M9iq8nr7lIBQpQe475d++U4prUD5dfBw82YawDyVYTKkWtdtdLex/XPvCCSOfHfiN6iTlpEj8uOfHpci/jzvpss8beN0TnLGWX/87KPYePELu1J5M4ZiBf7eHtVJmf80DgbVJTI0XgpZv1nuA7ko9vzIO9Ux9f6uRKKn+Baq3yM9Q8ZXPeo6LerzRddgcDX2R8d7I8p+zVeMbcSC1OaU49eficEdRNV2nJFBrCKEc62IFK8xqrGSWKSsOHi+T2xajeU211N/yBUj9Js9/VT0veyNgHj1ElITFOghG5MoV/li2I6Nu7t+gt+opZQa1fXyJQ/1wwtXfthreWPrbvUUU2OOlBlPplpWyyVCSnqt8Sn0KltWX2W6tzdUKALG19BvMjkGypGqd/jmmLU4DeN47oN3vs5GlzBgZfitLSnPLEL2nme9Aw4Pp5BD+7TDZD5pOn1v99dt3cqjHSV6qJY/BGBu1Y2ckyNNMXjJvaJziErymbMnzOSFOFBlxTK6lYUslmXiYZFVpZq8abMmvKuwlJSogCUTZ5zRBV3arL0dhJe26+1dfEXM1iBqd5FhmybjdTRWOP8qP0Ip0f9HXsA73VnlnesgClA0de9O7wKcmVf/o3W82YKW3XLl2ie9+gG0QhKnmLg61ndqu+sluo3OitRXr17idmzWLxNpvtkdHAC5Ld2Msb2Tt0u7GnCQCoJRCCA4DdhtRDg7OQpIlWWjZlzHTr7TN77GCNtJZs34anL12Q4JYo7RGlr/nzVdVs1n5DqmoqZTyJEsGDXglq2tSsMbUyHUxGGZ46dWS/WWNMlthZ86rj1++iBMtKLjtDtuoxwVl+0t2V8zBbzs99UPnyWEON+tIjajtEw9dk61uGT0/x/sqWfj1gMNKfUk5derLFp2V+SoFTaY3e9kDUmQVpRmX+zrrgJZYTn7n/prLab+QN/iluHlIqZk3+dxl7wXRsbyZhkvBHqk6tzqYs7X2sH4VDxd/o3TvHxKdS+c4Bl1vpZFnazi9UU6feXLqm2n59VSW1RHHkgUEJvpwqPco5pYPpF0rZhR6SX3jsi5b4cvknkbVE1smVlZ0hb7RP36P1qca7U0k1XnluZCdQujKEhlBpDuzGaZ41VlWP0p/U3rWqQke2Typ0Spr3Z0YrVgccTu1Pst8rZr0/R17yPuXUb2uJXjeMuyhjK6NaENHvGLmzeuIyDnvCHsH82Q2ol3Gq1D3NC5LcomV6CrnUltlubffWCf79+jaGTVmWtj6j+ZELaYpTEr1vGDekNDlthhGpjaHwTQLpMReo02T9HJz0oOrnr0k/KstiM1SBGjG3aoh0leqcB8fIh2jFstILxtFDrJyqNtPpPFUrr1hS9s9S5Mr+PUY5mwdeQyokojoEqvd07bUuPBzyzuYqf11ZViZyMYN3WwOXSkK7LwkuwFsVY08Ft7HFm7/y08zyliWiil9ZcoJsnZuSS7YESv0xCTb+K3uL/Xo7u1Vf6S1UavTWPirzs3ZkMhl4QSox9vJIlg7d7u1pAgBqBXhAA7C7UDHReIpqIv4k1OQpz8pd48besktAXwcPZnOi1BpqSl+bPIWDDOgOQNX9cTKcRFl74ms5/zSRleln0eWDXsb7gZcbYuc+tQLenAcGDx6j9mkf8KlgZwGer8cGWZ/S7DmvZmRbUYBp1669qFUqmeWXPf0qhmaf4NG9s8x1THPmRE22tM9xpVPYz0vkgp5uH+yRqgckr8/hDsYMnuXfY+9aXpNH3Q6XbRN/I2Bwp0u8dJqenG7xtOw7J1+41wVD2g/Xz4zf69Letecrl1qiSm+QlciIwYNZdfLfGp7jya+59hjq3SvnlGo3wN4J5Y/64bOpH167M9NTSZzymYqOP5v47vSWTrtz5tyY6WFlrcZFutxImmqajcTSFazNEtIsyvidCqI6qL0HDSk1hY5djUqTH6UKcSB7+GP5a2nldd2aNVRm+ia4rpW270gNQbqdeflBcyN8CzksRVjr9PabFrneb9AzK9NTELtaW+7eOiFtLBH9MVtbPzCj+VEDsJeuP2NAiLLKPOKDPnRyZ+Mrp+rntG/mGpHFZqgCNWJu5Q2lIye5kbZrl8ON1kwzXcWKJbt5uSZl/kppaaYaJ3uqjgtW71naa/VzYm6V2So9YzrrGintfiDQRNWNvaQRXNWersnyliW0cOy0HpwfNif7BCApJfdSZ+gVcHoOhpXI+S3ObtVnqyhEJWPWuw2pGs/5dxbbo1cmAy/Irhl7u07aDl1ZvXrFAADVAgI0ALuVvjmv2B6IVdr7A9lJsxOUuIem91Ih0qQF2V65Z15UHWPCP0kfdjEITEyuI1MIyfQcuWbwGKVqqUCEs9r78+ZlXEK9X+8LLiqdNUXqR0L5bflSUIacL/ta1A+qmv7S0t372Pj6JtwBr4E+ufbDQPtRONrr+Bu1dmHZIRfW1N7dwQTTTL813RjTK5CdVX5I9X7yI0tF6YfKuE9O95jbCEs6MlXjGftLNfs2Zo6QqLrogtsIpSilVuCpUUfGrhY1hppMLWPRBBVy6UE8sK6WKOkct2bw2CShP2/Xqkt1QiLZI4anNT92GR37tdo2hg4RO2X6Bb1YUszUvmSxGap8uV00t+ogNdJMV6NiyVTk6prnY0YzuJEKZJUXD70Gw7jcSlEwykTyiYKxpGvmLVZkuoW690T9+CRq2klG2yOzgRekjhh7wQ4dO9njFQOgQYMQHADsLqRvXdKK7dSXSxtyIRHla5M0BzbxtGVT/v1g6jzZKqZNnkTN8Moy+0x6HwyuhYlRcx5MnRmtHBqkl4QyyJIm4vl79TlOzrJ84EE5UV3vky3n1f5JU9WUx18dovL0J05yV7k3YnoOllu6Myu30AS/oeynSJ12qtzl5Aw76Q/FxVv6G04dlzm6RR7RUTimp8bfSJ945cR6bO/U+6/SzuoBqQJs5h6mCadQi2hv30GpXRdZWoarh6ImX48b0l6QoJPrQ0pbS6S6itc6UioSZZPvS7kRHTdWzvdM++6kuoklkrUaz1hnDs8tQxNLF1d0xySkJeP7/oCKlTFCz2wtvUAWunTRP/gGh1RF9VS3nDibXrmYpYEf/YipAdTc+XSxF3YP6nEkTQBXznH+DWZ6CrtaW9a1OsEnW1uf3fzIEx2rMWCTqSWSlVtWmyHV1a5jRi/vGjG38gM/xMTgKGsS2TPZbAAAEABJREFULZukX7WLa80001WsWLKal+pRJj6UlEXtkiOodEhbZBKrysztdfXSWa+oAWNPZH/LciBToOcLZDCQsalxOVTYEEMlb3HgKlmt+l28hdpFrwakYqFksz0yG3hBds3Yqz5ZO3QN5xUDAGQEAjQAuw05P1rMGmuVwbkPqsmnI9PbU1ooIYO+tLSDEF+/a0IPTh8zJcFgYHNq1uwqGtZJaUtzEhUI7+vJw02sLrXCVUL40bzBIf90YFO+uIxDynaYMlysojHngbEJs9HZmpk9qywggWXLeRXebtYYqxCRiDN2lqhbVJr+YCRxlSE2wl2StpLhzH58bVW6qqRPyXnlwXht+knJUIPSsSUQUVf1CDrW6AzuXJC9ka/lmuZJWp4kQ+JNZM/E3Ktk55SLBrrx6eaE1ioqZoLtjXPKGS2pmJtS/bQOues/upbw4yeq8Iu7a22uAKoOkTExA90Y9hKy4YwzvTtZe3FZq/FMucG/VvIyChEsXSqia6rIpdM83PTVub7iyJ5yrCUQ01MFfEwOhK3SYDuxKnmVIm850BDwLafZL3lROD/BSd3mhN9Vyay1UMi9bxyX+BZzwNkEXSPTU6hqbZl0a3WtTgiQpa2vxPzwT1Gd55giPKnz5157KEdL8+x0/Wybcrm2ng6ZmtlmYK3KNlIcJ9dYDmle2Boxt/KDeoizx1odjR+igdUrUzlw+Hu+hSzNtAp8UZZTxO+qVixZzUv5KMsmDw+8hsMDQiTbeLbN4rUZjklfZALVe7b2uprpzHZc7llXS9SAsSeyvmUBUgeA1UuXMfM5XvmsMQlDg+xT78dyyW75J5wuq1Wf2y3UAUi3HR4Mhp7F9shs4AXZRWOv2mTt0O3OniYAoJZACA4Adh/S76nUTHKUJM9+mp0QBssGRpR95tUmdiTpIxf1mzwlcJQ0p2aRmZLFkWFWQsxQOfss2Q8h7Ul63TB1XDs9WZgvbSa/5R2TV36G2MllevaW+anvkCHtJ78bPFKGOUt0d82a871vVHdpfiu9aMSQ98ZOFrXI10lh3VKmB1Yl/aJ98Cnp5ad5QfNxqUEH5Jl7y0XABwt75nFVc+yS88pLqatgi5h9UtKjaoQIPMTdNN1PRX78Oq1Prkx8738P9+/fT7xIyb3sOyefeNw4IZ+KflVLs0Q1rQ3kwnErh0/R6Sm9aEi/Kbq8UPlRDynw+G6siuUvJ3X2lsuW+3c6dWBd6MqZkJHBcBBJxVv6AR0j057u3cly2szVuK4z0+ZGcnFKPfWQke0mmyiqmR6Eft9tlR5IM3XjudD5t5Mc4UFHnDB50m/IRaWT3xMit1s2L3K/ESP7jR2T7AStxLs08j3HBB/7QO+pN6Zzf5MrDs1SIWhrJz5PSn0lrzsucF16ZL3npH0KVa0tk26trtUJQTK39ZWYH4EzVOM5Slf99g8ODtgnlbYRicZM4vvFT9aWf/vsstgM+qEEbzxhmdnkFzYHc2u3kVT5tB8y4qJ3x5qHpev5YOboKihLMy0X4Zyl8q2y51L1iiWbeZn0klKJkilc6V9rnFCh2/X3i8ZlSlu/kSPFfTYwbrWapmqawblnXW1RA8aeyPaWJdBb5toIvy2qNPNlWzxoesC64kN6z7Gh6iux/JPPltmqz/EWdgeJfYFgcHz1PbPtkdnAC7Krxl61ydKhE7u1pwkAqBUcz/MEAKBBUcniHgAAAADITqUr4IFGD8yt3YIK+FulJUnm0sDGrPq/ngEAAABQJ+jRo4f9PGLEiOw7jx071n6GBzQADY50oUIBAAAAAECNAXMLAAAAACBnIEAD0MDIECoUAAAAAADUDDC3AAAAAACqAEJwAAAAAAAAAAAAAAAAAMgGQnAAAAAAAAAAAAAAAAAAqFtAgAYAAAAAAAAAAAAAAACQFyBAAwAAAAAAAAAAAAAAAMgLEKABAAAAAAAAAAAAAAAA5AUI0AAAAAAAAAAAAAAAAADyAgRoAAAAAAAAAAAAAAAAAHkBAjQAAAAAAAAAAAAAAACAvAABGgAAAAAAAAAAAAAAAEBegAANAAAAAAAAAAAAAAAAIC9AgAYAAAAAAAAAAAAAAACQFyBAAwAAAAAAAAAAAAAAAMgLEKABAAAAAAAAAAAAAAAA5AUI0AAAAAAAAAAAAAAAAADyAgRoAAAAAAAAAAAAAAAAAHkBAjQAAAAAAAAAAAAAAACAvAABGgAAAAAAAAAAAAAAAEBegAANAAAAAAAAAAAAAAAAIC9AgAYAAAAAAAAAAAAAAACQFyBAAwAAAAAAAAAAAAAAAMgLEKABAAAAAAAAAAAAAAAA5AUI0AAAAAAAAAAAAAAAAADyQkgAAAAAAAAAAAAAAAAAALmxbdu23H+FAA0AAAAAAAAAAAAAAAAgV1auXJn7rxCgAQAAAAAAAAAAAAAAAOTKvHnzcv8VAjQAAAAAAAAAAAAAAACAXPn+++9feOGFtD/Rdvo1uAWLEAIAAAAAAAAAAAAAAACoAkuWLNmwYcNRRx3VsWPHpk2bbtu2beXKlfPmzUtSnwnH8zwBAAAAAAAAAAAAAAAAAGSgR48eolrAAxoAAAAAAAAAAAAAAABAXoAADQAAAAAAAAAAAAAAACAvQIAGAAAAAAAAAAAAAAAAkBcgQAMAAAAAAAAAAAAAAADICxCgAQAAAAAAAAAAAAAAAOQFCNAAAAAAAAAAAAAAAAAA8gIEaAAAAAAAAAAAAAAAAAB5AQI0AAAAAAAAAAAAAAAAgLwAARoAAAAAAAAAAAAAAABAXoAADQAAAAAAAAAAAAAAACAvQIAGAAAAAAAAAAAAAAAAkBcgQAMAAAAAAAAAAAAAAADICxCgAQAAAAAAAAAAAAAAAOQFCNAAAAAAAAAAAAAAAAAA8gIEaAAAAAAAAAAAAAAAAAB5oYEL0P987LFXXnl12fLlWzZvicfjwhGO4wgh/094wvM89V+5ydE/OYL/J382/3Ndl/aUPzmhkNpDqGM82uyp34SnTiB/DYdC4VCYfpdHqR1dz6Wz0I+0s9pJ7sY/yTPIE3h0FKeFDpZHeH6qTNroV50I+hD33JC8nHDoBPQ5FOZdaENYpYB+pZTHYjFOO/0/7sbCIXVx+q7umtJJ53DjrnBc9dmRn+mLvLq8UHl5BSU9HHYi4ZC6S84yj/akP5SlrhsPRyJ8d45KWCTsyBt3vRCdIRKKU1LpnK5XGCmIhMN05jgdovLHkYnizKON6pCQoKTT/+Vl6FSRiHwk9I+u64hoNEZ7q4vIrWF1k/SRThtSj4Q+U5JisWhc5Txdl3OIDnBCcje50XMjoTCdnHI5ZJ6U0M/TCUUceSpKiywtEs9RSfScgsJIiBMms4hzQj0xh+6XLigfMe0ZcmQ20lnCrqCcCcnHKu+Ori53kLvGHZWAWDwejcUoU+gneSFXnpafGu0mS4mQZ1K5ymXJk1lBz8iRaaLPdCNye0iX6FjcDcvf9Vc6OX0I08llqlSR87yKWFTfGp1e5aD86nq6YITUtSiJXlQVNMpZemyFsTh/lXcqH5e8V5njsRh9dUNqP49Lpzox/Y3FZEbRQaGCSLSi3FOFLRQOy9dQPVy6rsz/cEReVJXvsCpCXB5i8RidiRKvNsrSHlc/0LlVRsnXTOakKquUKn551QlCQpYlN0IZGwm7sojKtyOsyp68PZlzIfXm0YOU7w79r6S4uEg+YMo/IQ+I09XowVLa5SN0ZEEOFRXTtwK6KJ24qaK4qEidyC1p0rRthw70deOqrxdNf76FiBfQK+mJiBeJe/S4RUjVFeWqoMRdL6bKJ7/UjrwV+bKFZA6IorBTQiVCvYyUNWH6GwnRP8qHndEKN853GRLyoVEpEVzw6aFGPUGvRzROr3w8Kt9MeuqyaqFrRV0R85wK+hDzKuIuJSMqRAW9l1485rk7BL2ktL98aeKU0oJQSVGoRdPIPi0L9mkZ3meP8B4tI02bFZUUF5QUUoao5EZkquSzCVHhjeh3R1Y7YZm/pq6itMlXQd2/ukNHbXbVPYRMpcZVsSoUMgWqIpCZr95delL6TfPU7h7Dty1P5qnCqPaRGaKO5jdW6NpX7qbeGD6NKSWqwMijQyFuF7hmFvqNk6iqVlWUnsfvlXpqst4wJ/ZkAZY1BmUfZbwo3+Fu2xLbvGnnpu+iG9dv37yxfMfW2M4ddBlVK1BBijhNCwqbFUSaFoSKC0PNiqjgRQpD4YiqsOWJ1cVVU6MO8dsb1SxxI6I+u6Yq5FIQk68tV0meOtThFKqiwLcubyamsleW/rh8y9RLq947l+9RVjVCVZ4eZy8fqG7e5Y+mEfVU5U1/Yqp6osPojaLPFVQC5YtHdy0Poeo45vEjdlS5F5TyCkf8GAptpeLniPJwxI0UFBUVNi0pbtqESlpR0yYl9LWgsLCYKaJMKpCVQYF8E/hZhGVVrWp39ZC44ZbVtSwqIfNu0aewyi0vpJtOU1z8D3yjni4Api1gPAvnpv2ry5UuycFGxH7mnFTGg6cqn4QT+M26+STToE5nj+IDVaPhyqbEHGieJxsqjqMLsEkJP1CPrQg+s6PbEs4abnrVG0KlzxPG6JF556niRjs4nrGHBN+xf4awMDdOf+lJR6MVsVgF/dCq5R577LFnyxYtS4pKVMsm33y6l+0VFZu2bf9+04/rNmz49ps1P25YH92+nd6cpk2aNm3RvGUrOqIV1aL0wIsK6cEXhFXNG5EnCDv6/jhnVJ6Ycqgz0z4R+1qy+UIJpTerIFJUQKcLs90lgvUOv1XBLw5v0Wc0hUhXNqp60dWKfRbBCyedLRVHG5bCXEeY3HYDR9uWQaRLXvCrsUQd/0jHmrdJqUtKCSUj5LimaJtt6lGbwuffp0j66H/2bWpHV0SqRAprTtuU6jdOH2WP1tVpyFR1IVOSOQ/szl7gjhKft8lJod9ibZPLPcObfty6avmyVYs+3r768wIvHvJiHjWP1FzGpSUhmwXZIIRl0xGXzTK/86ZBiVOxLo8qgzJOlXM4Fo1VRKOyHhP8dumKg6sC1TKHlR0VUqasNt/oA1VfsnFUiZcNosoi+l0aTvSxoKjJXvu2atNeFBRL21NeTVkuMUqwvA+qR0IFsjWQ71p5ucNvuKoGqamP2yo9FuVGV77KcdcxVlFBUeGerdvu37Fz2zalRcXFdHXZ4lBTRFdXJXLbjp3f/bCxbO3qnRvXOTt3hF0qCSFpYsh/smxy/iojMWxbSGnzetwJ4pdQN1tscstzqF6OtN6kSRVns8o8PmXPqYJGKYwodLlTbXg8JhsQR3DxcLjsOI4TeMu0HaCv73j0kkvzW4S4d8CGNH2m7bqkKes6zOagrF/CKhfld1mnUfsblnZX1HULior326/Nfvu2LilpUlG+Y3t5xY5tP+78YdX25e+Kip3hZq0L9jg4Em5CRl5055Ydm9ZuXvtZnCo0N14gO0tkFrrxogJnrzbFBxy9xz4HNm3apElRYXFhcVhd0a+xAv/x2wpnj/gAABAASURBVCG/SvP8l5rrM9M8me0iqX7g00Rj0ooqL9+5ZdMP365ZVbFzm3Bj9K676qymMuX+muk4ccNoX0tuSpyEs9PGYAXgv+4J9Z5fSSh7IVDHOSKws62onKSj/Bfcb36EF7xF9YPNH37/RHKd4HnBSiYhbbb1tnV4yK/zdcPqmULKNZeTmABhLi1sRa7P59dw/J+Qf/WERspLs83PzIQ06wzz2BTzhOM3SPw0XWOsmnR4tjLkIqUt1+AZPf32CdXj4+rLP8TT3Ug/T7WB4N+LEKaUaLPK8Z+qNjFCqiuo6nZV+6nuppQSWKGQFVCkUFaXYdWdCCkxQnUG6U5jO8l4/mHLjxul1OG4Nm2qwta3YVs6L+nuRIKG4/ilyLMffBswsbnlX7SdwNWOEAkGo80k1XWUnU1Z1YW45lLWgTHMEl5Oa+uFnKAF4iR8M4qCEzxE3Z4rUtpyv7gEyronQvapcI1nGkfPniH5xTZZoy+pO+Rcdyvjk7tTri0DrKhw/gh9265nqnQvYBrptyl4l9xGs4rl2P6E41cQjmlgkmq8oM1gLFJukcJkLhaQ3VhYWCD7zqyKmauYV9LTj9c3JPh/KuXWgvBLcWJ1ErLmjGdPkPZ95W2ut33Hjk2bNm3esoXys7R9h2OOPVaAFBqmAP3OO+/8+e57lixZwh1OIXQ1pAuOEKZ2CFoziZaul+Ztt7Wr8Os8ZZYZq8jR59TlVLdpqrvoKN1D6orKSg0pZdPTyrA0+K0kbQx3XcBt/9YznVjhecFGXp/cJN/cnrI8VSPgKanKVV0c7ovLdkHKlsbukPq1/1bLw5TJ6HFNpm6Efo/7lQULlY6yRcngc8i05G6DEts9bY47Ia4OXZkBrmNbhpCjrsh9DCeu0iY3K+MvaNGwbcoVnqskV6WrO67reSKhL+TaZyRUsqTVKzvtujZlo1/lI/ULlOAueBzAZLiuRkMudRK0aR0SpsYSATNJtTt0a9zqh52QeWhKxpJap7wReee6AudjlLiui428b7YlbEOmpCd5AOuhREhfXkl4Umx1PK0HSf1aGU38oKjXIbMmxCkxLZa8BJvz1NkoKBDGqg2bcQJ5+0rfF0ryk70d+lX3/kRYD0LoLhYLGOEwZ77sHXGtHVLDErpJV1ZLSPAbpwqqE+JsVUVP9gvomqaPIXtZPIQgB2ZY8ePs4qwJ5Lnri2B+CZRdLJnbrIKE+X5tI6v7gXy0OVSp7dI2p2yW4y4yl7ng6VfM5dZWGImHS2k4xEWXzl9RUSGvWKCuqrKKe1ZxI1g74Qg9OY9UfmmJyD5NlJR0+TTJqBJRqa9KtU72rRwzVuDJYYOwVgGFfFHC2lSydoS2F9Q5uSPvcMlg61H94Ornrdp7tb+RsJQK6XrmVxGyFQc3varH6skaSapOFTESt6m3TcM/TlGhaFIiSkqcgoqo7Ni5TjwsxXj6R0q0sijjkUhcPQHq8IXN6+I5xrKIy9O6RmAX1mhXtm9IJJm9rvmgUxhKsrqUBqRKlDnQYaVZ91vl4JbQr1ZCH8XRXQr1+qnK1jU2kDa+A/oF72/KHp/C5SIsTNnQNgrX1eriQur5Dj35ivJY+c7ozopYeSxeQYNMqhNMOUy2dklBpElRpEVRYfNCKUAXFTlNCotJp2NJVSXaVQ+LX0pXlTpHjbIIbTipN4gbGk9wnaFfQB5281RdTYOALKbrKsvUmGFVycpCqx+/awa5qEHwQtrypNEj19iEIWEvzT17YetDeYjKCr2bq540/SWpJBp3WICmMaKKmCvzQQorOgtlCpU0qVsd2xyr2ocqJscQNEy5KItggy2CzYBOlZFmhH2mnH7dGHi2e6nM+kCt4ugBsATLUxcS1Vuz3cvgPrLaTOkb2B08W7aDXUc+sa6g5OPhUTtdxAP3G1eigW+22MMdXx7wTG9FcO2rRpeTbsKYBo4xyo29Y2xvLYTIRxZji4KelefYC3GOhniIRrcSBkpBXNbA/ES1eSOSbXI5NlxBQ5HlO8p37ohGy2lUIhIuoEqkoED2Hniw1mh2IT30otKrB4iCz7oK2BaMv/idF5ORaQ7RTZ8ychy24YJdyQwp8VJuORl+axxTjvxWzguYk+ZMPOpuNnGOeukurCpbJ5gKz9SyXuYUeSL5NjyjvXCdaTaJYB/cFJ3ga+dxHchpUX1KnQauGUw17ASPs//1+4q2i6iOtrZsQoodm48JSecM8AK5x1Uinba4pKhJi5bFzVtto1qF2hwha39XSyyyMLt6xMUvIE7Az8DPGSFsr93RliTXIJ41yFlxlbWe45kRMdPueNqi5DSGpWlApyBxRZlkVDOWV8TLd4YLC9k7xDF9eEedVo3XK8lcDRTLykLamDwG6CbYS8JPo2M0D4/1XBpuVDWe1ZKkBeToUVW7vxrIldKvGovSW/Xgo9EuOf+V14QxKhzzmvL+0sry/NrTVLDBClxIO0xaUE6i9CBvPu7xG8Aps1aBbpKEFyy9ujTYWs8RgVt3dNXnJIupIhFjC2h7iTRrkjNo7IoLvuNpgU0YG9VjhxH99nmmmBgr1tEtjDbQbMH0L5WYdHuG4P+DZVwVJb+JCNyCqWt1y6HzjAdBpOoXUVkqzHO0DZPQb1/gTP5fx7a7wWbWbx4dq8cI3dvz3xI1XCJ0l8DR/2Utz3HtBeydeV6GCtXx/HfO8wLJMzdsEmZKWLBuZ5MuIYs8zjh/IDg7Dlf/wnRZtdng2MsKrbDpRBq70eRJunOahHqBfHVEDhgl1H8fA7/ZqtXzN9kzO6kX8IuA4+jGQr135s6sUGvLlv++eMYHLiXhtu+lTioCpoo9Mrn2t+9xoOT571KgnXb06Xl/L6UVSS0/5oyO51gTIHgNv6lzAjfo+a1fsIbwbObyCYX/Fnj67QpmQU5PNHh2XWYCSVfnd7ku04U2kBkJ8rbnF0iZymBqhJae0l7WSTI3hB031rVnhtfS5EEw/cGazbG2hSOSmvzA+8kn8oQZGjFDBYFfnaBtYE5vCqefdOE/H/V+O/rqIvAMXd3r9e/AT3zSqyMy3DX/4pnbCpyAH5g+sT6n49CYI/0rNfu9/dp/v1u/vueRR3c56CABDA1NgP588eJhw675+us1Wu2077R+tWyNEyzT2mowNpmwRoHF8dVhweN7+iBbdXlhe2L1lpm6w9qRym7jvgwlQrtA6nbejPN4WozmvhjLW15gcNJlR1rTGinnXBEyN+eZ7S57i4ZZpNRDSGS6svKsbGM5/sgdPHVWx1zcb9yUzhNzWGAWwki+xsmUb1sa1a7yy4izpuEotw6tyzgkQ8Q9NZ6pJKIYa2ZSiauooG6ncmaNyS62HN4LKYeMAiHYxnaVB6en/XKlQ0dcSPlFddt5kF/E2dnEmHqkh4bV+F+In4IbM/0nI3Tws4rFY0rrlp1m5Y8sPbjZuYlUIn5iETVCa0xN2U9QgrxWIYsKi5QbtRuLxsKF0jWPNXB2e5G54wrXDB6q/KV+jhrFlUq07P/EpfszdQriyksjHFHewbqw6ccge+zyO3XRCwtDSruhXXdWuKG4p7USR3ZqPFeb3GHP08OdpszIfoQrnaClU6J6zDRAWBiJKHcU+kkNabDeo7omUpGKxUjSppFpXatLr9iY9C4ppBstjEoH85jHSqCeUeCovaTgHwlpJU11KqQ3sfJkiXE7zZKrdEFRkkJI+ptETG9FZoinypXL5r4pmqrXK5+uqzIkbCYQhIwdFDL2kG3xqEgVyqF12tejzHP0+LlshGLqkUjVg7T3Ck+OxUfUcEWUxGGSXqTwJxVm6X9XIF9Az40I5YDsyBEY6d9O2cVDrOwm71mjkFs/6VKk+q6eUBo3z49gHx4pyambc7WeGebOJe/ML2tE+XyH1YcC5UHIHp/yiam3TnYESc2LOW5YD2LR6x7zlL+UfFgibkabYqpravtUXCpd5TwvNS/VK1BJitM1IuxXLbVnOlA4MVFUHtsRpbIWVlquQ4W1PO5FQ3JChKcGeaSvT0GoUCY0HJH/IkYZ1uNqMtPCaqiL1VJXeeaGQtqIkJmhTQrrcGfqIH6kYWPKqBrJ5YE0NTTG2e1pZ2ddw6h31WHpmXvMbEw6pk+nuwyq2DshdhIN+27PqjwbOcITeuaLcTwRwjjmhdWjUgJ8RIkK0slc5nmUnowbq5AC9Pbyip2k49LwTyRU7IRLwpGmhQXN6V9RQbPiwpLCSBFlXUGIdVjKHFUqZHlSU1AcHgsxXTg9J4ZbKZc1aaXsKFT5pkcXE7qwKXVCe5RoK46dw72wKtW6TMhXKSx4AoXDbvpa8JXnjuvWTiqRjl81qf+oEqVqNW5iC6QAzSo3XTHiFTpU3cTUiBCldWt5uaiIU0VEtY+sEOifqg1kK+fy2+9ZqYsfKQ+dqWSFufGNS2cT7ZerqwfHMU9LN7xqf4fH1XSngy1SzyqsugPj2X6W6X2Z3rSw0oW9ZevhKLQkmGCgOv4xuo0WiSTJK6Zw+dsz9YZllWgGokKq6bXmhLYKtIDs8UwDNrJ1XeiJgJksH66prHnakXJ90jNBlOM8vzL80Dix8mGGucUN6/k4qsArd0UtbrDvakg9VdVW80+m4+TYRypYQ4tKCZpqEq7wpIe0bN0iNEQaYdcVR4+A6mdp/pksSeiEiUD2BXpTgdzUNo2w2e5oxxoncRf/SQV7xNpYM/UB7+g6wkn3uDxfaRNZsN1g364zhweT5Dj+0IzneaGUk/qSir6kF0i2G+hTZkmKfAasudl78Pi18fyOfkLhdPxBPZ1OIfzGV+tuiV335Kfhf0jobfLFjbLm6V6meUEcXyjwAi2CThR3ia0uKATbBmoojwY5QsXNmhS2bOVFimTDRrWkMmpks6S1c8fUN5ylys5Tla4UrP1BKX1/ygdCTezjq3kOe8I52t6nk8bVO6nqNuP7JeeDaBtQFqECungoLKtBNyYbATrNzvIdmzc1b9ZUVbbSioiE1LwZNSgZY6dWoYw9akbD+qVgszxYq3imWEjb3PzkyjFvOxjqOZ7uRDh6BqLQvmTKxZXHJT05sSlmbSxXzzOy/SDlxE0mnPRP1EVDZxRP2vBcHoqSKZJ57pcBM8gkmx9tHCqoutM3oqxBfRXTp9L78J2ZWpfVc370qoWgzHPVcKDjBdw3PeEPcdq2PullcLSPDA8lkylLFmRhhNoybcw5QgTEKy3OC+vfoN9iNUAe8qzzRuBlkc/di3g6Xap4u0KPd9vMSW4LkmonO/Ie2GjTpUtfSHozULPOExPpPuQgHxXAkLCFnKsWfqUC2h1bQDYpjiN88SqoYtmGMpAlwv/sBJxyZB9OjjL49xM4QcJ9mP965tmywO8/wuz1qjmFExhBDlbywijtfgpSqkau/p3A8K2fbm49PVP8dOb4uziJScxW7erGkQ8L+celJlt/tc9E26giuQpMvJmgDh8QOtQfY9bqVshxAlqhyQOhDSLjnuKYxkhbzmyK6Gs6gas6wpdQTN4AGgKVAAAQAElEQVRYW57lCevxamdreaY4OFZj4U6RsUkCOeeZn+0MMBG8u+Cejr6m1he9TE/EEY7xFNM1jcdNgJZ/g6+HyXjTVCi3HRHyzHBhZtJUONoO0U/e1Kp2Pz3c6+kOSfqy7/l3Zqt+/ZC94FuW6QyOnsTIvxvPbFMojKmsez+hJJ9gawynzeRApagmVcsbcW0quBTpPbm0GnvGMV1CPpTldMfUNdrA8IxJkFhZcqq94EuidwiJQFXl+MXTZETKG+t5SWq4aysGJ0HLFuYyfAPmXRaJFxBi7733on8V27dMmfT08Sed3KZNWwEamAB93fXXP//8i1w5altc2Eo90dg1TWtSNWrrNV3W9YH2mzlamPfUsQaEkba5W2gmOpmmWk2nNu0Mi5J6coQiGJSDumRCSXVsVbODADsHucHOkzH+aUfS0DzVl2TpV2kVcaNTsIkhzWmpYUlhIqKlF1W/ea7x8hHac0P5JQgy3OUcbRXcgCf9s67lyQ1eyLQhysuTzLSw1keUuK1nQCrjkCxfaXRKIS2shFp5Va3FKxmIeqzac0+P8Dv6ORij09PuMEKrV7Ims10kVRnIqBHUtxAcC4BVI9VvDnnB/HeM6KTnlykVR4W/4Efg6clxruprS8+smJxYH+fJ/UoOkm630qJ2tTQgVWPT9VGVN0f84Py0tZ5jzR85JTikBRGOx6L72WpOUqDMOnoyjytlxGhFTARKrGNGLCh5LA54xgwXar4nJ6xAerMpO1c9Am3W6RLncBHxPBN8Q7mxc1AHng/J/QH54D096132g6JRKUCr6yjtTCjNk6eJWg02pMqtpz6qKB+UgriKrhCV4rWUvMky9thRTqYrrBww2eIRxspR3n9SoA+rcQV1zjjpwqxTcAuh9HEZUYQVW84x3lPKXeFIzIuyya9CCijFX2WZtNGdOAfMoXuJutG4muQeUUVURyNRpaIiGqUOo4wz4/D4Cjv9SWE9rq7oytuiLzK7iosLSpo3KYiWR+TAhlSL6WVzjTBVIItGSGWB45ooE+wIWqD8qosj4RIZa4BeUekWq7ROJTsZPU6JoY7LXSXlT61UKsoCoX11PWFKl9KZhTZrZJ65bAHIMmDm+SsdNWAsyHxW4U6Uozh7qjoFJJUWhgrkbGFZKmNRylPOddlLLSqMFBTR4ESksNAtKHBZfdJNsZppIR32w8YioENCsgDINJueoDV3kqwkT96W8V/QArOWhLUoGNSe1f/0C2QdGXRv0Vhj2oBgy5urENcaWbbvom0uNRSm9DjrKKQk27DSylSAAFmOVNeZBoWEUmkpk8NuqFBESgrioqTAo8wriRS7BSUF4SYFtFE+32LKqwI5K9EEypAarxwZoP/FZTcxFuMxOJ0cNf7laSHcC+sBQ6EDO+gZqCEZTiWuBj4dFcZJPq2QmiKgO/BKxuVOvu4aS4/9OI9WiJB6Px1tfmojzvH1BGOH6oZVt5Se9gLXtazy6lNhkUg+oSzhwtlEhVKKqsomGpf1Rcyq5EoDcxwdq0WEHNtl0f+E7pezac3RdTwdV8nvZDkhvxUmndPRA7q2a+fZMuboRtHEZ9Htqe4DmR18g8EL7KW1EpHQo3CMqGm/6p6TtubNeTz/0KBpq5vXxI2MiRrEdyW4PnKCieEhRlXLmucS1AX8LNLiqYldEZclTRcDegBx186bjDu6wlA1nZ41GworYdmR6rMvQNu5WXJcUE1pl5VwJKyn0dpno/4rS7h6b13ZTrhckZLsXFRUVFBYRENtPLXfuOCr6Eu+W7jJKxEw6fhddpwEzUHvpZtCxwoNWgkyrmeeFxAOLHwQ1xZWK1VGlReoo1RDFziDNnT88pfUlTFPOfuWYIfH2JT6RTM7CGMgCdOHst0c0/UKePkHTp/YS+OK1gl2Ee1+SV/N1U0i7OiLnyYn2M21WeSl3qlftaa7ZX2Q7rzxPD/VzUzTc09GX1d3U23WaeuJDMzCouKS5i3CzVq4W6LSnhVUSJVUqQZtja+u8gUOCS2emrQqN2nVkquaUGgHCzNVh6tokyWuGTeT5TZuhzlVm6dcHATbUa5b4bI3qMPmjtSEYuXR7duiO7aHC4s9nlpiIl8ow1PdmpkcJtsc6QcgAqqV6k7IET4+VLlThDl8jeAtHACMc8oWfONmqixkDsGku/m6MTCvkX5kukPiaSVLtw7c9fGsXS5YdlQVrV/18ahVOKzHFLmjRWOVNqwNj36Zd0vrUHHV/Andv1DatBm+4vpQBdhSNlZIKevmRjhfQn5dJIzC4vg9AseMKqu4Qp7yVqDUhNWcDF0RWH2Ip4rZ4u9qZYfjkvDLqSajcVwT9g8Jdh3VPo41Texj8JLeFPuOObY19Au6SHlrPL/OUJt07sqGIaKmPIVVQDiH3R+CdZ6t8UxumZcwQa7xv/vtpWPfMr8CcPzj+SduIEI69J0cpOTSFPKvJvzTOwlnM6+zECk1akB2830xbQ5w4XK89AON5nYd6/sdvBHtW5aQJYHLBvIpmEt8GqPS2i2Jh/sOwgHV39OmZVacxEvrG/Vra1tE2CYzuZHQKOqr6UbOMS8Y55cZMDBlzjeUFSEepxRaafQT4vmGUuJtBPWVkBVBRHCqjs4Lxze6hF//h0JatfTM7Xkm8Y6XaAIETLVglnn6vbBJNam0d+4Fmi/PT5IIGAy+ROyfxLZwnpOQFn2gyTibf47ObPveBMqr+RJ8TkmPRuj6WwST65ivIpAXjv5rawrOgJA1UwIvasCoEeYcdipE0Fq2p/anPgi/QOp+k//NFj6R9HYbc0O7U3hGU06sAJKMcd+S9azVYhKUWraF6SaqsC8hz9QMphClFhL/ypW9gYE06GvZYhPcqG1BL/FrwpWE6H5It69XfDlv7txzz/+paPQ0HAH6+BNOXLVqtX2nVYXo+lUhN0m6H2YbHolfQPm11iWH21PhOcFqXu1vKn/PzF8zO+iCp81nYRvqgDMHB17k3p4aVPFM/es4/ic5kVzV3NZ08y/NJ9V1j45BqbRp3S6rafrGX9kTJpiR6vArFyYOEK30OK4XXMe80p6aJc1RTdWZ6UxxfrdNq+d5HGGTW0KOQsA2n+6FsaCtJQXbDCoLLcxWuIpsEDb2J6uv2naPK18JLzCnS8+BD+laU53ddO/1dN+w7m/pvOJsMZW+qitsMD5OM4eM5pNzd81KAxyhWFW3Id074PhGrqsnX/lO2Q4PE3DJUvqo1KCs/W8yzDUn5ApeusgqIUDqteykwHGOTSmzdow1FEggiHH3QCrYMuK2LhLSpVHHxeQ5ga5Sk8Os1EdU5Du6ltSpTYQTYR6BY14Sxxjsspel1E6lBYXjjvbiZ1zl7y2nccZk4VT9CHXtOHt4C56P6UqXUraRtD8k7RWVEWHjSsvWg+dC+j/KXqCrhDcdN1C9pXK6m6tiVpjm3UgtnmcjLbIfqAxZrjaaN4guE6MixJ4pKjs5MIX/+phhIRWeJaR28Ezt4LDWEo0pDyb1DoU4XoFKfUQFeKSNpDVT57VAFHiqvyGDjpMuH5WDBIVFhc1aNC/cvFXqbapOKaSBHBUFUWmv0ptYBSkMK79SDnIts4hej4jjFEZCRUrqUf0GR/BIjyoOrilsHj+VMIf0k8E8hAqPo7vRrAB6KvKOCdFg7DddCejIlxyFwjND2y73rDgmuowCUhQWRXSTERm2mDToAjnMJcPXyIkFlMvS3VqGt6YPhbFwrJCyPuwWu2EVwt1EhJchnNXFTeAXWS94rHnrKkbXUAG/E2GtQv/BudZJ2tQJXEfzKApHJXe8YCWpq2zP1sjm//zcdaeBX0wVk8c1lTW/WsL4XKuOJ3fRldQnnb2V47z0EZMDJaq6iai9POqzFoVEM/pPSZgE4VCBUxCPlIgwPVZ6uCob1QCDqoi1wedq54CQiv7Js7rZnOM0yy5t3OMw87pKNlKAfkXUO6yqdKGVANc2cLqPw0+X46dr4971x4oCUoqpGKwDOeevdi7U/k2efQIqL+OujTzncL7xOBh3+ktoMCzkqMkHoZ1Chp2m9MTMcKmjW041umNFARODUljFzLQmqkaWTl6eMZltJ0YXGS4ejrF3TY/CC1rOtk0N9EC4GuGxPd8E961qxzYTQqS3Z51gjzehKHLy/FMFtAYvZCtZE++B3xSp1GhFRs1kMQaCdSE0/o9agPa4o++nzr8Jtmw8Y7zorhOH9wirWPieaQl066ZaVhmDOczRG30B2glxJFPrHOqpNjGiYjpGCgrC3NAETTEdHkq3Jpw+NYUgXFRcIKe6h01UI+0DbWNx2I6UY+rvQKAGIVI7IknPQwjTT9KZwY/BSei3mRM6Rp6xZ+WLe/625OJjziqy4wXE1mApypb2QPmxnRrPWgiJnSbTO1emgP/0/UzTXUIvsL//Iei8bYqJQfg3KRIOSrxpJ6HSTXO//i17iep4YOTPvMXmTdWvZmWZ62eMeoNinuf3j+W2ooKCpk2bFbXcq2LHZrdiJw2HFsgxaBFVaqGWIvTYuaPlO67v4hzczFELtMTNogKOHvjztGGsbRU1sUC9y6rRU1OLpC2jirKrtE3ldBJSFabsB8jxwTAHRKJqncbKyyu2bilqHnYihY7JaF39SdOBfRtU9a/qWB6d4hlFwlhK+n5c3X7o91BtVqHC1KzAEHdPrM2pdHZlj/jvnH1fVZ6wy4h+i1yOw+rxiibKmORwJsL3qJYz5BzW9l0/KTpkpzZyPV07u7ZzoVsiUyxNQRQB0Uy3TzaDjJDhWWdobXL41qOVNEycENPK6LUoeIUK3lFVMDQ2VlhIo2KBYih0H9G4BzpKWHV1kfUHER1THlVC3IS3SQSqFZ3xPn4PQNssTvLPujdjirU9k6dfYF3F6TdVNdbSSJGTBqUpyJ7j9macHGohJ/2mxAbQmg2mJfVvRDdY+vG6jpbjdNMeEDxFSoPs1wpJeCKp7vOT5Oeh5wWeuzqKzVEvkD7h+B6LXHr8LE05v9nuyGmLwtanthmxiQtmS8Lh/rCg46tU3NQL/7NIg+cXF0en2qh+QZXPE4FqXKQ9k353tJSask8wNfYUjl+7CD10ZTLbCbyOTqLEp+tGm2gnkAL70Td7+HTBU9hKQ6XKDZhTnrHWHC/9XeonY0Vnfy+z1d/gz0Pyvf316+uXafOLfs2MYZyYg44ImJf66eqHLkwACMe/QsKjC2acfWv4j+MkBCDy21ehXxLHClgmNIWnBRBTN1llyl6By7vZ4Oe8sYGE8KfdBxoEvxx6gYrXMX7JwlfLHGG/2IcVeCe9oBWUWJMb+9AUsXQVVGK9YG7Es2+o4z81+5Pj2bBeyW9mNmyF4aT8oGtq5QMv7JW8pJTqJs4Llu2mTZt0atpkyqSnL7rkMtG4aSAC9OE9j9j044/C8c2qYB3gd/Z0He3YRtsvWon1lBDB85gmxLRhnrEwvJDj9wbMT47WO4whZqoDvz/PPQUTPsMxBpFpzHhqv+krCS026L/KSbI8QwAAEABJREFU4NWp9Myxtunw+HJ8o44Wi9X9y0gaIV7wTroj8lJUpvbnt0h53cXdiFmWz1GudK7WRFjM4jgK2jBV1pvgden4QizZKAk0xPUjR5YI6djNvDiaUAvjedxt8eKejTcSjcUcnt2ubPo456KSllw11dxzOOiB9hlnGVQJn1IZZCtZ3Z8vFtgWzjMNk7bIzV2p4CGCRVAZzFrtEnd4Lbq4ZycfCt2UyngZYR022LNKscfRPMIsXcbZw51Trx+LEJ55cMKEo3CEnHysCp+K8eeY0/JZlSqpCpFj3CUjIiydXzwTy49bJx3l2zOtiX70YSVDxpWrNQ8I2FXahNDRSnhtJrqc7H6o05luuMNuOtIdR0VZUdPyQ+ZV8lhn1F6TyrwX7B/j+g2hilsixxXkgpDSy035Bsn0e2HpQMrBW6RfPhd1Fh9kcBXlWi6dbZQvO+ur/jtimicTwdBRs0Q9PhtJfTwII+Vy9QjtwkDqbZVuTpQkOWyjRj0oe8O64ggpV9CYmgHqmXyXLn5RunpBRHlzeyQ3k7pfovpSKiij0mOjUUoudVqaNmkWkv7jFSqsu+wCuI6apxpXq186pMTJILk8/VI5bocKw2qxTceLhERRRDqWh7nkhkO68+gqR3QVTl2+ViqEicdT79VEXZ4QzJPnZd9aTongyNkyKLIpgSqHpcuzo1ZvVDFzuJypSAg86hJRQZ5LCkJNi8JNC0MlhSEVLCIi12hUfXJBipWccqDiacfUunPqsyfjo8jI0Uqzkr04nq2oS4w2nB0V/YMfiK4ceUhCFRjXt/b0HGFPlyQv7lfN+k5ttHa5T8gElBTa0HEChrgn7MQ080IKx8wy4XjcWr2wBoO6rGv6bCZAivae5wDsKiVxPX2bdiigmq5QzggJhQudpvEi2bOOeOF4qFDN8wir8h8uKAjZMDKOWqaPqo04j4qG1aiAq5xShW1FuELQbqoqlhJXPBwswTRo+mvI2Fh6YMVMKNdti5xPzO54Hq/RKoKNo27xZEVqPKP1JdQSlfw2CmGCWoRMY8Q+g2xeejoCj/wqndTkkBuJnPLtj5HqHHZDPJwnkxvRuoNukHX3VFjlUjvBuborIvRAVMgEEBcWq6joJl43HL6daDw1HNu7sEa6dW83z0U3un6jr/v0FiedlJZkK9tp/frMgTPYJkke7rq2K+afJPDV05OVPN0dCQjQKoN4RqweFfDMLSepiPqr65mQ0sL2nz1TlcpZIWEdilldSCrKYV1qBa846igBWq9Dpt8YT6tKYWrLCgsKi0iD5kWQE7ubjgkPrRsyOXOLhGdSB00AaB2927FtnX8vtsvumlqA31ndEfMz3VhhiRgzynFM7SASujGBfqEtafrZieAz1mpgYmEQIvV7GpLUFC/R/9dJlFuSvvrdKGHtTWuUmjqRJ2o41tLUE1p1FeIEO2Qp5/X8N8eUdl8ItPt6npnELYTRCI2UKBL61o5Rf7xEJZonRdv3xhi5CVlh+tbC94QOtArJ8O1zUBrTleaUa4XNE4XhcJMmJSWt9or9sNbdsVW2cbLVcZW3v57QrVsooc0ydZNxFlqVEatmBnFa1bmdQLgRloBVdamjQzi6RpXnVqPuLr+oPLHE4UAu6mNYnTOuzNpwtLx8y9ZIcbOCgiI2yXQNLH03eA1cOQQsdL3ual8PW3ELI+Cq+3eM1hfiNTak64CcqSV0kBL7sDxtdoX1hAe1IIxrY5w5PGMqFPJrE/OYuEqRG1SIHzXjK8S37qjFXXTvyZrOIf10TB2n/ob00rfcwVErjPBj8F8DR6vGbKcXWH3B9PLYOA8JM2fUeobY2sSkgCtQK6Q5elalMHqP8qmQ7XhREY00q/rZZi8XNl23cgEIaHK67Jk3hZtB1y7EYu0O/6/nJbySfAF+x0MBM0V4wbbFC7jVecFD/WR6jmkJVFAkHXZR8BofploLvFBp3ywv3U/2pRaObU3tFlOkdK2TsDPPlAqZouBo1cbR3RwlTvGj1G+Put+QsNtEQDc0Xtum9U5KIe/sJA2QBW4qaXNSu23qM9XLtNajqWiDYhO/kDa/gnKkuQUv7VUT2h1jm+nRhWA6rOzIda5pUP2n7RhzxtbbQiQ812Q5mZ8M+3mzB7+TmBzPH0r0/CKX9JYFb8WzqkugKvITyg2udcNNyOuUp6cbOM/0Beztm9fHsakUgTYtEV9pEX7DYXVEvxnWj8Z0tE2KuYK3bx7PteSXPPiIA7pp4FaMRSSE7hPzGQW3FE7wRvUtOVZxDVxUp9wqV8EM820Rc1VtAdis8Ex7bJSOQI6YTNYn4gz3G2h9Q9a65C2OvapnXgwv4akJnVp/DEW3pWy3GyconRzP9vOM1uxpMcizdm/yM3V8S8/OGXAS8pJv2Prbp2Aegp9v5pbsljTHePa41PrQGoMi8A459j9e8Czp6H5It2mTJw0acoloxDQEAZrU5y1btlqnWokn7KIZvPqcbzazz4IJTMG7cKkNDgpZu8JUCYHaztOmnvzoGhtEBZBV7ahr1GQ9DK98QnUFx5IH/3OVT6idyhqS/XOpfFG3rEDdi5GqVRQLrsjVTSjJK7hwhzT+4q5eWC8sbTnllqqi2SrFWa9ezPNp6RQxJZjxlFkVco6d/5RkEA7zgUoGj8uVqcOOvjPz4hqLkJtItVCSsD0K+1nGjqBf1HRdm1StWcvEhCMqcLR0eZZCnu4wCxUOWbeQSssULPcIGUuBu1hmxM0x8odr7SpHuVMoS5TnEPPydMpfxAnpGpJuX8VtVuENZHpdjsQgf1MBUGw+exwiWcaKVoaVa86pTPiwujoLx+y/JyMOy0yIqakgrg7BLb3/4mHdidYRmzlUJqWtsKDAU160MQ6Hp0NeOyoGg8e3opZnJ7FP7kBCIDvc6LVbuS/E7nJaEtX1Pi+nLhPiyFh7pJDyEyLbWqifPKV4OWqanq6I5YKGQuUGFRzKKLqmDFQYUeIeJYvyLeQUSrVR+eA4bO57JDtGtGOa7F/E+SZ5Hy8mlFucEpLN0uSedoqX6q6VRLiQqQLsyfmQal6jp5bc8dhXRb01ngpXq7oZpAnLKNJxFePQEzzQwYsdypAC5dFoXHkgKX01Ll8r6S+v/Ek9GcDEvOYh2q1AytJRN+aVV1SUFBWGtX+ffNGkW3W0gt6GoiYleoRA65wykIKKWxKis9HBlFGFRdLB1YtH5EgOKSuUHxG1oJcrrVcV3yLsFkoXJ7lonXAjjldcEOZWnvR5qd6wj5W8HaUVs6OjdvvVJpKaTiuzi66lFtV0lMVGr1sBVyxyVoHMKqvcUvVSoVR8pV5zNHZH1xXSA5vKOcc+CUkFv0WTcIviohYlRa2aFLVsWtSkSaGsLhy1AhKVkYjUoOVrVaFWtmfDgMqJVFDDTgFtiMuKRQ4+qXg4IRk2wVOuVzx2I78qC0QtXMiWj+x8qniFxuMxrs07KVbSAwsbo9yYl64SzXXh4QEfJ9AjCNTmsgzEzSqqehqx4PqFc96MvwuzHqC2xowvqJLclIos30fl0S4Xn5O+4HFT/VD2hCJx6ekecQql15EaPQrJIOyePIMKs1MQKXR1F1b1sOIq+DNf0KPRL1eJ0LyOsxZSVNhPR3nViagKm2/EPDkq4Rn1g2oI1srVLcmWyWV9X0k+PAeFlwH0lQRXxy41Tnw68A8PSfGoVigUsv0JFdjdDn/y0wmZJiHEjS4bdBxViA6VwzuxGL32YRY2VAZGHT2xJqQGVUK6oWOxWcckZlPTUQ2W8rSTyympmKgcisULO7o8cIPF9akayfL8KkVb4WyYusJ46KkaNhQwdu1YrCogdvlOoX3kPC6E3OyZn4zl7dvrItDB4c9a8dCe5n546JCd0GmE5qCkq/uT3MwpBd9MOhKOCASqEI4eXbJn4ckWetqHp+LG67zkOzK9OjW2pZYskC2eHilWs+ML9OQe6QYoHZPDXFGEHBuYyPNdCA1swxQWkvwsg/FEVEgN3dJzGfZ87Zvl6gK5f1GhUp/DWpfmwdAQd16MzsBdFG1gCF8+T5fhgR6kYyoWWwk4jt/tCW5O/WzMRU6El9SBcPVzsRcVtpdVKU5AWfa8jMck/eQEColOgyrzSTvoPqvDz8gJ/sT1S5qOluc3Krbe8/xeeHDHNCnmeBWOzlq2cR090O4YP0QvKWP97pnJSCehy8YpEByRWD82z0sY7EnNHBZD2ShVPQEZcVktdBEnQ4r055KWe24rLIpSsygXsiAZUy4iopTTkG5fPRu5WNYj0u6gXVWTQAU0FudqUEauicj1K0IeD7vK8UNlaHOUsHhcZQK/I+qt94SJpcEtGiWPalW5jq+0VOPUZoTi0msh6laI0I5CstSoVxaRVbu0H5V5Jb0buNmmjzKOvm6jYsoSkA4f8pKqltSCsHq1HaurqJHjeAWZANIqJ4MkLvRcNznbTMet4BlgHPSLI1LIEF90m3Jk3YSqs0/e0TMLi5SNJNTbG2YBWBkoqtXhalYO28dNcxGSIeDZrA/5a7sJ60rBq2GHeTCKhtJ1QD9hxFodPIz901Up05eW7STngzQVKM/VuqhhnkumJQ7hBSt9ni7I3UOlj2jPcLpGgTRZ9cI8ui72eIjb4baWzHFpCIiwY+oiNoBdI0LIOXZx13UTLBFXLwMuPG5YAx7StjBzQvWEFr0tueTrjmXwLRD+SxrixpMzwIlwL81z7KJmwrPrS5q30rxE3HPSSqKTpK7Y99NWJTqFxitFu+lIi890l3UtKrSmLEyH1WFXCmFCeHm+YRJoUn29yBNGohK6L5w81ycgDzlpUh0wWRKzLU01rKpWtb66nknp6uWLTELMRX0B1GFjI6l5chw/deaY1IQFzhe4BWnOxtW6Fxx7xzyNQDtobAKddcG712qckSoCdauw7aQIZJngaZH26bIVEGgDrJXtt1/6P7ZK95+CZ//DkjJPyxbafTwtnvFR0UfbG+Qnr0V4VWV5psSaQuYafyxd4+nWTssF/oPgbNG36NlMs/Wknxnm5bASrWMGdIUabrNhqLnJC+aJZ30FjAHi6Qs7qfesqxvjP8hiPddsZga5PksoUfr3rLuxqeH1RydoJ3im3hNBf3GuJUS6Z+CqHOZDtEuLY3pdrqsDvnk2xprDKVf+YWoc1uUgROoiNlvVOI32mzTzVZ3AjEn9yMx3z96OtWqFb7alWnA6O8wNW6M66UVLegCefgCBWsNJkMITDXnPcUIiHUHR0FRIfmkTmeRnRbeuBzdyDbreC9DHn3Diph83O1pTNm+dMlT48bsi4PwmCemNAaNdmMOE6Zry7v6sf7+pMx0c/mzthJDv4uCa6UP8Muj4CsrE4WW4dL2pe5XadLa1jKeDPKjgCSrQGzfmKramx01ySHmkKnc85fupLDbdOIXDco2fmHmBVVjROFejblTGA9BVpKph5GIsrh1u1wNWxnD1jKeScVlQE+qFEqv0EihKFpPabiguI+pxxN4CNaWQ7RX+v54AABAASURBVAvu38jzxLXgLjNLrSgopbCw0HPzucbhJbn03YZUuFy9JIn0CVcPWJ4rIvsEOv6bvKoy+sPaM1H4wVMdHc9OhRcQbEHLpbDCIRNiV3XFpZux4xhXEBVTWVdkjnanll0QuWYgGeKeYNGTl1VS1lRITYyUMrEUEpXMH5fOxK4KNczD/nGdFzx/nGdMq6jcjnyOIaF9Q1xHP22OPKhW7HNdtqQ5L9UyUWolOilG8yptjl45QdbyHusw1GHYWS5FUcqfcNi85mpnVwfz5hlSIfZKp2NkFAklzMlgC1oLkJ6lciGTCI9SeErMjXkhpdqpdi0SCdt8lPmgVtjzdBhlLmmUmEJXKa90ibAOziB9kDnXlXKu1GpV6EhTDEU4ILSyKkKOssLU82XDVe6qvN05+oJqGTlYueo7hlXg7DiXYdXF4MVbQkpqDyl7zDVLnLhCuwvZQu/x2jlh5Q9YWEjDAzHKABJXKdGx8oqS4mIps8gF9+Sq9DKiBQfv5uX95NpBSgujjlNEJl1Gug3rIqCLtmcCZKtOXESFWpU6scMRP7QSyE0jR6hU/Uy1DKPLp5HCkfTUVv218pirJ8WaFlS/yLw8kl7IVJYo5SAe576f9MKWhVK6PHlqeCEqu8NyE2lCzQoLWzWNtGpR1KxFSUmzwpImETUJXzqVh6L0EOnG3Z0RQWXs/7P3d7uSbVuXGDT6mBFrrczcP+ec76uvyiULJCRsbHgB4BmQuLMEL2Ahi9eweAdzBxfcWVgIX4EoCbhAiDvbuBAShamyyuWq+n72zswVMUdn9tZa72PMWCv3Oba4YNd27NyZa0XMmHP89p82em/99uoKfBphOR2uMyO+OmPowg9sKLIne9nTShh0zV2U0DKJ96K6icVUIneQCTnthpkN3RT5RnG9uiMuo9VZEtQKX9VJkOyMbrory2a2zA6w3qaHM+DVBd7gDSBs4HwGmp6jq4f4uVl77fb1kMuHV7mJZYjiOdAE4NfwqeHbA/huIDMZoJBWDVcs+n2Qe3pkWT9n6nBgHqhiaZaIKM7UNKYs1e7yVPoEKeH8jy0kJB7tydQARQR7MEAGDgS7vPPkykXgWZFctiMdok2H5ziZUWIijmGgPeGqk4jfSdsAHzho89sFB1bBXTKmmxt7+QJElElBXStAyGWPY5vbuB2LL3itQ0mw8GzwCVtmjehc0qPxcsvi7RhcSgKjOE1DVw4S31F6D1RGOhNmi2m/WsBdPlgBB/WRJ/BnCQUuvvSszZRmR1q/Z1BbPqboTfNJQ8zD083KFEcIt/JTnIxBDDJJIqLpqG6KREESTwC/mwIALZNENhICAdcRLgxN6EHb1Vi/AUehlsA6K4YdkM3Ly8frITFxgj4pVDT3e9EiWZgriLY+kOrrS5DeR6z1heYMthcBx5b15LAFW1sMMDktD55IOpzMQsuxXWEWzpK1b7kFEp4a6TkjrSRPe8SacyEtN/FfcDom3POtr7y9YEGIdBktzPVv9yVU6ZtteIQVqmdWHqp6v7TnGz8PWpXcpwDvlOjOB8mLm5l8eLs8v2W1zybVZZYTUTJ8duDdMaFVPlg2QEWgkbUXdTLay4fnTz/+4Z9/9/v7X//zdjsgY9L0KkcJuVBxXk8cA1KYdbE3lUg9RNbGGqhpG7IgqvYWKxQJ9wujznHAg6Nj40lTFzdeA0E/ThND/92hDzAKcExev4wvf9U+vNj1O+TQ3QznVocIux8CUMdHii8rU5leiHZFBsX0Rv2TuMmBcAf+fA/hGAxbiU1je8ZbIRIusCB5+HlHFsNGJtZBE4SFvjUrqXYHHR9S+BM+5NG4ps4TQo0m7sPozJss9cPHAQ9brmDQnSgYm9+i3JZlk6YOx5F4AYVrZxA24xpQB6WLc9oTCWPQSU+ZgOLXRi/sMDLD+sJgfTjk2PVJ5wem2aUUpHICDwpcLNTZdWbKAbBEbXMW/DvM9HsfN9oZexzX78y6S8mS2PPcbo9iIbenrXsot855iy/aipxv0TelOW5YesN8QZathIy3xQsuBGXqtHwoPvDTA7VFC6jS+1gGkqAafKubs/NjxsUuCE4r3oSTKbc2Lf/R6qff08xOV7QpJ+dvVkIu7+2Pfeer114qggY23HzCALpD3rrEWFeo7MOANm/f4BR5sFkFDsDW53smR7olpJfy2k6zVjWKT3f3d36REDH4qIn5rSP+duzTCCq5XcsSP9k63O4UBBygUQR2gVRkBTdbpDrVFtzvliCeKr6kLq6ln1izCRH22V7TMWqmCdky4YvOP2+aNFHMFc1eJiIv0HF4UqfO+3oCQdlAQZ/gqcMNu6cFwmeMVsc+sqA1ksuY1l4i5iuSJU3RGrncqFiX+Y/PaSNqi2eABcXqaZMt/2CKKruuiT/qcZ1iUpRKQzjNSia5ECzJb8VKPo50ppDzTrnaZ6OyqWXm9Tc2kKXn0yYuN43MptRtEtv6zKXIp+vZuRjytpoKLmQr8Xhqu/mjiPC1Y+kFVI62+uXnL9hJ8uj13/pX/9X/1f/yf/Fv/I9/o1wcv24A+t/6t/6n/69/8P/malnlptfRakrKeqV6O8npaQ1k2oLPCGl+u5d+n1JzcT3mYRxRQhlJCk1NwGXQrUI05BDw2rRc9yFtzaS2LdPSeyXcOuVvqTaaUI1ob53W8yuXzXnuuDMsDhFM8MYHjT9E4+Hwn8GA7rIyD0sUQIwR9MyBGatUg50XBntahRHphsirQpK8ZK8r1Qc32RX5iidGFwHX7XcFIABmPaNIoX2BwsFJCN+1B+gZAZ7NwUMLTwOTtpMQIeW5YnHjhuNJQVphWzBYmJaf8vrSYLLyiPA3kMH0miTNCIm0xNCcIpuDk5MMCuMMphEjBwLCRnqwnuwCwuJR1A/ExOlYEFfAcG4yOzCG951xywj0bStpHi9u9H56mYeKlhI+FaH6pJo9YCBQfGaoclaAiZOEA1ZiSiROILaiiB2Bmd8RVR1pmijHhh+pg2SIkTWQs6/cWJyOBo0Ao+4wdGNT7nj+g2aAycSUdo+FMpTlXdBO4xpEaM5Q6E7qAJpm0WVjRvkxeKNXOInXzNIx1JgAp8aO2ISHI+scAdfuxIgRe6ktfPz99fZ6fX09sBP5FcANjxters9IOIzlfUFoPDcYjZZN6QBAFmnn07+S3eWM5KbEMMCRDeAL8Phx3xn5fcDccaZx/HqLwCZsPeDeEZBF8Dm6OdLAluvYhbY3zD7DCQIiPtzgr6hkeIcbfbX24Wrff7DvPl0+fHx6enm6vPQDJyIjNorwBRPy09P29PX29Uu4xs0xpIzqb5YVVq0xypbWKgJ26coaCsWNWCmdQHMac1X73MuclqWndZ5mj8zMhCo8z97THCjh7SwAxQ9caYcuTwTnJQhqNEGgkueyxmgqB4xJ6yKYO01HVqjo5JvfD/S52a21r26vgUczY5q2drofDL4dwgvTwJRe2IfKBxpZ8R0HqvK/CdGmmTuITGLZMuZLj+iqUisxpmChXLMlfpUUjHcQ/ScjsgtbgSHrFO0sL4WgWnqNiOYn6q3RDZkMyKNnBUJKROnTioSCZ7bFRt6OQ4q9XT0KZiEyHiH/5eml85uG5sDphSOfg9YrNFsAzUwXYdERmxa87wRmFtVuckkkInJoptBIF4Cqqi594zAWoFyGgCfLVn6oHAm5So11YPB5r09T80swpIcxYR11p6g7LOF6AkEpy6cFkUBG1gpWon02qW29z4UCiakcIFddw2z7TNx05bfkZmNYDjivyATWe+YA9aCWeXp+er4ynFkr3ieK4Z6BOBJ6Ue/1eo0CplsyTW9b7+fAmJQhywRMn+GdFz9NeZv64PTKmX7nVXthXrl81P601y9fmfP1DgZdr3c/Wr9i34Cn/+idW7PH1q3OfUvF094Mkb/9CifY01/zZdItf1ebTjjQ2+F3f4xOspYk9v4LnVFnS09oIyceANONUQLHQvv+xx9ffvyz13/2T8bnn0a/I1lGZDDxFFog1BpZlDOYpPBrI6e9xzF0kGjR8gAIbVaEqtOFQNsoFYzyzFWlgAZ+N1mPMVA4MBNoGqUI/+avbh8+bR++c+xyanPvyBlRRG3AuDAySUOkqOFceJL+cVwnA55xiwNZcLeMzmgJuIiri2gt1OxAsMMO4dNhaUr424JZOrsHS5fCJzk3Wpui1j3PL1uJc4qwnCJYgl5pfDjTajj7qun0XJc8Fh18bFJnOEO3GyFnm3bipkIlSpoBEltUbDL5XQUUG5M0EMi3ffzw6SmsHSJc1lLZydXB4EQkCM8cQFF4GI10PDrZDJ2nwsdlN5Oqjgw7HxeXKThSqa4CI9fOfDNna24mP22AZTuUVNwFwGB9IvOJYKOO7fvUgzVRWvlotBTQ2+3WhO61gqcJ8C3XluTWN2pFLu8mXDnaTGhr5ys4CN+S0+VsNyxiUZJNYb/e8nGArBw9MYXTdkn1e2pqwZc1IPamTZYrQynE7F+hoFrjBR6eBkZCMY2A5d6WjclVx7yb+EA2PbqitVvjnIPi+kc2RJNwTkGZVoZnW06IW8nqdZnk1KhLJ8UqwT+1NS3nkxryqXht+WL+0N+sN8SbjHUZsBtKMbCHubBlIh7mpbH7srrmuk1zRGrjTVFBm233OY/trKk0tVpJLWPIgaY063Pd2Hs7yuxxvfoyuy2XNa8ap/P2ksMtG+3Lb5pQqxtxLddITRPinPdvNWxtVJK97gVJXwKZTzImPabkEPqsdp/kWvOUK7n/0tZIc08TIaYXq47n43wVguq8aeI4zl1zQSvH0iDwdaRbWoXrOfzclct2LqC+xnk9gMqOne2pNL9OY7rG9bdqxfzef/tf/9f+vX/33/0f/A9/izUJf8UA9H/wH/6H/+t/73+Tx6ir5UMUViKGErMkgNsy/3kspgiS3MpUHgtb4kn5LHrOGEkmldzyC0tTkAG27UrTHkNiTpFEvGwoQkHIS9pbNl8CraZnxG3rxJePN68Garg2iNZtpGxDXOjY6dYhIJeWRryGvOjayy6o1qeJcbTvnoF4AT3AmOviYvNdbG2IswBxHtjjLM8fjTpvsGQJ5glomosgkp4KMgX3WYuRnTTGBUabyBUGn1a1kkCc11n9DpF6nBA0KagmKHzCvwDTAuM7LqysiIzvUal17PGAD54JFj6FuICGjP9rjAkD5ouITOakBKE1gjz5LxilYzxgInuWU2B39c7QSlFq9j4ICTDAghA/yW2pIwVGom2MxVQUIuaNi4vnzAiwJvczvXxGxzS+Q7h6KJUGvhdC4PAWI4gbkB1AkVhi9C9QPJ3C2wWyh0W0HyAktcTxxTthPmH0exeQ0THtSERkJk5jCCF2gdX2bQU76CZL8IGM1DwQZlWs2KFYEdEJoCue+A0DmuiPXPoFGCPtmVgRuIRLj1BZU1gsQ/uxNoff2J7Xr6/xz9YyQTz6jzUWq+p2D+9i4IwHUfrBtnNAtl/isv2CmJyRVqiIbJrHE9kFAAAQAElEQVR4B/fpYTTx5+DnO60uBWEloWM4FTGId/jGsYovwYRxeJOvAY1yRQ0W6xTlDY5JujKdAhEEPQaWb+x/su4cnQo4yxEkG2XiIiAsor1ervbx2V5eAmWObFSSwcbBVsRsR7Gx+4E4HfDR6/PTbX9VOmyUEtta5tEXXzDiNyNqmLsZscMZGKbNlo7Ios7TeBS0lv8WPmJVWKLJrdUFzad4zxyMfZQcr/u7zHIZ272XluBBG4+UgBlrCUeRUeXcEkS4wSG9be12nAa4v5q/BrdLcDrvskLj3KDhkMnLtCkElycAAgw9AehI1nAiIp6b3xhEzk7AV+ZKFgJDe63tOYYaLBzLgeM6Ys2wokB8NBJ0SBw5uu8FYeykm0gsCkQlgFFY9lAUolaKtIxsKb7VjeO0NOXWbLEjtkNfvbT+dBxm7CRRWfd6TXjj4HdWSyjFKkyD+yVgc47ZSGwAxwk9DUZvM7WzrSO2LAMF9tSbEiOn1ZjC2E7me32gxUqRK7t/LFYov6TtSBSqCZcqN2Ha2dXXcmFMqa90DbwM/UYlMnx5UXsLmSHxUa+yBVkGjbn2sgTa1Nrk525+BjqgcCCyoFzgnGyoOsimHjrwsl0vYIhurdA3bKqyBeZgBIqNgoVPF5T07DRZ6rWYPusX15e1919lpVn7Bo7yjVe663mf9+LV3r457c7VWfqTH2cLpvwGTWrrAnyLPq+L0P8EDHqBV5Y311V3coRbjeXyQyvnuLY9m/I40u+Nu7/9Kb27co7bdJWzSXOgZLHNe5utkALfG03phL486lhgP/7w3aff/flPH//h61/+Z4ewhu/TWSOXxcqhDbrVNvM4yEecRXwYZ9xbli1m8ICiKW2ObzY1fenRkoHYKctwNc/rjERj4LkIq8bj/8hn+vmn7eefLt/fYqNRNBjrKQCVT5IKyxMgaAKmzAyzCb/w7EiIGNAnFMQQVk3gMIdopLm4LR1h74BAb7lASr2mvMTZNoXFKPGM5VCHkPATqmaJydlIoZnOQ8qfVii+VLOO/JswCoaqqPPsKX9pac2a+BVT2uKePRWWl6FZ00bLHobxca/DU/j44eMhl5DwOQWhBgUGMHJKd9WcbCyNEKJKFODcG04W6FtGiHjm69Ek38WNdhJv5r4+M7XnTMNtnqO/4hycX9lEaVARvQR/+baonPTupFZKjlhuphKDpXrWkZrfze2asaOzLUu/UvHaxKNyqyf+66czJrPVE/vWS4Li8ZIae8uOnC+wKTCszMR0/cZb6a319uY+3lbwauJLnh/yfSuDVUDBKtXzV8udKDdWH2Y0aQr1dVg1K4vMTvM57750/TSFyx28lc/RaGL6+YL8a/k7n7vYe+8IesYewdUtnejrmFJEttMyWj5vCRt4Ro3Mvf+oRKrT04Y5d3WCJhJcp+d9Axg+32C9j88BT+ykLd1bNHJThiXe9uyzMNW5BE5KtknMWK2TU1u5Lh4MjpGHG/OzsgRSS8saGktMds2nL4zzpc5S3JsVlK2t77PH/UFWpZmnUVm1IyR6awl32wxkrvX1IAQe5qDmef4wg5qFr7iV5q7tVcKmndaOOuvl5axDxi7aQ4qB1/HbnJdFXswhfZRz+c9pvT68/uLP//CP/tE//Jf+pb/bfmOvXzEA/W/+m/8TYbhyt1y6ZZ1yftTqMIP2X0b1SL34VIG8QjaU10orY83elV7ceRlkRzGTG1ZKSM4oq+QBbgM5sxHboIAQ2KDA27ie0dPcpnE/AG1IQnOUBwyQ40AvN78y/NQDX9hxJtwJUpBLIZoRmfdX0lQ4S1pFQZJ4DIuHuAsyEs+PgwNkLyUQgcMX0B8Dk96H0vnb09NTJ42cdqGipFtgxLf9tiP6IAJLtYcDQ7zA7AVuFXHKJMdDuo7TcGv32x2+fCfDHR0LWo8RV3BT2jqd1MxvDpjuvgvyBtEIDD/zWx9X940zE5wOA8wRwRzC6WAU3mhD3pSYs+L7e8SlxnCSyDXQnKjmgsxBwJIK4ujHEF3RfMwVoilRu8ufrs+kSDksVhA6AzJGAcBYA/egkX66dsa9b2DxiNS/neUfEZPCqGZ4AsEFct9jKtsTQhpReY/xm4iy6MGrGq/r0Z6AhkG6NxJJh1OB6PfAhkFGwoVr8GGChNwj0vyCGBMQidK0jvsHNSjvQ3KRe/CfBGUeOIRf+ZDb62sP0PIAFyKRVbUcGRYdHsuGNDejckTO+J0wyi4/Ss6V1fGMMfkS0325gql8D+RiiJ8AXI2KfdHmd7pW9+uBkuztjrim19dX4CYxjsdTN7RPKL7ZsdpV5g8ROUerX49FaM3k79n16TmWH3LRr8/PCZW0iiUKlo9PH25I0wyHBHGrNsrUJhlaIy7PLRDbFJmjnlhlrCCMmEdsMhHsYyMdCH9niNGxtK7ALe9Yd4x25XOo1dMkiq2zBcO1ijwe+383Rrc2BGhHAOSdl+9YnceKvtrTpT8/2fMTAhORkN9TqRox/Y6yehHD2A8Mab9FTUJHynPsAkpdQLgMAoVoYwxUZASAlUNnPDI45Wcxylhn5H355GSB9MUSKwE8KD/ksLK0lFOYY1Xh0MtygMi7zOxGUq0X0kFG/vBJQ8iFnIkRi0LyzIcLIQtOjz3IjKMs6n3YPY7f2s3G6+FYhkgZd2fUujEJulxJuLsZ6bkl13LYkYHPI50XySFuKlUwIOd56pTVTEMmObnOuwrQEVL2UfVIsRgy5ineuBNJ37MGIE7JsklxrpOgZzjsynmAHFOGQ7y7hdkpTimt3GDtVpkqacvJihGQ+CB7ckdv91Bcfuy657493/3J7z1Y3SuKBGktIcKNx1yUWdjmDWT8SteQ7KB3h5DsIAmC+uptkrXJi9PsegjQNy9P+xUe5PSJiIL4N+C89U0rW9/lT/NenQufxweidOm1imXKDiLnJ2eIsWrkaCduDZ2cqS4J7TSezOqb8neI+2YJNqSkE5jpKPnQxbCMs790i6brubdiw00YurYf4xjZREhRprao9gA+kGUQp5M8aNaxK8ZmgIYDlY0PMC+in4+jLZYgqCqxXTTQNjPlcwz/xJd9I9O5gBat65zl9661olBbJjqdsvn++t33n/nHXv4W8uAJj9mUbsk+8vaJ72LQfnKLllWq7uNie7cRyWw53XTtnbKq9bNhOvMROPyu9uZXzrumVtmpedNhlkRpLNCXEMe5UxLoeOJInaY+5u6R7qMnEDAfiZOtff/x4/e/+8Nffvrx9Tj/+noPEUumVxzqqqafT+SuiQq2kfC5QXFBwoKVH8Cego/bTNHdxLuBMz/l/nTs49hU26ZQErLQEE3liLrO6Lbb6/3LTwcG/Vefrn/Wt8sdBHSHUOyIbB08S0XcA32VMIN3lcvOND8d2gAhDZ0cmw4yf+j4keNGzM3JgS37pUURYsQfNE8ArKBeHxPRUA6fV2gCslCcMQxDvH2+LgcGWdhoex4cd6SuwSGiCyDQ2SeU50YOqsZEQ5yhLphKSyBNXhfshtAVRLCOIbhsJmqW0MlRmGPnCaqQTi2vePShnC5b1FF9jrQMY2FjsFm0ofNjw89NZXETf1EInpi4h2J9IrIgTFvmN1G9xaiw6smhh2eV8tqK7c0eEZqcMmu+X+emuQ3zq5Yi2xKat7TweAY5IVgXDaTVPahiiuR12b5tih+eeQs1le45Rw/b2p28TEpWJwT+jlats+2mbfKA2NhpoOhwDtjS9U6hbglOvSuXH6C6h7uf3pMtsHzV316zzASb5165enZ60Gq3zq8LLpi4OY+ePO+G6/KLZiniPK2It/1b94WeU36eDub57DyyyGv4fk+ahNnKvLVsuwQ5vJ0QOa2UjBZNJZ5/ph7W0xGNsQcrkM3Bo5plYBV2FoP2NL1SYd7SGsrjq9WSmfdqy/z5aUZdVpYtM5H+Bu/5ONmyU3PIxruLKx9l1QZTxfjT1pjUDW0uEOXKeKuFsPS5xGPinSmArBIYauEv7cj1NFfE7C/NQB6OmafB1U4Gly0RmjV3cyBSJjRSyFqmqpZESBVeU96yCIq/kXhdKPYyrdUMFzW559WLeQAPSNUn5nKsw6GxihvPv6Z1kwvZx1witjAonAytEn3L68Hg8VX1re+98zou++67T3/vf/+/+zf+R785Io5fKwD9f/h7f+8f/IP/ZHkjA8kSuHjzokBnrNwiqCSE8aNruTFa9325nl/Ilbnska7ANmNwFh4SleUYWUftjUjALveKvjQrYmEXqThbJ6mirjk7PHxN1nqgTvf7Tg8fimO7R2W/gAWDjBFOXTR7s+O3lpBs/HWnYywX1HU21QlEkqM1aUMiViPY3xgtC2aGTJdlsQTwmMLexWEvk9uGUsLjYbsXD2rqJqqAQL0QgUtIIyzYIV4G+A4BqcK/ZfQxbb9GXL0hD/HAKzTFYK2WAcZKjV15lodNdQuKYwdlNgoEghPjsOwFswFstaG4CWLXQyS1EQvDwmMj0N/9wFHCm79EkOuANggW6P2O1dCDnHfcL9vFVRgv2jUyTzIMz65cQRIyOKKMWdnvgnOFwPOaXC1MCOtrZYprI1EEDhUIl7HcYeCxOJMIum2SB6ruVeTaK4SOWH/slB1sJPfgYu6H2X18vA0W3QHNCBlFEF+NQlVYCZ3LMqCeA/+NaeMxBlDVqLGeu+3o5h1Wv+L36UxuKiQHoGKH/BG1NDeXzTRMalzANhhqi9TXO5FNUAfut9stzkRGu40bqSF4uhKEJ6DMboF5RSW4Y0AO6PkYiwMx3cS+Mrry2MU0PdmvWCwBSN3xxKM9t6Bij5X8zIENPtT+/PLSIkVg3293v2BXHpc+X+3l5QaO4G0XextDgLBI+q6AZlUkoxE0cqvt2m9NIfctSIdNgQriUjOiRAhYvu/khuicAcIWGwPZIchc+bVga0G0aYcztAGYagGyt73f0PMQE0/NPzz5xxf/9NE+vlyeroC9UIMFxUbdeBCCzbhdLwFJHqvuPkg6iMh3ysS0NV1F5WhcSwRwuo8+BuUHq4bWhFsah4DjaVsM8hnAYjG6pCZZLWHlLS9W5gDC3vNE3hoRVUjvjqqVtG2VjcpWbYwWEoVClM+8jfvXwKDRhAhIO/6E2DzeuR1L8JgfsOOAVyZiw0e/fz3Ww+1owY3nYCMidHudUBA/NyFtx4K9N5w2kAVaacDjLkBEdtU+FEEGUZQkcTLuMTLYpjcRPwFPQIqDO5ULArJBWlmRZ4iOvYwU/C6GbXl0Q2Gw+H1rSpx25ZHLjYbIfrpotxahtE1rEknmownlpHnMGRLa05VN4qTZaGXKotfHsrpH6cLS1TQxQ3yDGsmSZgWHajuOSfrZ+N4AxdLO5qpgikayyY8HB4MHnByH3t+vOvLui1bAEN/69Pg079PJ0SGR3ByeRdTZRJuIIQYhs95t+kLTh3njnC8sAnTjE8kl3wZLEAONms5aHMaaT2+MKAmV1ajyX9g1YsdW9rt0GF1I5YV8eX1tUNAFTAAAEABJREFU1L+Xy2bl4jJJHWuy7Ye8BmJ9fbo8x7HlhhyoCn3uGbYoPF2e97T3V+PtGy+XZ9LOToIruWvGwkjinC7xvPQM5rpcXX945//Hr2zZKHQACGabzOTNvxHsXFbi6X5vjk/O0HM5w/V8DrwMY/wwzk1MF1zSAWNiY3XjH56ugVsauTxOIpubtAtcpHPeZElmIy0PJlOky2+Eomu+JBzUvvbUsBbxE/7y3fcvP/z+88t342/+8aWjpBw2yRgThvBMAbZpWAo8vYMtLeyHDsqOkZGthCOBaE+PvGsEbTrdUn4EWEjY5c6Ig47TYHK4jcNYuf/8eXx8BdsRdK1HJeTD4Is4hguoJ87eAVIEt5Kz2qfYTfHGofqVlTOat/MSmIvaeC4u30fwGYEST4aNDbVUeCAJvUi9bKr97CoRC6u+CeLYcgTJmhFEH0IvrAQuQ2ZooYZVvk/IpKsyC37fWuIPPcGaXI0FI0B8NOLDg9l7wuyoEZukGOttJRUaglEiAPr68vKCp/HwtICeJqsKbkFwnbHsgRaBSx8bS87Qwrm3+yv5UsKePL4R9SY31upy97dbpp23iXhja6Hr0zbXdb5IP5ZCq8vJO1ypLX0uVzZkA6xuWcfeTzkFQPs0J+Xb1seFcrdH6Wrf6goFwJSeCxD2X0aC1mOTN2MkUvuuTnz8VoV4Cw4wHfvwokSNFH5WXUoxpnfN/O2DzBKDyltqiFzbo/lp/uaQzdW7gn7ui0ifWUCm9nm13luNZ361nUX24zB789PQ8+4jZfX6uHcH03Kd8WZmb27VTl2RVUVDxpZr8ySEbiUNCe0guptOGSSjzRd1zP+GRjpHUv8pB23t/DfX5/uvQlrtjCq+HUy8O2SvnceNG5yrQtA2G0zQd151eghz3d7bXilzz2N+UuF5X36dMyk0W9TzYrvOuP5os2pNeYb4+lzoD1aQGlgWgi1PJ7gBnyNn9ZdW0Vy6ykrQvYA81HJ55yulStupTeellTvr8evLQjjtYddQnJq87C7+n3bJ3LenFtSvlJ21MWunzM9tbRK11n/nX//X/v5//B//N/+Vf6X9ll6/VgD63/63/2fxzypmpnjyNKvyl+ZTuNdXluVptdC8WGzklUH5eAkkGWb1Tx6wSN9QhPdsFAX9qIgwPTfNhNkdfZbXjJEAi59URQIKaTfUpgUN7RiMFDBCh2ieSOdoxjHk0pVyiEgBgZeMmELERgCzLQNCmqibHfilvIO4o4lrjafswoBAz4bhgJTcwXpgzOyTldwLe2oKUmxt9lGShbo8PRITwtrAMoK444iXtYxHdGFtUZp8Q42lcBUiiG5HaIscZcuJg31sV7DjDcW4Nd4pKqiJYORcuxL0cYjmZBBh4L0gGD6+dht7tXuk50NXv75+YJStFXcFh6QzvhFFUgAwGZcG7oNIOeWEeQukey5RxJHA12ByqBGUbTKvwiuIwoOugBMThzL0OSjhhCtEbTTSfDNAg5H4vTJaGulXXItnd87mIFbmfBoInQ+o6OigTllKo+qkIZwfDkXaG1wrHPEI7u7H0chFHiNz/7UbEnwBU7ZjnSP2Wbr0AM2N4eeNHI7Eo+D+sJhWaFaycbTgYLluSVcipHvMig8yb1xFCDfAeoM3iWi/awzl7X47Bi0CfyP7/EJKjgFoZseai15ulx21Iu8WpLXhmyOEhnbHHWB0A8UKo4FH5n6iTCM5n3XK0iKhYdqtYBTpjIvNAVUIFUfEyasuoSdJwjVUtnSgQ6ZYdOfOH2T6jj1xvdr33/mP328/fLd9+NSPX3Vf3mYwch3edkSTxr7c43wFQcIAoCd8QRkJxuNBlpMyRdOWI+mi2RRl7r7Acam6fUrctOcaJQeKgY5ksZjxv1jw9X0ZAfK+8iHyQoShoX2diwFRZ8fJzBffD/+RscxxanU4qcci8DhGOEDimx2gbyfBbpR93Q8z+v4ayREReM/AZTJdeM9OQDiAggCYIKKYEJY2EB9Kabu7SDOhmpRao85YW8xL6REGoyF3oCLrs5g1und8cLTnFiccO6K/45qtTfoqx6EG79kbkyGwnMTFU7gfeqGoPeuLb0GprYnLwOqUdoQKLN0quo8JcFgueIiDnRhMxC7CZ4+6rykIKwCSK0e1Kwd72BmUR4nB1dbP2b1dsiCmw1c74L1YLHt8b7UazGpFaVBW89cXrJDrFf5+3hXfMM+VbJM9qJWPc/K0ptVRQ41ZGG1uyxUR4GKWGZ9hxZsUtixiJTb5JI81n8aUos992bDH6F2Jyk9ODx34cVsO7JjbfVPQ3cUqmkgC3+Ucgvh9izrAh0wmOpLJ8jjA7quVNld8jq6dZ2S9tFX/3/iJc1Af3Ou3HuU6d6f5/OOvN5dOXbZc1B58M0m/+f7qn9CFnTe3c1R+PfFhBS4XnJ9yerBP36gGB3Igj/4e2+saPl7MxV1ySRZII5zrhI9zxb29V2EQrht4y5lzXz10Nax+S13RfDWyTh3TyOTaxrfHy8dPT9/9aC/f7WCeovGU18twFbbaxFUGI7QpBBrSJU5eUWiXsEMQsLXuYz3KsjYJ4GkVj1zFZfmnMYisqRxMoirHkefr7ctPt9cvPUrhbUm/o1sj86zLuGouG75Vj8fErkoiewQXMHa3KcQbn1kr6d5agYU0GKam0biXTKKWBeKJugIM7mPZ4eSgHzXDLUXEzsQOSpW2QBucUteQI9FNMde4sJdAgClIPiwXJlWLCk3FUWi4K5t0jUqJpDwXU1mMmvSnmsKjlJDGsOxQNVc6qZZQSnwMBSuCKIja84B8IkuI/UDIORZVg9oNupXwI+LWO2Jt5i4uQXvWBeqfLRuZy9rsvM3b+lWpVpBsbWKFSuRk3l3G3ep96kjxvJ3Ootjmz8vLHv4/X1Ob/lGr2jvXL7/a+2HSuONo1Y355vrvuy3Mo6uTEJnPw1uWb9o37pbnG1M4LScE1pbdlJp1UVOn0dQnNb2+9nB54DJRi8iipstptbWr/ibkkz/5w5vZLl8F4dRIp+bkh2ZzEZi6qqSC1qZN6IrRz1WpnVam6+P85AQBq1EN7Hl0n82d8fvG2i01G5Rzsqm8VJkMmXxINtnfRLEuqzVV72MjfWkFyYD8vOZ8HXn5wsvdLXGI08Pm8M6/6kGnp3sagcXIvwhSqZPyCh6tyISXH6yPbLTWFz4Tl1BbchBsGUarX3wOp5W2ZaN8LAJMDzJ14uwF5gK0to5Feg/NZrxn9TRXlLmfD9DwJX/naM+bvysS6sPTfqOu1oiKCWs2rb0x4PS3P77p8983jz7tyhAW/7f/6//lvwKgfx2v/+g/+r8/ribZUbIktFxcwAwuqCuXFazl1JqXhZtqBGietnEul5NAqP1CAICUAYw65Ll5fdy8nc+8CDjWJjw7KDoNbGmXlA35aKNYK/L+HZg1AmEjmTrhDNjIuwIIGNWU/VYoYsZtIx4QgU7CINsCqefWlxsXn4o3qJdClPnsLY1Yhhx2BTI3OSsA3SyyERkHMahEepc1thHKaEVMF4QUl8vGU31gdoMoSuvMhh8AxlHeKmovDusMbbkTzrAw2ZviLjN9Y9I7KKxY87mB2EKMmtNYSRSFI9eN4R4tjwKpUR2h65ymjdBvlwV7v+9dySE6CeEMDwTlptLKRSBXHCxzCE1VdAZKMTpicBg2N4R9SxDPgNG9kfi1Vhx/YkEZ8P4G3hQQ6oaQ9p1/7Vuws1quTw64AjabqqBHuD3DKi3XagRTD9pDAFOCnaMrXYY1G7ExuCQGpiwCSjdeHOuC+DjYY6R6aqkHIsvolTYNbkauAAFpJOFIw0JOM2fZGIPJo5Zrv2zXL19fCfESZc7TB+0vpvCkIo4vPj09HT9eQVYKTIyH9XH2kCE52c5BEuhwfnY0+25kPmmq1BaYDFJlhXwCamS0YeRssv6PApYZhhTUIq4sgpZkGxsiWTKcF94vHSXjhqAvpHhP4kirsSfZosS3ZmJqjtqez92eX/offrQ/+931dz9cPnzcrk+cec8NoeReF18kk8Ei6cM7zUUcpmQwWixJ+t4VCLAUJyntriGXkUEf8TE0tdXcetYaHIpm4hoaIOt0Z6A25zSlowRXmhllRBWotxQ+431uX/fXr7f9q0UNoXvEiQZ5xLHK9wNjJrdOG7e4bAMDReS3RtSXTYblY/R3nuQRHm6ueK14Ppgrju8y1oyQgelsBIQ/s5LeQ979tCAhZyd96aZFgX3AbHLuSeQ6HNIQhP5iucFc3nguh1FvOzQUEkawH6H5BuF91Y3Vcq8gVfjrvbVM1uHCdUEJaVgiLG4IGcFOl16xkpyttq7SxHdGYJPrycelPnPgPdwp5NxAeiaE6j5a8kssXqB+LrGwLDaGUOUAzFWWsdUPmPIyDWkzT9mhFTUtTvXFfQYWtXYyedltK/LUucgZ/ZMozGJ+1NcTMpE2Tr8uVQgViGIOu0L6ua3mYZtnoPPIJVkLTCoooeHEspkqZFbc8uwVj3jlJCeIVEcQmfCSWPeAjA0A+poAtEi0+nJO74t/bmuwnFwB7SP5w2+FxeLgumYqfQefET7tvVfp9NRFGWv2YP6980V/721r/tbjLBno2gZ+9kfe3POM+6zL0+Z9KwqvtbcXyDOrO9eRXzZKupBrU6s63yr7Ljtj5TY9sqSiQ96md26zU75c6NXonErPo8K0atp0eucCsLZiZk7ig8W6t/NIL31/fn56+vjJPnw3rh/G/asvLTCFWg+r8LsUF4gWsMPs2YCGNvABRYpagh1RVoSrPNEBzxUL4T5M5tKUcjFmO2WzXYKTSuKCQzmOY8zPP+1ffg4le9lCoSO7jrIuPVppQ5sZey0FlXIVYPzsy7TybS9JpV0guns7oYH4OXmgbA4sz9p1dE8VASM1LKCS854noLRH8+JcoDwcxeFzGs9gLEn8+RDzl9ZKolmK0rh4V+0VWHFoPaGXTmMiCUVqgXmjgZjyzb3M+J41a7DwmGsXvGIdbEemcJrzzkR/WtY21yBS95nwfK+j2DhERfYRWgGNxs9FkrWI9nX71GI/HbbNfZ6LwNdtoX1Duy+7SV/EeqLV57oGeVNb1EpbRZyvbbMl8fxRdM5tvGzE9viSJnx8M1OWzy1rqR7fvlySp+Vc/gmvRWdMRWwPdedyFM/ByEurFiG0gnMlD5cbfbNVllP1br/aaQQXFZZvrTPS1rlLKU2LarRzp+b3l2HwErx1gxyZlNr8WZJ5WR+2CAo7L6Gz7tWj7PFgYyqn5RiGv7Jejx5tZAqqZ02kvJUNmfrqhDW3HOoH5eBLs3PAbfbI1ovmpwIEahEUBt0qRyctDZ/W7dKeQl3bMn0aeErlAnOXR5+0Ja0Fum9MpTMFnvm8qSSSWpyPPC83nyHqlrRbvEOlWKb0tFLL59d6QJFAkdURTJttybbrC/ivSqe33My1tHy2UUrU6tPScHWNryiH5giCziVbF6lZHT9Nd77dWu17gd74bp2jnj/UJqYAABAASURBVIbvG9u3LpWmadXoP/6Ky/723/pb7Tf2+lUC0P/Ov/M/L9u31X8weB9XMQVu/pd7Uduql+vb3i6SxTQYi68qITqFYG3d+EWwYmlpee3cvyIWSDfbbdjq4sqeiLsdgFdLG0axq3ixrDOttAM85H6jAQqDmN2Bk9+iOD1iolnpSqj4UMihAREh2qbERgOKJEZ6a8kN5iz1HO7hvY2e7mUmwnlPuSppobhqJgIT4UVENuFFBUkffy7gSN5HhdhuEtpqHUZ1OMOtNjAqOMgaGKAM+zOKwtz3/cp40rEHXW1j0I1fNnCJ7OLUBkWyhrtPpBeg7DBxIgPb5WxE6atdUR4IgpWRhBCJiKwL3ur95gNsBqbI7ju4GqK1iII/nhtMEfdXuglcMcCA9gPg2WAV3m63++1+rAhG1LJey6ZJ6SQqHCBbwGA7QgmRfQmLPFDjCirvdTyBDxprywEGRCyrqVS4BfE1i7wXY2wjpk6A4nCBDkRLUfIgb42Yt0AVWpARxxK9xKnA8bTIDG1+ALRcWtGKra+mYVAnXy8Hdne/62Bm7J6r9ADGgjmAnDNaWugOwOVgW/7y9UvEHwfvcye+wcDhCLu+3yIyOcPqqRd0QBADG+18erpqwWM+j1vdA4hjnXsydShkKALbGczajgODr4cn8vQUSeLBT21YERFGvQFb9zt5UvYdBNKJMWGhtO2CfFeSUnTEFzNpE+w8rfwvBKbCk2EpOFP+AjN6p9HGH0hfy/mNVRnMuaCZ2JkpGjUkwYG7dwRee2bbBmEKsEnDhokbbrHLyT0f+27HfrR2fe4//nD523/of/GHpz/8+PTp0+V4JyhMRNvTNll4CjSlrQaqnK4o1YGVR5ZDLIbw6CPz3hYrJk2IOmhpE1UF4qkAqlU8TmnMpe7pag8CvC5wC9HtjU6iq3hdAr8pslO4pxTo3GjNyRZtx359/bx//XIPAPq1xwHeCOL5Hhh0xAoPnHAFycwrne4dCPPgjnEtiQ0eKItBRdKFPE4AzTEuPdIUNndlrdATdq7tGEQTkW9fSGAbT2QmmEOCdAMAzTL3ic/6LmKio5lO0mju5/BPWZVT8o1TExJwk60tldUVZ99aBqn34xAlwvA3CtqeUcxqG0QI5qew11p+DIzbsGjGjJokS03L7kcnCD9rPodOY3AaBzw9qyVC2xHQVq99JlAgyWGA3cjaYvq3puSBMymcU9VF043OerIApXGvFcY9WRq5rQYxf11yOFIWYxZ1AGmrM+StFZhSC77waGfpzvxKryDJ3Dzp4cgOF5bLMgbUbeovN0oezGTDdoaYeymaCVtvSCFJJn5u1I5T1SQNT5LpLSoNPLE8BL/SCqgwnoRRTDGr4L5HmoghiSTSSKJy4ZYmg0k+QRVbexOi1OQT/DGTfnVRTr8SPFUEkn/bNeBxfA11s2Q87pL2737rXSS8pbvn731rBdz1rPduMUPy1Pjcpi19XTls2KlSg23CGWcvLPvYGoqW0j2UOUcPepIhpGkrd9SnXi/P19oaMUhhwniowsJlKE9pocbkBOe9bMIStvysR9tjd1o6ABgHf6Dfabk5mjNYOcpsPL186B9/HC8/jJ/+man6IEwiJ4tIp1VKkdwSSD02weu4dZWMDpPvHuxRCVSppu6WhWJEFz0sVx/MfYRcOEOGQxxDbUaNBo5F5q1jB9/HAUD//DfXl+9CsxyA72uYOhE6QHBGaTzCPuRQQPJYzqCBeYzjcAFhNLV2ZqjTB4DNJiKDlsd3dHFU/3MksyejC6LtKGNCIi53VTRotG8tyXYiEASX72Gn4SNFbKR0izZvYIDvPNpqsng8V5rlOzjcv0NOdutJGkKZL6wFATcbSgQ32sZKOYE1Erg0hVmrAzT+2iVUKUuDkv5yLYsH1oTnegRNAbLMcbJ/twKjY9a2psQgukIiiEARiVe4JyAHO5Tu1lbzeNn4SzhhuoOnxdyELvHYv6hi6+Pcyy3PABD7QbYRWwP5vNwfivbcp8uuOYsKXqyYS6FBp41mD3DP+pGVpPjGq1C5PybXH76mb+lnf/PR4+X25glpkflJRNqb+9XVp99y8S2PKJHr9nYCdZGdEOiSqe80WF93IWGyZM5yU0rHH3tZyKOf222mA5t3YDR7O45THjdr1t5XfLjZEArA39huQSAyIEylZPydntZtTuOSS81OajHRcJq/rVKEZMem4nrzsjOwLBP01C1jBnWWRq/mfWNl5icic5/H1BNhmPPEjdlsLi9blrCIMdT1xlkXst5SWLRS/b6eDZU8nB2ZKyS/12cI88PxCgWPz2SklqJpCms9+rzb1mfqHNH9tN7UQZ9Ns9pH675paaRbGrTr8NV1WgaroVUUUsKeHyb47UHSFLPzKs57e1znp+9WFDaNrDdCxk+2fdKy/Bd6/dmf/eH//H/6P/53/3v//fabef0qAej/7b//70vqmGz7qVZLtebLc8FbHUYQOemLynl4LYdg72vFepJVsJnJZq6dg80zBO0ZU65RSSx3rcJCh2Lj4j1koDa/RbyDQgNGOrRDts60zeduQ3E6I0ygtBeAVt27wMPj6r3S0mkmNhoqYOBFWKjkLnxSjcz9PqQ7QBnc4LMeLbnYxVvasRmbgApzYQXixghd267XyDOPHsEuJdGoX2x7jeJ1Ti6CsghZ1aqRf/NiZAqVaIE9ydJEUdcj1Xv4Clm4COQYQaa3d5QrAbtqNP+yMa4ByE6gYwd0KPca4X0cTJSVocqUhzDuN/QtUXZY+uj4hmc3YidDHsAegbYR2IVChSixiIKBB/57yfOBALy7JegFvMnC9lZFMU5tUOAFthudCyc96uhdyqhk3CemXfR6xOyCXa7BFt4sEIHo6gF1w01h2jpGY7s+oXCiA+yMgYTvv7FIAjkhFD0DUT0wXIzgOQby6Xq9MQrajzHcUEuz4dilqTJl4Lwb4PRALANhP1BmZ9zxxXXkITl+AMjHjY5rqEboFST/ALQw56OJPwugOeKMY7DIH+KY0Dvqxsi6kgMTq+DOOo17UG8b46mBkxiTY6n7DrfjWKPauO5XkKcjKCdAk+NTw9kPeDf0w3GPPfifw8E63ri9vgYWf3zt+alfA4NGQHVCQbh1sabjtOzifVw61nj6VPD3+j0Op2KnHNt3kwtEN2gg7lpUmXGehD3YUeYoODFiKjbm2zf4RuAx8Ek0v8m9Y3kdbIcASY/2PF/6x5fLn/94/Tt/tv3F759+9/3zy8fn7elCzJ2+1CoAw2kFicMxp009ZM5D+J6kmtmOHXHs8r2XIcXXSDOlJ0dESWnykbHD6YPSw46IYFEnjkQP4+hiEN0RbK1DuLgFINCd3zZUz5RTwB2EaYk1k/F7MRqHYLn5/Yt//Txun+1wnA/wNqDnAzIbDXUacY5xD9w/WFbuPORjnGm/obxidOFYFC158Rl1OjjF4TXeJW37dafTG/TSojoG5su6UjZI0nPXKWNnZqKRRoaSiIl44IOPs6u7YF6OXWOI/S0KrqqgIxcSTvs2nAa55jK+Ajwk5P8OQcJQ6M0W455BVD2Z/qfxSapnb3JSediFQQ1u6mOFDMHjgV1AaB97JkjMcRYEqnzqDU3uUFmtCymPQoyz8iRnk7VbgxSlcVFuOAchzeVsbea7BOjSJSfFNhvVCgBMYEyKZ1re8uIX0lXjmpHhi5/qfYky91/wtLXklke09CIU6lNf1/sn2zulmSkuQxcKFGhtmgN5UGBtU0x6meeTa4ManQkxOAY2nPFS+wS/QMq6InrOo3qx/SBEKR4UYv7pOIt84oWCrEGkTsCLB5yHeP/y5cvX4xVS8rUxp+Tp6XK9bqqiKAWrwxT5JDa7WkPR/tjr0RWzJNZpiZb6u1jwt241fUiJsFzz9Y9G/20bLT83rV17v/kll05P5kfnpnKOT+H5S3dqIZUTuP789qVzPDAETKdQxeXWMZi3zzcT9qajXF2Y/WEgIdtQd26Fu609EiBjbXX5m7o1U3k9TWITK6i8Rsf2ZWEKsyn/EenPEsJACvf9qY/vv/v46fd/8dN/+nv7+pMdgh4F/KwrsMJws0AsKbWhFBCpgagC2ONhwB2/Xo4z9XvWPjEc1xgnOEQd2Sg8eSQ0qDs3NiP6kB/XhSSS0qwrHC2MunF//fmny4cvl+N8J/DjC2JJgq9zh1gv+jUOcdg2VfwG+5sNVqSwCN/EahzjQfdn5xOHKL+Y1wVtPYVU8omUDNSywkCzjPPEMQFENWDf4y7uY6pmZMplfB2zDCfLlCcRlQqlWF5JoBjzxziJnZpUCzgBUZhzkb/Ici7eBIuzUI1rSCj5Jt+8kczM0hyJUi9RGbVZnt/TvRtFxMHLqMyGss6ghmnEMMfUBkhVNNQwF3wn+78YpfO4xx4wDlshqXdeltutPJHTRmql47tcJ8RzWJYpZhn3epZuaTZx73cfatZOyFZrb6EVK7jszffPXXz82vLOAxBty+X+RgSdpJowozfjsV6zSMQVZStNeopoPl2mL5/vrosWqcUpdfmEJaJTcLWHfrepRx4Dw6nAcjgo/daVYZNoj8iDJPFyF2MrFqG8djfvo7/0i6UJskh8bvMHmFYf1TueAGN2hDuKGdmZZ/BmzRhDP1puYR7b5SspOIyblL0c8tksuU89z1Xilbd6NMMSJDqrl6nyvC4SScVbamn3dzYl1dxy04KQISdbmjO5Zws3tkWtL8sWxgbV5oy/mXgRJ+JhJS5D3x4Wu2ewLz5B8ts39vgcLKvI+dwAPiFvZmia6geqIz61gz/sUputtraMfp6htGVJquOLyb3aya2dDCFBMQ9tb/WGtceQbcWQnvo7pc2cABlMkwvb9Liycd7ImMed8Qv21p/w+k/+wT9o/xUA/f/nr7//9/8fQxlY3AtSn1IAa36izcWaDkjKlpN+w38pj88bpwLQysaeyrgOalznWyJB0HEIHk35K4Pnzvxxpx0UF4/KdjTwL5Mbc5Sjcw/8i9HBBpJPRhptJcUs7Sr2gxhlYyixazNL7gl5YaXRlCywDvcxMm45gKaKbgC5tCu8QTvSxPwBbx4tgJknGnqlWgD0aQhjNZE8ZFwJXU4+sUFYRydI4pCiEwa6XHGnybeImsPEi9JnzMlGs7cMTR0FbxlJHqIFlwynHSK3hnkWMPGB687h2dAAlWA6Og6rXZy8+6zxwQ7yVhuL8rXO+DJ2jpn/JNA43jnQTCwCltoL3GRj9UHdyLt41wCJoUYiuCiaJpHopIDWBsbt8FeO3h249Eh+zRHIexJx2QHpvvK0FaN9NHObpbuHhDsgxRlZtWEVUYFiwGaoRroo4XAxNnmQJ9f3S9Si2zD/e85YIxIojlLGYeP7G9kOZZlhKcIzUkA7Dglipg7E+nZDPF0j0TatdRCtbDS8D8/HFQRCB0Ypn+DBaOlG1R5XSZ5IhwVJg0ag0cQJJ29vQpGAyx+o335hlcjAKFtEqQ+cdARJSRw/yIeJcY3+CC/3AAAQAElEQVTNcXu9BcByv9v16hEEbWnHUJs2VA/alEoBzDna1hn05+LkwX8HWv96NwSDb7uLAoMFALcM1U3/fvBQPTPtFbQFChqj9zNGSqPWFUtBQQin7j4Yj36cc/QPL9uP328//nD9/rvrh4+X6/NFdR2B9IaDGDHAsfGO7QvbEpVJUwbi/12HA00zLElh2v4EBjpDbz2B0rS0OMuraE3bz0n1qw7vo6XAjRqYZgSgXYw6E2jSd9nC4XXEPxihxK1CsR2g54E43/evfvvcbj/7Pfg3Ahy1wSOpCOUGg0wP4JnpEcq2RVAUYFNHUc2RB0Uk5EjonRyZCEjG6SDc/0CHL5viekUiidDpxiRfJc+CcZtE4UpTVpiTkXglgGrmbEAHRbR65j/EEZe1ZPqgehjJE2VNHJXY3lRi++YZWoyTDjE2V6RHWqbOlEDOFBEcJRp2lvpEJHSjvCIDJtZ8HElg4QVx9p06ifJUzgDpbADu7BviZpW9QcCYUAIXA2lmEHjrGU3drdws7BN+V/AH135ntH6ttsbT3xRN+fXSnu7THJ/+mQLOB89fk8Y4v0Wi1DFTjAs9fHh5aul8NRnDWztvAin6VJPU7pZplxDp+Gxkf5fNlJKy0ahhXgvSzoPkXvZJnE0E4IUTxGtXcLLJu3JhgY6iq1BtlwNIJt2+ZQXB3rcURcrdOXDngJ+/fLl9+by/voZGPgDo47/juZMjhPpOkqRpe7YHz++PmvbzgsldQuqq1YX/ZS+h3KVsRoHOOZCL5fgLbZJkXDwcPz1jAY4X4+bUNL1PFC3bk1OOdlq1Ne1XX+78Xvvmo7E/6hL+oMXSEpRbHbR5Oy+wQGHXbfphni3wWpzrs/3cKLXfJ7JvbtOtHhU/7WuJJMLsJKGPoFI619ZrsOdiV7pL5D91//Dxw/e/+/0/fv7uUOsepYt3DUhLm1moiCIOCzw5Nss+hAsczYti0cELB3Ek2QJuCsnETEZO5xVAbHygs8AaYuZ0kci+DwtTyiNjaN9fP395en29fAT2fYnQFWNWx2jUATnuiB+IM8VRxEexxS6xSXdud0Yo0xZphd2knZ46o9fucx35GzUmjySkL+LO08UwqwUcFm/yb4SNwDqzFhUPRk7u0BQN1r7gN3mSTv46CUDEulCWh3RpXd3SsxgF0imxJHn7lCQ0vFlogVxhTFPkguhdwBdXMrg7dHLQ8DU6bsS/lCMoYushQLqhvA3MCM9tTd8hAldGlmw9unBnBDTY2xAOkzF7cyu0CdH44oMqGbHCKltF1eUEpoKqvZ73E1ovkFCr+nEv5habvy6/5d60NqEfW+SVJf7o66XtEUReNuIUmtqVp5a0+XRb4dpFL8yelmerr+f4TcoffyPh3xXSxD150knhMpeZL82fHZJee2ewvvWWtfMdmua3btjaQyhynSJrBttyyrw+q7V2ltE+s0RWIXtSOryu1VgnKnK6CGVE6nefMzJHxVpqxboZQYz0ZL3l0RL/wiGUSmrWg1qusVJkzHnz0d6aSbyzzdgHn7pD2sKyk0xfWJudG8fej4ot1NETxMjejSbr2B7Cyb2lgeE5CqKh8ErybRk090sH0DWMNZb27uf1dO3pmjWz0vRz5E0ioc1gHlu+OM2YOdImiTEXxNy19sbmUYaKxFnunKK1kdya3fGHVbb0DWqooudTrcwG+JvVUF1+fLU53ULz0919GNXljnO67Y2ksHaya1q18e1c1gyX//BeqPSbp5/f/4Ul8i/g61cJQP/lX/1V8zXgXejH6ruV8C8FSBFC1jB9a2q0+Hgx8fmeKR2Nfjc/XfaqlxynWZiPb9QEGTBFE3TUefWi4izt01KckGDKskygM+ABxiBF3YrB6lG0mtKWhQB2VzU5FfDIgBFJVQR/teXcUsa2YnUHfPiewG9bjQDapew8K6CIFw74B0VtI97JpOghh3xLVLzRehYZdWfUZ+LnShynnGDkLTvDat+e9fEEVzXGXXae8qsTNfjDyzljlSNDdXBAySLpjcJWPB04TMXRtZQYw+uiQw4nG7i/gt5QKy+ljpHuLswXQKaQNNE1MbKiyjSjOwnjBDocTn50+L4D1HG6VFppXbiFJdYRDUCpw2j6UAnyRh7rA5ExIwC93XayCseTe56MH4vm9Y5gZwbFNtowJGCVx5Mbos6fo3PHfO3Q6ghni/jliOqFlQZgKqJZDsQBFRljMONRwRByjHOsyZ0hv52Q5WgK1Sz4BifDvSgoCJ+RmNrIDyvoMg9dGwoA4kiEhhFilGRQR8gnL2PiPJYKI1UQEFRnEa4AUkby+n1PG4MuFnD/OC3pMvhB9txI3nINdDC4NkDwQkgRMOQBQt6froHReHCOh3d6D1xyPybmWHngn7kHzTIlB0qmbb71mvIIFVIVN0UBmpDko8PHWcI9oj67XKBYDcdIb4MVgCAxVIsd1dj63B12BwuG4aFxkgEWwMMhDemRR0hkhIgo3uOSFgQclxf78Kl/+rS9fLg8fbhcX7br04VhU4q1DVtMnBJxAhHkHDFxI8l6ysLLo7eGWkCxfuNJdBvlmTNrIM1kLy3tMup0MbcTgV4RR0TH9wSQdeRX4VEtSdeJS8juXdy8hrMTQOHYGBHzbIgGP+TArUXJwS/NP7f+2i8R/nzAzQzjODYDXDhiBQzbNlI0g3iDmMmINBEER6mOK2Hou7xyZGUrfyF0xtb3raX3saueuyzYxNNpQhFtDS4TZdzkrmpgllRk6uoZmTgD2EyNd7EXqDBcQrWusp6CzTNPMGDrAeU35KmxXwjRsL6YZN4qWUXKlLqNNNxxoBY9uKOoF/ap3ZAfjtgw+ApxvNGHAnritggD32+RXtAv+zZQ1yAO0oT2t2kaW7pV1PwYMN2lKTbNbTmabcotJ7aUsU7QQxlC7US3Cc74tHXxvK6o+QSgS+lLT0omDX3XMrtePoQi8lLjl7Ogb5VyNonotF74pDHaI5BQk849GtiPJakzW564OO+7qd9Mj7qwGCCTNY7fnw5NdeBgAKAvtkKZjDC39P4AcqkWK8QKiTymS4/1dNvHl9vt8+vXz59/+vrzz/vr12vQbzCb5IL0rEsoFKqg/JPaMLu4vKyZt18209OvMho9GcvTzl7N+55B9XbmgWWF2ulIfdOvqIl4c8e3v69RcvnQXMmn+00uxGzOAtL48ti1c/WRzUd6ZgbY8p2Es7hzmrcxQZeCyk73WJ6yGOFpIss9W8CQ9tDxtmwbyyW+3NfrwsWzBkeG15aHATzA7pZWc2867TGNGr9McNUo4V6enj59//31u+/bP38GacbeWkVstCxwBRsF1sWwki80JHCijzjWQ6uOTbVUmemyg9aGJgXrVEuLRYACGmSZKphAXcpaJ668SbPEbj12yrh9aZF8ZjsZlrD4tTdSgKCIiqX5UGdqunDr6fFw4kPCOXemqD49NWQchYJr7tDaLJBIO56GGlYGHjIWQuXQotIZ6P/IumEdaTlNgrhTVHpC2ZhLeicdYnQHDs4CAqnCKa6RxxhHcVwOPROJjMeKLFBIe5C5OShykkXCNx3ZN0tQw+npZP0/bWSFOPDkdDNfeJA8DXLZGGzdjqoJ5OOwpkN6ob7TvD9MuNcvBwCtNB9j3EqFCo1W1mB8ra8BxJhKIeB1yOS1YxP8mxBT87KoUtfhvMKUwEngu9SO+2Jl15rRo9f9armc6tcUWVmA0c8XY9YTTWqLfrJ550XCVQOELPqCa55/WBtkXo6z5/JPUYY7vRXCZ2mYspYdSnk3W+dTEi9zMkWaPiiJ1KydAARrpansHdF86o+97eJZdq5jPGfCFVHh60ep+rxscd1GEGsiha26rZ5NFScwYfajfnL9P7uz/JOGf8on/nFYolnuepqoeI1qnHZcyfqhxmcSV85VIpxri5aX5Lef7aN1sldNuqwRCqM0YVOXnbHUljOavzoRZ0uF187bwd5o+ZxVOkhp2FsNt3rb8kZu5+WqGZKsb+fVxPWaR065UWsogKR3yQKrjrV56jKNmry10dhvlk+bTpvmuGnclmEvbZ4PULqMRtvftpzSru6ozjxcMTfwyRwpWydBhlqUbu9sNn203NZKe/q3zge8nQ3OFIB/7M5e89UeuyPh8qaBP3z/ffstvX6VADRYWRW+05qA1EUaFpw3NwFlrpSCEWXieqOb0U+yqOW3tVM397GubMlznxWoYXll3gQuZEY4uOGYrRUg2qVv+YyI8kIBqwA2hkLfmCTVYMTSyjMxw1LRDtIqVts2l7geCgkn3NC34TJtN4bxBvjqkZNHRuYGuBiBuCFlwjyKPDFPowHBDgMoZEt+RvrcxMtoCtLY9zv8dhA8I4AgyqmRFi3hWwZowGvYQNO876+od4eSepfgIUj70DBQyn5EXPPluMHtvkcdwhT+BJTtIrU2REvXyUrMkAeQIwc/QAzdLkC8BalI2MnibbaMUwW0dPwUVCGk5W0LZIBXJ6k02aaDB7BdYeI6OOY6uv467jsNgwPTC+/6wFzuN8LZ4cz3oMC832NYcWcRtDVioIgZpKHLvBb6Dl0MqBx5He1iZRzLiXwAQmYJQ0aQZONRcxN+CDcKUC+W6YTQ5FNptVGw0nLdQPpM5gK/BPN4DCqQLtaug4eBPYUYkZj3PXA82vquME1Sc8tRiFV27Veu52MSX4PjwGHzb6spsWUdGGRudvkuRIeZVNgY/944IAdQdbleaIvT9UGwM3lHjci8MR1sa8Dgm5l8DIznAG58QezzUEQs6sYzohPw9nZBrF9gZQh5/fzlCxZ2nDCoNBeTf2KajrW9HY4Hgks7NndQqITPQtqXLQC3tNHGFSuV8oXJsgdYfWUghAEhdqBG1l9v+yuE0Q2hoywwFEs9KQ8O6OiGpXVs3GvE54SPfKzF440xbkfzkExx+TqCrRzV9YKkZXtuz5/s0/eGwoOX4HR93g4AqhGobCz5SVM9xjU6vOPdcJP2SqmANbalzec8/Bmgpu5tVIbEnp5TAtBNkhPBBjoN2ocVGAmP9tg6iLECPYnIiMB1M6pC0dHaG/3EBCIQhpycQozOBIMQMMTjiGDcsVgPKdbtZv6121e7vLZrRDAwcqqR4X0MFac65vNyLI1YgRHUeyy3aNcObs/ompOjmdzFDgVz31n43rLCpAtFCrwExO7oAgJJ45m77HEnW4ac/Nh9TZkrMr1j32bBFt+mZYoSgoP04l0EL4iHRjzGBrNoNLEADXF5qLMZmoXF3EGrj/uAvgWHV/cB2hCIL+ZekHLIqHh7egxQXQfSeLulmwHC7qNDR7+PE7LXZjeSpDTDIs7jI4KGozHy+fmaCEBwHG0QknEOEtkHiLy9WOK1XDlNMZNEjjeqTULBTY6Y1LupXoKAfCjXMh5Ckuq8oDxUheyhZOgYmZjdyXztBWoncsfbAPqfjinlTzJZ59tWAHSCU8rHJ7hCAF2N2HXWm8+avr28NQWndEbcY+kzTJNb4MK5Rn2Fq0PfCQAAEABJREFUDUTvmUTfUcn3AulPXLnsfi63XiUZGB9KNSqfjnsmWx/6LRrr/rrvn1+/fP75p9effx63W3962q5BAt0p+g9FaRcIODKp8Hy7FaeJzfCVxaEuK+0M156cdtr/QTzuda21FDHf8E/atINq0r08xKwHcnJvatLTSSsP7huPaPmAQgPm8/zBtZmQAm8JqWAP3o5NJyen4pv9WxpgC86it/i30KzseeI7y8gvQ1AOmhCQRDIy79XK123+0L9ywizxs1GADB7Zy/ZWRja72AfNeD7TWUQ1FtzeRJuuPTF4fIq12+5RivjTp48ffv/713/8qX39KY657q8m2NRTtlB0KX2Ew8Pjdvoa8fjgNQ6ercj828kvBFutC0ANQjTr5OGtmktOyjWmRdJhd3SROSiHQg5bGqfa8fiv4+tnv782/xTk+UrviFylQ6On6jwEaKo8iUH22u/3W09yKGZ+IEnHN7fM/GJgwa6QwyimEvaDsRQI8gk5d9AdJt+GkAI585gUQSfEFCKITR2Gvvt03FOlJFQd0ltQ0EgeE9BhNTlSoSc25SKi5AL9GY0vdT/Xukz5rXF0Ok7OLlG5nEKsNhHTNHFg3xrP/pcdElqjg3zokGEju95YuwNCnxHQ2haDzFxpufSRLuAGBSKak+NQ9fazHyZb5AoCCB4M9yZGrLgK06AuoJ+1TEcfs1oBpVIiQYhyqR2a/qwGeZ9uL4+xl4C9hI1WdNXsJKneQ3sEiOWg5Q9+DkbWR17s6A9QsGUbFom64J4n4e4lOXz5rlSdtr3J1Gw1LG1peyGF7fHIcJVCukp2VI6aT5yJGysF8RL2SsVX93qU9rOHTWBlOw9y3f+k0VrOjK6w5mN+Z7mH1SfCNhSPryG3Np8vMVZSup1ga5/KrvTRNFgWPdeS8GLenm3tNvPHuEgT15PdwWO3XoeLcq9hFut4XtZO/BDBCepZhg208heWVrIrrS8TqkHvBXhmBxNmbW0qmOXwAq/MDk3PY9VqNTnzXy4LDYkpCAQ2go7kHTZvX5YJLRjeMiOtuXFzRqsIoL2lZkkJTzGfk+DzrBz+QVpzbV3n7LctO90La9c1PcdT1p7JAuhpXvtyNFemGDSrWEHLatATtezU53wXLRg5Gsy8x4VaLy6pkmNTis3eWEduCVyczYr619tMK8lP1ittudK1u0vEJaw9m1IB4ufbvL2jrbc9Sdfsna8bPz//3e9+bL+l168SgBbmywB3Lr7cgbbITenIoFQzeYrWS4opS3TUWlo0rWkPpIWYG+f0P6GAcjxabfq0ExQLpKS0jEhiyTh6clkXKHbw0/UJoBiCHTuxbG+ETRFS5wHIGuJoFdkhDKaxBrew4eN1cyY9RwjwQPB1GHhtXEBNpvRtuM+7qo/ItqwqcBTfxwO267ULoDRqaKMbukUTA7VG/uD9PmTA9S34i0XS2pOzOkT0hrsQDwrDHQUFCVcemKw704cz8rdvz9cL8nfvhmiGQHtGmp6oSWhASY9fIkWbMzfIiBpNJSBOi3nQrxiJyiKhcmOAdMuOR0G543k33fawKZkSmCYHUABxfET0cRQjjP7cAIcddvvT0/MB7d2DRxYuK+JJjhljwC1AqAiU6RFcdmkIbTgeTA7lwNDvd/FlBVhwxdvR4P12dwwl+ebiGpRJCQ4KSzuT0HxL8qqtuJwgM2PJsbzhCESogzsXBWoiCg16biiIWMYp48uPn65XjjE5QnvU3mnAWeiGgcRDbC0c8vDfdoYG6xDXMdEIvo6YUhP3OUJREGsMKl5V82syTjEvcS5iEY4Xxza9JYsvAB1EYA9iv75tpe6wWjfG4xsYxht6cHz49fYaBwOgEDluch9KGY1dd2kzQxXwZpRDvzwdkxiQN6gFN0xcuCgHdHK53L58Hdf75foEL66h4KChyKH3py34UO6NUeBA5WKTkuu7GRlpN6sjNJYIcppeIJgAOyuNs9bJToBtjgxdI206ELhE7CTWBoHSxvOUY5vBoY/ykb51cbUMRBAd2P8Xty8w/o7GPl3s+bo9P20vL9fr89Oxxhr4p5EgQPLACgJCbc8WMBjzJiDCdCLlCoydBhDLuRnPnhDML98kwQrDkdgA3GmZ90q3imZri+zVAHlBvtHBbTPo52C9MHaoWDY7Is7iu6DSAcpusAI7nfi+K3SEGwtEwscJxAHj70aJSDw9dm/Xz6BvCUN70DuEH32/8/MYpxtYi/fylrh+d7KlG5UJFtuuIDGszzuEnoFf+tjPG3lKBuq2YRwsMseJh8gfZxiZYqesk6q9YphhYCmApBXYjbyVDoj80q2q0VFYbNGnnXY8oZc4yAgK7zjhJHfPruDzoA/i7MWAdxXG9DIUcdIz2syhjyE+9gsK4D6FSA8WkZCZQaHukdJDWxSC75B0X0KY20uMfBxnkfMU4dEgcY/qCBvJZPwijH8HyXXmk/CEicuIiPdQEFmiEQyN5MUKh5edGFsziKW55mgyp9c4FgsXyfiEIxib/+gl0xKXBOaty7rA8BXQbCzz0Mo1yaypk0+1ul60NsbqIyU8meIT699xXojLujBBy6M4iFJkhWyi2YDUdyjPOA0LRJjSystCIPgGVUAj3Ca9WHXGEgfrZObFkQb1TUSHQqdcri/Xl+frU3BkITW9iS0S66UPUsZQIqbNj/lQlGplB7/34pno4AlrL0d4ugUyCx/ggG+8fBp/rXypdy5r3vzNe62525svLHjF4hQ9fFa9Wb7uhXe5u/0Jrdekr1CClZ/YajVpr6w28EMD5LVpm7/zINmfp2W+/GYtw5xXf1g/DlXDVta3Fy6GXbPn7fKMjDa9Aor11x4JOTqvZ5+hTME2D3EJMRSg4bEqX56uP/z4h3/y9BJnV3FiSVFNvb/TwGOd1FdhuLDbw8bQoXgFiXOtJXTAto0mBhwW5gW67HsXvVgj13HfYM4BFB2ARI3VerdGZgpssX57vR1mxvby2mCUujAaiH1SPCH9bd9ZYKN7Miyz1ImYkzyIjWEQ4CscFpz0pPnI+w4hmY3auKGuaChOCG/hnBlj7bCxebEJTzcXDzeKz4DRiaibYSLMlIvWVakXU3sAvqKHQ+qQRVXlnYx8MC40Vp4lwY3nndBTW4bnmGyOQRbDTWEdwizSMcIhfQZEt3QbHSEkh/q+XJ4DvN4ugIzA8sFTbZnZLF7A3mOyRkERorLF6lVGEm3CcTsOWl9B6cZ4bmS+NYlP5ffLnVz2+uAhrMwgewdbIVJDs2/WZKai4BlILAkUVmCqCww42It0CBIoWZ6a6iYlgU28JT1cRnpN6bEAKanx/CQGZKE94DKtzQ8Ev9tZRZqYtEYmwLU5b/PepfCcYUR40ePWTap9lkJn0dMlEb3Q2aV5aIDarsVaGK49SLc3gnt5izP4nuAs6LuESasucZj93Vun8LGiG5PUnG3SRHFnY6CXOPpSQE3pNJTsE7j208Os1INMSqOxaYrfbUozWtaxzY2SGWcmjFpYpoZRJgQ+HQp38Tzad894eBXKKiex6Y6ew79M3KLZpTF1dOdnw8FS+k3F2N7VgXUzWVvzv4lsv714nV0d37EhAt+9WqGNO7eJpRlez8sNkfM3DcJWK6ekkVPhKVNdAqIRGCEAhKPHNAZam7eVJ+FUMcRxjCnTijejapMqzxPK7HVHtBY3I/SRa7bn0Ps0jXUY4GOOuk9hYVo3vP2QyDu/CnPjqlmsi5IYvC2NpjbjD+Zw1TC+M4n1kStYXfN5EkO8rUuG1azr8XZqtC/S4D1r8uOHD+239PpVAtB8SW+1XHmcfAnaZdqtCKPyXK7ROD0fzbY2d7FbbUebV9nb1Y+7pgzIvLTmZagrkIDtolRO6INNllYeo9Sa/o3E7TtrssnjaIxeY5gcI6VaOckkwCWsN7jF+Jw9UVQaHW3Byl2BGqLHZcBq6nXutCzr0rKOuO46ij2CcLAzShP44P0WP0dTFSEQ8AEKYdvThgLTLdwARDiOCJemvTAYMZeeLOdgr90fP+yM5N1gSR94cfx2YUg5ZTNj8XxKKoY2YyIipOIScOKBpdwZ1AZY3OCrw5ZjShytHkDkSOhz4lcRd4+we8TQIq2TQY98OCueRIwJVG6XAcNDCmAAXY3xcukoN0dQCxvy1AOI9Io9w7wyIhr+DxMzj/mtClFYJOSjxQJwuew61tAjMP8HwhsEDhHwQru+ST1MM6V2QZgCkTTPwnuMgASyv207qCcYV+MI+rh0hrS7QiVdbM4Rng9WXGUGIEgwo+hVJu/AU/fbK1BmtnWQOkJs3fJpjQQgzum1LKQZmbBR4bDWczPVcUQGAEGXrjBnsHLd7rcnJowHBfldu7YwZ+BhfDQYV2JSbrd7RxH5S65MGvEdxOJYM7sCy5sGcXs+ziIuAc7eB6F/TsydjC+oU8etnFoo2oYKih0iZ3QNl6GqYWPRwp2GuMwQ4qS2cRLOmjStJOJsnWBlbJVOfDV21VcfP7sff24BQLbLU3953j5+6C8v/enaOUZl8MCBaSD5dpI0cBXHNtoZuwhihO40JcWDJouBtRijYFw83jgeGDH5TMlYaKb4Ukl0ul4wPlRHsVWQzM7tmkKashYztHm6biheJ3FIzDz2Adcoop5F2D8CwLAdo3Q7zlha/Irc2ksjUYdlVHWrNJOAZ4ke8KSrUXYM+fmwqfaMzWY7GWfMyIz0FJWlRSm/CzcQUiAoL+4PhmP0SOtZ/juD0JoczgROPZeik3pU949BijFh5K+hFif2FsXu2AW9YzBBfJRHlJyd8rEbkYQD9vWI1pvRmGLQOJaE4m0p9RjRtkMbHlvi1UE9fxyU7odWIEF8I1i4g7HhGLmncZnwruLmIs6CFcMEOCg02acmw4GYLQYeUyi4ZtBoUX9PP4LXe1oOMrllKdjikZ3yOpWcIJO0Tcd/+sqLSyEcJF04KlS9uEYtw41bW78qY4BF0spyh+XPQFFb/YdRniWGH7gWsz+AG7nUtRph1Fi9zHzdj8sGw6lBkF9vEq5xNLdpeyYszbwOIeixa0KGQGQzLr5zxYYcuR4ntccB5RMKA284UCdalLnssE20ztob6N5P7l6O+smUW67w9b0yrnzBTTTIdfV6//zZpiuSk5hH/mvT3n25n+xMeVZp/Pn8fhmZ0+v55j2r6Z5W2HSR5gGGuvqLN5rQx4JPLMMxW93ae+hztjz3g8xa01vN3/Rm9nUZSv0qDGQ6q/NbhQCxwU5mdXfBixtlHvR+pkPOWZG5C1k/np62H3/3Z//04/f7P0MiUmToeDVCuiSnWJkHiZ2wASYPHVWznTAVzwGBJIMYeBoW8lOKXYf8poNG4zyXdKghfPtQqMdp23Gafb+/3l+/jPurX5/GRE/KT2jpR+hNVhuWLd03yWSYyDTym8ZhHrlRStJcMHasViK3synDg2xEhaolK4VMOzwqsr04O9ROzQuf6trQXKrkXMOxAHS2RmGw9sph1O8pGD1w8kiacR65jcMAABAASURBVJal9eSHtYIkE9UyrsCYkp15NQDVFOWiQAsrcCKNX8Eyhw32EiW2D8lFwpA1MJPFCCnETNp89DLgWpaslB5RUCduez+mL2igPUoUw5NA2VdbNw/HdEgqUCLn0llIVYQW4r0sIOq5h7X8CaqLawveneOQEel9Gf9BBEoKrr31bFuKj5ahR1KEpidpfSj8udZErcqEkWy5Hy2S/M0WIbM8fl5wkorZoJzj9ZO0NrMjKcf0FF/bMG9W+fbLnVwyaG1MoUR6asEO+d7IfeLparTzSFrBAjU6D91tp0HXM6SWW43yw4VtjmgaH97WztL0bosdwe/43MS23tmWKHGbkrvekHhO/7zVluM2BKm6MNa0oGT7mMpgBDi5zV67qK1onNgq7HcWUfFsBQ2BYOFrayi7z976tMXU3PSDdpsW3Wmhe1tHwriLpTrK01ivroWVBmarGEUKvbZIRxegIb1otHBrbqfy156aWpAD18qYX5tQLSqTMhX/vJm2ZGoy/eg5w7Lcek8Ndd5/NteUV00pXKYDwLJQ+PhRQrC+lS21857j6JrZ3OXqZgkXK7xpvkpi21qD5rzLnEL3NFQtlwEbts8HzovcfRrs6+0o/avRuqXp/5amveXgO0fa+7lR9va3VN3t3QCI9Ll/K69fKQA9JQ0FL+OYcrlJPGR83JxrrV99z0sOnDZ2y9suB4LvLoraKrxRPylnk5HUM0EnlZhOhNJ0VvMinnCInocF/bKCGwv8MMYh/Yo0mzzlLl1PoynkFZDkmVVkLDw4RkXeSU4wZNZYqYPsn81W8VgSBfWJuPcRtKeTacOXa+izSSWpXOU7SmdJG4RHbaJTSEffZbVKqbGsX0WRt/IBFKkdD9+V8wxekTTGNTxyZXppQgThRrQFLH21jdWrelEHIOaLbA2kDObs1VmngXUPAamL6JQFTCeokQZEv+msIBVQRCLTReB4sCahNV1CVbWJe9fTqkgDmjOqUBicLgCU31gG0ubZ8UWh8lol2gOE5cZcwOmYSeUMouEHdnC7Ee49QNM75pqQJKFAROzSA5vkd1sETdast6Leu1w2nIIIL+QaQ6w8fJB7NDpoSRgKhA2QbnXF1nluM2/T60A+JaJhERyUcdMYQ7J+YLh2kzGEYKi0JsHlgJTO1hFdu+v0PdakRewg+JUPWHK7XjAVAbe1zCE1B8hO+hrEKzlL049xeX7yyxYJuvcd+ZwXxizzHBonwwG0qbAoYToDwXCnwJp0QmXm8TefhiZ2pBYUz69kVvOsml8Y0srTKuKX7+5f9v1n379ABl0OSOgl0GcA0NvhgiGgPKMWoGYh3QB27qJmJCGEt3L+WEfJ6hSpvPW4UWfIZkpFW6z/4eVHeYqMtN+Ufyc+Xa1kRZ6mCagiIcQWtWHIyBkANB0yGEpM52adeuxsxt1tx1nDjtgpDxYOO4797uJpUeWmii/n0V6aQxB/3N9qPufYm+9Vjbb22EidQuKhtKzdp4240wV3CdBLVyBXuhOMMdHqYJqyCY9JizPTheU3KS9uqCGp2ThLLS1P1IlSAoACYdxq4C2Zdjz9IWpb9qKbsBaeVqaBji0n2o64/zYiuHsLJh8j3+fdx20cf/bbcSB4R4D5YNnG2P97HjlkuUVavwCIyWvO2H9RQFDwhX9irMrYpMFGalUMWSRDcT3O7rSMsaogII2D6Y9PD3QxEcqWnD5NjrwunUbFg0UtF7M2pS//rJdUsqubgjbmJdbmwp6t8GWvazvEqCi2uGjJ8h8oBJaibdo/BLZHjYFOYQvr6XnEl4Q6WE5IO+8LEiRqMsBOOGzku5FUcqiXp+fnSCLB6eaF5YNFHN2KB2o20k8dly0i68bn285zEQ3m0tUpMbmPPB1FSzXTlruvs7D+XB9auiftG56Ct2+8X48ry8qWCJ9qYHuAKPzBbbZ333/7a7lVfl57D+0udGlacKltvb197rd6l63K56dlndtpyvv6r8lirQFZPs+r7URWqUfltC47TwoEkIugv+a1QgRMOviwDqV8+eHH3z3/8Pv7f/biP1kZu+VsD5VWaYsai6NBHrrzSVYigMYlhE2Om/S1Yj9MWqDo3bVQc3fnPZlH1ZjPbChOcpzQ3W9f9ttXVBSk0mnOIGrpilEWuvwJms+dwpYU1hpmO++adbNY9mSasqrdqXwDhmib+OxTAbK7LnGb9rfsAKfUUuNyOU7/guYD6SGwF+l9hMkUZtmd5GtNzlWc+o+LzAOVUt8k/SmRGrWWsku6QjXJQWWt0Boa+ZrzJu8LzTlOxZ6uT6Ce21N8VhdlqUwrymuTjDRuchlbLk4UgAAFx000JszhaIz667NJXhF2ntfkxlr3Q7qtTRZHrvtG+Frmf7oMmlIyHVkih7Op9YjcfrWhcu1bGqlTvrg/ihBPufVGIj6+kRZESd1FsGs1TvWaMtts3f2+7OvWSg5bO8mg2UW3b4ms2R416qw1Wtmv3Ju+3tvShdfOamUGzXtWG+SMj5Srq2mwarv82d+ZDP1UMlBjVr9qi7c291nKdJ9v+3nUl06tCqO1tCZ1qzmaeRerDjKb0VqWsWmtTrDmGpLiXdZD7R+1aO2Yy8Rvy9WmqV4OGwpXrY2wGrmcn7qx16jZm1WKL/oyDNx17Z0LT1qHu6ncsZpaNYdRw72GuvOMfRro/mYbaYFVB31ZjFr4p807J/mhmT7tjIdrp8PQfFkzbW6hdR9z87d1TXrJzbY2kO+NVoPorRrsvuzmNtEle19k+KmH5f6uA/+wSUeeIE+xmKGj9a3R2vYwSg8j9LDrKuT57QhzREw/ZE7Q20OL3LsyhNY1ldPwdgR+U69fbQQ05pxxOrmSXHbUIn6IU+WWKUWz2rM2VY+XDhi5leayqRWY2yFd/VYapqVcheztQnaDHrSO0nnin9y5ink0Gp1hkrBmHCgPdIAWTAu0zghqJA1lDYSroJT36iLDmlZ5aeX2CvWWMZ3UJVuWC5Twgwzp0fg7UIbwHQnyMkdx5OEkN9jWe6bHNYbE0aVkTb/jzcv1woPRyuRrOvULW7kfxjbo8gCutrSzleLrrsE5jMPAnMEYx07MHqUoIOzY0OadY5PINQejG7mvY17vAVBpNFiZiTikCYHeDusx7NvLtaHwILsDvhAwOcAwCw+flV2GKOs6eIgxuihKw8J0NHxJuYqxIl/2YPrkhhFGSA3v0DIBT5x6bYr+eM59H11XXq7kvyMujzHs/el6BagTzgqXve8JWKcSUCwt1iYB5UXWO/H0HazV2k6xQJnIGF+K2Oer7bd7PAIHyFx7x5UHfF0ZMc/XJ5R/3CmoI4A6YlqOibhEVQSw694DVBJtQPAfBri7sS3BM+E3togbQRBnjAexFcPsoHeJgF1ZQHIxxC1SvzezhHFhEXB9RVvvI0BH2OpPT0+vX2/0OYmPtAQG9U3UR+MKd8Qw9n4NQoZbvC4fPx5fe0UVwQuQvY584YjfpNIKHsZ2RZ5vV1lOC3wOZlb3nv4kgF7ATOBAIJGg33GIEMIP0QSWModTJAyfHi/DTtMcCDKIiKSOMpif7/fPBwB9IIPXo+39+cU+frCPz9sBDR3vRGR1nq+nz2SLc4qHiWbwvudxF6t5RlHGziwNCqo006WJm1xtLOdRWVMlnuSHl1MNicNRYHsUSyvqRw9ym13jlVNE83WINMIraKopxvo4E0BWAfGxvTcy3gcAHVG4SPsGC7zPOpr7mJKWAxr5tcfJSSx/JHmMmBon0bP2VDcR7gftSE/NgGBxrDaNRCvK5zEU5x1C6TjS2a7ED3DS4IjoV/lGfWu4jugwCWt8tFIxlC5J67x1QYjdM0XciQ2wEGhZkgBp07llEFlThkw0ZChwugWt+C7fZURuCPdsSyJjZ93LkG/Xw9iwHgT4OM28Q3DcIjnmOKkJNQd5FrnXWxQnDNaNY6McI7wFFOPk/Ubx19hqGYwbOUGIH8b873SJFIyjbdt0FgXy+ovTVbRtmoVGb0FISJ1ba7VrLmFxyhuH0eDTBs0CEfI6ypqg6imvVP4YfkqXqVk+rcyLJKH2WtV8dlscb0g8huMjkWWzmnc1JAF1rqogKco7IEw0+rUz5ScYnnCfIPRBHn7Hgrto5fWgs3UyHWZiqNfWxk3JxMJQw87/kY2Z7me8QpBer8Fh9ATyDeYMbZet58t0NgAnblpUHAwrX7WtL5//cghOH5SzxbAsTw9w+kCcSIXJvfFI5r3c/fzO+wj0w2Wnr7/97O3F/viuZwvR1rTw+Pj06eoyp0KSyfqOh/VNMCZ9J85nQqWrcfwnvOZceLVzBqz5uUG+/mWrOTvBiDLRzwBFfT+lHZ1cBrZbfuAt96K2Gq2H4+C0bZ8+ff/pD3/+5R/98PqX//kWoak3Hd/JUJQi6VsZDGV+x310XD1KfbnUb7ae0Az3V59bQEsALPwu5xmHZiYaAY4DhG1z2DT32+uX16+fr88vYKqIO9yjjMhdWjU3IrvJaBWk7ygEg+Cs56tWl1MrrO1PuMFE08M4iTabL7KnpvhzUyITF6BCWawyZYQye0tDQFM6fSlf9hWN5/RXgpsCsj3DCPCVC1QiQ6V1M58RP5R0tLplOSX9RzNyjliCBbRGRptxnvH70/X5en3uUallTAqDWpc4rJvrlZHMgsE4vSss4zRB2h6ljZGIhNwzGOUT0LTcAt5q52JgeglAScE6q5pIl7ikaTmrVG4qDMy9ie/NepZ4mWhODXVbJM6EbT1nPiWrnGefe9BT4eTH8+J1k+a2f5CWnAJqqTlmFHGLoC87Qn8vkJzVG54t9xwrm7jzHxe6y5JstUtL/+RO1ZWlwk/y/KRQ8p1HDNCqgSkVU8CVoMvdcBqnmgJ7EOCJtqaAxAyX4K1ouBTvBCUnDHraiK21ZfrkAFbXUvdgVCxnRtrG6snqiBJxrc3wc/flDN3ryXlrm+2kK+s0JZibnAsrroLJMiyhGcqYIdajVgFoc3ZM/GPtTBKld9gTOp4lgZcbnV9uKe+kLZycfjlBMpqlCmqIijwkhSIQ9tZ8AZMtN7eVEJnTsQLRbY7oMlWzrWWgrZM590fq4lQahQJPqDf1V5urxNKO8jIvakfMS/wkAtQEfmdtui4ym9+fL0qUt/IiF7EXgpH6w8RlJNbRHPvW5jXr09aFv/baH37XPrU68E4xVxGNrck84gD7urPXZuPyiUEvw9De6+dv6vWrBKAp2LjHlOAvMdjmtuXaR1hZfqtJ09vpDEaspU3itBSazfu21XTGOgJb4eoBlEDArlYUoIrIhUWo0FEKMLlbQBSw1VMcqQ9RCaipelkyvFvLM0DA1wGIMGmXzgJpi8mnFKG7I3eh5DkJJsTR4dNkdSYZlrbwROhotgBJdFQUaTu5VweTFjsRxogcRiSCK/rWtoyBpMsf9frC84xKUgeWGYg2Kp6kQR4BWAfK4ADQN9QPPK46ULnjK4ehDXqMcF5lWSmcshMi7kCBHcCNZG6gkmRhAAAQAElEQVSfGf2UV9AtDe13+AMqzOg0eqOwFTmOeT4GzInrBGhpFMdirGuglEFKfaB/lwO/2C1iQA8E5rqhNp19PZyF22sgyZdA61+/7rR/t+t1S+9avXBhnceVr4FchakKVofLPZiDY246k5Mj/qyDbfbWWIjOjLfgSj7uYKo5cwffLMQ3IgItVyapJcR00pzeP9sChoxB0B2ttqOPR0caKmRKtTdwPSD09cAmL9cDRQqsFQ6PaoECxG80Z4+BeY0Sd8yy7NtLgLiIVT4WR799fT0atG93a8/Hh5fL1cGLeH89MOBgotjIPHiASbpvi0Jx0QYS/3bG6mEi/Akc1UOUHQjWhso5EHhifw3xQjx26ji9oK103OPoQ4D3GzM+oceie5fr0xOpgbEV9tfb/eXl+ZgaoP7hFx19+fz58/Pz4a7EzB5A2XGL49KvX79+/vnzxx9/HFt/NXs91slxxwjujg4dQxhXw0Y5MJ17lFEKYvSnA4w8tjvz5SE+eCbRkNiwgzThWLmB9IXfGWyC9zGt0RGsvgeU33fuzbZvKpMVId9B2BLX9QPC/7KDudnt5+Y/Df983CokjB8T+vRyYNBBAP1M0pWVtqDR5ORCiJHbcLQzTDmjfqcLHdd1cHGgIJNsH85Ly0js6QnTyiy7H7dWwrPMZuOBTsGkkuhE6EzyOhlBKIEb6O6dZ1Lp3+K8AGQsXPMx2V2yH8IXBmjUCgSZ5g3cBU5m0Dg02IfKy41xQhlaQPlRYjRoNY9DlMHAa8Zfox4rnT4yebM2Jlqz06/HWgYlEG9/LNoLBFrkhuDcC0vTnC0IWarAtIwaj7KScT6zYe2ANQSfGncK3cOGip2DPngrUSnfshX5A3QG7880lQY32LkQhyKuLV1tzGisyZ3PvUgicy3ojAg6wEBofgj0S5C1x6HR9ZCS2+c9Tpn8jlKCTVyeOGu845DqFiF8xxDfomCdk0PdrOx2qk86+cpJoGIwT3rlgagzwO0synhcfcc2BzdmHQQ7oyMhARLAci2QlslV7E8jvmPCPlprqWjaxFNksU5rU+qoUxsnKJt6ynH4qf1BelOet6T3IkAwKV+TR1WyPU5L+sKea5VecNxrL8PFxRu7gxydzhg14gZSpkjSZvbPBQMc2wS1Yb3i2uWXcPqxysHCb9uOI7UybEgDG4zeY4g3foCrPA7kQ2YeEgcp4RwJRrH3yfHy/svb4jekjVcSRPaasLYhi64l6T7myd+7v4w2F/TAe327Fe0XMFn3X3zf7Jd9jXe+Ptfh4gnmyUITnkZrtYDXX3rO25brMCVv72ka1sff6Ov5Jmkr6y7fevQv3Kpm11qfIPIvfWe209rUKm6eR9e8RnJKoWMXKpJDnX//4+//8uP3n4/TkAYFBkViVWJyNKWf6QmLuxyFrFGzBCav0a4gz9YknkUxPQYNozhdbOoksGA0QdTMcMYqbLnHDYzUwVSljJTjouMw/MtP4/vvRuyzyBVrYifTSVWa8tFE8odpoeDUH1jNoeKv+I1lFBgowK19n+os3Zb0GkhmbGC6a9wc3PMUWKJZRtUD9podiRLYcEq2zmTGsSbdwVO4EyiOoHLEWFNxklGJimBU4Mt2oVSh0QZJcW2sIAjzR2fL7sR2jUdVUTR5a1pF3lQ3utviq5nQCwFch6n28vz8dLkCiRqFA8mJIJ7MFUp0O0RxWBI9865z76CUbfojx5S0OGINP8JapRcBgyoPUrHt4CvCz8N2bQpHHEEaT8Tc9UFjlhVqY7qKGaXtpPs2ekQm3SqdlMgH102CfzlDSm1qbe7ZB6ni6+mbFkdevqI3FCjtdPv5UZcNJqiPU5KkBbBdhrc3wjjtSv2D9ea5R/Pu9qcKLrXHHx6hm58+m310T6wg/7Z2Fr3+cNscA5eOeSufC9OWI75YxgLadRt7PET0RRJ6SVEdDrQC6pYHeTbYZ+uWiWt2anbCIfOKmnuXtLZTJ0GfD71u+l5r02oUoOyWb5qd1xLsz52rfQ6gaf957nXPdsDYXAo6q56BWasTsKkpfC5ROTamZAjAARqg9Cbca3nTHuMOyoaamsAAHYjJZWJN4U1WAnp4xXALN7XUXGLqwIN75X1m2bCaIFtm3eeQwcloqXvaqoxnY40J8FkPsSZwWV/rF3puoXXwpsLFTm2UITx7dJ+Son3j5XMKsl9V/oSGjStbnAtptmiuWLcSWHVBWkmW6b7rksz9YI9t+ZPlw2xGU/bGeq+5gL2yr05LoVqxyscpq7w1a7/Z168SgC6F45kNQvzLlRczd89JqpY9uayQ8g149TtWsrahPlgsmCUoA0Gp9GEkWLtkn7lyU0CDBnwi7Df6SL1MlsMw3FRZUaguH7IzMJNxu4hbM5VajaJ2dNtaGiMGMDfCKvsTI3wdKW5q+QDquqePLEJMBY/keAkezdCPOYKM1Egz30TkCgnO4idkQfOzC5cyi8MCd9gqWVeXRcGjtnniQyYm380E0YSAu+23wLYU+Az7rSu1WlYoEpxQI1twlbH299AEwL+4q0hWO81dg2Ed0CRbqqWCfgZpJQOT4znHNL2+3uPeF0SLGZj2Zbb70BErUf5jDMGj2iiiiZV4JarPpGNiwY0K29d1B+7fA9gaKNLoPfEI91Ts1GcxIggabp20s+zRFvS8CIO9veKUIKJd4wBAhNvGhUoV0EU3jiTW+HjDQUYvaywW4OaXSzsAhOO9r19ff/7555cXVgszVPqKWGb4/h18DF3qKQKEo3lUERfUK78CukYdzIHY3pHkuOMA8bGFHQX/euQw+swFO/ALwPE7QPD79QJyZjooXfjaULQ1go+ibictIXBY73d0M7ykA/LGCgvwJcqY4RHHd19fXy0YRUQxcru/2vHG1RkEe30CLTgB+gPevVyD7cTswKM/fPhwtCdCjCOU1r4cAHTAl8e6OtybGLovewjcDe7lFSv4ggDWKLseEE1DoDQQNKyHYzffI+Q5zigiTGvstxiwjOpP28LDX0GkPXeBCaJz8nNEfNd4tePrAYu+jvHX+/2nA9VHcPnRqqcn+/DUn5+O9YECb6bk1aiiSH9c1IKw0YI3BycmOOyINh5j5ZdtR53GQOM7pQeXsYLyG2DggRQCkvKollPaJGkMkyQG09f3kfw9lNWD/SYfZSsILDw5GZpx2T7ETlBx0Ahdsnoi8jJAOQR6zPC4jsUQg3sbN1QvHTJ5QbZTQdCN3o7LAROMEDG8GAqS6prkI0DlCM1OsdY3+sU7VzOFrdoo3RNAbWyT7XDQ4zysb3vKIvJZgwTfdJSk8N4QnRDWrL4a0zbyCU7eGUoXkPSOsv6xgsipaaI+kHeQPWwt7zS8LEKdLkQzxv469kvHKYv1YHNmjHQPepnG6nZYTBmWGJv6GKBLxNxHLVTQb8QI7EZxOsg8HmeFcaASkPsxYq/73e7h1V8MpQWQa7KVPoeGuIAh2nm+g4MWyUal7DC+ntRJFMVkv85D2SD07GXZSuGL3U6KQCYuh45FCLHe6EcnAoZFkdF4yWi8+O7zli77HnnylrtZ5V2b5pcomJ0ipq2tzkAjYO3pUbVNOq4iuXQ9U2EMYBsz87nyWE4g6PhDOAUuHnUfJ3iAql3EWEjwlbW3vFoY55YKm0xVLyV4LJLbPQ5m7zjKDjwpjmcvqAC8LcqFRtzJXtOItXx6e/S83/UgMIfd18I2en+iL+++5mitVuAbi/Cdx7pE5sNXTj7SN594+r09fGX6istXTF7Q+nXP3Fw+3OwUU/y2MWVqLGCT1uW5SXlNO/m0q8dl2hbry5R4o0aqAadArfNjqrndKsDz/SuXx1f7EgJtdejINox5iVjnNkXP+f3Td99df/jd/uFj/+knZ17aYajgOEjQjcr6kZg4hBvHMETu5cKIXdnPWQAC0GRLKMFRt9BE2pX8GwIL2s6Syt1qK3GH36m3DzsJV0cQ9P3r19vrF4vKFrINti3NlbHi5Or6oGKURWcCj+NTg5Vwl2fSkhatTcTSWh6uElvKBaAplNq1yFHxrIkloNAiTYsIOEOlI+sR+HMYJnrQaCU4iDl3Qo1ctVEZBEfFrxE17BHZcYEzAjVtrL9yAauP/L/OcAuX3KFLgiGBswDrnBVdOAKwOGivS6d1Pvrp5cCfXw7JJKxcBSaoMNh4T7omtnhn2USdoxcPFxZ6QSLR17AP7iglsyWGzSEl4sw3ih4SUjC3jYH3Vq3WbmXbBxUrb4Q/irKM6QH+h9H2qDTSycNvOKy0mcbvM6xPzS0kyMoTagkIZYu8Nvk8u1pfdg4OXmXuSU7ADdXyyqs0kQIo87qSIWXzLjc9SQT3HKK2tLL5t8TJqd3lZGhtLTdeD/jmU23BwVN6a1xM4rS60H65CV6jMAG6+sBsQSasr2hfCnbXuVartepTStdfebg0Zmtbq2D4tTXtTxkxxQundph2jhXmwY+yLTC82uTJVTf8pJZ9NYzziiEB2zzNVw1IbhRqyolOnteHJ/hbi756yC8wm+yt6oE8nVdaxbWoP6k9QTEsW2+M9K0FiFqtLdkzAjrWbtc8+lzStrZw3Q/zfc6emZ3ffewCN8Xs9zrcro5UBn1tzDlGesh5GZ/V+UwPbXU08M6+4/z5suJsHtvop9NSahPzee91Mq4fLlka6Ms2eNukb760BGen2irNznew+skfbSUi9PjF129b+62/fq0UHHJW6vgETttIVx7VpFvu0BR9+fIpLG1arlbmdwooXVCQ76JzSm8ulUmrYZa5+QKCpvok/pn7zdNuYk5ZcikzYigxJMBeuBpAGSKvAePsd8TDbVuaK0JzAuNzT3YFpX6laVTa1FJczg2qdsBN3cIpNcR7bjKy86opjXPDyXxHZwSSanzLJ2dX56BilBqrINFU2huxGSdtG4eCpRFHmliNtiAxeoAbpMKruQAjBjOWXeG9MMvC/CTxhStJRqWznBlgx2AighDIcqEBO6KSURQwBPAdBAiI4z1A4d2ApPSte60WCOAByKMJL07M6kBMhGFEVBmT5CKk+n6jwTDAoAtqBxiJwI0NNQ29kZg4a+7E8UBPI4l+RBNIsrHcirki63V9RKxHrfGN4YEIPMng5dQpxNHvJDhGNPSWByLlYnFYgCZ3knejv0MEo2ZlK/Y2I74PQJl80FyFOFuI4E50cpjMi6bDlIx6ddLRRPyzMsZ8ZExhnnQglTV97+QiP+CTG00REgRGeHFn0CmafeF+6Qhbbo3sLgFYEG/mE4+vXJAbDjT76MGrIb6Sleg7gtxHlQWLOOUBDpULnhhhQ6/DP9/3q10OjO3wAa4xiYf7d7tYnA5x35NiPGJkouyiTsE3EMBDghzocwTX3qN+jX9BubtXRdoGhwPYSHBQYBq23VW5Drsk2AcvAeO2z238BI/qeMzP+/6X4/YTgq+etwN3PqDz7fn5cn2KTU/CIqCnjAhjrTMvU0+40vQgteaDZCL8xcM9vPRKdmPM1Mhduy9l+apcQZGsGQAAEABJREFUUgrIsidH0qaT0CZtNb14aFFBQYNhrioLCgE1MooariyB+V3rKuD7KAy/IXW2Qlnvfv86xtfdbwwwRhRGOZs8IFmMfioJLV0WrsSJWO9a5EIgh5jGbSaDl7GN6GrGSuchagdhBQYjmncfCMDmECESHvHsfdcOiTNIB6mE6tEGvhfa6jieoYvu6ZFGbJqkcOMGR5wXNSYwarrAiRv6PEtrVKyUcVj8SipnXwKvuTAFpguWD6llzJ8O5CCqnypDNACdu4GB2/q4PFl82HcHI892SNoWnAwhejo4eFiPC7PmLFZr063J1Jb0pVlWmPj5csKG6XMe4vZ0HxrWBb2EVGzTIHSfWFzGrTA8D+Ey5FFKkwAHu2eKnrlERj6j23SlFg2aSVejiUCrWt9Kc5YYp+Rp7xjaup1PVyOtfy8PnLw9xER2SnOKyeYi4ILaC5lH8QpVHAgG2rlZcluVT+BZLTal0IGa6cyYlRQYsn0A0K8hQaPYbEj+eF11tmkJemiqxJbVmCYs4yJHc+lp82XW0sXLT9OoO7sBrey2XzD77fH+5V+WF/j4lUUquPt/AY/iW26PLy7K4nb+8fuVj+2VP3wCTBYsO0th23SxOLe8Q0Xgndw2+3ZHyhWulr/zBQnMX7iHTQfuoWv5fV5YcNxii8v2aAWQpdmtHyIuD1lVMGjH7dOn756+/519+NR+/idgwbe8G9nSxmlkac5ph4ckucvIla2VK1jDX0GOkgi5oRjBqx2ctyNi2HlGSLx6jxqFIbfj9zuYoG/bdWSBFM32+koXY3WKee4oV4D2lUsJU1y2OUIzN1tmupKgOo/CtDIQXL5pezVmGkiLRyZYRNLcKW2jtDGpsSAFaiWWRVp9p7TDCGyNeHVy2Xk+CZLJWbgBxs7I0AhE0lDqcvgzUru5KjlTKbYSuuyh+1yfMJ6fn56fUP5ibvlVZ2sWm0LD9YeZU1nvgapfZr9w6zgP55F4of2aqmVl17ZY3kxTWqtO7Z7CBo1Stpif1lN2s1QYyI7CmB7tIQ1kCrTFS16bkiQLHOrlCEkZcvPTRl/KJkojsazYrlapxyfhXa2fq3bpY1tWZ82Wxks4pCU4W8LaSmAsLUlV4e1R2c8Ht3O75iilrPECyB7EGGfHfV1S1k4NbuvT7PTIkhXL49N9W5q09IlKzmolrUHV55alaOR5YElFjYO6Y0Vks/Rn6dvjDbmDkiarAu/mDGu5POjMnLC2oNXub8d71oUpGt6Ca11WaX2XLeJCmBNtc3at2YJ8tGUIc9doVc7NZ48t8kUlrbswBXsu65quJgk58nDOSi8vS63unguZkRIZVbnYNGXFlbLVUFb7spnaD1P9rUPSJSXCquu5xkobtdyekmPwx1sdH2j0T/JxzkDZEdlkk3F52mfMcuCJYysT/WEk2nrPdlJq88O0CebmKQFQM/EwzCk57BdtKl8MxymvTbuoBmBJRFjkqTPMwe1bluDSQzP7k+yrf6Ffv1oO6KncXNKstnaysayyr00hYiUEfZVTbW4nm0eFWWxYd17vlgI8b6TdnwCz5f4q6OL4GxiZLohYsS6KajpcyWcriZZGsY7twQdNyIzBf5XqTEIJ9YBDQYkylL0tGTlMMpDiME+ozJYDL16pJNrjyP5ySYGUcXskJlhqcmfU7Sx+mOio644CQZJujGCNsYbIVuZFTM9II48zFYwBu2JPACCiR6J8lSE7xNdmRpw5MS6we7i3XqxwbBAdZkRVDMQvII+YlBWRSL6ppImg7dSXrrUFmub7fgN9wgFXo6ovns9p6URkQT4hKIyB2JfMb9yErQG3cqXqpEkvWxN1Zhp4GTLbuvRmgr+S+I0oFSEXBju0QQZbr+FSfcv4awv63sDetq7UJRqOcQkNfwsykKPx98AsDsDuuinkMjBy40geA/j88mxRhS/iDQ/stbQLWqlT7mMmvn59PSz7mhbStrbwVeKLjJ8/5pmRrY2Q0K5hJ6PMfRCqiyG63+918+O2iHe8M/KFdCWxeqNeEAK4rWd8Ir2uKHzlQEuPK19enkfW8mmeoBmwcrKjHO/s99dCUnqwsQMHv9jT9SmSYcEqwypeiJEaDM09lt0tcOu79+txwnCBZurcsz3YZy4oOOhgR4khjSMBVdO5BNOIfFrk0MYdj0Z8wSZ7jVlxxNHD5I9I0/FsF2W6pxAA2LvfIg6/3cbx3f2nKAa93W7jp/32136/bfZ8POvSD/T55eUSVcGCScYslw3Kk90LHppQBQHinYudEO3eUDIpOnLpOEkbJIHVPkWDBxlSCAN7cmco75nyEU/YFVud+cQIwi2R6iJAdxeDOdHJfdD/sbGPxQ1Decl7xI8jGZnVU5GUIvkWHQNPevwJvp8dmbHwKcHtzJyDhjB9ygJLYwQOOJbrQE3DgXAzeJ5ggG8IZ8WG3SqYbMT264pW0vChLTjACb5w8J8EqnkZDMMCnGsghQn2cETv2xicJ8Na2pinG9+OVXasWjB564zNo+LlBdIe8VxDciy9DzqphrQWkWAQQk5vwjIAK1JA4vxJqEbjTiFH/UYMhTMFNAW1VIG9XpRsbMciuwUL+cX3T7fv/+IW2ewfx/56HBUAH366bB8QHHt5uhzXXo9uXK+XONrZrgFc9ngr6BvwzMvVRAUdgwAEg4xVKQ5ZLS9WZ6zfYxBOEJkTzyH0ObmLPSL6y6GP+SplhHEz4q2uwDQm6XjLVOnmtT44QJ2FdOXuMDa/tck0DbqhNkNGh2dx+Hrq/MV0J8I2eQurnKmWQaCFSaU7pSGBuhiC8uMDVa+NQwwgSDSfQ3L0oeJgjZUsmOvUT/CgK+Mkovx65GTJPQLzyiB4drt9Dfz59bgsIp8vMZPWUyMpE4i45zTFF3uO27FMOnmAi+ejf+wdEz7VUZvuX37v0T/RfReDsFwt4h22Xnl6+vJruopNk3F+zMPV64/y2Ve3xluzk3Oy9iAv9LLebD5TOTTn8Tg9z+tfL0zCCyPQoaOv7SvHTE/zd25t56ecRvx8rb/35mMrz8NVTBF6VhpEbTrReTyVnRcsyP4Zw+K5YfaX55cP3//u6bvf+T/7hw08bGTAooPMGxR8oArMbhmoDF4NY+2TWJ5d8cyuaFVq4dLJsMxwgtyWRaZrVCh7k4PfeJgYbPgOup8gJTqMje3YgUGS1qh5W4IEvVcmZUFJ6Iby9pyCfJNwG4zG9XGx03Byjq3lmRgBi+h2p7TQIBgaJAiKh6yklMK5u+tUGsa9QkeG+ZgYI2iy0uwkhzRVq/Hsi2wcm5ULr7QLRbmEZNmZcJExEPBssDogymyyCDYZhIVz2CIWc7tCjXZ7eQpGNSOyd1rmwtm4R0wLU52SuG9CjvQFp9MW8tN2Hmh7AcIEmEz2S05cWwJ0SvykDtIQeQqyBLzSrWltRh/mHeKinRltYXD3vpy1tqnOHkRECQHLO9kUtyVLfUqieYPyenOU6q9il+pzqdUM6K/Tbs4eri2rSzx3+6L+2sSe2zx5XVb2sudaiam8X7akEC9vJ+FT53l4RLf0mZaFBBfKF4TQ2umaefj2IMO9vQNlTS2nNpnqSXsNb8lvk//ubUEDcySrS63Uw/IpH3MKuT6LhFTDZ1VyUv80zoUAp/IvVNBO9w0BMQ/r6rMHXeByvVHtJCdKaZ0+efhnA7Kh/vZercayWfNz42nq1UKSRebO49dlA0wJ0NJo8twquUlbHhTNXT6S+anpJMyX8a+t1Wpaq/eWEJX6OUdJjzQrNX2SEJ7QF1sMNKL2lVXr80TRVlmVa8gEGtee8dloP01SS61jc6nNS6RFTGbNqXfNErUrAaRZsGXCWvV3uFirMhTJl4mraSmTHf9mhde8jS03fM9QPLXQ13Wi+ZqzYGerb93iy2SVjHwbu/3tp//2Xr9OCo487khMTUdf5jOV77Su46dRm7sLZvHM05TxqlhbimYk4/nysGbvLFzdq5UAjgsIaME8CvJJHP9H04ZIoN2J1SYWTS+2WCwO8+xw0EbFom6XO+q8scBIkzXbcVYfr0vrAfD5+HrAS228XJ8OPx2MwMHDm+EJfcvacS3C6e7HPckeEbneEbmEy+IXhEEiM65vW4IQOYSw8QKxue8mzulo+fFM38VQuZGRA7b7gR28jlcEusYZ/O11ILqzX3O/RnIa8DvQzh6wHSr4RWPDGAXdLbIJg3shAjRDQO6Xu+2fX79Y3P/AKS6NFUeYMhnEzZHyd7T9SVh/j0JhDYHDmMcN6KQzJgGB0hG7Gty+dw/uuY11YA6w8h7vDPrsAzXlDuj6NRqsJOcIWox2IYy6gQmXi7BHHK6g+4RzuFT6INOoVcg0+VJugQr2A9lk4C2hOlCRHLjh63EFPPfLQBUaWmEAvxAwEzNt+20/IBwE0QAU7iLODmTxmPTbbQ9w8AABXjypyHFAQsseoZ/MKGz29QvIr1sL1o7XAOhugAJfYuICagte78v1588/E5MyMe9uQHgbaTWQoRgwNpEengV0RC2SzfAaZQFJlbLjcGGASad/PhYncKhrBHV7UIQf+F7EcFx2ZbNE5HBM0D3qmBl4AEZgtySrNeUpBuYZ0e1BZeNBjfHcN1AZIMxf9ItY+dfn44ERrPf1K5yW5wOQPL5ywCeXYCyNuRtgp2UQ9PHDh6iJeWB99yD+RutBN/L6ZXx+DfD5Fph1lPgaKOjjn/3+ZOIlxLwz1D0gnbsbMkYjwXQbjLOEJDmA7HG/HVu7tVfUzLyLMgFBpXBgbkGpeC+q02PUjyEZSSr8JaKn9wO8Pjbhl/32eR9fjoWAxMwDjrtcDxC/ffzQPrz49RIW3y1QzvsBPffKHiukTKy1Qw6y0PbY0LGwILzi8+Pbl0bmRnh36m6wv+/CnJsIymkmbXsTfbKKZDZZ8yMDCGJ/HYv5GAmYSncGBSOT+I6AqRu5bf0Cos3YfZC0rxX1HFH/HkDwsaiejj+2XcGvjhjaYx2M9hQ07hG/tYtngyZSHCw1RPn2MkWSH7uBfWYz5qGD8aYXcHYsiAu2PDI9rLSDZb0MemndIyS/JY96Qwy5B6FJ8KGQErg7UQTELAMKL4s6HEumQisimHENLnidMQ8GlpfG/bXpNCodA8ej85a0PwNCF/EmrD4n0x/yUSJODbtZERQY6oa6BXVcQbmb+q0LXmxF3GQ/uv+Z+992P4T46yFtsG7zDCa6A5oGCD/WTUx4eEMB2Xyr1wORUSFLd5cXUEcGAnERQFjHrt5EJZHqTRsIAHSnHhfDqPxGVY5iWS/FkiAUPRjsm04PmVERAo1mQJzMgMAZq5pM5INFWXdwx3RhKPDk6P4S4GqJPrN1No3y1dPsi33tOOXk2UYb6V/SY/UhBEdtkS1P0qLGC+73yPg/FO8GPG0/gP4Lkn8iwcOQ94BTEGESAuZQ02FvyXCbyQnHj7cGsXN//fnr37x+fY2zoUOgX67gZulaLemI8HaeQeyQXiHnUCtsb6xv6ermAownehgAABAASURBVBVkYlMTq6iuSCvQxPKICUxHojCdky3XrLyoBVvgtReBC+ZaJukJpWMXlxUfmqXXcXJV3jgi6/v26Necv5LeZ8+SSoVipH+8xHnNJfFHXB3hZ9OTnjjW2thJC0sOz/fuS3mYTZgO30MzdMbg5yBnt0r9KB/Wl5/rulPbyfOZ2x57xnEMepxv1X23UV2J2AAUQD4OJuN744cffvzx93/xn/9//p9j/xInYIN1Al6Re3UJbbIfkqmBxuqwXW/blpwScTKv0I9Dnn4dwXYeh4K5yoaMKu1i6gEE8IJGKdjArpjKoKVDgl2YmHEMz9QcnOXd46zOjyPd50Olf/4b+/BdA3X9hkgLhX3gZInJU07qrMGy1WFpRIGTPP4CoN6CZ+r1S5zwx37aGs+TLIQvBi+KYLSg4IkY7MDlESBhV0U8UHJNd6dHOYqeGFVH9iKEHiquhGmLT44370qpR0GLe5yzWmd4hbiMj1P2+434AFv81JIELUUtbgX+Mi7d5OlmhIkOEhHtG+UDCKZA4p8RMWtp+pP8LN68bi+fvr9sL0ChxhXkVC0BjkH47xiN8bqj2Yh7vgd1l286Wz8GK2Rv0PEfE3TrO9gOieEfPwVDlYGxA+zeOOX2vm7ErLuw7D5PG2mB77U9lXg5BP4sSiH3LPnvBYSGK3cY1JFmNxLJPm1iX0CiEi+2yhPIgZZ7G75JtkiFr7t0q71xkzldqs2wYjuEabIiRwqPE/w8AWJ7zEtQ3wvOl7PesRIr02jpiU3V9Z6cSxT53PY5ONz98Qv3LAeyRCbb2bJgd3aiMKmR2KGpoQuutUhKm9OQAN2E2H2OR46F29pI03ATxrCKpl3UGo+cp3zNbAjzwi+1PvKLsyM9mbsaywx7pr1xUIlc6oTdcvSykgiWc5fS6S11Kdo+vEKSIUC76g2q93Icmgw3yybOzPVdi8tqQGseGUHh2Ima6Kbyl1pquXRn1WjaY5ovJi/IlJqmlbPcawNXf1tStfkPrY9pLeTIMLWk5xKBn+pK9CiUKRdn5tJnu3PV9XxKS6CzjEDXWmtxBKXHmMusaiamo5rGZbJljhXMi1XER7NseQqaxaw+CY5cig4vZ3KtNJsyjWS1GTnZMpTCuU5GFr6qm9e6LcDdJqxuVplJrGXlpJcz8A/lvnBl1K3bsvbZ46s2dmuPmJ88AYWptzlT+f5yqVB+06G4TUtAl49zau9v8/VrLUI4hfuy2/0c8V+7XQaSXsN96ipvxRU4tELjO1s9SEiWfrcSESVWUv61WfwZUXWOnPuWmoSvJXdF2rxI2IkGFlgjlQ/Z1PPVXNSQDdSNzZW4iwhoY+1BeMOIxwTEBujB05TSgu/IhM2Ax4aoUprzGYvr5LxT4DOjlQcqbhxf30Bmn7WGeLlcc3am+B8s2vnEFDDGLYYhBHpQVY/CQ8giDXwkhmLIOgTQBr4J5pBBEzA+z8GG0Fg8EHUCBfCGxRzhE8HN29Mww9RcUFpE6MuBD9Jus+QAZXawATC14K+LdGJi0IAdLxtS7DcE/5pxUqDZdnB3BC3DFYGJjewPQXAKpQUQVbPcEPTaMvKxCbQLqhNCLly5LGqHMLIY541sFH2DBb+PLEW1ESi/bCyVhjKCVUGFKyOezmopG6AjUGIPqYlB8oRwqe4OnJoUIXQ0EdUIKugoV7WD+wG2wU69eD/QUZCOOykkEGbRgH8Hjp8lHbbOnE14N5uK4Rztvl6ewG19I6cHI6lhmven7fr09BTnBQAOmyxGYEOqMBQDTkJnhCpL18XY3OHj7XQ9ZFHSPo5AvgCsA7nEt5wEgU46RyOQEjhlnM8ccIzSDgCEbP3Dywdu9ntUMjRvGUmLqn2c0OvThw9P31t/3tvlNgLeFpMsdh2K1pSJsvEkCYGtjIVVUucGHlxH2PbhuASDc4y+RYQupMmW1UaNXmHaOjjl2nGZsxjd8d1joX89jjcOP9n9NbgbVbfwWFQv1/79U/9wOY4ZSIJwjMlTPD8YaVC3L2ERAqkOvofjI0qxgbAEQElbRqch6fUAdJEcEB3cZIf2A+9GN7VHyuBxu1CCR7P3QOsZSitvozL1O+hAYhPuZFhwnXuj0GmDyYrBFeXhxWnSOFlxgnkj8N12QM8HkBDN60q97oQMEDHevDw+EATHBCHvhDgHJLc8bki/uIfMcRBKe5oeuxBIujt92kzwRxkF5Qm/Ad5M7vsQrUjWpq9CbngOAqPwWPLbFKoAYJSwtk+1VCHKGMO08IaYNBXuoaml8kpLymR44+muAi/Ceut6KAX41iA/SR+/W4HQED9wUhdlnUN33OdDa588VNX9kMZxkIcTRGO/pfJko1qFzTRG6fMWjG5Tiy0Z9KdfSatAlrK3cvhkRbYqX8wx82k5lF2YMyjZnT9K07kSQ1x+IUW2M+Qa1TDpPKWgRVZBHGTeVQ8MsjDy61/jjDkXn0xf97ewQvXWGJYuf0SbL4FQUriv7wxlATWffoZOPBo7ElKjN18GAdV8j9PSQ0gbuH/EjB4p+Ns2bZXYORnlkc1FIwLwM0EGkFiHKXB9QuFW8j/RYpJ8MGWgzmWbMDFG0X1xVsvo1wlLRdzV2yZv7nHY2p/08mqBHKC3s5DXlTdj37jmW69qrS+PqifZJEfLK836+mgv0mcNiZawL16W/xFOEB586CG5Zd42tJx5rf/29hJR2E5n2denlAPZVs/2oSnfeNkvf6ylk7a5s+yBVkwOaa4eSjlwvcVR3KfvP3334+/+8fXTdv8JpBqxYhsqTHAfJr7pQka8Ws5CBApgYdLKvcVJfSPjcXoX3GhIy9kjTUg2n5Sd9mAYSFEmF8esFnWuBzjini4MUDneef38+ny7bU8voSAoKISpYBPvkkQlNhppMGC3CxkEaBqG4n1PViwqyOE5Q1ZeTDrVziStofNg16GaHiFogsfqKJ26V7naKKmytdw9fEYKpS0g/n7pWWFiqKRDBF6ko94SVcjJLM0UOVYRz3LZriITUTFU6MlylrrKe9DdEEQKRkEiWc4UrB5Ie7A+RVoGnRnfvUCFZZXhF85s1ykZsyRjIvrGE9GQjpbpLbobTHYPe6otAoNH0VBShSU1a2/E3En4aD8Pnbvl+K6HV+6LVrPlTBirYAqOVXql0TCfU3d+RFXqi1Z7wQqIrSE73w3brp7pKQnOm9qX/+tribLiA1Ku50Jo8sPd2yLpLVVGexD2vs7l8gizyiFxsYj4N8UNdecoeUBfvhDA5SEpz08dnFeVGaKRYwOVjXa6w9J2b80WSFiDuo5ZmoUTRec+Ai17KcAKm9ekJVuxTaxjys5WhlNBtq307RxFXW9rd1vNFZbLySR981ptnRS2abVVyLcX94tsm/MdtKvWjvADa61WSQG8nv940tAtTa+pwfclIrtGqUbezdsiLkt/WjrgvfYV2mRrNHBqJZ+/eq7tc1t0xnDubYpWQgSZSZLa1ppci9rmloJiRVXT1Jzjkj+wwy0jNsAE6wSqrKka2CIf+bw5/34SJq6FXaKNKP8QvabV0UFhR22agm/Nthq69bWMJEeH0zyB51bhqabh+xNftVC0DabhvYxaTUY10OY6fGvt+Plna7/R168TgLa5Hz23Xa1SX6yHabnge/X+XKClxipfZN2fpU4tP21W4qQtW16eVG4eWk7Fc+gSRr1n3T/+IBbZN71Lozdcxg1VvWhQUegw+50VTlpaF6pe5EwE5iGTtnOyrgKp9CxRyxRsusdBWdA6454QzEv7MlIfNsqsAu01zEassGlXIwiXgxGJu72Sv1XdLi6EkSifc5jyCHVGhJEMa9BAXToi+jRzxJs4Rhy26i7OjU1ghbImAUBHwTqQegS/8AWM2RmIEg+9o8wgmoN0SJy8MVzCeKCNJ3YCRo34LWB95LB5V6QNqYk34Dj3/U7b/EDBXDMPErzhB4RppPTtitBvzHUGyqmFIfq6QDQC4WYCJwiFAbBvdKuI6zRauwOJTAWL8NAAIRi9JxbD1TiEsFxi3r3ME1NYuzaR2QyFxlhLIxR/RYRdR2THDpoK6mAY1vtQljtNcFNYbGMGZeaz0hXkeIKtgmzmMdG3Ow9jONM7cyqP7l6vhCjk69gSxWYJFcUSMG2A3lU/gphOS3rElsrn6ByQ9ChC6FR71u770C5g1CHL+/BII+AhHJ8cG+AqRcPKPwSYgPY2nTUg1/V2uwUtO326YJi2+wHkboRxieV3RYVethZFLHGZSA94U2B6SpbUrggCA0iYDjgbIbGdVAQbOeGRACynDYJsJ84LKRAAX2B8ER/wegy4G/Mxnq7bh6ftx0+XP/vh+uMP2w+ftg8fr08vL9ePH4MGfRsIWDeBHsYwFVBXR5z0fuyfbZi8SpwvtfQMYiduqDOn4yittiLNFS9FogZOy0DbwPOjjLWxXtIbx216kM4F4XburTh2uCt4osGgxTKk41+GPG/cvhjrVvkrcbQjK7XMJCHD3VK9mFdURMreJIRJEwdLFmTxmesmFLS1tD7L3y+l0rii6TVDHdEp0Ee1d1uGi1mZZS7ih8DkRRmfrSmNOG1kyoeWUHK5KVptAsSl5th5HM2arQ6d9pbJ0mtp381QJinEXEbK+HATToU/g8eve4Sb0QxtQuplyNr64ohTlbA/vU8LtZTI1P9G/9BrrloF73ABLeZoeVDlWDSby2YZoFYCZXmWt+SIyJPY1AS8pilToGU6AIhiKELvr6+vnz//9NNPf/P185dxu/mCGYIf/ORmUZX6G9+La4tylotexN45QoKnqMEsDwpyiVBuQzACg4tSbV1x0n6ROQNm9Fjcl2tnCVZPedvihMeoSmoyGMYZwqofp7nPz0/HPZ6en6+sLTspoFs5U2U+cVI8PYlpz7UF49BbNj87jYf74uw1TaZlkK6/9T4KMvDT71w+5bPbdI3K8JwNPN/h8dat+RomY+3thQ89Y5clPOx00RuXxaeBuzbjzXXnhkko+bvNeedxPa9JEEKraGnv8sxv9PVtmx687vyGvXPP80Xct5kEzj3gbT0NUFVlz1AMmJojUk0+fvjwwx/+8PLnf8f/0d/c71Fe4YCKuzClIQEwFFqV1lDpLuUeEO9AAVhXpFxmGpQnryamdPYUCXS4U4bCdCT7VRCk7ZdQ4T0CZ+2Qkbf99bW/ROxwXBFHWPeRS4OZdETiPKk/ao/Vasf98VUQZQBHGFzKDPFNSWoptzRe5NRnK5ExiRuJFk0JLtGMxjKnqmZFrZRZpVjCSG4M033DWXAJ2SGPaVdoRSvZS7Mfc9090UGoJWLrOAk7zsVVVUUWPhl+YOpL0Vuqe5uoHU+L48IriIFSpeY2poKkzpB14Z68Iq4wDg0uA3i08iTd+T4yIEd9HaLZUNNdUOe8WGqJK75W8KOLWHLw1Na2Csq09jXsjCW3TZpXQMxCM9Bae8B5UjTPnba0Q/k6tcRbBlSWtkxbrrXHpqfSeRTC78iekshTN8uU8hkv3B5iJ//kAAAQAElEQVThKXvnJ7VJpp4+tJKQuVyJhjX7hWM7U/dr1qxugN7Z2vz3b3HSVfPh+VHpn7p87h9TVxbVrvjz1tIgpb/exunwQLu8kNy3EtXqJn4yMBLQzDmVwntnZnkbXZ3zY8s6zIb445fmL2jfgoq4VsGYwmhp+FllLKfXDyOvrXjudOm11TzORuZRuPYRe7zslwcbwVqZLbauqRxWSmG9a600ps9JWre7rxC/y55sc++cupV77jyz02z2mkMipLaMW4bAvN3rj4N7Hs95JRcd66Haul3nFhUuogvUNl652ChTmqTZroX3rTacIo7PksBzq1tb5EQzt292aW692Yj8oT5m02xZA1LtSzOWJ9iiSJbJ9NPb68+/wdevkwPacjWlPefCEuykzaVjtXmtvrgskkUkLJtQukjb1tY1nOKEv68qzBZ574t7alm1dvIfNeGJnuHMrSnpgB7mfWegMw/Yt54BR1zwRDYawjB7EiuPhNoXWHeKvhghYJrEL2yafak1IRfIY4ccu6GzZwzCYPwEDqQTu6RlCKrBXlEUFvzCqW8YHgu6ic4WkphnJ03czgyF5VgMTBVNdeFwMeeIY5Z4Umd8Lt8VHhFmcUSzApBKrroIVQ75DvuP8jAiFKikh8RxYHjXS4n8rmhHygY8DjcK2JDnfihZFwHLPdIhSdLrJODwwqidQQ8bEyp9LpPoxD64KmolIIg2fr+NGwzc6ElEW3vPvCQaGnRaol9N8AZxFbOMsWT/m9e3GlcVH4qJHyZLFKOvvNEYBxVdTMWgbF/Ep9fC1ZrQCAXO1/K85Pg4qE72HbE7VzTZ6BfEKGFA7/vtul1Y3+9+37nqcEljhLJMTNpk6Az5qbgO0qGiculsc3N9R6sI4XaII9UgYeUjFnwzoNNY0qoslxTbKKZIANryBKlFdG0sVIvDgIjyjrQBljJUoVFpjjsKbR2v8KH89cN3L9//rR/b7efnD08dNCZPQF1AKtKvILQNFywqXjawgSNvM4hnMjpQnlWE1kQ9oog3j46yQOeWALTG77ppo8sARZJng0PMJQTOFODd5O05oNz9gMGfn64fnp8+vNjztT1dL/36ZE8f/MqS8cf3rgR8eWdAX2CDGCTl2tL9ZpZCzpEAdCXP1gb2lMwK5k0kEUcaXCcteC4U3Ss7LoWvfEWnXKAjmWkSsQ3pELZdCyMoGYKUfPjIVb+rJToK2QiqhqSLBP8clTKFpEkAGlqaoWhvLUe8yUM1hmUQPDRySpNJGIIun5wmYzsbsTlCXRHEaX1OTLTkYFM2YQr3np4QUOK++wKxUg67r08T/5SMIRmOaaXaDCVST+v9Ns3kBbpMCWRTL5otNhjecxKJlqk/20dS1ilwtBiY7T3KYLepucueb5kbabW+WjXJJwOyp1aUjByLE/1gvWpG3ab3U2b6ya1s07Cu99ItKiWsAaRasVy5PkqXwYCJpXIA0H/913/V+j8Z4y+/7sGDIbCDQrVNJMYWXVD9YqdbqkeusIrKTpltq6H70BupVfQ90vnjIKN7z2hRkIz04VkOGEQHPfILDCLxFonzzoM94hyiXokmhax7ul6fn54+vnw41Prz9SlSr4qAbGmLc/BXG6ymYDXOva0jD0R0PJrxbz2XDGWyGop1D54GZNmW8+saztnU+urJIz5/Kzviyw8PY9/WleSnBus7bHZXgP+ygez8lHbq6drwNw2qr/vS32n+2iPitbqnZ2cLCV71OZdridC2/tCWa6xZ7ZTT57mm1VXmKqqKQ0qPmre1JYtdIIRvWoxNf3yiGLrHsRi/+93vf/8v/9f/8p/+p7evfzP8S49UGeqyYMWaox0Ko9NUj9QrFQk3RndIHOP3TXlxzggoKhFZ/4UC1OqGzYiNw4OlppOpoGMfIIRiAtGhvu/765ft9tG2JxSvviNpTXbwniYm2EJGckh5W4LmDYwfLm43GsRevvCUeml/+TLvaWvyjLSDVWjXkTIZ7SV71Z7UKSOhH5N3E+fTF2TuxU4fItSlQSZGkWy7gpQ5SjqQRqwMHrUFL0+IEJ1mcUzvEYaB8ieKWOjqCeojdPEucAIsV0uYVJdImLxUxEtOu9ce4YvQcxxflECwHB5d4pk1pqPIjQlftQy5qN0ZU466gFoRrVrVFuh12aHrLmqJxHnJCF8k/CIKsd06WVmgQsgdeLrtspXMSkvYVHxCZk9aswylVuBuzrbrrHPKyzcva++KseVV/fFVaU9dbCc5tszcHKL2Sy+r2IPl91bgdj5wNqWdlca84KRVCoVrq2qbP5Ssr0v41wKD1rNK4pV9U65QPW82LM2ylsf91e6KPdYaltlwmrNq31RL2Q8voe4nsbC+GEvBnbWsHGr4rh9OerJ2xfo8bqzhY5VH7rUF0QQeeSmAbVWuc74Ss197lPHtc4YgIdclzYb7bGTTuGaBolZmWTXuPA5TF04zYZnZBTWtFdvOwHYSmDzozWqSjKYpIPK80KfjQJFrpWqjMUPTVF9o1bjp2Lv5Kc+qpaChX+LLElqEg9VRsUTZNFlLrs2Jnot+eUyNGv+lz+EzKnSypZxuUxOvgZ+Dirv297Ys/bR1LdaEL6t7mnvfFiRqUWXg2XK9zc/fPPvU59baexvqN/L61RchbOIUaDSc/cF4phVmiFpNa0xWQwHRjAbzkxxq2nzUAI8usCSA/NwCsFu5iHA7lSZ1OHM7EAlQZIDqKKAhy3hVWzE++mYojLfjfQuSY7Bt3IJ22T1rQ+3klnWwlUXSIHJ+Wa6jnXxmEZRuKP9ttH3MkVrXgOYgWNCyd0L3s0qqaAERMNFQ3c4TLkm5YopTjQG9Dxo6jds5InNBNdcjvmAMZnIcD5+0TJQ1jeFxrQq/9GQAba1IptgqjGcjY3VycVHnKaAVsBICWAMm3hE1zYeQv5OrBAl5SvRGTcXgeT2Awts9w19jsDcZx8Bom0I6GlImA8XeUbkseC2PK8cewOQGluH76wZ2CASfDcCKiLPeEc+7dVXkQMeCewOY8uHPMzQ4KLavsTfxaJeIk1+TzhZdqqAkjvcOXPdwSXhvR5Dd5fJ03DzYwIGSA3cODycK3IgH1EVVjKDarbGgjSiThxTS8cY1mH1bMJMgRKV2AcOlhcDj5vGwrWG1RVxwUHiDD2KSISraOviUbySMBoMqOGSxobDyj1YGWW3frPaIdvZowfrdLrfXVwOjHTcx5iRm6Yr94jEzd/pN1425l4KznCU0vXFHyO3ZsXMaGV0jd55R1YQgo0eBMh9QS396eiKqssG7YQ79169fjndAcueXp/u//N/4O99d71//2d99+fAE7r0YDgTbB/B8QdD94e9cUEUtHJpjCi4IGQYJo9JmSQ3RwY0BvBVchM5NgSqexImdpyaMtTWVtkFeQsg9YNmIUBbBx7EfXm+vX37e99cG/P0SJyntHpzQT95R8s1YlG5TmDnHTYIvng0fVwHDI5IDtp5B6sFgMu5GT14nYaDUjMqSdFA3UHAyXA0MLTvlJXmr7SS8Yjt0hnS0fg8SS29bxfgLyEMbcW+yWGCMrwxkY7CSkycdwio6VaEgjuTp5hq45cmCAmRAnz5qIxGHvoPDycSTAR7j0Uj0CVJzAuO6Ou64Ed2XVS19lHlniiQKCU1yFspXawXVOXK5dbtyORRffAKbywdJcQHbPZbGZqmyfKRpmV9LY7inKwVumsUJtEX+COOgOrX6sE8lOpuS9mJiHyh4txHmBLuTPnfLFKHMnqNeavSrpIk5f9ub9WJmhYtruJZOJZMyHfTpZ3CMsF76agd4E+57MtPns7KXodtRalRcz0KG8Vk3r0lqpaQ2qq2oVnqPlPIvr6+fv3z98vnLfv9qOPaqsKeEF+Jf0mj6AkBbjrs8IzFKKQfK+Hyb50OmYrOCE7AEIZyHIvKCXysOx8T5Bw0AoqJ91pVFzke05FBz9xuqC1621/3p6sdRWMjNDdbN8c8hJo9Tro8vL/trMNgH53/WrpCxMZeHJWmgPOM2Q9TZ+ITL5AnSR9gX5yzDU2z6uxooboacrVxNbQJw9ss+QO2h9i1vIR/U1gXUVnP0/IzT+0IC3mA8trhZAvVyD9hpnfrErk6f+RvnadkRTTuBP3mrPYGNNx36vji72ix0bAV1NVucSstbtdoC69OtvNrVqu5is+jyGhnIzzPelkudzmjBB/X1muDZyho1tTZI0MauOF4KTvJ3PX/69Gd/97/2z//+f9D+5p9uwXk+oMA6Kt3uOFpFKgCE+EiihwY5xgOU2p44TYuUqXEJm3/wJJI1CgY5NdL6wQEzI5WjuuCIIqpR/xoKc4DfKyrJHnbj7pcYjqBRu3/9vN1u12e3dC5UezdARWNUijWWOW1JQWGVkwCuKBBg7Qjo9tpszVubKSfL+nPFAIRR6VmPMX7dSXsRQ3TsZoY29JapPimqWUumE+IVggAW/95npJBpu25NDITBni+DtyvS1ug7HO/f2YybR/WP6yF2np47s69g21+EuRzX7VlTDCE8aneD40ClKH0sL2jbdB+aIXMp+bLDgpaMEHOwZTtSDEuZN36UtP4Ko0e5x1HgNWz2AJ1ZqoLr3d/sTq3dkv31cZk9XOTJ7gbJ7/l9RwoLJZ5lVLshFnwKSdMFkop9WQWVsMmh6Hnlf9lXCfPlAA/+iKbgG9+qczB/2NU1GKfLU0enB66hmL7SexL+JG/trbBsD82rMeYXGGevOgRpzLUTItbek8H8dKqztmASTTFAAiEssz9r2nurLq5rY4ED6SO07mm26e6lH6pZ9daM99R3NsszqHqGLyqgfUtdqq6G8FoFFLQpVjz721otKhk6IrNRAQ2t5NbYgpHWps1e5+5Aczy7WEjkOlllL7Uz3KjjM00nb5HDK28btSVMOonF3rNvOGJsY9Jxt7TyRJTnSZGtCSrV11bzcU5cS6E4R3jZe34GSOfcsRRJPryGNFfQsrJTOy/SJWmXxASk606Sp5bW2sAysDUis7Uywgdd6qWjZ/WSRv0DYsdOZGh2fcXsTUcWT4TfGxJ5re6wnAfV/acQXN5q+VU7X58+2oP0eNjRueNdTXn/5WW26HefY/Ot/fQv+uvXWYRwbmW8sA5J/dZWm7oOodx88XUEm64KO2X+4zJYdZK3uWb9F9eLiSBiRr+OBO2KPYd1bbL17pnmVpsBuLpnYhpMmZ3mHKy4CGYG9SysKHDYMm64FXdoIvJpmvBJjXWSSqt4cECTxVi9ZAwCAUb8ykwRGVnxdFMtQoqBtKacwRXPl40cagGujcAko4BcMPaO2y3AkwvZ1u5iIkYUtdjxdhifLPK0BxezOGBZ4YwCCBDhCAAPkv14wBaxt3cKP/jutKOA6AYZ3Y64iU52BcPFO5KIuxEkIn4eau/rVwWpkWz6cqU6DeyQWK0jsNoyZARB2xcCpb3POs/4dRMOAQhQktqd9PvkCWTwBcgrEI1rQlzj1nvUPt8JqiI6Y0c59MAObtDXMd+D5pqnOQAAEABJREFURbmaqpM56t6F5guEMyK7UfU8ApB76KhbWMgHCLCTnSPiN2f8aqBmqOp+B6U04+7p61uY6Bc4DoRltQiNWIa5qoTFy0H74lnzHTAXrG4S3HJg4+dAzFFm83INvpEDMd9UsrwFxfcFiziuDJ4TvJjujTbHGhl0wDAUqAsD1DXihyIyL8q5bddbLMkAusJfAFXihhIlcEUyDZb7vgcL9iXq0gS5NXhp7OX5w6fnlyileNzxdoC0z6xJfzT5AJBRNi/W9fEhMPrjTGh76T/+xV98+OHlz28//3x9upoeEQXwjh7k0YOzAGiTwecYTEDzSa7eGP1NHt74vikqm3tCu7lhSrqXGqeLCz7igZs1elZ0kR0Uk3bzcbXb1wN3D1LkC1DE2B9XHEGUWocVSCoVydUUJbIp8RL1sYgaEJcQJwQ+0mEKMdKZOEADk457lH1C/SOz9HICji9Tg+LawIiMeTOQ1NA8rqpsOJILBvUDco4dfmGqAx66yysMdo171g1tM2dYps61FUjclcPAmw+FklqZdUJrCUnGSAXfT8YWGLgy6ewNWrIdDBY47cKAFVvzEvjL9Sf72V0FM7Ae6QTY4gaYZ88X1dXqopYTVSeqcEZchZSGJ6W0TFQ+lcHOVIqlJqWHwCzOsDIEtS0Tw9vkvbKlW2pT6jdmVUzDH0ahI1h9tESEurCsypHzlplBLTEUgU2uwY5vjNn9aY4n8Dje6nPr3ZdfclCtp3Z8wPZ8+X8RFGhSuQB8ZJ/eOwPyuEeIxD64GaaJdGpz365Pl6en7Slkj9DjXJ626unz39mOnOjc463lXudYdKVeaYm5C4GVe+pzWvDuUPweSgxF9j9EriONHSc1h8yDZg+K/Kho9uUzcK0ow/Dy/HQce7YUDse52aHpr9v1+ell/xAnjlY1NaRYOKHrH3Wl5Rit80eFKyPJEuiEBmii8vTkqMkVI5vBe1Gf9j/J2C9Hz5c3pv9UiEaCv9+4i72JJ/7Gw2bH2hm39dUCba2aNTOs6T4umzZjtbIJD4+SrGnTXdcnbe6wYq/kGVPpgBRUuHGBPim95v1lcY/HsRFFjCtSYO4oMFok9mfpFkPoUDLk4KQrm0CnuF9adiabosZ4djMU3NAaw5JxHBxdPv7ww/Uv/vbrX/8Tv/1NlPy7gb+YwQdcKuRyJ8RM3QuT24rpq8lG6lHIkMUMwzIJjuMNxBFN5FwXNuM4zB53RndvQEcbreebFjZrQMj2DZUalo9/+XJ5/XIdnw4rZQSYeI0NhnWwNxQIZawCFnrVkIVZiLjj9HfuWV8vmrtbHcxalY0V7E9Ix6T4TfPsy9EX7JI+T269SAW9ywDmGTnOeaH7Is1iz1NGmoZD55vevCrH2XmaKc9AXr3nNgbCPS4RxxCmRI+iLzwIJ8o7UgEOGBo01cMWGqiGrD6xGiErn6MRu0800UvSJEDYGL2h1dMYySFAptYotzLVM6zpHeffBKoCD0e/Rt0fq4tzQnytpQrV0UYNiW7KtT1GiaDpzEoCZC6XX8j1AjOQamoGEpilWTK16IP63yb49D5WXHBvWu5pB6yvaiZ1Wn61/fKrBA4gL/8jTvebL9si22zK6nPrqWHzSafWJrIpw+OkhwtNLNmbmKhPGTg1x/LzqY3feL+XqeOlX+agiWtusUv0ZP471C3LEaPXoO3L6KvcpbY2uPrnU9Auy6+EKduNlswx84cZl4QxtxNnk0mk6X69nTVdywhjJX8n+bPqFqZL0qVaajtQ4dddYBp67WBvDwEEZRif37BpaLtXmB0N3SYLqWZHwrCdX+617zkAG/NeXDc2CQtf7AjnWT7XaJdgzIYZMeycCE/iuVx+pW4fbCWOYRlB1mwGXJw2xrn58JJL1oXYBJOmp+0oM5GyOhfnshbNkj2v0dkoEe7nx+V30oucn4lu9MECerBh5jHTemEyOXqpUbM3NqRJp9l6O00XY89lSFiNSV70OFbnKRAy//AsHZnketDgLT1rkkKPc/Ebef06I6B1OjoXtYz3dFJ1FTfRO5qhnXT/tDNmIMBUDJTDvPtJkJVKE4rQ2skzLEuYgc5NTPhi1kDwxOYrBQdsM/qG5GvsyCKnvsjnpvEAnCcy85KktechoVXJ8tmD2TY+EUbXYPIa3pOHIfQ5Ax8otRC3XdESGkteVzaMk4XjMLRlPZWRSpZV0lOgFggjFP+/7P1pkyNJkiUIMosCMPc48qqs6u6dJtoh2v//o5aWuqe3K+vIzAh3M0BVeIX5PWYRhZlH1n6MykG4h5sBClU5WPh4fA2l2duVWxovLL6hSPhFeeooLI074S4E6UL2zR1A5YvQUQI/7Z0JeKHpOhYZ97xQqDMiMdZkReLjMa4y83rX4i9SErfJIooFweZRBM9QEGNcHpGr9IbHHKncDd14THT3lEn86hhh9MgWVN6I0taOtm/VlynQcHQxg5bcs8FjlUfieKIQs2TkeA9LpOK2YXujHSUjVaJciQig0wOrSlvFXRkRWu4FhwlFpSZF2MLbi8eyhvZrRRTGmt4swNcrAk8puBuTUCnjLaL+D2HNFCd1PWC1DkQ+imNYnnHKC7w1BhuY7xGZsBahxQExZEHiLZohDkTYR+Nx1lFx2xtfBW30BBWNBl6bSVjgKoi999ltXp0l6l9vetsuFRNd9wmacYfK9Xr1xIWx9g+3Xb/7/seX2+fH4zFAdu9A5Nc50KveKZ2KXekGGvZCSz2BIQTK2uGWrtyG1AXBvYoZNNDUarkFt4lA7wDsWfLCEr727tPj7F8OtMbxtWZZ4G0gTMM9I8boU7/bIXlKycLIAbKMbJsYgmSebAwYZbnZ0R681So/gVodgkObVqROBOCv9kARkGUpo/DTNaBqYFjuanlxC1TbLeIrFSYt5g2O0b2/YjYPnLJeU1Vvq0JXKpcyWcKaLZU3bNpkwcfwhbhTS9YnZMsZ0pIFd4JIGyH8FFGLNoo13mLjM/KFujfVPkoAXFljJlmh6z3L9qdajTHHjkb+iGWsOuUdD2gW/oOY0NwGA/hj2DZLjD2YPCDpVaFS2s/EFsGSoGFq2lO4fImqzj1P2U2FLKmqVnz+P7ewqVRRESw1fuyJ4RbP4W0r0YkZxVJZTDLXq2KTllHHnlrPkL2TQm3OhXH0QlpKqa9LCqDWQeEOyTKUIhCL6HkWbQEzKoosRYY7FLc7Sv0oM8C4EBF3KamT5/bqcoYpx7nEYB00WuHI867A4PSWhayNImz3Wz+8hPUdlVtv1+vbd99tkbFFXTsk6mDRt8tlv92ic8GOZafVoUU4OC2LEo62rgRxTibE+qKYYPE1Lm4SCQcxH2NnSn2v8q8P4sbpYmYW/wCJLgEJ6zxON5RvDv38UnJCe7JEaK9OfijvcYuc8MfP/WD17PmfqfpOlkJjWaUOUIYTERcoK011VcVzQpyWfjjVJ/4+rydr1GWt6cI9rWTQTvV6e4aQTgpwavuRU0Gqj3Bdx0iHXvD958+//a//j8f//h+vP/+rDrjQi0tEQ9ut9dSHS71Z9WgwXknlp6fdG907hFlf4e9ooRHVEkY1jKjgnHpv4gUIBgiSRxZNoMqhSw0X6mGPx/D5XF4ue2j+Gk3BQx+petAqKNO1VeNZS+4DwkEPVCovSEjXSQVkAskDVYot1LpzcaPq3TWbeqeK4fA2br01hr6EeNm0ylshVhp5SZFIFdV7oNEyFiR3vtZaIjwCQ794rhh3wrHdC5AWWjCayZuB8JZAkNQ5I59De1I7FITIR8NGFMlIHiKeH9ic9XliYTywKaPiE840fS1GULtLXYRC0lU7SIp19zoCUlBW4SnnYzsHsqzSMnDycY45MsNCIB0V16ypnOd6A+qxPLb6LQapJfeU453vPHEvKbp5d6t378xDXOAr3s+CbCmo1l3SjwZYBui8CobpmUfwLmoycSo9jfCZv595nBB+MzKj1dloy9c+lgF6/sBqMLO46PpQeX+t/2XyXH1bVyrhbrUF7jzLA/JnXd+RCYstuIroiuWRkT5x+3WAJRxt/ZQMhV95TxUIhAB3zYvAwDSHtiow54dTMAsW0JZTbHV9antPT5VUETEtskdNPmNU77lAYBvFGM6HE/gJ9Z8iDVm1h7inJn+eG0KV6URGuqzgMx3VEidnUs1jg3daSdBk5/js3a7n/WSJ6IhzR6CFIiCHO7kDuSvrvlKtz9vNRy4LbTJHo8nnhWqGPNHLQklmdiJTzXXktq8cw8xkxhno/Py0bMvHWrzrfCTnm++0qDIS8N87al+3e/lBTovxixzy7+H1KwWgAaxJGo8zbiOJnmTv6kZKmGLSZu/1d5EMoSl6syk+KKry/E5qscJblho1qRVbHbQW/dQka5BB63k2JIKvETGMir1ZrMBxzkiD2/AId1KlZiiowRd+/0YwwIyBEVZ8BFNC9TcA0N3rQlyoOSJ9j9eRTZN7ZqXG9E66ztSgyMRoIt92c8dZlBne0roofoyyGGid50Vvw3otNx8S4qUsncZIa6EUIljYvR1cY4St5wpH4yPLMO1KYVdfG4PzNNLrUJggdWj0zMaXCIsrYcQscxyh1xKVARB0HKBCBJRcNu+NSPbugQ0B8DLaTQHyakkCRLUL6i9EyT7HbQOY5qFTwJ+BFKSES1q2dEKIZs0QQE5Yv4gmQYhnOgws3d0xoLZHAW5BpVzPd7s21OyNuXbEa/Z+YdfwAdZj4ZzSxlLvJcmyCoiUbZzoVEywhzHBJMOyYHrPwMe4SdR8dmi4mtlE+7GsFippE3bvAu/4RfcFw5LEiBXB9Rh9BLD3y8ao8w1x+vSIEAFHm0a/y0CEL3a5oL5G+RsU1Uo3dN4MxeJIQzMaR0pDS87WHvvjetm88Ebbjr5Da3dgGz0D42Debi8O60dG7bAGr7fr5eXTFlHkY+/9dOB2sYyK+J8G4Ra020C4ONsU0/jIikXB3An7rTFPOYo7y+z4Sc4TnpXH3ZfpcexEAqNwpP972H7f396+3t9eH/e79z1zNNdzh29tuyJwWCrwuVH3DPi3J243HoacWVY/pvBFNeeDwWCJKuMaszJuk3+GERTN88jLSjUtNsx3A2fHIUcFh6gz7fszZnq93T7/8OMY/sULbm/d3WCRHdwiapqnmhjoE9svsyPpkvmpSSaIarJVNVvuopGCq/nt6ZBJ3DaeifRnaJea6CEljklp6iy/4ccaXFBRUl57JsUa1zgIsGCpRPIAG4A6u6ThzUkCfM9S1bm0Mvl9ntacos4lUrZbwpr0HL/VVkk6P0wZCZxUawW7TPBVCoGK8fYcBKYRnhCFPyaZJAEFigmduyfFtmW+lONneEXaDTVZm9ZIvZsnKMnPav95eDIN9GNFEUcmxtFQzV654YeWU1uWwdMLGs0qvYTPfT8ecVj3SNrvAMzysOfi66Jerz+o6BI2k2M8afGW3FyQTYQDiTA+6N/bCtUgldzPpZfGh1EYXU01qqxH8hDLKI2T9vckQSUAABAASURBVPDeifLldvv6+nr1boPXK0dBEXeJqvcW7lEn3ZbOWSBjxirqpY3jDOoktFWtz4WgamCyGB7FALVKD2jiLJMC6hkU5rpqYrXxvOMKeRRJ1ELbmQzWf/Jam3c6ffiNxz3Rlz595enz9bM1SFBNP3yWPv1idh6uFD+qv6rL17Az+ZzCLp8JTr81YCrQqvO6uYbJaEui5I0Lt9P8ZvEjfT+t2oep0JYCTxM9htAQHvH5dv3DP/3Xv/7uD6//8j/k9VWj4hDOFDRmyxd01A43VNZVDTUygwXA8cAARJlIHs5Y9LCmYRHgcAvbHgEo4dtulHYxtQhK2NWzsLqXsIsSG8f9cbzdb9dPSs9Za+zWYrriMVomPU8h06LAeZC11bMGR3rDauX0TI94DnYg9dCIRfAuKF5vikoc3MEUaP7IvvvtoCVggtgJD1wWdF4+wFaRmoYHiNksLSU6xWnOjdXJyKjCyR6ZjH1/uPJ08ZTCTTPpY6oVsYM2mYMZHJjBoC4bM0DXQ1PHN+dNojNWrEZnGxIkc5qKXRWnr5BVS3gm2KpVU5apiVjtgU3enoRtK2OnxDSb6zavovjjJ1xBitH8bhCMtdIcsgrHhPjOB9eeABhd14iXcFTLl2Sho3UyZ+GU/6snr1An6bG8fbnMT3LO+HydYxE5Q40nXrk+YuEZUmBXvvuEn2HGtblGhUz5vj6xXZNnJnx+6SSWGdQp76TKMhZ9+vqUOrhgrib5I7JK/Y3qAy4CAzVH/DyoNdi9ppT34/3rOXMsyZqtMBl+3jiyOtdPtLXeI0bVCycRKtfBhSSdgJzH1NieXjZX5fTmxHdkWtr5aE4pgq9jrLVc9Y8UdyoSyZtb8gYxWRhYckSxXCBNL6g+b+VkvPM4l+abvJhqhBpClXMsKjKPmBWT0FJejHEpcSObz5hmQk0l9aXQzi2XP2VwrD6VqmWROS1ZGZfJxzwEUM+JU1RguJ0pxAp/XpblPFybg+BTcK2ulUzen6v1hbMrT471mofo81eVLOQD2svPk9meuN7f4gd/d69fJwAdyp4sDsfIFUjJQPQUiRthP0lGkZgdH1PAJNaQ6UfcXFMp0KnQKyh+WhNptZ1IESlVZdwH5AqOZRuq0SqTRKr6M2I5o8GI64d4k1F+cZq8Gh1LioKZe58SVOKPzh47MAZjrBPOoRuNAZ/6uIe5mN34vJZqj3Kk8RxAimQkKWN8vJfoIg2Arxmxx1Anhz599xDsLYpWZ82miMuwsv/2fr+EduoVY3cWwoPmSE0QQbU53BZZhYj56IvpEONBkTfPX8SKAOPxAGSAiCzRwCTco435eW3ji2eReMmLqFLimPNQNxFNCpY9IICwvi9RTNtbKsXdBADzppfr5epFO4M1eeytehsWoGpqW/EheCGAAB17FIfdoo5uTJl7Nx5h49RdYGpEaPYWaYH9yGS5KF8RPoZY5ijQAWyUTfM07YHuATshzSSKz8KYidF4X7tjR3XgKgsIiXogAIauACeMI9KZNmKiiiA3n0JYU2ggiHbtXgPEq0s7kD6eNn5LnWHA1hfZ/N4U0iyQ4ibCNbrujTtETRGWATfPpowaMlE6GhVrNkDV23aE3yVIZPPQwyykCDobHz12e3l5gdAnkn3g/Ho40OaYNdL4cfrVAfmI6BuwpFBmw7QCAK2ZnBD394B086IZnma++8H0NMrH8KCgidbudaLvLEKCcuRb406PUzOg0OvLJXDV67Z7275UyzI2fGvwRiXARtbVvNSqv30EEBkgZAhuNSK6ZC9a55X1Azb+HqD1fuxvj/tPP3+5v32xceq9IPb97f7wQQy6ePQvrz+9vb69fnl9vL0Nh8j1un2+3L673j5fLnH8sHjhXZCmWfLDZvnZYRWjVnUw2vTxd8TQe0Ud4nEJJWrU6IgM2Ti9HQU0o54kZlplCG2pBKtofBQurparHT2axi8buKiTgbSXz99HsNlmOD9HVGPcoOd52Zkaur/RCfSDk6auKFKaDwFpTSxdT3ZOsvk4kMmg6NtP4+Swac5IRrimAMN+e7ZCCpYE3ZQQj2SRfNtKogGBbymAvAgyhsq12mIMXWYRZgUkUrnt0iuklxqd8iI4oEBdJcdSzc7Je0vF0DEhBjC+VKtgYLRM6iU7LN1N07qU9J4O+XMo4vsoSZEFXjg2XihEnqIAy2WMkck4vwVCrGXHoEoOB9V2W7TY0vJRYCqluciJVOKdQEh2VDpFgeUp/T06sTOfFFOLOqfhnoIXi3cpW8JmYKXdH48vX37++ctPX1+/vN1f98fDi7TSZbVJZJdzSOwYObeGFqYRN9bEXjHJlhAZv5vQYYfvGAfD32hJRbHuFrNRFMMJORuUEZ1xRbMwQiyZJ8OAEQ0Q+u3rl7e3Ny9U1a+kTBKFpPuxWcjizQNPL2CWSddYoj4LS3SWVJKpBZQJlG/YXHJ6yxcTdzqVT/TAcdHJBWKwMyTqb5TTQniZrpVhc2S/aE2o2JNO+PwW7SvebzWXOGbocO8xAl1w2OVepzCipN7EJGwejPnVns6+ML+sVcCWFdHKXLSJaLI8fRmbcdUJjl8MP13HKCugT46piSSUUV9rMf+FuBRND0PFHFeQ2MJJyd1CCBnY3Di/TKhWSesfoQb2u9/+4Z//8Ief/q/v5ctfHCBscUIYrXHUyfWkqyN01+b1x4zoE85XAMSBGl+QqOdZbhxiq7REXM48v+jI7f05rN2u1B5QEaLB4WvDvTMedfMz7trd/etru365fffZ4V1l5fyAvA3KJAyHmDZw8C0KVbREiP2Ju9e3jmbJ0SM7C/6Q8Nm3JoJcMPFZ7ErSO2UIPUHN1MjhI5zVXc7GcYn7eC6ed5Twm0TVLOQnenR0pyvTS7a14rdmVmKYDUZYS9oD0/1tJOoIoY4o1f0wv83QLR/jyuunT95OQ6kjw3VJ6MWiavaFqLQIiVgL2TE7n2gYe7nF/ImcKbY2+zDyqFRaTbwRnQ/Diul9avBHy4LLQfRUhzD1Vfponl6x9+cesrjXyTZdzs68NjSdHGAWVzFbT5zUkaqiUv2Jr9Qxl6e1WS7rqWov782fM6qamoKevm6lVDHA9YQ+t6I8mK38Cr9LVoAxyvOgqUDyxrZIEeVKfjAxXW7f6wvnx9b8Fv+ozqSBVHhM/xbeFAvG2C/tp/DROQf+pIvwOg+eg1hHbglI5OIsdXoxRKM0BNlpKsGL9MhJmy2Tr4NC0b7KM2PHi9RyeEddW6GeIe/3kg1PPLzsUXruF+FfUxM1rpYSTkWOteppju9/JolN8VTIg05Fi+uBeKFZHwPHRiiqhexQbLKJojPK+gjdMBqyopmWkqppKsKpt0C/ZzhabfQku1kfqdfHi/CjwnZaXIzwSb1ZCX+mSqZoLZ2hyUTLg2837KXOgBKbqnJ8+cj9pWstjzjvUhpFTBccv1Q2o46kuUOauS1n6vj4hYAK5HsbRXJ4JpV8eVKkPFGUlLqj8h971ahU9T0POd/KbHn7+bK/+9evEoCGEc2zkkWFGIWWirxSljp5wM+dXHUFEFZ7gj+F8k1EKki2GiRRGatkMuspCdZTkTp1MBQWxlVKdY81hK8q8DdU5HTTbKBartE6bjLg0L0hhAqsK4JgYRB6bKafLwcBLpHW59Nzg/IOcYLHev5dlGVE/EaE/mooezncgJW8Qdwj2t2H9hgAWgvMkfEFAXwiDi/UbmriQPtaFAX2Xx+ey48OL17TLnRGn21HwYFLmJpehlgyR93Zw+bVWlkNg/HUYZu27eplai3wQq884QENFxZjsugouJNfGbBIAffxdQnvJcNSAwLYlHry0H23EAPFumMmXnPDWPrH7+rl2uyIeMttoHhbLPIwqgdnPbJPN/pMocbe0PPvY7+uga0NnNrbr3nqcswlgtbFHl4Gwi4eFjb1oAYuD8h4iwrRu8Nqoax2BjIjzDNgiChyHVYJjIwIyR4fRYgrJZKvasoorx0RcmPc5Xq9YME0aCOMjogXHvfARz1qW3jDxu62iXjXxIHSt+iPGBiIAwYgWolycngMAtoD1PDFGBh09Nl0pu/1PWIw7iFwVwQtuqie4c/q3sOqI0V+vHkflp4bfr75UX4RlRPcUkLpWpYrCT3juikqYRzaCLK5RXfBRT7TdvVOl9ZvtysNpbC0GPxj4VdxUBIt4UUJ30cNEN/6I+L1L2PZszfhvnmvSV+uHgi+R6Y7uXS0A/18e9HbJjc/QS0QWIakXyyRpDha9JG1iHwPmicDajjmKrmchv52ZFnEoaX0RGO1LAbfZCWEKDbpFHg89revf/3Xf3n76S/725uzlccRX/QONa9vX3/+8vWvP//88/112KEv18v3Ly8/vnz64cqi1WOtdnqVwqT0oizV7VXp8WigNZXZ8QFFFd28DF6zkW8GXoASvJYJGogS7VGgHNP0UonFyDuN0fQT4MgNj1i0nqNhvQ26/fzyqY3j9enz5fNLHB45WA4/EPOoibmf9FEy9zg2mvyvDO2wxgCiplGcKpziK8XqW9NCTjRrpjhKy1qhkCqescHKbdi81EnctaKQDGkToFgNDMIcJC2wQDvGvjaq35JSheqkeSHyngprbgrNPg4wCoNTEvKK1FN1UVJ12jst1dwpUnORJIgwpSjjgCA9WlaA27g4SkuBZVBEs4Kq9LRxNsJHAFPoX3T/lCfFSxU1Jr6B8rJ0jmGXmPJtHCYRTJKRc9SJJoCLTwO+UFqsQydkQGiAC9jLURoP7wW4HU7nmc4xRaRG6vk2jTttqVUQkzj2+/3t579++fnP//7vf/3zv79+dXeRgB9FQZXATGatxUIo4MWijZEPs8JusEFcGjCSDFMHeS/mh8EV59CwRa8EnmQD/0VCgzYiBBRKAHja4IexyRf/Ztvu+wPu890DpXu0DA1h1lMPJzBPE4UleabLY+pRhUgmYpKWqDJUADmWsBlhrpQqiKvQFhUBmPpO27c8hmktr1R9eiWYyZ9a0jsX+SNwJq5nLSVSf4FE85SVnaL1pHfPrnqLy7kuTVXp4ZEJFojWI9IunLd6P8iefgm+eg6dRz7u1xMNz4fAxE4jXEoBrv3ptvBIe158CjQrkH32TzLqYTzMJukYyhXvWXioSsST002AiQq41O4wIAMO7GB5YMaJKYorCd/94Y+X3/7DT//7f70MYXHxKWwH9pvoSSOwa8ggM1KF0rXTstoNtLpQdMQjEFADeugb3ilCAJrmlFv0qTbLfKgs3ImkqJ74do+uerYPAXrv7qO695eXkJ3BsyJjZEM7GHtMez60Y6jcHitgxxbxAMNTNDzPxw8/mN2E/Qi5xOOrt0CrH3Df4GANhXv49h28zuBvaFnkZUZtukEeEsTxduUBwbK2XqjZFtrdUJINEd7I0mM1V7QwOSCJrtcXJdGmIAv3s2XRwsaaEq70exMO12u8ehs6gId61aDtZ5y3HwwLKDtG25J4weOZXi8rgJOoErI/8IcHzy+xJRpnAAAQAElEQVT14lvJegK9oo05BM0loH6URfO8uZhyZMmgBDSINkIeimEF3U7wt/gKBp6Kg1Whs7qEMimPu/IgQafQCMFqDY2gizSYTwbVAoyFnMRY9VVrJODT8ZSjpEuKfEkmpXP9Vp6WK4xr8oSWw22aRAtiIydzernZAmV2OT8gBy+kGtEzfqyy1N+wHL48PWgaljbZ7ek5TzD2FFxUPlRkxZ11ISld6G15IWQrq0omxmlCALTqeds5njsf1lMcZbLAjDXOEcucTlyWbahOs1/y93Kcmnuhy+ihSGROyrpEeBDUdZ36r0Ws7la4NO4XW9SjswsVAMsHRqea8jLJUSpiz7NKm0AQBoZDigHpQklE92snFsXVmKaRSisuSGsjTbe4YWmu8aDWFs90AqoArBPYWTUGyWrYcEFK7kUq5DoHXOfZbMK2c0Mlldx1NhNFnvQ/mTmOi56W/WnP4zuOvVBz5VXZTgnrpQVAxwlkpyIxeYd7yaplGGnlrIGQYUzFyUp/XQZYJ+AjpeV8naYKossJU+oW5DyMG6lNO/MbkeRF3cqSlV98WdLN+3MEOdrz2J6GbX/zxn93r18lAK0LNywGosln1SSrfaZvR2UqtrLKM83z1o2iE8DIFkwiIiqRFJw5DpoWe8n7CGuUyd10NkMUqPgI2wTfobtObBlKKHZHb2inahmWCoORbdmUxoKhZ9+2MUrQL0RnLvIH1zXCkI50eW+vjdmmrkp9sV1vCogHdYZdHWwd7DVUKcIS/Gqcqr5yBJUZ2+VBu3tnGY8NdS28NMe44NqgXTaWHIER7xp4lM315z4eD2bpx92gfMcohhK3X7z0BVFFVPkIVZN5ycqW6YpFjK+3CLuMns/wg9Fxh9itA7L3sl2S3ertesPKHgeCMpxuUOwSctGXEhHK4MDx5AAZvA/exbyW9/14HJUIgy6RMR+P+Q3N/BKlotFwAD8Dz/CiDV7O2JFfVUgzubA4NwgNfr3oWBhZj5iLyWLApSUv6a6UxJVqzP7Hb9v2MAAQ4R8QQ0ezO/HaF/Gw/UC3noCPondfB0Dqda6FngyHFDeLitJb27F6oX9EjWnxbR2femeYRliip2vZosPapaWuh3qLrkqFL+N+vb00XQJKA0yIAB+Hiz1A2sPeNxOScAs7cNvoORmXXa6hbQ8k/bLhePXwmXiTuoCuxeXuEUPVqA8TbgXgOBH0dIlg7P3xuLrlE0XMU5EEIDruHMpCC22pe1hPxPNChxJhC4gF/rBFl5EprOnwJSuAjrUKd0utNt/nsQO7miJVKEQNmcPeNfH+5S9/+eu//On1y5cooYiwUSfvsTs/ff3y569ffr6/jfHdLtvPt9v48/312hjLqfRp5DboWYcj6EXTJT35wU571uqoStEKFQDcgolOfC0iPE5hs4xrRQOr5LsNrUAv4fcKK9kdCB5Y3xGevkchhKDkrdG11BCPVaGWQo1YU21ByF9OrQSEnrQ7KdjISlEy3gnfWrWfeqlM+YMKTanyWW7siQpSZAiTP6iz6HrjsY4XmJYp0/JjBPearoZQUpnmFlKgSSmLWpPtkrajlzRKmsotk7QfrC+apDEsjcZPTnuuj8hEN4ywrcjUxsIIFzTs8uLjJLBgaX2lCtJh6r2sIArbwzQvwJ7EWWfKwQGpF+neTUoOj79HOp3JXzsNs1haQ49YxltxLdiuAfC1JL7vjzlAqISeS38Nh1l04uLXEPUfQ/diG56Y8HZ//fn17e3rly+vX78OOFoOlN/XaGhq1fNGkpuAZx7oEoj3IhySu6vJMXDqAB10wkTYuVYbVcNkZDPYf7ikiRAQg4pwx2je4A1jh78cTc62SKu3q0c9eyK8RYL/mNp9G3vg2TmD8T92VBVhuX8fxIaupxjjZvkQhtwwiyPpkcE2dViaZLtkAewjUswkF4Crhf/a8mmZAMnKpaToyTrQhfqSqiUlLojZlpO8vN69ozUJ2nv5/kemzkRmVwGQyAPgVI6mQJw8bfX4NGBXSOr9uOJNKjNQ7tb7CDMYjAZxaqsZgrgs17qg/Cw/19PU1l/K+JRnQCZ/T+VHToszhzMVUTDiWpOnRyYbdrSiixVpL9FZQxf98Xf/8P0//Jef/sf/u339ycV4nMCtQbllywt4VsFDenpVZgXiIKeNAR2uYGwK/oPD5273VOo1Cn5BMdaosdbDUNjSaHCFeriSPTxgi7gKPdz57elLw5F8l+sFJcvCqwyWHJ6u60XQ6o8miZaeTuY5Duhjf/368/3x9vLyKWaHgXNg6DDeXYtrZLcG6yJk39aK6wjq1cNiatNiANVdvACWlQzpbJzhMeJUKiwZOLIpEhjrRsebiKzn2XmDx+hUDKwRXOvQ3GLdG9U/gRUT4T4kFZoqSYalfmjFnTZmXSZ54ErEHwiqfGeYbyJmJYKK+VooPZA0uLpiSsymtgaTsqOCn5LVmZxBHdw+fzI7gyYk/DQS+B5Pv2kKStGMV9lQZqRx8rgFpSAOlrC8iaQ6Mnlq8gD+OkExklmjt37ZM+Gq89jq08nUVHJMRBdWYjJP7jLZld1A7+G5p2w7M5HC42om6+JZrm3pXrZ+Jh+N4DT4U2mDupCCau5jqUJzEvlrjQq/WUJpCxsvJc2KrSVB2LooyeWoviaBZ0iDnUEPCtblJnp6JC5mobcUIFN6+j72wj5SUYCOmYeLYlxlaqfCOGtRcoRVzBQVcfGMdB29rxJTjfxljj71IZU5llKkZS4VV9DWTUrBZXIyPHQlPK53X8jmjFvOPZDcZRpwKiu0wyXSXICCabTusdx+vnjqqPOw9hs1uQI2dd3S3FdOLxeeIEd2nXliIJJ7uoSfBAVBHaQBmHwGIUS0O4uMlOgY6qWmJgVTxHj+Tw/memA+knRPjrCYQ7bYlTV2y7D6vMjWWOxlBpbMTZJSlx37+NWTE5tk3q4tp+l8sU130NOdwd/n4S7yK/hvroH9rTH9p3/9OgFo1akAGwWNnjjKpNPCdk48qc5omotVhjfNNMF9nw+7LudFCq+YmQ/p1UpOmnYrVStG1THmI1U5RBpRbEUodOpZlWsP7sNufsrIHlMG5ByECFCeIYBUQ/1gVeizDKFk05H4oAPjjHrQHeqgY4sOpyLsrQuhyxYxfSW20v5CDWWyICC2inoRATV6gQKogz7+6K4StnvooXto5PHF49jY4Y0eJSi6zvg2q94gCA3F6FEVBLMwPjTU0MZ6uIoAKELx7HsfxU/c4ef4Koo/xNpcLh7W6iUrImhXEHc2fo6HZZHj3jNqE+QQIFeLRurbA8UwPTjRQeKWAtICDXET5SKKnuCNXkmCHbFcDp+Feo7InM3jkrdI33Ncn10UgwbCXLkCX7ToFmhZ7xXsmeBI85jiMS9BRGqSNCIuqEejwrj3dfHSwL5ZoBOQXDed4tc9Bl66E/WjPYT5UkF+BAui1IaidjbcGIV3hFWwR+wxOlCCuoFiBPjr+x21TXQpuCjEhbaNJ86qLEvgPXEfH7Kn/aAcX2f1FaeoTayCaYMgW9JAhsQExaIdqJD8fF18SconSwEHxwmC0mmBgAi91HVklB7u3PBaIjtoBfXaQbB9EWCptZYGv4gvK8xrvmxRMaENkCvMsziVgZgUaiqmDyKguF36TsOHCoJHHtwuN/1st2tkznq899iSnX0+/f6tzW55yS+X8TKmQSuWNV6tlLB4VHypEQnjLeoMJUo0hfA4MVsXBoNLQqlc7mjRtMWfiyd5IHXkdv38+fPLb74fTouLem0YBCIFZww3QJRLflpWnZqRyTQVyOqnItPqcoiUqSJlGGZujp1MNappi6GXQgPcUmzq9o3CzEodVWrNDK1I6YXbxmHDsDBPmChTh54mZQUEUWlfqs5peuNzYBy4JBZJYwaKeKwG7judq/HZkYpeFfDIE8eBWherCWRQO7eaem2kWzZLcxoesTA4zMqa4/2SO+BmTADShIM6gg+NhdrVa9E4sBMljXe1rMARTlCP0TOI/o6om57WjuZjGtOtgLZM8y/KxGJJa3AI/vEkICAa0B0iD9s36ojCGnj4cYAfuotoQNDBg6MlaFhcKFvj4qCj6bkKujyU2molY7XRqgmdoNgMGXNSX3IanlHSQOPhZcJ/I4yQWUMtk2yANbv783q7OAAdvrn4G2WdvODUkH5jywZLx3p6JGNQUHRKQFUBdg11zhEVSlC1SDQjLeOfDCNn2KosrG3yj3ks4SJ9slGKR+dSFK8p+ix4ab1smtWTJT+ZHXlq+DL58GUia2DyM5780a1wcBP3erraypKRTIooHsTvmr0fzvmtk4lL8TFXyUTOk04WRdWT/ERTsY37rVEKWjeZirjNKGeKHdH5tPMzczXMVquvviHL2/l1sq4zzpJftNNkVSvokeiRLbfyphff/fDjD7//459/84f+9Qt4T7TwhDaYihGS8vIXq/IGOocerQ5ByyVugfEiiQdm6DzILEAemjQkozNE4LTjQEV5CjDEa7ge3dO6Py6YcaRLevpVINdUehFNkweCFdtoycfKdPv69evr69fvPn/vgcbWhJX6CyRSqoHk/GkwBFdp0zjiY6gXxJx2FMOOhigeQILRsPsMEiV7bSRrD+TIIwcjyhJTOZ8w8LSmYLkAD8nQE4igcEwpCnBRKXWWRu2x5m/JDOXEEwhmWRKJyPSL1V6dTpQlIzawK8KEYFvIpknNIV9stYh3m8gaRzjZgZ3s2PL4YMHWY1UHaznly7+K/BasIJq/69aR5Mrv6jKTLGDMmm5clNIupBTf3H+ZoLgxa8vmes7DJsW/T2cyJ/jEULUOr8ozqnz6WUv5VX3iy5xTrlvNklS+3oJXJ4eGSaY1tnevuBCl6aY6pSv7OrGq5zF99K6lnKv/6mElv7H7xZDrIfrMUU9vLOrWeVlODNK+PbY8XvmLLN+dGi9jod49id9rkz/KAqTkP3o+VcbILNwD5fhzLuc90eWnRY5Nt4Msdy4hKeuHp3vUm8vd8sBhZKKqT8JFuKZ5t3kITN6NClphWk0TMno+IXmD9WSYZBTLQreqyw3yNCRHnoOwd/OSj3Y8L563laKYOYtU3Is8s/5dqWuTUZY+tuz3+UUmvDjT311SFy4Whs6B5cOsHp3nWD70MH304p21Jmt1lHh7iCn5D730idUsR42MdGUekozypO/8vbx+pRHQ5ZCV4hL9/XYLpaaWr3jl7ZSoGv22sr2WUBjFxy3LbOXX1CrELDk+j0TLRDPI8LSSDR3kiKIiezsPqISyxeZkTDlOBtVYqqLYvNRxVwJBlSHHk9nRk821sI5Y3DAk0feHmiVqhkS46Hgflmek1u35XU8JPLw4b7w2RnRAKnSUHVOvYy2cRyzWlgELXm+jeVPrCBlQGOE2tQyYxUeoRvvxaKgfRxlWcA7T4yJj0n+CBavXS8Q8SgScZUhm3DECo6lixVKwz6CEHY+x+zvXgQN7wuPb4y5ercIvQP8TV39hJ4RZKeAfpgAAEABJREFUH1/ZPW/N0YROxlzOgFCDRSsDkcuD5P/LEdHPHgWxTRo9HJJE+AjkFRRxL94N50eME43dEK3wcrkO9GR/e9sfjwT+/Kqxwo/jPoYXyvVGThkmQiTTcE2Ox3Frnk8ZYEDE7wQugIoVaD3oGO79sT+8pEmL5n7A8QeOwIoxUcnELhWtYgNneDx23RiELIhm9xZa+zxVcQi2gPVhsHgbxiPjrL1ijIMrgUwGXr0Rk4zCKbwN7S4bZH2JBfSNjXv6ah/Rp16yYNaGWrhREIO1a1Ba0Yt6RDQQjDBQbACrHc0Ze+cQLhcYXkfkq24JcVyikolELQk661MfGrPGum1RTiSsLG8jhljvTo3H0CwiyiSnab6ylIwBK1wtTzSvaWnfx/rrZDyy3Cs5CkEbNMfc2qeXT7/5h98PKnj5+sP9vkdZypCpviS2I6xrcLk471uEt2+omRCjuBSAlSe3KhmjASlwr1Z8iZHLjgpl2EEsWGDHwpZx4zmbJkObHA1aRfPS7TSkWS2aQcBCwx7cz0tLstLuZXt5+fT55bvvXr67Xq4DIBOdsDn5klMCF5clx4Ak46GrYJiaG9soR8Ql1T8KkwhwSp6qrMcGISOoUhKORtnKwg1cnnnfuX2lS9U7Wiufo5pBzD11SwbjrTYn6IBXSs5aF/LofB53v7O9IU81RNHU4zLuJEhJQcDl3zVj/0PGniALsqMdqtBciVzdQFrDIaKWIWEZVG8MWz6y4F2RMUpfjCfc3elphDOktgi1RWNSGvJIaAgfQAOCnR+BR8SwwtlIhdvY64q55J50BKgXgr0HFN6nJRIQW6f2II/MBPK/3QhQpP5B0CYSwWekpItLL15zROWkmDDcan3vwSe8Xaal/RzOmla5nNFcN4FnQ6xvWkAqi3sBBV8VeUvETAJXbrKxgkrkFLElp1BXAdjrBTRanW0vxw7EOfhaC7g5keLrhg5fDc5X1JblRntN2WOc7WuUyOemUAWS4U/drBIFRFGDaStXJfigLzQCo0veSR3TPJ0pX9LAaXlq06ojzwmfdH5jFlLQPGb2XtGfipZ8w15Z0MZfeoGeZ67uh0iGla2RdtUzwnoe3NMP9u6yFBQ5wjSKT8aXLQ9PYCP1M5JT/mSn7/DE5pfivX7KaldO5Ww3iyHQQeYxl2+88sbFGcFeT1PQZRa2jtPOV5zuCxLozIauAn5pRwdofHu5fv/b3/zwu3/4t//1P233u3onCTTkCH6xexzDxhwsVjDvuFMNKs1yKHFFgDAveig3sESEKWm0FAC8qtFDNncHKgpCKDCO4B37VtsXGppmdTJhHUwuApgH1xN+4DhOr69vX758+eGH+5CcDeVErCRaxsD2VGEEMPbGc0U1Ch2hh/aAtA5YN4rOG1Fr486O5KkbO4dgJ2m41WBEEOX3KnRa1aqVNaIty+33ZCYYQOjp3o5825LgCZEbahsiv88YQwSuYSsjIdEAaFdG9smEVAklxld7NoyWouBEw6KlK79adavgDs379Mj6OWaAd5RyCYERjWVYgUR0YSzGwL4u84TiiFrpKGZLMEMxEbwhMPMQ7q8hRzr7MVNgrt6nfCa+qz0NCtMsTAKqVfbpSB4agqikEGldeASgIvTUAleeyi2bgOTCclTSKo+T+w3kSGt/uC3LISTHWFdkfiUJnRVIcAlCozj9Vgz2xHWs1kHOIkCXohnxQZ8M7Pw63U1lUXrWOeUe1x34cc8xrFIiyWaFo6dKaXZmuLoslj0x/zNrPa2bztsDP2CpOTnPUfOs1cLxXsy/BQmdvlCSHFYrURqoeAz8nmNcJVOsxAKr6gfLLHImniSN01uZhbTIfH2/EqdFSTVYFrluT7RtZ/08VqbZDHaRdWf0+TG2SvkKhuBz8mTgrE55bSbvtiQFe5qHlglA5ympTmrMLVYqZCDnhHdU9TzeWKyM7gGU05eVwCX2kVSu41987/1lWgtYJy5FbJ2aNH9qCusN2rLaub0qHw5HnoYtpSIWnX08j/dHhl9KANuSeUjOMfmQnraezmj5u3r9SiOgWx04LQp72rn1cCsoNFkQDxESoKogktp6jnnrYL80LXk7m+ncC0slFoP0pUMSkTVZ2tl0YwmKZKC7l5jYPKs60vzlyEOyIStvmc3CAmCEIiq2EuIiY96nMEzaAwPzdhddWQTZFcOIblb23lDYihHvHOqXRvizV8bYoWe4jYk6yLiJPQAOwB6+GOtHWvTBHoYpYEmPSx0G8RjEm+1bgItlYTpXc8MTAo+69mW7ba5+9ihuLJfrBkTeW5mxbIXPHTglUsUh57u3hvJ2gCqwmh1xf+w7FgRhKt1QFEG8hm8U7XwcB0G6mFWEynrrmCIfdmxU1LxmQB76bKO7Npg/W9TsOwglTPaokdYA2yL4vIWu3RNgZJ8E4v5m0YBQG0NBvN1h1M5D3XD17OWH44RuvwvMGl/ux4CkByy8Xcd2XYzFK6KfpEQka4T5PhLVUzRuCaXr4ndmFI+jH7Z7KndDMBu0YHzggGwALAEuxEkBBbbL9Rr6bAD7jcmXDhI7fi1ZJSMzsxwg93ZaehuEdfN+NPc3h2i9f2aEBPpwvdjydr/fUQEQW4Cq6OMgDCqNjn8+mDHdzaua7BFPc5QK4yuZwMeg9NjTCN8PqnQMOqM/j2Mv/SwinS9Y7XHLVM8xTXgCBiY73AAEVga4adFWMYC1MfnjEiCKL4Bj+ITlmU5AM3CH+oboxyNGmErXEpRqU2UUJuqQr/QEEts7ERtcyTemsfecVSrDINRPLy+Dt1w/XX/8/W+Gx2VH+Lkgtsil4+4wpHsRuhzEr8iy6PVqZHQU+dmLEBbjrAWsWvkoqVEyWBOqRw+S9+dEd7mLtIssAeA0NwIYy+enrgNF11SXNoDFbYUGdYRBb5eXCyoDRL/HhLqgeBgz6qfqYcw+cZ9N3Rn8KY5Krr+pZGFuKeMoEg8oKYJTnLU5x/CCsnmjyf3xOUbXaRBnhHsqdobg36Ok0pxGkEYUVZvIsfBDMkksuVRRVd4KoROJiVlHCGBkUYCILBwd3lJu/BNRUkBeAjZwJ94B2QjzWajTAnbuiW9bocnu0QxidgsUdY0s8R4YGHGTLsxuD4o5xKpgMANGJJ2TkF/mJns0zop+X4sqHYmhBIQC/s06hQM3gmXE8LshlHTmU2MXAZxbPhE9D+lsSJofHC0YhJ+YITOubaCxt/g3RrTd2PegjGdlxULLFKMDcYyse8SMIu2nzm2ApjY6YPTggITAsha+HFt9IDwIJZk1Vfn0EgFfjnpUyOrxkyLIwmkoqQFciV0elfWLLmTpg/eNDxgBDeRqXAUvt6a6ExAXLKyOtbtE6fzoiux+7nHotz7cvj1gP6Ox53Ncc/mnVdbSY0M1PXV0m6c3c27K/snrca/5dWW/DVlPp4jUvZ9eRs77DRuAd34GNp7uIIkt1FUJteQditv/0p2kdFo+UWm56MlAXrELiG9JFtcTIjg9hX4qkTQsiZ3EUwguLvazlYpbdm5f7/Y8ZlzZlyeGZkoZ/cvzPd1HdVmyZbm+dQMjMeCKjLkLMdNmAkxcVbwdixkdqvfH0ANePn++/vAbu9zs8VPwMo06WtEG2BXUXaDKDHVdL+aSXcqP2TLVqUcDhtDEoodSdI127rR3riPcQQYsQUvLD80luhcMLjeO0NDs0o0XkLf7iV2GDwXm/jaULb1eG31DBGSNLi9031NWc4/PhrbVrMA3HegwIxus9oXVkhFHnKeK5JIeSUGmYSH/ln2bIcBbxCR4cuIxdNQ7cSeD762XdFBgr21CTsb6flgdSJLIqUtVCsw/eE9o7BGkMv6LSnrkjWBUqXhYy5h3yEGbWRYb5akC1VP0U+zSn4mLvACYGIYewiRjSCLztJPzZz/KSZBw9zrA//BKtt6vvMBtk6WfnhHencQvUAQWPqVSkZUruMUx1jsMdzY0ZQvLTGEcbqm/fXiIoPorwySErLpOISaspaj4v21RRvU0oHKPawbHykSgJz9OvSsFL0ZujDNV+Ta30MwWkdkisx5g5+Uqqxn2ccZw9KeaIJQ4MrWb4t9579JACQgUr+VwcmiiH49cyZ3NlrLrJlMnNf5vMnEp1e8XXlrT1VoF4+9Yf1vnsqxMnWStvdBvPa7lYWpLJMXK0nueXiFvhUtmPkv1fOfnqiy59H0CH7po0BlESCBhDvU/IlQKIEpZlsfIZGYV5DjtrF+YLtgj5KUVhLCc0JABMD9WbGpOEub7Mum5XyKyylwxmbCszR+Uw1oViJOsJS/vUYW7PSk/VBBoUkAs6vmSXGjGDVrdOD+BS4/JbHGQsmxRnvJUz8oKSeEhk/3NAcs8U4YKAWzfzYiXJGBi0JZXKuFupBcKWf9kL3rysD1xqb/5WtRE/rhq3oIPbGKPcv4Ul1Bfq29wu9dL1s8NC6X/8VH+Z3j9KgHoxTTnJrcZrVybbLKwnOgJBpFZzmkteZlMqMffjshcXMZCXvOY2+RQtHmWQ1xMbPm5RFvbWFyR35oyJ8buNW393ejuEzDuzFLO4D9GblROYFiVNvmpq7viHTBg8vZAnaKYcgSN0jSVys/tGZ2w1WdwuUXYpkY9Aq8ycfE40aMdqI3pRTYPZkC7+uZFgDfMBNggU+T2HnWlEXrhmnI/8GJVMuFcDvAWmFrdo3QvVM3J4DnDCOE9ELNsGXyqGoWDPWC5X6KoB+TTUSVvwT9MM5pu4JjsDq6ZzadR9GNctT92RUhMRI+hU7m3lPMPN8SG9dgwlCH1m9Nb4KDqBuNcwtBnbfAwzBuiqmM1Il4X1AEsXEN6DYhTqCB6nuWje3lo8eIYUVog4pEt4Fd/loVJMZwM3o4PLa2izgq7s+nt9kJ5hL3IfrIOEy/CYIvCyS3pMQJ3uOCB+AuTAzJ8wtDIDDG20dWcXdNaZJ+GRXEEAM34OkA428VJqUeHmajfQVkVRsPY0/vjPlB1C0OrRbcZHE1jCRfqwdFW8yi1w8ExkI4XQ9xvt1tUCEHIfFCU+U5EL05f+ZeXq/eDzFPZspbwuP14vjdejEMQ/zYAKHtEBxv9VHEYvdqGew4GHs0oQLMCEr3s9bYpy8ksPAOMpme1eAxv6uqLHFKZfurS0ng3KyWetuQi4fGBhaqtIOLLrb20l/3zHvWfI+CwlfqxR7T/JindGdWPAxNg1HFwCJK4s54QsMlHJbXfyF4IQrTGXM6Iv5HNNIPzN7U0BbgTC6rC+E+tv5h8QtJTlyAOhrT94SdwD8EG87eXloUwIOtdU2KkSpHd1RdDZ6p9VWdNkz8bdE1yctpo3CzRd8iKmayqdzZ6WkxIU8kqAzYJANb4gZ6dGWe93pV1aSwNlWkuTfPXGHmEz7SXBZ3e1gSDOzNycNODKcKC4NvObw1y78qndtyMhhKcj8xcRgkOeFdRT4qiC0uuXLaeD8FyaNQfkmzfSGaFTGpLt5zmvI09a5CRk1p+2rhYVGY5oyKTeF7njrgAABAASURBVBHi8e44/8Pv6G0K5B7SajxhAw4rZEeKZrctikFtKDPvdfujG6qjzBe93gjqRrdTb7jqX23ojXnWLUmoqINjKEVyTLOK00eA3rmf0rPajMOXcjvtW3ytG/0oixKSV9VLFsU3q+vwbPlpZGuEPIV0afPahYvPp9RNNd8ghJBWGkD68cXeqvTpTAbKJ5em3SoyABaIcB5gEaWQcNwmFJKck56PyDTbuBRPL3sX+afz+to5sydbebmBycmYOt0ac0S5LCV8rBOWQkhXIH32fmBTy9TzAy0fK/MansGAPmSVNHlxvrqtbyl4ckmg9f5lU6nVXGrlVyU31e/TJJJ9oy5QuquVfazn156Gl9+Gkny+4RkqO/FYWza+LiuIYfmiluCsXwEopO8wggQkYja22/Xyww/6+VN/dR42Tj002cbT0oT1YpJPFdqmCGsV2L2dtEprGoUQjuHrJ+m1dLVynrYcikCyM5jXvGeysCPgUL9Dod73tj+Ox2vkSAy98ELnQXS9Dq8cj69mppHUboXrDZXh9uGTHjpPL7pSWlJoRS5Z58YolJZFFEZlh/FAfYxhJgHyHRGW4a4/7Jur7blgXHUKQmLQxJp59pMUalND1QZ+DHkt9J5lWZD6FxPZdFnaAiptko0RLZaIwegCzQTieEItlPYlliBgwtUZgDkMoAZvLgdpZ3ntb/Qtpa77cbX81YjcqVmG0JqHIA/pNqvRU12xabCu57dREaFdKamOph6tqAWlknl4ixZn5RlUfTrWeWzI21VOJm6dRV1Zyjum+/4tXX5YbwQNrO6xILt6/jK9XOt4uVEyB6ELGlUMIwfKQAAsJx814U5dnnnme0/ziAGoLUzo/KIgOqv5VCPFni7nxTXyKWvkWdDVjTSZXt4BIxLSL55d1kQ+HQ/B8ZhqNlZlSsScd96ZH2T4ODI85uBLBgijnsFJLNUUKeFsXIB1Ivh/+NwqKLAmeRa6EFUVVFLruJBDit952HKZppN6fci8xfwx9ymvoripZSBESWHcma3STxo9hUwqWFQL+jrv05Er007WtSnxRXVIckuW9xdRfn7Vp/yOUhTUvCPOLz8sH7zm1OqWUwj0Mt4mcU/1FJ/1lhIWXy2SrtciBa0OJhWU0kGyCVppFFjIp/Nm83UmXTud6Hcvqnsff5CzqsmdJmCyaImnu4ObNnmac8r55QanPay3/55ev0oAWiY/TzMIuBiZIOTw+RjrChLrwuJNSlqTFl0zaIaG9Sdt1oqz2LyryjQCyY6MTJz8IKUimTJFuauHVskFUBIgfAL4sxShBR3yWQBjUZHWqKlo6kqh7lfxRwH0tlGytOJaOFMdumE4HLc8ashjxtxg53vCdiS8lSIaXZ6OtENYVCI1APYgIyziVr/33EOcsmWD8ADpgPFFiYh0wRobm/Q87VxxwOOA3QVxVwEEZOkMKngh92pBE30OxbZDtg5QzrvSIXrCx+Bl9CzxLcceeuqoELSNy3o4siioYJ07iq9EHGYPF4iVKkyTBQiuTQ8zhpQQvW8Q9qYajuPOHovYEMPbUMGggRXHp9frFVF7Y+wDBk0j1wCoYgheO4LFo0kWYOJ7RIhnzxhh/IyUlRFhJhffbASUmEV2ZC1KNC7nLQPvUXSIZC8bLcIRJqXHaQiIHtg3imTrPD5usAz0ubMhOMk7ygREvHb0ORdqDFFFJMtpuH9lQ0SMA+sklOF9eaCIs8DSQsQ3gOZV2IR3IbpLiu4Oc3uYSGDKGyznI4qF3G7XcpZgQuq+CE9Gx5HJyrKUlIjF5pFEBdxiBGcNVKbeNGVUit7JoKhlTlN63gRqQqcaA42vpanmv27mLTYPPlnhWtPwPEV5BEvwiHbnlnaIoVZ46RyLMp96XVuwaEQ7ReK/M5YoQ8GyKpJlXfMujUFQRQJac/V1yWR5cFbOkdFZVHcQzgtwMoaCMiqRaH8wb1Q0uXHGYVhalZKxUVkmiJyUPehXnTrXZy547lN8xgLBMglr4VulDUJjTCMWPFZEqpRo3RXgrUe972YTnU7zP+7Q6X1MSrC8uxT+WwZzafrIAWefAeZyJ16zsO2eal/jbbAovVES9HwQ/9GI843qyz3J3VIOcWA67X/obD3FdwuhAm5aia9YAp3x9ZJGQLwe86BYKcgnBVvZ8ApTs/0eALQdA8J5+fT99394+fTpMjxV2+b5LF4PhkG+2+W6RYFjPzWel5Ttbz3tZYv0nhtau7sPxb2T6WdSrQmmJq3CktZdMwveWboudhBHbBnqwaNiMmllocVVgHAlWX0k+YDKVGIXfSG/TxgGBhixMk07MSl3vYckP9M68VMrkTKdJsQX7vEWUkEZQx1p8mvYjc7Zr5q30qpKQ3WxwuMbXSYvOEEkS2TS8v/lw/MriVBO7Ha9wEoYyi+8AF2cA7jmt+u8yop+8sbF89+Nav4/x/80xKTvfA9MZr3jB6NeZhKSy06P0ZL78VvyRykpxGepvA+bE3mnhtukyBqsZO6Hnpb+aZSrV2ARjmd86fyV+Bp5b71lUqyE01tXWoXhczZPmhAH9OLnl9uP311/++PbX6/H4y08+5a9TSLiNufOAl7JaBurMMUiNFbVUMnUA7RuqYUBrxVjaR0B+6AY3BR6NtVgxk14yIa3JzkGIt2O7bH3/e5BCajAxufRXSdShwViMzkSs0rIur2S9ON+oHJaXSGo/xaeOcT7Yso9fYpxx4HbHgez6CQTGMy7qIdI6yz3nOQ3PaZ8kCUAhqhUtDnxqvERfUNBgr1KxZw6a2NhvXx11IyW0mjnZke7rpV/TrYldRo7Ukg0l06Xc4rLOPAZEWi0c4g0xV5F3GNfSFQLlpmVNyhdbaFJy5WwPGTLM8sCPJ+Z0zGyOs5W57ILxPfER0qxr2RUI23U+nD/c4k4a1siIZa1XZVYZVikfPhKSNdk8vwZUGpPs5IUBvL0gcqJYZ7H8Y6f1mROF59ie6kEGpl0CRLqciLyJG/jDkHo+sFA5gwWdn3+VJeDWPt8GrLUck1CTe6uv/BgMsBcNl1ZsCaNafFykxJQ9F9yyVMITGDkeX71sD4R3SIZgBOpEzRZyzPF09q89bpGRu08fOGpNi3X6ALzLUHPC8KyXLpGXBfxTQhH3weY6tM87YnSzCYB24mOT9zCpMBnWIi6kDGZz3t9geumKYxUdVLl8thCaeE7NUowlWUFaAbwgessTKZ2aLJoBLCQF8JfznFp+am6r/I3r15ZQsZNS7EkTDuVQ5HlGD8ztHm5cKHVahAnPfaE056oiHZNsmejvZcrYh+wkMVweD+umpZ8fKRlObXn70yQj0aSrDfRzDFZn4L/vvGY/8yvXykAHS+XoVSSggJ0DTpMMb+KF5DA4ncpes6Dzl/MFolEdpj8nGwgv5/N1pR4h5ClEtQQYVh1izIRZivftozB1Mo6gV9fUmOo2RDNjAhnchHLkefxxSE8CFaRDbHTWlNvEJSFO4RqZQakzQcxOTkColEFLhAuZGKzhGbgDmm3QIlOiFAoMHrF9/GexqjtVMRT3cPSNckK2H4BakqkZDNL1VOR5eIAaXRAkkz6ZlULXGOzHFDjB6FgRro5Vvuxe655gA4Xj87iyHrr0QEyQEnfMggTQuQ9CgeTSTLoIoqH99JMtAQTRQuK3uJNxpIp1TuCNPskQTUqAyyAO4Z3a2NldzyVa+YY6fbpc7S724XGEdOTgJwm+TPiuI4DHyqeQVrKbrk58cb4jt//ug3LJAJLN+jF+0HPgeO/Xp0jamt7cKR41WDUO+wzGxzFDy3ilyEwd++X41C/55bGEjkiTNTZ6E3IuHgv/CLmBTe2y7jVfr8LgrUnsorlNhRR8T19PAxK9tb6m128qo0jzqigjVIZiURrHtIsL85ipOgXGiHM/KgTnNqaZpF3Acq/NSlxbknXcBVUAhHDP2MPAjf0ZAHCLxmUcdKjlteM/yPnSimZxK2lYzbL/FKZjcgARbs/xXc8oFv3HZAOAUDHwYwYtciTGOYsyjb68KNERPtAa5LCgJQQWSo3PKEgZnalmRBWfTkJWdJ5mOQIGXzSEGcyZ/A+Hi7vK1f6BHVaz4HoXuF85xcFhRd2VClH6U85qRJmRNhbBETRcQZMETYbMhjUwzJ0bkthhFHZkbHR+TZV/kBardRCS62IVx1RDTjg4GSJpS+xqEU8vwzBAnQZUlgQVw2mopxJlF3qV5J7fB2BzRMQAD3xLHRKS7+h0uJ+ur0VCfIEgXhZobDD3RJjz3KmXGyqhpEZHRFtLso2lMPA9Bl0F/U1soBJTiftJlRSRgxHRVbWOaT4jQSNAI928XL/nvNy+/6H3/7mh3/6P/5f3//299eXT4P1W4Q/q5dzvWhg0dmuK4LohMhG1RZ1q741Ciwnr42Rj6ST1DRsZjkUvqQkJvpqsw2qlfLqw48T606NzFyRPDv2AYPI6PxJ1PEkA2wj8s4AN54jkOnUYSKFY7ltit3OnBY938TmNTROeuHZUME01ZtwsUeE6BwP2Yvm8FM712kirNyCa5SnKiGxxRz+lnHw8aLNlVgs8mSrkqdKRN7FgT3f5IMPSyfLU4KZ2Xrb/HO6laXymgStuU/8fRnP6bu9tt9sqeakshimMYYz0lwv1cnLPhrVLy0AobQkBSU+u1pSNJ4LH3nXYvf0tCQSS2sW0XnLHtuJOGp2+b5NQZrMXuUkwZRDbLnV4G1R5t91j+Gh+vSH3//8L9/3t9eo3K7w9LcoBZ/ZFZFRY/m8zCTxx0QYgiC2Iw6yNvSp6IkXSKxC8P3GKEFNQRnV2qRTrfW8QORkBePbo5qSDEfacNfbvjdD91UQQUfms/Z1EXopCrqSg8eueEGPAUGPP9fLLZYJiaEs/940Q23VJDNhnC3HgR1f7Wwu6iXUqP+46FXq8AEGCByWeVTsTHUub6OsEWF+BMhkkiLz+RXhDawYJCeNAnlpB8EeNE9uyS4jNjn4td+WRYNgufQ8XkFzme2yWZ3N4guSpwBZWbkeRMn6kaWwzJB0FVvFSrhzIIf1RXpGKA8p1JKDKzwFTxqhIYjDFkXHlnSZkoly5nVW35YZ/YDNRSWl4myFF1KBxFWMWK2HLE/n+5NRK3UH3vCjV1E9b5vPfWLdJWfKh5I8VJ/viLsV05b5vUQT6w5WAz+P70SSHFH9lqvyVEkD+UZnFrQySRVZ78K3nqSnLKysJMT87B0Idd7WZ/ZHBoYfNaPiz0+xp/tIqpYiiZO+W+HzS7W0FHx9ctnEJbD26Ks576i1+FSUpO5Tgl7nM6xADEiW9OhYJpnIXCr9SD7hQaRRrTEWUdtMe5kSJwf0TE9TxZD5JJVVVqZaX/Wu5qQ0TxaHyqOSNTtKGNgkFc11FOrW8Y2u6Sg686YFsuH/k1MoOWc+UlJj0mWZ5srI0yupvBjPsulzkSYnyAhv/zEZXV6VSTR2fpAmLI39am3ZDfKB0yl4onsTWTkOp2EyLYH8YXKtybpOHIKLVoFkAAAQAElEQVTDqTvr01inDNCnMX38iqt4hKduEk7booJ335jMT+Xv7vXrBKAtucHCRvs8ZCaL3kNqPwuTUomlfA9RKrcOj6a4N2TFyUKvFFgmDIianApnXqOssFRYIN5kYUfHavH2wObQNT6HNDUJIGUi7MLH52ZaiVCRR+3mCEVGXmfcdyhbDy8cjCf6RcEgXWu+NA6MgZ5R+vlwdfKo04WWdRgKAbumqMLGYWQ9jSMKg0I7Tj2FuBsuEsc6UVLZR3h/PABhD531druFMraPJb9ebxohqID/2vUSy9ojeLQxg5Opaz3amIzvjaW7CcpPSsSCIBrNuxhtIWl6djtxlHlomcddLcp/eOHjY3eQfGCpUY4akb5ez/mxb5eGotFXRHTF+C/XLQLOG7YncG1LkeCQfzSeOyI1zwKfjajkDhXdN+KC7ohJetHpUb1eyT7sCkMlO29L5fPaPl0+jfXZvY5qkFc8JiqPxPd7b+iM5/WYfSgtShIe4SvxnE3P+muPqCVSvfeE8eN2qfBhRGRslk3SvVXg/X4Mo6SzjIlBy44+Mcwwgh7+2JkyOU7duB7QMDLVHed1E+kBwHdc6BpKtAy8Xq9Gi+2I85ZFUeLL42uBOEesdI/v7hFXMkBU1BgdfpHxgO0KfO92uQAYhGbvN/CjhW7rg1oPAsfRSw+lVMbyDkRb4uhhhN5Ua1DS9QoYH2VrvPv85eoRwgd6Mz7GXMfgr59uFxAnK28EmbpvZo/aIDhkEc7D/ASb7mMjLAeIeFaaSNgo3yp2UpbpGgCiU3VIlMfIamALSC+PsYbd5tGa7syImOSuWap2WNYXHNpQAcDw1FM+vTA0wlq3hblRnzipx/iGyRSgxZ6lEKaaSeCtYNWNi5EKWvruPOe4U3V8jkxwot0z8pe1dP0evs5bNi3tPduTxr3onxoHc/e6FvmM5FOYJZmt2RNCY2QiztwOXbzpBsgxbMlu2aaWzBu8x4+KU3L66XK6EogGwFrGQzkQXeaCpT0LjJmjSakUWjgDz6ghlgPJ2PYuN4bqGIbKQLispZl6PQ42tWUAH0odOy1tytCdlfDNKiwOT3cRHKkD7p5rafhyynNeWC07mLlTFrtLEM0SzKW2R9F5LEPvWVia9v8RLC6yFgrTqcgTcTeDuAtt75uz8f6Q4zEOwe3z97cffvMP//hPf/iH//b9j7+73l78gFPMN7bmw6Z4R9OWurWSN/mF43FHWr1hLBV84GnWLePzuWOYNxT2XHErSq5jQl1loTxFs69Fv7ePFF/UOqDdXOmJ06ZQxOjmWYKGzsAla/rueOUpQy+B2EV2Jpi3ZOMNp4Ks8wdSnYd/HneAGq3KiInU8thpkRIbnRMtvgDex/d7rdbkNmZWjv7VpKiN+UWbweZ1xVaNvjzG1soHC8Vv5NsT9pXJIqRUzMhB7lmNgFbkWi4zv6UTqLZTp/tvUEC90vhl1H9AwX0mAusvfN2OKkCslRc8r7e5gkUF9X6qyjXSrlM8nSLN+J7KL2+HJMXjUSh2sRQVgFSRZystBpM5L2WZhqxNcTrtyU4IaZ1iaOeXsUmXdv30+Yff/tN/+/LP/3r8/CqvPw1FPrz4GBaK3YeAjXYf4QiDBYC6Na6lcbAo0OB1x8JVr55wJ0vFJkMXZTq88qSaFisI/U4LCh4ceBuc9hgOddneXo/7Y/vs+zX44DXCcLqx5lxQMOpTWYnfgHMEOWU+ldBkXdX3eII0j+KvokiWuwbv4U3r6AEioeSAlQ/tSZhDo9Geo1g++wrio7ieKTDYWuRZAUvqiBwWYccT57KbzEQ6ECQ4UBahDlR7KGJbSPx+gHA1IRdpqQfxKGP+WVTomXJiR11B9DiHzPnpk1MtbAGwgurkthRP3svZ2sE+BsIVa8cJ7jGrPwG399C4rC0c4WloKY+wfCZ1ePx/aYgZB1dfJ6GSiEI9iQLmAlntGi7aQ2cy5YzYarmEWs+CJ37Ogwx/YQM5gASmFs7xtxnv85t5EJZ3hKrqu2upENTZWe+y3pJk8O7hmlw8RY3JAkedPIbF4J+Scs+3tNPPUEWe6e2MfTGTeWF4ceNnFbsUCGJssg50Gct7aCvsL5sTehr1Mr7JyZdf/frGIh0qudZQDtMYabpYIrV78VbUZkxtqOjKSjuQKQGxEWbUylFADqXdJHvgdTuJXEtWj5G+O9fvX9xQrZ/nLmK79R0UWzh1LzaKbzM+8KTYQB8KX34TdB2weqxOcIRPe1duXishhiOE/mSZQ1tbk9uwSORleEkhq4ppdkJ1uQqt3iom8OSL0OBoBznMsii6IrQLTeZhw+nR+jDlmUwictA52Wg5Hb/1svWA4d42iV+tlY6qFbpRuuQ8yZNe4q9+QDV5LJ8eLh9eKR+THeO3ddJcsoNlZfLaRUikgvQfIOb/TK9fJwCd8Jil06wzfZobyIikJ5356YW3OogOx1cpAbTEMI/QPNwiclZnEgVYRxdoNgRKY3SzpeuLd2BDuIQCbfrgDkKxWZFDyS+inJxV+vSmU3klMIifoblSA5NJ3G5Ah4GNQmDRea87NuNN3S7ab47jDsW6B1rk422RPljRqZgaq70rg98CAwzEjSEwPcfsX97l2Dxo1+vqxjuwImKPwkhSdhqzaPDiZbKvm7IyCMBzCKxWemYqltFKywxY1NaweSHCEdCsLRcngnAjRtsAYCviiDfi8NErJtbsgpCtgCXi04pdKFGLHWb0YlDcFqnGvjXKihDeG6ZtB3F54jVYPrclHObeqpJHKK/s1jgU/2s0ttpZ7FgRkD6YrJfOiIX1csZ7yeWB9e6p/rNWqmYVDnRdJ000uCe7B1dfWgAqHVnhAq+DeXByZ2tOu0Vlj8cwNYbFY4jlDqXAq17Q8L96afB5AHcvjqFAusf2eUVrp2/PdC/O6nE8PRD/KKc9bIl9v3sHyFjXzWPbL76sV28miaod3e2d3XfzEhPecECDomLGUT3Dw6XF1/ZxRElxJ6GB4Hv4+fB87OGGuF5uN6d1d7F09wEcjqM3T2ttEetNpeLSLmOPxKTCgeqQPu6PKMsoAyofsPWGguBxeC/x2hTNICPoxjYaddj+dpJbbcklDUoiMD2ZDE5RO6vUy49UBGDttTB/othq/FzqrELBiMOJ0HpJeyjqAlJXmCpGzwsCHUzvj5La45KEv2zRfjCUUmKx453eoyCS3e9wwKVS2lupBNAzerZTwnOyqATG2NO7Hi4MYyBtrkp4AqJee7ChLkeGmvFKW3TCYCLA/ctx37Pev6YNR9DWluhpsFQiSugDl3fEp50ANCpwZrTxlEZ0TiAW2Qgm45WwUQ/wXMtqhc4bLDV6YLJtnnApRCZ8bmZzPcxWkAhRaWuwBlhxy10vXdmmEA3NWA76VtBsioOi/BwePWetDb32crskR2dR4RPL4G4hfJcx3t7XC3Fve2BD7seSKLyOFgMdsArnR/vfkz/g49HqNmZpyjvZiv9Fcvpx8XJP7dMPx+cff+dUPFjfEDDjz2VjyE10U8pIlbhZZIIuNUF6HVmqvrlU/msDoSM8L3Z87WFji6GwqKF5C9B8RGS2eaqlQnPgezzpHvNfZESlAQRGAxQ8sXEW6VKIRsuRqeQ2P6nm4ZDojQgLdQgp5nDMUfdJ9GYTeZwhJzhXGUljyAkjv8Awy/4groMfaOwBFdS5VNO48jXH+vLEpZkjItM8Wz749mtaNoiQWe+oZYZXQK7QhuyyqnvJU/jNPH95X9bcJc+B60yiF9GMSpVViwTZnBJBfnEi89l19aF1PCf8fL6J1ZfiP0I1y33erx4Rg+LOuVopxLSQdGWkcxr1i52ci2OLXfw0E//E1eYq4ZRL93QWSg3PhSsVy04TrMOGAxt37DKBHkPRCD/lrgZ895vfff7t77/+6U/3n/+6pZkxdhE9lpWNK2RmriQOFhpYxYCBr4B7WOQ9bah3QXWJgoCt/wx5OqATpVtMGBAMVbaR7CUaPd/vHj8BWYEeoZ5ktrPgDWNquPaa696yBgN1No9p2CeeFMoCgmSJAqV7E8sZ390UcSEdQtBvgtQRQ42n/QD2FI00CAugKkoW1HCdqUNER9CQ92iMXq7BCFnT7sgkJI2KVNbpeYXhx7IoKHdW7WQwB8aVoxRhmjrnIngYjEWiXjRNHYrcZTrldOG+FAuaWVEeho5IGAgnRLxLWWWLx9ksAblUdUDKCP+GnAAnhVUjC0r0wangq0+mVWPkccyZTftVFbVy80yEFTdbkykjXOSkWKbESg20TtjfZqg6EW2CZMtXCK/V0zQBx6c7SEJelgRY9zu98pJ3o6C9po3eK/1FDvruFrY+IH9XqYE9ffc0Azvd4HxvWyVUuerOot1K/C2YeJHOJJCUKPUQasiL9JlF1movpITZnKFKIR3v5mG5X2SrWgKqNJpgqWgzru/XkVHP5Sr5kN1P7cN5nFToBSLA/OPeZXKh8+jqSfr00OcXVqMjG+IsE0mI8oFTvnZrPtpyPxaxVssejOEJ79eaJGb6hBZ99Kqn1prhG1llKI4xGHXaIyt7Ky1kMj2b07AMIsGQdJ3XlNnc43NdITnvMtUHpZ7Kh2YdQ6V68OEEk5RKhaiPehaRNfvQs5B62cL4MPAUv7RObImfEJlmCyfN2680JBUBTe65nFGKdFH5xdc622QYeK+84R9wnEUHk79JG//JXr9KAJqpcOIbeSAOga6LpWAW4cpK99FiN5LyBPEzxepBu3gr9S88pyfaU1Jo5XfBOvl7IEnxaASYqpS1lKAGFZLjGsjuEWidoNBECY+jI/xBApUo0T3Ho1PtTZbLeUekLJ2W0d9vxlCL0VvUPdxjiyIKhmw/22gd9TzPrFQSGqOyk3itiSDkF2r2QL1c8ZSOA98YfYFyH0es3hYNGDF+FomLNQqEVw+oeFHzYSiCMkBEj5xFuxZg34aU6+hPFXHdKPEW2iZG2jaW/e2I7b2w/mRq+9Hx76iwbkd8kZpHOCliiVu0vOsYTVSWOJCYHw1eQFTas46J4/WpwUnowQOXrKAvRUc8NK4B+oPFP4A9Rz2LwLbg0W1R7yKW2kAVaO3YETdB4YH2zeSzLXR965Mrw1jyqhKB8Ab9pMhRYH+CyLSobGqog0yeLewQeIkdPyL2JcD8fmkEjREzxZhm5WgRGsSqFDS/8rSF8RQ0HKGG3p5qkzRM4LUMquj8riPCYxmvRzauCbOtXyI6elywJRoAy6qnGRxUF6jLeMr1at0mjIjoTu9gJsCmzeMcLyBCJ4yx1MqsXE+iDTfFtjWyk0CxjZ5aL6KNtp0oAi2U2TrwbY/NuXpQNbqZSeAPW6rZm+his8ef8nylrmC5kyU3JVVRXd3mFFVUK4DpBYeLm1QX6Z6aJag1zJ0iFl+hIPWe9oUgz4CNiQw95oyknoo4KEX1kNRAS08CKWPFWb7C5tcCM07SoIUmsBV66tPuxAGCy2Vl4Z4YLxUryXcrDTMn5KUyG8OtepUjAwXiRQAAEABJREFURhF2IfSaD4oTGo6MqoncF4XbrGjHL5+oPemAqk2Fx80DyOGjZEOopMEvQCTK48yrqupyritO4Rj7jiYWPNAyQyMCZC+dinGtqYH1WkhyiKw/xHfCzxaDicNyoCw7uhQK67iXDwFocsikvrOeT6U4JyEHQIxKTRGZDG7psW+81L9+RGfamArSxhG07EAyHhYlRo3OljF5T37wZR4n7eG13aGcKRgnfHJgg15oB84xAPRkkD3KyfiRvmq/eq5Ce/3y9fH2th8hW+zaSICQaKqMoewBC6iyNw+WHH+VlgW1CpvRFv7rngB0bKSWLiDslYP3+9RNyqKyqszrF4UjtewjYJ1cSFHyADgBtC86OPbfyQMaSanlSTYwscgIpCxJfFxmvsu4IxUiW7ScTqPFysyY1gzqXNvpuCc3y3FkmHRPdEDylIlMPESSp616OvmhtskUe07cbGJkoIE0uazOuqxGkOa41+efLMnp0dK6iItwXrQyG9YrrbjtMqU8LXUso57DclV8tkBJEzs8DTMP/XrzJCE536zeKkriF+rgLh+BqeGK2M+sIQOebisEpHoekhAqoLdUMt94CkboAFq3qJhrOs/WIWqC3IXP22kCcytT3BBf7RRgc2i6XLjeSJc10klyKBjsYuvl03ff//4PP/34m6//+r+d2QZMeEDAQuGR6CiYYW2xYOlXY/K4FbVAoiJ8wqITxhHMS4k7Q4eZseeaxSIwi9C2sn0KZAOKee2P8acN8He75WENY6Pp1A1sLuomrM5GmRafJQl2crHYJXQRMWG9OX9FdhrKEkGWjCvQDLxHqplmz4weOUpkEM5lLkBBsisFcu+CNwNNtiwMWxSewJZkVTH/OVhS2iNQw9gWPFTKCwpDY/WAy2SxF8v0k5AGfvcDFYdAtiH/Pf55/FlHsByneaRjx7tmUptPvD+kXwO3PySFN++dSTkSpqDAjSqwSGJeoJ4KDi9IaGE0MrnJSr12Jux5LkqXMAY7WCInOKRouMv2JLrUPNKkGrzzBEk/M7RvvnDbImWRE8SjC19dB2/v7rrw0NNm2AfPNFsXJK+aVDQZgU7OYJkapFqLNjmMLsJNhHCw8vtKpriMqVar2LTWvypPO7g+S0ROnPvsI6mZGMPkrEDgIoMmpa9R8sp84BSE62vCqZh56qUrsVne6OR0tNOjZZ0jB5AyQCRREG7ECR09bVX8VkQjwU07iua1uTtx3hCLbGYfLJMsSsXpo2WmVg85fXFdKD0fMO6j6rpyp/OIHlTYKOPZhTmsZXILGtUEUg/2wjs9H6binRCm/nPAHzA+ecczQcty6kxK+Gla5/m+co3mg95J8prwFJd9kZYwEqjpMZNIiLuVILdU8qEt1kEyDljm/a3oVesEfQSHT5VuTsVM0o0Qix7V4gLraTNCc1pNyW6s6E3+xoskRYqwX/QZLM+YM5ofljepOI7I+aCti/x39/pVAtBWh4YWPfzZm6QxEh9JHYM8Apqinse7TiwZVPYSEYb4MKTUffBVgWxK/EUSkegMzKxF2V+cv5aqBpAEf9oWpuPRr5rFeOPQbjMNCrGCDWFLHvHq2dx2ML4MwdF+4REoeeoawH8VVTKRpCaynl5/teiq54rjAOn2qE13aHRcDH1QogxowCU9jQkBZOAVbGnaRHguquWizHIDrBWFiyWwPMh46uQeaIvcPVfFIg7Sy494LYXD41TRQ0xQXtfLUjgyElHNadr4kI5QWD2u1GsyQJPz1jARhRqa59CDHbqAgo/NrWZ049c9Q83JJi2ahsfSNbDrsRiCqGqmqoOdxWcNrRENAHEgngJomaB9oLdjbEcAYYJsR3zV2eIRyYoSeHGgNgdSx18cx/RlHCBvBx7qzbIdBg0IFE3dvE4xVpVB4x2z8w1FZr02Al+uGHstjNP+CxKqfOnSQGhMWAy0qCGcPHozttu27VFCOrZk2z3jMqJUtkitUu+3jlgwjwBhZIoO+BVD1ADT50OBCLkJ0168n9+4odcQFGasRudHVMfywoTuXBi0gUyEEOt7i4UdfwZdUNpmEOzU9dD/LupBD1YQJROh/3a3LjSwFTTJiWVpDbWe/fuoujiuQHHnh5dpMXTzc9JK7ctx6iw+7vGeh4c4xwEYROssIkY58OcbgpJwuGHv8KngN7aEJScrY6YVH2WWktIyH1uZ1SVAvybrkmQiE3UophS/panjRCUZlY+686Fi9myJDDYGH0M8uVdUFhc5ht2j0gVwT4AIzUp6dqMbq5Oz0STPGHLsQKW1rWqTM+BD6c4QIn09LeY+8YW0oiVPtxBXjzagkPpcBuYZIIA6h9OiqjNM3M17dVZs9YKrGGqqUEfwmLeMeursLBc00Utds1LTuP6d0sNSK4S4QuBYoKhVQkoARHDvO5m58MhL0bjDsrsgW4+hTFBuFIcIvI13oj9Q0Z+X2uzWImDFw7MPG5Ds18frmxcCOnb0nMzo3cL4nSgctg2HULQspZyEsZ1h1pFHs9Mt4AkEMeGIuNfxCVYlohuAwjiR3R+HEK5RdL4FtXjlnsBSDy/cdHd2ErVAH4fX/gGACaN6a/T2jMW+bIKmX4aaoYHG9Es4S+6P/e3t9cvP97fX2/3evMtqyEHttC69ML7FMvVo7UU9Qadm78wsY+SLqybGoD0VjvZsU1Xd26bo4khRY4sSKjRzuVtpxvdSSCR97BjK2eyzqYAs+o+YVKWMaX0FXWpZ0Pb0r7rrI3GmLLoeOgeaMlcLBy3wTqchZ+nrURI7KZocy+oIpiJuGY3CGWIMCr4XjyJMJ75BqFNaX2B4QLYWrQgmqwn3MqZK6Cm/mGtlWNcK0E6mRkOLi5OaY+3GNKK0rJTgKLX8OaW6kMusybdXI4h8/LxX2OjT7qjKyg3KcDZSqOrEUcxkNWkKYupmyyBbXnyALm0yWn65WxZpT9sYDgyrusY1I4WH28qixOeqVoYk6YOoo+QYuT38VuaurdvJz1iyi+Bh0/y+pHQEt7ekldAvQCjNitJOy2vgei3409BL2+XH3/3hp9/9/s//83q8vYEavKyCd5tokkW3JFhowKHpELNTYJxMUgGPGAyqhb/PxQ1LYaTYk2Q1LKVNSSVKuzqoGSFejsxEsbb9fun75db0CJkUSzNGiN4VVj76uOuW3f3GDDfUf0juxiRGtHxA6+mtgUx9cNDvtZoTx1eiuUaPWGCVB0OwPS1wmCqX2EHXALVtK4Lg+nk6qL30R2T4ecZYJ2gQn4J/Bsltge9Efl4LPr2FpRKae+t0vG6yXcvGURxx1OFCaWw/Mi11Hk/m2dxEksSbYrahgaeMrvM1KQUqW/AxhiJBHxR7CM2uXgfLmANz8PchTTzA6Ai9ylgnMV4hg3pJAB5iHofE3uYJjmtWriFaZ2c5JrTZjITncUFschFoO7wFQgdqpMu204RNbBFvcn4e/6qInEZyukQm77HlC+9eedn66cprp2pPxWo+swZQjK/en7/xRNa1OoUlFUwq5NgyKeaKC1MHJ2deKeOcES2LDDstha5TTX9VrmrpvjWo4J+trjdLctQpFNKRLCknawapn4skXHbevLlwMst/WLHw0LVLmsffnNZqawQjo/zSpXILNLICEAmVZjOcnF5VQ83JmC3EBMnrB8f1yGsOMggyeDrMtzyDXMF1a54WPlchFwwsf6UjYpUtiwSbFEnwoBYLXR5QT1MqQjSYaLJm7HmyvsIipNxgWiOrG1r9xIWCHhuW6nFYDSbnWHaB6LQr8Zebgvvkyp5WiToAQyjY2FW0IHYMSOfAaFzFncCiM/9emeWJsdFkSnWq5f6D4ciiOEmeJOwmZLroM2Wmqpl6Y81dif2pptmEpl1zljYDEsJgxPdLiQRtnVgTKN4mt0jr6pzncCaF4slzglKLbpOBzQve3epjXvp38fo1NyEEJ00KDF2lLXIYF+SVU0LVy6bM72XSxzvhUUmlhrrsSZ4IxEj6/Ci2px4pjAppCB/Q5BJedCzgu1CL0VLJL3n0iMFktTIvIp0dI8ahuoTGIEAENqikvWfbCvj9NcopBHuImhIxZYfYJJm/Bey7CXrcBZ4dEEtXQ4Z0O7zPW4O5IIitQ0lbgePr4lUVdKAMj4fjp9Et27ntvnv/t+jW1npxe/LAqHxnc/xYvYhC3pFY50tCh6lD6sfBOL5AIhz3iAbkwYgtYoQjEU8ABXmZ6QEfe92GiJlF8Bw2sUe4rYd2D23dUcU9UMJtoJux0Q6CemHi6+WyiHDHTBxd9EJ3tJhZ0iBWgs1eiMw7mBzQp/eLMcgeMJxo2DeQjtgr39zu1YSjiR9qakeO/e3iYbNH1mDZGA7ssYnmC+u+h8v1cgSsTlQD1F6hjZlW7QC0h6H7j26eRFmPyIMkB1Yo3BZlvwPoaIe2rEMyCONtB9A8TLBt//nNHSmXiysREfPbtAxQ79slxlKtYRb6Tu3bcYua2j3Q+YsTsQcX714kOl0pHvL/8E2VSERGOQ4dKyBeOluA1HtNEleUI3bZXP725qViHJof/0XlbnULbN+ZrQPhjJY1Y6kPqDlujNy262PvKFwgfhxY83osDXsqetz6xU2E/eHFBaPIM5sTpvcifPJ6bN7b8Ha7DarxihLHI9At72MZFqHXEvFhXNruMVJ3lHjw8B207An0TWhbGsWjUduk5k49G7oSELHU2QqMSjkX9YPd2rzoJUnVCBdJgrClQPQEYdMwBdYZJQt8leF2UeoQ0Cf9lLaECHugmIjbbUqLzVlu76qTl8ZNG1Y5h85HxQWdhSa4RUG4lc4MvJbsK0v6xIKhoCT0M3Q4ytUwNvMj/JPIGDP3+PUjEnmpq1uGchrKDPUpIYyvKgwt1PQ1lZh5QZy9ViATCkFOVX0qTJQK2O0oAaQyQ7iNriqZlh/jMFt9FbILyd/XEkMR7RVSo7FNU2SBZDYOTAR49kD0jDeLQ3oc96+v//7nv/z5p79++fmnxyDXyMYmQWK2ObW+o7yoOxcPVCXhfkYnqdhUJIBDYX48BgTtQWHRAwB1hCxtKceXw9/THtD7gyIRHI2H92C2wYnbI3AKWGbOHDSDyCIhw1lCeAW26CkbksLCiQiDwBENSNPBQl+/fv36+nq9v43T7+4/yG0aWU0la1q18LCki84W68CmzaylCICGQSpZbnQ1PZNsK4lA50dxacK8UhUkWkrRQ6aFWK8iEpGzLhsjYJb2B1/U1S6bNEpbp95Okuuo8s9Php+4lcpELpSaegQAhlgPPqU81JoenxQTVoa1tATawpyAJ6wtA9ZpAAQcmXhwaCfuHOQ4YOTIDLCVkwVCKyBxSoFq0eZZ7xlomZZNhoN3syc4kUtf+CztpISUreyq847QIk06KGPmtD0mZaefTKL+fMcyw4jo22pUWnGbZGOnb3Mzl5o/qKIg9eisnwYOF8ICjrc8BVp4gq6jKd04kWmGP5K94ZX9TIyrBqgaqz4BL5SLVyhZk1StbM606UQyrKQAABAASURBVEIHpEU52MKpjqQVNqCS0kRzlgwdKfPQvHjFYwuYbjx5MK7vf/jxd3/8x3/77R9e//TVXA1ko86QgBoyoIEJYoCVfWUhi7C7LL4HESXhz2aOIEwCUANDxzB/RX/g3C4pKJEeIAAcvkT34UV7e1w+9xc2PtyRVni4khmMOpryhYYeojwGozxlcYhC6/OO39b0JK80lPFmrRbef90uW2VPou6Hu+kGq3x45RJvzXGRxn6msFeimwSinjUctfFIuqzdYmls6JLesIgjP1DOKFIAETHiA7ui3mzTbIvjZsIRXn//9PricdChapvzoi2TTZq3yW67oqxg8lgk8MWbWVxQLQnT1ygqvYV5afkJYH1KpxnFz6R44zZLSTAgWaGNhf7RK1CqOAXFnSTeM6WGnmOHz5T9AVxhyw9RdIOctmIzS1r197fF0dYkVLcgtvegm9ShTwRH5w2ebjkRMSkE88NXPrqd7kPAKVdlvf+7URE51AnuTNB0hgfb8rj1+9RPwS0kZcfHgtU+WpK8yxOoVOqH2CL0apDFqybnnFbzSYAlaJZBJDI9kN94KUMu8xw+fSOe16EkFLhHcU/2LvRNkIJz0VXmANfBt1waIXelDWNp4gh4eZt46Hn1yPWbpDWEY9H5GUrKzPPg9l3A0bOUhr0XptwD2PMzwoYKC7QXq2J/GQcORpC+pCo8ahXEQwXwtOCLJDSdGuHEi/BJKJhFXssnMjXj0tB4u+CUaYbIunrp+c4xqFXYDs4erJecgnE5cnCztZiZZBrKmbbD/qN2UwttQldWzcMYl55swZ15mdcUJMW1XhSe0n+ofEqt/qLG1cWhfZTKS8UCAwmBiQwdm+Sh2Uq8JhI6mL47pDKfxjeKo4uulP6tI2fy5BH8+CqkTr7X4//vl/xKAejoKcYjE/hzSx4yT2T7ttirM08Vd4beCDmylK2o0YvLSuxanTQkxNDTTO6c96FNFxzOg70C2xbgIREV5k96HA+Y1jiORmsq5UKqpACRwZRDQ42gANhhPLgANFKBPTL5HfYSoi1C8WSpX65Bj2prF0eA73s0Y9sCbCSco8WPO9faIQbXYaLTnDMaqHzu23c4YEMXb0u7whH5iHqI+TYv6IuIg8jlOxxv3VIhV0Ss+dIcMYeAHBTmkmVDcS1xLpLFOH2kXvY3ABif8dYABhhiayMwcAAV3iTremGvQgbcGhgY18qVZY+xDcHm93Z0klITNaK9BkQyJWT6qTIvuyyQBlDDMVTrUePC92B89+rdXoCvO6FsEbeHbMcN4H1jyHeEs3iV6uzy4A+/yMW34licHMb97agtOG7Skz139wdEO74jtkIiIt7xGUM8u+M2B8LONzRhjLUco3vIA1E0WxR7diB+2DS+qoC7fMtb1AZhKrQHkAa1HNGMDCoOtiDQ5+DfLXwNB8IgJboyDux9j4hGx5ztuF6uGTN/hCXFdMpP15eHd0uPiOLtkgLPKRl1n2HbD4BpYPkRBa8wXUJfG4DyRfY7LJkAnVl1927ROewSlaM97qldb7eBRA9jymOL4qUZsRVG8ZjL3UushP8oQZVxQ7cGXYqPJw1fwbjhZVDO2368Oll63Q/4cozWfuJrEKtpkHSm74YF26wOfHIq5JKyWSjCzLy5HphX1IKcCIgtgnVBuzIALDGWDO+36ZCX3Lu8Dh1TmUnMq+JLWYuBSCTQbCp+oXaAkaLuEGvWULM8UFQD07JiwvhqJ/kabP4p+eGkUfI0KyMQXiFJqMnKeClOEQfSvNwwtBYhyEFtclWtpUKhJWO/wVhgmBkUH6Y9UM5oaXjhsYD1HVNvLMUOUDiVX0pceBYUwdSNtjlSqMNEBgYKSQCMOVxFzs0Omwpr49fxJMLNXFtyNlPRWcSfMRV+bCWi5r58ff23f//L19evtneZAHTudcwYRTtDFrYeNUhQ5siDnTsswC02ljjzMUM2shSqgJzJZ1Ipa7LYA0z9RtlUp+rIHN+iklJnSxrUKEW4O+ruSyBHITgDmQjrC4HEgT55UwPvPTtO7/3t8fb2eH0bzsD9smfxIwioyhhV1vOnEkE8MrFxW/X0ReGobo60GOuDsi6eFVCdh07md3SxYU76uE27D8pItXycirKkSq8VTMJ/GJcK1SU8Yl0WVSDPi4gscSiRZ6npwBRaNuRLKkuCY4FkeSVmgyKv4BEVddUFrS6pQeHuWEOOblog2Bu/34GfAx2LhgZczz4BzqnyYcoVP67ThMCc+6RD5p3EaJbo3URvnkzbYlSyWJdVvPmJOvgjEzq4cPXYxSAUmaaOLsE2Cy+vny3zV5i9lKyA982vmxBozsMlSSpSBrbOYJ/p2+Q8zJgeI5LjLKlgROw1y9hY1aZMazK5+mLAaRbcKJoGJ5Z3BnmaaqqpzeSTSZfYUxIzr5m1PJLqWXlYJJNV8hn+jcaDChpr6d5wsTB8Z0ML+PzbH3/8xz/+/O//e3CfBmYXTaPDO+7sdGjL3A/CS2bZhGOlj9BGQ0f2GkNuBUdjji0RGi6szlVm98UuVri/E2tk+YUcDWk/GNrjMZQeZ3kb9GUUQlbljmGPuHPoI5IpnvQdI03rTCFLx5csgw96E8l0oCjTYWP6zf26t9vL0OPDCrMtEtc006AgavL40VngAst1NA+WODBzRmdrTxnqeMHQQzNGZoy8b7GBrjlvOIToNe3VovfNM1qGZPTyaHYJE0A4ka2xyp7QiqiM+Vj9QLEPYDcLFZLoIEnQAwByU8GNVsYcByC0SroHrFI9MD/NZY8HRmIPzTvsry2Uq8Ve1uHk0UsAWCZqWSjQPPcurgm7YSrLXVXbexxksZttdiMwOWPHVucPLK8+nFJInu48oeCkrlmIDBKxGU/4SVkt81zOIlLkNJhcCkZk4gaajFbkXT+x/DiXzUjbyxM/ngjfO4nadRintzgRPiX/07yFvf/CZJVW3qeP5/u0GHT1kQeSNVP5pClVw5eS82aTnjT1mrn4mtwjW18U2UnRki2jtzkLrX3UxUgNPTHtA20qxbxtngG42mL+Mw+vmHTl2WHW0KZSqTRJMVfq7gxKlefX3N6Y14YE8ik2xG3VRlmqy2lJ8d7SJUW2ll2vVjlG8haqbZxrXZEHIHMfGYcChVrkDNP3qQ+ciDNJOOWufUS1xjsKqWP5em7bYuQSX6r19F/TR12zqq8rtaNA4zKIp6FG/rpfeatcxZjrWhh28pAkxPdMCjv+7j1E78Tw+4kqz/dOAffu6x++bH6vrrPJdeXjG33zQxHihB8N4e/+9esEoIX4Bn5b+KNk1Moio791k7jyJBGSa1B0SAXga9LYIlPncdDV8EmuFWGu6GGV51wjRS4bWxtKE8PyyffJyWvwiojblXuR6cN4Ks/oNBTz+ODc1cj4Q5QU8IEGwJFGNy8JpKTNp/k4O41w68lqAxqV2V0MsWgeIhGKI4pxRO0Rj8X2BwWgpl3YIgmQbkuwxiISvEcZ6g3qecv+JZnTsSnT6LjRxugFL/wcTU2gMAIqUsIlmB1VEkRRexxHa4+3QxMbEmBbEu0P0L9s4bE6cTZ8oq0imCTJJI333qtsXpgaYcdJee8QbLU1xJdi5Brfunh5CS+C4YHLqKbXHYHeYGN3FKFu0KI5nDB1PD41wyajp5+mXEokjXuKDpbRwNAhnY3FZwXB/kFCCQ8hwAPTCtU7qnKgiogX5dCWiQLdoxRb2J8tIm5kq+4BPULA3WDbEbLSIqYm8lUjlFv7dqQiBPd4Q3VswJlsqjD+76AwSn37Cm1Yc4SnelXofPl3I6Z5fCc6JTZJXYsJsmb3xz1qTCtAzNv1Kh6b4lblJRwKHir95u3eL9sVhOHx+ds14uhNGLkPh06UJPGSJn7RNZrhGKvT7G9f3gZuj3riAdWjgBnsMkMQcR1NGohc9Shqb6mxpD4NLa4H9qjUHah0tGi7mRwh9QpZVCrewaDiCe4rfeZip1YJl3KEe9N2PRLyrmPBG5V2ZXUf6LVwmxdwo8buQZ3e9M7QOs4CSlL6tQEyEp6OyOjkhozHiwPY4N0PjMHrCyfLh8Gc9sVEOuCfO4RSIQO+hOOlCIhF6AzGDDIGtgmUR4sf44aR24Cw4/DjQf8HP8qFwgdpv7MsW/JiLJriJhEex9SKVErL00lsDYfY3zhm7RQwiVSVYWunfVHGRrCdjWujCTqMtbvsA055e9u/fHn9+ctXDyizlDswy2oV40cMoks2bYz9isa2EQ+nTEWPgjYG9D0I+tBULSMHm2prJxBStVRpryWUz69PupOsvaEl8VNZnVKbSZ+oca+M4ggv2uOx39/Gn4e7i9Qe7Yh2hfHt2WU3E1gyInfGq/IB9ZpIj1iVZFmlxlTySYarVr2o5LSykmyUN4nDA4NnXja/TdWF5k38m5vuND3utim7lqWJnW4QANCTTvBKxDWq6cUbEWqe0iuaDBt3h09cvlwUvShHhIDzMyooSOWJnzAq8qBSe5SB5FjyOjK593AG61QksH1trmgcmMZQZch5sXdWyQo6rJpSWmvJTvls4zJMLay+smpc62Py/Q7xmtBILfu8lZXeerJipb7Cn3klwhAmcc5JLSTGJ1LD4oiFDLaG0Gpm8NiTByY3TwJPhSeZPkqiJoWDkZEudCEhnFqhFqOLHWjL1NcJ4PxIeUV7nroi8AzXQpbDVM5tuTN1e3IXquy8gy7Vm1OaASYO/19zAd7s+vnzb/7Lf/3X/+v/0/8y2Mdb5An1rIwE9NASNo2n0pslhDvzwFJGq+XAPOqCBf6EeW9V/psbkcIMJjU8jtGiJZoDDAWmeRZdf9yP+6sdd/Uy0PGU0JrhIFcG9+J2KzhhKUyTrYEqUgxGRQoPD+gPJThjtZPBmYcjPxTCYTy6MyliuwEyRXBJIwvvbEltKXRakS1GKRs3mLaLdjaW8QGiv4tmtSpkaMXuuapM68f5/KXwZYBvZrkBWtSrifQiCSpqhsVsPDnPIWwviiLb3AWVWjCz+mOzCu3khGYnPpyoW+mekfjSGTeN4HGihcuGrKfi9Jecm1vAOhFiJyjG8ogVV9H5dskYiHzW3VM7PR4cemGB+IadIRfNyeWhTpxvMvf1NRm6PJ/zeopmOHg+a5GbeROTJyt9XqFPb2FZFopd/1c7o1XwPj9Z138VtrYMSM8DWyYhRW4pPGiPz0WOU2ar8ICmMelNyeb1PLPpfnu3vnPeE2g3KleSSsx83HLFOnwGUOE3MCupFVlZ0nomqColpfCjYjLTEVzXF1smysD72XrK8B+Fky7rRMNiHfbp52K2cr5opf3Tkat9nedDaJIoNb2ppSurVOmJhhVRapQgyqDclXJrAJRgugpnzWcnCiV6FoNznWuEJ8qYW54zrxPIZ5XhwfdquutlyzBTuYJgFERNZQQ+eWpyGSvNl1+McJreSpWw55Oi67qtk0iegk2CPTiHbbaM0Cb/qcmXmckTZAvzlYSsddLPQjqrOj6XfCGOWt3ldwBoAAAQAElEQVQiimUy73iPvHvZ+/efeeC3DvXfz+vXCUAnA9c00t8RfF1K4ad6liAqpe5rqoZQVgTsyqgAqC3SGnZVHTFdb6ZZ6q4VdpalNxnJuinDCyxqh7p7SRkfc71cE4yFwpq3FNzXMpV86jy9/Fb+O5Aaog2izywg1c20rSO4UVodWgQqmte09QgFYcyHEJCeVhPV70hsbLTNAoprUUaNXLjQ3Y4mfl0vEfZADIXrnIoxQ7O9DDa8i7PxoGKBDDeFXEVAcpSZ8+f6CCOwOyzb5CVGNCf0RswdCLMCyfU4jviyEP3j9BdTixEioTQe0QO9b3gL0bVYV6oqsX4RZ5LGTwA0R4+4xg3Kru/Y0J4PhNcF8AqAhPtj+3Gk6oOCFf4L0MUmdNVatMjLXR0juUZJCqe9gYJCF0fIKdYbMmxo6kCHxiY5ONsSLoIrAjFxlEgZTAO6GjzievHU+4cXMJRsRIbJN2V4/bhGooCgaORub/rwUt5dYRFFoWSxzXtVsphuj8wAACIa1UeijrlL/LYUM4C7AzuKg7Eh/BKXHlB/lSGSsYAeXuyFMgJ2RO1anK0BQo2rvFZ1FFXZWkKZUdx2XD8ueBwP9YqyKPngu3HbDFkIsckDUfdQ6uEzGPeJYH0/12P6ZiiD+zjuj8frT4/7q5frNXSBDGJgFC/PEz3p0GD6SaoumlInDkKoJkVsohnAWiwWGsbh88lXhBT0zKTOUyxSdybSB1C3EYCWUCQrhhEMxqB1GeHO+Fafg0TOVZeM98VT4mgdyNBIbbG4Z+HQPKs4751yHzUcwaorxYMZ4qyQ4F6QWAQGoSaK0UxS2/WP0JsoYStRFjAKxQfVh4uV0lpuso5v2myaLB1sHejXBpf+BpaygFmFVxDIiu+STZlVlLRgPcm74tg1yijky0j0O1VkMSDoO5wojZkoAijbmDLSp5pHw4i/WCqNh1fxHOelP/bjft/HH3KAip+jtueDB5LZWZ8YXQRBtsjnN0/CCL6IGgczHtFgmCRNAyJJpbIVFSQ7w5nQ8C2pKtw1WIOYW6rNCqwBqTmatZ8NjkmguVFKR49gaeMwP4b36evXMdVxQsfXvFyOV47qihZhw5/Q5oBT9olq1Q+d2nwuJCNhuEV5YqvWxnLIgI0kSZEuGGqSB6AlFFTGiDJFR6UMEEt9mHoNZS1SZ2ySVcgu1vbIcXHl47e+GHppYU1cEo+PJJI8x+FllLIFbeUy9bPldymuyTx4LpkMCrUFDAd5KjZZgWGQLQMOhUaqsWkb6L7lAnqI48XjH1Oz4seKeg9EovUMYNgc61lHSmI82xf+XfLqyV0otupLmGHd9ulplO6n9V35fapnZasuBpjZtOeM6oZG5R+b48uXymLUWAoXzJTqpZawIWlCP0DKQe8fDV9wJNeHFaeiHZr2eQQWOBQ5ryRcRtRY1q+/E1bFYsk0F3MQx0JnsRSKF60vyPml/KZJak41UT3Nwry+eGNc6uZqzPBVbdfrb//xn37zD//lr1+H4+qhsqP+b8Cf3vLBlQzWN1vWPzeg51JBwEDnb+EYomSL8jooiAV1a8IFRJGoAruxEHrR1lt3cedDuWxy3N+O19fh7N4iLUwEDWYlqq4B6d5oD7QSQwI9H9Uyk1dMwoW25uU0tsujS3YZSA5GQ0AaWWLLZEEyx9TbPdLB390Q1hDThWR0rnKkZI7SSBsQ5OAM46cHwhYQScDmBfRhQwMoNSR6eHjoRttYRaNR3GueKc5RFzoO9bgQDa8cFS+E41QAKvEMIayR55CNdBdyLY2CTCmfFFXIeVQla4R33tkWQpcPzpoUdyqBmINfyNfy6zjVqwCSJ5TapPaJSzUPCcVGMnrSyPmqJO3Cp4yDeXfozjOZtyC2yQNJHF1S2prIinarrMHLMMHLrJN5gE6Llb+kdpAcV84oj5YDymRugMppLxINXb9I3ltX5iDj66tHoITCxDyf1il1cFuHxedaEZEyz1GmxJlT5I30LEuS4ajmGOXEXkUIhBM+XQREThqDSdadqkdBkstg5VubX5PgDUg5T68azjo4cCfm1FXYNO2jVTdZH5VPyjWTueCkrbpaeGaL9U8XDVvnyfIMrgaWPGV3eV1knlJ5opWioKmnZRb9nKssSD1nNgFWs6elkamInX6UxX8gU6a3Wm+TZV9lnsG8E+VnKrK13biil0ciWYNw1zjUfFz8fBgDinLIWiDbOhEtl8m64MXcONb3XqecglIJ41fjkefFMg7udLbt9LHJuyGYLBupy9XvfXH6dBK5Y/b+UNh6s2du9OEZ+tax+s/5+jXXgE7KUMsyosUbTqzXUiovNJ0yZuUysh5OLYSnqusI811KBBYRi3yU2yRVgUdZx0avW1SZiEpxkbogaAvmoZQSlUq9MdIBzC6iopHd1qP+raCNk0QfuGCY8ORHEczG+LnL5YICppJqKGecniXqo53hqNHSwy/w7EJL/2QtUTbJiG9tZPiIYEa8s3YPNoufgfeRP2nxLiAQjiTetkvUjvNCH6j/Jl4H+SpbTCcWvaPmXOjsAd21AJs0wE2LxCDi6BFhaoG+oqt2qJYNyX4557gG2e0BhTsqOJ6+oUujoicYoYTutZE3AgjeA/ASIIgHZgybZMgLL9KgoTaHYHV6A5ILVm2J1hmqTh0ZhezRvwOWRFVlkExE80a/F0NPwt5QQDkCpRvqiLBcYyB4+8HqdzHVUL4DD/e6IBE8chwt6vS16FfeIlAs6nO4Rr9NA0CjcbmvkFe6kG2PBilPdieq+R2BRXo15y2QexS8TU1kPNoLWO9eAAR1VcLl4Mvh9NyjM+HttgU463TrJOyxyWNoDht4gRKC6ZhvGC1O9A4T7XsQM+KFDhxzY0y2xfnwlfR+9FFs8OXlyljnbhkhG1SDONXNa9eOe7Y4IBev+s0qHZeIPx1T8YPqV/kSRunziqnpliXZ/SR6jRovWOPNIXavvXiJndi9Q5pD9APh+vLl5/vXn21g2ZMIBvS/PxL4sZSh0DZ84sZCGs3QfBhn4R6lG6PQ1bQa/VjscKuEidhlgf2Iz5Y2wYq9DLLOyhGOuMV3YvWCmTF1oWBuieaCOP/wT0xuBygYhg00RHAJBLDrNGfyIPYZWYwPC9VrZRSAgbp+0pKTX6DARs0yp/mleFlWjd8ipP3Cj1LxZkixl6eMhApPE87Ry5yJBr/tuuo6ysyIMOxaUrtzP+j1qN8DhCuifzUDi5xdS6LB79agHt5TU4HcmPpcF3ZOah1qFosFbuPRAcgWqAEUxiKs2zAOqJAKlxuLnuBQR/XkToTOEIPlZ+HN3S3uV3ocB5xcBv+Zla5Jy6O6YffoqRmBzw4Y7EZY0Uuz72JEjEK8dBbpblwLMEspjVBR5sJoFFuqahZepZfrTR0mfnhHVvgQDF4I5kYcxAUC+BDOO7AV3ZD4HQxwM9YX2h/3ty9f+/3hbqDW38br/tUrTUcVmiCR3GvjfWNfUOI8nKztImnBiUVjp2oMuvaWmmsXPBZ1TQCr6sTLEOKXR0a0ykcXaeDHhLY7ayJKmiaNyC1xIFn+9oT8po2rUueScsVSqQlhRrgDHcwAF6QXKF1DNdzeWViC3vrkFvytlzZffqSYRSBN2PlwMmWVdSs7CDCUN8IFqARa9m6vnaWKhFwkSp87qPX99TufQPxphK43pt5r+ry3pvP0Tbqm8Sh89BH59goGkGA2eeiyjD1aBKcNguFvjDYlV8f57Gmt4cSdcWTeWyYQKN94FTDAC+OcR1M8uKlsqeua7FXnVxaaBMSWpnekIunGCtqGMC7NWSvC06eFLrKgSDmONBvp+49bHeHTTvyUXEhAsAmxz1u/mzZDsstLU1DFhEPnXqjqxMqWrF6A3ZBSmbe3WpSStAuy88ysBnV986he2+9Dn/juN7//43/7f37507/dv/yMs+8CCXXMBkgdm4AG0VbOMJknOFedDM6LrzEmIuJvw0dENJ2+WXJAy6nxbBnY9/j1GAqTc+rhQbu4Qrm/3Y+3R3uRXLGqpcpthObRXNtSgn6RvaIZUT1R2jSOx3nxOmKXDditsssywX9LGXRkQpcrk+hxCK8tfJPhi6XHKgKXmfdpdsIWPW0yCww6Mn0c96E0DcDfX94vVxkiCxrSGb2rxMqvG057dHvZ2qbpaC6UwaBZ5XGLTETk8gyu4vHuaJ7LDgTKPEuZ6HOMgEqPAOB25rC5QeNqOJrTVA6NJOypsEr9l8NQQSpDhuhxt1kvJ7W1hUbTi0xpnySiS7x8zynyUCa/JU9NCHKZBJeOfA6c11YHDVdNnwOlJc93BZQms5Ck1GXwVmKej9S6GxaZE8vHffQYyUkJacCy0pWc4aDiqO/eF0uWsQjCPPhrmK3WQJKryRkqSvgRbG2K91xyRBz1ExOCtsjb1VPkm5w+n5TykAi0vt+EfLD98s0WsVzvzImIzOV997UTAKrsMj6lzEdP03oE+3Skj57fUSoSQmAlt6aRr6e1FdrX3K8F1qHqPQdqsoKWUkS5ziPKgkrhPS3DjZmunPqELklUZ1N4+b88r1Xt7EIS/uqRaGsb7ZzTeurk9jqFhSVdO2MLWVFH3WpqOvFRy8nnTVYOkJqHyQrDyvPS5bIiyAOvDC/jfJQpPraOFWeeCnjGPJroFPeL4AbfsxM5qXxMQs+vldJ01vLLGWgtBBUq1XJVyfQA8PLp2zFJtyiG80z/dmJewomTC1v6ffA9FqCWnPc6+vwfCN1qIjW+j6Ysf1+vXykATTGh6Xw0luisj9fQ/bgq9XJWKA1eyFJ4UvfKJN8kN50nlRysUQ2mOcA7qdoSDHIGa6QlcsRIyGzDxUIGcUbQ8IfHIouNClBNaHHAd2fYBarLpVWCapWGOrsPXVAkANBPKbfGsMgq2uk2WqCXGfMYs46g5o5S8mHXS6msboaxfvLQ71pPbjSzY2OZ/OkB7D7ud8dvIl4vmlYNWPfhCv/mDUzCBPa4h+51sTM2OZTpzkWIzP6OcmsOp4aZczw8niLWFNpDzCLudOyMEiYxXALvDIbliIYjm033wGcPGNNug0bbkgz1aqxbiPBYZeJ5xEqg2ETBhwaL+GDGVKxzZ+OEhIYi8jrK1w5kM4oFX6MR5YBIHh6VZ1cm1HsFNy9ALIjDhduhW7dFvFnUi/bugNdoAEWrzdiixcH5fb85iBMx1lD+FA3DolVealwbOyIixMzCWEcz9G2PxPWxONfte0VTFs/O1P3hyzYuGHD8+PPm/cfc8XC73aKlJYKZJVDZNt4cm3XfH69uVeyacWxBgWjbhlqB6pWUHfR3MrkMO1BZwjIQeWaTxq4qj1IHzNBQtKG16x5uDaz/WFKUie9RIhxGyVjV4e24XT1mXKLT4xGW3XhnvKtuhRrjSdkQ1GEJZSxqbFrbPEM36j2PZ+8BA1/CCBlLN+5y+/RpkNrr168///nfjvurergqTX7NjQCqQvUJyknQKD5iNCN0MksVllyAFahIiwAAEABJREFUPC7rWNDSiRaShP6Df7B8cVoeqcnrKq0PVKvMUtRkVw0ldwWMSW3xWhVPVa2GUqXGb9S3Y0qHkhszTJiXMV67oFmMfWP7tzqtJyEM/Aj+CRqxlOvUaIWh0Cnis5ymwoaSVvDnB8rlIkzmi7cWtspM5bj8/Lk/QbUZ1hRPj20V6ErOSWsmPW8p0UivrLOUTNTX4DYMdLAzbSYIwdModpYIH1904zyeHvX6e9NU86NyPqUFjFMl4wL1IXxdQi12AvLqJcZ5oJxuYT8TJMqDQNJh9ocht6Ubs3uim2iHPEDdIRgXnJmpVl0FSQpk3kYLbhoNDhN18awLLzY9eOPLYRngHMKe0sCR5YN5P/4/lNMP7Nmr7TfZOUR3kF6iP+xAN16jXL477QY/c3HjPGd3yNbBDpag9qXrkhKMWveMqNVk8qBs4C2atqlUDXUjPbMG0sYVEISQx2hjT/bI/JE6FZYAywLApXExzTLJjm7UcniaSPZCgFmz4qnoejNwTHKPqpsUAz+q/I6WcYo/DfnzVv05551L9a6jTtXJyMPVHUA31Rnj3xcnSUupYEq7EB2NeZ03LDhouFY0fGBefvAv3jo5ykpdQvBcwjOLimYbEwyIjmn6QsCBT+ceelTUZ43LQx8rMXkyFnyR6QWhcqEHijMANZkAK2mzzFQy83pi/UOdYYGQ5GQ5YZFhgqN38vBRBTH2RuVXcpcl6WUOeDEFhdqk2WIAV3B+7D1VyiQPSTaVqwD1z5bfAk5dyKymmwcqhEyMEpzeuHBWNlqtbV8NN9jDMCV5IuffnNvp9+VOPL6ljKIWCo6YpIUN30gUE4sxbvh88Ildb5ff/ff//q//3//59uWvj5/eWjQQcRd6EL/HIaT50SlZsMOdtaIyTcYQAhv/gABtKepkFeioCzZLlSHZCHT7QFIbit+7T8ZTV+6vb9sPu6LEHMLbcyg4oooygO5/DHTasCQ+R/TELnUsGCu1r9v1U7ApQVyAQbOIUx7H7uLlwPSIshuEZA35UvC3K6oNRgpauCcgvvGkVkgB9D9YNl6k//H6+vr2Ohyjd9fSu7cAIJyFBWkEP6GR4KyFXhxRKkS2Qme4gBKjNOBQHsLPQsZaOSXwIsOm6DvSEgtlmFTkQz5YW4oiNVRR6VcjmsbN1No7KAlJaxZoMnkyGtwnc64AH+tnIraMitEnVDVNuNhWXWJ9y7gzunZYQglt4rDx7KuiIk/nxeYZMi2drc5Ymr/nkYBkwB9Izev3/varhBuVOT2JuMlwwKvoITtftlwkK+C0fKymz4+l89bOE6SoMnnSEhf2b0/6I7m+LT/ZuydxuFNO4zc935r3Fwrfehp1eIYGWGlpwrzO1JwFuy4ERDTfmDIln87MpFRx1rBVTWlVunLs+lMEqLyjnzkjIZNPEkJIWZyx6OKz5aXKjlcFDIbkhGnTmf3S69AWZlhlr5V7NeE9PS1kLmG32n8VqV+11tkIQksaFKWDNVZAPVHlCUHM/at1wxtMxqAWJ+kHb7x3dqHkFJIdIMkRCRq0CMxWTWCOYkb32dxhK2gUKk7mjy4qhCzuK6EC88GpkUSWWDkwGynzHNaR0txobElP1XiuSB7MZZGWh+OLbSpLZ12lVlxMn06KFW+FAhKiHCpSHoZK//6F13oG9ax6yDoSTc9Hio5Fw6mf/8ajVMgK9BuD+hs3+E/5+lUC0FaskWbgE3We2eUSP78A1osEgzqsyHeVwqB18hir02LKBPH5LWFgA041FOsi6uQfcfVSfI8JuBkX0D1G1THRoQEf1PRgEO5HzyY2LNbAM7MhMjqU2QBkNYcqZemBufR8QSMDj1jGApW65VHCYS5thhaQoPN0pt8fobi15GsRx4oYt7TxyO2gc7lM8VRBprGlAJK0UaBeeuSpRaeOBmXCJpe3tB8k4okV/8KiY0FjZZ1UQ687j5s1aH7KhjnEZ2JLmq+nW46NuxcAAQKju53aQWhFV3rqeneQNCngYAi5wgh+3Pd4gAnDLFA/OXThrR2AgqLyQ492Nh25fy0KH7jXFM3IFJs1qTTr7hmeVdJNskSed/9rZbEg4NRSMXW8NYReAghRgcSjp1vJkCScKYnVgDM62Gpk6I2eDVSKdOwkYk4GtvO4e9TzHqH9ROdDnjhKvoOgNdwDxxEdczYPBtdoVgY5caC7PNTNhEuiUXtUf8YyhPET9uGAxndpV2AhLYVsUGyXxjK16sVtLq3ROvbGj60dcaLG2xZ901jhI5oMeoXo5lHbPAhBwi+3Fyj6oDko8BYx0kc0S2wRiT5A7LFHEubosKK+/Pxzv7+O0e5QojxGrLOgDXjUBDjYEwzDh3GV0ayIUQaNo6oKo33Gx0e4bAYLeBwsLY1DJHrWgRs1d3jCwg5hzzuhKqj5XEXUvKQSaVklIvkAD5mm2UzMa0vLIMhn9wBthjxvLRNkQV6od5y7VQRHKhcp0AdAAA1eANAR3w/yaDp1x5YU3Klo0X3IkskgZ6OxBm9OvusP6uStNUHVFXuCkeVW8E4+ZFHP3I3VbjTNAy5u5OoSs+6MoDIrco79dR9JaeeCxoFUleAmPCzghXhuKrJ7UBD2ThOA1ohgJnnTk0GxJfRwYFcYiQrKMGQFHA+PCY4VNgKCiFqJcON8nFC6pesj+Ldm7Krfbe8s08odAa0wJlcC32wowB3RmnTmkezzTGGpUvEDGuor0BzoIfelEactAsjVtFzBHTFcmrF/UQJAMe+x1hcesTHjtwjhbtH0FR1Wd9vvHp3oXVUh95TeG6Ak4J8O3gAjUoI3vUJacIVlI8hqwGK59YA/3cfaEuq1skjDVdNlogz8bnwWfLt0l0KtZNXU0/Dh0Wmld3vB+F4+dp0kSPkCBUARJxzH2cVTPzSvpQpB0NSwDaGrTAA6RtkSLADBSPKWbmVojbtdOtQrpAuVC823KWjCGBAQGktwuXg2krkOuDtSym/ugIA42t6aOxSvw7vohO3N4a4bEvNbZ3HoxlB4y1oEmSoz+Q4tsZi7IeeE/cagnVQwtygdVIiX57dMy3QBLoavaNpCNI2WYoSymmiTXAi2aFlDCz0ItJJMbQg9SGQJc1/oqsThYlxysqUYMIEDIoZzT3M1LVDJ6kNWkl+m4liquE6MhcRTJloq68QKrJTnpAw5v/IWzCLG8lFGJGgCTlG2qpzKJdVMl2WB3QfwJmOfc9xwzMIXFlpci3PgWsLtxx9+/Kd//Prvf/rr618Pu8fXPJPmEb7k4LwKeLceacmpQDM1P+Y/QEU2GrEUwZq/mkzJgDXiuKuAlo+2kf5cY/n69nodvvYtmFz4bnjo6+UosIdphYYYgd5xhCyUdlS6KAqCat68QfQF8/CYzl4FUsG/uHGI+te+xitKY4HmAgiwY1kmSpgakKrrsG/uHgKyP46Ier4/3h773RNTnHXvIWe3DSvk2rmHbUT6WzQYj6yg2LNL85bRmseHzXjJ8digARrsBjaDPEKFWza4jPL02aTD5K2JYNkMMInETBzzcXr2g2HwwFM8P9UObp8lUZTVJcvxxBUAGE2ekVJZTUnRM3HgZ61bnCnesgYI9J7KfZtkWj8wJtRO+K3xxM7VmHzoGSkhvT8PQs4EvT51vUvOpzgGeZ/VbYWJQLroicujVKc6RcLKC3T50E7zZcwYTXtdBpU1ofJZJnNm6yjltDRat+ZXdc7UEhU4ARWL7DndjFrtMuDCHmRdVC1eZ8tS8PsQOjajFrAQWpDtfBpHXjI8t8WeSGphq/aOxS6XqZbWfXpKvNee56o5bsTuUSsQ6pC8ZIEIV8nDf+bDzoRRs9N3x0NKvnLbuNals+ct1MqorptSnp2Gk7JqXqa6KHUZDdSRnWYZuFsAuqrYqhebLqZRnfgS0jkPKgfFtfyJCVVYsa28Vgu4zlmbFLUtK3JeYa4/7HJ8wLq0C6HgSmRlrQfXTN7tnk3AIQ8FNRV9Wkqsg2mpWmlvpsVX/Jp6Sa/VyAXRPH4y35g/f4OKz2+rnhmznu9l8+dvHQqZ1+VTgUUt35e/z9evE4C24j6BKC8JEAuz5Vs62aVB2Vp0jOlp9A/bchaLD1F08AlWUmQSP1KpJsXXj8FnCG3gCdAV4PVBpHEdJiruQgdvWiMZZRbvA/rEQZNlhipZrSFn2VQrv64A6MsFgQGIKk1bGrZRJxhHE14orGCxYjXC8OxR9QGxDERWLDP0VTPOiEwgtLxI14YLUNhUEHUiaLNHr+uDUa6dwaHGZnSYEIZnUebBl2Aoo4eneioKwFmEZis3lJsWERyhPGbNK8KyGX2AfdkaNWZYNjHICAZrDgNZBrhpxk9FTF3fENOTGm/2CNs8JjHCqRWiGBZwLIg7CULnxxJ70AV0YUTIARRwv4Kv7X5EVMtWa2lRQ8O75HHdgiQuXrrEkdBxzbC7feZREiRoJus4R0EMbZksGkNDBBSaHKKN40F/aYhJ0sfQ6q+YRDyiKytTR+fGQNMvB1k++4kDlwLxx2vcdiDFMZio2XfZEPaCvoURpQjlzI/GBhLoq7RQycY1wO6b30G9LIrtMCbCwx4ZnCy2x+rApYO2rTHVO2blNUMcCr7G0qIGw+F1CO4eNellBR1w79IzvT7qKnS0ZG+sRoDyL5LiMssROnI3luQ+DKnXt+PxFk4HGPDR35ndb0TYypNcJNrKHVA2Ebkq/FbyAX9E+/Ryu42/nz9fri/jvQH6j9fbeNjr/YBzyE+EXK4ozwJUTlNLZbdwH61vxZbJCi31bbLOAz08wR4AJ+Vu4vsFQJfY9UKsyA1BKeTBatLjtSXYrZIG4fSsJP+0VYXW+qBH+H8E74IWWrTJKuweC6lZ+AZIHsGU8DCleREBeuwL2tEGk8Ql0TfSEgsjc0YAvBhXQgofw45vqdECyOKixCwJQFf8JGE+IWwv9AAxPx8B2i3T/8o4PQI8VPA0JKYY4iacXRwRxutcwotXHol6U+SAkVlaLfO0U8uN8z4AaC99OfDrHWgy6/FmgeZFSMIbV5a0L94Bn5cvqlK49UFURo256aJMMgor1VurGtiStlWwcyn7hzp+p0dTCAOSgLztZJS1yU6oZinSWQAk1g9Yb8QEGgP0AuwYfz3g2vmQO9Xcg3R/GFNCMlgewaxCI9UyZA+dFfEA0DaXPQQAkV9NqZOmVGwuW1OmzM2yG2RvJ82/HMN+v4MVXWJdOqYaN0BgqKQOPnUPDAM5KN5SdSE/StjY4b7EsGImhQg3rp3WeDpZEI6cxV07cCfVGS5HfUAQ9J1v5MgO2QmFmBWMUz4zrHhErCMofnwhS04HWO0fRZ2YuLr7/SJXqEfbuHbpHrPs6o13fR2e0MCgOyKhHacG74NPirA2YQpsYAcRx5Z4XLWkNy0gvepNmvhE5O+DFvpEauKCRaNMG0u5FMlDy3hbkb9isDZtO9I32VvB1xBmODwYmNR5ZVhcWoWpimny9+SB9B8k7BXPA85bTQjxF7pTMkDQ+1YAABAASURBVNhUdPVsyqVGDCKMNnFSZnBeorOMdy3YvEVJB9qXqtNHmrSXv8qTtZdKuSVj0ZJmVsOjFGS1p9wN0HjKg0t04LtrRt1eth/++Mef//n3P/3L/zpev3qYQQ7fpKZIb2gomHBMQuB7itXgM5L5kS17Edo0ElKBJhJey0WVFKPH8Rzk3r2QF/mSwA//9cvx9tY+Rwakev5ZZ4iHUlWz1dafS22h9ETzlZg5+vSF48CVmdsVRSqiRJpacSnE1XEr6KROgkSaC4rCWHbQcE1fNjhgaIx4Sev4eozhEe1h7wOA9jDo8X//PNL+wsnTokN3AFLN+27cboey9ziiRVxfu3reA87xXDzsu05LSdjotx1W8Xw8Hj6hPgvuFu/SopySV5k9gsDtiEVHGowtdJm82VL+RgA8TUoYJQu51vmuIGoOwmSCb8sO5hEsWzZvtSIiQtJRXd5RmIb8op4kj1CSLScKUre+bvIemuEr09DznfN16yGsjxLylPXuZvPMyqLDPN3K7IRvpqPn/VN1+W192PkyXcSX1j7MhSvN8HQ46/a6AsvJBEWXQeSCJ5/UjxZBpzhaBlo8b95dbP748Yvj66W0LzvKAZ1uicmQKLkgkxnVExfWO/eSf5W6mNaKSrZymK+c0jyTp4nG2Y/YCwT24bbZBErWlV3UnvKbmNkC/awjn484y5x3i3YyRZYDOglPT/qWin50H0moBygKCJucWWqPrRB2XXbUbFKAfjxAkqK+mwt2yMj5dJ02719J/vmrnJZnobai90SiFvqc1IxfCJLEiLo+bavawmdsnX6u8kIa0w7Cb1IMIXkc/yedA6iLeyTwAHaTPGj11PM83/14uiIPe7F0LYEiT2xHTiv8rdc8MMs37Jk1/z2+fq0lOOCWoO2TsEHJ4c6eNVSBREnEE7hdb+UvXq7pprRpQqQOsxIIz/mUuIAhmqRVhsKWIghDCnt1YGe3zoKVBmwatfPKRt09E+wQ5Kzg0cqKhho585HSRtMpYBSvKgD9dChw0AjHucwyw34DhEl65JfMhPphwjn8F5U6NQofG1DpMHt7NLBGD6NxuVtyAq8yoyM37bcNMWiO10brqY7tGLAwMCeJWL9YvWPzco3XqKtBvd+jjLZ2jRCGu1dwsAil9WDaZgNI9e8SdojV371asVcOZm+qJg/vDOPRucCykep3IIc9ahB6IOzDgBo4BOkBcQdMctTWgJY6Fn6AMKqLFuHbN7DNgYw/IkJXUQ+EyI6jyJH2G93GL0auhICdy+1md9eh0ykBq9lX/7JdvUDicR/vDoU5kK8Opu6VH7yv3YZCB4GlOnDpmnfDpDqdpRGpHtMJS+9yHeaHbyLiCgPLjoAxGyikJI4ScO9lQC3Hw15ebrY9ovK4185o3pCvYe000L1j963emMZ88U336LODLVhErrfrYyBfe3fjSjRaxtgYfQfU68mUj8j59Pzge0DTLYzeFqRxIAjFScVNmagd622khqF2ubr14mHFuhFVxF74BCHcunk3yCDTxvKsqIO5jwMQzWTcLtFrZLyLoNO8ZpCrFwq4dmSGeqNEYxtOt4NAcoJmj91bDbLv1uvrq/cbdEJ9eOB2pIUeUevydr2ghokj9USJr2PC97f99XVc/ja+5PWzaZJJFT5lwUR4REwHoHgEmHi4W8Irg1jPgDkvuOJL/dsff/jtb3787T/843e//cP10/fD8Hm9v/71p78cf/m3x/7T1zuKVg+Hil2vn7ykyPW6RfFudw10lBnviBvawoeUlVIV2lLpnJdOA85jIxPbs5K9BtWSKEGYV31LpGeDh8Z6xJn3rKt2tnISQQaHlVLo424DFsVX6Ibq5JD4buuLTpg8n4od424pAjw5H0iKJnxGxMhDjOlAA8I89r4fAO46Yq7Dlt/dQyRytm2CsxOSxfCo7XdEWhGX3KtgiAeDH+GgklxwOWaZ8gy+c8fKRRIKdMLuidAxgE3obSm7IiZzPBAQzPWgiZuJDSEktWdatMJn5pXQHXwdh2N/oAOTMCajcWvNSrgKDO24BXJ+ncm7Te2MPaLTDow0YaPYhY3FKjq61TaavsIEk+CmG0uYoHC4sIyUHeHyiSwNZS3aTNYMCRVR2+r5Fg+wN4vElPDt+Gp5BHeDAq5XjbjYiIPtbw/bvzQ/TbftOvBQj1y7v+7H/VU8WhYMs2c5ZpWCECsbQNP26aBhmnUIuIuoW/Y1JaTvXSIRcF1xKQKib9V5rGlZAhruWJBrLhqxeVZhMrJzL5AKaBZFMxiOGMIdAHQMeBdiyhfvsmjxySHYPUndiaTUUxwpMeAs3oXMJypDQFyDAp01e43srPdN72AH8yd2kd4bmw1YKZc6HkkJHZwEt22gUkJy86AKY7mdJ7rPwJcLnXo3eGrclzb2dBDQ8LUPpryF73XMYrOoexOZGk1QsLiBkjsQgG7pRJegHm9qYJkckwisojGrMudNibsIXcwC73SdAXK2iAOH+ymtc1p4IskFeWVaWj0qrJhO1licFxWL08hmbE7yUUlCovVbkLDkAzGhA6W9yBU1E0rYYCFqB2V8+mqEhzSCBz1z6VaTXicW0fkG7CxCym1iO+mVL1SokGc80lLMSO6/FT3J4taAHs4hzgAtyUJMvPNiJiYaUHZAj0ruHNAW+U9vX9wjf3XJa9/97veffve78a785DHPsCQGp354/sShwmLjkAjIGkN0w+G6907nCph9rHK46dmSN3hXS2M59l2n+z3jvsF6zOtMOGA8FKj2QED1/rh8/dl++nloe/ry4jMY2pGGz5y1rjbeISoyS0Mgx4GOya4xPXa0BxDuml/lvvSX2wCh7f5lsJA451dX8DqUlMHbb7H7DINLlt+jMEXCbXDYUS9GApcradFi8AC1+LF2x//dVVMPCzCs4+6l1o6r16iLAOehVLsc2yLS2bXHqLjjupa4BXT1wn7O/VnaOaB5c8sEhbmWfMGjZ22r4KOZIGIs/48a18X3afapFvEwTBoMbSDmb3p8xkloifhEiT1wsSAFxL0cYZQofA/Uy6OavBRONOHlwlvO9cv7h7arUVuLw5kjxsltiqAS6MjeZiYat2s0NJ6SDuZoKkirtobzbImk8ylCwzcDlHBIe14//7ec72UaNfiJMmlxxBVXFMvVp7rFrgm4dalzpXnIqqhaeXQW7sdDV0lIWURNWfcSxY7JtHIIGHmCdgXpLnOftuN8OmmBL1nXoNRecjx+DC8Qudh5cSh6O7hP1vxfmNhKEFx+hkaYFDIIobuQzNRwmBWiExLLfFpbbiuzRttc0GzuXTPE6Jtwfbfgjzx0PvYNcoGQJgYW5wGcMPSfCIuBZ8dQkAMhMFo0BtU9e5CclmANs8bKSa2wPi1Y3a32zQrF1onSAwOiPcEbiyxKdcUNyGLUHGHwosAVwFJutiIkYi6YaG2phd2lwAdUpY7eQn/CY82CViIVAolV0ljMWIZqu4IPa39b5pJK5uTIpIr8u9xWGQHRI5iHaBEWCnpKLmjEtySFFW1YNSbn+Jcjkjp8UuAMlSMqgyHztp3xEDzOT7pNYwoa95FYPoCEXOEi1TreqYedbpVnZ6UZfaKbILc1B+2jl4ZunJV1uQy5LMv9l1P19/P6lQLQKmeefmKJ8eGaGQbuChe9kpXl9flFTfSiqIosWFXsJPqVJ8WAY6QOD96oUMQ2yqjgWuQYDSHAXnqB1WCNhjgMuQgOiJAEWD6Wz2LOWqgUPqYqwBrhxRx5aB2QLz0KREskIjdBnAsMjKFOorz9kGUOdyB3O8P9EJ/rcQZeqdlzzjPOy/GAzTWpgJYz/hYFF1u79x0FjKKGBniAAp0Z42sew3eJAWlnOwA5YvahtwH79HzCMahAVzUQWI/TPIBeoDjy1sr7qLmsYX4j9R2WvDEWbfNiJvu+55aCLW5IgPEol4GEGotXQPIE1O7tVzw00E3uKK4aJrKjjd497+IRV8HdiIjFSrbtinrCqGns6jr6OnUG53tcc1SssI6GacifZEjmlsaYIPT4yJhKA3Ds5eyGqQFlQaOHXvDi4Ge7YwreUS9woqGeMyQ4VZ+OFuoO6TqBQa56hWX0TmS+jEtxwN+BJbMRAdoARoz5BjDxEvCKQORECxbJAGGp6uFhkw14+uXTyxjL8BMMko6MTh/h487iudHp5x7VO2kjDUqS9BJv18tx3FEiWncU+QjDShGu7XGFL8MmFHm7e5u+Yapo1pbxFXO3RCykF5VuJjPZ//F4oKFlPx4ROnNBQeeIPufyO4AOFMlDilp3yMZTu30WioZLAPrDAo0ahffXt+8/f+enYWvH4/6Xf/vzn//tz8fx5ht5CPa0N8Y/U3Jb2EMhbAcA/fb29vX+uEc/HHR464z8ewyY7PPL5//+X/7pv/+3P3733Q8//Ob3l0/fDcK63D+N57/e3+5fvpoGrorgxeHruN1ebjfPzI3I92j2ngVDiCzyhLJOVlSWTGMDTcyEgcJUq2wBrQjFIUbtCONqrPu4FxL4O9P0gwFk4OWihk+1urSmyevCrya6KipUIOJ2szJOoufCMxq1UXWK9Z5hqsB2Tg+1NFdMstUnMT6owD1s5t4TaMuqAvG4OAXQQDprIMVzy8xNQwgrXZDNwP4QCA24S4KMO2uVtGNjgSOZZkGFlE5b68AQLbsIaNaXDgmXp1+cdFkbpoFVlOw7wu51Z1yUZX/0PVpfju0PoBzP7XMkqE7VqyU2yNd35sgGrg5wJB9IbNX4vorSPRsmRWfeixDGJTVATdQ0X1tCG366jhAjQBY21jPyPaKDNCp0RgkqpStXSdLeuEAQfO7y5fH6eHv7su9vL+PstBv6ju77/fXr17Fy3h52UUPRWrIh1+dRJH96JcZnfisdjGpvYKExfcYti8tcyRZqIkmeIa1gS27hS5N5Fsog70rvs4YTqWN10XEL6HMqDK1iFIW39+ET63HqgjfoiJXvspgrpeMYuvApj0o4Jm3CxjM62w8TBEGv6HsXRrs++MUKoBZJ4z2jzIjErQC0saYgGtKmWR6FU2H6+He26YbqZC8Y1mDMV2TVjC1sjIpxhodoSy/re22klbBRNikQIuG+CMPnjiItx4/EhgQpfA5u0U2XfbQ87WSYIGLWxpicQCRtDzXVEyfsvazDZ+ri6qUtmHdL2R4se0jmDJ7gezU0S4fxSrfFMDszVLjVqhM3oosgw7UkCVYXVBriXkr7PW+1lJJMqL7y/EJkgNue6INztMLMJWE6kwyE5riwAFr5PNmhoaSJLOZtrYYu9kK4E5jJhFVH4wh1Wmq364tHigwv3ZD5svVPL7/54x//8F//j//188/ORRCSMFSufs/ntTg2kX40VFbtUYbCA/lu+gk7h7rJXvAH6QjRv8RIOEfcEikJVWoyFpDtwePwjPFuWA6NthQ9/D6H9+z78nX77vs21CE/I4auy1t8PaS845yhHG7cZJz8Hn1SPJkmkRAwfPjT2nWw7qFkzrHJAAAQAElEQVQIDS0tKtMNUrsZRWWESWRxHG+mYmnwu2Z20BYKZwz5c5xUX7o9/qA8RfRfPw6o/0KH+AHgapzYq2tnHpXh4c1xqDZ0IpkGnufdZEqZJR4Tq5UV+xkHZFJ0xbrFqiXRpwGHQmaiE1AUYh3MKlDtDCAEpmw7spRiZZZDxoMnhpYPLrT3AOcrOA9cGK0r6uB99ErIUqZtOhMB1mO3wpE6T26kB0p6C/Co+TRbbGCerxLHlOY4i6cH6gKfCDGytXqlrVfm0VMxO8+MzMYKmHk3c6NKOlltaA6MjtX5fv2U4LBwwJM3TXwJ1HDiEDknzTs8D3hBw5/nWDx+ftfqMXZCiUmE+fU51NMcauypYdjyiMS7bH5D5XmK82Y6FwGa5LJiM+D5PJ34/eg1xBqQpBTPL2h6/7SeFmuExgQKclemWMSXVsoTJiyggUdjmiUOjRv+QmV2+luTXuPmbYkCnpyfjynaiiF3Du49makuWSfnJZyrtEomFqHObUA5VqVkXIqO5b2pOmiosnTA1qprYfkJa9Sw+HybVBxMP9WAToH5jnNoxVBKAenkN4R5KYa92U8vcrXkX5kGYmD0KKmBN7ioHBbZvKwEfwoPP60iNJL3K39ebVT4a+nbnp4O09JnjFSl59MLzVKSY58OU3xv0b6pOZx+PrHT4spaX9Gk3lqF2Ev7JuP+4KUnneT0w/8/t/lP9frVAtCp5/JXoV6e4nIaBx0633K10EA1q/LQTVYfJx+gNHms3Juy3MD0JJKLMlExTRHL4KPyOMLEPhAIIABYAjmBsR61gchqksfw1QOejtBFV1cOQZugqfZH5vdAECNUMpPDUKmWanrL6Jtp8LODR8mM8uEZSwVZFIjbvTC10GPszdaMpSLDBEaja0HzJ9gYzTJ1GibHEWUyNpQ1iOBDzi3UZ4WHjnwr0GbXfTv4TQggD55G6IhrsL7SGwrkxn7EWDzMRKLTfU/7TCNeIoIDo17Ejl4rKFHNpodqjLBpmdePArg06ZXVMxrdhrDlWsLrHqZKTRIwJLRDrjDq8YVYiu4m7XIVBLSSaRM+2yMFnhgPI2UYTeZt7rCkEcTnkwfIsqGVAbTLWO2GmscGno5AWvEYXj4Qtj6L6SIFGw3T+OZGJGAH83ef9eHWSU/ZbqXDw/igRz1gPxwWgCwbA8MNTWE04PItYLAuzGRu3p/Q37QIZIPYjohj06cU1AmSiDGfXbeYNYwffDgmNJbq5XrZHzvy5+N0HYjkytn5TTxCfz+2Fw8OloiOc5iCnbdAHa5BPB6HnzVFaeZ+9TBnhDFWVo4vjPdU9JN3qWGDkL5++elPf/rnf/3nf9aIk2RrtvAY9J0GHILNYyaDQDz4+ue3+08DHrs/0BmoZ12J0MHku09vn2/XL1/v/YhwWYfQxzIO1Ow6nnq346uX49i9A9umb/vjdlzHh3EkW7ayAMuA9TYVtDh0ccUhucw9y26plm8cafeTHnA7pxDkzaNSUOhJDQA0hH4QTGtLfQlLLA8mxNRYCk3OahhxELQluMBtJNtSkjM+jbxdTDP3wspuE8bYAoIlfy5Wj/5FHRnMvVSOqfCHJT3NAQQUBw+NcN40MyJ0Gs2OsrhAxtEQJYnlVl4QRSe1UzduDK5ib0mGMhHG0VTssAxV3qGX+QxrMXBMrNCgoHDUWNY/J9jpjoqwhAcQ8OY5Aw8EyB+1uFE7GCk7Ss7hzVkxrASWKHaN8UUMOqBBAPgjGW5s5lEaN41n5WRaIqwh6BopSBsrGYEVQohBynllXxk81TMUNmLN5tV74suNyTdJZFz/2DT5Onw8X37a376OHb8NH81Amrw4z3Hf3/z+B4pZI8qb7QTauZAR1HKq/ouMvl6tYIwjyqrWdL2UxKSpabtJY7FpYcVwo2G9DFzo0IRk8V8wqkNb1kE64CZspQ8EdBh00XLAAQ+0Lc8/D7WlWaUJOSCopelUrmyaXioJRitOVyTv77RMpsEDp8fc59SvEQKV5qFquagRxMS45gODzZDKQEjhZ2pWnjBUnaKPMHY32o7t20DTInPHAC/nxR21cWHdDAWKnRbiglYTNOU8zdi3VqLCbyHO5IRpZFMGSrKJ+AShndOeONsVSAAj97UkBlpM84DH+5C9k1wkKRnCL2LS2Suxy/rFsvZScFYpC5m+ISsAmvxlfVFBk7JOC6Rrxqjn0oMrw3rOt5aFSrGxmrYx0EqWsMRlnXL+KoVvIeZvrSNQ1ISn1zimFJHS06cdLhM1mf6DZVk7ejlGmPqQ9i+X620PWCFazdnn3/7uD//n//mXP//b65/+NLx2BSu41IsHtQqLk1ws57t23bbIyjqKXQhabrYtSiwZPXJpguBkkC0QusDJ0JSYWCmNFteuwo2D8Pb6ZXt7vX361K5O+dFLvGXQdC2DJQWi0FALGjoOCM3abWjO7fJy+/zd5+//+vXPkRfXwFXQcsJnvWsZ5GG6UJr6DI/MRo0gYIRCxEMscuO8yAYAaNhChgpy4UJDBsMW+RzDorh4cIs7i/ZoEckOC2ECHHmMWkSaeMZV9EDJ/hQRlBySJC7SREFtnmKZeMKk+tM5KwK1+ZFNpp8CMzyM2fuaxMliVLH+ofgyrQnxBsKaPbQCC8yQdQxGoEUWDUls+Se5YXGS5ThVt+s272qSTuhKrXl6kWXb83uJIp/MXZ2mN/+p4c4TDsXkFCA4l/V8NJdHar2pdWuRdyhR2uAqJ+B2QeL1+X58/rLIQYg6Y2YXPmN2HjfRgtU5IbWRaRik9VnLpfI8v9Ob9vHbRan18OKYxX1NPnxA3bg+XwSSFlfX98t1nu05uyVvAZZEIc5rrbZCbHLC0JuZuEIqmiSTOoeQtek8WohiUk0ccT2Jsz5j+QvqqxxMBQbWMcmNyZmv99N896MX9oCl082sdlQXuRVbY+dFwrRqJWHldMy65a0YOgtsXlXneX6/IUYXmCzP4QpQeTE7MwegScVobMo+PU2At59rslK9zsD+vHPS/BPVKWXIykLzhiLnA7pMSj6YKJiNLrPgMlJJU/3GdgmPDJWr9faljn7jVUrNPFNPl39AJalf6DkCWufnJ2ZSlreuDHz+8O1Z/ad+/SoB6KKmZCIiJ6mAqxb4AQCEZNaMTcmEO51MifxiaXz/P/b+tUuW5NYOBAHziMjzYJGX0tV9qDWjpZ6Z//+LetbSh+npkVoSq+qck5kR7oYxYG/AzDPPIa/U/aXIDharMiMj3M3tgccGsFGiVXXedrld/rWRdUHQPjqGBqMI6WNspBM1nJqV0Z2d9zpa+UBCKaV3Dyh5CxbcMHSVZM1bJkGnRdG4yyPdli6r0IwRoWu/ygETOR9Sk5SwTmQs5cIwZyfEutu2vUxhOsb50NQruDNClJ4VHfX+kbEFrmJaanQQw9VvZALGYiqhoio0h30IZ3Na/DrdS9kEKdmINuBrPTFBjHNH77vA8TUoO4wYqadap/NmXpR4BDAOdANVdKE5Yvhpb2QpSAt+utLK4FTBozn0qWQm3nvkxRBh6lGT3YguBhSpHooA70o6uLmm2HTI91K0Ojx2ymPJNKV46sjI9Xc35KggocwIeNGRsJ6QBnafRtYeOalvCCtwQwckSd5nMfKiFH0tGLsCl5ke68awR1gSzoPgf/Wl1yCzxRXGV4afNz7wcjw6KXF7LZbDZwA1QananfGWBn9rhVriATUtGM9dulz2FoTXbA7Z8UUfLRpXtUjlDl5BLKOzLkQ6XZ5mn7f74/GkV8muXM5bjc0Rs4He9pI97sIBo2ZBHfzL87dffvn5l59/jeBM7P+wE0boyB9XJqga6+ectsMv+/Jy/+Xl9cvr/dU7y8GCS5c05M6Xr9++fXt9eb1/Hvj4DS5h5Gv3/u1+//ryMr45Aj1Pl238dLt5LnZgVB44F+FJCcDZL8fei4B+Fr74dKJEQaaR4NcEoKV2HM9pbK4QMEwLjgr/On2QHwsA3Yt9Il5rJt0iG0Lg+BlwwFFze1fYQRcAWiCGGIOppMI+5Tm2cXmFWd6Vwap4lmm/aR1yiJUScMskIdk8NYQtVj+tTQJLuFI2LKOBntIG/DClUSwPJURLTkpiZCUNOJwQH8GQzoyMVgB9Wo64WPyqnFNlVgmwy4h2eFX0PSRwA78ncSualIAPqDDxnujiP7CDXEww5gtwPSnyUemR1dppjJXRpXPKUT7H/QLnI+7RyEchWbqv5lQ/FpwZFBeI1UGtaS6E5vKjscCI0Lx8+fJ4/aa2X68fbreny+UWWjvI3XmOj6hPUVCxBGAHdOBsTuZJwb8OTaUVifNCXVtVhFwLPaEaXGOkJWPVvE6lz5aEmoIR3/ehelSVedDiXNi+iI7Xa1kCSiblgVNHhQqNa6YkI866rRYziofqYLPtwLKfZd38tCdIkiun6tVInfSlmA7gdMga3R/J3WM9i1SiCCaWae8lGOCntaT2aWz0BiCMZULh/A2VsutD7i246EPcZq/c4+A6xW5tNOV8gjcg26A56jVcjpn00DgItUWVJzj9mbi21nfxeSX8K/hG7hUJMbu4iTzTs1wJUDpLGDL1YSpWHL8om/HQMPPsownwSQSVD0v7TcDmkaZy2jki03+XxXYru07KyTX2odVMP+aTGZNOyRSRK704eyrrH/6cx8XThB1K73NZjnW71qB1XqJmyUqUYgNpPW3uaDs5gbSQ1TI5zWvGR9D8xvr1mOrLx88//dO//eN//S//v19/PV6fx6wPK3GTq4CelIgJ7f6eASRmzhdKkOVmkRfcogKa/YWzY2seDcsjxbFTCReUE4UwLled5UP76+vLdfzzuF+u1zh82VtCaBVTy9NEoZmyo/6q92VhsCl9Cq43R6C//Xy1EddxO7bRAIhm484plbPcLVUARRrGmv6LoBgqswxGwHN/CNmErMAZWnHA5q+XIJhDFxO3JbzxSagmeG5RQuQm6/jvZUOBUQf1NOj/BOwjkDmNPgm0meoE3AjCsmimFY627FJOZO0uk8RyQt+FD3CEO9LzwEBOtFI9U190m1EhWIyWp7Vm4bzvVxfuOy8rI0PmhlmWUtOUktMB456Q05GyFHEiKqty5s57k+mXUkPfjcmWTEk9fdr0fJKnJKrf6sO0FOZkvJUlQpdLiHW/maJSW/hF3/zhzSDePhon7O1fYrti0fKzVgMrF/D9nEyRVbfn6qt9dxx6fmuRBKLnlT4/uS7PSg2bt7L1KWRdCX2XiJoPxINT0REtuySNLZ2jV5vrYyZtlc06V/DNxtHlYdMgR7nced+n2koLRGn5yXlFSy/rIvinuijlaMuHRWT5VeZIC95et8J7ZcYbWcbVKUOg8oU9B2QGVpmjPVObVc8rbnkY1zGZlBVp/EPexUq/aT0NhUnC0HlVrako+/WUtZyTl0++niKpVSh/aVk6WfZiibTcafMqb6aPE18TgGeS775oENLKf3fe51BXYwBfVDvJgPM3uRDn9Tynl/7oZTa1QgkeJwAAEABJREFU8vkA19ZaTm8J3Tmg7z3qX77tX9XrN5sBLWVAw8Gjx3761CLerXSZ1qfnBoXkSKcAn2d5As03YfwiT+/iidMnK9cMziTsvGiCtIFFFxjJ8KP6Fpm1aNOhBHayeRpsRGuF5IJzJzjVfFysWg3ghsOWyBWKJwuK1wYaOnhqaW0AaJrln0XTIBTLrN0TT+28K3OuHZ4LJDRKxnomXzcFlgWbAgWxMfatJUQIy26gjk7TMZxCAboKulA33Db4hGEvB1rfW7zhXiMqd7qdSnYoRyPl8KBoQy5QONoiOeuAWYOvzvsuBnOC3h8DY+kBt26CaQTfKZYsxe34mLvE0a2RnZpQlSi8nWiQRWCvoUQyZmOHlU2d4NsGmb+7DOf46DSXIu973ze7BOLhF3y6PqGaGDuZRd9GxJl9rcBfLMFhOR7wwRp5k8W+7cMVeb0Egvx0uz6OnrEB/JUKcDdn6oh97Laz5SagUm4ERx2rbUw6hpPJvEhYNTFvKAm3Uz5+OuURCvCpjv6Qw/GI1LQtkimZpOJEynGOAui5mi+Wb4qxawcwpszTsGi5tuFBGDGOvnkAjgOgU3g019s1KLk1wQnfZ4/H43KJU+EL4tQ48M/U+RKP2LMbcnBwpsPh2bcHQg8Oeo4rKDDbIDVQAo/68eNHuFLEwRtoOtpjfx3fOR7uq41Hv11u0gBAA1c0sNYhmShCD3BcnZV33+1xIJnYAyCSJaHjQfejf3t5eX4ZEPRj++A5RN41fmBqr49vzy9fvz2Pn2+Xq95u9/GJ2xWVq4jIYJkQn9CyrwhYAUTuaSbMv1ruWOwu5GMu0rVwSKvr4WcUIoAPt51poJfqb618YZlWSImj+Degk4yYaBKP5j6Dt6NTbKd1brTOFtoE+o5a36LmiL8hjy+mGvIt2H4iH1MWIXkWmFQw9ILmm7IACPleJ1SXf8Ljrv5HHkN0B8N6JAnttJtrIvAGxb/qchGpinrNN72fIbEI6sHuqWQklo440i5k9sAjbakQg7rS6ZXR9inXHWHC6L0XsB6qWa6RzBzK86jyYqTWa+b1+lMlMLsR+fSDsAEUzJywCwC7mGKUgOCho22Cf2TLshUwCTEN9ACH9yVaoSy0KZCoR3/99u3x/NX6w0Gm64eBs1xul+3a+qPWsxaEQjgdnWmU4zzUppcliNKm4xYzq8nLUL5QHjtIZQkWC3zAH5CspPQxumUlRIy/kfILVImhTY+gfmrz4gj0mhSzLH22VltE2CWmZdr0wSRzPL9muMHeuKZwDXsqRNyvrRaXEpUJ31dWuoZ0pjS1poZMY7GRsz8B4fLAI92bkP0o9vAE8XQwjPaGlTRw3fsAednDiaqexl69kicTFULb7kUw16urkbB4/SJulUS6NqQHVRFYZsp9rQMvqUjzB2HhRV/xX6wJ9jjNkbCFevJaFocpl6bnVUtuYGsZewhLku1Iyergzol+v4ZLh4BtYT+0tw4cxYzq8jMXbvrMetIHJRbTfbIItqWaOI2WljMWtbx6s9U+tzTP0SxWS2imPS6rRIUKsc44SEBfHUwUyt2zHFFuOlovarXFVU+yf15eUsRkdz4sZlLGxIe8XO8W6b5OuOw22Ajr/vSHf/if/59f/tf/75fnb/vrt0d/bLdbanKVPF9Jac5b7scjTIYNpl5UqkVGghxbEGx0LlpINrgkFMD8R8pvzYSYTHcfNpJ/10k/7vf7y7cP98/bx0/BU0cLGxBBixCF90qJx08+/LTELYGT0nRByT4+frtdx4O33ZuE7OpFAVo1zk6Xh8ICdM3eUtb2yJJRHN8e1TYdceMDpXl7BIV6QQ/aQLfkv0BkX+QyrumtCQ4YRzHMxvMIKYOKrfGE23E5gvTDRWA7nPtQNgI9rba0zNCPzo0d74P4Y9M3B6d2by8DICFzxkaDncgpUA6JlqVNUcnBnOuGyeWgZ85EiZEYSl890XQw10FgM0+vTU77P5+EjmTq1wyHCNzKVqhfcUSLTNAWRltJdP5ex0WIo50mD5OiKxnEMixJcX9+6fkK33mYqa3TNGOahr/a+mk8sIi8mZj6lUJ6ztLpXsswReytUMkDZ+/Hb/LdpZCyyVqOPO05SkMcscmAkfdftMt5znTOCesRicy+lYErJD1Rs/jpABTxZp6WOXr7LalhoEaz3qQuKzt+0RR62rRQJpY9kWgZywKfaH4pIUzjE5Ko3B2l8my5IQ072arVJdTPu/tiuHrap6Jz1007KZ9hPUXr5Gttg/d7SJe5r9mIrBf2f7Cep1rzX1Hi3HQezLoSJmy9PsUcZ6nGbjQ9KzM9xQkrBesJUxmmSsMl8CaL7GTJJV8HQ++kNnF6Z+djO1dBls0nrLZdh1HWk8j6ubqKLHtK8nmlZjyrt043/8EB5N9c4JWRskio78HW+JPZG2Flb3bD//irHm2e05TF59H8n3S/3+Drt5kBvYgYmgWaDQpWi/4kz3VWiVgqfhFG2im/NJWTmZQ7n/wSzL7CYcbGxf86mphQ4Pr3WxpXjvLBceNJC5w26o61XduBuuPgamzF6p7J0RO7CePNZZi7Y9tGkno+KHZ55kT38Jk909Oz27pdnLl3C7vIxxAZb/CWkV4U0hL4iNt5HR0Dwud3Y7U/ggA5Hiyr46NIgr3EA1kjZ0X4kcFzjXMXV5dofSJouRfTy7QLyGXkjEQxeQzRxIvCtVyPYbMyyScee0tLHF3+3NAbbzlZXCxfED5s/uA7WTgcz1UqeC6Jop1emGfBHSDE/T13Asbr+OsjCPsie8iib8y+gVIzgE73ZFuDSojmTh5rOCKEEKBN1L453R0QQGT2pv5A/6hYBQw46C+A9jas7uH9tXqAJoKi+HAMtoa06BY007HiHQlRkRW2RTeWywbqvOGXBwwaZHUcKhQ/4iEg/chUbh+VNyR/jDcCGNq4wRCHCL4RUjAzr8xfl+BQFnRxiQ0IuuMg97i0yCUcN3/68EGdb8SHuYHnxNud+4A3lvkf0ITjAw74Ssv28Ycv4iXIpv3EMCLiDW2cQGD3pfeONC0YEvtxH1/3s3l172mTHa6PsMFFNqnxGZXm/Lekrdaxpkh4HlPs3W/CndiCGlscGh4YdL9ebg67R4HA2FsfPn6MsyDjMwOMvnmjwsijIWUO7iTgeEADt+j2aZNmCylXvj9AfuK429XzEzeERig6Yu3Go7zeR4hhhEju4+HH9/b9cX+8DlD6+dv452VMh1ztpu24H97s574bUtgzU8GB8siLVuKwnYZBWS2ZUIwxFeJgjN8XikUIRiI3WkJS8U2bkV5Ipz4ZkE8ZxCLIjY1AWuyg9BY7bHldXgDI+kJLKiLrpZAIUGzuKGcuS9S0tIWtPgSvbARxcIO63SFHUeBW5nV9kdOXDBpl18M5rSFC0PVlvMpv66Kb/MJH5k5maW/EL1RRMMNPps7J2FigdG9cF8t8c3xSwO92XLypXDsqDysiBJfLwGAH1HD1aB3CpRE68551yS7ijd4kpigCV+JNAjXa9SAfLVitzcHn7UJSpnQR/ccjsvXgpmCN47yGcrHoUotwXcss3KgF8Zat7GWC3LsOvBIweSTtNqN3Ej3AnAcKXM++nSJ6qqBakmzKOK7zOuI03770+9eb/P2AmW63D7enj9enjxLyV2wp1QbNDXZkt/N6amHPNJoLJk7XpcC5fl4gJeiCrMgYV8ssYk3GUsYxJRsMEpVDoDryEVXW41YrD/GbOeM5nYbtls9GV1gRB4CZU4Cv12MdiENoMifiRFhq/zKPlMA2bBZjMiwA1wDBhO4VTR+JdqxMY4zUfXiaHirmMcbyQsUJYaS+BQ+WLcff4CGHr3dE+VNwHmwvQzZ/ehy3Dx+HoNu9M61rbm+8+OGjfTR5isNxyN568BdB+YJtLAgJ4HsAYtK9o7eqslYJIdiWHhOwpNwELc4Z1Q1kY9LBMHIvKVjKeusTfphnl5I4q276KnMUZ206byVBdJqwidQoUQOEtBNEEC18NFenrg8zCBNskp6nFXBwkjNcMVpSpwsqEd0y0UVPP2NXGR7EeAmreQ2TyUkVhJ0YoSgwbdNdlZT88v0Xplx7Vh6ESckaC6nM3xCRerEMK7Tbdh27ZWDEr6/P+2N/0jB+1P7wb/7hH//D/2wvL3/63/7XrcpDWO3RKqEtBBvEZJSdCTdPVK+hlWpGXyPs0SWLPRzjtZTZOVuhCfMIAX9J3IQawqvsRhR6f30d1xsCzXn9cVLISBQ+gwtHR6vplHDkjEynzOs8mMP60hGY+9BcCN9dYh/dyt73I7qDTMJ/cRtjJ6tYCGCWsoQgU+8legibaVGeRJpLmgQgZaMe2Qxxmui04XZWuBUjln59umEpYYgKtUlsFm/ZPBB904eM8L1dhzswnjToOxrRI80moJVfqQUeFST/PXxCFDWXgr49kMrEcwzl+UfMmzV2ovEPtwotqxCEoyGHowsMWwmQYkqtvd/Acx9/76VEzReQOg8iNz04/WOjxh7aYp9CFUcpJCzBvAsOu05IKvGqRHASN3kD2tkydZqs5f8DrxWhITb3g0evaVmgK3n7YV3+f3o7nm/F/KYVmbdc9sKPR/B2QPm1NxeQlD7rIKidf3gxXRcfnT7OD0K1k4dXz2CHzEJVlflI6zO/v6dRCEI+gTLL0ndOvsrOGiXAv436MtxKqBepZSlqp+Byyw/z7hRspxeshioUO42NtijtDV010VzkfMK5p+NNmlVmf3kt6aXwQGpFrmj5FZ6ZQZ5KkrhsQbb5dgtqWouEnijhZc54Zw0aExt4feTHI5Qqumi5dgoEsMQHP4Jm9mDNtK0LAs1NxUGxkRAo9cn5TOd84keGdOuWhLchd6Y+ns+l5w2m+p0Np28PZ0hHAmVswMaBLnneJqrnkTpSwabHtCz5+FYyQvW9RDKej3/56zzeN0LwL77sxx/9HxOXfx2v32gGtKyyLJ1wCda++C/Lgc8ihxtI0+zNIzAtEptqtr8xmbGPacVKGr66mNdmaVHAAEVWmBunCcmwgowJJShni6GwEDTL16ZTEF6wMp0ohh1nqdmi0Hqkqa7aDJ3udQ4coaHjoLn/VmeNubpeKr3Fip82Grhu8AkD2M6EpvTA4JNZojYabn8gbuUrhocJr8xY0q7IE/AESXMS5BjKhuzrLnsk1iqJJCEspdCJQMZA6+yz7RlMrfCg8eUHoIpQCRcYvXv23UZ2dtz0YJ0yVUP0q466v/EAAGqJklvpg+iU4kml/taAloHGjidiNaRjyHvgx5H6zCRrS4wvkohjRrykEc0S4RoEmiwbjB9PFhbCdgPUuVCTuPkbbtkYnPsXXTN1y2l/Yz0engneIpridzmcEFmw1cBdAd15jT7YAjKYAVb6dffIHntkWrrHJB79wWLwGBJ+RM/AyMtDZ+KA+D2yES3MbIC/e4tFAd8scl+83nPfNVXY7iXTjx7ORudB6eDr4Dp275UX6J7fKpYGpHY9umIGAveMNT0AABAASURBVN7t5k32kKnZ4BPhbF0vAUg0TiIep3PuW1Trw/0aj7w3et08nlgzrCwU7WUjSLR5b87rgDTG/3zjOdfz89VBrLFKlyNppHvwMsbmiUMRWdQgTvRMeRzkWAoQYlOLk2QgfrDozmNMAYWUCSgrjrDf3wtZR+DFM8X3/f4YUHMPKl/bN6cmH3t7vHVvj+2SxeXKxpIbKuF1kWvkajwpQZihwH1KEmnBBlZgAfi4cZBS2gT8q4XRUXDSKhDr+ZcyIFjEvTgTuFtJJ2AP/LGGZMRpLX+kwEmhYZY2riVuAaxNiBwlK0iUljSmX9RALIdmoMfp1WZI5yxpJlOnmKWfbWDgEVLEWCWNxk+oXuAiSJa4kmEbsEbvCSJoORvTPJZKIpuzjE2LkS211ey97BUMR8SzyO9hIfQ//+7T393/bgDH++vOHt+KQ3S1pNRnHU/iSi7fN/Q2xF24MA3M5MoIqzCwFJTTxh0YO8PlQ1AlSGKUCnkPmphxq6C/hx6XaLO13++v95fxesWja+S5deCm0SFXyJjBOeaOrW1EXMfu316//fLz87dfbv3uESY/054C/dCgj09oAP6KVwzMXamkYOLSc/EWe31mGmWpdSwzsGk9gYVc99h8EIKK6VpZerPYSNPWl3IhxkkXF+9IrbXcAFolAvFG1ntDoZV1owWg136T5P1Yj1keIsEZsazwUQS0cxpmKETgmlj6AHo+LjNEn1RLqqAsoLg3T1GOSot5YNn2LbqV9cKHI9wZInr3DHDNrSLH3UXih6AjuI/43FA03oBX7x8/4zxdb0+Aelx054GKsiSvdEEnA2zyHuVfoeD8WB35UmEOeuKfU5r1OrbCYwIoakbuE4DmFjCb/15eWsg2d9Y0uyiSnIM7MAkeOF0kwbLJcktI3mX5jAKQW68/f5DVOV13+YqLTGOS10qlorp42SaLpVzbPk6HzJzaxcvn1Z0duSNEEf9vE6KmPIWbOwdIJWGpImgVlkOPr+KWTeuOCgYqCfthCJ+2DdPiOK77/fnBzhtbxLjs7/753z7//Kdv374eX37N6UHgAVnPp7zrPIykoPCGwJH7HykTB0+mWDJF+fecOU3QC4/IQhLygHyvIcGyJEmI6GO8ewyD4P4ydvDlsAqIwIKG5NOwsIWdcBR9D9GaRQscZiIdlcmQjGP/3gW0ci0KkQANS9j9xhJMOC5e0hUNpanwgRkwkhWZ36iOdBKhKQuHKY4IXapq46kft7+iayIarrags3cWvAbqC3CfuHI72n54asZl14fHLftN0VBZoRvwTIgKqBwmxScQll70I7m26MmeqYsq81DSMMJjGe2aOhB7lEkdJaklxS0eJ1byiAJIkwnB4Nj05UypTEcygaE0JOrMyHdgFK0LynKQZGk7qDW3eVSVePu8hMlJQUlizuXtwm6p566TzDRWXVJ7p9SqQZr8xZeWE1/WDlRWn5J2XlEJd55umie8XGGV7wwGSru+Oq9snMj315FFIJ7exwXnLykG5zKsWKPo+YEXTpJ8+hpj6pBVPej7OQt+JQa/UwnL2yFQkc+r6nevNvPm18R2WFLnoGv8l3I7OhAssRN7v+50HMqClR+8ggmQsGEeOs1Zs3m13PK89vykvN1pxHSmgq1dYsu5ePdyJyUqKmRNssZXcqi1cFaHPivEDgIysJhp3nLYfUE9rTbetKIih1jrQbJ4NSVD+RpvNqGlLSLLgah5ggpdTInT2YcRcRI1pY+72fLISuDZlqleRmJpTdoPz/scQR4q0TyRNk0UQmlmy9HV1mS1lmplXMDWAkFk0C75/rFJg2M1kt595BzQ+fHT2J/9m1Gy/uBzOsN59mfOxV/367cKQFudX7wSgc58I+SkqbxRjKVb6zRJ6nzNg4Af0AYntRJx6Qqe0vb1Q9KYYXg6eIaOPmFgX7XxOMW9W1owKTVmuZwFpBswLo0XCG/YK2Hmpt844KztZFWk0MjUPIHRVfiI4UaSB8LRxlKpTiuxCUpg48E6ircGVliuJo5RIzJcdfQ46zmYjoFl7bBYab7APSIFA4vjV+qk0AgWSKMpKykiiWnjcYMq2S1pkgxvTvxY68ws0X6g2D0dnpbupWcHO70D0PAeIC8FkZN0G5pVZ2LKxtxGtyMPClskaIc3GnY/BhhWJD8co+jawYGyBeKzl0UbwFeLLj6gutMEHEnSGqnons9hR7maAsqOAy52JJuDjCPNJc/KQt7aMMAtEgujAHHAlPf73ZmOQ74jq5qU0AQ4xIx4UkzPEb0xq1TQ10KZt0091CJ9JnWWtrKpUhM5ptvZawEGcIC5XqQZubf+EI04H3cU18bvF/mGc0NqqdSoD/AIjRdnHR2MzIa26SRk8H85NBB9eTR4xxVF+OQjdhrhQ8lBcQQduwnpGnG0nOgjXEYBGr6xBeFY8OBTBvbePKeOuM6Oc3GJmvdv99ffP34PoMELd/fIlQsy7TErpADGoyYUETod5vViPZcxAroRegCoqQ1S6h60z4f3P3QGWI8cHKh14D90iaK8nZhSZMGS3afjqpUAtJpH+sZ6OFWIm70x8zTdd00T1cRKTDIOMoXu2FCdqfgM7FOwImsqMydsGksnSEVUVlsHo0KcpggQZOFO1bQ8T6p9sQUmhnKg47ZEmgYlBlLbQEeDNl+a4C9ENyIrc9FyQhbjZ3EDAnOWNFVVqythGUIZfuzZYpNkHP5ii1wl+GB5D5VZa54GGs2ZVC78eGAGDnsAEUdnggH0/u7z78ZnPn36OCIYwA418MFr0BZht7Y2LfgNHKJbqgAUQyDldmsJeFGAxansgHH5vkur3his1J5WPZI1rZOLKMhjSPE4LvDw5oHfvnoJxdjxHp5RKZ/GFUSPGC0iO8A3lNo7wjhQHZFveH95ff7y6/PXX363vwbMfrtcnrZ2NfsmWeA5obMUQdjbkchd9rvN/ZnbdBrxXCNB3IIrxRH37KKQ1DF5ImQ5e8XDoMsKKjJhjGUHeReUmyi6G5TJnmn0EJYAdZk5DjQN1zMC0FwHaScJ0LMjUOTBOzaMqQATEXbzwVh95AjroblXW7qstAPy7M1yBPjgUAoNea8Rb4xKFBgJmfveLfnfMY3Uz9GW4EDpmCeMG7gpnM3pers/vFoE28+88ua6bVGk0sh5gmKXnC6PLd4fDwnvMeLQ40JuHqNRoYf+vOYmcvaTOwjLigIqriUcUaGCf+PBTq8Rj1HJ7+V65R+5p2wRgpmhnJprfg4BPNHTFd66gUrtPt9YrF8pPzdHKisgJcumXna4nFe2ro6SOj3fCstm9V1sQIHS5/5bwRbLd/M8N1qT5bnSDpccbY1sTnY6gYvY50GlTYybIdKmNMoJ6huI8r3Zrxts+/14+v3f/fRv/92XL19e/+NL960yT20YcTPMiXvF8UdwNgs08XMEh2BT5kDSTUWTFWpKmShSTA7z4paCDDDXD7HoxVHPz9uHz6GOga7SfoPxiE2CTRsmd4vil1steW0f4MaOTUd9gJ8mbj3m0oSVxc2/STYnZDVQEKZgoyLvBBiH5rHRRsogSCf1CY4PRUPBMi+3Bgajlq07GO+EtXqwtSMqBcIS9JbdA4D2liFeYLdfnoZsv3kxT6mE2sxQT5lCEeYxm6HL+Yxg+2hNd1ZvACaJmOZR9my6OpVYjkyNjjydMh7mDlmhiTUjV6buXhWSmpxgkbzh6Vep69lSsb/ekyyF65chYaigLFGT3Jl8ZyI6JTlgfJieIk6lgnQ+jeb8/fD1BoOl0suhlLp6L5XmpCz31O+ASvxwiBBjAq7RRKQ0sfV6qaX03XXqcc8bJW9qKVv9Z7VFxM6F/d7Tr39DHcEpk1TXSVzQDzz2+coFIdbbucKQWXnTVViqLA87ZWbpn9xAlM6YAEOKhjD6ot9LbD6/eJF09JcPh/vGgD1t6FV/0vuokSVSwE1BO0rWxU+cpcTQcuSMs6ZpM00NwqzmGsUy9CX3FydeUNGa+YGW+2LZp9M+TDCAdrycTCSZ6oszozUoK58pd9J8DpgdnhOltTjrxFrFiWS+n86c6hxpeig8IssGn3tw7u60W9KssOWTNid2bsC3O99Og7OMf+agjQshsKVKt8qSg7RerCh5zKpKxewsMfXN45zmW959cBXP8p2PrPjHm+Fk6lNugD8r+/KC3wui/LW/frMZ0GkoLKrGTsI6tmNZFaV38gOSW3oRDfNCkqhMIgr+xUpyWD5XF6sB5Uc6UO02IEUr/iLAIprXh3j0iJnM7mpK7wKjiDzEBCWc3TLPn9Z5RQk8u+qFKOh5ffomlpMDNdmISMDrEQrTIAaR3Vg9a9E/ZENmrkYqdCQTpefpn9oy+Ok2cyRu6oEGhhwjuU4iES4SJRKdgApBdas7hxfY+xKNhDhYT7kdI0JDuQO+HowSTZrTwD0H3rfHry1m0sjyvB/b9UpUAjnX8VDoCnjZGgUt/M/Ax2vGjJl97gtD7KfxjSGLl/cFxrpHNSIyS4J+xK8aiRWOBO/7A1LKMqNti1SOCxv9RQ5IPzSZTCBfmzNTXNCb0fFFzx5xLhGLrlORGAKV5abtwxfFLcqBzKJjViQdeprsJazzMbyrZxRGmjAQhWAHH8PYLtlVMt1ogHnIVozeUJN8ADZ8QJ1gUImU5H2HWjeGSXxkY0b81kbK5HBnWKOJ0mpdGBUq0TNYRnyKAjffcp0FVdL07hH1iK/vTuuJ0lkWfCNNLxydBgJu356e7NO9qFTbmKvhkYwDGUfJeUo4DARBQCcSBrrfVAw92i7b08U5QEAW4f87DAk44Fk/BmwxwI4Hsu8BQKO7lhc/eJE60uj8WkFcKMwRvRKw52anb+p16gemlwaFKevBLM5I4NjHWLYDKdBOxOHb5PBMIAejI0ah4b3jfISBElRDCNCHJR8XZta5qE5LxyqNq/MsYwcrS9lirMxtisOPFP6JZllZIFr4E9h7D54CRA4gJ8dR6IuFZHj4CHXYGxMtxUoa1/zVs9pZSKsnIb7818zevC9Wwt0nBaGWuG/HrtgqV2s1CQovgsW0+JAUvvy/5KbEkTQCkMLEMWJYPY+Somon2GngbNOwDLVBHgCBmF4fJL3I9NICtG7pb6OAsPOU4VKeziegb760Tx8/DSHw6fOnQFpgvsYevELRcPXpPBcbFVCIHcRQrKyczPgxP+jeCge8sdETjNqSN6CmAQUTk+kg3hs2PPIyxpl9fRo7bEzL3QmCDhA1SCTjoYIgSo790AV1z5bBkIhINgWDE+Zyv+8v3769fPvl2F+27el6+XC9fGzbrSa045in09CLlAOLxUHSsm2FFGayIZKNVWY50aRfiM9VqkPZ0ywuymiGqdYdVr7zEFkbHB3IGdzliEMVtK3jLldgyXU4kF/NcQTlPaQ6DfuWLkeehM4qfHoYM8Pdu37t0pjUaSDtKI0MVBx9LBu5rEjHIZlFgwojQXXZZAiB4oQix32DqYAtUr2ILC5yVHrPlFR89EuiAAAQAElEQVSdlVkjGhd7prNBWns4+GWPx6uTUHmsTu/t8nh6eYyg7O1Jg4jG43fXg/YQ2RnTylK9hlpsbLdhJWtwklpLOIbuW0unFKWjYYdkOw68XwKIgSSA1spGEFxubdP1nKEHa9VULY5ND1Kzvso6TWtI0vQ1und9ARZg9WVKAZocyLSQ9b2TlR4zpJiw5QENuF71gvnnlJA9DTjlSSw+jp4gHsVoXrm8XYwjmnenFckc7jwVzFyVJjUsTZkseVZTpRrxFogxDV7iqCzqcA1oseM0gVv9vnv0NvqneLGRPrk14W7S3uV2/fwP//jH52+//O//+f7zz0d/WOpMzQOuJZiZ6Q/ziKcF3VBx+kEnF0VnTgMXuxcdMpo3+YvThPxnLK5vKiP2ZSBBhzYPnPxxf315/nb73evmVGAppmMEG0X2hCbcyrpeP3z48DSOg06/V1P4iLOrXTevg/F06ajEQ2sZl/SGCGbYhFvEuyO26fI1axxdUqADDRbQ2PnDafT6dkBkqHcsvUSjEFbOUBWCy8OQF+GnYxg5w8TBr04u6OeavTL84ERr7ugksoXWDXa7+3i4T08fPj6RYrHAkyQTgQxvLRMttEyQab7kGSg7QvLUT+zBKJRnWVL6gRLRwV71I2GkSpo672HMMoLm4TsbLBMuKrxLFktguQ7+HqbHUh8LEp+Qdp0OKiOseC5RJN6kNMDh0hR34PdnXF6sEOITJmSJ78vZcvoXvPT0KPbm6xQZZXElHrk69UTVzE7Y7TJlXN1O+00mLvedJGStRa51Ta/z3ehKdonOoadSn5+wJa3zhErNLSGlV/Iq8SNujLWchHBp6dXekcyS06lyZJHFkqMjMpYh6vxyDjkfIA0VgnmhrJOLmRYfBV8aiRgSc+rOkRWZ+iS/Pt+nvgIIXZa01fRY+hicoEq8Lpt7eYr62XKqmB+jS1IiHR+taco8wak1aHDkFtd5SHMqjZOVw8p5NuA/qrpk1UmdKT1dKP+eF4u0uEiOquHaVGPy5smnoyQLkK75kHhwO+0SPlT8fCRNosydVzNjb7b6MvBpopRglMKZQpNZPdUynhltrYHaEknOOdHTU8pUraslKOszUnMJjHY7XaB087LXc0FSO1NC1BlOwYe5kh8Ks3n0ROrx7fSHuc1WabAuk7z569/I6zcJQJvNjWvBITbWd3dbLvIGIW0qKGg8wpleW5LV8rjpaU9MuzqFj7BkuieHDz/be6pqzzAQOr6RXKz0soWMAXEtVm4GygfC4Z6YAQdh+XTT5Ugp6IXJ1+vV8Rrm8C5yV1gVEvBbdIdD3Vzwq2Vl6BEcymIgPfTUTGgPhwT6/bhGmmfkR0QhqlSKptcGeor04huDOMKYVa2wWUC0gXredD9ZVu2WzfD4MF1IHiQUdR1/3nTGny/tguEFftOFYoURuRi8dmeWoz7anQr4cUE1IWsrp96iTIpsvktAHuN6F0dkN2I93tIvvMpxGAYko/Ctx33HJGyAIgJQbl2Ya+mG+fU2Lhw1u0egFkFs0XSYyT3adluUhMNeRhkOQM9SUSL0mXrmih9OZxlZUY0JIEnl4BnNV71EAoi1a9uDTMWvEki2kV27DRQUPWcskspNufRPUWODfuCOAgYGBPf49XhIJOncLlenE4lsWnPqiUsnwqYAPb0U3waGu+c58WPx8ngA+vPVl4Foh4s1sAqzYf57Lnxg6KjgxJpcb176fL8/Xl5exjAuvhiXcAKd6SPq4h3tPeB7OIa0xQz4jog0ZE912QNhB3+fUEO1hIl9Bd0lidt5pbrTCI6ttz3252N3StDhW0XTwOu4iG/aqEWNAmv39j9+9MwgX43Yrff73bGthvlrXrUP1METDn3VrnL5/aefxvNKi03SPJt+XDa6XG0ftuvwgi7XWw9fbjhP8CvHs+xBp4EenjfrT8d1H2O5jLdJJyLpGHx8un789DQCNUeYC0eECfbXgbHcX1/v355fX17vh3MmysfLJRr+hOmylSLW4O3JlEZII022WTiXEpzDIUM6ze9pMqS9l+bokgCIEfKsETEDA4kQZIxXJsvShsQkxF7tNP7TxDWitBGTWzFo4wgmTUGcx6yfiIsXArjkKwOenDZWyKZe/ZwIIkQ5y8bks8jBlCBRNJNTYbUkh4Dm8qS1q6hbkSx55WRN0Jky3oQ4Dg2mHBiItMMMBwxtdKRq2JhrSFHMbBbyWvI+xPomNW9KzN06x8N66VhtrzvQW7ttN+8O2tAIEDO54QrGSTCKQV+d7umqPqvXkNIZyd2ihSieMc6R4DBK+iicn9K+TWt5AFUgSEY90PDkHuMax+DW99vj9fb10l8dGRzCujPsRXerCTlSHOnYuGMCjKXGB8Q4hNH95XmIHrWhMpyHYUjycTZH1PO4I1bj2tUPbhR8bIlT8CBUyAz9d5Vwa+4WS4bEXJyePkO5TXmwDojmWGbXsFE2A5bYBCRJUSKS3hiNdsHjYJf67B1B4B1fAqeT2Kx2yjhZRyHIePcCgvqcny0IMFjYbtOsV3RKhKyPJ2+gURlCdSwK2nelAIiHbLSP4pNjO6V1U9lOftPD91MXEhMLrrYgm+kB8UhEHA7CAC1vKZFmi12GerjJHHNxynLpG3Zbvm8J9cZtHbjbIxgd3LNeQbSBTwqpmGjlnI/XEFumc8pOAul3139zkwiIyLMfdKW6U5JO9DmGteWO6tN/TfBrlQ/lH0IAIoIn9U8NYIozvDKv38ooKtMIjTPa4nkSeSvzaSmlCGvOpsy06Wv6kLosiNTMBeaqd6mlWwaQHjG6UJtC8k5AKwbUY6sGERyCAVLYPI+GLxBo5k+vbvM+04k2iDClMSQk2+sAuYeCfn19cXKraLQwVOrldo2D0kcIe2jnp0+f//jP//b5v/3X//S//C+vv/5pfCYETsRf42FwtLJWLElyOhVTZ7pJqrPiqsK3/Z2u0Z3Q0/mxqQVxiRaeTjSR8DNxKBpsePeYaE8yjL+Xby7ZnATuErJJInV7i1nbmHMd1Azjv9ft9nT7eH16mn4EvZBYkbZdbx8+ffrp5esvL/urB7yRoalcd0C+Tit3vytyS7A9EJc2doZG6gr4ndWbkbunEP06FODMVa9xoUkjE+tj9+MeTGIPZxuLhh9ItLYA3EdswP/lyeoWRxP7x3eIG1Sx6a9+ntyus9vFmxNyN6DrAzdh4MN0EW2e77k9CaTCBBAEz5aPBL+ib1xFa9y+wDWBokVcA8c7GLGX7mS4GEXU5DozKRuJipBUWIszuBx0mR7gBPY0JqAtR22+VqHVmAIUFkZbQKA8nPUl5gfbvM884EbAcA5f+Y2+jOxf8Dp9qsSVLpYPlsNW+ZHYuqbTPvG6ujutsOnl15Xrz5S9IUnjN/vOqPPRKObe/xWXsRMjiZRGo20mb2FpjsXsfM20nJcPcWiKwDuuobb+Md5DTNAWGI2PZPWcwqyS0211vZVyrHMiXKnAuGgZACtcjRDGooYwTR3NZOrSyiI70rn10zzDbTGpigIrXdPTZxBhiF2AypwGDPOrLpfjklU9rzMsksx3GtiIzjqFaQVJYrpaz2d8whhNAk2U5HGigpIx4jRoAhQNVudIFPBT6VbeBwr4gAoEvOGilmg2z2WKB820Wg9jC+WDSjYaXQwGFDHwEeK9dp6igCbwcNVAgmepcx1lccTwd5SOq0DWc3/Q1sDz5GFcTgsfcTVXOAswfWpp6piUWupLnev79YTlaHEcFLtoZo3O/Wf1r7qL/Ghr/B95pZUvWoInLduUMO9uYd9786/+9VsFoP0/5c/H2m6W+xW2JRVKpubzn56ekBtJnfLLlh3hP7fygSRDJ5UGE+/zPiEBikCALrq/v3mhJ2QAuvdMyeXpSgHGdeBLqhV4UXoDqprB2XIbkI43oE9jq+3OQDY3NU8+vx0pYS4aGmkozaaww9nYZp5c6MUgU+7hA2zKzGWj0okvRYGrIb+0ITyXGUPg3yj2Q1CFxFtw4zp9aUsrW9I+Y/YqYF6LgkX6aOGlOXYf2S6Q/UiSjoRgmLWRFKz9crldwoMk/hGacXz4/riLoSHVRrkdV4/Moypwp5MgeKwDRinyGY4wl9GSUcFnOt52IDvIHDYHozcQADp443a/i8mH5zXvkWtGnGDArpLZxGOMPjC6xe5BhNPbnHnQWYmj/LNblZ84bYeD7Hs0DfOeexdJlZRaOtikr+HaiKIl+wDDO/ooNiQ/u5HbYPXyqKDzkkc1kNemGW8lA3gLZlzvCjgm1zujN8/O7cqwApJWsk2TOGaOPRb3H96bHsGyd706rXMMy8Mg3nLKl+J2u8mCkomQPcajHX5FPeKfcR1urCKYDcbwp+jhKYINEg/OdDNj7yeLhui+MDeJ0MuHgQLve3RK8yDNdUvimAB8eXSYX4hd2GKxukaE42l4MtaRXC1Bvxaemt6ulz/+/vefP38eQN7dHl++/un+MrBhrx64qTw9Pf3up999/Omn29PHvvtkRpKdz9cj+igif+n2cn96uX+OmAbS0DWhgfHhp+vlD7/79PHzT+1yG4MbbtnASoeDfL/vLwPKf33cvSa1Xw42nATnuKNy0tOWDH/YosdIWC/kdGxyOKN5THsGkUnDHu0xDQK1RQIBcs0yEBWmpN9v74WUlXYNUvROnES8w1KnlYYS+MrS0qy/TitKMus0DreixLZygqcsS/kzXQ+L2EOFeYhlIzfraEkSbBPGmleTqQKO8uwo7huhBNgOXvlRGd9wNzjD1e8TtjSNJbqU3Qr5pcAPQdyT2VaS6cMwRUGYAxltoJGJNe1yGi0eLh1KAr1HNOrUfEAkdfag0wVPdMQ3NrrV0ZxwMxcsbPUiwdYB6COefVPuRnBvsofsCIXZceSDGLMyA9zHBo5lAFYGmFWVzqvf5ijGpdxLUNwofJAZpXB0doSMrpcBV0RkjglOmp2jkEjqlfIIaACQQKsrkjxIbKq22z7iXvdvL23v+qHfhtS9Xi9P49kve7/3I9v/+eiOPiGuM4AXUxr1Jj35ihUUKJw9ZiHHPMBpBtnRYXNLcOtRkPKL2JpKZQqIt9ybqeZpwOdRAzbiQZY9/IENI4QhYQSjSUjle+NAhrni0A6QppP9JMZMt0+iZ4GmzxzIbjBVIRHSZ8BvdUFFlGKh0+XFB9ADUBCrU9prgKmCzoSVBAcDGYKT2xK50/mQUVx/SIL/3qDMW2wYgXj0LnSZar4lx5/9aTsQnyDfN297O6IP/bEHAYJzcB37iOkOrXp17dkMJhZkEhQbfLhWES8kjyM2pic3yMrlg+KgZsHirBlXiwel6Y9xMdVqs2GTIKmUepa+LXxXzexp3iT+r+mOl1BLj7FPaRYcOJIfg11TPZLxPxe5Ns/qIielNqmkAjgboCVJQYTW6jY1UenM8+eYmSMzwtALxZT5yEoed4qI3jN5O/O85uxHnWD+howzLESmLxkzAuHZJ5CFpyLNm+vh+6szzbvd+XiVwYw/cAAAEABJREFUPah+jEmVIUNdn338+Omf/sP/69dffnl9/XI8BuB7PTpLDsOQ7ZeNekeCOryT0AnhRZiagOfiJEeTiQYtw3V3M7tDD6BSpuMAelUloJsYNwT/to1z4MwTj8fz1+df/zTk5PXDBoMHZriTLx1yQUAl0FqLhtXXy5B/FybH+Sz1vgBEQ9R++PjxcvtgX79wwbmnudJBzh6fx8lp3oDCWGG4R/ryQQB6/G1E7VHYAvEFxDk6PUMvW0zZQJbdQBwL4ZH6aHCx7yyuAJdRFIFGmgXkTpQLek+Bi/M4o0Fr9HjfiJG7UOpeIwXJ2Vl7JPBgrNI8sL/lOxBAfLZnmb1UsMBySxO+jh+R9JP5zvR58NSxD3yLYwSEKXNXpEyol9J7nT0p69zWfzXDRnX0qC1o5xR4jb91ZP5Hl0glFRTO8YTCWgldW2C4kDpd2OaZTehlweP0DcApE4fKSf0+Cijfme+aAN48OTDP78t3FsvWlTl9qt7DSOvieqKTphBFDbOknJrflO/9LDJRS/vR88yp/DMvpVUps8ZG50LYtJLnSOupLQcFiZcYNO9OoS1zpWJLmr0ZUX7m7cAkURMa6Sr5j05DJIu7wzZruaGrzyjnlVOlb25A98u3O0BdJBPiqoYDO4FYpRmbTyz0lGxdEpk+cv2s8ysy9wvaZDDqi7IuSmSr7RyDy33TULUsBDHKE8fzTo2Ha+DQaNW5yeIn4U9p00EXJGaM7WmJOOWs8dzmCdT0fg7+mffUAkIT+DUkoMhctBhjm36JIlFciHdNH+lEkBMJI36pbEpguQMkdxhM/ALM1t0lklW3MVBiVfjFJs2OWYX/aFwtrxJrOh/V7zukeUP+pc09YHPf4QYtPY5FlMzTlOJmcQynzbKsXh42eSezeDhpGedKa+2lfIsfjYnW83P9jbx+mwC00Lhc3xKlxuAS8zhLhiPjJ0mb+vTNuU2W1a+dlKpFSpWkATC1Lm9FlzsVcVtiOPHpafoLkJEZYExBoaWE6qiediT1EyJtNvdruQBKP492EVgL4Y8knQKFBg81xR7bRrG6D+9lQVbgVnRhGp0yOt8mku03OAtWPktwhuLUB5S7oZLWTRnmhEMko9R9VqnXnImwaBH+bbfZGjKNrlB0XnndkkofIhY92zrIewG7OPQJD1ap2hPvV0H+nafxslwON0njZN4PbuFu1EBVo6Fg1/TEanY4ZIBCkAxCsQ8E1bNgPQLRnGtDLh19tZzxY+CbF85PFJX37MbbI6dBGxEr2ACwIQKQdUM8at6ZHC3JySeRJbPFZ8yZqTE/TL/DfKtlFkt+BXt/7rfAQpCTW6ifOzRXEsQCQ7cDzR7d+QHhsjsIt5akMOwDLyje9C5PlrQawEEOK5c7Eq6jaVqvzQV7yfIElfV1BMRGZExIKY67jJjNbqQ32dwRiumN0wcq8C3abHL7aa6vU4vACInMyqmIh1t6XJwyfaNexHQFx/J48AGW//rl6yMSdsyT37fr9fbx8+ef/vDHz7/7yftUonQ0jKxHUJSO1Rl+7+Xl/uE+8OQdLislXAitMevXS/v04enjx89jOr1j5P1+tIsnP/s/95f7+OcxxnC5RL/6WNUI0ESLJJvpwGHfMX9CcYPOHHzQ49DPCqMv6EQQyXcPTyT7/vjXIwfW6tKpWhNXMWZb97qVsB4c3jPgkkwm0SncLFE/YCIVEyj5Nj9Tco/WVQEuVTAH65AERlr5tyeLfjp4kB4pex2/wkVbV62cPIJ6xGKmQQ7JMKWxy4AUaNMpmmYTwpzLw4QEnENr7EhF+4miR1UWCIhFEh0NShU9AFXzyiIyhzR38AEqiWk3Ks2oDqEQq9NSiwYY4hCwdmNyLuKp+fVUQp0rEVcKwCWdIEqMlAxW1fJZ+pfTYsV30EnLmtVBISqHrIyGnwFJCNH59KMsrWo9Y4NwLDT5dnsQ/b7cbX9sTmfkJ8tLLlqQxQdtek41PIpl7hJ5jMtEw4CkSQf7Er0Ehssgr7oWyVPFxYwinF4doDd/48hNyUzr2GxE8eKsUSnCXkkxSE2A2FIK7fgTua/9g8BTkXDtE8gscVr2R8bIfR3Znnfa1dhRWJd4FK1tHrh7gh08iaF8I1ozED0zEn3EzLneQYGOcJRCdYmtXeJUURwGwqh5ZLC1etS/BAmseCUTSqxwBFzLH3t75IpRGgLO8oDf/XUDZcDWHOkan9VLA8dN2zLAcza5ytOO5e/o6XfyJELXxJt1lhkxwENaLdY8i0Sip+E00+8kjzvFQ003O2uUfVfDsPIAE4vIfcJ0zxQ09RfWnwX8jII8fl1wBLVlOCh3ZCe1Bt+Z9yyEuWRu9s9VadNe4wPOebNMmOAHamjrSKSVrC4JiB+nV0srOcG4fI+/zb1saawtaRmwftxcGdvj5eX1eehWzxmJrHxFZ1Xi3opZGHDnT3/84x/+4R+//rf//fXbV6R7+N89xt6CCAjRupYeAp9bF/81zE0KN6W6ow7wqguPv6PyEv3Kq+InAkBkR8+ZjXoZZwu5vz5/+eXp86fL7aldL0Y1Da1MM1vpFEdu8AXtq1t1Qjxtek8duMVntqieTFc/ZGkIyx7ZNLGPIvh3CLvcMse8xEKwMssjsHBYyoEgc2E7iYq8t8V4jMfrAJ736G6B+jDlYkbV6CaXIETBBvTMC+d2Dwy6XXyykda7bVEtuiWo1bPfgLHTCE8qikMpf9aXUUKbTQ1s5ezhWhgFJHFxUsxTr+loSRGbTA+VUmDuYfxhOQv5mTJu7CyW6nt4P7EaniEFBnK6Ut1EJf+ap8zqsBMz06mh5p4o39qqrm79o4lNtSuSwNj0kdcjW+f9/SO9/zCV1flP9oMv5odqmuXtK9dal3+/f528+zmA/P/82Gmstt6FcuftV6bIl0UvLAqBBvNpBPbd2RKVBVFWezd+qqF3N3/7erNEacPktpyoYMb+ldc2foAfzMemKcZTR3u/UEHeUete/iJzb+4zzXILlImkiVdmk35/MjhKmSa3nU6OgeCp9CC/WMcjzdGIJzb73iypnEwESro0WFHSvX7HdDk7+QWtyTWdc4FTUyd3nrRkiMknT5GCiW5lYlAGaToT9YA02LlLADzleJbHssW2f/PK2wkTkYQ5x7rOTfos/ka3U6rESRqlLsnpyQ/EoNqbb5BRZ1qlNVSpuGgaWn3d8KtxIroO8M2ITs+ZH5uvH8gIjr+uQoqgXMMfipZ1Huajmv7FL/zVvX6TAPSbdbLlTMXv/mNLDVlbV+2txmy1i0VqL5d4S3Vdt/n+KMKoa1Lt2dLm5cCqJydt5GjBkciDlRsJ4ZxV7qReSFmT3ruTAiNrzHE0pxju05PJtMT09lXJwABMEPlrVYKaRaDpPNKVj7/j6wFmDEhxZ+5Tjg8ZKpF51MtsS29KkQ8rqXM1QPcjkBLVsM4d8WtHBOsugQ07IBLMq5o0B0ggOEhTyOKLBlRRCFu7L43G3E5+kTSBAb8CY0He36QbRlpZZFvtwQHt2cQOPiLjkLxmPYxkLJeCSiQW6TCStykayDg80DAxPZorCveSc1az5Rs2UDjeSHOOG4IEWZHzNYxpZwn3hC63vcsOBmDqtdWeC4NEDgMMPfzrLQimJWVf8Ks2QzijsvKJeERZ4uG4tsCXAdOmEWocI49Mb6SXpOZNpQGHzV0VJ+PGro2xSXBcRi33I/AgdCfbGoCMjVn/karMNfXpYulwufmB5PhWvwwo+9Kc5a+OQ6x+y1bEOzkJulzwgNHcLLANtLI0bzPIQgTHDDM1cYzy/vw8JngLj+p6uUQXSsc8BnYbfNO+CztDBjxuj4FPZYAi0l091kucNtpaXS/XyCfFzNvL84vXisapfXm5B9w59sCIf1xvt6cPH3/36fNPnz//AQQa6Yx0T4DuvvSX4fR+ePmwx687Sk2DN2KA6ebJtmOYH26Xpw9Pcep3fX1V3V9enl+fn19fX1/u+8vDkx+vvo3sqHMeTY6wY1M9Kzw+ZnVB7kWE5OD2j1MdzmGHkym+ihB3TFuFNIQwiOfRhV1OIYuUJDk0RDOxxJedGbStRwWeNikJhgunQ8hXz2anJeLozy9GHjGJzmw2SDyp9Oe4o48zAiSw2Pg1olypNwpxYTws5gbBG0vYNkj5cRdMLCFGIH382acunrJOU2HHhrcp/OvOZZnGw/jOFCHVgKbFayQ/KTnfJ8VRTO3Ycqgemc+R2bNCw5Hzb1U6R2OxC/Bs/yR4oud0B3MzrkYTFVOYH0ing+ahFWCqzp5TAPTiyyaDhFHzShBBqGW5DsOmcUHfxCPEOCCF28OZgu5yxFnb4EgbmUJsuh9pQ5fVSXzHk7iGVH19Pe4v4wBvDj5vEKcmBbFlykrGYiAII5zJhcbYe8argpi3aDGsHE6bDoeflGVPBslVxj8zu98nLAJbQjoMbCEmwx6LHzv3Ppx8ZhX7M5LyQgtJR+AzFKV/YY/YSJ/MwkeR47RCUYKWRybVJOdEwsRuzNwLrX7Uk074IWnHk4EaCNcmKRy473U5b0L1Y1K7CSi8wSKJLWic7ijcwY7aJ7gkiJ+5QokyEklCHPOEzEdgWw8P3RkqhRDJO5ocEGUs1hQUQCVnziJkSkhh+cXmYiQG0Mt/VckSYWJE0yOizzmvarJIP6lvQIqXQxzLEVTBhWdNo9bmyk2nxph2O29UrpuVfEDUoi9uGRaj19NzXZB/nk+BAVmvJ5UyZUMMoluzzo8Xq4bMXZymhiT7BqMsxhROszXCl00Jw7nOamvTKTP56sFAL5lgCvdAV19PUeXCrR3GyghNjGgu6pPyU05E0S7XFv30tHNji9Nkbf/6H/7x1//yn759+XX/9u2CJwvDGDkOYTClBQEijVjKqOxKpzzagVBizYpsRPJ7VCiAaD1syYgy+kOjXhoPDVu0R/OUYY0cngT9+vzt6dPn69NTd449BIuQFnwNke2G5LaBeug6XWVR9Clct7tbeFHiMKySYbuWhgrzleUUqG4Asr0xK3mj2SzZm8vNnr07W8luqG5M0mY3n3QLq7ujiegeDM/gP0FFUbD9XFjS5ZV4N9Dj+7WbtwyJDOgtGnCHOYF0jBDtMU25wxUy/VCSAkw9Ok/N3EbTYIkFSrIr5LBTQ8DeZmPwWBGwmFl5kaJlqoctP/ERs+VmBSotx5Agdp3VZWWEgj8PsmAg8QjhIVY7d60TjYMkyKGH7XcqTlgev77IedBS7n/uZcv/eRktjCn/ovXhv3S5ZVj67ut4n3fF6PSckkarKy0ukRPIdc5eWxa9JJx+/4Ftin1ZhpNqob6j52/ZTI+Q0/ik5NL6DSsAi+R074dStCcVDtZ1+mv49UB5T6miZmFUvuYP/8lPywpkLGA5Q0sRThYW1Hi9rK6czti7UlENs3kS6vLSak7xn9Nzhh6p6c6HXHasSh3a01lazJXUSsscn+aZD6QZwZz67g2EPG9OyZPgtOokD4c8gf6qNEIj6XzKHEZWFUIAABAASURBVEmlVWYATFOpfZkftMWm1Voz2iHLusVbUUQh63LmJM8jV7tiWRnTJWpk7c3G5VcW44TnZ51EJoAv52o5dZLC6+yv5eU4MfoOe9WVCQxzy7EnSKLLauKxswQvP5d/TlguxeEM9J+WeT7x916nEdYknOWYlUX2A/GxCkf+x96+9Tf1+m0C0JpLn4IravCQp0MBZyXEF4E85Se+lyJHZkhUNY9DS/adJbONH9X8n2Wc42S5RTlujzJeeFFZztNSDOniAiAfqkXVXdNJ+szuGGzjnsZS2Ke+ao9oxCHnk4or1vuYqGJYi0RgpnMqyJnCwOXFyeC29bijI77hDfd8fM1igSDmu5YmcWqODcgzuTFAaIjsm9352gyPjA4YHGc0aQuMWJCtCzAZkiPSnLqx75mGA3505qCVVa9b5uVy/HHTSHRmHz1vJfe4w/kPG9YdVMdwvc9Q4ONHl6TkxtT1k2UI7x1OgFoiTx12pH8VDICRVLsfgBS8heBl05mXM/ySDJZ1mM0BBwS1MXQJeqrcrtcIM9gBWsyCUpremqe07OFEf3A+bkEKyu129dyTfrwOEFNJVtkP9qrDvbwl4AYT38F3+C9unjNvHPrWoQXpO/TbHn0dA5xpvtZC0tL7cNkH3HwJNuZ2IW5rtNAHSCRRUzMg2ECt3YPxZQoP8whU7u4ZRtiKKGeODe2p8sbTSzXtetGvMSCn3p9fX4ZjgqupI/6euBYAh4LDMzAdFn6NW7DKxp0t+/b8HP6Xt5/aQYIh/XK9HMPpPB5bJMt4FiAPBUGiIAaNi9BKIwDqZIaA1YMw2llkxwg3fXjTIgeBwksKcosRYLgO1Hi8Pn34+Hm4hePLXiAee8zjOcfeBm79uIs7upcxtB6k0OESHZAg8EDHIJ9uVzTVHDvAN2Fvr89eLzxQ6Psu98dwWW2/DOh8fxlb4bF/GPhan12tIMpI1qg9tjuaL3kD+XFC9yMCJz6/W8rUIwJPPs9OKQP8VW2RwdJlZcboCQvgnyiAgIxwJvyIhImk9kc+tLRFUkGOLbwGq8mShoxwLVqb+F1CeOz9FYwVLIMljGPTAIoZJVQEDl5kUAZAwEhSR0p7sFJ4XfC2UaKyYMykxkzYMsg900I9ePhw3+zOR/RKUHBXRitWyLg+DIgFDxJfW0gYuMoS5RH4H5JVp32OWzbLyV10HbkvQ7Qi6z4z5DG8o/c0eQFKHbQLUbYAMv+ZTo2sgw4Sig6MgM62Mi0ijdzOEFFAtDC5aWCncxFALgxowOsdeOvBNYOoGbjD7fp0b88B4mjWE0cVegPXFCWsb7QR2NMIFGSWB1EWDzUNFPLb4+Xrh/5oAWt79wDntlIiOmjMAxmUXSJVFiPcysSImCYKVdKZLyQQX2tkawGmDD4cyY+h32bgq4mI4JjgLmzGoHzfFmsGEQCcgMbcoQQJeaCa6sm0xTcCAbM6LG3id+YpxQg+8cDRDZo+Ph0UrUYLbJybr17nc/rxEdw6DIhHTp/RGGDQklSQOLYChNYWfOjoLSNYRSyK1TGr8LyHO6NYqidPfvihzSf9JvswRLw5w30fYs/zQz0atXu6q2wW2aLgCMpta7K4TCplF2YlGP7F3CasPdPj8eXFtS6f0JbF44YxmTcqMy8kM+WM1Q4I8WIRDc272Fq8y4/bsk2EOG1dX8vt5EqR/ijsqbwSwRRhxhqAhixDyi/mvw1kKloLFKEnxyNSncMlS8902S1tenCY9LlztEhs6Vanx0iR0jGDeebL1+ccBpmEF28k2ILDjNLieCzN27mW8wjO8QDbAzoGA6f1/Nqh3xHIaBE0Qn34gFj/8A//+G++fvn27dt//o//7wvKml1wOG2NH/SHE6WCmgxnzy2K6AKiNMKRh9DmDovlOKarYWyLGCe3zwVPYySCwmiaOoyBbRxED6vf92/P/fc7TRehydpqdiJgd9luT08fR2wcaRliVSMvKJKEIYSGIsRYde7DVAxBPeeBQ9cXQe0VnW23dkRM7RJJKj3Dj961NlagR3PRiIx7347LQMZb5YpsSIwY5tgwS0b4XaIpyLDRuI3durpwh1uY+Khx9ASLi5O/q/kCelBx24qBXQFPLDs7pXhfKNeWvVl7RoDQWKMKoVtnhwcJNPM9JNqzaEElGT5vmNC0BKwKbGIrqSzeaa26iEwcp9sZK5U3HxSaIJbxnV5dilGFkM6efzSLlPAdJOjk5ZRqIw8plzvOaZ0glT+DktAsqo+ke80DTYvAyl3+bkb3n7l4yqO3A7C3Nz59RWwOZs6Yfjef3E6XUtLDn++nMyn5B7Mx/0zZnWbOv/Bpocaln+bb3n7m3Y0VCXTTnLT5vcSxJdfW6gnqwhBVb3D3ijxQN8wNk9s4tQ08mlps+c7wEC+UAl2lFB8voUYjE9fMfiG0QvTNLFBX6vRJ5uQswipvY/Pr5BbjRcDBEvRDca2gAVMo6bhtt++HALiLhQeH33b7HOHEPGonP4blf/SSci/NUI3+2Y0SF6K3AhLIoNPJFGszmszT08m5F5k51/3tjAlHT1jrFBCY9mwZFlGYpILcj7IKuENynVgImFdyx6TlzaTA43cj4ccJncyHtvnHddj5ppWUSaldKch5jk9ruGDqPxRo78ek/8IPzzXUs2yvd3X5z7vT/bf0+k0C0O9kUbyXJ4TCBmf6TRVKYtW8AOqxtOTmSXqmi9Ft0Sla5xvKMDdSfJbOLnBdNFQ6EOaKAvblXrTYe0rIplJ4invpTVe4hP8OYMNpmtmHfCLLlohM5ZrVYQMiI0VAHGY/boUKNXzl4tKhIZlUaAwqmqSB5dfKuYjsmB4ly2EkD6f+wlyukFWBW7FOx4BwBdv1cFYbauK8RGUYzFH07B2fItWzIB23OMcXLoHAxKNu2tPoFSaouuvrRnZgfQYnldZ7qKQsc4bAprYboHB3VOLqiEPL9EFCCO1ISD7tEE8QlgxRtMrp6N5UL9gTNQWM5ga8NJYHjq89gk4hajgdIo6sUk+F7gHOauLOcGIHBuoieos0DyDpgs0cO2KA5svOfNz3SGcLVP5wXw8/YX9u0ZDRvBj5EXnWVil7I2QxPCNvucXVPJBG2ALKD51GR1cv0WyvRYv1yKoV6vDhGAyg2SGI+/3FkejIhhnreAnQB/bWuMINDdZtN6Yo03Hxuuxs0WOoUo+GgJfITX7sA+MeSLagI2YcMh++NyoMn2qAy04nMjySywV9ghzndaD6CXGCVIUdPQnv99dIYVYBxhzgPFDPcQU082zxuIw9QFcyO9EXIIi5fbgDfP/08bNuPHPXgIPHeK6bfvr4cQvulAAV3PPxitDN+w9exjxs1wFW3/dxX8OuiBECIvcDuQ2/y8HOw7ScgJkMCkn2GFGe14f5TrLLODXWXu6vnrM15mu/9/Azx3XHxyJK4X3jG4DyMiBUWNDukKFt+Yx7LHFZA06Q2pNWWwE+RuyAuCjsnA4ie1iMYa2FCOzV9gHuAkBL5gu2tEJ9OMhQDJvLH/1NMg4aiqSBV1aOZVmiLjnRB0NTQYSQZDKAafFdo/ggJ4bJ0n9w5uJjh1uCSO4uN/id0a8VN23eDmt6mMj+loS6kx02Ge6pZQ4YwIvhpZukH0CbLc5jIe/iJPIwJ1tJaVyMrBtIjU78mYLzlNlVZi1twtxPQfhDIswOn1XCKmXVkAAIocAF3bWWek3VGP8+ZLIITlMuSDCl+u8FMXsgHWDYQSUGJ4Nprl5RgQ+JWSFXtFBDIbqE2J6e2u2pvb6MOJIo47nkeALPMR7TK2oOF2zkswzgImjXXQ254Hp+/vbrp/25Pd0c2356un64tev2eA0UNteqbG5LNL97PZDQwD44VRDguH/mdKeyyjpIQcI048JSWjsxfYdSenRBm46jSoJ6YongT5NAmzC1D6cLCpdfjY1xCKZaWbuCMiA0FTgyC14qa5vKEiuK0KfAUqnIwgxSAFLhxM88cTxzOkia8+NfGbKQezCFkAUCvnoFyk1y4Co9uVmRkJzjpMdXIczc3RJ0JxIX8Lu7W4Z6o/AixTXR/Tguul8g/51OaQQEL3vrOqVOFNNsMNiWl+bKceGYWCBVwTGdE53prHDQ9A3ckQKkJ8+1TBOTvy2QgaQKSHWZFLM4Xx1467w2l5XzWVdQlQU/KFOKTJ3K/SYnP22CGJaHIVOJuA2MLnUrLJsbMCeAOyMPhS2BsZTsSHruZ4ueBrdRSLFnK6hrG3UTH4GbtwSvoKyGTy5LYYTVRHCaYtt40D2MHF+O7i02cLDCBPGPHj03ORnfhpQYMYy//6d/e9xf95cv3/7TfxryWqNqQ4JMHMUQEY5u6Asa16drLZWYCQuDpZgdNmtwL7WOhhw7EmbdpBYE21PxuVnsvfVGxAbZBnrZPZj1cI775/7Tfr19kOgHYGCqgFEf5QsbGSqi+bNHozk9UlJAMokQGcV6yoyDKTHMmx4YrwPfOyIGkBaeW3HIUdgpnSFm8xItDVU3/vdkTty8CQL30SC6bR+6E8pRizVvfLJRXw5Jco1UbowWrT4DcqZYRM+WxhpBsdmMJ848XChIN4MFtOx5O51T7BBd9iP3GesyPYwLPwEOjC0fo7Q6FOlHxQrNLjcMPunC9LTaP3m26p8cg+pyNPqyWtPpw3Xx6C0sPU36agru0J0Mb0S4GzSzK7yist7WUrzl3fUtEFNA4rQS3szblAMlzYgRpunw9pqy3v90iWlt8G7642+vg/nveJ03wvlaqvbD22htAyMuKQnK5VCt8i6xXq1q49ZxpjPB+V7+rlzKP/NMc7dKOVkyDbR8xKxfkfPH/9xLaRJo/iw8XZrQJZqcVqJKPoxAS0Po6sRCaisZ2S9T3Zyn4zwwTl86FO8ef4Ua8xzpu5XTBc+ZRDRpt4D9ySwloZ3SZTULHtPQL8AJ5KiBjAu7znB1dd2vy1yXeoKhHXG7dfR1uMqQKJWH7LiEimn752zjSXTZbSaL8XkSOLTo9P1ULv99uzdg4gatvay4WXolecFFspT2lzIAMpAsNPQSnRPKyQUqrvCxynmHrKZv2idpMX7/nNhbj/Mvvv47MejlKfU7b/9fr3j9NgFo2PYiqcbyNOdh0ZIZJf8mDJLvzBqJ8z7WsrJ5iupntalQNDOsLY0NtqdJdTN1ah3MsJiknJnZ5kC0YIjULFYtLPhhM4aw56sO0BttWX5dqYr8fCtdUH+yaL8S+XF4+AM2czhITMAEoit8UjR2PmCsKow9Q2ogwMRmNaKOHFm3gJyb0c1VB1jZoTucZ2V7K2DfARooe2QEnVxg3JrRgbgyeAZCnXTCOFCGRDqp6FTY1wh5HUegqAN2RGYKbODInLqUAz6ePZrsRfsUFBGHZCaCCjVlSOmOkkPkFZYKsULcFJTTPnanWlS0cctMzbnBoLxpm4M2F6LRm4XTuY2kcoOZCC5s9TpK8D4LQRA4qM7BD2YIsG7qFNYxq9sCKSILp0HkzyR793U8KbjHbnuvAAAQAElEQVRNdC+Uvf/vMuZKDIEPz1drF+90uaPA3O+EjBKUY6HJ4YD9j44+U7AyHB/SXk2eBL7UVKmRw0YaF6+e3j2ZxTNcBqK+c8dGlvjFO1M5UaBD/9etMsPm+fKeh0cQZ3visLuXF6RLuuXg+bkD146HHgi0/xp+JmvVc/+Om3qbxii/908h8hCH2Lmi3ee93a43ZK/f98fr89cxN9fr5fbhw9OnT7ePH9v1OpZnj1DHHm0Hk7Y0Age7g9KP/e7/6qRjCYgx3GmNoodgxnYqU+9kdqB49vX1xRmgvWA1NicUN7MIogNg8OdUbEgsi0IoMnhMSeMQzltkKiF1kGmmRLBAUBNBjhBFxh3TkSyMBCFkv4mW82QNBhxwLm5hssHS8+rRsycktL6RacwYxbaxM9CQELAxOdSQzivl3BdGEx8mws0kB1adYb+njex3iXgYpksiURgcAk4RTDWy5bTl3Xn0hdE5eNF8J1XS5OYzyOcoCkg6SrpPwBlBHdCaTPHlYv+I9pI+yUWaa9PWohMwC3KgueCJIp24JgOd8WLUEI1lWdrkOm+ao1oEm9FIlkSjENwt6xE2eywiMhhOvmU0eBXGBRq5lJHFnZlpwSyPIUyDNo1ID1KNc/h03V6u24i47JnGwrhCy9xf9o1FDClS3dntF/hIBI1ev37509+N+Nn1py3AmHa7taAWJdX+VJmSUYxY/SwpJ+wrucEwkZhrBIOBeSuz+Wrxy/3k/kQOr5+gHm3OxOoIRHhQ+7ws5XlMEfhKkNffc4Z0Jv0YL+s9U72ZbCSr88zmlHLVRJanpQTFEaePmzANFUksGRV9dV5MbRu0A5gQTGKf/rhN7edvOAWPUEzAug8vsAcIj6Bl/j1JeFK9CoLtht5lUrlGsQZHdtLVjBX6Vb283zmPtjv5JpiJOSKYFzxlNFUzK4dTpveVkzNfNv9WnhuX9+SxLa/6E/7Q+4of1T0SOYYR2wC0ZUAkvcCayHLi3r5smrk1osKj8yOmM51vfTSaWSWc7LRMNMT8/Z4Tpm9Tt1I2UR6lFT2vz58oJ23diJayRc7cxBFiaLKi+WlHpcjjZdpyaeCFkgsi0yLO8GRoyxGa91bJkpfXsEqGeROFW6TGNwjZ+NbRbx8//f0//fP926//n9f9259+Htp7RKujnQZkiO/lhha6kVN9zF1D5wOTR9wf1TIIczZ2Dlkc95YnizOKXRHaGexzZIV7vL4+f/n16dPn3/3xihbMWyRyRyIEOJGlRWUZTm8um/EEsrVXKsWoaxQywL11KFpJxgYTEk1rQ092pLNsgvAOdmxGCyJrO8jg0H8VTD5uw6BPx6aeeJ4MTS0WIiNSmE0yXWwFQBcKExeOfq+Y3ZbqLg1hUgNJ9hptumx9eXcarKyZNFnyD0wgApY+savEkGhDoXrSEFKLc20tT4OtJ2yBSvgktNstt/OUTHNAuZGYIsTNJcnC3aXOh2WUB+sV5i6WGqObfqnkJjvJvEId3/4h/1z/1bqE1bmTeoR5/fhV7Yd4rkyBM5ePl80ltSmQ8li8H1p93Zb3viP73tx6fbgl8XkafaXST/ey+UF7/31ZIFeRRTyebldSV05i+Dw+xCmXSbLTX/MnO827lBWXl8hRLE8g7+5V+yGN2/lkUyaoFERnp6T0/D6ta637llDGcTeaVW+GlNv6pO3Cl1ifqka0jlznf3TuF10O0/t4Au6jWMHzqZSCnNcR0pmrvW5BcAeLc6pMob+Q+Vfz6XgEuJ5UBFbTNue0thBiYBaOCU8S1YiI/Ghfr4u8os+JfojY2/2gFQOpN1VPFkvNoRVXl01nfpVyy/aRE3S1WJc0wDDPWjuJx/v0XFwlSqV1t8wK07nxzd5sjB+90jTOXwUWhb4Fsu07eHRNUv7rzUIsEvTd6180uL+612+5CaFIGm90Pmisi6QHUruGerckDowpQZk2PsojzKPQE+CmxKmL1BBkwjqM6EUSwCL1NctG8kDWqdccS/aTk0wxBrDTAnuFwct+0RndolnRT1h0QgD+cyvW47M/IDR12WReUu4A6Q6bjHklrTHVQrNMak2sBli8rwcVwf1wFz2RVtMvwBiCWRI1sQN+kzRVCSojASQ8T0cV4+9bS4sh/o38C0umNjzJsjYmhae7S2mS3ni0kNlyeO6CIvXjerkeznIRTx2GORIYJckDBda/5/8SNZPMrg6CviCgZj8TtangNRKRCVUjU9Fdf4bxKJ6BJqOz4rCduWstzQIrRstZht8ujbQqkfwLfoAtOgM6/AiU8HKB5I1EN7/INpPqfXCR1+yYeXB3BKm1ZuVjLF+gnkdoNZI1Ay7VqMt2HyYe3tk5LCzY66WBudWTsJGPqOGveXatf9PpjEc840qGBNIzIrnMgu6gHDAQYUduJggHAuZHhBnAOWxZtsOKKz7FAMbEDHB5IL5ItqRfHvsJUxpVUT26A/XrzVOTPTVp3CqKP4FsgugG58jzx719VqSIH3vsrmAtjL9iTp1gMYDbxmPtOdTjT/vAtn7503jQ69PTQJ8/fPp8vX0YazZmZfwtAPnD22QF2WGcLO+PFeW/e5BzHCBI6D3tGQDQW983Zy88os3P+G0M6uUeAHQA2sLW5pKRN9+kjygru0Tdb8EBZSJHJWkc58ylRZaVIU1R2WPNnzqSuEAJE9uGqcTCgnQEg9IlY20pt3VCcQ0t7pRscSlUjcmymuXG2WJJwJOLQwbz7o0JYZlD3JMxwSBAE5nhgENaHxRWmv+GwLQUkrzCWJlgBUCxQi/LDM2v4/Bb2UyF5lNapdRDrUPcnAQOCzcB/hMt61LDwLF3jpqOGuzOezXmV0nIT2ohkrPktWrZWI9HmZ2IYezhxKzx5Jk3SyWGpY8VYW5ayIpGRxKwQd4QIbJp7BublXHLwB4LCiZLBaNs4Ui1x/auyB8BG7EPu6FUA3PhIghgcc9E05iq7TKiOrfxz4jy2PHIkBay3jZsxpYdMxFXa8EzboUexfl4PO5ff/15f3m5fexDAodCuAbRuSBt0U5eIhDA2KBKzclSEUnJTy1B4NSlot/Jd4IBfZ66v2yCnjCisGElaUQQjsMRnvn4oUmDZBVZoeTyjxXMrM8yEmJuo9+B+ycbh6sEqrCFqBH05E9yUxHSjjbnCv4FYCZIu+5gcME8TH/MHctOagBN7yktcXBYE3G33IDeE4IuIU4wg2Ggi8pd1M8R3nLCJGONlliqsZ9vJh5jtmMlXG/tD3m4tvcsUy+BatHpbGOpBC2uWnazWgMYJJYAFP+h0Aj6NOfiIsFr2V2xHAl8WPlxoHK2TGWdAkRkhWda1WpQYteFMVLaCbaUVtSWlbxp2sN09stkFcuHZaK1IbVIZm6ama0uVMqbfLSUDVQrq6MJx7AH/Um8xaOTj5Z0AVWfa7bcgQfL9YQgyJQ8Tn5BNLdo6f7J+tQlmiztd8t+B7kqaW+LJWEMnuM4GJIPOUg9H32zd8RDIlSJW4ZWGZ8eivXjT3/453///3j+5Xnf/+O3n//biEi3Ab1GTA1mlXIPoAwRMZXE6o1GOfI2QoYjIdpXqUWtBjePZea1gWCUp0Iy1yAoOtxEdV3+uL98/fL1l58/fv6sl6eB5IbY2JJw3unqt2E4eRFeA41SbWed6x9GH/pqe05Gq5lj8vGyF2GUhjlXNpRudgG1HyJQysodK5VieUSZXQ6ZFjT2YW26lUjjyvfPxXldtFv6U0bXQDFKn5zDsu5RgONHUVpQn+QnueNofkeQYWOWos29vR4kKysBO7zzLCsPDm0MujFZ2VdAsSbwif3TZREfkmf3dHLzvmWwWalSrpHO36dcsPlFbKF8pGZW4X4KUq3u6/U5bsk0j+ZZPf+kExJaZ4xTztNdf9OaQ/4hPaWJ2QJ/Pk9C3damRNH88LweHXr8X7FTzFaHn/99d3WR08j/D7yMWiEHfbqszdWUdVKnIHp7sSVBhBiEpWDV+V179zWbSzHj9jmIVFOqy62tptWKY2U+g/3oWRM+5JbhYy1Ki+sABNBqg9v6t/iKLbOUU9MZXjabWE18AnftIuvsUc3ACsgp+M5a6/qfqarqDlNf14DePLdm9GBa8Sbv4Ey8X1OJbI70czT/+cHGs+XemqbiSTpQ6GvOIyYKbFTTipBzqovZj266QEYpX3ARy1vlp2pzyyqwKHNgQPAqpdPwhbzeIifqubRkTX6TgodpD7QP022wEh+sXfnuNOqcu2n6yPnesl7w/NdF7p8waK3T+h1x/aMNp98f3+n9H+yFv6nXbzQD2rjBNWEvDbOCDoBUOFSwccPciCrgspIAehZErCWACTWsR99ZBo5q3cU7TP26fFJoF6dSYIYgvF9wkhnlsleDpRdBqNci4Xc4jMMAs8AEwyltWZVAWih2uKILERS6l0tgByRDtDflFTZ1S2n7nm12kG0MVRr5sZugWAxGbxfPyMz837J+HsERHK3KelZRx01BGBqg1HA/Ni+oa2Gm9c1Zc71UzSmJkQfniYCt/LhYoLDIo2GIen5qtO2LxTiiWJJueLAhBo61RVbdTtTYLUDPswZfbUA/PZrOPe6Px/j8TfXq2OGR6IqDepdIag0eCSd8Nab1eSWu0vlxhtywi4Nk2amSKUQ9OcsEfVL8gkfkyxj2DHlvx5eGE9AJyFtwTRwB7fkFX19fBHDT1hwZD0O90WMJUCqIGS7bBRvJ8z2EnCo9kdPgZPbKRLaws4d41XOSfDMtBTyZAxMZ8IFvMgP9KLqQez8Z32mXqzqD9YC5AYpGg0GkE8ZKNM84dr/lertegZqOYV7gzyhxy3wlfTlktUND/pjBMGuMlBzA1xyVfd3Dc4uWd15ILeFRBUTZA68b0+KJvRYEHZfNE9p8lq73u8Owl8ijxn50mo0APp3D8djHAng+8OPAQnXwvIab6AXp+zGuAF4UHKhIXTKgwR9v1yCJ9ipjh+PjskekVDtDpH9Lnp+f/xhNe/r+/Pzr1zFXTx9uHz59un34OAAuz6S9Pz8ejo8dvvsi6fnxEJxlp/V+dNJZIAhggKpBxRvM3v24HBJ0K8d4lH6RQ19eXl/HuB/3MawWvNjADZGvGDEX985iTrPAORMmLLP7FUzHgB8PwlJdp5N0RArn1no6zHSRN/aJioRapE0Rfz6Q90MJHdd3BLszCqMEAGCbAY+kyROsuCLMox/PfqH/FygQMrPb9K0Yf2bxN7Kqei/7DRS6ZmW4pPME0VaWdMGgY3fth3u5TiCJBC6CkTSjGpiUpUr/FvwopW0m7VHsSzlNTJiCAI+iChhc02vHaQJ6O7aVCyfZWaffGjaHgw2ldwixB2Bi0YGjyanHXcjqnmBnLG6LBWP1SWmHNqEwlpQIse+O9HEIaQIxUKv4u0Znv4jUbVFbAJbpRthOAUKtANy8sWcLxhgbDHZkbTV01OPKd/RhDX7QAUtcHYC+vF6OuxQMgTCtBAwTtTW5p+inGJgtvBplyIjx2/3xOlM/VgAAEABJREFU/Muv99fXj95c63LbLk+edIcj38tjmftFyUer1PHYyGUzRyOBTKjsLM0Zp8a8Rp7YDSeQ8oV7uPRzIU18Isu6BCULB2E5mx7FdILijvjQTOqkMGnsnRpHktThsuhrzdIELFDEC7nTeKgQc21RGgIEv2f9ALulpiFBAp/yDk0IBAek/GAXsLgO3BY7Gf1OO+NST5PzzHj0Z7IwEGopT3hxRAwYdKcfFRCXr0HYiD5yD6Y6235oses4VhdXMUN56WOYOIJcSRTsM3yUBQHB+5v16qY2MWg+gpEpDFKwHioiKHr2ZFg50sszgymIvSGz4lQhF9CtNLotkl0iPVWsMwpcpP4Qc4S81C6rSw5Br9l2Ki4QibrzYIZRpVbt/eS8RbkcSpAyPsloUhzoRS4L0+cjFJNQCo+kzuvm6IUsG4UHFB7ZWkIehDSGlAldJSCmn46tycn/5TRGTQal35HwFTdPAgTwWUlr0ltJFKGMDxx6TMljaGBPF4iDwIadfVhLP/3rf/rn/3B/eXm+v3zpX+/e1RnpJGJERiWtr1anNZEyw+bU6ZKrsBdLbrM4qn0BoLBy/vdmLZfIRxM9Yeyqtt+fX7/98nj5u9uny9ChHtILglVoXTfSh5EXlREENPuKqlB6NqXJGI+AfL54gODmt4JKCsu86CGsyQCpiGaLc+BqQKBJlB4FXuPN3bmmjgBn7YFSHbet3RYBXzYs/GggEunPue/FEqvPHRmmVPTxRnd1C5UYEoRdbWiFYi93YQL0BSXz63aaIAo2KkwV7PbOngUR1vCosdrWpJxCqGdSHvDrbtDtCMxrmV84o6KpEi2VTLckMmPHDin0+eRsLh6ZZRRaNM8RhBVGnhIIxWrGDRmmhxW2m6C0WGk+ef+aSpwPMv/Cf/GrZiuuVJqUjvtKSaTvwZq6PzbOMpKUBzY/qZkGC8mhc+ZtUZJzqCbff7TTvd9+YtU0y7v8v779zJtXTsuUfrUI9Qmr8dJcsOUpvjdFOi/1vcdgWa2InFM3zGokBG/fjLRk6PpuSyoJ4amvLGaWmuEn4tGWGX2nEdXinQaDNOHxr12qxrE1hvnq6cv4wQCkTo3Iophy7qZ9pizirNtZZqLMr8T8kF1wKRJYzMBsFkhrLA1gW9fCJ+EwFgWWiIJBEqwRnHW8SVrSt4smS3CG8oBl67JGg6ErYOHiSfPZz4s5lz2PAuCr5eHmVFCQ8uPLObFpqfGEKc1RlaV5cVoSCkmUFq/IjKss0qOcHiavCNZFayBzHrgBpi0yn3V+Cs/CQvyU3Kt4ouSV+YgkOzzZbLWay4oIE9RNCp4/LZqVosBH0lrJXfpnXkzwygHJ397rt5kBPeOcyna/uftt/RD/G/8mpMKjRltBkMYaV2tz7y8uaJhnKA3Wuc/y7lZJzpKI56xsVVpiza1aQ680pUWEgQS1chPkG5d/oQstoy4SNiwwjiBYzrb6lEQrEvcWw1CshOUiicZrYFVAEZGiB5govPtW8gBJneR9DhN6iyxST9OIklaoInJDA8gZA7wgozdHEvg4ulx18FWAzNRpONuWFsMWiO5+dNri0WVHiWkn6TAo7KJdyXFsyL1WdLoO4Jh0A6FkjRo0GtJJI7dZrI4/Ifr+OTvGUU0CdwemFZWAEgQdtOdsQMauFOHJP/bjw9MlQTe9BpQ6vriHogxeY/McWL1ER0KwmsLYo7Qmv7bQAmsw6mPtsYTjnq9jgdiyPNLM92MArY633F8523DorKbIlFWSnjMSiY47+HydFrldIvGFTa+RpRfw1CFgmUbGZSz+QL+jLx0VO7odRv6vIPEI7gj61GHhDpRIx74Mss2giDC5BjCNHn0t6Ec2h9OQZH0g5TwmzRHWqxdcgq55eFAOxA6XZAz2GgnXgEK8jDN8Mu8qycPjGPSAXw/m3W/h0Rxw5pW5k0EXPiAVEJLIdgsl5PnCDha3++s9BuNz5Au8C/h2B6g7vKVLgMuRL98AqrmF0Xev6PS2OCNy0GFH9+iRiC71jwGF31/H0K+32zb+8fyjqxOV+OPvrwMyB1e5p0H7Zhhz4AiyQ8vQkPAbYq8cSBrsDUDd4bSL43htnhHvFMwOPu87kqpQ9glXEqIJBfi+i4PiAvtQLW2o6PLpS6ntfuy6bTRoD1+2TpHGon+TyARXAm8MOQEdYH5ixA2QJdrIlwOwshMAhlHKJFTIS8sCktj+vTAOgWdndF+RCgnKV12kO7WAZmKi3/RIQxG1vWoM/01wgzZ064xcxpfZzG8jlZ1F7r+lGQo7PpDQuHx3+huqgN6nTUhv56AGYSq3VQcMzIb/xcNusB9d7JT/lA3O/L4RWCL9Ah6pZ55H2TpG6xnps0hN9SMNShOfMNWa0/hL95wwgSQBzmYAA1iMSxxaMxc6rc6sYDBoFmXlUY8iaGoYDtcjtWhhGr2hWtDMzt5auT35mEKvoB6T/wB3zN2AsekIsd1u18f1GrHczXujRmQqop1CREKY4q0U+g0hzCH7PaygkQH+eLx++7a/fBuw6OYH9fLh8jT+nVm9XEmjRvNBHEaiKv65paOuXNoYJXJTaBgYmFudn4hTHPGwC4oJcrGo2oOfupWqX7Q2bew0KyobOEWdgGup7GaGahD84zIdjIny4epawTvArME0dTKgnG5/2BNt5nPCUoB54HHZHtPioeLQCgePfBg3WFaQOm8hgzUBUAo5RtCt6m/3Q9KtlaCGJxiH3R57uJfrGK2/eh6QmUkXqDPsHICFXuyGs3igrGXsT1e1I9Ya57Uh/zf5X4KUdvW7ZL6IGluOyuBksth+dqWOEbYywL53ndze6ZxpeqnZpYOnnLJyUkP2hfjY7ETwoxkDwOjzorENnPqmr05RSi+DWJOi+iUyK5ZEilJBwvkseYqn/F7BGwfRWqZcctLCT5es1I0/pAyoeBG66gnoMzt5k6zRv+xEAzPogotHFgO9xMCym6Rg75nLpAFDTy5Uq5icoHlKnFAHqjfwBVNVkgzG1bYTdmHXhQU93r/LUJ3X3/+bf/MPP/9P+9df/vTy4nTImbDlZkkg+hWkqS2AQroEZU4ait3/goFuGNomU4VqrkogJhQ1ZugIxb95m+3j9fH65evXn6+fPoN7w4qGKMDZ6+26pQEMAqzp3idsIyzh5HH3bGILUXI4URXddzBYhBAyt3L48UIgsGEhLN2ahhOU4x6vy9EOfVjU/cR/7+4uPFyRX8kT4gRsw+oRAguhWBmeYbnLMCBxRwa4Yi62oPLwxwx+DkWb8R7EPAzKId4JzXyksuMa2eI+6jxOeGqb0KsSUXK5d7B4gw11+WV+TNIHWBBhOYEp07lsVCI9b/wjbMJq56TmqrHHY3nnzEhm4htlDvD0QlEullX8qZfXZGvO3zzdC1L69lWiL93i70Ew7/HQdx/gf4zXXBBBobElKVcxyAmz/2iy5mMsUzqX4sdz/AZGoo0mb8GAGhwh8Zxnwm9ga+Rh1vP1xM63BzRGdNEy0+LtsOp+Mi3p+d7paraqIR4WnBVuvDl7+t21tRXMnMeC2zpQjPzMir3peuUFVM/8aRgwEMiHghmyEMee5vv7paFjgu3xPViQo52S9fwoYuedqVl5uSzu+52Phw7bIMjcM2Ccorm+0Ghr6Zw6KCdad1B4lmuh6zacd+Vj0c3BKOv0oqADYh9pLbkzsaNgv42HOtg6Olfg/ZEsxAnF97k1SpS8sUYZZnh/sukgJjFTgvl2ZtKqcgt+vi5UBgu2xWnzlCs2z/5pYTH+4JFlSY/OcIdo1SlM0gyihvL2sLx7MWgBjpHls28W7v33MtSRH+ec1U1NRZdnSHX8t/X6TQLQMGs1XF6k07hppCcdQq1UcsTgQNGQJeWV7/YN3T7iQ9z74QALhQGdAqqtJYZik3GDt17PKQnse5YowpY1YTNAgZASHJ1h/WwRTGpwAnHDLSLrW7hhyCcdlhZzRowOHE6m573SSUhzNv1YpcVk6WZylFu06Yik55BrVIEpIo/Id9BsxB3XbkVvCgpIJj/I9Bk2h4lRadfQyQf+GQ39FKhikomxOKH7I1xkYWs/t5ij6pxGu4TlCz7chtypI7CFmPkBSweKu4dXhjYtYTob+tl6yoxXEfbqOBLpjW5it+AVdawnPSCiZsHe4JSjwNe75yZvAfOO3w/oTFJdG8gymiKPgpHhMbLbwDR2kNYFT7+xJ5Rk0yDzkKmDqkfwAgu8+vR8sBG3SB+1QG8N/XdSU3q+dosyw1g2BxSLdwXemkR/l+gS2eG1RQ6vz8ol0cNu5TOUVDdvYLgHR/QWoRH3abbDtdPYgTs/nccs9NQwHPZXb5ToudiB5DzuYCMe2CqwWUdTAxanFaypTBBIBVvDJZO2t+gi4+nOimQVNF0M8CswJegYYe5rH9cFEGBUqHIonV/j2QcmQXGxd9YThHPv5bRPH27jUx5ZCcoFYB2AttlKCFWWQb49Pn/cbhba1mHmm9e0dszbvm/RF/F6fbpdPzi67UCNJ1cOxDiSqncuVkgD/3WA0wlo9IB1/J8OAhMNGDpCCGEWXMc0xml7fRyOQB8pY8J+2HTKlViWdiwR7mmlmqTjT4oEWAKB4JL3HBZWAoFR05opXfUNoTvsdROShkPKyXSdUevbC2Gc1rCxRY+kZEB3NF/yaAZWUtgsJfIxfcXMrMN3w4nc/LD4Zm8RJKMcjDxORtpj9E2YgNDLl1xMA8m7AgHVspvxFIHHK2Gy2JapbjrahzLCpB1p5jQ8XFmBSlSDu82l5XYxUP3GK8nBKZrApFz6gvOgbPKo6eIiwiCVD805J3JH74Uk+0OwH0CKW4hKST/G41M72P/9eDlff64R+E87pWuW/gGuhhgN1dgTMsbCAlxVwCmk52YHTk2TVzMTCkujZFHY6VVi8LDvI6Tonw1WpYHjjpU2BEXIco4kHdPFtJXpwRrNO3/+Aero/ni9f/25P162p5+88iQ6tzphB5wMW9wmVlknhtYStKCkFih2WPyc6rLae3JKxCs6O2LD25FcK1CBlucBheob6ZMEmZt55sRmyRQzVUMjwX9IM7/SRYJMH2CLxkHnxoFWjqW1dKeRMUWQPZQ2ksHBoJOmM3VENOXcIEBSDxi0zyG1pLE/j+iFGB1ujUoPuwU8Q06B0ukZWVUD0Nuiixd7G2RYRUTDY00AmgqsSTKHheXCyrG4cfZH88kfl9ovI44XqFEoXmlZmy441chrNCR+G0qmqGi6AWjqXAtLLM2FL/gQsApOe1DnN3ZNmwe5T2wphbUwvMFCu432Zqozy6PNH/C9ZHA/maeZMIZpWowoBWUU7qcgX6KmgOF00PnLPVdYe/q2lOfcDLEaSyOTFP7gPM49Vosaca0pvSXFpit6itnQLEj4SH6IwhqBw4PbgvdEHvYciCFZ2HUaoXPyr1NqsZOrKEOjwVzhTBsumjUqC90m9MI8uKzN2N26J8ASRXsHXYYIeu56bX/3T//8+rUQkBAAABAASURBVO3l+dfnl1//JBrawTSHJiGckPQx4mBBLZYBIbQZkAxUoLLPi++8lK8jNVyD4AwscKHEWzolEt5LyAHYi2EtuCJ5uT///PNPf/x72E4XAa2Zs1Lfnj5cnz6gwK7OtMw9wziH99NWnRhRgx0GQuPOBnhhXJc/JJmhguP4cOu2V/k0qj+7x34afSNUBUYhX0zzAJ4f0VJxiOixUy5Gcmeap4WGd3R493qyYWd9HoC6J3/s8D1wwWDEiUomODr0zZQEVfXDuJv3a+57cNPNzCaZ2wbcGqQWCkQHAhscex2MhV6hCUeyRV4bVsNAKn5Rbm94Qx5uDPnW+uqzpqVaFrzMwICJrABg/ZRHr6wYSnOpV4Zq+P9O8GqjtrI68VIBHKGNdMZXCrCU03E/QSaVeGjv0BmTems+cxlWcpJduFSqhRqHyhQdOp9f56QkwpOX+D67h62PsI5/YtM2P133rk+lkzQvQZsD5vt88sJyp0Weljff0IzFCI82pS+HD3m4AFP65gkkZ4nDl/Pfzs9QszLHhmGIrt/KmdeaZLiuqFhN/nSh94RL0fEiVicVuaLbAUFC0xj1dn7XQ4hcx2W8+MlNox6FY5hoYDS2jjUfKbdCmedaEzMX5XwWajI4sZLrRkSYi1OnsHYUV2hW2oRzmm/DoqGBaFGv2+YaQ/bgd5ZOpnk65dLyPOWPwInIAwU1spyBWiHDnHGfzRNhDCwm2l56U/Px8zFVFzRV1/FIqf26aKxtZh/No0ADZFa2WSl6ldP5kTRB+rIv0xI4GZX1hUXKWB4n9nfM8wirsm+xsSN0MSTyRWBX6iIUrazz5Yrzdvpmw6yS5vRaAel5PGMqV/Gmy3m1bnWyc9ZWef43+PptUnBwFwEmoYw3SdlXn8nkaChexQnGlzX3lK2K1Cp73tJ1DxuC5kBqJ147muhQ6HfqEu6sFBxiNoswLSv+aOsxWzFs4r4lgabAZk0y4kCgDmYEo1DYMhEtn9KS4VTK4YHcjHRmiHi/V9DYwkyVoGzLkwyuYWF4th9oZ+LgNLtmcMjkgjRWqi5zvFgmPN8o7Q+kQoRlHikoKtGWd0SHOsrEyBwJTyXK0rJ20dEZQ2k5/FKahJjheKjIPI55RKIwmwAE1bJjzkHlGgSvwB/dCbhs4gQInpkbtrVo5Kc66He9xSMEt94WlXoolWSlN+bXQMMXjNaVjRWpz56+MYzVcMDMzXe2SQGvBRPJD4c+QVsR+7dZmk8GvqcGIusNBYxhH15Qw62OX3vinPW00gx5ZhSAA8P0pu5yCe8kABNvjehZkA2Fn6W+JWPXeSYSlfCElWTj7fAIicBE2LtnfNoZNO7DA9jEO5b7qMfNUWjotCk++J05kUo+a+TCRMZOTFEQj7jXMzuUCXdFbIQmxEew1QJ3kDQSfIqk8sJa43PxfRpwjRUIwX0TgLfDyuGYjpFfB7bucIl3VoSjGiW5Yz+0WyRpB0oc3mLsydvt6dgfW7Cj3D48bTdPAHIy59fXpydPnb5db+OqgeztD0+q1Wg3uJMEuh8Fo+xo9ZgqP7LAgwnaKYm3zPT1B3zs0F6OYb7e99cHGKDDK0WVRYRChCGxuDwsEAoULfOKIs0x9EbpR2OLpsRBoBnYIylTmq5KFnemzFpsKaPvADKdQouwWsjCo6dg3OeghPdFHd67Fx9U6E4SARFm7FL+SBoxoMXg+61BpkgEAzgFzmUEsIVeuh9iMuJmFbaWURuvkOZR/dynpMM5I2QcHOut1XdMCegpwNmAMywlc9FHB2rmEamWdJK0LbXtAc5aJe5l+rakDWxCjFQbC2YptRfPlUqBVisGkKQsRuBLIsx5AclPSmSkbuGTR1AxkKcD4BDy+C4X4hTu3YdcB2FvR2kFn1eVhBTtsDLBgd9ZBkOQFUi1AacGfMOhF4mTBvQR9TTBkYTDfnHE2DFoP0GhghtwiSw20SoX58KlyRvKTdpARu6v95evPx+vL5fPYx2dBNoZeJoz/ES4hF5RWgWI0wVFA6xmIDU55zYJZdOnTY0JUm8iRx5b6pGTAmW6uCb0ZbAjo5MnOJ2I3wWtNhP2AcghSx0gs1KLkiGBvk2ZMRCjtHo0dweojcjPoRF10p784Myhbm0aFpK5L6Grmq1osaJ0vkXxBCcCfnOAibjnEb1zIbS7kcocRDNiUsdQVwfXFhDBCprhdsf1pb4oWQwcGzOpYSUnTbjfLNq2Wwo3P3SIz6Zk1wYqLa8FMbRfVqwrs8MNw+/hUOTZQApEY2mTSzkmDccixO4UqYRivp+rQee9DrDMTHcMmdlglAlTTPV0rVoKbrEZ18nznZlalaMtb3ywRXxg/o31ZJmyZzmP3Ekn+40njHFzhEZKdaPwpdHKhMmeLhuxCuaDpAWI1NSeBjLtKbQCUXACsYQLADpHBtaUKAsLmzVEwUFtEMM8qi0E4vf5YEMobJGqPFTzdmxO0U/qeA0/liJdLYm5XXiRUgoFkp//8Md/9c+PX/7rz/eXl2P/amip0i2xDmGhG9EOCgSpFOY0oFty7zunstNAwwnx7eM2OfcbJ5coBJY0XAkDu/i4weN4/fXbGMzt8962J6xqyKXtevt4e7ppa9PvTvwyZsyQsUY5jkIZuEZC7KFhgoKq2XMcZKJotaeKwIaaE9ZOZx9pFC72FJEGGPh+7yzJCCXoBFQRr4PoiaCGy/VgDEPsrvfb/jSeTjx86P8XdGGJhqKC5AsSh+AxQwvHVmoIE+5BA9+PhWu9DsVyHBWyXaLmxqRsKyOgW4emPgqdBzXSEiSynkRNxIWWm5RQ45ponkR+ZBkNVGOt3nnAmkmERmnfa+zNOU8M6KBUlUOeel18M343n0nI0sg5Cs+pBkWpIPm9Gcw7zyGtvrdv1q+WzwVTT969qMqk7jR/4/855+c/vZm6OZTUk5JIZIosfqBwq8XE433qFvT686aFORiJB+zd6EvfyxS6y1PpGwBMU+id3ko5vE6KTJv+7QVOtz9ff7l/fQMef4EefM76K7Yl5yLNg3XY0B6py0VlUencaEoby8oBNZhzxo4TmUPGFBX73n4wgr9yWu3liezNuzlF/Gtt/UX9pRCgWa5MK7GllgdrrYV8Mj7MOSa2kw4F7AzqR6EDtY6s7Ks6BnlElUtNF0FPz2Izk1ikqDB45VpkS7cG9Cg6i9hkljhK2eGy2Bz1k9kyMqFsyKejsSt5IFOKvREN5yvWE5dZlmLTTsejoLk6lTWQxj7pHD6LO6hz4OCvyQr8mNRbuh6E7+yt9YVF0PdH5yyYYd/pklu/3rjmUFeJkjfgXKnoXxjLX9vrN8oBHf9i8XcrVYyw80ki12tVI5Qj+J8uAkyiTnHgH1ICn4nDsgYyhGYGXIzUcVZKEdmXcaoDtVEt1ZUt2OLK6G8WPfc0unP5mYnS9sbq6/HtamoX7ZJ8vcImHkCfPyyIYhsTE5DmzCTZTneW9kdwMQPrmUoOz957iUN68DVTTGSLv+7HI+gTWMGNXIOQqS3poO1+f8Arceg2SK9RZo7FAqmAeH88Ba6DvCaHAsF65kqI5TAw1GVjHav2A6c3QNGGglvM7MOzemnoO4jjiQ9bXKSX7I5MUseMBpLohMFGTXL0uVdQ/EgnXFP+uRPjodpwUY5OJtbNeSHceN7RYgfY8xHIcovU72C6OGK3tfBLe2CP+xgH8gzH0B5OBuLYx3gHnZ1io/jzPe6v4iS4PegcnnYHL3dINN8w7RKN8JxyA3wst+u1O7r9iC3hBvt+fzjojQhGZzJckCPHk3sSBjZYLDk5GAB3IJmbyZux4HKJckhv5Rc7DcTgMTkdqY7C6fa9yjcV7uiRmaGKOnRfvCC78LSVSDAScI1uDUTpezTmi/p+p6OOHOGkjQVbgCGDCMppYMFerzk8CS/ginXcgld6/PGy3cShqvAxHPv2AuxAn9FrLqICHiAYeO7YF3u6P4ZbY9iRuN3GinSnJtQt+CSD0voSnI/O/jziDePDj/3x8u3bHz7+0dHngcI7kno/mt/8/hjPdWc1L6YPKTRjDYFV4sz1nmaPT+IYLPGVC/djfHTMjrw6BfTDmxk6httAAR2pTjgZSBxAAM2vPC5FmzBy/xqL33EqaQowJRiJdT11Z5wh1uZPu4gwKJ1pIANaSJpMI7tn6hnsia71Zxoq2hO0DQ8RIFwSY8CKCqiX19YsXQq3rncWX1tEMWK70b4jIunbb0+DRhs6uGn9o9Ot0EWax0erq0BlIsSFiZDGlo7Pq8xHirF1QkKCJTvA7iLcsfhhON2RwhdfPZD6l9zZWYdBJiVL8ItCJiIra9mgC5tEognHJgtKsB+33BQyZbtZwmNpDxsSya0DL5AsVoDpHLeLvFWXcrAKj8ga61AE9D8LXaJ2zFy3XvZXsn5ozZtgF7CNkyWeixKBLqiRDEXk9O8jvnO5KQRdRJ0W+orOLn6aoJsCpIloYsj9IUpfn19evn0dZ/XpeFy3AcgMEXKFPuUEYkPAsKUDIYGoH4JWh1urxY790GoK2ZpPLNFnK1u5h9ZXKjL/DKJxqFNnw67wv5jzHY8czUkfZAPM7BOsJYvJcWiMRfroLkD/xtZNHdJOVxcA04ejDIwIYRdfgY35jJTtCGQFuUYFkxocYaa7O3RLya8ZYwjR0I/cdY3EFAJVixthQB3FS3QUYl+ZZbC93Nlpq+GPTNo/ldD6hG8Rhcgtnv6h8BS0SGVN5IyRmsba6eCgDWTSO6ZaGZzc4BpxiAogGs9ld6aWFpFARAGNGzvjLph5y9qblI+Sy5RvWZwybSXG0Zb2KIjKpmsD8aX0eiGgJsYMPxVAV5/3ogXYypOmd5vbXnUyb3SxyjSS9Pgt+IiKWR4ZAW3+dYcYAg1LC5Ebti3ZIuQ0/vk8jICCtTOQXsrl0NRuU6IZAEufdXrAlGVHlEr0TJoQ0NFZ+gvZyblFxVW0YMEFPJekI2nfLZsdxikqqlyyIa6/8d2Um9khwPtvXLff//H3//B/++ef/+v/9vhvzwNnHYo46ueCkQpIbrfK5j2EstCLYMquscgLMUP9iu+9UAVkUYvgsiA8CTMhxuK2NBROaLeouHIDTO731y9fP/3utd0+DMPRm36oG5pD0KHdRcEJarNGGn10YlbQ7qKBoGRL2BWKQPn/zStROmOL3NMROcAYUVLYUPHg8P4xUGabuTM9nBnnbh4G3338CcZoIM2+4bk3NHdz8BVuWxLH+gCOaKcRTP4XJ7YehipU1EE4mJGIaGzbLuQQjBgsNjKLMbJMhYaFnaBB4EqRngnXsMj91t085U8CR9iFHmHrmt+JXecOxYElWFL/aIdIShteuadzORcJ61a/6fIngp8pJhIhLOfUsO1ttQUyd6qELO5HKJD3SDmBOGan0WMUiRNcZqRN5Dtu+Pdfli51TQUlvTJ7Udarac2vyISl4t2CFHX90/nn9fP5r1x0yd+5GqU4bc6tiqxzCiGbH6Q9KTl3aRgk10ndAAAQAElEQVTyloVITx0mecHcepkxalzI08frUvrdyf2zE/4GEP9LHy34OBUT7Xwa/5JmjYnUprGcU1F7MxpMNZ9e0Ttvq8YBJmmKiFXunpTE4fTLHBI1RzHgabqYtli1p6mxVSmef6djcv4Yl3HmTOSCA1HgXps1DBlp5NTNHZMSAYtqc1/N9ZV8M6eUXoXVbq9x5wQuSCUzJpfB44IWxG4SAj7KZmD4hMqSnFHhUVHccIGiaRKwvpKbh0LP5tTxuXrukbn0mDPsG1sTlHJF6i3lywRtgE9n/d22Npz0iujPGWQuOjSSUADHI7wDj9++VL/3gbx2S9pYfPS9QCmTi6JDdeqSZbSnq84/c/z/YoH51/P6bQLQubHVKkDnb0+1oWeVlW+WcSAMBqWFw09RIERXrc4LtlkhLuW5zYHwkM3vpxmWW5r6Lex91v+nhFTS+nrekA4UCu3mhn34eAAxnMEUOJ8P76IWFrTjv/sUm0KcWoIPVwAWdJi4pPVwctcNo0cmc9fS+pE7jJgRnKMjnGBQKAgyAZFSEP3E/BV5rEjcdD8NyXQsTaUv4Je+AFYOzj4BSUKkAw/3+Og5FxDU/GK7spRa0y0CtYK3EHz6QK0Yl9Hg4/BO5cHIEZDLRtaPDoQzyh2zncF2Cfg8uqwNG3aPXAkJeln6cN37UzFts/fXl9cwU6H5PCmV9d3lRbqHM+zeG7xfdYbJaHgSLAHNiElEikdsJY0Hb4EHNdRoDhDqbhvMeUdaKxV0YCw9pjf4OaIXWaAw14HapgntdvoRkK67AdGDJYr3g7/CXZRYLq4UPFXcCDhvpPFIkC4j052YkTG0EB6GI+2eZt0iQ9ApJhJo7jZVULQ38Sf11nqKHnrRStHZn5maGJvwaIjCBPu2gV0Ema8OX4Ja15ELJ7COzWv+80bt2i2T3J1ZuSuBTQsfPbZ9wXyxOSOC0tC4HbQAS+FAAMAPMMkYMtRCO/sj09LyME8L5sfIlDmCYWaPdoLjslcqc9UP3hntJgGSjpm9BYN1KEM/liMm4EWed/PMZzg7iBJ0/rhHRMQSEmqeAiyg1Yl1j0cYu9L5HL0COEA5i43hO8MjDQGyPfbtsXfkd0eupcaTIMfYmdIZ+Qgve4gfxAmC6kfz5gvhw2oFlCWgAfmnGPUzFkcCjmfANRN9Nh7sDg4ayVwhK2gkbogAUyyiP1ScZPISYrTxwMfEh1NZJ4CVoo+BN95eA1vHJEFSI6VXUEQcDD3KfoTZMjGfEp5bA9FPwjGatoKmozac3+nAoK6Y9q+/DZLftMiREha43kYZhc2DvDwHNAPGUnqDmuCgdaAjR0IkLiU3y0aagPbDQtqr8+HG+QH2S0m0rG/MBjslQeVB/FfPwCoXoy0lpc9SD0Zz1x3Zx1XSIakgV3Mud3oPSYvedThB6ZJXXUV0uNLF/UeuaQSyYOE6LgulqavNWA4wSTLyL9Ysn0ys4sHyeOzfvn19efn14/48ZBQQ7Ti1I0rUUQWPKYkhGyJBV08AtzihHtWDZwKWHllhBCL5VqiGRMoGFWOgYB7cskjly+RoMzYD00xEDigTO2FIA19PoMFOGrBXLYIwaIEKy4jOxWkLCvg8hRp8C0H3KgiCWx4TY24jH8GxYq22ENNRqSz6wHY6OX8r8s01inzNmIkW2afKtoWO2CYldZwWcD9gV9D5YQkRTl9fUpuRPCz5E101REk3IxdYKx8YRyI47hNt17PP0IypkpteDL0ZA5L08OJY4RFVHJrTUciuYm8cE03hJYnmRLp0AFRUn4IMTdUo9MldTsyQnnZ8EMkBsQQRfygYHZOSWK2wxECmcx2LFanyEQNsSmkxkTNNjIISg+51MoO3ZUbydGuBXsSW/Me2+EuWCYq1QOXrs0CBOfcs+wsg2jsUCyWqp1nUrqvzAnFhJ+mRhh7LGqPyKgJ0rn0QUCNAD7GB3T0E4N2QNpy7mgIx5t/DdGFKOoDWIfNcA7ctTWFYGnBe/Q/c8iJz0dGAA80DJVIohmb1yO/T7ff/9A//6r/8T8f9/uuf/uuwEq5IwJWtS5WyoLyjhaCb3JxK/AISrxfqcHHwNw73Qj2CwgecEncalNlt4+8XQvz+qHrsr79+vf/++enzT06nHnfYrtuHp49uQ2LGZ4yRYguYGnqdeMrL+N924cbSOLboNRPuhcfVD2hIZ0bFtIMtZ0dIpu+RiMH4yFAY/f4SgrPPwxP9lgcCvd/3CCa7Xrhets68bIAtOAs9ggcd8+FLucvryzcEaG/juT588FSAq+PQx0ayFyW431G5wQdlCwRklNhabiWL32h8pvmrZFvyRNOo7FlbCtgns4jhW876LB9/NrwRYYNtKRxouQmvfELhTjIojRFaUXWUS9hEnKwipyms4vYogK0AV8bSCwm3PFaJomkVvFmady0ft5X7LQu6uqAtf+EVbpcuZcbvv5jOe33jO0hqQTyqcyDfuVlcj+wLyyBL2pTdug4Q4N4cD8UWsknfglFm9r2H/O58qGSliCwZqVYQBlX3+RsqP3q8d7d9+yDvhvV+QHi/AM43uFxsK8lsFTjatXYyp3NWS50vrui0IMKkgEJUtKNRqiYxfqa0UjfVsujca1CCOV6thlS2PJzqm+zZZZ/9mT2an8Fc1ymRVL38AxcDg9NSVUdf767CVCwe5rmolp6C2GmmIUb6AtGILNEYyQKgWhXai0AOksdZ80SI5Tad0PfUv5VJz+1I+PwkA3MQy7TU82WIT7gQeD5BYjiPI05byhVhbhS2fE0xF2VmQ+pbR6Km5+0hw1JYBPZQDWxBdmcIBFFU5VPp6iC8u7L8xddy77QNdB6LHLEul1vuOKXYOsOaf/kXnuy/mtdvEoDeoj8eNi+XeVk8SopVu3xXJfmuaadOxFQosfezRbTkPZaDwBBNWJAsskvAVHmebR4rHG80Q9JAipFkCTgaWgKXB6NaZAtRqIWpamWOI+kUPAawUgNxkzyBOt2t/BVnL+0dWiotXKtwRCnYLfUoXTVDVST8TWT3mjNQAxwYVhub9Fip53iBRyIltvtTscHCP8ijSEEOZAREEFaz5GPbyIMaeZrDaBWiZgJiTKx0Zh5R2uGKMAVh7UZLcEkGQP9ju/hFjpj8HlbvuMUlgGounDLzaAsc2+mAtyZJugr2K+CneIo+7fYKuLGumG6eZB/ug7txg+kc/g+LFBm3DygqeDOOiExcru4VjWHvjEZka8imnWWlAoyzRQ494C8FE/e2eWLiLXBHT5d1VH3b2OdqHhWTtK4toJYgChRjv/IYfGThxpIfBwDoIyD7LVp7Ve4IMG0GbtGvHGBJuKO4Q/zJ82HABrGLz7Bg7sN2CJxxD7drMxA5cSS1RM2beknupJD6gd/t0W6GNOWAd2MJ2kCaNlLPiC36zLxb0ACUr6YbUpKfnpxJEHDwuNiYmD0aeY0lCxDzEcaFL8B44JeXu8njp0+frng9PY1J3z2csA8c67YV03UfA7j3x91pOPR+3DvCNihAB5NooMGBNWJLe0fCjs1P6ROIkrDDYHSFjyTxfYRLBuIfazLmJTLHQe/xOABMOBJg0ayTqMEe2eZx+thQDRZLoodp59kbSYkkNjgqyNP3T6B0wkjma65OQJmtE/EptCIuC8E0/aUkmcAqI6iBFqa4diP3HJuXdaZ5TjPKjJm/SgrGblN8CcpxbfGQaJJNE4rv4/HSHEb9d7qNFG4z66m1opDuiynDVDDAak68nkmpeeToOHa+kKqsIMNth04kKNu7KsufkQ8ddLqpkiA7iC8LAThN4yxR+E5q1OSeYsIpTpxl0i6phxP2QgU8zxuFoaSxVf+OPXqA7tKSB8nqpOO64fMjz4yLhTF3kJtqmvTsXZl7CjCyQhsyRoJxojsWGoVB4+rUd2j0Q0Ht2auNKllThARzMfLL78/Pj5evtn9r8tE7WUXP0aEjxokN7V/549SvIWoO6jm1IP0MYLcnTJY+xBYEmzZflc8983OCX5mGf9AKpyKNz0WEsmW7dZ+l4wgvvdO86MjChvGRVfC9dGInhGxpzEckzyocokGvL8nMjkxFcAKnASQy3SUelelI1PEsTo14O9oNkoaZgT2oPwB26Mmg3Iezv5AuzpeydCtRSZsHXjWh85RblrTRUmeMJ1YyJM/isHQa8FgdC2xSvCZMmwFD91ictm/BZzR2HpKHjJugPisYZRKvx2aJnEZE2MN79ABgJ11QjJF03LCUwBXOMJMTX24NpbIwJ6KftNrCUw9jkVmVRt5jZX9WXlVkjeCAG7gR5jLy46CISWaDxDy1dIoVxU9TAOJDVQw8j/dsEUmrOY0gSanVvIordMUA9sP4sQy0LAJ4eofp6KYsCX/Yv3VsXmPU4M83LdJkbFNHQhF13YP2uTHtW8KCID10miL+9Dn5SKKP2GU0cr4glyIqlB6Rk680NyOrADhCWtxW7voRSRgffvr9P/z7f//yy5fX55fj5QvOSsSRD6xai2TuvmRKWtFxcHGNIUVBL2DleZszRlvIankOmk+KKnZFdu/QK/vr1y8vX3798Pufbr/7PazrMYnXp1s8oyJozQKN4kkS1miHxdhu/noixiwwrxmECCU9APCwrxDPmJT3ccr6o3tB3p7+lbPPPe4Pht0jL6N8t2HEBirO3jOtNDEsbcS9NYUTu4Z4VeHj9UUjZWEYPeO2lw8ft8tTi9aDkq4FFjyuFzRPEbELkAKRgDoCZisqwCFAH1me/tzkzKy3cvQ0DQvjSqJQgBJZUpJiNXlIMnBqZismsoxjvpm/w1edg8q9yB8qy9TY3zjPb3wSCZpeGpBRz0nwz282eXfL8xlNtaDyxqvOP6ZHXVaXfP+lMmuIVdbvvLv9924kJ9eecXtLs7M+m8u0XpkniFJcSIT5zvzN71qu8Sq0mIMt74f3nUfQPzMHIstUphiuD9iSJntSyHr63g8urnPXSV7Wzlevj9blEwEXmKSL1yRrIifsiGX93kwzILn3CKKmyi/tjUBf6tVchjQN+eG6dJZkG5+foikVEZ0PGjrwRudU5R7DTOTWKU2o1GOhyQUatGBbHiKpI8+J6SU59LyJVeawbTobuRnM8ilmXMGWdS3JwKOC1oY2d6forA8wKoW6w1w0qRSS2u2ybgPO23pCuHPqM3aWUJbcqsIU6ZqYbusV62cOls+SAcV5YCMp0panxlQgdZq/5lYym4h6laLyCecE2fsj9+dOi01Xbm5ZnvucWP2OdDrPGL9Va7h+flm2nKD8Zv0np+hv5vWbBKCBgEBMcf8JzXKdYuC0/0pRpTbT0wd0kSZlUViqRz3JWKH6x7mW+kP6uIr0iToAJtYKd12MhdbSyUa0L/dk5cXUZ3UKJ0unp6d8xEQQ/s7EpQXiSZtJKQP4iCTdKzEU32rI/kafAUtnOT7QWLtGt1wF7u5EvekqlrQFBl3YAEzYQDWMwKIx8QrN9wz1xv7FfpDAZ+Bl7POIYXdj2qKVO+VDPQAAEABJREFUG9/J9hBWpQXJBjvGY+jFeRTGoRe/hfMcjNKerDp8jpxhYldKfeD0v0J0PxK6gT8pZF4WB6aT7W7GceRO1Oh+Quco1kOT50R1LqUvS9UO47bGpE51DFTKfbfUUYBvcleiHDUfEGoaafU9OF49xTf64m1sjoREvID70pKW3PrR2Q/urgAygHsW6bkOO2/R1t45H7YLkqh7skFiNElrEbenS2KJjIcm35RmX+5DEulGotkRd4rAxRZLdCDZJtBSBYW0A9jMlXdMAzQWwQ29JZ4l+GLz3ujbwH9J+oHFdZ9+mveZv8l07qRGiZxrf9Lj4Ulx0auqH5cGiNs7Fj2i/d/njx+9PXy8xuO/3u8vzy+btoRNHVq+7/fXx+Me5CuP8MdAm7MgnEASiGKYSZ94XdTkZhnigXhGlHg/9v7wfocOQ0cGbY/2h+PN/b6Ph76ECw6qrK1HrmXDCcrefUGTiFPVtWc2QoE+tgSfnbCYDXMiW1zgOMaatDgFLS0c92g966stTpSlkcHrLnb+BOd0Ve/078ZCeKJjZLVHx9neK4c3hbZNiQ3ZaFkTrxoMoJUA9z1HRCS9EKsmctz2kuOEVeU7utgzEFkKgBtjw3hSYpol5o5rxHc53hg94LfASa3hSXeBZY3CZgpGiJOyfkLixOSw9E8Las4HpPFFhJcTUUpEc+Izx6EEaYxIkX7ducpQGCBHstoVp9eEWQPXatNSJUUSETTMDFLCIwDTG8U+rxp11cyp8cdp4HzFr8yhxxEJPTfk60UbOkyRFMimErPUXm88FwlELFawy/5631++HvdvV/vDxescPHUuSP85hs6uZlaA3gjulHWpa8qwWKpBrb2ZDhXnmEkqtdcRpwtlwOqluAVqj8YokLLImiGkGjGDf+5KMfpJsDo62uOxaStmgk5Uq2r2gN40CVWwMTBf3MTK9gYI2rY8O3G04WzkPlc57wnkQxGUNroPRnAWKSkABoWwjNGjNYC8Nalv3Z5aXNh+sI2g9lomJMpb56JOMdh7KF85lvkJQyJyzxiyZy8fYwEc8ByRQJedPZeK6YqdZClTfOcvh0b2vC/eoXxiHN5W/YMsDx1Qj54nlgqBqdzoZGYtTcHppVjlhlmklvphglYTmUmMlu7pAiwAOow5RtIo4440YleLkWOSXqnodVucp5zJnuvPxDbw5kMC9QM5xFHV4FZLq1Z4lMsUpgmBJdZCa1EXu1rAKdMB0XcnrEto2L93RG/JKAcKYavpGSd7CUmds047Oia0aFLntBTXi2d1bN64wdsLDx3tNG17Q1cFRao0C8eFAHSOO23LccHL09O/+sd/ev4vf7p/+3b8591b6glZ8vG00cIls8x4ELQ2rk3wFw+eoiszXuiHt9oSgadmdgLQFos8Qq8MGPLq/vry9cvrt68Dgwbl/haCDjAybTyqHd5IKabij62NCbndPoBeDKK0IcDiPQMQR+eOcqz/EeTLsX/cBhxG0jB89qgDiAeM6P4jjBv0dgR5IArtvJYBpYBl7ueB4XamtxHvN4brPTQX3Gh+ECLhfHN6OhKfNC3PoQeDdljckhhISO8KL9V20rcixWqJIsBEsV/CD2qZ5jcOoeUph0VSvwsPVxklugqsPOTLeZf+xmKpj1jZAhxd8agYG45JmQaS0UM6KNmKNLdWpmyXhhKpHSG1QZWJfnSdray4hGzeWFZSzuCPXsrIx9x/y3TIMv3r32z9r55nS2pIMn39OQCd/+Fqz9uZna6aP+L5MA+VgWo5RdO2Pd+BZoLmD7m0y2n/7mQsf5y346rlNqzn1nfJve+u+MOb0fhbxpo/5zTY0sFxAQ7SD80n1GXwaRwLwcYkp291ba3HeTse9oWdgs7qAFotTnrPIrl7JbERbEd9u4vqGLybGxxeyG5u/hg+reV6bqVPJN3ETvOU8abz5XPZCWUvMHA7LweXYO5+y1nVFPqSCxKgA8/b97ZYWUm46MmZWi6yDHWuVYE2qctszvsy2ybLJJUWEykDMOWByPfPn86NtpxDjsFqIvXNA75/qZ6Pu+qyBnka18Gvf/ruFXMOrVo1FhVcPX6dR327wUzkrfxLqfHnTueygrLIk7+t12+1CSHKPuwkJJe1K0xU0t9L5SkpB2nSlL1BK3K5Frt0LOfzpMrwhSnJVTI9LZ0yTSwT/50FuZR6w4lmjV8JB/A7ls4zOnDkQ8Cdo/w+7CbQNeQXszLZKSmYi8dhmLDUZwLCcyTxM3w5OD1WUWlqHDfDL0t5uxKGRnGJc+X2Ca+qln9UhfMAar3xFzP3DkNfu/DunSz6AhclqlmJBCk/YEoeW4CzubqBr43fhqdgTrHagnNPs7s3czNBpKLxPuyNYZ8/grgA6LNmX+send+2YA3E2gXrsWNYaK51uW6AZ/ZD89hYuvFsfnK5XlpOl0aCcHhODrve5RHeLrKDL5LZTQE3wUMJboOIX2RVYEDXCDIDz/XbxM7ZyDKptgnBBt9P8K5RECysM3aqce+hGPv3Ep0hnXbY3OonTUtAzyDlbPghECLx1BLPFYYB5mCrKpoogu3aMegxsZGyjxL7LfJtd3j/cbbGLBpv4rO9BykC5C1SbDSQHZ9qwXUsYhAHatW9GHNHtqHnKA2JFTC1Y8LXgH1xqBtzqMMl6cmb3Jxh+3a7RgL3waMeuVygkonJ9w+CFDGcuM0wMw6/OG33/XF3upvxze3mowgcPRz4O9iTw5MdM2bPz8Pd+xJNkBu6UHlHwvH9YObeH77td/Ch7IelXWVpaSF3aFzfPw0MLGp4xarsM7JOowL57lizt+xhNnVkgI3vvQxvbPzv6uELB16u3slIY043VS0VHwXNIfws68WwRg0+s99to5+B2q/IeAJ0BdsSALSGaDKIUI8EWIBd3U60DJB5CbEzEReP38uDon2pjT32kAZuCGYFUJtMQT3RJ9Usz08Dvm4gkVxskF/MaNbI+1stpUTPOz1J1Sq7rno3IQAhxiiUA02Oh1vsW1Z4IT8hAi2NheuU+6Tt1ORQTrjFxbTyF0HCOwI4U/qiniQwrej5ycLmwIgjqrBxSzu3sCWUKCRuBQLK0j1Nu810qqmenJZlT6dNKosbhk+mNiEeCB7koC/vUKNLUTI/CZ1i6W4jzdojYk6RtEU2PxNhFaJOIPCDphwhj7iwU8/3VGKhcQY04qGgcW6PTibPI6ixA7mewAArlCPDN/ZT9B11GGgf8MjLt+P16/W4X5zayCNJAUD7mQp7X8sVshCaR3IAJG0PHrfbrFLSOkqYM13NWE598nHT2+IV8D08MX5xPhBmi+f3aa1TBWJKNNa4Ry9T5OSPCWtds3QHwBRDAmIk2N7Qr9SFMFRtbFg+kaV+74yC5KZZ0RmGFhEui13aO5E/qyRYimT/RjTfBHUBg9N4np48D5oGSkbcSLCIXaWJknCCJQsILPN5WH1V7hzL1Om45Vi9MWZPswrbH1Q22OE+I0MrXD2aN/ZEUNQGhQ/lQp+OliUIFl5rhAuiY3H0H3RDwjOiI9sa5Xpa0E2eEQa184g5jIrQQYZu41EzNIbPR7C9I2oqDChKZW5hGlcnMeRxuYc0ZntkXCvDMWkUxjf7cuZR/pY6AFUlfOIq90hnDYYevtfMWAliGSOL/cQOyWYTU3j7Sls02Y84ByMS0IL5DRkFpr0mMspHDmd7GPrQGzywH6RI9HsIDcltiH06LJKxstcPAa4+XZ6cPhhdHDwKpdvry5f9eD0CrW612a3yTiwIR3IPR7kBuK3HsD9//ukf/92/ezw/35+/ffv1T8ok4x5bn6erpdGOB001WGKTuk8y9w/bXyAWQ8Sgcwn2/7CHCt+OpUXtswQtm92HUfLl1z/0v1e58WygGzElz0zoXuAVK7t/ANBPTx8u16ej3zmehgiA80yHFvCGNRIVhyHYQxj6Jm3ecNDD43EKYtxHt0oWDJ6taGTjxWvDlLvFCcty6dDm88WdBGXYBQ1XubOiO8XjPuZ5RBCGwefJz3YNMX8l6ZIk9EDUqkAMFNK0xP4m6DUldolmkfWYqEpSuJhWL7W0MNmYDFfoZZbYYm3lINajYHUUedBU+htMYgG0eqI9dFTrMqoT8IbBQlFjhsCmFHZomB2+JfUMifTVZ/ALRZglClkTyz/Lu9f3T/nyPLW3lyu+++rp75Z/zbmSEzhr37vH+acTZPXjj9sCdSW0aemP17CYuUTBS5t5sf9U1oHp+wHmzoElm7/lJTmSN18z+d5k//hxkiNgXibHebrMIgJqooFjmEiK+WXCqcvzfYiSvAmPAAULnl71NCo+r4WNjNLH1D6qeWIz4QiT1Kr6QzSDIThcTUqd6ny+XDVqxi40NC2RDqUWltpYlo1ZbPUqJAt168jmks2F02JNp8DQmr7Ip5BVlqxnZ9m+S+bPXHMgWJ1f4duNqdq1HZjGVwdJT7vA6mNSC3tafOHaSk0plBw3Co3pAqFrGaVs2YR/8zuy3HUdSw6Rq7AMBOuaU8Q9kIfv7Yv3m7NUC2vLIeSf5iHVN8Dw+8NF1AUOaW7iRBt1/STuYSULZM6M2VzLZQ5ikOtWkBItf1Fa/tW9fpMAdC87WlMIJBlCKUGrPZVbx1IBqKQ1DusdpDlWSSTxOYq5nrK3jtx5k5RekepCJLChp4ROjwDkGyrMVghOZM3A2mzrGd1mCO0glxTuG2rFPK8zMis1aCRFaMW6M290MKIR3VF/0kzNO5wElr+Wz4yfL8nCNb4Q2cHg5XKIASqA1cdIhQ7aisyINDwXLgj8N6oV3Woc9iexGV1OaBxGf17PKfT8MXBTk4zDcSu/vlN/2gXJpGM0l6AztqBLcK/KCR/CAd7p57To1jf8h0gJVbYOP4rrAr3XBgzY9/sOxDH4JTpazO3R0M8hkVivcZ1hzQbCCF6LLVg7HUH0NWsztWgY2bEBfQrGz1tjo8lIcvUxbIU6YEZFrxdveOVsvXsgmw2gsLdSMduQCxntDZEuRJZqoQ5ycpDxsXGRYbiP1dZgKEbauCFHzOFTvww4GJDVCxD3ul16Vuf1GYRB3W+kmKs6h166XZ5XFCzMUKVjrgaeK2BxYcfFuDoqqn3cngm5By+EsH7fvxls1JcISgxH0d+/3q4X9qECb3VrTx+Qo/b6+jrWbzwffDzPUgdzctSzIssmzlG4YAH+1vE0IxQS2Y6OIYwrI+SAkA1orSNbu6Nfeosu6g7lRQ7h6/1+jUY9XpUfUxGotG8f9/Wed+SYf/z4yddseD7OSO11xo/xy+urcDLHVttfxtm4e2/EAdp7MpBXpT6A4CPhP0+FP0Ccon7pkXENagVD43tHk7rzGo6P7kGVNuIu/dlTq5Gerha9CV93fd6314c35rmBMBrSESiRIMUojCico3KutAJgmFMFcbalm4+9AAe+B1kpds4WahoIg6KZk6pk/CuYE+bLCgYqxM3vcFCOB8FCd6r6LY7kBSIatHAOX+X3kBWLsom2lWBz4rYAABAASURBVHvlR6hNLAWWCAtvY/e7gOqowmWH85DRPQ3OkJEkzS+TN0aJ7UR73W2THbst+oKRqU2PcmId8ABtN3j1UTkO5u/xjE77g46gEC+KSu1DS4FFOqtiJeLNXCsUjTQD6taGuNriTIU8b05eE1fL7NfuLVyp9qzMZWE0K/cFbXNQEseHN4p/H7arg53aRNIwTS1HzbKE+i3txQio3A8IF+y7Tjp+rk7vBMmAMaTXbpGxeoDVg2CfF2ub88JHnFUjX3FsEkCfoRk73aviNgify2/vfUIbsTln98UMWB+Roecv95cvH/bH1p6uFw1Z4bl+huRA+JOwEsBtKlwRC9J5RXc0pXyw7OUVEqNRp020LXgVeP5oNUfIde8y+0yoZaVlerCyiLaa/Ngbl7CkffshodQtikhy9Jjp4X0OCI4QKw9gCGUE9P1QV9KkBIEjoJ22P3h7APL0AfUHFexB6o0m89GOCIo2dpvY04jyyZ7+AS2YaOsHJg1BMOnYGG8KUF/BByI4IJq80UfRFIGCLLqfeejo6G3B5wFYJn4GQUZIqySR8N6BIxSvBEyxOORhjIGm3YIqH2rRZHJHUJBJblkFCowAs7OjbaSAQ+2NQlAkoGGpXXE2YlqFif9jLS5Oq99gUvToMOcaJlYhggsox4hgPVCwqF9B2rEkEsAl8N0Ol9iCe0nZgZjE9g1NjzWbScYQYIWiRYIRGWU66pE7OvgTUr4Zgwo5lbXhIXqsPyxjjtIKpTrIEEAPNI1sArktwnTkHIMRfrQHFlTaMosoZ3Po8zF0rGfhHrlT3P68d3DOd1ReuP18ffrwoX3+8Pn66dP49+9uHz9cvfTh6mkD3gPQwZCX56++EaAHSbeAUELsRk/dvSRIGGwpEQmMzGz5/K//9b/69uXnn//L6/15WIf+XJEdAR2XReZBVhPJCWHkHyvYAC2ZGCKTKaio+Rbb6AJAgfEQKx2DHPNzPeziQLknQf/65fXXL9ff/VGQf91P4AExI0pQwXYlEOHTtY3Zuj19en5+ZHHK+N+1mg2MExQVWEgY2HEWxojvXqDlD9WI7mrgzSJX7Vq8nBJr7NB/FJZFSC0+vWeuOsGQ5CsO/OmIAENUyfTM9Q1z29sRvr6MJ/DchNttSCy/rG4JV8HO6Qkh+1K3ZKDoWRcB9y+aDUAiiiU0QM0JZdrjntxqaWEBaCIwgttBzFfCdOpQzqS+wRwMdQsnKOP0qhwgKV/V0lIra84CaPaD2an6hWsdLUUYvkdrdHrQcr4hcKeeA65BL1DKGRX6DjzER5Qfvspst0onFVkcddO/DMnwFlpK1VYs6PRKmOu7Qy0TGFK07quFLuWq5sqlPrEc7ttx2TJZsk6G0gIyvs/HFk3JDV2fDb//u17njVMxW1ums340eYtB6gkYJSKSPVoEGiyjjfh12T7IR6tr5imT/LemhSNQDnw6zSidMWSCj9f0WF8OYKtRLnt/3SNW7sqyN/XNYlhOCD8OpyF3I1FX6jEtxBB4ThxvZYizEtxC9uP27q9ByDImK7MUowa/gKHrzkmzYAl8vNsAnKe2JlRXlG2eZKu7CD06EeR3MIGiy2nmeGvNiH5t07zq21mtsSBDItaMiikPNPeYTBzW8oCnZE9bIdOp3z60Jc7y7nVedz5DF9bjWK7Yus2tvti+Kx/gh+bA5irAvH63EHWgLfMjKo3H6oJSclqk7Bb+OWdUVf6ioPvrfP0mAWikdaXp1WqrZ+VB/iqL7F2qJ7BRFp54vJmblRGe9HyZ1aWz7OgkHUTmqZwiBgRpxgpZ97+nskqIRCzN0XDgM1swBN6GxAtD9/iG6HVYSEf0CIpURdJDr7W0usR5JBjf8q8hczr42lrwKuyczASmm5bHSBUOGslyrDNZI5AgeDJwFdIxxt3Dw4HTMGTZTs0TcpuD6cCZLppNV8H3XHSJFvDDIxKPOScO/KIo2n+P3iyehji+PUDCAd1kK2thy3jPRbKop/SZPICPo9NY8OlqNHkba3CNYj08AhqzNDo8PcCII969BONx+AkUT1ruoyq1UWUuwhSMZjKRmNYFmephbQ8XZ0MycxTP+gKz+VWk6QSCr9GNsG3M3kCSpjBNE2o4WKR3eYT/Hw7pvhMccZvac3sd5XS2v8uwy40cLYJmfWOsR7QBvDSq2h4dCbFFkaGMMxZJuI4HBqWI34g8FX0AtY/b9apKbm4fVaQejq2FgYJUER2CvCVW5E1D9ydGKAd7xI0pvljwkoPaNEoyo4vN45EWPcrHSck5lvrhtNSMoIyB+TRGnYG73YFKO9idNU7bxgjPJWDRzNn3oxlRGSs1G8BNd+LszT7eniyrBaI6FMiSw+jDk6Vm8ojC5clTufU+HE5ok9gSTuJx7O4WB1eGO2rRcfBgPypamhqJ+bCzOlG4HimxwxOzij042BoPMcZ+fzhQ/upUIA8QG1hklDso/XBcej/cuQ3MmuxgpFmI6XC400R0pZyyVKBRpy9McExzXpFwKViGDrpYDbpy9p8S1uBLRDsOWJLMD204e+RlTM4BKfM4xWeDdPEM8SY4BWD5MJayzkk7fDc4QQT5jwMIS84AyVunLTuN/XiX/Nr+f/b1E5zmjnqIxBALTgEYE59PG0IhMJMbQoDVZeTx0IcdvOr424YcuZiG4Zm3kNzjdCQADEZ+X44RtwBBf5yqjuUGrgeEUWinIQDEhp/jyteGdPlQBIEP9QTMOmycorMjSAWDjWm5qRqFwhzecZdWNXpYhBCRLR2+DjYZCdSdphQ/3dPthtMCmRnBRURVieFqUbcTDbcAIiz1d6KGRPOQnOASohohdbD2EN3rRy8FC78jMa1QlWheNVbgfh9gxbfH6/M4y+3qFT4h2GIkEPHRw+5I8N3LP5quWzVyjn1ve5e1nJt49AON0qRSbaIbqXe9i0BmK+TIyqnhaGmckC0iwhJUoCI5F4iEBEO9bOWL2XQpATBY+YVc0wT+rUhFkBa6Ya7zcPb0jKSwDgOwXzR5SZI+yWHTMuqobkEKZ0QL/DbH0cpdj5Uvvz3AXStZ2KtIIuKONA/g1ZT7z2ohhT6asAAMtIwVudxgczmg0K2MDRetztrkqi0KWiJ0lmHzOPTBOuUf3EeEN1oSbCSjHxpnDwFiLAzBBCk7SAbkE4Qj3ssZ6qK1dOi5HsqsCSDeYQbEBUFA7BwCHjoKK8SIcpoUFsx4GGOAhCibpCKkySSgEdeAeoFnTmyrU3Z1Yf5joj5MlKSQAwoKfjGpphUWG5PoGzGDiahETBFfjHqung8bliGjG5JIWi1c4hUh8GO4oT4UFkEQhw2dh8KvkEs+pCNOiLNlvHTvr+CdFjyiAyqaY9hErw8HptFv2FXSwCU/fP5Jr9cPXiUyTuPtw+2TZ0B7j+VLSOm+v7549Zsb2UnehRlUWraCBnJITVD0DjmGHXyLoKlct89//6/+8f/+7778/N+OX39F0wqrjGbJl6LuHJPnSR3c+kwV0JYiLCGSnC0wkuFkTSADR9I87XnYHUPKfFR/4OPxeHl+/TIA6D/QwYf2a8BKQuWE1PG4sqSbkyRv0VH5adg2L8/R55nAdGVr46irpwZE2FwXbGjDUkKpQ4KbXMcAN00VhNXGNKvzd0d2dgIsSN2Y2cUoZjj2nLMA9uOhogzHF//Rtlc/q/3qR+vaLyO2cFnQzditLRuldqUDheBXaR+Ol9NlhKfYQJAX0tR2UGFWjOr408QlW8w1y650BSbeQQ6a7k+xsJjZhDnq6qlUsFy9XNyYDE3/DbUdmZ2tjLQTGDWuR4iK9GyNRrwUIMScP8J/Wr8sGWC24jK2IC0qP3xZ+ZjLeyUPphc1P5Qgja2X4EPYOgxlTaSVUw75LLpefLE834xEl/UtPFhWyGi2goOiza/xDConLcG7Gu+7F20t/GzvJixneUUg3lzlXWK0TAjv/LuZvbn1Yqqt78o8KRAWfLqypognG0WU2cw61pyfslk0z4jOI5iqUEtvK5T6stkXZC/lH57f+iJ4ElCZuIelwWfLylMziixI6OJzELLsCUAKoADEnA8eGFpUUXxYZrIYe4rmPToVpNTwax9oOTyZ3aJCuqG5iLTappIom24CVlYj13okZtuandy5uZm5V2oxcu8LkdNWVAJ9qbcrzmmrrVoIm85JEFA/5cPOebVULXGMGr0Mjj+PHTc+zTl8tFBcC66sNCz0Dca+vCaml0tg1fghXZU3H16/LFQuukiKVVEH8dv5ZTLdxilhcoTKrStEH/iBKZQWEWVnsfa39fptAtD+rxSWqefF5q7Xc8Bj/RY+mPlvKfxtyeGi+SDrTVYNxndSCfFOuspqYh+y1lzikCEDSpElYFr+cdroEo5OHDtWQEJ2QyDiCZQeFXuAwXXnM6YI0nxJWVHu0V0IAadHa4zgcxxC6yfPDEYNcy0/XzfSDJARTsr67xJMYSHWMKChm/AZN347s0piAJ7QGG6PewxBEzGc003oZ/UdgLunPm3/f/b+pkmSJMkSA5lFzdw9IrO+u3sas0sAzW1p73vew/7/4xIt7QJYEGgwH5ie7q7KjAh3M1VhCL/3WETNIzKrBoNLdsGqMtPd3ExVVD744zHz4+N+MzBRDGz0qBQD1CD3UgAEOM6GhTSukkCVMCwndu/KvnD558K7HX4IMWnmOSRVqK3ZoBiXOkE7mmwLw78Car6DQBrpN4iWbEqgU1K5ejyiDbAdmJl8ATDZfN2lq+C1NDl4MJSwSQ92azXKSNfazctimO43PTsNb/hr7aoJl/rEtZVxw43XEexQkmZOSvoLTqd23P0JhdyEwDgnzIVP1+WKXLX7LkIOlA3DNR9xCeRPxeXCpULIAHXODbnt7DWEEQ4HKqlFcEQ6WwuymycGrL0KUCEakieN205spVT26eZksf7RlFMKWD8z70Mb00UnmtGGy6UDyE5XdkQoeEMliAEsxp6/Xp8IEhqwkrER88wOYLqi0VjluO9xA6VkcsXAXwYDx6EtCZoEYQZTmPHuhJV5oGD5DKfYnI00BwB9vN6zt+Eh2C7hvzFVt9a+3PYPt+NpQwdFJNGxAEE+MKbuUJ3BWaNToPVW8sTbUqPG7D0ZS+L3hlfGdNsJSJa3LhDp0AV6TAHssyofM8CWoFNowb7LBKiGgJLIa2nryaZSqr7BWcLXKnrHKnZ+DCgG5faE8yA92PJNVhXtFlkcC+Oid1cmuM4orYnWiStL2m9WOVBWRo6WPgA/MSaUv0wPyZj1DYZXRu/Mq+kg8vyTWWVgmm0LWqhEP3QXX27qACE155V2odXUQY/ZIayIJHnB6gAQKgimPokyNq0QL/VnKns46u/eQ00NATUdNstBJPZbZS5TPzHO0ZHDXoU23vvkUWlK+Kydw1Rj6c0gkUu6AxkYC9aLYFBJ99mSbsKqMyw25WnES4N30b5StOR4Bs7/+vp6+/Jj3L745RknOM+xcyqCrfxs2tGN0hjjdBOGTPhUBu+St2O7AAAQAElEQVRKcnNKem19rgXENTcKw8JqHifV5HMTclOOb97ud5y7xjCqYExnq4aM2RpJAmzi01ikYt/mTiRay3KB0qRgcahMQNbIeyFRM8zZClKBJuxMc/YKcpLkxssnxIOCr7/oleg9iG8VS8qH9rK6bR4YJeMoH5mTBZU6eZPlomh7oo5hFeifjfbQNko17TrAPlmVjUEsT34XtFF2VmLBYAP9VfBwJn9AtiDek66hlVdJicGwDNg2mE84ZZ5wOwI0VHXg1G1le8TK5+Gs8bmxNSqNKFUcwHFYRlzCzlZpJYkZvT5clXYcGzV4kTJDKWYXzmjFfoz1oOqDxGYaB6MziIdKcGAzd3NxgeXTs2+2YN33ALR8LF8wFlQX2oSknaACEY67zOt5I5uPJUInb8pW1x5u2YUBGGVs+yELTrF7FBYlp9d9/3KQ6Qp9eDuCPZ2/ZzURObtyJM8vH0Z06PLxu531CCTe2K6owNoQhIpropaXrB9qZF2HzsuTHqyQo9xePkLUuQu2SbXry4ff/t1/89u//4c/jjH8+KP3PtnPF2rSlhwXNkDdJuNZOcLyWaIOjKsQXMcnpi3PAIGAkIaRwJaM/f726Y///OH3f2MfvpcZoLNWa+BuC+Je3jQQyUwZf3p+ySIPLSE3BGi1EdPLkYH9yND2VdWO2N5tzhFZekrGhfYB25LKuCoTIehy5NIwCaM8C1mqfVsCYfbOoA1/f8Ps5tKj0m63/mz9yXEl3DjK+TLmBjX2lV4iiUv54O/xhHmodt98FhpoIBh711r5CT+CGMXOLjPGFjoqkMzP2MiSY9KmFmcTrf5U/5rgr4ypM5JRuHIXf44+FlLk7ur44I8IWK2AdsHXQ3PazqfBPAzaHvzkn3z5+spClqUN4vyh+mdKP3u86xrr+tLZoDWzM2J+evNxJO+/7+bv7jQ/MOFOjsrnZbhcjzhxyWwKwfOzLSC7nlH6rJ66Hqwe+T0BQHxjfA+Pt6RGnP/2M6+15/WzxtDX4YShIPMiygOekQov/9TPF6zT6qSEoW1UGlHniFKaH4WJ7YtAuYYRj+t23rQLWD7tEIrQWM9/3rfx8MA1SyXOeTBOGTou091UhSKJFfP48rjNMxZaYhIihRZwIkvTnJmlHtO+eXfG7RSd0IT7I0Rdw4n5/PPMrOM0D61MpjZ3G9ONJNusjJW1gl541pxbRUO0309w7vRN5uoUSGt10NchqLcfz9qcI49JwmaPYiem2XF61eGroswHQRFTuJg9hszMvhbAX124jneYvQ8DPXz2NPXnd+cBXqpvXSZqX/tfJDj/hb1+mRzQSNOgEmAlu1YV25V9SvCKKGesVyFb027XRgh577IDyxVsxdohsTMFaR3KmMf00Q5VYb1sRwAQ08w2MM8q2ZKsEaV6hpV3v78lF8EwlK5bkZ92VbmJplZpYgCgVxYCncOJNVfVrV5RxY/gNEjTbS+6TF5NWTDK7ENejyBjALiZ/ON4EAHNRFXqkfPuw+SHrViJ2GKL7hE2CVIl/8Ba6IZ6XmagkqMNV+3MvjE5kEYuOWMmUIo58CsiUctZdJwW8NXbwXlOVjqOMMjIN5yRstWD6DD8J9+uF+ILJiqJwstCHNyEunb4O2fc9mARcVPdn4PaeoedTRVyVFNEenrpqLh4bMFUiBqVVtW+IaGTvhKgUqcRW1uIIjX7GcnMzmHyQYQrJUKX9BEGUBsky9r4nDF6ts1FCwKsM1R4aPI7OJJCq+mUQxxifzJvON1NzNZ4/wld+TKprbHAuYGE+NhOBhToYZOTOwm229SMMmNA63Hf/Xji+oPKHC5w7kzLFlAJZKAWNj+atebg+eDImY3uOCM4CtkvEv0o6U01QaPpTSZ8AJQBLQEP7QfOjku35rAyK5rswB4kQuajDO92i+0yRoByRXK7jH2XubbZz6chUypvduRGOvy4P2U9b0ZNGEJJsua73fZ4TeoNTMLkgC5khDwFKASAMMNmBsxdVV04mDtWaLx1z2ywAUDnFVFaTSzA7368bf3T6/F82dEyMcAuw8iPn8wDmRO2IB0hGOPDl6z6PhCyvmArKHU6Iw3WaD20bWFPY7IvE35OxgahnAepcoyhgwBsLhVOn5nSKcXRfmdCdUtagSvRcowPtWx+0Jg7StIyG7lVl8wwEIQ2paYbJXlljzIIEcjTzQ+Nz07uES/bmsmNoViNAbOeNbmBE5r8HgBC+tEFtnS/ebYdM9EoPQB2Y2ly9220NBvEshoDMlIPFg/V+QKJFKXruHUyFzUyyQahTHA1G8IM6PMGmuMEYEhqjBLGe5DvyFEpcFQrWdOM51zbOduU7+OhRQOCxM8gt9zcJJwQfn6TF9EZ2gOvOu05Ru6CdaPtQg4f5aZjKvOZQRHeWzEwNGeWt7YYp5pYraM0Hdh90t7AJYkh0MGuH3qspNYQTLNR2cnVkU2s8klSxMygiGoX+71vb6+3t88DgP6hPf/2soF35wpKIQj8ZObpzUolVZSTmi+WKQDxGH3mL3axabEQk12oEFLFW0qAuXCLs4ssxwrDg1MG1im73e6QXUzrkINSxotWkaC2up624nooL+iU04eE19DhD4Cxib+NUC46KHD5yRurb7HSRYvS54bJxGTpFwmHWH/tJ28sn35jRZE3ZqHS/Npmew2rmAA2CW0qBd6BLZ0LJR170YiVVvJt2PReQv+mtGshP7jkDIPa0S+kzC4joZMATJF23T8lx36/JTZ57ZJXVk6lDJQD/Sp2EKmhxEpFLO7snqDA2u7ifkf6LxOVIWyzmYNVXnO124UtkkVuOUEki+EMdwTZZZcBawTxGRnPuO80KtUcNIYotl6MYNotwFQbGZ2NqhqbkI8ITg2o+l5RgRzhgRFm9c5B8F3ct+Qbp7U7EYkg+5dQvB5RoFx0aTAZmLM+g1Zl2kywbQ/Zz1xWx4YBAI2YJOfjDsMmS31u2Q54hGLvt7cEohN2RIM75EVD48oegrG5fRhXe7l9vGX3hJSsl0Yqgk0HKEdxSQKHq4NWa9a7GMGCgoYraI8lZOsVZwXykOzjcS4vv/rtv/rv/s3t86fj9hZfXtHSGmE0uicz7aLUzfK/JVvCplfCu+njmXVhdUhbAQZg7nE00Oy04Ea8bhsx8pbldJ9/+OPt04/P3/3GMtE426BABiqS6CfUCx5SrErIMSfX7enlw3Z9zkI62Fj4niyEJEBjWXoDQVt1EUxp3W8RlUq8H4J0GgtzGJZxblYjX1OhFI00f2DmpgdBJj12W26KWeZA1I3koIXS77QC+zUrTfZrv19HWOLp+rI9P7fLU3aWHte/bHQTx1NemyqsvOI4CtBbyRIhKUiq6HYZGt9IRu02mxfy9J1JVLxCj/AQTPRH3U1Hhl/zWv35xWmV+Am1ePd6fD+maxrlifLidC2Plbso00ucIildho7eULdk1QV8en7SnfMu0nRKi5525DfHZn8BknKaZBkhcZr2wtvkc9ty0+V1E4v6BjheYyiHfo4/vprKtedLF81/81+sA7EVZ6gjoWUjcEWdsL45N9J6gDhDggu+8gJt7ZQ6V4sbBSHo0YMhf2W00daJb6xAIVvrOdYc1H8kXOiseQGUGgq7OIiNXdOZ/xwTFqgx2UwPJ+8GRVCbAHwB0fMWElZaxQrU2jSaD5juBVArQIPEOQ22duCaNfXYMMjpwrgfdya0CjccYaO6Vl3Ea1Ki7N1YLK+VA0wNArsi5lLFapfgMh0sJI0124IcjFKgOIRLZbLmTzbV3E5aWe5jnxhtU4pArGR/YcCVRaJL4LZMgujOMr6uYh0V1oPnzdZuXzn2AsB4JLEZfK6V2bS04iTrTJbTaatNg3aiz8r6KPlwnm1ZcKc/VhZ1rP0qoVgH7+F08yH0xrLLOVhn4RWnauH/dpJSMcdkXwuumJbf+vMMBPmaGfMpG+bh1+3WXtC5Pg9Qk+mn2fyrev1CmxCWGxYlSY3ns0xFcTnwoxRmrhTG2h3V186s8rfmi3txfroyAe1BpEsFEUa0km9WwC95jSGBem9yWBOaOcroXirE6TMn8QYc6eE87PRm4Z5vfjJQ4D8wI3VnicSsQpVgJWdeaQuqGbqlT0fbmbpyhDJ/ENQvmLh89y6HHVzKgPSA+JWTmVZbpvQZOcKSxeKSCXvo5YUq407LPQl3p2CsLEAVVx/5HBcSg/YSmOv8UhI2NJHbjLW/ohwpdD0xyoFcoScJMyCZ5xVFn4dpNeKe6ppNSACMxtQZjvJplupGJ0YAim1D5h2zQfd0DtEPKog/hujtMmnmaTtCmhYeTiAnbkOnLLiaaVePf2XtdTUx6CXtMeht8vJtzBAHU3GX15/uaRKBtAdzDGo6GS4OqO1s5I6EnShPJZHTjbAMi8dJfpLjuWdcARk/l41KseXz5U1DOymhuuN4Sxhoe4p+lItAf078V9fMno7b7ZZUCRvtSFrY1DyqLx3+y3CCpuIY/2L4ISsmbzmp49EGaEujMsqZRoYgJhHs0VCk6g9J/HEr1eDGTKYndNVKzx2ez8GS+/REdhJxrOMbeJoBCgtGvyRcAf8qyE7DQvl0RC/XJKs5El6nrTC8ooHjHW9xv/eXD42rOvz6TLm53wZe9v3331+uTwEE9naMu6QfPDzjt+TF6IIYOzrJd5l3AGgy2TtP0/ZMJisj00coLYB55oA9hvs9cO30uDMFOik4kKqqiMbx+cvbU/rD47g9vbxc0DnSmdrsjIcRxhrXNtHyIpE7J3QDxwpzfBJKM14Y+Y9w1AlwbMnHK6vSJuRQpQMUPEk4kBis4FGyf3CBU5psyOI85Ehr3XN+xYTDY0vwDzQEUV2hmABLjlomYmJrH8fJuMjTviclJb6eGyZZO6/M58sDzXJTTjK2NIaWY8WbR1WfwMpNVplAIGfbDpDUa4xdlGPYU6C2lMgFyAXY+m5YO3Q03XKm7r3G7AeZnAlIiP0fe0N0HLTKswYBkMpBxYbKg8Mrc3PflSTb2qR7Rbm0ILja80JQd7igjCV0BWRRxyJgMsQaXR3OQhUDVr+Ufe1InjWipuDzEb8OWqiZTQXUMZP5jc6Cv6mEi9yGK0+TjhOYBzMjapgWhFfdyY1ybEefwpoBm81FDW3EyuLOqmcDvqnwMo4cIjodaXt+sctYi/vr6+3104cPxxCR10tC0I6te+ydBnwotw0J7SGjAFWLciaBxls5Dpk2nvstkwFF/ODKd6wabe5Jw9nDEqW6kQPVCa8QMyy6aFA5M/hg5WQULSOg7ZSMGX0EBUuIJ1/NbCvtlOsSvdr4HuiuZ6k0LuSPKbbnLtMaim9aO+T9aOAnDrsDv3Y2meTn1WDOpqui5hCpZ9BxIUCS4yjZVxESPTzxBhpFDV0X0qFwJ1DwmpMDawjqnSYQTA6xKy8AAcIhdSMIoBJb31rMPmAJGG606nJi41AsXbaFgyA+wz0gGkKLgAOpsyjPynz7JEQH0NvTmMJ5xO7KdsWBFqx0wMxuSgAAEABJREFUwQCW4QCPcScPOQTEMfPdsHuQLHwwcxnsJ+GIAXV9nC5shrMC/r3M0qwhUlayBFBnlE9lUqmRDE+CnppsMky4G2zqnqUIDeHUTlc/mGWfps+O86UwT074oUEeGODOOjDEnlhZ4bBQ1dsO1Li9avw61Y7kQMLxbSIdUd62ocjqYFS8yluw9JnJykI0xsVTkSawfNx2Nr27sc8dTMEhgXZsEO+Fx0Okg80I2ykpuqonSiKGBYE7D7NM/IyQDQR6KPHjfg/KTTsqia0zfkE/g4ZumiZ5kNhww5J9Z1zy6eVv//W/fv3TP8brl0+3f9iSeSmZjYFITk4GGHtNbeoM5OPqrxAy+CnCOxndzCvqmtu+VW/tieT4dk0IHop1XDSNmGuGUJKG44c/ffj130SGsY9grUgiQhukMmlSpqs9vXjaJtvzhw8vLx8zxxwpxhmZ8+zPkaKDkeALsp8dViUI8Q9EZKzatbXLMZVzxmZNWS9SJUELXIkPDYzcGYyupJW0oUak4X5HCGSWMKY8uQ+rCfR9OezcMffb7Q0tptE1ZoQVn16eP34cGPrT03NDYZFELzIxCodaIOG7/Dg5JDEPLdbKZUSq4KCJEWookT1zEWjkQSCI15AeETnVe6v6UeFMRtem7mE/+YpHJ/T8a5idMEkuZqtgD9bYZoUUjHN6BMYQytYIbrUC44DBbQ9jqY32s/iyT2Qnfu4zNpVpaM9JDNGTX993ecg2DQrZmEbMM+wvePlPz+n5Cuvn0/bXMxmPjE34aV2R1JT1XRegMOGGdfWHcMPccHruOI32YezOVH32GIDDIyeR83H8/BRIGSsD/93VvQYqFGLtIi9cgk7dA8AIgyIEhAfrY2mLBqrGfH0cR0XuKtPJMJ9EKEIJFlhR0GmyxICHDZ5e7eeJ79JIrF6AhdwwYG2zMsR9JgLOMvFWhvlcFW0mzRLHo9NTOgH37EqDjpog/KJH4tC1RRjEZVKH2QTHQxHecwkaCnk1Cq9TUOLATlvWZRl/a22nAl2ftOLJEsLBuZzoTq2K+ekQ9lgJixNL9nOq7/nMn/awKUoA55QQFIG46SGYRHxwNb1CBGX6+zwVyvf0GXYxW4fkVHLg9hOnvnxP2aAVwMafaj/PmcO//AEU+MYkx7K362ou9Lzk6PmrET8nHL/9l/g5QflX8PpFAtDlxuV/qhMwJGxT/keTQjMKu2CITtEoiCqTGdrmSa+jrGNgNulkvH91Ak3xjlh2i0luc8fWFzpzUrZoJaOtJOrmZV9FTBcLMpgWvnKXnG52oTSwo0mm2ozJtYw16VXwQUkA4tFbjdEJGJDICIbwtSnRJkr9jFtfgFCi3twOgThBKhwX6C08i1mw867yRZFGgXTgAAKlJCjwi8lfy2pnpC0W7lGNSfDUGzrFRSlFad4CWvDaDuYlxkUBA9PEBvPA4tj4aFia8pwOKtCmDClncrK2E7TJwRpOdHWE086AxmZA2cSzyswJX9W5NDnbqe3a+AGu0U68opL9hJ9GxS1JeCy7BQsJveYHGp1J8THr3ItcbEvXYtva3K58dtJNMq5qBCTFg5StGqn2Yb33sjDzG4k7N/lSDYZo9utL9ckFQgexdDDQYABhYHhKme+S7NtoNK9ULOxH39jloFVcZiO5E54d9fokwkgAyXCddiHPY+ZWDzcns0y2a75He/eyZdMbkifzXNH12pDRepAZJEkYNzbFI3INB1V8vsZi0q1pWuDxJ6k35gYt3gi54DroP8gQ1vB4bm9vCUs9PY2FQcAj99T1ectGFC35u1+enp8G/D2widv9uN2+ex5A1nZ3ux3319vty3Ccbv3WBxgNSg/Kma5MI4qNiJgdrY4+EyJmUX+ekRuA1B30HXuiIMM7PkD23BUzQkrsePzXdvmcoHr2PYokSacw6rAUO8UQN+mENXmQN7CmhtrfJQUzJ4ETdjgJT3M8B2JTLF2FhbdroxLHzjZccNQPVw4OnhvwN562qe9aVBkH7T/s07tIC8ux4uMXlw//yARn5LodIsmlveSsjcDsHmV4icskwwQD1wSYrimBnaqMWB0hP6YwkYFUlpIfAlRyOxO+TVKgNjOzraHgHrKnVzWObL+dtXsAjBlwk0WN7GZaq0FybUxVZbxRBRCFY6tBmx4cDx3PMuFygJRYoEywbgJmKUXU85AFATIimfKc70Re6hBEZTYd4bDJkZLfaJty6aVfGxJXc8mTyZ1jaGKnFtlUWZITxmYiW35mkw8eoYaijABBG7LRYsQcB1M6DgIn+aXG+oeNvLDEBFj3cLWqtlDpCgyEjAIyIcRYN5G5q+MQ3V6/vPTb5jFEzoCg26YKns7+hSYhOu1yTZ0EszaK2gxA46uFHbeWODgyg0iHOfGG6gyJfStQGMmpLO5hEQfPhck3QfzNJ4a9zPAZhKnebMF2l/U9Ld3M14P0vtBt6znPrMDgwKjIcqsCp29KTu/s7ErGYmk8P5wSFSDaVisoZg/07VMFJU8/F50VOZdiAxuHZ9u8zPmohxN1SEkGvTJu5ZfOsIeXS2AC5tzWDEvZAb5mrnMfj4yY7eXyvGXz3sbYZ91TxgNSNGEFjDhfu1E4bH1EejPIm7pt3P2e8jdh1kM1LQnoEnAAtHsqe8s5OIZC28A9RWOjyIXHOUDYptKWQcKNnGz0u1CSkgiEIC7ozGsekXffp6NFIJxsKcpTcEXaNX2iSDQUPPQog5OiU2wivSrmDgKvQa2NigoQHE0t1FkfhmlnPxJ6tthKB0i0IefazBNVDNKshOp8YTMWYt2RJgDT6SBfFdXjns2W8T+8eKz4P6QjKPZOASlyYbDXNIRArk9PA4r87rvvP37/3YeP343f83OYBgoUKts0K4bBMdDKp+dbwt97X1AMLk+dFVI3Vk52SmAD31XTEF5evvubv//Xb3/84e2HT/3tVYwq1kSDJRFQG2+62ydng1FGo02otTfly8sCRS0kK43S0B4e3VYESx389Y2m3uuffnj7/Y/DasCBatRoAoWkZ6JE0nSl1Xjm+fnlw8cPty+f+n5rjekg56Q/iY/CPlju1OcTsnJIpnK6KB1ZD7ZNjh3B2KRhYefJRkGWW2/PHhoj1nBkH2dUESovEa2lxcYuDnsk0CDJZoS+hrIfNngeMVRYjXE9PWUobCOtTq4k2JA2Fv3ZAgPOoMBEF/qCx4gYAWzCn1myxlbZauaIMKeavuIpjlNZZ8zL8l4LnFu37XNDTKwjYpoEZvMNvR3nUZcBFdkwGXRfQYJtLDPM4gKH5i1OvkR7j6S4n+BeXzmejx8y2RXTfPhLXnH6vuBWqwzVuSr+bjBn5O1/7yvim1c5gZL81OkdKz/aHx9AK+RVhWXffv746vdvPYVPVLqIOlkv0SCudCcsQD/nma6v82Cqjcf8k5/vWh+zNfbzgOaXCRN4rY3VduN2FY6sb/pDCp7wzG/dNHiMipuqPJ1yVkuPxzoA/YT8YYvUkrhq+KRvuTJlJNks55pnmGisTJQej9N+Qn3leOCXKKQnuuaEzVjQZmlaqSFXbso9X5fCBRRyF2wuG17PF33CCHx/gc4LF7ef2fRUoad9yit2Px1lTUPVhs2197lmPH+25MJU0ISYbAHUVobw4yimXDgZrphDNXWlhLfT2r57+RJDjI/UfDw+61kCugstr/MqzCPOJ9ZO4sv8Qbw8/tUewD4N//x7vP+qneRBEIqcavT8x0f5/n++8vULzYB+2Pk8OeFTxs0tI0PwdFbmnlxJ76Xivn2bn3n/BFWbLl2ZESYTheKUNGdNCo/HCkmAtHprV0uKPcSj3IXMyEjHoyGHZZ6zqM9HXWpKMYxLUr6VqnAJhCq3YaYNs55d6d4hfUIp0ksEqcFXr1xgWttekHdJKKbEOUtUWFrr7FwvHMpb9b47SPYMSAKg9wZPhHiYrFjm2xBAnMSUlJaa7RWixIuEpgBB+Ohg73PRguQod7Jot2UGapukd5WdpfrwrQlscjbpO6kpisqU0io44AV6WSV0v9HYnJSuDJQGeJ+ZKybtG1iZTUitAg80ZfgI0beDJZ96VpUDLpMTZWitegOm74SpoJN/uWwgZ8AEAkZoZOxTG59yMapCFjZOWuZ0PjP7FT2gCJQnwTG7JNX24P1jzrkLiRBct6mjmgkDOgn3jQ1fePssIt7UotMUS7/Evt+b6AVLMXeaHqTH4JLp2lyfRBhA6CgfQbBOF8pw2rTEny6uKQg2r+vGzbWhCD+YSVVKF+WgA4O3Y38dYxtz+/R0TQgSnk7OaSZOwuHb9/bhAoKQuO37l9vrp9fb8ICy5SMJUaI0ZahpJf0B53zWdNE7SgqPMkPvmda63+F67+yzuYPjQ26fhMH9fn/bbl/eRA8yjMcnI0YHL48pBjRkQD5z0AjLTMCmB2aGMtHSykmHngebKEVo5ge2jrQFts+SpFU7zkPZri0Y9+AhZfECITaVpnWp8y5zj+Sj2jnim52mIFlnnUaSzgKxTlWTZOPQTag9HJm+Wmo4UOhkCieYU3a3Tcrf5tOJK/fbgL/2OpqcB7Zd5faDfx+xxP/MknUBfqZrIFfRBFxMRJ7KpJX8n0gEIn7Wpz1flbPKY62BUOxbiES+1KAYliUazSY9khYKdqlV3KLL6KxO5C4Hb6LwlOFGw7EpcIZ0P9nfY4MlYKQuuqDe5m70lTTMZcMuYj48Qhpe8CKLYxh4rUeOB6gxyra0aojn6EKlA8AEr9zeIyYEzFSEBIZyCjkRbTqQgm5uycLx2u8janO9DogRnDVWjl+iPXKMesns0srlDqmFYBc9B46PdD+tjmlrRyUgWxkjcCvVZI+b2lGVoEpTyjKuNzRQFTdx52tLdvWM3aoNnlSALas6QHjby/Z27nDqsywUULmJ6Jj4rZS+Zdzkgu1SguWhhsqmtFmY5n5KF3RyGhmAosPKGzwACXuJ8TKkbJox0/qYxkZi+oy/qghnFuL6dGtrvvRqKlvjKZitKJALm0u8aeyLsDNWko123ohOGHOOo18yjndJRQhejT1SCmdlTGM3NxZ/WNSu6HW0wf9ubF1Eoyg/eaBvq2R4P5b5x3OPIItyhblnqP2UaidWDkxG1TDjXW2L3PeNCyB6COXulTvl5W03n06nW5HFKAbWrRRLL5YVECkgjpr9OHYtdZZjCJaV0CRHB4458Yap17ouWFfV41goxVpsCgC50S3hOBg2Sw3I2gKO0Ka3SaFCjYbercgSYOEUS6Au10Sfn18SRf3uu199//1vvvv+18/PHwYo7cUR51MnpJy7ZNrs88esWsoyGsls+hZu01A7b7zaO7Tiec2tffebP/z6b/7ux3/8xx/+4a0ZIzKZHrEVImJagGkePWxDR1VBn3+TVyOUlh0oDprt6pdYTRJxXQLQ/N7904/3zz+MmDgIWJC0nR+T1JIhYjaZB2PBOjZOzIDjhwl0XyFnfOrosTxvU8Ve03LUpM2xO3c2fmT9ZZPqkQIkgskAABAASURBVEDeRMQNyyrdgjuKHJNjZUTzb/1+R7VEKwWiXI4yvqXimPjbWC5hHQVwAd63gWR/GB+4PD21SruZ9ZR2wjB0WLRELlTE5x7wZTwsJo4q2yo7f4naPg/sMa2pk3MpWMjiDGPUckiB2PQy5+JMV2B+o+Q9ZRGveE7K05Ly416GaKEjUje2/js3gPtfiJtIJs/LaDvF+kTMz53fcd1NB7Ds0zhbalQz5mH/R7zmoKJggjXKOH0g5gM9fuZbv89neffuu9mro3866F+/3FTChZ/p/YQ9TJOs8keQl5New+cWn7PuD8/4bhzxfp1jHc3zsajFnVaalsdAMNZ8bkEzm+UEbo//rXvV1CsrjapfekeBvtOdY5rZ9U5ptLK01txLnS5c4vSluu8Cz9/9qTJpY10NytvniA1VBXMZDHebEEwh2H5Ca00OD0+avJiVQam7fXU+wuLdzvz2K9bERUWzwC+2RI0GJOngVfSi1VgPZg9yZW5Tr2hbxAlTfXhA2s06LQ+P4pWK8mcew8KW1VrftK+Oip8fqu4yPwNfoJstW9u/daOwR+HISVnYyMPt4vy5enNei0/NrTPpe7/5+gsl6V/L65ebAW0VHOFpblOeP6iyh+1V34XJ208xpogHyXi+zYyWfL2Lz5t3CSoJpSn7rFX1bWFosg6nFJ9muMygzhLUhBORYRRyME0yH1be8W44pQ5sGfX5MzA93TU7kveTS9pJ/clUWOkhOmmbia0if/PoSyWfDKLSQY0tA0IA35QLwHTgu46PXwBBZ59r3IO5e8i+TPdqZxpmJzky0mk5sMyyoUt14L1NwETvJSxmiuIsFgbC2ZnA5aV80uC9h1R62TdehrHNnZRZtmTVNPZZkk4g6SkeFvwb1Z1q+Ccu6xkW/7EDBt2Y2r2BnZhzxSUj42Cr5UxksCxXsPkyk6Uh1q3oxJrPUstOEkgVxOvrOZmbMu9w7Qv807MXkI+Z9Z6+FShc+DI880XlJTZ11blXqgzuUqoVNgZb1bWZ75wUorhbYrhFv5gJWeU6MZNbu92YDESNk0/P61wSQzy0vUy7PeRJV9MbDFJ5YUJPDFg2+MIS0WOyVQ52y8ZzQJmBaZo5M6OSWwOTXuVATtaN8bG3naBMrvI1EyMvjH6435IVY/Pn6zNqtMHCmxWmGzdJ5oHGJRBZue3Hl9v9y9sddw42NiRORVuak9aDjDjalZaghKgYuuqa8kGH048i42yr1MnOwpwvlgGXNAC1yP56v2+vqP5EPe+A1sjPEEKDowqmUti0pliQoSgXIuvEYTQtXeSra6ryc2q1eYiMsuSPeBZyfQ9GYuBmUgjCb1Z59TRzSvbALy5w1+RTahFlUxQ6Wb5dWUiiIzA+i5Fhg+WDIYxGhiiS8Vl1AcCiBX1w2bWNk1mPjz8mc+q0L/Iih5KYsJ34FDQ+m53cFg6FyMzCEAj/hIgpKqITJdNQKpgc3JwITumDjG9WR5oTWEUwRrwXLPlk4jNpAcCciiDiq4CrudeCgCeCICcD3L3AovJOvHqMnvVd/oCFPoh9Vj4zy3PsqIPlhfJwXYIIwh1NQct6dEm3OqRFJkCGUaXht0K0IbbQphVn4ECuKbOnihi3x6T4qCroWPZqDuPI+obb6+fPcfuygRD56XLdJNv5dCWXaTQgQELpUYdCKB62n1wR7SeLwmckynplD3fm5tNr08nVCGkOUDrAGGAii8AESFu6CKrjCPDDIGPQ2Dx0O6VaW4VS9EQsrnHlUjOaOwQKkKAMGR5gCejCN/IBiwbEQLdi3DPasb4WlvyN7MjqCkqK5lY4kXMRmd4uOiNODjPijfcqx48wuik1CCX64Shq2dtKwl+9yf08wxO6wMWan2xFfo4BYj/5LRHnLULardT1IKkAYywutoGvpyffUs/a/2OIfuaq9TockOgYHGagE05BiYhUv2wb7ipxhztyhGiSpTnWN3bjC1YMoDsId51y0MdnjyqXMNPmqxdtHByA1lubxqHs4OlthtS3KpSYwEliCgRAiVwjCANkbSfhbgLQHcRIVpHAafJ6kv+iziyYoy2iCzxlzhqKOQQfzhIfnpoDuftMe83GGArYMqBl951oo8tI3ZAQTx6Yg7YqGLvA8bVdZPpmC73n56cPgJ8/fvfxu+8/fvz1x4+/Gr9fr0/kp5JsMmHlLVmgx5c+vF4+gWyGiW6INspsX/iV8OOT1x0EdxGEvrx8/P53f/OrP/zN5z/+4/G2KxTf46GjuJm9Q354Kc6tBEUBFpQ3XgUmlO5QZKlYD1Yz4HwE2xX0CyjMjrcvtx9/uL9+5mrDlO1KErGHm0fhDNOoaMKGIRjBXFI6KCvwpyNSMajwVWGDU+HTAETmNANTU4trJhp4zzaGwQ5yqtxumb98vyfTRnJX7ZS/RqclKp+uxLV00iJN7LQbMgX6KMsJ0zU2BebLFpY8H39Ow3k1tEKamwlIe70fC5GTqDUWxNpqTrtyPOOdl2lz5A83ZRLPwwDdzx7mwwjrIvF4URgD87xLy3x98yki+X4IafPz5Ze/a+ftMb1te/dy+wb+/NWnYMHXnU9hj/Ntp5E1l+V/7yveDc/KFTxj5brdxADm0B9wJdmu6/f46m5eqW6+ttZpGF/Pod4Wfsyj7Kt0m2/6+SLTFlsbJeyrkfhDZOs0/Pej94l7xHkK5r4OCqNm80jXY4T3AoJ97c/iuhQow+dwWUQcGD589EomCln+ssAo/6IMsndPJ6Y5cgs+zoLZtxGbQh7fXyvmDJz/qxuLuMzXlnYz1cbMh4XULeucvjTeXj3J1KGsmH8mlqKEg2/soG8cGcHX69f1sblzzuiU6UFddSKaeKtPTjPIlVBPXbPm5jysh100PSv+FiV9Sm5Qf0mwKM1ijdi/9ZhlEPSTmaKHYG6K8vHtYUgVGzifBV7mHGSzPzu5wUNHDHpN0oP8LeVQizxvuVKf3//x52/61/z6RQLQEZWmpUQu7fdlFFC2UPpHvFeCkOaNnXB8Sqwyh5Zy5jGPstrXP24P6HNdWIIWP/kBc5oflfAsX577tE0zr6oq3asRGoxKJoFCcxCSiuk0RjmAyadQhbkiQkb6m9oioWnbhD2OmcqCYYNVjrhXt4KHnq5PcBR2Qq5opxZsvoc24OG+bAXiLsTW6U04GoaEEC5nAWlvfTqcMnB4jkPXy3JUo8DuUfZAdjVPIuMLkDrUUkoesCs7LWdnnkNUkYijLI7FrEiCI3kirOSOxvHJ7ZHJx7Q+XUm2oXpGUiFAym21G1oBSZkSnPCGCluWEcE0owC5sotyMDnUUOHL6tVGK4spN8C9wqTT6GSOh02/8/qEJGVXdxUoqRFazkZvdLwrRdBQw2tZwozaS3jfd5AGs7XUwVzyTcwcU7+FyGXg3x7wYS7Z+3I8FDphkj152+/HWPCn7QJSzANFuWNfpHtGs58FwSQ5HQ86PL6j1wrRGU2bBIyzGwdP5z6StrGL4FVkBcDd9yTqlQ0i+D0vlJ6JmRoqMh+qiSKG2mjrM7vqno4xc705SWxaiESz6e+Kk/Q6HJ7qFMbgbpNlFC8vL9KsmEOQN3fSSY+/oifidmnJzLEl03dcr9d7kionR2WKFZBXZs3oPU8NkeSjTl6vR6MfxlSwRm4MnAJSGmaMAa17gNYO9LmSwrqSxCbYh3LtaSL6WLhXu0WSfd+z9POlvzxlZuf1wkaCBjzkRByRS5y11W1PD7ZamqHXJvFQHO4dtLaRmyHbMkaI17uyVrH0PL5lX40z1rbkRc1FAutgyAPrxzEL7mgugNAGSCikE6vmD9MiqLQ5qqHcFL18i9AqRrIjeRH8IBsZeMgqcxNfEJK6iYGMq2xIXfeQYSmiabMQLGOUpa16sZZ1xXG7xL+cSplJ/NhRRgqCH+oBQuMpRYKA+vzEhoO5I+ZRrBo2nXdJfRO26xNVL9HBkAYoDRr9lE4MSx0FyT0pdtFuKijhQm0KnDlYd/ydCozKUC9upNhL18imxAbCEHbyNRGLohbrpCMWsGhGh7zNFlduBylyEOFajRagyA6WLEAIT5gqkGt91rkosJf2B7DRQjLfBNoSr2psBpVMGMjtBSfmnmwKt/vb26dj/6HF89NQf+B9x2x3HgWdNGzWo9+BKl4QfDLxZCin1fqUfgVbbjnerTAOuFkY22YkH0HbWDAn8cF7PRpXpWsQteNo9vBjiBjmrZKLQIchCxIAyKHP6VEwVSPirLXJT3ZKM2lhnlySqIeMBB1BPHgFjvosjQcbsAZb8CZsjYlJQx/KFIHMwpnwMqY6TjSRYKMibOLrPyiQx82HmjD2HNvI9ELx6GfrvZWppMbIk+EKoV9p2oi563MkQ61daF6pqebJfeSZskyaHHc8wCTv1F5HyrGOdQ1WJzD6R0ZMI01wtiQF4oZuuUFabPaJRc2AOBqskIxQ0MKngehIn94yGmLC1lDmcjSo2cqyahArgfImUGvIClqOOibE99zx7YxB2zznOWiQVjMINgVDCqtODg2grtlYlvbkfVFA9ah6GILohzhmUzXtgdaM5IlClQ4Q7Ow8PCBoWuSH+BUgiQ88GYw2AtVVlF3ZrdgrMrTA77v5BXVJDPYHWb/x2xgVftJDXy9PTy8vTx8+vnx4ef74/YcP343/P7+8XNFz9EIizom00B1ojrTp55aSAH22UXaUmRnVRNzqOGUX2vzURg3mM/kUFv0YxMuvf/2bv/u7f/qP/+7HL19y+22XctQfoWufD0oB6302UARXGlwZxgYkUJ0UaoiloHjrElvfB2ibpGhx2XYC9S3R+G3ES778+Kcvf/pTRtBrz7mifdNdjrCZ8btcDC9iq1BiikaehsRxd3GTU9puQpq0M3qh6AUEhOSJglReIDDzLmhO4KAeafGMV2ZBoyeDpSMRRUyBYY1dQA+IuSyaSYgM2QnIg0NpzU2NZJqhUm7E5C8Vt5ZVOVW4LR2c9k79wZcLR7nZK7ZCRmukYDRkgfQq+1NielgRCB9nX9RtLvHptjWOr3FEV0ZrrVUNJWagjhupuQjwjJWN8owzzFzlSWv7LZyJ14Suh/HTljc9x7vGKMIFXijeY2fv5vKbL9pOViwKXhWHE7/i1qHlYP5/DGpTA60ZnHIxBC7yDZlnOo7UvTax32WBctJ+cmgT7vOoZFd8b47B7OQOrz/WJ0sYSEMwJNvYUA5HtwvFjG/O9rwUN80D3lpfqcOuc/ju61wbPb+KBFZ2ykmlyJE/SbKKyXCf4fe5Xeek0Ybl/1TmV/JQ4HNMaWvxLuO7Zv8MttLgXM9WAY1wUbNO33QGEv2rRxemyQNCX2kZ/noIsynSME8wOcKOWsdSsTWFeCjCAPhKr4u5FSJvBEEmRlRTe1owwVI17/WDku1q2DXt/vhUXCLiYvUnX+6LPuIPEqq2nsalbcKyMm4u/leYgp7Z3u/n05+W8Imz7NEJLAMGtbKbPKbQlvBS0v5wdpTyEH32qOJ1eg3wa/kvbo7GAAAQAElEQVQ0vzt/ppgJLfUccTl7a0Y4BA36PL2nVZvT8v61JKd94/XnJOa/uNcvk4JDRztObnC+06Qh3N4tfS/jvuru1yapIKh+8dOJrWNvNiV8LHBlQgCnrzPzpEmuVVqs+1RYJFWMEjG2RuVI36MXoswm2NrTc6CN0XAsy1aSs6pq1rOPAdqFhwoQHa2mTq7prSKbahzZO6uG0bmuvzG90civYX0GJl3Gn0gwpDLGA11o6QGpGX+616QNPQVEskEwD5dlFxUJ+EiZEcmcvAZ2jhJMkOTVSpsF3RnHb2qEyJRq+SdACMuUdZpOOeXwd1aMTc67zN2EkZV6h1wkJhnB0zTUGwJQJSINazKHuB1vr5Y9tAeMd63Jz2EN2BGUnuB/xXWHOXyHKASKb9nFhd1ZjA75TvY+Jh4ft4MyrxEXqf7qd2aYmlQy+SE6OjtJNTq5VmWrjb9fL9d2NLYlHL4fXffse3mgZXljo6Hp+I1vHRc2gkQamoNdMAxdL5sjHSkhkqfn677fWHmf37X7JT004ReOpkP7QaM3n3Zn6AOQQeOUoB4ys1qCSe5J//f0dO1gYMmLoPbSsTNlu8csBybbZL42serlxIh0VbBZboA7M1yC3XDEZXy5PKFZozwNbLC8S5IJbgCCABkMhBbJ70nrORzTyZ+a+2HbKmiwPT8/O2JXA7cag326viRgdU0M+suXz69ffrB+yxxKdI17ux8/viWkr9pocjeu1OYQLU+lnEW1SgAlCD/Zjb2w2KkKIFdnF9EsYAgZXGUYOE+d39HpbjzPNj55uw1ve0x2UgxclWNkcwOni7J1nMl86KOzeZrieo0dqLEOuVPYRnnc946eoqA2B/jQZU92pkTpBl7JU+ko2r4Ery/73QVYa8oZrXPu1gIHDlN30JPYk4S+YISc0inxHI1Gg9X6octueAArCwNpxgMReWPGKzZRU0mAhIVNc9KJacYEqcqwiW0WetlUF3jObuKti9CC2sleVNvuRPU6kUK6iaSO3uugaFuQ3ROu9Da88cItDpZl4PfOPnK8/FH1i1QumVTfN/BALhMaG1BdE/gxZ85pL8UKdvohcxxuK2Tx+Ci42cmlPivccidewLpjIQ6QQ/u8+ykhN/dDzliU89wEaXSssE13g8UizsImZsgqD+YQEk/Qb0zBgNgc3TKnY3FUo1tbOl42gGWQI3UHuO0xoWOu3263t8/PH1KsPQ/Y6ek6dgrihuBirhRaHDX0M7BJHxEVJ+A+zWNJnhIOoN+Ovm3yLrFNCUBb2b6QY/rB/MGvPbBpqN5YGmJyaJAXh6c4FI9i6QDSppvKXgR9kpq24CNxPYWmWmg4q5EQvDGzU85242mkKy7a6KMylXqRTkiuJsrNZHUEDB0tH/cK+80FwV5lrEgFM2x5kRSBXTkyPqUvzpFl6T1BFURRjqreYc9GI9G2mF1C0kXgOY4RODRlVyVDQG/zKZmNT/KWSuBH11H4nBvtiGw12BkjRyoywvMH/0TYKa9EI7PfZWyydwK6nvadolzHc1ITQzIkkUV+vwkp4xwls/wQDWwqSUMLqDZypKkcgRHnKmpj9ekS00Iq09NZZyGuiXK0KRZCXMJkqwoicVC3h7HJYVC/AxPse+aiorXCnswIOHMlerlbS8/REgZ5by+cPhhT1/az0vD4+kQuiIZSs5hfORu0hNH6RNwT7Gx5YdHTlmg8oD8kQCPqw2zascWGjn56+fj04cP1w/V5/PD88fL0kkRbl43AqStfnvFnmM2cycSTN9InSe/mWI5YEboZvKG2NNFYmex1TEWSiX341a9+9/f/+vbl7fXTJ1dOc5F3L1te7kyrGhcGcSB5DyvAAKs8jNUt+7psjBWrXxaOesv8gBiB53673a4AJo4D9RFDoN3ebj/+cHz6Yt+NOaoqZQqrcrvZ5bDbwl/gmxwo7VquE4DlYM8xfrLysjcc8Nwk4pCKUHmNIBHmrLcqKZMs4ovi4kB/amSW9Owhul17Qv9XWD6scuJUoW82Whc4YhgbydezTs/IDp4a+ooTCo38Nmx4XLCBs/6SvRGdcX1GkmRwzBlZUENnLyBuUqwa8yH2LWNLuVAOfeE6h5TX7tWcMw0OwtxEvyCt5618epVW2uLbYEScStu1cWonrkSrwnCsPKImiG2iXiKjPukxjJlOaZ+SutTSu0FMQVKq691f7S98CWQk9FN61CYqZ7JLSqafQKv533KRYjrhf/am81OL0AMjELiv3G+ikydo8x2CFe8gqfmxM27AOaw1t/dj9W9e7uGSyqgtm4Oe8Ux9evjv6b4PlsTp95hy5jRouXFSuDWMc3cEbVDZiT2U2n/Kg+Z2lGuGMTaaGlWDKHej6bryPTIgG3KCYjL4RxmMtLtmZdm7+V/HEzKxsD+hjbX73+3eB1TQxVtvPi1zWez8K7oEdZNXYLKbqWYfrky5QUPC4gEl9wmbnj56GoxU9DuU8+FJmY17BmtjHYdlLH1jkt5NVr5IkwL8J/rcpmejdI2zVQFX3dbi8WIaH5lC7SyYaEj56ZPzVIcM0YdLFOwdEz0//0XW8vz3FHCaxmIYnHdaDVBCHrZ9QzDFO64Nt28WWEyh8NUfXPb4w0VNvE7fXk7/JvoMe/Zb1R//0l+/XA7o+k+cJHqF5gLJAcqDptgtne7r2J8yQuehetgb/ii+KXjqE4Vl+7Qd6gzQdlPHB+m7CrWdJJEkztRyyyAo8zXtFbQPhMVmtuRzJkZRb5+OK/8Ll5THzgDO5PeYg6IKXHyNVgkt8L2ScQ0JUMOE2gQI+k6OQs4sKUlNJmNX6hpr+OsvhiwzL1NNghPYOVIf4GGkH29K6qoieYy0h7LtHEkoms9eRlGYgrUsrjtbQpWpwYwvOJTM8pMR0ItrgHdqJ/PKqkn0hfyh0EhUreq+gETeIhmIOWyhboWw5JwOnI1BOHxiB6IzzMyrT6pB0iSxXwByIeEfUMoC3EcOX6fLobThS/PTFmIKPHKqYF0eulhivVfPjM6DdApA/sxMVBkYP+FCzTnn0wq6sWhK0h4gcr7fE5bfr9frXpQd7LtY6IYijpSb46akkD6QGxtMGBeQ76F4C61t+IoNzacaLtouoISlA+eAHsWvvbHVA7y/4XHKVhDaU7Y+XHhwd4cgN1XEGzJtvRJejTgO0AP2gsObRvaXHHR64IeYpqdWxn4jiN/YxD7RGrCvJK57HS6Off786e3tLccyQhTe3vbjxy+vf/rx8/2WtLlYsP1mXZH+PtWTIio+6zcIQEf9zZgLz8QVFzxKF0GVaVy7XlZoHkjiU9yiA735ct2fAUAjE3q7NM0YzW6zo1WT6Hbn2aeFECwZp324EUuDhwdkFtgcCXOPaueRriBhY0WJEji4YN0AWJdFneiT14GWfyQxTMbdNGHVNJIEC+DKmAm5fOzxtQH+q9T7UQ1sXoX9GA0e6aA7JsuSrDWZpt1mjZzqDsm4C0kfzoQPnTJmL2zLcz5YIc4YyAx0jruhauS8wualCCT3EZpqyvEEewx7ZeN5LBZAAzrTTNfq5KbZSGqSl2qz0h8TgKiQP5pn9IlGXPBwnwA9zxBkyHQ+nXmimrMEeQB8k/wEkVZHNYvKilh6YmXjY0V6rU6g/2ovSWpysxW7FLGEXECmb3pnF1UKFSgpTkkTyXhOdsK7W4lSJEqqChse0SHhKjtZzn6EEhNyhrA3Cd125NXu9/31y6fPn/+4ffeHrX14Tq7Y5xFVyhUW0hncNfJTKizE+bcofVdq3hcbmKfmTOhSmqbU+7JAcZBEOSXNv7wKI8jh1Au2fIyc3gF0imdX3pbUP42anBN0XEBgGxsnxOAhc6NNcgNV1uOGvXhpdMOY+feMPvSa1Dov4eW9hPwi2fvHOpayrutijpguVZTpmFKk9GrbwPXrFXhU8AakZLQHSjKjOzAXnhEPO/lRMZMD6GgyU3+8bu2OczI0ix/a9Exk1uNl8q7ssZ7E/3QOIHSBCycH9D3A1uWzFIoNQLtOLVL6N8BRY49NVnTEY5IlN7cFIzRWxOIPK9kuUMYWM7cRfadBZ1Bpl9FlAaLfHCLu0iIKmxRHCYKCoruSPYUbHWoFmxC5yLbzYOzsnZ3Ld+SSkog5c1IzA1o9AO/oJ1yYM+m+yFazOI06OwQbkgkqX/qc00iUgY0ppHUwNJI4c7cqhAk8mdA9AxEpE/UXR7XZJimKDOhL/jE/9vL83QCgL88fMlj8/DLON5g3po5zlr/MXWcld9ntsBi6m4hcqDSLpsZdophHF5+Y8dex+LtaND89//Zv/9XrH3/0JJ3/VA5tabG+6OOYJq88MOsurmQrhSwp1MrQJQsR5RKWLGj/M/48QtGZtjBw6u1p/HdEA26fPr/+8Cf7W7Tk80Ns91J9E5o6OUTliaiQAdqqK7algmjKR7eTh49dvHkVZTZJPNp2vgBoOgwAPSEruLkG/Hy/v3JvbGBa6ZpkmP0F2VANpFCXbKlEfphqjj1r6KetESHWldt4BBzf3jIP+onJ3WOp77A/GUO1E447BXacPLhluem6076VxqgzGCqtoqKIEyRi2gBRlh4/V3c97UarN8uXkp03J/rx39IruUvZliUU0Ki1nUDX2rRrsdellIysz85PrFcprK/+sP76zVdMwUwj6PwwfObJULj87jXAedMHptX46h4/ffcJ5/oZPKon1eGNByCorM2Y93q4g68Bnz6vgWp946uh+cMN+I7PbM9ztrAVUC8LY/7hPEqv/GT9Nv/8OND5rxnoFWziZX0w0+00765xF8XA3Kbc5X4C8bS45U/aCWiky1lAxQkJVr5qnDZZmRmn0QfNxSU3aXyYrHQ7GVg13fUxK2Fh8yBZ4Q/nWdHtvC7tp3VwnXd5zfaOuajMhqgz213UID5VOi7mpyXX4/vDoM9nDt+M2hMx12DuoSponftAG9WYaaJnm7lJXmp5RnJoLNrcHrURQst7EkEPT1t7gs6NdLu5P2x0Oz+f9D7fOS+sC2SOKYje71qzB5j48U/TSedvp8mMWMvx86+5Fe3hPvPauunjKPTmvMK7C37jkywlePziwye+naf9L/r1CwWgT6/yfiYMG2Ls8zrChFdtkTGVNCoRtE73SZf7FIM6aAWT6r9yks3q4gIkIXaauJXrYrpxHZXps3CDL7UmHaNcSFh+dMnwdPzBqukXxlASfYnciMpqsxLLAjIu2/SU8yEAQLsqrQQDIeCYea+FR4vCwhdgKxNMogrmpKLvbHxDAoyyN12TXAkQPMjD+DxEEIoEV2eRWFT9U95M8FPmGh0SsnqwqOj9RN6t7NsG7FKMsRPykOsMj8zKdOY1pSPcy56mvYoVRFIw/p4JvJlGm7iV8lmJ1ZA7mTOsSnnXVjmieCGOncwgjNQhq7oT/WHiYlWgCX6lET0eP7RQRiIUGQub8uSt4D/+BQidzBXusSZXKMSVSKwQpBeB9CzkfoI4RaEKRq7hUqOCGwnombIdpi3OEwAAEABJREFUTIoBmrxxxZP3M3eH2lAma8s+fOYDjCPkx6jSd3atyTSsDaAMGwQZDR8UQhq63m9Nmd4uoD7zrjLlHEg+8F8uNIMxBem5SFTS30hfe0MOe4BHO5tFOTqkESxgkww1NyLRQzpUzXf2xQLJwD18YMpzVyVZomoqwZXKPFlQW9vAxAf+/Dwe78uXz8OvATPlZbjzX273Hz5/GQB0tp1nhuIAIsBwAWgDlCnThgQkKndUiagCFgwBBtQil7Uek1d8GgtddpgZG+NRq49nHjffI9vA349+vTu4MYdrntvW5Azm9wuPxoneOkNTW6PbLVjlclxAKUPYn/Qv00k1WkqZYHjorHqmJh05HZeeC5Ld2I1JEygoP8pAn3Rb9Cc7S94Izxprsq0zokcp2YqKevx8z7algEpcIlaCIHfagaZzBRnblBIAi5HU55Vpa3nrwysmo4wMbuFNdQPOilrE5zZioPiWpDqzKfEtAtAnUru6qy11gotnoqHnVG9jGxFX4sbm85EQddztes2BgcEySNEz1ZS0EWZpu3hRFdk0S/EtBWW8+IzE6tEL3ZuNOqu/15YBwzyzpI6BZFDpTQUl6OL6tG+RbDuWOzncd6Q+OqbLqzwwc2QB3hziaQJlEahXoH3JLcqsS0JUWwZTGH0EI03i8OipGeVl5ytzIDlnhwkCPqJ0hjwZp+Cgt4MhJGjZBqb25fXzp08/fPjNW/vwEb3Knp+fslQgOYjUYBbIUMz0nEP1HmWCq77SjMgK0lrNT3ZtKEQxEZl2SqKGu+cn08QnR0ktY0KzmBozYIKZW1o1sSf7Ao5kl3/B6iZOKKjwwuTFXfA259yDZB0cG4MKckJ65WTS4+q9rHFfdjR36xSV9dAZQO3LN6AKLuTBeLyW5qroF7a4+3S1Z1m5mGcshFSFNq1b/Q9a91BVgU0LRYfOhd6l1M6GZsx/tEvQla0MbKpilnLtAHqx5w/wsWAL4qIXA/rcgU72i9R6Hi7C7V3D67W+VBVaCdgVvUxKmyw3rS1JCk3ZUFeFZy3IVshuKLaIRaVeFwDdQcNCXnZWXDGp7TjxvYXNIrwD1AYpB+9ALxNdPtgGA3pfgSK0HTxIA5V6Phl5p/mmR1YoJArPLGsUqu0i+3GrgiVhqzMXNsXzZSO9RV5CLBtbZnwz2Tnb/CZlClQX4WMWhSHpFvKKQe1LKuXtuoGTaHzw5eW76/OH7enl+nS5DPT56YmZ05KiPr3u2tAS/wNtz4a+BxpFgGNDfNNQtOTfKaoqmzU0Pk37vNQwnFAEML773W9++/u//bv+9vrH+9tYLD+XMZ5RJOQW2IIRZA1vtLMzsKMAamPF2RRPQFezXR9yRtBRowPPtXZLkTimxEbs5cvnz3/6U0B6IHneweNRUB73Y0FMJudHUSVWW1zy7HRRITeVh9S2ZKgyR40+nwIlWHNGLTMh6YJ10Rr4SLi/A3vOH/Kfu0ISgtk3r8rLLNuhLneNgMI2FFBVX0Lu5xTVBzpnak7SqMm85dt9v957lsc5o1Jpal6qkMamdjVfRk6c3EN5iCYZKZGzljEl5sFOQyHfkMelQuVhK5F1zbecUq2rZq12Sg2iBMWUwfVv2ZL4Sw+hrKUcaj05ie5VrF/oHTX5OwTm9K+F7Visx/cH+Hrd8CdeZQDF6So2jVef0BY/yrNwGk5ZivpAhZq/vm8N/AyNvnu9+25Zs1rVWJNp01O00wKsUcQ7FFhfjmmj8fvuPzUzp2v6HJD7+kOlFvs0CmwJmdNlfWLT+Gy3r+dmwSJSnNOVONUE+7vZWhhpbXWO5jwZ54nWFqRYKMPbp5XvNYz5/Bax+EkKNiz7zWKtTkkNfrb5+fnKHOM8VBBUZrzXdjmRiMo+ebdzYikD/l9SPWij0k2pv6+HjjUSt9PJ0Zl2RmGVIhklAqwOI4S9PAW1A5pTa3FewdNJPMVfysSyNR+UCBNJ18r3KGtIYysDrpCdGeGo55riR6Y0HzGsAvayAvxBjM3lWiOsX3WM1qlZJ+PxhERt5Ha6UpmeJtf1dHxqph7w7br9N+/wF71ibcyYD/H+M4/Xl/qu4xxff+7bd7K/utcvtAmh9oFCmPQifB0cZbPAv6JHXUxYpO81NXgn/5AxruUCkOGpUCT0deKkriAoDgkhHvolkPgxn/bbcs4kWQhzlkvWhUKUizfllk2EuWfx9GFVYD7voqpxJcPKRw0mF9gl8R0gL2m7e1P6qlej+sptEiVoJe2Y8Fz69p28pTkDNPHpK8pq4O0FZBxJepl2Z7aX9wuauh2sB6/ZJIpKQza/2gV+1POwLNPVKgs9zPBrIhcgdHL6/bNTlmFcEyCTFKQMQveb9JG2RNYucMOyf7sZMDXXyuSkJkMi0yuwhY64J7khEl1R8cfWP7zNJgOSDe5hZMPtIUlED6QfQhaju4thBmKqBTDJJhB2zSuna0J57mTGBQqwgTMjCNxctzTNwUYpyJUR4PzAwaUf7w7LueY57rscQyQKYWOorDDzg8YPu4plQWuZqbrbPRuLoxVYU/Qhc1NtA/juyAPMEkVkxMmeaZUHDYbH/Zpsejk3mS6EDOjhu79cs5fXU7qD2esv4RJkXw5cZ8+yyg3M1FJUgI6BsbK20kVwBq7ofevwQwA85BoCtqeyoxs53ksn755rkFwP1+3p+XkMzZKGI1llFGuwwtaV45kgTjJcg1dkfOgKEtsxOZnFfhwsbt2SWfGSgMIu8cI66bHjN3B9JI/k5Tqe+vXz59vrK1DybRza1/vt0+vb57e3vHQHCh87IO+Nh386NHkSbevEOE8kEstIx2nxQmpxlgD3NhHdluHuzkUnOyKmlj2tdvJJj+18iBb24iUg0PNn80L96WLDHL1wG+VIEmK7HGIQGu4bQjJKnAe/OW5tvJSR0JN7P3P2buOuN3qtgAuTKraS5+lnVSXHGMxeyIZy+DY6luPfVyAU3CFK4mezVuAlgh5dYmnDxpu2zYFn1Nchh1gHQHoVpVZQ1DepEPJh0JfOZUIr2A25+Zd20B1G5TobYBE9P7QQLKrgAVdPxMK5i/FDtnTW50Ms7Af9/IQbroBdu5I923DHO7GJlIxtp/XVVHCAlUBEod8OhojQha8rZrTnelF8hAoYWvNzoygIU8AsBNlzzvGtXaZyY21EEuAMdUIDFvJqExIWSdmfzz6OvEAtKhTsx+IfzkppPhJmf6AlzqRFbVZqyTy4BCgbg0bBwgVDw09sqdRceQkyxrdqYEj8COIIg0QnxEowrXiLK9GvB89xv92O1y+v+/3L84dfPV8vH56vL89XBLFy0ZmeiS0xkZkQ2Z8JbRrKhpGzJlRaNnrbpPNrEJoRV2pqqQedo3yHLBnct+AvIhtvpZtzXbOlHfQPjR+rNGOYNOiqunlpVf57I/cX/odicTVvMCQAgid/I40gIaWZdGwAj7wGV9ZDuRCgpGgKPRvjq9MrkTvAaBDIhp0FDgKU1cB0mjAK4aON7zUl8wZGiNX2sqOLg7XVa3fIsTh6+bTi2TCKkir0aGgr11h5GiSLGLt7424Bx0cUU3qGW0bw5LjvmLNUjkPwgf13bOvrJS7oiZGMwGRDrvBV2HK9MLHkRabHh+KeKEFHjHvudlKmNBUrYd3Hia/mBHzQRu6p0AwE61vIGeYg9yB1hrivlHWMDshYa0TJcWTY3Fi51/txy+ZuZNRIBJAANABnrDljaDtbKKARrrDIrp66QY4Txi8LZtvI6oU1YbUGE5fZF1BCOq0Pc8HJVAsYJWuScj8CJhafxgCgN3IfK+eZm465wFlpFay0uWTkGFA0wOjx+wgpbQNnHMrj6fqUIDTIN1jhVwe73Fo631C32Qp4GEc3dCpmW5E8Jaz2C7GmzQDH5qXban3BMF8UNGNaxkB++4ffv/34p0+f//T6+b5Fm6fIUBOg88WWsM6mvhssbjI9C59oouSZYUdDAwhJgI5NmZwxxtyB2G80EoYx9jRk9/3105c//bGPGMzYy4ftWV6jFNk42R7lWk3IKDVHh+nImpsG0ysFNGEZpr0fDF8hDeS6KcoBeuxy3X1WcgIVHvc/ktZlTPNAhG9vEhpGWvICP8DiB1I8ynRYiHTpGoIN6BFyz4YbEAVo0uJsu3Fk/P2+v8W4uMW1XV3lAAjijbhLipkGAqIxogutFvB9TbcgZhy5qget/Dr0WThYRnBIfDPWDa/yoFUXJkL1ys4OoU+9fLo4+zUsMKqqG2FkCgOcoIxYGFf9LNSUPuZCSPXpusNEisr3xPLBBS6cjl+cHvV7krHKVFxJsae/2c++3Kpg5vQdHT0hNormgicp+hmUkfJ8uMt5Tk4fFApbiVInWGy22KzZshkzqu/FedLnPeIdQDSDnwt7jPVMp0GesPYJmp9eBUZKmVs54fgbiyKjiD/r4hq3k02hUut87qTzVikIsub5/KtV8R8MSk5EF8QZayvYGfj24vCz8+yHFbEwoZGZJBtld7EFyinOKkc6ExM6Sd6ojDVfgnbwS583VIATN+kycarxynQps9yHhgaU+pyBuVK00qKEnS3IXc49P716D05hr4PVaiS+rui14eDRr+COJh6ewaHPdkk27gg/gZqS7NgnzcsoqAxhHZ4C842z3trcc27KUzzBUMoTDBbBxxI3PG9OB0bLZia2QK7NRKCZMlCPeIqKcRZiTe966TDxb/J8NEx5j1HYvNXmmYtwXpCfeNPdZzUezm6DOVmctGexyom007Sswdh656sXj9yKOfjpt3Ubm1OtUhYuKwLt/c8Kxb/i1y80A7p2uy9RTO+LO2Q1RyeiMDWMhy+3u7rP0Q2b+iOs+tnMu8W6q0lmmRQGJU3515CzNO7daHajaQ+z51YWXo4INdrpRDayKMBm7335MK6oPpMCmQhG7ID5MvB8+PjreQwJw/BAcEubuon5iSfCaA4MqK6xLh/2EjkFEyxopHTD3CJjLYvUMPUwpiDqWE07/tkySSWTK8FdaVEyOTZ4sABhOnVl769f3nRdY/ZXtEmRvJPnDRBdskgnP8C4sHfmtB6swqMEDhFQ0q9jTet+OMzi9EOulNzN2AyKol35skpDRj+oa5b3dsCYvTrRwftvqNGFITkcEmJclPKbQLuBf90rDkEfrBMpv16fWhb4M3NW5bR7As3MKBwugTGtZD+Y3ttAZZmwU9JA3J8aSsaJ69WYDTj5kXmsA/3B2qHWVIhwZ8l23mN4G3sydG/bMMIvLdDWZWeDxDwAe+xYbXpjCWdmnuyRrgGa+hTHs56LuybrnXdkCzdRkmRhbKbU+tP1Oq53gxdr4D69ALwbEDK3IXxN/7R/jkzMTVLRULAXjb2uTwIuLXcISKbze8MDfBmAMrqLGRFAti1E8IPoPyHyRnc0YdYuLuMMHvTbcCNRXwnO0RjP8HS5Djzzrd+vlpW6483bfvuyv+X1PR3VZgNzQCVvNqmL2/BEb/dECa+Xt1vu7BeQIuQxTrKIbW70aYsAABAASURBVMzv7e3LACaer9fMU8pT2O+5pbbEO+ygmyrGBvZvKLcGB7TPU3ma8iipkntZsisonwj+eNaYJsLehNslWNZcTpAjmgBbPi3YDj1PIMP3BudnjCtbZ8XuSiMXDoJ9jpR/IsWdARGNCtLMRb7cUTiv1kPBjnPVlEigjwkVNyYYZrLy1WRikghWyEVD9ncXEwCNVBpzKTiIPxe/kBKwmxfZvZIeBPQ6y3VPJZatmDaOvZdXQhOoyc4nd0/ZKULKmLa1FYcA7GhfhtJ0A51hOpODEFbVcR7TjadlaJNCD9OUuDb81vtc/XazzuZyGDV2/puLlN5bcf4k+N5V6SeSHqUj4zNV7hyIUfEAQ04QXDg4sXQOjqSlgc7KIR6bkcoSbj+obKE8D051qSr1leWEVS3JkADdq1UUIomxlaXXlCYvhyL7qiUW2NlfsqhmmNAcNbZcZGRHgo51BMwuoCGABtpg/SW7dT7uAZTxoi9RATJbEGs0ZgP3QsvVhjGiE+2Qgcfr7bh9iv4le5sV9XHyDNwG6GiXrYuKcPp4XYm4XCGI6APFzgePAHlKwe1zUNFzf/lkf5Ij0YN8WgU4pPbdRcCC3Gh6BAHaV3oRyIIEojh9x7BJcL8J14hNcTYM8po4/tYLdZ/mvhdtWSqmXUOoMwD8PSl16HaFoGMuJboHQimZSvIPRUrxdBDdubcZzsp7W3L1jojpvWXPzCeaRg0d5IJ8Y9gh1Ku1/TzKYim+h/xsK/ZJtGlNRi9GWKneEbdqVsfNoIWl+Bk9TePrNvtuEgwi1xHaAe+w3xKFHTj0UJpPT0+iksmboZVhPwjsJQbNuGlBbCl9NielslU6pthwcxeh0StiJzxE5QqXPwo00eMt1AYD+62hSS2BojgES3vuFJKPGMhkBD8z/xqZ3Gz1apNmMwMZxCgBRrMxQ9JR8fBpW4/XnVnQ2Dx8M2fk6IrhMCoE+8fYXlWKG8/RjL0BRbfg7M22De3pkoQwr7Zi2qAHzE2H5rHeUKUzk6R5OUdDvckdrH80ilTkiSxn5LtdMgMa6vtp3BU/s+0c4r8bcFBUUUgfBxKynWZrEQElPNpLzFtUPYEhvOlV+oWFP9wvYqMmX9xQ/uP/ns1+yeud+QcfP778/g8vn3748dMn6NAIW7Sp06PAJtpQQ4btzbKV7VKnTsEbFii4aEsYejEUK2J4FH1VwDRs1w0JJa+fP/3zP/7HP/3zf/5tEmE/HfebUgq9nrPyM/zk+PeK7RKUQc602kaAiEwUw43BBszLgbBJ1Ims3ZGVA+rpDRIzJN3f0b35fnt7VSkE6vymZ0dzCWGFzF2H0UU6wOFxXP3K/MJhoFyf1ZMWXWT6Rm6YcUiu++vt9cv9dlcTt4xADWj+Ngy+64eXsXSG7P/LdYTiNoxTgX0oK9g/KYmHra9aKKP3Q3ufcL+QKaagsGUC9d2hKAFKbkDiazwah6lxqJ1mW96rCoCi0Eahlm4T66FMhDtlwqolAB+ymgqF66K7kSgVXwC2CUNbJhyI1gtlWa+UIFvAHc3DORqTPSFrrWIWtmDWr4Add4/H36MXJ4lMCVpOpLlZrxD+9ZfgOV7/WZO1xkPwyypQzAcMCWFpv1jJ3VFjdjrmNYWnp56xxwleF2ppNVc1q/aAWSwKnDkbuI5Lkdn7uXqPYLud50NL1U/xCl+rHnPMj1/XQpbZQYlmIn+QeNBjRzwEABQw99q/PjOj2vxQ1z5j6p8VzFJEnfD6irkJZxkdCYwxYX6Sd5T8keVS27JAGwGhhE1mvnlafZ2iSoAgjF4Vohb1h8vEsboeDTTVc2jdfZpBNl0HO0Hwmuvirqm0Z0O+HU+kTCglIa7vFZAOIXkQiJdIJi9ZIzuQDjiWqEAtp/CpMkfzmN0z4T2VG7LRcCBGGoKSatFqBF2w0todBNWK3ozRQHgRQTYkln+RsQ0GIQvnqLppckk6KUNwbpW1Eyj2TAbEaTp97jqLKn/wknKPnxE0L1Q8lKJ0Xpm64Wm9OBvu8RdIFB12O+nF+Zd3n/NT7OYdKO9/wZ3+ml6/1CaEfK1dCAtWEmiRn9P8ivNXatMVTGAr2Pbu8qVt3aYp4HJq/EFSVZxnfld3cJ6q1V85Cq1QL4g6j07aYuUg09E16eB3SqMsemXD8eRAgG7skG6qraq4k01QC78IoDydWxnwYOFLNyYmmGrIAObF6ARVKlnKvkM1sXO2ADYgwU0KqaNy08XzcGTWILxEydnOsm4ayhtpfwHFK9O2xKxoD2hXMe8igEvGWQi5pGgEk+w6+6MzB8Vg88kiwD3KsG3iD1FaR5bEk2IQFnebQIAIPaQhjqobJetF2XKsls1BtTiNiqZUzaRaZ2/AIkCyjEy6BtijDyT0ns972dBL0FjkmZ7SsVfqhU3UJy1y1S9jPx0ssecClUVk2npUMS1R1Cv1OD1S5L5l+lAAZ0xQACFcYzYIAHWOwdGhkX2oSEWiG8HvGQ7gcIEDjKhIcMZOBnvGDiqGTQwjBNJ4NqVNtfMjlL7V+5Wo3GUjszNPnQ4hNi87WPGEgBMyk6NIJpM5XWDd4FSgJjUdkx1ggTBcDJj90eFAb+lwVvAJaXO+Vj5zLvMryO0kaW9LuvBxxdsdmdfb+GHM/xWurwMYqGLk6UPMirEQduReiOS0ZOfb+cOWadZRls+yXbniwH2YCoRvM2uM/2U2WSjglHsdx8sUGSojmofdVoXolJEwhDrDVnx/b8cSGvkw8qthIXWfaVRKMzYObhl5HEew2v2Y+hlMO433d/YOKvvRdSvMHaoC1PVqCkYI0EzBdolEOsby0yJOUlq1bzikJtpMI5i+laDUBygmkAFFMqfmk7ZM6flzJRR7LIvrZJqDZpogg1dsUs/T5MaATbNPHEXF5MCP4xBjSUONBWy8hiy8Xk6HIzc/KFClRUTnm3EaV502qZPh1Vb5If8lJeJClNhuhVKSvrWESU6vFFePPj0Woo/uk9mZMRIIaVcpPuO9h/tUoGZ0NuRGcBEZsujECzLvcgtXFoY0O3YywbUkNFKeb0NiWUoyNdKkhzZJWnpMD95jWrok4YdV3YISOLur3e6+H9cRCGsbu1WibiazzQ/akz3OlEdHFxyf6DyKJ+RhDol6uShwmw1g965Dhh68sYZHxw5TdjBrRp2uwhT1MXQIw0gyhZ8VQcv5yW83bVYxQFFzYnUP7kPp0ztHzc1WASIv6PCMf6gdKJYq2YqbPLQ6wsv9K8mVU4H7Ztk3pSncKBBYd2Twr3x7K5EjV13WGUMmm8QC8rSXTeUi8Y/SwQxG0t9BJ71s5rkehHKGpgd0Q+azh1osKD5WBqKq3IDndvZT7erhx6T6TkoNstXk05GSRlYh9FVdMQOiOdmtYPqgwleqI11a/r9g7x4MR+Fk+axLYOqV1trkTguU6UcVxFHAiLH4ft+76H8PZKOiLiRvnoeFHdMojzJkuzO5udq+9bCJi8A22hUNAjJMnnqmk7uKXYyZxxQYpAK2JXdhHMnm4o/IY76UhFnUG1RgxoxHKFbfNuqypmwLb7oczD/Spwg0K/uQrFLoOpiR0+sIMT8l7rw9NYDPF5JPzRtqr7TlKPh0Lp1eNNQf1AY7Qhg6StPBR6QXfeWc7TDwbU4PjlsH+XP0ctoNp7J9+O67X/329z/+8z8dXz6PiAEO/BbSws7tpPQXLHwX/RHCkKvj7cmJlWdOub50+3Reyl0f+mQYlpfjdvvjP/yn//zv/+3L97/57je/j3YRPlQhkFpGiMyTB7+mSRdE41js3yaB49XO12WYsRwIuprRq8xITlg/5mZGP88dLQsP1sFR/zOp2QtI7ZiE8SbIvJSQkVN3zfSN1t4sG4Rc/flpmGWZeJLFmCpuG3e57Ih+vL3d3m6ZbT3ueOuXuGSxT39SFJ1nSo7hrKctdRl1KKUJTy8M8PRWlMnnwuNKavIv38It4oGhId7/2c6nk65GbQJaTWVMFewRLARJCnpmDcvlLKFkJ1xk2nzKnZxq2qxA6wmnTBxSe0sWlr+bkbPHWl88T1gJccl+IWBW5zBOn3t8xcJ3rNz3n3rV1p8+Q428jJm6eh0YtTGuN4hB2/nn87PEmvN39314L+ZY4oxWxPknN4tvPKnZBLjj9NZX2+OMSFNoBOup/JszuFbS42wjRxnUuugpd0P7zuo0nB+2LHXaA36+kc+6SjvtPUkXlmAJU2YT4YWirGHq3OjdeFiBbzyhf2M17Dz38zKnjWzzVhrBMjwwSz3WjNWe9ZpAnYP3Q9QMlIkT0/zBTU9zOx0Dfln3Wtby8oRqdAvElD20jpv8aVvjn1M0awl0RUWMa/5N2IKdiXtgFM1LC38QzLG2rm6vMHpVHWhsJUbKMPMaPyfKfT3bOvdu9tXGtWnHx/vDNeciIgQsmLb1o/769muq3595zcHFChZ+JXr8tFOtZsFoa8pasf/z9fj6ZXNAn0Qmjo6ON1NH9JHwU0lRxAR358kNe6y/YDRU8uYkVesEuZU3FtMcm9LwdB3dPuKdpcGjJl99HcyCEugZBj+K7dsrFYxZz4QVEoGdZ6CzlVACTMkQimLLY+reaQ7p/hPSsro1YL9tk8lkVfTKirYoBIoNXpSv4ocv1V0F+AenX1jhCPkPu/Jy4YyWaJajvtQ5shaUbouqciVdN5kpXua7eq/IJ6QHrjDeFNO4ZifS6lblkJW0qMJN9OJFXR9m80DxO/jh6F7halX/YhWtUFYbngDNuLppcvpa8RC34YLz8K9hYm8nnkfCBcNXAfNEFCMe5h5XGIAwyu7D2H4mlPjJ59yqCFOgOVzIA3mOJt+uwfmXqEcQmOIeuSvw+OgAEG4d85H51JhCokNxVNjSFPQsdSr0RJ42fs7CzKwaVqoU1NuGVuiZob1nAs4R4KFQCS5KWaPP05HbFMQpyt4yJCrmtrhcDqRpuZpSslBLeVF3ONzjgxcUZSsLtHtm1GQoJB8ond4Q5gJWmVn6mnW69KC2yBvxXY7NkJ+Wq3MnBYolKWzecSd/hdJb6LeAqhZp1v2FRb6+n+SJV1WbV67cPDbaYV3bzNZ7QgktHrS2rzM98B3HVskMRRANNBUnX+Drb8iWakw+LygDwRmn9TBbUfkUWicbKWdpPwSpRrFJkDcTF+syIoPwkytfohcRgqm6bxm0jLfRTlCPL6CjnXmdIEzMIIFNb5qAMp4cMFChmkyQnOazQnfMfBAOXt7RNNtlHdDKBRnpTLs+pnHNTMW83+Ysf6ZMNiGF0ybkZnHRoEwDtekIGrORMUqKDHefhlprNdkHl0aKAEE4q4WHEMNx0fZAQUC69TrlyaAjPYTl2pgnjIfIPyp/GKKsuoYyOtBKdJQV6LXyDG/2maJNuIZtJfMK/dR0RtBYFLVNsBKyZemMagy7a1qsdlbzysZ0P204N1+4qoGyQJpWqx2M9nXx/NKIT/qFBjAv2ZCy2EbZ5ZSCPeOJIXWjJA/W/UCdmTpSZegcAAAQAElEQVSyDiBoABP3t/s47IldDbACUNb4QpaIH3ehPklev01z9+h1qGXeL9tirJHzyVPE78GsW4Z+gwtdiUCuQtPGhPQxlwengfU/xk6zhkjPUenqQdgU/bUEqEmnB01wr2Pq0+I46Ed1zMwF+5o140nYwuBvKdBuCxvIwMQ8xe5lgqgoWI/bC8TNs3w4QW0IB1DYg13qwkwk9bQ3Lsz0kCj9xFpN1SlMoiysvnRF1GcwStzcFQyZ1gByW9HGUp3rNjgCRDuV+Mx8Ta6D8nwoZtSwkQhcR7prlGdFfS8vU5YVbq0z8pAgxahEL7VIHBiRCwpfV7zWJV1wOlERcfC08bbKXGLRVlcA+JjZys688tt9J9MtOHVDXQTBw3OQ8J4E382Es9PQDCEWLJhTbnDmcDMHl/FvUpGR/mRlH88UZzOEDpZjrPok4smAjzdFfL2Ik9um/ykRi0YQv9BIkZGrZ0pAaBubT+ieUGbYHbBmtutFtSHIky4A+onINwqZLhxGgSJTvBHxP/v5NtWGcTwKyDUBALhvywiP2zs3NITbUHcx4IcyCGRFj7D68/OvfvubT7///Q//aR9QqIh6K8GwsANfQiom1qHEQ2/qelpahu5L9KgkNQ0cVtJplw45dh2LtO+vf/ynf/i3/9Ov//C3z99979uTpR/RFeelCIupDrTRQ4afXI9Ck3eeDpOCo3mCC/W+8im74CVWWyLrWdVLgTKT4H5GPC+KQyarNMoWUlm+Jz3XcW86OikutlumFGyUkNfL03V/vrw8j0m++JOhpjN13NjQR6ZdbGmYfbnZ652kcLtdexVcKRqjuIakIY2NUE17TOOoPCmn2eNn5KE2wjKtmoqxtRiCB1EsHrxuzbHP/RTLEnvYki4dU55J/aE825jv5KtH+DSwzy9J9HjYuWYrcc/XY8w7+cP363zom+UsfHWrn3wJ/8TF2rysrfvFGQLWF3w+jdzov/Ru72791eNPOOD8mPMPHNJP3WthugSa7d2K6jLT4a47yzL105unW0zUqv4cP/k0PvE24ad1nQk+ni98mmWzx0kMm7iJ9wUO2lk2+sOA5yXrAaLAjfnUp1sVgGrlk2jDk2uO0TZmpJLDkjEBrwcru8D04/TQzd/tzsfV9fPv071xZZ7NL0yXgveU/Cn0uvZrnOdgYouS0JIdfh7StJPm1Pu7N6ZvoMevKbcygubjnx5xzir9FKsDCEPBvOT5tLIrnMzvNz+JkPICdD17L3zK2NEEdfHMSezRIl0HtTqAGcnQ5sO4rUNAu0hG2GkzRtg7RSzf1/2kHtcfo3K3zqcj1lKH2TfP9Nevx8P6X/+acEkd3p+4+l82un+5r18kAD1dypLhtGZInkAjTbUb+gI+XayLdmbBoW2J7ONWZ8UlgcrQ1CVO11ovX4egxIqEmqxkiUpjwgehQojOli0vav/RmQJLRUfjwdOT8nrhcwtLXoRy1vj0/IuRFuPMKGLygSwR5NW8a0IPBuc2CdQAXo9Rso82ncFhsU+Ojg1/4vy2jlLZANrLQkSOH9eUp6TEECDX6tbCqs99I7eyphawYce0wFOhEthU2EfZK/8EZj2byHXWGhapSAF38FboeTmretXyTkKe7nVuFVTpNqAYwrM8SMiAbIFucrqC0UMmmMF0zDZT97hn7meC8nTGUDne0Ukvsc5DRcXYFmjrE4QF869QCHR+MsPRUBpr21PWf3fWMBU7JdOn+ElA20jsRRbQ8B12Eh6BXuP+/PzM9OrxSSRWh1LIM/NI89j3zuxCOFcOCg1WcQYLdkFq11GCldMPlr2nNObxifs9WS8vyD6G9d+Q7INK0cRzueBKgo2Y5nbetoElHOvU4M51AYawq8dNb/e7gamD4PWm2tsspdzaNfHf+z2AvxMJQj1zcBrHdzf0HkqoBw3gkKKT3s1wPJQaSqa7eS6I/sN2wK0GVB0XnlNjOMg6WuJcx1m9NoDmMXzbJ784OjTBu02m67E/3l5v465PLy/Xwv4w9ZsStXMt0CGpbB2JGpx+4KlI3qoeRxGFBcaSU1FGmxNiRcuu3uSMbkj8GRd4viSFLZoNEifgIQow81qGhZDTnaWvB714gdQzLVD2DEdRiB6BnBy1ACdKEoZ5mOWL2j2CIoXomM+I1DIsvLICIGCmazdcQjuID0EQ5iI09NwrBzsqGdDK1IuYItQKtLFlCCr1KvdX5ScDDvCobAbvldHoVTeiauzKXyv6M6V3ITdaad0q2555mcqcEkNwaQVYWX2hZoIhrSzgUmY+gjVAV9ga1ovxg+K7roz0XYzj4pOdQOb4hXyouW73RgYmJd0SKiU0KJI4NgI1XbkUGilGcPQJJTamnvNEALsv1EmbheIPgBCy4diu0KoFaxULOsmwNqkf3jUEXRK9xtsAzp4AGNUHg2z8eeTuKE7MMItvYH9ymLmJl3nyeWLnhZ61za3oc/ehICYXprvQxgGKvGWJ9pf769v24em5+RNSJSMFbAfiD7VxBDqbSROJwzzVBBCVYGF142abxwBLzFl0+dUJmSQvsfwZYDlWU7SpJQEwwQ0NSGmCE61s7OGJrQNG7DELoNPX19GnkbvAeixiH0czx1BUY8dakeV5BLAyAld1lzEpTzH5u0wZU9yCr/Gkq1IqtVmOnjCSyuXZzKDkK1oobKyISaWZyZwdwTIn/QoPJvD6o4pdTzw6GAvdok7erOXzV5qeLC2VbY97pCZAI7TGj5RHKZSAZmNZD/ndbEG6hw5+SkZEO3hUwSrD88y1USdo7FkkTKMvwlEjovzgmJJqFwM7mIiMDObOi5FEi4HJkjfKk9bzgKS7H3d8zfjd/VAVEthbUBB2H4DmrjRxA6UGbi95EWAugxGoWJRHnXMaxzowMAoSfr5knFUhRO4tKZPUsPnTVo4iXUSGPbQQyjBu1H/oHwguH8ZeNtbbXURasTGTer3aJbmkNlJ0tJljnVAnkqMrsBZSKfmvjf0mIN3SXEEIdrsCgUxOcfBPX7SrfOKzEgvaEYXiSQw6O7ViYVPXWpswrcL7VXKC89EFvbKPK0oSj67gQtJnZ4hpWDEff/397//2b15//NN+ex3iLOtLMrLepFAmRaozO6JpcrNqBhkCEC8kQW7FAIKoxHGrrHZxNKfIZIhi3Hv4FGNTXNK5uL/+07/7n//xb//Vx1//7td/+HubeE1hUW6zItSlUJXqsYmsrSOkoULDy9TrBM05RaxOiL64XZh4f99ZESKvRARFVAfDQnay/U99Gla1GjARk5Y7qmBxhAD2fi9Dwm7Dzrtfnu4f+v4x9udrUmpct+sIJl5RKHgBSRlyXG635DYhcH+Q0bwzMu6CQJS2YwtGKIjFJyweYnpkLWWp8hqPq2KcdlTxQPcJsXcr6vhy1QQ18a6F69jDK+yUoex2QqeswDFdkGZECISal57O7NL5stXpHskzMAm609CgVOd3/3Lo96fhlfgZ5CXqyyHEnU8claYcf/72D5jUuuTPvnw6LvEV2uc/+dBxfkr/6TvJBOhz0c930ePhpyiTjkum8FPIAXh3URNUb/UNc3vkFDiPeyGAk07Zlh+ibcLLCjBxm7LArMINteOwxRbbhi2graBvpDdx3zrjNS6DQpdzVpwcduJMgEyTQW9TpujxmpVnUWnpvsBTE4IrUebauvO5zrMRfkKZu+giytrgWsUDJ8Tcle/eqzzksxYzW0qtMvuIFUmtcvW9pv1kdp0uPLEahVvXn8tteLcjaiKmLCn/MdaSGTuDzweJYrcw7btKT7PH1zx3KAQruMVYFEa5cEyQarbAqbmY4Dc29V7mQ8jyPGf5VxH9eTKjkjN1JNbTTiOkxng6+lNYeJVr+AkJLv+xrMm5sSt7Y17J3+PH7tNNjtMEnVco1smqQ/d+QusE/Ywk/Bf++qUC0LEKceR6JGbRKlZi71UUP6h41eNfpK2tDqA9IMoT37B3AmDpJ/eT2llmtMvDniIMR7V1r/RdQdWB5i4xiwLJc0fLzb0CYk1daotJggZuyayk5xN1o9P5MSYws7ObyDfPw+NF5H+5etsEunLdZfOJSTZaFdZVE5LNr7ahGQ98IJIhEOngVXjuHa4qaUUbHGAWW9Ifb4BrgSBkHb4vm5NABGgS+ej0jGK6fl01kLJipXEiRLptMoBTqTkoTIeVzHZhsXxXQudC/ZzEnTnLLSkgDyQptYv4Qx0MpCGbdDzTcVAgZg86NGSjI7p6MxICVj0mbqh6UjEz0MBMl1wLp7TpY0P9+rDTByTiQJRyehevaFVWl9xMimFsJqb57LDvh5mO9k1xAGZ5eXlBS3tKO/olyvgg2ff4WPZy46oBAh4zsd8Iu+dOwSCDpvMw67Nty77f3m7qH0QiVKjrnBMMtKFdUzrYB53VE/cL1oZauWtFWCwJVtmmCvFgnnjYBflV3OqYDYQBuJWc+PvO/UZPh65Svt+z3DLxd2jTVr5rKRQGIyLZXKAB64vBXj45/+k852XHhF6yr3wkhyaI268fXj5+//3H775r18vnL19ut+xAuD1dB1TNLkgDRHtOQPji5CftyWwpXIE7W6UaOjMmvK/FKeovX5BWQ2drz5Ie+YA40RnL8nG7p4xg+PPl6comTGiiaAqEjbFvY8uPBcEe2e/biIsI+4oKuq0KRSUR88hRGpQNoQb3SqEeWy+Yfo79fLVcMJmfM+ruqBxntlCmq9uhzk6uGA+m30GHwU5XjoX3ig9iW3rhA1OiTiCbOJ8YKGIG+0F3LotfuXPpvvP8l1irUjnURvCn5osejhsmaJ7IJcabYzJtkR07oG2aXnXAtdTeH+yrbtOCV/hkOT36aiQUH0U7Io0x7WxjqtnO3ivLgkrKekV0Cmxy4IC4FCsn2qp/gaPChTtry/IPfJYsmFfOXRCaWc5rm2EUL87lVkrYp3aV25oCnSmqK7W9VCOHjwuNXYpyDpWRDqnYEG3knwhtbN13BA8ce2/bhw6xJ6BNaKWYmwIBxha90Ek2M8SOsAlEYWXuA4N+e7vfX7eXD5eUuhfInBbVhw3kyTwRPlsQhBgM2B9QBilh2DpBdDKCdJqmxrwZYaaSdCmiY5rRsVV+Cbrl3fouAJooLtJAd9rY4Iseu3kjiw1UVXLOjqk4GqbvQIZ+DhvlIzzKaoPFs56tAbvErlY1Ykoo8kO0Mmb22h4zQO5afV6Wvmpm+ma28/UKgB+RzCT1PlCUj5p9LGIDRwZ2Y1WAOHoXNEZGPRYXoQLbwP4WNYSXA8OfZQrV0mADJpR8YA5zVUeQAFyIVC6SE/ID66gyc5sUU1TN2Sh0zOgG+BUQWYAmYExb30WZks0UOkFcKDU7lILcu3YJ2ZwOocYVwjvA+8QDXLzMyMsPJWXCHiKSB9oDYsz42IGPEYnN+if54vkIR/lamb7ZEbYYT68QmpQg7J1uqlhK1XdROnxljFt5sfUZ/OsKVDYauVkw4Ru+5xNWQOKwSJy3rVWicX5xE+zsW/LH8gAAEABJREFU5IW+sGjHT+xuji7IOYZLkXjA/M2TXBcDPMIcYY7hcs2+lRqGKD9w+SuMGXKS0j1AQjVbARvDZ60sOzdl/pkQ6GHn3A22T6864jaNfQ2MNRpk2wSHOFmkJChh7eXhz8RzEEc/P//qd797+U+/evv8JZknxkNh8UOu7MbDD+L7i8kbcSZ1QINtfVYoWjGWBTpHDnEx4k+I8xd5kgpR8jJZ6rdbUof55x//6T/8///7p5dff//db9rTVfrRJ9oUpky00I7iEhuq1ozFlSwlzPJBbgaatoxzHDD8VBoCBrZ8PpwGY40StnJ+92SO+UZsIt/BjFUXEphp8ut0zvO3ET/fbzvHCrtpCMsrWNH22/P16fnD88uH54/fPWcDSnCQpVmUFtozEliOXb1HV0mC7IJpADGUJCfLaUiRF72cEcLsgI8OFX9RuMwAK+PouIUpGqomZVGIz9KBc0N/hVXMl+yPR0BkebtnQ4FjWzW1KjISCiV8ibbNw5Uk07ELt/rQCfeJnxnen30tPGY+j60HP6ExnAY/PXVZzWVL/VeMoq5aTvsa3go9yLNewz1h/j/7SF99z7/1rdMd36NYa3A+MTafSNrjGIR1xETDIiIenjDOe8znDyt51yc0WLkgczmMiW6zd4hCcPw4G1HZ+514inL4+z+7BEsZhLyBiViKfwhYbuJHn2BCQX789sKXxRI9n4iSMQq3qQSnOK2McCNKVTYIN/qwVhEOrzMl01VY4QnsOc3xPBq0ISgXppVtXnWvtURRfM3BZOW+arJCo7faPXEGrWgEWtnTa5PMVYvTMhPELxO/tNa8rizx2j5CQgXJSjrh3nIPZH85MzvmMMo1ifdbHDj76c0D1GQQqRyqGmzaxoQKX3t2+id1NEMubz3ofJo1bF+ya65FyWn3BwE3f51jdl2htIvNidIYp9L/+vX14Xr425/Dl7Wv5tXjv1qq/aJev0gAekplZ2CwT5Hp7u8/GktghI7a45/p4FH6li3EV0zx7qfPnmUZYYY5nKUtXOGbkmHivEtfr6uAMGL6V0ZYEPsf51yZY0ofbMvoXajQo2xHeouShmpsLlW0cBkcY1eF3+SHzSTXBFGPTJzJ8utMwm2UiccpMZmOdSPH7NAQ5HxgUrCcQV7WpgjwOR3N6PhKLkeU1mjrcaSL2JUr/YbMPys8ucw5JE0UFQCdfKZgn58cKYckFU0JcIBGNTPGrFdNblNSJRcQK4W6vB1bRBiRNISjXruMigNOdfIcXK9IcE1UGG5x90o25+NLCJ6Mw3I8+fPBBCheFhXxRybyhMOsL8I/5CwRA3Gjrd+Vdwm/EHA5HTSAy9aZIOUbyaOZNsLSdclpJpMiI3srtZpjoE+XG+JyAYshaTKSCzVUmRncBgHcp23sxZhfCla7o089eHaFMGUudszACWHiYwC6aGg5hrxj029M0VQab+6qpBTQQ2ESVB9ZZkFjGxwNL1lWSMvqKBOmV9BEJbmVRnOBevADyG2yo6T5GeAO0bTsNmnEOg45rBvxXDgOyNEbc3fP/u0JbYwRv91vMXBpz/aGl3SGMwPren368DzgbywxwDDnSk77yAtOVdsaOa0nAWVTZIHaYEXpExADEW5D6vRYheFePV8vAx64ojE86S7Rmyt4gy3JWDNcfUmu0uHI5q9lwKkpYuVA882aX41WQfHcHn6pAvHcgofKqZyQiB7NoqAiJ/oWNntTKD2zsKyy3CDk1P7KrPJGVYHgVtKGTer5q9nqN+HF8EBQiXIgOO6ZB2vLmFLu84TTyhtiEqVq52losz6GrcyUejEt4Wmu5/mTIpLZ1vVkJ7XSl+epRl4q7vPZj2baQXI83Mu0zpzJaUGHV3CBA3CkXc9uZSAmtmQxpvTMjmooHJ/La5rk5mW71jExORdWk25Vu8719LIOpyfuSpH3srgFSAez56zUq9SDwkzL0tR9AZtkbYEyjREtSzyVp1haPPGgTkr1VBPjwYf8uNrz1j5klCen0vgMeUicPdaFVSKhkeFSHSzIveTQ3W/jeF+veYIaCJoyfMZYI/b/DnYNU6tGtRdGYFUjM2Ug6pG6Af1nNWvl+Vra4sgVB31qQ9FAeQ6B2nMtBuSNwhmhTN4otTX9jsysRbZ7Bt6A1aARovGWPDr08Y6SJdpm6hxz9Kqm8EoWptEjcdDLPWHOIDmNMQHkpm3CVzp67RZNOzUmkQ+EczJTmiYATgpS0J2dC9lyRwYTvpgA6IivVNH/9Cplw9ico7LvmG+vBcaVNpL0UmtkanbyzmcgIOON4HhKVhASBZh8qGyfOzD8nTzLqMoaywOUzW8Ie1yCMpztgw9hgD0bkXUGTCJUfyOUTUFm1frnMHdxZwCwEyXu4SLKKGINrCJlkE+UAQexzmooWVdKGfLexG+B3dLQ4lpxeKdVNd5qwZbQgORpwpITQ9nFJDIpo6WpwIXZvuEiKpNh6hWcaLM3IM+G2hC4wuYuxJlkGkx+ToBYtmRTgvWCm5VEPy+YxDFGNmRXkUyULDdUc2AAZCwTfQcTdp2N6RRwMnXC4uFhOv3Bp5EVWPPL3YjNvAM8dvPlcmR2PXdsM3IIhIDX/eD+QbwhyInCGJVsp7i+fPj1H35/e3tNE+v+Bsntrexk2aPTYsnBdFsogtVPDLdXzCIol2hRO92BmfuSe2eMq90jDSLzW/zwv/7H//jyP3z3m9/93X/7f23Z/yPssZlcVJmp14v6sdMe02JRONssNRLlQ9cno2xd/ofBk7KL2cajMqBNySAJEpvilKy4otCjloT2Rw/Rg3FBjdC0GynQUpDXgyRunjkT2OKXp+cRicv1O9As+7iTvv6RvUQCsMyIM05BqeoRJ8AgLGZ5U/3glXcZXtmVdL4qucln/vPJ5JDD2NUirVZuTpgtXXkyO8LeoyOU8cA+evX3mw8lrXG+XJz8WuEwD/dyJSmcr1/v2n/p66TwbT7iunKlnD+44WaV6VmHwsL+zM11gQnRrV9P0z4v7bHeqjsVnmXn8Z0Hrs893EpvnS95/kZ8/WRWU8m/xrcgqBNwERpb3au2gX3rdg/jWh6y7mntq89aWaoFSXJjzJvH4/qdFrLwCD//sdWKuVathGjdM4piL8qE51R0OyXuvYuQnPHX+ewr0U/gaR0DK6E0B3watE6lgJOSq7YqZeFB2NQ19R2ZIbLDS0rgmHebytp6SXS3B9BzXd7WhddzQv56nM4inYDoYg4p07x2jD24IS4bXeUcvtY1Tha+PS74ejoWswrXtQJ8TwvXWZA+l1Cbo6TU+YiFvm6xSle9Yjxrt0uw0nMxm/2iW5s0HiZEy9+d4fjG1i8xV+u+JCj2TsTXQCHd03gvRedP7z/+rVPq/u0z6EssnC57ukI9ltnPi7R/ga9fMAf0Q8Ah7IQuvN8brjBeTJ/lG5tHmmTCFMIJ9Xk/ZQfg424V3HAJ6/d7WlKB1pTSYq2KC9Z9/Vz1FfJfj0n0CSa+5efbGc30kuwoH/U6wLK8KtmMXjwD+UX9d+pGeJqiqHRUI0dfymIyRRptp5B7k+PJVG7Oyq7cxmnYyFwtfIeTYUKsOHWhmcisRonsJYxlb2J8vQKCl029wrqf9V8ZxxI4SotJr6ltzNvtqEAMVPA5+Z+1zqFcy3LlyexBp8o4YwnY2UZSjKNP2wct3ZMWmJ5oZW1jYiOsMiGXj8T8cYBHRCui3NXhEBzErLXAepaBIvbqPOZszob5Y4PEqRfQ7s+yPBPIToLVBz1G5tLm15IuHA+ZxC9jWvoxLVZnZyEyNh5GIhS4iU2qdxk/OhVIYcMkk0NW7mvb0y0oHy2dtp34GGDcRj8SQHnSV6DFIkBqWQuEuFRwu6GVOX5pY5pNrQABKsm4K71GIwYeZpaXrjRnecFbtp+aJ6K0cL66MydLha18Tnr9y2DqLOQEINXVj1gHja4fM7W+/PB5IFgD+UroisGm7Ou4PT9dtwNh7SroZTerWZxei17Qv1dOaYmQqV+JBkuKaa8p9MJ6ZrRZyvy0S9Y4M8WrKqODWbeSU8yEGwMTcFteD9Gh6eH0R6s3/4+adEdJAWCzTiHVldvsTAOaSG9MWNhl0TQl1PeSmSpYmMKDpQRAoFkmvtGDO0+Ir+1bR47OLVcfF+LZmSKxWVmM8lVJJZ+vzTYac0GsjB50oUcEK1klLwnDVlG8VDuBQ/D2poHbyxvluFcahNqLRUmMOVOxpvxUZ+pMY5zLfpTSceoKBWVcTnGIdwGnEk/VSStvRP00hTLSMUsDTGnda5c5XYA+GRk0/pKZodwunabqghaQk1tTt9IQEbApw2SmO0891cja4UvnnpRFtArEJBFHj7mVpxCyZCKKzJrLbOXjvmXHzo+XVEVP6oVVU8jC3WXbFc5tcw0yc/9+v+23AQbtT5dtnFryOL0l1xKbwVLNHnNRVPNBjEKtGR1174nxyS2IqsfXRpdXMKQKo4MZyWIuGk8A/mg6qJZh4doo+ESz0uKmCWpIdVcnzaiWemNNyWTP+SfhRiERSu3X0ZjxUi/ZoyqAWVaqDZprKSZx1maldtmSkiUvKTWtP6dovRxdkCw4ezJIcOKdL2A4e9QaQH0vXikkCKrwC+3qm1dmVuj9NmW56UQLB0L+vTHhVrgYjxj4Y9C60gbkawfzW8fHLlFQDSZjRFrvQ1/aMrZw2tEmIn/YDgpiNl0gLUaGkY/DmZwdbKZGQlt8tdOsANkLLoi3BKWB2RsTkm0bJJGknxjMjkoMqxPXrHSQV0AZpylR3QqXAiRjfMCTKhwHDPDzsB4QokapxZNaZVbRVk0rAwbcFkhTYHlJqnvGq7hbQHPRaNswebqJbIYXq7wu/Z5R2cDoL1likM0+L5siPR4iATEUB5gvAJqsMQ6WbQHQNtnb+Fxoz9lKkGAGtkKfA/+fH3jwGUK55WTZaGtPlbMdjOUfrjiltidsB6+pwEFRcBxb4hBFCohcuhovmNI+cIz8w69+/eH7H26fPt9QftWwWuBTjjlp8Zjn6l7S5vQcIdVBlEPNTlD7d0xYhXoHQZQBQPv9nvkit0+f/vk//Nv/5b//7rtfv3z3298PaDa+crgnvKEicsxKMBSFeZfaj1IzIQsZmmdj8q9lUcclaD0beyb0Sn4zWn16KgYNQELe53OyxzJ1H1Yrv7V1A4cGKFlMrdkbOccUtMKpvQ+Rjp+PS2YGZLMP10fGdh16I7lreLJjYWwhY+CMbSwb0qd09AUpnPR5vAMrUP8SAqlLts6Yc3mk65/HH9cPpYp9ulplW9hpiDY9wNJv6cGJgbB8qWmwrO/r2oKCjKZVyVduypiHRs+1bl0O5Prt3eB/8hXvhjAPdo1nwls2T+b6689c/+sh+Bp1nG5GVyIm1BzLx6/64z/3FHFKmTXOxbew+ThbIAuMKNxiTa2ZxcPPFc5YFYr6qtk64no+Bori68+cf/A5kDA7b/S5+JUBK7NyYsDfBO/m5b/5p/dI/LxSrM5gVU4AABAASURBVJ102rwTeAlb0zj3Cb9FSR+yWU1zZGYP8t3svNj6dW2jh9cUddNGDXv84lqg8/GZd3p4pvKrcAIPp4vhZtPSezfYmJiv1X9qUD4/WbvGba2anfaz7Dqb1sLjA55338NcmD2OpW7rRfxST336wMSR64LTh6P87BHryyKznYnYEim63PjoNs+Zn0Yw7T09e5zlje4ep8daz2Ul+zS1pxG6fWOLTinjNg/F/P39ZIV9O/L28FD+DQnORVqz+jjp7274V/L6BQPQ71bRpTwfRIXHrBEmZdy7Q2Q+I4hxOgI66ZKEZ6nK7yubKYqPiJZE2YVRh3BtbJ2vta9pj5udUIZg2adlQ/eO1MvKIlmjCX2X2bN5f7SeRps9MiwrFbpsN36+EeLKvKICoWmy2ZL47MuXrB4qYET+Fe9epjPsvZzEwwQq0Rw4VKOBJ2FNJce6y5uSe4pMNNr59KKY6tp6lZtiNRswXDoE4ptNdEM48LSQzAvZ1+yp6nwargSy8YyJuSrnPDNerF9OasZLWhGcT5cXVvae/bXRA3042qCtsFpl5O5kAm82/7nd6bQZaokFk1dLpWlHd3Ha+jWroWWPbuizl84BWJQbW/NhI1yuT8OL2FA4n4iCCh+Ns8H9ANzB0WcvQu4YcKZi/ADRXW6KdLHAttEuV+3LqhVXgjBWk/lXGyMlJ2nYlKjKc6KFTnrK8exJQpqAzaH5Q5ZxxNvtziJc+FeyGzVMID77cb+2pwvzFVeyDNLAMp86XbjxZMNtGLBAJhtn5ToA9y7MS45aLte2w6dOwBqMzwEu7/RtkKpPrZewCFYN2XqdrhK2K7q3AStPkXHNQk58+JKpcqjmHU98v93hMW/067Z2eb4+vQx42v3Tpz/1fTyOk+S6GVlqBx6dycId69CSuqJlKerkStTh6kISTXDcNg8mIULsUEQvkB6ITSqpQ9nh6BklF54mFKvrUeyJ5Ebcq+tgYE03Vgz3mQmL4wfuW2fFb+UvL3OvK1E76eCzz2Wj2wgKfR3IGZ13xBD4RUAUXqPLU2PKvd3MZjYxFxZF/ChO79kZdUPxL1HpZff5MkyYkQZgDvzpJnazthVEWDCfJC2S8Zh9D2b2Mm6CQglQVUc7xNABhpSyNjGAXn+ALJ620ar8c9C+845LkAqT5LA5Mp4VGuDc1nlhVFIIjSbQNA3M/djYFYlMsYABpZKQDM5K31QjubEzgpJp0VABXmUkErWYpt404Db9HCWbldLxUq5hxV1r05ZqXDw23GL6JkaTlwEogkDCCS/UwglyVk9RuXp8XilhjieP9KZTLtUgeRqoJMranezvuo9gj9ntumUTy4sq95WVh0zbKeOXj3Xy0VMc3QYA/WrH7fn64QVk/WMFP9/u97e7k5jelpYh+MRp9Fp6U7O0BNdcMo2qluqUAcJEW/b7/XKo6evWqIKQ5+qixue0dOdZ0JRfWj5HRwZt8nSJIzko21LIc08nY753SIoaBnoQ9gp+B+PKOtmnV5ocwmqxVDPpklVmtjFOkOmDnINLy5J/rJ1RrlrVy7/d2LGQYFDccQM1JoMBQwMKhbeUEyLbDVbGSyir5EEJgy1m7pfEXBkiuDcaGmw+6cm9AEKtOwsvuooKcuStuLohJhMZvmdJzEL7sIIocNqObH/gO1Ofd5AeoG6YBf3j8/cDbQCz30GaUThxgbfGvxiRUsHGjghbMiXQwiwYLqaNYRWWUAa5cDO2ByyuJiC2PCaRdgUT6rn9ppVVJOL8WoZ8R5D9QEjsCZC1kWBBNgB0QZgJr3Vm+gO7zh82ZhOzOUO2/tP0F2JMlFuBZMgs5+ZHLsUVwRwD0JgAdBMdRw4Bt0r2Zz54Q9NCDclNvdy8rUoMLbFXa8Fy06HTIQMaKwGUAT29aonfJteddiFtTzNxxuPMguhkRNKR3oE+Jq6mvi6oHRQ3ii62jLpLcbJJCWIuXfY2W5uMCYl7WncvHz5+//rhh/uXL3aIUrOJDV3VFEpLFaiuSh7Gd6WuRFBtcppRZeSnbEJn01QIqNu4yb5fbhjudVgtx5c//dO//x//v7/929//N0/PH391lVR/9ICl17p2qbp7lA1IeRVVmNjJFAfjOKowCUoFdDYbUsSH8DruJKPJwrU0pQv2JPkOO/FmeaUrgb4hYx9lC3ISNkTZn4bde5mHwTbFeGepRBCDdvSCSc11dR18JMWPi/gTaOhoB82vLQ13Bh2kZaf5URuGWHyvxBHneDXtqPys2LXFrOGLqtuV2+m6i6C4EruxMObl0q7MC4s4AS3L87Q4UVdbsI+91HSZHmpL/hWQIhWhZ1SPlhkdDpt7y8uDnkcxHoGbdz7vw7Z63Gfx8Lb8sfKaFVw0e4CY/KdQ3m9c9v2vJZlqUa1muD6la381yMdnPG2OM1o8jd9v3N/XV8twteV/BlXnmlEJKDf/2efUQ2mE8ymMh3bt2rqz7Jb6XVjFfJZ3e960S2TVV0j3q/ufrrgG0c3aw9X1/6KWbzZv7trJs15A0HfM1DQ+VJxcAG1TSPO5OU6TTIs2NJf8KXxhvbWlYv112oflZOuU1UWkZOw8h6cHqxF5jZFIiCo17KtNuZZLMl2OgDij5siJ2j4gUSepQEeydjEfqffz+CZAMEf4MJmnARVIppnxU+mZ7ng6eJrDmGsVUVIo1puMX7CmksJrgghzXSFhym6ZvgJ23JJua1wln+wd+UcodChF8fUDxlcRlIezynvJTLbTVD1eo9Tqf8FLE+dLvNlXoZm/vtcvGIB+UCjYK3F+fypsL2VIkHhqfqsQah1heZNhD5HtaQBKmc7rLhggCADTN8YtlSypRkY7kmWYKnuqPd/QvahAiqPa0Yw/XUk16CvtblpFBFDGRr6niZbQqAE4a1uVisB4YaUieQSZhjOGsV1kBBM2MvAzlMWCNxOhzkmBZ9WdgW9cdvz/+gROOnJggKaPfYkuTxcWnWJ4yHPhPTu7F6a9N+CkkkXdRGXEy+b1yPmQ3l16dSBAKEoAIkr0Q3olGdH9mQk2XU0U+6aedejPBFE+4EhLCDLdQBm0TSXnXMsDqaiVwIVGgvACW7Ll7nlAkM67IY+QFjVpiAccWQ2SyF/MlJBwNqpC8ubux0wjRb0vIPFOYFRkeVeWmSMN6OnyBBNke2pZ6mvsaeZKnCeSNez2zdlOJ6clF2Mn8cVFOx0W2zHQ0qcr37jv+/PTE3fS+ORBvkB4CwGKDJ6DDmTxmsTWV4U/3WZiwA4f+woqCjwzth4Ka8dnx/y/JXd296Zs5jHnWZydeHfpDYQuqI4ymY9+F1xo9DFEKWb2EstTuN/uIpjekGKGnTEcp6a2b4Hyzw5o2Jnq7sByxrokMvI8YN942++vt/vzRh5nsrhSJDTQUOSuQDr7JbkrAhsnOrnJvSIHT5fhK7esqz365elpy+ZnIENv7elprFh6bv3L/QJ0+4LAEnfZ+PV5XDj5UI/uYuD2BP27fFhVN8Ssu6akkj8rypM0l8ao7kdJtVTJYLSpiuwcXzZ7TxdMKUHgkiWn+TryJG8u+7iLlJZqkeZeQsZy+ksrA1NU086Md8CfBJsQt2Ub0orHzZiK6cw3xB2z+yXdZsrDjVX/5GVLtM7FUctKbRSh7yrTzVNWGU3Z99JvO/nOBdZP44JSIicy69mdpPGXdpmi05JtBqQUuFravRKsGKxytyoF35S7t+8iX8jNTEFdlnwjDVJXCvhEVSkDJU8n8ZGVCVs2HE/p1Evzb/CDEUO0VRQMAbhtnF7g2ndZhJ3lGroghY+M3EzCUz07rt5lDHL1WbGRD9nFrTketspfKvmFbCMxM3gx3kaecG6YwiG4JMaVzo3FAI2qWMyVPKPHl1HPBG04Hb2k3PISqv4EHDi711lEEzf9gu5/0faeW9zjun1s/fXJb29+8z0P5gWbfTMinJiBnevMc6esWoxr31PgHOPL+/3y/JHI58ATX99ev7zegx0azPoa/MIHuAB9cukaQ7CGbabeYs7TA20Y4Oi/btfpH+LYOaeAidWM017bjGYmTrI1ZSBDjG9eXQEtGQiKqXksZd+Ze4oiJ5bL55/UOA0QXqUrl58kr2Tujbzaxo6jWBRwbVNwKm6NuRtxpC5bHZceqghSK6fnFjfggBfGyxsigtx4h2ybfM16Jk+GE3CTONpOXBylCYzLt8yXRfi8I2d47ghqMZpoQ/xnEQh7MsbRVNezseKIni3kaerdhsU4fGfOccmSxA2hx7o3dVADs4eVFRTki00K2ey3kMc0NdN+YHsdOpl4TG6WQ3AgHbmE1XTM07ZINUR+nytmCUHRIrXAMjAXgCepVYkQxeJ8wW89EHCCwsTO571SyfRgmgK0fZqJLWn78wCOTUjmNxL8FwaQWwNabKM4SbVe8CiqHNBX8LLJoBK+LPJoL6xbhrMSUklBhcj9hXV9m9f3gDNfSI02nj7Xl3Vo2PHI+XZl83MvP+AfEh6nyieh0VEzCZo2+cmuguVAUnOs0rlQaMKA8dOgumSV2yUjkRWY4zJYcQeBEpkJC4aJRfPR3E9dNqbMNnTHSHa1FCF7MnJfv//Nr+9ffnj79Cd7u3Nv5DGBbUn/OQMqiqDIcObeILxdMCCkcvLBM7++I/adhhAEEZIzuHPR/mBs7iEtXo83e87Ejy8//vP/+P/5f1+///Xfv3z39PSc8naliNGeb+iAAjI3qjVjnjpLasjsjMnLUxvMQ8ZW2e5p86tTX2YCBX7ZRnwGVIRD5rYd9WNsKZG1PcDt7/mYTFynIZXU9nvRYTE4QNtpi7TqlV7vTEPJ8zaO4w0ZCpYbaTzoPW5JgzKMohiCJLRftuwXMPbb/YZYLXlpdNjlBlJ7F/7H5pr21UsmshVadUzDAwGLKKwh436kUELkeFvt2xYQ4YUklrlwwnSsPltjKOfiHdopx7Us75mfCwKp9oibrfvS1FG5PW/oZzBy6ogJUdk3ELXznMxooZ2BM/OHN96/6trvn+Yv/Pr6VujL+qUXXKaR/8zYTagUf8CsSKK/u7oVYLaMUTtnsP6FL55QXoqqIgp5pLHe57AeRjwRuclc/HDrwhtPRueaxrUwZygfExWFwtksHZvVIaftGmJmsmkmaDR6jtMc+IRUCtwz17kK3bKvFGvU/LRq3sn7aPykYrSJ9KSbI2v1/IAuILJ+XaY3p+k0D6aj7jOtS8a1zKaFI+Gpsnq4uXqKs7GH0aO1OB1C4VETXIUENB2g02nWaBu52jQvxbsuReXnabRv7tv5ULEykzivqdRYpObkKOMp95JjMELb7IIQBLFoxHj1+oiqb+PG7DZzSurhuM3SnFuJz0zqskWWVbkFKRY3K0StZoTra3P7+8reLAvx9I77SSCoKOUbp3lJzZ9+nb8Yc5uKEuu0VU6r6z8jOrQQ73eaURBDEv9lEuyv4vVLBqCXGpWPpzNbewBHHi6KeVX0Wp/ulnkhPHES6y6Fp8v5kt8uaHf2ilUpPf77KB8EAAAQAElEQVS08Sh2OStuymerU0YzWd47S8BQ4c3yXrZhaVN0eD1UlGAyGtYASEQq6MCTlOGBtm/A7oyxfBaPg3hRia1VIS7X+wBh6cpzNLoQNFd5AQoTlU8PU65dkF5NwMhZauqZmXUxdgwCSBJk7aBmc7AcagUu03lwIF9lsLFXkpeaE1yT1pJnl+16q9P5UHKF0cPJImQkfG3IH9v2XqubnyxXGW+wJD1bHubHDolcZhoix2I4lMPRpRrqc+nTpM/J2TsJRfOJjMk4CZllTe4FrloCGR1OKOaSAjs/lK1sMnt3y5SnnPnxQ5TMz2Tn9DPIFNExEqAks5Q2m9rv8sxN9EhKkhVzgxHDpbvFXDzamXjqDcZ6IurjU2maBzK7M2Onj5Ff0etmYCJbpkRdCUDe7m+J0oK1fIQEpBrGEl4vPD4JsOKNC/zeA32Xxp0ytyZ7IR4bHE0HznVhtyGBf4bNuz1ns3rQvJi2/YWJ5cx72tCGYlxorO9wmD0xiOeXZ+uNXX6yarkUVqacZE7Xdmjz7i8hH+zj81OedGyL6/MTe+Tg0IwpfFKnp9wMG/qVJTQzJjvx6NJxl6RaSZsAj5UIdUqBnIadWV/jij/88Yfx+5gbVDwnjWuCtDY8fJISs8wYp2nDSqAglfnATMCaBQExZRptBbYRyzz3TREsQ07L9EqcYghnGejkiOWgzhrcCpl/Uw55WNHOr525yM+MBeNd5L8yNtB3a6KlITDbJBYKEbGim7xs0zJwqxoLJsErzw4bHsNQkn4G3kQ0k5j+5YXp7RM2xReBnYD7pYayjEafxdWZ4uSVi3phe0+hoE29v5QG2GZcbazIReyshDKQxmpwVn3OzHU765yQLGpdIy0YuvMMqxijHAevWrwoo6REPDhmq4Yj0P1UvWRBKcOKY/jbNgMVLOaAfqkwidH4Oxlbe1Z2B0jahez3ymQYJ4mwJbunUtjtvcKD5eiXKa42RrUrhf7zD7TPOzUmY7FMVizOFJ8ZD9wjUo8hrxmQqABEk2kWMVNYeiiDxohDli/WSM1QTPgDGfEve389Woq2gUmHXfC0F2AwwFTzHzmGpCyC83TgyceOfx5Y5N5vr7fPXz59eB4ibEQuDUhx3N6Qiu/WTr7c9GLNZlEv3sSKNDH7h502DQ0QcLKDy2E3Lkj3aXQQp97kqeBke529qC0jdY8d7DpYTccYgtlrdbl+td/bCEM6aS4SKT7KQiZfxeyl6RXjsbJJNDAYJ41LT3lYOI3r84qY2jTcsbHvPJmX5ssb9iiOelYVHAyeUcKkXB4xv8v2JYlE0o0ZiuR6HKiEYPxKMCTP18GU7azjFLDuBJvHUbpm3O+Gc9WIo7GtRe/zzFrpURgqnabSAfIxkfCE2ekw3IY6PMSVQXAZqFmfXpYsPUKIKpMQUZIjSNyyny0ilEkrBgTRBTNPH9kItQmgnaQXyxWb7X/Lid0055DYVv4cBKu8PIgZEanD7fTrViqaO8jL6TWxQktpNbIbbSxaybEmiUZp6kamuGsT8UartGitkg4KR4uW0GkOZEaxNSLwiV1evMnQ3LxyvifQrhIqRRp8JbBJIFcS9MK8xRPtUwQrXKZ/40ChY0ScOwDglEE1p/FzzXKxZNVBTwnw6+NQSmJFPVfQ1GeaMEzdhlbGXZxm2J8UY0jq2KC+rx+++/D975+ef3h9++eedOe0l1GuAYPowiw4wAfD8hhHIYnGke0wRBK9ARxBIScmJjdjCGvsd3DjHSwnHOLw8PH/DM0+f/jw9Jtff/z+V9eX7z58+O729vr6+uX64fthZfT9NRtEDFO/jZjtjlQBmelclqYiRMa4quZomE9IT06Smx22OQIG+URkWeHhQRAK2ijjJdcsRKzdAgB+bwKdDAyBBIkjC5i80a8h05NCHcmg0wjt8rzThMmKhXFysxH3lt5ID8ot+iYj8gfuoMsV+85ptGQV4hgBNh+rZVuJcKo4dkPpzOOrQEYwk1s+k5EJn0U/Gz/BTcHQlbqgF3/X1BwhWVqviQ0p21nbUxGNUizdzzpGeHX92rXpdBvqjTijro6xMyU8H7eK2PSJCZprgGELTqMFo/jO+8FrNLqZnyFsP38g5KGvVO3KOp7I2ERly/eeV2I05hEEqrE9/q63Jlx1es++uoT+8h40j8fBf4106cCaL+u9huxLpNdzPaBiUoruD0gVOyMtgM8WnBvLCimrU9pJJU4UgXWfSczhp8uHpFZdac0KcwsKiNB7Zmxnx6bwvkapT7rsKl1W1SYUtTgDuENzq+4YJeok2U26EhYaW/NkkE5Oyzwimgya/Nxi79Jf56vLtebCF8XZHDTnZJ5uXnd60hhhO39MO9Xm1q9TqYQGNgea+9XKQPQCc738ED1B2Uy1vcMmls/kOV3Dy28wUTfo2fCtrHFrpuQhp1Frk7hJ2KkS7uh6+1E7Kc5AWWfJeZzSDjQpvVYAqBE5VyGdpYv5t1m+noRs7AliLDlxzSj/E9MSsBnNrX1GvJctfbmby2ReB8FmB5nTGaqLrI0g94TeUxDDZzAiJJhinkc/nYuzeDKfpiqF0sx59vMT6TO8hooRKTingaIhxdwV6/rrSGun+vK0/lpev1gA2m1KbGoxt7O0nop2/e5nUTLfMOlWf9BXusOZrEYHxqdk09Gz0lm100uf2FTdy9Vxgj4w4nb4NkqUZoqrPmzCQ/AWk6ndlwPC+jXTDYTREFuAO8BUhfIkIJSsZIF5ZTDpb/WwqH7byqs1NflSEq7OlNCJ3tTBCWLCmdpjyhsodGFKYliNUf7EnE7OYIgVknnQFtP34gIi0QEY5azmAxHljIiagU+WYgnOzg7+BmXMODXEKYqArLqDHHMU2GR2ht3J4g0v+WVl0FEvzktkopIldItJuXMFcySdFAe8icmuNqI2lcWE8ESswsxkkWaSkJK7MUfHQciDVwglr02RKX8ME+8CQ9LCxYYjJn1J7NMJK7F208FKUEdFLkE6gIBQk+AiIwRoC2h9oBUDSm4o4UwWVKrN5sXawVHI68yHBJS0KVkGqVJk5MvcVaDSiXwgmbey+K3WW0AnC2eZPUhTRnwySDwRQrll1pk0gnpjYrceIFBQWqZpH+ZeHXB49egBjnlUtiydqOVddEefd8fJQjYXjISN653J2uMpbrc7SqfHEz27k/YiAfE//uM/Hfcd3QfzuZjnAuN+6plc4yOOthaPIJG2Zpv1DrXvTvrQG0MOuqpYBXhugq22EJeJMnZkca2IcdNh92nem/LssOJEFYtNUeo8FMshDtBctb2x5CtLcskJ08pG8Mm9XJ6DxHTlHY/PXi6tRGJKv17VCYASCiglgEN5MdzPnTAsUx68ME1PKXEhlk9kglzpY3MevswcHIMqzff5Xh6WZPsNlZlzV+NqIxziZTmEZLNAO4cM3FCTzo5ish6Idhyhfpxles+UJuNCc2kRCTmc1Jega7+3jOhhaRKFpIhIEPXSpGIOkUl2dV3r5EsB80lSbdAGsgQsNvI4IQW1ES9j9AXChniNuI/4J+49Mjz4BKDl7FrpMco3dmhky1MQK5Xkx/1LVEYI1zR2D1MbW51M4efihptaI9RFMeNL2lNVhYP9usHVIb0SciNzrlKejYsNUPfOIhOtHBIGkWg2hFpUXbQVAiWdgnUbp/h2u729fbnuL0+X+PC8vTxfmLEPFtgEmJa56gtU053mDzI/JYW008r5z3w8HRnFWTitVT+U4kQ7DoqeuOH0lqzoleDZ6Hy2djJ1AerNM9fZbA/pgXsC0Jpt0TNDImwsWqEk5hYuFwcfPYsNJJKPiCBqSuTgPkzJtOut7BUBm5sVGxompmBVmTsNueF01zaojKdrhtMvSSjhiACC5X7KInl0aIYDid+QLoqEStLgZvSa+oQFNoRJDRGvKjeJ6USL06yykI5EyXZSD3DMndxliPAVziTzRWw51Efcc5SnJdWI1yO/HbO2iQdgI7GLVLpMhFIJXqE9AaqEV7lpFVOQ80XXjf5pzU7tq6bCgtBQcPanZ72R3UaZ9+Kp0PrrC4z9k0N5E8CM1ai4LFdihGyf9AWsgexz+vE+3S9sqYuIaoyLXtQ0E0Gexn3ZvPP9uYGE7XgBAvUZThcnmgB0nU2be8+jhnT29WJ+zqaxg2IvNjbsrsh/zJZWXv/HhTrTTaBwGrsiBOMj013lsaYRm4rs6fn5+199/PVvjtvr/f5Fzkl2B4Y1nin4ENMZkcqQNST8gX6/mdebbcBhc/JpcBSSobyjCTW77g4QncnEOT9PL0/PL9enEfYfwPqlX57euu9v9/vxx+u//3fb9Wlc58OHX4EQiGhWK+UtJ8en4pQMxZTT9uaBQr0AyjfSbANVPRP8W1kCQQ3e+hbbUfbrnMPurReYhiQPcp6gYknkEVuzWWLGFe9s/HjvOxUguqnv9wFAZxkeLpZ9T7KDKLTWJT2AyxUhyaerrDjMZCy0Yh3EuVMKFjntmrBS8WFibokShqrDKPsu1AaWnO9R+6zsm7/g5ZxlFX/5OqcCxNaGFnbrMhajuKiokfkqxhGTv+MLLyl5vpIv4/T2aTj67+z+9u4V64BYTEE6v65/L4T9hLab/CYd3PWF+cefe/k3P1FwWdgEvX/6Osv+nrj7NJy/+toCqEsr2np65Vmd18bMVh73KXn9NBNlT6ybrgHEeiKhw/bN0YedP/jVS5aJAvtly7i04sNOmFl3AuJsqp25xHKUYw58ORqCRUMe+prCyrY3niyx0ZUcxkzJjo75pBMv1uD68kfOidx0hupGJYI10Med9m7mpH+W28KpVGb63BUaY+lZK2o4swdMnIf24YI1+3Y6IS4NPse7JjWE7Fg9yNzESsFbOfP1XcJTpT015+7zod10uCYUcDrBZdiGPSA5tZdtWge8CLMwlYFvCgdaiaPlQZTv4N/ajCcF7VOSTcHByqX1MYFdU9J6XSMeDkIo9OfryTQ9OlixFL7Z+ch/9eufkTfn70yX4Cw6Y57IOFUYlX6ZOtb/i272L+P1ywSgT7u49pCfN9LcZqa4aq/i+ykafUGKvmRizMNSd9KHfUmlGVW0k7IJkMVWn6FpLNOx5C2QczwJyxQY8+l+l6So7GmcvOORsIae6qyKluCuL9LbPIsxBTNLAjpTGGC+HaQA7iT1Q7KoRKAGT56KTAqo2eZXSkfI4+L774VKpQQIocI7zj7xUhiZYAivDzW8tF0Zt7cJ0bmzrQ4uoMZ+ZPX2puIXXG8/ZOelxTfQUtTuZ8S2sVsN81dYYAfM2PaYB76DW9rw0W3JHTXVlZpBfgRXcboTFYxAfaiTZwD+Qt7uvt+fnq7G6OKRzBVeAjlhXORMpS3eLkxDIN6UU5r5yJmueb/tyeq4Vd5DAebcQXbyn7kXRdbEEabffkmFvmeeuqFWP5uwNLZ42Vhf3ydtLPTEgT1qTJlPctyeOVrtmujLsXNb3d/ul5XlmvWWmJROO96MRZTdWBmNaEgmZAAAEABJREFUr2yXS5Xm5h7r4P91ZKIlpAoEGR/bvOIsR1HNEkDsNXX9linmASzDyDqhLCBub7o3BIGBkSWgl3gaN9Z+zy8DGDci8gQTuI03VmvbhmQn8hnmbN/ut+0AsWHmBN2Bll5Q439pl+twhwZY/8d//qfL/Z4t3JGmF4XRrW0G9U/SXlQjt/IRBF/Bs8d+rLxGGWZABTphmthEnTYlkSytAn0HbDpQcJ8szy3EElNRtKl0XUaPgjTY5Zn2dWkMerGJki9RRzBDtl3zqmpDhlTFE1yQmVducrGX4rmOVtVVdCFxsbwUN4wJ8HD2vyOcQeuTDThJF6pwT8iCSs7TXBqSi0C2FL1MWzIpD9mV/C0oYNaGAbDgLtzFhYG7UJx0UneWBrI8Rex0EEy1V1sTIXQmJKA8EPwn6ms0CdQWmDLbdmXUB28RhQHxhvXNlZyrfJbGlEGxXMfGPdN1bHuD+MdEjWnMzFYemvvWUJzBebjIjs0x7Vg9YUl8N5RfDKkHUSm9UbDMtOyYXAm/m5xLrrB/FsT0qO8wPMDEY2ku4gXoT0DJcwRXFVsL1RjcZcw17iqmRj6qz+BJQDZyFzFxPk9tMDKBoaG0ZZumeF5ug1TgWhREEJTwoZOJPrXHfr/vt1vs+9Pm3394/s33H777cHn7gvaqRrTljLLyrWk/LHeixFEaHs4yoxAqvWx6OS9SKhYVK+nInMRnmEB79LJCpEKSagYZ8aKN4a2m9Tp0uxUoEJMyW1gVDyRo98uVSQCawKuX5b+KvPSOLwcoqJina2MR70zm5fcspyNv1uZ3gIPjCRi6ANrHpGgcr8x6Rq54AtDb0EIpmC7QRpeGLHK6kR6Ezzl1m5GDm+opNw+r8x1kNSd/rGLepHRQIMLOnlV2kgvlBBHqOgjrJbPN8q8o1JPUOM0oZ0owUjPBBkUck6nEBaIiNsY00pQpxXLMxFmFKx3I+plpgmQYnsBelOxeL7IRVwaxmCMpaYXTFTC6aSTLeCaOgIjUVoZXfqBOJh01lscxWxk/JQB9hcYXugziaQkscjRIolopZm7SRhLrlGoOeaLY5wSglYVRFuvpP/D6w5YT6wuOLt/V/OwbzCOpT8xaR+nAeVzL9/MTbFKLhwKy1ttBQVW8NDWuwk2CJpXKUM7bHzqsCzzEn8lOdNmePn74/g+/P+6fP/8wIhtJHaZEATXPQGtH0LWNN8AlngVhI/w93jgoRUGUd0EobrNLItSdzBfmV7++vLTUYpZh++fr08eXy/PLGNeIo3/5539OhyTbcseXH3788qc//fgP//D3/5d/85s//H778IJEhp2CRVhRbRcFaeSY4AEVBII873KjOJJcV+SBNzVmcBk7TeKRXhitmFZiDPoIVhBcFaobSXPEQebGN4Z7OzI2DnRZAUVg3hqk+Gz/mf3IE3nOV+rFth/kixuBk7QKaKkGKPEuXpCNYFwpCb3HrVFbBh4cnmhOyNpN2gd9uohKoyYaq+vL9ngExNZ9TnAjRVSf8KY9+Fy67Bm+kE9kJegp9Lh2Vpr/lHJX4ZoJhZTtFx5Ly61Hs3n996/KUNBz+PlJyvv+1iUfL6IjdH6c062dCiu+enP9Gus/00/HO32tor2bxtMFNQ9rvs+fjIfffP3RzwMrGzniK+bZmJd+uKMtn/Nn5sbshHfU/myn8GG82wzf2Bi1gOswP1zfV9qWT5VzFr3rnzWMqNWVFcjjM88E8ekTJYPeVb5XGcplFD1aFmGnyL6ESUzrw+dDnhepZsHX/aKOTtTo/QQQf7Ul18TFCrRMvdSVDcJfG6sQz8OOqjv1NWz9ROx86nJbxlXjCTob3hETolzvrgWCLNWdT4kBMmZicmZUZy3z03mMuarG/EkB9C5cyuIbJ5zp7fiph1UVkfqXaJZC8o4jKVNEIlD419S/BVwvMeFf3zTmDwVDWcRZSFjYylWfixnajSYT7LSHa2Nyr359nXjgQPnzr3keusVC7OcW9Ae5QSj8/fn/q3r9IgFoqcdpa060WX+dpQ1hpFLIevw2YyEeJ3kVS5ZLU+QHWkyT9qdiZdzCdRTiq6mUZOffp9VGMk9k8WVLluqXjb9cODhQIDITOZj+fIAK83znTeZXmFz71lU7S6CCzUpEaWo6TmjRwyYxWX18hBDPNLI7jbeqpmAnLmR9aLIT5y3wCL3LNxp6nV3sXcNASq9ETLEATunDHM5e3p6TR3EAtT5b6WDUpbAhS4+dWX8EZDbwhBxZL8ubpltEUB4WnQE/UR6Jg8UDDM/emSOLrGhjgiJTarFPuGPGgHeY3UBoNvS96/ABtvvtS+JLKG4EiYIzRdpoJTv4kDdU0N87k556/rizU9sF8BS63x+ZOo3sJ96433Ud4mLol5sBAeSgQKugQ/zUXMDjDhgcyfaYtja3EGQ/k4jp8xVqQ94Lxy16Fm8yJ2u8fzBLhYnfvmdqOGt7myuRNDMoB3B4kJ3SAr3+GrhZczSNeWGdbkVLVsxdavrp+lRIYby+vQ1Y9AlsynZXfUoO47KhJDHvdMlUZYCD3lAx7UrByW5gh4qjs9pRiVjSbvtBygNyssBbBAn4fieocb/fM4EG6NSPnz+l42yi1Ehik2MfuPzL85OB2ODpMga9ffr8eTJnDQByv9+uIMzpOKQJySPvOr3w56exUW777fPrp19v6CHJbau8UOnUJpQDrW7UHq5hR7OnX6aOo71hzunuho7xBfxhYzcQho6FyKsiVOOdRVUCa+m/bUg2bwJXlS0oNWcFVtAUCvb8SslE66EpAbjVJqtzH2iKR9S8fG9WddOAWmT1ukgr70moCpPX8wxK2F68cLPxOvbDTramqzQt/8atmAzvAC63SugTAAYNkKwvF9I9H7xKlnH0ZM3pRVaLSgPLAAymfYdcoURKImuNK0fMZFM3IvrGOjCQyZSkLxJ/uv9T7sGTbFcUV7cggz7hXS8ThjEGHj12i/WN6aFwqaMp9ZxGWTEjVZlr4U5AucWMF6LDxVRmR4G8OW3DywYIO3lgM8pV+m1c8+oitbAi07vgdla0JBEzG5qKIzlzVE937otLhJ3NUcdRUGIp3s1cvEw+65AKl6iErY5mCUyXuCvy5aW2+mailBr3GFEfNMqzVVdqZFaImLWSZJvOw7X1La7Jcb5BrYDtE5oHrJuyB4INwyaoRR8WkzoeIjGJ+9v+9jriVE/Xl19//+H3v/7+d999uL3e7C3zGMnYKYO8HDMZGaT+1vZm6cpkxSiEn67vMp11HfJ966yyk3B53h1ljGSjEeCCGA4lM/O/p6sfNv0NAg3TkK80IUwZdkx+mRxYGDt6GyJfrlUqXchHUk0PNxV66wWiBffaBiBUjj4HHxVImGlGfvqHxpfAV5zYcjlYbk+4EuKugNVLMjvnGcQkpEy4APNR5Vi/kdOBMijTIymM2K8Bu6bxngRkiYmq2sP85EBrcJq0mtn8T69ikWQDQXUw69gSkbVKPxfVSUFyHgUNeHWssGBogfxOATgxqUY2JwdbpSmyKo4nhv5SKNkJelpxQJNV0CoblMW2FGTT7+bZqQdxMT7XKG2C3KKB29QFLiDwyzF2DumCbOWg+XCtdrzChJM65sT/bCJnyvhg5TdgaCQWcWWF87ZgNqgnYDFEiXeOQfYimw6YTS2mxcqPKcd8Ir8sCplms6R3ynSeYmY7RCwTfYIEweRRmKJP2cZg2ITU7aSWcGQVu2qZUKYsfgba88xydRJh0HZlcdpysTuzzreXlw+/+9399cdMgt4Piuic+jyTaC69sY9L7sA99kvamJvBDBphbwPuf3+7DSszSdP90t8yGaQNO+bj8/e///2vfvM7264/fn79h3/4z//p3/2Hz58+ZeeSff/Vdx8/Pr98uD4/X64vz8///tOP/8v/8P8bQfX/7v/2f/9//D//X//qv/03iblHZmmQKky5AVxthcCDQqFTRNAUEbqBaoGxt1lowcaeWR13wRJmOreS8UmvB+g3DnbKZUL3uNc1gmVh6SrR14AmjQ09t9kXJEhlnpo9zdI9u30m/J7hkKrACzAWVnff5EfKLjVpiR8pYl8+Xp+uyLBW2N1nOY5QkopdcblZg4nLOuEDl49RjqDVJITigCLoJloVBVeVBtL2tPevOP+NFsBsbB7COOt71Nq1jZsSBqXOWWBvldNRBaFE/ZpVIYp7ecwEXrBZSRS4QGM53LEgrG+OXACYpFCc5P88jub+M3gLPZh5Y1308SMlHk9vEMh6wAAFzi15aDW3Ye/Gtb4VQgk4BFkc3BcLyp6o7bcQqrA5NC1OtZT7+oPzc7rLtz72Uy9FJLyyKGKOfvWK+9bu0rjmw8bSfg+Dqz1TCmlRI5yvU/YMNkcBcAVLeoGBVEXJgUmzjWB05XWI1kF6z+cJpJ9TjxZ1RVvytH4WaFheSgn2sBNabz/x4v7X8p5tuTkJPtkv7BHz1ERFAUgSGyczXjtS6eFxhl1lv1l1RzIry/G8OZWqKFIL5tnME8HPhdmE+mWBMVPN5MJJ5RszQGiFmc8t0msN5QxRq86m47pRzPkpk5NJQ6exzJ0k23pZpjFFhtJNbM6TyCd9rcVpbk9nyUoehq1VjdoJOqDyYSB2MxkoLuu4R23zzcq4iIp6nhbldOvTeZSxw5Nfp+yrwxqnf699+yjN5lz8tb9+oRnQS54wL1YYr6/DVy6rl3D2qRN62PuQrnuJYwluL1FeIpgSVDhOnS9beUfMRyNqpTdKEpVPaifBEjaPuk4h3X5+gC5UhHqdxSny4+UWnEAlfB7ZMXR34cO5n4ChNWJ8NTt9iafSapBWwD0/RG3pM3PGmEKFj3TQukohIecOP231hDKGsAYbf+1RWYdetW0oyb9caFM1m2ViKLiDjoOThjQPXI1eXLrMA7G+o7vPEPCgJtB0kbGhehxKTrpEtLr9jCEdWuxg5UwITsrxbSrhNeZHFLNuIPHksgk7VS8SZSMcQf6DKSkTxr20++t9GLme6UJXyw7kB9k2yOorTTpm7cKS4RD6oLaFlZNYL8xACvuu1Gx4xkgxjMeNjKvZ6/1t0X5kuyGCdEDD2yXTQtA3qQxUjsiJBWd8YSwM2pNjphK3LlvSADmx1jY7Dd7vmX5+2ZYkoZLtlWdAC46R4qOoZdyqRhEdnxKTp1FyDLQRXvr1ulUW1QF2MNJYdfh5MoO2JjgBBalYa+SgXYebliXne9LckMQFp550hKn9DpQ/Z0UncrmuIBJndXaHd0wW72xNdiWmn9N9JBtwAtbPL0/PH1++G98co/38+tbpYSU6soHEADk4Z7NeJ8KRLEOBwpS1nGHg40LiihnMtJLTTwlFpRv7eTU5bJFo48WF1ct750QleyUiXtLzS3qUeMvHzdadjIfQEeE+viCaHyejbmsnw5PWFD5QzeclOLy5ndCPShT2DfUIZTc4Xb4kfmkznIOoFbLqZLIHwTI4mSiHprhqLpqMjPxcVBCQdBTKZnQF6HbumwYAABAASURBVPqUsSKuhNMwttYWEgDB5C251zIy8w9A80FACSOLE8oDNnBSllNAaiUzPq1C8qxrbUmvHCS1KKlOoiOrhDlczEuHOA7mVB2nchqYSCH3CjjVtozcWAm5fSvUi6UvvcXKK6Dh2iayY0XZLLGzn+z0wBgrqOdg4sePHUsHut4MDGQEMaDxhpxGKvqQ9gjV9EAHVC8duzRdqVpmKdNH9qquJkyVd7xuTxSmOEfyDXBhEwyCiUJ5fGKph/fnLFnfsorbjqOqQWqrE6dvJ7MvKDjocvfsB5ydcgc6M2Ja14t///L0h199/N2vPn55u/vlxo4Iy+hdCJ/ZdP4FnbQC+JSeMWfSJKuDzmuddxGh6KThV3pNDAAQc/eyy/838v47ULakqhfHV9XeHc6NE4ABhiwMIHnIOAii4ABDEBAkSdKnIgiKijyUYECJYiAZ8IuIkiQq8AAliAgIqCgKkocwzAwMc/M5p3vv+tVan8+qqu5zLo95v79Gmsudc0937127wgqftdZnpTKNRd5S7dC+TamSdMUY68dC9cqs9CFAgQa3qYXOOvWInUryLUObewPhOHitlemp3lhT7GNCM8wS1UfaEwGbNlDRkDQ42B4YPTgHV4wwNO4Vg/NCi5cjJYDWyfaoofEDmxtojrLyRw9FMgwe6raoT4ru6tGTZkkOYmTewhEehvV4LUFzmCLYzEGs7ZkgDq9cBkbRiwVBLCrhmBUISzd2Jx0omhEqsvOTEJnrAbJp5LTuopKk7NlDgS2mdY/ErohBRV0LHUHoCosTdzldKcdki+nI/QB+A6Dz+cB14tFCA4UjpXf1ZrvopAs9WI+UiYUlI2xklLyOJZTIo9Oj4dZjdKM1OgAdC8LvlhqXAt9wdUXzNPHdWLWYQ2hu/dQ4gkjjT7ogQipIlDKjjZ2VGokhDVZFV5SgifuyONRjYTPApwdwoYVQ8zORchpKQlQxCXLobmOy58DB8fjxE4thsdgMk54OiwHcGs5XbiEVp1bGphjp1va2cmZjWQbJonKZFifUDlvM9x885ZSDG/v39fNpPn7f+Oa3Lrr4m4cOHc4ho5mk06YbYbZXBbVxrE+U6KafTWK2f/SWfdw6+q2tzeM5FKdrPYyROo3lYlzDGMtjCNrY0q7QqjsUm1mw2UxY9OlUFmdr8JHVuKVfQEuJ10glMwbElb6JeKMI183dcwdIMWPETwqpV0ytTrRtqRHsDcZM1UEE24dJ28ZpF6jlLO63N7dMI0ueiFT5ykLZDPaQ0a0F3yTlcElgiiNgaV+1OJLlxjOeXSlD5OD+FnRBQjIt5hWP1F2UZoM2qYhIEILFnFb8BL2vhwQAMptRI6mYNgBV6DOvAHrFK5Wq5UIZXKqiBVdIUk5sMy/NP7nXaQtKOU0UjauDlsZOWfmttEhNqu9wseqk4F6puZRrXSlbSLjCyc1XCavzJ5JqlWESL5OSHXdcwciC788qBlbeDTVHdP0VHJZK61+7jC83uSVJSunbfzLtHIH9ZH/5E/Bx7LqRb6ewCrgVS6SAGe7eBx4ZMw8dYYT47fCx0CCIAszZd+XAg2EvkOJz4nn0mlkOdWvJyuDgYXmRlb9X0KHqwvt+9NE0Fwg8PVIBTBp9UmYHAokcd6nBaoRbrZa+hPYkhPaD4s+VtE8sLQmfX+zsUDW7fX+sB4EuhNQTuKLpJbAfz9ggZxIq4pLEraMyV2ZrjCX/UqdpdDNWXwPLW2GGVe0Kp8cdFKlq3VJJEsU1W2BJM0YXGz7XwY1CWd1xUnYGiQNScS4cgvEFTbLyhwwxsV2I5Gk4xTyuFkN7V18+eNF1ttc/6CcilLRGWi9lpXY/nOXhg3xXvS6fADR2O0+ohz3oUtKT8W3kGYJuEIg7gWvxPoB++GwJaxQVzT2UilFb9FxoDFn4V9ylFUF06QCiT9zIXL+GbB4QTMFrQltdYiMhSF3rvIpNZN/z1GU6Qq7uXFIKDhiMYCP8HSwRQBx458MFJi4Bs0qmfkt9OgWPsRNoFgMgG00qXLpwLyklvFyV6fq8Q2eJTcikNMzcCQrhMiLDCoLDEuWQkw1bFjlEpKbTotyAJKcMHCwGQJRmu3oWVQkpcPiGVaAvnjYrtyxooeDzsdrxh4OXod0OWJhBAGC95LYpCiwIQV7TB8rpCmeyKxWUqEgNSHe1GwRjWw4dqSoVQEfxutUch5FenOW/iNvxzIVPVtGogrw3Ft0RyC4YG0zX4pPItc2/cHeeKUPJHN6IVOWR2Ga5iIAGxFKNALkOltKTMWYi+7ZY3kBPJ2dpOSdBaRMYPsFz+W7Xnc6MbHTHXCyLmhBbQJySLtAPX+ZPjEs6DlggS96gg2ohjkJfajTclkhpdOF+1FL2jy2vUMGoTnHjgQSWE2VptmnQHveduVUdOqDb/AC4iWiJbreJHuIVBQ56q1ll+k5vrKR5G21tb2r7X4CihpmMRB8b7ae6eSxVSDhQwW3gyHXnOdCmTxQkKA3AZqUPbOo7aMIZaWkBa0T6cim5sbdyrIMLGocf+ZflIXUsZHeBF6yeD1aIb/WSsrxivQYp0AYfKhYVj3wnfiMx7w4i26RJQKFw1y+N/cVITxxukOCBIyvd0MkFW6gKBDZttbsijgDYg6SsbB4opcIrGF7EFTEoBRTG1okNktknxZ8jghbeNlgSz1yloRwEubdGvANlIo2n6SvSmeOeSh8sp9kHUUmKMN4s8AUF04FOE1vXGU5Vr5mjjRtEF1TJpDO8Q9i4naddqjDxnEPNCBZvhiat+SmAfW3GLVdN6pu+IWFEYtEwtuTTFUZm5OoQhmWdvKQQqjPimW0ePFsWChuZz9HafyWa59FFKec7aZobQrDYuXprzREU6gwrVVGKIvJQp2EC5gN0+bNOVwOwTqD0zF02pGNAVKOrYzSrOauR5SJHwIbJXPZM+lP2zE/Zu+fIie38AItFKbTkxk/+lz8TLdRSIW7TOxq+bFIZugPEVgnFoAghR/ovdgV83ldVXCOQDoJwQHLKdXRx8pRw6jlJK3nWfmBjk1UEchuo1yBEEzykTPEElyOyFgDnyPJvm5Ismzd+NRWhbSuW2GsLwZ3AEltGAqwLqE2bbeyxmE59RBeAkNgOgaPPGhUi0PsuWzlUp1UOlNACI4HkMh3sCc6bskD1RIwAi6J/gMtFnPcYijfTOQAaWNPBpos2BuRvQc2DFghyxcA6m00WH7tZiHthlKF6+xmNm0A2RqO9HiVy/iB83Y8MwbsV2Np0pMFRfNDykW3oiTnhoUxaqZ1gcCEE5rBSUguTWhMrvrBOwdhP8K7Bwy7QgNTZ/o4dSlBix86B+CZNlxgKcO/2LDZRpPDk75362Sgm8JZr+frNYmsXk9uUE3cVHPLAyGKQapYV+9yFa/mHH61YWO6robji/BVZ6Q4q/w9RDsmmG3h05jOhd61NtcGtCk8YZ0mqksR9RyNfy8s53bNvY9+B4cTmYrnFCAITHwZWblrcQydwOutm2ltwM9tkW4tsnIGwf+z66cbGfP/+faed3k/n29vLSw4dPXTpoUPfOnT86NFxuZhNJntnUw1Uo9elxtslh9mmXUa8tXlyZycn22fbm8cXi+3ZZKZ6qaNV4M9vq4ZN7ovh+TGBtot1GMwCFtVgTHLRjhUjCx4SiPtpbQR6GAFTGlGl4qvGu69AFZh19AoNjflB8E3zPYRxj+AG4aQQshnzhiQE7rPaUuN20Fo2NcNL9cgKRGD4MlEVKWsqjpqVCeISS3Bqx1TqYhL8PnH8pvEsqy+3aljVHYjv4yiXk1AMDvGR1OGK8EzweIzMjq0KnvseWthkqrMf+kPI6gxIzUde/50fqzWrcGVAJYmwgc9kl0zf1Uslv1CqKyGtCbPzlXZcLzWX9o/gKuNJr1O+Ftq72y+CODiwtkVCO8adl6OdIbLb3UxepR1zEXZuimZjcnNgsVJqt6yv/Nr1Vq6GpSuS0e1kEQc6UvtF+KRJWrTX4b8kze/KMBm3LWsa2rH5byyAgvbYsGWFDqyW2Bbkn+ck+UHAOEqoIRWShJ0zKMGjXeXuvG9Z27TykM28FRDJFUzZftWO4gVSu89cGZVhtMemuUHwvjISVhYIBrEUNb5z06QyKxTMKa1cPfgRtkIaGh0FVi0CgpObfOlCETV+NXWQUdEugCGk0rTtGFAZgIts19/Y3uVe5VFpezVauu5RRwikyKT2AX14UiExCEFC1+VOHDp94RWbIKwPvRnZ2r99VonChZW30y4f98PrEj5UbbY+azW1aP2Efne8LpcA9C7Stinak9Ba+ZI8AY1nw7VFjSBRaLg0CO23mm1Sz6wfM6kbxwN+PAbixygyMaQUatmxdurd4M3BQnkoz33e+bApNTaLn+fkWY0pVb5GftyjkamcZgiSBGY0bUxPU9jwlNA036C3OKI6fcTUJhZY69eXmvRqRH7qBRltBUkdxyJe7LbgFLbLLUf3+R09CgSmgenZcAer3Qb3h+Ejluc5oB8kHK9Uc79HvepyW1uEu0dJf6aIDkoM+pw9SEPDdgLVKVC+ZN8KWJiiMS0pidZdr2QXWMcUSzEV4baARc1aczK1tkcGYZobZp42HewROjwjttMeTl5Ar0HIdtbmD8xcQ0rR6E1LlB/DKGDV+VfX00plR3A4JAxlZI4geB6YZhKNAlszrI2+pFO2VkLOmOHRHoy4JMwZxQUElHhKe2HJ8pFdfVKxVJNxeogwvwl0MdEVnuZT4y6BFVUgdQ2ObZlpQJsdeVJw9q2EH9yytg1DLJozoBaYbroCEHDBkm7mzvc9HYx8tUmvtB5bS2PU0BxahVqxJ6yme8AJthJ4BSrsF5pEjSzO/J4B1naQ1d3uFgtH8tBOSXPb0/bmZmcIONPCLZF89F6JaLyGsUXXRFI9N9trgRFueuoxemuQIExETsIKCZutUiHtPMfu0rsEdM/HyFJArujgrx9IkeSl29DNbYMdT08IuHQpphM3RBPXw3ZfjAUvAMowEvCmZZZc7BYTgECVkrtqspUCg4AVaF66S4nBxMJQD/idpda2WVGVEejBsgJTWEFZ9ABIW1xYRqKDAq7vAo56xzSHMWB9Gi23AApktYCdJo2XJEpQyxbgQwNpLrMTgEhBQCE0GGrWszGgVHnPk4OEbbYKGIC2wPHG6Wraz0GkCwk7GvXgeZRhYXE9VNe7d43tYfCT8S5kQe6IiuGsoDeAiW0NuFBWH1zF2L5UnhMxCne03/LGqlGcqMR0WayUAmzWVVQiix6TY1wCvZxGwz70kTXt0nb0iHR422s6pqU+fm8FD3Dvo8UZBEiKgOA0BcswTWjYByJRE6mieL2nZzLLJOOqkuGIjEHnQNO06/bPZqfs3bjk2Ob2MkUBuXZxX9igGEteAWhrW4BPJeDENjyjoZfC85tg5oO5yA6XTZ0aJB3EPvdVcXbHhG4N7jdhMbnLa/92sRZzrXWUqr/hBgBQ8uQ0HVFIXTjySNvfgZZdmgl4AAAQAElEQVRBSYR1qaXTPg4lVE/f1PbFWCqd6RkkZgQCl3JxguTYiLUwbBrBYEhsFr5A1SZbNGtuwZ2tUjewHIHnOHiDvgxA90RVOy0IwCMm5Bl3rIKwkv4ojoxKSVhxfN8IqUPw7EodcB96Wk4Ki0txK4yXovMadmrFIoQD9wA2BgbAqUgW5+4y+GdMNQFZxSKeJB7LeJDUPNKcE6t7oSUUjQsboDEeE5TBgYLEorM2f8FfkYLSbNFQX2Y6oSOh2QiR1B7o8RuL0aZ1aL1VcdjBAfoeHFxnAkfAZUr+tL0L9TRyCCFUADpoawMHOT2rodwxlPwSV0H+nkciqjte0GepPq3Iuk8HJMjBN+fGK16BlelwQUvRvTuQ9IgBpqfKem+LlhDd6MYwlpqGMRW7noaoQNF62rQaEbP5fO/+7WNHj584Kta2jpFUGXtwZFtf8dnG/n7/gX7vvsl0cvTo4cOXHDpy6eHt4yeSdpye7zv9tNOuckaYTS755uGLLrjwwq9eePhbl2Yhtnc+3di7d4IaJx2yyTK1Cjqj3THhQ2IeCcvFkUsv2TxyeGPPvqS0cqW4QqTVynQcxCRu56IvFocfYXHwsmh1irisFyR0uxDUPGSrBLcWLKqNrH2jWWg4+yxlsc0FrrcEjr3RSz0hzWgc6llVJiZL+oAk03cnAbHMpbH8Z304FPfAaFOW/aAYvK9YpLsWQkE13K9L1fylIHY5WISbZ0zaCEd3PJOTtCb+bV5WY3AVHK/sU+5jF+GS2s2cVlkJOLRyTDCeBDOntF8WzzPFnRGATAktcWHR+RpLUQPCR+N/xcPQ7avFhcoYw8q/WwzID2JYB1m5KuWrrR/c/v5kr1CuFVauK2vX3fGttWG111v5Fx1+U7upGZpjkrtdftdfyo5Bp9VP0jjyIaRdL5RqKVUq/+M7q18Iu46j6PXmc87cQYHMKyXXa0ya8Wd1obZ2pdBetWw/k5BCy7opovbyULgsqWREpeapC3yD+fftX4G+0ICUzepD75QrhRpAwOxSVdNg8+2eWBpNLtbkG8EPPpfL5V3N02Eo3pHRsKNEIXG/lKnlHISKWYVd9ymFRjsAH2rZ7hhNF/iAWmXRtC/GcUupHnP7FrKdeBFezXSf1BlJRQCVUTanVNqTnNwIbBIm0upTjKE+JofBeU7N4zFhksQsvjJlc4b2muVnl4plimyzBgpYp/1xgG/nkQhh/fyXayU3awNDb+IeQJLVDZhSMQVlZWRr69rINBeG6WQtXf+Hvi6fADTitUwStP1QIhOhVSAeNoYprHmvVYpUpVi2odcTrtbq2ju0ec01CqnkuEQvy0WxaFXcSBTrBH1FZFw5gdi2WiU6eMlG5+OyGw/DUA4VWMnKGKQM2zLpBJlNZvq6YZNKq8CuY1W+wZL6/yV472j6B8j+aO0ReTuziku43wZPehCRcgfKid6KKAWwoIIpxn8Hp8KwZGszA/lhjYDSEL3NlxDkUo+M0iskh5WA9SzBU0BKDSvVT64/qAu13d8QRzGKOTi+4+oJ1sGioCXA97aJ0qUZWBFiFftOhCYsN+57UAkndHkEi5wttNIAWzvrAQ5uMIpc3oWro+kqiqwlAzmtbxI6k0e7WW+1jdBU2M+mDDups6vT51tAHT2xxGdsgowI58shq4plMgbyovoROMK0nywyXIpGkObDAxnPF97a2gSbyqjZu1vRkq9hxGdkPBnXilJu8JSQ4QGj6hRyZZq5diqXNLFE4M7aWhobr3JfLLQLue7bzlreD8O2cRtGa/KCRGNDxBTeNfx9mRbjNjrtuD/sOtUonA1bX9o/jTfQmEjyAy50VsWyyPW5Db6JJzb1oZCivL29PZtNNVdoHPfumeeAxRKd0ZXuWw+GJnxZ70ClLx9ZIpGRZavlHNgZUglJAIvIdDqdzWdRlzDOZ7P89omjR/Nemff56ScWfmGHT6nhes0Y8yp6eNbGaTMU2mKGZlrdh2zNYWTcA1XlCJOM1t3drDZmg+UnQK9HzByApsGyqIxVJgrYFXHMi1esy25+oYJ14ijDGNnhM+HchQJBwWMJAGnMgVe+XTLARoKk1XKltk9AIbqEDCg7xZhPUYd7MGJHRTfy2kxyoIBcpkHE+SsCbAY0aMqjUxZIgooyAEWXRNCM4pH8qKFILUAlgVZEZFpjqp5DdOSr2I4QiJZzrXGrcazIQvSlTADaGLwjKJWfTtnQA+apow4RcsKpIkI8c0hcDD/p7PsGonAVnbYlbXZ17XW3L8oCBgKgpXul3wUpvyY5EYEbC7emsdUb479tAJSjOLauzOKUrZ05IrbF8tYdWDRQJJyauSJM3s0XnBlmNxAtyCu0vVyYKdwNlkgHLavUsnYpzIQXR0LVcHPa9OPZ0YthhgVDGCyfhmhCWMlRDWekP9Sj/tlWpLPiGd+/oXg2Xjqh39CCdkRDSUuSlBQ+bW8PW1vbk+Uw6fr9G7P9e+d7NibHtrYtF5jszCthJNv5wSMT1FfAYpnbriiPVR96oMYicyCnMjvB4IDENlbIZjXmVKP0BjouRpyN3WYb1jgbqt0v7s1Et9ZxNexWMzZYeOjuIu1y8wgFSbyjcQeAZsVOL4uyOgCRiUmmvsVcThF5TVaMlHgX9yXxAfOIEs5pyYo1KTxELe/QIKuaBQo/TwAlq4ZSZaXM5hkhEkQNrG5ggv4JUJI6RO9pmgVXj69rGNtivAkRlGApxrACS+2R8SlNfUZUSxtnIJ6N3RTa2JuaBtrLgemQQdmcs+qbkrTe7oUSotjFmsIr4EknWGbX1JsgiDYigZmbKLBWN0BjkGXYrRgL7ZjcNNHFREs0/LOVsg6n+ngRdGImFQbgE3Yp7Fwrd9FLaPyItUc6oxH7rwv2DriNdNAd0ESCziCJNuoia7hL4meg9ia1IzQaimqMaqTDSRUQ/jAN27YEQmsem0diATco4H+zbinVk4SSGi6B+5EpHPiPgwuEootzB/njSXW8e1ixZg3vRCkZgQVjSYeJPJpAZuQ5CdL1PCxT8LhAajpz/RFWMbqwVFU6oAbbrVrLlYyKMtspGSPed6A7enhx9CjIkMBljh2s23rf/itd41r7rnLljdNO3dizsXni2EVf/fpXPv+lC7745WzpTabzyWzPiRNbX/vcFz7z6c8eOXR0Pp0f2L9vYnpDbSvtoQm1BcKNqJ1VFktjfpvbptYbHT925Cuf/8z+g6de4fQrdP18ezDKnY6SFPVMo4BCToBE93FSopYjeweOsLNz9E/3xaCtAAX1LPbTyJoYQlEdXau863rIipS8AQ6RKPSRh1MDyWoVhaYax26wokOLm8SpcmF3vR7V5YgWvCxSCNa0Y9IvupAxaBIUmYQ0rrZlFitEBMbG94O5gNgPDLTYI7IEgVkELF+mXRTlN+lmZxb+j6n2gkFzT0F+O4a0E4OulkFKXsZEdIz4ie+9Nl8qoRyU9UXmVtQn4lH2LA3TSzjfAwYJXViAmlC/uYLLuOfirN0rw96BtKxCLfhFcWYJLVWv3T+x8ipAoaSdsFEzKlTzyDoanFqUjU9Ws2hFdqJO9WNr94HBId/5K6X/67suiFIzudStdfUI55VBJKLCIey8BRzs9H8Zpzt5VNs8agVF5HhW7+vww+o3hek1YTU2EQqSmaRYD9Rq0AI4RFoE58giQpBcwIT2DWllEM3cpQL4rP5c5iiUR01FRYwVLy9KWggXCQ0YnjSpv6HnwDmyCS5kE6G5VDu6dheGAn8GlCUHRzaNC48L6cZTaFfJBy+hnh8MFvPvF8LVUlkXyBX8g1k0+HwMpQpFkAJY58OLmtRwRb8bu1GoWHqdtBCYj0SqU+5F2gQU2skTTIR25ijFlAxlqvgw4rNUnozZEw1FUplU/1YqC1dmLK1O/9riUMWLrOU0h2YipEy5yxWO2DP/E7fI+rpjuoR7r27AtaKPUGwZv6Wk7y70WS7HFBzcOMHT1wxeXvsUN2DAIWPFHEvJQ/M+PuEQctlwRWv6SWcQzmUz6EmD98Uii6k1sVBkIZQPIe/J8tdqFjKbXSSGy8wTtl55ntUI76JoVXRaA2wAiKYbvTLcPoDKFbMFI/EUZIWGkTZO8CICT1tIcAuZh2JnhoXqVW4HP8pjcJSl81ZU+H12Gy3pbUAmHTwuY9NNlpFj4JpK3TGwzWAi/4PdiW2u0XYeyJDBE8tkOV9D8tbioaSZDwnerM6u9gSPRR6aw+zSpawe4hXmBgOGY8kT4QcKWBub4m+W8Nt1KISHNh60ahst7iy/D323tY+YmrPZtrWeMp09mPq2vTmQS8scDEYdDQewC1YMrKSrg81kBGudGEJvLhmZHBMNXE8qDNhACt/0INPVPnidTEKGYZcD05p7y8iCXSLImIvGAd3r01vbFgtvCHoARpSLKjmJMlJY6b2t+WJYxMDO9wqUDUuUS/cdUXLbzAHtKM2VYsoHih0zRrC02bdc5hFIhj3jmEFuC/AMa601kaJqgF2GFzXjG03ngPmNRpeQx4PkIOzetFQ+E3w3duKn066sSLplgvchANyxGR1IfZPRWWVIMBGSz0LcPLHppd/KJxCnxqhibonmHmq5c2e+DPuwz+bzjT17Z/306NaJo0cOp+UQ3OxdLDP4NmDVLIcVlHyWOe8pVcgNDHY5nGGkiYqj0tVsK3a1a2QjN4mDYReeQxk9jwhBFsMKUSrrlMq034vFytzJcTG4p2+7OxiMWGQsQyv6z5EZ1gZYq1dtgKCBhiQTNebGMNAeMH7l0VOEYnSTEtGFmEgoHwjqmkg2JMna+cFEA+ajRaSSUs3YSyY9kLltsJ4hSiYio0vwmkRMM933WWAqH0xJZm+6H4m5pHmSmLCRPD5lmLBKTvytOEvXLw1Ei4jJGKcyMyej1ivA0LJCh2Seu2ZfDkt7cmMwtkQut1SQ6WpMbbrCsHk7nFDbt2GIQkKbBOzHnf8ukIceSaFEnQL71FkN9Fi2k+7LXoqTAysukpWCIQfGUCCjjMLWBDfaeRL1Nc8hGbwU7HEQtNRBzPspbL/Oon0YMRQWzckxDhTnkirsFgB4eR4csDHjjwMxiCbXe452sGr3LJnT0AUc3pBF4XaXlKAoRsgEEnTac9gPqE3QyCpYxU0DKLVUDnguhuXW5tbGsJhMZ7N5t7HRz+f9fNrbSUtjSo17aNCq8x540g79B1fL0Ibj6F0EcQwGUJSaeh5N840AbQzRsRhETL1KBlrdbie4XWMAX0cwAuobMyzAmhNNBYsBE2LE2BoPBlGt2BuYmAwvXwqBvUBvz1ML80YdlohVJCNqd3M8WrkGtlaXXJIjlF9ZjAxJs5kyVJjBHshj+ldMl/bGAyOgO3ArasLiDFU02vVBQl+S6hOgVw5sOpk40RlSJOFgab0IQxq2g60QJhmfUsNWZgApHaORTQWDA/c+8WAvcUzK+IuETlcA+6pF1xjbhkFpUb6ycxzWNjuwN4pbd/uSFA/eyTQwOZ0H/AyZ+gAAEABJREFUVwJJq21KISlor442YNQ4Vda0HAxzd9T9uFgYk3nY0QM3MjeZXclyVDbqo1lWfoBu6rSps1t/nnXAVGkofmqnMFIn6UnmdgBGQQYdt9YQkkEVSEiwRbsxsXCELnIgDqYdobtCI5SCV/WMxXctC2kTzaKXlJoDK8WsXYEMis1rWbnA0D1XhV5G8ZSlzKWNsPbqgGFvZlJMHh4wQWqHy5KOIYCjxrpShIoOy/x083l3YN/0yMaJI4c0cp/PlG3FZRgns9n+U08/47pn7TvjKpONvXn7ZBtqz8HTz5zvn8/393H6rYu/+c1vXXrpl7927PjxpNkY4QoH98/zSShpAzbpqF7ROVtaPC+g3ifJ5kLthbxTJmqYbl5y0dc+9+nZnv3XuMHNrPJwsGqrWExqDWtHKU7R6FbJyE7henK6MLEAk1FdZSs4ZgR8gfRli0pFaxhjh0jbxmp4SxX96GpZFItGD3DIAEHAkiV5MC8E6TsRATIo7rilVW/52aezTqKz5ERzc2ynabpBP/TacVbpOEwhDdYMvRunrNaseB7TLHGM9YkVPh/E+4rRpmG79SBhBVwAY1hCJeGIUg5ri0VDDlE5PG4oWAo3nUhBqoViDO0eKCrbF/V4qo6q2RLc4AXQ4VniHoZcpLyyM4JkbQONQBbk2FVwQM50SgjNUYIrHMshage064vnRngu27dWT7H/MvkFg+zyPv2Alc+sDKW8E1bgp9S+Ja1KXPly4/A71paK+998iqJACJet32X15bb86mBbqH/nDITy9J7xDAwUmrLgpX412q7BvVqgkjQy/f/QvKlgrOx8RXHGL3v+jNtmoUGfRfxklHmosp3ngZsIOWT4ra+8WkHRHzEfkaE0jTCdlLghfYQrC8otJCd7lcVOhFt2LgbGzZkpCkIK+olRprJmoSKReBdElGKE8wOFPCpnx1QovwOdEUrIasLxsDEoTPCFI2aKRuLiRqJd/BrnOK2ID6JVgf4CJ4cx8AQSfwsEC9Z4NAglFbCrlV0+c3CLmL9IIBmThH0eGknVzChzwJ2zIzFPlDJSShccqVfz5wZNHEMVEc4NN/BYz+yOkdpuxhAKZAeDNnlQQ1buxV9iaepRDGH9B+E2CKu/5DCg48Mu4i7s8ou08kOSteMemLF18k39P/J1uQSgYXZHGuhCOeh4r0tAj4KIi6GiXyTUnAoXy6HZYKlRpKG8L0xpkrJ7AmjIIBzoykAs0B+0U0DHk0OijE/Jmc88WISL4GPW8c092yajNzp1hQDnQ7acG2Veq1/EJeJXYXSmxxCaKUFTQbd+lordJBJI2rcSwB+p2s/vrP9RCMacv1EBiFjCzuReAwFeVVM4XwEwrHlrSapJEZNDy6WeevTlgfAL0JfG3cmMBheKwdffFigB7RUW3SOnlaaY0cUqy6cV6roxZq38pGooE7oq9tHhSiyNXY11wMQG4WtrrBEdmSwpT6MB+ZqdNorBQ1v2mmvKUVh16+lyRlltdn2MmtZrEMBgw+gnDVbnQn1EapoI4gVYCNV1SzPER0sPTCVXldxSpSxMM5StGd1gOeoAFiK9Sq1nN2C9owYzTr7BUIZAKgzPtLdZtmdJ3PKRO8a29ZihcIxO2S6EGHpGZEej99UFXC6W0T3zlAyFR/OkSgSZ9dPW9pbhR32iqapTnXGDSdcDUrGHG4lq5asuszmP9Eysvjqx2ntdYHYhFVW2t7cMbk4M65BWNJGJeiDkB8fFgii+3RkBGrrI5kX5h9ls1k0ny+NHN48ey/CMlSarCFDW7JHZgNC6LDcW6lLs1OhEwZbdYzYEzyUxLDgO0UvyFYboLEY1jk5q4xa4mXAejDPnv6P/w4VynacIj1EEDN6DNFCwID/eqhnGSGfTkuVYXQ0568iU8SIAH6wkBohwd2Oo6j02Xe/8BXtBCqSOULnt9c4NLwlCsI5JlGJEJoSIR9vtEHSxbqewYi/6UC0E6Mqf1kmq1rInlboXEVrTwG9SjT8OGKDbaBEj79AY6bhCrJhXhnRzu40D1FxTAB7Aa808s8UbYXwj0ga0ILCrNwwXBcM7mGksfMDcuh0UaBgFh0pZFq6t7axeJNRIRggERyp9BO1Volwksuf+xeVKkqJNOjKtcGMTaQNkSAzejVZRSdds1q5AkAopDMa2flHRFiZumT3haZX61yRqJMi+REILTLdCaJ0xf9pbyqIR09TCM9GjL70F2VQZDGTW90MViNgmy4BeDptbW+NiO86H6STumU/3zqZHptpltJw5WhpE86JR8SaEHaIjFSN757KeA+/7wwm6gyLQrAo0GQbHBGoLz9mUDeDloAPm+W8UDixsTQkk+4hAJcABuukNkjEWWXwYPQkiOfoNnA3+AIHaNky5/s2OZwgpDAtoDduR1nLWN4z1bi0NLTAjAaYLRLoEJs9aGr2VlxGATqn1CSLzT8Usmt4KUODRdWhloE7qMPR2feX/si6sLQA4NQYPnEAtQaB5pM+KNOkA1BhOEMfsxz2QB9oC4JzsutaRDeUhJLFxO9OsXIZotFXILQD4ynkMjm2iGt6gcOLvRtzEPrruyUOecZm8QwMlRMDR7Eip7FvBykFYhqKbAU1pIapkBbSKTUI35KbpWWVTDzQt6C8aX7AgNdo2se2xDocbSp6pC/a3CXSvogluqIrz6/uWqu4a5Yk0jiW/QSnrEjv4CoUi4L0Q1r+HU+mOMZ28UESiv9m8QjE+ucSEUhPoqhIAVUFIwsIJTj5fLi48veLtsxO262AJEmPxsfncxCSCfY4fYLm5RYj62Xy675Ru40jaPA5qNZVHs25+8MBpV7/qFc686rh3vyURmHWxVEPxwGkHTz/jyuef/9WLvnHJ8WPHOiUii7N+Mpt002nf2UOZMR1GYBoBfRcc5vQW23bJ3oLVcdzaOvT1r351vnffgVP2nX6FMJkMJHlLiJoC+OL2olwiXGWaK9KMRJ/oZBUddhqG5ZCQ+iAC+qtA4ZBAlyMhjAyR29xzhpArbBEplTNGwEEnxsJ+A1I37Ijkmy3jsOwzSh6m0y66JVyENay0fEYWtppKzjZC+rE2SRqwgHsDv3ePcXQ7QUP1I+m5fItFn5raYkifhw1Qw5gKyABfdXSPjX1OqOTFbRTeWvwIpMY1TWUHYwN7phC9DnGLrT5KqDmMLhjFkvRDVxJXU6q2Tmgmwf8TuPmJK3Ht2ymTFW3eDDqU6a1bp/zsF2j1wcqVfOPUn3m40trd6yH1C9Aiqz+vfHj1HvVSjR1IP87RZ4GMaID9sj2KvJFULxWC370qm/JA7Ufd1HG94/tOZM1CcrGP94MrjR0IVlEQzX3LFZrt1Dwy16deKqx9gPm/zS5Ldeu2M+rLVaHe4OfdpAirMS0Ebw07qCdxFZh5hCvCypks0n7lFcotXdumco36ACUOnBzCDitL3T6uKxO/ZX2uRk6Ecgl/tYOCryYe2g6h+IBu+qTqIJVD7QKgqMFQF6tAzq6HGm/FR8WvwnV3DQrMi2aBjiwUNrFQDzudmAY3E9oRVqjOXObggLjXFPoUSD2cAYNzPdwsQT0mjfYXCoiUWr3N747NkiPg0lxKSogteRJYSqk0sRndy0htqYrvE6lHJhQ/KNVtEmTnVvCUndVHKId9VX8ILRtfdaknP6zeXL4bX5fPDGjoA2xNs4oo62hrh7gSTrRjxM/Tu0+pCh2qUN8iAt8+lbBHKGgpjAZcFwInotyMNKLFb4Ofz/BdEBLx4KrGl5m80IT7HJhhZI2C0OMIyNlJODkFrYZCKTwbLmppwTtGrfDxYIAA439Jgc6RJW36l3NhaIH2YOm+HpRngTDAiSArrkY5pV6MrndJpTEQk12on4qKTFpDPXaombZKxc4RGUOXBFS5nsuYsADlXhzMkACs5W8axpc8LubzoEWUHQhSrUe8ZYiyGWDXd70xvg2NDaSrYW0VDdoONOJ0uUeWVkQPHxjBsnoO2XwdkXhrvqwU4EBkkQEMy9eKTMxgkqIRRXhtJ7JsYKWjgs2YiRXv9MehbwzQmSmfhvc1rpza45pLqTzIVihvxf5GyWFLzH1m1T2R64BYBSLScIl0/DEWw9ly3nrF07UdVEIOXUlOzA9o1c14OtU+PTSu3cL2JL6aXI0IPCzhoPMUduOATFs49MGn0R5fDIXT7TixcG3y3i+xpJ9bnWwSAK5RCRc1TWe03HDPE1Oe6yWIzhX9UehK4enFctkzldOtMtsCWuTaRV1TCzh3bHLnyY2mbwZjLZj2Pf3JMU0y1jFT92xx4kS+SZwgo1EDFYsxLUbAyszJTfDdAiSDIKIbyHytyzqYL1AsGCAxWh2gtyXTt2W5JtD/qCNkkRLPhscmFNRSuxlruG4KRSnGyKKKYaTo84REZsZV3QiXjQm9tGMcCh0jyURLTieEJY9MKBWcRRiI8b0CjtFalTF6/m5ghqClqxuPOaQrLaVIiwSYrcnZtFwuthfKO5/Rn9l00lnWJBh2UYECsEZAMgnh4GwAblpRAqBcPUGsgTyh5PG5OxdLokY119zUTh4RckPS9ZNS5LNM2IZNhncTIb4laOgFEBtrZqXyWoxWKh7hnIs4vmMhMRIXR1bZJt/H1CMGA0uxMbm9o2c16rHvXKGYPknLwq7E9fSnZmbGaIFOezQTgnFwJFQvbywHUdy7WA5i2WQDbKv8yBOrvGjMdSBa4o53bCxiJjmEquMB6wUDJqyI21E5bZJqUkkXS2mfNa+t2HeDxEWSRUqTjDtTTduGtpR5NwVMJI5CBg6FhTS9fDGM29vb49a27MkwxmTPdLpnmpGhze3F4M/Aup9QdX7U9gbMhu6gvS0fcGl1M8GJA2ikcF+zeZ2xjCj5D5Qe4D1sPw0ToQAV2w9woUeyxqL4UBAVipeCjRX7zqV08mQpy+AHxtpRkTC5DjvAUUPaMb4cNtAlPCdj3o+UFzGQfSKAcUgHY8QV1uw3os4pMNlKr+l56UzwxVbyWnENLSf2FzORm7eT8enmGe3J4qFWwtSInhSA7jt3l2BpqdboMLNZi40d8D0k7uWL9yRh93wAcX3sCW7sl+tPjaKy0VFjuCjB24Hq57WpbST+2KHmdIC2qgA0hWcwJG3oWBFmY+zEh1Q9TwPLSYqhQl7bLtON83xjimULFHmDU0EcC5ZaByvQpYCH5uwAkYeGhm0gHmftOxFz0oe3ah8FoD00BriZyjNwOAgYWJlFMsO64zljdoh/OrS+XDnftu+0/UjpkeBFRPSrA/cmlSIS0pJjGo2/BrEFK93XhnYnBRV9d0fli1fpIIX/GKpfjOiRAqhMYMdJd4kdvH4RMwv7VIVIcpwUJRHY5SqWIxT8aAA0jaEBLMFG19dN5/tP3TjlxOahi8etTRVNQ+r7+d7TrnDwyleZ7dtzIls125thsZm32mLARkh7D+w7cnzzyJGjnYynHthrhpGa1hNoDU0sSYMnFpqLka07dggM3ibAEuLUztN8/AWvXT4AABAASURBVDRuHjn8jfM/v//gwWvvueVsemre0BOiz6ZIg3W/xBbQCRrLQittdGTySfLTDfYVbbySjUcZkOtuE2JWDcBknd8cQVwiXqqC3QL4IH5JTvoe6BqZsEZYC7xTvkUIimTREbezHErdYNtrtIolMSM5Wh90Ww09F8txIQQXkVnt5gr2Cxcx+Q6SAqLq/iS/iq1vYgzdayhozplpbGeL+xugkF4F9Tdj8p0YyqEQiiYKFjqbLq/K4WmEBkVg6Y/DIwA8D+eCJoLjHKFgM6lzG6nYfu0xFT+E5QO065MLuGZ47dear/s1JITVq3B0xVaR8l4qgfL6sfrMzcthtORrRr/Kf+OjlVQTUFfe2224qw9P3Y2ANb8YPOm0uUFq4mvNmz7o1QVr74XhFsXTXKDCGKkKrRDW0qXL91N5sGpGEYNefbRiLFENS7X7OcwxrU1DhfdcP4adE8jpolmaKNlDmQl/PjMVKK+RK6sW1MjzlXioxNGKUGcuOAFGWM0kd3xQmtMHvZF8V6wQ+mGKqUi4O6Q5/OWijQZxzLi+U+h6Qumhw0vS7HEXXljOzvOyuhYrdXVChL7oWr7lkSFOglCBe/2k+GNI9cckeXNRV3pImQwGuoCazNe8eWa3x4Sr7d4d5Tr8LHhvQE467u0im+w/dg9MNleKeFVC/gFvwHu6C1BWYUSZe1qboiTuiEn9qY6fToSh1HiKUbwZvOfvl/smn9qVx0+0H1p7JTVnqMDPZRQr0rIRAuvno4y7Xr5eY/ev/E9/XS4BaLpHCdlXyTvWFVmV1Al1KVO7qcIZYLItZQQliW+uIhpcX4XQCI26G930JGefkEKjmEIjvxH8C+AgCDXbTOodcSC1uNgs/LREnXICDAkIGN9xW0PfZ8CemA5Oauh70nQCHWZxO+xeeLujUduZFYSsPLX2tE56GYS4hM+AJswux2GS6NfAHhr9Ba4Ac6+Xxgao/9MBKE1wZFGy0MzRllAaaY/ouaeP01vpncmmpVKPaG4njCYoOjS168A+kcBPaS2/rZzcOBnIf01BaL5ml5zMWgzzHow42HxiS2LKtrZCk2IVwZJAfmrQjAmSMZSNIYZI6v8WC/UpFCVUmpAx+735KxOQzvXspZNnYntxpXs8/fd/8bzrHZyLbB767N8+54nPeOM3etTYyrDMPvzSghWObbEmJ2JugaAEI9IdRoONqq+o+DmrCM0yGMy3sPL/aHwhHTgulYtDE3cDm7skZMqj97fupcWwQBoi7h8ddhqXJFOGQ9nNpwZwj9EbwBmgsmRDQst40laUnqUbDbc2ci2dkO2FMsDmIU0s+XpQTIr73D7LyGg/AYANqsQRXnp+TSaayia1fFU/okygpkhMq+sHDSQHFa095lKvrzzU0fYT/B5j74W53ffGL2zeS77i9nKRgWlhUXlnfqNCkfkHpc9WvvIA5mIjADcsbBIs6S0vzaBQi1FmZzS0n/RA1oI+R55kJMcoOUCKkLG6lGB6TpQHbqIiQ6gEbMfRYSAx+m7kDUAIDYlObADMqu/bgY/osNiTKwGenf6ooQ/kdOuaMX/bygikmIJ2UUN7YASM5f7JQ1DBcyVtj0YL7Cu9TFchKzs4Fv+IltwJXjPBCRXuE0inpRZTIwZiuJgS0eSzMdKqqhiBe36JjcjyaI6e+sM/89TH3PU6B2a9bF3ymQ+8/Jde9v4TedFZsgFwwCSDMTwwF1d5ZqEOymQCcgrGagr+dKDdeGQn5cdEl7EkNwoJv4yjFLEo0gOiAdG85p8atYO1AilkskYA7aG1aP28PNIxCJl08qUm4M5P2P4W3kIKJ4pZLNmeBr5b+oFNbkfY5sFTZMmcZLnEhpAmsKwYm4aw71Mq6qpmN+n+S3Fp5EjByGc6VtXocuZx9im4MtErZOlw3Yf9zhPve5trHMxrfOirH/vrP/7fr/zPjQ0owITQiaMeMpbaICEpkINn0C/I1Yfwzzfb2t6GJrFPKWXAVNVHlvcjiFtQoRK9OmdpT6nAj2XMISIcHahIZYrq4opxWGuoabHYHnKEQ/HzybyfTvvppFfRhyiCrYkeOGC7BuvHjtmjiisJMmkVzjREJtBG5akCPScOqok2pVMPdv6MDQnhILE4HDPnceyCG+d6XiC/6UOChMMWQ8VyIMBZHCjvburIpApOFX1GfYWIKa9Sv1V+hrbqLdNZuK/KQCyx2rAUWPtRL55FUY9sY/L+Wa28kAwktqLAfUG9STYelIw10atKVoVkp1TZPbRMQud1AiOH+b55QL25Q0j19MChSpUEP5oxV6MVj5DQIPmBeVeQguhYqz99gM0iSqPfxcilD7UOgBg8xBWJ0yw9umQr4z8DyjdUUQOZJzptueKgP2P5WgXz8vqMHlQzkcujziR25FhISh4JFFJ5uALn2pkO4ZlW/W7DwaYBB749A3gKIqPtnZWiECVn0gM3mbg9HCC6wHJu1w/FmxUPh2BFkHoB4UcO5QIrUJTwXAA+RWjN+kInZotUg9s9Nfe6U4WaiJpEePDBxVhKjX+Y+BTl9jAbu5qe7EFwS8EN3LDWNSSFBjywErnkhqYw/VSMjGhkojC3H6yViPbd4qAfpJz1+TC5reu6se+AXGE4PCxOjJdmGSRDmO/ft+eUU2d7DyzMPtzcPLY4dmgynWewepmtyaXWImRjKdtZXVpo+72R4EMwW24wYylYi5nBws95YSc9SQMpcI1STgFojd+o3sq3Pn7pJV/94meueI1rT/bs67IxFhBeYYcYOPnIeFgSlqBcI6iqn+gYtNLns+Mz0cKJLHSyCToMWxbX1OgvKdE0gaBLSGCxbhA69/nBwgS2xXKx8AOrokJsqRZWzWZDiyOIiYjMCzyUgMJHr6tQRpC80/sJkhgWUF9l/RxZwsbgrlGNW6q5SZBIlEzG4vCJ57wnYCiJ7XZFqo5pWk+iCi85usUD4hBH2a5SgbcWtiR8EepbzFhNLVISAPQbNxcRIkfD1DqyD4G2EUkMoeBAxbNs4ZFmXPWFW40iKZ0MOgncg9/uUitTj592IzAu6Hn5m3YcVtBUolpuabevOM5GWXLyFxc6BKih4PdBH5VyRUew+JW0y013HfzOFw7WjvkLwBkdk0grGETzVP5j8i/Jt328+mXaxtLijzSSXWpWAFDc1vNAwhpuyUvWXzvOEVuMr4ZZmKU3FrR5xEW5PKO3JgZo3BUkQUA9ViAUXy/ZZTiJResJSYpWzxfdtWk+5gokrBAyNLfw52nXweZJxlT3A/ewQ/eEXOxzI5w8DDO4eAmFqB16MRRYnY6/tCfCvtnc7iQHbnWfGR+IJe1ZO2FJ7eP4co81VFCfJWE+2M1gRI2IzSD5LSyj0upchPR/QtmG8VvzImS3lW2a2tNXdXeI9EPFQB13+ZDS5bMR5Tt74VFsxIleG82EYic0oagigs1XKL8JoZmO5qNpZQPgt6FZjLBjFyapixbq75Di2tak8BMnEaP/Q1+XTwDaj08q6Cy2sS/+yN/Ye6xMLfm04gc7NX+f9GXfQbl6K4+KRcBENKnhHUDDA72aaJTAKMqks+5KM/vSkXlUZGtGJTAyUVye4icHbgYpxvyKRq39x608XMFX1v9Gq8401wLpOXZ7IL+Qg24rgRk5wLTTV699zTpL61HA94Z3fuwDH3aX77ve9a552my+b17naHNzc+vQ+Z//9H/8w5te/4Y3fPzr7p4GELRFpC5EIvSjQTBRmMQtRAXcjhOoc9oVoiS/xFxixgOEAhGwWhCSTw8stLDvopg0/2tbE4StVbtlkmZYARXnC01ECh2b9FgPw55eaw0MWPA1/3Jz62mv/68HnLW6Kz772qs/4Jn78sNNjQQ2f3GxvX2TX/2Dpz7gupyX+cHr3v/XXjh8+eHP/kR29Rdb28bDagK7AxICro9khBxLaynFwCAyZ8z9tqxvS+PtvHsY8EGxfd3F0s8h+EagzQtgBBpnALwLExQxmgAvwaysCOtbN7kVFEctydQGhmCG0M8b9JCwQTvrdlc0FXawfZT5kmPypQVprrUlFKtRxo7K/xwNzdH8J2Mz2F4uS+Zavk1eaGQJAcfJeLBiYF1CZvI4kF5qsKmYWgvErWUG+Bdg4YLTqr7WpJvP5psnthIaQyEFr0OifQzaW0xjLKKJtFMr8dTXNP88snw+I8vLxRJ5rMly4noj35jv2TfZ2JOB1MNHjl56+MipE52KSGDQkjJRTG+ul3kwScuc+34sTkISJjOCSoeghK4wauqLnBEBMXocRnYt1YfotKVqGho5MJKZoPhQOMZWSZE3eOcu8biiCEVqQq4NzJnjDQNx9UhXlQIxkHMRqBW9IIHXVXEQg11G2hVVyyY8NjaP41mwXoI2k+uQIWhCyCfBRFW+7IntWzzqaY8973tmuNTstOv94OOfs7jkkX/+qVMt43gsoXUYa0xgT6mUbkgguUdBzaNrg8jUpGRnQjcvKYoCeIC8zjcyVU/d2i4gS1Lcfiu1Iho+MXpVK+u2bEacFXQRoy2mCbzlCOvpYGFL8lRkMbTVGm9a6Ix3YGlF/nBXHAMJ1lZMoGiSw5XNWtuh8fcT0w0M/8qDXJIPR6mEgMPDQc5hG9+cTJEWzpL+Zix0w+MwvdfvPP0Rtz6I2/UHz7zto5/0rIt/4dfe+a3JhC5c3zGlMoHPwQt5tKiiQ1BEEcxJTwZgy5XOe/7YvZ/zN0/wK/N16GMvuMuv/e3+vpv2hjhYK1vjFtXZGTxDEYgYjtZA2M2J9ckuo6EmIY6hiznk0NRyuQj9fGPWz+fTPfP55mIYT5yIbmvgIPkdLAck8mwYBgZsXU9dsNgGooadE7IrMjLw1AbgPyO3pqWdClpOZeTHJbzicaUJhGlD3VfgDQi1UsEmOdCoM2gBBzyaSBEHyS3BFgxLgaUQFYDGQfZ9nBhbkUKRL25Qm/5C8zs8v0HxVmnUd+R0QjuKxKLGgpCCA5rgoiWmBwfTkfydrOsj+RDM00mk4bcnUD1le1Hjv+TtIQgSXTBhZ0UeI6KiySjLxcWtZx+zICCSqZCNQy0iF5iyHWKxFgMR2VAxG/dXenKrs2gsAsAkeRfAUP+20n13SMqHJyoMdTkW3lPLo/yBQIglLUM7BB5hPgUuK863XUeH8jreHIwfqKbqYOJYp+BJDQkEj3rYNgluWOK8l4Mv/tS4r/Ee07C2jYZeZwxQQhUV84qvUObSPWHOL39y0I+fLAYe3kNlFSVbuaJweybTBYmfdkC8epu7v9rkJuxHtCQoEAW+aYR3ZIKw+iR82U+P+9lMU0vg74LQwcqH0boiiyeYR2eu2bP/4LB5PEv6E0cvzVJhunfPfN/efjqbxpl2XN7cXm5vxxzWD908WymTuNgUy61Avydtx6IuncUrFI/Om50VVNphM8vJHNecdmiXYfEbPUdWsLKUYXsc5mKRo0kWK0cvvfSSC76y98CB/adfYXuBYLpy7keHlBCwkGUjEXzzVNbKRm6PAAAQAElEQVQl97FcEluIcWk9mTVHQOvUnEmPTGTZOg8BbVotddia39rdrE9J/lqwNBrDl6eqWXh9YFSwKLLAG8zmzDdfaAYE7BRVUorCGxN0RvSz9lqO5DSjekTRRNO5z7hSdQdEoAZO3x5YpsKVJ+gCwWjZf7ayMPfUiB/QMdWqoqj7g3idLE+A+3NS9r7vuNUduws2Ul927QFaacVfpe4vmbam+fKEKLH1hpRW8LsAeSd/FTCm+AME2HZANOU5VjE+YYmbp2MkZnCK7x+3g6Rxc5pnFc+udMSY3uOuE5bk277CChyEi3J1kj+bpIoDpvabIg6gBcfcmyctk9U818pD4NbB54f6kH/rW7E8XhnejkuHUORhKQ6WXT8f1sbEX9bRxrBSY9ICa6VQqjx8uZhVIKdVaJhsaRC9Wv8nVhThA0ZYxvieo5UKIwfDJyYVCFxc1YTgkjYVkY6Ki7C6dVlDaMlqBnej/6EPzN4tD+lqmeNOyVXSztPgUYGmALsgnJ7MwRpDwq/Fx6mgMlUV/rJ+JKFMb3KuHv803xrZq4ZPEFZH58Z5wYK4ODh94NbxyXOk3bVsWjv1mDlaKx6+xoP4B8nCuepeOPMUzEYbSTUjseKswXWv0IDYsc23xwQ6dGw3t5LQMTQLTIMrMNWy/WUrjFIdW5Kwi2QrjpJ4Zn0RKTs/WbZDkSXuVF4WmemDKzQLzfW/616XSwCaC5WKcZqkESWpaCQaw7bvU7Oxgr/bXqgKdn6diVp1j/HdVMMq4tzFdlsazs15gFBA2BShuLFYw8KkaIDUHqdJRZmVLeoOgL+feC+XMLJi/vGzfvoCLA6UvjqhtF7VOCSSW10EXnBzc5gNc7cWecur3eonnvCrP3uPm5yx7yTrMdfXWbc446xbfP/9fu4Fhz7zrje99AXPfOOnSxFgoA1RDHArDaYBhIb3REYhI1WwD8mfjWpYE6CATJm6Wo6otQ9uqvmzd7CLnfoTVcds70beaKy/OZmWpRjdqoZkNuDM5zEM466CIUENQ7hm7ObYlZ/yxPtdd746L9e935N+5pk/9tJ5AOqHR0aJorkvmnd89uP/+NfuPv71PX/qNX2XQEzpuW7YDEhRCsZ54sWUsHj1rw6k21gyc8978nAGmPaO+wt6Bw0D0WQk1ik2PWD6R9wimmtvySMRaiSywloqEmHgl1tOhC9TAhmf0XMq3IkuWAZHD0ZdYusuyPKzGvA8b5Z/aT5/Rp2M5iJaZyflsLBYTPY/FssB5jqea3RSmYwSWcoOlSmQU4tNeCs2/0ssmQ0nsrNm60oIY/lz+Wpsg26v0b1cKhgwfSjfX6IPqcXW3XQyy2jaNw8d+uyBOzzpFT+15w3n/fXHTzNUCER/SjQbrTZJ/TFjg40RJLgCS4keGYUIj4cwnTzGpogY4CnhQOhdSBxIIPHdMhqdnxjRYbE/dFI6pDnhBeSgmE+RcIO0XnR5NWYIRaOAqcKpckCiUQwbpgMS1+wEyJFUHrbiKojvYz4R6hEUxHA6ZZr7KBdQNEohzkc/4gGOPvM1O+vchz/m5U9+3aQDUWxw6Tp2eFITDw4t8UBB8RcjJoCJwzIOewPOYih+s7QCIAS2PaOXg4eO5JY1TgBeGY4DwnmeRF2eHdM3Dg0kEyqcYxMxMp0TRfq2+spiLEkKMpiESQrJgoSxRXRCrA5C+Y8DgSMQ6yDehM9rdoMjXSVVyug+PBIgTGR2GEWPs2FreestFnf7hQevYcSy/7aP+olz3vDcD58ajeS9bC7Xn/kIL47c/Cee/YTvn77hR3/jHQcNonVUCcwkEhuNuvZKky6D1ST1YIsvy6iGMWyKF9NJfmGzWJOV0ZiCsQTNZIG6wE6ZatFuL4YsW2ZpnE16JVSdxOmkWyy6anmiRwphDUFIjJhfrCeA5r0k/53/T9HkJKnUWGGvELV0qBLgSxdoSPAa2CNM7LUuucUpY9azFm2Y5K+WPg5Zwk6PYdVmiMEPvqm8ejTtbqn8Qrx3MRUBtr5+svAaoVEnuvcFOoBBQHGDsRWQNzZjCMUUMZMBoeBqWEWr+e+sBW4+Dtrktp9g43c0wBKlY6wzXXdJquaB+PZzaeqQYyiHp64COnhG/7pLAK8c2+V/hauHtT6wPQYZxD2u5B4b1Trp4KWkLSd3s+lE0s+LReVL6S3EbCOOqfMtEAyAFinmL0U+dhF6UjNH23xkBaCZsR6YCYWMemndvcAIh0MJbl0HaqUyveweBQAmhCbXrIr9RttIUdKhbIa6dL40PMfS+uOprm9oQKvkmWRcCRr6ZYfu8kpp9JzpFIpXLmU8AYYbsTHsyrHgDHhoXmok/bviowLCONYpG3IJ4u5RljREQ8H97XpjnPbz/Qe3to4fP3ZosdzKb06ns8l0ZrbroGVO0/l0tmdAH+VRNre2jx49mmdbT4TZVOaRaw90DSpYLTKyPPL0KuzaW+tpNzQgbxFIWm5nCbfdhcm00xKD7c3Ni778pb0HDs737I3zvUAwEOsorOXMrGkFdFHoMBjT2CDPPF29Atwmo/IURVDyj7DZPPyKGkibObKe+B7XHpi9DTgjp0umvRoZHSvliDUIWPKynaeETIOmTQRDq0MqAiHPxjQfleXgDTsI3/ixIswYku9afzj7GFpWBJqKfrJC2ZnBNIpFKUZiM6ODU0qrw8q2FR8UBkWdzTW8MTXbvkJGZbsS0uEvLBtAresOsEpKjQkm/E2euMgncyqLgtSknedxx8GpPwZZHavs9lZau1xofqq1KGtfDT5NYeftKcfrPRtgjd6ve8LNN+r31waZdt5BykRIuaZU2VDUwtpj4xD47/hs608nRfngMVI7+HI5FDGvfCP456qVunPYOxdiZYDiMEb7u8B5Dqs2goTyFx6kCFVXVPVTzclxW6lMiDQTEPi50euXaza05zq7ke5C2WU7n1+oEBMFdyjbn4vpx81eNFbwtVQGiwcOQepl60E7ibpYvTguwbGGtSvQJLXEMichdOM3lDEE+gqpiJnUaN/V2QxhbWbLqGwGxrFRrWsSglPmyfbJdW7Jvm+XOXnCu3AK+UuMJ7ilkjwaww+lcsQ8lUAKW6w0Z4kTh+KFtell2jsvlappUPTtiLyp5isceGOmSRnUqujb5bVWb0G50t6AJAMg+mpMmna/y8pXdnvVcdq/wvqjf/e9Lqcc0Cteh9ux9gYDGVJszVI5R/Ig3yjpJOI5MOmmObvlrjxaED8lDIpUrRSYrVLPMg2uWA8AmMKs/3goFkNyNAgHGBk3Uo+Lj8QgPsqAUCpheKvmM8n5j4qyxKkRz97z56zCpchCWOAovc8G4lXv8ZTfesqj7nituXznr4PXu+sjnn/X+/7E65/7iz//6k/P0Hu1+i1Wmmx0EZyUxXJwz52Yv4VEgd1ENl4rKJBNH3SUpoBFzht8qRBK63P9INBn5JMy30TpQzXobgyHJK8YrbehJ0O6EkNi5JjG8ST7xG5pCQ3ZgF0u7nSda+48TP01z3rI9vK1E0jb4IsIftDF9R/0m8/6hR+5wUE59H4D1fuEYIAgdwLwsRfVSsUimz2PvFTa3iE4h4YmtqTF9lKv0BEuoruL8nZRpC1/drlY4vHQC0dZNbCNGTYpWEMsYRmk5xeNQrWN5yqDDBSuC81KruY87QOh3215jmAL0RcSpfvQ847gBaZatyVSj4dtxMGvO7HlXtpDKfxniKhhSgHE6+Bg8WexrnFIShuGwsmVb5OdLxbvGxhdUsuRVBvsiYaMdxvCaP3KxosvmR/4vvOefdszD/SHPjEsOEI4n8I4R+cF9G5pJCKrlhcppXBSqmZmj01XbTgRSF8ntJIag4CH309XqqfEoAiwyiOtPhVeUnykCkD+kkBV8WVCgWRw/QRbmBans5vRjnHwo0mDE1KACXEInspQ/48vNaK6VHKXb5myh+GW3cQ7XOuquxzFM69/j+XyvbMZvsvEt6QcDrhnqgB5c/VmMqIxMqYC7cAyKv3fiiEsxP5KMBCTD9caiFMDaFHmB4+TiT8lfBObQ83Ibc2d4Gs+IoPW8kn1NtYhU5MWWSgIBzPRykx1fwQHdcQVTHPDysQdQmst2XeZ3IBcEksDN4RC6THgGjgmGHyxTc7Y95dZoN3wzCvuXJsrnXHzbflwiGgJCDFiq5MF4ObWNe/8pKc+9u7XOdgf+pieIEUX3Fr1zedkJztfysGryZtgBxfrkOaOlSBtCSRQNOyt4psnbqQm1SkNflrwLDlatNAEaAOg+8m0z6BQFpZBWwiMSKXBPo9u1bJOBYFecNvgaqlapr6+KkI1giVgiBHaIjgPEDW280Y/1x47Qcp4V3YhPdLUANB2evmXJCP8iWWrjsVEjpak5F6ZnWVwPaV230ojrd2bLmn1xDmrcABxSP7MBGQkxcfiTAQm7a7uuuSMQ+J2fEDNViIQXjwvC6NpJ8lJ3ysAPektYmWhU24YpBxhgqDOfBXGlJrcH2mPR0ouCpwH31toagmSFSFx+SjJUFIaGz8nNOKBwWDNtcfhMQCacJpbc6kcInQjRFZT7Eiz4dcVP6fiebI+o3zR4ROmq0eEqdEmt4Gm2RHb1I0G2kpOg5VjgO5ZK8CYlmYbqEMRiLgNmVwI4oLui/rq+7pWm3mUJlcKjy116Ysj6FMX3BxdkUn4QHX2QrX0RNYs9BBkFUop07jjlyuv1Hj3prIsVzg5cAE+YxMXYJ2CuK1HuyqI8h1HJ8Dkj44kgf1FUGocRika3MN7yUrhVODv2Zjt2zc5Mt86fEgbKVtG4Ob2lnYHnk613mu2N5t243Lc3Fx885uXHDp0KMufaY6SGWmbdegdQ4/0j7zIgxmEttgdWkSIt84N4mAMSsf6ySKbPlOVqn2O0H/rwgsyAL3nlNOucM39migcRjOvY4mEgLm1iMFGUlCMIJnRDNLowSFjS7eumZZRomkxRp2g5EeDMcglzzIVMkSEIr8iKq4CHskDojaQpRa4CE6L+Kpp2sFCsXp9fKOMJ+ZlJ76z0qK09J4YQn8uFDUiJd0w+bF1/ysmBvgkMemhbqrkFhnEQ2oMHBd04yr87LK2/BsfE490i1R7LbV/QcO5wE2rqYyp/Brhp5SqpyhlgouN4I/auM8nf/FzzWvlQH5Hr9WPuoIsU85TntrhpPKfkOrnRKpH69dKqT3yaWX2KJEb+64oOykxWPv/uP41WRE0/G3R5esPV9RHGXHx4KVJ9l5Lukyrk5TaFWruWkzZskHcN/Rn2e16sv4EZZ7aJQ0VbyuaK8ADEGzYsNMqCz4/1ShthhgaUe9zTuZM4h/leJRHrJZxHXeqWjSVHVMObJnOVP5fR1HPG8S4tHvEl+lkGzjVx1lZrXrQHTjyLGW0mMaNEORM0SVjIO8NJ5cyhnMrxR5tXL2mDGvnuJBKzqMedmTfc6SYYnd8C/4sHqPlFlg5Nm4+Bj6GEVTB4+F6i+tRysjkEhp2MR7BLaXamNG+WzV8KocCU9CFfAAAEABJREFUYlbqtYOPJVTDbSwGKJMb6t5LXIIkVSzK6lq3kyKry1k+l9bzwqU5xc232w+mHXn4a3dKK/9YLwr7rntdPgHoVIVNMYtjYi0c1LGYp+enFVZjajfAzoNM8d1a0nRlm/NC42AlIYMHDEkn7tJ4cqH+wMYvvIuZz9l8AfIwyuDFEXAZhPd0yZqKCkqJtWJBWKjjn/M9n8jRPKRmowM/QN6eVPxFBEFvs49AI69mqImObB8tr/rQl/7FU+99ncuCPTevgzd8wG+++Y73/aMnPfT3PtwZhmKCixlYyJQ0M9TK4mAhG0cdUkMg91jMF7xH22COuWWpdiiOJE5kZiccTss/EUtwZoEtUoUNkIqsX03K9mzTYNdZUqGSjMRT1pEnOu7+gCbwx+0MJafBEopOOhXOLGIjsTVcLK98l59/9lMedcsz+vKZBFI8wwLUf+VedoRnGC2E2ykJyTB6EhNW0XbEKGT01qzJrjOiPSQOa8WT5lEaGVwq3aIs13RwDYLHXZo1ar2NkvIoI+UlRwh6TFxChnIaCCqTAweNGI0RBFXHGZEP4PEyD8GCANbWckS7vxG4A2Yduxb0F5DKikSPtI91gpEglizlmaCkrTLOpd0lv+Zxprmimu2il2HtuuYOjRiVXjnf48SmpgJ1SmCLllwCoBndtWK3WCyCcVfDkwmahYq6zW4+m+V9dfz45vL69/7RB513o9PqdsBqmEG/GD1dWas/Ae5FQglMe/FmUK7fS3E/nk5S0xvO1SmOObUpdC+TGU0URZZMO9wAYmhhJ2mjykYnL6pbBDMStSAlG9c00Xi3GnGGhUK9bXBEqaRw0qSwRFAxzknxgJq9mVINHwOqKYV8MRT2gESSvVSenbvTNiKO7EnOGD4vZVZS1zUwzSiknYVK0E2BDyvNiOXox2p3F54BysvgNPS8oNGgOzTkaYH1Xsm/hSxk9mHExfl0gWzXRgZjMTQ7QG32goHZ0bh6O2sXIrV7Lp/V72oXNk++LdTnNILeLTFywH/ydtXPJEuJzyVRnvIbZG4FDah04mmvFulhgvL4bcSf41Se868bYXu53LjNI5/+cw87u8GsI/aaPabWQKTSxUl2t9J8M6ZCAskLdTY/g91riXQJGNaoYzBYyZqOotzD01DzsdWCkCGHo5bKAj8u+76fKXlp7I3FwntZksLHYgBa39lFtl0lxJJ83xSTPJB3BLsdv6zVmiIuuVEbpB1kGw3Ok2PammD0EMBub09RSj09kyNgkBaCK7xXYFTyQ1ItodZAZ60SIxzJVy44wJHcvvblKLIIVKeR/O88dPqm9bKL0qSW1vtCcpeVXFlUF5fJtQXQGzuzPRosgsK9tqNgDh89cdRDwK0l21Q5CJFZzNAcQJ9742YqU16OYXGXxdHeYg8GIddGaGeiJMErz4kGwQV99gLSio2/wYQpYqspgnQeYja62PNpp0iS6qBxt0gAhwaB9+g9jyPyqbBV0dQyeAqeSdHRL2pEz10XyBdV6qJrFbCvMBJZUwyFe1mkplpQ+bgGM51u/4o1XukflOIhc4ab8xxDm1tUZH8qsnhtf/hZ8yPG0a8JCf6VKoxR5rJqPUrmANyTgjyxk4rtU+NpJtQRaaSPmGX6oF4LrMfAaC6QQ2GOCPIENDccdo1y1ifAxSPwWR2ckdrEvt/Yv/+UzdO2vnXp1ub28aPHNo4f2xqGfib9bBZlMmTZlR98sTh8ybe+8qUvHT96ZBZT3008IyYL49TTDGOXPKse4OqZ3AaCk6xALW/OHhCQZlIMy+2lUkdNZ9MTx45c9LUvb5x2+mlXOxMk0QPi5qhAw/lrJjxIwYKooKSCYsgxCJhUkMJhD3YBNDrqCqDH4Fj4lPUXy6Vh9IOJKXOorF26BbwGO8CqL7LJarkT4JCinIH9rhLamqj0RrotFuxRw1/VawAPMknQ3F5BUA/yxkpxsA+K21f1kTFom2hdqZQs1oKGG5PbOnXzJXPKOrp1SRrcCBBHi1OMuwBePrcVFPMLUZewV3WyeqCAoiuhiwmBD9aTcWC7HR+alfIEotDf1uL6Njr/O3s5yuzWUbGS0m6frSqrwkzllzz9jc4sV9/11u1dmoWjdC3/LJIqrX5uZVy+Y1fwwcbSFpqEmHKMnkOmb7oydNlxq/V/tI8U0AHHNXgBtEKD7KXVKS3KJDQ7bRcTq6jk9ucqQWkTlmRYbMtU5m3ldtys/JAET9eLMLxYhM2XaqlBY7+D1OoVUyheYsR2gv4UTH4pZ8nbnxDr59zTTq+WFaTTOgaYdl3oHUskMMnLiQ0eEVl9bhW3kdXujjii+KHgVAL71K0jTxVwpcT9EYhLFWQazzcyNgceduw4T6QLdeVCXVRZW0n6JEXhovcEmBWN7lSrekzbuVvLAidTbM4+tDpT4gN2IeUgsf2MpDPq0Dr7Tn9Bvz5V+6MZb1XW/rtQchn9YYIr9mQWsxlaSXbFaEKhC2BdcsWPbTArk+i/33FUQzuxRePxoVbvJ1KNVNl1/31XvS7PFBxSwjz6/zE20cokJY85rnwlIFmvKoBU34Yl2upc9zjqfb0UnrsmOO6SHVpLjhrcoUxsCDJ2bl+IOKGByQu1lEjYGytrodaSZfQtWGfyUOFs3Cu7M9K6g769i5RqBCywnW7NhCADhL2rbe0gIFnAibwMpV3evtOT3/T8n7rt6fL/16s/41aP/ZN3Xf2Zj3zS674aSTOPrOug1KIdQBCoYBDYgpU/aN/qPMLe3SgI5OiISrL+JypSBkmFiYnTnJzcGAUbhO80u7ZTN69LWhKbzLYdANzpjFieSBem1mxFVyHDt9bPW05CwTGC2tuQWPXkJu/7/Jd+5Q43XTtPm1/61CuCzNU/zJdMJm+X5zzpxU956B2vscokYMvSm0sKEuM+9opDAK1P1ttKM7cZvATWQQJW0AfCowDSN8bF9gJ4ljEM69YxN0ofvddUYfV6l9lm16ZOE82TWS6TwwaWlxWZ9ajftdxk4Jr5Ioul2422Y4al4WMk08QhRK/CgJxiy+NOxvW5MZ9bokr2jSzFO/Bk6M7PCxQIqhMlc3g1IsHWvHm074OZA7Qyv6WOBDLIgsZ1JpNJ/qbmWC4H0RzSsBiWeeon08lgtOBiuUyT2Cfq62i8HJaKPeny1JlbxKJRvYg5eJN+mt2drcVN7vjzP36Pm1+lWb/ELFgLmFjO0pDcxG/MHbOLCL9a1m2tZLdqTXPMPP7BXHLEW+zngEaRxQ0K2IaGxSuwPgb01rHPmAexdBZkWx9FgpKXu6UE3IQyLFCIuP/iiEEp/E9IaYNXyYIN8T+lutZVdgMy4fxaozZ23GBSuTMGAAlJAMpYwEAAJ5LmA5Obl/UjX7pAbnNg7Shunf/pt036PbZDCktA3uRGe9KJkMO+pC7az7a/DPFLdgoaUQqLRhuXQo4ajBzKYqGWAgLZFijK6Nw+9kCQ2ygEsLmCs+S4kkTn0Bitz9wSMj6SdzWgpiKfSkRHRgG+5rpmHAmJa05dl/wVioubKJ+CS1ehjYb1BRhvG3NZ4f7QvKQ+Gv0T0MZS4bnas4asIiy8CNPJf3314nuetZ4EfdFX/m2D7ncEH3Da2r7F/X/jpx90m6u1ElA5eLS+IGLo+F20nOjEHgw7XxapLI6F7cwRFRBWf5zF81KGGAraZQ5M/v8gZB613GXN7OuwZtYGcBkyAL29yCG8Rehnk76bosdgin7yeLTt/pwVT0gW7znIh4hlJhlZtbmz7yIluNCHB38In2o/nG6ODx5uxunS8xStc6GnxuD8AqUFGmu4tdkBqXPQIQuZJQidufqjsxvZtux8z/CMg6/ZNEtdLP4dqi8LfAMby/wT9zowFdjtyXci/9Py90E0gY5MjRNkH6N8bLB+wJ4uNpl0CCjagBWxR7RiGCmYVKlPhB2cRFNare3saGFsOroo30BjTWiQGH0O3Xun+HMgWzxw19VesqgS0Chx4YL3/ay6rzc27Eg3BkdLJVLX7mHbRWgt6L62iRBArLYZmFJAdVVoRgLlExJDTUgHLEb+f88NRAmMKAYjBQWno/UMpFxK5ZNFQVINh4EMu+LGjTlNqYXtYBMosYzQTVJpD7oH+EQKeFSP1OhFisXsJmTRmPrC4xH9c/BbdzPT6iSHdQCw8Q0T1TTtZvwT/Y/ViLCYfSCIEiACQMKAoScn3RB+UrTPXz8ZkN0+oLLH18AQF0EAeByLAI+esa8z0PfzfQcOXOGMGCebxzY3jx3fe2B/6pfZuBnGmCPys8nkkksv+cLnPvvJf/vXHBLfO9eAeR7Bchgn2YqdTjZmU7XuR21ma8wbPQBy+78U2h1XVti34/HjR7cX/aKfzibbs42Nad8tN49/8+tfveRrX57umc36bqEJIpolMJIprnN4IaW6Ypxf7TuoJTtmabTJZIY3pYHby2B5bcKqdH/LRTYEy6TwOFjlh1WudSilGcYFQC9rijGWjaJNFLSBQWe1boFhXIvsqqLNYU8tnph0E1GerTEiKmUE+RBbaKsZCo4Xyl4PtnSR6Rt2ZpkOlFLJNuQ+andbKJqAYPYYcBDZlKxK1ZQYoPXf+ZY8+b4uSBQPgmNrhBZVyPUcFXV5KB+nG6o5KspB10dqhBgrHrTDeVy592WBTUIoyZZSh5zoyzS/WB1kuXP7T5dnlH+pmcLyMT/eYdeR1IlN7b7cRYSkkz0lZWEwe5INHFa+5QuRVr8S0LXUrUFsY6EFR7ROrxDAZMQNJLu/KvaFPKzAb3q0lU9Uwc4GOpFGaqd6NUfP2n2YFadl7q4WorkPGNqpDd8WTHMd6CtnqUsMMaMFlaTqhxQFMfqXxX9ZkRpMQQF0cFClHAP9FYK+SAyRtSMVquUvyW/oJ6TO4I7nKN1xfcBmfTgtUyq+KTXi6szwM6zjSRypoJuLDxVSBjtD4CGWjcuBJe8cAqRCqulCDZsYp0EeZBUBbjpQ86YG6vVDz80yhpKVWTBqfM/4kIyv1eUYLXFrTGRWW0Y8PG8KSwXeO/EsKhjPIwgzA8WuPZmXztIaE/iUsNHbTVjxYf4zOZ9/6e4IiheF4eRkSG9aFS+Uw8JDbEOIq6cw+Llpv+mmd/vLcNLTQPM0XAYh+j/xdbltQgiNRpPa1GmxDURoyUYvlw2sHk5V4JajtKogRNJOvDGVigrKZlhwwdvBS3G3zGABoZglMqnrVLZje2WLAgXKFTIJ148lEK77bYuFwzrWVZtkxe3UX8SS5ZqIFYFmN1n6yzj6OUTunlbChVQkUX5784xHvvrk6POh8z/yz+/8uzd/8P1vetcn9Y7XvsPdvv/25/7wuefc/KzdSKLn17jX01927Pxzn/ohtR6tdTayl7Jjb/kZRnYxjrXy1zijTeQG75wXMD+DAVSdJckZrGr/M8xfCN/Y0lgekGhu1DIaYTGWDe2u0Hk7oUukONWCgbzZ/C3yzUoWI4vcd5kGeFjaNmEwfGx6wbNe+IbbvuQ/M2QAABAASURBVPiB12ubM372Lc974aSbFplpsPexH7jjOvpMVcMWbqBd7RX/CiOTjEd20IagD8wVSiDOtn2kkLHy3ioytBi2xfKOE/AHpmgZOCOh8A7mzdmRphIdWjQdHdXpgO+VWW9MmvaryK+VS3e2UQ0IxWONHHdx3iJpo50/ZCR38kA/WUFwHVMfuuViYWuQUd/I7i8g2AixagW7Sx7j1ICHBZqhW0eqrcUiNlzc0FsRcR2LIgyWzbGwsk6YYUp2SXVITa5uW94nw9Bb5rgl46OVVgcA1JpBBUcjwontW910BX3GGMHaDBOkG92IM+8INN3U2v5QmhVnOKhr2JIR6YIisT7dTBGYlkzz7yzt0rWfHdtBUunIbuZIZIY/3L/A6FIsZm8onvYIhovqOaVqu9MWsaMW/KzgUyPJeZlrm1j3XTUqjQduUJhiRGpNFlHastgbsmisAWdHaYnDBCPvPvqKP//rWz7t/tdppn/rM+/5y5dPJ6eGAnokzFWsPQwhE+y50QHIRzgO3l8Wz5VWDJFio2N0BhAoLjYWW1eKN0MtVOweFf38tcfVU6rqI6ViYDK+oG9Z+1pM4ICELsOljAfY4hNpZOVLYgqzS3fUCAR/BgOP6u4SZoAaZCmW1J+URn8RkT7spmd5dtaO2DmPsbSoFjdD3Usqu7+L8/l7X/LqO5/9+Fu1NNBHPvKKv/jg3jhD9CEMZqZvbt3+9qvoM5cACae9dSBEOYpSFS3HYdxFKYuI1xXQ4cc+AZShB0Tz9fKXJ2p7ouzc3CjThJ10g4muLCSyrOxGA7sVqczCc1zkuy6UiidHnKYaeppYzu2AVOlQ9raNwLLCgchIScLF1oFXgogF8igRHnG2h4A5bhV6SgUgqJZsk2SSxIVAdEPbzxfiICM3GUwC/cODMXozACnMQsHdwUDRAkRFyp53IyHVU1yMc0pE/OyjF/d5HHJgfUvyRcb2Je5gRRheElUGJwnIMPSJnVxr7GDlHZgBDDcauRaFJZJK0ZSDHhuviCnQcXQmUbGPEfC2wAMnCNUwFWX0EGB0wntkskVkl9onI7mehbPgzQB5KDS5GEVLxQQIbk+w5K3E8rwsNjCnOsDySL4WycWTKyIcd3PVwJvvxWWI4mPzsM4f+hyWQwQpUERwLvFSEUuQwHwlqTyIPbIBf3jS4uVK6XzJfSI1oYsHhI0vpIIFNcW5gc3cpxaHX1YsLn+T/qpUt1Nk5dPrx8hvCsEloN9O9WtV5IHNiAqp2cr1ZySFIRWAuzm51E8cmeEQAiTIIkKdddoGMuHdQzkt4thTQNMDtq8wBmkNR/T93oMHz+gu+dahr11w0dHt5ZlnXnX/6fult/yUrfHwJRl9/vRXP/e5qYwbG/NJRM9N68k87TN0PNM+rpZeEXGoh+KkGPvDwJuzZsqWfpSlpi2YkTpaudGeedraPPaNiy/49KcPXuWKkoFtM0o7rRRR05AlaytTaegLNus4ehELLBlEYh3s8PJsjQuZm6I46EIBaCyeMAYgnCPr4azqWptXCwJNlqnHIkGNJHVTjSjjkJHrr+P6WheQ7DcsYS/B6IX1qJfvszqMNPZbD3F0149GSBHPybrjxmbDJj9OjDkK0THbJyk2FlXd7v41HgVxBJC7j3BYWw9n3w1+R0ek0ppHuLQV6XF6g0t+SnYsh2VdDtaXPuu7btKFcqjWj1UZcfsK8h2/YNK5S9pei2hPOVBUD80CwFpdxwHXRuoQJHoZ+SdaGbH2TXGLJ6wJBCnK3UFS2c30qBZgqhduFyKtz5utbXmkRLSgMbVX4AHfZLyT9ySh2sWOSogXFh0uK9MaVqCtsCu4zowzjqn5RioJxtI8JFVreXR/uvZJw+q+Ce3FQ5lgGJQ5BDR2ZQjJ3Rfu9yRVmTgKCn1WSngkVMinOB48Vf5Ls8NShRfcdKtTU39OzWLyfIVGSTQzV/5D0eXirrwQAOuCxDoJoVEpUg5uNap8bE3TnFSAHNZsu0sG7eFDrfBXuxTJ81KCODgivnzN85c3GQEJVc5YRyM+Fk1TTIi+MxouIZFBY4fefUEA0ZCSsU4M7uaemVVh+EPEInvp4CDKC/UdGC8vdhA9EnEgAm/4wIFWp2JRJlqC61Ir7SrIUnN8pT1Y/u8ylwlmT/IT1wqPtVfYKUrWV+Lksab/qa/LKQc09p0UF3jFquURTTtDHitbiXLbFV8qClBWv5WKXinfoPQj3ED3YE2N+ZXZp56+hae/ObzBkzMS93NpsLaBi4lHrzxRb7up1LinAgKOwKNokI+bfCkRppLYagnLMTSQW/svbZ/zO3/2S3faDX3ePP/9r3j2k3/7b7+uHo+55TrYL//ze/7qn9/9F7+7XN7gIc//vafc76xT1vfU/Ho/9qJXfPbcR/zZRQb/RSPH4ODz/yddP4YhlDH5VI4o+hgrTSyFPTxiOGom4VDgEr2dYwArREZYLG23qbygVLYWi5zTongTCEiEtwOyYK0OZbdXcK6DgHqgjFD8y2/87G93L/qFe17vYAahj134L2/4rV/97Y/0KMaE+AtBTkI7b48cyqaAAV2ENvlGbWXFiBHEbTek15X9acivpuNgn0GdaOMmosZ0X6PzJ2h6MBxI0AWT1dpcBXMwFOmcpH46AflydgM0Hc3g++yJ26hc4rK1kf6j63tLmsb8SMlSye6TJhQrMzUywzRBo7NUsfz5bQ84sGegPR1olI0fAxnfQ0Q7xTzn8IkDbRWjhdKHo3NkaMwIDg6DjfJ/+kkf8ZMfIh6Z/Cnjn53o9uzKmQqWqj8MZLaJoU+yi0UKb8eS5xV4HEbCwYqkIdlQ14xV5OICITJNperJIlzgmo2sNKNWBtIgwcqWrJhUaJqWcdilAIZFT24aseh2A5bqF3lRIsb+GMFNo1AEUViRSIRRYQvY9EU/SYGVWTinQEVDva4jsJKkqeQO/l3xNFK/X4XdChSyZ/bvr/j1l86f+qgfuvaBWS9bX//YO//kd/7qU6doI7okUpDRhMlsURtZNVzcopJiqa8O2aUQsSWkVRaQ2w8tAGx/hNiwmhBNbsbOgWFhXRWRjtKVRXl84XXYbSO49S8xhmrK1bIDXxGhPdQavXj4sg4QMtFoHMijIuUEFUOqWPBS7142DW+XECfCs08mcfPtv/YbB3/9Cfe99dUPZOF76Avve8XvP/udl27MINlD8V3SbidIfIbt0wOShRWzHse0OwsSPH0q35I1zxAZ7WANAPcklMDiI5JgjAWgCLd68NRNIksXl4qEDIY/L6ZZQnVZ0xmTQpYPkdXn4tnBZL/wIxqJsESuZyBpB0Sr3ktDCLG05FLZrusA7M/dPue+4Bnks6aC7taK7kQwMUDUU08W5JohFBzQED2cQxfEY9aeeZvqKUhe0lBTWS2rNlaVJDRp6ARRZY9ICZQGsB6Jd4Syt30PtUeD+6vaUS4KYyDbSM92DgEiCJFCAWm4WCRduuAmnAtbXxfDR8tIkpdNlazjWLFmYTSN5yRyLXz6I6CrRrIFj9nF8nF7ocACueiYK/HgsZRTlwzDSlLZP7hmzihmV49S/DsJVQoBdtcJIpGRN0wQ4hklBxk9ABLCszaU0kcR2wFyA8radiAx5RDEqcnt0atA9YoNrmKoS5YqCiNhzcWr5neT6Umx4CZZkuIkUxT6x3xTU9ankxhnqXFVq3QrUrE692XXu7iVcgTxdvD5ZKTBpLen86fq8lMWoXeJhPJM/mTKI2azEynZXQOBG8JWCCnXCkBrgLCfjZPxoku/cujwoT1fv2hx5NgVr3LFOJ9sL5YnDp+4+IKvXXjBV7YOH943m6ZlQOGUVsT0YTbNxppSeudPJiZyZLEz5MielbXpfYcRJTXZ/bPSscDnFcvAG6KKqeUwbi238xubh7514Rc+f3zzyJ5TT53u3TvpZ3Y+Ru4SGtW2GQOPDyD3RGo0K7j2aC45mzX3ZGDErPytYndhnBBqLiVg/TrD2dTR1tqqUjWJeYAU1NnsexwxDTIZTxLs/WyAiutr83ciK/7N4snBRUFLhVGTpo2dJLKcNpVdGir2I805KeZSatjn2w2+y66kxUEZLzSxLPTsE88dK1JFYjHFuFnqiRG4go7j2RXbxGngkla4kIqwF+7Xaj1gJ+SnsI67Uz8z0k5F2N1fKcfs5O9KGeqKAODo/Yxh6OV6UiUEJiOsXGf9/o0l4XrIsyfXPxKkXC5U6z64oZOKqSPF3Xaxk1ZGkCiK6DxICURJhRBCXTz8rtF6fPBQLGkJRfvWh00VfaYFVr4v3JutGQXJu2JYpbUJamYprRrEzSiEU0NFymvUJy8av96EBiZt4Dr5ITQfXV1iSY3QTy5GC4ZZfKTkp5BtB8TjzX5NJANI+/VmpK7fnDqKNphbQFDHrpjLXdcfUaQsT6i6g3dNNOk5dH8Wc3iD1/A242shKd/gSephJmq1tijuUXjRKj43+mTX48z1CaEInJW123mGkou2uvypmHNp5T9Su7Gj8MMaxJcQQJmJlWPski81yh3uYZmESJ8rprQ2wETxU9JM6/VdQjY7vHFeIOVCI+tsWlMNy9RbpfpQdZ13fEqanVzC3yu/X5vW2q0w1F/ufK0f/EbEf3e8Lq8ANF4lsQOIhtsGqRwryBffhzVjYUUellNRlVJ5N/gRK8JsZFIQxRbFYHH9JLRFiVVnwE2wHzq7z8jrAWcCfKZfQXVp8KTOJKHRIqyhA+9DlMJVVt+3zC/rMhfdR2JpX6BSw+GwVBfOk1Yo2Afyde/wB8/88bN28j5vXvTuFzzyMX/y35Ns3U4T85LcPjSwq+//69W/9EPvfe8z/+i3H3Wzg2tfP+WcX3zZk//Pec+/cOIOW1paXlt+2GkXF8tQ8BQrkR5R1kQ6Am3GZTOChtdaWR/zOIBCZhtU65ADKsG7kaloie5zLEpUgUsUGA+eLF7cZEcoIlfbsFQFOtNObVTWU7wqHRlbcRov/Jtn3vfNT4ONrYWQqe/hkI4DIMFYJf3aTrb87k6YyZhILTcQC46J2okF+Oy9aKhILMW/waaA4rzriubAynIT+g4IniGCDjssVux7TQlcDIlpa3qtjBpnMx1mVqeduBa4Ws8M4SioS44g1NZNmYMT5O5MeAQ6A9uL7BZpuR+ghN56+ll6i3oMyxEJ8XGwzEcDitDESb+dh7m9tZ3B5UnPJ8rfmnRWebpY9H10FWiI0oCod1ost813hk5Klio0GI1vBr/hFulU6bjGpU5vn/bMptriZ6GEJ70Bx8sxw+aDJVDOT6IhgmVPB7hR1ktnNA8sWeuwHlEC+PaOwlHja3rSMLIeCzyvRu26XCp+7U0YhXaUW4/iaYZ0kYmVIJWJTL/WdYewDuEIt4yStJZ1ITuBlKAVVSqpQ4Mb0cZiXzoBfoXBJxt6MOpJzTYKACn0uoPVXqEU2WaCWZAl/datJx1DuWsVyf6JvBgHDr/rz3/xHS/P4Q3rMrpnYz6fzZj4Wcx7tTdLAAAQAElEQVQ4bzmd/EHG0lGQiQE+T1n0wdelACC1vEgAVXCyLMmxtkpLTDwRRgPF8jN9rjjasVjVIm7p0molDZOU6WTUIQXPkibXamHVCGORsxw/iiEkyFis+AChE5nmVtuMqGE3chswPZabMBRBFkI11ooty8/gcbjaAsesCJNQ3AAde5Z4X3zt0x/3qu3R+kFN+sl0z7wjtZR1xOTXZPcX96DKrtHCVyaAMepwsm9AUyr+iCOQlyNDzh0bH+QVHYKlo+CJotcEdqCvZitQXswwy9Hc8ixSliYGs5SbdcrCkTeb8l3YktekZZ8xKV6tYwElfw/ppnbMsC9ShWPMGqEjVCOlBv8Jc5djoJ3tcVO9eCyugX2e2h0VPTSIpECVcBBXzzJCfanQr/uiC/AdUnLE+i7SlRu9zMWHtuHZCMx4lLZe10oyQnHvoIWKCraQJyFZryWt4LuBqtZ+MCAGEH0XSfTcblQMCXor+iEZkw9KlxmM0Wo/WGGztZJIHYaAeUNMIFboIGsuEjxL4IgoTEjWIdZnAublmJhLiSbA2AGRYiGim4JISZCnEWBKjSwyip1Zs2Vqho5SFWFknzpcJdT9FhMAOHHxxGMcWbBSThW733GbuGkQq3mTpHjAuF3kvVA650Ypd3lJiS+qocgRcSebwY5R3BB3z7Sct+YU+QHfBdEiTFS8z8DT7DeovmSZIj6g/4UNz3NW0pV9y9t8cRTu69NdQHJ4Netts0A6N8ISdrtm0erwF3GgXBDfXQlgpbV+EDs/WqVhwif6iBESHx0wzybHt44e+8oFF13yjYv2zvp4/Mg3v3ZgsjFbDMtDlxw6dvjSHBXbO5lubo+by4Vp2zHbaNkcmmgwNiyWw/b2dhcn4IfJ5hRiFIlNMQBYZ5sYWIDZe8mYiCx727pndoOaRMtONo9ccvGx7WN7Dx/af+ppe/YeyPE41cTWSQM7hBOmBpIUzmz1RKx+RXWB9AFlByMM/2S117APBSQmtaI8OOjvIgJmraBP4XL06ofO6nyyM6AtSkwZjiaMohqWTPtNhsb2Ls30MoPWvCWPFoUerWPBwIOKIP3myE0nYymT5/4sdrVr+VKpZTccabeUw5f8t7zemIrxtWO3F6sh1KwS2uHUwFQYdFiTmyQ8WpDhCZEHD6QJ4RdEvlPBZajqrOEBDMPgz1p1S2jtGI6ZR3eXjMJ6+lZ/leqDSUXVGvNul1fj94Ydn+Pcp1U4KISVDB9qZn9v5/hclPrPPr/8Mfm9khThxikNQapNtstjhyKD/H9r45Fq0LVfDPX3nAHWJzdOfr1UI1dDc61QZsj3kNtqAmtBJBTwlvOSyr25OnUEQg0fZNcMzdRmc/sFFJ2E5FzZJTRkaTON/DGx50CRvCtzGMyY0u/F2JwK+zDviwZgbomVjeyqE32A2RFDyszVfN5mLdzobfSUG1jMxK+Yp28df4yipWCEx1EiTcKERiRCJNyuUfejGV3wAJk+UZYMN8ZSrqKw6rW7xqpPAL3Mz3sGjkuPEhvzrcwUNRe6/Fqdf+q2ou9EOGHcPqEubxUrCTOj8U7mVep7sNVAXeSyqzyMW8+p2H52p9EtnpKwxCtJ8UcrCM14aFobjs/OqqhJNWPZY48+iBX/BOI9StmJstN9KVJC6ttUibQ5ZOeLeyG2hz+lJEm+q16XTw5o1zqMg488R2NwMQGZzZJxO741WknRFTxuX+SA47RqqFm5FiSbSQGWfJUj4+4Tz81Y/S07kL234oE1kK2maBwCkC/IylQXRavJrJIL+KqdVyvHS2DXoSlkXhkSLGAi+TygDjIi21M8hccZ3vRpFDq02vZBy7IKEAIkJBky1oVlGkC+cZvffMY9r7lzwg/9w2/d7zGvvHA6CUzo9lJTO9wZBTRvTWmBLn7HM+95Yv53L3nw9ddA7PnNHvTbj3r+I/9qFOV4A8ZKgWuVeqACMt/efDntgTeo9c/GgeqKOceSWvHbxs2HxRKyE0R0h0Ghd/5mNmCtw4Z2MTHYp7OqOwA1kdxA6pkhCcn0HBuMwRkYGKDc5TVuj0Nntmlv7fVAbawtR9DTR8u56Xcq2qF5sWG5dJbKnZcbhsViO+ObXaENYCcWU31RltsJ/dDV0jZei2DZeQKLX3Wz+t+DcZ8O2RDfGtnXKKU8V30/NQrg0cqRhM5Ppyneo231vE2sxZ/qjIygGk2KVd4SgwZftiguky1WeHL5+oqQjjQcNDLAbCnLkkb2vbl3lm+YF0e5ofP8Z2u/U7t/sRjAbLXQbB3HhqJM1bHRjAxznxJ4PDKIqZ8PQZuWZ6drsdzY2AA1S/YnJt2GgCx0WHQan+jVB1qOju0IUtyAhw+GJOW7JE2xtPNlAEd212YTLbjf3twyT6abZkQegDL2nnqOu+6HvEIh74lttHEfNALUmyodPK8sP/1ipFerdadLJLAHS9keerAUiLlhCYX1EfF+a7co6F1m7R/1Q6yhta3SgVJhBIWLZY9qk7UAkQBnXRv3JC/OpolFyM6y4UJx8SnGYGKz3DhYFhM7+BmIjVp4Oyo6QlmmRQIi04s/pQ1qdLQ0MO8zdhR0JVTn5CEjGA4C08mVSigw6Wxk9bdB3LO+n0+nYlC1RS4SG9K7we0pVRpp6pDPDmo1iu2USioSwnlmDpC0WTRbbXQ30nqIaR5uZxQ3EKvY13nBJrE3GRJB/GJAAEXjWHkjEi0lvBHowGCaweUEHzyDBwk1BwIyGbMjUTJvvEr6+Aabot4euWM4ZiGxWSfGPtGIESnglfkhugnl0i1fOAuusQG3khNFJj+5kRTkI48lzF42MRNMrBS7W5Gm0X6XxV1H9NCAGZsYrZrIi6Ul5MMuAjBZCyyb6WRkccn1seVq73rmsImNjUeJfm3gCsQIi4mUHKmfLJfb2pshT1fMMiUy5qvrq8KvMhRp7rO+1xtKsrAc6LyVJ12Y91ku5+stVcybJLcSoB6uin5cRvZ40kNHbgRU9ceOZfsiiM/pkJPSylOHap9So+bn9qjn0momYOlEKboAO2Ysji3TmKHBtEfAODJ/uVg7IGCx9FXxFL6yGy3B1lA5NOIiE7RXrwcpXmFKNTteaFyFUJoBClvV0TLCJgLBU5eo97hDU30cr5GnhNDutclIi5LOl1kCUdHniTJfmEqymKA2ctBYQG+hxRAKQON4WNe4ElkMapZpPQJmQOoqDaSwKC56WYSxK/Cjglxoa0YMCMFGe0ZdU8N/lNcLdLtwl0JicZLei1GBREsU4HgXE9YyUkibTrflQczC2KmTFz1AWUAL0+2OCOqYgK+VEgCHvZlhSM5GaU9V5VBCIn6RiBBuArQZKhPxeDOkR+AXfCgfQGBkpTh5Tl+OZyZsgiFTeWCn2Tq4w83DPLpp7fQFFexI66lOmqIQUBcG+elIRJJU+kgWAEKgqxDLZ6vDmrnVJCIKqSjoRAcE3og5pjAYSGehq07jw9YAKhik68BFhEQarUI5WkFA4EQFTfBN0OHLYSRdmH59ueDj6dV1sfWPkgBt5u1+YGPj1Hk3S8sT37zwhG6JOJNxvneedduJreHE5vL41iLDrRmjnnZhYz7NBky+weaJ7cXW0G9Mka+vSDRFVsz2zGYGpymgyGUXFYft9fRpKkmY9GE6iZN8rT5rkvzTJA/7+De/eeJb35rPN6bTjX5jloOLkz17wmQync67ySSQbdk9fktzzpOOXGRAg8EotkaYKqDMxiHTE68MR5225fAkZZRMBeufqEcezfxEo9kaqNGYvbL4qR4k74w+YOS2Cp0HFbS9tMaqIV5GanzbPiNJwTQ1pQ+hmAN2IIqX5QCGnd+IxAY9cmwyTPOy0xF1NDIT6wbAb4qPJ+s7qSZq1FJLHXWzq6smBOpTprEZRfJQDoQ6YlfQe9zA0N8hsW7DvjIa7SCa1rBGML+3HLdBQpKnerG9EDPqbF46ikkijyUnlv/nsaKQlx362M9h+0gJZaKBESMAlJqPf5IO77hYkSD2L6t9jA49Eu6RxheGqipQFlVBcuXSzKQUUxfXjo6hJWkQTwKafgGOCurY1SvCRS54WyiqXr92Boa5Hpr4cRIiC5JW4VP75lhunUo2RsWAHZNzZSoE3cq0FLwylX9IqhLRjXypmwyXxWMXC4HXc7WO6aPtUKakAIK4VQITEXqKqjZGhpggg4/eABsXWazKWmVCeYzWaSg44ELFIsnppCxSAso6Ix3iiXAOtMLdZ2Y0oV8COXVnlV3U7NRQdigdK7wHqZPAReGLbDALCRXNLcfzy+iuDb9rypw/m+4YQa/h7YZxfofR8yeK3cbjb7Ex17ijY7eWeuLZcuK5HTwGll1BoLZoZwVHnFa8mFvicFgqqlusboJ7FaJiZL1LAcNG/GV1J5YrYegN6ssScwExLwyAwfDzBpJuSLltaXfAoQgUvSYdIq1cfQ2m5H3XplTsR6c4oTc3JvdoAlwh5xMbTcg7El9fwQ9A/W1a5a+xiafPg+x5Ie2bH1Ina0dDRW7IlUuWS5dfJgk7oGnMTJTvptflFYCmfG1XGfIquOaic+hemqztB9eT+luSwSPpI/jLhTUMeNtfqdV39TCnlBoZ7MYDP+bmZ2QOmh1TRZAMwDMBwcI4GIIAokbxa/nQIfGi2bVM0E1GzqDekdEOAB7QEauLn6wneh8sdxVABGcJMwNDz/BWpTtIirk/9gn3u8HOHXH+W57wsD+/oO8jzyZKUBO6ZzkfYQeWCHWbPvC0R7zkrPf+/C3XIOiD5zz6Obd9xVM+1iFWGWSSDLddbGX7Z1usE07GAAX9fJy01Ew3c407jFoRxoy1LDF9SNWwH5HtbJLViO9sH5i9xzL5pcGWgHesWRmyjfrQM03UFSikeNLWTWncnX+UCjYYri2Udpq2qiQTVpBuYL2CU10QR2OtWdz2uMv18je39deboyay5EVT1lEFa3QpVSUPFqnIn5gEZatQuMqyQkZAs0LmKGVJzlOqPKYpWLcYA5e7XvvTKRhaUlPd7x0ds9OxLRablqpDruR8VeVdzlpzWA7O5azuH1IvxzRV0FarI61mc2mtrpTHWX0t5cEYYaPpbHejtXoBENwbKBEGA6qRyGbYOhPuFJQ0cMDakyd1l+D6Z+gt+1oxj6o39DzP5oD1jUYPbdymcLtNMyogqh3pAfxrsaH+0Wbv+bILLb0PwB/zdE8n00471yVMr20s2kh5YBnGynOTP7o9LHcuXx7HxYeOHF0ujy+X3zh8YnOL02jWsFliQvNBcayFvvLCBjeYkm1OZcVm47cBkBG2EORJnlImY9nuixJWzEZiCCOtK6UBUQ6BGIqYQxsRY5YxhmtbCUlV1jF7kZXX9p9ECEGV7DbrNcdRUikFs33U9Z4D7OauXjJ/elsz3tXpLkBHXviNjRmSOqVQlNGQZbxkcytPzmZAqq9J5+l0kj1rjT0Mw+bWdk3IDUHjBVNt9QVsDuucP7O9sHVOSOjq8tLOphNUm+Y/jXSDlwAAEABJREFUcBsSIUst5EVWl0IJuBC5y63iAnCw6xQDmvWwJDD8Ji9Gt786TxvNY1ioKBCMKkskC21MGqOjsTa1X2aWDEuTV2TytT4fYJHtelY2QLbxMYmxhUAHJ5VkBqu4t0XSku3NE2xSZxhojoPOZtNAzx9HY8yDVf5PLwXEcmWUP2g/zzC6j5sfPC/pAAxWEP6L89kMibd5YvO8Dz74YKcyT7tdQbY2t/JHsvw+sblLU8FxuXn4yJEOB0Czp/tpjjGY2u1jjEF2e1EJntje0rOPx7ccvPzFDL2ooHBrVbeLFkmMHooA0IZp9YRK8260+iQvsZaD59EuJ/1Uq9pnfTfJGIkKWbRkK7p/lOJ9YFGrx4utXWo+m3XnTwjXaUlJcZ+Im5gvw9MOezbQWjDiTvGFtuvRd4o0Xgd3nD2/xX0Nu6oDgkDAFTrvBNKRZVUCabxYbje+GJ0TTnsX3S+tthKqAcq/R4aViIw2eSv0iiGzHDkwXyIw7V+8aAv6AGILUotJx7wQWIpoZznlBXP94PtJAf1huBhg7vsZYSh3cxg1Mx+49QcFQYTCgcLscNu1yQJgxINUaUagxjiaTrNSnA5J7P+OuYhScWFg4p60npG4UJlVio9fkfJUMpewEfxSJZ/HLeTguW30OUMsRNXu48dQWOJDDVBwadE1AgMDSxdpHZ0pvj2PwadRRIr1K75Jha4o3TXxbHnfwhVxaHedH6sQuHDi7iY4pjEPTR5WqB5p/ahIk0aZ3LhPjhWNjk+k6iU2KBoGylEV55PucihpeDhGQvyamQZlT+v5HZc0oszsGBP7YQQvuTOVrDszn/Fjx45lMZSR5Y2M/yrGXQGlpA1LlKp+VLPfiv+yKuy6jATnb25rmdkyK00LDmnKwlSThdWgyJpyMsu6sMvfXSgObgbWkHDAJqlj/vBEVU7+W6PFClaiK7gGqYatrQxuy/EuHu5zuD6Hgucbe+d79k7n86xYIBryxQaU7WWzT2sPNRuaU6yrq3CFbaWeAIE9fG99MVSMxBxENBcDQsD6lFjzzIh/+AYGGZ0BOPrxDgcrxVKwT7GIjZ/KjjXo2WSUJlSrlTh2TJNMHreDbvXdkxzb45bmH9gsXQCXPEUGC9HE86PAUscrmMBRJaIITidjSut+KT/vZyY0R0Skopwn4fLjYfGfENIS8D6xRNjmnMxrGobNvsL2ItSdntZQkfWL10G1SZzlx7D+HfrA4kqp6K0S8HaCpnKxCuWu37n8JnCFgkeZClq8c+SrU+dwoKwAxu3ccg6LHJUyIw5BNpcq+kcII8jKmHGZAkNgdkZZexThF1OdwlRumwzkcjUCPLt6peUnN6Obm1Nrp3Zumpn1VVl/BVl7iGY8Yce74ieColuKveD1joREdNN1bZnKgIhPUcCNzKbRBsyiWNdRvETIPh8canFjxD49Wr2PObUOMI912M2OreoorOA3pQ6Lasq7pbpeCJx2DpN4cXNNi4Oaj40PQpHaz2O5jp3AAmTh7dF/DI3pxwsjhLO61lgamvzCyUmoTyvmFvF5P9kNhFUPG7MdoebbbWAmts3AACkamrWGIR0MCljRlVxOpFTjeiNVouP+dcFJoukeLYAMByaC6+GxnfhIzA4Af3mUEQnFI5Uu+athFPVIeUzNBnbBEZDSndqz69o+wIEoRhSRbz5oKgvre4NC3w6tSfgQmgPqkpwXbA0Pzq6kk4v1/4mvyy0FRyMyimDhTgi0j0WKhljR8nSREGes6Q/FzqdRXzVMlbipagUXNLJT27pQxCEjlhNocrsVguQRvyEhBJjZqZF4OAgs1AuoG4a7hewY91g0ZGg3HkuFtvqW3ieEWDrrIMo+r+JgSMszn3GvW812TPSlH3j5T39gshGkKhgA0CARhUkXKzukjveiP3jB6+75qoeftXapa93+0fcb//lvgcigXHdz6xl/+9kHXn/lY4f+8Rk3etgrJh1BJYotVPdu/fgrPvG0O6wyfHz6dde9x2+xh7slS+ov4Stppsxi+8q3/snH/MQPfd9NbnCNg3vn87LlNzcPXfKlz37qH9//6r/+4/d/uiODAcSNXUIT4eWkL2wrRXqUfTLP8y+/8b8efL3Vz3zmVTe7z2+EtDz2jLd+7oHXPemlDt7pKV84/ynNLz7/+us8+DfPesSfvfmxt1hbkc1/+YPrP+LFM6RrLsHR0SSAZsx63xP/6kM/fqOVLy0/8br7PPgPL5pJqro8sN6ZDAAZ/zr6wJf9w6/cbnVuD334WWc/9i9vdp9fevw97nL2jU+bzffOm9n774+85S9f9dK3fylDe2K5xUk9rNN+6LH/60d+8PY3uvqVDpYPH7r4i//+gbe+7JWv+viFGeQN1ZEiOkufgXs7T+bm5nVu9Yj7PuCc297o+lc/0Kza5rFDRy74zKc+9O7XvOZVn7xwqi6WGf7orG4nR10fZTkMrGLHNs8O2/ZwnZs/9Lz73uHW37t6za1jhw5f8NnP/PN73vqW13/qwk4RbVJqal/CDP0ePfFzz37XPU++fqfc7In/frP2F597zfc97Hkx2A38WRW8W55xs4c85CF3vHV+qIMrD7W5dclnPvnP73vHa17y1v/ukULveEMRHWMolgqbj4m4NHOrgKZHXs1r3/2nHnrPc25+/eudcXC2uufP/8JnPvL+v3z1G//jkul82psEIRdBcAsrQIEyGygjcdvXPvdh9/3B29/ie697xQOzEllabm5tbV38+U9+8qPv+rt3v/O/Lp711vEN11kurnif5/3ZT95sdQMv//0tP/5Tf3FkH8vz+NtE0z3Jic1Tf+yFr7jfdVa+dPSjv/vY335P3uRHjv3Mc99x97WFOP9tt/vVPzsDQGee562txQNe8Dc/cu3VD33+dfd/3B+d8n0Pf9Bdv+9WN7jagT2zWbP63/jUh9//7le/+YNf6zUIwAn15D7ziK2nrHUykmMnjl/xnAff6863udF1r3OlAyvXOXLh5z77sfe/7W1v+c+L+of8wTt3PMXzf+q3/i7HOfSyrDY2+yrjv4vF0TPv/KPn/cBtb3aD78kzPGtm+Pjhr332U//xkb9+x9986lB+yElMYNRJqVqIgaY+mlmN3pBke3HaQ37vT++7OhVHPvK8n/yt9yi4TLKADCmc9ogX/X/nXXN1xuTQv7z43Oe+6wqaX4wCyHE8fORnf//v1w7CoX972b2f965T8pY752mve8Kt96+8efiDL7//U98xnx079vg/eM+3OUEHb/Wkf3vbk1bW636P+xPtO4ouU2HXb2nlxIlr3OV+D7jbXW9xg7wW3OcZy774y//9T29+01+/8fxL+s4yNEBSUkr6ouXnV3+ZUC1cEjXFB21FuK3Z0zkW2CkO31siXo6kWTZG4JwE8TBNqIakGb04vik1/lxwEx7N9OxXycFOccQSj0ZMnBZFa+6UIA9RCC1y9y8SNCx3XfPspNq57mokhwZgbaTorZU1C6kUbQb4CcJRRC9fsnvCyA/B6SmE6W52kWQZM6mMjT6pi3r3mv2uPlkjc2bLA8PmMfiJBVjN7HJegQvrY1u9BDDnDtIMmX+oOEGmn44ZxQNSXEsW6QZCte2QA0JWhnITYzJ6EIe8NcjUkW9bqTFcy4o63bBgbKyx+hlhZV/HYgxC+Fg+hOmwxNQjCZ6oZL5Pcp9HSHpNJwmOlLOQFdCENyxqg7hBdSm5QdzMo6lYpoCbp5wg/jLV3eXWsW2pckl3c7mSxTIXHz+3UEh1Rnxhqz6im74De0EWbWhQkcTrlB0mElZwqVS+HSgVNFlZElkocXjHgoMkCFt6uVSOzZP5xCREautXMO3Am0MBIL3XCwP6ViVAogwrhAEQn3XNYrG1MdPI154+ymKLUUHbOmZLaDA1X6JXdmft6a3RTclh+Bwq1/zmyRxx4cAMCRMVAXHQHFXTnIJ+aWRZ+TKqRxTljZbj3SFZbLQElcA4j6YyRG3ubH59/nEzhBPKoLecH986ejQHeGezPdPZPPaaDZ00ZGpEgCmBbIOIRQ5edtaf0UxRg+BRsaXP1um5MdCgD1iGxGR+HCcE7CKnckSYbrDolt5sQGfxhEqwFMnCF8q+tfiSqr0xMJ0iG4pB4/T5NaGYSQXjXdk03AYONBQgjecnFRcS58I+bTVo3OqEnj3Y5Tux3ARDLMfEz1Eqh6UenDWfU5rjIAS8+El6sUmaR/IzBGWnse+trW1YE7bKY/GrU93oFSKuo5CaDt28mVqwsvmorJzBxmlP7UX4+0J24Pev8CB9zOaWYeWDaWWEawNuXhUsTlUgpFWhTLnja9CsVzrJVWXtuzSHUwgt/pvWR9ZKtPb3kurA6rSVD3OB6+85WPfWR5/7UFchiNRdvDYS33UcvjhWj3+E5i4+NX7J1asUqFKkHr4y0lTNfpLFJyb4MXIrvkkdfeEZo8qSZo6xU8Ymvq0/MypNAV63ig+8HL/2AR2zcb1R+cyauXGjrhyfYsnwicoylrT61Rl18eED9DDWyGKGMUijIT2MmZpT1b7C+nUdfAqk4ytSAcEowV7kl5tNVZ7AFXBpIMw5rwPQT4xlevVjXaoEKCIlpJ8a8SXSMG/Yk7WjWDFAEp/TPcm0vup+YIjgcVPZVWMo5hy727iZU6sIZWU7uBjG5NdTK8mtCFwsiVvdoRVv/kmpwgj3t+8C1Cfun1ZWzU8hd2DwSYnfRqT8D3xdLgHoahg7CCyUg8Hr5SSVncDDWVQUBdqqvvRLiJuXwfMGiwRZ3xit9RlCFe3lkoHfZ3ot97pdMIaqWRJSHqJzS/sbIkhRYVkGj2ksvD5Uw/YtTYvGUQmJyQXJ7NQBLhMemNXiAKBDwylv37rqo86+2c7t8Pl3veQV0xw+klIUxgMd0PEP6X4lYZAeWvzwL7/poz/6y7daS4K+0q3u+8jhLa8s1ZnJ2+qtvJL1kJ1gJq0EfhzgDDcGQPt55H3Tul+O5hLaaIer3vUXn/Gkh5xzzb2yy2s+P3jV698y/7nLox97/vtf+bynvOD/XKT+aokMJt9Vu327KF4r7jCvYJcPmV+FqvrL8jIajPP/4G0ff+gtbr+KCM+/9w5PHP7gRRNt9i1by0W2oCcdOsmEZUbfFmf/4h1vtH65T33guV9Os6kqaaNkMXWkiO0ygF9by8935QbJl//xF/790+94pR3v6Ozd9K4/fdO73u/+r3zGw178T8rDu3Xl+z/995543xsc3PHhg1e8wTk/coNz7vGAv3nBY3/h7ZdYaietzuhsk9ZLR3OazzrvV57y8Pucfc35LjMz33twft1bXfG6t7rjj/3M5z7w2r94wR/+w0XTfEiW1nJHxcFQvEDq0IzKb25+zw//8q/8+H3PvsZsl2vO9h684nVvmf/c4Ud/8vP/+LrX/v4f/vOh/TjUxkKrRZ+Xcf0GdYJYo6+nfrnYvsZ9nvGbjzvvrIO7PtR8vvcmd7j6Te5wv8c96VNv+IOn/eobP7dhucHMsvsAABAASURBVH5W+mQHduw8Fa6cfw8ewNqAuMgn6vQffML/fvxDzrn6bo+qq3bWzfOfOz3sp778gde/5Lf//ENHJpG7PAr7NECQaTL/OB6/1r1++Sk/fe+zDuxytX4+6+dXu8kd8p8ffvgTv/D233/e777zgo0N9WTV17vo5f/06Yff7KYry9jf5KYPOjC8zFjF3egAT5gYU9CR6z/sVtdZu82F//nu14V4RVuIcWfRZnbVOR8exRh2fmhcnPmw3/+Nh9xw5/Tn1T/zlnd78C3vdreP/9lL//dffGbfXsT2AgFom2JLA9heLKZnP/wXHnHf211tl7nN15ld5+wrXOfs2937fh98+S9/edw5zpFZjUx20f/kST56yh0e8Ngff+BtdrtonuED82uffaVrn/3993r4+R9/yx/96V9+7MjGvKJ2nkUOId95eqPmhCmicPG7P/fV+177zPaS+696oxsu3/kF4zDBa2v7h65yhZ33PniNG33/8I5PxDiBLZj/v3nfM6649qnl+V94Qx8O6BB2Le2AHTem9G2qbXd5JXSvEoW/h90lcHacr/7A33nKQ292pTW11c8PXOV6t7rfL97qng/8wO899o/f/S1kzVmfUSmbPQ5wU6TZ87TerTBiHDKUs709mcy6MOTAysQYiAeY9dE2Gf3VUOjKiREWZ89PKg4qsoulQfSQYh+YURtSMXOFPFoN6sElp+VcwAY2NgxEWyBy6K1J6x2FgjWWyJydFwLLumcGIUWBt6goBombW/ixq2kdvEsAk7/ZCSUmagvIITihNMwFhooTFUBovQv6LAUWT2BX08YW9nE0bfM3rSEEXVOzjzhHKVon3goiCyFbBdBYARSqV1lKd3lVugH8JtocuKAtn7QeuU1zdrc/3SIsqg27QAE2uw49sZoLGHwWqpHKZXSPV0pipsDmDR5aIP7uRiz/H+h4MTsh+R2TO2X8P5dEVk6Ym8BtTrq/g+vvrEjwx+e3dx5Ywq5l5P5P8YcSyhhZS8F0GANyLbTGXvD88uiztuO2mD5XkzheNMxTKOURwKHJQSQ0pWlDpAZfkKKCS2yIR5pZ1ViTsZx744NDzwkpTF4BzaIDZyr4jrKMXNvPRj6TzbpTTzkwX45zrRI8sVAaZaIfihobkUf+V1bfsy7O+j7jyppvoaU/S7uG1rtoDnMXzNIT07RZgE3zb3uJ09RbTdhSqcE8wQy4gdXzDUooZhTLimUsFqK06dlN0UMOdZMfVDtVbG0dC4cVNJ7M9+7fN5nOtEH5xryf7w1dn1D+rnkaiGkrU40lKev26rX8E4ab2IFiNblVInGLpAYMoTZB1+hhRC5pABt0pyR12YiMYM0S40fXWr6e8jSgGWE/hNGxKityyhMAZjAj0kk8z1jvJMWBq4vaOpShbNLmFBHFGhHJQG6d14OXXRXYptj/smmXcswC33Fz7yQWaDlBuDA2WFiBOFIRCg53JMeDdAPkIO7x48RmkiC4UGyzlGTtVDXPXo5Y8+QOH5V32koCKYZPhWNCoYRaeZ7QznAFLVNzqUYVNs64NOpXVscZ/PaNw99+RdpxpHY0qczD6kAdMsB1G84MOVmCejuZafVWrefvR32X6RZ/es/RdhS1yKT6CKlknPseqEoqrV03leEgzBn8lyvPjesQC/axNLOdipAMocru8nGS33HH25ngV8waQ3CLV4VM7ir6LHXWQzMJZgbwAzhgrFWvtk99yPIP3wOhmZ5VmHflyJUbpuZMURg0e8VWgVFHsVNWeKfTyDgy9XNztOz5nPupXgdW1lg/02zqtL54obEfYaEGP/4xhLq/Qjmu9ai1m0KaByvq0AUfIum8patqp/nCfh2rOMcc1W1VL0MUuIQoiuykAb4qVHxCKKEKpU05uvglKxkDZWmASW18WN70JDJ+H+oB4hDJ1VKgObsbDEFvD57WxbyPESgz/+VmslGUhPK5Mrmpfks88UrclkirD/0//3W5JBzpvNLJcehmY7hAGMeSYZBWTEhxD407v/XXhBGnRH9CYlgr6PsOX7QYsOFQljcq8W7yX2rp09LquMmMUVzTWHo3j6TUIbig5LzLJRKmYqg6lPaMHWd1kXs1RS2HQe1UYTMxeomQyyPNDeEzm838yNveZOeD/PeHn/1PAZ2gxsHzgQ27FKN3rBwOeOqltWDLP8xe/H8+fGjH5Q7e4Lb3WhSeOK2R340PVHHS2JURqi0Ogl6wju4y3cKVttZzo5VQb23d4Rde99e//5MnQZ9XX7NrfP9P/P7bXvvk26lBzxsJOqjIyQ2JGElhKc10rn/MVMggl+1lcjTOXvW3/3zR+luzm93lF1FfbzCTcQBY6bYi3ePmrX7kltde+8bmv77zOWBuBBF5Z2gaiSCWWjK/tKZbuz3o/EY/8+Rd0Of2daVbP/wFr/upKxw7drsn//lrn74L+twO/trnPeVPX3DXYye2t7YzZKwOgxDcGI0z4vBtfu55f/sXv/qg3dHnlVd/8Hvu/JNPf+Urf+pOp+Z9tGX8Gzw1ICQ3TvDlsLj07J/97be+Ml9zV/R57ZrXudNP/MrLX/nw250ygGBhYEWBXMYXDq+xmS22tk4/71lv//On7o4+r70O3uB+v/rn73n+Aw8sF6SMpqhyZ2yA81WNHDfyFGlf3uwJr/qr5zxqd/R59TW7+jkPfdZf/t5jbri1tZVGtK1CtWsE50E+xvN7P+sNL/3l3dHntVd/8Nr3+rUXvOqZP3zwGFpiZs/vwGvf/sEdG/haN37k6SYiuO7lpVTgi2vf5XuvsfaFiz/5j+/dABfOyZbBpmaE5Nn9U1e8x67oc/s6/exH/dyvn3twsQxeuo9a+2gZ6ZsnTr3eg5/3u0990K7o88prdo07/MzLzr3iLu+QYNdKrS1bbfHNGz76Wb//vx9+m6v93xds7zXOfvBv/s5zHnbDEydy0EjpPJRHyIJ4CiukzmOTeou+R7LYf/3X19fF8JWvdtPthQGXGhrL8vrYPW5w3d2E5OlXOdtiECMR0iCnXvcq63P49a/8m+Wen4wmI9qG+n+zqpK5IydZ9rS41h8+4xE70Of2NbvGOU94wYNvemx7RK0gshG8hJV+arCKnOAeiJUaGG4wKCXRQsZlRlxmfTfrLZnWv4WDYl+2QonymKFe14p4IoRSCDXBORGNUMk9mU47iyYaVDWw+pNsRNDuq5aMez4Fayikh6zul8aRtJtKQVdpoIeOVob295s4iw25hlPx8chZgYsbjTfRmeiwrttf0cHWIA7YGbMNms0WIkJMjKHcBuh2GKQmrhB74mMrdqZ/oqctF8zXjP083ZNpnrjppNeXYkxGz2FX6CxNOpsLRiBQUDWfNfZ8du+YEhSGU2fX6ixMYWPSZ9WWBWqP5Dc0czRfWTOd8QQS4Uuxnl1/sBH01tOsxAPw1OAPwFkKRpwduzLDeLeA6VxBw23VgcK5HsHPQ0+OIYFUt8hqQb8/egilTi4FWRGQXiohDoMai4ivauMk+sdZ0rp2JFNxLjns+nZK7a6teEBovHxjpwV+Y5RhYbVC3X4OUlmnkuPCQCiMJSmV/S8neeET/i0Wf2EXc0xliIgOJPHNx8iDQ81ARrRTsoSBzQlp5XtkZURPLbA4QWUb8Recen3+vIeV9WuWj96kr+C4DiRvw+lsY75//779+tq3Z8/GdDrTZrtmvInKCjSDyDI/i6awMY0qnZIsNrfye9NuMjPGKiN07qbTPp8UFBSKx4fEzmD+9Z75ZO+efPFpF0OxJxQLV0t+qerBSIKzGaM+jOYW6s3VYlSi5sWwvdzePLF17OiJI4eOfPOib37tK9/42pe/ecFXL/naVw5ddMHxI9/K0X/rFxiTtgZQMvY+TvrU53/n33Q21kl+sn7W56mYzfrpPE7nYToNavHD7p+qdDVBlgeoKd5b29vGsrW9vemvE4utzWGxnXdDMLZl8me5i2HbWw+56qOef6zaCZ0q1G1h4wc6UyI1H3Id7HF/w2mwjFt8xfZIZYMSnDHobfQvIg6BKFupykd32yxFBvtTECOPxq0exrAj3JLWdSX1jCcsAvwrwRMqkWx1nzhxQp27mpbkFmcL++16sNx7JqSS0m4fZVhPpCJ1qcJ/5UU/tJUYfpMUondnJelr82fnRDQ+/o75kV2+QgyBrUfKOOv3msFLKK76ymXbTZLqL+vXy3fG8ge4egwF3Cwfc7SRd2w+EtYes3w+rWBj7aegclOqEmb18s234I4VSYvP1U0NKmrXxOuytkwu8U2GPAU4oMgaksLU5SxFlY80UayPoQih0LQyTtbSfRzG9d1RA3ixnZzgqE5ps0zVX48zAX77zVgXzL5Y7I2w66T691h0W2Ff8c0koORU6TOS/lF/hgFmkCOj07heTbUOhaSVPBTsZ1OssjqIEYzTzF+0541tND8xqcxtTpGdz4EBsd7X/DFMP+kzkrV2Gt2CGt3UQOdYu0YElc/ohsnIaakgqy0ssS/GRGhaIP6KzKrkTnO5m/OGeIDXIW7j2vClYQtmMxjNklvmPzn+aF1CllldjCkrr638R1ArUzLsoaZhe+hODWOO1GZoRP+o+5rIR2d1P+ATCBTQ2oUrxAEot/KORiOWikYx05lha3aj1vPwJCmWrex+2sJL8IOXqtlMRPs+kym/e16XV8brWvHk+i854Qs/EKD27CyPVa155LeKIVPGIw8GjcuR8t6Z04M0n119pepxidvtjZMJHEpSKY2pzm/wgdYfEQkcxmbAKTVKykUABoHoPVDs5KGgKF7dp6zKgDpsfqompIYYrQPyYJy24/jwm1x15zR/8bNvudDKupHSqOC2dgvRqr1lcCe8KATYEQkISPfyj35ma8cFz7jarZcDpHU0BDfstrhROZA1qzowVwAFviHsvl1VSAKpgNWYRc72Ob/6ty961I2/A8Cvvg7e+NHP+8P7LOC/OpVbCLsO0W7rLowSfSxPwtaBlbrMx8z2wHTyllf805fX3+pvdpsnbw1UT6N4UnwGdLMQu+tDbn/Ntc9f9P63/tmeSKyKWEYw8tyN+UZ2gWqN5i7jmB88/f+KBOdP3fTBL3jpi5718Jt8J/N91fMe9ezbLC3vD1gn/lbSw9v92mtf8JhzrjqT7/x18KY/+sxX/saPHsyTkBG57KPNN+ZKtIsdPo7Hbv3Uv3zeoy/jNW9y31/7058/b99yTJvbeQ9nPCHIZXyNCYTvelJu+iu/+4s/dMXvYB79NT/jzk946f++/QngwhAl9gYTvlDf7bl9dJnzw57y4Jc9/8dvdFk2/cEbPPQ5z7rPviV8ePtV8kjS/LznvvLn73ilyzJzs6vc5ZG/9qhTtYOQHu757J3v+9Q31j/0Pbd/0PeeGCwmh+YWJqFVHG0vbnzuDc9c+/jXPvaXH5pYPUQ4aRwwkJgV1cy7LdbBU76Tadl/m8f/1H2n2hKTOYUJKmRr8+AtH/+bv/KAG3zHc3vw4Ek+6viTAo42bMDbAAAQAElEQVRHDt7z6b90vxt9B/B+HeENH/q4X/vBfcdPaBesNGY/emol1abDhlKGgjOd77TnrZ87f420vL/SmT+wEG8JmZ/wlOtdZffBnvk9D/J+pMEyNH74zPVM6SNf/tinut5V6m4vVzpyGV/VKZVdr3zK7e93h//7cszOOveJz7reie2FY7vmwwYjFFaC+4l1Z6CRYGp6tIIVhZdy8Gpre1xkczZMjUa/4JlwICzpN1haK4DRYDClYiwKY0Zm4zIubPzF0TnC3aKgrybVFzd9pgXyg5fQVvGcij/ilENSM8u5V4vxwF+lUjrUuP/VLpLkFvlYI8OOmzTQQwnuGRP8UD84WCCDtfxLi9sVWDRhm3UGEduryPyuY0dSJhN0/JgBytrJlxnKcGOJnQ1Jb0DSSHVcOrQdg4EQes34VIypF43CTztjAwjKpwy017K0+w7BGYX/lV5dMWUrIYoAIYL2PwCrfWeAlaJ4+lOjrYz2lZg+BYV4LDUykuef6jRp1OihYcOU+YiFVKHCwgFQvHvAzmfNlfM1LS6wUckyTOnwRMnGSELH2ndQ3WKMFbDwU6oyaay4lFYM59WDWbcwzWo+w0hTd7cjS8kXGQgqSBBTXY2MyzgAwlgvyApt/JMQsyUmmYJXbD7KSkpF2X7NnRvzv7G+C4IUCsxQZhANGqJ0sRzYUFAZCQ6n4OuEAgZtBCvlANH5bybWNhnCDXlfTazTB5JFijywHN1B+ZnH00+/Un47x+qPb20qKbNjC1iU/NTzrts76/fMphtzxbHFDNG8tXJoxgqMPCVMRFWE7WqbC6OqwNnUfZk/ncM52iNhPptmC2pmX9cYZx6jNcKwlplsmIxQgObxZ5c5m+j5VC718a0KL3U5FLrcTtsnFsePbl16ybGLvn7pV796yQVf2TpyaYawDUPOCIF10bXrIzwJXFp/lIg05R6M7yY0/MDFIjFd0vZU+B0DOQzsSsUXdEbGge6RGewmuRX91+6J/bRH5A3ke16awMQ/AwnXdlLZAf7zCFBDVtJ4hccvJTdyLFKSoDuSb3ZCekBXGpKWVC9h4FjYraSgOR3Jj8ZY7N7E5FJEdfD0oyOhtKNwq/xhbaJggltcHDkCtA697xhEOfX4aHCgMTVfTSuXSX7iViBQB2ubCSwChsuBwE3gew57V9A9uOijgCuXrOBgM+hiWTRQMcaW0m5Puvp1F9i7fyys2juAhwuGUBz+KnCk6NpdrlU+K2sLUuV483sHH6rY98tgwrm4LZ4ZHHXlpO4YQPmdM7oUHMGHLvWn1YdvNnQIFexwQFNos9omhxQuRezFaEnlGI0M7NEQcuyF+dpVDcdmg/iIizqT5qlTGituVDYQv8AJb+QCMdR2spjRINIcXIqfYWjuCNOgunPlo0IWkvaYtOqVU9fOZglxlplymrOU2kcuWyYQo5eVAIavR/K7+wNiJWKdB3uCYnbU7/NZm5GWCC3x/gFeCRNJKK6QKjgk8k0VqTcWgZLqMUzlyShikFKB+IS4BWNfzwuRY8JZB2u7cGPUhmwdTGElNfn6UZvZZuU4SWEyhk4bDqjwz/qtQ1g0lD9jB5hYLLpo0DS7hogyRw20sEL2r5ZiDbasHHFp7dEsrJLynZchLfK49Ge7iDHyczsHDZcOIUNwY/6M/Zwua7Li5ft1OQWgcRZa1VHr9oILeRyWVfPBtqmfBmrwcjEpv0iwKMKqwm41gYvBnWML1RHhoS2KIvh4AsBN3E4keFqMdd5o0edGgEVSHPLIB/cj0zi61vGjbxmIYLCVwLwVM/Y6uDSjd01OHn8f0/eecfqORzn0pX/54KQoDUgxac35Oq1uM3lCVv771V+4cOfsXOnMHzd7sIkg7Lq8XA5fZu+yuuuMi0jxnQ3BT7d+1tMfer3LgpzxdcadH/7UKxuTXGwi0bu9GLDDNBiSv9zVgEDK0+QypgCipjDP47+/5V+/tOPdG93umVdW+j9NKJmYAS2aFDNub937vJutJ15+5Z9e/o6ZosxanqlZx7YZ8pCszVffkycidJcdZG1es5vc9ftP/04/fLU7P+5hRk2OXZ+UZXh59AoP/v1f/9GzLgNM66/5Gec87sVPuPUJq8MSc5jA8JlOXPFBz3/m/f9fNsLsSrf9yec97EZHtpbLPMmzaXfZBGWhCMpjuMVvPP0B173MjzW//r1+9olXdqAnWX+wku/gOAjpR0ejF9jafvRzHnf7yxRysdfBWz/0l35w84Ql+zOgkrfI8dPv/8uPue1lv5rMbnivn7jTEUBUeZDvfcNHd2zga97gbt+70EaZfoDMQ8sA1tEb3u3m11r78Jc+/e7/stZ0u/uC+mrslZPjoN/ha/69d3nUdRfbqeQp5dDOYiE/+DM/edcz/x/20S4v1oZp28kf/rlH3f40uayv/bd5xENvd+lgXJzi2afFFpdGL+QjNp+9/YtfXbvAGWd872byQt18nfOuc+bud9p79Wt9/2ZydH8Yv/+s9UDO5vmfeqt1DpTx25Z5ZDFzWU+QCPmJm7LM/6fX1e5y7wefsLaeUnSEQYweClChQcUOzwCGZPYfslTP5yIfs+kkYzGS1WnBimj/xsCi8WoXOBToBnnwBI/q9PICIskb0Ll1kRzqxa/hTWGosSbyACUpYEEZEPHPUAFrabzC4NAv3092Nab+wakyxlJAfgxc89crd0d1SGKSj7WSZbrh4FmoofhdPvaS20tELhafyGcpsAYf9Bgwltr8n+ImSjHNlPVDU04sQKIUzICuUW7fAdrCH83t7TMKN2GSr0D/dLS70NnceAEMIM4Sf2J5krhaR/FbsF5gZUxOJLAcGMqttRNeVGLos20yfMAnpVTnMh0H93eI1ktq/blTkNZ/hBEVfIO19YCBXnTFWx2irkZXCK2X7ru02VFFpPq/uKDt2SrvNlYhi8bWhDW/iOkKUnY8XUta26lizw4+IAncyjwAqKWQKisCLXqMofH/2zFKdZ3HOp/l61IFJ7x1YmSGVNYs9lBAMzcNBXl7JafV1tBz9CQ1wAMJcpDlHpC0z/0RQqhwAxkf8giyi7xv7749+/bH2Wyp3cR9WwcU3sXZpJvP+r0b0z3z6UzhaS3PsGIGK42xc2CSWYfWRcQpJ2bAI6ED9olg1+mOn0337tnIfzbm84xEzxyd7TFK27B5FFNLxp4qTK2X7PVMMUAJv1qnYWkdepfb28eOHvnGxRd96fxvfun8wxdcuH34SBxHCwnlWcARQAe/uCIoiCR7VmN14nRaUe/niY3lWwSBsFNKoIIbstmukKoBMUiNAFiICUUwybGmFgyyrzUQcC2hLhveb7FyPhOhJexYblR0k5MCsNWPtrerx6I6sWkN/fEjlpq/6xlIoCMHEiYlTtkkU5eTO5qFk60Rf/Dm3MjJ3J86Up+s8sUg608izen3K6fVayRplGKFMKk27U8IDWjXnmqHqArEWwa/y0AkrfyrfMvui/dCgebaTzWIeR3x2mRB+8vqHKz+ow60wSukRYWlGgort5N6u1Bh6SDrdkWdZGm/vrJrZWWCUrFa6kM3G0tWwh87NkRq9u+33S2hXaHCL8KgttPRcPH8VlQVqUxQ4a1KKy8qCxGql+DrnMqhXpsl3i6EBuEPBbv1AtZmBn0+Vh6o+SkRXnU3Sohdpib3usgLGUsVTgIK34opCe3J4bBcnFRZIM0GSKuVciXLssxU+fDOVWkn0eesvL86v3UhQqoAXDkJzUyNnvaNIY3+m0QmptTUbJVZSVXQJymGhM8DfyaLRnQTh/LNQ25lzkx9WOUj6tQi0pcTQF6rMkG42zoCxGHQP9lpyijwuAzDIo7bcch/Fvpn1D9d/pOh5MF+b78Jw1b+WKefzD9shWEz2p9gf+KY/+gHQv5Ayn8WUWHopf2tf/K94mg/6w8ZpB7j+N0FQF8uOaDh4NQ9b6/qchVzzpNiXbC2kjyBQY5aVsov9VW6YQY/bsU53KFMmu/jKzgg9J/Fha1bIKhhpfs3NsML7t95uW4gLd04Osuh/Y/CpBxU3jS4JAkIEgZLKWL9r1M0xo4J1JJIylis73St+S4Y2ebWxYFYPkZY5Ghoan59USjQo1cEf+Vbh3decr7viphoiKK0O/48LIeFlB6ywqkbT9YT0IYAAob8xIvlTz/u7tfY8SwX/scH3/bON7zrLW/7p6/l4d34zg++673vde9zb32N1ee+8TmPufJvP+vCObyGlE6uUUH4kRBXYE3djlfojTbklN+4z82fMVqO2HDkN9/xlR9bbVZ46H3PuslD/2rvHjPGNUjQxYMT/a9MP/qi9/zHvR5549Wr3uBWD7/q8vkXZi95yvY1NvtHHvMj56zRZSz/7R9f8q8x7mVZzDh2PUhd1KXmY2DhlDXvJK/loc+++xV/8VdvevNHv3bVW93/7g9+5MPPvd5JoclDn/4/r/qT173pTf/2tcl1v/9/PejnHrULKcfe65/94MXr3zj2liSYzY/NzZv/0u8+8Y67hEA+/aG/f+c/vOc9b/7g5/JkX+t2P3Sb29zzB+/+fTdZy8udX/+Hf/ap73nYcz+9IZ3VQubLbi9v8fhnP+6c03a95rs+8N73vv79n5ZxuN45d7/Nbc/7gXPvcOO1a87OutMjn/DBn3vRBQc2rnDan/7ug1+evZ75nvmi+4mffckdV9upXfoff/CDr/3wmcOku+j4iS9ffOzoiUX2bcTO881+5GbXXBvA5oWffN9r3/SW9702DyCEq9zyB+565/ued98fuP7qPM1ufPefvdXv/urHN+jFaqmBnpkshjorOzD8Apo8x1uHxc9+/03WiRQOffmf3v7WN7z779/zLxdIWlz/9ve907l3u/vdbrVG0HGlc+7+sBN/9/oNi1AFhKzOeuT9z9mxboc/+48ffN/7/v4f3/TRz2Tc58o3PueHbnfuD9/jDt9zcEWNnHGjH7r/4v3vnOgvw55/f/u/fvHca15r5Tpn3vBeN9x+4Wf7HrS4Zm2EjEh/z7k7+Df+832v/c95mDUFHDteSQqhof44DCctYtr6ysf+7m/+4u/e9InPjte54Y+c98D7nnv2VXagyte84e1OPfG5zbmpEo3rHNn/Y7/+iFvttuE3v/qxd73/H9/3sXf86xdjOO2Gd7j19533A3e59XW/fUZzIgKzvXjI7a6/fvfDX/zgB97x5n/6yEf/86JuHK9zo3Nvf4fv+8G73PJqq0LqSje/24OGD78z+852NZOTTjCHTyizsL0mk2985IvfuNc1VzKXT7vqA4fhH6yBpyy273HWGScb6xlXu/kp40dHoCTL4XuucOraB87/6ns3gMt9G+A/a4T9e178S3d/oWawLheHjv78yz9yn9UOtYc++vw7PePtp2YVBTs6Qx0Z4kAiLnMJd30tD33hvX/1hre++93/fvHpNzn3Tvd64AN/6Ht2MtBf/eyHpDe+BUrEEBiiTGSQC0onlWQAOBE0rc/yGaw8OUvt725DYQAAEABJREFUPiUDTKQjNmgKJyZH1CzMDAsDytHrnBrnVtCQKrnD6TZHajxC+/fooxCpPpLpVM3USBhk8hSc+hk8KhwfKmtyjfN3wRNr9VLoymjf1v4KfKLo11ODvbPEdkG7Y7si066t4NKYJiQVQgvDdIHhlJxRoq1KBr1yeGHLgBGM5gz6CDmQgdzNlAo8HySlClG5g2moVWeZLSYeoLMJqfrqBOYqVaAPnl71dqvr7Biu0t7mmHLjyhOA5M5pnFWRem23ZghNEnlkGmqiMeqpvwDWxDmGDRwV5x3zTLNyb7tsaj3I5BYhbEVJYQ36AaesFdWLE0yXgfvzSDWMy2ZK4heWtVcrhI36i3u+zBGeJRTiuuL6hhUTGUa6FEO2BGuQeBw4y3oIkhTWkAIylruGFm3heU5cp1WJUf8dCsrA8UkDVLIrofguRRlcfU5OeirIhVFxDJqiri+LxAzCNm4BcoD7sQAJBn0mz3wpBnhxseE6Kw9M1+87eIo2ie3GdOxwXLCGIwvJ6cT6r2TEuYtT7eqs6QV50rPM1KR/kKVbHnHwoUwUaVVeDfXdOyFmrNhHQhxG2S6m0/x5hY6HwUldAMQw6J2x5oxLK5+GydIuCxLzp5UJWsma1KVm8oah92mx2Dx67JJvHZr1070HvnXKFa542hln9Hv3hpk2dVWZGtxvM2i9dDoVxh2swkJPIpsGCkVfHD1vLoKN2qowLKl4MDoMTZFmHgBzFJ2fimtgN1axX/etbQHN1ovcwhWOc8kk8IUIUpakmLKRyxkqCAqcMae+9WRDPPHKgQorkGS5hhQFYaeOUajgEb5UvdDmlDppaXBUKXmrL78UL47DYoWwg/E9+pchYJsBpSorVkYpqzdu303e7wxnvYqbVBzYesniYu+8LM40R5VcBiSRRh6s9INy6Nxht1XckPzAITW/p0AuJ3/lCxWhFAhaqbiBQwdS0bMdGEF5Dn8XmruS9EoZdH1kD3iltD7llK2hAf54p9UlKazAsireq+RM7ZCqESJ1V/J41C2Ake+4WfJ3JZQNtD6BzQfL7xJxSbOOuBmSL1sdJWwCf/jgzWjLtRJZeBttUHa+P1aQFQ2Z0vrQqN2hqWGtKTNC5GmtgBMlj+9b6lb9YwILaoMBEyPKH4XDW5LS0/cSirfM6hNmXIRGpdVJS66aUqkeCI2+9g9bhKuxWvgxgEihqv/1VyinqdqldblSaqFvCrNU753KvkpS7DkHnMUtJ6uxdSIdvVf0tY1Qf+IksS6TpRCT6G8ihVfyOdc3YlvnoweqMwvQauu6qYUW+zT249ANoUMbRqxm9EIUwQiaM05cKrByRKqp5MnXJQbpGwPPPhDYS9yQVG2mgkAY3LE3Im8N9eRZ1nbod6t1+Z/8unwC0IKoXN0zoi0odKnHKmBpMoTQEAml4vJwi/sVVsWlVyBSm9UbpzUzf+0V/H9o0GeWHxkqbJuqVYeUmmScziYUspzT/DUw2VlxwmDECHoAlILTsIRIJ59WaxioCUEqiOAYh2jsqxENXMcRuQujwM+M4jI5/37giM3yu+uVTtn5PIe+/sY0zkSbkGRTcQQPZEoolS1gdEmLLng0JlC+eumlImuXnR24kvpEOlwzcnfjgNZsSK0l7MysXCbn30hyklQ4X16r9Qjbj7/zTVeRuM3Pv+XZj/m5N140y8ph25qFh//+wBv/+x9f83tvfd77/vReK9wj17z2vbfHP5pZRXBf9tLOOybI1GCmfFL7fbfPaT4G2guUQsFdP9cpd8TGxNRdZx3Jl6TdPP+3/v5jP3bjW652crvZLR52hjzvUnUpEFEw+qDHnHPj9SjCp/7xBRdMJpMR+e+CsmXbf0rwR5ZrErwsd2+1d+hDz73nE19zKDs9e/fuOfLJt7/yyW9+/Vde/Y6fuPEuEYtD73/u/R/56ovmvUz379/7jX979XMe+q4v/9EbHn/LNaDt4FWvf+XF8lCcTsWYRY8/+md/5AY7wLiPv+zpj/y9f55qKs98plk9X/+X977hI+9+1fOvdMdf/t2nP2yFYGV2g3s8+AFPf9qbexzYvL8ufdhP3WcnwPexlz7j0X/4iT17+i7unW/kibjoX9//tx9/31tffNVbPeF3nvzg71255lnn3ucez33JPxzMztt8trFn794DB/YeS/OdC9j1k9P27V1MuuNB9h1dbC1la3sJkps7XvPqq5/d/Jc/vt2j/2R/3l2z2SxviEOf/NCr/uV9f/yqH/qtF/3Warb2NW94t+3lh6ex75go7kFwM2ec0W+ED5zueYM1mFK+/Df/6wFP//TejT39nj0baZyf//F3vfLjf/unr7n/C1/8C7dvUdL5tW/+o+m171ZRkGWFUt/e9P43vdrqxQ594s+e/KT/799n02mMeRrycC79/Mde9+kPvfpVP/6y1z/yhu2t9595s5vK//lvSyyaTT/5Zx/61H2udYOVi13r7Lvf+MTvfXZGCnVbr+3FTe57w7Wbyn//+2svUZZco/o5eQGEuMwhHr/bB7Y+95pn//RL/nvfvm7f3gPjBV96x0uf9qFPPO63fu3c9Xte48w7n1i8Za8VB+Sg+HjbR9/97J0UyYf//c0vfMZrPn5Cq5X37zsYu+HLn/jAq/71XX96tR948jMfdc4V5rsNMbrpnFds847XudraZb/8tuf+9HM+v2dvjPv2780K7aIvZSn17r96/Xm/8bv/69btzpxe+9Z3Wb7tH6YT00haeOttpPjoy8USLEb59b7PXbB5p5Xx7D/j+ge3/+5orwL2xE1uerU2SPOZT3/xete/lv/r9DPvsbX9lhiVUfTEPa5z9TV74eKvfPLiadgjqx7eyguZGXlkGRvJ0Mc4ThZDt/Nj3WTjwP4D+aRnmZQUnV8gozavPDTjbtc+9LEXPezX33ZiPpudsv/A9hc+8NbnvPu9X/nDP13djfq8Z978usObv2YKF06skt8vtgCrAEsagDmgbEjZHmS5PRhP/iJjJfkrExQQATKMhoEIy6+zkHdeDXdzAKAsxwJsRpaY0O9D991AD6VGuJFXbLVQkdZvctsUcBBdeak+QKjeXMLXkZiNfGbi0ZY1SEwYMF90P4geXme2SqjdAqbWGEDBJxD9oemweVYjq1xHumowuy1CnJDd2es0Ji+cHxBWRwKmWSXYHHSRURMFhzyYkd4Bng7K5jpY/QeZniM5tTtmrQdreUpns6x4jHCBHCtOieiyouEDrUIHLO0jJAB1Y1B5/uoVS3FydDcXs95FoO/ITh2BNlmOJvlH7M+I4nsstq59cEY0luIGenIEsjXKiPsq3QHz7CU4eyG90QBPE6wOzs7JWS3YFNFHd0cZrXJ7GBF9YJmFj9A9JyeQoQ8o7v1GT4PQBnXJXxJDC9C1dmBooyPFb3f+aqlASkpIU4rE02vNRAg1cdP/Kt50kJU8hm+jI8rVaLgm5GeM0blNE8EVXCECRy1wgTGewTDXCE5gD9EFMhFG6+eW/2l7S9lgVFaMddycYPQGFyn4CYKnCkfkA9hFb2Iax6Vkm2M2nyz2TY9+dbF16ZHBCjLyladdn3dJFsZKHzPpF9mqWGjVbzaZNdm+NypbDVF35okroYymNqhU0Ycw8gpwH4+BloWAEg3zg+RsDWxrCG5pi2JNkLXRSI51LxJLNyXD0RmxzkcwTLot7SiSPRO9dp6SaZzk2y0W24cPH873P3zk8OFLLz36zW/O9u6dn3Jgdsqp81NOnc1SDtVDHIyNqZ1AnY35XSyKJ29ewIjzilg5USbjJBlDiYUGwhAm0K0AG7n11pU9aN11wvYaoyUqDY2jZ/Uf4sxKjpINkFYeHOJHR6aeOLQRQmn/Bb+PiURSmE0dKsmfk+Ua6Cjr23jtl2jYtrqXG3DPsbHQpEz5ycavxoBQmINn2POc6wT4Rt8Yk6z3BoTPLfzeOtiZdiJbXJkS8KpyYeW1ElWrCKg0J6TCiO2QyigKCpbqdRwLSuu3CC4SCZi5kJQdo5fdXqFi+HyssPbplS+uQd+JiEQlExmKy9wCiSGEim+kBpBtohSAFCCiQoFDeA+iIHX2ymqWnx3fYGIdjQypQrU8gY+EeKanhMkaFuLKiZG3OkMeFijAdDPfkZKQVMKCLFZvpS2MB/qj0ZThTiJezKsn7xOMKWP0xwzQxA4cJIBKuI9YySyCG1HhQ++ta7GwEjoxjQfdJ4WZyjsn+gTSKDCIB5EtLGaw3qt6Aw2udYNSNyCJG6gjXDkb/4iOEqmWM/pzMbE3Bt+w2LFcNmyayJIpBEcZc6/hPDeG0KS8WTKL+knNxFS7Vpz0KpQ058TGAcSLsq7JaGsE31YXJvBK7YkGTm1i4RrMYld0xKPZ8sON5rRiJ7DIrBgewQ8Pjed8R7Ne1aDtlN1MxgV6iphxapCXFgDJRE30PJ9Dl4Okg8EfA8MSEpyCm2YNlFs0u3wwlqmYOGCzRvM9I03IvsD/eBZP525sf13NLhaG95jY9tvK4Kw6G0RQfZxaoapOXA0dfDe9LpcUHIVBKiUy04OADdV5fKTELCFIJNgidnaCJ4DijyGbXlBpFGTBGRaZSgypB+o2u6vHs12teqiuTqZ9YFSTEJ0lAs3kyCQjtXomWj7aq705onAPYGbelNndlaVxNKqHE4PrLdvChmP6bd1j8dMbSsrN6JsfPdCNRhBDsS6F/VJpi5dpBJ1sODmCoGCwNiPR1AmoTTPmlLO1kjxiGErsoEV5Clh/u0p46zyXb60snP0uh46BphC0Ylar9QyJNq7q3aksmOWQUYxJlokPvfka48GF7/n1n3nN16aj+hsBnYpgt0bZkjWCVJlf8WpXsfJ1TdczDqPdEiptMpUiste16JRO9CQUFkqUB6eXnG+7fiop3+jWaMRI2brfskm3rMZu9qL3f+LY+udvdMfHXSWNW+OwrVSwuuBbWz9/93Wcd/Nf3vlsJR9Ksr2db6DKbzRLe9p3s+kEPmaySn5oq52D2/rwix//V5cqqyao6DqZTvsjL3z1By7a5Sn+842/8uoLZkq/3/fackfGjdk3/uyl7/vSjk8eOOOuIxoEaP/AKz3pB2+xhhltfeovf/UnXvSve/Z0cYJNnBfPakIzGH3xB5//4N9598Wr3zjlNvf6hU3cdczPe6Un/MAu13zaT77kP/fvy1fRmkPjI8lCYDKfTmYX//MLH/a8v1u75sFb3PWnt7fzumRnOyhbo3QSdh6VfCwn+WTmqf3/sffegdZVxdn4rLX3Kbe8BV54XwQp0iwgFqoiNlQsiZ0k9ppoNMbERE3xS9RojEZNYvvs3Vhjb6ASiiAqiFIEAZXe21vuvafsvdZvzTwza+9z7rlIku8fzO94fbnlnL3XXmXKMzPPjKq4nDy2ahDjSA7hjJyObheMB1HQLNkW3vdvOPFvPvLVsy665OILL9aviy7Z5p4oAAPLjsD8kgH1+LwQLEIUBHGl5mZOvfplj3dWqMdC1FqJPOt2fzotDaQAABAASURBVP25f/78yb+49NKLLrlEvi79xSU3DnaW4uCChM+nqh6x/yRsPjz3s2/92AXz/TlumCang7TCnK4ZraJ6X7e4b62FUmm9lt5zznnTp2zvfR970JhpZAJAv7QzdxzzlPtPYfVLZ53z/m2l0LHCtpsJLQPLqFD87NaSEZef/u5/vXhxodSkK5cuu3jr6W/8xrmDVdO2sGkU4IGFMBw9/tj7TRMfU3X5SW/6o8+es8z0meiBJjIwfbswf+1/vvmV7/nR9hlDYLMtKFG9wX8Tr5JKMX7SQkj3JK7J6ve6S994z5dO/dUvL740f/365uV5KR2IkokG6t0QKTM2ZWaetF7rP33lNJH8Lns8NE0+d32sdtxvy96tv1x16TeuuqX5sbfXfY6rKiBN6/bbMpVcvP1XPz5TYO5CDe41ZX5UjC9JhjXIftSki2RMf2mGSmthN3Pdh2d96PXfWun3++mUVSKoy07nlo+9/4TLVr113bo96jgKrqqdkI+H9J+OEA7L5mPPgmU412Nz7mvkjlu1WALEUHgYd1xc53yHOThYYZZseHtU/hGI2kWvqxcgz8PasNvJZL86DxEMSK4jK2T5MWAZYR1RSn+9UupaAKKQ9QCUMlV1q2tt4Kv4UQPqIfUis+TZv2lrRtyGouV18GCYtTlIEBBkfaNx+pXj5mYMswkHq3DL8i+NkSAwYEfSvzIwtZdwHkldJUl6prOkGwxbUCngO/De+K5p43EHXO30Koky0QkrYFRG+OgqAW7R4hFAhi/Qu9Ar93bCyMQAZNvdNywFshYeVK8eD06Ku4gL1XG+m4IKwqhSwp7h0jHQQLCdKCzSBRN6EBwd4YouQPeB0lqCH+aQFg/TyEtGExYI1W1R4hVK+6w7zagKZI9EuylaWCIBAT6fw7MqCIy8TzFZCVQeGabX4gNnWaoN5YlXq8y5nC5lTUQUmdH9qnsC/xF/MeR+EaQdUhy4TtCIzlYSR97b72PGCCbtUsrQU84gz5WzmVKGv+ogd8ZmIbsDrHdsB3bRhaLbWb5+TervIj0iixN7aNGxQOzlX2JOSGkPpOy8dS5/jspopQAmeQvlCPcxUoul/QYKJGCX86pKc8ggzGbp9Hb5lFRjBBLw/J75lFMktZfON8c1ed9WXLlkDTlx5ZppixPCGwbDwXC0VNeDNJBOb767uNF1yygs4py/7GpmBJJ4plRpVMmWXpjvzs93mflcuGO4Q2cKXneZFD2qvyMbudNlyYZtE9ELVDcLHskghnG6eJKPnWRWp5kbV3FlUC0vjVa2jUfLw8HyaLicvhls3zFeGdTj9CBRCNyFTjr9Jy0c95eJwzFtG1a3Lo22L4+Xlla23nLz9huvu/XKy2++9KKbLjz31l9eOLjlumTG+qLrqRvGCbAejusVbtnOcH/0wsCedxSBN0fSKZhuJM2ocGigOY0uvdRyaMpeUlxFAgOEDZrYn5KtI7MtUi/5FtJzlDeM5vcw/JVsORcmQlpQTNQ0kgpy3qWFBbG+GEt5ChBpy1W3E4v8gUpCqpHJLljoVr6hgm0Ds9mVy9s4w1syDGzakKu+kKlug4STZjiIA3bFxnNZRVcDfkHfLd4FvSKu6xbr57rJFEgOIcSX08iLowkoknweS0uBO0XpbJZiFn7tjmiRLN7Wer/BiEZc0Fy0EdeUKbLBkoTUUqlQCujUkF1si68aDJQlTuummnFv9ATeJjlGw8tJV91leMoQXcoyT8buMioam6CVMyzAZSzT2bQ4nUF+pKDlEhlRF+DCtSfToD8VhdSKhVg+Kqn2V8DaPuxoAsK2raTBTtdCTkWrSJEMKpnw1hhb9pbLTGMAybO1YSKXtOYJ4V2VyrzxFCmRnSOQjSnEtHhSOsEgAEfs0oUKgh8qp57r5ATb1JBgToLl4QhYgoYe2Bx6OnR0iIg78pm1zDmj/yKECY1bI+YOyYaX23nU6ixeKbS2kAwfBGnaSTC6wYK0+gEE6a3ptJz19MtxoApbqpL2GXiskJGAmDF7KOKYecwyfq5PR7EFN7EUis3GL0KOu+m2pajuAKwyJRuLptlz+CVCkynkTLWuvapnXeWArii1RF65+ER5i3jYBYq45Kq1ZloCuRVlK6zIrLqxDAUH/mqRwMnAq0dhLKC8CrZkp8qmZuMrQT+9Hjc5WOyV6/p+oe/Xz5c7LXY2LbpNi7RpgTbN065zbtNc3DRX7Dxf7LRQ7LxQ7rzQ3Wmhs6Ffruv6uZJ6ndgtYseFMoypGsV6JATNSWKP4mgYxwn/GabvWYAnfTcaFUzEwT1s+TGrugyOy4tYE0lhE5idSUg8lGJaLBJYagzfdbxwViGqYburdmqh8BOL4JdOh2m60gAwQRzfRD/D2QDRb+vrTpkBTabQyLQDTmVjMOTgXksKy+9NVJl8Nu1CZHRT+l4r01RzWn+bs0EUuctAcCOcITVAfEPR9AZpGDKLUsl3IK0xFbMvShBLKR30YlZwqsPGf9SbMlUaY9ObJeZ3ySRA+DaqKxdEsBeZSXilnP87N932uulsZdqw5Qkxfl35Z0W6glFMhJZaq209nQcDybb7htVZ1Vuvv0RMeoaxfGO4TL1A1h8Bt9llZ6J5ecGsTXmCRa6+9OIL11Fep21nfe+0XpIMwdgkI9310OMOOeT+xx31oKOP2Wv6Wht2e0ykz2T/ag15EJudRYgsrvEkBUNdInDUmFhLwGRbB1g6Gsem35ed93/+h8844uGT5BoHHP6CPao33ihpWuIvbvrrI+8zdZpvOPWL7++GrsCF6lo4a2uEmDB72OJ6O2oVCrRfvzzv/5bFzrLTCF3ekybr9b565qWvfMTmKTzqsss+fWOZQM8oqWEo/HG+d9a5V2x91N7ThfEMnyCgPNjtBUcdNPXX63/44b/5cVjnk1ksVn+dLjRmAGSU4AwxVr/6Tz940SMev0/7Q/sc+tzRuz/VYcRkZcvzZlzzo397dlwohgmmZtbptIUZXxkLOMAjCt96y5kvPPZ3925/aK/7Pn7wyZMXpGGCd7253vbhTPhMQirigzOuitC65ORceO2NdFCbmLt/0Au+8fm9P/7RT3/pK2ffIAwqTiqkaP7bb3zhNwV/MWPCo8sW/HWFn+zuwar1BY5KYMrXLr/x3TSxSXZ99Pu/sPOXvvKJ//jED36JI4zWPv0bP/yaZ7/PC5Sm/pYvep2u3oOBs+svu/iXrgm9uCtPf/dNxU7SfrQepVBQ+szdH/Dgu9/r4MMfcMwR95rO9t2wZQ+mROf9ls7v/NwHT/rZk+89GR3Z46DjD67fcimYeWsOLz3gIXef4o8ZXnTaF+bn+jJyySxYS1yo0Q9ZPAuKT2fh0nMvnC8XS5cLwFn4xXWf+fklLzjk3pMHZ9Nuz3B0UsHZl3HpUYetbhJ485kffO8F6+f6JRJVxWZX8Dct2nzvtu+967uP+vCTDl6lXWG+iq0fuydfecNfHrW5/Z67PPavPrLle1//1IlfOvdyQbbAh9kpb/zW2176DeQTUNTGTf0eaUWPZS9EamcQBfQGYAj71F9d9dgD2oneQu4czl5IUZgn79cuALn+yh/9+/l3eemDdrbF2nnPgw4envzreV6gXdZNPc61v/yco91IZFdra068kIpr6sxZwczqVwwqEPg75zSw2eT3rnpd/otPdMvdxHtULZrG0emee+avb3rCPpMxgw2bd0vRprqoJcsXRXqS46DNW7x6ZUqKKsiZBJBrxkl7nOKXolQltyJM0nzMAcwUGa6geJNBqWV5yhdggAEUtA1f/tAAZPDvY67n17iWli6Juybpuq2kN2dFxYYDyAYpxHOLuZgdgt0hzzkXnsdG+3iDMyBj4Bpli4nMnZA+w1JrL5oQmeIcsKMGP3DGiaGayxSi0ODUrrmRGkCM4DnLDkZOgFN4WGBkNsZl5hQ4F4CH0XC0KGThBVpnTnHxmO3GeTP8hbASWVy6Fr4D60f8MafIRMjjUcjEKXWzTh0q9pE7JOkqdiFlJvFGl2LmIuZRpiXfU71V4zLLu6BANWu2CswdVUvAxJpiOWaHwhTF/5z+zzcohDO7DFlWscnrzgsnD6toixqlmuA0XbCuFetq28a8w1lt6YSDBCFrC7DG5fnOj5+fFHhI+9UsmhrV9gnKIJZya+RB5WvHnA2oc2YZ8eT0H6cXhvmTt7jMaM3eZump2TzRdgmHOGzeyJAdmjyPjloCSp6av0flQaTGOG8y7hU85HhPtmejanI+BlUkWNne6xlIJmC3v+CEXKPQbBk+dV5RObbPO8Jz7kwUa/s+RVhETCjPck7zF6xd+p3IDtfaEEM6UIchiFLJVqJkerNMSPYXWeKmVPQIICo9RrixH2PQnJYdJGMg4UsJTt6+PCBJWEmbvUNcWlIMV4qlcrDttuG2+fF4vC7E+Y1pnB0JBtTGtafiy8SSHXabe90Asal2di25hAQ6uFPeGHEQLWsbCM0aeo16YK/hcOX3ZWAvtshPde1zZyrnmvNvBybGXNiA52n5rrb0eQ9kgdn+fOuQIEynjxibd8aMnbbPASyDQME0h3wyNvKLmcS75fxcl9MG81G3+W5tdJ2CScHQfuWDgfu6LLlcS/aqPMwus4m40MpBNhXXuhzlAZO65c2khWZztN18qL5Zg9RJNbkXdfY0xTU/ZE7+1n/yNLRNrNbYZryiEiDlz9kWiiGvX7OJYmsG7ZGsfiXiQZ1BCRP3p/avXGwNx2WeBGqvo7KDQhNNWVYY4GSavWuhGjFaLl2jZhvpp6qY8geijWnVOGBrSZ0DNEIAfYTlFoqA9FltRvg+ZPIgr4JdbuJJHMalFCt5sDgrjRrNw87P2HpOZwdAT2VsLmHbceI5Q2ytiyEtsVkaMcEoWGhEN1rUSdIKCtfQwrhmjvM1892dbvBcvZUnm/LNdLxxalNgEfM219IT7SLmbJfa87VmRfWWFvczegB4QhIbQ+viHNgj8LTFYILLgY5ZzR+pw3GSWpm+Op46pUNyg6g4tvoQtANJkyLdPhrMBmvdNTEG1RH5uOQwiRkTML3zZsEeMCaR6Mg+pForr68GflQqIpc92creLuPE42/uB9tBVyNDdypl8uJVWkvE7RJJgoPydl80p+d/zevOCkCTkV42P2e0N596CPa8k2xlszFBbVVn8SZSeWYOVRa4cWJ3NN5Oa5uZGpOcEacXiI2+hODhsLxtu2jDjhlIUAGhZ8pnaenaEs2Z8NBobmgLmwkoQPgfwUwSTHjjn1KTqfkY+isGg9Vz3O/tqsJDjxtlyJsyGbSmPuHHnISS/r3rzrN4U+sRYGWc5pnpxdSg2pIwmCXyGi+t7JA1Slf+zmv/4ESzfeAmRXfQMX9w3LEPPur+9zhg75039H9TSzjY8RQsIWjWCGHFSuiQeSgnosatlySfJYHKKbeRZih9ex+b+qhE9kqV4lPsNEhZ4Ve/+fO/fPjmSabWux/xJ4eF15yX3A4JPe7+wgdOA65XnvHNqxU/AAAQAElEQVTBrwj9ShSBjuppKI4EvsIeJy7ktR04Y2C3bbvOaFsiJjpKEknxiWtufA1Nru/WKy65lhvgRGEVJCAKnFr4iYS0Tb13/U77JfzXM2VgHDzubquiAFse/JbLfvAW+q+9Fu5+0PHj+A3eMoPH7jvjmv/069P+if5rr4UD9v+d0ck/UGugtzBPoxnvEqfTqfKW/l0holcOffc/f379Ix4ysXblhv0f/bI3pK9qMBgOt11z/dZbrrzwop9+/0ff//b3LxUCUq/SR43y1QujthWOCEC0zmd/eu5zDzpkQqL39zziaX+SvogGS4PhLVfceOuNv/7Fueecdc4Pv3fWjUWXy+QFggKKF0Ce6Nzc3Off+uJP1uNxOk7sEjM5S2/3+x/54KMfeb+D736v/TZvWLj9hnzZveIrdzudz5/1ixcdesjEsbvroY9/yODtP+6zKODi5Yc+6qCpROOtF5z+6W5nV2E+4GPgaXaMhFRI659mJ0Bvv+kHnXJeHVUdG7dm6t66bTltx+m3wxpIA1t/wG6rpNj1vzzlu93uJm891FqmpAzGu3W3fuCM8x978H17M+YFBXwhdjvfPO+S4w++58Qbenc99LEvTl8JfR8Ml2646qbtt1x+0SU/P/vCn5154Q1SXgKhTaDvHCseCDgsZhUkTk7QX5bFuRdcs/24u7bh4y2bD1oJP06O/iEH79F6+KUrLz95/oT7Xf3i++5rv9p710OX60vWj6uDD959apouv/HsORGwQT1nmvVyJvUM+J/9Uls1eyjeEIUMYU29tu64qaNgCqlGAxr4vW3biKaT1qPkT7Iu8Ga9otDYIj2C2AOKVKtTQFgOuXD6Rtd3Or4rHBDOKzOx6FshGAHeQWbyO9X8qipJ9aZrZqSxNCIwJprwJ1Ev6rhkUO0A1eMyXN9MD78NObNRjftJAMSG1GbHImr8c+jHGvXl3ph+OAkp5IhvtKfNw4fl4RXQcWbM80Miu0ayTQ1ftuGA+SCDLM5eGhMVF63m0k5WWI4bV5ZO59IhyVHaqwm5AfqvOrY3lOg1B+0aH08HKumQWrChWwo/cOwoIKU2w0RkXwxwR+13pxnl8vA+WpqAlKBqF0vz0XBD2U9KiYZ1DZpcbECUzxOp6JEJkbwH1N5zDdLmWi40qTJmn9abidv6qyLJtg/gQ+WThG8K3wbOms0XI3ZlPnkxNma1g0ktiKrEXNU+1GcxxDDLBHLZdovBqEVWG9Ix73/+mGC3CMS4ic0X2za6Rin4P7WOGkuQYR2ZVxRFZmmCcQoGjMRHJ7zzWIZMXu3I2lC3Bbs9iE4hSZkGB1o4XqG8C4LfgPqBU+c0FYXjWTWUdZAkZ5hcQTkRzD/layIGUyBG4rSkutPv+y4nFoM4VHPpNfet5sKwDodm+MFqydtI54SZqyzFL9o6qORT1cC8QzVS5FzjOZsx65DdJZU9QgPGazgcjdkHx/nyHpz6yVDliFzJfQn5vlLEidTyhFivDIZOCsg7jnoe2bjp6UYJiA51JXmD6Q69or/oNZrIJSpeY3EGOWWZa1s4byDnzEmRVbKjbxsEPzUZmq4xwnU/uOCsIJtAmW7HiVa/MtZLSqVgm61t8+huxYHJWzt7k0SNtzl5bWohtnjgkNFlbHG7lF0pe72x+R7+riON5ZJ6mo2OgQCQlpLz83Mo5XQT+imPp/lUjK03uIlvqHG6XVYQ1Lw9qq6LE7+yscS2gneNamwPuHneOMHlEA2Aarlq9qhuaqooq7PWA+bJiW0VTM3jTL9ilsuxNWiiNjmLyrPmPXrxvK9iMx9ucp9Fe1gETSb2yfSGUd1BjZi3Scl/xq9cS4g138ZmwM6ZGqPWNOS5a/akjdC1fJ48DMT6LC25tY/gnOsQ7Y9RTR3yRS1mJJm1Jzu3DhYciplKi6bnCn5rnsLmuZ0pVWo0Vz7wRBMsq+1VjhMnM9qHpu88/XacUBXqhEJSyFin5fLQNZpi0VxSPqZ9LVwzVDl5zvS4+nl5SvG9mtUUM+xEk1ukkZFqH9LEznetzZqtBP2ga40OJ0QJzayRKmqFIqIIxrSGaH4NLmyu5bY7Mjmz5khwwUnBLZ65arwsYk+Khhho5mIXztjzyOuWAq9SiUSw0CnuKbnzWft7gRoytieoTWvvt5YJ04GqJogNiYCYIaNvio295Ihczr1vXd8WN8+MLCuWps4kJQ6QjgF/sektQVH7DPKPHnwzWEUkhs/aZb+9rzsnAB2zOM+/aXGvRw3lmNSxbjsEYjQzQkkxbKfbrpV1wptPXQTvmhLXVQcz6yL7rfXRgWMA+i03qfcb5NrCuSYTcbAYajHFoCEpC1lmskj+BBgdcQAQRIarkECFbq/nWrWWMDmjkJ5J2UtAbqoaJlq6eP51N9M9prrAbdjn0KPrj52VgbUJ8eZIk9TSx1GFmjkBSeTUH9xt86qVoxuu+njhN2ABYoxrrq/8rTaGrFzRRjMRjGhJc8TmeelRdZt+ufv9n/OHf/TEhx1+wOb+f2Wny72DMI1IjHb1Oxz48mIl3AI1f1PNvlTyBzrybrh1bjbRMiqYeCEEj0huBbc1r7VhUu+bH/n+Sx76lH0nPrLnIccfOj7nHMEjBof9ydGTfQ2p+tlp7/5J4bvYH9LM3KHy1zntZUJSBWMFsGswEElKb0HYboKrBiQJ0sxZEYCAeV1GXOFIZacz04hLgoc3Z12NQ7jfPrv+pojAHXxt2HQAe3xyzV3+X11zp33q4sfsgqUfOr1uqGbETLjYO4VxJcTAOUBVIbVWaSbKxRPf9rmnHPWy+89CbMt+P30dsGEzHXjAkcc+/jl/8ZbB1kt+8s0vvvfDnzjnelSaggHGC6ukZZzxdAbt7KuUoywQrnrDP3/7mE/8zl4zH6O/0O8vHLhhzwP3P+ToRx7P3dtu/PkZX/3iRz964uW9Qhiz9IjzOhdpy3U7wftxXa/s/+hnPO1xjzn0fnvtTP+lV0aa0r/rP/OtM550yGQS/5b9H/xg96NzGaz3bnDssRNp4ul141lnfHOxXFcURqRUhdndBRvjT75hoTHrbdZ4yAxywWO8n41XJ9k5rpmf4IG7rAKnE0p72lyxnvMyJfwET9whGQ2nO/144jU3/dF995j8JGowatgunc5NH/34yUe/6aGzF6zX7/X22m9n2u/Agw5/5FPSL7Zde/5PT/zylz998vXzc6gLqapQlgG5A2kQoKJSK7OVEJs20pd+ec0rjrh7+/KbNj+prk4fjg7bfbfWb6/+5Wd63e3nXnfD4/fNa3WX/X4/xJNH48Mn3plet1x5/vm9chGcT3kRVs2kAC/Z2s8e04x3qpOc7M60ATk7ICLvYdKZab2yYxxzqoLzfnaUoiiSrVpL0y1F3gy2EBhRKrQjTi2oioWKQ1owYJE7XF9HpZAWVJS77wnHqpt4dFgYEfrXeDMwUtuBLoS4lq2pD+zA1MCKzUuuZCl8T1JoodiezksOIWYgROHcaBdqrpz+Oh7Xhaalk5B5CFhsRDfI3gFKZb6nwHO1xtmjNrWLbXCUyB43u7NIAY7SGCwGl31LmV+ucCQDEfL+Ud4/MeXrmkBtIaUkkutSCANTR8kopJViEG4xvb3uevkHT0G6wGiV4cweg4sOp1bpDwxsVEtQfQZSLxuizKmtZ+mUvEu8VgkjT0omh0m3iqkdC7kAPzPa/SSUESw6Y0s4vcGzS+5g1JCCE3bVyd6ErR1orr7Pqc7UuPG6+71FMiWmlTE+JtQQcpLW4NVUVpOXvLbaw4w1qXBCZ5j7ZtsXZUzTtQr8qPkN3Gi1aWUbKLOuTotcOsQ8k96ZZxiFU1xsbqmVChNYipKLR6e8dRmZEFa05ABKrCCJ0ULCSIZjoBg7tLLHdOU972WNnmiARj4mJDEEazHaZoIhWkArSVu/WrY9+9hgd9EaaSPHLJU8BZsuyavIFFpFoG5/rju3WA+GATw/CBvIoUjQLxP9dHiHV7ES64t/w5FKobOXbJHaKUGNy7QD2NrBgWHfSUq4Uyy+xngiHATOU+t02EAd1yvVSjUcSWUOMwiCUxy2SIGktAINUXw1ZFohKavnvTKu4mBYL/OIq7okZiSRRw0ry9XWrdXihrLbT8FSEJy4DqogEd2UhDoRxXpw0C0Z62Lp/bHBf3nUHLICqxg8FU3xpgxV6VRAFmiJgfBiCyPsNNqF/af4UlBPD4dQJjjtlQBCSKPpVwEpo4sK0cWYy/zBujSpC7P72VKYhh6pw6kPq9CHKntk8AbDWSBKIVPS2nVkxEoAqKKHHSWuZUyuYtq0pdCYqF8cszSblCuRZijh1nBm/R1quRkVmYhvIFWz3FyTdZyxbGr/Z+L75r/OBtCMNua5cpMfX61xHbkZQbHbf2UQc+oTzkauo48ZkSDKHnTMv3N2TwPO8whsQwN4hQi167bvqOpKwxMq3uy6untktj1Zkm1eDZoRY8nfamu3EI2BNObacUfNgiFEp2dDFZPZVQ0fqdM7K8IKYK9BTYVCsIjJxaxB7y6f8QiZA2h02lPLRhCJVo28eRoEoJrsW5MM7ZplZyYTHre90c0GcBPbpb3crrWQ0TSiflhvB32ryi8qnQg1q0IQ8fpecsrdhbsos1NzuHS2ogWwTfFrbDGqbpWxsLll9p6zhGaXC5eaKXOauhjbJ7v5DjeSVBn5V3jRtDxfnq4mUl4VAZ0q5PWjj0gl/aWEcF+tyLR+QkTHhEmdspjvl4s93ysdN9HtFKALLJgUhZ8gMK1HUrSVNKV1wCtkENK9A7kZ4A2VTinBUvvy4mC+bLdmvVBI7xZV5TJu56jVo0JjfbDrC7mFiuyJ7eDMjtJV0Sa9+ItuWdKQJgBBNzGnrUhZtLMB7eJ9vINC6LfldefkgLaDa2unAtWOZgyNkIoosjVIUzcHIjT5/Xmbgo7NLHfVbO27yFerDgX2L9PKBKRYya+94H3aPlXEi5RNC3NZodWUsJhNIGnBptVZTNwtKxmMRoWYuakqbpzZLpx5UaOtsVjYWiELTqKGXaiwixMqeYtPnHvN6pneZ/8n7CYBrqjcqZk2Po9Hbm7jgcHHvklVvfDwA1ZjgJdd+s1SDLXaGJVo5grDyLQaCxRh+MaRX7Uh8JfMWpiedO+n/uOXTv/uJ/7694+559ro847rL7t5xq9BQsTcutLbctYLC1pYf3lTp6teSTIz2WXFXSOZHS/FBmY9g5dcVPXD6vQR4e3VPZnE9Fn/dsr505/Z9/AnHjUWKR+OfcZRe0/99aKzPnN9r9Mp0leXS+2YL48zyMSPq+oEK8fhuBoORpXQVwFnmTEyrosp0fGp5pTAse6iGW+lIBk/4hRFqZfmeQ+zcUPX6/V9p5s01j13mpUp/997CXNJeh2w4f/ZNaPn/BjWnGWZFOhoUM+cpvSU3NlsNOac8uBISdIT9H/dx177L9/89fAO3ay/4YAHPu3VH//aN9/7kuN2G7ZMakKUBWElK3owBgF5JbfvPQZiYgAAEABJREFUrFe96b1nb71DNyo37HrIY17w2s9+4yOvftRe24WMlQSeY9h1NE7PMd6x0zG//6ZPnfj+17zokbeHPm+94oYZxRPme0F4dTonfOfnN029ZdO9jnuQ8EdXdXjQMQdORatu/vkJp3U6xuypDYpmnh3FtBR88msJiTDxyk7d7POtsrqY0S6P6sGSn6D7h/3bCGSBUK6rV6fKmxkrDm+K+u9y0Vvf/cnz7tiC0fq7HPzg57zm7Z/7v88/ZqeR0CMotWwx8Q2QLRkYcsnYW57/+hWXT15t3e733rmqVp68314t2XjN5d/t9boLp5176bbWO/c45O7D4crj9t1rUooOrzzvu91uRHZtaNIrV710eIWVP6+xPpgg1zDYmnqyB1r1MqWmXhzWn9a4OmMheFOh1MhQMUy/UwB4JdWrXhuOc/J/DU0lRHUVd/1KDj1yk2uFk6Tlgd44mAFLViGI+RG+ZlXb8MEDuIu1bJ+MNLCpH5L+vHUDNgg8JDK1dCjrUbsgWyuSXinX0Br/qLx7gGTzvGsPZHAXshFONQjW1TwA4290ubWwZN/odaMOBmhaHbQvonmTdgYFzxL4nglqs+EB7UYKshB4EjHn+LBsE242KIktxpQpzdCEUTG4TO/oBWAzI0H4Z0s0EmT/lSGVErz2Dl3YCq+0pgJ16IQHtAdUf8RRxlQNNUAiqvca0TFqEDJ+01aRtUCWJG2GFGsBDilK3LU4NEjBhUzlqW+mnKLpsqjQdAaZOx3BLPAjn5/GQrQKbuMHiQ13AEzPID05cdrUlSXbVTAPlVXemWGswsWp1QkqTZchBfyo6ccqXZlzx3puOdQZZL5J0rCEOsn2HSRkBlZi5lzmgio5BUoBrZB/UOZPJoRlZmWmF2eO8aTHYAZzx6Rkt1TDepS+BvV4UI2W+JvRCn/PJk2VYuHU4sTAUnnK2UlmdZNtAkgob8cvW8UiDYWqipMJtHMmWpGTJutKwbnSgEOO8WRGcGhHAC44umBbEnu0011Y15uf7/Y4XQy88sxD001/kPRnBZcFiu4U0Wu4wAkLVslEXo1g9PkICSk0wMcQle9TWchNBLLNNxiOVtJ0jZJZn4x72JDpGUf2qrkTSTQ2DonBcyp04QpncrQaVvVgXC0PxsnkHI3DcDBeXl4Zr4ySGTresWPlttuIC3oiShUcubYkt2p8Oy6WWxNjFkU4zlW0BMSIyJRs9aoew3BVptIaLLJaN4mJKJs2sm2loZgR7iXM2WAhzklCGh1xjexo4A9RZd4IBmqhH4UAda1d03ZrYn5RA3QYYNJIBa0/beG4raL7FuiGxPOMZhHqCqTmRVZZWEu7ZdnryAhNRM8wiwzf0cPanNX23xW8y7hzbGC6xiFvfl7tMbUc3ZkvFxXjmXTIVWCa8GriT60bt6+ij2BXcmtW1q1+2dSYfqBZV3dqkq7eUKSif2Ik1HoeRZGbbafgxfRjZFFNa08XXzinqU06qNPXc62x5JOXNU1sNqtz0w+NLUyKrQB0y9tSv9dZc2SFBqoX8Cmmc+91k5oWfaOagFQCSwsG52GxRCWxM1w+T2cEeKLNClQQ6zsRnNF9GYN9NXCibWt9sGbO7SEU5M0Tnt9h+k9nRW2ANorT4OWGFEeMwo4bJtBw4DaMKipabM8YTPUgMAkFC/GnlKc2MNP9MaswIFYY1QTTen6mHF9ov+LqkxinNi5cqtrDSDKzsMawuPdHCKM6jKpkK3d9va7rd1lf7rZTd4+dO7ttLHZeR+sX4uJc7Hfqjq8lsUMeuWY9XPNRL9NeqOSrTia660TfS6HVxsqRB2KzgNP6mNgi5jaU+fjhm6RDi1KNPJUQ6CVSSr1xmcLtEnYsJAbMbr6kLHTSl3T57aqn4PGRAlROaoJ6BHsLuZQCVlHKJNXVDLFtNksHOM74l5SKfgEFLMxykv49y+X87X3dKQHorLSdqHKRZFk2OcOGTQnNlP+NEtFT2uTWZvXmpvWw2damNLJSzZ6n7G9sejJg0qkIs6igmR0mw8RYEfESzLDIOqwxHEwz4/+mL0z9usYiCMKXWuuuj+YngpPI7IKmCNUCjOQ+euZ5q6f6wCNffSSccHG4YTTHybWA9xhjI9HSG6qXPebI1Rjg9b/49mkexh/yBdZAoCFiNJzktcaWLce4FmCkhgnneaRrH/q6r//H65944KaZ76WtV//i7JM+8vY/fNwB9znyoxfOwH+Crklc0y5BJaXwUWgceA0W6ChZw6gMjhpOnPU2nuExCZUnyQpKbxlTUd7d+MlzfjadY73PfY8/wjH53pN/95Ap+G5wzomvv0YulYZXsqOOTnbCPcjhiQRxj2CUe5k059YyZczXkj3qDVWc/RSqD4PuW9Z7rlhDpDorrKb/dy/uBsivrr+jBuVvfjFPQ7pivzc3v5Cw+NFoxqNHBnGSn8Nf2nMZKIxsof4NX3rtU573tpOvHFR38J79vY5+8T9/4n1P3zxQXGzSrciejrzg//NPnc6Z73zO7/3ZJy/YekdvROvv/qRXffgLL7//juzR1UyIMd628YlvfPfrn3/UnrODN8OtV557xgkffu0rn370Y596xhWr32BCFpZTUtA//PLZl0+9Z9eDD3/ocnJNR6Njj7n7FGfC5Rd+5bQ02z4zDeVnnfVyrvFO10pqhozMNlRj+69xSdgSs/9octTsMJiIuja388Hsd8r3vt/rX/3Fv/nT1//HBbfQHX2tP+DYP//AP71gvxQhWHVxh/ZMwJOyc54G2r3xh7+a6q+5610fNhzd88C7tIT01ut/fkE6j73uV35xdeudd93v6OWVpb03TYnza6/4VqejCCARtcC01otnxTdMqZouQTNfGaUSjWIA32xJo1fPNOheQ5TmudGMgQTnKwaj+JAK0BsQMNZkSlKjte2kSJVG+gDjUwlD6nOhOMeWc503gbljwskwN8PqWlruXuORZ9fRNowxKYcGg3AKFTnl/wJ0AfTCG0bH5ndQe4UhXcrwgdkjuhOyfSJ0p+aPtVFXeSe6k5P6JyEncRsgGDMoQtnpMn+PWrW/jelNmseCQwEPJdceZCeXyLr85AARLghsHbCRZhdasIdx5rJQ0LoUP6F0mkyEdnwFWqXnV9uiyth5y/F2FtPXMuIMhakvYxX8hDTIPNlOoSzsIIqZ0MMMTke+qf5v/T5OmHDOggXe5RHLSofGCbXpNUNRd4YqiRiphWKJBahJm2helsVf7nnVmJn68K10fpd5dPPAKI/QwKho+XkGNVhhnjWqruusxSjGlq0MKYpMc8YLPfKfYu1C7cRVMxfO3HWr1pKtyUdZ/kQS46glXCTNhTmEmnDNYVItCWgO4xUaL8f0zWglfSXcuRqlPyUYeihvE/yUmSt5lpV0BenzMi2ARVqrHS0Ple0bRMuAmloGsAUDzQf2SuehyqKGTd5IzIzBk92An5xJ25AZKtngvcX1vcV1Za/nGdPueAu9iAus+6XNFZ61kkqYrPC8dvFT299Z20qiRipx2F1w9DSINJcrg+HyymgwrMc12Pe4mxJH2zlSPRwOB8NhQv3ZPq+Td+0k9dhnI7YEk6fnSH4V4sqYW2IzZFC7waBKq5QA7uHSjtHKkuSvM1igchQeuzwAzjjOO1l9iQkKPQDabF5jAdZIvt2c11k9u6LWZmBrFUSWiub82SFqYClL1M30CVnlOENCo4E7MTYupLo0IaK/l8tneOJBGhkNiZ53BLVzrtt6rXWSGq9Wv9Gj2X423cZRUxlEdVKhcjE6anvGUxiuyx6ygWRt88nyDVQSGDxnfzF9SWSCgGb4chNSyK32vppUwjb4a8OYtuZm2QHUeoQMFeRxuvwca7/akxyn/9CyyWeNqLkANdZx+5fOEAa1G8xebU3z5H9nGrBx+m/ZPKFGUq/+bOtpTI0rZtB6R0T+hJ6xRk23gOtojyJue6vvRWbdteuxr8GcQa7T7RXdLkkzPWnlqfeT00EAINSKIfsf5TglmUZpHYfJh2ovbEb048Sjx+nP5N+uOpimcWNbKVBrvXRUaLLbxOijlnTDfjDriCinFel72yOJLefC/pJlvKn82JxGHzNORY1ql/fkSzu7QnMKshVIzbpSG4ny2XGJLUYK0hHXEY1++QdOFeC0Ax/rTocW58qd1vV23Ti/eePcrut6uyyWO827xW5MkHTJSe/jGEboy0pmDHkKRciNgpNerh2Hh8fpgh5FHLBmAplZYc6FBsJRKYa20t5WyXRAUIUQWoYR6NtInxPJjoV4BpL+6LMB21KxKopI3K0Cvawph9r5vl5LGGEFBeUlMZ6/xryMFnNCt2T63/S683JAU8t3iciVj1NVQ3mP3HFmlSyu8L1WOjYsU3ZBMqfVbpNBbRezD2Oqw2APZ34OqbiLGaEuREDgrDjzU2J+I7UeRje5GVTqN2m0n1QgaR0KUWxZNngvrBGrZMCB4X4j13zkrJ8+7973ndoR+z7ypc8bPuvjHhc2GdTW7eoR5ZGKzjjyLU88dHX+8w3nfPErCQ9tCfQ1MqBxIINk4uS76O9Wv5yzSK/8u/OzP/LOP1idfT244aennfCdT335A6dfEEPyVtOnuswyufreSmHkLf1n1vgYxFUCTC4jJL9Wlp7IRy8JJrUY7jMfWf4oHbq5PDk95jgIHuG1FbvvXfuP3z779+5z5ASTw56HPOvw8KpTnvm4Iyb5oemGU7/y/l7sMGUSPI2oGQ7BNZPJX5Lrzdm9twcLUW6wRppQtZaNZtY9yG742b2Lsw8fv62QuviLbts6zcK79MMPHvqsD/Y6fBoKB5o3p00AOKsoXTJB6J3CK77BpTu8Oeb6G+bmuskHvWTWNT906LM+0Os4hf9cwpUpQO0lBZe2mu9K4k4Kfy7OzfV6XSTjLfT3XL++3+t05+fm03MNBzMmyiF6pFFm1fxy2KRYNl2596vP/cUTP3H3333hcx7/u4fda+9Nd4AgZPMxL3rN73/0jz7nOnr6tCbN7kjZgHXwNtm5KTvXnfrWpx3z74f+wbP/8KkPPmivzRt+M/lM78AnvOyv/vNZ/3qBFL4mc284OOzlb37J0asZdLZe/KNTTvrPE799ws9uSKHhbnKDy7led0YUMyqw5cDimWK7Cxec8LPLjtt7n/a7tuz/oEcOvv/D2x770PtP8W9cds6JFy2UC2VmksgyZuYLTx+4O/MMtwUv11xKv+ftuUYENtuRM65W9Oe5xSKBa7TxFqXdq+0uv1vRXX1V56zLnEjxtMH6vW513sdf9+yv7vO4pz7l2KPusfeuG26fXptfvX0e8yfPO/WFH7t0Q+N7xYywazG1ThgiE+UpF1/9yoft2rr0wq67HzJ42N4tkpClSy755lyxIe358I1fX/28e+Y/bdn1+JWn3GUqmnfDjeffVqA9qdw/rOXuwc7zavhTvD2/UKdJph3UCGEmrq2vJlZsMBoO4qxrSlfQZBt76W7TCUz84kFqJ4MCuBbsKAQrB1cAABAASURBVJEI9QDsL4FTdZ3EQr/0vUJSc4XgAWBdMCJc3EcRhWijU2gC43UTfo9uhKYVsHDDtmwYeHDRiMJamTXeu3weJIm5naqpaT9BebZ0abIrQZlXVA4p6FxMoqixbQ6w3iPreAwtI2vO8FDbas1xwciy84LOaRH2CLMuK4xnjNokxhZ6VXB+niYEuIYFQhGjoJm80UaCR5NYeoG3EUi0nQkPIXLA8TRVQq1NpQ8fMYPkst/tDA9p7Te1nvCEMTbsgdCNLhqTm8u2Ggab/zdpjjqixrHLBfb2fxtgs/CKHQGYA61Qnm4bvbmPvMULw8Nixj2yhalrFKeFXNvIc5k7OtukLoMLMo+rBCR2je5PFXVO23xGAyQiWdaGLgWaT7ZhAsrLrM6y13kPIOFWr1HYcriPPHt6ki5fq9+vpJmBmYp12VV/KisEL0XHFbUW5BU1N8uwbe61sMGaCcrVotAziOy34IrCETJxTGlREFahoUaFCeilaLhut5lSNYSCcamVz1TEUTo+C9YqOHcKIs71w8JCPVwS7zb4KIXHmoxvBzIgwKOyCUlbiGyhGkMnU4M/sYmGgLW9dSLSIWQUIUnM0Tjh+XK8Sh6YRoki6pJK5giphXVaOK+rKlq74PG4Gg7HKSKQ4vcibfkG6WiPqlAWykKSwvmlr/2wKldWhtt3dOfXFZ2eTHSVwRUHAo3S5WIRyNeWB8SPKywTAjcExa84jw5nxGpWnYIc6imFGBuWzmwV2+bVo6u4gaELLfRHD4n8eaJ2Giav2RrUwGUaY6SYA2xtLT19Du2gxIzoxlVHbcYrknGZR8Wt8wBcm/bXxEIg3dMKnTRF/OZSOouAurXv7ajlV0y+3ZnEtG+ybZXFDJ5eidHav1z1tA1jRnaC9dLUSMHWmGji11lYRsqhBP2b+cI2Wa31W/ui0wNs/9GmevqNUAtRgcKYBxRtY+oMuGxcThzMPC7VGatcYr13pGk3rf2bxiyZGF5ri5kgAm1VzKFliDkoYfC6qLKLhm5OzJHcwuWP5wi6CF/JPkkxrrrXKTu9uQpxIc7ioVyTQ5VOpMvqVlWoISlE+aBEAiFC81jAJ7PfhAfK2xs/zz5HpODz5NO01GgL724+EaNduHm/M6RaKwX1ZBpRFammqJ3B+pbNFkXJ5ZnH/7Ts2k0MVGvZzdjLWwbCzEFPxsa6NBtB3uRd6/mwn4DjGh4l1lX01Cr4UuUmMG7t8hnj0FpdeOr0ym5B/bnuYr+32O/O9coe58GxfhUJI/WIsm7q1bLBJ9RGJCl7UG26usqcJfLf2iPpMLSq0YjSIgwJpw/uGjw3Qot6TIjJVNfQy6hEynuKmu2r30yfKOfyxnR5q6C3hJRRqtgmO9zmAFhY3yHxVYMqPmOH/5ted0oAWveQI3OTzK9T1Ye1VrmYD6fZDtN6PKo6jFlXZD+OVLpkzNAZ13DzP1MxLZkW7XSKHUua9y8Fi8JdSOAFgZVpEpFHgLe0ZMfEf/S5ADbnYZNbpSK5UlVM/iiVsBMPnN2ffKAwg96XV77262c97b5HTUFjGx/0gvcd86GXnBrBTwf2Pcf0HjoC+Z+UGEOeJlN+y8tf8XsH0vSr+tk3X/8N7xiXkWO3FrSwccPuAeY4wWFVC5kvXh+weePqTxRWsx1oND70T//ggdO511t/9oHX/PHbvnVDt1sWvU4CZrlkJPn7btYAFIOQso+W1dJ+RU53rTj6VQh75lo4NVvnsWN+CGvXKs6EvFjIo4KYihTv41/5FPmFmcVZLimW+OHvnP3iIycfba8jnv7olX0fcejU8175gw99LaG0IWi/VsNGyUk+stf+SMJiGrl80xUVt3yf9RAyA0whwlC1tL+R8d5eirFFPiQZLY6r8cx3aeVQpJ/8+qYB7Tmx7Rbuc/iL6098fIG9hw4zt3I8EfuV1RTXv6eQTVJyqKb36KgTKuk3xcGBcy6bcc3D/jh86pM9nLkOt2zvpPWQ6EsRUkjWdQSA5o2U9kmHv+/0e71+twMHLwHWyVYaLM+i4ADzjJzoYFQZsmULVYGBZ69/6Tc+/pqvfYgzt7Yc9shDdtrjvsfcbdOmfffbc889Z0LS6498wl+MP/mvzPTiJQUgRsvKzzJNc1yAwIZamhcVvRt++h///MeffxOv+d0f8th9dr/bYffcfdPu97zrXTfPhqT3f/jxx77p3FPYeU6X2v7M5z5h/2kc9KoTX/sPrzvhqn4vbfj5uT5cdOQkzJgPcQuFEULkIbciPP+jZ170+H3u0X7bprs/7IE7TgpHHji1gS8794MXd3vzckhlSFoyQbNecIpTDAK2b5xtTZqn6gxXAkvnGvo+WBzh9Ju2/Rmtm/jbwp57P3RYnxOFX8ZUjnIfqQKpqupRu+8ycwiSo4CfxAYV2oH5+a3Xfuf9//Kt93D9+H6HPXCPzbvf6167btqy/1322PWusyDp8sDDfueBH377uQlKdQYtBlNFGAzmAiovBVVOvOKaF933bq1L7L350Kf6duDqul+eysEEvtT2n15xw2P3sADEhn3u/fsTvQrTa9vFP/9+n+Zig0DFtSY+qpEfya1h6cubkLWglqJafDGDOLNeWuLMT6pYo9PWCLPeXNSMSCSMl6zSyCEVofEhWOV4sBZPGAHiFhVUcqMvJzo1gAKPW6TQFJMeIkGWy9BkOwDvErjCOfMfpa7H+wxG6eDzI2idONY35ITiJkmZyABUUpTfBiCjbBk8RZO9IcMMSi6ftl+l5KpegQbZUoy0c7wSGdB5eZ1DnqGf1Y8hRrBHmwtG2c5A58wMMISc40RAZGBXCGVtzH+iBpDQMUsrHpj4mHKruYyU2S5QoZozdvD/QM5CoU5dZECv0ezJaDEzCxwIjgcDr4XyOsNuzcjLbokAiHLtMOGH5qlQWJMyDAP/F95xbDnS5nY5TTx3RI2tBXoVMloPePIUmqBaC6pSzz8fIvXR5LYhI2BqdcY2YkR2MtiTQs8IjCdaPbbPg7bhy5UE9IWyVikq9QnIeKiz4658c8ZDkudW0FW15RV+zFNfgg0YG82QLEy4QMhMcVBLZjFTatQWUw8YoWC1KKmB+Y2kYTGRova+k1hZoZi8JDcJd7ikZwcGDBy1jH19EAcRYTlsmAuwLvA2l1znwM0Ko0pmZ8cRd5Era5mulzwqDi5IwKYUMyuB1mzwdIrO3Fy9uDhO1kushMaOj0ewTHm+di3VHWzYcVmAlIJ5YdGomA/N4dRrVKfRpiKQ9NhqFD2pMGbYGHOZXFUNhkwsDa5OtvT1ELiMYkhfEEmYZgIUrhfpdoaD8XB5lCzguU6vE6WhCSeoj5PRPOa5qHzN7VFG4+DHCYAejbbt8Jvq9MhVMptiKagusBunvS6cmwJ85MEL3X9AUwWc5r6Sgs8jZa3pFGpwktNNHrWdl51vB8DW8ATLCSJz5ZzBlFqYgKyOIqqR0xYJyp1im500GAWu6PwUETCPoVKTAbwMcOksR4OQWjFK+zW1VJYD/WPMtQgZZBMnKarGyDBiDCZOG7GNg5qxL/0uj3NKk6v0aLUZbHtNORTrXOMwT7lVLQze5dPfKtFWYWXCe9WrJaHh9JuU179i6d0EaDnb+FMgoIXgZX97pi+Y56b1x7xJV1tFzhBBSdG0N0Wajkvmd+eniNO3adlGM59kcuhTg6YMxSqUkgVbtGVwk3ij/tab1mrVO0VcRZ7CZ/Um+hmtHFRaRzW5VdgkeTEacJ0Kkx10e1K9zWxJajBqWRVnGBEUYtRtFs04zOqYyNRpa/nyIcthP/5MEV3rT/ltece4/H5NTmimN2TLIY+gOclaqwKqeJ2ufBegqHK9XO7gnGuBKDoQxVTtqaIRPGd1LZ56kSdUrUrKoZtMO8Kypik0s6PPDBCe88xVekOX20OGvGVjVGjUqsF8LsZRAYbmLhz1JcvG8S50u77X6/Z75Xw/+YndhX6vz83umY00CosapibkUjpBXGCOhDBiHmmwBRTe5sehMZZAGBKOUBISrJoXo70mDaHpNFuHWJBk5dnFUHk20URJMO9GmrW1iyFzMGWwGMZRDiMRc1qTGdxyJQlSe4baUwCZNA9aG7dA93jkQ0hKRCnOTg2nw8Vixln9rX7dWZsQsiAIMdcap5dHRoOclNhoHpNTIHRT46NJRDJFZ/oaZkoGnOW/6OvkcxaHXUT9PbLKpSwHOTughvRE9EjlhAkIgTejjU56nVhUzEk7syhd6LMt4Fq6MpsiQVgWgb5lBzESgGfzpyS/FfODxAGXi4eFgTGiZrAoWC4Uxbv+9UtP/eTT7jG1KfZ6/Ds//eNHP/3D1xI3OxFlIM6w2VtJvFQxmz9x+OB//PhLDlsNp239/hdfe2UX5DlpkJyzwoRqN27dQbQ48c71uz0w0k+zN4X1ltkJT9hlFa/H1ut/yeV+NVCIcfW4e+87/ZYrTnzhv35nm/RR4T2QhsAQYVqk8Yx05IgFkt1QrGGjAJEUC7PwknwxO5lbFzJ4cXfwLOXqSy5s3JVcv+yY55duzGuQkGi5EaeLpBv0PvH1H/3hAx85key85Z6PeuvGQycBqupn33/XOQmEDFom64fVOAHMMmwnLXGCBBPKulAzDTSnYWZuNhczUxwHNIIKhiTNNt3ElmUCwsJVBY/Zseu1hnEkuTPpj3Pf+tUVL73fZMCif59H/O0uH/nXG5nyySdUrJvCp85x4aYvx2M+XMOjX/gXj9inm60mNlO2X/bVt3/1En7C/rd+fcUfr7rmsX+TrnlTjzme0stxF5aCtGyTj+ry4U9/6UP26ulz8wN3y8GtZ3z27Gu7YVRRqJa2Ly0traa32NDfOOYSXuEYZL5Bpr/iJRcy9LGiLbKX5Zql69xy3mknVfV3vxu0On58l0e9/O9f/byjN08cnHLvez470OclyUvIMRxgDvH0zWOQCwuzSl0hV6EWSSj8joX79Znf+RXFk+04hfrA3/m7N/7Zk/afPEhb7nL/wfh7/YSppfc88T53mz6/W0/9yt9945p169IBDjBdLTNopsqMwu4KQsuIlmIJ137POec99R73bouXzYc96LG/5w+eBDer8877/DbvN9TCZ0KK2tDtUFtEnRz2jut6Jkm3AkYoNnUtRGnmC75u+nfrxddtfcweU3O1/0OOrX78k16nG1GbrZXifAuGoUPcsfGPHnjwzExmlpywBsfi4VtNIb8SRrC4sEA3XHTB9Reef/bJabePOflstNujX/3K5x93wOQgNt31/jH+TCA/yRTOthFRK0HAHsS7reddd8PjJ9rC7n7IY9rs69f86ju3QUQ6N3fKr658+QM2L+ifdtnzEXtMkYBf/YtvlmU3Z9fSGn4hg4o+z2gQgHIWsfaGxV0r5CpGwYdAJQGsk9ZoK+hQPO40gdeeeObLiZFLXNHAqX4KMTTKnFoUwGWBblwwBRKeMhwNylEhhDBcTJ6u0en1UlhNdkhdlEFCbFEktY856QLmKexdxrWgG+H1AAAQAElEQVTEvpfD7oUsJYDVyoXxGEpOzBivifNABEHNQc68K9dcpA1Yk1q0DjwW2nrN6DKieRqTswf7vJ1XFJHHLVOe5sqTIHgwb2rN6tapjtQK9WhMrIF8c+FCyCQpxqHIjc/FNoKAFWJWGb16nHygMlO4KBRWsng5n70OmHnITDRn1WOGxLL3gIucNbfygTJkLGrdSWxQhYEzXBTepvw/aNG7s36MzWax7eZDxo7hxWW/VkyWYKImZidfp6XxTPUuZEhsVBTdqeTExXPup1MoVZZJZZlMng+ZfKiKVXZDAxpEO8paWAcppiP8cQXw22OPKpbEKmVFYm+wd1DQXGCAzsq/opne4OJUrCoi64jEzPXqwou+MrqViKbGrsHEINBkA8dmv4qxQFbrx114DQbgq4kjzPwb3GQzqZ4UWlZAWQrjuJipWwq3I3p3ELJ2y47YApIp7FrlM2LkKMM42LRAqgcHV6ogpPINK8eNE5CEkZYIPI9So1WTwaJiCnFWr9HeOdt4xDyWsjGxGtAjoPWw2EMCHZJSp6I/1wvrwnjkx2kmK0l8cLVvTh/33+Y2GKwBx+Ox45bILNGl4A/ntWhhVjyGWts213ZMgSbX49FosDwQMm1WQ2zTFZyEwkSV3GSQi0XqJLu4vSGPgNHn4ShttHFvlN6f7ITRcJTg6LRMKYSfbjCumRE0Wf1d6gQnTRs5A9KPkmAcDv3S0vxt20bbbqOuD72el66O8lQFssVwcmuYUk7hTFRGU7athM4+5lrP7PXIBPPzo6+DikwJg0WjTonaelIvoGdC2mp5TRgioFNOUSTed1Xty+xBNqGZYIaZHfmIgEuDGXqMEHTblHediXjd2LG5NnBBJfS1CpvmcyY5mh+jkpgHjRtBskWtliWlvhHBI9yGJv80l9W19IVzFueLlPUNmeBvWYCOZiDQzTM08sMCf4qiUWOxUJtCmKbttJYOcjTp5q/pZjQYYivfvbm53SXL8tbn8sej3sDZ1rMHi9R65BkvZ09t6kPAKOhnnVoi296mYOyzrsEwSeH9qXs1gDrZdWi2SU4ZMqM4jUs3XpTaUs1sqlHUqA8n6jrm8huIMnXUbcDpGQuf8/NKrdByUshAucOgII7VaDgceG6tMV90+gsL6TzRcjKJgs02Kd4DnybbQqQCy8wRe3h2t+VOkfTI8VVEUgPBwUiDUcCTM0RIJ9wxzVCtFEzebFvc0dnhMpuhGQplPDrCsZX8o3QB9kyCORS5H3DMFo7uaJtebgGMDAZqdC6uzbYTMcVFYRVdagCQ2XiiQOREyV/1N05NK/B/cBoGm1hBA4li6uTFyhZClik51ZMzEqJYmPboyg3CdFjp+6Rf16+f37hhYXFxPkHPvSJqKyS25oMgJYVoO27DLhz0cO4kSxJZIYFhg2QNsALz8HQdcBhmVa65f4gTQ5BaGy1YJEWDkaQxfp4sX+SaC40eIIrtFO4L3lKgJVgfC7PZUHgk+08IFgqjn3XNYdWdpeCymWz8wJz64bAJpSgO5WoSzrZ0Ai90X0OJU4PBxMX/dT0I78QUHEiZkuJePSGUmXa9hnZN6ZnVn5VFY3zbN9TOYdU6RiIyX5XUNsvugwpqPbGuBXnzv1ogqW0Ist9iOTg5xBUmCopIpUlDniioZTv/CG+T0QFnMW1srRb5JVXCpp9NMMEbI6VJY/vbONGj0IZyPXJx+qv/7hsP/NwT9p6a6w3H/O2XP9x7zvPeewm4hFHQrGfeoTxDOh9Wd/md173/TU+7xwz4+ZR3vOYjyRIWkSl5ooDl3SVbl6YB6L3u+5wH12efLm1WSElE2Iqq66c86b6reAEGwxsl5CBE17F61p5bVt18WF/paD1yj8QqK8DqV4enHn3AKkRbXWjlX4xEs4SCE2dG1erEAk1eSjWod2D0kBjeqreVu93t8VX9nZCuGRQr4BczKSVHq6iR2Of9Fz/0gxc/8ol7tT+6+RFP3Tx1iC8661PX+KKbAokc/0zOVdIYCchizZYWOupGEdBcCzNR4jvzSWW5fKG7LogfWDdbberNAskHSSeSmtMQLUq0+hXQ9tUX/es+8oMLnnLgQZN/Pvjpb3nNqc94w1nOdZL7lK4z5u66wZe8zoPhUX/9ij994t0mP3LDd9/yDzH22Z7uXveRMy948uprvulvT33em3/W7yjZa8yoUwqcjA//k5e8+Hf2mfzITad87hPU25hCuv1ybn75lluGKzP4ldfv+qDB+NJRcn+FLR0zmfzh4fjFHzz9jw5baL/3+lP+5pi/PGGxkMZA0ODpiYobv/eOF9581xM++rsTyyvqT7pFUbSKH/HXlUad4IylyTzyHSd96ncmP/vzjz/0ue/Y5jVay0TgYlJd8e03/cHGvU5/+WTcIoICpkj4/vjuu65f9YgODVSJNK8W3lEyhta/7IDV1Q5k28lMMv7IfP8DJ/3syfeeuO+Gux//pN7C5Ccv+eGHb+omV7siw0e8iHSVuqvvhKQt2Zy0Rko2GZpJrvHy1m6CmhXAwrd/fMHzDn3g5HxsOuoP/+ieT/vwxUXZ1NApCpMmZGWw8eF//oiDZ6hW87pSnKyuN7/0vW972O4Tf7/oUy971Sd3JNvNlxwQTGBkp7NAc9tOecdz1t3lpBceMilWtTSSlYjw9GQPRjPwTSY5yT9dOPVnl7zsAZtbD7L+vvdu/bT1+osucG4z7PVu95O/uvoZh+Z1vdvhh0w+zjVXnYlKQNxj7XIWgh1GLbFGs1zFnXd/RF2fFzUHmiGiCBzMC5y6hl2G4kBryWSW4exXmqNuzfXfTCRXCQpZCrQZ1DjXuWN+iKj91dLMCgV0BZbYtA07heOerCPZloq7Fb5xbKjtRQJIArQkFCDskGj6S1D9TrkicCrbFwtnaP3qnWoRbfuU6RpFJcm6pMVWPaPtakvDBNYYNJ9Z60V1P9fcYtEJQQcHm7wBIITjgThKCxFwjS+sqZ78cw3iIKm4RCqjOXuKd2lJWVagOgTZNh5k3VGLq4zCOdoEW1MZ9UhrzUuMMOmdlmw59aflwTWHl7Jdpki/ilZSugvdqfpPsyIu72fRX7qX5f+aoUPmjVpCjo0zKHEDqA6czoPLbiZsQ4sZUGxBK9H4XlR2mT3r7EVIFVSjUWY/b6MgCQ4NXKM7U/JsBXbLfnVjzYbWYihUEhTuU/NBoRezjfk77YcksjBS3hsOkwyzL+LhsOeFDplx24hSNGQ+IVSg3Jm4UDQ9GA0AJGeQuJwmIfwKkoA7CKNRTEHfupKpJgZfe3Pp/0W31+v2Egzti05kHFU6YyRTEBxkvh3maoxtKXGDn0kF0l4wIrGGMmU5zrIzvIZ/XxlCYkY/MoujzCQhc0TOHXaLRBcEDRD/2Eo6+ApiX/Oby6Lr5xZH8wM/HDItpoSwMBFYnQJ2o3cisSrMYofr/gpsNtQZCLQdANbUCS0R7D4oeYkUaEZmoBYu7Yq/SaKPSoLOpLpX+m7R5YQAxv0NkYkqsbm3yGjcm+sL2waD18lkTLayRBkyYiSOW4p2k5eOjelpRuPB8sqOHW7dou/NBSC0eZdpQ9I6h5iCy06aUkbkILAct+AsWC1+j3gQtQIFBaSdeUYBfEYiKrDRlGwj43L6/wgMgpdd9nDQvCGeOM8FUeYVOsRPrBgbH1c1E6LxsTfqKubK+Ea4W1oTqdNoW1JruTOe3P5U86Y8ZCmD9PZeHl+hVlnDEc6ofZm5rryKkIjqwgacNZBRB+haN4zUrnY3/9rkl0E2TQDHMFnduq712DRxk+b5mpRm1Ti6Rq794CqeiJpAUvMnZVzQXzn7awadWzK3PaEm4G185CbeOHH//KEGy1aR2v674QWk4IMFWFoXj9Ro1uYurds0I2iB5gDPYJDR5MtRnmhn/QtsVu2ppm7Q3LZZDvsZEKo+mMy6KUok6GsJTGu02W5Q9SoHohKK+Wo0GjEZY9HtdpMo7i8uJvmTREGKtLHrXDgpOGNLqeKKVV3bKC000yXRuLlQIpkIZMgCnRG1Kxi/C1KTACksBt/EuXPU7BDwmjX5LqrTzdLE7AVlX9C+e5nhNyjkgkpvg4NkkWsQSjpdOIuwettUURJKsn2oFo5aClIak+MkAUaeSIjaoOCoGzrdF9d0ZolWIWQ8OkQtLQDE7kGUHNQeMaMqxlbfCB6KYuJeHltaLiR/d5wumzTowuL8hnXrNu20ft1iCjiWnMYcK6nNSk47CpKCwNycNpKCswICSf/w4Ky1A8QS5kpmVflKNWekBrtaLQCOiUg1TxD5ZhCriSIHs8BwivOUwgzxyrnnjLBIlMIYJWqMlQctu0cDzBKTof6Lo8wqZHEMaV2uy2mumGquIEYYazDY5EqrwgBNxZ+R/VN7JBZMiIrf+tedsgmhuRzwtOXYGDFGlpTq1cDqcgiduWhNVLMHkknHUaylv9RTrlvBxXy4Q7bLV4eIVCNqnzbNfTY/Bvn2Lmb681zTqGckOIWG5bNNvow9r1xeBYN43CZT7fNqUWgnWLJ6UmrLTWdOi3cmqdTOx4MnmPP0l77m4xcPVk15f8sjX/PlMz71ykfvyj2vazMEPfBy4Zao7vG0t373hHc87z6rew/Sbd9/56s/fHXh0R+LLZ7aaRvRr59/5XD67Xs96m/edHSFakpVWowDPOBNL3jwKnR5eOV53xCLU5zVUPxq222rbn/AEe88ajxC6Bn2SbrceLzb8e9+yaO2zNhe4gc53ypYnn45Ff05c3itd6qd7FXjcH3GxTesGuGW+z3pucPxuNYeBISQQLQyzlrSwJIn9dMv/fSyqY9O41zcfvB6wQqddiBEKo1ZFLKZaimx5F4BES1xQg6trH4AwUG8qK3a8OtIs5+WPSV2jCwCeHvyNKopUhbXv+2756zac/39jv+3//uSQ1eGA1gpnI1T12mWllZ2fvzbXvvou01/4KqzPnVCpxSzNkFL1/7r92Zf8x0vut/KcJgePxehpuGOxpsf9ca/feQ+0x+47twvXTA/N9fv9ebn/Vwv+UhU/eKGm6fftvHej7n3bVtX0ghzgbTEn0r/7rMum3rvlqOe96aH7bIsLYYMfUDGcL1Hb3XWbBWZRrFWNQelJ2Tixu4OV5h+8LULb5j66L0e9/pn3m2FFzlkIUYSKNqyftWdUixYAGbeITcurzqSGw459CkbRqOxdhDl/VMNR8Nt9/3DNz72njTzBYs2Wq6B55jN58/6xdSibNh370lcdXD+qe8Rh9nEnaEdZgqtvpE5frKxw5pt69SrzBVwRiY585KK4vS6X/neOTdN/7nc++F//b7jD+ksLa8kLx3pYzwhw9FtW7cc85dv+eMj1s28bFDdwwt5wZmXTy/YPX7neb+7aXllUEnHlRzZSnt1y2J3OqhXMzASVRVRzgzRBzWPGT8WbNx/+eKrac1XdcVlX5sj40ZIW/c/L2+9e1rIbL3+gvOzcIxrLozcXN0UAckgTPylN65qurjL/R//Q+GfxQAAEABJREFUqB3LLAKDFv+YU3a7Vzfnzqqa13xjlE7ZnG/M9h/iN0QWukYZkDGjBmfcBelvdbCmuZxMGsqSOoXTkiV1BIwoFmBaS+IFhZ5JIqSa84s8VdG/2rRMgCMvzfKKFqbYEsiRTHOrIwl9jU1MinWqleJ90wtNBb4zXQbR3VSwwC2MCqqapYJ31sL5YyCnWUzOgGoLcITQZDnbYBmXQpySbOBR+UN0lWBdGV+z3bXpAOPUkjJ731nNkWtVX+JE2xaBGMQ4gtk1UYcnI24jyvg5rtLa+HAUNJBm+P82GWZWqXPjdLmli3tAAZxNiqlMaUbTZIS39rUZkS2rE6aqze1EfKfZIWSQjS49Ht+Jj+eaneTyLXTJ5K2t6hWnt4vmewdzs3VO9OLOTGteYr1M1OfWrxqnJUrbqMAh9Bq96QRnhPoAZCd5l/WY6nHCIageRf4ay0fG9XhUj4ZVCvamr8FytbJjvLy9GuyoVraPVrYNl7eNlvjf4dL20fL29P2Yv7bL1zb7Sr/fPh6sMHlOUfb68/25db3+Qn9uvj+/0FtY7M8v9ufSj3O9nrBTcnTW5wOSoU/+fVFEZe1ARztdE7zwuHn3NmtoO5GsJakz/MzIqlWF582le49UUOjSqR1fgOXcl10mSp6bK/r9Io280+lwnRMXJgobkUNJI6ouK67FYiw+6mUlsbr05Ju90XRu5eXirO3haDzkJOaQDIcqAp+WHDUFV4KkJHCFRClNPwuBdAukY3ASGwPQaSRVpOVRtcQOQ4XWkBWj9+g9A0nF/RNloniaxtVwsLycPltIcroGUWKuxm/sHaeS02MJnCE16NrtLDyDk4JMS0WQiPJaEOWTmSPRCtbkN8esRsXbVCQN/qdDdUtmBYmhzcWEpTMhGRuARZ8hSK+1Rl9lcTAhFvJ/7H2R8lF02XikmI+pHmFq8ir0LSJHQwOd6tbEgyglQWz8xiYdy2TmatU6w2HQZ6TWfdrvzpuZciFD/u3EmrSvKBJmIstYparhTjNerjWp1Og71x6RefeuwR01YXbqqq49yIlh6S/xXYbkJ58g37hlnLWvaPfKWnbqvhj/TO9yYp5i3glZgZBOlf5LjSoyXWFjaGEe+sqzZIUBFNsnxy4WbRywCwwcdhl5mFi2vOscINckmUbc5lRiXePBYDQYpO9dt9tfvyGJaNfpSqVyY64rW380Gnpt6MqSoY5ada4RHkEvo52eHCdrBtEcSHuOfPwp25QhUIMs2xgC+t3CUG1raZGSLZTaQjzRZiJEsxqEqSPkMKs8lTyb6MW6QkddFMmp/LUTntdQlyGasYMIrWiXYGarNOdFj15VzfKrutaJsxb3jAhAZYukHnPpS/o2ADgGCgOzPKKtS+QWAVK/lkT64rp1u2zevOUuu23atPPi4mKvyz1yJcrbdWXPd/qu5C9f9H3Zc6w0YMux6ogm3/g4c4KwM1oRDoNSNdZwMlc1jfk39ShUw7oahvEwjIb1cBCGK2E44N7Cw6V6kL521MMdgf9NNgObDek3If1+ZUe9sr0ebOd/V7alfyv+/rbA32+r5KsebAvyV/5xeat8bWPzQ65TDXfw9eUu6ftqlH6zVI2W+N/0J/mxHi3XYx7MeLgig1kKw2X+JX92O39quF2+4a80yPRXGT8bOdUKD57+N73uxE0IsySET8bfoU2ZQ1K9ylD4LmTSMKJAgxCzkAx/fp93fiKwqcogojI32m2ihu4bUYXsEc7lVFcKIQ5NtAedkDMqwZhFoTjC+hTipKqn6hvuQjycqQ7zmvAcUtFrTqoF1zloJ0W0ivgUBXrBCUYsF/LeNC0xgAFPT6SlenZMvHPaa1741r2/9JqHbJqe8P5eD3nxu8982hU/Ous7J33pjJO/ftJFrEP2fsCjHvyA44579DH3PXDL4syFGlz86Zc860PXt5krk1nrmVOB+ene+pNLXnHYwVO3OuBpHzrzbl/42Me+/vVv//CKsMcRj/7d41/8vN+53+bVrQXPP+2tzq3D4qan6P741zcs0T5TOZX7Hv+u/9zyuQ996CufPv2iwu1++HFHHfG4449/2CFbZvaC41VPQjKq2zzzLSD3ZMvaIaVkVmG5vFOSYagLYz+tQPmJCy5/zQM3Tp689Uf/1TfetfEDH/nyl8+61t/7oQ8rzzj9AkJxedJTySErfdFx5cJP3n3S+Y9//sG05uuG077+oTnm/xcrF8akB6ItrcQRB7TsIg48BE2ld2sVugPAEk3FF2QijrAGxud0K5Zmj8kJmv1mVjaC0KTZW//x93zpuHc97R5TqOiG+73oY995+Gnf++qnv3vSf/74CqKDHvzEhz3uuMccd9heq5Darad+8b1n+WLByZXT7dd94v9+5VHv/P1V17zvH374Gw897aSvf/aUU0/76dUu3P1BjzvmuEc85lH333PVNbedfvoXL5nv79ljKug5KovhYOjif/zi2j970NTpWP/Ax73lVdUXvviVL/94MNrv6AfHH//g0qRck4P1hZ/8/MUH3av93t4BT3nL5w4+45tf+/L3f/CtUy9Oa7zl0Ic++qFPfvyTH373qeDN0i/O/rirOqzlS5/T7VumE2wiqbT86gnnv/64h0/EUzY9+E8/cfKxJ3/uKyf85Mz/POta8tU9j37yQx/9mMced9ieU496+eUn9Qr0KQrhrOtuJLrr1Lwd/qefe9d+H/7wCSef/tPrHR14v0cc+YDHHvfIw/bfsIYOUQvYoBMn0m3dZ751xpMOefhmWvO1dP5PPrfoF5rIqFOqH21nvMbLodMmTKu49uXNlJVpVFBsxtUg4NNW73TKMz/8zbMPe/ahUyJl/b2f8Pf/ftjZJ55y2ilnfesnv3Zu54Me+MAHPf7YY4/Yf/2aN0cRPUkx4PxpZ/z8hQ/YPNF9ccP9//CD737AKd856bQLf/bD869LsfH9DnrsUQ88+tiHHzq1HHTNFd8tJXGPTIlI1qeldKDjmxZ8SjGgL358Vbu14OTr8p+f2ClVOYgPf9H512595B4bZr6Z2xX2/WJ2Mmx9Z79yorSwwKYYYfH1X1z3p0dPcXqsf9CzP/rauc9+8eTv/vwGt/8RD/QX/OQK9e7XzK7OvjTF2PiNa6y+0MMyw3vHUQ2mvVrQMy9ak7PqAnJGkHQPeEYt80oM9vTRwscCiRNklgE1mBRRk/qkQ8u0EfICTCV5yZSjy16L+Ugj4I1iN0zBUMcYW9ZOhmN8y1wAX43LtdIuNpentmEhWUVCVAqeFq4TjJYJzS4G6h2xwczywHKanwnUFVz/MkwP/wFLhpbApHQSqAqR+ljU1nrkA9uTeXtwhWHqCL7gINibVwS6aFi/o4HKZqZFFL/ZJJi9hcOhqcbRXN+8cSiXnOtjOk3XUyddphmHKSctwDeKmSRC1kf0bZpTqaZEU2IXYjYUsV0kEUZphwlJ0fbIlkBhPn1sMAP+C8pH/cTUKwAlhp+z6KTi+T4oQKxbBauvV7fiHx+bhGunCLgata1seAe0KGt04FvS0Ce4oAKDWhhFrA0i4sSKMYUiav5HkPQn/kGQBPYnQdasIXBguFFaPAsYjRIPCcGHtPhMdiG5ukIyEbXgkVP1a8mATqBp8k5HcOXT83d6HDnudDsJgO7MrS87RadMYdBOKJjaq2SWZ527zO9kksRpUazsNx5ysuLkKTUsZlnQsYWiCZkB0uGEgVoShO2vkmgrR1tCsjlQFYC2Uk6TZzNNWkc7QIMhJ2iJzekTbp7Q/zDyVIEZEyWCQCEoiJkAbmSGfBkPxhWTcV9Im+sCB5DlQkHJVBxLuIgnugqMO1eK8gj6zLCOWMR8G57wUlF0uQSqLRFL4+plFmy8dKM0wIQs7RiObxuMHBvKo7FQVpdCqoYd5hnbdwb9+jTQwWBlfjhKwWff7SSrF8EKcnjwmGe8SQ1R4aG55yQLKeLCN7JOPiVC0WdqIIWEYivBvpEC8n7nTcboXta8xaDhNznu1EK2FaXBJVvaUCtt9VPIeYzTtkc02MuQMGdjjNlxJO3UafQX6tKaSxenLuVyAEOTh0UgZQxLi4RdQxLiNIAHa8KZ+GmSKKd1fBYOsQW+qsQlYxYyTLKFurZ05AybofUR0vlwM1U6yFiKrF1bQJbOQ7YMABO7yXs3A7DJwzpnIT91v+yAzxiLa94Rm9FQVif6UFjXmMV6/nTrgV3zuHqxHGygNW0syrKeWpPR2neuPTfTlrStGjXQA7YqtcqN8N/2uCNl6gqy9hH53i63aGs2NcHsgi/AAlaEPAubdPYBGqfr9fx8t9en9TyCpWo8Gq0wj6gkdUttmu7RJP7HwjmIYVdIUKWstHDyxJTTo6eWVl6tmNWj7nn5rhEJSgGf5wieg4adVelbGU+0DB8Bk8F6obQfqDaz2efk42jzIpYoniBoVn8sAng71WDWwjp1gqQuAbcP4NYRyVhrcRHMAeYjjVp5zOaWRRYstxiqikBVBsOBV0HroGONzD9YkgVK1hyAa5b/wWUom70Z5u6e27Trls2bd1m/MFdKcwJmD2XwqUdqeCSlxDSkHEwIo/TMwVWOqZCikG1UyFgANZ0slHBZysERfakMKlhbTcsOLfssfdxhL0ZNQ8bkNrKYE/+4wAdSIJpe4ezmCjzRsFyASjmndg3QQ86GRscGVN6omag7rbaONR6rgzYxpGC906XDLvIgjlNURXUU72nU8EqF5O0c8d/C150VgFZJzkesIDXdKaJBhkZvNbsluFwcCznr1PZvhK1rR0HJlDccG9lDXo9mtiZdS0FDvGtpJEnCPluaIbRu2BL3VrzOwljI9ZS5SJiC+SygbEOcwCSgKzDBZbdEWpkYba3kJhDK5kiZmWK01Co2a53auuIiEuJ+5n+AmQgepsTYGHdNvymu/MjT/2LXL73tRUdsmjHzG/Y64tgXpK+/ehfdodfW097w3FedRmWpedaolZMxeGbZc/1/+uopv3/wQ6ahjv7mo575yvR1+1e//tTPv6PrupLZIUkidXz7985//hFHToOJ/b0e/OzXpS+6Qy9mruiN0Y53ppUkcVnJjyGwTDjteDP1gtPos3+WftXtfObsi/7wPgevGuDD/+wf0pf88Msv3O0/f8qPIKIwhoR7dnvcNq+8/o0nnf30gw/trzHwK3/wga+WRYJZ0tbg9BIGi0nK+aWJuCSp1BUamAchXvGgxEubr5xdDpEUEjMOevRbF6xm7cRRJYV1Het+yAjOTACaT0stTfMcJ0Gf8+a3fPXQ9xx/4KoH23DAMU/+i/RFt/va+qP3/d3nr3KdzphR37JgZenPeuvbv3a/dz71wFXA8voDjnnin6ev33DNcz/9r2fsWNi0IZad7tzcnK+J2coS1PuT819w8PT6dfd66PGvSF/yw6X/ftSp/9zplsk8vvXtn/vuca99xBTkuuHuD3xa+qK33O4Ibvj+p9/GXKWscsecVF5Y7CBQjogBVElg5Fde/4XnHf3SezinIxwAABAASURBVE8+bX/LQY9+2UGPptt/DS/49v89p193pE6I3HlfOffyx9x176k3lRv2fcKfv+EJv2HW8is2xps6Q+nMd7snfOfnL3j45l3W+tRNP/nyl7q9LjWgScw5TWuESMyfE/LbtZOa8U78xyIocc23Ra0LSdt+/dZP//NH7vm+Pzl8FRrb3+PQxz89ff0Z3cGXk0J14BD9/vfe/Z3HHfX0Kb6i/i4HH/e0g4/7DRcanvejT1xS+o0OWWCYAmooUyO8dKKcZXX7mPLNV551I7leVL7INL7+1y+85I8OO2xh1ruvu/S7vqi4Lx+BuwLJaGuMVXM4A5QucSXHN8+96Pn3usfU+3r7POyZr05f8sOvPv+kM9/X5f6fzrUjsq1XjDC1BQFRf1z5kWe8V5omkHQdEZphpoEVEC26lnMmMlIhVGwkJv/hGlE3qrmwENis82O+YwWwLhp9h256qH0mni1L9fVcA5o4p8QaUWz9KklXhsLEhglkxL+x/dSODF13jhooQw6InwjVqN0S1fuRzEQ+dwo6SY6nJalqHjL3Jsd9vEO7V6umh0oTRma5TpgIxyL3mle1qtX4iTBOvFDTGHuYs/yq2Bqn9V3Ma6cLSjm2Jp6UY9ZWpHOLQeO5d6xHv1xnVryuV7DQPmh2UQOsAW+AJNRytSe2hk2x8+rrB+kOSpRhKv27M7JF+ZVQTevpkukSWlhv+IvWMGTnXc1S431uP3MLqMAj4GZxepgxbw0yZgwFx8hpTxIDv9pH0kA3GYwyiYp56w2oZ2LIgNyN5t4RdaXyoAwtesD7cswAoloNXZzcsfVYtxdgVWFGxvb1RRSCTdmfCSyWNKooX4KUwQOOSNOKHISoMWPiTPoER4xHw4RvIqvX2Zf4zPwpxxlSNciVeAljXYYN3bRpev1+f44NKCHbCEU3Xa9UdM7qam2e4N7b1HFtRMkNLQpSlB+t60U7ILIPax4pYhGZ3aKO2H5EAYSHaIK1zci/xRtqjvrgmODQRhBZiobCBFq2Lyl/S7/b91z7zP0OkohJHkGCfEf1eMzTUnOhURpUxyfoAfnmCQimYpzOTieBx57xd6GarJFJzPsgYb9pA1QM9gxGlcDW/BBj+ayUMmCeeA1K32Xq49EoJnHIArrQUBIy+Wo+/0KFMkyRgJXB4OYdg9p3R4PldKNuWfY7vhiNi37J7SYcyDIFokhiZDhe2b5jsG1btfNKCvgToqio4gD5J0+Yz3RPUfurx8y8oYTdInusGls2pNMSl/ybGNQuLXwLlcZm9g18REARyABevluN+lNkOwbQm07I4AwYKgYRTGDbGQYKhqasIWOBroVbG+gklrmJCVLn1Ul1jnNt5vpJiUaxcW1NakFzUcbP1EyKxk8UkL/JzbKnwc5GjDSPSVO3tLcQiAvyuKIJT/27SLc48UEVOs0ErgaIXQs6bf4iF1rlXMT8T7775CDdKrsP8g6OeySiNWwZg4/bd3IK5Dc4+yTAPTk0MzPwaav9b2hVcJOmZaR9fzsWrb2tDVsbGNkoN2ovWYt0ykYFfeYizXB2WzAJXEXZfh5UNnaJHKiIig5CwUeL9oIRY4LlCPAFd6arx5RgSek5SqNxjMtUd7u9Xly3OK5H24cr6X0Qzwi1aSA6mStjLv3zWnOeZyD6BmhtqdUs223SDLCNUoBuB1c0ZMjakvJDSXhQ6Ilg2MTK10AzIIkcI6kVYYzGudGyZ6L1bUZpWOGcRWlEmJRSQGIUHsFSEmOjlkQli46UlLG6WUAtqlfjhRmZBa1O51l7bkGiBSVilX9Zl3iec271LmQaGlfPIDvLDi4NYj0plE7SHZYjjBVSvdnwi0W/O7dp51122rAxOf3p+bmvVtER/tIyKZQgJjoHPtN4PIcJCraiS1YwKWpQVK5MKkwSqQN2Mass6RiRRHGHnIZLHHoZkwYVdFFAcMGfSVtEe1opIQE/Qu2xrYXEP4A2wywWqHxZaJ1JYSqyWvAoVorDqZClABFpPo0qrV0UphFNZ4F1QI5aUGIeq1M4W7wyh40r82TGfCC3hof7W/u6U1JwuCmNnQ3fqDuUdJsFFAW2iregnQyQVuvf5JbiyeZFZj3sLKDuyCo+a6O68EZrleN/6gk7+5Q6s1JYEXJTe6/RaS1pII0KRjHFlKVDRY9TryXoi5O2dMDyB2qMVOZpLTvOJF0EhwNkJxwb1zhW5ofKdCn7g05F9+Q3P+UJ/+cLF26l//FrwzFv+NaJb3/GXcc2/CCAY2GdqdO5/sir3vH92/47177t9A/+/Ze73eyrYcrf/64v/WJA/5MXmCSZ93ONVN8o7VCE1KiQPO64RlIwrw/qqkkWktvelNf+45fOuP2ZlewTSaZqFf/w/on13LtOOW9pjY9VPzvt3852msqgbk9daQ0ld4nhlya+pc1izmZ2rGeOhHNoDHhwVtpHs1suIj4dap9LuYnWsJ5YwfW7PQZ1ZBCL57zxSS//3MX/nYXb+vOPvfzPP3trRzrtJO04GA6D5LDMn/PGP3jFF/5717z083/33lPGJBWlHNoofZXg56Wl9HhLb/v66b9h/SKKoRgDKr7+0g+d+d85SDef+t43fFHjp3JwtCyrsuIpSSPQhCf2hG94y1u+8t/Z+cOLv/W+d97I6JogF4Vf+NlrP/39bfQ/eEm/e+Sh5eI3PvgJQPrhl8++fM3PXf/LU78jWyKDSiq82A+uxmv3FyTt3URrtawjrRJRw1LtkLVM+xgbsy/J1Orb73jfiVf9z4QKZZcZg+gmQODTH/nGxcP/+nUGl53w/i9sX1BZDj8MpAHZi5ZbKPcUAY9289+86NLZomPrZeedRE7pFKBN+r3v/Pq62be/+aqf3Fqi/NopVb7AmjT7mY2URpaABBVd+cB/nnH7+0tyYYAxxrUcQoqNTsSC1hCSs94rZMRs8ybzljNukvVsbpfRU1AmnDDghwxCQ7PJ9IsEFSc7uzCUN5hxQQSif6eYFoHpk8xOUGQKxZVaQCp5huQahNW5ZnvgI9j9DebS1HeSMm3I4GNrHEEz2bQ2VT0YX+TUjOYi6jaqO2plpHYDjCY0lhPeU+lj1CBBdtmaiWodkT6v9LoxJquGUsDsd6+ZnoU9eLOs6tvncjYrG4XF0noLtQg7HFm7RSstVxPLtVzIfN6dmWHgHtHPKy2Y0OVb6rdqX8sxJadmotguZhbaNZEbTNR2PVs3bEMBsYG+Jy7RwkfcxH6M5mTjMQJarroGGTDjNeRaZFlPUphWdqZAySYgbXwK/DdGr/0VH7UQUqzzK4ni0SgpxGrIyCczaXDyd8XVsuOhpCEPw3glIZD8NVzmr9FyLT/Wo0E1HMhvBnXS1OMRe7+cCjfi/oHcs7fSXA8GfzsJPE7wcdnloCQfb9bCO5a33bZ02y07brlp6dYbl267efm2W1Zuu2W47dbhjq2jHVuZr4PrbXfE4ZKrRx4c4swZkfDSjpJQaItJUiCP8oIFxRSAA7A+EZKcHEW1UES2ObN15x35tlOi/QudzSYLIWlWqOocfVMScFyxarOq6EaqsEiXnomSk6WnmVPaGPnt9YuyK4CsHBBhxOJWyBxtElZr3sYokYmC5uvSepQUcDpaiqwNE6TP8K5cmm09MRHHTPxFFTpoc2KKdO2WagQurtZZ4Brrsld0OjjEhs9HvspwZXkxmXfdcmU8vm7r9lsH1Y7ReMdwuGNlwJ130U8yxCzBAH4m022wfevKtlu4ryvHxnjJQmYMEQC5gMfemkDm6K9r0sZ+hseELEc0BwTrh5R2JEpD7sA7S7rBIyRmhzFmCM+yJlWSZ0DVjrYse25i6ZpwpBrEJlobNErJO2hCJJIZ19QSARnXbLYZ3U4/DAmZkGtkgR5dPds5f9tAFIhZQT/iJHKqz00THnIzKVmDNOGtzPuhsguhgEZCth7NUSN2DZZtdEdrSvLHXPsHe3lb84lXNPFuwr8lUmlKBdiXQZZuejLzkE1axlU3I2rAy9kG5QSulAOGrvVQbWBWf/WbXtNDae0ep4OamDY3qV4ckfVUaF3HVIJ8AARZ+Qn0KVzzVlr1nBP3oonpcC3BGWGfMOWa5tIyICkoJ3clHCyvjMbjottb3LAxfSWJx7wQo9FwOGR/Vvp3J7EpB4y9Io6Bm2oK+iXxPykBCZmRAoYLDC/8ChQToK1Q/g7FNJXFIwS9WsAlRdwwSYVySRF6PmsitHSCH8td+D3pW7Dxc3QwobHj4VDojfg1HPD36W2QYvWIyY8q5j4agfsCHcI0QEZwrJlNQ94xbr1Efabrp8ulACLPDN9qJLdLr5F8jeW2I/w0GPCX/m3A/5H3y9/0H/5xzGRM/K0Mm9Mw5IPpR1Za/MaVKgx6C0WnCxPQlZ1+J/1cLpKf48UuhGapFBqrQsiUpbNf0sJF0fNFl4oyBVFD0XOd+aK74MuuWLVl0nBcoeSlA4MQTAGuJQRtZSmgLaUwVmwcxEADyo+qSFXMHC22Qxgyl24umf2EGLjmpG7pxstVWSiiCvUoRVnZnmGzZBCrAVUrxP8m82aQbJsw4q84Wo7jYUxbcczvp2QLJX2aorPpK61sCgmP+M1MypH+TcbPOFlBS/zZ4XJgso70y6X0b7pmrIaRrab/sZd5p3rdOTOgLcDgJgRtEwVs1D1+FKQ4hy/EUYoWddQSVvUhs6o1PUhkjPEtoFvtkAnFYYrFVLPGqDWLOkcZm0JOXAxvd9SoJKh03N+RNSWxB3RuQkvq26yjBqnzS85QiapGsqRrfUqMJPSgg4+h6UJkUCTHxrrXfuaVjz3te69+w6uf+6B9+vQ/eW245/Fv+Poh9//HZ/7Zp69H2biX7oJaoeDpxo88+6WbPveelxy24Y5ftLr+7Pf/5fM/eiNnmckUFZKhmyRa/4f/57lvveu3X/OgO3K1wfXXD7Zs2Tj5SylAZi/I6jKnX4gAu0wbL1WgM16yFN75xhOVxVr49//zbw//4t8dfXsDdCj/Jqn4FukudTau1/3Q53/4zMNnshhceNanru34npeOZLGQ5OYKHMBk7nQaRqE7EG5n0OyVtVNHW7s9air07KI4gyoUK1nLRNYHtKMWxEJPl133w3948p9v/+jrXnDY7VA0TL0Gl5/63pe+6iOXzfW7SObm4m0O1Qq00Sk2/Pgf/+AV297/2uf/F645vOJHH/+bD31n67rFRd5UCWvrJK/VDZeXl7ZvS/bFfO+T//KBBx/8lw+8nfVTX4j7PPnFz73kif7tn3n5Q7fc8XN0/Y/e+9fP/sCVnM2OHgaTro+8okVZBSVJt+z+6HWP+pPh1972rEPu+EEaXv69t7z07T+eE84ZFSdlp/zqK16zz7//8x/s37sjY73++i1bprjUc2c4E5wQwclNW7jgYz/85XF77zfrSlf95GunLBTzhXlpJujFFxdLcC2nq7nvWi9UjcGRC22Mb8Z7Yxaq8kMCi2/+wb+8emnr/3nF8fe4I1M7/MWnv+tY0R5dAAAQAElEQVSf9rgDVl+4Me/TP4sLF3/yz14/eturn3bP9XRHX8NrvvP2t37gks7c/AynChfPXl1swOj0OL3uib+67pmHrp756orL/mPOr9NRAS7sdm/+2VU3Hb/f6lz1rZeff0pZ7opiMeSfhjXQZxlDHbXXkQqRZJTOz3313z5++EF/8hsFfrTHi2tcXGHUrEnD2kLHiQWc9KGX1MqGPBmIhrqFzrkm/IDPkWQ3JE2a8J4ynbLCp68xJ3JKKkVAYwHNqdDSysYQaPuWGiNBESa4PtrVsVHLIBsfTteOjNfCTJsMR0QNtGu2LbhfzTaK2RQhymndoZHM4tIguZLyiM17zdZJMJpaFTYttMRGKbaPayYtmtHUomotciliHrxTdrN8zhy14IocSTLqRyBwZjr5FigjuaixUMsnY7bRRt2CICCIqGWCUQY+KFOBxKgIjunMTG7jWpBQTjqiZspsgqJNgkgTZVV1ttI0gR/odeNqKKVVzeeo0cQxU9GaoTn9ufzkipk4arABZ5XTeQyt9+PinD0Fp1e4KlH4ingKiowTTDyOhvMjxGC3C/zXVnKDVE0BifLJWpN3omSlBkDn4Kk6GIPOBJiT4AwJ/svCvxqscPEWJV9vvLJjR3KGE2DN1BayXgXCsZycXJXquHqqCkpuIXOgEah2FG2LyDozqy1v+zZs4hRKRHZHK7+glZBpvghm2Sns7LlzViFDMk0jOU+1ovyea5SjWV3mfSCHlzJiZwcqtgwzHn8SRL2iJE4mZ6XG5o6QZrBlVxrPBOc6FLHbcTWn6Tn0J+RqBeaEHqf3jpJrzag3Z6KPObOcQZDIvBcJFWGXnEj7f5sv1eHM8SI9fVFIixTA297XLUhNNjGvVQKg1831dt15w7qbtl2z9Zb0/oq7njOQoMSpaYN418kRPqlfSgDBaMeO5Vtvmd95Swo5pDsFSfUQpqCQOd6xesa57AgloZZ24/KpMqeGCK04QyNZZddKFw4Uyjfwrpu0sEjbxli4ziSUb53YEHMFvqkA3Rg4tA03fQ7z3J5lTHpCbaPGltTIGmHNT1IjqyhmGeaykMKYXJ4K9SotYsk59flezSUnvGaiZvevHokJFUhDyn61s7fbT61pbonC9h+gIRoh61TgZMe+GV+Wpq0rQAWsHuG0uMwScQ3jIU4+GE0OPbbVy1qWir6lESxuYoEm7qJvtx9MVk/8Ycbd2rZGCytuW0+2HHowyGwdUzSu2fJQbxOIdh5Re/AZmXZ5CC5vw1yObhZvJvCKEhXjJoS1xuOSxklxLw3XJGEwKLpzCc2cW7dx5xShW9p6a4Kl01u7ZUcYB/lQlZxEhSi4b86fRQHlWzwBeiBJekCueDBtZ6KWrKeVMxMOB8fbIiEOzhAwqhiLoo5mYzNYXQNm5ratzRFgvNXndXZihSorW4gI0Titd7GzyoXpHB6LSc5ynkchIkTu46zvNWWoS6c25rYTLEtR4kzIbIAtpDCUrYdQMUn8X/AFRAA08hoASWk/Ac56Fjwkty1Ae+pRXbnSzW/YsHHndck/Zq0ijao801s56YVRyUwrYZrshqQSS/FVI/otSB4V49E8CI5cBs3GTEHijjZ4E2LdILKzMqEYVOGaIasmuNzGNUaNCi09A9m+MrfUTo3Zn61YjMvmLplz4DV7U32ORry7lgGWbWnJcTbdEbPIE+5HB/+C08/HdoBczJy8/5ted1YKjtWKEGINhyxQ4+rkN8RGR/HPOMBBa5CylaGwXHAumxTqisE9MvXd0qbmdTgT9rGtC3J9H7VC43IuHbX2vml3oU5MUgGHncT8kvZI3nSDGac2Cc7kqZRY6BRILhbmQTEXgV2CTYUxC+XPewlOORWZmgrkr/32Pz37q5884gV/+rcvfey916B4nnxVa+ypDXd/8ptPO+zIv3rIX3zFgaMw1ritYKXlD976e4++4NVvfvVzHrzXb0bpBlec+om3/vXbTkjoc2Fevj6Ql7rnmz/2nMcsvfUjf/Wku98uwrH1nA/+zdfu8ca/m25EyBY0lMBMC4tfyKNQU1bM+1kQtDq5Xq1mk0JFed3nX/Cc/nve8acPX+tpVajhYwUwX7FjO2X3W5/86Use/qh9pj8yOOfE193Y3ZA0dBrNOIwkRZGQ6a46SCYJHQK9bYkavqI4MGuNBf9E241uDVw+PzUKD6A13ewplCNTK/+0aNh05WLDj975J4864XF///cvesxBm29/I1SDK3/0sfe94V9Pvr473+uCPcoCA0IAAg3r3caz3vXSY7/xmNe97iWPPfg3XvPqsz/1xfd+8vztiwvzc91u2e/35ucWur1eGuHyjh07tm9L0exkFYz/40Uv773zH/7ooXv2Zs8YYHoh40reqN/6mVc89MdPfsMbXvaU3whgVlsvPvlT73j9W79+dd+hKCg2VQyFOlpik1geI4EmMy1r4fun/dMTn/zTv3z9y59/5F793yDdBzf+7Fsf+ae//9rlvaTuOeE+SqxDNm2v/+N3Pv1VO/7tL5/5gD1vb86Gl5/2vpdf9dgvP20agHaNndty6tPW6XRu/PSPLvy9/Wa0Lrz6vM9f1O10MzrV8ghamZmrX4Y4keZbz3yTTBLv3uyjuAl/dWr0Yj44K4Blxoxbf/7xl7/souf+8fOe/IC7ro3LV8Orz3zfP/6fzz/kg09bfVkyYx0VvgmmWLd43n+88k8ufvrLnveEw/daoNt/DW88//ufeut7v3f9XK+nqF6LgWHCzbPs1Vxzw3kFxY2zMeWrfnliv2e5qE7cBNcpyzPOvWzrQ3aZ3q/VFZd/eb5Y73WeSEHR1SiYDkqr+fD8+I/rdDrVCX//iu7f/P1zjt5r9lw6yt6jW1MK6xuh1IKyAM5+q3Mp9knSYTBocu2ESdCIauEd1kvLg3HTwioORnW/XydgqVv6fqcYJYyGSexdaLuRmk2pej4ocmiIZla2gtor5yx7C+q8oS8NoRjYixWrowOvsHxrsx0txqCZO3LgXOvIqe1jeA3IAfXjETaPsBbUGvnO6sZcfGPxDEH7wdvFlXkc93fq1uDRZGxRdSJlEM3Gq6Y4tY5dzFEDp64Se1wBhNS2u0LIoRRONiRvlY4Z5vAmNCJoQKw0zVx+czfgCDZ92Pi3mabGzifmtwFtm03UBjeEfYuarc16p81SEhszUM1H/W02A6NhBMLmoU66uIrWL2wKmclI58TfbDEo38v+pqOJNgUums2qW46oWWoFtjPegQ0RgEWgCZ8kZrELPkzArjZYMvhPJRvv6FGtrZN0rkEIx/+PhaH/yVl1Li+6VN5ISyKPDzhUxIJQhVejrrgnVVheWamiWxmMlrZtD8MBZ9EWrpugzCKJLM618slNLbtFp5v2X5Gg53pE3OSQQYFaQRHQ5gA0NPoc3fcN0K8+YTTHc0KsyNZXNNspemCfYt6zkuerEOKbmOFlmRHJlROVXdctdFc6+8kk5dJAmGcCnteSsWuFQUIILknPnF3HGXEV11x3Skl8NsnAAj/B/YVSsUgPiYQ1c4LheDD2VQBLWorXr3D3ZC4IGVeBuz2PEoTC401QpOhU/j0fSel1mFBqbjHFGdaCdku1uCx+wfksCJKFKoUHFjf09thl55t2DK++edsSJ+rxHecdF5/X7HnHHuSHDFigcM8Q9GC4ctv20falcj2bzZVMmneoOZEQlIShsB0hTCVHXOk3DOiJWTIoRsyLlKQ3M5MUTnu9CrQv248DBtAIbRiPbGfoIumqGF5loR9h62KK8CK7m3JXnnErjYeYzHEfFUyuhWaYbNEDqMI9Ayv2VFnY2htXvaL2HYjtg2xiwoF917B0yvoIOahgRJnwk5ubBJM5WY/r9NhbWlgnzL/YEpfUtk5mGWkGJRHN/lNzYTjnkFmBJqWs3qP9KVMTk1fW90AT2lTF2zE0ZgzLgKWGBH/Wa3JGbe3I1ri5HE3YI9TCrmhaa5JNsU0rPm0EAga/2oUnLoJnzoun0+NaGpkmNJ/dGvgeWVWHgR4Eb6v18PqEU4MlzW/Bl0SgWIKJze4lTYGD+YGtYhYIg0Gyw+bm5vrzi+s3VqOV5e1bb10ZDEpm6dWDqoCxNFdtdiVQbjyStrYqIIK90nO5vCZ2ADIIopva7EGCnQEbBK1Aam3JisRFpzAqS7Cxtu5TG8DkT9TuxEFojcGMalpfoZsGgObRsqwWWZ5eSah7IsvSlkLDzCCRj57LlW3wE6UESp7bwQzjV1CXDGvP7QDKEpVeMXcvUBIpXVjJ4SoEvg+SkEeKQgtQnb5dv2nDxp122rx5c7fbCdGYqxmyLvOuUqMM29Rn6VYx+zOPsRTtnfzPmrsLikFtNxcDi6OitZ1ONfAVKtaaPxyVgDBgNl/MclQ5irPk7DS6vNK5gNHMXhdtY3grYyO9s4952+P0WLqIbQVyyjXGdUOIWSP1QJsYWKBLinJIAvBRC+Sdm53U91v+uhM3IcQL8l+0ktU7kVnYzplsJGrCInHKklTIWsWpa2xx9bAQgTHjwIEzC3rYxVZ2tEpA/QsEWjb9dfuZTYE9W7iWFqnFgUbEKmpaGcJ3EYEq0FvmZwlWUi7GugN4ECUQJh2TQgk+jk7Xg2FN43LIVAka3VT7w+fKVuGvzn9hu7d7zVmf/OsnffxV4e4PffHxz3zYMQccuPemXn+xhUoNBoOl66645JKzfvStj7/lB3d7zTtf+8LDtszYWf29Dj7Uua/CkQFlXoZPksy96dv//PxvvfmeD3/pU57+0AfeY/+9dt7Qb99kx2C49fKLL/z+SZ/47AdOvmRuPsGDhbAZB8F/2XJJUhKyOgmvm7/wF4/97Aef/IqX/t7jj7735talZLSXXHjWKV/+0Lu+csnw2R//x8lRsn8L3KAopEMOzXhJ0HLM4asKUEKIM3OgvWR8N4XwJs7SRy76xB8/4sTDnvvClxz/sIP33LDQb+BCLnJhN49rpoMkpNseJ/EgOz/89HlXPGqfvSZvdcNpX/nAHPX4Np5dhdKwpKTMOulT2mPXMWdnId5JwROI0kXpJlO4Gc8J4YkuE0lLjHkbpfF0Z5D38G1Bb6q5ayJWeSyzLszx0G5XWCADPAD2ZAo/17vytLe94Dv/sM8hz3zK04498uD9N/d6zeQMlrZuu+biC8844XOf/8x513adn++WzHqY1OdoNJLMzQQX96TOqkKeSrp/v3fpt1/7e197zQFHvuAZz3zEUQdNXnOYrnntJZf86Hvf+vqXr9y2bt26nbqlojzrFtfN9ReSql4ZDW69+cbhyopEdNg53vHZP//LMw5/9B+84KFH3nP3ndb3Mo6WXKjlikRzB6oUHCqK/q++/NrjP/+3B/7uS5/+2IccftCBO08cosGOrVuvufi8U7/1/o99+IzLC9CoOtJiS2N+Bu+40J6yBRDgHqsLJ5wCyQ31157w9hd88617HP68Zz7v0Q866MC7rN/QvtHSYHjzxRecdeoJn33vNy/mUl5fXyRN1wAAEABJREFUcgY/is+4M1Dhgc/0e2d95OVP+dp9fv+Zz3/CQ+615/qF3tSMXfTD7/3Hl77ws2uLlzxuenXTduWNIi5fg9qwnKJOUWx9708vOP6eB02LiEvO+/gvSr/BNkgOb6sL5pi6x63ed46ZwnCLNC+1IzdrIxfmwBNpvlaKwgdE9la/2eXkU/XP+LK9bqc+51NvO/PDW455xu8+/MiD9t93c1r2Uhd9241XXvyTk8/45idPu2Kunp9bfdXRys0ZqYFlI7wZbmF+2y++8Po///ed7va4Jzz+iPveY/+7bliwy/KCpe10w68v+dnZJ33hC6de3eumUZRRdIQLjbenyk7RDgpGuO+ErhTTmG5+xvmXbXvILlPp1jdf/oNbOp3eZBvVNF3rvv7rq/74sOkmk9dfc95cv2gaDOhJkS27et496S+FSiGiMZ30k+v6HV//x5eefo9HPfH3H3PUPfZMJyhv0mo4XKmQusGqr46dYga6zYINXMPICnEKOsyKjbG4A+TEDdFYYARpwRa5Kk96tQoNcxEZAqsyGSLkdRJRo7STB9W4N04WU8e5blGkIY1KqZHPOSkyKG7jDpo9YfTDXYKyu4kkl044Cux5IURwjfuqiTgZlmtcUKWWa7BUUn8CZwOUf1Nh0EJAvKg8ZMHAXO7nVsN4SKHK0ShJTOQpJ/EtlE2Km0c0RbMNJlpbeRwbYhTHBROoZhe0LGrmTZriSuiLiuzkqcfkkecq2gGZNxhJVMJhWB9Rtq5pTFRTIs0HkwIP0FGOjzZNlfMsGcxjkRKdltjkUcsqq9Fnbo4qL6eJYOaTOuwHZYAkQfWD95kOrUG8IjnL+o8xtgRgvj+1/GWhJcfbDCG2WwI7i00aWYxaUQcQx3ZOsO8xUDFyo5kLzU2D3bW5HjXoRfbT+HtwUHqm9FV4Xhi/uaaZ6TLqIfcPjAQnkMAl4KV3nnfoE6jos8h8NkdS+Cfp0W4PibOGDqgzDlffpdPFGWKUy45JV0Lu3emO67q7tFKU3YSIDobDamWFZDPHLseXkudeyMRwnhW78Y7bqjLbzoiYG5pCwQ17lSxG+SAVYm+tjioE2UN1jkUZXYI5tNLvkiQ61V5a3S8ZJpRYE6CHJCM5s5hN9DqXOmQEE1Q9ldee5Tx3IsMNYAhwJ9LD9tJxq8dcaz1a4e5RFTcORFTPGXVVwwQi1hpYLpLOSObb0ralFEnvkO+XnKswqoYrS2zVJcmR1pYLuRnQlqaCbApwjfJwlIRa6HCiiB/V43nqyySke4OEla03gGXViMvJ8eTJWNp53bp73m33q2688ZKrbxqMGQGqOFMuxQQ6tef94HJPUOl4mnZK+macLPSbb0kqMFKnEpwpIuVQnKNkdSscrMSDYrk6hXJIH1bWT/PJJ2J1koMm9LUikwqSNO6yULEKbEtazRt+oWejwTOdpEUaL6MeuIja02yzkULUkjYAx9KLPGBSPvky3EPBQAM1WrCJ7bSMUrrm3Wu81Lzx+a1BYRAZDKt4J2VktcWNQWNUcFFQaNq4TYiJyZdru7wqFFe/J7bfODk6IpoJtcwQknHK+2oB2k2lSYPNtq8wMSq1hLJ4i9TmO27emUUoPuSo9SPNHvPtLUZ+T6OHDP6lrC7qdsSSMmJwR+9kk6CyqRH3rsEiKAMYAB+8z+BcY5u7KSw8l9jIh8Q4dJqxt+YOhPJ0alMHkZglR5ysGUO0Hnwq04Xl0vZ8lAZtLNF8XZhGjX5+fsOmnZJwWllZuvLq65CYzZSDXsh48C6l9MzPorsYjD3oOM6mWqG9UkkfNigbZSYJI43KSWuxrAog3JTzB3nQDDsw2ZF3pgOFGaQSBjiAomrxamVBsPpLdYu17a2DUrepF87swJ1yxYLqMgBdEPy/5HwD26lr+JTOtq70FSBrgVNDd3kTj5RjXNFRA7YmhYlnZoLmGmZNaO8RhxBmBKEixzidpUHXKY7Z6ZRzvbvstmXPnTbuyjYcc2eNU6CAM7iF4qiMab61TboOCzgGw+gVOJIS+py0OXcrqLhxQFWNRLqW4kzUcTzgzGvm+AqoHvISqPdoOixES5gES2IQ1FibDMY2gWpUmwz2Y5MFz5OZ0TznXCuGZvTyvDppyZP2DCFvLA8UMGq+hWwmUTqqvQs7lEgHzWkXmvssdM8Us0iwAzhDlv52v9yd8Yl322Mvsuiq2hFW+oXMMqcQr8/1aJHM+arRJtq5HHFw0l3V9CIkRwNFxwmN79QzyDK0wSkahUsGW/CWkgI1k7IaVsM/weWdKRnBWjSRBKvEoxBz4VuIgycWi1K5adBW/EGW+GbTc4LqkA20YECHMLkXCLcE1x658icKOV5R1tZwrwQ1MP7gKFmmkCY83lCN0o8CiGs+AgzxoshGE/zY3R77V//2dy86Ysuqlbv44/s++rVItRMjUhA0GScIIAQ3LYmZQ+oKEl96FSYpLBC5g1eXJEGytj3/kp+r0KoxsEuj8IGvXTEWIMYYx+5qlTkyuQxCdEoxvFBUwjhygW7kKI12UsMo6qaS9yOPGDCWUnaK6JDeXxrjRB6utPUNXnq0pP9hG+bOT1GWCRoiQnqC8M+6o7ImTjhdctgiYII6yXpJQZGt6orlXV/56ROedZ9JYOjKr/z+E15zXlc0MQYpyiMIoyK3IoRb6LnteJD38NYaM/obZYBFGkZyP7izeckJ+KMRd0fvlmWv7HKiXJoN78bDYXqipB+DNKSPglqSOI/ppukPQUIpfHdfoPtwWqbktAjY4rjWczROcV1ePu2GEaFrWXszoyV/kBteCXGTdN7TRgNo/MC4RqjT9uz3+pLmJrsk1umaeu6knghnXUwVbP5aHpTBj0yMSMJSgjz2NJpO2Znr9+dTxH2O6asYCp/rbdq0ceeNmxc37bI8XLn4vHN/eeEF6QGIFWpSwL2Ni91NGxY3rFusqLx2+45rb126YevytmWO0qdHJOY/Cbrocmy9hH0lPsQUmqQqOSIVClQk6i85n+naSU23gGiBPaZrBJPV7nipcda6Lvmxlj72Di0vwJnH3hYHHxx4+Lw0hRBBIWe4ENvHCbt07j7vsM0hP4JEXPioFmIo8bJWQgEM5ctDSY8vNV4qFp32axKj0bOtNhqCD1f8alhRRVrTHoi8ibKFTKSdczjSlt6f8FgIPSWw85R2QgmaTEsESDIwzXG7ljnt2Z50tMtuHmZuPB6vDIaV8FyCwiV9ilF5GT948ZGpEUmxfs3rR65fJk6E3S1SIf28ffvTXv/VZ0118LvkM0f83Wc3dwowcEbZ+UUwpCL9dwTKOJET6T/qlrLxz/u0aFnKmm8YsL11v7TnCpAn3on8OMjYdPoq0GWgdYeYQF0+jiVOU/4UTk2aHKDkYFZLc5Lg7wSCi2JqG86cmoHywyCF4aIXfKfosgVdePNlIHcIlqLI9wCeqDGrLY2qprfwEvQ6QBm4p1eMo+EIzcmUdtr7fr9foEercUvgOIBjL6jnxNsmydK5fpeTI2Moqe5R3Y/jTqxS7IofB/s4I7pCUMoxJiaM5kgWcVinXLduced13RTg2lH5a7bXNy/HHcPxSMrY0xkSRcbKmxdOni+Kt1AWigWhDsZBxRcFSEujFIGQFopiBXNdDVmOcdT5wt9jtOyM5qWWLjVGC6zxEifQawazA4lzVWlXH1hJEIJeq6xyWYU190P4rMjZQTBXlEGP/8TCxCOPR20sMSSSf6P8DNiuPp9pMQAADBHYpGUGNLFaECVna8E+RvrtXH9uYWFhfm4x/TfFDhnHE4JpJ3xSEBNOgSDNgG6HlpxeEE4LqbsJFq0sa0KT/pbxFaycAtYiWMlRxo7S4JO4JJk17O0ojJPijrTa2MGqwASq3+ioFUuQOxYt8IAaISXyJ1qLv2xtOk02V5c25qJuPA0uolEEgyKosWvtGRWyUIOJVNrrN2aqYshio9Sgp5T0NXT8bhAdQZ8LyV9T6FWoGyWVq+BGgJJz1fG6+HhPAUc9qRo+RLJkYIcFEhBN6cjNR0tbb7v1hutuuPaqG66+In0z3LEjrUG6+lw3wakFc+N0in76YgHOKrjodeZ32mXhLvvM775vd+PuvjPHmourop2mczZEHAa62bYBFieWycrKyo7BYAXhIkI5ggACaEsgZjlwB8WVUW6AhdCTAm0Rtc1TltMm4hDWEB3t1SYUFICJRCD6hSqP5elctwzDpZXbbh4tbSOu+2bKDIJpKgqM1Kfh8Bo2i6guHuBwOLrt1tu2b92WkPpumazFcjBaXl7i7JSEiSaba2VUD1kLcciu0+XBpHUeDOpBGCdYYLHf2WW+v8u6hW5XUoaThHeC3kqXJyF/5ilJNy27nXQ+F9dvqIruBVfecMp5v7xp+zANZMFTCtpuWJjbaa6zU9fPcxaE01CjK9IRL9P6zfUWNm3eZY/di/ULCYzhAu1Q5IJUlO3DxhPfpIQhrSC+lEDKnHWQTY5Om2zWcEWg+B5FYZsaE6VkxWkgHXmfnhKFqNKmH9XL28OOm+O268Y3XTG89brxju1CHxA4w6ff7/b76ZNpqycFyOSqyyuSDaA7lxc7xS87ZX/dTvO77N7f6S6ddbuU8+sd05q3AFRn0gCHUZP2LJEvqjGAJDyI7iz/TWjrfzyyjPRqBUdXxSNAAWyavDHK7ROixZXyNVOdxlF6iv7iunJ+ETE+yBbvXUY1rbxGL20aIZqVSBn1VnlnjzMJMcTWQxNRY0Dl79d4ZVTUfrBxUXRZ501Iz9g4vCb2VMu3ZG0zxHztyWGY8RKz3NQ3NaafZsLG5mqO2mhwPt36R0xQVOhMjdLQnhbFGWKcnD6nStxGQDnaiouRwR2hlWk3kVtpasV2XbP/FHok+z/yPm2wpmtio8xcO3fYY6b0xDGBr4guhiA5RQgESQX/nnOf0rWXtm2/9Be/SBK9ghoVxKaQtLn0gVL1Rln0umLp0bZbb73owp9fdPFFw+UhOx++W1Mt+XJi38TWztStaWMW4yjdX4Ddoh3ogbkrLqeBza7Z2y4TdJg1IhZrLe5OzUFBASKhAAWdRtsNwYJlNlk5BLPpgxYTOckiUiRBPh/QSVUMvySlOoL4pCF1xLqKcOMFpJCqlzoivwSqAvYYaWKyION6dL00/5NFk5KxaNnLsm8AGokr14ltE0imhdeOp4ufjuFlaQTFRMpoAVLVm3bZdNAhh9z/sMO2bN7MF+RaunFy7FiBMIdyVdTEVU8dOEXs/6ntE8OoXklotROmKrbhxyvj0XKSnenqHekqkCalHi6Nl7dVg+VYCZWHED+xQOZWE0mCJdlVoS+B2Op6OsAmC7YUA6Ct5F9TBWSPK/UJt8iy4sGguzs2MgPubFBwCR2X5AkQv8zyweUrF84wZQccDaxf1gfHoaheaTskbdEY8Lxd/5iXvZPubK973/ve9N963WkpOLJaw5Fu/Ua9EctNbvw2UoA5TpYwQj5BfmuAw5x5/JmaK0woA95ALmTnJM3bA6EAABAASURBVI+hJfTIjH7XANM5cI6NhzIyLk6Ed+GQ66jbOmaSTcB8HvlCkCi4peYiRavowC3IPELOZck+sMvRsGzk81s4bBdjPnNGiWZz1uhSsdySWGRJDjkYyarLTGkntXHTiW/9vW+c+crPvPmlR00z7+Z3ZndJe9aL1Q5vGQB4h4pkOwlTHINTXPwpdpUUoUSJnaAZewKghUwTIr+EHyt8yaIKkaznlbkArkMh5FAelqszjCABMRKKQ3Mopf/nBF5G62LRIZUoFkFjsVTV2CjIKSahwi/SILqkuL0BCFHjqDHDh7rRkqhiYkSU4aiXTvLIkSU4S2kGqjQxLQUhx4e87CH3mT64v/jRO88qinksX9IXSdMLaoYKJ+44K/4qBKQCWAwaInGMwELlBVR0CTOPcnDSTHM9TeGB/rpoFUxRqoS6BfAdsoxLh+eUaYmlMz6M5AqUzmwnycMQVuXInptoQ95IVXparwJa9j7f15dA0Mb87CUvpZwF6N2A/ErRfVHT33D2ZSS17G2YRcwppSnFUZAR3jedbpdTgMQf7ndLa5jCp4bTx0XXpCund6X7jkfj7bdtZdpKOHQCFKePzvW6Gxfna99ZCvVtw6qXvmrhbA4ZAYMhqf27MrqDrQT7XuaBOyHU5kWowvMN7V5sGtjxP4Byse8ZtRfDTSDeEhMNMZCgPDkK7A8DhkHrXYwuiO1TBzVDg5m1Cd7hrSLBcxyiKDk1Ba7AEJL4fcQQGx6jqwH3IqIWS5I8BVsLOOOFQNyceMoRrpiQglD6YDEbdanEwFJ01QRKNFQLPjlDw4J649Am/6mU7AyJo4hMCzEFQqiDohBLP/S6HBDw0Szv9Ne5fg/ksiUXjqkEJGWnYXNz5ahnvPA+mzowIGRIvrr8R+/74kX9fivrgtFgiYXEBID2//Dww6b5NC6/4SdzMHPVj5F9ALdFouj8t7RNe10WTgxrCmynWqTlNWRXIMC9Fa1TSJqVec6NMZ4dQSiegksEOhr/U+DbEkApm9oqoj2TNfehLzT/3isDTOOiqd7gb7vSLyzqFUD95KnJzXQx+3JMJKvjZGnAQHDHaTwpYMsJj1wNl4YZT+f6Ga8BmuktbJyPBXyYbil4MkYlcS+H7HD18BzcM3MTXd4LKCuyTYJkBlDT8JaWeAmno5RS75+EonbttIdSiCCzkTiNkMi/EZEJsqSHtsVCZH6e6L/s7jtbbGovVsvutZXSG6rcINcycNTbbfY12KJds9M5TqmObIyTVdY6cfpyWdSrgJYN2kEDMhN4RI0lgCFhQaMWzfMfbeEoavFpRlf1EYz/OSIPWpMMqLFusoRDrp+DG06GgNg5UN9DNwxBVJJhtajkzKeGvO1qzZLJvvzEK7bl0pTNSfC/5RcsPLWTHqnua82rzmAzt9GKz6Mtrt4itLe3h22Qh2VetO593Y4xTwcRWbIbbCbbrE5PY0V6HtUspPxwJjMQCI2Sp00KWkXYEpC4ooic4J8eoUvBESQsweAim09iRHXIt2l+DIDmwFh0OVU7Bjs4DaiikpoldPJP+93eXDcFHctOipaLOcxGEk5sxM1RMyj/MuNOQJvEcVI7anYjAKgZUcrC59SZCK31RJ4EVlQqxTPeoOeO6ZwtvqEYtFr8krKgTa5gszNmQV4dB4eSTU7kl1IOm/2IoAs5bd+K+gHPoUqF+zgUWFeOw4FO5XTRwvqyEkcPWhHZUUqmpItkFEODGM7gdLNqOExgtnBrK9CBloOYHV2HyJRudRxVaTOtdIoRwAXJR9apUG/LAfiptWS7GA8Hvfli/7tuvuT6rUvhtsFw7DtxSLRUhc64nnPU4wRF7QwodeD8leLM9WBluLyjP9dJwUNNzxDRAhLlDOXJPIWAtA8xJkWLBrYV8zoJ41xBhXeNQKVGWsiKBS2cMXPNNSCmIhLqyykbK+nBbP+TKQbaQptcTtPMc6WCWwu+zc+ESxOpJXLMdKQMcZDKNMrin8zEzCpI6dpN9qvwaWQNufxpFQdASIz9lUzLuLaEaj6axdPEX038uPw/3YeTHmTWEe3nnL5L69VWJbMGkm9tK0c6QdAf+ThQa6bzdbP2NVPATd0l3ys6lz/tJuyfPMpI079qJVnnb3SECpLrXVUs63ZsPoQNlZ9Cz3cL0GhNgJm19kYXjEMqrproCQ2d958ZU6617tHlEbq8jHHGBGGO8hpDejY7kr+sU7EJKHRg1WML1cyJTvI4BXsZ7D6MCT2s+r1+f/2G3e+2z5XX33DzbVcs79hWFF1BDDQtLD8TiJ4dFDjpESDpvMqcFi0Ami8sXnrhjRYDpppTB9mZ9YYJQTpzpa0Og1A6eYASLC4FnEVsoLbe08KqX4FAOY/QoeWBEGt6m9Ea/V6lkqfX6XLrPsmcAIWSNjUM4O2vpYQaHoPoat/Yfwh1QPILcqL+D+QNmJ4xEiHF4stwcRI1xiRWshC7HHfgau9aGjBq40Zeky3d3davX5dChsz9CJ6qNN6Og0te8SAHI+Zvgj6Vnri58ytVfG/iHIWqHlXjlTqMJDIx3+nMpyeuquXxcMQFx2PpIQxqKYa/GP5PUf40GQmAdgrF2AmIigJpQnTIVU44Ek73dszBqCxQWffY+kMI8vPEfOo96BjlJ2XJy0IVpqZ0eHXKVgd9lSlxZDAhHw7YDsLvJZ0+ySRxK43gf8nrzk/BEfNuiibR1ZtqIIwJXSfbQ414lZIEp6MtRCnrHWpUQtQiRjep/sTyiuYHwRzzRpDXCB0DtsVIA9JYa7K1pV3I0TFSGlXktoMVSnCu7WEo+UxAwCUEZZbEkZKEACV/kNELCz8hMTUDW4yLBU2ZJODd2RqfmOaY9QnPnyQqglcOESrTo1LIkl5nvO3pR53+F5/7lxdN0XG0jCGnsIjcVCvXSJBoyXm17IWoxRSw6tiBYLHqs79qrn2285R0qdkPMr/OKZEhatUbR54RTfL5ceEERBT5KtKcbPdCkuQkjAmnzFKhZJUE3OHEYRLQU1LGvJQMR64sREmseVOlVePZ3shTLHmLyOjXRwDu4KIGSRO2e+RTD9mLpl7nf/8j13U7PUn/NqLPoCyMMCzFiQFplqxjAP0hsh2lWWw2DbislGtgCqESR1K+ceV3O5peC67DKLBdshPi2Dw5WUFU84HYMiJXWoU/Izd8v6rsdCqrahKqRc9xXwfN7JC3i9WT2iLZ2BLFlR0c1Ws1TAJyHSsIaBJ+hbOfrd6X52Ms5Ill2RWUJyFKCd3qO2c1OiGWzuynwIHgNMzB0o6lrbcRvD6nCAmSBwsuForSaBckORA9yjIjJ1M79I4lmzLzxBYeUWiONKRAxlhWuFaklR3z9HfJP9VdqipNt5FIEEnW7xfFwsJCfz655T1mQNcMvahIXxrbeDwaDMYVukclq6hyDbUlSGww15L3KlA58SHrmHJXk6WEzyl1VIU0DOH4UIQkEDycMtWZs7XjzxZIaoSjWWlox6zAoPgaKgMU2PJ2GuFzx1bOJvL9SP1jJ0wUXiES9LdSIVUHwfnzaTL54G2bNg4IQWBa6YwLuhN4dw4v2HiPv3rM/hPnbXDPuZtf99bvbZ/r53w+knjKcDjqHvu3//yke0yf0Mt/+t0Le74vQZHWfeFdQ64LVEdaJY5fmbmvlo5zbdcrNhZU/mnCD8oyRLKb1S1z5mvoeXCNQ0bR3FrB+ilnLKjw11XI6s50bCTVX0D2efGCBYApp+5mnaz/y5XvWBeU7xu9gLQ9gSLLOYnYQS4XjsRG5juQWphblz07X6AiJgi9jDN3HoodRMLW30UdCYrmR8tOKbgwXdAYSe9OsqBOv+yVzEFUaOVIYfCIMf1JRCTGKWOCmgE0YOCkxalGhO50hRfUAAjeyByi+gqNUaNOBtkii+mCR1E41rm87kVTvqPbIGYOQZFvzmXRSy5DGG2bR1fMajwzct9ysVBBgbIVbCmibL8Yd4WBKPmGCAVF3VE4BA41PRykLzS2DseQk1nt2W0nkGVokYlZZ8o6NhuUsmee36NuRPbimt4Zdr6bhdTbxTyHgBvUGBCKFQJ1lskcc3zy2qrZ2CxiC6rBBQNZYn+0RJ4cIiTfemceQrRfkKYOm0Fq11EzKZcJhjAi3bkyC9kikXZBeHaOaLKnXBDsuuQyaMGNFKdpzpoXzii4l4CfOynGLF0o0MVeEEZkkGfJ7lDKKlwTJhOi7eJ8vqMBdnJo0nCSndPvMQzdGZUlty1qm9hQD2puw/YNkpxViaitsdwhb0wLCesO15yymJfamgo4zCpu46OzrVnAuHNitCYTwBgkoXs5n4FlJs5Gil+hVAWBBDwwmzEBNo9i3wBDGy4EpFCJw66qMF2zwhNrUZwMRx5FucPlnDCjDmil+R5ctVUhfSVNMrNtpP/VycEfJ5ygRqienxC2MHaaU14neZ7hmHM/5rvlcDzuMsIrQYUoIwHcog39BEcOdQIwEoiQjLpddt55n913vXHH6NrB1nFkLDvFaAOK8wua71BP+MDTvdgASNZgLZURw+V6NO/6c5Zmj9pq2LJOrKac+YvMPzT00SpvNgYk+UYVlgpkbHcTYZSVX3aGIuR23gGmMDKuoYUCqpbVUeBbc6l/kztsYQuyDYmlRbcVrpOoXQatZdayLrbzHO00N1o92vHOxlM0RNtwk/xwJkcgCUVoxAgPENe1B1HRHxDjNxnuVESJcFbrOmN0uJlqFBO8dmTa5og9i82oTZvLxQ15oM231Bp9tIXKXpJeoGX6NOsFozDmgiLzcV3rWk1sjpr7m7FCLTm66k1Tv4vU+pDNg/yufYcZl4p5c+Xb2rXa49HFa/Bn/djUCrdezpaKWruPbEc5avCM1mgmv3c2383zZBg32zDU1lSUDc/207R2b1ZHWS7aoJBXq2FACRkhgZezbypBUphJX+N01Ol2N23Zbe/99r/lth033nLZYLCE7cvVzNwkVm0i75AyFeHjYERIjwHlMawBVc1FLvjTJ3Si1VATlltF5CxGCSZKYJHzwWocEyxTsMxBEtoi2Brs9HGpRGXFz2pYwqzBaDBjEm2MUl/OGdBd1qBCwCHaKnmsw4rrOmursFK3A1AQCsFgz6NZmLBiS1cFQx6QrqIZ0NBdANolv47yxoGeF0q9QhkPpWwucLWfMGamcfZ6ncV1Cxs3rOt3uHqe05FkHpJG6EgijbCHJmh5JAUrYyEekHuBZSRdujNHxBGI0WilGi9zKkOn3+nMpT/UCX1e3jHcsX28ssRPkQyJ5NWy0uTIK5dpMwY9JgGJOafeti3POfqeaU1GPjlZCiEqEXTe7FjAQoIhGnX3Oiu+UnsYBX8O0jwGK0VpJJ74nzhsTfCzOWQSQI5KJeLU2jLoijeAq1tZdP9bXndKAFpPvGqgaEm+kgGRcVW8VWvesvwjvAeH1s6b6SfYMmCtc3ajmDODzCo2WaymUA4zOlUh4sahhk4b6WSbCYLGJFZE+kYU2jwQIySBkUSHbgBdAAAQAElEQVSWjlVe6noRIcQvFj7DUpXUaUulSpEOueAwQpXD0ruAz5z2fzq9XPQv4Z2WP8VZpbl0h5N2dYLYe5DERWeZiZLmFSjEJoKX/jPmLn1anVFzFWSJhAgUgEiUjR2409/y1Pv88K8++6bnPmQPEHyyqEz6AvY4111aj1TApMIYIi3sRIR3S3FK+R5UdDl7hRNwOJ3XM1GUiMikoAoJnQIsTCIzSfzheJSGkOSWRyA0sqkLVBReR+E180FEUkwSP/1mXA1rBss4iVrInIwgSBL14Dmn/3U6WA2eXwWowcpUMgLHJYVmBJn9mg08pKSHXrdXA/cXBJO1CgvTYjyqkNnKems8hpuZ9kctBABQI+MnPf+YfacOxOCc7/zDTeXGri8BsznJ8x1LKxnMOgPogGA4uZI3j8JwQTQuCXWJOGtssNdFgiE9akA5D7r2muCUFiwNcoScHcQ62QMURCApEmY1YY0p1oDWAJGU2fOOIHFWeSQOAZj0jKNhgkVjYFrVsstBX+mOyzPAKbv8KLITZDcGNx4GNO2FwZmeotD4hUPmrJT7p+mqEZCVrsF1R1oUgmw0qfUhlwgxwFrySgEdD6Oh73W70DQp2ppgdimeigV1qhSPHexY3nprtWNH2lFjQqCb568rXX9Er6cANQ2HcWVQD4ZV2kxpo4zSfhpWwZBeaeBUYyeleer2yl5ZSrEwUw2kN29fHmzdsbI84vykpMxKYqLaaLvWK98Vh7aKmq2HWlL507C3bFi3efOuO2/eZXHj+k6v1EIs3kK1uKvVYGVl69ZtN9186/alwTCZBMn5CaFE2X3hO0aL6MRjE+uK66yTP1hIlBzGGR+AQpmF0/FXLk3Z3E2iMbClgsP4aXPXmv+YXJ8iy0DeIj4ofs5yqkAU2IAvbFiGDkn6Nyp8nNDkwmlj4VootIBMpf0QNOQA3h42WTiY3mGCOSl940t0PIhw5ZzxZcDW5IWYgm8rNc7qo4owj5J+m77K6z7+wwt/Z/+Jpon9PR71mnfe74lnfuNr3z/3Jz8890YWv/sdcdR9Dn/QsY96yIHrV+usi898/4VMVs1SX0rSJFBZR60tECSjdhJ+oBpMGxF2UlRKV5k95T7irelUcRWK5hMqvYMBxl7iQ5FBU9AUsBRLUZ/sYzufaS4ZWZL8e3UbJU09wKtDOQgs2HTKSuF0ckIJ5b0GMz2n5JdSmRgk58JlLxbOQAxag0Z2D7LeZaQBVKktKISZO1r1uoAGpTYDkaWcJINGJCj9rhI+fuwhLteunfRUcF3ZIYgHa2Fy0pq84Vw6Q8zTwfwkyNJkKEfSaZzTbF2mpK3Ajck6UCoQk/IpQ49FFcdgO76T7jYajcXAFJqs4DxkArRgdIi+xLrOBA5jSiKCTfGosQanBrB0F2OoQHL8BblCbEW7mEgiCColFA6IWg5IyDWXUCVbGFqH6dVsSXNXKlWgWBRlgUwegcUCwqV6NSPIyswtDqWCIosQHg0WKK4xjGj7yOWeG1yFk090JSFEsLXytgRVmp7yotLwpLEPIVs0Bq1ZKtgcK5lRoZu+mHtbnQJg35gEymS5zmwl57Uc0rsWXYlh/BnfhLRRohAEeSUlEyaIVvErXCxyQpLiMQNcoBrRIcdL5cdYIuOS3w2aBUI2a+ktnCR9Ckm3KqXDVOlOF6/VtczXqOFIa2Uj/pKT0xQATQR75Ah4SfCtJvkRIEStXGnIww1ShyMde5IUjeg/pFn/GXQTb1xSsJJtxSKyYA9QNHvhtLEJEzZoGZ54ub7oIltaKnrZd5aEpwI6mdV0RoEMLXMIFwhFQTAoMRI18S5qFY6JaKyYxSqFvLvdfq8j9UvMQlwjbs+qIMWCZWnLiKpb5mir0hknZl8OCFXKGeOnF/6BSgr4HfKLXdAEDiRQ+QL8J6L12CgO2CZRSogi5+nhZ7TUCrzlIarYU69B3iRketrThXcUGxZVNLRIHrziGj6hineeNEdaHBQpCOPfp/B+hyP3iOBQyMmqKT6W9IUMkIF2xge4UWqaGbHA+FvQxjErUUBUj3Mpkv+e4IzhKNktmnqQhIEXjmAON4igTI8Lk5w5kYre0iAOx2GuF5MR0ev6jp9LRjlvf5EIDvJEXGyWfOO0hUJ6zlGn7q7suMfu66++/qYrr165bvuIQ3Zzc1vr/o6qXg5+82K5qSj6wtg0YtY88uzRjMJguR7soH7f9zdKlzHZ487YZrz1cVITWzI/kG0v0gz1VnzRsqtBtahCGl24VdqIIFGLUrYar1aotTqywUsl/MOuGaJBoO2AdDbYX2oNiY1GJOOrMEYJt26LehS4Pn3sgwT6DRqJsenkWcccU4lIRhDdLYfdkEg9ReqzCv2/ZcNIk8EsAtIFa0cNul3bA0SxlPhZ4YcmqVByNZyP1KR1CKqSTjfsCmdhbMp+jcsP0CAnk1ByNuraUDUMLkfUYOatV4w5JGl/9RkA1atJcI+1MtxvA3oMIo82DmcfxDrSxN0mo6pkNgdNv+wj+ixBBVQzoGisGK0xutgisNZYg4saX1b0ywFgbvnWeDc16zw9N+bSmXOZA5vtl8tqjybWRj+LskvSmsfJadUtJrWM4ATXU4L1tixre3zdhFgtaEonqBpimLA/GEZ2CBRJB2GJH/uoZVN2fGELydQwvZOIzEJqipMxWvE76oWFxXvf617pkCXH6vyfX8jU9A5EErGFKnN5LijOnOIzQXEPJGCJvwOXARnIfE40ZUZtXiYQ6XDVRPJUGNxADFB2uxRJhzHSiVo7SDtnSLmJYxmA2lxumaBxPxLIFDAJsf+lprt2/0JqRVxOqE5V9WDu1MJuykqsHoyHSHCCP1lFbekHHNNxGjIb5F74Mykgfa9wleGsycIOoDUVKchGMxtISXYnuMg2jShzAu0TVRKLZAnB/i27zRliWpzvbdl1084bNnjJA/MGxqILG8MD3QVXdvth3BOiqgTJhPGwWhkMh0uxWhHmpA63bUzoM+cvJmU+X8x3gh9Wo6XhtptXbrtxZWmbp7o3t5CQ6djpprfG0UocDVPINA7FNGURXKKjrBamiJCDVxVEwBKAPtmekizBC8tTUCFaK7YHOollt8gOOqLjsM2itMN1QgabtpycaJhj1mKHZRDDWTXlUwcqFpVCypGgUlD0Qu0khUKTnSKXm5fu/weg7ywvDQ4qjIyFjogtqevsrJSKcjkmgXwXORxWeWcxMk1MMl+GXzAnzRom19pJlOU5Gf6sbk3MfxawxMQE+11qvQCpzso5Rk1wVjTWTfdRikjpjZaZG7Qrp9lVQsFGkuGsbcnk2MA1JS2bpraRYP9RM4bxHacOpD6ycgiAm0+VpDIttLAiJxUcTAONTmaRtP+OWDbpobonv+kZR57x15956wsetLkv5LlCMEeWc8QHm4zlMAF6gmbo/FXSx6DolpwKKvy54vZhlI11gjYaXmxUMCTBMhN/yzvjCcoGH9QOuq3BSolSM1Lb+gNvDUrqQaqoYP17y8bNKxeR/smvrjBCCn7H8Hfk1n9caOQtRw7dBJjIyXq7CkBDlnobgQmlEYEVC4CFU2vLJWfh+U95wDS39g2nfvUD/dhhYt0CxE5wvAtQY3F2LfQvnG9dWtnnoGQFS6cMitG4ANvQ2FGS6CfpYcjIXSlwiudloqaih8xDx8ZgbgohBNTUeKbOYAyIzyuTYltHrb5k7IZWeJwVHHd0Gwu1YMkwTzcOGTQVoNMHrdCX6to0MKmEIiTUBalUYssjTX6/L4gzKyrR/pVwoPsx5xnzGJjzBkTrmgPIGwC8VziD/W5vYWHDhp136vX6t9568y233DKoRlQ4UHyVkg4s7C4JqnZJiy4NBjsGy0vDlcE4qVxxJB0tLPTR0Y6jLlxalbzI5M0XPY5xM/TMnMecVVltWx50btuaELHBeJT+9cHqAKw4mSMWhPxExq0ECotpjyVTYLddd9p99y277rbb+p137nC3zYwFSwnYcLC0fdstN9/cYSa2m7dW2wcjTgcrOuAHSxcRGkWBgccoJONTVFsxRFMgL72JwMih8g2SL9kyipHUoBQnDowVSgYieKuU9XI1LD/bSPA4B96rtKlVeJPwK5NmVsopR802ITtYWJHFPdd6fG/OoxOydw0IguBLUFp5j0iLmoIx2nlJMYY4gywnFcWNGS9/ROFcmpFr3/PB7z3obcfuPXnserse/JDnHvwQ+s2v4S8/+9kPLRcLc6CgZWRbZKQSyMpvAhqeioiB8LLyR8X3EMMQ1Qa830EyYH9wrAzhdBV+MZdQGweCvlTfgf3AONwhRIMqMhctAY8lZmG5cRK14gAhUa4xw5XHzB1fIqwLNxgZhvB927mx2WeW2FJtBNMyVBab8iw5W1OeorIlMRjAvG7EZYmUXM8rYqAMDwHGHsLBUhGf67iZPS65CGnnG7gQnZH3gQsOSSqkXT4NZa3Bw86NCpHeyPiSlHFkV5Ph4NpqUCwoEwFO1y0yrKAFV6IE1XyOhv9LMqPTEDvyurHVo82kprTH7HpCNzFeK1BxVD4JFc38ttrpjPCWsJIUdd+bZnqoA7AcwwyP5Idh5JHjrE5zHnnyGZ2Ue4gV4c1DtWMFo0l6EeIvLUwiVLD+hR0AQ9W+7fak8IIDEkwByaqyda0EYsUssJ1tSnQP1SEf6WiAhyoctebMBrSxktU5k2vlQZFCHZLfKXpc2yU6jQoFJRIUoMZB7IHV2rX8Ck39lmtHaRrpYOCZ84tAElBj7B1N2gPWid3qdH4iGUAWVbHXgnk5q+6rwO4vmH8tujA4QLv8d+nrrrTB8NCA3xWcydSRMtyCmXUKEeiadw6zkT08LJlHwzrIYrYRJFwggLWkcnivoDZDuUHtSOuSKk6aDMvCTrmxoe6BGIyZnKMaJJxkRSnKMzmxbKfVEn7xklwlsVpS0emVEjlJ/zG3jkAtlfbhhsSVSLxCLc5INV1spK4l0iMBGRwdNbDfiAxYEaTSEClmUmwVqbxigbQADRW9+olosxjt9ApNZUR4VCBmWVcUGTgN7fCU1UAypYpLsqpzsadAH6hw5DBwwTz6yXunFIWsAWKinM2bDV8IVRE3MeQ+GtKPupAUQtGfgNWg0IUu3+0Yhht2DLgdSJFQ7GEvXaLHVq4UISKwlOspwmC0UiTr3idLw69fWDjgLjvfvH3lgitvTNNfDwfLKyvjslxaKZfDQlzX7c87Lrxmds+qWAkpflGtdOph5TkAyPZrrUXsVnUeJ8FD0moMr/hM7oSq9RmyHaK3Jwfa4gySDJIarMaFAX8QfsFcJGpBjKqatFVnA0+qmQ0dR4gTFQYbe7JgitgmQRSCykfV78iBhE7Mcb2MY2ojDi1piBZNce3xBUvvExHG6JLzuukkHiZIvsLUsXlKUukRGnnKYsQbZZjuzwbpzPLMXNjJxWj+6gxGbaOkppVmv9ogjFsDkMmAbRaDiqM6jQHh5+l3690nVrL1/awbUb5UzEpNs7dXiwAAEABJREFUxjUDHm5fP05cwTdJt61LSg8RiCrDEicecGpWieLtTFtGIZpLxNh6PugR6Z5G+S95vRV0U5tR9wNRK4tYF1MnU3Pj89jM+3OqT03zi9RzGTgpWlVcFlshZdWXu6sdXltc1SH1xqcwIo0HtNKf6999/32To71+3fxll1+eIE2MEdF0pGqY/wqbrQYumRk4yYwjPkrAqUXqaZhWRNjYiREmwCZKeEQsuwrKnwFxubI+gf4XrZU4odhXqPfx3PO6kIZH8pgRNVJ8yw6n7oq3wgMqNEtJRFv6rnSaTYX5CExaWdRIUCFARQ7NV6FgDY7hoYhaqyVuSqDQggHC1aoyRTDctJpMvjd4A8EBSE7+VzLSgaCw7K0YJOVGC5t3Sejzxl63w9JJcmWc0V2Q2mkViVZni7jo9cqe77u6l3zjQagGsR5VKzvq0RINlmi4kiDw5D2PV7YOu/2EVi9tu21p263jwVKvQwnT6KwMU0xyNB7HakA163HGajkM3eHYmFa+qIHWBLJhUormFd0gDdUkfB/qSq0rMnYsMbrS4qLZie5hMqsQ9LDqGbn8nLKk3k50VAYFlaRiZUaz0QM11dpZnAgJqUE+8MXq2zndv5WvOyUA3ZLCwNSs6EoNT2osDN1CKvNU2JNzsdlbpmBJIWnCjiLKaj37bSZXY0sO48+++YS6PU5NoqzhFflDGSLUgY5J+3rpHyBVsu0h7UPVhCgkRwfkmaLVVIJoiZUOVTwUZ32HgEXC8wttnZPZP8ngCekzyNBT7XL9otTFw7Ezb6txL/GyGne5qBKA4BQGaJyiPO2fn3nEGa/65L880AsSFVAGH/TpXdOzWciIQ9DEBFKYiYXteMh1HCydGXwslVISpG/s6kl/cZ15+OdO0SvAChmYIdiaFqsICuszzOB9niCPZEvVj7wKaF0icxxgaIagXdoAmKk/LvidZNsinc6Tz1YA4tLOpkl8MCcZC411CyWvyptMIQlFswu7/91jDu1NHYcrf/ChrzGxsUPqW6FwKktq1fvApG1DWbkpZKDKTw1noHgc8JFa8g4gOOKmOi98p1o3sU4pfNeSBMh2rdxGScsyD0n0gWEBQYBp0qpQjA66srDEswgIQIFzRC9jNO8ByI4A3LLKyMZhQuRIykSM9E8ohPQJTo4uuF98t1NWnGPuEezhBOZ0vpJG7ZSC3advu3P9fneO2zoOlpYShktaLYX0bqa1FveNe8cnSHd5OFwejpKnlzb8HFcId+d63fm5fiHJ9WlI/V5HunUpDy93fmNPneHfFAreurRSdHujOuxYXhmlMK8WTEWhEVeMzKFHJuxbVmihW/j1c/1ddlq/2647b968ef3OuyRPTuqIlTg+KTTuKT+/mFCEejRKX2E4DKNhJelgyXdPGH/Pa0dKoBdaTiuMxmIBKpmvV0dcBUudqTP08MO5ZmIOjqk4DU2lZ+zybHclV1BJeNmM8gpAE3LkVd4RaUtMn6WpQg91MNmMZwepjkLRRiGgPLUOvlcwh5OvVVg2ohToaQEN2vVgUKovFGaT1HFtd52iET/86zf/x6ff/pT9+vRff93y/U+/+R3ndRc4o5URG+ErV/s3mtErEHKtkSLSrGcDvnLZI09DzckJSJUShB3eNWOI0ciVRIaiiaGzvKrGe8B8mIEeFfMJU6PGcVVRb/qIsEPIiO/FbuYEPa7FaeFsdm3HLLN1oz9dtr2gjyRnAVMPliFLXQqZc8m57ItJZTikLMBVwdEk3dDUhKooJHcFg7OM5qm2rFQnX1SrU64Dia0nJ8peslIp1Fz2F+pOkAIPdf1FzhjmKQdG2GFE53pkXutIg8HyTi0JsyFcbLxxCDWdGDKn2kDSlpfsoVaQL9S8fIZUorlYOk9CmA+NK6EL1W0up7AB1zUeknynmA16+9HKTJ2C9OJyYCECN5AkLbIyM0x3Go5VUN4V12DQzZUBonvLz/Kt57U9Dd+mbpL389XN2NGxefDA6P+oZSOpoeacukyq1DWzUs+mSN5s77WgKmwozQAI0UBBQ7ulM1/d7CX9pM9zkK1B+x5AkOwKvWatSHHmzVB8SiS+c/meIBlz+tj8aQwN5b5qhrG1WLeRGKEkQMMbz6mtyvIs6hv1dErf3EHuMuuvsovMUiDrtgu0elq81xZtplTvKvMDBKu8CbzCUbGzELK9qqQEwbJ6o8YQUMQXasu7IBF/7KHJoHqdbp8z4oVyygzvaHAeOOtrTXRjnzPFqkeOU8AK2GNSlxXEXNNRihSVj1MO0ilFmZNKDtJIubqaLfgp2v0tmEeSs4uQqfkE2dmIZtWS9iYwqY9dSQqfqtpFR2BdTv44E2BWVdaZuCjcaWdE7ZhIqRDivtDpMypJpBuDk1OqLjsOnVP6J2wFppwOMfs6UZIKu13vxrSNw9dsV/fLYrHnhfRTxGNEiqyEGVA+GGrujyi52+nNu6/v3223jZfdvJ2TAsaUrK/lhEJwoQQHrDtUbOl3o2SWD0exs9IZLw+6w1Gn4oRqGX4tMIl2Uxfjz+KUOEFqDUB6yjnl9DRE0bEo5F0LUMUyYVGUYFtVY0NIrpqgEURZiGhqKFJaDW+D9CFTm6Tz65Gia/SkSC2oJXMflowRtaspLmZJtKhLS/wSAHFBiiGzsuQxXkmMClFExPrUgeI0aZc7xUKq2IFDKgln69eNsFZl3eimZg5UZ+c3OVRrmS5rVEhLujfT5yb/RO0PNGcqa6/25Oer5fer5wnd0WhSat7RviSuainpLr976j2tW9lkND9aABVmSxb0RPnB4vQ18rvxwQwB2tZyqv4mhjFjSM5RXGuk+UO2pw1jbl0sZ9Crldvs7PbqqiqD7+lspNRaO7Vi8mddtvz0ZzNXoAF8Y1jH7JoEWNcuK0OVkSq9o6tFx3vVfbKrKxqNkns11993330WFuYTCHr11Vcv7VjyqlpUJSqbR0SkJ2pHQMRhEToOmoTFNbQMuRQi/DQGCpUfIeOlNkX7JGlDYMLMwpW3Xe+i9peWyp+SSrRcl3JNl/FRBW4i4GMICg8tQ3C92T0vpW4IlMnIq0GEXiB2q5hUqkKtAEZFJUlDXIEfvASzyLrYIrYa26cpRxZizLa5nWsoHu76LoXeCZnlwsKOYAfs3ib8ed26heTQBi6FLxyCpZgbaFYBoJ0mbIsWY7CRm7m4shO4JQMX+0tos1O7MqYopXjHI25PP4r1WFAR7lHARSPRjcdVcmW5Fkh2ilgr8up0I1AmzUUyLz2H00CPICAASYVQxcVA8F619ouiWXXC2yLF35yzhM0sej0YviNJBbEt4rJ9onUZsulEzshyq7WvYtmZ26vV1zlY4rIs+9/0utM2IXST36tMNxnusjVhR8uW1k9dp0mSxgsWCFmwKk7siZbUNQc4W41EjdqHPZQ/EPQNPMZaBUa+jzkmIqQkC5gsQUO2LxKzcFPkU5Dld0Oumx8WzQqmaF4r/o4Yvss1QTHnKNlEOmcufcjlvTx0qWQJtSK7rrBIW6RWKjSmIpCCxj40hJixNCQxjfX7b37G4QIu5QkE8FgAYhPBIWKhUpi+QD4LIk2xkgIQAXQl10agXhEfPprfmbEDJ8UR3GFbUnHBLau2YmyjrjHXfjqEqc1hdigHV7+VcXkgsjBwSbUuIBG9q2LZzATM4Bo7SyJdCknc1WGR9AcW4kAx2GEQa+DZaTW9Jjx7815lE7FA3fVZ95vRfvBdZxduHlMA/y1ZtLU0lnR2CY/kYYm4w69xkoHYHANh/yTOQBcfWKlCeTqYHIAzbiWiUKN4oM6AR7QTh7S0GgPAjyyC62DsLZGxZiqRkCamghc6aFHd4utY8CCpFWWHrmtOSTbz3qmUDsqOYL0PBKC3lEzRt5qXJHnuur3EpatqnRVeFPlXHGvGtZH+lWDh5PMqbJpQ6h77t5zZvLQDdFpmgDnla5Lk6uG4GqT/j5Pa94u97sb16zYsLq6bn09GUpfpvLhrZwKgEeDHAzL0zF2amCgzLdb80kqCPJZWhjffettgeaWOtZ0S3RASy5HcQKRfCYbQK/y6fnf94kK648YN69et39jtLUg5Aglawy0yx70+1/uHMNyxbbBjx5CztJeXq5FYAG6OYlf0Nyv7kODCONZqDIcqJtvqTT0hZEAFfvPGKAZTADsw3TTukgfcK8v5fj/Zi/1eTyrEpSu05n9Fb+K6DrXFgcBZIBEt2TowktIfR7Ga8OksClir5hfbClXMdtL0GMubC8HJYCj4QisonFSXqnEqU12qwSH+XB0001E200/f8JQ/W/r3Nz/9Xhv+KzpzeNVJn3rtX3/96vWMa1WypswdjH0sednKu8gzWWmpghG1C94kJzi3qGJUnCDJHDfgQt0O5K03iCeKoayrQhKHK3wT9yTD7VQHiYBTZzrjio1fB2yjsbK0MkbdWA79RDINRI2fYRqSZYkuXJSeY5MTZK5k44zlLa96LKdQ5bfrN+BPBZyl6BhBsGObKlqGlN7CplzwYcedrsCSIMThkgJcqIuoCoCUfVH1qjTfriSwGKNiOHYekMCPNyJN1auQ9ZQTcJ25H5iwDE3FCYcWwBam2hkAat6dBozJ7BZnUlelkUlkJGRCWjUecgOYAZ4Jen6hgxQAU8tAUYqgWCZmHMPABzXfELEoi17gQ95pS1gzvOA1gbmdUDnqnW8ZAi6D0l6LOScwhqieDZZaLA+0jM8zRYbh4ULe8DurTc+PYHtJ3udt0M58bfPDdEyT/yPb95T7wTY+vlVakBCExZZHD8sLZhoK9RoAxmfXHmVfaOAqug/dmcxBkn0dDBF0gFFEApOiTNILQ9cuHy49gqjQUqgZX0KDFaVeShRm0nzc4g9UzgJAC1WS/OCLrlRWiXEasLu4GCAGq1UwY9BynX22jJEmZEJKuNwyfpZx4lgR4FSl0YwmrWuBMdVEM0lEUqeUlHO/0+mNuJK3wgfkVJS6hdFxL0Lwp6M7CmHkhK0SI9Nseli3Uc1DWL2U81qk3S6VqGYuhBUMRqtryyzgUAqok1kmguk2C6GXdJp8IPQYDoZ3zKIAGEktAlvabhiNjNr4UP4ACs3ONici6i5E0/KIMgptAAC7El+FQepZWxB6N7oIeFM4CIugPPWhcBoOSzPeGdfJ0Llledgp3GKv2LDQWdepwY6BM+EDWN34cukPrK1Go9HKcNxxG+bn99xp3eYNizdsX3a+n9ZwsDJKu/yW5VFBSymuV9C6+a7rCH9bNRytJFwpfa0fzPfFlNMAuAQUAdUa4GEGizMlJJ0p5NlrILDZ6XJ5IlVWRHWKnNYBUCMi9fSYQ+GyNFIJSi3PMU7+0Ogpp/CCCjAt40jjC5KpCMHrdfliTl9Gp0xT7TRxZWXNdY1E0s3jzBpDRIa0T6UPPqgp4fPHQQvTJAyiAKUejxG3oCxLzWlSITQxPZSfcQo4iTZP2Pn2vqhz2Xrj5MO18Fy31sUxXqJs20XIWGfWCpGlqE2NahWWRdcAABAASURBVNUrxolFa49t6seJS5lp1NoPRKYi1NRpT5HLm8blv+j1I4ITGEhW73HiY7f3mnwPtEOkttqPeZ+62Bo/Fje2r9OkH+tmdBObupkRM1f0o3r4nOnh1h/5WsK/YT/B+wZMycVjRpSBY5lPGA4LCReQHBQnJB7EBRGD2Ov35ufn99tv37m53rrFheuvuXa0vOwA1Yq16YQC0QppTKPi31r8c3WFo6W65bzVFlBO6pSjWkWLtMyIE52Bg4jH9jAeAEAnRcoJRtIeKafukUAVqJFhBSksdqRxdyUXhBvTYT+07IpzqBaH9ACs1aQnSHTxXNU4BFljVK+PdUhAtl7JyU/SNBvP5U2WuabOPmZ+LNEBiuJLdWoN2J2ztUMpXY+cn+v3dtq4Mf0rzHJjLSNHCFzmKUpZIDGREYH1AnInYPlZMxYJcXa9eWbyDHN12SvKHt9uZYnijvRNr98t+lwfioRuEoEptNvijUm2zng0ZgVZDkXbEqAmmX7k8Px/5P1puG1ZdhUGrrX23uece+9rIiIjIyIzlakEK5UghGhVlhAg26KMwZSFhbAwFmWEkGk+F6DPKiwoJAFGYOyioAoK+AAXWEbCgMqmDKZsjKvhM42NjSwkkFKoyUxlE92LeO/d5jR777W85hhjrr3vixcS/hnKk5ER7917zj67WWs2Y445Jmq5yZsFa75v2kd5hih1YE4NF8JYPbArlS0oEUQR6tZigSroSoTTFFJCeoqtJbmFuKW1x3XdOmFtIYz9zbuWirrVtPvaLvnMeb1TAWiF5OuHpdRh8eXBeQ3N0iq3WL8Kd9+qmTNIblwOVBY3MmtaPrVKZtq/2gfoSkGOyoFtUGzvYrDvnGHYJh8StXhj5kM0ETITpbk2XmMuzdLLYajwg/ZRbSnhGJ6qh+BgNSQLPbDi/nLEueWCQrClHcYY3anXRSGfCeJYMg8oqpCWxa+IYE5iWmCKsdGmcI5MPrn99FVBQDbw7ili+hPM3wweg0bN4jlYiGuiFvTbbKqYleYEUymdaebQho8ImkEaqR8m5ImrSIrcmImCzjPzQzgZ0so61akIR5jKc8DU7kDUAINjuhE6D5maCUbFNmFiE+auCYBpUCQBXqBhm3oFkwTOQedwGC/V8blFD9silxxaM07TaTx94Td/6eeHJ17f+9/9xy9vDND2/JbOxbS0AzWs536IsONotETpFSu5SDuUSc6cBTS6523Tgm1I7uyID2nteHBoN+oY7tJ5ThO7fzLH3aa2Rel+8FaTkVU+FMgEiej4xRxawZ0Vrt0f6wUbzaczU64WKtQyC+FLa1tC1mwrkBLq5HGZbBd0Y7A37A4korcofsA58BwGsLp6iIpk0zGvB9v0tczbTfVPJsG1HbZnu5o/7a8uD/s9FqutzAwJYwwoo85XtPEQoy26s6F/9927zz9z/9l7NTS62G3POI4J5Odk0yc7Us2M/Zz4/agN9Jub/Tjef/jozvnF5eOrPEIXrCwFM1dz1T+ktWy6WL9gN2x2NSjb7DZoTK6RSwSteCpHUJqsEfbO2f7u3bv37p4/frx9vEmHgz3iTUrnnLaMDqWTDbqHjqEsWGw1ZGPrJ+2MgCcOwRpyamhHFP3XJzMYF7cMNVIZNnd2uzvn5zVY4cLKXC0BkZqLbM1lgbmgrm1XiA7jibl0/eNxHJvx4/5jJ1xmpVCdbdGaiSm+WHLy+R6wbPhi+8fiGCKNNHw5OtpW3EhhB6IcHo2oZKWcXG3B9/zhf+PXfM9v/E1f+6//kp/yFJXnJ19v/MB/99f+zJ/403/rkc23HKNjNKwHJl+d7AAj6kYKv+i0nuTQbum5g0MbNWwPYY84Z6BGky4Y2BDCuFWhc5qrTZplaZNqo9GD0RB4M8uSPKgVkbcoCM02ZC3NZPGW4gxj6HqjSMRemQS9ddU/XUeETJRSWouMMlzF3ExO21pyF0Z/WkJeHr0i5UwubaRfSEu+Y4szSlYtYFBaFJ86N0hgRp94j8plpLq6wxj4cvJ5ldqWqDpoEZZp8SJQqZwAF+SWY6xAjZI1zQupSfEwNsJX8QZGhr9olldfTCGF0htGzAHpDgGUsIYOfaoxxBNU/0yVNiimjq4BWqRWJWwVztnwpeDpFgct1Cypg946t0FycnFZk52TFyR0C1X2ix5S0XPEVW6tV5ESYui8yI27mEznSZln9JKHElE2/tsmBTnSOvaD4w620usp8/TiIiyj0iRvc0KiF/yRhBDWQEdpaiLFe4xkUkoDTcihjMHzDyxWbid8T6a/M1HFBkYkaOcC8jaASV1n5ihmFbKD2NZah0hEaNPRbyILBPozBBbG7PU1/xbfBvyDFM9w1R3nM4LhmqiLzn5acKsif2aKuMELFrio3mcI1ohlIOIMi4Nxs53/ibMEedoo/VNmacYYD6nt4DzVjYEQUbX0mNoNDiG2puvi4KFKfI3tyXIA0GcS3kvjbDa1CkiDDNvtZrs7bjbjeOSUX+vqQdeTPziuF8uHK7Rmau/1eRmHGkRynIL9UlQnOgRaFHoHF26KNuEkhWGu/lTRrZaFXIgvG0Xj2iaCxBwBlVi/OSATFaIWoHj5AMLRcIPE1ThwSBVofmXMaTQzvMacFdwWJba06jS5GbLY1XON07Sp4R/OfxJWJSvFtQRerujorf6T8PXe6IH4IaR684YhnO3y+XF6eDU/uL7Zbbt7d87PNqGPGpZwOtXwzm5OjXj6wZSuu2Bix9WP3xzGe9vw4sXZh1587vVHj08WfGx21aTVMK+Mb+6P1lQT+pfubu6bbH8Yx/HRo9Nx6Mv5nTvPvjhsuqkIfwFtmSEgKDWqCCDiY4ypGBo8FqjXp07Toq2BxzYpq9QGTmSBUEms2JWfeQL41e3VYBY6L6JG6BybO9jV4KAwgt3gbfVBj7nk0e4LADCMdkGsTl7IylYB6WpInFcoW4gfuOfjauNkp+Q7yuEAohakyY8UZzXQ1HXGIuD1Z8buFaIZ6+pKm+QdwjGrRiKT1SDkBphwffqij+H2ywmbpTmKZX/cesVb/9VFvxWRKU9gyjF61KLLkoNal1ufPKUF333aCazetwJoV+9qGLMjkf7U/MgOxxW2XumS/XSYfUbFn1jLseESq/NW8PR2V/HjvKct5JUTZIDelkgI8r+FJ6UUPDYMvDn3duk6ZKtlrU1J8CrAAoUwro1+c0JrRohU4Z9QZC0zTkPILuIIaPwlDVeIbM5EskF4M5xszstut/2s93+g+oA7u7NPfeyjHbMTxEaiW8GyRYT+HFU1jeayzbnC5kUWbSiPgV2g7kmlJIilY5ocuK7Z/Db3rMnwsTXb3wCTZJo7NaGKm60V7AiLR6oxMIZJiYGe3bkcmqmBb4ApKfOmSxtQoLZDH4hw2MsoeLyj1FGyqrBDUjOnI5IwOLHMZRF+Te2MTdXbQHkWQZX+r+r1QA1so4pyw8wOz6MCLaRAFxMUZS4Sz7abe+cXtVgdMEwKF8jHy0rzyDGNGKIw2BBJ481UoxdBcJoswjE155s8HTEJrB+G3WZzHqZxf3N5evxGRTt2Z2fn2109mk1etJKB9ShPU1dvAscrtI4ppk31REZ0WnekL0U1evfipFt0NJEcCM03jKfAZIpMQh7jlkz9zRjjehu1MBWKRvX/p6XmGdkAVLKGmsz05mpIiuoC9+0d2xgYUq7hplqH6Kok8BnzemcC0DRW2a1ZcyilLL6y6BfiMmG5UBsvuw+M6wijNM/hfjUIZw4u37LkM/7H4kGCBSM2uImAqLS5mpX3tJQMVWvUdX0M6fMgA/TE1en6bTEqnkEHorKwFm4omPDcnJNVyfrEqU6oG+G7IBPhjEao5CtETsikSYWJrqZknN8Znd14x6rOoxaVqHZdBoJ2nmjO9tOLpadYrG8/IlQeBdNyqo0e2qc8k0ieD8AZsJ38WRoTVmX/DKGDJEIy+17diVf3MkC7kBkf0xw61fo2Y64NPTJrhPt8KMzWHOmPTf5B1Cj7DlN1KAB0qaoR6BUzxE/NwNUf1NIaRwXSo5v2G1II86gpcWJuB4MYCeggV5wkamQGy7BILRUbuUY7RSNnbOKv/LqnjR/81pf7u6adUuuBEgkxTBcDkky5mSEgwkRqPwq+sZXXO/QPGm+HCq3dIugyz4KzqAgFjKTYBKDA+5DF1skcDku3bYyXAogHhh4/NPEq3JxSLzWW+p8UN0NPcvqcCM+UchxPyZnaxwo3nkapCBSHRiCzEtwBb7fbevNRBY1sNQXYg7pDiRWtx+MwmVcB1tZN1W1rml3BI9RJNzaoR9vO9iy7nlIcoHFgbB5zNvny4aObqyubckaHhykTNq4skXJmbvt4mk+IprCO5/rRftOdn+/OdmcVyd5stvUmBCvYuCAVcW/L7pFk1lVkI4+Hs12FkjdWwCchq222YLkg+4AsfkHlm9P2hsQT6gLHejivhdq5BIpsVGdvyhiAurBjQ6kns+nT1sRbgj1VxiEWK4ynmrvOprooBIHfj3RLUWnJi+XJHpMu4bCdYC1qn2+Hu2fbu+e7i7NdAyFYc2aFCRhMmrwwBuPSM946jTU39U7eKQ5oqGcmnhjRFtXNHGy0e1JjFJEGzaguaoA9pXiYo1CKt5nvVES0y1MR0lowgTIhrLCetoI2vfqpN/6/f/L3/M3/+5/4Wf/KL/llv/QXfOFP+5x339+tVDkO14fTGx//oR/6e//9f/7XvuPv/pApftfvPZ4s4uEAtihMPzkfaW7phu5cBCqSPcD3MKcF+nZuKRicENBiktmFYcr6hbckQKTJ+7wAwtpvcYDOhY2QaEA71d1I4FbH7wxG403MzktvaTcBYjrWQqMHDT40hUdMZrO5dn3HrVjYYYwbW6+ry8m7izRRTe606VJhaXWeril9pj82Z9Qh7w7K7zEwDoIMynV5NGQWbMfJBMIyvEBiyQNDEwuBDB06MrNSZuipU3YfjWpyNWkRBrWWGG06DOawZQnNxSUDL6pZ0vAW5Qg5UsZIvU6YdhwETpWl+5qrVwxqRKnQhYsdyw8I+F0/V48rs0dzSfAdNqLYi4Iix6YK8zlHWEPw9cDt4QzUsmTwDRTAf7skdnOLtpIrtZe4Imi3EKZ4H5EDvZlaJZjoVv/ak6ysOoFm0CdgQ5GF84HatXTMBphyHVqwU59E4GDxQiiEazbYMOEuKnbwtFJh3aL4haNA4iC1XDkgRIN/DC0hVdrMewgcNeuZYe0kSkwUn9eJiXB8uIXV/tja+h0iMqGYLPQGU6uVVM02Gd4GyGKahc6nUaXs3FlLjcEvAKVw4MqJkhm1II3Bax0CB9XUaXKNDQUvkKz9I60EenQQfKzvoxOmScXldgf0yp2Xo8e9uvmyDkmakMvjnqNqZfVyU5Ealn24ActaJMWhneAoj34ooNTgs5Q5F6Hrd30t7m62Ru8yTDwBBbTnNhOQxJPDc6oLpMJqY8TIQWynrsjQ6+6GIoPHmW3Re6suDf48AAAQAElEQVTBpOXYA88WFpRE81651pUi0G4EYcqwOejDjoyeA6lhHJIcRFxx0lSmb+KUja7Bag07ykWU6A7MAV98sAagtdDOSdCMcI9hLhOqrAWKKbJB/qzs4nFH7PSrK6k4hWmPYj/XXW2Ng1o93QRuYR6G6bwi/vur0/ipR1c1tHn+YndhpfV6V03iq+5FQ59THPNpHlE6SjYH62gc9PH+7uzzP+uFH/jkp370slbbbSz2kGZOgHx0HH/44eObafvei827d8NhmjcpT1fb3c3BbriZl5561Cg/sW7EnG4uKmc2vAxl3KXPVGvMd0vwsj7MLlCner/hcVQP0IIuiwfypegbwZ+zfLebyHYAmdzFfDp2rAaACRo7KGaqZxYpobe/RD8NN7zaF0WGTuI7EiaAfKAqoUXtsiLsLREE5z7PxWWJfO/xL+wzmMfT0YaKD8G5Ri2DDrfA5+Xibr1iu19t8XrdCou7DdJZynBvOULULY1rsJe45xMfyqGBRYVKlw70BEGjvsXf5ruiL462eLQhBRosjzgsCLvn8guOLRk33k8HD9RQGwi8itbTQg1fN6JjyF6F9ZmyIh6eep9vXVW59UN52naF8Wmfb89vBbRFnf1yvQuQ8hZczFe8L4no2IW3uJWyGDB9AeOB5VYXTyL5DtGVAdoXiRvG6JFDVNusoZiJZGTT5Mzhuedf6lOtT8U3HzyYT8cAnVL0Lqu6T1kFsK9m0aOy1K14JW5FkdUpxOWgeczUNlLLTMq0ZXgTjS3fxsK4BP08PLYbsNl0Bj9bbpWKr+oSWstQUQe5P4JMwX/+HZPpkKLanCBTlEa4aOcP5NVOl5FQj4FPvnYy+tdr3ivtQHiTzpjUvXUwKYdQ5xpjR8X0VJmgdgYEnrIE9ysEsGEyZD9IChfOzrb37pxthhg4kpDSR74GarZRGCXH3lJD/NEmDZrNsplEFXfOp5syHywg72u9sd6sMxtH+OYbj19/Pe8PaVsDmLPqlY6nmgWebJh89d+1vFnhAmhhVYh/sDFOAmpMS5OLFzEoe6dHtCsaHj/Go0l2mzLJCFqTpSeRAq1oBDMemz0qW2p9diXBuNqPUZQZ7ZpUliZ4GiY4XFRvS3ulklrhrW34xPUtExzjrf24ZHmfMa93MAOazoV+YnF566ggyCQvuHERv4x8KzeeHmIsdntVOw46jr7MIZjYin0l3mJLh9CMLP/iVDDytFR3YudhiGt8AdvTlbzcSSshZTqkrCzmlhUpjCjsm7CXJQwqqAg3Z0+3TdUz857dz7rrbWfMiI3fqiiWLILkZGrdkZa1lOK+uizH1G5k9gVDz62V2lAj3WMqzwVk8IG6hJE3KAjDTZQdSNr+/A78kGh6KN5hHXwzswxJDbV5nvmVmS2Xylk5F6jjE1MqokfmSTU1WNddioEAh1pZLTT3fElFSA48XWoaJuMQgID4QF5ddSCUlqk9wdFMyUPLrNQaJ0R+A9WsTXTv//Ub/vm/Yv6PChTJcoZ+t7tb/Qnnj3ca12aOqq+QnZtLTVT3UNxSEcvcrQoot4OTBFObLULsvmHYBzALx1EiGejZ7JxwlwCSmN6TxyNY3jUXIZsKABkgcauy0AODQxVCY13OaIWFOAlnmxualvSy2QurMCt633lXkWoGHPTHfFJka2YNxLQ92SFeUEmSkxVhAFyqAiXjzJDeYnlTiO5Nt7jbDPVwjx68cXN1w6pmEofLbohpvAAPq+5+fzzdHE+Hcarl5hEZnpHNaviw2/U1GBm2AJpLj1PhBipuVvgfEDcBKG96oGD2ILolsWF2KXQJeZce7yqfYH2ItEXbV8zxc41J6j8Wl0yoHJgN69AXhzQ2Y4CU/anTtC2VyeaZAHRrvW9pXGn7oshA0Y7JTqAl2x7f0He1tH1R1+jZOR2sQD5PZ3ANcSafmm0apgxmgGk9mTn17JarNSX0n6EyX1o+qCeqdADLb5qRX3Kbdj7TtUJYKE8U/9ak3WD3CkY1G78hM9QkC8CgxtyFsbNp2A0JqQcbuv7xP/ov/9Pv+avfMRc2lwXRkBnOQR/cYJGQmCqCslZMQz6RjzFTi3qhERMOdh+FyRQB9T0hswI3lNoJtOR9w5zPAhwU1pMwpa127R5AelSPq5/s3T4qpPIiYlBanekR1D4S2akzT2TCypMtiWYWNiaVIa6QejsQvYsQQ1dhEHmmAomn4nbxSRFwwmBNn5leOM828EpDC8o0qQZ/piofEvo5kA7oZrx5LrqnBu1a+Kz6rh2YPMEajfZWL5G8lHDfIC8fnFrL851BTjWKzRAGG5NewRpj6pTgfeAc1eDYx0z8dKkleyQinIKBAyDfnGWtmneMqsbR75Cok5VS00sGxgfGLvGjt3E0zNsKU2OBFXJnznZnnfpWSs3n27CW9iqrEDn6wUOLdJR72xGzBugF3MXsmWxUFZBHI+sfGFoGHbEZOhxHwT2DLmKgHefhcQRuS/jta/jE6cuXEN6tk6gHnj7gGrIuFn39ObEgQFaS0wkxsjFKJMjrGRIMz64itAAK6mZrZTlcXGHEVm1tWQeIDDkIEHVJkBMQqULTA/pzVhK4yGkgPqI8Pm9Hh2khGlIXBFy6gnMFoPFGKxiryIQllFQsAMbqYhC0O7GLt1++6mIJLaiOTea4OKig2JjPwBXiBBiBfJ9Z+SicQNiozoFPUL1jRQzU2GQ5pPftaicE/AHwR9AINpvdZns2bLZj3002uDew6SBzWm82KLnDR3B3TzZ51FLPaierbepDUTkmNAvIfp7okib0eRHS8Z2ws2avQtbiDu36m3t0wB3BW5KgFC8jqiHcOoJnhLgqNTVtOqsSUBi8nnTSQ1ny685mWvW5i7JxWIcCBsAvAQ/fHoJ1otS0fV9GLIDxcJxQlZ+Jq2j7psnMu8I2C1rYmQVKWKeZl/bLrVVz09x1F5vh4mzaz/Pl/vTxB48/8Mz5++/fuehtKQ/bYOyCUsvA497YbUMSgF0qdrM/ne5sNu+5d/Y5Lz1/Ob362uObgJ2EdkhLBB6PY9zbna5Yyf2djeI4s2GTm9QPYPZAUUes0m4xFdKvgMlNLeFBq2GnsgzDbhk2rz/x/inV8PxRXjYvJru4dSyK2BTHtH3pwY+42Uy3EuMBflEsXnV0CWebh0nqBp1G8JYZ+kYStFt4VdyiCyiUoQnLSQhXD/odEaGCglhdBZ1b+dKuLufQkEKwccierChPfXZD2QZSNnG7/dbEdcgaF5cWQgy3sOEnIZTlm2+/inuzJz9w6xilvVsbsDTydVHcVN5y6FUe9pbfrc/fE/11fhGkvRVvnU7jXvCvy3esb8TqYoM7pgXLLQpGGNAvZ/jUExQKEML63G6/9S33c3Wyvr/9SDyReOvgLbvQv2MDxp88j9t/XkLRdlbKbotbOdEJ2hmm9ind7OIa0KFFIEHJeJb4JB8seQbsc8D0Z9C+pkxZOmMB371///0f/EnV7z1+4415HDt4Mn2RIGhLinv4FU+CfVc1B8Z8k4aiSEYBuYfOkxB2zaIAWVowDwIzK3oaZafjhbAzXs+QUufZnlJOHhhFSIoDaVfaZJcW5+Luoa3QisnQvkKa25lkFk8MjxIev+uiIwsBjRjR2i1tNK+5w2TsYjPpKNM2y9iBU7Z29UXUZ7vMcepmcZjnnmaIc63IFe5MguPsfGc+cDaFDkRyGSLZdOUzeTXWHk3EHVEN1JlsjkotHeTxUFMX6H31yIvy8eZq/+iN0+GmN2jYaOaHCj+D2FU/BciE7bDmjxHLd0TSS/G+N1duRBydO3SkaRmCYMfrz8zZUJOY2fY9md1jTbnv2TQoo66oOEC2UWXO5HkukYhIDxTlLhfXIJpay924Gi0IEpgF0GphWwuAyk+3Bj9RX+9MAHqx6MV9g0K0UFb2MCh2WOxwDGtn44dpKRRMWglvrUIom7Gu29QwaL3cD5Vm1t1HMZBlh4f80gKU2VrsYreY87CKQ/TRoExNs98ctNDXyX0X7xIOzh6aSJSm2EUgQh5j82Z0Te4XF/y83VL3EUseRyWdW6Oqlk3FbROjPwb+OnpdFC/v+kxK1jl8AEF6CAu1kjeNqR2foZBu9FXObdvD/AShyrgD7YGXZYRTbtxstasWxzhc8yTz67zUXASvFJe5DGG5BF4Vk25fef6c+Gg76YQwpeiR+00Ug/azqcB1l5YnJ84XSOYY9h0I4/EI06y0lvlJb/fBFkymAhSTyY4C0zJ9ug9Bra5RN6pwkhaTKZwKCd1ZaSPTQpOxIA01J5IKQ/B6iWLh4OMoObTICIZJ80tATgOpLaLgqDOx/0M8q1SXx7nfwPs4XKgQe5/AHSZ4UtT+LwimevJCEn/xkAwg7ohJAlxxRclpWU35YhCueJHT0QXJoiTCAZJcXsUdDODHinaem5LFdttvDPd8+ODN/f4mYiRw9A5IRjkcD1SxAgDQx8M4VjcPtE6Kmx1gfjUjaz9EJtnNXNkDn8UEqMczF9glj0Wcl2B4Bi9IcAlwT3nW6kDn6VS96DSd0tSDW8m2MYt1qhs/7q/3NzfHw94S9ZkMS8yP41ZNSHiR9lrhvYYr85yEn8rQaucyaReQq01Rlr1QRLZLABP9EQIUQRiFNnDfekswbZoIyYcYQVvDSN1pUwasDCbzVqYS7a60DhgLsgonkBDJsM5W0uADu8btd8lEXWJZUtAgNQKVgSLiq/rvlKnFY2Vyazo2FYAa7vYAK22NyiYqOYBlirhxWNUWULA5LIQWFUaC0Hb75iwvIeIcOBozk5Gmmop4FCZR6WlqEGEQksg5ja4M4W4uC4BmSxz4Ch0TUVv5kkniiu0oe4cwl/U3T09l/bkEBVQZec5ozoz4CntEyEOG7EbWbBY2PEam2LNTbBMoBdT+5u5mrMzFpAosILwUbxsjXFonIRCHASKkaXT7k97pU5vcMdElcXYBhZJ0q1RIA5BFwphogbljqBll9ByAy8UzITyXuqEgIVhXU11RmwrVnExNQiLI4MvaiQ8RbT1qskutVSvq+Udy3XRJ2d2ukKiwMJ88qcEtLUuourjeAm5Mawi0DvOk6k6x8qYyLV6P31vQU1SeWMIk3cYoxxEbx9l7EqMjLS0u0LZXa0jpUpvoHX28nraLmlhk03h9kb2bBYoVDSQqHI5UGg3cAVe9+lbSL2o8X1JpHsTDgPXAw3UQWBougLdkdToRXc68D7y5zBXMM4SGMmcxqQRIqSZbmhHiFkqISSALNcf2rOw7E2adi6HvnWwinzuOTSY4DSlw5MQtC6zZRZwYHFkmiWSS04841ACpHd/ehxSXgI6GQ4a/tKwnLBUd/kZPsECC0+EDkZ51qLxcVNRnAMD50IpSHN0r7XMe+Za2FjPFIq1EvSpJ+CAjNb2E0rj7yue7WiLeWGtRLRSjkDy21chQa6Ymvm6pVZps7Bu9f5rNrvD0Ws8OH1thu1wOHn+r3QZer600xw58RJcWAJ24B4q+W1Uc9LUWKAAAEABJREFUR9zlMVEIRLAxiNfk6zu2xCT4I65sqKWBREW0iuAqNiGCwEank2WRuzUMOmqv1XhgOp14RuOE/1kjM9QWYF8LpzIw3LVDGKbRA5yYWW5XH1bY9GZ3x1yBjP68Yv/DtB+Pb1xe/8iDN+5YG/wZlcJPFS041mBkrI9usyniZZvNrqVS6zG6M4QPvfeFTz7eP7o6mMRW6Bh/oKiUb6bx9UPcdOli119sz+7ef6b+U0MiNuPJvlNWiAvYQRxfyU5OCGo1i+2uyWhRSYwsl8jtphytWTb8zm32es2XuML4mKnoxvtPW24yo3YY3Lx6toal5FTDGlLQxrXdwDeqm1utEaWsgbx2GS1/U6KXGSvCAmV2OUF7TqTOGFcwayGQE5VyQfXHTqhCQuOpxtU7j0PaKwaPAUu7Jj+bENYzG0N5InuO4daR/DNh+cRTXwot3+7Xoe1aZbLtKbR7EkJ861GfcpD4BIBdlsOH9VFU2ZRcD9ePPtA+76lgWJx00InyUy1rV1QRly9an3O59c3rM1uvhlu3tjm1JTN3aMFPaTnNuD5Jj47cHygelB2Lt77fsw/9zf/rISS/JL7l+a6+WRZT8WLR+OjcEje+6HWgpQefSW/tIRoSV7BjQjmZNv0zz78bpazu6uHDuYKJqQEcCsRMUUg1zLgY4dAwRvuLEza8b5qlmUna0SBQs2s6orDbcfgqd9w404iKIbAZelaFuW3a/BVcfkJvWhMcQ5BMkp+P8qQdSZaLsfESJwjCok1gnUPxUYQEzYsL+FQrbhObku62GXOg2L0kOFSQYw9ucjgV7sleycJCI7JM1vw7i97jDXccOoDWYZMHAVNsYqcY9H1suDxTmlyLp/YRqpVCnbraugydn+lQ/6kwdGDyhjxiurk6Xb55unlsEVMNrC2kPp0OeBvCgwJkgsFSbq4Q3IssNB8usURPFkl8VHcXisXmSnssmc7b3QQaoPIBOXI8lMnhvhgVw0fIGzBzhG31SSVUDxfGlkTIU92z6ypwHpIS4rRsWdDPuSlKKzrYrmJbz9vbvJ+Ir3ckAO3msjkpmpO8uFj/Mc1pcYeB3zDBUopW1mVA+i41Lq9tu7A3o8tAN7Jo/HCzwOVWvoifEIEqSl31bUm+yKASMSmw6NjJsIo2/IBsr3I9QWuOUPEbTKugq0jqZY4L3doQiKA3ZvfTTRWdF+hxFTQ4ZoTHHmXjzPDtM52OVfwQjDPqRZQjHvQ8CzePogOm5mZi8JwjF5TrOurIz9Bt4IyZmDz7FOQcs/BzpczkpNlUnCmTHwfsXuU8jmkNQW2JFtRmSlt24pUAhp612WN72MVFBcsScohIF4Ij44lpqoV3rdjo8Yc8AD8MdGYzzkRq2CacxEcIS4IJVKCTWWRdtSXyITiFQzoqpgkQgngerDFghZAYbg04otKL7ovxNZ3LG4VQvCAxToGQhzXhzezcqWdzyvZnvLnDqBlViENYJYzWSdNPE/FBg1NNmkO5KdaeIbHmYKBFat0sNi7CuJYOo3JCYOSM9IJzLtDqBUzbg7JkjFekQ6gQp+iYLew5RT1dBcBufgVdD4cDvSkSOT7k0tIIrMGewA2ARA4CTBWN5W203TSOtT6cmDlRJao+v2HqTTPL9CXrJ07Hw6M3Hx4PR3tDth6CCMJ+B2gMrjue5nI4jVANGeuyyyeYh/rWulutKzVxkddYYrJu1xY2JJNK6WZrWaAwLH7nI+NiWXMk0GLZQfgcMAmS5GTLYawp5uF4OFzv91dps8uRlKJaYLYvt9LAdLi5fnz18NH11dXxeKLQducgMVFyrHNbw7Vsvy1xrLhr/XMZsmRYQBOmuGnOrsAoOGrOXjCmeCT6vtBhwNwfcqbz1Bn7Fq4eQyU8ZWDrPYbv2UjGDkRA4/P1VCnKio1sHGX0tgOtI5T3NPCrQLoXFWYC9Rmb16Ec0xkJDfDN7FqgaZoOJ0OfNXapqwFnXYu1Oj91Ss2gQ15G1LeDjTcBxGvXGdD/i6uA/ZqNDj95+1tPTILocxS2maHLA5IAt38O4oQrG+YMpyJFdhq1GHQncOnYTSE563+VXGRPIroCHfSZQa3GUrHl1wZnMAaFrY7oIIyeXMoBUUmtc6zKOhKswcK2SUFlDn0YBq/NgdpzWQYfpqmdNRIHQ69ntPfUWzAp5l3USOwxzoReZ7qQzC5+0gbnibi2GgZT8vzZRNwDp4LF5mfsITCoo1VBENmxYmPH6elxsY4cpgG1dUF+MknnocE9stazDLbwx2rgWSoSPmXf3XmNiF9i66crbRZ2YH0mseBDOrfxRTIrUyKm0/N6/tMyOAxP1alEjlBjw0C0ihcRl2Ka6DMRf8Q7XqClxy9LAdmOmlkoU+MRQwY1ojNOWotsSC4ETopCXjK4IDDjPfUZ9irZBnrQoB4peyosSzAHcm/LbcMTmSn+ECgmghonq1aqJ0USf3u5dYPGivezyl8tp6h0lYCkAvwGg/rbisM9SAS8ku3xP+eEMlPGrJ05yPC1EXDMCkcXoVq4iUainRqLJiQnXRdabsruJEp8ONCTxLvHGqkuAPKRyVU1al1SDx/aCN49iufcdZB2ghwJfogAoCd31u78QmMWfLoKmF2cTqJwUXcgZ/U/LGVS3mePpzN1sJ3Zu0TQXuGnSSJkEOgPW9TlX1OKB4esIWExwFZRgjMs4u8Ei4XZRJOrypkA9IYDEkk5pdBFaphCppISEf88cyoLBUVzafhWOxmHeArlU8SEyLSd0RGN4NsjKmorvKAmKSIabHUVk4OLLdpGIGmd2ehaW+rlYYWRspQZnLpOmM2e/GyqvVbxKugZmlnFl9nnGvT7gOZnC4bxnnp/RnCf6+LlH+ZZkAnvh9EKLdMPaBHG9anyV3emvWGA0zuaW+83KV8Mm5t+enw4fPT111+8d/f+bnNhug3JWqYPpxreDTaSwuTBrBWuBoe4OjAcxg+8+7n3vPzmJ19/9OY0D90w4h5VfGQX4pjz4+Op+p4X727f++wzL7z03ueeex41IkUZ3Ja5FdJ8rQk3WxIwLs3UlqGZz8wyZ5GKc2DpV0XQ4IIJXAlxlUlqYRDRhX447XjIq3yCFp9hkHFFclDEypWrp5vVWjaHaU7daJ42NtBP30Z/p9zMq3lhHQzK2MXiehqsVBfFShl9F9jPlrZ1Df/Kvi8UUS5rjpWgul5Gas3F6I4gyrmG4Lr2nnbTltxOwv1XDbe8he3+r3qVJYX3y78Nzrg9KdwpXLWtvOivdSb/5Mn4EfQ+/1m8fSL+V6ukZH9/1JHjE2dVFgSxLGKf7QB+bt60s8a+8dYSyoJoPO3evd2VtfOI61tVnvK55emsoY9mC1sa7ucegz/gJ27MEy9nxqx/5F9U9L1M9vlFuc2Fct5X6wKx/Yt6Ztbg4qJxbxVq7CA3iB47iKCNIZ4N53fe/Z73Vf/3aghvPnh9KlC38nNAEzFQxIZOaCoGgvgSQln+2q4RWzUzQ7fu0UlaprLGnbStQACYe6vsgSldFJJmKtDzSHCT/nnuaoGlQXJ8bLCCu2QvR+JoYI4PV+FizrP8s8yFFxyKIhnlZ7zbSV3lYP5YezFbHtkZlZK3sQtaYDwkEkTCzBsAxOp4sriLiiTMUjmEG7p0KA9gLMfsfbdgOSVG8syCJE59mm0S4Km+M1qPaAfFj+N0/cbh8YMy3VS/HjBVuJYxa/G0QyLH9E/DTFB+tTjQchxTK5sVe5dJQXzM4q1n5JRmYDGyiNpURSq15IAjmwhe9Q427aF3br4FJEp4GcHO1Hdmt2kIS6y4/LEAFvNuvZ5kej1NX3mYl47ELoQGAEafvx1/7D32E+71jmZAu7Xw9DPGhaAQ4pJOYOGkxiYM7oYjgYuoDG2hyM2OCnCBrkyqxzyMOwMrUcwr166BVdXZw/uW/OTkql+swMwS05DyhtESO4HIITQ8eiZxVKEKU8s4YABgZmZq+XDHb84gEmalQoUATGCmO/tMoSDKAwJZ5Fho6Ibqblx2FpWXkT9h1B5uTEBTCEbZ44bY19Qim06vBTS4UeD2dg4N8Mytc7SI5RMpVJorLmGRYedES6KymIMib95ZIMs+TYNQwnE89iBEQfOHnTBgsFrChXFYs7ZyDhqABYNiUhEGkRQuA3rBSLSDHtHUgPDQBpQxq42rhm6g3JLzscaRQ+pF5mEfpFmWEpo2RYUjsy9LIOjCF4oWiPBWXhSpTIQBoEjXZVWn0XfZRUx6V4G6qGQ32VA7vzMGtED5sRT1wTBwn/ANoOsCtY45exW4U60F8evQMcGjoWRyQkMtZBpiZ7EPTTC7BtFWTghcE4YLzGWqT6wmFfX3AySa6gcrOMqMKOI2lhg4Woj7wrShi3yfNfLg1p9Ok80QNuAon8YbTugmP5r+wBqFxrnWSiMMGBiXAcm6nTCSK8COmhhZkyvbJLVyG6HzbOeWbG2f7Xa9IY+z/dQevfHILDnsTWS6XuPrr3x6vLmqdxGKFeIKIZjpMGsP3M0wHUs+2vCF0FU8+Ljf39xcX9uhLTfo9ho9Wm+LsnHb/r1UgYmnpIogj4er+bQ3ypJkRGyEp6XP4Ed1lsOfokM4TEHqZR6O0+Xl5cMHD+rxqi/f7i/qQx3t/lieGY29ejzc3NxcPjpcP65QdIXUQyaHngOOZ+PWA6Oopmfbhx0YOh0mh81s50Vrc7BepQmMAGgxqldIISUXuV1JH7d92nXdhnojBfKT09QTA1b0HqVTbd33DLFY8u8mG9plGm9FsEPGqqh2KfedYiaiL4yAqHpsYqexjyWsg4JmryNndIXg7ML2BvvryRQqJiRdG+3revcGgiC2W6x7rH5q10fBksb5R8Casie33gxdn0g3k2kXkkRDcjmRQAlUvJguP8VewMTngEc7xTiNdrrqrmZoSk2NTiB8ZluGUAdwrmcWzw3hNWOIxl6SRylwZvd6omHBDC54O+rPoS6b3GiHsGTBcdKiS0pEgMhQZwSMS2YRSpZn9k1GQay5gm/gQ9AfM5shNkSE2kxdSEMUnYFfTdPq5xW6Td0spnQ04+FY6we5BOyts6WYbYaJ5KRhS9xgIvLFwyNDoSVf8C6JmsoYhlIX2wlCUQO0kADVZdDY4U4EMGXog9gosznXUlw3jals8q5aiDTbz1GQYyxLSxUw5ZCqvjWkJaJmLNrMU8jic7C6Q3NMcis6Jx3qY5WBtsA60zt1XJAjx1aWKCUVO/GYKdQuJAqIQxbTFj4R0LnVmfrkjdUZkYO4SIAoguamGH7fAmI7Y0ow2bkC0Yu4ZYHyFKSWatUWz4uGrguOByucCWy/QFiAChgTJjM15odzYpGIQknUsUgh+pg77OZZTWWYcWyljdb/owDE6UAdmCYKxbIzRrPHbIn6BszrQAmYOte7h1U0IIkayjhxK0BEdJCa5+XIz8KpEPY11hY8TxHwqu3NPAevTRXspkKpx84nA9YLHAYFFRGS6VE1iLTUITtVJaBVGFx1gvwAABAASURBVEgWNe6VQ10IjWC52fWP6082ncCLuE61DwsoQcjT2bsE4rxFjCuetzOIOhTcwEP1EpUHa1rJrEag+5bhXlz4ooqTkYIqQ0NpJ7f57+w9QFBRUzWZnkwJZoSjUSzNyBkkNmcoijFSMdxNPruzubPf7u9u95cgNdiEQNN57HJfi39dLN7tZrtlPG0P13E4z90m18dqk69YIfJ5S8pDQ3CTQqqjJbnWtlsknsUQLZP1n1veAX5G5xUIO3ULTIw2Be7chAozvY9q9pGwQqcdzcZq7Cb0Y9UFUEv0NcDqQOMK0C/yCd9Tzd5zHI7zocLJtW6OacpGijcJT7bHYYXfHMf9zaE6tN12UyYjP1f/dqwreDQ+shkDIuWoOx3DfFnvEqZTgI8w9wlCLvbdszV892Ez57POBrCcbzb3jESQH++nVx9ev+v8rLt3Pu/n6jm2Q5d2/RwU36BUARTI3Op4OM3P3kkffNfFx187f+Xx9YA6L0ouFSsYhnKqJfIH1+NHHp8+58X3nL34fNx2+8M1ASQUKJQgqFkBWu3syOGyidIgUV5X2H8P3KGHpjvGoqD0yj0D6oirdWn9F9G+VUAzDoPhG+QJdJlSyqbhllgTZZUssH0Qo1fYUYbkgxzPgO1vk0XDaNSAsTuGCsGofOexvYcmivNLdrkg5atFTSTuC71wIiwzqEBv83uQb/Ta7SkIUU4Rc5vnuJTEWJsxS3Y82v0YjyCAIPSx0TVZPWaR/qs0yF+3S2kpN4JjoK6I+FYEtTSjE54C9i5vEXq5QrmffKUoxbD2PqLB+mv7TFzahlc/L+6n9KbSIOwnIGkdUQFM+3EMaslsDYHCEKIeytwOQreHcDWptrS+jOCPvCz3pawB/LL+Ab8k+SoViBkkGxNjbC1MS1HD782CMvNIpd24+AQNXI2e+KrQ8nrgd2m5Y8QiWo3+ycddSnuM1L21sLmYYDP21DTWUlPvML2PDsCX4/8z5vBg6juAV5stYlyF4HN4LM+JNqHleJPSbrt97oWXttvzzfb84x//aGeWk75sbpM86F2DGlT5h9ROvP2WMhcJU7FqqjRztgmgCWkSMaZCDAVQdsRVjjblyALyDtH6KPZs4CMpiDHYIxiQRIHJgQS8iXVw+RilwCII41/bzAb262TVrji6keloShOurcC12lusyQWxYYzCNGrUWv+xKakRw0si887csy/YJDsiSrXmqWoGVDiRdGaD9BykiReQ/UGJv9Tib2QjZwzM1yZZk5mmMdMWs+Bm1Xs2M03WIaOkxdgoh3k6nm6up5ur6qDpEedxX6/Bgs9MSdqsiixuIj5nwcqYj9R6Rhs0Ixpi+xFThzOAojCxuWOuufnEHbrqDwwds2hEggFDVjpQALq+U7WoNPObHMXC5Jm8SMc4QdwGLpj7VeBagD0oR5LiijYRMkcskU6DcsywALA2+Ch8Jr3eoQzoEFq7JX8SHWsoiiBaiZLvz5JDvPVaLKa8yROugR7QGxzCklrhR06o1jtjcAvPrIZFPLVMF8++vKFY6AC9MTtzchFALpVAfYoxd/HKpGO7kUL7LenSbSFp1kFg2F+eUmI+EQRAk4Lo11/kd7PrTshplehtAUUmr8g/FvoIxD1+BsWRxMWrNyefbotT0oZL+hi2tii5ZfIslYr6nTCmM+WzdVEk22lEnd8llRHCZtg4Z4o2H+eU4sZEEgfYRDPinDCO/o/SuSwAH0hMK+kQB5fAJBX8jMYcwqZECMxyF4k5OKRt89AmFgMM4iwtuNU6ojHtELeSy2Y5jHiEBVPOod7Qq61Djc5sjiWvOpomH7yC5cMD1B8BNCBuyGQp2Zf1agTBX6xQkrWGGVqxzdcjDK7PCheaxgWGrVtmsxm4gIPp9wMqCpx3A3jd8hX1RZpnHTFsOLBvxWY4dJAjYUjP+qTxeWFqtewD256TB/5JxZOoqS0tn6YcbbKAY5fIBoNLsdRKyatBLdBF6EHAmanCG0TjnZUTAEZEkSADW+6223qVm/rPaZy257aIxtP4+iuvmGvEvcnaelzpE1lBMkSR28p6gq73h4ePH9fybp5O5/tzFDyZ4xjWFWkAFgAaBY3QXR/3l1fXFbc+HE7UYvGMhC5PhQfq3PAWkddqTU3XlzeP39xt6/2Y5sN1vVmOFGeb8ziNh8P+cHM1HvbT8Whax+CZC/AAr3VDlfgQMeUxVCj3NFlAMwKyxGqy755TP9uCT3khryIeZHyHDuD6qM83w8Vue2e7udhuzrbDbuhsCrPOm2pCCSVzZuMMwkLyWojhrbQs1Eix1cFdUNRWjnhNgy+izH90nEOmpzSLhPCBPb6dCI/SEiVwmji1D0od9VEAqdLgkSKSXw0mY2hlS68hYeSpzATDJLtRHYK3eoTo6iH5hGQgg4BnnA2TMatLx3CS2acQ1v+MtiNkUSdV9o1IZRGtMdGkU5F5S+QFfccEb6VUhSoQR0LV0B4iGdBB/WLNWzW34up4epKLMkCQJ8BXZLRMy0/RPjpxw6w55usGEYE9LIwNZWbkDh0gIxFEqYh4/qaGOYCDR1aOCvYpjKsmR0Yi7wRTS/PAKbQciIJ8JG8i+UhMAfDXlGNLQ20NGlhXF6OVJS2SnKF96swUqexGt8uZ+GJBa3xwEZsYda5Kwi0+7thSyVtYjeis6rd5r6SzQaReqNBlh53lgUmCx/PrsF4IuaDkWwiquHHkrbNiK5cB9TcKCxzm1DJBQEOl5taxb62BQea3+CBZp901E+dEPLm14MJ3dGSluCZ4ZuAEL6msm84mZi8KEATX0sR5yyBGFhQ9I+YS1cqUlA1KEK2cbt+Bq0pClCkS4B4/CoZp8Qd9bUuN5uKUZ7u7iV0Swk/s67qigZHARsnCUiqOPIpTegyAnkeOL2c7UN1g43i0Rc1wCDOlk7ZSAFZlQhkJExSpXgjAcNDQdrYtsRjpNHd2JgWteiqAs0OKoxqEvCzAFSMrMiELafWOkKxDVcdEll3P8bM+1q7okel5Y4EV4WmEHVh0KQtgLaSDzFAXRgtOvPBvZatudLyMuFVQM6HjLj5tAg4amkVxdRqJLFjnWW8PF7vzi+PZnXI6nQ4TJ9zT5Edvv0P7tKk8zuMx1pLVdMoGT+Mpi+igRKA0zMuDfXh5KKaYi6bIcmzwDVPe0MJ+PiYbyMdSTJGFhEZRdD0ahqtRDVs28s2fYRTCqPAzg/zWaQWqdgUzWYHLzdYWjs10RcdP0WCUqZC2h5IgWGA1wjkex3p7kk3TykejKINTkQtvrjWegFlX0f2b03TclPNoStBdC/atr6mj+GZ9b4/Oj23XnZlU2Xa/Dw8ur998vH32fBPGaegHVNPCkPqhkwfYdFvWB03l4TRdpPjCM3dfuHfRh1ctikdgV2/sJEGgWkcPrzy8/L4f+cS9Z+//MxcXnUlpMjjFNizBK0l2egys5O0DKfIGZhcZ7UChdJa43SOpvgL8vbAXYWFPR9c+DsyhxLfGoqKH8YXO3KI4iIcfagsHWhX/zRKLAA+pCItNLz+ppcDTxpYgyJE5qb79sDjKybySB42xocARIBTph/URaqEG1+RtL54xS3KAj4zPcawrI4fj8Xg+Zw6Tid7Cq1PTybjBictW0UbQFxb/8zqfLqG9Oazsc7ve9r4Ga8ZbPwlPeQklWr6Bb7+FIK+y/CUF5bqO3gUVbx9TpqAsB277fAFxb/8u+CJQbNTuBl9yKzzyYi5Z9/KgrSwWqCH9Cy7s0c06cQ8OevOO8aI8vFnubnDPuz71uD6/W39ccOOgx9a+RW9w01dCaxyI/k1hec663Y35t3xBJgGtN3WdiYwIj12j3wKZ4Ix5DFaCjOwjlHuxZM/aSzls3T60G7YX9+691HXHeXrtk5/Y31xj+jUGUphNoGfuGYRat6XFSMwpGN1HZ9KLnJe5//GbDupG3HUs9KAST4gVTsaK05ZdRYwlUYdKIFMEoQq7u7hkkT9pJBDmGEWHciLgUCSpCkuGyWC6Wj+sZrza8xOGEUZUpTkvAPVsO7i1b84nVBYFVvTWKGinNSZSbyUAbf2mUZxchK9Ww51s9jugZA5gYLDpRVdzGpzQq36pwuKBwjLaSLKf8TDr7WgSWBifYqkoinm4CTVmrad12k8VgD4cUdTHN1t3NOYomSyjjQNiEbvD1C6n94NNOZOgnB0JJK+RDJzgwBu7E7PWTYzsOWnYlKc/njG6PcHHc9vWLWLhV2VnK9NfR7KX0fSk5lrza0Siyb9cBF1xvE5Jo09SxQ9NnK0+2vCZ9HpHAtAMAkLDfpUPieu0gLVui2m4yXxbfGNcuhJX/moVgboJjUsk3pzPLRuNn+T2CbxbkX3wsKNlpz5TKlIyppn+3A4PqJEGOIZVfuGEaLkg+SkGU/i7opVZURKvAhEq5X54kkSCW4/3Yur53YWeWWfCq1ngA3ybey5VvD2VVYNKVBhtr3UT8a39Lf+n/RzF2y0ypkKxPWIDnTVECRtHPT3Z7lDc0lB0v++TD7qShQSiAZ09iylncMFIO41LjGL/xlA+dbVlanC0pVKWDssZFF52x+LGqQkXXGbA4xmkMPghdNISXCCCESL4iFkKtqznhrYeVGang4OWBjXjJkDg6Ls2KpyxtHHaPCt8mnhI8bg5OpFcq41XMavg7PlRTGEVqXFJGy0udVq1usUNlF9JZZmKRjaaBTusSQxifzuxNuVbdiqprdBlRy3bBUacBj2jJNABKJ4BW3ConC8nvDqMy4keaxJ78EXP9e3eyClvEfIsNv6lsHpuhNbJtKhyAkuxrpztdrsZtljSxsk67Pevv/oaZvGREwgKJ1FgVoZ43y3dShuj4NoXV9B2f9xf3VhtosYMYIJzDEwxnF5wf2JvFfHfDmSlCj5fX11XrNg7FWR36Frt4rrUdk3bmDXMOZ32h/3V8Xpb8YxyOprqrNiOdvNNH7rmoESfa+YDMWU+BIZlNUbZgGm3Sd12DkOfzoYErZ84IiyYMxVsILnL0i2hC2waHipK4TlWUGU39MCgN3e3w8WmP9v0ux6V3bSMCcIylcCl46n1rk69NmXJagCnYAEXYOYoSxJBeRdckiE0K8sVojJagwUBsHBrQZM3yxQh3JsT6YowEQgPKfwm0LY+/MGXMvSOiL5bdJRCW+Vc2aASRQDQQfMMSxySoEhD0rowFRf3B7NAcVK9yR35pCbSgfmpoKjDlkLW0faCVbWsBYQhkxHItUVhf1jIKnmxtqAjgJYrX5PdKSm1kQGVrykyzAuAg9MUCzVS966o57yEhgYxJcEnKS8uK+TeObcsOnPCEvv/5TNn5+oyc0drnIw9eyTRahAFh9JKWN7SFTcjrKLJTbsLa86bVwBaV2jl3gzluh4lPY7CTco/sPRxJVHDQgU5oIRA4sWEKkrh4JMJFUrGBB6aF61rEKc0E9XOExB0EE5Id+CJVsGEG09KlAen4lBDdlXwzGiGKUpsVpARcUfLnsGtpOvPKXOsAAAQAElEQVTx3kydQ+sulEeYNRNPLjMXB8sUXtM9tYBHmXIp4qN47lxKWy+R4bgaxd1AKODBXwgIrZwvv8z/gMNn+FJQb8gPLW2nFHS1KY/lksBuonuQcWT3AP2zpYNTkVYV/s9II0W1/QK4QfcUn595IXtcDCXMCM5kIBlUM52sJAWOM1sczNpOJ0pUG/JWjaCJLHbUwMXUV/uBpijy//bOvnPRrWja1ksbmaxkTAsm6mx/OeoFZMmkEwS/f6oQ2f8pnNieXWx/0y3Pt1Ks4PGox3x6nIhb1E/MMCasAQ0i3Cn4aS+IBGr5HsAWnpZbFfdrNCeSQAlY/ykTwecZ0i5FK4v2gn0BJfZls6n+enu23Z3P+6vZCgCTB8nF10ohEoAndEzW/DuWNJKoWhTiuZNoGIu2lAt1YP9EEv4FHwnjoY8p4v+DhJ7UriIdSvHuTXy/jZa7pbHQwvi02syMczpeK5dxImpt51ZX0SZgjeFZlD66Z+X3qcDisqUVs9jvaz7cjxWPrhXqk82MCCLxJd0tSOvf5Ol6nO7m0lupPE0+Hbxa5IJowiDvJOmhGmwM9qfh0f745vV+HKedP5xOM6pR9eckGuuhxskZjjI+c757z7N3nznrHx2OlJKzIQVIU7gET9P48Zdff+6jnzrbnX/wPS9MrMTaZc1xyeGKqMe05+zgt5JiaTWoKGOTNH6LZiG4qwvMDmJaUjkun+AAW2nS3nG13pNsst62+BpGqswtsiOGDahlmjPbTcixAv5j8V3mm97TsLisLG1KP0mZQQHQOqHkttS7FaP19Ax9bqmnkGTGbuzDU25lQnHTvD9NlzeH1E/398dnM5vvtUMd5F14zU+8ypJtioLtN7isLyqs8+ywuuFh2XmhOQy9p9z6nlufUu7aXK1+WJas7YnP8p7p3uJfMTRwdPXmlv+uvn1t7vyan7gcXbnyEE+y/MDN7DKHvQ16y1otKVj7QzvP6Ndc/Mt1AtHhsRDKrdulT6/Pcv2WBcQoy9v8VEvLPVpFd7lO9+IyhE98YVvt6x/yKxBe5WUgq7lBhc7uNJoDvHXSjdbVRbfMNTlUJF/j6dn4GelYYs3gzu/dfd8H3n/cX792c319dQWVtMT0uB5pgOiipX5Q9eWkEwgtB43nFb81tlKeoo/MNMNDWczKqz8yzRoDhatVwz82uClPPlWdgqGgpPCsS1t9xIJ5C51Bjmdtw+oTUgdruqsH72tsEKwTsJaIMEnWyEVkR1BPuEPnHGgd1mRB/6KRGakbO8l1qfbNvtteDZJcNxyDXT3lcZwYP/pMh6ZVZVEuy512VxLuPBLBzB4RllwzDTFVZsE9piaJWf56+JOT2dG+Mo3T4WY+3NS7RiVVNXpailoo98f7KMfi0skcC5mVo4mZFIDvu6Yp7aqb0cA9qUZbJUPUzcKSlDNIbv3tRUC9mbW83Kxm7YoKCUo5xKayN2XlKiklxTjOtae9EhrTwoOANTrPa/rmZ8TrnQlAL7W45g4Wb1Vuu7jsPtDZpX4EHKSprPGnQW7trQ4ohHXU6d/FmiNN9AqTbrl1K9gswapncR7zunlV2kxL5MNhYwqtcrIuhjP38lwlyN23vVbacQTNRA+q08rAE7bz8yh+qLXfVIwTmTEGpe9x5SuI+ULPTsf1PHOVjfAlvRH8BNINbLqWuXdjYNerohFJ6+gEMYW6OCMT5W2HbVUjsZFeZ8aIsdM3OsDEm4oOZSsuseIdheAxCg+UB6VccgjMHCKnmuJO9t5KzE9BxDZw5J4CRFzXBN/jSwTIkUGTnSeUxZG7EBRMk+Zlt6WDUj6tZ4rN1No/9aD7F3/lt/6xr/+ln2OzwQ8PPvJf/6Ff+03/2YPEPhHzvBxh0wnIQFoZNXpQmFA7YKA0prf2tbCMIwYiZuhVn2ezk2xyYJiMoG5tO1z/PdRLmPE7wE9uXFHLOjxfRlmigAxVQL0xgZUQvM+eI4Bgi5s6EpAONP6YVkbNE2clGYXtyAX+OBB91miGWOu99S09elAD6TA2X2GgxOGkwK6AqF4Oh6NFDPUqxooS9JuuP9uFXkK3ltYN9Yt7y9Ou9jf7B9PDNx986pXXNsWkPMDELRLJMty2sXFNoXPXD2dDf+hHXDhpiEj9bAJQYsu0VYZq1OST2dnwlTRKMtQa8OHmcLi+OR33QAw9AixOqsCEQhIO3dLAy1ZIpMwIgE7j4RjmMYHoC26RraYMiDpb46d1NhkbS9A5ph+hc3jAmL56MvOQzoz43LOIbt1clOW2Vdo1q2XdwQGjzwJxNKTIRvAzVt+mS7uhAtDD+bY733QVzt4NumtK/KJ79uJmkXWUUFiWF+ZM4CPqnxkAtImW+9Ag9KqDU59DbhbVBfpprVvlIFA72p4g5zRl/xFiEJD9TSMYuy6h7aJu9ETbOQQ/FAMFr2oEqaDCvEIwCOxVUwipQPOsb96YYDhwDFvT4PDyeDMDdogE2GDvBDQwo6E7EmujxiyAALvq/fHkqXiBJmMiD6Be1QmNt7B2ZWYIDdEkLjUgp8o0ypKkMVgrUUwKifDyKwWLSFzKTEAHdoY3o+cmbcZdRvHhnto7MpKQ6cdjIVmiJS7F9Ezn4P4XTF8UqoxfUFggRXECFz+FWY41BRUroStKjJ5PIqbmqlf9SQSVQZHFZMcMCSBrbjdh+Ehmu9le657rrV3Eus8hmN9FDdWTb+zmAnrGXE19Ra77BIyovt+IfdZLYcWJARoq9AkQYtHc3ew6Eua8QnLydD2BbrkHJfc9R2dzg88N5EB1wdSZCA5mgdCuVLv4bpxuCs30Y9WJ0du8fFHrqG3CmdzyxObT5hS4SGahKV1sqZPgPaZWZJ24JHIJHkDbp7yEGdkq7YIKTrENqlolbAoPXOSZInjORJjjrCkHKyVlBTDB438793lFuO7E4uejxSyhyYSA4GJBWsa4vphFnBbEHCUnhEojuVMzb6rFHhRTOFVwzMwt6EBWOyHQVy9jd+/O7vxie3YxbK3lw5SKkWOidKMufegV99LWMM0uh4c5bnOBKYKXTrzvnsNugkdyspxEh0oKy8OxVvmAXo9IIgP5XSIwzwI6SvQiYsdIbZ35OACWyfNSyUaxHM4MrNMcJdOs255c3zs5B1TxNExMkHUurZQg1KYQCuc2swds7beR28bMYvFSTnSTokwP3rc6/00HMRO7ptmpWFwpJTpxwDLgWOvNFYOGHCbmOQd/Y9YCFtIjvj3l8bmEIFCetXkaZsPzyt50gIVXI4MZWro86CL6JLxMxoG7IbU8Ffi8ONzetF1tSY/aRei4DEiGrhHDtt/t+u1Qg4XIbmOI/RbPSwoGxmDShi35/WG0/vC54J/MkdGDiWmG4O2add3sx3zZn57ZjeF8wDhSDVyqf7aOHPTt1DU7WPfaZECJyb53N/P45v50dZju3j8/1dqMFfR7VRCByLK+wOSmbqKbm6vzi7vvfe7ue5+9ePDxa6jW2S2OtfqsUDzsNkOO/cc/9WCbhvc88+xmtzGdFjxJ1QTR2ROdO6+ptxG4O6Iilnlgh5jSNZx56R+yqC94aNvwvqIMShGy12ZaNgR7bSZt9u0YZHUYBkWpgiDAYNGAiCNdKcKpepIVVD/pSm69SrPnRcUt9vzFpDaIlioy49E3F0pyMcvDu7t57lAsrY6LGSIs4cy+TH7VjKb7/Wm8PJweXN7UE3/2eh+yL7+i3cC6cxTRa3WufvrrZJrhqRyXLMOyCRry3zYFA7/iaX2D4/12vPUWtS+PISyQzS3AOSyf0qMj5bGdhWNTq7Dhiesq4UlAd33m/qXL1zgy6zlvaFHWbThA4fsTSJOD6CGsod7lr6tv1YkVPaFb51/iqgHo1vm3jy4/KL56SzsrHURPSUCbh23BC2RxBT0zQObmKQvCv7qyBaSxBsuuLHcq2cS8WYQ7plYOEYTWWmq3ChKKmRAE7l0HO5EprYrwfTQFO1OH2O6ee/754837rx8/fv31BxU4jRzMC0u+GUa4YLNsaANNnLek0UmUDIad96J9zgxvM5u0A2OvuiEr7MGvrbU3YyXXQs6YjyOp0CPRZ5OsmgL40a3fxlZ7SqLELVLMQXFVTYKrS7MMy+SkJkpxWaprlbvxaDLthoOgQ5qttUYhYmTDBohMfrRlxdVCT2w1R3gf0IeFmL1bRjRJYwyV+nFSCz3ufMcJHYRrMeMdiRj+w0/AQWsaAQJ99ovAVEwo/Wb5YyOH56OaJAPaxk+n+XiYTsd5JOnPsPpCxhOcsj16SKwRGQhAaVu5uKlzRNFj5MlbjEqcpygoLiw0gNOmBhruIBKjUXrowhqp42UHN68aZti2WQgKxB3LRldxIk8L0YujzEVQXGNs5Nn1XkTLiP4Kn2Gvd6YG9FuMXAxKRdqL0yqKWzUlf/rs8qybMQweKrcDPvEFUca1OHbpX+oFVLQ93uL1NA8m/QCER3GBgGNw5fi5EENQkFO8Rh2UsvLFJe4965m16UL/LSo/kcGcfYgOo5PgGzZHaU3olTj13tpYcllcBYMy/ZUotfTiigdi2tKMAEC3bMCu+2D/N3vZMmRwAJ9RWzAA9EyhLOGAYHGaQiKzhjRML/3Lv/UbftW/9CVf8IH7z9zZ6WYcDv/oL33Ov/rvbZF4iIUX43LORGgE6eMipwmwcp+2wxaOBM3QvWnrFx/oRBaKtcdCCe94PBrZzZzNkJsQpQ9Tiqp1STjqq/7s//RNX3L/1rJ59Lf+wy/82u+IipNnNmTjgKkj3YMiSdZGlBx14O3lpKF6H06nn/e7/sTv+IoPbXnI3bs+/OXf/OfGV3/xH/h7PVxw4XrA8539ySCJESJQsacwUMWDWiVelLCr6JAtWMv/TK7Q5Vf96b/zO7/4icv473//z/63/8KWzC05Yy0PqBwWDbrpNQ5I42cBFYDObAP0Evi7YkaHBiBaNs7+GNDaWu2EtErn17ORBqC2otvqcU/7U03NBkMkY7/dZCrZVSDJSKBR8uGWqJhE1/H0zd/23b/iQ7ev67v+yJf+of96a+TfTberGd2wOYzzF3/Dn/rFH7j1vsu/9/t+3df/ZQ7+5X403U2OeUipwgwXm+GZsy1d526bzjf9Wd/toF7G6Ap2webrgllnpRVOWrPrMYKe8ZSlzThNs0cqZlE6D3tTEl2DuVzS7g8mE13fZEpcoylndVGN1fZmTInLfcA7ALU1e6fwzj6A0ca9vWpQM0MDl4/ISrJmd4zMa8JVhcKdJog4sbaHLKZleJ0dx0D8zTDstpvB0OeKzpsqdIDUJ8oxXgspzfQGdiVbz2hHzjMIYTYJA/rT2Bk5ECjrEqVdCZAGFLJwJzIBLNk9MQ4Y2QCljAwiZ4r9GjQPfXSJMkAKlldLHEeYF6NuAQ8Aatm40KHbITc1EiOWFhICYCVsDidQbclTaxZJCmRA438+Y8TSaQwOAmWg1kJsVkAq3lU3+XmEuE1nU6CYRgGpMKn/LZSjjW8mqjIZ4zFblAAAEABJREFUeU021caO8tlZ54ekBxRRRW2s4rVISA6nDG39SKWAORh3FIK4UEhLIniZfikUBFLUPUPNDmYrRpIRYUudbU6wjJ/HxNTTzFjern0CsTerPjYXwN3gcubW0msAP/2FLYotfkvqeqRCnNaV61F4kiaXkNhVRwzCgs48pY4zByuOhQF4EDkBtQOpRswt1M0s6bhgf1fxxWFrOvCniFkox1rjybA8NS9ROwcG5yDOjyRCg8Qe0D0qtrVd61gImNK1JmckEawLTr0zEmVdF+rllyxhlGaOwuJUJmqHg20K/KujK4UfJrwsIIjdJB3hIZMZt0UyO1m+KEI3IIWd2MpWtcvQmolChE1byHmNyHm6yShceGc2yiRMvQ97ZFsCaEQzLD9QX9ETgwdousqiusiM4Ws5Mp2SSDHKy8gYNSjYrshuqp2PkYIgfltTHXaAWk3Gppx2GawozpFkfohxmFytNuUGu5OPwtI+U4ivCNtoOgKQ2Keo42QYaT6zeXi7u3efObt7b7PdGgBt6V9HS52U7tnCYSmf8ZduT1SdzNnuYnLL8EcP9HiXkwAxeAnTIEm5d8dEeKDwiREoloqRXgus4+hDLN5RTBDAtnHUhFoFUA4/PHEU7FdBGHBJkZ1WOTiMUMQa43pWKorsbwLKbEkaaisT+3IwEc9cOB4T6JkjLcAKnLLSQakWMlvHs1LlICYvAQrMy1XkDeVqc40F6HPdbrHLHMjM0p8WW1QCgQeSFX1n9GKzIBd8+hwhs6L6SUbdTbxaPhFlAexW0q2neMtspryQ2I6owA+IgtDcusYsAi8DdXzsY7VK1WGXzfJHtcx7dj/eOZwubyqqbn6jjyRkSBQuAwI/2RwIO141wpPNHjCgRAUcI1sY7IsqhZ1vhajncLk/XZ+NUDa3k1eqAZl/oha1Jjv0YdvP237ajuGs7y/H+OBmfPnR9UvPnZ/3A2qU/TweVZ5Ej9cBFDkGebVMfn52593n2/e/6+73feIV7yGw4GdAVcDasrrtCy+9VJ/xx19+9e//w3/0hT/7Z2x31q82oXmxkK4n1g4DyY6aroH5fUHHkPgOnTXcU4VLxU/3KLryW/SdoPMsbn0jayYIptEFoz8FST5z1xRVVVHLNb67mTw0HHXqPbUV1aHPfUqziZuN4xN54vJnrQo03GDqNaq/0pHPDfJWzkX5O58IijkcceqMwV6NVThtjMRhZ1MNF9Iw8p8Tk4+6Tq6PN29eXr384FH9xmcfXdb7XGs6nMBs+rO4pysWbHlrfnzrpWUfW2vi24PIi0VpoLNDs+1f5TYw2/7cEGK7DSkub+CtK9mLB0F4wYLnLrn/j3VK2upPua6WsuK/2Y8UbxU3PHX3TuvMGEgevTzxXQtcXlom3nhUjmQFt9zrW9pkHWTQnnpV5ce+/fzS2MAG++LkRl8e0e+GEgdP7IPjGJKzciyV8U28jdRE8IcgwW/HqBGB2SYkEEuLMa6LwmtAinN7YJYiMjBDv1xm/G+QqGlgJXHY4q7r3v3iS/v98fHVzff/43882FT5gckjmc6kNFmCwSBXCDQJyVIDVdxHFoBpfRXuQRmOLoxTz+DCLBes0QgpG9YeSd2ZDJxN5tCMw8PJxBbkUA8jcPA7UO+Z89LViZj7bqpF7K0lt5KlNqJ1zRPt4GbTO0zjY79FPfdRDTcBIY/9G3evJwoiwDkQcPeWEOnWW8ds1Eqy4q+iACNyYQlw2rC5QTNaRtFpqhd06vDXwTkrmFmGSrfNG0RKzE4gjG2Bx7eg1Ur4FXquGPQ0IvpS1ztREHab4ZEp/icpkLYoe8drs4TI24QGl7Yx2x4vS1mI2LaWsLtx/pNkeghL42Mowae0GJZWRkgulUYorpSlEHN7V+mjQqoJR6kqDTJ44mCCOTguFz6TXu9MAFqridtZImqEZ9oDl2Oi9WxZaKMdLE+Zbwxe0ls9fi52NZpGL6ooQEAuqz8GrXpxhINH3zhGpneMpAYr27BfIdnzcyveiplWGGpYHHBpizn6fityT4ACWKqPlDOrRkrHgtCAn+FSZqFbad9k6FR27k0R+E0fg1umoFfn1JxECau+NG0e4o85N/313J5Waq1cyr+IuIo04FJ4ZFRpXmK1Qi/8S9/0J//A1/yM+29ZA7vdZlOt3sYEaYmfWJiZlrzV59RjcVi81fFuowEiL4qYxGFFQqlJo6pwJmYvdCOCFk3TXWAzeBMh7pdBG8zlyQrIsoZ4C3N2gl9oWR0nSSlM4l1N3nVrSa8N2J2e+8bf+m84+uzX/uGv/G2//fd91R+NLU4hU2nJJ2fXfwxA8ydrYMUyjiJukvI18wPsdmHsk58SqthPjNoKVgcCUy2eTiEC8i5qJhQNc8AV2sqaNAYmMVctueVcdiZ0hPb5MIUosQ3bS2hlVaaHDJo+KQTHzRAiJdLF+45hDVGvrkRfXssODk8NgXPFi9JmqAHKxvPMMOW33oBM/k9j3hoPiEQ2jAescPO9bR/zpp7rnYpEmIpFvyMa0nEGoV38hMSPFWg6NhcesdlomPmcqZiVo0RLSoNhZA98mcEy1MPW7zo/21zstueYOz8A9eAHbSQZMuux77OVbMbt3iZrdlEd7Nh5rIjbDbRoB3M0ldlh6gcD6BkFBmC6wOdi9n4NmWH06TKUq9COYdAVfa5/qjB0/Wez7Utgxd+T81VyoUACNjBDTZy7IHKuqjoWY+fcIoSJqdlYch0tqlAfd/AujQLNXkZFBOs5QRvmcnamXHAYIEVJ5sNIIeyQnAW5POoCCUFq+iqOKD/ViKikdnKrN8TgZM3IIB0SxChL6DOR/YCF4rY9f5Op2UP6VG8zosLsEgqbIWG2aUIL24zHZdB8fVLDhv6jPtxEQpgq8yCzE1tPGI2hbkLuACFvbv5zm6rhMahN8eLgRxvehT3HKS6kPKqqgZoRi084mDP8IbGd5TvjqpunnvYwFOVliE4RkVm8GsnBQtg2l2YemcwGSkvAhqAaIhKhLohxpH8L835UIeQBg5HBTUapjxb9AG4OJrtugXEH+b3YBAWIljaSD5swTFJ27stQ62Fx24XzlCvocoDxQxICgLMhCzODXTuHBCoaPcJI5JiT0Kqv6WT4M403LqZPGt5YRJoOU8zCQ1T+LApDluiA02bdw2pcVggNQCyUnUU1OqgqZUu5VrEwfbdkbwssLqzg+R8rrTM/SDmpmWgXcTEfisV6UHayHp0s0ocOtXIwAlQtYlk0eGTmUGOUHHIKJK10lBjgJCi7q3hsQb1WAtW5PARvW1Bv4tuWI1p1D9qIYxZVpy7yk3GNnIpeRCBUwJi1zgVs1gzraOKL1mQy2qgZGyZmwsIZmeds81Hv3b145mS7rkvDsNkNw7anqobVTYrmdoLtGVriVH2WKDxcLAKahXl7kNtwE3p0V/9WqLoK1ogGiGDO/Aimsguei7k7QzHGPilBODEJgqOxiQXW6GgDz8XRF32PYmLlvaiDEvaDvkmk9CUHCRVXww9WAzCo1eB7zHVj+Wya2T1mNfqJI5DQpsAsvojb7nJPbBqqH9rfHPfX43gAv50a2RiZh54YJrDs5zC+VYVE52PKU9QYUophlRYXSBXNwSRx7RRB2XHUdxWXO+lxMP0LTLTVj21r1zosATILfLJ4c1Besfx/biG0vpr93l45KypkGlIjzbwAVad6i2sgNuzu3d+ev3j23LtK7B//6I/MVnhG+wvZ2rY0R+pvTDM7AyoCbcMzZ1S3veOF+y0VDs1FR4upMYzTcS5nm761IU8SmbMwJqG2Xy9i2/UVhj435GdzM5aPPbp6z9W999+vxfceMlGbThr5JavYEBaXczrc6cIH3/3cu+6dv35poDgkPj2ILeUwjo8fP3z+2WdTv/2uj/zg3ft3f/L733t+fiYaPj10pPFmgsElyei2A6miDxiIAuVxTwCj75clVSyedflOw38gvVMYHajZzwsomslcGDw3hIN5XmmFajKre1URmXUmSrDRWMG2+/6+jXPiB7k1pRPdmDHMUVAF86wJ5Tc22LcGNYu1O3Cdp4rZh3iyIb6YfTCznBPQ+BYDdf1MoeVwenS1f61Cz3N+4cHD/eHY7za4utw7NqO0WYELnXK8TWcu6wg7NgtVlh+sf7n8Jd7K2svykRJu/3f1Kv4w45O/jjqkWNzxKZ+MT/v56ipapr06x4WxLH+6HE5vCMGLgM0jtbfiQef2eXHDdcNaWWRBrIo79du3oKxOSGaqlLDcggVAlk8oWrFvvQu30zwlZNGfWIxPPoMnbwdvfGy4iaCCt+Bnt7+G+K7AC5tlt4G7sRWKEdxLfhPXJ7egFamdfube5mMGvX/DcK4al5CGzfDuF1/80Od93s3h9PGPfvTq8SUXa2c5Uce1TMpz8j6+5OS+gmJ/EMJpiRkqkVZJ6kGS9pOLE8W3pkL2cQWGTd8IGvscPQujnjg8QsAJGGM2XBHEnfrFU2fMWbY/K8y1+KfUoGLoBgHQLKNbQ6TpSRU2WXKYLdzzlGevTECmDz1eVMyDP4/I7NQjrtoygnVYt+wKmaYemiJrjR1auEJiKRYq0LOFOnY5QMwkOU/il2hPOgd4bfh6zqdWM6a58qzLGY/GCaglsWnyHML2rEQQhR3Zi4GMufApC2rOJa5kk3hbs2jTXMfopKRQNG5813e8U+uFz9SHdd6GCGsrc89jJ5IUQ9vKBI3HoRtxlY2w2meF5ZOGuSVMHQyhtEDNrX7xWLsoPfkMe71TGdA/zmuBFvE3/rA93SiTzUppvBXPP/mKDZp+wtU2L1Xc+vrbvAtGshLFs33SLYrHF2G14BZMmLlQSmm1FumSlRv4Z9QCy4CIfDmlEu21pJ3c0lGhlo5MUBC9FYFIH90m3Fhpe1Wts0tEIfzYU6QlduJOazvTN1W7/2Qkp/VD0FfgyGKJK/W1n7771/3pv/INX/biLrzdY1b/FrNtZIyrKhjv92JNgkJtUHZn3hIk0mr8sZIAQRX6jcn0+FUYIMbr4QWvWrluB73COYe3PctqLg1aGgOHRMWGhvo99xVZmEIxXkFeV53Ol33u+59y0Pd//lfP+du7vpOSeGkpa2jZOLsAA+fAzsRhaBRZuGhkesK0SAfn8tRrwCAaDAWeclFTPkCkpHFbXufHHS3y3QS6qJ8F0VHsCOlkBGHKyFZki7VyqKe6XBe6pdQOJZ1rO2pviKmgCiRXGEdBrQyqTAHkgMCXs27f8nDqxw0xZj+VTf7pn24JQA71Tc4QoSeg2nflYuieOdtuMW/wTsWzu4oLV1C7p0ZXYiyKoVwM3lhrbb1XttrmtLOKd7fpNRJD/qr47m8thFE7sx7b9Jp3m/vnZ8/cqf+cG4m7G0z9gdGnJGzKeDzVI9S8Yrc/bPbQSBiFdCSPwGrK1kOYtAV5BkCXTplS9rmdhaR/17Riq0QSZQ61dU646KFxmrYVfa6weN8LZPKXB9QMfAi4hGaeWuuCJ4HY4DYem/MAABAASURBVAD0VXhObB6mhYGghkbuNb7sOpMJwVOWhuR4EiDDBvsB9Jj9JMyxKGqO3RjVXEs5Z0WTmR0bmTFwcRtrYZ/shuQ+E5949qpYsz78Zlv8Eznm2DlQKocKAKcjGZW67mDILhGGsZR65kQNS68TBp5mpzTaM3IAWsuGwJTFk5J1K0yAGf8w/4lOJQgMsqSKbTerB5WtQBmhYwOhZJVLaICzdpkA0w6L376nc0DNkmRXUQLWWPQsoJOAFogJ2rotN6NQRPHCYWBhxK16ca5GdAqU7y2xEkBlJPiFP9thjQBescj63RvTPY+cVGP4fyC26dbUMn7dUjLsUjGyRo2r7Z/BHvFZH+9t0uWmr4bzlLK2t9hwTEtU5ADwmnzNlyJLC58EgVW6MUPiJ5G3oLlQmG/kRKFfaWOrhSaor09gCU6bfefIMfrF0ZgNbaVNWHsrr2LoIlzuDBotCgoaS4jL5iEL6ba0QcSicOs5y5vOBaiylhuuJcUFgMbyolBOCNJHIX8mhHUSmzwO4vWpsKzeSblIo1xzidLvBLaeYUZjyBx2S25imDkEnnic6WaMZJnK3XGTBM8HVIC0P0/o7nefnOtHKwCNAUDjESlnRseQQdrAJjdDV7PO+/cf7+7cG3ZnZvpTbwRqOVtXDYmBxE3+3Zi8aFrCUkYNqnj99wkoppW+uH5o44Rf6d7F1bv1Xo6pbno0gUlS4l0LS6olUjU/Gxtu5NGlx9OK9oqjcQa/G1iMFNSiO0wB6FRbxXsEITNNt3eON1DLNCIXPDZ1tZGsF8K01gWcm/QTG7PwpUnaP5CEAQIdplM57ufDzXg4nuwItvmyRihh+lMFS5sGOpS7owHQFmEXTZ6jXcoRTHLKlpTWYEtjQN2fbHoTitIFUhWnKMKJoRNQKGWQQWI4lLNDEaTaRcoAldDCeeavLAEgcKcwXACTFgvTegV2Z2e7i4s7F3eH83ul30y1CH7+7Kl8bDMZNS7afGxEorM0qRFz4AfWMeYtKUBaEDgJipjQC2jzGwBe7Mfx6jjVinbIY2zOkUAtvTOYB5h70Z1107FP1+P0yvXhh159eKcfnr/b4/EY69g7C6wBTk4SkqGn46Hi6O999t4Hnn/m6ubB1X7sMfeQBSmOqX308OHds7MamH3qwRvf9b3/uN6yn/zZ7x+223GUfcSUPXTdefVR7DS3OcVrOWpOYkWNdIYGXjATC8GzqcCzFJzNVGjO6iPxTh9aBk+BoqeQiif4VMnMiFYbzrRqFGOLKvibAIpzptx2a8eFoghhBU7oG6M7RvsRBxUXbomYFwNgDs4eZbSK52Tyg8nkRavfIkPfXEMFqUczaqfTcX84XN4cHl0fjtP0+qPH9a/n+QL8Aw7bpaFIukLaHhFiY1zKUsGzar8XnrmWFVFJyd46l/aPr1PeJ4K3p73iAkuG9QFxjvy/ay2X1TtK+8pbX7Ck82V1VqvfanuWW7/RcwnyOu3rWzavA6blsKuPxxaoxtXZKSDV+8v6gpHarEu2XK3tkvEurue4+syTL35egFm89dTad6V2Sg4LRB2dF6Untr6zMTzl5dsr+O6gOZ4xUs+Cqt6iFDPPcY4hrgtM63vCjaW2BLi0QsdqUa8QyZosR/T3nfDBzW73nvd/FmPjj/3IRx8+fDhL+iDSOjAPTbJrUfQYfJYSXpKmICKMovhg+Z5A6uIOGx2idgozItiTaXEWVFFnRaEKAy3MRQzHAFVUCdxhtiPYAW3kLTjdE8aVd8nzwTlDQGlmLx1jU6gRFnYP8SYzHkPOHDuvMqKlUNgqS+7qTaAhyVLspLZIx3E+3dzPZYBuXeAwhVrCzGHcbcH7yNTIqoam1rVCDYyL7yncGAuOxhPyz+zxtzlIoi/m8ClnPY4Yg+PJETh6zeaBJKHp4wABZna4wpM62uHRLz2UVlpbsZ5J6NmKzR9970g3gzdPzathaeUvbS+V9S6i4QtrLxI88nVrvQBFIbbgvLiert7T/vLWP3+GvN6RAPQqHF5ZydUaWezv8jw9zlPsENZ+IIqcy0Q9rF1aW8fttUC6Dh62E4itTUUb0RMyQwtCdJbo2q0opI6LLwqFRsd+k5cLCqiwr+bmrTylf9Jdg79aEYmnEkVN9ejJZXyLgl1B3KFoZEVQdKNMpW2O6NrqLXguKzCdBDrBTMsuxL0l/xEcr0wKlaeh3iyKTnZAGeP7fu2//3/4MdBnHBaX3jFqxZ2ZvXtQLz913WtctonhoXHfICYqDQVyomebUYDg0Vg548jGHOYLXqryOElBBtOF9HaGg9yWGia3uyR/QizEbhHFFInIZPp0jMRi7vJ2Q1ELuQzQoXaBzBBa+o6L6IuPvzJmDjUkvVgSObARpd+AYuBMsdCnXofj1XNLT4vnbkDlZorqEp+0cigAPpeS0P+ddme+HvkjBivaPJzeGrGBxxOMnaH7HFSPmH1Cru6eVmI0ADoAgzO9qdMMlrrJF9BvGahkmgOmLPH04CgQZjSwtNdcu24Ynv5Wgi9tUEGIXj43FZLzLj6725xvTKXgrDetjgpBDEZH7sEmIyq/uDqsmpySN+qWWljuphCvp/n8ajtcH06WMy5rLYrdVPTscGMsCdwM52e7+xdnz1ycP3PnYnd2boIgieog9iajZI7zoTN4fWdNAxs+dGwJqycj/opUQDPUxKbYq4+hKLCDIaqhm3GrY4tzh9TitRi7xT4kEr4hsQpVD8mrlUZ695qfgszQCIysiKTiOyu4wbaI0ytrun1L6MuwvHjjpjDXqHTUjVZLbvweIsgkfMPie0neGs12MNvUjFiMNNyxLw/xDvr+GH5x/s8SMgWhzhkKbdgCxMtRcYncqXx+qC9lClsjXATywaGHYE7SvkqtCM+E4DiAeNi8TUbZ0e4tCIRMkgu0nNNSEUvyQzAzelBFt4e3i+B0bDZck2LwR0hT4BlC14FEOexONVOwsMhJm4yy6tJqzSjGB4aCKc4EoG5QndRjQWL9aDopheNIWNICfBMbpsDma6E26iaxf9uiDRQGSRgRORf3SloIJHeAEAd978C+SD43gxcYm0oJKJK1GdHL3xHtMuZq7DLS+Bka6NXadPG8T+/a9adaPUppnJ2AH5gpYao4IUZ8K2X3CMTMpBBDeWa2UgKeY4zFQebCVkbg9SSNsJY748H1ORI9tUfYdQw70JAzm4oEHkk3FOd38pMishGYodpsvW2DFUdzIkSK+IDYH2tYRdMKY5HIPz5dtGerP5hhoBNlP0JwhGQuHgFxV2K2j6qbqUhWnLhO14l7xPGLIbagiLbBLDy9MDJXyHVnssQJ7CPBwGdg3GCoIeICABSsT+MsY3gPBvmiJouSBAktRNHxwLDkDAONvg9MivFkys9HkzSYjkBLKVOIFiX7Q60a1nfcuXO3HzY4zXG+GDfDbjC/kmbI5TttP7beK+vy0T7DxrYuXWyD0lKe5ozTLXk3BaVZyjNRBEt3VaTTI17E7NeWq2FpdXhIrG8KT8g5KXSMlJUPsXViRZf8IKLDO4YnQaXjEWRbKbqg6YHi9HTcoouDP17/dDpcnk57kclrijpmvWMeyQWqD9NkKAFA2zgK0+JAUo20XGA6Gorrkx5CGarrrF5+3Mdp6sDspqRo8QIUE1mcrvHSzHzZlXQFmCtXDhrbmFQbluAwkYlAW65ry6+XS7WmAtctCgoCyxooYSwKCnbwpYX+jsxOlFyWGIz16BDc3+FxJJIUilTaTeXDmq035/fv33322fN79zbbzWEKV1fHNx/vL4/5OqdNRQZqjdmmHpNInmMz/QaAluNUjtlSkIg5mEPkdyh4s3VeF0WPSlgKx2l+eHO8UyvbEmKJfexBR7ePWO9XdVyGL8e67Hc57rqwn8r1cf7Bl9+4N2zqN7zr7hmdJ1w3DHZv7QYThkH2uQLQx01Kz12c/zMvvetHX330+Go/WT9KvUxys+3BXV9evbl9Y9hs96fxez7yg9thOD+/+Kz3vTQrYqTUE+ZFhyh+GQaLFePGG3fEVElM5JnrFfFpukV9xUq2sm3uoF3F0M5JQ0WTuFg0UiN525IKKRnylnVk0npZY7t6RW2YelpsGmkfapDYb/SdYlouaHOBwQ8O3jZsF4XN6O+IiKIZoUUPPuCHI+evIAI20RCw/m0dnqxQFImidYYBHg+Hw/5mf3N1OFyZvND06Gp/2B+gUjrgjmEHxYU1DK8rrEkMLnXP676scUOGhOsfFaXYb4ezRLfoJbxN0N6+Rv/lDShhjfGGllk7ChVunZfyl/BWDLpli09+4a2D6wM8QjuWA1zrdEPZgq4MGYdYPw5c8z+lhaaevIaGaC0XHdfARtEECH0EK6D4NZayxtFYPH7iwqL7heBljRUu4anKbVBlOYNSVmCDlvpyg+Pt21ra4oHXyuYIDpePHp2dW4UpgP0zdYkm01d8bPCCvgF4RcpKh7gkizefVLM5ZvnlATlGzcLOzs4+/FM/bJOD5/z45vrq0V4Hsn+Yd8vNQZqD8nAwwpHsYt2ejnMbEibXJ0XvFjaqQToifkCDcfVfcEBsQHFzkyKjtSREplBw1alvyK4ZNzJY9FYuOWV2+vaz2elAcIbFdsjKRThH0gKirix6OgOigg8wdkyEUIzvW6RvkQw74u50QBpgDZa0iT0bVRkChPZbQM8WjY3BhLCm4Dg2UGnTwa7mxS6NikYAoO07MmRLTHt+mjmcEfG+G77ZH7qsRwnFJVhklENbJHyK3LEAsSTx7Dsr4uoRxRZqzbm/Dktdaqn68cFoK0Q26flpeNK6SpGWnahcQ7s4tE9x3yFmcgIHYLZ1VTG4YRdcVsrbGcafmK93MADNcg7H9bYH516nvbXZyLZGuEsiqViM/OSJPNGNUEVksajID/h3kIfT/N0TCHSgv43Zy+libZX2+3ZyMgTcVfIUHpjqIiI7yPOqmFLQySuwNRIVdMvOg83eglmIxrJHQF+Z3P6w/5CmW7uXoCRuQ3IfTbkf2BuLhxK7EcBySW0LuzZCYKNBoX5x1/CI9nQYYwfFZIiSU5DWgONJ1a5OUJqfv/x3fN2X3g8/zkpA6GnwJVIC62exFNwaXXspHTER4umhHxzoN559QWNKx9yYc44S9ZPcmJAcmhuzoqi3IoMGGL1hJwnWedoZZrU3QvfDYAuXY7ab3ndDgNxIkai0IZKWto1z2nZ4IOm/+YEf/ZYvefJGHH/ke/9cqACUseUQHs8oCQxFaZeHFOtKIBKIzWZgNA4diU68YnXhUxYqPNUEGg4xB5fwD8HrGXCTmeKek00wEGM+4zlghKFvSTQg04ln9YeObEiSCUbiZk4IDBGi43Vd1mDFcIrU1dSLiwrqKBkSBAlyvtQSBcgG2VwGYiwfsGmqW/cULI8HzfmGBfe7i7Pd2YVNgH9a3BsxG82q0p2J9dYzHLqeky3qVw6mwoFooE/nfbft+4r0bioCvdkGJEWEm9np3O4vFTwAGKbd4RTewBxmAAAQAElEQVSHm0Mudy/Ptv3NERPsCPCKUms9trbckkQG7M9Dl3bb7bA5s3+255uzc5ugHKG4DBa44Zud5cLH4z4idTfidAJ5lut5VmNpfQqmWmpNtpQ+TcaQjEKgbafYoKfovjbgvWjXIqrCqGBWTp3Q52YJoCkeWHzBDqhmp1vPF28uEwVI0seW59Dxe+QE9WbsE7DRZ+FTuAToELD6EXzdB2Q+2R18Ci3GD+wltsAtUY3EYAs7mq0rdXJlZnrkJSZMmgP2atavcD8B8KUhxa3C9Yqoj6466ENE3JxGfs2rScc56IvYAMgWM9b8GRdnE99gQsnmY0jKdV2UnhEmu8JymxCeKW/MFC3rKmQA/oVF0n2v/JvE7qDiBNJA7j4DLlmORDWCOhQxs43Xnp0rbhgbCnMg7WzHQH/aqFDyCEX6P7beAQ8geqO3maWtAdORSUNEvtFJQHvGtLS8mFOuOXk7ZBpQewlkveZaXNp0msdqXzh0Oc663Kz0GN+MmDlg7dg+jrP1hacKVBzmCqDYKSBfKKwgyCnaik4ma2qnjf4YICQFgv41wzkf0nC2qab65syE/+BPA0RuIloyDYCecGftNpKsZykKBqPDppasNqwC6ev6/AhD1n+fprFIk8KsTEdfBijebszsRlgri1YBQkfF2ETWc4Oxeh1UOSxFArfcVkWfsiZ3jbVYhnWs2Skd1prdmg5oXmDfDP7XsevBhKcLBUNgQs13QgcJgAnxFGRN7oZYu2N5lYUHFjrJArWHYaN0EyRR4D1ShghNq0EVrtcZKUuZGgDNEY+gV6uEy5FBZCtibGDFSE+nQprtDOmM06gJ9Q0ZRFJksDGeoVVAx5kpGcbyWOvphCTWCg/QKOYSrrdhAio1Hud8nM63r1qL0PHm5ubq4t693WZXnQCAMoik2el1rWeAHb8EwaE5XKDvMqlGG7xKDTuD2AxTi0LSjY3EshllknLMoDGhfIVk1ICmTUwbCkc0CIBVuqIPENvu2HxSmvVdaRyxcSqggAX8wInl08EYlEf7P0JN+wBIbWZAANQb8nysgJb9c6h/vrm5rn891o+MUIA0WV+0Ks8eh5g9TrA8GVpDkpEs5JJDIzgiCd6m/rzvzzfdboh347RLZWfufrBtkWDFUqfiJNTGOiwJDH4FwwIZKdJWxC5BakI2wVfyF+whQWxWowvwVu3aq2es4CY8n53qyFnUqH4Ntm/yJJIa62z0iKlj5zbTWnVbL3pnbu3Q6I2ljltSAcPhbHfvueff9dL7KvS83ZzVW/epVz79qZc/df3o6nS1319dXtYKzjidHQ6d9XWMEruwyjPp2MZ9rhjufrTyW2cjnTkckysCkUWtrGHcVFfT/2Go9uqNq/2dvnv+rjH5EdT0UwcZjVhDDkyzKLXEXtd/P8W0n+cKQ09jevXy+H2ffmPTd3c26c7OylIANKwIkhGpItKlmL5d+jbFz37xueeefe3lR/vxMFYAadoFINe2vm5KeK08qCbzeDreXB8+8rFPP/vMcy8++8x2s4HXsoYt8edtCU2MSZI61mU9GPJEVxj0RryWxHlEwvYa2G+VzZBaYHKNuQtwZjjQ0dE05xLwT45PxnA7zIze9qSyfteVevc3m7TZluo3ok+BxCAaF6uBErr1GrJ5UXlrcJCCgE7kgGR+LygyAKow0wXiPxCmM6A5cExYxY9srjjKCNFGE9ZdWMHn6+vLy5ur6/2N7c8pHA+1QrSv2zKZnDc7wmCDQU4MLTOVKfHcOfgP/OWgefEe0yS7s9z6lhYsHQfBexJukaaf/mqRRiqNdhD9TpVV6n/rlNZ/a1L7YY0vx/hWCBrtSJj50VDWFS68XGoI0ft7/CdlQSWccuyZsw4UifYhG5nF2xbf3EF1/7K4Xl3444rXGYTWhYZnEKAFpLm6pgXe5t/LrSMXIWpxgVmw6mJzW+H2Cqcrwiph2BdWkb6jK1gGgDKrIazw5NXl40998pPVsD3z7LPDdjMglshoUZqzGmbLapEw4BDwGHV/iYZ0BmN11dFXQ1MNC2qZFawdwxF18F34qZ/3YdME7Pp/8F3/gH04XB21OjWr2mF8DaY6LLGKWILdZmN+6mboakGrHCAdh0dknQ0JAZjZLMxBwoOInPM+qWE3Nu5tgIxh8uZ1KUfq8jIF/nrm5fBE9futmbaX58iIkY05Adeg8Ylw09ZeGiFkYal4vR8DA3b7HXQ62B8RKcoYePpB0yWs+mxXPqtHR9k4GERU1a7uLWKsoklmW1ZrLD0rKEL9+YhCPOatE8ewVXyqJYZscV2CuccoArZtMsgnK2DmVPbSUCm6/uD5AgeRs9VKqw3LcubILvZmYQGz/p0ae9o8aJMR5zB7bcLoU7sDwevu1npm5zR4V0XKgY5He2LZ8h0t8xCdmLhsKS7QLjR1aMz1aVusAWVhsZOh/Sp8Jr3emRIcnuEGTC1qj/F24VEGscmKeTFKlDK5BiEhHl5z7Xjxj0KnZcG226FVbXrSH7jVX1YtLRlPLqqlPrrWLRwGo3pQrdqRNKRV/cps45TrIkM25PbdbqCL+MChdcYwQ1sR27CdKPCZVBFqcVOIHq0TnyhFuu+GniAPtiCuU6GO9z7EhkZ1xSuu9BwzxwoFpWrJOcKqvxmHbwNToG1eeO9gjKxEOn3NL/+iF5587uHw8f/2j/+J/+iv/OW/94maunTdzghPYRbiisTeKpV5IR6gG6Z5Mhwf+TsbXtR0n9uphRqCmVpQSmUxEPYUkoE4ZlGMCMdKbCQX18zYDKXj8pSValBXdX7MTzQ3CJ8dTalwJoAeXcjCTLZgG3JjDWV78Pv/8Lf//D9+Swb68JH/4o/9B0N/EaHIaUiQAQcDGYIrrHyCRbWptbOJQBv1InEYgVL/EKnoS3mBmnuYenh4SujHegaR7sBtE/HQtWMoajybFhUwuyljtKF9dNgMbK1FSowEFR09lo53nE0IrLKnGD/9BEc00K7XnMimPdSvqsHDAiPjPEegAaY6XPMhOiGEPDaeiOwe7OzkufSTl4VSSvWi25pZGVy8NXnDpz3Heu31WwDrWLdYGSwvhoXB2oZj64G71phhGOo/xoDe9KYUyy3QW9MlyahqgEoLMBB3MV3M5e5hund2vds8vuqO7N9irUa7jj2d+AjtGXppjbpcd1Psd3Ew+jXfgzYrc/5pxvLq6i2q8UwPlLkzgraRky3Y4aLArYo0DkSHKFKrsnkKrlRTgqSWM/NARxML5mERMC/UO3cLDFFVDk8MDBwJ9UlVgHkHcvXo8IfTUZGORXaTY8hJyux8zR4LgFTLNR8WHT21xxrwE2eZdmHQEGwgW5gQjmJlC0xnIl8W4hGIzAxtImfYxejjVhAKcTEr6iCTLEaPIYoGyi1mhL3hs0tQ8L4l0T85zAoSsWa14DvsQIADg+RrLAwHeBBogQHJ46uN7WUKzV1Q6bRiComotY1bC+qTYFzNPmDWNVosn/lIg9q/sTKTzYF09xe9ykn2HEqM6kQr2QM5YzuT5AverAR6RAuqd3SQk4xMt6IOi5gPCyEH6UrQxUqgxCM/DG6ktUFwDxGSng0fEmtIPILqKiVyUGHQgxLoNue+9NVYhSMqD/XLRyc8yIsVQUUQnsmm5YmHGxBvVtRsmGZMmquVq7qV8t2pm0k4xvqia50xGnRuqTEqTgVTKGf2URb22UsCL0OBBDxBq6KdpqQSdgwOUlPFyEaAntBZz5ff4LppB/jdjLJoIi2JwyErBCdUCzuqmCCpbWV7jN4wkbjAqZqUk1h8gdWDLCy64H6JOiRMvFYUu9GEEjtOjyysEYW28ingw7WeSgs5omqfheTmqWcDBZZWfWzVJwzRGjNMxBScUmDIp8y5NxpQ6fCGETNZVsOeofTzaGLN4EJzFuHIUbUiKDV1BMDzNg4HFocbUJ2jeIIclYbAk/0eDDDIMBb+cXV1neJ8PFxfPX58fnGnlgZ3G5vEChTIjagjknxJKoFAaybrN5fW+MZyX8yuU8ntnVoDQSGwZcrljgO4EpKKWlZh79VRl7gO1TxXhCYEodvKqGCTW0IYpNfDs5kJyVk+CDWS476CgxWxOhyORi0HLg/lJXsKk5GcxqMB0ICfj/ayCY54JkeWEijQkZ2wbNtuBkdbwl3YRN7KYqc8Enao7xtSt+/TftPd2fYV+a2OTekm9koG8Jqg7QglyinmkxWdQMDK6WRfkTpHKXNccCX1CyvsAfANtz+aMQwklwUR1TEZYZ4LG1xwAXKbQFtIR6YzsjiLVtBCwexTSLyaS+Jz/c8cppOl5/H87v27zzx397l3nd19puu3b15eP3rjk4/ffPj46nGtcJz2h+PN4WZ/qHd9X8rVfuwyZUxQIcHzwGRjC5BQOClHLLGDNYpdXMRuCxGxwgoSBtjWalrdtiaqfTq9fnWz24R7FlfVRzAavQxbH60jLk2C76ure1frkdWY9Ls399MnH16/+97ZvTv3gXrawxtnSa8z1joejtYk1o2pPz67Hd51cVZL/4/mYz2CtSkYnmGWvlrybTmrpfxqtmod/9HlzQ/8yMfvne9++ud9qGLQ9dCHcUSckDk9u8Zfhml0AF6j6paZ9b1q/ZD3JfIdYDAEeaI6Wv+ZLMSwdWKK14pO8FeUpS0wwPQLzRMkgKUj2cdGC7RQVze7CaIG4iCbiU2rgd0qRosND4bfjOrpM78pqWr4zloqqB4qq6xP1JYxI4ybhv+4YwyB2atsg3HTo0JDdC7lgCjQ9pYrjJWAKWGzVZCm/b7u5YlbcX/Y191q9xMRWOglWi20R/whWe8nUN4SGlFauWlY8PiikEDvUxzg6bQDNwvYXn5MDFpVPP+iEty9L6+4On5YgGB/esG15opnpW7m/L+3r4xmsISFIhkXUKA9IQefAnN9B3q9Qc+DqeLyY6WdgsxGkdHPK8wLnt0nc5TViWUSaYvn/aWdq0faQXByDuvT5ZP0e6cvKt6uJ5ChLG9YMBH6pIY5p3WyKI0SAAZ+Ok4RTj61xRZo3WBXV1evvPyp0/FQT+3+s8/WfGmoCVyqUVVXw19rGg5xAfzaNxvu0VFfhfxBNW6ByoIajL27epjMgGUup/l0dn7xWR94H5zt6Ud+8Ifr8i5QNp6o78ZQNLMgm8Cdyg5LEvGmvyXr2eldbFOj+fDIMZMpjMSbxB6/n5A7ItpMGNa+QlMPBT4UD/S526LmE2KiB0MEshHo5TpwRziFsBsoSM/joEbd+TjwDoyZ1MboaYXkxCAhapVCqcmce8eju6odJKetKWgzVwdrCDaaaDtGW6YCCDw527wqil6hAymj6csY5rOYINlLgBKk8rIzMLZUWjYU2uwQj+nYRsS53crjoxdd2l5g/pc9mtL+1J4i3XJBwaK35hc1gWmQikIyhQDB457Q3s8Q2S0PaRRLckezxdS+uBdoBs/Pk89xpQ3gfwUJZAGpP0Ne70gAOrqhl63mTwUor72a29iyMqTLljD2NwAAEABJREFUaogxNBTXD+ItD25/S2xH9ze7W4xPdBG1DJ1v9y9H451a3sjtyqEpLPmIPrfosW04qvVSnKG1jVnsIg/JdDQ7juHnrQ0aNPaF47x8dDO+nHxqWR7HbCQhrTtBqABbmsya4pmLRINBYZpV2F9Ao6DtBEIIEgcmNQIpPI+I0fk22HiUVyAoSWauuY1/5Yt+ylvoz6/+V//uv/Cb/+p2VzP+TdbtMyYyx5fYTKGaZvQkOmsn4zSLKxJ6XiWAXdQ6v5+8QQr0sp8u7Gvx3+Cc9bwVRtWHAvbg0w0HMRLwC7NyTzm92E4AzqLNSeG9TLNGe8XN5m9/62/6A2d/9Ot/6Yfu7/pw/NTf/84/+PX/579j88bJz8QH6MqW0e60zoDDoir9aCZnu4sMO1RlyffpMJYXI3Cfeh3BSyBBnP6yRHZkUEdvAYQQYkYhw3YQBhMlQoNE20SEwer1+nCmFES0MjNvW0uBbYwftGfVCEg6Z4ehCkQwO+15nXoCDh7QCwsecSlvd1nAaS3cgSxIBY3n+DYmEWpcWZgdkM9WVzIFkpSTOCJJCq3G4e76IYKdidbkrsXZXP6Nb14PWQHtzWbabjfnu90Gs49HEQ1Dc50o3kbVz7QcsdCFQddwpSLfW4mWAT2wdNgSL3vDZmOAyG6zqf8EeLvN0BGQhvpwNGUaaKjOITcf7h0WnDCmBMSjXFV+yKYimxYJEgrZdleTx6HBZFUJoBcV4TyJQQwjZWnoS2gLBJIhcO9phKDPHilU4IS+6A+eZkqtJ7hurBQ0h7Oxd8kTCDKYxAGoRuRHAgGbY3ATq3JeVEue4PfSondFVD7GLwGwjqUlK87glCfxQF6abryHJOZLGGxxFJzdqsYKpqVZ3JsuLplO1KpQ4FKKD8/jgut5j7sEXVSUSZLmhKHKhUErDoLQ1mmcoMjM4sHAjBNUB9+TqLFpdkZfiqXUpcQYrlMerZYKPe/QiPu4ZbqNXUvgzEoT/wzemtT8vG9dFgvJ1OQuBCmUZI6QfIZMQC9kUDd2YD9+kIAAj4mNV3ekuYYCJYlpPmYOokayZ7cb7exzb8/IaoUQ9EVLh8XlGAlmNOFIwvOm6305tlxNnrMsmZras2e1LsPB84bSloHzBoEH+/dI+SSqIPC4PlbSpAbF4IrMbsmuygr/OYTSWX0glGBSZcKJs+eGgJ+t7ClLkUHnUqigEcRFD1Qij5Sr4K1UlQf/lyoRf9Q6DbQNaA+wmTQRDgoKTEw7a/dRz731zxoRuscgYNUgANxC5tVaQArbW0y44WRsKYxsX+K6KQvnYWBoOB77PO1wpsExGmxqsU4mHdrqH1TYNcnFetMmeYrsU5R9mcFPJPKYk8+ijWWJJjhBftpf3Zh01/54vXlU6332jwkxcfJ8SF7GW6MyQVoNrh+cs/vWdvOqs6OIITUjmFEmXxsdatsFNH2Sztns5SNf9Xb0t0XxcOnHoaRIGKznKWkabMvVeDoelbJzFsgmkeX98TjinxNkUazSU5/VQIODlWaNuFQvMer5mF1Qd6JeDa4+50ZKYptu8Lb9whS/A2ADqsascUGGmsZTsfmsmy5NFQDtwSPHp3Cqkbl35nRJ2xgVW5zKaSypgrbVX/e1rGRaHFxCyXMEFT5FnQ1oObKy+1ivqyP/j1vXjZkcpD3d3IIxM9vsAgxBAguOnAf0UvkKIDs0cmhj3dS5pvhn5/d2F3fvPvOuYXdWwco3Ly8vH336zYcPHz96dHN5NZ6O2TD8+XCcKgpd/xPyMfZ1b6dtxzAakxinulHmk/H3C0yKSZCcKm5rpuzU77a7WpPuTVRtqBEQBuvF3G1xp67z/Oh4vLg2abKLswE5Q8/huAgPSlHFw5jgJgbdpSHnIae6J9+4Pn760c1L77p3tjEPBBTcagyt0kM7F+Kx3t77Z3fe/+z9Tz67v5kfmdDI6WRya5jEUU+nAlGjcd/Sxfl5veWvPnjju77vn5xfnH3gvS+dne3AjJta+lGKanUBNeak0FLgBhk11Sp2hT9piYnjZhWerUv7uA/jyMmF1otZ/zFBjzmcjt1pTChl0ekynWPTCQonDf/jDgpR1T/x4Onk1TdqT6PC7JiuKbmUIt8TlUcitqNnE+YdowTK2M0uaRy+t9gmccVXq8ny+jvkQp6KIsJQadbSizyeKuA/nubDYTyeoH1V6xOH4/XJcKcEWvZsPnpx016+KiugpEXWitfj6q/8rwpb7hYbEFyCG6P28caeasnsrW9pdmk5suNNxS1W8QxrfXIxrNP1FuFgH6sW4QhzeeKjq4+1SNOtqBwOo472EZUG/ZYVwgjyFwr8Vleq0BVHE+2mhfy6oWXJrwVrhhZpkuPsO1I3dSHHOzLv6WtYQdhxRfa+fbnZuQVMVdrPcVyAhiGtHhVdFosGBVuxC+0EpPzFw2XgjeaOj1c3b9QaErCEZ559V81EMAtvxkqZVWpH+AbCCLaBMO3A7qmk22V047hKzUAfmSetlljd09nZ9j3ve8/P+lk/sy7lVz71csWg63WN09xCc54rztPm3alBc3X/nApTdI12hZQZopMoiT1ks8fUvHwlTZwZKBlB3I8u5rI8ZBsqnmlWfetz7gVUe5SEZILtSZ3KKPUnZ5R5plhtbofgfOjRg+uNtyFKpozX1NF+KaNPswZgIGFHuEJdzpN5DLns42DdzDsrqffIkmZ26DPRRKW3SAfQE6IMPU2MEc5Jd8MavYxAoLHDy3L0lCOswsnQUGCGmqE9Ksdn4gqBYriw7Pkl0mqHuWW7ZGoxhpFsU1e6tKIjUbU1zC2r3mCj9VbSHuTReUdCA+4CifXKeTW7Y3WS/Hi4ZT4/M17vTAa0VxVKe5A07oJWV85KCQLT4SJmLG003sg4d5kMFVp8GYKWQ1lx4mkfGHR6dukrJrbtXZoxawxmhixB5+tVQu/UEzXIg+e8wj+chuRWSdmA+IW60PYOpd++PXlabCxrvoPWE1oKfsFIpmK7YkVDUf/XjYlhYWHr5hPi5GywsvJk2bHmrvMSHy5cQoESr3DIA9/FBNxEe2Nng2i+8P0vPvnUP/o//rnvjPGMgawgLKM89+QmotGyeiKgd9GtmXI4EQdopGm0+NssQ1GaoVGQhVO2T+JKa/Au4MifbAlshI9uMp5uOAqn0yAnSASAotK/1HwGgsXsg8v01CSqaO/YvfyXvuVf/fZvocDiPIFf2ze32Ym+ZLfXUTY9oKRxConCDcEo4ZNkFbCAZqemKNsu4ekvQiViVZGdFHyilDJ2c2lAsSHdUByTJpDB5c3ek1K8QdVdCwsaoSMR17rFM/U9IugaM3n0jBuJgQHkzRLUijw7BbWCB6GDhWzPr+6pF8ZFVARAd0PB5LenPcag7c9mSqMz82Fh6bI2HQIrvB5P4oZ0nNfGGZl5hVxEl8ShrksHbcB+azRllaydtlCUZAAx1NPQKo4C8XuojeBPCq3FpVDRI0FxpRavd8PmfLMFd70MBvbwy6w/tyZ8EfNMwa0sjICKi8Mn20Vi/1kAmtWtGmRFYXZAGjSiUA0mK6Rj2F7mwLxslSbuh9DMljTXGJcgEup1s9kUhlZl3LscaP0A4iSPG+0m5yWGLG1PF6l3SGHGLj+vomgU+1l8sfTSOGzUj1N6GdwYJv9zdBkArF7X/3AlASUNBCCE18iEEqqIAHGLqi1kUBR/s2eqDT+CFk1xobgQPFkubKbD+Dh4Ly8R8LhF7ZekYBOVFt+Z7bMJOncemfUsiCpeRM1wZkkBvioLQzfEsBNPS4iltoB4FVhiBTLuMEdx0XzCfiHzPXktQw/Jfs/lrKCxcKQiz6jtuIIOW+1VANAK7+hfoB1A5H1hG5QWWgYUcUBcW+bdKXkzDD2hPNZ1x1IOxhUsJagOyjU0gzoOtWdk4SmQtg/pOgGG2Nn6eu7nnLMbdn6ndAaxV6l54iriOt2i4+IvnJgOOhrnyTDp8keg4kZe4naHIWhHC6Q3JhyLqQmbuEGw6zGAF3PehNSaJwPr0FbbTAAabQb1Jx3U/GxlGL8zGo+SJezAAi2nR1CXSduxp4x6zL0KT/SYpUcYMtqIudmyr4I2IyPKTJ15/EK5sGxzbnvc2Nmah+C9bM3ylmA8XTmdig1PN3yZdRP7CuOlz5gr6EuM2sLsLM0mD2Ut5tPU+bJXLcXZhKYECx8VLH9LS18UnGVbt9xyWkWqVjPUM7zGsO3j6VC/Ou3BxTSjjoF5tNTekQbDwKAsClIymeN1OkNnwjJ/8hHTrFtyzyuWhKNBG1NX3LDgnmkjdsiNA5NZMrHlNWJeMtPeKQcqGPpLERQNpqk+nybkjoZmQlTD5MImUzJhHdHsDJWt0f4WKSYzQVUdS4lhJ4bb0r8H9V0QtCmqEilvnPloUdt1EpVhGEa2LpsuUNKhYJy2I/noYzfphM7bQ0oU7b3iHYdDyVemGxLSWNi1UFjpoIntUZ9gUxjhl9a0vOnTZrtNEHCXzSJS42FTaSkI/PBQsdka9E0V0iTXpGC2iN0HavmoIQCt0Gbo6nKp6PO9Z+8889zF3Xtxs3l0ef36a6+8/sqrDx88qLjzROTeFr+hpIep7A+n4+PrN8f9dY0Hz/sXzjs8LSDtx3I85tMpn+DhiPya2M1UHt8cNzGdbYYzaGYOBbMgivn+vv576Os+3Y/54f602/S1gJJ8Oq62RKEDMGLHUGtvfTrNVjQyenOIN6fp9XpK18fNsN32mD2IMzDIHC0vFuHX0yunaurund/74PPPffrq+PrNvhrhegNGO+FSA7H6RE71LzWg74az80390nqtP/ijnzzfbesN/sBnvWfYbuo9gXR8x9KebTR2JES5HKEsYYn0GBr41g2qZSNcOFYg9uoyHw/1SZifq7Wxeayrp6LqaT4O402FoevCL06Pxw6dnb4jJy3kD9pg9i4VmLNCFts501hN2Gyy02VxDcXbYoMIRGJXaPE1eJGU7lIWDJRIJtowEGdSmkNgD+V9GI8wWINnxyaeDH42OfZaQ0JxyJ5vrSnd1LMDBk9J3UgXvMilsQM0RNFcWqL91ldU8ut/KxLSibc/sIZgHM+99YaWyz71W1p4sEKZ6HWePJnQkvyyepuvC/9ROwhzYp0bnqsjvEUQgHCAsJxubJ6iyIwp6JHVD7cSkajbkh2RWN2OEDw2JGhxO4eJYUnWypOHW+FuMbSg6PZtKvqCpdrJH8ayFCBDuwHLrS8+DBm8E0+WoxAWrYdudWpCC2QnicjW0MuSkf3V9av502Ac988894wNLzdD1EXSjU2ljEl49CME5+OV0AJzBPTJIR1cIBZ+tIEY1QNXp3WweTmbn/w5n1PP7+Ls7LVXXkYfFTi4HJqt2I0DYEiQ4u1ORRVTRmSsDyNhRO6B7qjC5Ba7xRINNVf5GUcPEwbGiBCXLK7UJA/I3eyYi1LtZeqDurXpk5gpd6zWt9A/8leWCFboeVddidGVh45QhkUCRJ3tnDo9M+lNAiQAABAASURBVPt+SnE2XBcSfwKKp6mH80DPX/VmUzirlUtTTKHGvC/+TDGCQHUgtTvLXiG0IXMEz9SYBNCfo/tsObuC79JCfGWewIUTywCrherQDrKqttqiYzvB05x2XY05tWwYpXmlbS4HruzPrOsv20Z2ANHBsvWK424NfVyOT/pAQf8fjQJhDb03tJPkUsulrHf1Z8TrnQlAryP1pZohX+fw8goX1KIQEOXJsHdTPeXwt7xfXh0nqkwSQohh5VmF0aZ4a20r1RZriZBfoCsvVCPPUAFw3n6mSTQaEL0YWRMpUMoWsRYUeyw8yA1okGpnw4UR83RFvGeeA5MnZt6RpFhatyKLxFgIuWNWl3uTO6DlQ/N47km3dI+YxPdYTEPOPqKlLE+AMZTmthucZGcHvHgGKMs2NUHUoM++5bk8+tg/+Dt9GAqG1szifyJPAMeNOC+UmSLlLrKnWgJzLaCihqcHo5QzZMNvlmZTMm/TkYCLDzLQNhZSgpDa5FGirJsNZ7GU6OnTAgu7e+np7cR6Ym6mKGZU8ZzI5DWl0ChsHDmqVR4JaUJFlC019Xcj2MrAYnCfNFAOk8/jgqJF0NngeJYSP4fR159SfyGYqMUkhhQZVSnFt7sM0PEGG2cnv8r1UDzyoI5IgET2BDoPhI8rcFPdLpV2beNMo9HWElhhkHIO4qkaPYs0Ys7DjazeTpbAMlAgYEKbn+xqM2ciAgsytay+UBPQQBGWlTKoRbHBPU+8ohqYKZ1RvfamZqZP1VIpFrTXdTeBwwJcIQ029AZao11hWy4a0q3Ve6onUwOMzlaLq2rZWQ/Bk/tWSiWWHCDdXG9Vp8cB2EN70Fxyp5p0KYshSkyzACKjW0tDdrHfvKsf22mC/qkpdNf7vh1q9GMAsgkI9D3LKWAl5QjmC84vuwirUDtS8CiAkChJYE8YhWJMUQsGYIE0g+JKXV8VgTb9DxPCSC63IZxYGRUcsgO2bGT2++PdiMi/ONVqRnNFdIlp9unP6uHQBLns8UQOq2CCO5AcxJWAbKfwNVCFFRTYkDUQkBESkQhShtADByobW0+sWVDN7UYXKitv5JAxvh/pZIih9bzp53ZpqE0FhaU6MTbvsigfwWhq2xyi+awrYFv3juTEpERan/BuFfvVABzKYFhw0jkHkDaIom/JQVBoejAajBJoToUaMu15BZH22gsgT4fuiuYRllSOJk1ujkrYDp161hKk9Bx9XeQiggP6p6X/B4xSylUxt8Wpr9CtR5EOmz2T2NZjuUAghhkBzoUGDf0KtueGofRH0081o6u+e5BQsmGwqE7ETYQ0X5kJswFvNKKY9QxAQyhgPpk8K2SXm4SFZ5Zsh+zQJDR5l5/8GN6SsJDjrJqlpzsNCtWDYCvETGgeNwM3SSsNysWAHmY6uVk7jsN1gRfW6+TwLmvenCj3k8OojgNDKvGl0eBF6K3XO1IBu4nzykmOE1RvOD7otBiGYyc2YflhmiZUZ4spP9bKZ9zP+WoGfTxAGT5YJjSbEDdrTbgH82gLqCJ3JlVbfUJFf8Z5hPTzaGDndDzgD4ZBG9XT8dIw8fZz5aBv3pwBicI2mjJSTx1PqYswSUF6m/Utm0D9Xb667FTkjsBvILWroGkhoOabWL4OoZWRoiy61ahM66MCj1MUp5eH6Lqh6ZKxVFSEWES37mpn4o/R4SScqghYghgA7DtDT5aPyPPPapEpLqtC6iX/HF3dfYmP44Kwt6pN8/cqyMFEUk3CtZoR3NHXcgWbmAWyLINGLR9NLKeZXTPVeCzTWv9wd6q2D+EKVkxTabl+y4ACmO4nr04WD3fWGggqvkxwurfkeyKmTT4DQ0feXtc7sSqTqSKPpxIfh1qJKN3j03w55SM6Zeyu2Lhgw4IHGS9SCgMGnAZ25kHSO0LRKEBrOxQK6DlKX0wahzQoVmu7jurv9pct5cDqXtuPxxkTBoaQtphfMoH4fOfZZ1787A9uL16oheBHl49e/tgnPvqxj1f0+Xh9VU+iWvpsdZRaBDiapPOUT2O+OUyXj28eXD46q8Dy/bOzd9+vTqRe5sH0tdPNIe6P+VgBT1ty9QCz9Zel7uZ4fNz35+fhjoHqp57bu1aYbPfW59Vti7GeD9P8aD9uh/7u+baUY6G8zTH3rJPZzg7dWIz+bAtrRpPTUO1aBTGvbm6euTDhVePWp3oa17NJpdkr6ambtZpP4/vedf9z9sdPvPLaJx/fdMPWWhHmw4TplNZz1s9pazdtW88jDsfLR9/7fT9geq7bzU/67Pdtd0OoJ52hLbtBD4BgKGjwoPCYID8FWEZ9ijB1IMZrHdrW6uuOvXx89cYbp8PeJL/NvtbgoobbdRPXVXHalpt8uoynfZ5PkAmxqMxyhQqRlzXygDpDyPqWqKZVfjGla/Yh7GuQnI7acypVNrlE+9cE04a0D0o6TAABBTNu9P45B60m1jIw8rrv2HIjsgv2L7gm2WLzemdRijucTocK4Y9HI0ATisthfzyc9gdLpaRaFR2JLag1KsiJpFDFJ9DJJ6PmIIjmbVEVviO+3RE0LvVtX+XJAycPvBZ99ae8lBHQ3qaGPq1gJr6PGGNYUAKVyhxnWL5Eh1IwG27hEvhcXPDT4jD1kjXrIeZV7rGgWh4A8E9xFWMuWNtySgv5uWFbhD7i+tC0WB5EhdUXcEmymVHgQfL4KgtcCbcegByJzm0B0nXnuIg4hdyCVxxvt9s9++z9GghcXV1ZqbvmXtvh4uJigFpzV/dYrYIwekFEoxwkJsfpMB+onU2Mq0K+TQA3DpNlJXZWfY6neKowyvb84sNf8AV379792A985OUf/Tj7lhAi2Oax0aBF4rwzR4DiyFk9JWiaoiYXu8UySTsY12N86zQ5PCQx+aDEBuOzcOUdQhpeiDXWqS1kZoOMwkXI/+Fe29iloMAeTwVKTzZ9JJI7NGDMO7nfiNgt7gSNaXO+3Z7trFs8IaXBAMMuegFcdExQ7rteCChXiW5lMeM8zhur+I+52opushGKF2fbnYHaCDdI0xAPjBsDnAwsrVlUEgxqc25EJh+aKkeBuV30tq/Cup3q6JyzhYA/U0EptMYbbbDiqo00idbXhFYxh720IINWBqsTUrPhL1wqQFW/stqA5s7icsOKO3nIkMa2AduvVtuCpHUPaeydvbaqVoTea/nDSnajpaufOa93KAAdm1F+iv9juaissOdWGfS/eLk6SYM+PuULQriFWCHDKPG2q2zLRbXNfOuHYcFYFNsvckvERJA4KiuOSo7VsAJA2q9NYDQ79yyGzM7EUUGHZ1cI5cRmSdY1eb6RF8CUYtkSzNWjEoxZehIAJKHoF4isUUhi7kxFLhUpLhFqDCTF4c5pU9tr8mpeiJwEiByPLf4yEFmOkBCSbe/qe/6tz3oLAToA28OdBABtAgJmb20OjDWGgiwWhGjipqNJHC3hxSkEdlNjrflj/J2aLC3NsNnePRiAAIUgjQazTTHWYHdBOrkzraRxBtLEmiIAt6cbDuB29pBNErH+b0J1AfeMAESqNzRn1ETJTuJiNbw5akZATZxmG92AFWMyzbtA+LigH5ckL4yJ603icuayARJaAsUgQP+ekyA3OIJppj8nRXdm22qKT48Fo9p/jza6flYQWl07aVadSi82ow8P3DB9IYXgntOf4ULsltbrHw1Wrj7fztFGWIVhGOLxROTU+ovRA2M92hMK1MaMy1LohsWvPrv63uhw4+F4jCGwez1aZ7fd4YofDZ1UIfJTcWUT3e0HE6c4356dnZ9fjEBknvLGYOvaAnxMrrT0xKbEmDPiXKu6qOpVWnZq04pNAySZLOCUZi4ceGEX1MTeLLHF54EDjQkuAaRiM2n0fsKI9N5TY273tqtZh58xqN6wnUygV+MfANoANsMmstWeagGiM/nXyJbM+jQsb6/bd8Y0Dgfvi5dZ7Gnbk+5mFy2eCDsmG8Y4TGi+ZuVAiuxgY5u8x2m0oRV957X8xNA2LlG3QzAI9up5KehNsVGNLB2rUGJdIRz7bpV/ZHmYcCismYCl+lKxNUDFw5E9CUL9KZJQyWIG5+DhOVAV2lSXI9A7iDhkUSFyozSDCsGGsmDKj8wD8fEuuZiGo6ytUB8QMqPURm1QlG8Mw5LwAy7HT97tieL5jkLQDkVGkSBceT/QPkvRmUMPSOrjwqE+B8eXqZ9P+RZXNs8X+eoyBjKXJSoi/q8oN8aGRmMxuPiyIQvQROpaQZHpYAiuGhMaJM5WhuC9AksmBoNszQ1zcKCecBy9XvBaWiL9uxCXYxq59EZw4FGWwD1Ba3pvm6Rnuz5AdKCQpBk37ARAbZNsNWB8gRmwHQMZZI+yLzyqdQyMJmmBobWZFx0prw9jIQkl6SREFxViIRga5Iyabd9l7x8C4ZKE3gRp5W7VpRtbpEMTBVZIJNToSw3DQO0pbrmkZ2R8GECoSKKzqmAOA8OVun7tlvUCMiZkWpPXdcyh7+rn+5l5WsR4BZTNWa9lyJM4DxJ3ilU4PHrG2ewOsD8fDdU2Fd693eYO1G5UhBOmZGUaNXvA1biMyeblVmOwq7B13cm9wUjV+RUD3k4ggZ4MCcqe4CqiUephiGbmfB1CwqYrGzrCrEjAg4bm+D7gbfSiRnEJyuKgv96D+6491RIn+QesFI5jzWvHIWOH78LaTG0bk0PAiJQ1pyCFnKQISTRp181ifQJKJBM7BUixcYH96APv8XzxCShXCCua6MdYfwtEJZSzOXbAiCg1bZ7FUGDIqi1/8NtSUh7JSk3hOCxM3UgMR9VEUYKDMuI/BIZdIqHz0FDUb2udxBAiPLOgGtNnqhUEE9ms0VcHDBrdTYm/VSANZAKMcXDiq02eOwzVqM6xqyjq3Ndw8XAc33h89erl4c0b07EWoxfFoQHamVFNNUbN462sm+pmf/zgBz/7meeesTi0H6JUhRL0w+xGzHZ3puz6VSyFgxRegNhFBKXxrIun6YTGBJvyagOQ79zZ3r27ubjz2huPH3/s1YcPHz98/Ojy8uqwt4GNM2zxDLAE+i77y/3VjeGE0831+Phq//BwU9GCh4+vLg+n9z175zyF8XB6fDjdTKmWfE7QJUWgzrTA9snl4dg9uqwm+/m7iD17bWnTLA7xooZEKCjXW7KvwefhsN2h+cYeVN8BkOkt2ukt5OoqjF33FspOoNrXq705wklaJ4UdtvcuycPxNFBOpp7kcXr4xut3nk8/6bl7D3/yBx58zw8cIP5aYf7D9YgIJCASP9a7dP/e3d12e37nmf31/iMf/UTd/Nf76w//pA9uhh5DVWplp/qHCYEHqMWRHWFR424IYDlIR6CNkBiXar29rz94/ZMf//jjy8c28QVpgBmcks+2/bO78kw/XpT9kKs1GqEaQ9c82MQ/gETKZyAZlDGuUuhldD1RC7EPl8fxzVN68xQfnmptwCy5rTyD6RmJ6wWbEDCeo+/YH8fIi6YiMUKKrS6cJLOTqA0qDjv1AAAQAElEQVTA7R41CZYRR1EUiKimLqRHlzcPHl0+ePz44eVVXWczhqXU2sWNzSOcsJe64nV3+p/G1W2ZsLb6kmuvXwxaQglPyyqUMwcl1k/8bmV43v5VVu8hkarlw6rtBv/7ghIU/wkLdGU58ejt9f6aG4AAj9EYkepwCjp/7+Itq0R79Y0KcmEFY1xQ6NVvGUC+5Xr9iFFF8dje778n3NdCueCeiPch3j5YaYFwg739Xx4405cBC11dTfErdhDFmQKOwoUQbx1t/QrSCYyEidk6VhHSF1544Wy7eeX1164Ph9c+/alq0J9/9wvPPPfc2cV5XXiTjYM1I2oIMHvTuOrUb6kzoz4Hl1hRWoT1DvVFzIePBnnWDOhUf7c/22xees97LjbDu+7ffe2VV+pqL+hfrWU9jiNi1+OUqTNEGg+CH04xRhsPHU7BnNfJBY0ziovjPA/VNJovO1leBYttiGfdwIgc+siaElADUwoh1xuSVOySx1dj4FaaE6VQiLhLVWtAm+zWJvpwbjxG/tKlm7Gw/20He8N2s7V+cDd0MA+dvj0Elb4CkyqGlxrmrOBwl03vzPo1xuFYMzmTajrfmQgHsZAs8KhIgpQ69IHyhxlEQfWoWdOoWk7BlNYpeeGkwXSssivtNMc+ETUqiqDcy7shUqCzRCo2DLIo2/KlqZCb2UEQXkx9Iyc5YZnmda3LN4NvFL4xtDd7oFhK21mMAINikbgaCGRCc74X609mURKFTIScwmfq6x0KQK9w57J4mrj6JX4TG1LjtbIYFgTYE/GnH1zboixujb96wpEWQberN3oy2bC8KDDJO6oWvxwa+EJEkpw3adbShbVdJFWZlmOsbgDAuuQ7cVVPptX2mrncBuSDip9mkF+wg3zNX/ju3/vzb0sv/8B/8v4v+10VcRs/65f9O9/467/6F3zui/d39vNHf+v3/tRf/R+BPpk17BXXWI39T/uFv/krfs0v+oU//XPfe/+ZOzsdZzocrh997Pu+++/8jT/1Z/7M//BpNIInl/NEX1kc//ff9r3f8iX3w9u87v9z3/TJT37T8vdHf/t3f97X/Pmzure/+tv+pyc/90/+/Of+4m/uqb0YS8v/6vavHuKb/9//5Ks/dOvtj//27/6iX/fnZYZqlHz41r/xsV/14VtvefT3fv/P/g3fPtRn9KFf/a2//at/yRe+//4OF/eDf+m9v/ybL+JTwi88NBMXrXb883751//mf+3Lv+Snv6BP8YZ8/Pv+/t/4zj/2R//zj0ST4+2TBteogSUBHjwc/72/9sNfdftkwg/95c/+Fb/73FEJ3n0iO9ULvu/nfM3X/Jv/whd//k/5wP2LWgLVRw5Xh+MbP/CP//7/77/69v/bf/mREDdG32XeBbeXQe/t3ibsM4ra6cNf/nW/7iv+d1/40+oa0GGnw6NXP/59f+svfdt/8h3/8OVNVCxGZlfu0AiMAQLmFtA/XfHz9/zcr/zKL/+lX/ozf8rnLMex8zs8fu2f1NP7b/7CH/0bP7SL7PoE6zj6sAYbQaY+/aB1jlU8zh/+F/+tr/7F/9wXf/7779VL1vGuH736vX//b////+x3/oX/+XUMZHvaZTFM75INDbRpUUBQn/JGbkOiTGQ2cq/NBZCIYdDGL0ZD1hTA3IuTjUqudfGeVQpjg3fCPzz0DsyAhJTekrXiW+Ito0bifFCVKRIusFqzcR7rjRrnZPOCsPDIBscYLut+nVCaBjLcYVS65dSdwT+Fkq8lkMDJrn9GAtkrVsHkP6LLj5HJahneYErXITsZ0moQrCJj6OKQ5n4swyYbeylFhbHB25EUTsflHqeJyEtocblH0vXgwzZ3Kil1M1mkCCCI67kSAWcS28fs4oqX5Wh3U3BuIfGRQFFKTMWw/n4w2oBLzjBmLPGjoOZZFLQspS5jN2zOTrSea0IOfAcgvGCWENzwinNAKjXCsBKXDEe+gYYfbMIurCL54BYM2BCeY5dcY3S9nEv01sjk4qKxccnB3AyNWKiTCx5BQQZipR/jeBSICWA3YAIKuxXV3t8RgHY0PKCgZS3bME0dQ8SSJZOAL0uh5WCEkyXZRKwytCTQo0JOTOA2hefiafBmODBuJxpZ/xAgC6+cCJAR0I+ZaVwm9ZodJVCIHkpdyZZ/jAwKAWaCNE2ZpAxoF4iGwtBAdGJA74MVvQKwXuogYVBJAehbvPbZQTjGbXsWmUPhSWyhAOFB1/HRbLTii4I9eqUsZXNfFU5i4u+IJQYlm4GqSbIlCAFQBaG+IjwH7gTeODsuGYoz1oGTe46qfyy47jByyysNSR2j7M+S2mkTTchGRCq5L6dqFEx8ceaNbDAkjEecOTESwXuxFDTchDKEyRIpex6T4XvQwLVeeKu1oiLVkP2GHKKm16GEya9ZbjiWlacNuE48hiUbUqjodMRASN3+QhJldF5iyW0jyQjRZgLvDysEooEcJYZ1/k+xm4glDlSJ+iYuuynklS3FaoI3w1OX2hhIUGSlRF0RUZmjvpmnl1QFIhCQvIoF0joWGD1CDF4D1R3ouAZ0cdEVKcoq5UsDrz3BFnNt5k0XGl2o5HXoTFsQVQ+LZDsoMA+agVEif07iswwXdoXNlrDxdzVQrAC0ke1t/CxCmILBHxRiSG3dV5y6QzvhbHMpbOYmbqJNwy3T8bC/qhjvaw9vHl7ua/0YZiYRgHahJIB2em5oUhq295+9f++Z+9QRSA4MeYDP9Z9c7jZG7rJlfZI5bTzdviQ2Ic8Ee2Ia9+P+8YMHDx9dXV3tK9Rtasg2Q5B9G9mGiNYqsQlZPN4fXnt8bej0Tb2KcX8YD1bPn24ONmDw0Wl66WJ3UTHuGE+BQpvolsSy6lFLTJttdXY3p9Oj65v7Z3eHjmrgQgo74+kNZ33oL86hhDxfT+NQ0DUC7eEJtHwsGws9AlcTKROcLN31x1zqiZ2B7mfV7s3meKqxiHoOZsEQVjbfGVf67odeevf3fPyVTz6+rkgRpMh6K5vTMszzfn+wnj2bY2EzCR9e3/zQxz5Zb/1u2H3wfZ9198456l25T2cEBeBaOgG5roXuKRJiFW3toO2Yy2E8fuLV177/ox977cEbCb4MatgWbT179+wDd/t4Ue9b7gaupBDaDBBUcrooNBjryB0o5RBC8k1fyzPjTQ3DL+dPXo6feHRzdTLgqdMUaFKdOQPMykLofIq9zVXnMEH8KUlNnkojUcMVXPI9UeePK5TC3lGFrMLaJAAn62cttWLx5uX1g7ribo7jSN5FtArH/qZGjcGXN9s6QmNCBI8biv8rhrdLf0Izjcqo461feGktLohzbP+Nt3DacOsN2pTLD/1jqx/f/iqBwP6BxkRWANk+WcKSAcWyOtAaDFBsGsQSX76FTPfohjMstMjYMDK5cPzF7W07gSV5h2HRuSyfXZ5AS+CXS2znyosoT1av30JEbw4q+K/j7d9Kks6/0d/cdk+It6GXcPsJt68Pi5lkqFmT3bt372w78/jxzTdv9vtXX/50tvZcq9EOZ7s+mUbNjJAkN0GGGNcQS8GAH4aruvXF+RScV4eRy5bsVCt1OhlbucTdZvOuF148O9ttzs8fvvbqcb9Hh+MY2biWrMHFxII4tVy03VmJAknQRYakZgxjZnMpeNQAoG2SsaHPlkkdLakoDEMG9AjSzVKjPqOcZHI3EeryHBDAzuaAa45aMGYHUICqVnC7HchuHmA3uqilFaH4OOjV2/iJHvgzHC6aS4PbiVsjSaIsPx64/LP9Gt1OY3eajPxkYbTRQiq0XR+NFkZpK5Fxp550KR5EO0W6tCnqnuSW3IYthNauIKCM8YmXqIuvzxYU3Vr1Hsa1U8kOlLWUBJ+mCLOsmMJF/CrF1NayHyQAr09+LSQJ8VZZ1DS39vrg9kYRnfaw/SRHjb2P/ksHqYNrbcC6+oSjt+8//wn8emcC0GUpqZb2r9u/Db5Ss2dx9v8UGnoVFpS35X5uYJWphcVlveXVaoHL1/q5CDouwSnIsflHdwm0YKHxTds+ZfoRNR0eYQ7JkK062dIdfIssoelI4LjAStqOKiV4v1tYlTcd9g30oMjyHQR/672uB3/x6/4f3/nbv+yDu9t3mWI97iPN4P60X/37f9fXfuUXffburYfpd7v7uw9/0b9Y//ma3/qR//Y//SO/+/f99U/5PHnakLmUt7nZT33xurNn42/5JW4gURTWMZkD5PmplWbc7URF2lyeciZmdo6nL/3tf/kP/7qfef+J34TwttTh6XT8ub/jL/6+r/0FH9w95YZ87hf9svrPr/8t/8Nf/lO/7T/8z96wUYRs/yme775NK1lhAl/Q3CktlXAaT+//FX/gD379l3/u01D83Z3d7s4XfPEHvuCLf8Vv+Xe+///5x/5P3/hXf3DXJWXAxJRKePp6r/jcT/9N//Ef+PU/58X+yau4/97P/aJf9bu+6Jf/mr/57//ab/kvHph8LUubMNkGQBtMYL75eHrhn/+N/8ff/Gt/6VNPL+x2997/07+o/vMVX/cbv/uv/9lv/Z1/9Ye2bLjqo9AwVjXZYpOFr774C3/b7/63v+rnfeDiLce7uP+Bf/YX1X/+9a/9h3/x9/+WP/jXn/al2JOGRNXkZtjYPTzsn7oKEeugkz8QnEiR6upzPs7Tqf57QikzT/1UIKVc45gOBD/TW8Xk886GHrm8hnwQQIsIzGIEAXPKE12YZAwaBExNAXRjZ6aRfOzQAjApzrEi9XP0wenGaLewyLLY8WR8/RHBUCBgYHIn0Bqu+SS7tm2TWGJoEoW3Q3twapM3ZFJN1HDHwVSzTe45ovJExIChWLS0M0wVgJ7DxFGZhncA3M/UXRRO0kChqAazZnsj2KCewNe1VgGpHtltb9ScQHCyPheTQcMahqXNZPu4fXSsJCC2g8UCnsb4Z57VWjc5AJ0EQAPcRhGEsrk6VfIbichZmOuGhoDhzJCV0TYjY4llJJLyPA+hQGrkWE4+YHbjY0EkZwq7E8Ji8AjI4VmfCh0UUwkNgTR04KBXTSWKJKsG9ODjxvl9EVWT/fUkW/LsGfUmEWEUkKEDwJrUk/oeYL+h0mvFJl4ayVgInbPmn5ZUlCcUeb6WmiH6JY+df4v0Q1G4GQUtBYUXKXiQChNIfS6iVWp8yAwSrgagslKjHreoFgR8SPx/e2P9WJ9nxvdcyCSWZhYebPPGmfrI7lcxotAWdl3XmyjIqWVFQRm3UkimbAHXBQUY562xdMj16bErAZKZfYEGw7qwhuaRChFuwgSB+iRtqfBoUXkwj6z3SW4v8CYVV6vRbQfIaoSdoGFuBc0+nkygQI60A/oKseW7nA0nbUHxT02SqPNwHhghvGrNXnI8G9KhSydBj4K2I2d4MlVhAG+g4TQeyzHM+zDFmnXF3JmoY61Knmq6GIwBWxxWVmaqGbychxrdevE3fJ+kS5OHfH4V/j6WcLyHUg+It6iBi4RsOwd5GXFiq+snBnLqEhVRagAAEABJREFUpJRxaxHEsMQeCsgUc3YQlWIbQ4xtanQU3wdjJ/HEsV1An8JovkBqfxAzMSxVPdV1MihQSinlSVA966DzExoAXTLtSYFpg5osq2yqhRNa4w7ILFcbQVLQAmtMqvSVJhFOMt2Ki0R/hiUL9QKkgd4NhG7lAnkNWx5zA8sRBZ2Mfpbq+pwqeosiabXKM76wAhkDKKKR2I+xT6WQkcW7mq36wXFxUKPo8OuKiR4O03XFSm1bAuYLLbNAL7aiS7OLzz//SkWHUVjrs2RNgieP2uWLcy/edoHSncoI3IDGEY8zyt7Dpu6J7uHV/s1HDx5d3lxeV7D3ULIIphMGodq96jB3cMrXh9ODy+tXH14/vt4f9zYjygS2rTdkPuT8qQqmz+Xx/vTCRcUn7BgkwE2dSwDAgExdfzJNmnl/OF3tT3fONoZuFnR2YRFUh3p2vrl44d7V6fTgzcvxOJ/vrBGSkxwmWRXuaeP9kTDYoSa1GWy44aEC5Zc3uxjqwavTniKVsugNIlJ4s6d97I6H452zs5fuXfzk97z45v4Tx/1NXZrb3XA4AJGRnlOpAczxeKz3a7Or6Pn0+Ormhz/2qbPN9uLsztnFRS1Q1bva9UOw/oA5UtoQ6LOdkw8A1Qp1u0hFC4IRx+P48oM3f/iTr7z8ymvVTYYisZn69e+pCPRxe2/anN/tz5OQnMCIYxnbGdkRZkfLZYH0SlgB0EB0pvH6eHz98uYTrz96fMgIDjkNI8lARcb++DdVwqP4JcaFFocR03CjzFJkZxla1kshz4G7PEoflWpWJn1HyUOzh5dX+wo913/2B4oaosFzLoeDaUJzEZZmvgTvpQVi9JTyx5DQ0EtRTBAec+sXpcUCin8WzFbu48k82639+helJe/LodtH33p26wyv6Gkqa2/n2X7rb1Dx0F2Ff2e89YHl3GJYfhGX34d211Ynyx/o30/czQVh84jp9m/1mxhXQdXycJbTah+L6/S2+FoNAi2ewDVKC1/8PP2AqwPAuJSGSoTwxBFKabtfTrGuwfOKoXaJMwerLbq6un5Aj53Sc+9+3vZyLZdF1Le6gJ7FvEA1ZJoWDrWCx8/CfQovKasGU0vWqRWobe5nnELY7rb3nn8h16LW0D9+/fXj8dDhy6K3oGWICiKap/CzK1KBCc1qMGbBhEmzeWe2JY3Eok3uy/6cTtb5bU4NEpf1V31GH1HgVCZLKc3r1EwpCsDtWMUvrqdGlTwYA7Oufbfbbgw8r3Y1MfEpXDPGBcKoeSNT2f/7AS6RJSvEYOz/THGl9ROTHwCWx4T63FnbNWSyONg9ac1HG3KqIRLf9koRb8KFNDRAg25CdLq4rK9SygJUh7LajXxOgVQlodUeVSwbyPcKoxOcfYjR0VtCcyCCpLYNnLceogR0y+2jeLzlsoDFN1pWjIIpEfz9XCQtokp1XO9GtziMxtf+RlvPDap/rBmTt2ztz4TXO5UB7S82XaoHyM26lxp8gRO7Wlt7/BwkQn2m8VjCbROujLSZ6PVe8LpRO2z2dc0zU+el0EF8QubTseoW2GOrNb8QSaHKc4NPBJR3RutRJqA9Epadg5BqZtKsmYJeF2zeGLFwAfGClxqJg0Et76mNAOXFr/uOv/nNv+CZt/7GsYl6FdX6/sJv/Lb/y9f+/Bd34cd/3f/wl/2GP/Fzf96f+abf/Hv+6o9aUS8INQv/615Mcp7OWDUfAYUdWh8y7Ngm+XRNsdwaeDO1mN5yxOkX/K6//se/+kNvvUIG9k/9THnpj/3db/jln/1j35XdB/43v+b3/X++9J/9Pb/+G77zZVQSEPgGAiEpPM0qYV3MaOCmCPc4vviVf+QvfcP/9oV/midw76f8it/57T//5/+RX/nvfscbtnJqKrTZpL4fpar85Gv68J//w//az7n/Y13DZ/+ib/yTl6/8y//B390R4oEDyD2mdVePfPPCr/y9/9ev/4qfev+f4ux27/4ZX/Hbv+1LvvhP/vpv/HMfw7xebQ0TEFzol+XyXV/2W//Qt/ybn//jHfNdX/BVf/AvfuC5v/2UX9kcs7DZbqvvrplNveH76+vytLdlbJI8Zuq2gObTsSn2ZOFHOc5ojOcIitjVJHnMEAjLYRjq+w2Rjs5uxvNLi7fCKMjDKZ/GeTxhVg+0C0tLc0REbexRQApQcTGJrnk8jtNmnEI3xlkyGBb3YOxPTXhOp5qs1tfhcDqNkNiZsuOksEc23p47KfYnSEUHhHjeH27cKYFeiJwGkHL6rqIbM2RJCN3VMAstW0b9rBhTGOq9te73AHoNu0BDXPHaAvEpFReMfhY0bySIFkdMk+QeE0yH8Jnk74UddUOD81Caz5Iec91FiLEEStYYLT0I6sItMradCV+D3VBmUsGhIGsHR0UmG9d1UmJRAAS62jUz9uCFwMlmqEY1t0NOWROvjVeRMLiR/SIMz0CsbYQEqdioizy5cEZ2yWaFOyXnW2nAAsBF9fML70mpAa8hzQ5zgi9BRe2gYVu832ZsulXbGg9OZBKM7Ira1OC4t4fEFFZaOAG8ao0thJ61rc4esxmhwLtKvULrk7QfzlIA8AA0BQ1Yy+sZpNwE4nPjlhVmwZiULjUjpjUGolmnxkiZBFQTxTEv7Crtshy00hO7W30fh1o36tFLPVJ1t6PLjEAzQcAxxwGNAFxRhcAgIoqIvi5AKD43vCF1viKBg7r/LphWSgZbkAkPYfUvgBdYgLMEZSKFe/DIkbTwSqOXUiEA4tUJeq9YhHQYbgWtQUsl+LRFLLVhgNqB7elAs2+yqYCRcg4YO1/Ut4gvmEE5tVTHZtbhsxgf3tljmVOBJgLlCEzaKfG/rOhyJEM139vqa+oNL863KnyudpesoMgkxlCjDh3sVkabK+BcXQlJ71YiAoBsoGcycW7X24ZOAod+AQmbT7wSlbRE0WbiSnqAVmWDykPTObEZ9ZKTUh9BhwSOgjnONRT0UNwkY83AtlBPh5EfZiAW2VKob7Nehv2SVRTkRbkg6dxhqFhQ97vdjl5EIntunanBxLm3Aqc38vnOxQWk4FGliUj4pLPSeOl2ORACwzwGIFc5aPafPS1j6TLBVOSLQkinCRoCoHFiGkRbYNyIHtjGxH4xsWapKkfiusRzC4UGeP8zBPfpHExbA3MtSt+xAjTT5QABqFddDe5EnWu7HdWLmYetbzjrh521kClltIWhuhPMfmSfsJVq64UlG/W3Od/t7u6O97bz6QyNDtOM4nCX/OtgLFOQBq3VJA/X+9PhUH/db4bqR4sePmtGnmWK+RhlCQqQcluWZjymAOGUGZI9teJ9586zz727wt/f/yPf/SM//PG6+i/u3MUwOKtkYsjyHNQTXv348fHN8cGjm1cePn790ZVNijNFkoq8GxWvboaNYcj9a9enN29On97efNa9i/fcOzu3Qav5FEZRzSF5YxI8wzB3aZxODx5fxWjyFp1lg/WLe7MrqZzfv3PnuXtvvvb6q5eP55v5/sXZWfV21mc1WpV3tsmCRmoO6ZhtmJ0F26VUUGRnCHR3fTg8zHlHf93lCvHU6nx1IAfzpB08BQxy/TqLoqbzPv7Uz37fj7zy+sPr63rN57sNyvFmLzFoqwNGfBqG09n57vz8/HhzqHj9937/D927d2+zG977nhcq7A2lEeY4gY9FrrNradKS5IPiFmWGc6kh1OPL6zceXj54eG1sYyQNM9Cf82642YbjWZh2qXjWWIpX9mBQZtUc5IChRMJ6t3Po4XUIJNfTO+ZydZoOU4dJBMhShUCRkiAgZqUQUViupk5HZMsAk0c6/+iCV+D+R29e8PIP4SAbWcApI/UAp+MIikIBehZcSyxWLH60OHHyIm9u1mzlyoPbu/BPh5ow0mg5dlyhmbcA0WZ1eGf1s7BKzkMILclvRw7lya8D5llaV0uDgELzemX5itB86NMU+HTatJ7sYqHQkdZUZsnJzpxeA8FzaV8q0xDircsOP9b562NCpdvZ++otZR1YCe0K67sTlvvGqBrXuryLt9NxwiAI+kls+omsNnI8HbNpj8H/F/beO962rKoSXmvtvU+48YXKuYQiCIggZgFR1BaEBsFsYytqGxrb0CbMLSion6FbsZVWDCggoNBiAmkFzAQFiUVB5aoX6oWbTtx7r2/NMeZce9/77ivh9/U/6HfqVdV995yzw9przTXnmGOOaZg54bZ4cDp430EmpsImJZgro3FblqAmiClvlsvZbHL65Emax6OXXJKstNBWaixCzYY3tua4PqSPBVLWCnG2TktD4W4g3ndpei8rx/YPaZNazOUZx2o8PnL5lZIsq8ozp0+JJLvXhQ3akELA6VVotwtIJgn42ESVhZbtUBLi0NmQm0B75zplNWtJy4nauw8iuyndIOolZCsKlXBoorEJpOsiKmZldKD/pKeQ2/WNV+c/hVwpzTYeVCuDajSUHoOltgqTLRBWUnDnARDolAIsBH4uUI+IeY2HhkoLr/wOjRJUVp6eaZZch/FMtqlFWSew7dKnWFcA6CLbqbhvpkaC9DGzArugJObZbO8qyyW2Hf6sbVoMdWZQZFWh0eA21nSi349FwdGazrgcspBXZMbPk7OsPp43he587cZ7QHqxzXtFzAYrXGSRGgBN86GZTSXJebMt+i1KoHhqwkStuepj326/Kfy38PrYBKA7I9z7hUfwxa1SqtwcZZbVJ8enPGWctI+rz5GvldRfcBbuhmZRtbxDddNVQbgHBmjlZKuCSTTnLInNk787trJVVNzTU52TAT0BUxZWSWdnRx5HMtEojIL73kSrdYfHEzU2dvsQBGd5rsgIzOdsk64WJV2zvPewqR+v/9nnHIY+O4UFqXT2mS98w6995YM+EugzvzYf8fU/9fJrL/nS//iSEwWD6o965XkLHg/7prmWKu8HMoPytQ91mKQTQutyZfeFr+rxP/jMm0aHX4f3h16DW/u0r37a6CMbltF1T/nJVx4dPPNrX3ovyFVpN2F02rqLIewNZUqh3Fc/5sdf/BGiz3bCyx/37S/+ntuf8jN/i7p8qgEb+Lj/deSxX/q4j+CAD376c3/+L77gu/62tHpCIClpck4v/+pf/q3ve+xl7qN4jS5/7Le/9MVHv/3ZP/924izOdRXEadbNr/yCH/rZH3/6TcOP6Gjl5Z/+XU+aHfJGQgDdaDRcXVurhoP5dLY3mRw63N483gAxigKxfCN8YQGOp8sm/ZGy4OQlFMUyXa80kZR+hinkbVyCD0SYMKHL6o4p1kEjgKZ3bTtfMo6LKPOCgBSu0OkMIyPNAmJE1S04XPOFwNYpZgDZx9cAR4X3PF+i/2ACoGfTyd5sMk1A9Hy2mC8W0ocJ0pU1WiF5wIXLdEBp+FUzeBFuQmMATWhcBzW4QsQh21JrRl2W/V2yCaFcsLCypP1U3Q6KphJd7JjZGtEsb/awVZ5sHpzpGlIqmpXdkttn+w603Uh+BWQ6rYDM9G1J7Dsp8XwAABAASURBVGmVleSpXKhs0LpVq6jJNkeGOABoITizRyNyfkgrWO2hpz/EDJnTkfck1Qmw5H3Wtwuqf01qA+9UI+GGYiYwuE2spMyb5FtHIpPTWEBpCNoGIHiFSpWKKf9lOSJP6jJUzdhG8WZHz1Z7FLHuTHVNosWMsjeVbagLdkeMWj7dqpqhvND2tNQOriLCLtQHKKLq9agKPa4bO2HCFQojrUOZQSTpiFG2SgsjCqJuWhcZYxZl/4zPUi04KtnoiUK8mzRt7XPO+h62m+zY0oOgsZ78tcKWDKe3gDYCHURMZSHi4f5FNW8wHCzbclkjC+FU+hJNK11g2bjGUnQKZF23olCf5k6KBUq0TOV80V6a5H1QSojavm3MeQULo2Q5N8pDZ+sK9tKVlmpLMJWVSwm53TZonjmC2o1UBgRhOH3aDhRI3xQzIv1wREQfVQjC8W8wDg2pf60GjAwIIscJnecVSRe3JKrvHWwlQFrA+UwiERmMAqQhMMUDCw8TiOj1L/LpmtrWSBikI1WFRq+lk67GuBbJWNboAYxJL99KCamqIAEQqClFd2OJIniMgYj8BpU/dYXV2uNJVcEKtHKQ7VQ5W5VhiU+ELufqFXD10nKgpjcFAVbN5bDvRYZ6vbkK0HUhU8g5LfJvoxKBBeriTG6QCYuZMUTgWKO5nMP2aK1Ht1UTE4imRQ6hVaTAQn+aCBWywKUhWwm4lznLlo1Ws4VQ+Va0NTNmBZpbU1TdKX24COYLGaSAYYsqXZ7OUmnzNw0XuWAxt/1SplFDNpXLMaA4sRVhYU2mKW6Chg3y9UYATlFDajT2jy0Fh2QzKSoUBzE090qbS8CqVFUPBwn3LAais9mySsWDYSaqVKWkkNJMLkXwAuVZ0mnArQ6KI2nHHy3jMqGACRiNCGMpup6eUQWjX0P3PMDmL8u01072mtlsNBw1oQs3IRVCTSVkT7DkxT4VmH9aa8zKpgR4JG9juLpxZOPYsbXNI+k5/NM737kQjyGhtNO0SSeEvSqrMZrukX8/WzQ7k+n5rfNnd/bOyzY+X8BDcA0bCThoEAO3SFBzUabNeSs5H+d258vmivXx0ZUqwccJbHQEioKfQ+E3WYdp63fmTX12b7oaj26Mq4FfzutiVK2tr69srp+8bzvh3b5Mfw+3n946MiyPJHQ5SGq5Rou/ZCkXPs7TEEpaOwHQaTGnXbCeTuuUQpkMqonzY2xhAb0WHTpJiFsroq5i5+bNdFCMErheLZc3Xnrk2qMbp9N9zudFuoiq8uQ/YkOXBz8TbjgxIzesJvViaz591823NCjDuPbqy1kwh0qVshUtMnk8yU9JDoRHk8nIhgCc2pC50PRg2y5mk3lykBZa6GJBklp71cbADqbt96DWpQVEDoLRAV1+CVUiWcOMDK89Wj8uiTLEcAcUKTmvDYpxcYr2Rq/1UOAAZBUY4nsN05P0KLBADcE0fWhJR4C5kpc8E7a4ANGpadgMQtjXinN3CGQyoinMXKQZWccKeaB+dxsDhnKQxJXtesGtVv/ox90+wLM7zAVRhjcjs/9cBk35A0fgbztgtnfk/G3fY1b73on2RbpqNg0ic4e+fHcO27pj/qMp8ti77H/ppQOot3z453OcTny3tb4C/Ot+6EP9MPxXd7/C2T5uNf5OsWzX6jZiMAr+Q3JMb/js3LrH60BFw+S8OX90RBFpx4tG444bkG7E6HXgE1aa1sHQ1Wvrqwm4XTSLc+e3poJBn5BClOCPHDs+HIyKUTlPmZqatYpk7anDKdwOT8UnqxfnZqapFG5tZZToHopermbnCsnPwE0frx85fqUAmZPtcwkztqICEPSi7k8NLDedH43OKDsm61gwJulsJLUXUuabFk5CuBdChR4u6nqSTC2IQOlbcxmfAejD4rhIP3qtzpHtDFrM0pwnwcfEZCSvmA6xRHGJ1JsK/Xko2hpV+jMaDAvt54oaONQhCgM6BUgDtCZEUCaihcZ3xt5EnJkBhRXyYky89vvTBd1SMQ7eUnIYvZSGJoy+QBRQREoJak8jThb6u1Gqf1t4CFGbogBJ16pc0HG0pY2MpjqSvWmjv1LPpJtsVkgnsHKn+2r1HZjnjlEFG17qOZwRNrQgNEZb7poU4uxvWUGnnlRU46urKRAHjzqlkAzQpahCoG5f2QIRfadNMBBGqFgiC/CjUtG9C5mJosSj/x+A/hh4mUHtXnny6urRBaf5E/6PSIop6ekeoEmZA7uG4bc+Qyb6631bIPFo3b7tH8esoZ2ut696Xph+BnQzwyQyxsRZ3pqh1vDcue6SdUGKWn5BAESjiqj6knkSKwELxkJrh4RqCVAeIHZ0OQaiZ3XY3H/wZ3+2O/wVHRuFucu+/qX/86NEn/kaXf0F3/OSF97yxB94M7JswV/oYtzPy6Pm0rUX2+8MjQkWlsEciY059PPspuSsl84FryOf/IQjF7uQEA4HiUVnw30Ur83P+v5fft6HnvYjb+WOkas/Dv0wi4nplyw++Wd+7Mtu+qgfwejBT/rWb/+tt/ziadndUPjdtO7/iwG89olf943Lv/+NgcrvqTrEZ37P//iOjw591tfmx3/Nz//8iX//7S+/j00XKSUr1b/tVV/9Yx8x+szX6JBnAX5NWQ2G6+sb6f91s7eczw/5LpauiDB6beqoDg6AnuR+TJaLqfSTEd0JuW+0lMBW3ojqeHIgammZyEN5HzrwDQ9XHLKEGNdNluJRP8/b9otXjGYCnPn3WPXJR1kkGHq5iGDkCpFQFDmWi9m8AQCdUOcU2i5ms1kCoOfL5VxwbhqUIPBUCWQzJkxa1EUbZUdr8yq7Zmd8EvmLdB4S6KeECyBqZhJARTBp+I+4cNCWFOwYrSDVi6fiSLa4RALBySuY26Z1KsRwNYzOqDCc3C3p8VjFFg2kvYlxs/iKJp7fV1KgXq1CcpmyKMdyCkCDjgZegwiMQlQWNrHNTb3UPIZGhcAUPEJ9KgTjeP3QzZCzAG+VgWTCD06IEMjpy0Si0rgwXJLCst46kDolsKIST2Eu710GcaBTZzAZWhFmgiP3Pq8kAdsyCj2KOkXO6nLwRMuW24FzLKrRzYUMK8X10GlMAOjS+n8S8QA9nF4neTTsfhg1ZHc6eEpOMenXHtgnhFjOYooeBOUt49LKgriA6YbjnNbAOp2uluqWlnB1w+cH5SIcodBtnY+fAELUQuWoLRHpqGr7j3IwqMNy2sQUMKCakuxUah60hMw0RvVafwCnOhm3Ni07AaDTfAUGjX5YAYomIGcGtGXntmKkj0gETXf8NuTALxIWQWdd9A6MqkeBxdKTvMqAozMdbbLlGIqINLlvp400MEtY1RKq5cKXrgFvBNDU6bno42s50b1TMJoWBso7KizhoVpAx0vYjs71lIoxpQXDhOcPxBCKM1L/4rHlEkSFGy9U1oqcdpeSBZL7QELIS4bAlE9oFsTCFKw5VyAYZEYvMaGoVRdjrgNNwzgKY+iABMs4WYwUjVqHSY7J22Z3jENnOS1PAMepkQk+Y81OV6L+k+24TKqGYHBu9+4o30tsA5Vpcj4wK8mZ894iGZ+pA3yoKqjtTBwMl4lsgzqWWtSsi9t8zV72TiOmoFZMdx2KPetfszOKvVpTdNJx3vvuuSvzEZ+lhgTdEl/JDaoCvjIwW6XrexUIhxPuM0YFkY/QDbIUTUCviTInsYD4EPIYLsP0GuO2knaoLZKVD8uOXIrRBtwykI5MMPGwnaQsIe0iSKssnQYc01Zn5zC41dJvDnwzLFIibrYURBXhd2T7VsfqOikSD+yQOUy3O5stp9PVzWPB0jY0uuR/5ImGOJeCQOh8AWpuNRivrG2sbRwdbRwZrK0OhqO04588dfqOO++dTubD4ThdtPQMbn1CWyaTXaqZTef19mR2fm8ymy9maeumRFdL40D6SIGedFjN0qg4/U5Uv7bT//emQk9uR1dsrg6rQtOY0v5DtrN57eqULPduLyEds1kTmqPrlTRaLcOsWd5z8r77dqcLFwblys7u7tbW7nJYlnHlyHiAHUE0xRZtu5s8n4V0lE5Lb1wVKwkcKRI4HI4fPXLjjTdcenSzcsu9++6N0GhmojfNzeSLjVdWquEwuSbS2VXINfP1QXHF0fXNk6OzkMBGZYDZF/yvhmDWblWtra6UZRitDPfmszNbO7fceodg3z4eP7aREoFtZNVpy/ob6Zwl3aqlfAoTs7Tkdd66ZEnOZtLWsY4101gq3c/a8yK7GlykVHwCe18LN0sfswX1rYp9o02npCcCxVyx7FqwIEWdDYn/2plBj4ZIqp10GRXs+aCuA2SD71AbovTZc9f402JXr91WYbpbNVXAULRSwmuZfwCrJdRs6h7bCoVMPAwS6LZ76yQ3//VAXIxPK6LLXyhDNrr7jfAOxFAaTNO56PHA9r2vb8ULDuVdz4l2Vm7TvW9KrXqB2aPW/0Y7heu74ObcKn0io5ROsYWcFsiO+gX3mK+9+6L+mBHn3l1Ei+4JOseYRzQfzyvDNN+CWVsFqeP+++5fSQejxL5nZj55/w56X/Q6lGzzrEWSOYfBWbkPT7H1y0ph6DEm13uB+hup0RpK/LWOTubpU1vT6fz0yXulMM2Ho8cvKYfD2lcIKGTn9LovKRBuuCPVR1EigFEkII2mHMgMplVXgtksayEZPhcR54Xxymht49Ir4/kyLHYnKfhBWYZVQGLQ27ZslJWS3ODkvijzj14ZOtHUUVjBwpX2UKMa1M0o2c3hYH0leShhOlvU6F2eDGURoKvmAOE2ynTxTtFgOrRCtkFquRYdf+1rzW7CdPgKiOlJ0yjk6WVTRZdSEHQEni4hVojSS/pHEim0iin1XrhJ7nb214L0DfH9hDfM+wyuqQs/SKMn/liJw2rCI6+W/PB5JDYGAqlHc2wu23MF9J0FhT6XCXI5q56G/k79JC2l4/3QIJivp8sCmAnjVNcl8KP2WXZaLRm11tSuOmYQMO4jJ2YsGK6+FdPhY3Qto60UjoMeFa82/z5zXbsDO80I5CHUo9yfbfzX+vqYBKANudAfY7cF2Ae8AiWGRtseEi0G7B0r+sOyDrq29u0Xfv/+2SHXxrjKk5hnhPNi+pvOdUi1XrYZUiam+pnjvPosUPXIHHlV1tMuGkHLOn13TMMrfXebMS9Tp4u/VeGfHK6QB3A4horX7OS73vKHr3vFn7z2j//+TnOCBPuIvv70n3jp937WhdDs1s1veuOf/Olr/uy33/jOdOCHffbTn/CEpz35qY/9hAMaHaMHfekPPv81n/uDb0/2cvSb/+ETfg3UyjY+63fe9eOP3S+tsPWX/+0hX/FrJdmDCekrfRhJFxQpCbzYdXfPusBhPYV0D3sVgocok/x+kPCtD775L1//+j96/e+85T3emICrZegS1Ie/6q0Pvv7Xf/c1b3zlm29umqse/Xlf9OSvfOqTP+1BmwfX3+iBz/ihH/mjL/jRfxgY+nyh45VvTS6FpgYIAAAQAElEQVQAsyE++ksfdf2B92cn3/MXL3vN//4/r3rzzemjlz/mcz7vCc/4oqd/zgH95eHDn/QNj/l/nvdPpWwyIW9Kh9/CLa9/yW/+7u+/7h0nL3/MM578FV/7rC+86QLxi9HHfcp/9L/5Klb+pOhrtlg+/Zdf+BUXIsWzk+/+mz9+4x+84fVveOs9IVz1qZ//aZ/yxCc88bM/6+AhNz/16//bl/zm1796NAqgUDkY97Vv+9mvf/Rh6PPs9n/8g1e8+q//9g1vfn90H/8pX/a5T/6iZz7hkRclhiewSHr6plhwZc2hMWS9XFzks6jB9yYF0FN/SjHwrG7nDWoX0G+5LOJAsGdhaKXFLW6H1DChh548tpbquTkyBwlXoKJFA2pQDkmc7z8SRNdYqdrNXQKdFGqmL6bQtJgvKM4oYmTSFHGRortkLub1EgIc88V0noLY9GtpBoShpNqjWyINLnQvgR4SXt60VkfVtop0ggfKECKwFVfy6MQVKcQLAjuTyCnZpZSxReCWsOmmYFsdRU6c9opTAM4ZAN0yVKDAcFm0imsBDCnaRgBoUbxMQAAVDyA8LAPZKgVEVTlVVsj4vBI/NqrqIGeU4n7MJZCfGc9DzIT5FxjktnVaK4N1IccEGQuppm5ddqiuQ/Fl1Mx6cizBMORzAwhk/HWPzoMsasVXWpVk4Ac8ySToGtW2yuzspaGii67zHr3GXgROYp4mhm6qL9j5c7kqWY2X6T7ZZNTfh2DOpL0XOqaVUypzZoS7DPr5Hs6HwZKYIIK66l0PKONpQqlVvXZDGRwT/1qGtYEgBOMy7nHUQECPKaeCJykGSNCUh4RlSxQ2mlPZ6ozQy1a9O0eQCbq3GJ30laaYT+s6ITYilj4HNx5NCahjweOlX5b0HWUoBVWqm5TBCZBSKYpqkPx/j3ZRUBFnPWgE3a8Bo988BAWqMIOKtuSibs0PVS2NNnQeCIl0ei/qdUTUg9CryCABAGxRZPL10vudRbs7W85Yad0Com+JVEtppwMOQj1cYToXLA5ovbpPYJKorpg8B7Z6UxfCiQoEZDYiYRo8Bs9JTCpiUK5SQMASQNlsUcfgSz2bG4BYiASO12osOXygUo3Hppw+z/xHBeEIACaOgjEDm7UEoG1hwKfTfFbGQcxh6ypLYl+Om00YTdcvXc7gAoTFMw1iZ9HvedOXpzwkO5dK33No81JTHECYZo5ICvL6TZua+eKJPVO2Qq65gSgF839IwESKpKgWkFe2JEc7OoY35vO1BmrwwIWZDU4pZUZ5xeA4LsbUjOo6ioRW1K2KAjZso8HpZwg09yxtU4kCDHOYvUnVR8vleSMEGHxrkZt3yEmxakB2AskkNZTxgYPSsMhXTiAtjhnFwvpLFqfg0quzuRB8OwLxA1qC8hMpsa84r0aVXx0Uy0Hl6sHAJzRY7EdQHXN5CO1SipajZ3uScqXyYTlZTHYpkteopx298tg1+GYGkxLcGNWyHI/K4WhtXSjPK+sb5Wg1Td69yd7JEydu+eAtJ+89MZ/OpVx6OEywZFqki8VyNpfjb+9MTm/tnt3em2jtlNnLbJktuI3M8Qlf1ZSmnd8Rbl6zSH+cu3J1uJaQnmSl0v2HsobZSA+2bNykbRLifHZvGYsxRIITrpwy1ct5mrFlcp3CzraoBG/FplKmStq4innTzhMgv1jK0CBFXI2Gm+tra6vjzc21q66+8robHrC+vrLcPbeY7cynIukAvyJurK0dOXokQfHJYE52dhezXZTw1aN6edmRtaPrq7eeOpcAaK3d4Y6i+nzi2+xMJmnjWCtGo8FgKcok7akz59OTG5T+IQ+88fixI1VV1dZ8z1MFo4CaC4Ao9tw2rBehImZico6aepmA5GFCdmRk2MAPuquFU4qnlmp5Q/hEtNxroWvsGrZyv/aqqkWaYN6uYeqkZKQIquCKiaN1sry0mGs1rVrI0J3sE3IWsAg1mjMauZu5LooktqUzh3VIraGFdmD4wXRy4OLM0qMXkn0jG4M0BKGEjdPA2hsarPGq34+uxH1wqP0qX9BhULJzh0SfsRdtx32Hyfdm7R8O/v6wv5va5oFD0Ylru1/56A5BgmL/IuwYvnfvdE9sYh24cEOuOodKd399ov1bi31gv7t4c72YL2GGwxkG292M5isyHmc3uO9x+O7i/IGH17/l2L8V3509M7RspNQDtBvxdsGZ8extD/Xqp0iIUkthK+gzafUnF2FjfZ3HP+O2Jnt79508KcyVslw/fgz46QA3USOKZz43qoBB//5Js1UxNK/1OlgVhJCZoRQFjFrKydNiTsmwtc2j6SuT6vx8MpOyGt+UbW1upzYhRBKfNGiC275msUwD8g3Q1qbWarHaaedChA9iMFC2ItHhHOPVSCzIAjzpElyJixNKpNo9eneHvEezniZFlo67l1Yc8Y+6L6BOp7HS/6YsHAyyJ2UE+exkoltnAJTNJz5gRFg2pzXlwUUu0Rt2ddxEI6UfFQDoqM+/Ve4CJ7LhwGqxmSJVcnp3VsofMnnrSHDhzeZniY9GZ8lnn3dz5rq9QVbZRvhoOBpnKd28bsmYYDgPoGk3e9fU6Bzc2pAndox52rMGltJKznvz4W0VcBZCC1Yb8JhP5Bi7IUHcGRH1usy0O1s39wfB/St9fUwC0K2atq7CRi2lVw/AuT7yTFvkzH76nicXtaA2shja5Rln9OborINLyC6BetOaM/FmBHBh5ntoGShI9W3WnXR0ztugTVr4a2AkBc7dOFP85doNbcGAR+usJWkWCZtAC8ybwc0hlWtNENMpG6fRfQhhI22i/iGBWktR3YWbt77OvOknvuLL/se7ZaqkELuSSLIFgzIkj/Jb/svTH3IQ3jv/1l/85qf/5F9BgKgaDNJlfOAt//v9b37ti374uqf+t1/5iW94RB9kHD3oqd/29d/7VS8BiUmyngUD0guvIwWyUnwSFA7TCrR4UeBXo6YWFcugxQFhag89uGONOdqSxXD4WMw++Mrv+E/f+6dnRuPYDIRRIsiY6Ogt61Ybuh/2mn/4D1/w7G/7/RMDEWmSO7z3H//Pr77jDb/yQw/9Ty95yX993PH9ny4f/NRv/cbn/vWveq38cMXhcDjmOYUUfXz8jdcduNR3/Mqjv/7FG4PhYDweJ2hz+11/9cp3vuW3XvZ5P/yLP/HF++DgGx78BYv2H8fpPAmIbS52D27r737myf/lZWfKcrgyGG2/649+859e8/rbf++V3/TwAw9/45pHPbp+xXvKAWCCuPeYF3zV4zYODsitf/hT3/Btr7q7ks7mo3GCls+96y//6J/+4rUvqq/92hf9z2/5nH1ZiuOPe+qPPurlz3tPVWjB76J++vc/5WEXYsrb7/71n/run/rLk8K/TvdSlB9+3x/d/p7XvvgXH/udL/jh//CIw5SiERuOE/5cDIbLvb353m67mB52+4r0sbOvo2gXOsKwsHrZhhoxxBKqnsMyhXXiXkmToJhAqSjM3SpWVT5erXu/mg7pxZHwr+kyRX0N436GsQKU6UQWuKdximuR1JJOOo1ur66r+TwBLgNpHC8uzRICHDXInLPlYm8udbvT6aJeLBqk4ik9kXI4g6qol03nkKBSuAFTJh2E9LQAYIm682LdYDZAN5BC5SHoRba7UzlUPbVKclRi1kSdEhwo7rOA2Z3vIiMCLoS7BKBOyAP4trLEU0ZeKtJjXQCBKNKQCnjIxvBtmbYwtopzkrw3pxxQB1WtRVBURo1SF/KnFkdP3acGNAxY0WVjaApxCxPMjdwF2JmOGrgQ+UV3wiWbAnncFdWRHCtzGbd5rlHv1CuOgOmsEwaWWwLWwRAlCBV5JnahhVJoEZcg58EqNiBZgPiMe20VMlcfX+x5m8kUxLJYKocBS/OnNSounDz5lAYzLjttpkvAYeE2K+PQGLyF6ddkqJTVPHrHGfzRMFpqcMrSqVgkKV0Fr8swMGBO4ioT9FL/HvgogP+Wm2wByjir8NOUCNZY27F03lOGEZidhWExtCYHjcuD2BDuQkqkC1V6TaimCBgXK4vlyni6mBczCRbSQpGFHgBTi0BtqN1S5M9L7TQp6p2tG6C/eCykOHFcDUbiJhSQsZWHWaFHV8JqGmn7WTdObwwBmyrmNVXMzdZBFQGxVAjBhdf2jPK0ckW164qIOSdDR84jlCirey6Mv0kTz8/rnZlwJ5NtyBM8igysjFEyTSvJBpdhUKbsThPQew7dJsEZYYITW4w0LQtEppm6RhUrxAdCqBDtUaaD/pZUYgzwoEHEETdGGr2HdhD9IC6JEhaUPACJR26jtXBDxpx922WOJawwbc3JUg3TdQYnmsKxMNel8/S8Nw+NTlpQWQjIZsBukXqcrkL0kNSHA2O9DBQwcKri4aTfV6GBjdOCd/MFWdwQKLNDV49IbF00INfCBC2lEhV+Eksi0MHTBwtrpA8Rq9NY9VmK2o3KhRVqRvCEtemhcssp88DuEKrBo2F/q2KLzmm/k+wEgrADnf4egqnxbaS6iFgVMMA5twpYfOrDy8+NdkWmAokkFlFwIGK+rdCk0j2BMWmKboTrGhoAoAS8SFYbc65EraWgd9r1CGKNInzanMuAh8wkkGfNMpUgdYhcE9CLOaAGeRk9MWvoYjT069FgN+06KUdbSd8nWNbBoByNyvHctcNGCoxr8bYLNJcs0GF12eBxAN1t4mBQtWWT9tFtNGpqvdk0uVARDQ68+7qOFqAmJ2E4HK6OVjfWjx5b3TjqijIBe7u7k7Qhnzpxz+0f/tBtH/qQVJfXOnZpJiYHd7Qy2FzbWMR4dvuunclsbz5H00vscvBg5ayCtRcUdodYJ3JHaFXhYL4JzqTU+L07szPJql2yds3m+vFhAnKcMEfQjU70uubCDJ/IJ+PJ7aU0VEYeNj335GzXe9sJO05XWI4Hi7g8JTCtWykqF+rk6ixIfB6UA1Q5ra2vX3H11VdcfdXlV11+/PJj5XBDjMi4OrK7dXZ7Nt9bpvVXDAZXXH3lkeMbaWObz9rhKJ1xZ5kw8sY3k/mlmyvHN9fSwZLvERRhc+wTi7mQdvIwbRZhPk3Pb70aJ78t5QrnTX3f9s4/vuf9aUk95AH+0kuO1uJxpRUVgOqUsjsErxIXrLYmkOcbzQknp3SxTBNjJVD/P9ndAuUrflSVq2K9ZKALGWdHuKaNuR+fPGy0koisEWgVyFE9+gSxUZyHawrWA/m3AqpBsJYtN30uh6AFWHS42g50ZrKJIja67CNblyITCNcU9EDNnQIWcZr0IXLpZCdytiFiu/HKx1P5peAm09leyjjUtVZ2SrcS32YxH0o1+B72fADc9PvgXRVtdb1EUzwYXx0AXjpsR/0U/sW+rFG8nW7fsbw2LuEm1cGnfYSXMXeGww4S0DI85PZflIGpnD7e6fPPIZMGpHZNHUSF9Qj2pW6P/oJrdjH3CO7wBE9/2F3wgnHj0480j3bZCoEwX8OkrGsVlzla1AAAEABJREFUgeCBXR8moc2/kDulnrJiyfn+7ezZXVQHzDYefT5GZFL9Gn2IeHJ1u0geu4frJnmsZJGn871ZMg3tSjU6sr4uvaCrcM+JZrK7c9+99yA17qu1NclC+3EMy7hcoB905wfxwjDFPT0pwVFY6wYcuQRWkq47Yd2yFZYeQkuN+CDTiXCjV1Y3jl1aVuPdre3pZC+08yL5dSCoePTbY5cYDHtjT9AtwXhBJ1tpPSjrBdUS0slG9H6ksFSyWYHVxcuF9G9t500KYOpKquVEEk5aEKUAqojSRLcqBhoxwYtt4hLNQWs+0ManHWHRpl/GZRPRhCAZuIj+9mk7GBQEn6X1IEDisiThScODoCl/712uu3K2Erhh0XtWZyoy5FMKgFzAUjaogfyCUoKoOxRnW2cUE7zY+oVRleuJGBq2XhFkGM9WJb88cVubaRbIcAeV8iWvfOXkjuclycpANQghg8RaQ6+/12XomXpGXyKzI1aZ5VDMZwarNRiY30cDAB/6YBGAQsTDKK7xZGa1zhIVDeVNHORM4XW0ukAYIUa9M/Z/Ylxphsjskfu3hUF/bEpw9Hc9M48afWXb2X3YZ+FU/L0raoKR1o20v5ORb8FJGvozgykNq0TiJ/onM5utmw9jhqIgk6VTwKF6a0fZh0nQY8V9W6ruE/R3vFJigUUzEWM32G11GnhrHrWzzXhPIh6JeYKVlCLLhCyhvxgz2P3z73/XL71vlDCEGuJ8aOODvTFBNtf86FM++QASOLv5t7/26S94m9MNgKONaDFZy7v/+L994cp1b//pL7i8943Nz/7iH65/66fHggpJmyO2gTrkFbQbrARzrLhxeZe94CUbTVl06Som4oyVcOiLTbf5VA95nXzzr3/Pn5woq4FDM2ns7KivBN5xsezVmTf97Nc95zWnRpTu512IbnbpBu//lWc9beO1b/jGR+4fwuEnPfmHr/2fP3VK1DHdRV/yFEQEqoZjeMHbo2GCpM+nyMFLF+CAcDWOTvzZj/z6p17/NZ+4oRND/rPnn+Hcn0eAKlbKfPA1/4cXffsrzg+rIdQXJGc7csO7/sfP/NEX/MYzbtz/0c2NBy6X/zwYCDro2i/6mk+//uCAvPkXv/A7/3i0NqqwuzhtRpQubzisTr70v3zVkZe/7uv24csP/Oyv/7wffc7/8ZLWnTeL2Td+8WddKOhx66ue+yU/8Y7BcDgQWu5SKJFg+Fbl5C0/+zXPPfIHv/CU6y+0dmkzBae+Xs53dnf3phORvnOHvzQGINcoKO6A2nbnnCoyk8CLgDwtq6XQwONUXIMUeTZtWde+0C1HSLKhoLwoUuLCYp7O5rO50C9ldqv6pm6KjrJXCDw9Grg5MLwaUXuuk3dTl02AMy2tmaQRBuoopVOQYNFLeZH+jJhVHARXi4Zt+p4IhtHtcOJmSEvEFBFrnyXfADGVc1olqrOSCeCioBWor9tKQxsZLLVairiJHxSoOOgU/tT4h2BngAVq6QlQOayOWrrRJtdPrk8EFwiX1IAToMIrbkn6x7OVVo0EHTyDEp3giejVwerptNt8m5PT6b+qLtcSma+1KUZL9QeaUtECoTW39CWiBeDTdUImW/Cw4VEH2xJUCpdTW/SCqfQh6HAB/q5F18IyiFR2oGeC3zeohSs9aZUguvMKpDWQpP6U/GukRgENQ/BZWxUKbQ10EBh+QMcgIB+pRGNwK1xGjIEY4YGbX8QIJ8e+8EmjCsiRKWSC3a11PTDmZiQzwquuhtwsaCxIJeSAKRjTQ2Mp7izACpVGBiUbuIytbuFNzD3FXOdlCmPaAssQhtFwPjlaKPK2CIsaddyhzOswV9KjaopypYkrs7QGl5Vkalg9KGMip2wgOFgWqlcnNtARE2/VG3VFQkjHIwfZCLqbrXSprNt2BLRONHxi9sEVtGykkyV1KwQux6UhzVU6VvFzJ7ctnChz4bQZox0rQ9MYIsgUhnI0b6rQ1vVidzLdni4FU9d0Clh7JPelOTCs4gAwSAUwgkGtNiFs6ewE86GdU74TnisFP7R8FGkExzYT0moPfXNSIrCCNm86jIjwhkZIQLWvJaoSeRjB8NFWSwxNzUmIdV9yqxcec8m4qpJmsWOBoUuvPMTAbr15imY4IDhNdnFAYpOzGt5AbjxHw3xJVawjwZrA8aSNiyANoJhDwuFkWR1+ow6nLwCbty632HCMMHTPAE2LCTqfp2ihYHHwhuOUKpDQYU15BfILNDht27gOnaE6DaU4YMItoMnIjf7sO8mn2EdtNHpEF0fQQymTmJ6cCt7K2QtjzusFtIrwF+o9Oi3MQ1Kz1e7zjpV6sh3ZzhKjM/KY15YnljlwbS6nQBzHlIszRaocokGFRVd6bl5UKCcvkrYsSC1QQNVwsHi4SWnIRhSK0/IQB64IyZ8YSAY63VmF1k9taQMl23TJYLyFSU82flQkYCIdbD6rlzNU1Ml+IdVMZeXQ8johHEjLuBYdDYqU/V9dH61upqx9QitOnxVtialIacxPnbzn9KmT58/cN5/Pq7ROhPoQxD6gWRJC13prMtvZ202/SDNfDKmU+qVlHSqRqPasqGAbXQS68gdZ1zZ2BjxyEs9r98H7dmeL1h1rx+sradanfRNdIIqmSPtXutewdPWsWaRjJHdlrSqkU1LyG9LDGMR0yjL6Mo6TQTwzW55xyyotw6F0xNpYGaQzjlZGl195xQMf8tArrr1mZX1NdEvADEn56XTv5XU37J7f9dNFUbej0TAMiuRl+eQPJQPl/MpgZZHSZQnjrhfHVobH1sajQTWbzKRQgln/9NgKyp5BGSeG6e40fd2vx/HqKr3qtNHNZot3ve99dbN4ZPXxl11+aUu/DDB2KZcvyt70E6Ilkqni6lhnv6xTKntclUE437FuAHMlR7qII8wT+khi2YA9oJ4fDmXKUtSyWzfAgjiLvVYDORa/E0gkcpc+lCbesPSj0q+UYcHSMVNsdsoUsjWqlWNadxdjzERTQylVCAFa+2Z11P2CecKd2vmjWpJopQveUVuAW7uDDZ8nl3Eu0Z7RpUGyxpxzzruLv3z370Enmiv2fr99P0eNOfrOsXrGUdUMdrXD8X5PE/MHeiDChZ+hxbLeDPhlzNxtZaGpH+uViuYs7lcPsX9sczj5FxNYcQeAjN6F7ftujD3syukJdEBoMLxXc5oPqKMTmS12bj9O4V3eW+wbRlWzidN9pRde7gPJfPdff2D4CDkyTU3dDOE6KGYtMUstmz0EFdu4tzs5e/58CqwvvfSStY3NQlR8yvNb27vTya233zZZLq+85urNI0cHo1FVlVNxxpfwLpHXNXGqTsHAEBh91M48GfxdEiwitxeFMtDSzZf1Oh4NV1dX0hkmu9XWfWfEzQ4asot0R4nCm6XGBsxtsFNplLS9b1KGPMHQyyLdV6gRpiVD6lJqv/LlIIWUYu2SKzZv0Zy8TeGaCCsLOi4B9VKcikbKkFHqRYMECFSaui/RmSltSPW8XYTFzDNzn+5sOPADOhNBG44E9sspaKyc5om8UjR6UwAqQ32ow9suG02AWWeKxAkycpWrpFkM702CFqTyWt3UPSs7GkVaxFJYm43olH+sM1KMY0F3Rouroi6hjBzHjHxF5uBz5KWPVkM5XLgEYWYV8sF8n1GtxtMxa+LZ74rCcK0d1vVmjOGFFh7ZqZw6FDGXmWDUdAl57/rrgunCtjUFNh3RqIXFuM429sWsW/WP/g29PjabEO5LgnLb1F9oejHap5izABbAogJ1wnX78J0zn420fhevHNX10pm9q9BkZc/89n5WLyDmY2gY4OhfGm2Z9prt7HXVaTiplYvk18SGBdpRs1Ut+nUT5+aKYKCoOUnbmzv4PN+V3qd3FhWoZbjI1H//P//IibQleHbYCHY8lE5c9ZzP/MQDM+jkX/7yf/2bWvBZolY+796eNcj+Zd/3l//5C77s+v6XbnrM9zj3InSCZYXLxVjN4F3CScqX7S7iRfh8g7p5szTdkrKHvQRWEExXuQMHXlvve+OrEf2wzZqzCQBJWRXuvuA1e/uvf9nvnNwYFhktMLF5WL7qrp943ms++5Vf/qB9Xyof+aivqsPPyY85e33h/QmzTPqJCHnnvfeecg/vg7Kjj//6P3nFdS/5jd959R/8w91CvJa8r7B71v7kx7/xtcL1FHxgUFKMV5gwUhK1jF0ouO/14Xf/SlUegfQSaVACOFThbW+65dQzbtwPBm9efgMgvYQwLBb/4SmfdBAqfvdrvus3U8C3QB9YILGOUIuIJMj02vnJ1/79Mx72+D5h+bKbnvBpzZ+/vRDSoXPf8rgL6c8n3/wr3/33xWAo4rGSeAD3NwEKS2nLMKg23/pDv/qXn/b8J156wSBWo+R2jMfz+XJvb282mzWHJj8QxKJMwed9ByAiGTVBWM7J88BHkZUGtSYBwW1K+DCJ7YWH084pduxBKxO5SxBTHWDQ2WIhxY9oMIQ5jspPR6aoJ/wXsyFqVRkWarOuodx2I1CgZM6l4l6Ay0XbiqwHqsFa4KiShhe4lZRg36bACU2fNGSVGgn5K5q1hYxZOOyO7O/ASCpkEAeTGuxUiBq4hqxNtG/LbiwxdOgpNC1R0xwktQQKo1MtejN4tDVcwWmwWzCGxRdatiw2LKRXm8qRpIlUWKZOy6AklQXLQyUz0AgF8JJqeDazZ22VoL0NpAeAqpBtVeJUshjQNQ1cIY0fHOTqolcyVAedOkhz4rpDtA1A+lWqwyMjVyD34C0YK4TiKzMB8bAnmzsKt12AKxF4Xmq63wr2I/AvLWQPijmBywIBUEnhoSs71KHJXnaInIWc11LWA/dBTRu7JziOKkhnEVYHYzlvyKvoXlMUk+KYvdxtoP9bKBrP4BC9vfQw1HQgnqn7cOO0gtmbadaoOOLJQJZVmc2EDoG8Qmg75O1FOz4qEUeySmRBeZZYk/oObLGwlmzKAQF6WlCMuBjXzerqPJmBarooywZKNey9LpN/2S4rIIW2MIBZStsZvxyVUBsVLNuL/h6gE/BpRdi4CSgqSM+6VBoUpUIi0bpWK3fVCdc4oYwsp2dAS2uTZZed6zZADQbVFcGR0pW7ME0Ywnh3L4UntUi11rOlhwALMH0HSC2du4xFnSAnIRdjCL1FcqZ9QjfJHmje03PGWk2SEmZI2moABkq91EgUjkbJJCNz6YuUFvPz6aJdwEABDyp4L3KTae9tMkDgKfQhfW8kgScM6HSwUcqCDspAuwmRVddFS/t6gyhzkKZL1lDjXJf58RrGK8DLzxXWetRCcuxRHc6AmzXeQMyRLz04bd0RDTY1coHJg1BSC9RZb6fUZeSVzB2tY5/3HY7DDBAB6DZmggKfDeSP6NlqVYSCExaveWMneG+yyBouaiZR3WYwOoNnd1SmsmjzMaxqhkX/iOAbG3xrL9a28x57fmQkp6iFlDizReixlke75317rnou5qApaXKlUR1oQaOWH2V1yAcAABAASURBVNOh68YoqgngsyDerREBPBY+ZRyeFyz9EyHjlubSUqL7QjTnW3GESh/YKJNCUJIAJdPNVymXlP4e60XKoUQIYnIqwGWgtoKALJIeSmBBWvzlaFr7yXbKau9N5ov5bDqZTGcJgF4sTtxz1+72+WY5D+CF+Zj9dccEYDLX23u7e5O9hGgUUkOVPL0l2HueCdoAKICiL+hPLjlnGUXN/2qNQoahZvNwz9ZEVNF8c3w0HkrRh5QiLVy7hBRRut2B7E0RHc/Be0s+i7S8E8dGpHJaqdtK/yylR2Sb0OS6SAD8cn1z/Yprr/64Bz7w6utuGK6sOmEeoNk7mPOiNbG6vn7NNcvJfNKcTO7QbLKbbnpUDdNy9nKMQcLe5yIbNhkUg7XhYGU0PLe33SpJzkW6DS10pNECOp1/vlxuTyYClheivywTdVhtTWe33n3veGV1Y21jOKrQjiyw5QNEjjFkPmd6AnEYzorFfC9l60ZBNKJbbL8Saoi0dErjSREVW3WruYPH37AawbXJblQaU+kMppwSt3uVNCIOhHqOYeFWC79eJWw7be+tIp1Ra+zSebUNh1OqMi1J6HBN+DaMB11AmlklbzTE0NY4nkpTIRdPeMWCbLaxvDYbKrU8CYBOszRFBI5mJLJwyV34Yvho3kLs4ZNe97RsC3oBqdpTW7of4auPjmYTznecmvH8UQuj+99WCY7+1ethOdIH39Aj634U970VXbcLK86gjqslfXpHIDUh5kvtme8+2mD7uMuHzIfwcd9VdR80mWedFO4AVmzRfXcmv+8CemOT78+skGEhLGrrHHl71++/ku4VXXb+nD0n81a4jTnlYjhS1BLGutja3j6/O9ne27vqiiuOrW+GY5LxbZqzO5PJqXvugcxe3Dx2bDAap1gWh5b1rHxbYAZdOWXcN3zeABR8SbcAlNUk77mRAsBkA+cz7PQpoVatrW2kbW462UuOndPaAg/pztbc0zbnmcnEKRBW0L0spDQ9BdZxUFTz9KeqkhO/aJbT5Wwyr9Kplg3qEcXRgRFKgbLk4OVpLcKSDRJYaZZ+GlSldPRpKB8isHVVp+xdC2aRErRFmowvKnBUpTaGyUpBeARBhafVn+hg1zwZvIGpPnNoQPtokEaXt6SQEX19umnfPWJaVdVRyxoW2e93Pvc2o+EyyTmvmf4+QbDDimNvLnVQXKs6GkqvzqsRxGN7/rEXxVgKHMdVnNdbItxlLWa9f2fOYd+hsumtDFbfWybqJWd4McaO1ep9tjo8ibcFpxVhvTA3n/ffzutjUwO689UMxMXfe9uI+cO2R+oU2bdNdtuRd126JD9/Fcpy+/Y9fav7pO0X6jM7axmeadJRHe9uA8guup0cuhn5r7QawWv7JjWxuJwyZLQlfzha2sgfsnfZ1epeH9u82fVuF5fZXqT73NbJW7TblGNWzak3L2bgqx503cHPX/7vfu7kyZ9zH91rdONjvrppf69U8uP+8em9vAUWmhmQH8PhK9YetoZbecdw7cUO7nJAGeNhIOype1/i4mqrMoyMt0PG2KN3hwzgyTe98kXDsFqgQlMj05DlBqQ8vHjb9/3lO5/5oEfuX4jXPvTr2/YV5Gocfrme8bcDjOZe/+fvOfl5l/Vp5a48ctOTvuP56U+dnMn59j0nts7e+f73/eNf//1b/vQv3gekSC6+EI5cQ0MoHqcPh936+Z2T0JsAdzQqBVFG/nXntv67OwgxRwfdxjYuPuWR110gfPHwZ7/1Xc92H+Xrhhs/fxHfWsL3f8pDr71A/fmOf3j5H4+rUoqtKmzAbSwT/k0feozM+Z+/4h+/8Ymff/3+76X7T+FKcmumk5mEe9OJiA8eNuLRJDKdbufy3AnptqATgoUCe4M4iYLj6YIrVybMdxlr6TkjdDAJ0NLwA+alyqB4H1I0L70EpWlRq5BzoZkY73xe6mapsrfZgrVbC9AsVaApWS5yAS39lsaQaPTFiz7h4MtWpGzZbA/yDLGQrsXAOpHfaql2JZtz27eLXrtHKdrnM6uO2T3amaCaQyBx+vz9jAypoEMPIXBEeFoW/tMSK7SmtE9UwLOtVkNTWTcQbADGUUdjHrZaKA7MUjq8B62GRZWhgLOFImiR/Zn1XJ6985T4Gyl2gbcA66tGmD4Ex0b10QAQdoAhJCefQMG7ozov4Sxi5pB7EyMhChzU38UYmuUXDw/iQw4ir8mpbRi7qK61jL/G41z0ZJ2L48tYTzQPyD91EElJjmkJmoNcbFmw2L9BlYOiiIjbyX5yJj3S2rPVmMUrByuaNpoEBmRYCBexkqg86BiDJtpKNE56o00JzHCuIWSbmEXtvFZNGzidH9HoAVRGQRWeV1m8qGrMRPd4WI5loQAbjhtybzjV3iRgH7JoAxgHCsBxSqd16ofD8Xi8MhyOBoNpWS7TOmXvEafwvOmxEGo1X9a6zilbAgoKRUYQ8axApEEVite5pKiYPOoydm5DF2rq5Iou118bpq7Ujtabe+PVRGQHGHoIPuHpy9XxeDTcS+MvvVC5pmJr+7eoaCcEa5huk2LFjE6yicvOjf2G0ajCmjpBnDo0oDuR4OTB/EiTZJQGVJRax8kqJwA5PdZykUCysDsVWWpshb7wRgzQOROixc1EWAqI8KQ/osIxrBJ0Nk64FYiFkHNtovZ+k+8xBcGrIrVJJ0iDjJajCIvGLFQp0E6T/FzT0Pa41vxGHS6SfPnJHBP57FgSikWdhMX76p3K1I22adLwNMZ58RCI7GgJTskKXjEHO746kpqDsv3ACvCkHxwAaKSDLObBRwgiRzsIwu9gLlHoL8Ko16t0cH0csHfOQkRW8Ks6HCyHSjkpKswzdq5piHYvug34qBtIDrqcfsArakFDSCnq2O2zsQMaGsWgfUf9MPg2guWUU2jqKEeVT+E1trxoaOybrkvVimADdKSkZAobAVFgSDVxXnpUJkBTUzo7LGI1UHc0u4sedRjJ7WnaybyZ1imdLx0FE16QksrT6SzBHMuFoM+z6ezM6dPJKRigoXHkhs9qTOwdacSXbbuzN0k5aXL8wedggS+XTIABDiKiI5S+Nh0Wrktcar+rHPN6LQCNcXdeL10zK9zV6+3xajCWuSCbZoOxE4g1XbFsenFetwvflhDzGIpMtKQz2yCpV/m/Tz7VcGUlGcvx2ub4qquuvOaG66685pqUyydvz8mkD7JPg8zry3L12CX15bt+NqvPn613p7U0kK0S4J0+1izgjA4kL5x8mXSDKWdVoLsvngTS2k5RJoAZlAaK0+WinE6PrKyVvhCHR4T2w5nt3VvvuOuKY5dcf91V4+HIS3k7NFQC0GiNwtSiRaMkpfPOpwJAD0UGMKLDsSSOubgHKEVSjXlnaCNkkqTbNDpcIafYgmeINB57ZUZ6csCgna65Mt1gIX1j1geyL9RaG6XGv6WrZhVAFgBmt5Pqq+ZhqrvisjHiOLUsyINBIYtBnJnsjOErXHjG949WKCELTubSXCjQOar0XZzViz5tpXMV9t/VT5gjrZta7x2nBuMjfPm81XjfYaSxB9eox8gr6W9Zhx/qwG8OvmK3ufU+pKduD/liNwZ6IS6jX3rA/aXNrj840a6ZBi26/uZqB49xPzhF46alJG7/2JoB3H+qfVdz4DI68NZOmBFkjLi38Wbo4b19xXeP2h+YGvCtM96A563s/agKpJ1XlbJn9505u72zt5gvy+vD0Y11JxoZQpWeTCZnT50swPFfP36sSIa3rKBVKk3PtVNHd9+KRqqfhivEQyNNvqB/zusRLcPQNI2CNPMZGrSW1frmZjrKNO62ywUXCCoJg5ACsA0TTFAeqz5C7OgtsvrSLkNKawuU/Em71+VwOh/PZku52Fkkf4WFS60+e4ZyqCJCswiOdoKT67JF90LoQGOvhZ591J0OdBDAzxL5lqURQCBj6nMu12aSdkfLD0pBEnMeQ+jDS4H+oKHJDPYYIzr1+uJBcxA7uFYo9epkm/yhkTKzreJh9WCdnkCXP3Y9uEz9Qv7Qol+D4c+0hAfgEssMmTflu99nv9oxueZdVjFUT4bFaEHx4wxyc1JrDIz7dfmyM/rcWwGHvDqjahG0+pSddu6/ndfHKAO6P5/6pReaw2i7Xypaw+lP86czSS2UesLqIXfr1Xe2pbePdnNL51DMnzDnxCw656wP+8I41PM6R4mibkuKsZ+XMtfc26bGW+rtFRYi6EoK3Z10NKAMSHeL1hZoNs4uf+biM5+euyT62GAWqx9f/KwHX7S720f5On75x8O0BtfbPi54adwC2xskE+djvCicrIG+082Sgps4yqEfV0PQUgT6YpaD/yN9Vb/iIf3jD9UBmd/5z79fFCvgXpjkdxf0Cd5UuEHx5jvu+cZH7kfyNy97YNq3gmk2HfaCyl/LcC2O//fzXv6ln/FfPumwvnyiczga3bR5mXvwTZ/6xKf8x+9+wWzrlrf/0Wt+5Vd/+233JHjA28B6FeF0FxugIBhXjMYJCxeZMwR0ZNd89KWXu/87r0uv+mrnfl/4oPEBm6sH392+6x3/JNCzcOUoDjwcSHUqNCigAub96B1vvfPM51+/X3E7AdCD8UqC1PZ2zkx2d6eTSfK8Dx2B7D9yNtHra0yCQ6pvo5ql5J4syQFWXKZIKE8QRvgSMY3oPQv20zYGBKB1snPpW3VrYg+KMejGl6NJlyFfqfZU0LBuJOosqBfWQL8DLTDqFjxwmDdp+0GitPCjIQcfnaahQy11zFLbGlzGg9CumgVqjtNVeJ1qeaJBdwD1FANogU5qj0KtS1cfRUtTeSAgExqy4xetjhXz7EQcOuKeA4126dqCmgnUaZVKBUiXNI3SrRzUaKh3lJZk24SMNjplJKHqgEK1Kp6q0JJzav2VEB0BWckISjCPpxqMfxzUaZIBFNlQeEH6kBSAieqhtWZzhQzWAEYthP7MoIF7DGoOWrQiLM39A67MPYv69TgF+4NwCELuha36TsxsUZNXqoILXwlzwUseIraVFIknLx+on0WdLlrVPOSdydskk1X5CwoIAUVD+J6uE50nW2H5lqGq04qjfAJgkRYgeODwKB9ZwAWV3W88dfQUfPMt0XBIFMgJiT5bGRo87Zqylp5kNmjesbqezyPjXYUC9QrRKmKsE84+SJXizowX2SUAf7+squFgOB4MhxTTK8qmaMmAladSqG6mHlTjRtyiCIbDEHgW3Bm93TM/FWx/jQo0m98uZy8USDPfxGdmZ3ZrfY481VBjC/YaJ8b+u47QXJq3CTmq5yurKysrwjSsQl34unEWv6CCMzJHQ1VDIrENQDbycjkynM89t8SuixEwf2oVX23VOalCORwMhqNRgvQTAF2Ww6oapY8U84RAu+FwPpgtWm27Fa3zH0VaKa7VsrMWvRyRuEXWo8IxE6idUBw2DJQn37KSNvoMQGBgLcglmqgV+YRdkQhRM1SrbiGmOjk0LCoR49JmfcxWcdbItdF5FIPMAAAQAElEQVSaX+mD1ZB2cikW1gRKOQdDb2V8YWFbkgk8daEtxvMG7WunL8Y9GnXF2PmEaiOxHomUOr01e5mhtQlOnWmdk9opkLuaKj4it+z0KeOd1jJSJOoAucXmYqRnNmZqtWzCGZGceCGmRpfu4cIJWhXTmksWvZXURbZaAiCqQ4inEEw9gGahZROGCCEG4n6erFB5oKrK7FyerbxPBTlUqUJrbyHtIgB0XSVfrvJ1QH2AYzMWppWdt8eDzZYMf2lWmwBoPHgkWuvgTPPf+dmiObc12drZ3ZnO0+5Qt7jh2M4TPDyfJkylXi73dndm02nKoySznFvEMA3BNSEQ8GK5M5ktia7gnll1jf6Onqu+YOu/gUAUEKkR52c2nc9m8yUSPFpYSfsCFczJ0t15dpJw4N2V8SXj0XpVieAJiQyenUmFQp2SVdPZfFj41bIaJRvfNtD6Fv2cItZr45XLrrzs2OWXrBzdPHLpJVdeccWRo0eS7VwspEyzQNNgqaSCzBd1+5ObtXr8eNzd3d3bc/NapKmHS26eMgkG6SW6HbsLaInJSq+WCb2X6pVQZroceiagnYRknhrXTGaTtUGyMAnUldZ51Xgwb9uTZ8798wc+sHFkbby+lo6LdKgW3ERvEQzZ+BIAY9iTByUAdDtMbkWRnhLrU0kkluqQivo7KjvkNJ8E6BjTpXBoPuqtfaWECKTw53DTVD+kQ0kRhmW5UknngaXs0b7Wpex1khedkaU95LQure2aeDvUwrH9SBVpMEtbNCBR/zISLRefgpwAKHZEqOIqDK3lLJ7KjqFeCASdvAW1JYrw+P5eo05xZzGy19xtdnEfaNqPdvmLuC+6/hde3v4b8y+Y38pQVgZ/bAPtvyxQ5P1GGznzMfPPvbs4cH56XtF1N4kdQFN3HAddynYAf8jR9sEV/fftXvZ93PfevmD8aSxEfSG6bN9dF9p3/sr++7nw54Oj5vdfMj0khRb9ga/kD+kIhf3Xbk5SNIdS1ZGAPystA9OrWbYnzt43nc7Tz494yIPX1lYlhqzrk83ZSQrPTmHFFWHz2DFp9RxRqwHahU1RDu6+5x5t3mLHoGvooSaDb7Ats5BvJMG2mM1k104p7tF4vBbRvrWGa0q/CjgtZUqYyqW4FiOUlq0C1J21pSEmq64X68vxYp7QbOr6xekCFRveNmmIlZHS4RVU8AwfoGCnr9iRhblqvEruIRoq0OJFSxK9BhEZgHbOsiIXLiTvddzs3N2ciXm5aHyma+7A4jLg1fBo9b7gGGiXjmyoNIp1HdXCMnX0wvPn6HfGbg6x96YuPMLO3PBzYb7v8Tj1lp36sGiB7TrXSEMzQ8PUa/J5ulOFLWN6AG98Rux6VDCfTQmfGQ1AJnHHfWZg35iJ7hm38vxiBOf+Lb0+NhnQzlnMZv6mggBqG73xj/Nu2DOHMc8NkAksEtGpYruirg+ldth6IADhLfLqDumVZmCblFc4KoVintELIA+IIyrhx8IKTyeDvUPs/pxGII60ItK/NHjFpe8z/npevVtvhoZeRcx3fOE2y5GJXVhyyGDDPFAa0VNV3aPUuG0esXnE/d96AZlvUCjHreLQz0hVM2yWtG1RwVN3qF5HTJGuR78o2ujW2piWF1ngNEEMc9xhRsNTXimItww4CVK/7RIbWFHEQ5SYZ7NtNEMDl82CnxS+FBCXohvk4l+fnx1yPSnaCynZGw4fCpCMoROLXaaqTvzK9/3kA3/1+59849D9i6/R5gM/8yv/62d+8Zf+9a//0o/97JtPjSt0x0tXlXb86aEjz8icWGHgGmovYirBkCyldCheufF/KUGRDNVAKEtVuZgc37gAgN469x7noQUJRJIPMV1t+rxX5y1B0q+++9wPuAMtHwUa9SnW2t7eTjHh0kjTF9yT000uKklMQL707INfNA5dexTzdWhbJsxCrumE0UUF2xIaPIBsDkMNF3N5UQthPlFPhkyr09okl2u+WEFpmy89lKjIQrrdxbJNF14Uy7KSx9TgepS9C9ikETJSOn8tBGuijupLk//qg7WcUqOKUxYsR4Cba6ILWotP2SMi1BWrx1sihoq/4Vi4BkLGdBTYbNBZBwaNyAgTRPVtg9cOXQBwbI55SC4AsxFYMhkKVSAlvh2d3qyPKgWi7jfUAGSmBtU8cLi9BoAvRRUVUUHTDPw1WraBOsF0wIglEUdyOTDgMuCTcOSUCqlUepUEVTOQgSRHE4qTusPQifNes2TpcqB/i67YeLzplgpoXiPYZvWvi9qbsLXYKxY5J4g+eArkAwEtCixYmQEJj15GcrbM73Vq69DTEnXbLeG27FmZP+ZBaK1Ae/ZAgssmAYBt2fplQvxrCZaljVvJsg6EvNaIUe40LYCCWDDk0Un3kzuXnnxcVOnEAbL+WDSt2WGCLOimSPGkyJ4ksZRKeV1EHInWJCFIK6HEpRP9k+DK0JKNLum6WkcXDD02DPHaxc9LG5iEcaI3almmW07RQ2B3SIjoQZFftLCkOB0FLY6ImAiBL6TLTL2s01DDrsBX4IIAFdS1LOJWZQMvissZGgnkM0NlI5iCDPY6XSIOmIOyVjGrI6UJYhdZUwEUbSd8rKIbjlbHKytrK+P18d7KYDpf1o4BH26DywMrvjVIE/fUqvugFNa2Qw0y9syHaTGuNxkY+DEQyBc0LOFrQ2EsV8PVohoW5VAuN8znyzjenezN5rXlemViwYY0rRV8iG6KTjyZb9ImUPC1hD8P5IDDWGgJQJr19KIKyZ1QllAjZqQqGk4n72mMtDeXh8S1TCjWJumgaNt2hMSqmkJDDDE0n1stsdV5BO+e0xPbTSOBLEJAqdgYDNkmNcOvsIW1tLmQbqVO1WvMN2VaxtnaiLSeQPFIAChij4GguahgVG2wsWgtvSbLOnBDGd46UXDCoBwFJUqBoxQspeGUcaCyQZG+huwaS+k8Z/w1Kj85lRrJ0S0Vo0wsxqN+goYhWPMClZbF0lBBeVYTS7JNVIKkb0ohUg9N1A0R0LQSSrMplxZTvF3CGfL4C5QgMAtqkIPjbhjROEDvqpFnI+1RxVURuC45tJ7pCi55eeQNVJx0Djjp0NYsm0VyF3a2RpvHYygBfEcArsV82Z7f3r3j5JnT53Ym01lCazEOBa8nJYmXi1ms03/muzs75UBKpqXJaEPJbIpPRW5zy7rZm8z2JnNIcQXGFMxzkHbH5leiay2FbJC8CEFSPsOhNMiVRzEXbqCh7S1adqfxLqO0DjxXL9MFnhsvL1sdHRFR6bTEZEY2BQqnZOEX2I7iQtZhQleLhD0nQDjd7spgfMONH/eQRz70qhuvHW+uDqv1hurXyyZ0SbqWPgv9hiJl35dNMRwPjx2fn9tqz59vZ8tYzQTUHg5S0rhyxVj2web0dDGZi6DnqBRUnZsxSMa+sK4bnNM0Rglq3yknVTEYDUfLyU6zWKbIZLJcvufDHz52dHMwGF19zUqQVLVo4Ut2sAiGK7BNo/CRk5VvEt46maVtaoS6ikb2IkkrEuwdJAe7TM5kKKrSDaTtMdrUNGK2Awo0kv8s9HFBnDtiUWAuAy3nueNiGrE4vkSPsiLAFetxR6Oo6hEBcboPhtZKIwBQtKxj9bXSpgFhUWIreirzt5iXWDhsCyv0zQa5s0bDPDljDXIGcwCAoeHDuFBDFSH9Y8hncKZ5GjMLFlbxwCsq9BaM7+sN1dSouB9XWcR6aNTpdE9z9wPHKHjegcjmLF4Q5nbnVLOnEIIhbft+zj91eAKuojVAituhCQg4XZjyuUgIP9+UOuyuC9bzoTOeoCCWU97l/Vy8y6FgjEZsQBWR2yc9ddh3Ooh23+f0gDEe/jWFjWO0C9tHJLXfO31OwQASp+5Od8u4u2i7IJqukuvg1G+PMLyS7j97fusDH/5wOv1DP+4B66ur7fFjKXO3NZ1M9ianmxNijMpqdX1TfNHSdv+ojA/iNj3kR2OkqOioqN1h8cGdZPzj0WKkSYu4ljIwbA++XBmtjNO4Tlzc3dqSrBuDBWoCMQ3J9RJpChx741q9Tk0WkUjopfRVPVxNh1gm+ylmUlgtMc5EBbM2uIjYNtwm6UgkMIO0pEnHWc5FB45N93T6sWpFzoVGg4JdIzvm9z093XdgddpMcbZn5S0s9r1ZFTruQ8ag8Hc2i3EGRllXUUOZOJRS+uLa/gw3OIuuY56B8t3WHEc8H2WcELGPWtalebdom58+X8LDznchXowZQg65TlMv19L4sav5UOTQzqWpea8ouijTOd+Fo+B9xl47EV6wXSx0RcAwcOqSmZV0ruvtaZfZOwC5XqyYpg658/dj6v71vj42mxBaviIvF/xWA/uYZ7EuMezmipl1Lj+5K9mGHmLAY/bZbbVkRz52epM0eVHhXt1JiBOhnp1C+4z7C6iSN4o6Od9tdRbn0Tmgzh5npzoY9DxaZ/fgM7CsKoJYI62hMgq/OG9lIlwX3nsj1RombS93sT3Mc2ixUNLewdAXcmr/F1/2QBGGFRfZTKNJWEDWtfUG5Bx+JSJZWFMyG12rYTUKFw7/OKElj16rF7UFgYgvzDAIQOnfOoEWAXRRf/iNyX9b0CjFF7eMH97jcwyHfK0cXxv8fc44FoddsOBchT3dGId3v+J7/t073vPLv/htj7tu9BEt69F1n/ktL3zpw3/ua/7Ta88qbF03F+n/SMU7r7yb7LIcNpgSl0NK0gX3f++FDadtLyIODse+4Z6VYuRmsRDlxJCiPLogQsorDkk9+KJKz3t3Z3dvZw+MG/nkYZ9j2TCw2sKzn1vUFhQA7hynMF2YAuiebCtpIBpllTpm22GUUszZAIDW/bXA6ltIhA9tL+6YaIDGEAjxkqf+BCvZaM74GFrpcVEX0lvJO03PapRhkKX8FZrhBTlojfk0JXB7BBjaZoYrgZtiq5TVFLh4ljILRiCIuRR8E3RmJ+1sR6whku24rO3QBD5BCY2irbcDqwdKJcY6zbTHcHBFZUdjKRi0yGuT1wpB6YD2cEH7VQFfZ78dHK/2poCGXwh/DrehrkFEOAUsuNUePQAJlZgZO6cCGgZsaRg5L4JuCV3/L9sHAp20qFsG9I/1UbSGFHlVdcRW0qg+ECaSwCuSDEETo7Lb2LxuCg7bSskF0bZdo3W4kVlqA+GqmpuWnbLMRzLXB7+X8zWKt2GWE0GiTyUZxyam6FscaoUFXdXGskGdofQbjUUDUiAyfor6KJbn8xiyNblmVyCL0EllZFBeJ4Ra9lK0WRqbRhEdvmWzTBtR6UhDlOssYq8kSSVRGCI2fhmov0GKIa9HAwlgQ2xtJja8AYNP0PSC7FVPViWNiNAACzoMMuVkV5FYokZHHWE2pvzVci7t2l3QHm6akem8UpyY4Yx1IzXvohvvYE5y944jkY3fMLthbBFzoTsgA1eQgpkE166MV9bGo/VRgrOENNgiq9JSNoXYn5RHyL2JbAcWJ2ZmkRP6mlMqXA5hM3pt13Y08AAAEABJREFU5sca2kTu4EJVHgxXquG4HMgfEecvKs1kLJejldEwIdAidr+kzfYxxwYaLXBdCtSLscO+g8TmoEpIm0PiFUo31lvGxgFz2ARFYIushBj7pS6HgMyRYiIkLcloWoNlufu2kL8W3LgZ/3ADCBb5oAVoIKeeYbC9C2OHSVS6UKg/qibdaXk9RgMot0HONrw8nIKubU2+scEa0YI+NYo0DK116kOxQEFbQctDAqRBKWpB9H2vw5aWRUOZ+/wpOyxTmhDcaJQ+Qa+G1jqoM6A+J0Fnl5nD7PZZ8EIllyZyNNFqQ1qd0GL7oIkperrYr512h2zEVssjaDFYlvQAVGY5Kgx5qQIfzA+DfZX2w4ZNZaHF1Ei5SprqBZDbJTtPqptChTQNlQlWyNMWFQJcmGoTpBtdtsXe3mz77Ki5zsuUTumRQTreZDI7febc7fecvOvUmblkoESIi84s8GWP1E8CoZfTZCSWrajIuC6Ytt1NaWsJeNibzmYJASSA76LJM2g0rg4AarwiSlsAJsrli/wOQQNStiFgFTm9gFygkDHMmzBtimU1Wr/qaFi46e50Mt1dxsVMNlbplSCF4j7MJG3dikb8YHB0Y+3o0c0rrrz8xgc+8NKrrxyurcEFajXiUaur7SgiFN5pOOUhpi1jPA7HjsfpbFuUUBfFfC4SHyIYLVvqfN7sTuu7d3bP707TccaDocz7Wkq40KAisOQBCh/qR0Gr2yUMeq+cgoRRqZoyev6970MfHoxG5XB06RWXx0D5HQWPDDzRsD+dZTmdphy+WCj4900BlQ/UtaQnWcrBUxJtmDD0YjwqBuIhlnCSSgHZA3RXSyTxjc+noAb5+0G9QyRKqCkLU0ez6UInd6N2IMIRleGE34S1GyiL01LpTVaellZ4NGNA3T03Wb+QMyDtylozcB3IzLQmvMj1B603VxOExJzk8GJcimT5PHe7cRnRcT1/LPaxKt8ZmFySnt91vishdBa2H+A3di/bePJ3ndm97vNqyTT6sQi3ZxT3Hc7wovz12D/cgRcNknlieqe9G3T7r4ofUNOsCUTYTvumDVNngrNPwN/EzrD37mHfZ3pnsR/0+jIWjUNdLOTyrofJuX2D0Q2FDaP6HR20x7HI32CMYfAhKNiaCTDYQnZG7D30G3g7mlPBBgjWA08JEgRIMVJMkKzX1tbezbd8KDmbN1xz9er6+mXJ7J/f2tneXsynZ06dTOF2e1mzvr45KCs/SI4grqypNVTq37FjKNDFjPDpvYUpyCjoVtMmkyR6SwiBikmoRi6lu1c3jiYfZTab5E5MHq64tQ311OcK0hckIdhNa32MojQWaOCEpbR5O6jb0bheXSTTvzKHn93uTufgW0haVzqGy/4u5pDfR8uoZEglHoScIlueUO/NeXQULynCVDDdX6BwTX2zQPe3hWqSTZtggJhtud2c0xmfl3d277zLu6IJQvpe1J9RJoNwMQ24r0YmVhFxRG0G0eZ5S7829qIlmw5OXTeXwSnn9gEycLIKZgGiscKVpskeOjEvtT5QiItTEFA9B2zs/VXms6OeVxkvxGs44m2lqQ3tJIH6yxWrprXYx5MtFmN3Ybl0UCMehgYWev5ben2MAtAZ/u3/0kUrXHS5FMciuf7m48yFV9KfQQvZgGl+MofjzhW+f7bYAcfdnHM5gujEY0DqyUulQVV4dP1Vly8mrxTGHWDjZzgpXyBz394SQlHjtuAzpSX2r6pbQQw1VcdHA5x9EY+7CP4c+9ue62yQ1Hu8d+u8c/tFfmf/8NMPeNovUJ1YvF+pk2E4kvy5mgXjVL9Fi1nZBxjBDYfDFF92uNXh1+Kc1rZkXyi2hzOgSVmEoWMghcr3CJWlixy+Fa5VCPeDchK7kPJGr1TEgI3AW1HGgddotEmLCjqX0HrQKFbjAUUV2k/bvJAn3MzuDaFyeQJe+EIYhg2Pg5IOPKo++LJv/bzfeugXf9M3PvMpn/yw649/BPzjyx737B/88lf951cPhsM2K8Iedu+CpaCeP0eX3sVDhUdAZkdkeHJ7lgZh35u3veFZj3/uO8a6LjHaLZtNSbF+wVAfYI9imQ6SCyg2xaoPZ7b3nNtPgt48+vFNfC+UFjC9pEsDpWOpDJBy2kVsn3n1sYOXGqpxcikme3uL+RxTMYyHg1d93Sf/9nLZWG+ldOtpex9VBUvrQ8h7uAcZV1UaAIapzZDCMDz10HC5owm0ksIiA+jYq00oEI/X0GvWeJFZrsj93jZs58xFdE6zQgzFPEoyG/FfIDlqCWt7Ut5r2y4Zjzoqsdl51SATy1C32tVNOqsJbB1NMR4TVZZZqxbJseV6ximcmhRelKkOtWaMcO6C3jElRiODUwUmNS3ms9ujZw3mDXiVewbzOuiExxXFjhXF6Fy9CxitoOtEhizkKuP9L4fuHECvZV3iXJ6CrsgTmNwbxoI/E2cJunxxAVQB7xTDjM9oL2+xmK4u36EcrTKelaPNjxP0QqViK0xI7mcWKsB4CDiKXIVnQ5fgu2SQRwF00I4rFqEhb9Y0Te7kxUwB9iZVorSrlfi16GovBMsu4eoLHRX6M8nlTm70QJRKpCxYqohdw+JjB65ayxM0MR8kRu3XqhsJNi8CvUxsuOwywlZiLwQdUmVNuMULnxzPUWRtwKWQV2ECKewKFdTbpLvuqOFRgDvpDYAOxpT30HcQlSRZyzUTAyWdXFVsyAGr+o30TbkAWuqwS93ybD4fyNaYRqOQPoSiO6z5GaeYYxG1tJ86HbmiO88UjpX6Akxvx9wE0PvsI8fsqNNLyLs5lydqOgeiar2yura6sjreHk6Kaa1iJ+y37cADTtNrWbfLwiVcRTJLAEkN7o62UE1wyXZdhpnRxCJ6G5UgxcLFHI0S/p1gmzAYFqK/wbRSK4KFA2gWpkcs8JkydCxKV4NQoFiEfKWg5gu6t2lgRdwcTcGY9zX3hBw1InNiKiD065CslqETj0UYsI1IZhGPi3lpsh4NGQd52ghFpYxe2u7gRN3NG7EIs6iIXWyEUJZpBVBnwIAuoemrWSGtOKHhdiJAAFxSV3XMsVlrtRgaey4laGWvyj5cwK0k6kdtc4E3aALYkS3SSP3O0Da/gTEn+i+NlLgN8GowdLpKmTRj2OcKbxyOsB/IQIGUOkjmcDoFZKLqBkidGMNR/U3s+ZatNr2UtaeVNl68xFLEolA4AcQt2nMoY2doNT3MlctdRZSO0ibMwg9IINUiqVmITYKHwF5WVIenSgo+J2CA5vnA/PYqmSfkBJmN6evz6WJ3Ky4XZTUU/azoT2/t3nPi1ImT9506c357byKARIHCFVGUrgkkomDcJUx5Ol822oMgsoA75kjV1lzyA+YiVtPIVMcjzvnTyEsz/okkv5Sf3iCrLAG/5rBdjt6NaIPaLGAoIS3PlY3V1aNHLrvxxsXONJw5W+26yo8IuKf4Yz5f4jm5YRnWVlaPXXbJsSsuP37FFccuu2zjyLFqNJIdU2DvRiMTZBRV5tuFWpRJkAkRnYkWCGlZrqyOLr9c7OTZ08vlXIKjZcLQl4vpbG9ndsf5+Xu3dk7Nl4Pg11ZW2Ke0BbSkLapDllCiryHHTNc7mc3Sc19fHSEaENr1YDg+s7V18623pR9SZLG2vhZKLkHJ8no0hNCkpNQa1ovZ1C0XAyR7pfYAy7vhh9piJFItCUgaFuOVcmWjWhmFsiRlXWwlaqlkCjZzV0szxXY5R02RiaUqykAXjg4ctdQd+z/7YJA4F7BtLnRQTOI5ag2U01oMfpCYDjqDUdoZWQd0Zg22BPnwxS9Hh8zs4AcrU9CgWUNHVF7U8ljgegTTLfH+QMhtP8eOeKr+oZGkne92zN4I9OEcd+ErO4GRgLnb9ylv/9VCETMghuPw4P0j7wtSzObsO/W+qzDE9cBFeZfHqLu8C667I+BeGBvljSo6ZR1lzKH/lssbQbS3Opgr+4h9v8qZV6n7me8Oas4wrEz/jd79ut7IRJcBAnU4zbWIvYGM3vmD99Yf75h/m9Fxr/uRRlVOw7tMWJHqRShBSVP0c+e2brvzzmTwr73myiNHN9PeXYWwtbU1mezed/KEo4ezeVTinYS9Omtnor6387ava2rWaZaSJhF9vjkHmUiV4l+SYrxkLRdT6QEeRyPpk7p65HgxGSYDAR9b9rLWnojU8NU1aTPpv41fSBvYBPIUoUShnbgRvioGbtDEURNX0pJq2kXKayJYQ6seogNy6trXS5SQyFajVfEtOyxoGIzYp0AxmDCfhfcBrThkv0KZm494m9/GVVQTFJ3qc3CGRJstFodlS+Gzb5vdkjwT1UXvQcIU/VMPLsacufEHsRTvbP7aPDMnwOWQqOmcCiVDxW6GaRCg2ms6lbzNMhyz74qq4LXdkq6oGDtLpw3nTWm651pF37n7zkBErwft/BafI186P3pzvTu2KJPHtNNmRzfTlqJh1IdaxH+9r49NDWjXi7ZsU/Q975rv6fzwOneyjbdDmO1X/UL9B+6TfRJSi0GPZfNXY2jvexM57wdO0WcLhRQi9rQmPn/Qqwthqzrkq4NX0XgyFgVTa3PMwH2L8bOGF11xha4fMYcN92bnncphe72rxrYRryiHnTs6f1Gokx44A2IuRYW1/vbmUzN3/T6AcfTxj/s2/99fJEAzuWmsKhZnL/mqyXIqrOV9ymR6lUZFwFkiYifj5iIQsO/Cc71lxGiHfXjz8qcV4U+KImPsjFRBV/uq644fepuoamFNuz/09CzZdgmcNOjKkw3LAODC8Rte+/AvbprXNsHEcb0PCpI6nRVxuXz89Vcd/OL2qQ+VGBBW+B06FoWooFAoynikQN0G73/NS77rtb8h4ddVj3riwzev/sTH33jJJTfddO211x0KSW986tO+afa7v1ZVDavW3eFOIZBRERv20r0H+18IhwPQINQJVvX2+5KzcMO+N2946DM/ffSe96cvpkcB6qScDbIV6ASEolTZ18Gpaqj3aO3FMIYf3roAgN649pMeOf/d90jYB909Ka0FDgapO2wyfv6oT7rmUADah+l8RmYoFl0YpZkZvHWRkfGg1osIbARjdmHWihokdDOwZsm7ddAS0L5kKTyUx6QsoVK7FAIEajtXMzkfkhRpFZXLcqgOpbC626sJgqtAuJPX4HLVvoNwcQCkQJALIhJlkHpjQPiN4vtOsRdGG1D/bEVIASwyVXOFni0xVQsuDF1h1z6mhYMlzyRGRhsolnRGulCRPNOg5aiq5qtoDA1km311nCQYKEigmXNdPWAFpzJ0yAfBjhxIWfjQl++xyleCdSH4/E9+YRJEniig3lV7dNc+5MBMDu4y5RnpSDKytP6ctXjBZJWceUndNGvNv4u5UEvrvAAERRVri3atUitcoMBBf0O0kdepzSq89JrzYKlL9V/oYFKPW/GAkGgeyXUCD6HVBlWRiTAF1lnPG0n2c6B/RfZ+krkqdSMymxPGLISwIjTcWi0jXlsAABAASURBVFi1zupfEfpQmDCwIKdFAX02TRF+fsaacVUlRt+Iuxwkb/GpoD0oAdGSP4/0Ye0NsAfzJrNOdcdlTGPhqdbQec48kPYVeuDLE8lPONeAOHiNzBOOiVmLlppBmx7oNGS2xlxbbC4CQC/ni1kxrZqE/Uo3XXlIQjXOwn7gpOO5QHqZSAHDgOwlaPWqt/iJHCL8DCgjtEawdW3s+apKsVMcIzKUE1X8wUgQ6JXxymgwTJjvHAhMAiLYug/l3lJoX7eL0g3aYsCWa7rMTdWElkY9LBOpYw6DpVpAQpANQF15sr6D4WA4KsqhL6VlkCsqiupGFSwsGC+pV6JD6e2OPJ8XesyTD8SaE2W4eorSkC2kCEw2pVgf5nxwHsngCvyHJ+IgSF5Ey9+F1qSkJEFSMU6nC1dQB0RabbJLlzpOQT0wTCkLd3T41TXSHjkqv2AFaVHLYdFJM31AqlFIgZahUaIQBVnxgQb+Ufr/UhrNRsobGfscc8B79YGiUoEAtWsjR40wW+o0NdqrkUI8LVFaHTtOoc411XIDR2Q25Fwa8mHe7w8M6WRDA8SpNFM039IybhQ5kR0IM4/lvuZMs4q14FoNoJWztKhA+QfPi0RdaLR80Nva1bkSDRTwWv8h8h3OL4BEL4lBN00wLWuFP7QOIujmaXieAiSq+kiETm6i4TJOGMVystcu5mFlNeENCXL+4G133nr7Xee2drF5B6dghqcUEkUQsEn5yUwEmgfWb5a+DexVJwUv1rhupDwgOgosORHVKVp68zn69TR3LR3PFkTClAVr7EVH2kwpvlJIPkVOVhXrR1aPX3L06PFjRy69YmdwLrrl8TV/7cpwDGM8b+NugsDrZbKY46pcW9+84gEPOHrtDePjl/nBeDkXqTDRJ3JxGeC0Q/ZLGgI7kTEqpKDdKQ6YXmVErtAJV29zcy1e2fjl8tyZvaYpdiY7072t7e1T53bfd2b6wd1JORwd39wcjQezZIuRF106qI+7plBfowvWy2RYolsslrsujkR9JNAXGFSDZb2459R9wd28ubL6gAfcuLI+FoUcGZAGeTc8d4hKCdo6n7p6MUgTbxCwwSbDKGtedJNcMRqUFRtWJgB6bWOwvpGQKcHERIBWhRGlJGe518732tleWrBUb6Hae2bFxly65lR5CyIpaADpciGL03tzXaRIC6EZM2/vMCkGF1kpdrqRGrPaZ9DUmcnWfC0Mt+6bcgyIH6EqByxuCcykoIdyWU6pXTTVZv0VpfFaqK4IdNx3yR0gY+BOdC67dU6t86Hhxv6fe0G7izmYjwc+yMN1YFP/Wwde3UDvP1888Pl+UNwPjRgXdD6oz7fpe/caXX6OGqIrAGfHi/vP0QsJ9KB2kN6XL7iF/WOl1pnGImO99gQyAq1RrvLt9au9nSxzfu24vSS3ej15oG0o6fUreBpDBqnzxgwz2FINzanEEwMldVLBTgHpw586c4bByINvuuHI+lolEm/F4sypna0th7BD8tyrK8nBSBZHTlzrwnI9iq7evHbJ6mAe8bC5kWH/1ViDcZqKgSKYG4fR6no1HMynk+VsGtFXhw6n9KBJlgnbKPsOzcFGiui8JzFOEXQLKV01dClfh1CxrekXw0JLp0/26BGqEtr21EgkSQkDylSbJmZQSsQ/y6EILVXpT8KdJY2fflWVngXH5iPZ08izxLv8wHxehzaNeiiqc11Ch3+JGZnNndbNtbanz6edv4CHGdXtZ+W/41LRD9n07k9Em94SyBQhWxbvtCsb4Co0ADCBMUY9TrNocBHEsJs6M81TZDihR3Cd+bBTy0EFqYgu4+C9d7O5Mz+Ac5hTw2dbmDHAInhjbekwmwmP2gAsu7p0xNJBGgJfdHHcv73XxyYArYnlGNlhBvOvsRxrR0bVqahukON84nQUyMWKQ5y+wwmis6P3fSNX6a/IqjLhi/17W44cHX1ZxjzRZ7chajNl+IxOF5gYwaCZOjrUWtfdUEPOg5CI6IQ0E+K5S5U0ddqRCS06HOl86PQdGa615AWIi0tyB7mQFav2nLL5XHvIPo17Ur002RcKi9mBLMSXf/CO7/7kB+379NqnfuGPXvYLP3ZKQUPf6q4mEv0EW+Ljn/PCp10/yKCSRB177/nd5//mPxcluJcoPjlsMcK+CKmcKhDgeYj39e6zWweZ2KtHPq5F8Ta6BRIthY+Vrv/aI5sHj7x17580LiwtuHE9yvz+K0DrVR6WxPN0DUVkX/hDrvnyx3/xN89e/eIESLhlu0herW4RZQECRawXy8e84LMfecEqvOt9v15WG0RjO0Bt/6tAk3blu8DcCzUb8zRdWNqiCn/3u/7ibtf+6Vs8tDXSP9d80XN+7Pu/5rP2944sr3/Qs5r6lQ27IEwOOxsBJrjTMrNK8BxT8F4fYjRlXNLUSlvl6G3vunPr82/YP9rXfNqzn9R855+DcA1sSUVRsQEtJfi54ku++dmPuETnBmnns1N/88Mv/vMBGpr/0Xvv/PEnXrZf6vq6T/mKL5o99/VDKGilOKeKDfRWizAcVdir4uOf8QnXX3itoZzs7Z4/d34JrYq6bpfSqU0qWxfWzE82/qqitCLFNDyAkUby5C0JXWnvkU7FKJeuwqAhXiBbcy2FutjeG6017+QpyNGPFABzhgM4rHpPwnXL8II4XhG001WCxVL840nrBC0LKK+04iHE5bihCkYjyqRFK+0Z536hKAisBPUXhInT0BqaM8EPeYYjMRvRAmwsYD8BEWcLEEgRFt2+EwAldkL567gMZcOGHsTIhUuYL1SdGyLsRqknUIEEn+XtbGkBjInijCoXT9IzjWKnhDK8+WFOYVrE6IUhztm28hkUSIGICXVIPnkwKaTUW9WiGS/6UFOyzTHJLj2ZPMJd0t/JLRBBR6xWsa9iIQE2YWB5LUpbUyxLBps+k4DIHj8ShBB32pE655lgatsmM9IjnWRE5TI/yb4SmCmyQr4wr8lRO0HFmSPL6Jl4pxtJ9gmxSGxVeN6BChLebL96j+IrK8lf9qoaGEMdQEIsCJ3I9wtrtMtUiQW5njOYp4O7rAksZdP6bt9MP9ce1YMoxK8blYyjHIHj1ASfj8qgMg0Kw42Eyd6AUMnKew5zSwn7IO3snAlsENakFu8S61umymReL1ooAoLxTUmmAk+MeCLjGihut4SemyrZ3ialsXyRcgK1CEQDZRZimlCRhUzr0UyyiHwnPV0HXQAZSPQtN8DUknqkuzUW2KKKJkLy1SsWaZNYXYvQIVgYq7gU7UI3LIpRWQ2lhGNahjo9gSZmTUBxpBZiz/2giUPAIWzLBaS2YQoELLgWxd8FkYhCJfHNtSYmDOgUNafDcjD25SgmO4yEq+w9BflDZSwHEfoehFpN6kQOXCizhfeF6Etowgl6a0tJEkTofhVRUWAiLKwA6OJw4scZw4G7xIAMCulyxlKj7ajr2WuOHPl+MvQym0iw7ypqsTvKPpjj8t4cGI0qyMLtb4PeOgcQIbV0pnOZUkgwUYEEUm8JWBTq0koXWflDOlQyuig10DCIkTzI0ey8SlxLzkqQ1bHnovBkhRcrVkvLeHG4ZY1OcV7DS+7cOX7VwQwdwQEGNmD9tdyuTLuQAX+kAIFYmRq3wGIaKLqo1WhdkTsrB8UDGMwKkhhpCzD9GiVQBgSdODf6eJSY/KaaY3ma1jKexKDFJi9QBFKoBKhMmEr0imRrSmsU2jh4vHoo2jzMi5Reazh8pRDtazzhNHFTNqVtxI91i1mT/q1bd9/O/J3v+cDNH/zw3nSRjpUwgbTRIkJtUH0uHl+Di0suUzIRs9liMpuN1kYiKAwVL/K8cuuEdDkJaV1EsexS2Y2chReFalQH+jaXSwSjyYFiH2HhHYENKnKg4EXjXm5Mnl1XE7I/qNZWV49sHh2P17fO7+0t4qyVVfGAKy85MpLNZAk6dbpgQpbJfTh2JH12NQ5HKVkVHBr8hgo1Vy0KYKQbiqzpwkm/icYAhoKN84jtQwDJFauXX5FG+NR0cteHbp8s3Lnp7N6t3bvO7ZzYmS6iu+z4cDweDldW9hLos1ziZpcLpkjFUlWRvUI9d7eIdEUzndfndvzm5mY6W3LD5vPZcDBezGb3nDz59n9+98rG6jXV5aPxSPT7HT0fkPDTyFXl0jeL+W5czAZpmg7gkpVxDo80PSHqbwijvfTVuKhWB4OVlWq8WZQroSrpoYGovYjLgZCPm0Ujeb0l7KFU1eQMgHTolUp2mVHJOx+VfiJtBmTPI7ASdMfX5Ig+YgURYdq1w1mEqjO+GGLeNVVSkr3p9DttzPASk+YahdLOMIfoPDnUyFqmwCZtSGkAp9NJShuUhVapBXE4s7fP1dlqO7Z9NkO9ZK+ADzE6ZUrEDvr09kmiVa73edchsYZtqjXKiI93udVI7APDznU4D/Eia27Uh3btv93tcMNQbzfbZD1+/pnoQcxgAvfQGLusrOCg8v/QHdhqlgJwf2ijFc5QXy8ZhA75Mke4M2y0h3nrsPt1LlPPkJBhkQA8Uu2jwFhbXSufxzfmAkFCAbpT8jTMqnIEQ+gh465zYdXS6kV6HQcXbRB5sEhAEHugZNEa2HvZ49NqnftkK6L407X4zyI7mKAIQLY+hVQpdirLYr5oTp0+i+6n4QE33LC+vo4tOp44cXrn7Dmx4c4fv/Sy8eZ6MRgmv0IaVtdyMVRVo3S/TGyMtvO5hZ3NIZ8ZBShOJ8oJx6SsxVAt/VwAyqZZW11Jn5xO56fuPQHKdVkJ6O2GFeqx0rqQbUJWTtlIHWvbLiSz5eBVCiwlXaM8RDvrZtbGoexByb4smq04mS2JeQR46en0CYUIc2FSI4SSYFQMQxoQ6Y0tAHQ5Hg5Wh6PV4UrCoUOZguJKfS+WP7Bqk/eoTprTNFg0sNREW53+jcHJviVkaQxnIuPofB9tXaW4IzY6D8Da0aUSKf7PGlI0PdXvAJlWMyRVdujOK+8EjBXUfiIhCFK/UM/T4bzqtCrUhzM7WlZwNA1DjrmvBLXdOkzOdcCxLTTHbhWa+stpbNrFFheWbQUdOGWlFRo3OP4MnSh1jXgEXoMKWQZvYiMAu6wUWkelbuhMNtJJuDgU+PpX/PrYlOCw/2uwZXnHPKu6uhysL/0A6/oOBRd7m1GMmUPnGT93HwuaO7dJ7Q+9vM7CG2aqW7LzeRV5046ge6G5TiuMSFiS4eqGOOQFA9lBXqRJudthgfjq9qljwwXK2nrowilm26m0MjeINlzRHTYypPIJ3u0UGdKF7t09v/jX7/zSBx3ATz/hP/zOT73p8d/zFwPSHrWIl2OcULrP/vkf/46n37D/K6fe+Jb/igYpzPSpNsphQxssXKDoIZQ94t+c2Dr4wbVHfvq3XfELv3SfuglMniEEuuwHP/1CwHf73J0xrgLJbS/C63UkuhVeK2LIa5M4P3nJCphd+KXRJ33dy5/1R8966b2V0+fo2FxNu9xc870/8PRDLYTSAAAQAElEQVQHHfxS/c53vkJSnKqU6A59yZQRyEyA+Of8r7d/82P2kYJPvvn7P+M7XjcMyMamROmQQed9b3jRs89c9Ybfesp1+w8Gri78nPZQEWhuYRLCpGwzItiaHJtDrywI9U5Mc/Fbf/yOr3nsEy7d9/Zln/etL/qSt33L753UqihHgmeBfWixvOKpz/22r/3Mjf0D8q7fezF7JEpJ+y+96T3f+EmP3s/lvvzx3/yzn/S6H3h3mYJAiQpqMgelm/wirbTdT/6x//jYSy+81OQFTCYT1N1DJxxp6jPXPvWbv/85n/uAjaHoDmzd/daX/fZP/vxbTw0E9CpVVpjbqTlmnv4l2oK5TH9y5iEKmxWfNpUDnxE3RuCtEmNizB0Zouu7vXSUvBLTHORBaqSm0EQnOSmS1EgQccGzRzbkY+Dtyew2ljTdhKjedtCrYnCIaNiUCZBAY+k6a/Wj+qwFzZom7zWzQ7ADPY80hyaJGoMvetgGcipCKzTqmTnIIEdXZcjdvggecVDgK3i1DwGt6dj/WTpB6TxitgAoltaUaSzjgSgVHfE5oiGeuI8+hYJ89JIcCCjdAE4rMF29hLamAH+e/fl8IP6uVxWhJ+JU4CHQoNPUMsiAE9nkdnuOPHcKIEiLPJ93E3GZiNk6p8Ap6uIBLAWLQGDLjLecA7kIBxCy4vJ36yQIfQNBEChaojNKu+RESg0ULDrXSQfAgufmHXBz0aCGVTAqmRIKdbIJJrEsjk/Z9kfATkF5FG2e1QQioOahoTE3THMM5UOt4voOrGVSWn2re6XWowPib4kdCdqsCLiMd3L1rT8gAstGOV4F5Aq1+Np3uQpi7LhXySMtG5WS40yOSmp3UICgwH2mt8vxF01dNhUljNLXXbsU2Vt+NmXV2ponLdB7BPPX5+UoeJkQBPWAsmZoOwgyMniNKvIrRQzea2tDp8hCtCDXddG7fAf5CVFiSfmz8TjBL4NhwhXqGm0OokpQR1FdXPh2UYfFsp2XdSkt2Wkk+uRdOQ3UcCN6YxYu2saujeExV4Tsk17jwTBBNUOJzURPQcZCqdO64El+JigZRdXbGvvoHal6qTpGra4KASOlpZez3u4a7WgXIw0h9BSgejKlo1wsZneCRqHezKwCCQF2rTQWA/oK2xRhIRcflvOlSRO5rtefiR1F8+ecuk6Q9NHaUE2umHPqfM67mJfH/yuTGO5SaBYpz4s5kiC4pWDQWO0Sc7GVE2jQXvtMKPjiVVGHa0qBe8IHaOdpfZ6pyOzyPqar19jBugsR6FWERh8KTxldNNSbCm+R/HKuUbnp0HZ4CTQVLMTi0RE4KkJgDrXaHJ7EmyJ8pF1raRu5gJ1dkrEiWwKmcGbYzbaZx0J9GnCoWq40sfZaUwIVeynrcBVSK2l1irqP5NhKuYgCl5A+VcViWbQiHp02qfl0etftd37w7lM33/KhyXyJHJxMknqx9Iq981lYrZH3u5Pp3mSSjMTKcIw8q+UfTGpPyzfIWEcRpKZgE6ZbSy9XJN5Y0JUjFux9kVNWEtSNMxgoWuTvuAt4XcwwIIt5M58up9XsvtOnE7w72ZtsT/f+8a4Tj7nh8kvWRqWYsQSS11z7yYlaTnbDdFqOpGotGYhGQHpoM1lYLgpp0hZMSeRIi0rBij4ueYJLGdIy5ejcHWcm77j19Hvfd2ca/umi2VnWe2l2h8HaaDgaJWDWb4xHm6srNYDzZfqP8NkhLcr8h/OmAF6LGrMMWb07nSX0fzQcJs9iMp2tjMXvTZDPbXfeeeS9awnwvfaaq4XFLDy1AeoCBMMVPzZlYpb1MBQLr+2RU55kKO1iFIuABSkkue5ShkFoiMmgFsNVQaG84s9NXbXJlC4naEKt9SqsefA+C1SIf1GKeGvKiEtp2kiS+iKIW0K3Rc+XFo227eVe6GLs7Ds8AiwPweFDNKmzVnNqzqYUfYDQAYbW1doUvdSK8ViWYGPViauXaauYiRRkcoLZbkcAJ/T1NGPvs+2KVh1yyKt16uCZodQTa/CrpsGbs6ZHN+pjr63ZRV7RHRIiRTUwep+KYJmZUzur1rZ32d5WFBeVbRCxQ/S4W7RuPxwcbbW1BOXz2uyOrJ/QTbPNBZC+u+TsoTnXQRl0A6Kp9EQV0sBm4qw7pZ7K05F03eXuGzzO7eAMCdOr96wICeiPZMbDbjbuA6F9N7r9V653MS+mN6heyfE+WvTr0ByVniHme8v2AvPlPK0fuHxUQg5pbZ45d+59N4vM0PXXXrO6urbZSv3x1vnt6WRyz113JfNw3MXVzc1CuhMPpGxkCa+HvotcROgBQ7j9qH5TCwgUkI5kHLk8pfV3MjbprymBmLx/of7UBZR50gF39qY333xz+tjK2srK2mh9ZXhkc3NjfXNlZWU4kMhFcpx1uawXXLWO4RUKlSWIEBB5WNfSMX5lPJgth9LSN2XXhOokHCOhc0l6L0IsBwuEaAQ8xlKaOg/Go+F4lIxccuYGFfhWLG5lEbRNSMNbdCdgcKbJpqhJEQNm2Y5FZ2mu/tfnHiiEiAHztkg5i5wFrY6NVRBXtXBfefBoU45PXrS1ylLyo0spoGk17o+sD1USddAf1PmNTk2B0hg1sWXgFb247PQpV6k3/X3vZixc4j8xdpNcayiD+jb0r5ipUXeaklndOtCMuy4XpqHg/+S1php36ny2JAcw7W7dtjW+1RAuZ+Du39z9a3t9TALQdNuc7gd5HZnn733PVmb9HHVivQXuGeHxB8qA1OfgButzxsTlDSKDS/Gi80VVDa0KJSqc7GncmXEJFpXo/q23krForpDQCV84XUG6onuhjvnrvGXnMpLLNWuXQRFEpMXbTNjpRG39RVwIHRZvY6vbs7i8d/zIH77tKx/5afvpqKOHfPUv/O/tb//3z/+LrHtLNy021z77N3/iC284OOlue9tvvzKEFYPyLnodGTS3oINj3FZ/eedt3/iIG/ZfxCc966e+5ve/6jfuGaArNFjgybxf87UvfNojLjjwbXe9qaSFJpZ3sWGIzpQCMYlgdZ0+w4upJx9//Hf++v+Yf+23vvzuqmSFoGvRyrFePOSb/tevfcMjL1DFmL/9j3/6nnI4dtY+7tDjRjZMR+j839926zc/5uH9dy//1K974ee+7XvfcLcIRjkwPYXGltKt7dXD4QUHa/T24v2Yv9YBMZLYjJNPhSAufGGnaiBw9ce//Xff9ISnXL///Y3P+J6ff978W777VfcNKq9ooBwnJX4/4Tt/9jkH0Of0+3e+8WX3VKESGfH0yZUXv/qvvvrRT7xs/4dufObzfm/7p7/np//2vsCHAn3GuJgtjjzh+1743Cddd4ipEydjOpvRBojWZr048wnf9XPPe/oD8xCVm1d/+jd93298/K9+zTf82X3DUmu7e3ME4b9Jqnpu2LZROos9vVMkNaoLm51WjXgUFO6Pf1QL1Ln7PpsT4GMl4NBgjdQo8EVssSXrO5rRyyekC963GqiTEmqfljAJwxB4ohyt1XwyOGoFcuAgB+LOMhGQKIEirD6q0HMwl9pn2S6NPUg3K/KdBgtmgiJBtDDOGYNP2WHsfVqwsj1409Iw2xQR4UH/gRWIigtJk0cp+y+oqQDk1ArWomRx5JER6hNVVhbOka+nzyFqG1hw4oUKFbzZYNxf9JZc0kgvqv/iLIyMfUSARp7XR3YB8Z3GbF9eVhwGhPkhjx5OAkTeQ2pUcW5HXBLPoAWPgEfwOehjTSZtFlJNrWgfa8G+zrLsvekPnhg20X+jkKuOQkH7izSANoTkh+hu8s6Z9uMtBeildHurIimqxEYgJUbeoa0EIjnq+eqwaOAQFdv2WkYQFI8CI0+qMyA4G0FwgZMP5NcQSlZIUAkiokeT6GZQbVypncjeZuA+eCO06mTTcNZrpxY8BQlbIhqAeYB7Us4AXQGZhi2o0IW0AQy6rm1Fu0YdZLUdOEerTEIqzMikhR4TrIULhgu2B402HeOWsjTpJqrBYHWcgqbJzmw+E2lZwhbqFlCLcNG49Gfe+KoRiDmwzEMT2lEp1xQHUSKbJSUsukfnoVJEV0fCEgzF0CXMTkC8ElKetC4c+mB929XmqW+jx4mWvHd5kCyxUTgKT0sLUcfAhPIOZto6u6z6O95+UGSh4AVwVdPQ0KSDKlUYRkfxB8854MxYAfsqQj9Et5e3gcjrh8MTtDItKzxkF1W/51wv0uG8ioS+WmmEWEiZZoT8k044VgxoKTrQfxRSmABQtpt0UNVTQakM3QVtGUsmTp4xvgOVjMRgwVGw0g2LDe32eEdW++Uht+0M5uRgtOorEXmQfFcHz+fKQD7coM/LRtIpqctrLIsztzawROCipvM0LGUXOJcwTl3XoAQvWyp/10ufAMTWvtSwbjClQgdpnIWjLE4AhidQxQDNHNF1VSRjBrVI30M8owp3nzj14fPz206f3Z1MXJAipwb+WlGQn9Eq6RcU67R007o7u701nc/WpC/omA2viCzqJDJfgGMX2B7Ae7YLrZm76jA1fWr6vGkQPHrrtqGz+WrnWot/uOFLdc5sMt3e2U6TaVcWUEgQcz2r33b7yaOrqyujSzZXVhMwkjBSDNVSSqGWywSciI5JUeS4R0/U4BZwfYKj6IKWmjAKY2HeuRK2a3e6uP3uk+9474ffc8eZeydp5i4k4Qex4fTA1ldHxzZXj2ysrK4MNtdXFkInTsiU2PEELTF3W1SlzIPGOU0p0beQ1Pt0thAeGZ5WmvFpnNNy397evflDt152ySXHL0n3NdTOl+y/JzzMJrmA871JW9cWOFqAh7+3lkOldDg3UAixVqEcYE3JIEH5fx7nlUPiiqRUF80kcfxBBoB4qxiRQenHA8+J4IUpTmfFw7Z22j5OtXN018I0CRArR7VRZFkr4gouzVZbt2YHk+JcmJJSWQB6D/mtuRSDtSTc4yHb5lJ8soDGlwbXmsBRi9XDSnV9uwv2IJ+np8//6Szevog7fyH/1N/SvHfx4rHpBWFXPmd2Z+L+qzpwAftOdWi05X13Fp/3/rj/Akz3Trcs/Wz/eK39LvYvtjeQ+Stx3yf2XV/u3NbZYr3GPEq+B0347hi9p2AJCM3664EOjvCBkb3gkcbYpcLMpzKRhm6oYr4CwBrKwDBv2Wwx6/fQIZm9RtnRZzafnz67TNhr8jevufrq1bU1gLPx/Pnzeztbp+719Pc2jh8flFWNwa/dsockmmcQe+PanxTYUzzylSphBe9SrsbXcq7QzNDToqwGm8cvmbc333Pi3pRVW9tYS8bq0iOblx07dtnxo5cePzKsBuWgLNqBk9r0Ws05VUbghxaioTEQureIcTTLRhoqyVpO2cBlWmoyCEWo0XUW2Ufl0Tr0kki5szLh3OOEPQ8T+FyiiwaFn+mRO99zKZz6uXlD0XHI/9KXi/pEDaH3UVmNagj1meIVNHTF8TSR3k0crUGz6WzPOOoORlPk9bhW12quqnmADApyi8l4fgAAEABJREFUHOx7vIou/M3zKTptjqLP0VyofXukXRaCwxwo9iaA12mi/J/W5n0eBS0ZyG2cVc8lH1sTwiEzPhlexYxSco6TMe16NsgelW6l7gAO+W/j9TELQOt09T5jszEe2OhcDs2zV5ETi76/x/mDGHSkjJDv9iv7Zua85AmUS8QPnJxeNS8vM2B0OtNtct7qyPRIeYlxCfZvzm7GSuTNlPJCuWhzjNXaiuXHcpBPbz/vIcF37j4v1l1kvEGkLXJ9pHOKtiTz90s///vP/I2veMgBFPX4p37LS97/xL993R+89LWv/eO/u9O7hz7hWV/w5Kc946mffMMFeOvWW37tBW9KCUSvK9ZffBXCEKC0HREUzHPyCcu//bObTz7phssPXMPjf/B1b3z0b/7Gq/78d/7yXb552Gd/5dOf9Z++5HNvuEB/w93xrpf/Xdo8AtxgHy7q68ANRdVrdkBsNGK/2e6B1+jjnvpjb3zcV7/+Jb/z+69/+Zs+ENtrH/P5T37yVz3tyZ/2oM0L11/9gdf90ovTl+p62bIm+tDhgMyB7pjBv/xt7/mmhz+s//7wpmf+1Kse8Teve81r3vJXb/zrW9IWdvmjP+dzHv+0Jz/9cx50YAT2bn7X7xR+RBN6EfZ3dKiaiSS5est0X6QJIfryNaIHUP399/zOWx7/3McewJRH137R81/1yV/2ple98jX/52V/895Q3PgZj/vcJ37Rk5/yuQ+54PHUt7/xxf/jVFj1mjb0w+q1L3jFMz7rOQdI0G7j4V/347//uf/0B7/36r/+mz9/ywe8f9infNnnfuGTvvjxj7zsYt0YE1w0my9R5Z1GOwVDyy/88ic98EKA/tjjnvFdT/3j7/1T7s+aL+02Oa+IPOdDCHkLZbBvoYfUitpOSszadjrilapj0e37yrHjOqWkjXpTDBZUS7UgJAouM5MWTRfK5uVtRoGRolcGCoN3dA/ClbJInd3gAcFowbRQnAo1XFpQauK2EJrITfCCUzDcOcWrWIkOAFolMjQmgxdAiMeyYAyBtOFkjKrOxrEqS238HEgszE6JXkW0g4ds6QlPp7+hb0dFCNGO49X7cDBlBRAPgRGcPRlC6mgJ5o2tL8V6jc+RCnA3WKXoVZ+UyEnrM9aEB+XUuaXRCMozBL0txyvk9GEEstPmvH48mCnwXSSDwYvWpiR208dQG9sk1c9sO5NlUwF7k1x0a3tDZFrD2f4VRUHCo/lJVYLVW/FnAAHadDBrnuiBo1cKJVEYHsqTJO5tPoJRFQgwmpvMx644gMOBYsc+8LbN823qMIR8XkdYXu5PSAYIa1pKNte14BeoUTCnj5V0BQVGZKGmLa4sCDrwBujUI5PiTTCneyouewfedYkfXy8Sro9eWML2F9AUkFCLyCkg4AD+2Rpp1lGspr/sNf/CvqBcp1LKHdHU1Ctb37pmx9hzarLHDTZoA9r3oBqurqxurM12pwCgozSUJFUSrkuKlvyiifMmlkuRVhKanpQhxYKyCs6rUDHAaAolOnZ6NH8Aw1NVKT4aryUAuqxGCX0WQjE0e6DABTWR1mySZ2SiAWjg33R4Nbejvhpbj1JiXeZJQIM8EFjBjZEWddHUfnTWYGnrHFG5NKdF7awZRxmZ2Sm1aeLllN7bEUy2Htiotf1yMaPl5lPqK7uAWS852vILOQGFZZ3jlxz8aUASWzPVEJ5A1CKaG7jTCPwd8HNr7qgHkNQY0BQzchFzXS0XkEad2ofTmS9JZFAdWu86/A33YmXlBHKc1qHo4TFjGWbZDAQVNHbDQtTK4swIjLDbMjPIZ5bBB9WY5VWbPYBVphg8VeJ4WZ4NUVoS6AzPaNnmsagTICi6do3oCAsnroawcvpmnYDCskF3J9FjkAoaVNrKrlOLzANsmWYChXCLch3E+aWIPwlNut1q4i133nv7+enWfJksosqdkGAmkgUtbyDZnRK4fwIXtiZ7Z7fOl74Ybw7Ho2GQhJNWbeRNiPcbpFligjJK+uzo/BvyWnU5Ao8aScfs0PtsaO1hegOJYt9Rkyudzibb2wFd9KAUEd1yGc+c2730rjPra2sPWzlelV40X6QyupV+JA6pHvUvos4S3jhaHyu7H9LWrSofUWhLSZbzRbO7N73jxKl3/PP7P3jb3ee2p+VwZT6dRmHFoMujdAFpV1eHR46uDweDoxurKVc2X9QLoU3EuYhv11Lp3IuVCnYEdZGcAyI7or9aMFEuadIEj584deb2u+698sor1zbXnNUl6CCleTBbJgw6Hb6swkGjirEVoiGaDraWT3FYi67IaXdgzstBSnCI5ADYlyCqCO6gTFVD/YJoepSj8XCjdtWwhda3vApYOXUmu0et0VbPNVTQedl0Cznq9g4oJ7KTh2OwyFKeaBOmcZnh07mfasIVQImL5WB9NCgxgcnF4rPsB78xF92avfCdJeSW2guUfXcvNlPVDJkp7U1O5/aHPNkUXCw+7b1itmZ2eLd/KLsP9tz3Cw7ce/4XvnP4ZeimoW29nTon+XrysrUCtd43LxLxRrf/q84ZEJEH3/ftgr3fjXncP2T0NtrIsKLbLXQ3OjjCFzwERfcy1qFutzditk6DC56m78PblKwxfDIS/oOqgpa7aXTfBk5e0Tc4dd8ZRB/hxhuuX1tfE3JTyvOfX+6cPyc7XVEMRqPVtfW02N1ATkTpZJjY2Bv52B9DZ34bzVggqYQYZISzXWP9FO1sJmXWCYS+4qqrrvu4jzt5buvuu+85eX47JfXPrG+dP3t+untpaOvjx49VCadO2HDadab0mFyjLQfY3kAMezMYjEfya6hrxeSNLRbNNPmnwKwJODtpgCqFaJD2kBAvAc6DQbWS0vvVcCg/lmnfEnWjkMlC6ufzgfjuGUZzNPTe+39xKnRl46QIjHk4ehju1C0JldxjmDmNGf+lkTElzWgWJy/+tmdQuaCtHiM7StkIdfCXvqvhL9nOipqZH84HSLZ4D+De95j1XyOTdl5S5CQweFlhNI2XnHoojtKEDNN8zHwGWx78CqowG+essi5jRJmExd29ba3wF4GGy1YUfuJFjM6/4tfHJgBtjzkDEM6xj1N0XQqGpkRnO59/z5BHr/GLTameDd8XV3grV3CcTvvNdJfGcTEXiVuxfOiKB9VV9C52B2fMTtwp9ixGz4ibKUBtHbpcV2WherGI23PtQLQiHacpcM9+x3XspLK4zHgnmfisAWvbXlQEHQCRKN24zroQhBVhvb/53u/7vU96+bMedBDjK4886LFf/b3pj7vf15k3/ffvf8k9xchZ40GfpXMueHE8UR/fUjcTzz9d2+te/Bff+vlffoGWxeaDn/RtP5n+uPt7zd79Zz/59mpYBWBNiFTr+rAPRupTQO6HeJDhO3jWxf2dpDxy05O+40fTH3f/r9ktr37e896WENBWBPicMSsPeYkCbHJkPazYfS/43T9/0vMPkoI3H/wZX/W96c/9n/L0X//uL3knj4+18/6ipxP0FZ6+KP2hA/th15Yc8To9Hspkp8f08mf/0mP/9vsfe0Hjx+Hln/D535r+/Pj9XZybfegPfuT5b11LTxuSoAADirjz4u/72U961XM/4yBX2o2u/8Sv+O5P/Ap3/wftrlXqmpsUX8Wl+CHL5TMfddPw0E8ev+YT2+aPhDyo2yUVmmV7VL4vyIgyE8pykSYQut4Jq067wAms2mjHC/l6vXRK3dQQUUR6RfvS+U7OtScY7YgncedrI2qvFDYpFKVtaEvI8+0FUeBgJdCwqCTBHrKmPXrnxUYaQHmtyQ5aNkSKsSdfmEcLpvxDwI7vOjSTrAoqQTsaC1hN2F5wYXWZygsob1QpEuhWy1Wlk1WCEMsKEtE3aIkwFOwD0MYICF4hbU/UKlgxSZbg8EbMBKsRleB8FjCngkWXpQ2CW4hIC1qLlIUopYPlJNdWsalE8hRrjK1DDK7lkPoUvcIjQi2Cz5lPjQtl/bgIhIszLNqYjSEODM7h8hVK3C7RcauluEmmCISuBpenbkBe1pgyZkTAQR5BFUwA9TZdsED5e9EkbQguQwe35bxL7i4k2NQPLED489Q7BkKX4gIReMG4lSQ/gwImkKjKr6h0oHp8kdru8rBbzyQpxquwtrDwyQDbO2WxWx0ntqlGMhAwRzIPhf7pVMqg2zD1OasHLl8NQKjaIgoBMh23EUVG6fxSUym/bQvgSV7FRLgpt2i1hk6YnjrvoJLzjxE8mTDGfNenCiy8pR/SortOiiiCtO0S4WVQ9UsVPhUElw6zRPQg1HpRrsiwbmvdidU/JsQC+QKIIWBdICjD2rXyPmtRSf9Dd3MuPMcOkgx8UvCyurqyPlscmc0SHidoz0xkQ7QznTylsGjcZIFp7MMgNEPm0TzFLIW9ivJ/kVEWSN+3WHTM7nhAKoPRcGW8upYA6IQrhXIIzWVw8QKxcPA3W2eNgjRgisC1aIPyZmoBDJv4eKs51xzKvjaIgke3MWYBk6DVawjmYqGzhIOuSu0Qtib1lH1VNQUSglORVKY0rHpdJlfByQzV2C626bqsOwZA3qIfZ86pmgjwLZWlr9O/h+UQwBJBDKfwK85doEa4hSgxAa2YuzcRW5LIHRXNmBXZDjA/WWhGCwIcNH3cqOiV4jlkrVKLWhkAm3CyBW8WtKr/GKH301BKlpCMWrQOtiPzPDQm8x7VFXb67K3bJacBtM2NZc+tBE+cqhtcpw7wsMaGLZQnXauFJhq0yswU+127oqjTCCyXyyrBl3VkFgqzt4FgToI6Y3KeRHVRYnyXsicwzy0MEvpqwtNEa4ASypRNWkhp5pyf1Xedn9x68txem1CAQTrdsm0H0lgzWdF6NpulzBxynWAeQ6JpOp3fe/r0zs7eJRsbayPRDsXKyzBgGzuETWrhE8SwsjJOGPRShSZQWRUpp+S9y8TDSGiZgtl4wCwPcbZoKESGJhH9RZP8qkXtJ1OtRimxfcv9V++4577Byvjo+sZNx1amfg+yGWl7HoiaMzTopKNxAQWlFn2ZxRMZ0CuXNRfE8YOCknyuAP6eNpvlvDlx8sy733vL3/3ju+45dZ+vitFoOPAQ2p/LdGoEXo7nd/cmyzq9tzqoJH+QsmLLdjaXApZ0D3PpN7hwy4XPiQpRtG7wyNFuGhtAAo5EIiTuJvx6OBwlB2Mxm3749js3NzcuO3Z049ixqmA9DuTrJcvjqqoar43KSvwQD32hurEkvveDqlhdHYzWVooR2pAwIyDl+uB96yKrvHy35KYZFSIRprLsCxgwZtvKqlhZHxwfF+MjIvZa25pB+7XOMPRfsR+7YuOq0fFM153r0BM1ANriwQGqbvfBQTyb7yMxjAI1mE0HXdTtoAibKyN2rwC2gnmo6XzcmsztHHLug3ZzSqv7Vcw2Mf/e52TeRV7Ruf5I3M8nD/ty7M6cT2qXqsPBw8aOzu170EL39Yu8vFr1fJE4eA9m08vPuEMeeNlkXXD39/K51EiVMA4AABAASURBVAHXpkIIugma7gbXrrqmOZ2QAXwD9/elAiDYi90h5KSWwY29G94fBHaQRTTMzve2i/wYSdQwNEW/AyfKhWCJW0TRoASzkUwNTfQGwlPUXIZ4fsohylouoDIxmU/vuOfkfNkkS3z9tVcd2VgvMc3uO7e1df58OulwkDwuN15ZrSpxGBcpZyX0Yk92gvSIIPqoT6QDW7htYNg84R2OB9u3RtCu6qmstbH3Kyurj37Uo6bz5c5ketsdd86nzWySEnnTuTQTlJYol1xyyWA0WB0OtqYTR7k+twxQZpYaDgnopf1TNagGTTOcV0Nxp9EbQwwOO/ymvzSi1xG0Q09VAoSuRH8D0huivVEMBkF6D6JAKrfxVn8vqyBnYoNyNjx3BZ/nqs9z33KJcEXU6aOWDL7JkEtrlAyg4uiK9HENcAS6z23m/qabLll6xG6KOoHQkbjNxko/bVMtE6l1Lvv8iFwXLCMoMlyXVxpjm7OSNmszsqu3t8+Kum4KKGzfA6z7TTr2WR5cku82btetC1s+MS8ZBYY8irydtj9GHG19PHQNm9X+SLNs/5peH5tNCC2rYIZP/WLXoyLixQDHFT50vjRrOJnDyA/74I4JR1iF1XUXyCvVuUyCcT2Hu4cs605nGTWnjceQ7lD1Q2fWP39dT2X2sbdn03JGAjg+Z+jpzrRB1R9airfKu4JfhGBotGaTKNrKgMzBl+yy/YqquENf6mT4Hm2Sw4iNMQzKf/rhL/iP5Z/9xlc+6GI804u+tt75ku/8iv91Z8Kv2v46vBgZO+rOyJJQVYFGVZl76/c+/7cf/Sv/4aO/hPnNr/yFF5z2g4GFxOhQfyibGaMuSkZafm6uDPAXlWH6//Y69aYXPOdH/iHdfdrwULcdGLwd9mLJEOoB045R/MG3vvjJ//ADn7H50Z7yzJt+4yf/oAxjzmhAYYdOBGJHHsrOEq4kWGe+WDaHItBwHYbDIUdsZfTSb/ly96KXH4JB/0uv2ek3/NR3P+/t1ahSx7BpONRleeoPnvffPv4Xnv+0i+DFH9kLT9pr2GDM3It/uJfcarhgBKyLCbhMoUtREhhk2a1s4ig0DzGDNIZ38LFCwt2rf+jh+IPHEyj4QJMFt4heYmzzpht9wUClZSEV2lGCBw0YoqCoMUq/PJA/eQ/cVVB/VbVD64S80qU9mHZtYMkxviKCiaKpXYDyzHsxd0Cl4blmS8M9W6iLOtujnetClGAOK3Zk7WbKHFyhig6yptqihVgG5ZEVjVKgIhgADTkOYKFWGu/UGmY6HW9QH2jUGn6ONPssq9FzQoiGDVT5bT4fmWvLGlibPIclNIU7gW5P+Fjrb13cF4ZQi6IQCptjp029FxCs0qEKU3vMJgUnEaDVEOWWmgPo0ox2HLjUAPK69IJriTP6nE4XnNZV7GXEIaCCvLftz8GUoFtGpISGp/R/CokFKqyQK6DKv2reKYsZL9g98YMLys6p6kbnCBIlITAS2XIH0UZu/cF8Sew2Nle3Wi6OYnO9E2lLDSSOnxTCW8nBULEVglEOzBdmeFtqtNFxRFPKVvufSAJWqw9c8B1zXt1TFRThCBLIls+UqCaQ4KhtF6HWwhDKXlfCO9GmclG3JEYajhw3jE0li0XOVOrsNLjIK9OTsQ/nFMSdRSKBVAsbIU95XRW/IAyuxFPVUrHl6JSyqjI/+UrQBUbaaFUpNgtHlwkMSUt1WA53h7s7e3uT2WIJymAEnw6ifBAULkG1Xa1iJRALjBmMUqtqC2KAsnci+NNgMBqtjMcbo9HaoBwnOLoFV1sefi17BBng9DoWzObgpnyWeeAaUlVARsW9mkdBh8X3aBizNtLa0YhLkTINMDWhtVkIAJa9NMl555gn45Q+U3KdYqEyxeI7fT6GaWiaSoqOZicw4BxoDWeciz77hI5JKHvc+yygfYQwtsZXUVGfDpDx1lZLboYrP1IuU3tiQG9EfqcwdNNYUQOYD6WWf7OtDqomWCLWhhzdaKGC7jvRwINoagbqRWv47VzfEY1K2OG5pc+eYheaLbWaXM0Vscss036KwgRvWo/eMOjs8unJlaaB+/eie+B9R69q84To7dS6ChmFptERNm8V2qrxRVWjR2yDcRSFUG6Z0afZXqY/Dl6WmLU0iWXWwjYWFF6OUMZtofueXISwmPvR4MT24tZz8/efXOykEziP7n5yA7Cr4ouzj21KQFO2I51sZ2/nxNlzZ8+dT3N2dTxeHQ15gtZkotGKIHT22fmEzR47snl8d+/s9l7K5geEsDXyz0UvStGghMR6pmOpfCr827TWa/Aloj532wltOrsaLlwCQwoxGeksTTkIu3V4913nRu7W1Ydff2yjGA5TyrqOoj1feDJv6Zfk2SNd9VpK8LNHss7HFBmEMg3/+b29e+87e/Mtt95+x4nTp8/vTuvVjSNFBb6QyG4M0h3Vi5DsQrr/nd36tjvvq8rRJz7khqoqN9ZWREgJCUHqvknPl5aVHR7Z67IWASGR7BbtC7VPMkFqAa9rH5ZCch8Nz27vfOCDHzy2OnrYJ3zipcePpm9Kz7Iy7RZuPB5ddtWVG5uqRU9sTtNkuLf0xmhQCWI+Hg3G6wlA0ialomsnyhkBbW6ZDkW+R90U8p49FO4w6rIzJEM5LMYbxbgpVqBJ4zQZFjU7RevSdjuM6wJUY3QCaKqZADWMxmJC+VLTs0pOQ0VDqm35lJ0hdurCyEGFbCI2Z+PoeoX4gzMujXrpy27quYPosZGOo0Gd2bTF/VGCaifqWXk3dgjXg4hiDtD3xeoHX+ZyXPhOjPFCRCd2oLuj+bPtuXcow+e7H+y73mdZAJe/t+9kOsbc3hTBitnsGwO1VcOZcVnesMsH1/cMc44H75ARUTSILPoDl+AykrDvG2iDmeNWnPvg4+ENx04t8MDwZYCiGwuVclDnKqp77U1b0fWgTiUFs6O2KnM2bQ15m6zXZN8hG0MKH9J/T505177/A4vF7Pqrr1zbWAcFoTxzfnu6s3v37XekDxy/7LKVjfWUFExeam0z3ip5VODNdeOb67l0MqBtDnSX4N5ztxCvokBD1tl02sZhVT3yYQ8aVMlElx+45dZ6ARGhptmeTCeL9oF1e/UVl64Mykk1gOhbDU8/SJ9gvUvxfjjhJZsHYkSNEcl4EEvMZNsKxSDZpzJS9JO6c2Q7q0uE+RGUZ4nUezQxKkehLmsxzAHwnase4dBylrWx54mItbLWPVFDV+Z5g845sb+uUPqdiD6lLdeDDyHetood+1y2yOjSVLzMu4M7AE4KsP7sCTgjddis1+RszDwbQ4iCwtTw6gySPmCSLHcSFbfmktYJ7G1IlAceg7li+VCxjR3+d2CBuH12gTGmMz0yb96dt95j/CUZXRyKnDjsjVN78Bb+tb8+NpsQmjPV31+6X6kTxF96gyyczhynEYJmhXrG1/ePFffvBxk0dp0zkD+vqRrXQ5DthG20UneYiTa0bHHunHVlwgG6NDYWYaMdr+CkR2+q7lRmZPSce7/kravbw7yutJ5zny9UPSPhSzJoM5cxWFfSC17qvzCAUFjBERSDg1WV1d899wu+7twrf+4/Pebyj3hCze54/X//5mf/8nuHHjwzb+0QHaGKw77C9UvPAayHlo9Wgq/yzT/w7Ocd+c0ffMrHfRQY9OzDf/j8Zz/3r8LYEB3jpLroDr8AgIgwImqL9yUeLnidv+39zQ0P+YiA19kdf/hj3/BfX3Vaeg/Kpgw40u0LtS541fWyqiqykscv/dp/73/5Fd/5OZd/5ANw6h9e8kPPesWpIW7HRbOLh76UWxpbZ3gNgLxDXzJ+BWQHGuAaKycTBj1/wa9+/5Nv/Ijx4nrrvS//oR/4qTeeGw7Vh5Fh50yMCXpcO/3G5z/Hbf3MD33Nwz8i1H3+wQ+cv+nBl19wpSIlINKO0jBsUL36H29+9qc/5pCLvO+ufwrsjUHDAu+HsEokvEXOFEUDfcjijp26hM4fZ2F6524rDUNBViuRpN3A59m0HJMfi6W1iCMSjuu25/wIPVSbVYoZmYOqqbOKhc1lr0sbcrkpeJIO1AJBKwZd6RcKjcsAIbHAzTx4eRZqdujLB3U/NE1lt58BaIhf0LR5BUSyjnBB9m6mP1tswIw65DeIgBQgBWAvb7Ol7i3GXh01wTo1FM4ASHVu6IWYLGjUo2HsG6TvXds53K35Uk7jNjCujBVOkCUXQPdcXSuHwWMpeIM+F5u1OqFc9wXOM7IItabTe8VQwcAKrZZrlYHQJwFoR+0UQL2FuXrsiuTySNYidslEkycxgQ+mUZjV+5ylVDjLetgWQRaLwL4FejGGwuRw1TB6rhCnvF2d6nThnFLDsp+tHi0Cl24Mlelnz4cdnKJXjrgOEietD7lhim56nFTJgxaAvSw5J2Sui46B+ICl09Y3PjeixL1GrVGQlIacESQ/Iau3yzYuJO+lIbNG9dxIG20hQg1Dj7r+Vn0O1Ow7JCG89oyzFIKGueoVMFkc6SI7ncY6vzRsQwob7gJxQeMDu+zSAFBkfpi6BOhwq/NbdHqGodxYTb8VOcNqnNDi4d7KZDKZ7s5ne9N6LrmWZqFdZRsyy+m9VzHqXRJSdEyCIPSQylDpjDMajgRYG60OBytCh0zQRrJYDRSB66VPEL5YNaTHYrtYpnQOxK5ybNjbeDy7XgTvGo2qmUKD8RFwrUGfJ9RfqRmJTo0nJ5l20grabEfxsvwzmhB6c9C878fn0XXrFggoJhViAohzKSHbZwfB74tMYjQC4/6aY33PZct/wb8IGp2aFADqcn+t8ofYTx6rggZIbwXyscHqCzqTrlVKmOWCN7TMw9G1ytuQQVd27V3QBXCUCEg0gQi+oU1FIsn/vOJIN9L2OE+jr3xvWI0OsvEEoJ1CS147RCnso4PXTQiv6T+6szG0B+a8s7+gnk8pvw3sJeyf98Plclmnf+eLha7DBoa9IQrCJJ5kaAYs8dYYHyaphRR0m5J6aauJISVZzi6Xd57fvvnk7t3bC4fkjDwk5ASZNsSJGeh6tIRsZ4v5ua2ts+fPL2YLydGMqvFQkicNUwTZzbfhgXx88knKjZXxZUePzKeLnXpOg+i1pHK/S2/fI7qiBSWSnmV1Eztt6agSdMmuh2SDFrXkppsEsEtGQb5cF/ftLN559+nL1qrPetgNR9eGsVikz7VlodJa6PHIDCB49J69iLWORPr0DZLVWLb17t70nhOnPnT73R+87e4T952dTOZSgzIQfyvwAtK3q3S0tCUln0NA0zTbt7b37r739DVXXHLsyPrKSkgo+XIzGahmkbJl9UL0vaOSk1uA7fAcQk2fGZXSDo2TBc2vm7lPX4kVNETOnD3/rve+f7R2JKFIx45uijeJRLAgy5cei8fGPqdCstutAkGBHZ7l38Eg5fDg39CKaImVumfcuK1cQZ9uCE5LvuBRjcfFaMMN1v1wPRbDGNjyFb5i7MBGDUMOuONV+C6jAAAQAElEQVQdNSZN71ph8qhvqYsiv1yaHx91r3XR9NMNZJH11Oa3nXmS4tuJfW6q1VGhG5Ua6uz1OYvUuDXRAGS49oJX9phc/zPeHYi/dVn3D9KL73u/8PaD7hhmQvWosR/D9HBwFw+crDMk3REuCH+44rqvdj+4Q+LlqB5l7HKTcX8fRXIX7LL0xDo2MWML+dK5J7i+d9gFBy6jqxkJ2Hfj3Syyy9OLMjeGMjrdfZqtPfAgY0e5sw3bud6VOu2kYPfALSHqbuny3spJ1tCwY0YimkjeR8qEL8F9jnAAl+JxmY6NxFiS8J4t6tNnzkvnvVBee+UV65ubzOkkA7tz/qwX/6s53jQbR46moDgZPklN1WAdtwbjc0v3vaEyg+o6CEaC1pbqEnTAgtilOi7FXDf1xurowQ+4HupMzZ133ZOs3LJxk7mYJtA56muvuKwaDOtlPV/M1cVXHWiRNErGcyF/6nn60ywXjUhtomOPptgwuKp2mXKc0p+jbmYL0YqcDJdFuRA1fXFTCzpohfRNhDHKTo6JUnQTHI4MvAU+diDgtmUr6SFa+OYsVnJI0MfCKmu07TB2YoxaNOcq+Ay0qU+vDJ+83fSWJS8z2y5LsdAtQMhhOhuK85oBs2dFarZGcDYDecGW4HYaT7tufbTmd3TrKCPUrV5od4FGEMKS7a267HaYRfM+EyA40brlE5nVsN096Abq+k5nf0UdtD3/Bl4fmwzobB+zceUMUTu+7xWyt62pFGcevN8XJ/QPr+kyXR7dlm2rxXP2Z8KM6zBx5zQWdtn083TRW6ZXrXLsNoJ9W2ZrX/UG2eTdRQMJ+DQpmdZ9ORqcDh+iv5VaNUa07k92dzHvTdqMx1/EfSC2o/uZZo0YfLAeVuxhVQ7+9qe/9FGv+8pf+Ilve8qjLvsXINDd297y0hf+wAv/9J5i2O9/x6vzRI4Ou5Z8keB66INhTJVuc3ziZd/5uf/0tz/1c9/79Js2/8V5XZ+/+fdf8F++62UfECBLPN9Gr6BTRbzw/PYQgp7c0K6IvfSwb9z+im//ky/8mW/+lMvv71rmd7z5pT/z/T/zpycG6BgYu6nUO8mFF+M1veElLJdNbuu3v/lz3vYVP/787/jih/5LmGy99cE3/86vv/Bn/+LUakKwCYK1bcwczwtexmE09yn5+FXCFA6/tDxvxSSn3TUhICunXvVDT37LX3zXD37jM5/woH/p6rbf/+oX/dD3v+6WUTmUzo11I7KlUsZYVQlzp5+TooHhyT970Ve+693f/qP/+cs+4/rV+z3gu37jF35o48tfewEA7UWPT2jMoAgnSPOPX/5Hn/+ILz4oA332zb//c6+TKIb7nO4oaHpGXqxsM9FlVLPLoLYmU+icBX6c7MpF02bWXSDRTXKn1YxmKyInpzOkJuMgVqOsRL1onQOd1LIRqfSlMKOrUCw1ilXyWvSMA1tupaLHCMSjjYa4Ooa2WlyRnWIFdeTIUIfn/skg2WeVKxZJFMp0dnyIIbS233sFn9n2UKjkgASNhe9jbzQ6ALpFc2jKQTOvZz4OepK2BhQ7fyDCMS9Na/ppZMgvVpfCcIQO7oGHUQiK1lvgmVShGwnHm3Wp+ywpfs+mfMFFsyD6CLiWnHl+zv6jOwjmVITYJIt6BJcTnntaT06vnwA07w31NQ6jAhSVF4CLjyY8mH6/TBF/1N0NOLJWeDbgIxP0N1qwfFBSM3aXFYQ4oNAhlYGQBtWZiX/YG1LVCLw99ZhloDCnTdmC2f6Y9ZyyZ8aQN2pfVy4oVefkQ4SP1/Y8uX251pK0E34nCG+3EPIJAGjCXHgLiSITn0Vhh6RaykKw83YQpYY/hRtzqa2UZC3WujTqlG9I6SNmHxneVE1BEKFgDAZEel+ae9tmSqyiQNEQV3w4+hxm+o7Z5Kz+RRPA6qwiPLIqrn4BsdMYwMQxljY/hdQ9HqOUczAYJqh4PN7b3dvZ3T27uxPdRMCnReyxkNj8sGpEW0AkodOfKmorTitalvVaJvh5uDIajQaDcQq6hPUPS7OkZITEmpo78swnpdhy2S5qoRc1RtbGzbZmLkgElLwB0g+OcDRzKik6FWXfVqpHgnZJDV14LaulgAonGyhG9YmcEpc9lBucV312i4uQMdAUWrY3Lc27bWaNRdaKLGQPrQtolOPVi2qc7wQDcxwY86zl57mynZlaIkUib0CKrBoJ/loOgquirgjP6nxXX2DCRDmY0751dj2knepc0eQWN6qMLWHGqV0yA+jcPiCHWLaz5o98Q6t28L1AZJz3rpQJtSa6+/EPUTylxqPNsa1pJqXsyerItLGLbnXn03idCkAQ4w+qFI0K7KZZGSxn5WySQOZIMRCwjJNL0kC5AWks6SZXDNPmWDkR3jTohgB8AZK/hPjV3adP3nJy+86zu5M6ZXS8Va64aH1AY45TsUKXi8X27u65nZ3pbJ6uKpnRQSmV09og1+f+rxxCutny/XTOYVke39w4f25nPq9nNaWKOie9eyK8WEz92KhaEPWmgK7qGEZz+Z3OUU0vJIh2sWwChKEY1VdSo9Oc2J2+9Y6T1119xWhlbTgsJUZIqDHcH9kpxE7IEcgUljF01gEiiLbVol6eP7972x13fvDDt91y2933njzb+mIkdRJDYOylGnjXpDFJiMxyQa9OFu68Xty3tXXb3afW1tZWB9XaeNDU48m8ThDPfLkAfxCXkX5K4HQpToFoXEEwJXs0LXRcQVxcLuaLtCOsroz2XLz1rntWNj+wubYGKvNKC+XlKkHKYTW4kRmAXCSDJ9kg2aUFW05p5lCgk66akFrjhhVsx4taqG1z1EppndRFSWFZNRqF0UoxWnHlSDSjnVFm4Xpk/mJeLRYQyDajpoPWwayGTO2G3iihn8ocGosDHTmU4DPre7aUNBLUPUncACmIqf0AMivqfHmTNNYJxOYkzmwX86p9X2t/ZM0Y1Ll972fL2Xv1zIwims7td+QOhOw5Toq9s+T1se/4UZGp/Sc8eGEd8Nv7rO/Oe8jns4p7dP0rzACbi4eFlH0U99APmDH0eha3//NqfLMW+76xc9xsott/tbStZrO7qCPfNv3K/Rg0fuPUcDjWAvWe376tQTe4zkzlJ8QDuy7GjFhcaMonUv0sOOTxW5QAIsLFhJSVJ1HDbNmePLNVVSeS53HDtVevr28ErL7F6VPb587Rv06mb+PoURHfj0UNi+9jLhRweUFF2xa93ZR5V7EWTYlu35L1KI2nBMxOjmSKSTc31x/2kAe3UOq87c579qbztKzuPX0Gio51utTLjh9PV7gIoVmyxyJEKESnI6HSgJJni8liMU0gdSMCUVZvQS8+azxI3juNyrxuivSVyXy7krxijQPWTTMU2sAwDqrkn1aoTWT0ZV+35+zhUvq2l0bx/cSFpq5wt8EIBiZqJn1acFgMYeNZi+LMsXFOaThOfX2vZii3pTH3gQa07aq8aOva2LNEubG9TRszw7kWIoff9pXOKdHZrf8QKutNXu/2r7EMKvtMDnf75nVngBU0c/aZzp+JZncwxG3nR1l8afG4N/VIia+dAUltr4N4vH8u47/S18cmA9p+YHzqtEeNO2Bs877dOfo2TaPrzH50zjTnXM+7s6oYLp7925Ya0LZbhUp8sLd8b8mwohtukQu9/YtTliZRmRA2rwkDKN+ZRaa2U3CGK6s/co1QeyPCxnhzMvVKNAg3dXg9scukaq4eraY/bPprXXJRovG0rSvv2y571DS8o/I9L/3Op/72dzzis7/lK77+yY//hAcfG47WDIuuZ7O9rTve966/fsOvvvhX/+70aOTK0qQ/+hYHEQsKry+8kthmLSHXLw9nBk480fKWV3/fv3v5iz71i5/xJU/9zEc/8qbLU7A9ynNcBPrmJz/4zre/6Q9+79Wv+vu70LEaZZgtW485qvn3A8t90wnkU7nOFEF7sA25n7YQPDiMtu0Hf/XCL/+03/m0b/iGr/ucT3/EQ6/bXLXrwYDc+c9/9ef/+9df9Icf9AItEcORADv90HifUafDBgOwQnLlHeAcTIZBQgNufc3zn/l7P/Sgf//NX/3kx3/yI27qP4KUQ97d2r735vf+1Z/85m/9+tvvKVZXx2nbamtNDDesdjzsZLTl0hwhcqKT/GEw54Er2ydmgV1FYo708dN/+6Lv+KtfvOIRT3nqM77o8x794Gs3VrunM9ubLc5+8L1v+8s3vOwX/+TmhHSNE3oDVmwRa+ljj1LZKmFcTBaIxrRzo+rU3/3St7z55z7u0V/zZV/9eZ/+8AdelkbYjjjbPnvHbbf8w1tf+7rXvOO2EJ/7lRdcaigGUH4QzowDV/DYO3/627/hvd/yA9/2uQ/YGJaC1N/91pf99gt+4a2nquC7UJxZbamfYj1ZcgEC9U0JJ+e1Id6TVlvoRNfaw2Dayo5NpBpDG/hwO95w1J56SC1BalH314w8GfWGjPlCmyP7HNsi1e2CXXlUqEzbIDK0x8RuQlu4ZVtXTVEmv2ihmy/bYjQaYyNAMi1OtHELrSrIR/pAti87C15Uytl5S0t4l+OXdIslFEQIBUqEJoIe1C50ijKT8erpw4CFbwbZQCKLiwJpCK3pNdjU1QYBeHIkOHQIlF5GoGBi3z9W6DR6ko6DYQSqgA/sstUZHxxF3FgepndPjq3abHnKlDNGC0KQLIN0X8WcAExd6P2JzjzqnWPoUbbTFRUGxfLRCpsM995iWZYkmAfKJpBULtQ+sMEEaeeFtUqadyWBc8yAwhauZ5FHoLacF5m6QpF0AbgLtGQq2P1ShVyIylp1ICNS4NHAQ8WuRDKlWiCEFAVuMnqKeANPORKFoJWJbOAS2uwCUg4V5YbINOgYYyhIZk5fK9NtMUch4yDoifQMENWAFlwObnOC+VJOBNtpwtajMPNQbC6DU0ov8mI+CIupEFGyU49tIhbccxtP5DCwIEY9UhwPVxgpXuNF58ccDqDqZEqTO+JCUHEbOUjwGX1EnY8SRWzrjh1gb8Rkp5PZmQRKUE2GWNGpIcQ9CCLbPRSx5vHKcLSTcBcBm9qd2bKYp1BqiUXsl63QCZt2mY6a4r1h6YeVS+hcgqGqdN+QfpXeD0UJ3KkU/E5gKyiGQ95Muj3W9vSw+EW9w9cFrjjZ8qUwk7AK244dFu1OPDEBJkKiUsAJboLkbZbVgEKnmXXP5n6tV3VDZIOcOha+BbAIhRGv5CZJtyXT5ZHzjb7o3CGZcyFvc12oHlVJxJ51UMYPLwgDHewgLpt75H98DzEgZmzsMLocYJ/bpsk5pt5dAPc6sDtF2jYs5srBWqCQSFRxf69PPzuzlCpjnB2sCSFvifbRvGZ+R5XjvBbaxJhvJ+d+8iPI4ZOmPTgp22BRb4alDepyGtV1qIeOYFtDaFtMuLLjnFNlGc2GxphFWThfcp6UploPRcpvOpisvUFbDxbjajosJtKwiVLwNRQ2McmxayU/oxoUgyGkFSpNRNi5rgAAEABJREFU97GpQ1oFsHxpvp6Zz/75ttMfvvf87ryWREuyCR7SGdI9qg5IxAp8HfkoxVPd29s7c+787nQGQyqlTaJoQ2QAEkXEY3S7yQNEfrmLm6srRzfWE1Sx2J2gSYMKOsccDQetM0JvShyo5uMSi11KEbc29bIcNwL2IuQYOn0lwbrpnINBWbmB7EdVU0kL1XDr2elbP3TvcDR+0NXHCiei2mjF2WoVtWM/BFEeEdHkoJJNyRTszWb3nDp9ywdufse73nPyzPn0XNc21qpC+xskKB1SYZ67X/odGI2kjDfS0dG57fnsljvuuuqyS1YvPbY2Gi6Wi2Ob69NFk7Cb+WKWhjwNtUjHoi+JyKFKgxoPv0gnQUOBe81NlIrFrY1TFvm9t9xyfH1jY23lutXrxWNJ+4W07ZBrkt2J2yv1u5wmjCJ65+oeFCnmOm+54OQzla4BYzsRpEZeM3lRwuxkOzGnbaJjS2aAs54YqjcU87JjcYFX0M7DhZPxalz0qomBm42NwZuKeBdobczsn24YGuOyPj96Lcl1rQ5VVOql5T2ZHS6EGNSIJFswJ06vps3ulle0hS5qDqzVWtLG9oJ17yzHatiMRrTOHRrhOAvW7WfN3nWu5f54P/tyXezhL8Y/UKOWg25FxdoeSYsrMoemSgtTUDLmaBXeYMR3+5cSfQ8vdwZsXRBWRkX0FQTN/Eo6DVGXPMa+R3Dqovh+9sD3ju99xpZjN9IcImyQZkMtAHD7ruzij4STRofIHnDOu+gHOghVPD1f6DF1UIU5DIEzKA452GGg0I305aMHkNZPjRYZLToKSYMYFA6md1I27sSZs0GSedW1V12xsb6eDlnXy3Pnt/bOn4NSoUgCjtZWJVr0RbIZkq7OuIzT4QjqGWinCfEztU+6INCQVmSWRdofSSNu1Aimv8+XyZNxK2srn/DIh80bKZH70K13Jls4EaH/M1Kn0YbyoeWRtRRcDxazGTKdAj0vJYO2mE3ne9NFwqwns7lKwLOuUXdCsd4NOzYDz1nW6cKaFKROZrOUCE0JtQXs4Gg2XxnPl/PxYiQtCaWMIxlxiEoLf9o2FE/tOkOzeoht59lASFMpOSiCLKBTjA80CKLQHoNdw72o9DSu1KUIS0X2hQZOCKEgHebYcpsGL2pg4Vm5jkljKeaM/JoFV8Ko9fagJSZdIdMnNQHOwIH7aNDJ5/NMjLRwLj93LVDw+f/ZnVJWSldK3NI0+l6GSac7u7JwpXIuwYVDWR/XQtbc4IKh6qbLi17/Hw+stH0n+rfx+pi84cuuvK4fk7uOTpjvJuT8n3N5E4lOQ33PYIZN5bxz+W2fYSIu4B5lv+Pee/u8bnc21/PaNh/dK8JSeJddzRjy71lkiYUF9dLATS9tEKVjUBRz2GB7MbAmVs/Vi3ztjuG3p2RwndNX4qOiIbSgLtJWoy34VyfuW9DY2wISKpYKROLzToZKfDJf4X3kBuwOWiKepeLyFQaUgXwRVGpABE23GrOtinEkpBSF/PvmngeexWFZojAFmgtOny+EX73F4k1U3LkF6QXXKSK3yTw3RshMv4E2n+3HWtsRRLkCArISLdTNYATvUyozW/YSFC8MgvoFVZhxpdiTZPoUJGmbpGnd6gyUfmXLhWwmaOqyWCxYDpnOXUDWWbq8OJEsEJsNuD9dxkh8XxF7lWxmCoFAMJEyedlMRHcvDcVssbRIzYF+KGyaEh3cdVqhRHhltAIJ1HohlT0NmrgbqGP+E5qJFcIcK0JC58V9qslocUSxG+klLlMIz0e+WBVVCWQwMMZHaM7y4DR3G3vA1BgAF9iPR2lXrASiRb1/UVDpSfQuaNbZsAASjQCwJAwsrPkcOJuAaAJigxovCXUoEwwMJu2YZUWCoWxG6esScQhVyMmpsT5TUnhlvJL25dGwTEhzutrLrrjy2KVXxGJ439ZOmgbD0YqAaGm8Z9MEV093zi8m22kKzecyCC1wAzzOQPhsOBysrQxXVxOGM3blcGtan9tbbs+SU9DQu0JLosa4nwBSCqWqydTShWDoEYk8DdIfTrDs5IEt2nZnb3c2kYNGZDUwIMkmyIwDcVCeY3r2aTDXV1eOHNlYGa8Oh6Oq0igP0VRwGX9GdmSxqLcnu1tCe5zs7U1FsmyxrKE/xosJks8I6Uknd2Y8TCM2qAbDQZn+B454oWK5jHdCp+pA4xEoYaFuD9A1r8RZRxS00F5YWWvXOw3U0OOp0MrhoiyDKYcQgOYNONK6gyK5/LTHPNHsW/be4A7RgPEL9K/NQaLrrm+1uoOoF9/gRe+hgc2E3WyW8xnvTpPprZK9qWrqNNxqJQAETCtT3ikoSFQweMpkR6lfjupfeZ0JrHFVvMbrnKaKntPRMC8q6I6jUUBVGN8ZkvGFJFL0fh1NFURYNeGAfnw1UJhomb829mB2ZVEKU0v1T/iwGJfLE5WcUFEBg6Zj67OfFeDWqXI9qe3qfxk0Kzetexmw1bZ2HTKlqRH1+ZzNJcL9tgWHHDVbTiLolHDax0yoaa2+TUMBY6uPNTrzFLR2O6gZFwSvFFXPFGrIvEpjNZ/s7py7b7ZzJv2UzHMpK056yCC9A9BDskGQphL4yaeFMxynhN/GYO1YOT7qh6tNUTFip6OqGzyhylZzl7GL/VWI2Js2tOBJRNmy9+qz4+EtpvM5zMg0WNcrBiMPHCeGxHhCy5aLBI2d396+7/zWqXPnTpw9f2Z7spPip0Wam45VBMOyXSmLUeXGgyJZg5Vh+jmUXsS5040PCikcGQ3ldpOBXVtZGY9WwIBOUeEwZfXSrK2R0aQkADt3wY1IAPRyd297d+vcZGcrRWNts0DCzBiGETXtYCk7SHknRDCZ8KNHj61tHhuubobhqk+QkwJeFBxhn8vgtU2Omlh1TzKoTOvjWWJlcAC3e3o66czB/L0Qu5ntzNWki0gHLmrCPh/VaXikq8blltQ5tDdIIAfu0Xf8SEqDEG73ra0A17JfUxQm1RKhMENTArWKdgXthMaUBlJpChnRy+ywD3VUec+mpqVzjzJPYC6jL5SEsVqyrEcKWRTJZVTTKbTFt3n8JvOfKQ9C80a4RRy3nhSAz9tILjDU+kF736whoU9aSRYfeuZoaL6aDMBE2un0hoT88+nu1taZ02dPnzp39txyuUx3WYkOzWBtdbS6vrq6sbl65Lh0zhyvFMORNHNQmRAk0pIjJLURfmd3+nfv/MD/+acPnTg/T4ZmVHlsaJUYCum2p4k7R/kTHwQ03t3bm0x3Jntpm0WM7q45uv6ga6+45vJL0h4niQSSUiUT7dFIkhh7QzqaOEvV8OTZrTtOnrr3zLn5smUFNTNz6Ftg46OBPNLgbZuHOv1lPhPIQ3wnEsyd2QMfrImxQKDVsJAOV9VIbE9Zg04blsv20vXBZz70xic84gEPuGx1UrfN6tF29fiyGjfLRoT2pfniQmywKDMNimqQ0Pp77zn94Vtv/+CHb73jzjsnS6GsYPWL/k7Qxo6CKjRsd5Cc5DpZg/TPbDZboDGjNoZPV/Lwm65/+E03XnnJsfl0lpJkJ85s3XPqzIlzp/dmyXGjR9gE1MbA6xRSIP1jz8yA0vHlz3g0vOTY0WPHjoxXqq3t7as2j3zCgx/0qEd/4vGrrqrme+V8u2onCWT3KE1HXqapkOmBuLU0OqX6uKQ1BJml/GxyjlbDcK2okgtfSSgx31vsnp6evWvv1J2LnXNNGsFWukekC5MaEjhB4n+PxoPxxmC8WQxXpMVYoUqsyoPEIlE9HqURYi0qC4DdIGhzSmqbm2sAHwG7OXc9wo8wjxnrbRVTa5VFwIIAmXRmCtBiVgTEw8rG8PKbqqNXqni0aengg1on1YNPouuFkpke1MM1s9XNzyVv+/YJC6Vdt33Zvuf3I7q98x4GYOTPxHyQ2OX3vGbCbBfIR84ANO2N6yAkeTHv6xQkohFWBKkDHmL3Yx9O6l9l27Z+PxKtl6M4NGFlyktGtbC+tdnRo0lqHijmmDx7W3pdphqHmw8d0u0UojaSqtlO7/ujt/8v3eNkH+YM2/kMduQnKyCd0ABYKldQrzhw+2i3Tp3YO3/ffHdnPlvsbu+cOnP69rtP3HLXvafO7SZTiWPK2oX+nWIj0iZUcAjJgadQblQWmyvjK48f/bjrr738kmPJ79vZ2T579uz57Z2U/E4O2BXXXn/5lVeuJGw6hPlsFlkgDApyEUz4zeUNUW/S6v5kyRTahR2ty63GWuQu2WeiSD8X4/Ho7Nbuu979/r/5+3+4995TA3FLxDk8dvToJz/ipgdcd9X6eLB37txsspdA6dl8sbM3nc1TYLfYw5+0NaQbniza+QLxvqSpkFOiVFTTcmUn85nir6G4YaLIn6LZlcH/S95/dlmSZNehoJm5XxkiRenq6kajIQkCIInhGz7y58zfmh8yn2at+TqPeAQhyEe07qoukZU61FXuZmNn733MPTKzG+CsN2tNoaOzsyIj7r2uzI7YZ599VmfL1bamfOv6Z7laWeR1Vs/GMWhQdlgejgqrtB30Xzj1rnPfmkNpDEVgC53aWE2MMSorsF1iAHStFW768fE2LBNpJPU4p/HEu2vdbaOJqQwebNOq5CZCkgFPcDA49cXymKOz+KW9UcLUf+rBbc4ePuF1gXGNQ9QC65iRlAmim/ZFVBap3LwBByX7LkZkSPw5BmWgmS5lAsq4JuwsXfIoeJnK0hnC/UH0ODHxkMLXn6BnsC+Ol+eZ/jgvoUbC9cL/b//3/2f4rn39xV/8Rfj/6uu7KcHR6ibuW8i1EWllikNlZXKbRjVzW2ES08MPIvsRNTd6Fvoq/2jHZmYSPE7Guk1aTH44gRxKDzVhqZC8GbV5MJw6KuLgngreesXFrzjeEQdGJvgdeuYFY7mP5m7LcV5r8X6WQO6YExcTZo6wkkSn4h3aQZ3t/CGAnujmq0yd8ymw9bUIcyJrJkY1BsdIFU70u3aB2nxKC2FGEBJnBmXV+NIlp5lUt3PTPI4Jqjvpo0JgwyZzsMIk3YIohOBG0+s0R2s0Yo2RX5B+87HlIv39GNQR7hL+Zinw+OJiCWYi1lVZmEGBcWQbW4FIQIpCnkTbMuG9bIN67cqNLNzzYsx1dUE4IvDcAtr4KIwVi2TEfIIuSBKB9pPsOlOeCPANaIEH0up1F1jLLCvroWSBzF5quoEGpYo7V4T7dUTMCxl2CiEwtbZmNxE3P0MMq35+hSGDW18zkXAiTCF6m8rV+ZJGpMziQ3VKKO5mgst8gddJIeDbG5m9j51WjnmGhTDuQgfEWiZTMyXUIAIw5WQmjf5LouNpxOSx+s12vcbp5fqYlotuu+hW9c9yVQP/jz/9/qP3Pqxw8QFp88hhY9mAFSprETAx2JV8WFtZHaYvcVNlDtipR65gwJBd0zJNdc0YlIoX4RH0jhFMmtZXYZlTg944NdSuBSla0M5syFyMs9Radsam0duYQNNUTJyU1FP3luFI7tsAABAASURBVMCg71N0bVY8p9MbqYmhNEXtVDpNJ1axC15KtkbMxwFoh4roA4qSeYaiAgnTiA1b4MRDh5877uKOLate62sj8rxNSeEslowEiHUx3gYqmHaWpDDEwfk1zQL8rsOAJvyTEa1DShO8ETnYqM2VZOglsTiPOQJLEBESH6UxnWj7eRMkNqBrkIA7ryo4FRqnHQcdKyqXw9JKvOfOZK/FCLarYTpjT6FummIn7dr6sGKS28nIqJkGuTUqIEs0GL/m5yD9cggBc1RR4ElRpxQTZSmgYtGyL/y048jHZBO7VL3jU3HfqgVPDrY7Swf+NL2AoJrtqgTdUbVcePlC6yb4c2KyTaWPUiavHAD0O9+8PQklSGlCtAMKXL3ivRJUG+EanuBaog4AZKgEXQHouirWi9XmeFeLgnsDzkgzb/JZDDTUi2ALbIQNr/F1jUTBeU1KzIqDAdJGwEGpC8pglAId/FKPTdBSZsjNckUkCsHkcdY5VEqLElonpJOocI5io0XW/kacpaIUsdntz8nGysEmpHDK4fowHMc0lETZ3CGbjMGiVsK6ijzFFa64WCfQqU+nGA5G6yuxlj37YvqEozSjYbzrjjFtE7ptLCcCrYjwIyeYh8ZAjG0x6SbjrlidGdAq4CA9c47lw2VyEE5ysMHAlthydXVgCEiN2nMRPQ00WQZiJmWn1NDWgvWlq2cVWkcCfuTpjFKeGJvetIu/heYXSHzmtinqVdPHThapaAcIRg16lhVq69EX0BVpMbmaBqxqVLNHgK3XjpOJEec2xMa4VsaV5GUYyogWzh3LIFINEx5ndY5iMGTlhCnVS0gFkv10yZ3Zmgyz28CkLjoQE4U5aI+XxrbwENzvfBjdA7kjTMSJ6gpdcCv6gwEoWQOtaAOklrtdv76Ji5sy1OQYDr/L/XFcHq0Yh56LaiJrgWVVjRvWhkM4BqBY7fbJq7u/+9mXT692d8O4sBDOBnl1psfDYBx7FsyxeuhaYqkFnpdXV4dDxQsjJzdsFmkpqgHDIQ/AUcBiEJiD4wCI9Csssd0sHlxubva3p9d3Ocd2C4vfSljaJBUp/T7L83RWRhwz1JVLmUUOUdEgbmNCYGYEve5UQ9N6TYiGa2mze3F7/G9fPHl0vv740R/XwtrQr46BbTCZ0KU5IJvJ3de7+uLq5TdPX/7kp7/44suvnr96Xe1CBaV7f1IyXfBLFAk8mT7GcVe/KhhzPKCaiFgaxrUanM+fPN2eWVnrca0TlPR4u96fr2+P61z2O99FxiBSBcLq7ouKCa8Wa5urWOO9RUfItOSz7eb9x48vLy6qCXvw4HxbsfPD3cvnzx588H433A27F3n/sq9PxqoCZgJTBVTsrR12u3Xf4zDWiJCN7Y4+pH41bB8uLitsfVnC1hRgzaB1FLA3gJ7xPbZ0DuifspJiDofjKdwYwHa8KV2nIai2ElRbKpNhyI5Gs1cmMV5XCcr7Vj0ICk42RKLCR26nNNKMts1VHBBCPO11i6hscjB5mmT+rsZpwx2DIixwd/TCGokNlbbRJ7zYAwccKDisrC0VQpgjy8E3u9uH4C2C/oPSPnz++tlbmqXxL/rNOR9NOG4LdB1Wbb9irDGLKVsc0gzyDLW6f9rIuuGRQ8Nfgx7N/KvhYe3Tpp/oBP1X7YcM+WLR2M8SptPhSinpXiRcZqjFVJ8ufPzsnmgBxBvo8/17qSAnTLjzvUuZWfR2MpworA+gsZne2R6n7QLkOOC6Wd6bKwC7H20ExZAZdYOYEBwZEfZJALSuz3BK8e44Pn9903/5Td2WH7z38OLhA8a9r65rNev6yTdf28DMHFaX59XsYuiE/b7LscE2uDnJ16UXf5V2RAUgjE9GxtvW8QoLkQg21ODocnv2x3/wowq8/pf//W9fX9/sjzX4C89eXf/k8y/qq37w4XubajGGweqg+1Ot8N/tTneHYy0LVr+Dpqu0NPKC8YyhSG+fPYBNZp06g/1BGGBqH3sAD/WeHU95vx92y+HsOK6Px1VF5DeLEQxrYwstq/HryTqyyaxJwv2BYLouNrbxzzGEGdhLAHoaxxpcTI+N1vWlyxoE1oj4bK1avQbgFh0jImnkZAiJWnMtyQQxmZdmnaz4jBAQmmOSmVPm0OJofEAX5sJrs92kynQM0woWqXS+Xrmw2+5j2YkhTzObQXOp729bfmD23JwlfLpsj1R5CUx1ffmrV6SABzPfax7VRwcE7pmI34Wv7yoAPXdhembCyGQ0PdD1byY3ondF/yvqQ/SxrMJry7SyrtxieBPHjpO/CTPnI/SZ7yvUxugY2bJVVCUbbYXgHpvbYso7lf0kHp+5KgX8NXaGHyPTP5Vu5i7CPVA7Q6VhkouNHlmU6fKivHdpCHWMk9NmbiOdu9i8OD7Emzbtb1S2xEOY+SRE3YoaFUIxyrG3KFqCWVTS3vANenf1/ySv8SP1UirVkmpSaUnsbfcWBsPe1ol0AGyUHEZ2Q3OSDa/HZwdFADKD0ydpazWMVtYb8v6RSkmT/w+u9cmTBOjPZ8soMCgvRE2Wo2KsGEiSMU7FvBQsY/Uc1b9YHRhTTE7h5BpZbsFwPOgtj9Zz2C/sJ5B/oKwHryWHrOZhSI6SGmPJF6UTuu50OkGOQqw5tIYbNzn7oNzIojRuPcaR4QGDHHk4HQuAhno+NleijNHBkBbmjJ5N5jJr4MUHZF/MNMIDVk+nMHxSOvVFK9ypngE0nO2FmSKS0T0O2Z+WKIZFSrVOfL69WG/P6vUNEOpiwaMYWiTAkksZ5BDm8aRbleIbm8uZNzxbjQHV44YUaZm20MXtg9spT9ipnq5Ly+oeIn9PbHpfR7mENA+XJzzL+ohNNNlCjpWVvhcayjdtuHpbAFyyOub5K09ewaf/8e3Z6t1RuGaYItqoClRkkYRlrfZrPJGc2FuqnbsAq53LCcm5y/KihtRs6ZSL3I9qWS6at/Zp+XAZYDYd43y3J22Rau+GrE599cO4RVWiRH2koI/CJxB9jqRdZEmgFKPJ++2zlycF12ZJih+skLuv/vcOtpgzAQkx6MYuYhBExPhG6Rqa3Fj6ScjAk1XUIf6BgJImyfZ7x35hrB4IbPgntGqhtVwomlFQ6OC1HqwnNJLZZb8wgREcjztbcR+nJ3U+GbLrNKmveFmIneBkLwiCimVKRRtAF5kOIWTlvoDdHh2ML4LwC6xb20jRLR1NGJ8RwVx3nX7ptAl02Xy5iM+lTO+fyJUe/Mnds90HQxbtYhdj3VWrQ7/KqTd6nQfGwm+mzVS0vgp7Dwf8ycExarrLEpvP8WRHi8grVbpNSjlx/yHL3fpyYzP1IbBDnA+IIUGU8sYbAWzLNEEJHWwe293drXVB7NAEegIjP3tuyxqr2QcrZY6hG+qyMM9UD7tIYUim8Vyt9WmMJ+tgsfbWGlQfh7yu2NyqJif2B/ocwCsxPsgXHistsZ0qdyYiLh8OOUs1lEpoc5h/zXSj8B90wD48viC1VfTfzJqT3si7d3QgcXUhDIP4Gqs+5D0F3gZb02MLDd1VtB3VrDp71N2QxRZmzTa298Yx9MHaT4SpGV3QMqnRvmivFqLP2PRcH8itOnITSEZuqIXClzD5GjfLkR9c7tnWictA1xapxxY8ohGQUpJ2SvKNnGJrbyXqwp8AMsDKab3ZsbSPCQ5iy1AmBZwJDVoyglEqNAiC/CQ890Nk0Fo2VFosHkSnLJFw3xnwGTj3zmKIunUX67PFetsv1od9TehPwBRMGeF0smazTCk9VJ6oN0RyoDlOVLVevrj58eff/PSrZzcH6/WrtanjgO4XWzCR+n96rDVQHMfbu7urm5ub3S4P1jSxXNTYI24WS4vcxlLBh+V66bFwKHGyk41+xZto0Pmie3hxXgGLil/cYRihLE2gPLq6krxZTScu58KpCZ2JR6VM1oIbRt4lbpHENqzhOCTn0ttTrhF0hWG/fnH1tz//8tPHD//VH/xoe2ZiycYJN0gG0YVxg+Pt9e3Tl6+/+Obpl199+9XXT65v7+rJrdYblOOsS8StYOT1WpPmkM0O7XYmilfRFJSGZ0mGLZvX17dffP1ks1pu179X/7482+4OFYm/4wyznI8mG9WV5bpGGfbG+vMKOq9tzGMFovv1yuIhllsXi367qqdrxUGTYLZg9fT1V99UuPqjs3F7fB6vvx3qLe0WBKwraGSxrAFEZiASR1da90g0ABpEkW6xWpxO6AoxGY+SFqXMUkR5nMDlzRCFftGsMDpSow+VLxTd8bzPo92i8WBBtW2A92XKsPThPCabX6ktxj4GeSi2JNL35BY7YcKyvFlRhI4mDGsj7EcTrOqWy3w6WKTK+q+nqh70MbInPHgPfJyFr/ccUfA1H6ZsPITwtr8Ks9++8+uNvu03cvsy3cUwi/re/hTHtRUvx+msWr5R3oxJ/fyYI7dTKe1M3n3ukXqv/j1v0H08WnezZbVBvjv6Mdt5Njfn7/XjT9Hy7FOjProhIvS77mPjtDfbA5Nzop0XbeL+nZB3ju7C8PtZV2QJYtTNztFtDkMjN/cobmM239juEKABXSevV8V6K4xUnDqVw5ivdsfh26cDim+ffPLB+cWldcCG9Kra3tevnpnoY3kYcjUcqe+ZYNuSbym50olIvx7b3XOEJIQp4rSfZkj08RpH62g57A7V1rz/+OFf/Os/q5HSj3/2iy+//rYi4HeH/S9+bQTf4+7w/fce3e6ONzd3t9V4nU413qrlpwHcrBpoLmHOF4hxO0vo7DgDBoyPXRmqAcYocdwY5PZDqZW602E4xAo219Bt2ByrDeuPwyrXfx2qSVrUhJCCQlDCCBxXpcao5IMZsC5oRiIrrg59Gks3qjfQHOEon56ZStVT6OPqbBXKhtlZC9E80je4oZACEtV43bJ8Xxe5TAecklutSgXZDgZ4FhIVtsgCOYyhM1CMTBHxMA/qPVovYb4xWtfIbEn7O+O0laLX8krbklCOCcEp2yk6zjOFhTEoptSO1QcnemeXC+ZT0DosU23sd+vrOzuEcJYMRo+zKTEV2c/UrIjgQKcsv+WKii+4krxKLExBB2tveeOtUatUJaXox/YsUbIbOteWrqv0RNqu+hSa0wYQEuX3YDHYMVeCEt3skDFHbzMsEBAj2ehEmFWXK6LlyMqTVC4C+aol+tTTJBcXCEcoNtXNRlDmAOzMRwoJcPSH+zNDi8Fy1sFUPgpBLM/gJlbTaCwBjrNWvFA9SzWyPaPmOJmuySi0hEnAk4Tzo3r9QT0FHdZQrxCroWcrScsDUbMqi26V9WiMN6H5TmB/c95dfXmNnbugXlYrUtbU4mQ9eqlPjklGgCAceWIJwaJmO33nAYZJL4zsn7VS5CJSJRa04h7d4iJPcT5TsaS9pkXWrGfaqWbzj3nIkDuINv8FZEoAetDq5J0sg2TCCF9GyJLabajIAFiK2S6EeTVsX30go6bVFGkoYsGCaNmdjkfzhhQ3sOnhHdVRPtsBAAAQAElEQVQz2L4dgFlzCUAvowfJLUp8AwFuV+u5FRQbpl4qMEAyVboLBtZwXjkG2RgBOXr7dWDdFrTpoSIctlE6E+AryoxHjDonS7k+h048+dZ3HQjdow7BOXX0knVnGwP67Px8vVxVkL0mPjk0CNYIQMeh/rjWpQf2ME4ymmCc0RcCR+wJrCipAHpGUrbH53Yqo0r4tv3EJXVHKN8v+1KUWacmzmlfiSpcESponmpnTfHStuigbIFO2loA3ywXS8CCcNlNtg+CrXVFjUDEouQR4igcmQhzlrXiNDpgLam1XUGGdrSgCDwu2lz7HrYAuKQjv0LPFh0139ipplY2wbBcEGSCazujX9sjckBRHOnstThA1UzJcpgnX9T8FY7vX2HmwolWFGgaeaoeqHDWjSQUo4gyUjDazLL9GH2Ppt6IXM4eSw6j7euSOHDS8t0oAMfUqotTCZppwlqw3REpwcEbIHcErkMvi9PF9i4wB9QaXV95Gq3bV6dPBKxoG9Z4mts5xKZyYTeOmDFuQUIpQ3h64sTaApJ1zDzYBEhrhEByKDd2AqA7Gl/7rluwclBKU18JcQad0K9IBxFJxYwk7qFbkK+KjjACXaXUtNkcdWPY2Y4S1qBDaf5VyAsCZHNzo7a8Y/vyNFFUC6vnBTo35hjWaVLCFPrG0MJmV4bR/ELLBjiwr/5VH78lPfiMhMURGsPEI4HCoBs21cbVVFAWRF0g7ex94QLNytgLEwJwxJKiELFNCk1iEIyAteK9UO5Gi/J+QF9dac2W5o5N06+VbszSDzA0w2B0wwqP3da/TI3n5fXt6xsT39hTjYdROTX1sjmpHnt+RHP7CRWKeltGWJJjTQIrijTk41huumG9Om43x83mtFkPq+WwXFXwfm2FE/S0eDMT0BYK1je1lxw9N3DrULyA4D/FPukaJOvIguG0g7WwyERC2kTtI3jdqFyA+a5DtJDJiYxMrCJqNy6zlyinUbmCxix7qoo5gERV2SCVPBqMqcxKCUph9WI3+zMkHJswCG0PEpQObIYPjc/AU2XrPBu9ygyOQhCYfOkxRJImENeQB23CGGJo2AUiNHkefAD7S1ILRmJsG1sLG9FVVxS3FoEaIkx3+Kzs7R4hlHAPGGkEcb9TqUEcwWVTIPTN6iQ+oPNPaQkqO6Dw5LBTJMXh27qo8ie74lTf+orexNnq9jWpmM1qtd3vjhhlUFjpHTGqEPcdEr1UwYdNh60ttBe//vbF3/74Z8+ubsZ0RpXnw3AyOz4WiMYv7XGgwaduvYozvLy6qoADtkmNeMLFZvXocrNZrI/7sQIQd4fD5YNz2aI4JvXZ0z5YRxarmPXq6r6rW/ByfT4+iDd3x6HcHE9K3dWhr/mp9fsxernA8TdG2ebsstWA0mDaYMAcYyYFgrcW5FYjF9awoIIYq2VPJZ+M+cwVJv7pl8//H+G/L7YP/+T84eZ8cawwbLIwL+RFLUG9vLn+xa9+9fNfffHVN9/e7Y/1qWxWm7SomMie1hHBYUGBJ9AmH48nq37trCHdgq4xu3921ossf3n+4uWvUnx4tv39739/fX52MZzeq+B/SLXcVd9arexq2X3w3uWljTkpV69NbjVCVe8Ekm/11BWMqYX5/d2hwkLIf7rTEN57/GB3tnn+8ubrr778t3/0wffPxs3h2lqOQIGuQWoN9Ici+jIYHTEABbKwO58C2qv75cpCwXUfluvcbWBuT6jQ2ROsgQUGl+khSE3UCvQWXVg/ic22xcRGTkRgN2SQ1wvBiYME46itxEiHvejJqZxKRAwkFqlQ9Tr/lKxQjwZnyHlWK1XyyBbeelIYUmGWx35nsOAoyCemKfmdSpzRs8QiuNJBSn+MHmG4JW35c/QEb464tH80LLj8FkBGR3oTGg2CB2L7/v4b5l/lrV/F2c+bPZmfYXnjFIC/+sF+y9m+fey5oYwzovW9r9hCW0976Y683zo6z/SNS3J7L/p4Q+/8rkwvnP2d/Sm+caJySbGZ5NkvlXfNrp2HvHcNchchTvgvsYoCiY0askCAwislwVrWlH7Bqnl1BsCFsYfwzTjeWVmuVhWtX+EHn3508fBR7Bc1ann+/OWr50/zWOt9p8fdp+vtpcnMG9MqoR42Ko/CKI4iV86Ty6SJm1HV1IlID8SONcYXxSjLUIQ+hsV689777/+H//S/bi8fnPLffPvi2a2hzau7u+PV1d3t732vnIab66v9bgcKjtX62Bpm2vexW9q9GRGAq4+2jOabzP90/am3Z3ICRG/nUDAh0eZiF1P4GWq+XsuqfbXb8bQKq2FcHJmY05aO3uVImAmzyMAwQdpnk7lxn63Nh48EMan16ZCF4Q+yBIrB2TiWs/XifGF8HI4hpQGSgI9iWI9UpRzo6G8knsU+U/FVMjgi3hvqUrQK9cciMqje7TVvcUnKrCwz/ZPvKVMkU0SXKlMo0nYf/uV6jyXe61mjeJFCu+LSN0Vd3YrTkvTuxOjxEC62or3vAXIKHHtuGya+YVJiKDn8Ln19RxnQ/JqqKF5l0LrwCvLcLLYlF0u8h0Lff/7Tj2JQoH3PKxFowM/YncBQqbkHAURSfgxMMjRjSKwOCVRqACg+tqKKRS46qj8V729pSin3rqeEFqVHqBBEp3lFxSzKfOIMmkGYV4JrJCCTd93MeZEnNv9LVEhWLJBfyfNu6S6yJ7PHRdERAQLMJ2e0nENDSYJ/cNJgsdxaEtyPC1qKkdO11bdePGwquhEjZVWg4QFpDkxI7JDqmzEYiRM05kwu0qPr2QjCV8aWOTJ9MYHmMDqUZJPEqR6Fc7cjISmvMXBGqGsLrUvL1So7y0BtFPbEbBB1/efAzNY+KLGKW0PwzjuCa7pjI0rc/NE9gzscTcxJ8v7ITGjp1MMhwl8NmgHYQl9LUt0d4UoaYJ5MSW0Jg2pGZifxUNZH4IoJ9kkkgWuUIte1kjDyAgmpuy5tBuaFEZfHo90UzFLQTTfuT/WxNZQ/npjlGjnwdHIh70B6IrFUrpl6XqYghbJB/XVfkbZuwVlVNPF28ZjHvjTZUKrS2Q+DRlNF6oxZOykZoGWs+YdmS0Qb0ljTy/3dfnc6JAx0GIvUrzIh2kI0gMkZT8p+NLatzx0Gx3kchsPpBKURFlRMAAUqe4nroaM+b5AXHDnnjT6OoysDESqkwCgPG1hDHAw01HHICvr0rslWSbfLIbDUSSXD7YMMiz2mlDrnh7rJw34Uu1c1oYQHkZS6FxofthdHG+yWhFizwJOIQ6HMUroGKIPKLXkHPmgzBDbPIzYtH51wcnHnIPNs3w+BjMmSSpxymSBIkdMTS5iuUWY66Fe5UH5ESRWyc+VYHmTgJqfksAwJ7EHgfip81A1Okq1tREXt09b/0Antx5s6mQC+ucaBUcp3HcSik1yKGOLqLtN7dcqRwkGEwGtkaC8bi1AfTEwrMbu3My6n0kMWTEg6YViYohAmFGsKWds2rGqI2QkIQI4SMeeIJh0sO9OetyqC3JB1ciOi9SfFRyCAOaDu23AMvqp1ERUzZaTV6UZ5GAcEbEzu4/iMhIFlBMRRcZ4Eyp07L4Ou7MrdPh+452QhNPax8f/UGoFnmTzhKF5D1P9iaLios3QX1WJsDGgwzVbpMpshBNU2UZ+IgB/dFfqvTbvvdBxPh241pLSWL0WDPquJYWq91ya0nRcnz6hFb2+xFgb65ugeRtba1uk4BdEsR2inUNwAS4Fbg42u+8P19fVV/f/t7dXtzcurm9fXtzcViq4okEn5s9lHmkj10KveSi0LmjAsyRFWIbHiYvC/OYOj1dpO/e1us+rOtpuL89PFdjwbMXR9EWqCZTB2zzFlHdZB4bQGZjoKIRSiB6LbzD0JBCNhioqmUOrLVphjrpacq6XgRSAzGs+Z8Ua2fvjdURyGg7XBg8T6Cy7KV5ayNsH/0yfbrWz/jLFxb3h02U9gfLKxRIGVCtnx26xA5rxRJYfIGpujPST5YAcjlkI+WQi41opioH4bbp28e8ZOTA46RE9kyn0tagVQStZCmMofyt0iGN+aEFpwa9QN5PEtd1bo3CCIhOFRKX82GVBXcOcBPEZXchvFdVNeSas4UnsgRsdXdFHttmC18rEjnikWXSRPfZMqovak6/obTAyiYtDb7fpwpJtcmoJ5v9lulptNt1x1ULECI9Wqy6RzWxG/xJub/effvvzZl8+vj4Y0LpV1RCalgBJQxEgLYzcfD69evdoZ0doiQ9P77dLH7z36w9//7Hy1/dnPP7/d7+4OR4W/XFkJ0/cQ5Zhb7Ra4S7Y27V5VSCGmy83q/QcXFcM4nowfkCxZwEBOWAKsl57zWcZWu6F/oLfGB4We1RouIvZT40ID40YrUA1BTHLQVIBodt1VDn/3q28f/s1/T+vtH23Pa4V5vdpWZ/Ti5dXPPv/lj3/+i6+/eXp1bYB7Rfmh+VBMBrQA1TeMQRJ59fwOh+Ptza6i82i9OI3Z1UJQcG/TFxiPV/tQb+Pz19f/+LNfnZ+fP7g4325XD06b28PpaXltVLw+XFxul4u0MJr58rA7ffPs6roC01aiVURZHdoSnWErm5LRL8Lxbr9//vpl/Xbd9cs4vnjx9Z9978Gffnj+0XYThzvDt0I8Wf/GyuRYTQR8aCEgGvE5EiafyjHtbg93t2l9t1wesFLZ+1ImOwIjDzQ/K8QplDdDaT+HU3BNJYUECGbg/BCcMavEnlT5ycOVADKJhiZbIFDckNoCHY7ibCgViDR/0HpS9JFYwIRVxe7OFDQB9YSV/vrZxxQ1axUqhc2kFCgeOcgd3ezN0sd3fRWHbuaW9R0gc5mQmRJCfOdn3U/KS8O73/WqNz77N5zbG+/UBd2HiR26atl6Yq9slHWfzubtE74X/775Ty+blrd/q0DLv4Qb8OcllrfOsB2f6bJ/ZCsRyLWF0PRw6ZzCHAhvD8aNuosb/M99FQcyGvNMQRvWf2YVxPILI28l6Vth6cXkFf0IOchEKUt0JCABG9C4cRr3w5OnB9NbHz/9+IOz863FX/v97e3u+vWrwYpF5b0Py/nZebUS9SOsTZdSbEYqNoFHwSCYjjdkF0Oz0U12ojnrRuSEDSJsxc4md6aSlHe7dBq2Z+d/+W/+vKasN4fbv/7rvy42MXW83e2fPn+1Xi5LLViWvFkttpvFiiSmVFOqmjBb6Ifqbq1csanN4vwRpL4RgbClAeLspCPBVetrtQbNarAP2LaL1J1StJaQDBrZ6URjYyr5s0fG7IXK3Ljxo3uh4ECXpsp3ajLkk2PY5X54WB/OV5xcONt9k8pzFPJD1AQlsOwIFCuQxj30sKmIN5M8kXLA2RWb/J+wVdwKOhNH/qJWd1v1ONcoJFgxvsXmLkvNzG3CxbR3wmwX8TP1+fxBQ9J9y5QgCelZVp5zcu5z8TRp/tFFncR5tjscnePL/qe32Hf76zsNQLvF90c3+7kWZQNiyuSxWCCZMGj/ub+z/aZM9GalnwwPOgAAEABJREFUMvOET6+OEyhcxNrzpIYLzMrkDRPnyxxKyVMCHB2uDWQLx+BbyF2TOgHafhQbsDknZWK2u50ZbF+JcjmEuTvKgOhLuXpwXIeXUhBwKNud5AKiTbcbQ8vrfZfyHc03xyZZwMTcQ4koorQIs7ipCeO4ZbqKQAZqxrJ/fOR5FBWddPOLfGkMygyZzkWhATwTlPOR0XEIYQJ3TYBFDcJrQbTDNG4r8vuuByhPhABOBvw8X2BGmukwjqugfugGFD6zm2AoSTiIE2SjAmsq0Tk1cYxBl4Qrsh+jRXzEiMJFR9lotNxkk96122+djCy04xGUwGFjuL0G1WTAEe3uYW1koRwAsFMuinOZc6sQwgh5lDWtIfVJ8F6W4w9BpQrUCUA75AqmtO/pcCT0yIwU086a6sgE60yKEmQLxw5ezuLsYTDJ7AXTBSFZAPw7NuTaJZ8qwlF9LuY6AqAwxirEIIm5i3BaiFMLOidKaD21dS1ZS1LNOJerxXJTk4mh8QdEdPO13qwJkrni5oMIbXHjYZGIC/oVLQHPSQlj+JD50pqvi6NBOAZnDwWSSXH/MnB9sorBWlaw5rzXICUOr3TF2ABN+yDOfEgpTaFqwc63QTrZxUHnjm1SngoSsmgGkDiKPaIFFKA5OGeBWxmElyBCA1MSjb2laenkWR5gEjzUYgdXW3lJKcGFsOcRAL8fwRs10jkBUFgPQnIDOLzNrmUygfBvR6XL9IJWrWr9yL7puLh5+VbYNyISuzSQWvr0Qt2LON06SqUImsrGfTacdpah6P6TlxZ7dakYqNBDX0MyQSHNWIBx5kgYbBX/tnBwd2Gvvbo0UpMJ45kIzdG68mn0SY9AIVhnkt/k/NGusSOCAA5FfiQXiz50AoVCybDNGmE/+A2ZrSSgGarATe5IcLIvq+jvTR6YqXuuqScVdc9NTkRLMTTYSs9Rdr89ZU6iQ9pPCm2KFBdWyAx8Qz43tG1OdI2RIlCY0J61bz9I1deFbxMXA4qRLWJwJWatLoMQRzNoVOEHicX+gNEhC+jtgrovI9SQMrsSSdlwozkLXkpwFTqmCMD7kUZYD0IiTApb2tjBOsWWPQJayqfj6W53V6Hn1zc3r2/uXt/W73c3u/3t0apwIt9i/XbgmPc2ZR4gMaZn9pB8YKeRs6uxdooN101WZzVSH2olPfImcxdW9Kh7RFM14CoN2wL6rFET8g0K8YlUKbigqaS1lMYR2Ksx+2aPzQZ7FkU13WaWZW2EKdM7wUEH2w0JRCZ/JrNUBxFQ9p6vQACIa1PVd48+Jq9BCS/ugKAjJ803zTLb9AWltAo/A0OWlOQgeJ5eZCqFN4DLK3stmZeGLLQDXhpimTZZDFMEa9/k4A0CWliKK4uqcOhKKn4fiM4r4NSnuJq0Vr6vx4negPqTH3IKiKNAC929GJoyT0mq7fJuVZ+amqWgNoA+KTcUhTF7VNnVWSA0S5l30/up+UO8BJ1C/WK53pxdXFh4PAzVwJksxnKx2aw25+fL7VlFqAOWa5E2iuCYvl89e/X062cVVD5GDIg24qoRpjFZ2mZDpAHENFPyOo1XN3VLHdDnbadTwe33L84+ePTwo/c++MH3vndzc/vLL399XUs+t/uz1ZIRHG25KflDDibL29uXVQFHW6Wrvn94eXF+9fqwtxHbqAhPs8c6gmC6bHHdIhpqTCCGbFiwVCo8gZeoqShrk2RSEcmOZfhUentAJu1ho0RiBdT/7qe/vHj0cPnw4e/9/g9ev7z54suvf/XrL3/95MnT5y8OpyGj93AAtSKj6y60YhgWWy3U393tbm53dxWAH44o3kXOTG6uXyExyoCovtUbMu4Pp2+fv/z8qyc/+uHi8nx9mc++fXlTEZla7jJhje3yeBqfPqt4dKiWbMhMgU6HkzKBZBL1A7Swa0qwWCD9GMBHsYpgTD/++sX1/nBzDP/us0ePFhUegvWmII9Q5BaXGlhC9VqAjjmdaqnxuBz2ZdhZAbeexGiTQouWp/52+8MbnnzOj/0Zsqp+gXBzmVxmkeOjkZCQDd1igYRGC1JhiUtsvstb32n9kWZyYSMCd1sKMCjRjNqfwfMnUP8sL6iP83CKFWJDCcM9LrZ0bpFYbD/0PKDt/3d/6V1l/oO33lB++2fMPk2knYbbFKWHU6j41meXKSaZjhcms9X+E0O5/5Y3z7SUe5fxz/8qDYkP70arf9O7mJPoMXti325+OxdFWTK2XMONlMm38upUU9Qr/a8WVxaaJPfI8Z93mQ2oCzoxP0nqtE2XUdiPU21HDbPW3ZCZdtdXousVTxbNppHtMhwjw77aUjTtJtay1rMXL7+6OH/0+GEtjlnLb1fLdsfD8Xh8+XoEjza8//75+WXNAzNqq4GFabStuSPR5cfIGT90IXpCdF+zhKUwCbSsDTbzdNgv+8Uf/t4Pyn/6j9Wx/cN/+8nN7e3peKhRlgkCmVhiWh9O60N3uV4+2K7Pa03Ukg+rCVZDnXmdduFxNImwINJ4ZlkVAYoZLt5TlB4RNPbGVOtWRvyqxuRkezb3BFs4UN2jeC420Y0oAap8RmQgtoRGdgEluRDKncnjwpyGVWed5WI64mSMccWblxX56NlS8G62uh2qwUMelGBHGceiYJXK+b56shKVMhWk2lSgML2wIXpxrifCg+pcQnHJjrbcmQN6Hv+bl3aLphSiezoZmKt5kuNzsOYfVUKI93e4i+o02/KOQ/3ufH2nAeg4f1xcXmqZKN4OwF/N3uGvvvd9iW9/9PRGdTMSRJ6t7IbgthPgN4Te2jkkAcpRL1FuDEOgOlNqcJCv6ejBtFvu0vyMzkBRNg4DSI1XHlCGeue1tTZlh9aiR6GTfy1UZGRGlgCCsOPAaM6Fg7D0JScC4CYR0iCLz+2Arrq9+L4jT4i5gueQ/I1uhd97Dy+0XR1IQmLhsg/TJ0+oEybXVUsMQQwHodQP4giGamPGz8hDYZeSaJuJoGvxGYzoEyqErEhq6JryI26YRvPkmUiuT3zoElnmwOOI33Uu2K0zVu6J8XwNIWmYOyjGiHntEnMU6QW99FkoDT9ozM20ZbG+mbTWcL8LyXNtfEiZQkhAtXPnyrZwWWdOPfFYtUtuZAumWTmbOpDTM6I8z6qCDfaFb+OFMBlYLJdUL6Sbr4mBjUtk0zcOmCzrM+rdOIjNyh0kZquWE2n7mYAs5xaitjqil18KLvW/FXa2Nszlark+W23PF+tNTZZONnIeSW9k/KNGBA7la1OAZgsqCBQRmVMs4aCgKM2KsfaA2fbPbZVzuwrsYK8jEwWg+1RQmFWYV1LOD+T655ZXvsrZpKBptsF2se31WfTMbeFt275X0HpJ0Ywwc9SeXoTWQpUUJyRxS2OL9dtKad/GaQ8WWbXQShGBoFkbDaM1OvL+ZK6c2Da8s7Qiz4CRIhiYvFfKNRrCGDRVvIGTOjGNVyRFchLgw1PIDni59iLtmJrV1A6h/0cHZIQxycBxNOMEd7EkwJtlVarezrMTAI0+c2eeUE66MLYKjfM1j1poQPM0JdmI/jGwetRyrAacCbf0W6jHRVSZ5I56Shk1uOjxG+Rvy6SiJo48JUBjswTuL7InMkF3Osy/onvCQrJyW9fELCc4OyUPTqeljzJJLQoOLbBLnsv6zZeiVPYVxdUaPTxldU59pv6y6BZ2WuHCGKPWUlBsHoTtutcHcCH/3JnKejVJFZ8KThiJUOHJM1cSyGgrbJgxgUAAFSM6V0QUzehykBnx3Rk4AdfFs1Mbj6cLzi14KUngRJG8MOTx3d/YPEeemsIPkkB8j44Vkjne3e0r+FXR51c3t6/vKhxkjEqgz0Q1dGvqdjTKsmnrl85UDGyMfecRSfDklXeWg6xgvUKFf3bHoU970JIrzrywxq5xSVhMGqFoBkMZt1Nvk0QmAXyE4jFdVOjSsgfBJNGRHb9F8wCMahulPWMvOE/Y8hT8RLeRtJriA7qQKQCyZjkJE9N4KrakOQwy9Tp+zn4fcR38p9ZtW7Rl0uKn1opv9/linSEMAqCpP6RCKBvj4f1yEx5RDBm0/WYxbLQWNe7A5JhwjG5EzBSMlPOReda+Cy3klCmclgk2UJkCLlHqPHZh+DcjeojBzEekJ8piJfH3MjW2wO5Ft3FSxJIPDnx8EnC8H7W3hxWU4wWP81KFKlfbTSwP+lVn2jIJpPz6w2W/Wm/77XlarAxTRguKAnVMFaxv/ebZiyfPX+6tUr6QCJJ9biflNaz8et9q7b7iILvdfsQ9hdJbOd/2P/y9jz989KgWb88vzr/32YfPr15+++zl8xevlu89rsgB1wAmklgZwISL2D3FbJkBB5S/z9ar9y7P6449Hq3cLHUybEpqddPPy7hw1gKIt9S1NxEVk4I23GScFqyX1j3K502msYZfDtZLiAv++uWr//rTn/fn2/1QXnz74peff/Hl0ydXdzvjRmAQbmADNaWJoKrBNXsaxooMm+jPraluDINLBmiNlTIL79Xbl5LoDyHWl9/c7b/4+snlg4vlalExquvrm3rWFxfb5cp6z+9uD7vdyaZ1JQwpwyYeNcSaYYgFFCYul43Qu+gt5re5vn1YrFY3h+FX9fGGl9Xt/MlHm4+2q7N4NGyonHKgwleHCxLZeERZkfJ9NZYchv142uXTXQeaYDAw+uhBZGzsv+J8oZSa5eTnZfAoaLBii8IkLRoVEssBJ82uD0FDL6hhzxB1ah1XOK1bm6f+AZMV91hNxAYeMKNhgpuGZs4epQl1H2pdpeRFSVKDmrLqe9GK1tI8r47x3otCePuf/9RXw2jDvU+W3S9vRiHzX87/MX3cb/h6AwPSP++Fxv6r6En67AAl/M99FX8C83eW8s/+GM+rZwF4+S2vbB7bozeCrky4pizeXVAL4/X8dK+DnmhwRxVaSvDW9fkV6RyQECYWEBljl4Zd4E8y4b5+1XdZpZskSxTuBaKIBQMCWr4z2vw+xOTrasfPz2vMsT8N1Vy8vtvfHWvIU/N661FNfcezurh4iEaXjsQsSm0pNWohqTcH8+Sna3IMI3gEWWGD6JHKcb9bLPPD8+2f/dEfVqx5d73/8c9+frPfm1jQcbASaF/PLfXHeByMUFUx6XPSruHrMvpguZEsV8dRTPLRIjH1W1pTL5vRGBsYqdeupqIctUJpEiNJz6iwXOYV9JI928cUU+zjNH9eqcsNlCIXTGl2R+sJFAE9qT20SYlHk2UYJtutCERx12R+/F7Gtpra+sfDjqlxE2Ng+zilXqeQSC8OytrubbsWOLQlygXjcUxokFfwmK+9QWcU3shoijuP+SEmq9dCIyXQMUzot4NsbeE6HlTaGbaNoXB3wt9iiOV/0kZ+17++mwD0W1av3LPfqt1F/15rNiro93U4T11iC7b5t+cY7ReBn6jCYPCtQXMU7h2ba5BT5ZChTAKQvhFsF5BmOKXr9kN2V+H76ACYE/R0Fk2x2Fc0xTySU//HaUNGhc7/ch8AABAASURBVCb8Z5RrKSqu6YSS85e5Tb05Rw3smQOO7MVG5wu0PH7J7vxa6CMabmS6Ks4K2ZF5SmsQ8EbnYjPunBmtmMfcLuJeHji5UkN2CK/mYYzJq15gUmQRlYKxsQLZAzNrgiGELmRq39t8qXpA1f4SyG7RBiwFg7BBxLDEIxHSRf9dEu4Z0DY4UqOV+KXnebq/bAMsITesueuSyn26gYCQkqMSQSQ4g6tHyIakRa19DjUQDC66bXGkpZQmztmGDEYOWRCo2nXOD7OO7JG3PnF1Kugni5YLJzEl6FLg3ePVZW+eicpZ8RGZXHg2qkcNuo6RHelROtcjXaB6+cmq6/vVYnXYH9pmWC4W7Pn2QXkGWXTB5vXUYi6fmBEQoWbAjoH6RPCu6kqPxeum7kvsQw3w6+0OG4YC+m1f84zN2ersvFuvr253p+MJs3HsXUwt8GdkyZj4rC/aUKbUmA82NXRS8gUBoKA6tYoC45g8mCPuFGh/+GHNWfMViSEXJr9P+09hkeyRwFcDNQCNxHHRs1eKwyOh+RWE1EkQw5BcJE5FIWXhzGkb1aGGUIqRIYduqWCW2GeGFAyY3pkdoJMhTNq8wSEHWUm7MlIbg8trqC0ruihpRDNbcUqNvw1mpsROyVUkBxqsYVu8FDdtwIcy9IaAyGL5PdUCJy2ICGYxLhfy5Cm8oJVrPakeQXCd20Y1GQsPYty4OQu0U7uBs2H5zPlqdrAF6Gl04h6iBwx212YWyXI64srdq0jL4xH5KQJdxUNS3vmWrHsZghcyRkluhDjTYAb+HIB2pDCYvmUEX4vsqED7z87rmEpsej0NZJooA13q2seWhkf7jpAtbwK5TUCp1YYj3Zx6hoGdJQjJ2v+TD/QoUugmmJKyDyttLOmAu6Sjh/bgArdrQVVD15CdWy0FDw8FoX7gFVk94NAWgoJIQKWLvoJVUJCIUzXHm3jk+2iGoho40LMyoBdphDpnUsQQfHgl7jjWt2d6unG+UXjugRg0z4X3MGjFyVUmUgxDbHVW8YYKtZF5dmJA7252u6u7u6vbW+g+H090lh7NkCTXYXCmTQ6tME0Y+0ipquD+OBBYlFlMmKkC3KeADb07HvDzWmtc9UuTpwotCIlRM3wTtYg63oDQsmP1HrltYQDR6O+KkfSsFRCExj9p6UeZTGYSqdyPEsgWVagRguux6G1RNr8t/ulhF486FUoKry6h1TL8t9FzJQ86y0RI5B1r6BrKpTxsVFat4/sXn47G1EeAjuQVhSkKpvZGnKDjMKE/KElqdEDwLo357/E+tuKNknkJKoUE6hbGLE9PL6+7TUNddL/EpXLHVsSqCG6rdcjovGq32m2xt7aYQF+gSLV9fvC1PwXzjm63WDQXydnLYmtZVHO4XGzCtub8m+2qXqwmLlt3QwUGFnG5DVZhWmClm6a/ZM9CrOWZb56+ePbqqsKgPUrujJLAUUCMA+GieodqNacC0OZlekM36okvF93l2fKHP/j0bLk97U8vX736+JMPn758+eLl62+/ff7w/LzjJJBYg8yetxCbAzeCVDITxFSZdNnFDx89uNsdb273t/t9Z73oXfGSmldCOOq8ND8EdMbmctgrrX8PUxVn6LwMHT8j2/ICwmqqOua8krUi0tIeSvjV10+GcXz25MXh9nizu7sbDmMqy25VNPzJ7RTRDBMlGyrasj8cbm/urm9uD8fjJPHJB+bgD52ZhOkUV7S4Lp5yefLsxcVXT+u6GI77b548W663lxcXOQ3PXry8u7FRLygeMOy3CBwdV1CfZ6MFA/UCH7M/JIykXtZ7srIJzofT6fOnr+5u96f8Wf5o+1ldKxY7nKDFZyrfw2nEaY4ImYaR670Gt8M+n/b5eFcOt9Swy6fdUC/a1ZkC1Q5dR8/vMlVKsmYe2Kxw8zRQn2UIYPp11M6Gl1JtOZWpt9X0qyh3JpdX2CygGHUi59D2iC5jzkRjM4LLNGEEQ84uumY9kZIKqfd1f1eQdzhMQlMQ3oH9vvnvoPUwpebvegUX3ju/HDwNjuG015ff8A69LeTZS9uZvPGa3/YV4733hhZ08TP9+3/iU/7ZX/PriTH+lpcRgbBNyZCoNDAu/oaPvBdja8u3F4XWkKLfK6qYJR4z+zB9tgfI7aTD21/tFha5Prlpn8/sYAx+Vld6TXGXXZIZgVe1IT88M1ymmqGzYgfVW8DxODs/++jTT/7gD36/po03r69e3+6/eVkh6GNdB3UXrWph/OkzuFxLlLZnZ9UkDJglpIiqKHFTEOi4S1AkEqeQk+5eASRZWXBplocfqxdYLMvFZv3v/uLPn3799HDY/+SXvzyhRzRDrcxaxYYIQcsxjaW/vFhac2RhFu+xbzEun0BYu1JooDH3tFzYxCNcV6JPnNyEbKNz/TgKfRLMwB43kX0MvfGMszCnaosDOSVNgPGxgyepHYeQeA0NQnosesaWr2THf3hKNqoxKGnKHvMgx4ltDTefXt5Y85wEgFRQQEVuWAVOKjV74Dmb/lMaEjfhUzG2hkLW51mkmw7s4VL8TVtZvrVdRfQG7wkXiFNkGZRPRsXwha5zSvBC215vpM33jvg7hkB/JwHoBjk0V1HaQBdz5Qy6u/bKIsPLDaPl0sx2nH0kv1p4rn+6fSI8EBW5FyEZwT/FT6oHjYG2zfMnuQtHlb0b2jNJjeObInNuXgkpKPXCsZze1Tn1X8h1ywsc/JIiJC5OO80wVST9QQAXeVKpS2meg2nPC2+PABJNdL+veTiH5dTYq2+VnkL6s+6Ytdj2wF9BDYmq9QdN0ojzHWdBPEbP1zdR2QqjxQtE9Ti5iLFRYYDarAGEBTQOkSTKlsNilgZFXTvqSFDBrFF0hInkMNhFVXuLJsoojjBscSAS2SiN1X/wnuFOIM9JnZunzIinlFmFVM69LTFLJTKt1iSXhl8l0fHqUWpIbF7KtDeQqlNIksKPkd1Cisotnj2adMAwngyxtVRGvEYUm3kjqexG3TenGBnDLYgQzn54lGGxIksNyiE9NdK9DBnFzlD6rk/eMK00qSEWNm5Pub5zaIiAQ73EwoPeuorGsePJUKmX7sekNjpBKql4F3+UEmYFP0ZrKGLjciJEZiOA0IQLjvuq29j4ZBsTYzMTakZGBdvlImWkDKfTscTlsSJB9RYtlzXs2NWitN26gPmYdIdcMoyKyHLtCptawwy/ghAmZQoLIFjU0jOekJ0FzQMWtRJx7rumj4zgqWvJAZ8WASNOJC/NISt9Z7gj25WB5qeGmLZZDcNoAxvjSfLB9lh7762wtTuOaqHrhJMUtjJ4FdsWATMb8NZPQ5fYdFVvPwDNjpsravKnnckJWUmHpVemKDYQf4OdKYxWyAG3cWTcQhb82LizTs0SujlZ3HkqyNuB6odAMcE4qAk9vLE17MtcyU63W4pj4WcuZJCmFn8AkJ2a97rkdRcnEwWKkWnCHI3FSP138soZdKcGFKappbF9AZhK6ogQH8H1CohVh6ZexsgHim4e5GFzm/IoLAVUWAmnjKQEQpTddBG4SnmjYlI/BvJujCk1xoeXJBlFG+mjq7ZujFZvS1iuI2fgitLNmJXYuehOgXWWGJUJp6hp2rkFUMmpClxwmE8JxZVOGUcULiXfoLArBmGyMTqiWEHe6DuubiiOGeR6nVUJaPK1m/hBLW8i9DyjjcuvR78+xNETvB8JcEJvhqkHk3RkOZF08XoWFaKof6pVGTo7P5vIV19YUekSxczkjAZ7Vh2sE0a6n47dcDR99A4wK1rko1c3irqusRwahE6Z/+QQm/1v8OZmmXDPkVL2SeKqzAWiuiGqlMTCsenjVKDjOBwrPHZ3t7+53V3v9teH/f5kffMjx1DJvQIe7oA+Q3Ojk4sVHmzDYzlWEYmJ3zD3LYzGx3gIZgkXfbc77Fan9XocKFTfBS6uDhhbTbz6btKFUAOQHgBzPnX3FOjyBnWn++uBI0eMpIlzhKMtNo09oN+wu0cN11QUtPD1hYxgLEcafCVH/Ca2CC2oYq8sjne+mNaIeniZhWmGYixqlufuFzzH7ZAw4Iv2NsFLM6Ohyiyfdiu4KKIQwmvXBpRr1M5RL83IFZtKS6jCxCmIkWNmFcBSTo3QQAyeavqNxbfQ6MpJeW0zs8WDSt47jgBEY4pcZYyuA2DOn5O8iRlopwbPJmHnkxIx7ug4ddEQttMRJ74Szz3O0sUo9oaNh0p+DY6w8/3I12sKvzKMt4K44zqytS+mZb9SDJSWFTYu0YpMHtFFijBc3e6fv7q+vtvb/AbjKdRb2RUO8xCe2VUYu/qm66ub6jk3m039hP1+X2GIzz58/3yzPB3HxcWqgp2//OXP//wv/+xHv/+jq6v9P/z9P9Q60Hq72iz7CvbWGheK6zXSCqbbidsBxVGLCvB07Vk9Pj+7e3h8fbvbHfdBJiyXdtMjI7IUXFhZizKyxldNUF8UeLVgsHUzFF8pJotqvYN4TCCFU3gtLpebiuRDEOP5qlsHu25zy+NxJNZgvd8mGt8BwqzQfai1qKur6/rn7u6uiwT9+8ACs0LfQBno4E9V6wMkcBGDo3m83Wn4+a++ePLkaX1c1Yh99ui91Wr17fOr16/uhlM1WUZZOH94MYyH/d3taX9cr5bBI6rIOcp2mfXZLRN1Tmx86vXu5qqsDIuuh3h6c/NffvHrw+m9/NmDH15swum2jCe7/RUCAuhM5jYgaI7yC92h2tZTPh7KYUeUJh8O4/FoQ8J0XWxGDHGChAMdOUFpMAAKWxpZsGGSCVUlRv5QSGGlIrfuchEcxzgKLiyCvM3eha69LAB1KzJBMFmjpgXlkf2dMlCU8dNGQ+20QvDH27uCgcC2FKy/MLpdjLKQccpx3Exoaen7ewCLQqHYll34jV/RLXqzxjPu4vRx88+f0q8pedc/3/X28tsO/5vOSqv03rtjVIFPpbZZTHL/vY5cx3tN+e3Fxalg89f7Lz2eCb6GgsBEdgc2hzH7APlTlYNoujNzSeeROj7gWyW2M4qzW9ucSUDYlWbjaPX2OB0+zq9Zpdr6n5FSbuRyscKGkklNH21u56I3UnDw7ogSwPzFgTDCIauCAlkvUX3RdrFeLr730Yd//Md/0G9W+9Ppbiy7nPZjenp1dziN1SycLfu7YTyWZDSxrv+oM7q06QpmDRXn4cLU7QdDyiZO7xBAYGXGUTckkF7Ct48YxR6Gw76chsVqlZbL//h//ffVOJ/Gw09+9asuLlG5BXywCHdjraLlw856Nt4/MztVt9vCouZgINA49sF1QfC1EOXDAv6VHWnRNQVO626p6ZFZd+uzBJ2xNfXSzqH/gz2lxWAW9r/KPGghwYiMDrMkNeQ5HQ9oi+VmPbT1bTQIKwAMltDqp0UAkUytUEefRE8IwlaQa5nZH4qGXiuyjT7CpeNILGnOMhwrebbSmHgRDaGrb+hXcglObgCUshm0FOqkFjp4qsIxXKaieKNgT8zU6P1QXjYYAAAQAElEQVQBOeQpoUD/cWARZFoEZTKEbZdaSpDiu+o3sx+2vdf27O/W13dWgkOhKOOswtXDBVqa65usq7+luZDZann7q7zh2Zr59YxZjpVqrUFyYzloFWaD0JSUSZE9uFhkbN8GDuZqh0LjbGKaij3kEQx/q51RND40eg8Nfpf8PvCV9PMUlfA8RLhW4Rxyt7DRdTmKf4VAJpdFkbObndprgu9MbHPqD+osmffaoDnSX0xxuBsghs93cQATv3qgmtA2BE7F5HaRlO3RXTqgQPA661dhsB5n2t9EEAFJuEAZi4ydnhxdGdmgQybvjHAVSRkhyRgUHW2KnWDGiMEAlQ/OshuY8mWxzBCSy4gk2KDQklpFJ8zJPBUKGk5ExlrLEKOQGyUQdl35hIRO+FUf2btvT9MEZwM5ahHcMWsQ7I1e5zw+MKCdJem9HFRvZEmiaD3RUWTjeIAL2ULjYKSHESwVu0cDZsLA0DofCk3ViGBF9w6Sfq6v7dtAWIpmdOwfhWtT/FuxUstrB4TLpixcUafIjKCugMGEAihcVXiKNW4pNpYnKIwi81ozc9AaxIDdQKHOdVmLuICLvt+ul6vNerPdXjy4XG/Pb/d7TgzErs1aLpkzQie7Uk/DOCx4kkDVSit4+a229up6MSR6G7bbueNDbJc0SSz7+7SFp/0TmeKCbQ06P67IeZ2SVYDv58BMfMSo/gNswFFGz6rg/TQ7Dnljx0TcLg7dFw634qlEb4bHhAvgPdnhJM+CdBSvGRmdciotWwcA4Krgj2FmOQ3EbnHBKOaCQdIe0eBaYB+zKMDRb7uWbtYg05RmSakWMSKC6LxkjxTIQiZLNXY6CuamdTRurEsmqlFnEKHwCs4emSaNpNxa79HHa6O5Lf0qRTbVOiX4fFioN/lyvyu2pnwQILslUPuBPWVRw57mSWIrivb0U3x05MxCFpOQ0ODsDZJcLBZSIKAAnGaFdlooYmYT67dgtsJcydtrRGEHDgo8tKiKZ5NNB95AVSyihBFkufQUOtFNjBgrNoYj4EKpXDsI7+7aID/B0zHEBkE5kGcnVFFI7how4wTRIZjPrsXkOV3jFARVgomjZRLtYRn8yxjIBMLrhqiborcOEnn94kUnAXocgEZHyJvfThUHrXcS+HMFoBd1X9VlbKzmgPOeFnyGXe4RqGLKesnCNWlrBO6at/K4IyKhwbrmNZXQQhJFMXHqndYqbzELx0QF9+lDa5BoxS3912pFw3A4ng6H4+Fwujsc7w4H00Y0vf9YmheLesxYR3Cfdlqj4+WESKWCJHeR8/Rk5X6aUoUVxQ4nE2E8DaAD5uz7Qlu9pDhtfi6H2LJYzEAYM2cFlNbP5MY0ej84zZhj4Az4A4EGZpH+HIMAaUVBLLA5DBcnE69OUI8Oy+x5cPmEZgIRnljApgpByeq08qVZ/JHN8L7AQnh2BoIvZeEJWTiDYMLpObr/RCo1Yjun6NuiBA7Cacsm3BO+wL+8Ryj4IysNgcBTaH6tvmZkxDLK5Lal5XdSdyApM9d9Ug8F8zqmkHq1/4dZGmceFM5IzCI1FYLYRX8Fj2/D9AAV5gqkQyypaY7279Sl9nDZihIUaqKenZaYL7hAik/QtoZOC9LxMZdpUWxGaDTaQVD8UoOpl1d3r+6O+4GcebXgZLwuiuIQal1nv9+N8M37w2GRFzVFv7w4//CD9/7gh5/t93en4/GjD96/vb158s2z7fnFH//hj54+ffr85cvVql8tH1UbRfYJbUV0tBLWNLKJwVzZaBN6zzfr9x49uLq7thKuAp3WgtbicuygOIZG17K2BsMQC5eWdXmNXGsMpQR28E7Cr1R3s91uayk/YYxg/fHDzcXZZnm2NAzCfmSEPmq8jT4nFrXlUgFYa7aoqPOtDVw81uq4dWjhQZcSZpCXHmQUKSRNvfn0tGOg/6pgdj2fuh73JkfcLdar28POtCFO1UCsalRp8xOPeXdngxmsX3CRUGA30LmDe+yZbFivd4J6Cvnj4VA/+zAeqoHsQkWJvnmxq/j2GJcVg/6gH9bGuhlONSYPjIVL4TRXU7u3OSU1kN2MFZ0Oo6U8AJhOR2hWqMQf/EHaGNXM255x61i/YAmwKLCkchwe68jZ1NCoRy1UakVTCsbA10X2JlsFY0YSJBdUD4AGFAfbmcaWoA6C5KeTApu5fiAMZIzVgu8rxI6Rl9b2qBnVCk5mD3KO7Xqs3Lz99Btt9TDRAmfve9fXfQT37Re/++3R2bGRlQ4d6Z9NLZQfCg3PbX65zBhn7zrdf+oI8R0YtI7WwuAgD94GdLdgRL8qpbQbE2P8rUcTCyrG5i34iaV5Dv2wKCKldS9zZzxbS/zENw5Nf1PEpCJAkcJ0YhPnTJ4yuP+EASssw9QCYJec4mKvIauiWJHT2ERR+YhyFcTJNYDsHj24rCZxs17YXOXr25evb29riDOGuyHc7k/p7njbd5tdf3sYdqcRI47L48eP1+st5tIYfYpsGwdPRFYIzm8obQ23cgoYtQkDCxGD2nd1q9q0p5qWWQo9bNbLP/+zPyNy8fkXX5+OA7kn+VQrmcuxq1trLC9en4bV++vleQ1T7d6BfFwLnExMOzV0OjlQqYF17SDTowhjwkANundRaiznToxLqfBTwJxAqT460op7z0ZYeD28krSqjlGJUrDQMTwtRtEzcLhWUxfWCs8iApHcRGWq6MpZzC9UTVAFKTvwo/YmV3gFaMHbGiRIxKSA4AzxhDJj+5SJxhxn+ypwyzCV0h2LLZwSoi9MSTkFm6hKmNvV2ar2JSs7qeoJcojIUMzyjsHjRWakHrDnOGHP900iryMpo79v5Mo/aRL/pX19NwHoOGVlWiiJiXqLSN07xrfrpnhb+627jXj/0ZcQ7tv2MjOfsTneoM/QQQrYm60CkyAW3LDOrlFHPRHT3iQW0/Z9y16KSE+lqLOgtB3ifIcYvFErxMnb+/vbotdGbNyfFNtNmAJXR5iyZwrRCS++YTy+1VE5tVWPAlNUEpgQms8eXVMR1sigxRDbD3gtljgMRsUb596tmfqmVORGzSukoAAQM0YyQ7A+jFKDTfje3WZQoOYPPBKYLi0wiRL993TYvBTR5xAnX6mYP0KrI3ovfxIJS7STSBTScBSv9wbgeq27kAm2aL0OjAQk7RaairmPPDU7phaCCEISWdbAxhgpmMicyw6btJyAgCh/VTozVRqC5xsgWhQ3x6ZOldm7Q0Cf5HGC4HnCzmtMPwaeH7RIo+d9jiOAvOjCx/AJSbCgHCoYnBAxANmWj8Y7jQLJIZDUy2pinCn1JrcAbEkMnreFqdvA7gCZO9U7bzcVeb5Yrc8qcnizv+XUF9Oywmvs/nAocQIUVzxXViokPNo7FhzsgyPD8Hp4ysIRb7IHqW261E42Sue6TONBHZfgvhSOBweXHdOxO0/NjU60EWq7TtUjjFjEVC8rhWsEZZxo13m2f30Hk+btu2m2H7mbY/BpkPXiFlHIQH07JhJJnQMkscwODQQ3AtwhrOaG6p5FQqYM44F14CURPF2q9iSmYDK7ijbcHvpgVO58bKjoX14QUsBBXjYWLaMAonL2CpWULMqh8ewiCXFALZFvpLbfYeAEkxVT0SkACixNG3CsXjNUOaHaoRE33JnDTz1SYZbIHuEg7en6zlmb2n0uJy2ucNjUwGTI44CrLaAQrPjo5qgRkGcbQwaKr8jlhAFxVjOx55aVZZEwzz+K9L1oEdwXBCKQXtsgp81jKqoQ+VMTsEv0NbX8h48yY4CSPg2UsgY2CaaOrLmoakd/JioDnYGXJhKT62E0Mc79YW/g6imAmVpx4/V6fbbpjHxrVQMA8SmyA1nmntol0UPC6PEDwFg74T4s1tvF+rxb3Rz2V2UU2Anz2OlBuYNl2D2MyfCFcejzEUcCTB+8oqIN51TXUGLz6kWOwMl2bTkE3ZnYYuJ7KaxHv7y/CqdFMToNFf/aHXa3+7vripNVVLha+VMrSURZNT17VvFkRSNOW0UP12jBuTsgqH/4k2YSGq1wczTUuz4KQ7pr3reUgSFRhDw9EpncuROvnFIjmFcUnUeNuKGoMM40UEcj+rpUcl1Ksx7aVXGiJWgBzkI1HJKpfmzzO2Uu3Ov7nZ5yz/ZBpcyq6bSCjmirPNBSi+ZLGrTAe1ycmYgzdMGJlltpAZA1RAZ3Wz4tj9eFhnlCphitGXa9InrI2mLfWakl+R6Vs6jgOu3vrCYT/WZ7BBynIJmz1Rgz8mn5FIxppeCJeKCkp82DB/fkzX+GeC9ulQ+bXoT14xUMH7sSGRN31Ayxd44YTGqIeBcFLhCd6tjl4KFQcLjBj4j7VUGN3eEwIDzJirELhwDWVxo/tq7z25vTkTPvTIi9G4cf/eCzxw8uqlNerdb12dXyz83d3ceffvLs6bNqrR8+OP+TP/2jv/+H//7y9fV6sbw8P+tUuiHpLjrChyh9FH/cYtEczlaLDx+cX99cPnl1bQqkMS7cDngwK1NSuA6lyRB5/bwPNekrx0CZCMS6HGliWEb97/nZ2XZjX2dnZ3UPnoZDNXibaklXZwY8RDRG2f8hPQdvrmih1rr21b6cqh2umPytDUw8Fg0PSKGE+SYKnjkUjouOU53Gc6OoohX87GZlej7RZD2MY7E/HG3GQt+vt9t9uDtVOCcPx/2hvgazRW0m7AIl+UW/qH9QzyyMbCrEY/QVgB8Vx2dwMGBk+WE8Ds9eHw0djn/6weqj5WJT92fFlI3yYv14oC6XI2TMqqkcV+BLVIQ6n2q9zPDk8VQhKBLCmQXmyYTz+wYjN7Iqp6q6GhGMwMiiZlIIVDSdUh5CVolrtC1f7T6PmrixSDjo2LaItZSBbRcIXynBDG4T8BEpKJS1G1TB/6ONpS19Sw+Db8vQts1ke2ZX62dayj0DEEIIb+BHE/l0OpOJTCu7Ed7+KnpvmF7XUstmdf2rWSrtlN/yVaaPc4tKb6FTj2+8fOap4wxBDtPdKW+czOz1ntDO/n7zdAqDtPjmL6IcUbl33dOvlQGG6Ve02+6PQgvegkft/sEhz3zWvWNGj0MYDxQ9zeiWlGs0CqbDodsQHLr2yS1qsEHBDIbe1y9Pj21vvj5ZJYVaByg7vTUm2AChx48uLx+cVwj49nb3+vr21ZXB0Cb3g0JRtc/VOtwc0/XhdFvDkVociuWYT+8/fv98e4EEMdoo0Kg8PbY03pmBZSrYFjJh8Upiz4INAkIIZD4D07dqfCos/hd/9qc1Ml2kv/ni19/c3R7MMWF8H+ZOda8PY7w+1lwibrtuWVNSM9Ed+q1FclEArbrdAhG/we6pfn5SU7JJBCVFx8zCtRpNeskJx6CJpU6QdPG7L5ui8cZxBivo8cJ16ipxX2pEuFwu2cjiKFP0OMQ+yy5N+VbQH9zIOJl32iW2dJbizAOtzLHF1SjAxCmKiS0wEN8xzo7dIpJpJwRNiNFuLlnDNwRSeCgjc5y1q9usoDAdc7y3zQAAEABJREFUIEaPvtWBqD2grI6ehRHDFPU1e+wWar71fGM00yGfnctvtUv/Er++kwB0i5xbltDCT/cVesxRSK07tTA5qzizvtpJDApmC4gGNcdZQlLu+a4JfdYmaIOSvL2v69DILVviAZkabxmklMBqGvd/9G0dCUYF6EXMzxgHy76LAquI0cnUUd6mxOb+nLWE+JnKQqmZjBDck/MKI0+yICxNI0tRfnWF/YBlikHsv6zuUTVAw5w1diyxxznFYQR9NZWuqeQgvkKHP6TJsIGHMUtjlYdMTWnEGBE4/UICI28OFBJQuwMIZWPoiA5aWXJMTYuWkmfUGDVmNBVmZSRMWiQ4VoMpTIaQInQDzRSdb+PAQh1D2Uh5fiUlAdGmOqwrLNlBayEYSZa0gtziEvsg3SaSQ2mXrS23+iq8siMKlkRdBABKSEus8LJIS6In1IBTXq15kgFEizF1LaQz79rJPYXsEUC0amp3KideVT31Clb0ALAA9WTSabH+IsnOIboib/bgEreX4rqmrIBmf3TvRvISiwjsKA93Gs5DLIOQXc0cTCNC5FxQSK26m07U0YtQqMqYtqBpiaElxtQuJgBHnWuhCCG6JkmuONTZ+YPUrQ7HYX+ErjTFmzkPxrJJweVFVLucvfNKz5uiJbQKxHEjJxYKnaEOgpQ3uL2hIt2xH8hCKNSSAdhzv8nxiNUL7n8ClTxM6B0ztxJVBHbgpPjTA+vZWOTQuXbl9SABiMKV7xFAdApN9oHYxLko6sdDBBwrsqBjO5EEHbB6O6iPyh66LbR7jln2HInGWkJyxXOO6CMA6gg1JSatZzbKwNl1Ia7qEks+Lq+RhPa7/HOAgAbKQ/X/vWsrU3GCG5srHgwBTYKeXEUU4Yv7AJvbTpvrG8TVyFFD0aOmkkglhpBIdPkxNJKNxVoBIpieWBrWFBfas4XtMwXtFKOThniHMbCUP8wjqUgeXNcLGal+g2VpoSX9QYS+W9Dz4wRDIcWo4qROYlMNGIziVtMJBnbeqRySh6CHwkJQD/vJSaKiD9pvelU0zAaOg2Gx0LM28ntg6JtIgZavbKEr8oWSvfpS3NlGz43DGMIbztzjPM9Csa2S0Ht5SM1WUw8Kx3bh36Y9D6Gm3fH4+ubm9u7OWkNi3CzXF7ksbbaNonkz0R27jjWmtVHyvZwnSqDo8na7umVFXjaHbnU1IiTng4QHkZt1cl/hGY3YO+NwzMPONCmAAti9Rmthy6Zc7jBTcYi3orioPWF6FLfCNMKgtFs2/atFtMmjnRhUQDJk/ng6VNx5t7ve3d7sdxW4QXd4NPa52k9DVHdLdIx3lCu0jZwARhRCei2Sxp1CfT3G6PKM+Czvrxwjh4/VwsAJjqFumwSCC6WOVDtXbV2RjRLjESzf6sGx1sHYwUozxyy0KjBoR+xAyLS0E9Pn0GaX2U2L0SHEoKt1zlqZ9g1z+tGfQ5ihtO3We2wYm7QrdmQqoeVi91spBQqqMBA58j7SKKgjPqiMJziBPkaB2Vg8fEVHQef5D6yhPii0mxJ011pCxnXqzsPFPDwKE5V+ajIFzSoWDQt2ypnbqawdG+Y5Hx+lgm0yhXXdoa2Y2X0m5My75mZDWWSJPijRT3Ja4c29csM6ezuCe9IFD5n5aOgRSnDsoGhYdNB+Kh6K2yMf5Qc7VtPr0mMIejju8jBwrDCFI3AjbIMMOR3rJj/sT7u7ADA0dctqw9d9+NH3P31wcf7y5ctvv3368Ucf7Y/7X3/z5N//1b+7ev16d3ddP/4P/uhHn3/19evnL58+fbHsl+sVxtRGX0ghhlksH1kyr5uxy/XDH4XVx48ePr++Owxjp1zYsxusK/R04XtrbxmDSkfUCyYjeGn/Php6Ttg3Qvd9uVpt16v3Hj58cHm53dZvV9VuHA8mO1ovh9HRYOoTAfDzEDicJplAxYFaz9c2ZtAqTwZcknef2r72v9toALtcsv2ge0R9bYHwMXC8pon5rJfLin9XJLkeFpzcbL4pmPVZrhenUzdYN7092NPJ/AGt23ZVr2BV4ZK+W6AaN1IGezwlA4kt5wrhCIYF9jmHu9zc3dYLudmdDsOHf/Le8pNVt7J9kC0crW8aDR4i/TxSBKlQGTy3wiQZCerwaia9cOJG8CIDgrQEOrmWbEya+WwOjZ1DSd2bCZTqXGYVtilvnYBCGUBrxsHkFbqewq4UBnv4FFI+626wcZaAnhK76wJteUXY0VRhzQD1ck8Uv8lRvZANuIlxbhbbT+JkdmYmKLaEWqDP/O2/6Ss2onR0gzAtpGZQpo/1sDrOcv7Q8IKZrQ/3svg3vop72HazywwhKJ7old+KFs1A3pZfT9hTeOty+NUExKZDt9/OjhaJ392/oOmWltk5tPfP4gf6XOxNxCRputPBxQTYCKsV1S6Eb4/Z835taY/w7G9MJMg2wJjWMvqvA9yV9QcQ1NAMARhX0/vq23P2FAC9wPCMSd1XI87emoNDXNWkbrV48OBic7Y5nnItFB5P4+54uj0cdtVKABYYTePDxgDuhmF3OtUQsf7zhBk4NcA+W593pidWkJuNdLiIuIR1hAl1DIoHUruHcQIzEeQPkPW0f/Vdxbpr7ev9xw/+4//yV9bJUP72Z7/4opbJzOCNR2ym5ZCWL3c1CziZsmS/vOi6VUWWzTSkIdLXl46MRmSdfSN1GMXcmjs7cLjoDuGlE4lQhS5DXeADc6eay4wkTAXfnEWxZvBVzVXXScyNaAb13QIFvuqNWSwWprvYAtkIkaiiUIgjFX2/hKlYE91S8W0paopI8fiF6zJnzjRhHk7mRmGays9TtUM16QCJuRinsykTSyW0pFlu2xlifkKIDe4TOXKex4thtui57ZCIIiUPeUYIcXEiQY+JspAesbSd2SYBiCCiL08JJzb4787Xd1SCQ8m2xFzaj51DMrF1VGHgm/TSZi71w/YRkeWtyP1WZibbrWuZHc1LF/cse9tK4iezOEL7BZKdw2faTYTynHMURJfzPUL2ahGGg/VOMUkJ4SgtIBdEpiQm53LhCj0TUTTrwqStNE9wuzRfNeUa2PPEuRlnRW2l6Hw8Zk8BAhcD5Istr14smrIqw1sMPcsFiEriVJCm/BYQhlFroxAA8oSEegvOnIU3wjsLLAG6+DMxgaDSQECOr3yDOXwg9xOAY2kymu7pG4dGoQB+moTpIL082VMzFlce2ok1g9myWfAgCoU+mMNSR8Jp12XRFQ+bCjLrwOHlAcLcUardRS358LtUYABkB4NuvEfQG13+1yMaILSAs5IQdowVrlVKMCkgJhEaeR3NhMBKDfCsyFTp7a7ZRG+TKsyGtHtAnMBCts9nkh8w9rDDWAPJ6tGYZuawwqOrz+8WmJZbL63U9bAcaqpj9984YtXZAtasgEw3IALGvo31LjOBZd98sKJFQKOnWOG4uK4+i5LBck3hdDKxv87GUY6GhvRkAQugSBwx1PVnZ+f1Zu6PJ0yU7HG3Ms6XIaWlFiDqUXSPLiRF9pdKeqJzxXF42rHo6VkNvZrQroIswF3F5+xQcY6UzM5Zuzel4hB0JDyKXUhhGSYiSKvS4JzRIAKpkOOGoQbpfpumKluv2vP1ERBUoyB6TR0FALOE1YzJWdA9DvAcG53cV3SoBqgm2iatz8f63GBROuCRJKcXQIzKgfjIncOksAbPO7RsCXlRIiUOcFzyAlsB5R2215Kl3gm2tgd95F27Y0hfUQDqJONsS0XkHrcneneH22tljHqBNWoSeZyoY99Fx+SFkltM36F/bpTL6OLCpH7z0YK2UxlEi0/NfkNezSRx2YgA0hYOUDACiZa4Y2ktMO5neBJoRbvQUh1uXeFytmxQVeg5YQT3igY1kzdKm0ZDZ72xrGnxktl3GilpEjyTirmUWfFUJp2MfEr6CM0AGM56gOOzWMoQngthmoESaImYmEX3Kzw2tKiDe4HYpofMoi6I+GKL4bF28jJ6SOFeBhtbU608MX2QKka8Q0ZSu9vvX1y9vjseKgB9sd1W41IxiFqiwbCW3spg9txjI2DBXHTK/osH9+LkUXm4ojxlvTIpn9hvbN4UHgK0mXnRWOx8vuhURjEDnek1Mh5OHeNLl2aYgDhK7eXojjc57uQvIvZWWMyK8V4o39Lj4qGJY1BhesggMFbDZqznvWmTno62vseiIUCOVpL+obCgKTqF1kIe2qIJLboHdAgBwhjdzcHgsKsX3Hp2fg/W812fRD9CdTR4dbpAO5BQjdnixBk3I7rcSxNktmvTXlWVQ4FMdB1xnjVf2/4JTwpICeuJA4bFtWeY4+1HFN6OU9dwUVBFqhMCihRSE4IvpRH2swrGgbrWFFh0hEKHiO2J0pUH764B5tt6yfA/9uA379AGu8VZkhaU6BhmBBE3Rlm6Bxq3I5k1LEw3x9ND9DwuUFgJb5xRn7BtUYejq2F2xHxN9bRA32LILddRA4O1SpKPLYxzFecQ74VbUYsN9WAaJ9W/HI9nBOsqur4GudSidy7wZx3PQ5UgcS3Er0OYekL6lxMjQDtzyO9Hf5i8Wg+n8W3u0wSW2rO2kMzdlmmrn4b9iZXL6idWy3R5sX3/wXk5nc43m8ePHv5v/9v/+/LirB7/+vr6l7/8/JMPP3z+9MnLFy9+8PDxj374g3+4vn7+6uXlg4u+v0gCgHJFIlA5jJiggo4cTQ8BqlxPeZHOH55fPF2NFVQZQYOeTZSZ3yk+5+xSM/CYATPMVNEaarxqAyRO+XhKy8XZdvPw8qJu6v1hPwyHq2xkt816s1ouEEaODJVs6AbEUJllVBz8dr+7vr25ub7Z3e6KKMWFt6ut2ynJ10MjVcKELJjAF4NhwLTA+dfTqv+t6Pz5dnNxcW4045PpCNXzrRXFfpHqpe93t9bSHjG5uthfpzxU91Sx6mqvVxvDrIM19h0MvgnW9tZZKGCyfcmCy3qG3clIkRXm7hemDl32JwOqPn/y7LjfHX7vw/DZgx9sNuuwq+dlOn1pndMJVmoICxuiXQ9VgaPsgLF5jSQXgrtE4nkg25yBR+E08epOF31wZkgA1tIDTxpqruE8nRCjetIZHwIto46UzLb8byL6xz2fbGquvdk+jbWhLO+KtCmz/mLFQTiDzjIFiocj+xgidGNBo6zLYxxMn6Z4QyuBHlkxJbJxloW/88u9+TtfFu9juW4cilrS2sppf7flhHOYHz3GyeC4UfTv54d4k9l7/1xLmG+jd3xf3jjj2QumAMd/9dY5v/vI7ZW/5Wv2aVk4Y5gjEA1afMeRHA27d3RCae94LPA7s3gxOEwQ2t3mzsaQmMbbiyqucLwKgt00geki21KdIYoyiG6+PmniCj4FLx5hfC3jSz4yYwyMqzGco19sq3mqGWC/sGpSCcu+325W693+6qaewGibsk8mXddZMnqL0hjWdKq+s6+J6Udxvdz2Zg/6aklh3+AsbeVrIC901Uqc30EPuMbGJ4AaO9MwOOECFfixIkjmapsAABAASURBVCGPzs/+0//yb+vP61b7P378s7QC180o14eMStp1PfO9UbwWl5szQB2j8ziqRViA5VPqRaS+QufLkJUMWqpY/BGxTxG6+bXaBlXiMK2TzpcBIp4yWyC+UN8g3nZM9mdsyMC2eCY1dInNhxNICfJTVi4d2bXrgQdXJ70wpc+EDfFehjzxoCm9RegsaboMPkHiZgrHsqdKyMgxDNIjtkIOonIfmSl6fIGCkXPCCC4xq0mJUxgxfGsmkhNUPMSPu+IwU0meSeEWcEiCFoj3rIZ3WrrojCK/97FRXxgWhd85EvR3cwihdlBpJkFxun5KmbfSXoz/lODKL14Dafz80P6p188tr3f9l7YXZ79SNF88EYoticEGt0RKDfUFg489+rLXKBfB65VfBSHBPWQ3sc86Lvpc1NuueEV+w4tIikN4Wt5Y6KBqu8qoa0A7ljcdRM8nY5xNi/c7HbMK9PQiSU7MBT6Ts1UciaDEtOeyTEJKaJJGLunAkCxK2oxsAXuaGrNmOHaRfCjT2ZRcRMiO1hmIOXKyUIJpiGrd9A6U1rLkuVaMLdUvUi/1pKlZHBiATAsLYGfkA4mG5y6YfcOzdsw0s1ow7sUAkENI+oeQZTAfcfcGrIo4hSIW03cO8ZnElQG+cC3gIJNZaWxKsHr7qGBUBUdg1sQdIhNFlTPLeBoIYQOGBhkzQAqjwjHUeJOxKwSsOU83JEjEGT475ZQMOjJGEdiz4eoD8IMqLF6Y4A+LyhrH/SFEFg8qqGea4FAuyH0v3HAkO9qAY3u/5TWmD50MQ44uiIzsd0DWTrxyhGg1OglMmDtBwWMAjGXZBkf81ZNcmLq04a3L1dnFtl8u98O4u9tVJKaeDhi+Bo3Qv1Z85nDYj6djGUfeLp90Lt+AvDUS88D67OQMi9sSAMeFM1qMPjUUE7MGGUDLMbMw69PdQB4ikhgwDpEZTFJZAmgQOfIAkOtStzUgUxMB2NRFUi+8pr9Dzboqvm+YbGgwDf1cJ5LxKUK/PBq4D2mCfpkXwIwGC4UcvGGaPdkTBood62QYu65eUQO+swszcPKeWvDAfcdBraHMoUqwjZtJ4IbuSJpGBgayrUVOS+CEosNDAEK4WIwKCHzxk/5vrLN+2XR97bVJgzn6jjo8XWltyA5AA7zviD+xbK8+Ge7ATnzgztTgM60IZ1pGB+oKMzkbR1RBipq/ZUgv945m4v4nkjyknFggW1OimsM5vVqpTmjZVafb1Yv8LPcSGkoieiG7OmS7xC/X8mCfYCfNH9Ro7/Mxo/wbja5XRPWV4syUFbnSJHiytEdBa0rq2GSno/vQ5gGDc0qjw0aldfQV1R6kJtzSo1zuWfIQ4hx/cohOIB+Ve4rNxKqncjidrm5vX97tF1YkK5vN9piBFWNV1EUhl4CPSP4ly8kTTNIciDyGNTmW5Wq93m7Pt5e3tRB53FPDk8A3kKMQCRIFZlWmpG9sHEvdTyA1qMuChUUmDnC17C6KE68mttmiWJiaZswadWlpX/HhLcRuQkOfab5c4vNotMTT3f5wu9/fHQ67CkCPmGtm9Sa19hMuTJg5D447SY0q4zjSHSSOnTRtIvhCCB6MxUAU0cMf0I/Qtg5RRJNI6Ywc3uU4rUKpNfDDXM62eDujkaW9Lx0HwxBVR11KMybzHnIGV9wW1SATgIzTScYwvcAX19RX6aXLwDKXhvUEzwr4rPQhMJNJiQrNLPvG4nQ6xU/Jv1IrpJAFbpcqUkwndfXgoDp7b+XpY2OJczE4wMBbIdKTnz5tk7avNxBo0SsCDh4noO6oyaOxgbodnzTqqKYlBsOqeCm1AlzAeEiSyWd7k/oYHugmnwwRsMpbpcrtgb4IhCu/jdHXNn5yz0g2mGNmF+g39YSKRPJZObd6+ymMJzPVI5mqTK+zjAgiR18+7tWLiHfVgGxWFeCoMclpLB7mEQ2uQVXdXfs9So9dRTwvN6sPHpz/+3/7lzfPX95e3azWqx/+3u+9fPnqwYMHH37wwY//8R8fXmw327PD8fTkqy9/+P3vXV29/slPfvblk2+2600fl0xcRw26giNHTRQANwqp0iLLZ4vlBw8uj/vT1WlnkYY59y6q8yFyZgATA4lm61nwZoLPkuoJL7hWUHo3cLVWqHa3t7XYtkgVvV2vl2sScMlpGzkHJZDyDCQazWvXt3c3d7d3u50FUYO05rT+NB3Vn1hs+I3yNVNgi5iwUgjURq/OGGpSP6qiSxVjMhl7Yx9nEoRrWFcf7L6atbtbA4rQH5DAiK9Q1Ha1OK83dLuu8coJwhmo4pZNZ5dcI0OjksD+nY75ZnfYRVZA89HUPG0lgZBRnt8c/+GL5zU4TD98/AcPz85XK4vDwhIIy8m0sxapX63Wm/PFatv1S0ywZAAEzWRdDaPIrujfnDporIVaOa9exbjaqPaioUo6dTWCrGG6c5iAawnISW2z1Ktr7D5YkuQbnP10rG2LaEh6XhzVU1PYYGLK1hxEmyOfcNY0wn6IVmQYwAeoUDvINMGJPm7PcmxtbaQjqIbrnvn+18wKhnna5c6gGT538M2KBl09E7EWV4Rm1Fo9WX7hjUO/eSbTWfwmEvPcZM++5q8u9xnc5T5KHkKIb2IFcf6r4h77t57HPbTw7Z9HR7JCUfhdZhcgc/Dmm0sDKxjX3zvJ4rca34tBUmY6W0FhMK+v+JtU5YxT1Ie+4aSUe4a850wtS5hn4/WPJj1JIj6UcRw0SPDByL+Id+DHGJBbw37r0ak7ZtH1IDnl7WZztt0NEZGWJX/LZ89ellevx90esXhvHQ8mj5avbg7pm1fWxGKMjeHh5Xur1VmCkIXx5JSjlDJfwmUGi3gzesbOgssszdmNMKmGxQ6WExpCcdpv1+s//aMf7Xb767vdt89fjCQh1czEaAzV+qWbU8WWK7gcugeb985qfs6OVIQweAA97sdg030UcupRx1Y2LYuOAoa5iXEwolDGRLDAsRGl/UVwLmYYR4HOraYFfCM1RpcvOQUKZm9ViU9EpnP0tJEPOo/sARFIhjBzVI2rOBeYa7hpVTJymDa0m4SiHDWps40ridXrAhGSoj3JSL54wtT2CHhs6nWOHu2R35OHsbWFkQqAmIC97v4k2v8U3XogFWO7n9rjrlGN69F2bFc6A6bYZ95kRjxdir/JXv3L/PrODiHUGp38DbkeRU+zBa36cuAU3wetG31OCM5QC5MvnPtELa83vmKYfKDicXwSdhT+RekHMg6KGgL1lcvMML91XRQuKBN0XNqKd/8c26WGyb1Ftj/EicZk4ahzIEoLR0NzK/fzydn5lOLmKkx3O04WzXidskVEQzxBUYjedpr2Nru29cHgDhk1jKcFp6ScV8gJGQXIrnIhqgVyVfYO3hhbwcCbqflMy/REZrlXafFvkduIHkHwOTDCCpL00LFK66U1wi36T4ObV7fqsT1Vvli5D8eaAxTLhYgmcoCg9FZX4C7akT+pIeoSeA+ExU9aqjhzym2X1HqKAZ9p7lmQh6GnqBBAJvcKY8So3Mr7QIat3fkFdfrkeO+vTv+J5VrJkEioqSb2aBV/4CC5JvmPAdmLuUBLHpIH36WnzU2cLmWsbUaurSOea8wUCjDb117YUaQZ0+7Bho4kTlorED5t0Ql07HwBGf15WVOD7fnlo9M43Nzsbm5uTqNcJsLssUYd9UpOFSva74x/3R5fC9EQSLFaS/IQx/2hOT0WyVlGDkAqfJZIAD21LYJPk/LJGjURW+raJi6TAldESdamPUCczBjimHKuVoLo+Azsx9hR96UVb0iPTr7BFXdAfL0+/5pmDhiYEJZ9LcMvBuQe2XeFnCh3jLa6BvjpTnALeASSjQ+s/Mh3K+ChPBCrYvAoKV+Avm4iFWRAGNeOqKoDOO2rvscw544Cw/pQJa9JqCUZ9+BZVISkN+SRp49st3MyoxJvJGcyTFiiLp7WgnRuTE6YZ+Gddqku89SAqcn6klzHoI6kh9BsOQMa2K/o4hvqFynev+JgF/NSxT3MSeiMo6uxNNPfsBissZFx4wRUxWbu/AHOUpc3nIxgstBC0Ga83Id5I3CU34PN5LcGchFc4Og3Bk8s685ZAA5vCd70NeZXU3yVNaljfrxfkDzXLOhtP9GFtj6CRN50X/d7j2h+PJyGu8Npbf0ToyskRKFpfV/K/HYmaY6k9kSSeolwARLhXC4X6wrLbJarzV13k8PBIHKTEiWZGj6KxEiHR9GWPVq36XiqSFVyj5X9KiJBM2lX5dntT65ARZcX29bkNcc4c2nTo21Bj9tpVLvrFj+eTjsbPHjcHysiPmQPk5vv4wMixbhDQRk66aFrG8gJyElcJkXTaN9VkUNbJDFjpZBQKlKGBU6FfnfbMMUlHHjzban3iuQ42lZIPm5XEftzFoIE3h3+LIfoxS9FcY0LV+TLcLMi3fQk9hHfuLG+vUt7KzECpR7RBT0E4/Gm4wl299f2zJreJzHom1nu0fZpaeI5ZfZJ3EOzMCzGpqXpMcNYWsjDSlTb+t4K6LtqSoc8dnKfzmaR1E3qRKQ3paYyGT0Q8acc75+szrRdHRS3dASzpV2YxZWq87RN3uIarUyXkvdFoODA80lZcdm9ODOSclU8D+ba8Kw2oa5GI9GY+AOmm9oxsFAH+swS5xfiUSPivq3pOCzh+EozabxMK61YhWmMVjlNFTY4364+eHhRYd0Hlw8Ox8PLFy++9+mnX371ZUAfRr/sv3ny5IP333/w4OGTb75+7/33v//Z925u7376k5++urpePHpYkVMq/TZChHvbEFRIiLRe9YTqp9zWstLxWCvrQRqgouxz7SnuCLGZSt6yVmZAxbeeVI/rMWW85aL+z8KoRV/LebVqv2SENtgNVGMNq0P1ZPbVqpi2z94mDVpnhbWKZUGkFriNdDS+J5rNofVo5oxDo7j2ssbp2a9q/LNZLS+2RsA+HY4Vda6l5DiaYaqnvTfSQLX0o2ISjOeq17Zedhdn60cXZxcX5zWqq2c4HMfeOBdx3Xe19N4ZTtPDFsRhWWOhbndc7k8nu5PjyA1fj77q02HIT6/vbNxDGbsfffCnHz14dLY8oioGOLkW820y+HJ7lhbrugbg4geFeoKIIjCayYexhGBPod5k0wdZp27BMWIoR8sF2Wb3AEDF7MhHRx1zCqblWOY7Q9XhIABEibF2As3BSG+Y2RgZQFIpHIPIDlSY3xoZLvp+gH5efZ59pKnS5uLGehNdbRa0KJKfGbKWHOnnc4DFUZdw/6vlpMHt79wIiPEQ3vwqbxzx/8Sv8lam/tY56wJbxBVl1UqYxTHFM4t3nP67jvLP/fKwYP65RcHZBG+/kdBNCEgUbDa/8/qm+ULP7KePl9sVZdX/S5CB3RpgkZVZ4Ryxif+L0OeoGUB8n4t6hFAaVXRhNCP2bit01qQY60M43d1cVez54lEtmC2rfbcdudlenl+cowPixevXCK3zKefDMOwOw2kEM74XAAAQAElEQVQMr65r1fCFuYaYv/9pef+9cHZ+Xq0emq8YFGT5F28Uk2MoHFcML4CBfiq6M7Z3r02Uun780SK++n3/+NGDP/mTP3x9t/vf/+a/vnjx6mRTbaNRxBAv1duwG4cnYQdy9ubDs0VHA2J2rRqrk2Hlue5KdbHol5FTlJgoBSuSqg8+dHLedPHAG8JsCqCnBUptKQnvyELyp4p0bgoBfHX6jo1axrTupQXpygeCRwWOxk4NmFpCRI2AY0wWwwMzrWUZkyg75jaGx9DeauEMnd+9UCpOMUm4vwwjeeNIFWmjE0UJU/HOsymqkCEN7QJKu4qJnCpfNzvWPK4I94ydByuqYs0i+f8fGK////76rkpwBA+h+e/YMJiiNfqGh5ilHPOQPOQy//csUHYZoHc4tBim15b2s4mJoxgreAbT5HU8EM/exllmH+ZMU2a0WtGlNdm0ktf8mtpNKJoPBjnMMl2zyX9GjMdB7un9AWU6z8Db0hDZMvtlad+yUbZ4p0RoMLKhliPpVFNzgcTtHRuFmSEATZk0Dgic8qx2L+jHiOuZaWVBPiMtaQK9BWNb8Rr1nzYzWUgTDR7u+Udro6fo4aDkGvFi6kS79mUGccrRfS4ZpUgeX1hbsXQnsE6SGvgVgpgeAQbH8WYAe0IfDQRIcKNTbElcjFQUasY0+nR31vfwkJLauBl7xYb1VxiQi4RnoqZYZslFnOgGl42B5MhIX0XCBRuN6MlO1jfUoCvcNRlidyQB0rYFyFxKkxMAG7Q6yR4sNeCNHaejCdTzNYeJYcHvWFBOxYUq8jvvAwQToGrSu9oCTr1joUlXFhirW+5E8Q3wSinXWBbL5fb8Yn128fTl1YuXr2/u9vaMa9KY5YU7EI5MCG84xtMxQbGbAIgn9tSFwVFSF6REiudSlAeTAA42aICEdUTzfghKVnmqwU+/E56sDcZm9CjScFTfEIcKsvUSJ8BezpRb7k1hbMp0GkAPkGjq/iEuTU5LzZSPFX+u/x9MLcviufWiOx67o5sWrnOZnigGWASF2UZe1JTPNKaNOu1goKmjGMEbFSM8xUAoFowfLqckAJqeviPk7l30nAuPBdAv8HzBteuZ/hohwfOuVtiiUm1p7lpCE7HrfKMnWiEavwm2Ij7ODI2hG3WMeJ0O/WsxIaqTdQuaw5m8SarZxOifa1tJcVuicjJhHivFdL0vbFuYhZvAUxFeMDeFE+1zUo8F+QVuGnHJMU4N6d6piPzCTy3ODDs3Gq+SwVYJUyjmcECLhZTozaOgCWSaAqQE0QyaUqrQ5YiKiRtGf3OYnQmY/HEy9DofRndhQlVD88hJLSXR7U+aGv70Ol19vBfiib7DN2j8VNcngaaikokOFrQUAjTWoxC3ZmZCkXxTYDdRtzCl1m65jCZ+Fx0/JMTA3aatw2ePNN8oZGE4RcOgOUUixomp3u40J6ExUtAavV8bD57SNs7VFJkEDzZ0P4mTRioFEYOum3+Q8obuDceao4eCexPAhoHOWMTIXdo0QsjykFCTRF91dmtIYvNn1X9TIpndkfxu6sZvBq84sAa0G2lSR00fyWYVFuMIzFtTiZXesqeuuOxu7pvDjCtQQriXwxfPG2iilDrKgGs7Fr/DxbdLUTSmLtLSgqJZfEfbnnwvhWZdtK79oUwmtoWg3ItCqEu4BxtPS9o3PpMVcbEnLrfOvGWTQMNzni48+I5UvSEEYVmpkZ3wSnlq1NfxrBEJ2MLou6QSC65S2HNSHFu8CBQ8VigevtmH9lF2Qn1pHkmQVUcgwZa9Wy+NDQg+6DS0M/dDxOkZT6FT8Oq7llYoDlcVxqG18m8UzgwtUJsdy9WFCYS2urrJTxQPpHRz7ecmhLxaoKFNNPfoRti2FNQnq9NaLrqKMD+4OPvw8aOrVy8/+ODjeoQXr158/MlHF+cXNcK4vbv99NNPnz99ul5vKwZd61nXV1cPHz744e//8Ksvv37x6jWA7j7OLFrLGkiARVeI1b1hXuLDs7PbB5e3h/3+9TWC8Bia5LDXOBPjg9IssWqBHUjEi4XpVNQLrLHTarmkXrKJS5DYDJxUym6geBdpu4/HMdfDXt/cXN3c7nY7CxpDcahc9S1YtOTZi+xraCWZ0tamoaDRa5TWA2fN+BUw7jeL7tzmIW6rgRhPx4qHG2ST84L3HTFcZx7W+AadTeWqkG7FnhbbzbIiT5ebdVl354tFjXvqfSPMDpgm2mVyRMMiVA+xHfLd4XC9C2VfjlnSeb3NRIv1Sr+92u33h3r0hxcPH7/34HJrOh6J1M6YEXit0mIZu35KYNTiqeivtKlA7gDh8NEvxWinN1625jDjK6vLgI8fgJv+JA5ocXc6G2potzKVmSdtu9/NguUt2BZWkqHibfWTZEBjZKJ64w37NnpmIN6GIYalQfPcguSaNM/dWoqbPbjHZXrz57PUUoaxbfHm92K7BGYJqc1AkXV2QElvarHV9Pb/s77KPZ9Ce1z+yXe1gDHn/M7f/jM/pDTed2xhwpuvCW4F7/+yBWTRU912s9zQlJk5LYqvp/s33Uj7LutDps/Ggm7sjjD78FYwmFX38NSyN2Qzg6ZAkPtlZuLe8RNl3IGkZgYiBYIHiUQta5s97a5vbtdXy/X5IsWzZTVlFhO/F7rL1eZ8tXrx4tykkurLTsfrw/7lzd1uN+5rKf7q7ljDokweXVdrU2eLs5oamZEfNeVKp0x+83xxtejL90KQP1R0V71OB24Tvknj8VRN7McffvB/+Td/dnfz4sc/zU9fXp8ob1aPfkJr8CK+OlQXtat1oVV/9nDVr1D2x6yq6sFq5WtciJPjPZRgKVFVMUbnvuCE+76brz048eg9UUVQmbIf+2HnzEAkxb7V8Fh9KI99nmCdKfacrRMPeWKY7JYEZD1nU3xXZu8rBJEKu2kVDr3LiLUfMmEKCFxK8eFnWe/ybLqtHX9zjPfPNjTgjIlcdBFBEagLF3yehyKejbU4jM5tfmKlhAYZOpQfph023bfilQ3/Z9u4/7RR+Jf19d0EoO97KEb9xTODgjHVaeaFokezeXJqylczeWU5t2TJPqHrpmOE0JXQ1lIz3iWWmYWPZbbYpoIhDNOIwU30HT5c1XNWfVyczil4PgMjHtQxq/cgKSwTdEBW6Fh8voUDwAFSEpG92QLT6nbqJuTTTcx88bsH88gfr8QhinSbuLEmshu5mazqZygnxRBzy5gLydcStZDoZSCbM3pOyY3f8QyLSTGNzgnoTifTFqifb8q/RdUw6Pw4RdoUkMfYaToUhepEnQ7wJdHtzxv4CwWfMT5MV68kSuExc+qsWVW42JEz2UioEgzB1mSOvBtMTCN5d0nhKBFy74rTixNUFZKJL9s0ceNxJrawBOpdR38I6D1KZAoHSHCQ3mDAWAOka6RsqoZjDD65gUIBhGwAp+R22UWoKvEAWx4VLxsU07E0kPNbsaGrSDpTOmJ2moXqAYB/jaQjIoQK5EKlwu7KarG0pk67xKH6yBF6FxzKl423YoRlAyxGbSxT/2iolylFGGwHjm7uu66VZSsGuj8cqZC76tan8cSkul5BjyzReL4hgLyTa0Z1dnFRz/Dps+fPatn5VM9kcTwdjsfq821OcTSSh8XfqWaS+dSPxpPKAUyYkYvApSW4QzMi91w6+rkg2qBNirCpesNgNB5EFK1zPqowoFFjzgjgxiUt3TN0TuWqDz2AY23fIxcc2P2KrKc0PIH42ETgJORgrV86lP3eSj1Gf65/8F7reV126dRXNDmeTvYMB2SAOk39P4CsadNEFiFtK5C/XNbfL/uklnYjKJnOoAKzURdmZ2LwMQSwE0szJJzZ8+ZqQhUGRW8x3eLCEm8udVsXC5GhFyQ6NMib5pITuxrKTiK8QnzEt/yk6IquUehztaMnTkFG8QoCoHqA0XEhFdiZO+bGBiRvUDZXvSStw1wTQKAxhNmZkdrJAEHFlJIjQf9g6JSSk16oTcatm6NDJ3QfXvnX6ei5s7zBe0Lh6eaDAu2vN5o03QD5J72Mo+OMBVhzbBw0ODmqYPCnEBZopCcSWt3fcZAXxPQtfw3GXo06Fo6QU5i4ksGdSJm5z/bFNcDyBQHKOBGASStBmyQnoshVBb+iBs0VoiRQmbfRlOvl4mFIm8Xy4ux8s9r08lb22W1mrAy3Ysmi8qsnRUkatBR0VpJmUMFmY2veAAKUXtFsYp9hnecdr49jfUbUtazWdbRBZYZBm7IMX9NSMg4IZTwQfQWa7Rbcyl7V0mDQlhbcyyHdnWFxBjXdFPci6HWN3G3WmGrPZ8DMTTNlxbArW7W9jVavF4GGcO7uxJ4O8UQo78NTpLhMDF4oAMXV2xttxfTQ3O4xoD1ahAlZ+RbXCIkMGo5WxM2ZMYbbYD57GjQbgvVRBc8uQTbbKvzsKSRDIIcAAxs0NUJAyN6vjGKU52N4EN6WBv+eJ65WOwY3KNRXmtX1jKX+a3RgOMiiKkYps4QttSYWPUY+fMWMraNCuRN/nth176HjHAjQCghhCiV1nwOHZCpQYO0BfSepcf7tQRKBFuDVqQKBXd6xtQetW0V9t6aONbakzdPxOJOHoQ3SCaXY5kdRVyU7i1NbOk0PAhg0KuQa8hNCK/pr3cMl8/pJ9ooemVMki3eUqycQfbahRkSfxylIZ3UpzRLGMEutS/QHWjbr1dlmtbCyt42sUKHEwozT4XAoZhZ6e9lq8ejBxccfvv/xxx8+//bp/nBXPeZ7jx//8pe/+Oyz7z9/8fzXX/76P/2H//XV89cvnr+qv/rs+z/4xS9+sdhsP/7owz/7V3/69//171+8flkB6LPtChutL031BRqbdkMkY97ZQLpjrvjx4weXN4f965vdYQBrQpVjVHc9Y4+e03TM2LlpOkpXodSLjgeMMq5fnX30cOJ45Wq/jieosSPcqA/ycDzc3t7d7Pe317e7u10NpAYb6dE1YZMOgzMgmYYhvTPBhGlvM8dyv5uChuXavjoeK3h8vl1fnJ+fGyS/qQ+53ugaKVs1cWkY9P542t/e1pNZrDYJROz6KdVqbZaLy4vz9WaxqDFchZaO+8cXl936fMAQVJvrNZ5GqwWWirjXgnqNifaHU79aLPq86MNqFbf7xevdaXeoV12rC6elRbDd4ZRf3h3/80+/Pl+vzy7O/vXj98+XfTZF5Hq+Q7GIr97NvhrRPDqP0wo3fWjFqCBot2VaBXJc5rXC0IUliSYwnqzboZJndxPGWH3iPYcAw4nQ61hy2M1QDRhSlACqsejwU8ag2ZNRzMPgHEXr7e80ARLqLjl3Y7VfmOhrrlKd6rakRltyiGXpAkIzNrHt+dmXe+ophZzsVLgPcLa4xH2y7+77+LVCCGVA/pFC0aYziNGjJw8RY7vnb53Mb/uKU7giEdjoCfe7Xhwnkx9aoNJS4OlC5t/76c481v3Pb5/wxscG9zXtLXG6q37yjjz4JnPUcQZYhODo4/37ItuOrK39DwAAEABJREFUAMsPAhPQtAJ0GopDiiOyipDj/KM8fC8iztiSZcHDdouJLlqDAeYNEENlQMuGDkdKMIEBA91Z+u7g09AUi/bgarN2u9ur18vterNc10UKaeZu++jBo83m5v3398fDzd3ty9urJ69f7o7Vfgw1xzuM+XS9Pw3PNYfd0g4zgZ2UJAPH9bFKLEXlkMIbi2P+ZJF3MZpMmlZnDVKDidiUeBpq2vWj732y+E//4ez84m//x8+++fbl2YPzodrQ/X487Gp2VUtZV0MYrk+L7rD8oNuswqozuZ/YrUb4sWpoEVBJO8KirF7pEg1FTN7QbAEaYBmsoFw0AVV6rKU9H2xoJU8MMMGciQqGUpiinral+QFs1WHELEaVboLOBNg1BIfyJGCGcDs2/lhOHCEGj++h15t7JE7fT3sCUYrZUIRppWTV/HSaXPcS61CvtsdpDisjxkYPcI/JYjSPJKH4ALPszO44u0WxbSHhA9lXBKN2z3hyCc6gn/ZSaFvb+8k46uz+Svod+vquakCz4B8m4v3MyShpdgs5+4pxMqKM/WOZanSA2dobmYHJxE5+sp3A/HwK+W1KZ5v3a7ZXeY6sfWFe8NZncix3YMZSsv/We2O4EQRuRmIJ+A3wS6TDxCAUaGMHjaFlOxP2WCSL4T/Gsb0FCy83Ap6rOXu0gaZmpYNRaV27G8jJDfXuEChr+B4RBu1ho8wB6cimfJYIipt/gQJh9vEE+mivu2GYmGxTuy4TD3DJDT5MVPdFFCI4zBeTmcSGlGEUVrXoEyWGuduLCIYEbnQbgiwFiJzABgEFQlIjW1ufOlUjhQ05k8emWtnk8RrO8cZ5GppKZ+ilIRM1B0OpFUK4Ds3wGVGBSEoeRHWSxLarlQyhGVC4CUsmSxrKiebMsKGs1UdMNpA/a1QRKs5GQIdpygqIlPpis2l+YcAnkPzUFKWp+m8Orzchp3Q8HjOGnhlFoutAjRnsxDpTWQXzFlrYaWERb8mdN+6O0O6QNA28HyMoAGAjGVb1Ptis9ezgS5FfrW8/DTYqMIYoIMGRKcxnHzjK0joxt+vt9uzi8kHs+5//+pdfP/nm6ubOxg5gzxNsk4/GalnEsCxDchS1XtcxHzlRylFxmQ8iM/SKCYxmooL1s7iK7Si4yKxaCPaDXKONIeQTN6ENywSMplx8h5DkZDM7of/J8YJ9T3nH0BF5FEuxq6nTkgOJE3Uwik0kwsJNZUrNIb9xpNRJt8BWGsdVLbKXpV1CFxdjR1vSmQpLQj3d0Pmap61Wi/WqB5xk9YBF5x0EhtA1zotV+6CWy6pHAGHBwMwAkcdol1CBO8GmxLcLIXis++Wi53VBdCSZGiJnScJ0yGq7l+fDYL8BwB9bFhlovh2y7i09XQJDqFURIVfx0SNv9rfZ3zYSE1AI1WyiB56g9gKVLUA4i1R3gNdDKCRBu7yz/FN95ADsxG7GyL7EnCpwgBVMapqUHybeUHExBD5rBrBhytWYWMLg5SD7OF+YIdwzmnAByb2FEknKsqHvscjQBPdvIFDg3I15r6kaEbd0UNbHT+FnRoofADmOIIzUG6/QkpW3lmESp1M6zucW3cRnlCwLJ9KovjjBgjy/dhGNm1xmK8Fvn6FFy355sT0fH+fTWCoA/eDs/MGDi/V6bZrn3ZKymGmaNZei9/fJUhOAtEkklH6iBU2cqGI5ynLVVxCk61Gwrtt3DKykMkuBawIhg03OFQip0McBOpvZEAvrNuk58w6FlJga5Gwn0GmeSmnCJIWUbQB80smLDfOTy5iIqFoqqBACryILObGp3uCmflzaAfsRp67FFFr/uk2iN9QR/q7rJObKQkxPXRrrAtGqRRIYKXqu+2cIbLFRj1Y/TpA8WSZ220TnHXPxgzpoULu3pRM8R61bo3exikivSgZhT8xYPf2oicoz8l2csvxSmkSWfT8wEILpyZFOhw+ZZKvCu9sgAnWMuWUOsxREpWcuGAykQazQ0hS20Oul0Z9YEWRfbVGKQpeZxEsXQ1em/c/dRt0qy5HBXKaorjym78agMIqYt58rfbcdsXPycmrjNvU/i5NT12pFekKJaX1AXYGiuMizIh+4WX4MSeZhePLTBer/STYMHs3PiOs9+lrxAInhZPDELU4gU2nwSZxTQFrMPANPokI92NHsI9VsyCXJntxZRWsoBk/1+NT4xFTg8I1kB617ZrteV3y5S1JPMrpa3diHfcWg64uWq+X52Waz7D776MPHl5c3r28+/uSTp8+f1Tc/vHx0c3394vmL+q6Ls8u//du/+8H3f3B9ff3Fr79cm6TP9urlq+35xb/58z+/fX3z9VdffVWe/OgHnyUjF4xwBYEWSHeLCb2B4GkIhxoKrSvqffng/Zv9t6+uR7KQA4AizePlalDi7Wk0gk6IXrEEXnFYNO7gasrJs3Qosg6Z4UQGbLTb311fX11f395ZBd/0vHJxljszChBrZ7ul2ebim7Kdhuwt8yZkYuMi9R9/77Ozi239oOPxUAHu4XhiebnGORX8raey2x3u7u5qGL5aGI/5CGmxCsKuF+l83Z+vapA8mj5siof93U3JZ/XRrTdny20FpI/HcrLYNhwPB4OrV2aXxhETrJaL7Xb14aPw6ur2+dXdq9tg0htmMKpPqa/qb0/Df/7JL8dxn9Kf/eUffras1XtUeFiKK8pPtEAjEQeXtaDPY6GcPd5wwAguK67U2XfgpNh9GW3KYF9Q+LHaho14BcE7qTRUSK8ubSrFDBET9d8yKqljRVZwBvpTdcaiAu2N7xlPL1sQNxoLCD3oFa1nex1MDQdWoxxdSGGZp6zKXt6AMYP7o3miHN/4ZcvX519xAvgEE8W3X6QN4S5QObUWnaeEIcyG6711MsFdxdtnPk9q40zVaUKQ5+v5jW/e+PT5r0p54wTC22+ZAKjYEDdG3GmOTM33FLdri/Q8AiytFWR23Nm3KlIXhuPTmD2Ph1ghLn4FcRZw+SOaoqegLd21f+A/3rET9VM2B6bWyjeeLN9UFzqI+DWJs7wytba0ABKbpsvDgSTp2xGBxvKtu/vuahgPy9WxWrfB2lPIEDCC1roCup1J7C8LdItt7qY91ZoYXN8ePv/6KexljUWH9x4+3G62JjFvddahdcqyH9GCXJAh5o+ROyAGr7QVORbOUCqxEwzD7K/rvvfZ9//g6vDi1f7u7rS5OP/0409rmev5k29+/NOf1sylW673ofvi6tR3d/nR6sOL1da6yMxE57BGmd+UrzFRG3g5q7uJoQV4WvBwoohhpFaBmmVR+tN4vtw9zC2EK4eGUyEP6fx3Xi9nm67iA2G9BHFYYWPAFWek9+jPlnnRyPO00nYmKjvysKJWk4Eo+cHJBuDsUJlwBChSQQj2tb6+n+JidCSHoG751moOyGiM91KmSCXyrGzJrjJzfGLLxZInL2Eynzwpbr8pVAu+T8K9DeP7OcbZLmmbN88jGc/a3rZ1/7K/vpMAdMsfwtyJ+aNj9Ki/mlnwFe0JbZgZdMXx889pGO29tRbCvTdOrqqU9u9WXvGz5CJuB8t+yBa7zD+Cpj+3E2S9m5CvprjkJu1eXKqjnUgEskNur5a5GxnTH8AcOW0G8JosARsF38dZfVVBFTpU2k0qLTbHWSe5/qJIKNwvWxc1NohSJ4F/952p03Qd5D/8IfC3jhcPkwSdX7MoRivGSCFSLWR0ecfA7JCcaICSq+Hk7GcrqvdFpsq5dWDzgRe/bj0rjFN1kxKZAcj8qoVZGE+oxp83S+sJBAfNNXOBIfO1TcHf+4tx92JaiFmMIBUAGmHKSO6tHcJ4r0Zk4AE9TcWTYZMSmemYTknzlaaMlwq1oHFlevTAOoW5qaGMDiyXZg1xIW7GQePIDrk1ON+o6IB+eYeQ0iY9f9NqABxaNNsQ69tgjoVBNmqhZQs/0ivBTEQQgPGNNl0C7UA1xYmoTAKu69zrZEwxtpyZnVzLhfhVgFXHhclA9wBtF+eX5zVJudvtv3ny7c3d3YEp0zjQY+vZ4UwTMgnleNAZMFEXROL0cLh86u4VqF8XIw3VBAFDXLyDjDcNJ9PZeB/0ro4R4hWyL6gElPb6AlCBXqio+xJpYxm6viZY260tl+Op1uxPdX3B0RZgm5Y/VlytvmYBFpPKR1hndGaFZCcAsFnaf6gb11BsWR+aiRNUVHi5XuTx1FLVPhGvCFSHXK1MCxLEgM6wbrTYYxfICCgIUZCp5LJHXEjTjLjRivUVLFewi6WDUrNiIU7sTJIiVatplBRvi4hxB5VaszUhNz9gjFMYmi7AALCOldu8NJIe1XSi1Rd4gzJ6TBT4OwxSgiMrbt08MIi6SgZvLQtKDr8nvxBYFYXIgfETm+kkgTtxtFuHZmzYS5wuWl0s0YVbEBx25FFPubxirIZKu0GTXyniwqDTgh0Vo5ZLjMpEUTWIjb0dZsGauxHOgk2uch1cQFy3A0Tl4uQU0ISj/y7MXCbvMrYESlA2w5H+Rs9Z3JfiWU6i2eT9Jj7Ll7l/sT1RSyYV1rm8vKzrtb5k2S/Otpvzs7Plal0LKWmxYOUothSihMbUnt1H0W5iyyQ0OTICx131i3XFN4ZgDGKeI6XOy+TGgxoPycs25ZtjMkSYrqR4p4pHBI3MpM2Rc5g1ocTWfePo/PSb5HeMji4rqYf353OEiY5NHh8zbNE2TsGeHPQutN701ab16L0ISHKwoDnVjL9FoYdUEuiG6FuUr0R6tUWK8pGxHztjQfbY0anhjh2uP0OTqEVaXB5Udscyo2zUMO0LbQS3CR7KeegRfZtjnfhchYl1GI1zyB2QYpzktoLjKV7kaJAKH4kWXZoS7RAFh+L1o9KL0DYCMYu2cej7oz/uewiEDIneBMEEiY/pndwomeN9mag5H5rbyF09WeK4Pude8RlFzZMsqoml5NwB3dSCgbq03qI4J9lHnFXyCBuHSMyRonbp/RpYaMCUW/nGEZ/Gg6B8H2YWLsS2rwMnDUvYy+P2logWj+f9fWF6KP7IZDfA+ZcKFcqHgdOuyOlq5x91jbJJMQrFVs+Z/bIu5u2mosWruo6PI/pmMFLB4hCjEtsGqOjz9z54fLndYPZUPu6P2+2mRhsVrP3444+/ffasIthn55c//elPPvzwsFguawn9iy+//uSTj+6urg83N4/PL/7Vv/rTu/3u5ur17d3d5fm2oFppgYMTTlHwCr4Ka43H4pCKT15s1x88enS7O9zknelrIcQrbeaKotropIwSxBNjoEnpekyly5jujOMqTh20FAeT1D/WQ1zfXO92dzUwQxPY2GJmxoPFVwD3aUs+gmdcYcq1BXXweurNrKXui83FgzMT3BjycGMc6917l5cfvP/+EhHO5eXDev1Pn7+42x3A/rOwEG2fQw2QL8827z+4ePzgbNHZngdZoRogM9z7saLOcWWAhjV+1RD1OFbXV9H2U1zU4sHieBg6yH7W4ObsfFNRqHr7Kn79slvcWCTZit4AABAASURBVKP+UC9vmcIxdE9vDn//q6dnm19enG9+7+NHm/USh1pA0YJNqOA/cKZf29dY/ZAPFA5t91WPJk5BBJIxMB+sWlhAg0cNm/0KjIhgM2E2yVAMo+TLFfD5hhCc6JAs9Z8Uj/PMEukNqC5h6AgmUXMmssHNPRTwINIRJhH+5DK3kwnTnrxnB2YGwe10WwVTzvT2q2dXoDNvdGuuHixg1iv0/ey9TkFr3lTnFzzXv5ecTt763V/l/hW0t9y/+rcuo8yo/fPXtySrTMGYQujyztvh6HM7HSk0t77b2SkpC4+Od3mw5fEfT/W+7xF3SwBECG9diMZa+INo/3XrmZtdxstj6/h2WAKNenr9hMEVtQez6oyqzOCEaIjqgDXiHg7WmasfrJbkfk8d1V2nELrGWfudTWutgdZyaalFCfujodAZ7aC2VWxYzHaR7sp4U04nhninMVzdjl9/+6KiwIv62tMQ3nv/7PwcJJrekBFd6NzRaI8F6rkLwEhtseBZMQmBIKYROCqIYXNTr29un716/esvn1zf7OrZ1HDrwYPtJx98/INPPj3uh6+ffXM47usH3JTy+ethsAAoff/hamkVoYJafDVUYwL1rPfhgIxzbOta9T+h8BRJYithiqMZpBVnXMSoYcp8DQjISmTb+mT1mONkXakWjRmIJBxene1DrgjUeluSS4SCsYOpqBQfXNQ6iLOQ7ciIAoGuy7DQUurTUmyaFiVOtsFSf1/sAMYarWeKw4IrdwfvoGraX7SQsIK4H9SeCmkypko3yjwYUT+e/uUwG+98aF3TLcaYbfwU5vkk96Z2qkLV8Lv19R0FoLl5ZP5aPHnPOs8cWPD1Q0sdZoYkxpnfjvM0w82JQ5Yzf8d/uwvBD5LeF2iuywz6bEY8zFxRJAWMi674HgmegZcp1Ba+U6J7csAvwXNl/tWuM2obl9Ci6NgOZ+32SiCIAcZYpvYi3otWl3E4t8xuqCKr2FyR6n+63bzUEtzh2P9FJJvyPLfdwpPCLE4NnksrG3XXlcQyIxgYiSYHCLlZSc7WcJtjAPtllTU29RQWvlq2F0UF9GgmxCi9bzCfxzi1bHugHg2vNYJtBHGElTytFYU1ZE0aeC4HW3zajljVHnbphlNTT2Tc7Cm4ITYpOOzSYik/SpxWQ2lz0e39orBFH/hA9443Zzd8mW2YYmx4aMa6ImjdKjzGtmYhrYTjNRAdzSJkTCnntkVlvPCcqKqBn3bQHLc5dYUF5JjzbKE6ES7MGIiFguKFW8n8N/iwOhcXWxhP1hrZtZ3XtUkLBgaMi4ozgRZcoagHDx/U83n1+vrq9c2Ay4TugCH6VEwomNWAu2d3BsgLKJ0joH9iApFPs7k0X7+uatwZ0JyxUew0cQstdsHajJye2VF0VU60I6jPzVDDHj1YYaN2o+uTW2ntGH3xcDjsj4dx5DrPFKmAjnMFiJcQHa7VkRMlkYvfliDK9TRsOFAl3MY1BlMdXJZ+UR/dKmpkPft7yei2DMTauxYJCBIBLMOgALi3/CrI23Z5smmYVWiSiFg0nApJSArNFcW3YKH6wiznKGTYJP9k5uE0Nvf0w1D5EjJMFn9B/GrcVVZk1H7hkwA50zV6ZFC84GWvEinYg5pmGtse5EIw7ZJM+roCzhgnvYsowR5sG83hjDNAVQTEArZ4mMJA3cGWexWiacA9ee2U9ggWpzFGzxOjLUjEgOE6YEeVOlqNE1t8au8AxGKVM0uIUf8nlhjU+TN96aO46rk4Pehv3QyJ9cLAJFsQpJjdce7wdLbUBnI/ArNGTouypjIraUy2z8NnHofexo0v7JBVrGzA1HK7MaBtvVpGVHqqEdisN7X0Qe1mec/ZZU1htjO4YCWSBpCVFnISDlr0y209SN8vT7HDNFOT4ilQmYEeRw6NGYurgME65eFYxhOU5GltYrO+vLToAOwUzpTJr/DOU4vB0wYuVg9jZCGjO2N35UzVzGd1FY5fQiwwJ9EWM8+3eAUOuvML2/b2SAyM5nL24kTfkdQaxHmO6mpMwTNGN9QoI0HDo17wood4B0SnuJUCF3VQE0BQaOCIQPQYo9GPQxSkD6zQd3GYQrsp6S7N4RUsfCgXGajPmqJZnM571HzQgmcIoa032Zg4eUJ/3fSylmBBMCW0gpz3XemzisYeMhzydNBNi4c8HlWVNGUuE9wQpBWheDIVaWFpHakir5XcFC2SRzwY5FvoS1IDoLV7kBP6DqN+kN4UGvqs846OKafWuudHCDJe7V7q9GQO4xQE4yGLfDVBRB5sTekX1jIrPPy88hb6Mz0x2c7swKYqxSgWU4cTI9dynnJAmaCk4jcMGPWiGGsjgrIPrWu5oskVg7Yq6chwFo1sXE59v172Z6vFJx+8V2tT9dP75fLq6urRew9r4fjq6ub999+v8DVGG3QPHz16/urV44ePzs8vv/n2m08/+bR+8P725vmzp5989tkPXnz/V78YX76+3lTAoTNpahrbLNuE2nZAJAlRVNOpC2G7Wnzw8PL11dXhVGMEtJJnOs7Y+e5xXIT7Xn+ZaTLKa6EifPZBE3kYI7KLET85nI61eP/65vbqtoLPd+M4+jZ0Eyyqg3Yrq4+yW8pmJsMtokz0zARVluWiv9icPby42G42Fda/unl9s7tdrpbf++STP/7jP758cLFa2STpr776qp7C8moRtptaMz+Ow/4wVIC4PrHL883H7z/88OFFKIfRuk2sZmP8FmtYzLvToULCC+vfqtZoYaCqCWyMdSHXWLHDuIl6XfXlfUybVX2IKyir5j7tb8D2RtjfV5zs2+v9X//ky8ePz5aL+HsfPKim7UTN/8DatgXIkF4CATHMHwA9vsl01F9y67epF/U8knWyLTDAxL4xTQ+ODUnesMABGPxb6z61DJC2k2ZUvTFF+jKK9YucM55Fh+mxLEiQ0txhdEzmLJdoSSINsNlOSOJOwAufrTccTEbyXuUuhPs4Srz/zzItH6XSHtuV0GxKdCPhnnCe7voPQ3MEOkBsPtHfxRrj5PVn9+ze28LkgcNvMjZvXc8MlWpw8CyfLTO/Ue75kHIfnr7/6ff+1YAInWGcne78hEqLokr74ezDo5ZIgztmR3vr4+C5UK0rYRZ8RTnoMD1+xW460dkYLF+T/LHatDKqd+NopR3bnjZ9ZwCAWBo7Ks7uWEQzloJMnCB5ElEKdol236pnGGgzWLdAtWlLtE2bxMdJQlq54r3bWghcbTAiqKjT2kbQp1fX+6487xHKYVem1XYDFgbbOJvCggeppT1qNtC+qYAOZhN3vnkfm2U1nK5udr/49ZN//OWvvvj6ea00wtfk/d1d/c8nn3zyV//ur/7uv/3tl998uT/cpbB9cRdPlofWyG370Xm3Trkzvkd/KvceOGL7Ep3ppYuSshlcH8Ubi5MOWy3dBxozXEFHKSeiC+oN0SEjDWcnxy7q1svBu2mRUWpMHtmeaee2WI2AhWtP+lbWHkVi5akr0kW0fbXo2ANcoswCcBp9sC1R2ZA8bXnfodHX5exmgPKXPZAWAs46vAy7Hvy9PaOIjUGUtB2nbTTtdUVzyl9DEPwYp8Ay6O4poowh3d///9K/vqNDCJvTnQyj/Ie7tFknAFdEaSW/2MKoMPm0ODPtWu5qDBAuGGavn38yu2iBKRWp4wfPPWJwYQd9qG9O5Hwdh4pw3wuo9ddqI7Xsg4w+SujZb3JJ7sOLNCOIVhAVYSd6yd5Gw3w0lpYeW9pkMahul1ISJkpqugR8U1zhJ6gPSJI9icRhAOcDyvssz4PJE5RuJLS/61IMvgGCmRDjqpOUpUKiN3hCmQxb9d6ijJrLFGIhbLVbDiDYLCyjOcXAnBI78qbmChoMcosWZQafi3g6nfoe3W2Rop8ku44KJHFXE2Yb8vZi7ElFOdAMZ6yN6reGHvoCHPGBUM6G3Sinx4OpJzZKJrSgdTnBG1rQn+NkmI0QhlZ9o3snZXj16pemXwHgzLueWSkWgMXygHVR5th5gA+WdiGmGLvTSG1oZ4qBXnoylodsbzHopjvBP9UkaQQgldl0aarNHft+TQRCIF+xiTx9tKHCWVQm71DvhU8DrhyP1h9JjO50OLERGwuydNGlpThlMuAqjbNucQbH+NWno0UTkfLBz1MYBW7C7i26SEn9owRNDW0Gg5+Xy/OLi8vHj3ZHS5/qT02LdNkbrFps0E1pU2A6AMw1JTDx7sEW9wjw3gReomdWbPSi9BgGEVoE34EvYlzURUyWu432FGhypASGyyFqF8iOydDcGwoNxRBHyzeIfHtBgb4WHGf7XYWN9otufVrUFcjWffyqX9Y/hrOv6mWM1rh2CrM40Mc5wsN1CO1M+a8se1xHXFI2d7nEagxNiiRRfrmGhpHbvIvUXuw1Xqh+1dtZeAPjBC1MRgSGLan/AKfqzO4404eI/RTEF/Tt0iqZSTKiN1YyVE1wCdlnZYt0G61Rz6Ema7Yu1JVDCq0uByydMag9wA+MBTY24knUFFPMQTJgzeWVsT3AYDhFG3BknHAIiUbZQLR6WfKelG1rm2JQJOo6SRU8mHJsWPvVAAhSvHfvkcE2ztzgcdLyDzhAdOfj4ZekwHmiYkraLe0XrkBUuinHiBQ14YVbfS0kUyzurQ/XtnsW4JuEQFNhzuaUTo4oqsDFu6SZoIhk2U4xOg+Eln4U6iEeXKKncmTKxVqJf8FP0qoH1Rs5TAvqKJqk57ItZWRZMiUH3+RaqrlYSbK62yxXdq8rJG2ztVYmvtGzKBBcXldn4h4veHpWNLUrBPI0AkZrAq00E7jcnq3WRqk+VHxCVMHQZ1ruUUDoJEaSTFGz2sDxGPPRmiXGHtvDoupMs8WHTwTIw38rJGieWIUCBu1ibILoQi+k9rLKHB2eY83GwfOQHfaodrLu4M1qbZKto5Kj0W6sCRUE0xnoks+0MUnBMEJGo6NjJfOIVRBGBmh+BT7WYA2n2FiRLAWpBJmgTw8dYe5+am7YwDAQ8BYdHgx6EMbA3iPuIDXeNHwDoIjof9oZ2XMDVvGzoM0IuZxcXMQqSc3M04gp2cbTSlDBmiK6rJEOUUIaM4DintAH5QIJansaE8rUWxmidCx5Y+Afc/GyltIXHEldonj7PCVhfIu93HGBIk4SIR2Enci/5KDsVnRJ2WWMjZ4MU1gALfPBzC/ErFXLeSbCMjeGn45QBxY/oot3MK1t+Wz0qh0v3ynPbfVOSGhst1T+Ck8jO4AtaICca0JHnmFOGBdvc7wHqGjLRLHzaGsHKhWgFTg6ViCON/s8SvQbSbdenKqOk6mG8sIkNlaIRpNVm0drpSoQlzrb9A/PN48uLs43G6sKr2p9an33/HY4nSoeXRHVJ98+efTw4c3N7auXL/71v/7X/+W//M16ufrwgw/PVttXL19/9MF71Q5//sUvH334+Pd/77PT8fg//vs/np8/uNiy12igOyUGjVYDo9fCOBrMUk+w2rYKrX6XeOhxAAAQAElEQVT03sXV3U3FSrPSkQkNpp5NUFRonovCZRWyMXAlW6uOuVpM+K5261jUTnQay25/eP36tYlu7O7Qg5XlGGcpELZVjh4I9K2khL08I52iCBRUTotgXtT/L1P66PF72/W2uqZvnz2rxzoM++355rPvffpX//bf/Om/+pPLRw/r6e5ud8+eP10uurONzYRcpHyz3z+zazCDX1H4y01/ua41yG398ArcHI42ePk0BKgfGYw+Dl1YJZtLu6xgkI2AqKZvOA0mYL3sLXqqFvx4rF5vvV7Wk1x14azvvwnj0/G4O43W+bLqKpz1xcvr/9ff/eLBZnmxiB893AxZejVmvsDsC4isTDt7cNF6Yz1nqsKcIAmD5QavvFp26xUbzQyGThWDtj+m8lSDbHXWN9SP7kLmHWC0ZhEr3mw4C1IkUidglmGbMoJOWyAw212OIuJkJCDQCpCqpakFagNYsnCEYrSdi22oWLzYE2kwY2n6wOXezo5xAp7u471hboknfMx/ECdyVXkDnJWwK9+vuKF4yBSRFzckCPIx8BGe2XsK2Q7dfh50c8t0ts0Wt3+W0vCGd5xbDBPxP87z7Jl5jA4Kt+lw6lcOc1C74VH3P2063Jv3JIRW2IxlhoCpml+mk7eCNBMW3YnC5pYJDCzTzW3D+ErQZBQ9tHa3dTftp5mzUHFJdJEm6WLxyNjJG5osYT7th8PdcNjV7cZBGXXL1FNad4uRk050NbI1/DyHegoLvtwKHBYOi2zLoCsLCxOMKFYNZK52or5yOB7rGrfWWFM46x5drL7dbPanUrPTrkANPYTDaXh2dWsDmaz8UzdieNy/1602AYU+y+zAbVHzAeILYbEOomYykLTCgK2kjlEYYonu1avrn/7ii7/++x//8sk3Qw7IqvowpiffPK1ZRfxR+su/+sv1+eKv//P44x//owl05vX1kL8Y9l263fQXFTZPHeYl5WQqgxEZxECBH4vVME2qIFJCW44xq4rPDJw8ufOeGbP5HgM7Lam5W9nPGys5IPPJQcEcBigajmHPiaNNGf9MhMWogBruNmN4ktZVvYuUoSdLo9zbdGrQDG0NTvvC91hkBiCJ2hRb5MRKn5fgkEKwQby0O6DrVXhCA9Lwa4RUnbVrh2nT6U7MuayYt9Y1CD5qenJUwMkT1Vuc5xlRu+Xanmej93a6HSfHuTH8Hfj6zg4hdDjZHhe78Ge/9tZSBx/0JlnT4pq27Q0spbxt2GlfU4zv+EVsjlCciRgaK9u3YmGyklkw4bLrqAAQqH1JHGV0Czu5bY/TfXfjH7QjRdIQCvKb4k1m0q6tXabwHfcBbmFskQK0KnIL6Hk4i0e7TkEAkaPAhojMO2rxa6HqbG9BFoyMGayRTtQafHOMU6ThPDPckTZkJk6PbiJPIY5DLkkIDy2Bobnh0pAcbG55KHFtUKErtMIJUMUI9CdI4n0k1M3BbcmjGN5c6Ji23FGrhgBaGAfhWTaHraCbUyaEwHkApzWHeaxNMmBCm/agdceUii0tRdTtghueOmsPj8xwqBUQmracqhe4apiwFCi5GtjsV7FKPOYCJI01Sph1e5G596TB2Rl0CztQBljZoYz55oonhgKXejoOkLPoIMCQjocDDSkiCqNyALm343eJnoeCcYUT8+oBuDoKO4sHkUZBpDXfjE0Bna2gAYgxSV8EyxbSq6j8UEPCw3FbER1pfaBC2xSBCp0sOlTQ7cTqQddn2+V6eXc8VNTHKCU1prCNYes9jYlIa99z2RpTxh7TYP1WzEvrhw1MaInLyWIkAbSdJLgGT4MNqCwDU/RgvEhEKUGxL4FyX8AVfjHMzQjpJWHqBaULwtHkrclPNN5+Twx6OW7Xq9F7iU042xIXe3gYQGEKGdbeZSrHRFoM6GIPvld4uUswI7SI5MYJFmVhK5KUZ0UewDIGqJXYXu7j0iYVQfMEYb4deuyJccvOIR1WWBNCE52P1JokVQHLOGlGGUtNY3aMj8FN8GQqZyk3qHeL9hQpj3X+SmJIxZbgHRaC31p3cIBqCrsLODYNvWMUDUgq0nWosCQLYINjK8n7vBw5Nvon5ohkitEjXUiK80QlAlmQI+uyBcHSS0gCBEqgOF5NPPus/rXcgI7ixIHs/TBQLABSzetqOksxeK9cFjU1cIAYAP/OIASfTV/EOrH/1xVji78IwbLTLtADiSN4GJlPJ0poGj3/CQkroz2fvh1RM41OHWUVjA+Q4RfahGPUbAIc3mLxHoNYCvMYhoQFQpXBxQ3BgpmiMtGvsGyLh6cCZw0GmvV80wWYvambIftKI2e5YvIL663Ui2NMLZkMbOiL0SmfCHzHUXNIXCaengAwboir1bjaLhfrZd14DUeDrbVlX+jNApOiYBhVoc7hqRrTWsnI3Zri98UL5nT/mvvOG8RaBCk6wDKCB6TV3Hco58DKTimpYmxfRfXIUW0BdqUcL7Zc1D9ps1rWX52Mc2S/HUalvlZTFABdK17G9cQc0eR1A+wgos0dHRnFlyT4kOx2Zd5KCCgV+ByzbYtqpKVUD8fl94wTDPCwbMHkU6ZueFF7UubqLe6Kbe8jveqyzVIYw8SilLzQPezD8YKRqKMn+WjhKUxVWMfnexxCJrsK+vz+myCYM8Q3AIICdy5USP8NGB9fZhJrblpRk1cc1j7ZaYQuaUXfHmbHjmpjwQkWFXwi9bp4PrRkwW28R4QptnNiaGp2Q9DxDCnyTE2AQpoh5NHrWtF/HYLvhjTlhHzD/P5McWpUkBxm0HH078v9xLIhHqG0Tyjz5jxZGe3jGObH93USZvASA2KicCpUgO5N5n7UQCs+9VIr/WzOCJ7HAt9gW926Yp419gvSJ82sbpRSHW+1Amer5ScffFBtR0WW67tvrq8/+PCD69dXq/Xq0aOHv/jVLzfr9WBfp8Nu99EH79/d7Z48efLhhx//+vPP16vl48eXlw8uv/ryy08++ezTjz754ldfPnvxYrF8tFiuaqG8pAGiSRaGAbO0nZANeTDwtIbfdBKPHzx4/3q/P4Wr/Z4le0avtKfwaFRQ6WRoGmMeku4Iyi0CAi/Ryrj70+nmbv/69c3tjUHPRXgLYKas/qHZso9efAizGDrwTnoUZHc5l+zzmmrpqdtuV4/OzysQ8+rq1c3dbqggcR8fnT2quPwPP/20XtR2u6k25PZu9+23T77+5uvnL15c397UY50/qMjvAlKt1qhVb9Pt7vA0jqvlioyQeuRqdtarxdjnU72Ak41V3J+GRQgV8jXVMhjNw/HYrTfGdWAcWeNasCeqmdwu02Zt01r3w3C8uqt2ozeb1R9L+fzJq7/5xy8er9L5H39ag6NceupYsUNpRGRzArezAtFMSk4YOGg/OqHS1rHObRL5/XJZYei0WFb3ZYGnDRusNbyes9HhkOEqZ/nFhIemTqhNCXnakblZGoRJucy2SmEZQtPFRvXaRNlmx4IygigdtDowG1diCDu7Ntuubjjn/Kxmj/8+UFqcOO1hSfGP8DeEd3y9qX1875f61yS11kyaEuwGRgvKws9QmS3zHJtveUf6r9z5jR++C33mpzS96AlEe9dlTQkv84cJM1e32b1Xkkk7Gzf9xpcaot3r6VSmo+tWe1hbiKplgmaxmw5VQoMemnmODrPN74nsgRMoRF5wQi7DsqCQWoad6qEm7XM6DIfDWP+cDiJ2QZHL+rPuX/esB8/9ZUTCyVZKSzUtiwYVinHtoRb8+8WwHMblqgY7y35dt/rybn86nE71Ezar7r2Hq093F3W3vb7Z397tx1DfvU8W6C5v78rnXz+Jpss+1tTs/P202GyqLTALOZyMKVWrWYjoI3uu7Sr7Ueo7ZVHzKaIL2I7DeIgcsZAWn3/97P/48c//8We//OrZ8wyiCxkARwNlh+evXndffL7crD/7/vexQdP/+B8/Xq1jWi4PuXzx6vUijfvHZ59cLLb9iVKQtj0Hk6sE563EwRDpataid1lNWVhMSlLF2ojJrTUjzlab8dhbcidFVXsT9dCIaHfJRQWUXKiiBsZgRoULmiSCixiRascDGODKchG3qUkfLuveAvO0tZ3n9MVTJaM4N905hibUVARZk6u2zNBtVQqnwwS1zYtnJvY9q9Xc5GWConV7yhwvnpCB6VQptKh76q9ubjL6XRZE5xcc49RY9rv29Z0dQhgcbIvv+LVSErecJYbwTz3eVtic/0imz/9x7zctqg7TOwv/eGzmfyYvWPwz8Wpsv+IZDQEGGf6kH3mwzkVe3Jy8fTV0CxbjpdmZCIZWglBmGKvfQveFc98V5xmXWrtaV1lS1i433OIO5c8tkUPwFYh3BPLFskhTklm4dwLTVmWky/kkOU9n6JfAtM45Ug3dCxS+RnGQ6RQ71zKfQpLOoPTW5PndJqvTzbMb5XREBXThSBVDIzgbbjBA7gAZcST2QVzVfj0a9ABjTvKvbreNevJkK7o2d/AuSK4d6r0RlMKDMDVZrZIgLIoPqUa8EAXh9MExuQRfcV0C++SEyYdW2eNgvCLDCGgj+2OQSaQ17Fjtxa0wAK43ugn4h4PpmYZRbwGQ1Bmrt+KeXZc8S7G5MYYq4Hhkz/GO4xFKzjD7dPD6tt7YubL7VFEAvs2VgFWEZdB3nUcnhqOSJURGXn0KNaM722wvLy8fP3pUP+hUcZ+QaxoDtDTSLQ6jwNB6vHpMSxjGLpubHZLHcVnrmswSQ8C1MoCPswCBptgucVJWgoIHpsyTop67pDsJWT/v9Qkaw0E6b6wQugvqltCPUOcIpEsbBLwCYk5/PoIEXEBRpynojZmLEYQoALS91HFSom44mNtoewYX2qWWkzezs4JDRlIkh9Fg8R5zHYguEdMkC9JY3oY/l8akw3IVmoNKQ2A5vfMuOS8Oig9khFgrWRihuLUHM2pFSaewUyFE4cmKXwIxNezgLJSu7V8yoB3GyxKd0LoOimVjksaIlQ8S1XGFQkefetxGKyo2KnxdgQxG31j8WTVvwRnQWcFFslCSCqMrFAJovuq7mZ14fF5Cs3iFI7OYGMiw5hK7KexnT1wszg5otQ0lAP7FBnvZ7NgyvQZ6Re+tKy58yv/D1yAsnNxD8ahOhcigO5hmmYms8b0MUBAXHukEdxWZuc7Grg4leOim9LgUofZREJITxzlExd0dWerBURT3/jKKkTLHgUhaJBNnnirLV8lTqQU5y01OM3HLXBx6UhDoqh3olqsKNK2sXZrpVGH9FYpR3EioE7K4wobTaoW607HanbjI8oO8fdwOALTGJtxkpzqqoIxSSnBznSkjGnyvk5nsHr157ZIn22VnbUUqkxusf23XVv8bRk5aUVNBQb8FOyOqSbRyE/jisG5wg76J6CUZaPPOKGLp6JskqkFqDA5o7R0LiH/QNdBws6tFPhSph3IRwAKt4Sp61M7D4/GYiL9hx2UKy+aZufIZBlzRE2P2/vtrGFc0JeSgpenevrgm271wKDhEwXU716Vg3gAAEABJREFU0qL6Lih+MkVaNmUWMpaW9mV9MmMkbr0ZG4Y7UaitgoLAVdtWoiIVDWqOoSEMNPQ876n0yN9ptLXf/djubfAYebIi7ft2D+KUCsqGJHWnhnlkG+/FyI5axDfgmzJDeZjCtZvMO+F+4u0vnWnL3KbjzV/fKnZl2k+BTq7Q+sHxJU4a6DCYFHr96t0jkhIZefHmQ8lnlTCtflpY0B+9ONs8enhxtjY/buAtIsz9/gBUtOwPh48/+ni329eNVGOSzz//1ceffFrDpJub2wcPj/VxVUS1wo/f/+wHv/z5L+5udxXQ/uD9D37+i5/d3lbstG5Z80XdbOlJcS0w6gWfwYLNeH62fe/Rg+vd/u6ws4AwyPSNRi3stOfU+GwRpsVycFoZ9RtrrrIIscIsp7t6uod9/f/d3pS/TsPoD7cZUC7u2e6893Snf7bEu3B2phYDgaOx3r9aCbvZ7cZrUw+pv9yebx+eG3HggwcVez6rZqOe1G53d/X69bPnz56/ePXq6rri1MmmU8Tbw7GeYd3823W9V9bLeDwFCAzW8C53NjCcE8MsEFml1YhouF748Thi/IW1/lu5sdp002JFI382cW0rMjNoWabLs/V7x7N60+4OA115XQV3h9OPv3rx4eX244cXP/zwIiw7CwEliMGr5JSRCoUnsCVHtJsUEClG3AIztwk6aKlfpm5VC3+1UIrybh9Tn0O6n2KWe4vcbX4J8R7Eon3XgZTiNR5/a2uS904NZgzuhIGbZ0iI5Eyevcv8Gnnbgn+7yvtgpCMrwdNNbWXED+H+1tdOnZnqN38d3/pGps8999ufFu7bl+I1qvhWgqzjeUZb3jpqvHcmcf6PfxI6+J968fxayCqI7sjaT6bP0w1+05DeP884V0CJDhpk344KCbX5aBeLn8x0RB3Jv5/c6txZ3DO2cX4S08UVdw5thchQmwcf9ruhFsuO+8H6Ek4sodnkoK7c8ydh1gjoxyoBI3ypD6VUDBPQ7VcWVRo5JhuLFPGLxSBnS6jv7PYnyKBt1svHD84Pp3G/P+6j9fPWgnyFretbarHo2XU1hWgwKf1noX/0QWcx06q3U7SXFWil59Aq6cwrpnJGca9mfV71ZxXj/ubbF//9pz//+ZdfP3t9XWOXuuHdRdUczzpND4fDixcvf/LTn+Tf//2Lywd/8id/+uL51dXVy5wPOa5uTuEXr++go7H54YOFtXiBYMNBUZ2YfYMZ80Qo137lCYFa1IhiZLZchehE89i6oaJnDXI2HnUqoiizhV08b1G/5igLpJ+WXGYQrd8XwhLqU9OT9Q5jPz9+fhNHTew5m22otnHap7s5CzCEub2SHMbZOtVX858zR+bHUOroWWZDFuexZXwTwi5KxDxrnJglbSmXKUSPcR53zb/8/PzO/i59fUclOLQamrUtYXJuzDnaAnjHV1sI7/jcKbB+p9Hn55fptTLM+kWYlD+kY95Ow1/CRZbaUmVrFD7FswoAfGGeJNAJhfsr1H4jZTu4jDJtTiZiymj1akUeLeGBiULWqB7Vaav4AeRQhE2GtlXcMPBdMUrHsg3ti2otVr7QHKQnsIToqcnDnZ+bUYhu8Yg1tDMJ95w3xBvUgU4VCNm/nKczFRBDGzgF0GhO9NDNEyzmbeLyebRN9QuA6egEb4skOsvMw047ioNiHhFi8lgnsYJSBC77l/iOITjxFwoYvIFoZyq8HVozIbpzAw5lDBfrfRt61RMtmVikthaVpbnlDXwXh3HjvXzQcRSa1s7QfmiQXDePJnwNmtccuYSR0+lR2iWeSpEerKdpWmQgVwIWF2KtaWlhYAcgVLwN3YuEfkP2XsASQsP6wE02TRbfYyiqjtIjNqwkD6v16vLB5ePHj8/PL3bHXXXt9bebzYqKz8B0Sj+qKFuPtzISDQiIFUKvAcpJaO8g5awwc2RRjqq1dI9qa6AiVgzsUsfsQdAoiU5CyVq3gmstkPJYy+zGhe2Cc//7kQE+mZg9G6hwHKROWQA0bV0xWD+aRDMleR245CYhgZ62gM4xeYmVkszkL9PdMi+grYi+BQsycApImPiPerfJcOTQhkluNHnVjAi+kWXAMRdyOTUXaEElNnwZEZgViuDhRGaMWUConMEhMTA08a0V2JaRKWiTRvQpcBlnfZYMnbiALqSov5rcBF/w/yHvP8Atqao0YHjvqjo53dC3u+luMt2NAUQxCyigYEAMoyNBEAXzjDmhksXsOI46BqJkDGNAxQBKHCPmADSh6aZzuPnEqtr/irvq3G7D9//P/zyf4/Ha3HtOnapdu/Ze4V1rvYvWFNJbo38omoUeszMZvZckdBtMHcUXH0B6hx4Z0TZgDAJJLlJipiNSOfqaE38r4JpXtBeJVIETZxkJZJFNRSjCw+EtJM7fVjYkbqPmVLIFbsj3yEl8kVW52GGQZQXBPxGnF1GJbiq7X2QHSx7/EKygzxoeteqvGO8h0ze1oWJm/nFtkLZJI8TRWSFNSI1/WBSH8tfmN60VuCv1fRrFEHR2Fx1uaW3Lr54oUzgp6HvUeNt6BcRZYqk8a86UZyUjNBa8DGRX8fjDYrFSLFWjAgBSsEMHKs+4+FrUPUiTWOFdWJnJoBdTBnSoMlzmNjPmnee5stkb2gLWDJngzufRigbliZI8afpYEjo42FKgVqXEhpoWwyLmYuLijTEXKRUEmkIxVLEfcJUAB5CkAZbqe5J1/IevpqRnCqCJ0UInFh0hFZ1EmNNHkh0RH4qLSb45p/rK2vAPd0i90yKyngEwu/tUKiSkPjdb9i5nohhd7uJXEOjsBYrm8Oafr7OqN/mm8knQPNPZpkK4UiwyayTMQXg/B/N4+alFJ6LG71YjStZk0IfN1qxMsJEchtwxAm3x/DP1u8SCRHBIYgAr3ly9t+4rfoACY/OEesPSZtew/rnKJWXisifO5pJas9n/FuxGuUSGp2QYya4vK3mATOKzYCno72rbeqjN6APTb0nKs3HGe798cjHGQyPk/VwJEyEXFDJvyJuG/8MZXZqZyFTyRcovQ6IwpONBp6laLgCWMd5qYCMGyy2jcbsBlFytluHa3W53dHS03+8HtB+SmRkAqeFsALxOTm5vNhuA9AL0MD421qg323OAqcZFJHpy0zNziFk36hAgp6w21jJGjXSSdRLExduH67ca1dFmdXp2dp4uJyWGZO+RMRA4tbodpeqy2AKrAjDm3iAOO6ihIFQ230YAGtseU9Rbqvmsn0u/K3LL0znzF5+rPiN1I9hDSGMeAk1aGpdLpVq12qjXAICuFAEhajbrVZCns7PTg8Fgx47J7du2z0wDWN3vD5A+bmq+N98FlLwPJupItQg/zXIRZIxDbq6EurjafpywxShNKAIs6UHBFydskKNmIZswoiwBZEsCMJoI0UDhYPZ54OqVonNNsEy3TM/OdVCIArwDj2bLTPeP63YuazUW14pF4m7mYjm6EhacRIUiVnUQyXZsBtSDEGUQHEjlekgFEhWLtlCCH8CgkXYDl2IgEQeXUR/QK83mMtsYzrtrzn8sUkeb2FuxJ5UzgttjcI+yhIpHJNTJhj2aLHGc88XoO1RLaZAMquClomPpKb6S+ibiORnNsFwoE7x1YYzJa2+7m9Xy973c7n/f7fdlvrwFKfMlX/BYWe4/C22M/19euecm5/cntzZD2PNXtLudo/zLDv0+fDSbCiZTO/KvSf129tOheMfwWbKFxqMxHpRTxcFHOY0H078so4SmyVifjUd53Eky6HTiXhcDQfHAJbEvvTIY05cqSD5tXv+ImUUd7gJfpcsAtKUWQ+TJUHsTYUWGIwppyURFUjsJvAVWSCkqjtQb3V7a7ccwgnbXgDUPIsiBv1sowLmmO921W7abQUp9CN3oorGwVnIRUTNRExjHRXz81Ix3so0XkaycEFaentm4ecf9D216cMOmGbgkMsUVPTyrLMgmGNj2fHtDrwtn2WPJklajuWLPFWsegAH2DNkqs714w0w7MmkpqLaqnDyTgDEVc8mwpTQ9bkPEnIApm2qh5MSJxckEKWLPaSaJ2jw28J5+tiUYKvHv4D1mmZa0xdlTT/kD1cJZkFjUldqJziapjsZIQpKuygyn9ejQ0BrMFmXeMDDO76b8GTxMZvW1YEd7h1SMM71FMTCyk1pv6CwUSk6MDPSfQr4dl5mJTL7ox+/UQDHZn9kUmaHF88/2+oel4LC7/OVcpkBstpVk6fytDHe/dPgEehrLGfl57ZHTowr7uOy6XMni1DFPpfzaLzUJdRqbVT/wN52U6evmYFclE8l6QsdSlvBZl6ZZ1I01gGoeOqdUMHlIxqn/wymKllotkyTVfCi6K5/nlnMa+B0SVUoOpez8LAjZ00u4PkY1G4tazpcis0c971AS70ireBfUO5WSIiQ2A70YbZTjEElJGIwgeI40lmEuQYnup2rHsXbg4hCDLVxwOOzgWzWhWRJxyrQjiY511Jy/irlvCZjCRpipDbHWig/ssFMARCYFEeNzZvC+1WxT0hGkmQkA00Ah3ZI4vfw96tQg0Tw+Ft4bYOsScf+QsTPhICaTN5Ei0YQG0UZMGYGVTRgHjh1yXjP6TLftS3YDnkavWAJhIRCkxFFy34BQC6P5yNYXGYuO4owgIUVlHTeIqT6UUH208hn1Y4aEzK2hZGd1xx1fXdCj1MkCTCX5mEA5bM+diO8UENrLlAmcnQLuXw2cuZERcPjaM5P93iAKkEmZ4w0pEbWiR6ZGGfKBIOEMvocGCTa34ZMnPq2eYxAhOyzo+WHmERrpACpJPzbuSkw51RSJpUpWy8hsIA0iRfE7FRdUK2Q5bY3dAMvM1qS+w9BjBOxT8YOTdc0bFSk6eHkJ74EG4Ie2TKLKl1MMuMIqDCVpEf2xmPoOebDXcGo/VvgyMzIdTz43ZhaI3WJk/SuyK2oe2QsCisAbRa8oHViQNIa5CQ9CIgdsM40sLBxtcyzQcDUmQmcfSmYit5ePE+/ZEJKbMo6WkegF8jFbxOJvZ3iGzJ2l3UNdOxyznxnkN6COKCRKeHngc6K+l5ob7YSdg3KF/AwrDm7Yw45wYcYGGefxewjOYfe6SMsRmE2OODwtlVNkT5TT2xWwA3BELXEreUA4uykzC1nh7yBYgrmKGCfyDkBecgr0zNs10XFLlRyHNBwSpnpzjXZy0Ssna722zcwwr2D5RNoMJMBqSOJrF53B0knOi14AzDRDq5K7wrtMQqgycnrCuRBBxsCrFW/8tFOfQcSgWObzyFklguRRbXH2nFI/ef1oRdj5sr6c8YoHO8YXEIAu16JSFVCEgDQPLVdWiI7aF+I9wf4fpGlIGbtpMgC5AvIidFLgkmkxviWd33zamDWSgumLq6314SHRVM7m+9Qbq+zjjuoNMQGI90IJJwkEVL80wOHQkCgpL4k1HsLp1BKOoXoVbLbOE8+VEGwzWFUNOkrcp1jDzgOUYC3pnGKIAB8Jx7BAwjEnJ1QguCkAABAASURBVEz2conAnvzo+aHTfoipm6tfEI47DBrF/BnVFS4Q71OIEmUuDavFLM4/TubZMdY7KXg1YrWQmh8GctUO9GtAwgN09tDo2sRaF/qip5rPcF5Uk4HwXrgsS1qeu1hTWrNgvZVlFAe2Ng9BeFDYpcJT7fPRFTjwAQLJpJYYS2aO+UXtl16Q29uKqpvsRmzOPNVnTBslT4Mhj9Eo4mAYFjVG0OcFB4qNrDhybjoUeHPeHnRDMDTxP6jZnZ2NpKHKEk9+63LenOWSNmLLtgLk07o0/ocL0qisgG+SmY3hqEqpXK2Uy8ViqRCmfbS3IlrNo83GeLMxUq1WShDg6eFKxDLyKO6DqTgAHBJONjU1VavX+j2Amuf32WvvDZs2tVojSxZPPPDAfUuXLobBzM3NP7R23Yrly9etX79ly5ZevwdQ7Mzc7ABbV0UR4rCw5FARE/1mwFLCYv9kpE9KpL2Eq5YKo8369Mz8YGrGBkKZheKWquqYt41BB5iaASp9iJ4hPXJCqCuRhKCGGpBAk6XljZAMHdN1IQuCMHnaSLJU2MhxEj6UMn/DjHESUBP4i0q7IAbQrDfGWyNNmMZyqVIpNhr1RWOjzbFmf9DbuaU9Oze3fefk9u0zAOsnA5x7mBXAZtpIrpZWonBRo7i0VRqtl0HLwo3OdNrtPmC/VmxabDgI4GnCTERIJQdPpz+gRqlU1iTtoPGfhFRzgZisMGRoba1crJRKlXIhNklvMNftDUB/lkrVTi99YOvsL+59ePXy0RXw/MMC5RBh94rIuUIpLSMlK1yjACcKQPgnMZeygcCFkEK5Wi5Wy1EZ0LBSUCiCKsHmkX5nclQ76ylt8yvZ+spTtjgC9fos5+xLTbmw1OIh2o2QVCFAbSl3zRAvwzGsR6pM0p850h9yDgxKLlBccYBWDa8+2dce+5G97EVETibkgk9G59l7lGJlmVzm2K4v93eA0XbYa5dh7vZ7EtnOxHAeAbLm/+8v8a+NbpPcy+5uFnKuce5IZ4axfVWPoiC87BNT0Noc2DWsfA2H5na5ebfr/OUYpNQs82vRqRC3OSIBvzLljGirJnG/20n6PdiWZKqApwPxM6QGwlycNFUCK+PvRy9OOThUc8zWpNNiKcvUVxhgEjIhyy5MkhTigQkLs4Nktt/H1vTFYjEstCqFdDRkMrzetu3ERxlBJGh0rAUCvDsYzHQ692zYYDEBCwsEmmYsqlaRlj1KQEaElCGTUAKWmtc0w5p4bNCliddv3vqnNfff++D6bZNzBkuI4dJo0oNwYjuJq0LAmh8YrHizA7fh4Y29ThfCb4snRjdPj01NTsPHINd6STzb7a1NYzAiVy6qtUByhC4iqCPGfGqa8RDjbUbSm5lKz2FcDBlLyBriPKQgWxUeHjPORylyjBaGq7k4n1oeqC4MxYikfJqqF4m5LCCkP7+YUo6C5BwIMbdVjRhjdt2pXqG4XQMzOXGoSmiXjcMBRr4RK6Yep5V4PaUjMZIcoLaRM7turZwZaNiy9A4Fb5TAz4xjtWuznc6r1xhJqxLP1KgFKGPTUjhj/po0/L/4+kdtQsgv3hP0UsVo7d/QJIJ32bwc9xjtroc7JuJyPkiqeje3E/KmrvdCPAZg8jvYcs4M/qbpvXK2DDeipWpEceyyH3SxpgLtsP3nOd9oWOr/s9uqHXuw+D1V/kzun+OMMCFkALQjal9KN1Wdk6/H1iYU4qvTpaUGjQCOJPGJx+SK2VS8XIHluRcUWDsFknFGnS++EBcFC84ls6Gun94duZ2GqM9kXq2eQnlUea4w2i8YIQlggtFSqi0Os74ZOoM257QFgSDjPmXVeD+YWDuNFrqyBieELGWUitFYH2xkOUQArVqYnLeLMcqQnqNjlIt5SIUXOAiQFC8UNQfezABbfttQ6Sw5dzUkjgdJbyWtkbJihrssBOxNYwMAhBoQDzHYShFBafL4DbUAt4LeCJurTVUoB4Qp08oYMIqKzb3QAbZOYR2ikqCdx+0CGWRP7WAQh4SmodLtD8AwR7iUAg7U98kRAkJ4vXSas4L9OLaHjWqQUO1bQ71bLGtJR+iqQyI9PC8gpgVKoo6w5rvU7faov7Ct1etMeifoLV4lUX3kIkJWHeJDANAHTuido9BTQ3noiyaJGzkR1hwmGM8uSiiJUBCkkEavpmjKwjzOkkjYKnj/pJk262NIg98mcj3s2JnS2gs97OLI1YQ54/gFuaNE8keZOx5fwH1MPmeaCNDLVyzagiIzqudIUjDdL0sIZjngdF+mEkAWbLCX8OnELCYp7dBiAZrBPALOsKNURGSydoHwyuCCg9UoDGGYOY0bnXlWqC8HXzwD96nWCs0w0f8BiwsCbJg2NeEkT/LdmH89o8NLczEzPGEiHZ+9tCQ+HFzS5GYTwQdyiqNcy5h0SACx2+WExs7o+dUfc5k57TKhRE+OyJJTtURTWpcsBjEnFhN+wbCO4riHDOzo1hEnOBY9IwE6f5VrgZFCByBOmPpiGRC7lOB1mOAkSjF1AJ9vyrQMhLwb3nOWIohk3CdsgfIgJf0WT0u05ihVqNml4/bjiERSJhoNAO31mEUXtrhE2oSBw55SIW0A2psBp3Qx+C32YUpdl3g2EieEI44BaK4ojugkbOulBql6BgPuA8krU4QoBSW8rtOVzXeioDpvyZRXOOtV0SAUGwiciImAN6+w12S6k9WzANCpJzag6aP75M6XJL9UulsmMGUAFp5gsVQsVQqlMgS7QGwQhz2OPFSzg6PKMK/9GAdSoqgG9fuCRxZj0YINVF3JkveKji0A0g5iFFM5aZpbbmJJ2FxGbmasm5ytTCAkCDTCsWDVFVHnUWNYZByKQ0rip8J0rcsRK8V3BDbUZpVUUagt2wI16NXqx68iX49+3zGfEr2ossAq600gCkOqBoyRsCXKYCwrRSFglJiKH1covh29gRszITfTJIrOShsib15ZxtBNhtE4BJcDzT/m06LSlFiqN83EIvJb36kZl00wWz+y7GSKqX8SVZMEHEl1chSX6+jXJO9W/D7vldNeCfMOm6T2+zux4m9Z7x9J3F3ixLyH9CJCy6I7R3g8yDekO6RtG2RTYXMevo7ILDA4c15qtsxYJmfflQcqBW10HberFS5QpNX6QV4QbPYZp5VrbsjFzH/d6szkt3QOiSHLRbOnhMQndtL7jimErPORFFugPm8RZTzDe5HT2LfVFqAB4XmFYqFUKmAlN5IboCAGsDAq2HIhxJ9iVCpG7Rg7ZADQPIjnJxYv2bFjB1gVI2Oj27dtp5RngFxitrd7vR6I4iXLlm3fsWN8bFGlWtuw/uEwKs3MtAeDFATvXsuWPbx5c7vfnZ6bq9eqCc0nPenEUQ8KNCJS7qeNXevghjGF2bhGpbRkvNUGDBtzWSlNX3p982zblCLNzviWpxzENAPqqpgQsEMlPkY0MyfLZg6M9f6xul2S+CsPI69RKYZE7ZXJeKZwl8SJAZdFCRGWy6VWozbWqDUQfS4DUr/n3iv23ntP+Gh2empqx3ZQ2x2w5ObbPUzL7vcGWC4URBxCQwL7chQtatUmxhqtWs1iTxqAnuPuoAf3F7JQs7xbERiBWwyQWLUY9/rcnB2EEkYI44RZy0Ju9+nUJ0gAcg0AXA7KpdFaZbY9wDL+vgMJDs9pPh6s2Tp577apkfFWuRKweOTKvgItMBC7calPehZA3z5buzBwkKqlcgUw6AIC0GWMNFMegZQTUuKIs+qOypRyl3KljdJ94iiATliclop640Q8T9QnRhqmkqKOOfIsJVwskWk9JBIMZyyPNSQ5a06bGDpBUqxAoE5/zdBc49dF4NFKv/dFvqhkcL7iwSxYPzmhtItLbneVKn/R3bfDIK9z7q+DO5k3boZG5TXs33gJoiWXNmb3eMJux7mboe7ydW8EMPWWf58N1Pz865HsIDt2OozJcA9Oz5SqKWOyR+UVkdHp8Diah6nl+edny5szgfH4iqxSa4VFimluBi7ugwkeMkQaBXEBbGOuPUyZ2ip/s6L6+Q+mslfb1xg1u5GdHJwyViGw1tG7LMqA0ELtxOb+zdthuY83mssmFpeLdrEtFmwdpNIUSN3+fL1Y2m/pyCP2XgbD3DHb3rBzevPU1H3bt3et66XxfsZMLI6iUhmiWNJXivp3DjAFikom0CtKwbynD2130N+6fdv/3vXntRs2tLtdMBRpQpATHuU3NmSS2sqQOBsH8QAEU7EQgbDYOTUFscpmo7p4dCTuxlM7ptL5PvYLLQYzaamHNkZ3n9HqHo1iJbTEPwmfhbw9U0w2UhGOfmSinh9nm9Fs6h5gJMNLGSR5R6+caDGQHykS+EnhZrH6eM79icXPkEs5Z/IZoNY/Hzb7UnZeufox5TKulCsyc0Zs3k5T4MUjPyZbijlZYXPYtE+e4xt1ulSMqqTU5+oooOey4rSM0Ej3jS49ygoks4GNfGk97WNvfp6My4OBhD2oCpVNIgvbegvaMZ7DH/nUz3+a1z8wAC3qj9WZvpmJaTaE/dF6pB2SskMvp9I479RZZ/NlCdap2WutinCBcxxz7Ytllln3CCyqF6n6UjaOG74dTp4WA122s5Xwisll+FvxUzjh1Ri16p14FSJKyIqU7WEk0qXFeU5nR5xChn8yfMdmJqYRYFbcQatc7+zRqGbyZaeE+2gEis4pISi+E245HksLVy1RlZtyrE7564Y5QBUqYpjVStKpTWWa6Zz6yFOuD2WkU6WkOoGI1aQu4671lpxfSwvT3wgOYDGbSTokyiwyCIuldTaQKjbjKOdLn44kZzFMm/CMGMq1jPsD9LuJv5eQ31SmilrsGpFsaRj4BSLM/by8acxMbE1QPpeLqn9pBKC32DOHbh9zUHWurKSz0Y+mA3Eyvg9mGJOrF2bWDoTFRWSH1FqBO4gRhQTxD5Adb0OxnQWOp5QM0tBy7+zmEz4ecwESawJAxGKaJepDQU6PAAlqgpPWx/tU+i2HTAiYSBthFz5c7eDXVcGTqVZgXjs9ckIQd8P2gwjvJdzHGB5WyIwWDpsjRwiyJyYaIFLjoQEM/NJ0UmTFss0TMT8y9owshKViihmGRSbNIMvLYrlriBnXOPBCgXdZwm3TVOX7eeCnyEzWaJ5g7wvGJ6hMgB4LR02wk73wWIil6QRGsZKYqIJLYGJ1P0SUGdZsnPgnGe7UoxmCAiHREiYsmFTDEzbD+FQaqNGJW47ge1p5EnGiOmaZNytCI3HKJs4dskyoW03AEX52ZHRarVt1WkPHC1TyuV3KOD5JqIT5c1NNSDZKmUVZ3kEGhgjBS07B67IOnXpKLuZ8Cn6pcYXPO02c9weodbMzviDMsVumZd5Mdo/1uknqlMJIYt3cj4OQRAl8ICrJlAJ9WjJsh4VEnqNp1ESMDWsau2L2EHy3AeIWcUB8oJYR1YQtbcci2YUKuFlrVaBT8Az2GOW30w1S5yWCrAgypqfOADRNBDbJAgBscdliAAAQAElEQVSakELYMqVkAE++6IrYPJxiaTmtapke0KmopltORWNZKfB3VOrhAsZnE5uxF2FKmqNSBFVIIStCyv/XPG1eJlIJosFItVMJqMbZUPyZsUhptxIgrJAGbOU64QhmpZBZsaoZHOeGBGzUGpPTobw4bc4mDmm6cSoxnaUwsP7iqFt88o6j6YiRXNXFzINPJcx01xzuE53IJ6eNQYnYtE+RLpw3u2WmCutloMsMbmmUoh9lZq+ckxaBtEHAMICjqhu8IsgxU4j4sacajlbc1onu5h1P3ycy6FC3lKj7wPiGdcQBTRskUFHBsDLLPab8kafMOe6S+67gitBApYEPydMnqGXUVs90HwXiIKTDYUu/5XnV68DlIbLio7hm6pdAkFWbihfgNPJmOcydSrYyyyqrv/l/nAANYmQoXysdTJ4etbpzatoYvbTYT7kFJavM6oNT6evHJjaXzf/JbSMCqwUfyvxire9DSOdKLZfe2cCf2+MHmY+jsyW2nOf8ZrdKTGu5g+xGdn0JuuyGLNrdHifbLjO/s1AKe3fepF+QBmWposyphT90Iet8x0c2U5zKaTXvrM1mEjaZQ0J/2BURUR9kti33xaBgN4fmYoRKSyUkGqbYOdn3aSm0jSrgp3VAUeGgUrkECClMdKVUmZ6aBtAZrjw9OTU6MtLtdmFSq9X6li1bRlsjgKhOz84sGh9bu+OhSqVWKpXB8nlw3ToQdSCgi/gqjI+10p3JzMxso1Zv1atYQUMLNzZWWZAcFrBTgEUqa6ytlorjI82dM/M7ZuZAmpPQTmVTOyWW4ZozIemhtijWKkGTMbqJeQWl1DZQcIXA5o7JnnL+GbkcKGacktTFYkkQDRMKZ7ibSrlUr1abtWqjVqlWSyMjrYnFE0uWLlk0vggCdVM7J6d27nSDQagxHIDIO32InqHZHEjdFkrfSqlYr5bh4c93Oj3kgDbzPew3WODkiZzLB7+igQqQF1UXpUJVaqR8ihI7iJ6ValnQwi8kyNCKMgHMvUa52KoXu/3BLLZ+hCVRGBg72Yt/9eDmPfeYaLRa5SJBXhSCDWUzYWIlctajmC1i6RGlGsN2LBRLUakaFkoEPVPLQSs7jecu5ewmm4EnLts/bD0qQknNE0QuOn0Mzh9HOQQeB9IyOma+IwpXvhr7gmrF4SYMjYpDzPh3xpdhCVZi1PDMb22Tf/68oW3uY2sWfGEXaeH+DqhXpopFwl+6vFmIPi88zJrdHu6GD8uZPfymzUTT8PD9AzFD4vXverldoGf6bSEAPazvFtyTPHOTQ9z0LEaiBaLB+AZszj0YOlwcRZNjNnLZ4PCNgPtYON8lyOQGJutWZARZOFq/x2sOw+LYVgh7yiQpRsfJE04sOWxDE8GXccxuRS3mifc+EUTGcuU1FwtrNR51AeXcAyJ7g91ViyL42TzTmelOTw/sHq3KSClqlMNljdr8SGOuEi1pVQ/ec+mysToYTNPd+vhIY2R77aEdOzZP7kSatRh7dY9NjIfVMniMmHyWUFKiIAOJKKcQ1cbUzMy6DRv/dM+atVsm5/sO22pwx0cKNeNEUa8QnlUODrJSQjakfp/Sx/DDUmDGmtV0MJienMHAoUuQiNokm2eQ5xJp7sNKMSJqH4wQUYtQyrYJmMVHeMBQT0hdWkotR8ksQZvM5V1rNJIzCx2FVKrP1FGv95StfZAlgKNTXU32oDgdxektGUouSY23TFVcidlkxYcyWdn1rvuUTY3UZdlFfqXZ3OowNovE8J9qtRlZOsbZXDHWLoYH2zlaOJkfrdHxkiNDHR9cFtjOYXQcZ3UCMnNSK7tiao8M3ZQCOjlB4U1Ct9u5+L/++ocFoN1u3vCLkf6zmzoccQOMse7vUBK8yIaEtJOAh186emJn1fT1Yl0sWsy4Sax4es5J+rAURas57u074w1/YwRuCsTpSU3ewnea+W/0wvJ2FgKi0ehnWeqaBJdcyvmdLosyBfSmycNkWo1q5dS8Ubj4ReECqm7IqV5yy3xVAaMwBvOv6W6YLiHQLZhzxvg/vrmWQTkbEODidHvSsTo6pZ6W+kkr3hWBsEbuH0mjkAZFqi5NyrVtnLstN8kXJQstEaxO4UiRRwhwhDK9mIURctY4ni3kok/B3HnVuXx2lepSSpK1jP4ECAqJZk4yh8t/RYBh4RPhZcigFZVSSkdZXk6M5jhJ6jOGa0AQxeKxaGaRY5iGfVeGvP2KMcb6FcMD8HmmmCJETgQH1C1BGFRt48T1NVzGl3I7NptrAMBqICpQ5g6ZwHBIHEumvUX9HPBsURIcqz1aj+w2k7THKUo9WuE4EY9XNUMjCCPbsFIpNZvg1NTg4/6gj8mklIuHXg/aOs5IcqRRa5y64cE1AKkH7yQIB9nsSwE84ROqP6nqiqwlrDCHu8K+MdKni6LO1AMy1GxIMfgHRNcogV8yRrgiIE3zqpMt7zDgXnbCfkuK3Rlf42UQ1jLqJobyLFVVS3W/FUK01GhOmSJXgTClcH9AFldhCsi7VN3aTCFCWD5mR12XAS9stjEkaVJyIzVmazODVre09gBTCcp4JYXFSOZoQ+QwIcbM/iAG17RYEM5sp/ywjERzflL+xXJEhQ/JGSWECXLFZryqwWt1lAWNiQs2A6A93Qq8oijMpVcjAG0kpcD6G2DMzqms0+1pKUvYEMio+40/RtCRMv3FnuFnLdIvFHZyoaIh4TMwA6xVjDG4Qw8NGxNJgYKygDuFxFMqcSBBRGChM5nsp0RnvFO4C8pJ1WRbEnNCLZ5QZXCS4BMnvhUACAZxCRNNB3GB65ZDK9WOVq1+47hfkWYDGOOxNXE/8AOIocH6YlxbjEXK0uf9x+AdSjUJgDnPuALXSYy41Bwpc+JbOeohjqUYTmSbGLXG+4eOx8LhNa+YeANYDiiyWhJx5kE7KysqkOoWfj/TURT+skSrXIqKhaATUhaH3LtTeyMhjQgnwLReZyjTHNwYTP52UcLsiD4PzANfYgGQYyeQqZMsTB6FJGRY1S9p5qJaVok2B3CKK2+JGSlAum+bFgopRSBQ1yXEUy+rF5UXk9GDpI05DsDShWtu5MXwKl0hcJmisqwLvK1l/ewZBnwFF+YVS7BH4AJdpFxpJDMm8oHrar0+lyeEY3Lehs8Lmkxrsf7heSRXi1JQlJtFnqhTH8NaT48uW4NmO+B9K+vJh94lqxezKaWsVOre+SsIeNOtWqUm8iJVIewsJVo9fZsZQL5jJ98LJuaaLB3GirVoJMLjn7Wai7qKPbFbYNTZom9mBqYutmzLcN6vNbkVn3vIfovw3OV22sLfvayXdxYK7KGXAlKpt35zZ5Fx5mxdYzIDWTxE/+zVUPMH59BnUSU8caFRRciRWCfsWIGUpPE9pqqCiTAsioplelEFCQLTsKdq5cJIo1atAC4dsVJHQYkGRWGu0wmKBQBBBoMBTx1144xmZ6ebrZalJAMQywA9A2w6Pdeemmu35+dqlfJIox5SJ4xGvdbudmbn2zumpkEdlih8pFVLrD95egPBi9G9SAth0KiWF40226hIu94FobUOe77AmXpGzRqe75A3ndE+wNnTTCX7zF/NZs8i7z87D70pIuAdj5gDnDTkEPuhQuC+UK2U67Vqs15r4L/V1mhjydLFY+NjtVoD1AT1wUtB9YD2glg+hbixRSIXkkTSUxmfLzJcYL0bquxunHR6JgmIeISCYwF1KvWeG9c1OQpXa7UKQ15EWUcQV8GEMZ+ZCoa41SffZLlYGKlW+n2kU+r1B3juMIwTc++GHWu3TS9dMlGu12n9ga9BcA9H+jGyzgB0ZH22HNiQUTEolmFZEIcb/WSpRSK+ZaGzlebUAKENzQzevBZS4dvT/hhOtb+xnqFVak5cqv8zPBJ1YgOJH4vzwhGoiBopUt2VjcT24yFYFV5ZXYVsW5OTCiaP9Mjfu6+KGEKh84tsl1dOIPDZ9LfsertewUus3NdF8e/+5f7KZ3bhaeX3YZzBKVuFKJvd383C73o80O0W2vAXd/nv0vt5FG5oiFkIw0sD/cIug9CaFVmmqt6st+u9niIaN1IpNruYFZPWGa1X413GQyDvmnNHsCEK8dd7aA+t7lgs10RVszFSDY1rMGU9zoRW2LnE8JlJgSZeppGNF2SZS4x3m0ZklzUrvUG8caa7bvO29nxlolFpVUogsJeMNlpJeWmrtnS02agEthjW6pVmvd6oVkFXbNi+fevktE3WwZX3SuPxJYtKtQqII0ZXhakzTVih9AeDHZOzD67bcO+Dax/asLlDfTQizDhJ1MjjWkIjzxJxXGOEzMpifgKbXkE4305r5ahWKSSj9d6g1253E8Sg4yjst/uFzbNdRLML0WKITaIxTnWe4lil6l+QB+ScZvX4+L3SOJHx7G1Q1hGCR5FNJpYY1Z7yg0gxXwV9CosND1hH5jeS8z+CZ3lLzbvcomQY1JC3UyGZ4TUnlK15psf8BvE2sog5N1zTIG+anH3gbYVMYcmCDbihvF++bDWzYDTOB8rlrdyWU289Q6JlHzqukOOtpNaakSIAL9r9hOiFTeZfZMbMP8/rHxeAVhvevzG8FBfqIuuNcSPGpiNfkQ7PHyJnyFSuMcN6NfvbehtBbV2/+nmjp1L9EijTud9ykg1ojeDK3vK3Iry9Zcepf7x/JaE4dUGgOs6bWZxVxEnYTgBQFiFq3KB84pJPGYbCGDyTdHmpW8OqPCe8EPRVJoAMRCJYVjHCQOeIqiKrHhh+ECwYLDV+FqjLWmWhlUfC1pR8mQW1IxbIMOJbTylN2DG7JVEoa72r47C+ZTONdCZb5U6i/dz+NWD41Q/JqkhCkF04IRGJsWh8hZxgRPSUvuVPSOnJjh0BbgtHMj8VwSfluYytyArNGQc+wk6sEeqhs4qOCSmyFByOCNaUqcymT2W547btARu0hMz6cCNYi2kgcttyTzyeWUnbtwI9y+XZghWxbvIr31GOKnxAjLQhM2pZJ4qBeX4HCKmk1EmPweJAlAhRD1qmRaanRdZ8KPRQIcE4yuYdIgyvRjPazJbpYBBtDDQTDR4ldoogNmjqbs5Ifyo00SkgwpgLAx5Mo1GuVOAJDZCRgylIyK/HHD12yomAmO4e75GUBXiKcLfY70dcG8nNzGwxkRk4lSHdMPKCF+ExRUSAEHDtLswOOdOWS6tYzfhVF7Ddj1h6ArHu+XYHXKtqtUycKngwtcrBR0upnYFsC6bUEGBNSErkGQgrCm+CwHnQiVr7JfGg3enCkeVKmZa+0Vr40Gczym5KrXPe6hY7IJT2PZaZoMkyEBPfimkq1fKCDxmhzbFYIZ8GsrmEFpzMFe3mpwE3rhBMqI11r9874IxPnnFIfcNNz/ncDXsFlE+kMgq/glgnVVB1Ol04WaVYAmw0oOL3hFgNeWWLnOFOanQKyraPie4WYSOrlB1CBUBgbEBt42l9MDToZGfRAgvVynFKLcJveFOCGzMStE0M0k5AdmhOwQAAEABJREFUFSnSIslPVJwJSWPirJBoQUiTIkQiBBfixBGLkdW+ifiE+xBRGQyw4VFEQASHagSKNO1OG1ZUqVgEUIPvyZF+oW1LfL/gaXMyM7FIM3OJ4O8SDUm5eZOhLY+AaWriQrFYEDYF5dngJ2wYuMcZDbgEIVL306o5i4+YasFNvVKFF0tyy/4wyzaTan4yRytjscFomSQp3wUuWtacqRCpOW4mhlgEO7UUxIqRoYgddUqzETxNR5wpdRXHatrqcUZ2VqgtzNkQZRYe2oyURGKwoxgsP8Cgwwi2PNni1svYVEruUlZSmP0Mz2AwgCkNyX6XmhmC3tX4UGeVnmiSaHmRiEX2tZ3I6pRTC31vRTU89Oaz22MrBNWAWLzMwoK1KVRPQC6ko/lKGWqmEofYip5gbieKsFHNUSCqWWZM3TxVbbw1lOBOjXLRrJKoq+5JzscmN8wQ24EYQobxDjKTQlbVZH4Qc32INadWnyW7I0ZFtLUZUCPWGPFPEJuYcz7l3GgnDa33krxSSn3lr3ruApOhsIbkKGWMisgnkRvSckP4mcEka212SpomJvd3+q5Vra5+j5xeAB1xSayzHoT31is78yb/tohVAd4zVWVySl2Tg2SL5vFh63eu1j35bZNtHf12DiP2Jx9GfRZY3fnNlz/GZYCbdboD9Mnp9ay6ZDa3c8XyNBrgY7tBHEGuPVG/0DADmRM7AlWaYbJvDoqwIUErPRXwgqMMlgutGRMJokKlUqnWaiAO0x5W0IWFoNWot5o1Sk02EI3udDqFQhEe9GCQ1KvVzqALJ6mUy1PT062RFghQEJatVnO+PQ9ruFarzs/Nj4+Nbdk+uXHz1smp6XiANBggwBv1CqxMUG3VWrU0O79zehqw2hLi1wXeWCm1Pg65ZgIVKDHAxMhNDLdbKtrFY62p2XZ3kPQohGyNQvGhxjyZSi1OeWVjURfvYCFSUrebtIO03aW4araWSApb3XJO1GH2pxT0UIUFvkndiIthsVouNWoVwNkbNZiDEvxnZLS1fI8lSxYvgt0NOEtvvjM60gIrrj0z1+7PSiQKrUli1kQi54CpsFktBsJRz7Vu+JNyi2ASsqQXsl4vWFnEFn4Q5BwBniTx36QeygRFdndC4gdPEjAOG+Vq3LC9QTqYwdWB/VVNsG2qff/myX33ml+0aIzaQiJPUEBONTfQMGmIqsBJTRfdEGjCoo2oPRo8VhuROpMgkAqCUJAUza1Rn4tNdiGhM9xZwiValMX2AH/TMkFioNF/JwpExIETX08er6PeFOR1sbyMAvag0SqOeB05l2uGyEwEQxt/gZe8m42/4OWU2jF/EjbURbgv0N7iXxnjnaohwNXkMW7n8rgRn304Iy1TFbv/3OSMBGMy8EjfWXj6/PF+JG6Xw0Rleihq+P3dv6x07ZW/nMmy3NQm53GpFqCnTR6xzU8SC0u9WYnqWzEkBE3xYoCdOo7E5cU4xzqG5j2ng8UnMAJ70HClDlCoIan+MpD6LM6JAYnnqBbBioGt0lvaqwSciee46NaGchuOWHQo5ZnnJST6Sua/lL7KxhYDt6JV4oZZa7fNrJ9vb58qjTVqi0CAl6KywzqYmW4vLBRrhbBaiqrlQqVUCkPY9ebBzTvWb98OvkMfrNPQLI+WgOEHga44ZBscG5qAawciZ/uOqbvXrL37/rXrt203GDoz3HAAHA+0J60ky6FZKNlpnNrHeTbsa2A/nCBB2zu0aalcqNdKY+NN2IjddgdTBgbdNAqmO8SHh5QfpbEaTkCMQourKMh8xGkRU5AtP6NNggzlrQuElKiuN1KzKlAWBl6TVJHoJJXWOHCZOOUAHnoorHCtXkH+0fVp1KZl15BkcNZIXFa79qHh9WwEwdLkpCDIVurQvpPfhdOZHaWhXa+GhS55xZlYaTIXs5hWnAjh1Zfx6SR+FzlverP8s8YNiRZhtSL43lonZSUC7TgxAD32uGDby1ZzarjlmH7/aV7/qAC0CkyPnVgPjfKnzgxlY/gXPWlO5iQxni584Ar96XnEc7JGr7JAubIAt2wVy6VlEC63qEPykxNqyO78yQyRJztJmJFgtVXdq04WLW3irxFrKZeKIn4Od9RgNCHh5mY8CHbsODNGPDAxIh2zGsilBDGjdLjkI7dtPenA/E1O33ru6hMuKRVDWjDsEFqu9yf7JWTbVvSXmPYqK8T1QuCSMg/Z7E9Trq8nf4+ZnawXN2gK9gcAQJ/+mjMuuegSngzV60SjIUXD7OMaIjWjQVG+rPGRKdRqMO2hBAQFvcPBclxPCgM9ZM8Kkn4sAEHcTIxGlQSapER3kQTMpmvQONA6OGGh5Zlh4g2e7pAroMkPDxEbRYgE8Sr0KZL5ky//7dmHtaZv+9DBJ19VxJQDJ4g/R3rTQmixcp2QMTewaIljLzXsb2XYdzIMtIacYWi9pclLlvu08szSUAMJHiSM7DNdiKPgNpflw1HxIDZIWUsd/BCADphMFv7t9Xpv/9qfTlxpZu487xlnXEvdfTjDMbVcp+qwJSDno9FU9K3lZAvC3LhjITwytPCpTIkqFOlpgsJOOT5BaaHIglwo8OikJp8lPmIlZOJw65hyoUSUGsi7S3kzRYbgkfsvlGRdaxltkfJoIqs1g6Ab99rcUt65DB9TnSe2A+vYUG0msDFcGClehaPD2qQkJr0YMiKEa5XWGHOA4OQjYcNgw6H//l+nHtw099956pnfbjbRpAKfhKIaZC5Yoz63EZoa0mKJpJsSCI6+mH/umPZDadCUPJTGPbftae/4zGkHN2d/9j///qlfNmuMPxICb9SezAxrOktA4Xxa7FS0Tw3hjekbRbcCz90C3233Op320cc++6Zf/byGGT0hJrMjmI5x8iTVvJt0kEiWqsAjHG9IJT01ZYMp7vWOfsz+dThu+crXJ8kN/AwAa253jnzWc2/62e1FOBhW446pk8689uj9zMyfLjvpml8tCymnF2SKCYXFggNsHL4XDNqY3mAw3z7qWc+58ad3RLLmncu7SEQXwy2bXE7wp0HgjajMBkpdhm7RL8iajDKBWKqJ9dL14kGvf9zx/3LjbTcXSLQGqSe3DVKx2JgfiWeH9g37/ZixSeTZ3ugH8Pm4D371+H3M+u8dccFVS2Cdc785foL9fvLcD3z5+H3N3F3/+ZaP3gpTwulQTJuA7ikMiwjr0qgYmULC1NCUGs3os7eG2Nqnpwf+83ycAOhNjPFhjoeYUkoZf2ZEL4LTokxgjCcyVBUO5+oNuo9442dfdUh9/ncXf/66NbVKjWJUMaGcjnvgsd1mhLdKKKqVmYSMdKwFLjBAwuTPzGPE5NvERx4wnkVMLKrHCAFUyaNBary0CVmqas9YfqiUCekBa5pdJy0ADQAEGbF2wnglYu5RESQd5TjjvkU0mav++cFSAX9C+ylRCg5DjC5EJYOfW0JXTd4W5epo2oeO4wGGtgyDatIKOVUbVdNIhGU+zJn2cjpjpe2JsUZZpAKurubNQW8YYgbi5F3C/dOYcX8MhiKThhEQWgLh1EXTSuUKZ9nh6pe2AaGoVHT+Iqu8ulycGYitRP8lFw0TfalAjO4OQxqYBCrYfcLxoMyECGH9FkiIsztKyZtCr2x4f6W6LS0lsDIPFBEkWR90Yng3hwyw4vamFgsPy5C+9S/1p7h4iKfL4k1o3jP9j5mROBU7CLx5qJMtnC54UxrZl8cWIIbIxpXIyhxQrHdos7tjE85qr87A5F4eDRIDOBGkzujVrNyDS3NpG+KNWkkjzwo/TBakEajCn2jh77t/WQWac6CJD2bIs2D/mWicAztc0yCoqPa+1osqTmHYLTSiwLXGgp+malNZitKHIORggWM4k/qn+FnF8CvWV9NvAPBGUa1SatYroHAHVA0CIMUIRNWQKR/rBkCUko0EgnrQ68XNRqPbd8h0XCxOT8+WS91B0IdrLlm89OGHH4bgVa1an52ZAWHQ7/Xm5ucnp+dgawACDebL2FgTJAuI7HKh0GrUtm3bPjMz1yiXq8UQMwCigqwtlDYhc6GG0g0loiI806rXF422OjCUmTkUC4lhlk0XSBowr+zUcMsER9ZamPZTNr0JcmBLD7mtKcqfpIkqPZU5ov4kUqL+Egtfim9xoUmxRDYYbeJ6tTLWasFPq1qtlQrNkeaiPSaWLN+jWih2ZqbhPM0GoPpNiJrPzs7NtucrEDgPMHIHFkQ/4TvF/ttgdxlMQqTqA4ygu3K5CABxaYB2/wAEdLGAjN60N1Iq7em7mCPBYAcTN1NCdkwg6le2EiKvIUsnbEhI+RIB12OGhRigKlspxLVyYa4bodFNFvNcbO5bv/2AFTsOWLFHtdYAc4dQFMK/cKkS8xE9HcaLDfUsxdq8sOgi/JFQFosVymO07EEwzOjSIMORyD0Tmeuk+XCagT9OlHSqfFiG1Yw+oSBXFEEfkNtIDxLLjUJs55Gw0S1qF60pFNOkdGLOIVCoygpeyREhDaexu8tOml2AHQ//7j+VX9iT9Jtdd7+nWvNf9ALLOR8b5G+ZDHVyQ049K0zJQXf+zV2BAZedKie1zd962dwY//ox+Vt23qb6C5fw7zuXJUYuUF1Gpin1WjI7GXOo+Es75+lyvPXIwEN2Jm9aGM4vc8pfJtMjDzoYuk4eHOFB69USrtIgjJF0OcCXUnDNVQqwkTGLh6xil1JBIHL4pbSI8WTE/GgHzIzOnjkyr5FfSO6hLeCKC6iRnyWTBa2WIuV4RdL4xIL83H9xY7xeHqtEf940u60dT85Pb9oxPd6sxLQ5N1ej1XstX+4K44GpFE2jbPdaPEJGUOnP6x9+eGpnsh6sj0KzVBkbaQVFHFVsYxITtt3tb92+4zd/+NP6DVtm2l2QUAm2T0GC9gRRA2rUJJRljurbyJtzvFdS7R2BsgjEduqw7tD1zQDkZyEcazVgD+7YYeZm5zq9NjanLRWdKT68vR30k3BJaxxQc+xkGFsbStINW2aSJITWEu18BmeMEwomLt5SVxP78ASZV8hIauq0zw7R9WEJHyWHITCSGMlCzABfI+IgYF4jWZBGND2llhlJtaGXL8YxuXAGZxvwVZVVT5b78J42uiqtkTwRK+fjwbs0Mzao+CmQhr1c88cX8sJLUO9Uish5zVPalpWMPrJ4pUw8UE5CfnHU0qotI+g6gfehpBL+BRnCyJ4HncWe+dsC5//S6x8TgNZnTXrFegBYVqn6VsaHHOhLjgtFWUJKdbvUiFiRrPI/Xg67hGzyf/M1vTbN9Xkx7ChQ1NtIty6+umE/kiM9KccrZf0FRrcNumZBzOnJvD1Tzs+gO2WNQtkbjtu/qffBYSR0n7GZGifaGD6GchBQ9ASMf3MmDm8xPjG7s0gGevr195z99NYuE956+rmbN51775XLnnEmJxga490YGI2v0yenLMieBRu1bPhS4zmSagTukPlLjBycGGeEwpAqSUycpK+45g8XHG7uOOfTF5kKqIm4t+kAABAASURBVB6q+Bb/yBqrMo4esTZtNJygREEt0kFugIQPcN+BGyR4YjoulbQYIhGm8yXU5JkhLYaSLVGzpU7vgpYaa3RQmerZG6nIFxc+4Bp8+A0r2d2Al59lBhIq13YI1nOpDF6SOVDUqnJckcfaPjIRZ1FxDQ8FVAOlnWDJKcvbes9ZFibeQSjWNSN97KxKCpZCB05akchZKANZkAzqT2zYEZcWXAEBEvAgiIIv9gKY/WpuxcjvwMMt0NpNJcXMMIMEQzJWRbmh8iVEiRnq0xQNvhJmb/JywvrWiNczPFSLvXjwycLsVLH5ObqTxWKpXmtUSmWkSnRpuVaznN9PF6OejtztiymzJRxCeE5q46DHBTWGzXiaBjyMNzRtSToHwuIBlY8TRhBwvh8G3gnxxmh8wKwGHPsg/W85YwWxnChCN9X2dOaoEWLEZOCBOHWpcwJlsOfA6Yd47wVX5O3DkiHPFMCZJJRBQDnlnvYTjTrkKKH0Vxw3U89YdRyFKJGC8cgihgiy8/yy3Lyd6wewVo6SqOGr7W5n9as/dcYh6d1Xf/23QTMqQoAg4kWZ2MSpPY6JyYCHMt8YWTG+BJgmWhJy4EbKpR/97v7nPeGQ+ob7Ph9Ge8NB7XZn5av/89WPTf98xVd/4iZCTCKj0fBdpUzjwniFk6wKtugYu8RACFq1cJ4DXvNfr3ls+sfLr/+JqYQh9ZqLYyfMmRwoiimkEKqlbtQkoPsgocGbJW8/8ZFhFElnMkOVE4Hp9PqPe9eX3nio+/3F195qxkPMIeKkXUPc2rwo9MEJOmo54BJIUzy2S4RLBQD0Ad12mvQGSEUSB95AtK7T7w9EXSE/pU1D9uQAdqZdg8ZSQD1QcWtgPoPwPnvs0gobFPOyoyzC+gbMmza9IA6RzEb7GBlhK1ZAlEMyA0pOBXkZEKMOhArwYQ+SQY+p4pIuvCJSSViR6EQskFpMTJa15EE01FrMTwwfDIIePQguBbAqkWjYMe9rfHZOMkmcGAekhDjlmkN5hlZ7GhH/gzUabHAsoiTxi6r0HZeX8MACw0lkBKswTANAUKFQKqdhAdY3p6kNCOq0wnSAD5FqRNJ+EGOLL6Tg6Nu0Z5KKCwsuELBNbPdUfF8SFFLKQ7zaqY+J6Ue5zu/8zNQucRL+JCEp6DOLCrlIiPQyCTFyWObbtuovMs8LT3KER6OwpWoMmmSJ3PnwOmP1GGpKaSItme2Y5ccN6pmuURKoQyffkcgZ1XRTDU0MV4mYRYvzbQKB+A3FC9FvYmXNuK6hfnFW2UCIcggDB2xUsfajrrSGHRpR8IJIZqZbykag+jz8KNgF0Yody5TXotvUq2E1R4K54M3LogvFIgmUEEleRicq76eLe2+sN3XEtJDH4DEZsUONzTAVHY5VR8tIawiPKMgd5qEVMYJDfxYrNNmMrGXWsdNzyt2K36T/F+OXxyzQY+66zvhx7vLyrhkFitIMGc4glcCfjaWLyWZKfs/Z4EP+mdUj2Qii/6TEiMlYVcCsTPQuLmpElDHeWzAAAgYFQzRHNEvaPivghL2QIhuMtZlauTjWqMEB/RRZIACAHm2UAQlFgZCkUakAdi1J5qBaK8/MTRdKJVir3XYX4FYIH2Lf0lJlZnqmWq2A+THbngXrcOfUNPzMdTo9RC1tuz+YnJ3dumNy+cQisHEqxWisXmk2qgAlz3X7jVqlYGRJy3wBwE22bgIyhpDZAZWpgZm1qFHt9Wrdfme23feMEMYNOFGfu6BQ95GAC1+YnJ4fIclojoJw5oNQTlGMT+uaxOvAAVGyMfsWGHmW0zhKVCwEWLFTACC7UKtXAIAG0L5Vby4aGW0CoD/SqDbq4G+046QIYD4GrpKtmzcB+jy5c3u/36k3ICQfpH0TE5t+kbLXOODoJPTEgjGEZ9IbuNl2r4e02Cm16WCCWipgCqOSfMv1+oNun2JSDtugsbZlgWmpvSmRf2PEDyOgBfIMiO4U1kvBBpUkalVK8/PdebpVjFsUoq0znYc279y6Y+c+tZYR2jRKBLHc5Y9iA5gqwVZFSrkvIQbeEHejCJxsZpaxJK2YZ0NCjrl6dd5rIuLpYQR8lwFGNq0mLdPSd4EYigoDEY6s0R7OobXsn7HZi+UrMQhRGFPCsBVONGpWDAxSpgt5LiJIMpIz0eA2Lw/cLjgp71+bkzlyYJYBaTyOJF9InRfDHj79S4LG6umM8bLWebg2B/B4CZqHtNyQPJFHIaC/VW/W/gVsSKBkNwQ0DeNlKn6NPGRjhiB4twtAnzuR3JS+7+ywFJRItd6YU+YNwcL0ToyHLPzkEwW845phGZ5ODqa78MqgvugaLVQxoU119XlzQEi1Kt0ZtpcXIwQj74UQJBC62UwYgWzsVLnAcegEvDbSTGkQUtethALHoqhdISG+DvbcuU2T4xh/mnDBs7SWotqkKOKfkGpVMWQF27kY2glsb1Ks1JobpnubJ+e2TU5u3N5BBDywc/NhOzZbp+f3WtRaPlYbqZfLkV02Wi9GUbkYPrh52/x87551GwBZOXDFipHRVlQpwt6HgWyfnH5g/cY1969dt3Frt9cnExlHnhjJf9EOOc5quVm2sIx/rl7hk5VHyVgDFFNB0dgCxCxrVTAi2+35eNA32EnUzRu3biaGoQ/S+kSthOkQNPPMHsqNlqj2ArMljFD1COcEW/yOY7PELEoQk+TCUJojwxIwvQifxMziT3qCCpQx5TszA6jW0jpxoRndJiIlzgb2JhS7y0pEj1PE7QecWBnsj+CIQqnMdNl6CiyT9cua96yJJpM/tBeooFYgdsNMr2JBe6/fGDX6GZuxfBJjhm0LBfbwLewg5SuiWXwyTyhNZeoJSVLjjT8cPAZ6XeCyvZmHmL0Q8Ei9sflo0D/L6x+WgiOzYa3ULqnc9hXSQwrD2/HOZMoxJ+ttXvPJtnA5y9rlT5P/29vj2bhMLndZZb7zPoT8Ls6yP5uoMTpIoNUgp5ysyVfAihqzGvNx2detD1CK3mHXyEMGzurXnAD4/KEbQp/vvWLJ4e8iRBSzgz9626ZTVxmz6pSNt7ilR7ynWCw6gbJJtHBCayowsLom6YJiEJeJ3FQcBIRVA0YayAQinIbBr+TDJx8OQ5lisII8Z+dZb72p4AQOUWCagBtxp4j5OVbNSO2ViJs6pQJ7hk3J13VCEGwV+qEUTG7bLQ/JkoktzQALSAAXZ+aWFdZMhlzxVEJjm1lb3gwiNgJtnBAwSWdO7EjZYIqh4CRV149y5iR7DbkUuHGcWjGWrE/LLcYCqh8HjNhIjTBNNwLqieOuaQG1nqNVwEAUHZcSf4RkV9gMCKOUYQ49c9CCi61zxiV/n4bB7AcGcUgS2Fzuz9ggplU6MVWt3ixPTKq8dnxmVCHEvcD2eELpaQReMM+CUGtASLpcRi6GMlgV1Qq4a9gbkGRBsVxmV9cJGTlnipHXJa2ZSDkZifQzOm1lf9MCSIS11xFNh59/zX9G2JhDFJguHFKVIjEnEMaWGKmqQvwXG+ekpPVBsxLC7MsTAuKT5d6VXHMUUHofs92wcBFaACZ8JMWccNucUEgajBCL0+4jc86YQqSMyWERqRkkHiWWKVeD4XgCTrRhMAs3COYiagIz3rZiSczdgRAjLKb2/ElHHlI3ZganN6DujMx8nUo8jMMLuNSigLHSBHMGYufkWjZzFPBwmMB7L37rW8FXL68AVxMw1amZk456LFxiOk36mFMZWjO05pg2ImFylUw0e6RCODHS6bmTj6bzwNMJBGOxFGkDwYBFvbIAaLWToyWxtFRgZ3pMzgcVSJ5bL5HJlEoEpWEwqN19zbGHNvCKRKUiIos9Mkr1TW0GGrJBSMBayE6W2EsZCZI2uKcrkifAASSBBrCUTnVZyipBpSKLB+ZcCQJBUY0T/FuyNTl0RosiNFoVx1nhmNTPTwpBa1ZXHoqk1YkUE4FiwtwckKxPvFKcCm4Ok9futcOQc0WxO19KeVwppYPQQhcHLtAsDCQASVKfbJ5D5nyjNWs0a1eoaIxWGFNfRMLXeOs7ah0a0hoFVycWvF0TeZTqnmNshg1VzpcjjI+zTA3zaXDVDUxpsQD/K/bDiCKcaSoleESlbHwMFSIGptePAfgoDnrRoBcWYDEXnLpS/Kiyx0u7xmbGg1UFxMaI9YvGiMvuFD1InbqcmbnLJoQGqygd3oif7Nh6VuwtDDwAbWR92MD/o6Cn89RgxmgRt9gzRtivHPWV8IXalj2iDH5m4hQrfBqhPEETU2TYMT8TBWgx2kVSTWBSmVf2ICKrxpOIHJFsnAhmlQPGcuDYqtkh6IXTwYm14ORXVnFRwLnfRvS3twuFrUEXo3zERFFWw4HG5HV+foIUUJWp8Tgyr2p5Rl68eVDWm7Ca7Gf947Uan+QwhOAmORnpFZrNfU9QZ/9Y2QeTxCNvTmbfkbo+KwhQdnv8XeYr8viRN2ft0Cg8qkTF1B4wtmZI56oJb3dFYDJDf7f+meDSeVueK6Mo2MIr0TJCQXn9uIQCTs/nFg7WP2WTB8Ece+XY7K7VaHDmF2hW+LNRr4HqNqQy7IDzxVnMWwjHJlTPglEWiAIS1S91Xk0BhwYlON+BqGhvanp2amam3ekMUDdCZDqZmW9v2znZatQhkA7CpVwxtVpjcmZ+Zna+WS03SljbwrBGzkKjeJVlKn2us3G1SnmsVZ9tw6uvLGYSiBPCQBobG4dYDcO63kpWIvUH0ApsliFOOHKEnspLHtnyFD9CkCImoVvgTMVSuVAtl6uVMtNulIsA5ZSa9cb4aKtaLpWrpSLK0AJbfe1ub9Dttufm2kiIPRsL5zNFTKkkhwrvA0qCBjFOpMlYIpm0uzH8wBBm53s9xEiR1iJKAO9C4yYwflGHFIMgO4h8AV5SKXU5xraySHSCQW7jOHPI5n1BgvhtqRhBKAJ+ugMsvYeTwy20e4NN26fWb96xYo8VUST4HOZpmkQ9HoedBkUrc2I9F5VkHqbR9SYYh7qK4il6iERxCtLExssmVgeI+Bmn28Q6FTOc1ucVgjhnilKKUuFQJnOdCGEQqQk0a1nHOPU4dUOqVMufJbcDRV24YQDX+XokL9LYypbfzdAG94fm9rZZIB2yY+UqfnX6L4p9ZBbIDJt/W29tl6Myxfe3Xv4QN/wnvWUl401OaHIKyP2FO3J+dnZ7btVe+rG1qmOG38hOpdCHYyXvLQZOgMqZ0cZkieaypIzGF2z2UIxYJrlFYfTgwGQQPi9JggETdbINmQLoxSXgz2KT7VSaoTPAriMhYxRVvtVu2GSLGjKxHPFEBsrFI65MSHHGAjFpgl2DrpCVxoeLCiEWmjQqzXJo0v7WqdlB3I/R5wnAMpua7+yYmZ2eH9l/j3EQws1SoVSogSUC4THY4NOzc3964EEQNfulyxYvGgcse2pu/oGH1v/5PiJ97sXioWtthtP1nC16wxaS8X/qznYCFNGxBHemMW08Vk8gKyF4Cebrv1VjAAAQAElEQVRQt9MD0TMwINhdH/D7mXlKwTETrVI59AZgAU+L5iUydVjlBiwEskBozZDFFrLJR5W73vOVvBDpgjNgHj+s4UPfiJpqc4EL1+Hnuj5k95jfdVYwFDSgqN+7cRn3n2MHXEYurYRFZ9HsZKQ/1DBWVFXOfcyvWaNb3mXyJdtNwxstJwNVmfEt+BNrbhB/L5UARyZS1BR2HpkzQl5g5NEHOdlmrFpouv35N03a83vW/JO9/jEBaPUa8u8wkmbc0GYwQ+JepLP/v3oj5Mno+87ZXMFLXk2JWeDXu/PqwDqjupn3WLbQ8kcyh6AVLeG0DkDR40xvOtkwnrbYsDNnsrInY/wJ/O7SOzXep2eDh7+DmV+J2B264AkFwBcIlY/exujz1O1nrz7hYrTK2GIHUXHmkXu+5WM37zxplVl16m2feOtR70LILGZzjRxJBHSwMQgXOFOdGxONJgImYkIvl0vnHspggDhQykXHOCDMu3LI2govTVsiEleWVAGT5OJ5B56/lE8ofa74dgOx0jjv0lEzNQa+mMEK43kDzFix2ImaED0u/3aJ1+dpqCWyeCoIBQ7giGJUjEoFRmPR4iY0JZSEKUwbHAwGWESJ44N7Q3eF/VOy5kwqCG8a97klN05WlPc8nfDM4iCDtJAGBFajBUsd6ggRTl2332NrMGYCDYQsQwkSkmKGYWBepNb9MBSBvFv04JHfGRM20b6H+xLOkRC7+fXxrhLKc0wRBSBzAGlgYQRWusjpiucX3mcc05JL00pQoQVDe0vLd1K+LXqClMPimPTDUv7pIJU+6djgOBZO6jAGQwH1KLEFoEsEOG6xgMHsUMAY6u1DOZ6wFNrg18Eo5uZL5TI2GYcIuFCfih517DKTmwirbm5untcn0ccOfECXNkLagdnr9wKMXkhpILUyJLgZE5kxpQlcFmoyEXKKIJyz3en24gFBOBiGRQJd6toecEd2uUIaIaUjP3Fw1gpgJ/S6fUMoP5I/Vst4W+ge4+6Ym2+DxKg1asS0iyzk/cGgO9eFW2k2G9xXDiav2+vOzs3DoGHwxIdYUBPOAgANjp/DfExwm+JOt0/IJk5yqVQqV8r9fh9uq1YtC5MveE5J3On0sCkzGRhwlVoVrh8wwU2715uek6TbZNCenp2tpZVGWKfO6Y51aq/XBycbTluvldlnHvTjmfl5XCEQNMAiWSyQhxmDsHqlXAqJ1KVPfTNdCC56b3Kqz/s/6c3vnJqGpwr2pMfq4CLoYHe7JKCwtRG4ss7klD215pvvdGdmB3KeQWd6bo4CFljOPDvfhnupVqsp0RsXIxxSt9fDUmhA7CHAJmEWB2g4rHB4JqVykSPqcX/QwWQHDrKlhSjCW0As28ISmJ2T4oAEHtRcGz7CxHzaLjHeMtzngPcEZu5TR8vA53UmDkRIF+YehQdmxgmTu8g1SrPXCjW2xvIUUrCt+4MeO9Us5iH2QJnvuJ27dGVYY/BNWOBw2ipEJrBow3QHfQ7fcw4xon9kWbkEG0l1ut0UW6AEMH7rGIqz2CwSnwhzACGxySDpwyOk02BZpQ1dIkB72u10C7RPYH/PtNuUXo2nh9BRvQxrKyBiFCGlM4xm8CF0tVBBIgGFOCiXqwAwWsHAuhJxBNUFWP8TUOtQ6h4aSLRJQFaO4Cj2TRehPqJajYP5DaEW8dO2xtPDxSiZptQrRHGPwnhEsiTkWoI7IALRd4g+w7Iq9QchbKhCD7Pp6J6cKvlkSHFzcrkSgHjTxeAQXSoNpCguYbw3SqTiJJPJImBudN6LdAs0DxzhEpfQcnELGwYhdyUlrN4JRY/1ab3+VB4N4d+cJNbxSbTxb2DVosdUQsM0KhSys0RfLsSjljUOKi2Qqn1jKS+eFh4KWsSqYBj9Xi/SSBxHHAIO+2HQKWZMRHvY5fwe5+14p5CN+gbqCVpdBLxxZP+FzPsa8mwIFKvGlgQ6BLT3n/DCUaQ+U+N5/DizJnlbmQx+dhlqbQUI1iM1JipuEEuAbKVwzZ/6YjazRT08odfTO9F/BJO12cnz39CDjclwZXkAlkmyZYxO1hOjKx7tEL3jp0Ium6EbYvtmAzRyKd3AZteX3HQOCPLGtbru2f0T+S8VuLjAPwD4JeEnJSqbcrZo6frEjuzqXGyI8h1rBiGG22jUQZ9b14H1Vy5CzLsCJhGS8CZpL+lhY1JkyofoWlqv1Sanp2EQlWp1enamOTIC23W+PV+v1XGhhSEo4PUbN0Fcah7QZ6zFkYpIEPvTM7Og7ArhaBCW+ymYH0G73QMsE2u7xpuAj3JVmkSW6N+QiW6oVwEgEinltdWr1UWt1tRUp5MwIRuW7PmaZKlClqqkhNY/bw6jTWzVaHRa0sGx5ezZpMZb8nGaPQ4m74pAHSONdasBP5VmrdKoVMDPLJcAgK42GjXApiM05wpwWwAATW2fnpuZiXs9zLhDtiiq+O4hyNFDs6AfE0+co8SOAslxtM3AzOgn07OdEqVcdLpg8dLuTA0A0BDmi7RNMqknebxCdMFkdjD2fgwjQQ1eBYS8mA7o6uS9YN+RQIs/6M5B41UAVa+WZ7r9ASU1R4Wo3+tun5x9cMP2Q1a3G7UiMftHpFNCJ/U9tMRSxf3UhRPHj6xFI6kdzkssOibVhA3DHTS4GMdJJrzyO3MMDd/jaDrjfepT0IToLaS6z8TfJFdNpCMuQQl/U1jLcU8Xk3pQNsc/Zr1joRvcQyjG7IKiONmlQx8pIL0AJxo+j8284v/nL2vtbrFdp162+QvnzgOtJv+bIsgLzmxzuJJ+3eQjGPyuXl1mPjcet2DYQ1fTs+ukm8z3Un0gIxK57DLNs/DcNN2KclhpQJmHuHP3vPC5WK8Q8mdljZKfCyNaRjIhDLPbOfK6AcLEjCuUGEnK/ZwC7u2AxyKcTKFC2hsslp0qPs6AxmSUxGpxmOEYE1dwWWn1RIYL5v1wgx7MckAiNdK2BZNO1IJ6sVSOyCKy0c7Zqe4AQljpfLc7NduenJmbnmt3+8nqZeNLRmsg9JeN1kphVAnC+zZsWb99x5/ZkXQWfIf716//8733r9uwZb43QFfUZOvELxUjgJQHkHT3iN5yPmGdbzalSkTAaUIRxFw7G5bLZdyag6AP7keCHP+hKe9oY841SHg4YqIWFkMOBWKBj6WkZqS3BMuca+Yoz0kQZ8puxBY/vOPT2CPmqWczJBco1tJPUoY29YWgpH4cZy0sXMG6EmSLKTimhVWCTDmdptQxLzUHvjiXmmUkFeAaozmTKiLlgt4RyF/amizBJ00z6vSUOT6Nx39z69vpdpExZxaltbqr1LLhDcwllWyLS+6BM5qolpl0aikbIyEov/cY7KYOktmKkJ1n/ple/5AANAthYX6xsh5lXRm1zzMFIuvZ+xKyBBnyJOHG/W9U2un3VGXmVrtZoDj4RGLJ6sJl94s32cL1FMi69NvAdy8aUmk68FBJ/3Pjym5RLQtMQ2DL2xgiQkhVNBiJtct+Zl1hndW+qCL8AJU7/brjV+GZ771m1cmXVSlm77xnAvut+PYjr3j8hlMBgj7u6699z8u/aMwrr/n9BYe3pm8/a+UPj11z/mEtM33H2av/9WL09tPk9Gv+nKfyuPuaJc84q1zhhl0klACl+uCPN564Orun6TvPffQpV+GtXnjT2lNW8Zsjh1+wY8MFMKwrlx95ZhCUQKZ0e6de86f8ye+5ZuLwdwEC5bhHXCiALwQML/z++pethDPfcc4jT7u8jOTKpNzi5IM3bcBLr7l+2XFnYSuBODn9it+9/4hWbjDnrD7tijLmuSAN62mX/wY/XXPd0uPPEvYGeGLnfv+Bk1ea+65fdvxZNZj2c268H/5cc+3ip5s7N54I173ny3sfcy6muHJyJHE2x3Fv8KEfPXySv/H7rl/69D+l3jmAqe6+4spfn/201vRtH3zkLYf/6ezDW2bmf88/4lVXBjix6ez5377/X1dmA739/Y+FB1at4jVSQKAG7c4pl/02fy8wpIkXnN0ECCBBq/2cb9z3slVwg2d/e9H5J2fD+PKyl5xTm2uf/52H/EOZ/skFj3r91RVeAIaFOAdOvZGUJv9yyV3nHqYXW3P1E170gSgS5pl+DOBL/6wfPHRSNl643xUvPbsGsGgBC7HjuZdd9L/vfUrL3HPdOVufc97heqLpn15w8OuvKs2dfNkvYSr0Qf/Pqmd/slYD54US6MJ2p7/zzVffcvx+/uTzv7v4P6+/b8nicTiEnzWBaFSVQ+X/83Nza/Z/2Uf+9ZEN/53Zn3/ttR+5BaA/xN7j2bn3fvpX/3IADOD8b4+dffIqPWrt/+x73kUNMGqw11uxHBTL1NAZsSoAmB7e+IgXn//iQ7OTmo0/ftFlNx8w2qhj5FbEBwHwg6Qo6cmuPzu34g2fPQOziWUkN7z3i/ctXVwoQQzDrH3Eiee8+MCGefBX7/nPny2eoN6GZmrHMa/88JP3MQ/++szP/GzJIjjJ/HznoXXPfvvFT/ez8PAPj3nzQzH/zvBbShGXjVueeMZnT3liNsj7b3r+ffvdcOx+5oFfvOVjt46NBCYa9AfgAx9zztXP38cfNvOHS152xV3LR8ZGABl96lv++zl78futR7/yOx95pTHrvn3hF29p1GuYh5UAvj9YC8N5xgo4/0/POP8H4yPg061/7Os+depBTWM23HTsZ7+1NxhVk3NHvOK/TobBbLjp2RdeNfacc6+BK879+jNv+8Rtz//Al/XqrYNf9+PPvw5m/+uvfd+1sSCaZtB+3qmffvOTmjK+9d874pNf2wc8fzV9UcoBPH3UmZc+b+/sPP+N5/nGv1/wlbm5V77/+mfub+676djXzH/+Ry/YF97/5mvPuvr5F3z5OBzDp9/7mZ8WI5SA3W7/4Ldc/LrHNWBgZ3/uFzDsuXZ7w6ZTP/695+zvp+eBr5789ktHW02wYpGOWUd+yBvuvPwNuG5e9/5rAZ8AR3rT4e+7+nWPa2Zf/PILX/e5sZFWAck9A5JLg8np2Sefdf2bn6APaeZ/v3j8O9PMe8GIYUIpDcQnbHKeTbJ522u/cOfxB+jpH/r2oe+7ZA8AIxyiG70XffyGF+5rHrrh0JPcV+88Hu75vpuf/brLyqXp2Td88ubnHZCt3Olf/9cxH75pvISl5en2Y87/6hthzPd+/cM7j3rPk1vZMc/66E1jjMhjpKQ9t+XNV/36hX5W1nz78S/9M5t/YDZDPKcXduN487ZTPnDDsdnUPfjVU99x+cToaAlhccVBQDUM+tRuy0j6rIS9fP9R0Vm+nabBqeN2TPhZTJWD7J+E9D9BU4OoEpVCao8qgFbArWJMDuU2RUqF5XRb6jGniEEQkeLGsBREZUrIOc80TQDCIyqaindP5jRRI8C4MZYwQHA+HXSTQc9GJaKeoGeJ7NHct0RCzFIIJDVcbJUKWMAB10Sb36Zp5usRdbxHBbSsUqITVi0NhnLZvBYDgK0eD0WrxZompgAAEABJREFUMcF+EsMvgcQQECFOY7o9yZSmqg6mjiGCJa4EcgH3SBNMkrKBUnwX4tlSQ0MGCGFDHBOIDBf94AkiTI6sVUHCMlITURZPwLhwqL4mLnaMV8IlIqVb4KET4E19cI3zlO6StuwExTaCOItSY/eWc7INt4INpVTTeH+J/gj06kYdbcchC3oRM688LbPLy9uk4mLzZGetpAWnNeq6GIVNc5A0rRlvYrIH6HibEPy060UN0W8ov4TU69MAzK6ujkLUtCbkknkgQj5iKEyeLxWySmcBWVCMo9P2MsaDFjSRDFuyQeoT+uV+nBNb3ui3nMmjVbRQrcejAm5aRc+AePWZXkAyOnhLG+Z2VxRPgw6cfxo6reZIhTuGhY/xDieLBbg27PRWswbRMrApipEtUXkRkjYg5zCCJmAjxn1k1oIwS6c9DwfGqWt3OvV6gxDUPlwPQASwzcDIAGsBApPwA6AqxIBjgyQ9lsB9QD42b90B0VAIcE7Ozq3ftG1+vg3yozpdatTLFcv1LRTIt0oTo2uaqJcQnAFpDDtttN4YH+lsmp0GlY2wdEosDcSiEXMpElv1RSFqB7GCrRCprwYbDBBelq4zLDA45GVlfnnxYXbIIMFNTMVOAOUWsCKtDLp4ZKQ10qzVymDLBEW4ECDyBYjswh2XRkabEFOHb89OTW/YsqnXboPAxoBVEFQrFTTD+nNJnHb73enpmanpaYia8+MQsCKgvhsJtkWZ63SLFC3qQKAZ4gDUZaQfx4BaQ8ALzHcwM0Mipk+pjiehdi3UlRRtQohGVyqVcrWCI4NIMCYEpPiMIDSeDIiyReotmIjOpcVGtTTTLvaxJVcKILqNw51znQc2bp+bnW2UmhCswF4geBVeqynVKwlliDDx45NKmR6RViCFNsl6p6fLkAupEFqe3EXVSqyH6UfokFADngr1WdlDNhY8mXmKPMVfwCE4qYBzss9511oOcSJFXcKItIoYGj7yRMeUZGDFmw4yP9n4wJLXWkNyT1zIhYJR8BgviPQM5v8bCMbludH+jpfdRU6L2lN336Owu57Tg+e7P7N+K3+8y0EB+Y8s1zmZIRSbf5fyRD6MK/3pRSQVZrfXdjldqLe0+5ePW4q0o8VgmXkwA1F0Mmi6rDGeQiUv2zkU7hEWtc88yIdVp6SOE84EClRbEXaZYtEmhM6ShPidnZVUAEUJMzXB9owweND8OI6fwPd890Hra5XoD0p5G9AoCty0o+SCJkjPZoVKZwtrNqabdrr5btzt9A3miPS6mydnpudgMxajYNl41IBw43i5GGLP+XYcb9u6497UzM3Mgi/w57Xrt++c7qVpoVJO0Tmx3Mo7IvlpZGfYMMigxYA2bX56s6ISJ7kFDM1GhlqSEyYPZ4CQHiiiuB64jh1AcK7bD1w0CEqTYFQms0SoXVtUBWkF1njHgFwjBB7rM9M+WUIBDDAUQhCslQkSw0Xc5NQHDOlzYSW2jRGWPpc4LZGBgBdmQNPfCcf9JQBmaQ1w/23j21sTtRrte9wpdEJyWzCdLqQbTVwe/tLEzVSDbo7bS1JRsZPa2Switevuc1Lc73G+3FIfMi4WviTKqFhY9r6YYbIFhFufThhaCYewgZ7h05Lhb4jGC+fZCVujChQ7tKDNLmbY3ym+/s+8/mEpOARJVdXHzkde4bFANz7uLP/jlCCtzzRidA6L6/wC5pUiQUfr/1FDWZaekxQsvqiKblE8uaLaQKBpPg+Nngrercmrc4kgegTcyuo1XIRiKFDmbW0ntAnZ6k69HgoMZyCiF4KSUPaKOLyZj2Ffd8xBI/jdu+96ZxEp9HU6WQ9gAVwhePeRK94NX3/1xz95hkm/KBvFLT753vMPFGCCHJvOR364/aRVww/rwJO2bH7eHWc/7uWAooaDNG5/6AdbT1xwTOtp567//uqlz3p3xez6opGCKd/9yA+3nrhy+LPVJ23b+rzbzzr4xMsNJmlmSyB699FXPHbdqatah538ofjSsyMXUAgvfeW1z0WM9d4rjn13IYjS+Qu/v2nXwZy3ec3JV6489iwiUdL1QNnZATVbSxPJvpYqajVo0kNv37hKRshuPLwAE0EjbhC//KrfnX/YEMf2AS/bvGFqaop+D5FMVxka3OJ/+dPZq/XYQQK2/ikX/+q9hw8zdLcO/8AD60756n7PvhBz60z7xMt+ddZTF5B4rzxx20/3Ovepr7zKGu0oAzd4/slDw/jXjV9edtuSw/LAdespZ/3xc+7Rr7vaFBCPoziNTeB3xHr06ucOXenkX3zdPOHFF4AxAY7T7ImX/+qcpy0YzAEve/jXz77tE08848ulQoJcsXym1Sectzp/W08+67f/9Yythx+efy6rX3zv96JHPf+zJYAn0tn5E86/6W1PaQ6dvHbwGe87+IG73vapX+23ZykqYoMdDruQCty5c+rgV37grXsND6jxxH+55mtP+PZjz/pMNaGQb8oDOHtofvZ58YPnRQd98VtLwc2hZOwiIVYheHMP7P/is9+xujF81mVHfv0tiy659DsbwL/x0gXxo6Cve33xIV/42hHNoZE8/9MH3nP9G76/diV2ohAhg84MdQMLWVgT7phSfk0KfuzEC9/3roPr+UuveNYPvjY9Pc1/EI0jIHoPHvTqT3/soOHZ2v+ZN+zvDwJLqZ/E9z/61Z8+dcFhzUeffuNHj/7Ge/7jxnKxZHb3Qs7fGO08Yo+xtatv/9njTnxSc6J5xGzyuwZ42E85aF8+Z2v0uf34Nw6JpJeM4ZSteeCyelQNZRWghZru9hLEQ80T13rcm9+c/2TPZ9/2tuCoz3xjv2KJU+RRfHEe6K4va3xCQrLPf//ogH39u4GkLmMWOZqzhtilpRID3dKk59zal33428/ee+iM+73k6q8f8uMXvum6Rn03npPDNK7Z+fmX/sd3X7jv8Ef7/es3fnDsbz773M/esRQmrZ+6bTte8aHvPPuA/DHNp77mlu/KsyRVRKZtSsZpyFxsfNH0wNfffOfQVtv7uLuueuRXTnjLJeDVp0Z27OAR190p94zgwcNnXHTLcQuG1Xrsm372kf0OPfOSZbCLE5Fqq170ngXH/PBd5piP3jwKGqjTfuHZ33zjU4cWzcrjfvmbw2ncBCgj8nL/yz/+g+fuM3SpfV9yxdce86Pj3vg/Y6NYLUC9cxGAGMSSbMUds5iBmqFEZcthbFoxOkscpDGXPVP9TErgGyW1IiE99SEN46QQR5p9a6ykAWe4HyFrA0w5KTIVA7HUkPbE7ZcQUjPgChKkYgo47zn0GBwhxchnxE2JwacfxPQFrI7pm17Hgb6BLRKWSGsw5UWgeSippt07hSSFjS/l1plyjFNrlpMvAiLNEVSTuaK5TQqhuuIqUvTKWaswtO4BK6X1WhFNuDs7pAxG5MFvbygFQQZL8hnIRYDLwKLk/cVwHsGThulVufsbUcFgXwacN8TK6aGTw1gA+KbcaNSarXKlAl5OWKiapE/VP5HSJXBwmZssE3CIKfypQB9WgHuGdHOpxmIZSf57IBU4mjpjfSqWUaJADlGo/7vQffBwMoN3WYTfesfSaoay3RWOyVYbPxEroBABQmr6Kf7hEZE0A2SZASU7nc1DNpIrJNZo/oIEqRqb+5/Jfz0zBvl/ThePenVWOxnRexwoUajWZ8dZp2hEPoHaiZWeenvd+BRao+cY8r08CsGGulCAGJPZYoE2KTJcemAZjuYlJ3i2H5U13AlKiwMIuM6yCh1TrIunmCVZ0ToqlyujIyOjrUZnbr5WLFRLkSfzddQ0YRD3EXpFsBIjMqg7QB32EVQFeKkCwHVY2Dk1OT6+eHZyanJyKgJUtjigjm9pSIkwVij/LICnO2dmk6l0+/TMTLubYnlKPDPfnuv0ihQUNUKXwKlsRuIAxiPnaO2AKK1XynvusWS6D1D2gCAMnL4BtZ6F43C01JgYgS1qKIvPhnobCsu8wNpWHSBl7qPZlyI96u+NnBtEZUd0YsVqpdpsNGCuWq1GBZtDUFG6NfVGfWx0bHR0rF5vQXRvbmZ+bmZmZnpqbm7GJWmEbTyKVezhESAtSZJMTwEKNLt1cueOmdlO7MjcCpDXiEothbDUBr3EtQcMXWFJH1KQUcJgtVw2VNBBjZ1JS+L9gCqIQhLtoCvAm6AWu5gtiIiz7SNpdRHnBmR1GJMYJBsf2UUCnNVqpQxx5tlqrwMqrUfxOBvMQWh558ymLVtHmoVKISTMOdbWASkVeHKvDV3dGqeiRlsRo8ySFUdwmmF42AomyLEUDVFqyiG7lhLu4To9v2pFZTlWk3waI2w5RhBGfaTipCbsv6bCo8tRSnZ8VYpY9aEN49Xi0ooPZBTKNLs1gobgXoYJzd+CWvLfsrucdlc4aVfsJgfueJd4N9exagRwRqr9y6f9+wHu/ECN+Wv4uLW73FouRVp+Tz3UYRR9FhBLUDKzEBa3kgxvdotpqar0gB6+tIuFWAcs9BfOs65UYzLQ2Vizy6wFPsql2iTlejSBS9BYSQdpEiTcj4DyD5zaDilTtHOgNJXaLENx/cD4HnBRVqpmlNOLFH2gra5ggznsABVLRKdAtHKuENolzahSGi0XXKVY3rBjdsfMdEKtZcAJmuoFf1y3BTZaP3Z7jI9FUTJSLey1ZKSX9KOHsXZz/aat0yC55juwzy2IJqrNBleW4W9ygvie2SZE9jPljnS6lp1aCRl0QGCrZakTCySMqQYFgtcjiJLVTGwKWN8B+7UzMCD/bGHe2gcmp0CPDMZqE/ViCSywpA8iKw0KCRLQ82SnA9tHGsKcHeNbhSEanXKtMLoXCYMbKYefjPK7savhhNCS2NOw/RfFrTwq5lLtP6hVOiLs+P5IZ2v/8mw9y5rmZ5+K1pa4mpW2DKz3rK/5UqPF+DNZkWULNqw11ncpzFa/irNdX/xusAsuHIh96TzxgDEcUlTcT213Eu4OYpR8Nh5SaLTkkO2WPDeRMVIRrr15/nle/5AAtDWZKsS/nRjBJqcAVYDyF3KLzTovL212uvxT543HYRN/ybysXaDJZOsMbQz5km4Tn9nB8t47AE6sgl09iCwa4/wtmyx8wiQ8VrJ4BHMVtZIY54cpZge+EXiwIrfIhevLrVxC4MW9P3+ndsHjUzitFyCXj+DdS898F1o0nH9nRlYfOH372StOvJyQgcLg9KvuI/QZ3nzEv15ClX+u/4nbdp4MMPDbvvSKi079UilNz/jqc/mYsx51wqW88V51/Z8vOLy18tCPmeCsM4/a863dD9+x/eQDzdTtZ6088fIS5R4F3dOuupfQZ/ziiZcFRN/R+diPd8DJD3/71a/6wilfCilnI9DHZd9x172nrlplVj3xQ0n8PmRRAHjijKMPwptdc9fbnat2Xn7Fnxl9vveKPY86k+tvT7n695jVu+qUX1655gmvuMoMrz4VsJlB6XKSY/Wq1WuuXXzse8owELDAI6tyNnXd065+G6PP97TUbFIAABAASURBVF657zPPpPp3d+o1fzj3sJGR/Jphz2vkwNXTt35431OuAg0XRXGSnv19Rp/v+fKeR59VoI52/Vdd8aezj2itfsn3LzjneefCLH3gBEKf11y56pizwMEAO3vugz/YeOKq5qOPOjX90hV5v9PcDec5t1iKk1ddTBnTqw47wkzf9rFDX3lVGM6efBlmYZvWo456pbvqGpP5okIU66fjvuuXHn9WHW7//d+9/+XwcFY+/r1x8sFC0Ole8F1Gn6dv+8STXnWlDfr9wdyFP1h3wkrTOuLt3z77yuPOs9ZmEnf61o8detrVUaHXv+AbD7xstRk5/PARs+aqxxx3HjzO2fO/cx/mfa9+9Hl9+3GEdV5zDaPPa+546dtuX3lAsdHcvuOx/3LOCx/f2O/Qtxxz69W/KBZGRZdg+oDrdNtLX3zmswl93vDjF33he3uDxzg9/aSXfeilT2iYvY675a1rnvbB/ynlJME93zrw2I8VYTwfuOrul8ES2etR74u//lVqtYwANKWPBJ1e+7lPJPR5/XfP+9wtFSK1+P2R/3b9UStq+xx0UH/tupGI+aaJ6xyj0hphaDWbOJIvfn+fQrG4Y+fz//0zh+1nmqtfdt7cO/7rZ8uWZjZdwJ0Eg5QRMX4QiGSZh1a//DWMPj90w7s/8R3wAPuDwcrTPnb6Ia2WYUmGvAo7d77obIGV77v95DNvGB8FI2Pti87+2jP30rMhAjQ59YJz+LC133jTB78O9wIO66bHv+nzpx3c3OeF//6CL172g9U//dSbvrbphe+55qgDzPQfLz/lqt+uAK+sVqsaSeVAb7RWu23LzhNNs9lc1ja/Rz7cpaNIxDw93WqtfNJh/bt+GpmpV61CpPXB332tXouyNYne/vfOP/nyracA0LvSTP/mv5/3qduX1DBLqdTv+8PW3PTs136pVpuff8NHv/ccOM+Klf8WJzdUwjJTc8KNN8Lw9o+95rrNLz37q8+C8/zuCy/6/E+WVErlerXS6XJe5+oD9r/v1pe+/X9aI0jvWC37sxMdCpY+RINEo0GYIZ/2jj3rqXvjZH/7Ce+9eAIsjbn28e/5yuuf3DzgCec89+uf/ul3z37ZJVtP+9j3ngNX/NWnnvmRm0ZLaJ7aJ733ekKfp3/72ed99KYReKfT6Z702R/+y36tQ0752NO/d8GdYdjt9U76NKPPcNhxH7upBSb19OzrPv795xxAMkOAAE5SYdsltX47t1pYKHHZS977vWIBdsfh53/jrU9smP1eetFZa1//wVs8YnjAASvXfusxb/vsOBKhlE7+6NNxWLO/+MQZ530/wjTtwVPO/trbn9Tc5xHvSpIv+WZs+Jq585IXvfeGKJx67ke++eYngGQ44MkvTn5wMwzgmR85ldHntd886E2fHgdgo9t70VnfeuNTWgKID9K033ve+YftQ8c8+s2fWQQz3O29+Oxv/dtTmiufeN5zrvjgjyuVUsDN0LFKJEk8gqaRYgakiWldCo6w5SZ9zsmnMVPOIx6UEGc31hhSdh8HATHzOY5D5TtRHiCF3QLtrUOEHX3CZ5g/27IvQ3gNMRPHGA0k64AxGmmwQHY+ZZQkliElWPmlxPWJmmnQ77mwCw6DxW3MCTLc1RCRAkzPi/G+U+zNI6i6PNtUmoGxSmc/Qb5HSFFK3DV8F2i9x9QUFgV1guzJUqVI9xiodBM2ClFiqTIvWgnHs4UsxfWptKDUwHmOJtfK19UicpoaxTa8ByUIYjHMpQoPZBBjqDiCSF4R/DfkwUeap6hYqVRbI7XWWLlag8NK2DVs1iY98MAM9zN0ntPX5IwUtbS46CXvWhsP9WbIsvWs5UJO4uQdG0h2rvixXlmKL2+962blitQajT8JchalVdRUHotTIFV+t3IC6203Bk8ZN8oevMnQAJe7XXnUZsiINbkJsTaHTWv5q7zp/82+763RzGBdeHI79K9YoTI1C0EnEr85I9xm6Xous4D/cgKhMQvOZ4ZsdWusy/0pZq7PmzKWGQ84I8R685kFpv4/5UWZN72dyYqhvT9BYwQ50KzX916+rDc3BwD0KAQaSUjRSgoT3n2G07gcKI5BEsPVysVit9Ou1CpUuGYKheLc7Pz09Ow8wMoJNQvGNH7kMkKINEHuLJDJNox2TiOh8WynB+9HFEYFFBmQ2loVwNGImnxwcyOn68aQrLPYoBpjk5hDCyDvSKParFRA0fT7MYR5EiXcIMKqQiiUMhBihMFjVpuCRQxtkrCQrsc6P4LNM+k9hc+IQb5QjCrlYr1WBjVdq9aa9VqjAbZDARvw2QB+a402R8fG6/U6mE29fndu52x7bhYmp9frwp3DPcEklIpYIQG4LujBTrc705+fa7fn253+AJmfAKdFuJbYoIVtm4CRmDIGdEMk1IYEGbFq1WoS9wf9fkLBQpodTKYrIpBNxSAF0iGWi8NiALBZ04cMzKPojzgdkAN/1FoQbRswFapIDhvOdbFMBwyyJAnn+oON2yf33muiVCFRyrRzDJRTqYjJUEEv2y0TwnDowQgKJ+KLcX52z0IbuMy75D2EnTalyRcjGIppC2iTiUdCwqR9i4QJ/RN1XrDYHL8GBmkSHgx1YmEsTW5EER7ObQy8Vyt+NbvSenW3u0xhOywr7DBAKr70kADQnb7g9f8MqLF//Qs5LMoDQ/SHn5XckP86SKTQW+6m9OX/zOPL2dh2d1prbA7oyA6SuJDJpOGQ9MqfLafoc6elMJ3PjfP3tmCirVFUfljX5NSgGxLPxmp0lON/YgHQaNm4ojWLYLRJTM4UIxNMuozrCQynx2cUSYEN8iMMfO6qpTbxVnVAbnjoKFFCP6YyYE1bQO15XDFIJmqhWTICQSmAryHAPt8FWQmmnRs4t3Vmzm6wfaQwLixuVoulaLxZGZhFYKhs3DG7YeuO7ZOzGIcvaDld4DNesEwtMB7FkYIH3qtBYFQPeb0+/KzJKmH0l2jw+VdToMThShGiZSWYwb4Lkl4fKZpBCDk0a9dPtTHFLU2X1MMSPTNuJWrFYKOdyIR5mXngqGUH8uwxJTNjvD7JQdecPD5u+CyGjOx1p1hqhmvnFx43pvGbCPkD2Z714V2dD5vtMqeLzvMjU4pfspCuRw0ZhZidAlYms9uMnsLPds6w5sE6/3U3tGW8XeBtBdltai5lqLreNw4z5daKeRDcZJajk+XtvyBQvc0JB/PP9ArMP+iL1a3sG3p5dFb9p+x99YvkACNazhkJveSjnnTidEHE1GZ0k/oOXY8Tc+ywxgx8lQWzTPoViPy80gYq0OjHLgHGzM+z+T+N3we6O9M0dzalV/aVEXQG58UGl+Pm7lFNFmlLumB2/SZ1uZcfyJAcmL71Uy+7tEA0wTBtnzgFUENzz9WjgD5bMYGC0juePnL1PQCpHnbyR7mG7rZP7bXnihUHAYhMWWzw72fXbcGjl+x1RkoAUKQqLYwwtYRwtI+//DA6+cjql15kya/GUui3P33kKjr5yz9ORR7Ekq+lI6V3XHcr5uEd+PhPDHgWBqcf+ZgWDvv6d5fh7w+fhOcE9Hnvo88slqhtd6l07Sset/Tae+Ht1mEnX4DpeNm8SDsrm7cWHEME8te9VzznTPAVipEmYzou2TDmwyfLtQ445v2VMvaaKZWL177ikHPuyNJVs4Vqpv73UydeSakfcPLuK648DtlEbv3gXs86q1jg60aFS1/+yPPxBlc+/+JTemn6ynVf3vfA/fc98NnnaK2xje7ZiunVrSX7EYu2Z0xac+0RH8DmfeVK+cqX37iGr/iTT518HVYmRc1rX/WfNKrm4gPUqcdFG2F4wmU7Y82VLzyrUQaLv1I+71nX3UOPcI+XD9I4OemqZ6+m5fGJJ7zqq+ATUD/0xvuO2f88Ou/K53/+5f0ckg2XPum6Ugk7/NTO+/KdPCF3f+3Ys2pYJFkaPe+4a2iMi5adDqul85LPHXMAQtuXP/NV31uytFqtwaNsVH922Vuu/+kMQMWHv+DAbQMk201oLWPIcXLqmMMOwl72G378gitvO3Dx4vFF46N7rfjjl99z+jcexAk65Pj3gf+jPd3MA1858tO1Sq1caNXOeclX6NoTy586GHAwB8aAXIRhUCo9Jbz7vP/84AX/efWvm40GIRtBZeMUjMI0xlu9HuqXkMoPqOllRF2Z+RKAPl/7vwcvX7Zs+R57PGL1T7/w1p/cj2/vf+Bph1B7Db8XqVad2BU9AA0nhft73pMegdDfQ9+68OLb9993nxXL99hnrxWbvnLuRb+Z428GlNa35V/3pVTn++581Tn/u3L/ZUsXL99jySE/+tRLb16vl8A8yke/5pD9jJm765NvuOCrjXqjXIKpr+7xy0+//Iu/httZ/sRzHh/HzWZ9pMXLz4Sl+qKxsVarWUQ+gmKEP7BZS5Vq9Yr78MwrDnh9f5C22yc+ah/Amm+6eQesp0UTSPxujl00BgfMTW0C0NzmEioh2t+q10ebBX4rKtXHx1rNRh2dcz1q3XdP/Qo8vFZjj6VfesN31+Jb40sPT2Ii+6X210itXGjUq62GP09ttNVqNGpRsRhpBGD9D15z8157Ll2yqEWE2rnpjpgJGgSCz5JE4CxdNo7TPT35EHbBLpXKSyZ+dPFrX3z6iS++8U9NgMjrtVqrIeeJilUYdrlUarff8Fyk1Lj3u0991kd+2CzQHAFqf9mrn379/ZjjfMTrp8HNnnrmuUchi8r0bz93/Od/unwMS5iby5Zc8c5jZXPyS2CDUPuCeoN85s4rTzr3zvGRRqMO3/3lhSd+6uezuAaf8ILTOu1MWN1/3bu+sHh0BOei0Szd95XnnfLi49744VvgZglQs1/evJ2X+vPTGDsHytemf3Plu+5YNDY60lz6o7Mu/hmv7n1gTvr9Nx9HrC5rb3jM+y5dsXh8dHx0ZI+JH3z0xZ/73xk/daCoVyyiqdvxABL9wjMabX3n4ycc88Jjj/rqXRVHnaYxUTgG2CDuY8IwWMX0Z4wIBLMco60MuEIcdwGngJ/+APCJLv7Am5j/nBCrWoJJHHAkdqnqY/IxABGDXr/X7nfnu/gz1+nMtudnO+2Z9jz/ACwEeMdcpz3f6czBO/Ozs/gDkNEc/DnXmcOf+dk5+BUQHWTT7pPRzmm2Bq+YcvdOLkXE3weJ68VpL6Z/MSOy30dO0w6/uuDtdBFs6XXbPfgdW5O1aRQwhHa31+338HP46SAi0+tiMT/V8/fhH0zAI26PuEd/d+gUeMYu/4ZXoL87fWQxx9xH+sF/qIkMc/IbTySs7Q4NN4fhXgWebVw7Qhrv8ClQC6AvosOGc5lN5Ph3JGtGNE3apgmawv0HIxsWAHeOQG1U66V6o9oYaYyMNccm6qOLKq1xwKvKrbHa2OLGxB7VscXFxqitNAwE/GwoiBe1gbVE8SowDlNJCtF3RM3vkRQAd1pEbxUK2U+RE0AjEar4NdlRvtWg2npWb1R4ORi5DnZ9Zd+8yi7vAAAQAElEQVTWnckMtPy1UNss0BsRd7Hli+rneorQeqc88J6L4OVCzG31SE5D8v6gzSBy/ZrVs6jbqA8w9xj1duX82TlMdvKcM5eJavo3g0OMgGPirwq8wW9wGhA7wibngy946XX0qhqJUTdTH7bemc3unUx6sZhTRZ0JKfOUjlxwIIYvlwpIkyMalFPowuYxfkZ5QbA/YuXKJeOji0ZAqTcqEP7nRnnGcm61ECpj/yhM7UQ0GRNpByHzEjtXKZe3bN22bcfObhe3I68MQC+wZwUai0heAXFo2GiTs7OTs3Nd7CMNyCyuVhjxzDz2ZZDufJpU5cRJcRJUof5bzB8D264UBQD6NstlUGG9BGUFHI1hHkyljhgLQUiIKbFpoUS8RjOP2uUuxeYzdVUh4YG2ZYSNoEHPjo82lywaXzoxsXh8ZKQJwdwibNAScWePTyxatnz56NgY3OL8/PyWzZs2Pbx+cvv2bnsesBrYiIDUI/0FNr3oo1QEAdbr7pyZmUMKayeE7Jikm3KJCzcwRXVsUhLCsmIp3kbJ1AVpI0pGOjdUlJ409J6hbG/s0gF3OqCXE7+JMBiqjKFLGOplo/SGBOGA/VUqRWUwIpCwIoZ9CEIGjLWNO2dmOwPqP6lNQfkf2Y4BC0na4Ehkj+KJep4S3VOBZEUhiIoBMYFgmZ0YVEU8Un8skeDLGQKu8PE/DGcLwwxfS2STSgx83/fetBI9zbafQPWBoHi0ttUPBQ0XKzO6tA/zX/PWhfNQlcvWpz9oCFvx+O4CwCUvSf4CFuOc++swjYc981JGwa7dHK7L3A/qr2HVfwdCtPDG/S8LMxzF0Te5+JgO1U+pBBdUbmVDHZ4pt/DunD9V/r8CXA+LYCv/+tVgdS5c/n7ks4V6YPjCQ9OsGEfKiIqliBrpvlBljnaEyNSuWhZWCn2yI3Q5U78i9KOQS17MgTAKNcM0m1fC+CDIRA2yQ5MEEK5K45SpJsBfcIPFtcJ+E/X9l7b2XDQ6Wq9XwU9FDwv7AG2Ymv3Thm1/Xr9l044ZkL0gLRaP1JctHi8VioD9QgzdcS29cCC7kKwORn7yUlMhWJaaJvde7jnlZiywQvrGTxakLdtuYLWBwAJHuw6hyGrZlgtIKzTop334yOyY7z00Of/gjrntc/3OACJz2BokBTMaDVFqJJhy7oJLUrHu2EiOwUjux/wDOiIZJFolLcR3ZAeYDK5yfmM5k6khF0jbimHlrqvQWaMP1XiSabU08otF4G61E8g6Rdia8qbThVAUmzEuFyXKGTBDL5cbt+K/8kWPhg0d740YZ/xe4CMFHzdir5DZJDPkUTUF+tmMohIh5gOTNZFmJzQ5ifa3Zcv/tdc/Jge080ispvJYjpsOSU6r/8lEaS4i4pXUkCXtT+sPt0JEbs3QquWzezJygZxFsJPh4Z015sfgnIzEebJ84zi3yTnuZK3r0HsHRqkMnUZcPBztgzk8YGv91nXZ/ciWw1SxVASz48o9bS4k4wxy8LtvS2jUlqciDU655lgoNcTzOXVbHvqisUW56Kv3WoL/WX3y5MYhAgN9Ib6cXhxedMllEHKMX3UdZj0vPIZ5oPyYJHEDBvUaPfnU5r9w8tOT5FIKzJO9GmOzksLFN//+zU8/rLXy0I8n7r0w+Fc/E8lGpn9/82UARCVn8DnX3PXOarkOX43p6YIiqbzrV3efuOpAs2TP0xN3qR8bMmyC2sPKizjRNymyp7D/9Nb7C6CsbJAkmdcHrnnsXrnnYr7WO8Kwzpo1wCQ9e9nNv3/rYYRNA9BS8Pez+eFLQlN0xG8Qx6spR7319PeuW/fe3dx8a2IV6JqLvnQZrpn2B5n8Ov/ChYG9BOXxTm1fUyqWSwEmzCeFe7dOm5Uts3nD5aErpzH2xAsv3bD1HNMyS/Y+xZqrkYrOEuoaxmli1QyZ2XJfyABMYArhA1umzerWyKKV4CkV9luM4535/Y+uDsMiJrFglSXq1ytv++1bDjui1ZpYnYp3QTe78YpSVGWn2ly+YetZcOnpLQ/xVFOrxrU0xubi/QH8mz1ggmbjiNNuun13S6FZnZhN13OJOuUnOjPz+NYi/Oi+jd9cVtmjZLjnpHGNWu3ie9a+cN99zKIVz0/iqySOMLXzfgwhUNmUqd2/ja69ZFFvsJYqlGCKqJTTloI/rLm70Y+n7n3G6y4+YtmCOXeAOw36Vmu/TejCNFD8874t39tnZE9CJAuYAbT3nrfc+tuD9n9MvdacSNP1GckeJV0jHSF6X7LTAmT0fvL4KP6+6aHrJhY/DmB6sivMRBD8ds36mUMAm8YmhOClvHz/FXjcQ3+8c5+9x0YQCIzjtFiq7HfD+vuP3pOwaQuQ2ngLk6nrh771vy/Z3aQ2xicsJiwGHpXFUUCsqEgskAF1TUaoy9rKxLZZgB+bY0ueND9/3QkIfz983xevNE948X4H7HPKVOcrxz/uALjWzLrf3VQqrMjyrKjSIiRfjN8IQlik4KIWYQeQlwqv6ZlNLbhZmBIQRqObpqYxmXxiIta0NpJoIW7ANGcbs9kawWIoyMmn57dNNOtI0k2dGP10Wzh5uVwGSRj1+vK2DcE2LRWv/PPaow/Yp3XIG++84o24un/3+Rd86pYxOP5XP7mjWq3CeQoFfW4EhsHm7Ry/ZAL/XvXc//35c3c3r2OLX+LMHfN7jtKG+cOfbmqVxwq0ehzE4cZGL/r9A89ZuR9uObgFQO2IAJpmLLKRSqHZe356a72GVDkU4QNQ4/Zz73jud5+z0iyZOD5xP5QZnt2xvlatIAiP1vONP765lLruk997/b8/fgGFDLKWAoZSlLvZsvN7jfJoOaWysm9u2/F20zQTK55vg+tftJSk2r33f368PlIhhuUQ5MfYyI2/uPvlT0VsGgl2a7Uv/uHBYw/Yt3XoW3/z9bfi5P/6U0dfcGML8MAffv/bgMJgVjBZyIgUgPkcZQktBFsGHEYSGmTQSgkleTiu3JQeNAxRGepQh1WryFzH9gCBxdhZKmVXx0iDPtbpxJbBDjutGFqE4ioFTCtMzMI0DtQujJUnWGJt2a8wPlWMlmEiqG3aDWwPTPwBctQkgx4gKikWQcTkZKTslRhqUDkYcO9deOi0o8ARoi6wTP2cIFGsuFTwDqIRCKDgpwQra5k5G99s26aGbwLrcMgiZj8PWSRtEdN+xAG03lkSum3tkoKXo5pMNj0Y+tPED/h2AatDid80JTprNC2otyC9CihgY/FnIjbSCCWLQMlRp7iUKuT7nTo8R+xcBgHZeiOqNQpVjOAW0iQohHGvElKbHQKv0eu02OYXhoQNckwywEJ2SfIT6cj2GMb8bGgldEoIjOU0d3zqgZYyq/cSMHe24rg+8CQdC43J22VGgdFAfrGcCybOmmTVCHLKdKnOn5R1nJqpkouQekBY/TVemMzXzck91nnuuFxNnzwwFsjigRk2e63NQRCWzWPvnQFGlaq35rSwNAMldnHhcqJBh2bUR7Pqre56sBtK//g7Xpb7nvjZUzvdZpatJqT7XCrGOFh+2CRVDCy1WR06L2ru+EatmzDhLsxnntC1Aw38Oma+IgTbgWw/+KBHrn/gXtftjNYqsCS2T80MkIgdZQY71DbCRpuw1ctFFNEQMGo1mp35Lp6lWARgdfPWrTtn5gANAQQT0U8wIQlYINwXW3SDYJuZBey5M4DTFgHjTktVpE5GXqB+0sVQUrFAZFzSq1mfZYjcchwvkiRCS9XRS0ZGet3B7Hxnuj0bcN9m5ncmsnRs5hG4kHvCpEinDkONibY+paINI36Vo17Ozuk1AmpNDDsUoGPsNAgx6WajBbhIuaKIUhiWomWL95iYmKjX6wB0TG7bMTM5PT8Dgb85OABwHjYkCtSnGWKPEHHjnjnYxdqZuS62GadNDHPqiD1Q2JOLUQH0xWCAYbS+9IWgoubUlcshAEiwCGZmZiLa+2BJOKotUewDgKSSlPxjJ2SIIyTckLJQxJm1kn6YpcE6Ej4RZcRAGBP2YqVYqMKtB6YTJ9R1EZM6N+3sTLUHiwdJCemCmPcNngr30mF4nwhrMR8gwla0YckSgkxcziKjcqEeAUsCaovtXIZ4EE4eMNUMiQCMo7BCc5p8rHSsVmA4TPxU4EZYG/njgPoFyam4bIDIzeWb1khcBp87zGGBd70V19RohW1uB/Fud54TJwcM+cPY4U39TS0UNU5nPvso90REaNvM/V34csMQcA469aDfX8OY9c4WDFuGseBPPyqXy2vOf5R/LXzHeqnoGCUwnmjICVmKwpa5w5wR3gbzt1+KFuRgCwbAWO+rbGQczxohDEXDJOAU6V3ARDMEmAhOJ/aUwoZOFCCrBq4hQNoitGBD2YlWgma6GYNUfWhLxdqsiYWIg+ETGnqgCkH7EOB32OLwgRHqe8hMYgDFppaZvxBw7RO3R4hUSYGF0H0hiMdK0aqlTRhWObKbJu2kcbPzc2lY7Mbplun5pLN20G3HdumyJeOVqAhhsy1bt+7YMckQQ8oE6QG2PDUKLEJEEfwgH6QJSckbjcb6mbPZVPJdy3ymFAOT/eOYTBlQ5JhhXqwUqQSYhwH2T89hr9QYZLjrhfGONrJsw+/xSG28VqhEgLcPUmkrguuqEIjFR2aSTSyRq1Gj2kQMZubXDhaEF6ywhTtmmJMETTWVjD4FsYKMB9nlAEcE4H4n03+4us7HVBbi8bRTGNAOjCwlyi2Wjq1CectEabLccrveI2E2Z7YRb5TJVtKCPZttRtl92aYjk5HPTx5HmD957g6c8/ZXViBCYjxQK8ZJGErjI0wqks3MX7O7/i++/jEpOLgvsy5xfZO3gdrBOZhYUVkxKZT+UCS9MQuNYzmlhIHURVhwmJ5evyO0HXx5XZTyiQRDZLQaanTZV/0CN7wohZsSTxkY7UahJbHaXVAIj1yqIoZdiJT8MN8VxnKwxRkn1aIeFSVpJ41n7wXscFXLrHrSx9P03bk7dD5/xJn+q665/4LDR5BdY9WJlwkb7PSWNWAiMum+SyGUaP7aq7X0ACpRaX/k5h1DPNH3XPneLc//4BEj7PEO7UF+rHD+A/7WyfdYKbYO/kWubgiG+cU3/f5tAO+ueuJH4vgd5hMnI+Q99cebLw2xpeFKOufU1nuoY64+OGzqEt0PU3Jga2TxgS5fJpCqOZsnCdL+PvjauuGiMGggoaQ8L2ogiwka++m1cNNhGaYjXRAEpS9t2HKOGeFH6Vmap7c8WEQjH3G9OHntisV/9ebN4hWvDYOr2i//0q/PztMuT99x1g2LLnj5gegqRYViKZfNjaFVw7lj2SYKpKORy3xRCIoOCMuwBaH0zCQ9LUxqcZN7aIiZv3IvGu/Wh79o7UhK2SKIkIC97i5bv/W9AC9PrDgjdVd5M4oBJidNKvInc2RNWL/TYa+8dI9Ff302WmPPGsQbChgEiDHtfRC3FzcQeZ3dPlmrAbKGph0qRYylV9ZPTpt9Wq3FXXsUqwAAEABJREFUy9Mkv8nRNxIjKbOeMeWPWs9zhftgkNyz7Liz3rgqB+DN/Pbzd1ZfB9gfRk9gtXCHKxJQmOkpvfRmd+wsllhqMbG4wEPwGl18cKfzUOL8dKZU6Jtyi1Gdll5vbByvOjO3vVFCTBHRVfRwgtr4XTPbXgoYoY3K1WKpwCean9pcq9XLZWzWRymRSa26c8es2b9hYIXNt5+yeOyvT+ri1lO78Z9iLZigVGEik+Rhw0oq2ahURALMpb+97+7jHvnE5iNXHTZz1NgoDnLb+J63rr3/WXvtf8BrZ2YbRAC9dfqOVnFxEaLvGUxCOyK/tcDXA0A4LaF7KQsgLFbKlQg716UF3+OD+91zXSrmXVqi3tUyLgYu2a6T/bxt5s5GuAeOHtG97KJwReyVBJPZK3tgGvBYcDsLP7zgVHPWFdojsXnw6358yesME5v8qLoHItyRnD2MSgBb4Aj2Hf/rcqu+aN80vf0FS8bxj+0bbimXRgpEuY71HAglb9g5a/ZrIOtKEZCLUpxIh0kAQQcKQO/cck3qlhMUK4ZhUXD21ui+aaiztHPblwvRXkWE8wL47kMv/48fPGef3FjWfOOjO49815NahmATRCzk9kNEBMOUSCJLOlUwk4N9xgg337a1XMU0akpThVkOi+HXt25/s2lYClqUo8I33/1C85FvKBF267Fv/uX/IJX3mh8e89rrxovshOAXCYPQfEz8U606JlXGLcl4K9tzqlGxq5Rhxro4QepmYnvgZgmsQRgcIXSYkoANezgMD1gEM9OEL4bKAJcEyvmQAWhm82fyaDghZhT2Ug7scrdupsWiCC5nQxMzs+snCaAkA0xiAacvxpRobJ+Hxr8lWCdhoxR9B6reMQju9ChnN4xDhrQ1uVLII3jM9B65WNQ91RFlOSxTgQapAAjHa8SCUNcABk80dIFm9tIl2HhWZmQGO/Ap41DxwNRoogedmB5SoRiVStJTg6hJjI+WEWaDcOAAO9ogvlwohixKMTBDcdcAaVsB2OlSMTuSaoOoKlUK5Yotlgw8vjQu2UapUqfWGQkh4PDdssVaKwofuoGNexSfdkFmqll+WMxERmS2oaYtWyF+FrQ9tVk9tbhSJhjS7Io0BwqHGq1rYwcjqzbjIn++omLJ1oPB/A+79LkPctcRvJhPxhtM6j2NUWSYkV8ud3PamSQ1OXBKz8Cb0xoz5IJx002vXUN/0aGQ/zCeIj6kMWY3mI5vwiPmLCeAWG2yuOAOxQ535q+89C7skI1sc9C4jEljN2xzCwKdEEHYQAx9ZvoQ9koeJqHS2I0pZN5jOlloPGML80oo4IFhFTLrQVyOtJor991v5yYkAa3X6u1+PNtGtmJMog+okTVWT8VhIcK83TCq1ortbruAucAFkADrN26aac/NttspUtPXIu5+SokLMPlg5oGImJ8DgHYucQiMg2hHgQbnK2EcEPCHpI+QLMkwasLBDz1JEHnRsIWsCPqVWm1Vx1sjO+bbW9qzVYBtqWkq7BcK1IAMw59KsYT0QmIjBHBh4juOXMEOAPbG4BNpTkqcg8tE2LoQVVu1WoGf0WZ5Yny0XqlgV6tBv1CtN0aarbHRkYnRWrUKX52c3jGzc2p62/a4H2OHLhhYZAGCL2DHP9Npd0FLW6x8wkTvPsbreyQKSZjQvYEQAQFQoPw5SxTPIFtsAAh00ofgHhwboZCHU1bKVVjHcS8mFEWXh5ANQNwPc/3Y5Atx5qWGMhAQAW5P+1nSUma7eJBK+yza4I6Cu0XA2hu1qsH6d4vTA4p1rj/XoTWAX4oskwVRyiW3S8OIjyFiE6oOyTBoTpKQRG9+jk5RQGZwzZBA+n9qsu3hcq6sgDaGqZwJ90C5GHLvecwPIP5d9jMd5xQZFVXkTxK4nSKeRfh5gMyldEXHRSyehp3UpCIuYrobETZu173vg1NDwshk8srv/AwilpyrbMe7TP4IKexfQqBtxnnJsWHnL+AP2N1X5QrOabM9t+ulhw7NwIddTrgAl/BIXOY56QFpyi3djHH5RoUyzTnsORu9Gx6KTKXV7k+56+aFtuJl8pSc3eVJqQNMy836GCMLWDUsjceoDffztC5TXYQRkisc67ylhMNx8YsAlk5MryDlBB88Ci2iQC9hOHJMoya81GIZCRlu3FeXFReZ7tStAr2qkCAOUt9kjtGehv/EGDXn0ZL956g+Gok3AtdDXpl4tBw8cnmjXMR4GDlp6ezApAN8NDOmf/eWrf0Ao/z7jk3MYxRtqtdtm6gCth1sLuy8GkSG4wJkwiYsk40+bOufErXl0JkyxocArFUCG4bbB4bSDmySKqDL6wQkXbc3ABFeKkf1qB5AmK7TB+e21+/A7cCnM8bev3O+kwz2Set7UN/aEIN3Eek/Mvs4HSs2zMrD1W3U1NVpHzNm0OYUCkcFt2I4pkxJhAI3TnMt0F0WmiRpxZ3ODBFLMfLEHxuT5ubDqEevBr7ZnXHgpNWwMTlUTrqbGG0tYnUSjWWWaWdchkGbDB6mUVFnAL9duWsRg2Ie8/Dhf7sAGORBB1IJQpvUOp9+6jFrumKC3H+aaSpNKUXSCtm2hCYl95RaAgS7l2j/d1//mE0IhfAl8FpZlpksBH5TVJ1f7txwU9a5lQXqow+eFc5kqkcEp2ozrwlyGF5O4EtzYqPRIlF+XgCxweukvbphPSlxG8Z0bC6aalQ5+K2SKUJN+2cKDhJsjsiVPIJN9gWpI2a4MAx+UbkI7omIVr1KCjjDF37w+3ccftiIOfDxH+8m7wrobHT3VrQSOLn/QfQaZvo3P7ooTIKcOSCRc5C/awi0nbr9/QeceFnFUJiSJ4wLeYnpMUr7H7rzJKFdXnHkmSGRJ/VPu+b5fLoUQTQ/x/pIYCD3ycnP2v+ES8u+YEeEIyWIYYajRLose0MwS6XLX37DSWtPWbX6udef/m/rHk/tB2847YoSNmNN7t9MSbuLVyeUucnxNkuNZfZboth07la5B2zqU2+yKfDKnKRLGHjPzDK+G2qC8OLVMdrxmEsXcMOF5JV7LuVbN2l/kMYKMmIRcRRS92l70cNbzwbU9t4v7XvUe8ulkuGcFFpICQ0Hk/XC11z+ZqZdvvUjjz3tCiRVTXqDD914QTbONMn9TiLPDBs3DHDESZ53hOcZFUoSSDTVf8bqaijpAOzr8HJGmReveI0xX1ZHEZfrIJZM8K0PX+xMxQw/aj5JJoapmDS0Qw4tGCTf2LL9TYCvPvCVd3z8B2Pj47T2sNd5P45n5+bgJBOLxsEJkiCODQsuqG+bw5zcxqLxQXI/E4ngwsWH2eHk0+kt6+WJyCtlxNLllEKA3S7YesLuYamdnn7kCScR+jz7i+9f+OXftxoAJ2/eeuzr9Z6yQBGBoIQZ0h1jm/r5+wcDi1mrOLedbi/iWd+55efGs0IZjGOjP4Zf73alVR4hjDt2IDLZrE/MJ1tSjamiIzX/pJEJHi95a4wi1kaWJek2zuuEwWDFa2+cIGxqf25v3rLjhaZh1n3v6Z+98RG1Wi3Qrn/dXm9ubg5cxCWLF1GdmU4IuoOhkKAZKe0gIMxWyj/btvN4A2Nb8sxDDqib2Z8/+KtFreZOgFL3H13ytMNLuATW/uHGVrMelsKw7xcly+HMEA+4rr4Q0nbQp4CFxLDZwRaKPBgaUoJkIBs/SZl9JXt2+HGEQKdHYw0W8uENFI0rlcr+ydMUEQd0npeDog6ABtx04Wm3hJiDtumJb/7i6Y8h9uMDDr/w5Bv/43slzMv24ymWy6U4CusPQ3hj79bMHZf961m3NltcTEgBDHjiXTDpqsRw/a2tO94Is79o+ZG9/s+QqxhNcHpSZgWh9SDeiuh4A14SepWR6H4eW3xCkt6qyYgYsNEdPD39cKWo3SMpaICBKHhS07Mn/zejzw985aS3XkqIodv5zPOOlF2WK8bmb2Ipb5iyH6vHlB6i4E1zYmkck+1KsShENYMXL1kkz5AqeQFH+do7jvs62dbbnnnel994KE3dymd9/g3XvOcqTKtH6Uvgos8koNQsz07JZGkh1Rn7GeBlYzMyMQerwCktXRhEbI8GHqlWt5YdGObL4kbAXONHADTeB3Znp9I5x3iPhRsHwU6ZyAnlvYC7EQRUiUldvg2D0eKsE7iM9Y8AP3X7g1K3hzmnAC1Z03d9nka4dJwaYcFiN4NcFYSeUKRjNAXhZcSlDXUUkOwVh+1wOVTJ2JkV9oawQCyxsHY5xTtg0gfLBaqItTEuiUAQ8WZwdrcYPyBEQOcEap7gYLD2E2NOAffQkclKsRi8UDCwMaMCaU1xUHB9Cv5cRLVcRJzcYeszgpAxZwh8toBQajIz4NDqgLF0ZNvCZNCIFjalKpUqVGlODFzOMX4Nm98wvSD4iEkxRLA/QQ82TQIthrScqh1YCUwhnhJSljsj1WI1SAyDfW4G9wKTh3Ela1oTAuidUJamUfMSl4Hiy6QsmJRcI0E0nXQVtUVl+RkFO4xVa4Gu4BSBZbCcW4x590Z9VjExuRstod5iEymAy17VEDpCvb+M7APvL9mFXo8dfsflEAaT23IMEVmZqsxONXYhamJzF8uDHs6/OYxPZcSiumO5EI+vRnn6nFfnKBee8n5BEsawUAeO43Nsb0tkPKBHwgggR2fEUlZoz7ureZOdQWzJKAYAdL/99gmSweS2rXAYSPreIIwpOJwyLwQ//yRl4DJFpBEWc6HdG2ydnIKfNqYW41YHsQ97tIwwKrYxhOA+BMjnO92ZNsDaCS4wbO2UGuKS57R/wE4BcKVQFqoGGSB551gQw3UaAfZGDF1kWY26FJRkvVqqV6uAtuKGIhuBaM9Sp8SqMeKunNjFqB6lxRO0Q5hH4sTadUygAzGiZqPeatQa9Uq9Vh5rAAoN0HbBAnzTKi1avHhkdLRSKcPpuvOAqE/Pwo3PzqWEPiP5EijcAnY+7CZtNodIz4TwW6/bm+/Og6WBicYBY062Hw/me13MlxY4GLY58SZbJP1v9/sxszSDZGXDBitCUjia15Tm2rD8Q7Q3ThKJUMGXMMolSzEkucdmbkwVLhy1CpkNkNVNgiEOWPrFICgXC/Nqy8EUzXR7cx2Kd0dUdIPFN7geAGMTwNhydAsDdACnE3NRIK3kGRhWd1OQV8eEfFY3Um5L8cagdEAVBH6DMaYTWHliIkX8Fra57Uvk1IH0P4XF5qxhgMwVcE0wJ6xV6w4Jt0lLeuDSSeqrUTzG5iFZLzryQsNvdfwnkJHYPFosMsQKBawTgTJ0jqHTLcCCVcZkqLGg5MYNjyJ/+NAr2FX6ydec+UsvO+Sn7+a7uXgeGyR6a9mBYpro7TqjOckZXOGBOicpmk4aMDDK7eQ52wx95gvx6rXZaFl18LJzrC+9LNcDTJoV8Rh1zwzlZ7Fm8yLbH+EXp5WuuYIcW4qSEgMwV/GQsoI9mip/Fij9xMrouU+hFqgxyQ6dN1BdLqPkWXWS+5xwaomjvB8mXCeFCIoAABAASURBVJJIasoan1NlAwmbUOSfNqADB6weFZaP1OgAJFSLZ+NOD5N02mCudQZrt0zBSQIH/llQKJTA/wBxhqU2dLdgPYVY9GzprLwaA3awBbgNtMBJF0RuTfsnK/ZFKp3GOaQgUVIUS+S9wxbFvKgwBJlryq4LPq9DxjpLkX7qXmjT6b41bbCiVjQqkaV5RYEXIRJNODChoKlGKwLh2aE8L17/rGgZPWXXnuFj0bkJc2eGRpeZ9WqT0xqNsHw4b6D6G5dEgFBAFP+MrFzMai8+hpL9gmZ8n+EeTgFAsxwBCZk7o0NTwY/TZhVJG5IPms1J47EsKxg1YmnqmxYqECeGFFcCcVzAb1a2HA1bhhpq47sXc06Zcnnl8sNl4MXvUxGMuzO0/m+//jE5oJ0IZ11VToAXNfOdhDRYOopBqfiwWpayc5wXvHJSo3qBaypFrjqj4nx4JGq+cv6B90skOiJf8O6O4/QEY/xY5H5EKXl1wbUOqfFKIueBWKW/M3wty2i8FnZiz1Un/ZiyexIM2kiZqBVKJStCpnDJCd9C0mOz6uT7rzsNLKk+d0KlvQomfdz7xK2vYND4O//yBWRyyKGyUkwFEvqLxOQ8cvip/2GoBp0ceIQDeh+/ZdPmzev/eM0ZcFuvZrz17msOf2dIuGFgg6EpzU+OiiATfPEhPvkpn0TLi/xXFme9j968YePGh/907Rk0Kg59sqmNgsyG77gLaVRbBz3za4/He1jzq3cKCVVw8fqteJGVh36sx+1OaP77g0H7I4ceiJ9sefjibGyLV7wOE70SSjlLTmf6DlxZeRJtlIoJS3cmXjJcKhJcsk6u9XFMtWNGJMx+TV5x5KNaMpNIf5HkzDDO2kO6uHu2IC/yqhdcdXoCuFkRXsSAFcenX/rbdfevW//dD/eSZH8Gzf/3kydcBx5SEecowzEplTr28LZyPjqlQuTJ5vqQfJtBTrrjIARlxDibiXPLnX1pL/l4ISLQD2wlCumDjjph0HNUFAVX6vX786cc8RiCe7ffWxjKupKrp1m1DulGsP+p/DoTzLCuWusnkWB2v2PPeNosTMNIc2R8ZGxsZKTfO+yECz/3iU9//rRnbuhjKg0aJcitWC6N/WaW2G0P2ON5G7E1PPLoQdA4nZ6dPWPVPvjJ9oe/boMkZxekUnGUTQWCxVi9xaU/GDjpdkdHkLhi5p7vfnbdiuUT44tGmq0cFC+kjAxEMAatz/eAPZ67bm52Duvn47g931m//qgjH4Pnmp/ZQmwAsuhqj9vR6XTgdtrt9pbHNiZ04kvFX+5Eem+zx94n7Ng5idA2JrWn0zOzj95/RVNnsFgu/s9DG/H3vR/x5E2bO/0es4DNzc8/eNyK/eVmU4B3t04hc/ReT/vIU/v9eq0y0mqOtlrlYnHzIa85/3OXfPTT7zlyZg4O1YR5uJlBmuj2tPz4EmTcpXaBV92PNNCjo48D+HT+gV//rgGu6s9+98CcaT7iGc/av0kZ2QD7Uofn7OmyoAsj78BQZ3ulRZVbRzS4QOTwns/ZMgLt4QOQtkxbIuehcmnlQ8wuJtX5CMmWGDqujy7r9vocz+/1Bntg+0TD5RGbHvu6sz93yaf+4/WHDeLx0ZED/3zp2a8+7QVf/A0u9H0efTzED+hWdORI4gnDbPxo+zbcCYcd/aYO0qDXK61GvV6rwSr41/+44dpvfve/3nM03Frj4SnaMI9+xFGT3U4f+S5TZEqZnHnVo/fjW8RkC+a746iPyRXANg586tGdLjPtwgqba3cPO+dpxMKzdermRsagDScpYj9tTLN99gSzZ9z8b18YG2m1mkjOkXgLmWcq24oEhVDCu9/7sC2rN27FuzOr9nvNTtjdrKBgADOzz3kC9eY0KIfTzU9++8eu/sqVl73vmDhpNRr7/+xj//Yvxx/1X7/AW97vMafF2E58MBhADAb2B0xjkal6MbuQ+Z4UzSPUmJLgQnkxnS5T89MvLBmJbMEonW7AYRJjuLqRalyo9oPDKU61buJtZTYvZJIFEUbBT9l5KNAoLoI0x5glYsn2xebkbHSrncEQM8HQlAVN4UuEXXoDJHLuUzwKGa8TJtFg5UyXiyF2OEACaGR/HpDla/kmLSfIsJ7BtERcwFEBoKFyASRdqVKuVCu1erVRL9cqxUopKhWDYgkCIhEcUC7DYRFtH0SrJRcPfkiywYYpFG2pHJYr8BOUyrZYtgX8Nyjhn/ROCY+BcAUCKBTPwUBOEXQScpgSRUbAsVNaaiF+peiw3RlyEvbBtMAubQ5Xc7lSqDXKzVYF5EyjWahWo3Ip4OxQWqvMFh1EJVuEq1dxAMUS8s5W8KdQrkbVRqFaL1RrYaUaViphsQSPP8Dh4b/MqWoQyA8Sgz8pBCQgCkV3ZIoVUygBhm7wORaYO4D0QsjV8RZ7vhVQ/XgOVvw9JCZWIlRFQmZmYo2MMLQqJSvFYJy1nrrZBFbtUoWQsmVmfctGcVqE/5LNWC3Htqom2ShSK9E7cEwkIvywwhPNbZXlRMImI6CcN4/zL7cQM+I/MxTG5IxVxRisONSi5qyAWsPRW7+Fh14mQ83979rbU/307KYpUMOpoaqeKfUey6tjbMqEPxQySShXK8F38F84Jk1krsSDdsrWK/m9xvluKWx7p/6qhrh/Fk1MLFm2vDU2DvdYLoTYKwPiUUQqynqE8QIBh12CiQKpnZub375j59Ts/IAdV5d2u9gYEM4KoquIHBEgrtvTc3Ow01OSJJisylLEMnc49lOFvY6078hyNdA2USK0iJQJ8F2MsGBMFcwvRHcw5kLyCbOhE5QzMR1pqOKCbRuQTjhbJuXFlTrJiuOqC2IPpfvDyE+hgF1Cm61FY2OLx+FndAJMhGqtWirX6/WJpUv22m+fZSuWjY22QKzMT05t37hpx6bNMzsmu/MdUhYc6woYgm/Pz3V7HarswvI4+Htmenpqcmp+bp7AX1ymyD5HLQHAojBUbgJSETHnhCpMUuwHADKVQq0ppncb4a0XiyAQ+htGYSnlI0yzlZSqT8dzSQ1mMd5G7WA5z4TVBA2G0TOC1RymgSMLtPP9ujoDQM+7/QTNDmQ9DIkDIOD8g0C2idAJWMu/sTbiQWBkjlclqhGTxvqEmNrI+R+GimSnSHleSFz8TMSvSDdV7FiO6gr4pRLHqotqbV7ocX8JFFxo5RYcQeRo+VDAIyDwi+lxTC7CpK6zjMsbYH/tlXnaxniEPSdhDKeKSRR5t+cTeMlk2PUuvrm1C7Hrv/BSk1EmRtrA7nJCbxoMfaIuuYiuXV7OLRyhHCcPPgMVPJbg/AzJ/cvBOXDCG72ZiHQqEWQKVXI553QKnf+SJAw5MVGMX1tWFYRiElbH64WhU8TfepltFD03HkmV0wtxlOAdqfJU8Zrl8ltqxYAMOAVp4xAqszP9ZjwfsCOb1AQyKY6J1SzxJlnd1Mi5QR1EyKaibZxoI4tECCecQPIpZU9T1yiQLM1yuHysvu/S8WWLWiP1UqlAlmySdvtu20z3/i2Td2/a1k1to9kcadUJ9E5ICGEYzUHgMFVgynrX3XLydZ68WCfQmqHNonEGpAWSHC/lDJang+ZTOiB9hoFH2JNFysPBrJsoJJQGO43Anc90B5tnuuunuzt7AE+jVECVoD21yZAnDDigVtBIn421aNyoiMmKRaxIeEuhqAxJoNVI2l1IZCVyJnzNXlVnasqjXkbuGlnl08x+0ckxatT4t7OVbMmhDpQJXGgtdWd5ACHRpWcyLjqTmnySYBa1YgSMn1G2GZVZQcZMWJ6WpxjGdpxAJR7KI1HJ5Ya6PZ3RKIRxXsA5vq7Snnv0WUFtZ/6ZXv+QALTXxvq3k9ylHIgrD5NNBOOXsQjqVN/24l7lpl0Qgsi+6MSj/AtqTZWqGgeZk5Ezwb1GwTOmqSo90Q5sUntFaNwQXY1xmbxyGg71asBPgVO72hjfBEYGxj67zfH/e70Eu/mdh59H/fpGjrhw++ZbPzyghkd9bCXd/+jtm6ZPlpzlp7+znHVCo5fKCgSG3nP1nYiJrTr14R9f2Cdae3CyOx/9MRNurPnuSy7N8J8DH/9J9Mmx6K73wVvOJxJkY3R4azbTYA5+1muI4hKBwXdcdTuffMOPPjSgN+Gj9od+sPVEOfklDCvrRIsUNGnxnb+8G0/2jGdg/vPdv3pnRJITR/yeq6kn3qpTH/rRhd0+BD0HvW73lCt/t40GPH3H1Weh5L7s5t/hUa3D33HFqV3uCPWKa9/0dARS7/nVO7AAJ0mzBUm1oWhiUtUQeEZugE5R8r5r5FprfvAB7GXVH8C5XnbpXeccJjX6lhgUPMDD/gxCPwD8XH7yDRghGHnaefd84aQ2fLnXjzudV1z2+7OOwJ6Kt33tvWV9LCOPeuar2z08f7t/2pf+cOJqOhcT9ObwZ+oHZbMYDv6LFj++MLMyp2+ICJSKb6Q/Z5ZviJ6AUZRd34Pjrjrle9iTsPX0d/7y8pd1+2AWwOROXfD9B/lu19zw+mtKkQcaaV1jv4UU++zkIPiwiJ1YojCHQBdLhT1uO++2tfBr88CTv/i8/f68ccuWrdu3r1236kXnvgDJbGd/8fvvTiDdIZr0WI0PUetFE3f85I/z8J1lT7/+ZU/+8/Ydkzt3zqx7+NH/+uFLX0jN3371jfMxtyjNFrbNbWR5B1GTiDr78ULzoZPmikc8beuO7TiM9Qec9KGnHSDHh1mRfyCtrPzZlh/1zRMO+8PDmzZt3Lz17vsO+7fPHkZw8P1/vOgX5VJx/Df33YNt5Jqrn/tve61dt3HjprXrH3HG8x6FyPK6P99arZZKxe/9/G4E4vc67p2nPPGBteu2bNn28MaNo89+82kH1/gSAXZDKi7//sMP4F8HPPE/3vrou+9Zv/Hhhx/e9OunvObaI/fU+worpdLvPvcr7ILYePILPvra/dZt2LJt+8bNW36/7wmfOPlRMKnzv/vhDypVuIVicdsOHFhr+YFP3rhlGzjYPFEJlrj2O9TJDTZ1bdMMjK3xpCdjt8ipH5WwqV/hp398aMa0DkD8eXrdH39M3ZDCXEo1mBWAPJbqtR076RJ7HfSMyZmZTrdv8nn3llJbkTy7mJfEjmA7dEmJtxHCDtXKth04Qa19Djl259TUzOwsSLVYu4oiTzxySWIuBFhy1zzwML67z4tefey9GzZv2bB565+f867j9zHIVf37mwGAKt/y+z/P4i296KwXbdq8Fc4GHv2xh+6P63l2x3ZEdcFFl8nZ+6Cjt2/f2Wn3G/Urb/oVvrXXc3/6vpM3zszNwc/2nZPP/+BXXrAvvH3frz58c7VWW3Lnx378IH7xMW+44XVP3TI1Owc3/vCmkz7wzWNXyk0HeMNFTITl3mrIiuG7tTafduo15x82NTM/356cmX3su65kWue5u278ZrMZKRJvUZYgQItNjkRerFr5xjn42ny7u33yjM++8VAWRlSonG06xDiJ9JNqlq1P9sKbAAAQAElEQVQ+h6BRu+jGX+Ld7f28n7/vpPUwx9Ozc5u3PeMtV53xFI6BoPRIohvv+hMWIDzl5E++asfU1Hy7A5L2+CcfyPQdmwsFgGOfd+FXL7v+f7544YkQ/4u4KxfIXsGhIw6DSas5yooNCCEkCvWiNJMjSBl5iwpMlioJYJwY44SvgxWipFOg/+FitjIp1GcZ4KbLYgUJjDPFAzgTW5I6sEo9opksUF/QQNBGSXxmOgCxcUPOO04Va1QSBAshBlyJTHrOYLj01eHW6iSx0aPAjM6oEKmrhvKHaGa4uR5R1JQqADuXK5RLX6lUarVqHaChBvwAEl2q1gqVWqkCeHSjWoefWgmbwtK5kBylyD39CGMtIM08Iq0FQI1NEf9FzlpErivIjwG/lADnLQMqkUq+NsBT2nuLb534RMAN5Ay+QGxrTPUcIH7U76JqGiBDCAV+itVyiWjX4bnRvBdoZAhh+1oYTZOiNRFJvAFh92IFf4i4o1Cp21LVFABZBpy6GmCmUgH5yMIQ6VQEZYRpK9ACKYeIqheQBKQQmUIBbhbwd0LsCJEHnBqAb/g3hPlBRBt+4E1MXeQnLkCzJJJzhjU3Y6RGHyFlxzOrNgPKwuTCHr7YZPxdkzE8a/TDA7i8VKWCTeiN2THljvLgOztKmbUCOgeRNkw0gQe2Oe3M5WxXD1uYvAT1cMlw5Y//mFIcxK/zQJZhi8vpMQpSWzmTwMnpLidUuCeDM5wgGU7AUP3hmxbaOIkTccITUecg4kBAM0GHlB9AUDRHzDlRmrkuCdSj4gSykaX+gMFsdROUdJe5v9jHTamAb8WK5StXr6o2GrBeK6CosGSbCCuwIgFtPCKNwIcJsEC1Uu51OyBbO/O9znwHWdcCyuYnpQMoIzanLhTA7JwF2LUzzz2TvfuuDRTZoZA+h0QUz5eiAkfaBwRz4NSE0kQwYHIJ+LgXg6HYRTUB16VZYeFNjnoqHnvKWYbMOA83AhZ5HxMy4gHFzFJL/TzhdkZajSUTo4vGWuOjEJyGOGo1DSzMxrI9V6xatWrfffYG9TA7ObV148atmzbN7NjZb3eN0AqjgQxXhBPPzc632/MgAUjiht1Od3pqenJycnp6en6uDR4HI7SY1zeIAfQESQ7DxpgfldeAQwJhLJMMsHzNmB4RaWNGeYlKLlKmM1WMjPET4ZtPstVI6KxTxA4+BZMeOyD2sLmro5R2Q981VBHFZjIS2zMHCGqHguMGNQQew/LrdNv9QY/BCMNrh5iBaN9zjMXpXvHIRiBYp6xxzvdhFCVV+CVdAIaqb6mept0NRMvpUJp9JAE9AblMlqGlJm5IhDzWZKZqrs8xlTg6oqMR51eEl/Jk7R7l9bCkc+ocm8yJzZwcvwEVbJP73i2eq1gN55u67Oby9+7cAojAZl805m9h0m4YFzY56Nm/4f87dFzuYKfBifzI/UtFK3nNC67lL5dmP6nH2EQ45pBMk8UAWTgzYGYUu5AjMr7lLNLHMxI6SSy1NvdwZL0OaQHaOLJis1tzHm/LwHOTzb+uczof+0Bq8ERUghixJUK1EfyfiHMsfMdfa3NLLmvmJstGHha59BQ1o06DUpqSDj0akyqSwhs/pbosXH8QwwSRM1Ip7T0xvt/SxUsa5VYpqpAUAKEw30t2zA3u3bB90/Q8RPaXTYzWiyFhqFh6BW4EZRIMhOUvM48ZzDW8xQWJZuXC2I9sOEkFM2pfBpIwYZiyQ0IMxNCGvUcoOoYJC1STgp1gIcxfKAF4AFhDkLStG8z0++umu/fs6OzoQfCwWAXDHe2OJIhSyryKuLN9CZsPkTNA/Y7YXKDkgSBkBjt5lk7L9EQdyVSmKj9z60HkkeJVMhMsfDjKJtmR8l2jNonves1TwycIfGJlqlNKuDjDTdwUxDDqHUhIQ/K9JHOOA8MuTiXyYJSTP4eeWa7Ii3yraYGRMrvEkTymbRHkurdm84HjlRmR1Fgap8nK12gB8vvsmDgKHbvsIryD/7kA6H9MCg6Xy1TPYF5fGmTzOinN2xxOFLARS1+Jko3d/YN3cpDPyZe3d9E7VraHyn4OiGiVCl9QgGDKtbC0aSWaZ0VliJp2JlPqVuPf9DnL3wVugyPXBIlB2bJUJhIaDw1frRSnDSiQPR+8YmkQLUWghejil640X15zzjNaCJJu23bqwtm494o9jjwzK0v3925FiuLO/dLLVx0IiPBKOMOmTUNnmL79rGe9u4K+7WUn33DSQ6esMqtO2vHwSQtn3JLLnoQX3fy7Nz/j8FbriA9s3vwBJOs46r2FS07Y/0DCsledunHDwpMf/e4ytxcbepQUy4rCM39x74kHEoQOmPL7C8ixysK9ftVpB66+cRMNeMPGUxfc7+NO/hIIdxcFl57w3ZM3AJI7cth5W9edl7vuHdecDW4zYJ3Z8rAxVjuS843BRcpDShz8Xr7ylE8e/ZtzAYBdecqataeYXV+htxLoUYL7FAkZFqBNZz/rgr1+B3Bz66nnbLjnnPzX7vnKY0+9BkK27qzr73z22U9rtQ47/577z19w7oASiV1GeY9qN0bGVLSh9SBcOJz64SfROa6/DrWu2GTV75hym4Tc0inLo0Y1Wy6e9ezzVvzmHBjNEe9Y88A78kOZvu1jzzk7KJds4Hy2m9FEKk1bkWtbKtsMbOK1erlYmVi85Cef/NrSD/zL4xvNR57ytQuGbvSBX5539QN7rihEHMlgjRI2mo2t3/vvHzTfecyeZo8jrnnfEUPfeehbh33gm3Vj+mkuzktdjMJ8qT88SsA8SqVqiCQGuLgmJn76sz+u3u9RtdrBr37fwQum3GLiIXEv8u7o4UNI852Plh/59fOPzH9l5u5r3n/HkgNqsKhav/vCrx/7hCOWA+L5/M886fm5Y9b84luVyio47b73f/Ubv3/rqQfVzF7PO/fC55ldXpyQtXj8lv/4SuODL31E0+z/pE997knZmWamm03Y7oDgtEZGqtUff+zaRR898ZHNxpNe+IUnvXBogm74xLX3jI0gYFgq/+SPDx79xIPr9UPe8IFDjFn/vc9cfxdgYJTJDWAZJgeFtjzxi3vuPv5R2IXO3Pfw18bCPdHkHP3Z1NaTDCGT22bubBaXIaKE1pHYsFENgXWwpX7yhweOeeJj6vXH/ttHPw2X+O6FX7zVzyr50ogyUO7C0POCs/mDYMLrdTjPc550SL1+6Js/cwk+5nd85FvdnqzUFENfA841AGd9r2/8/BePX/GEhln+zO9+5Jm5e1/746t+OVGuRLXKLR/8yVO/ccxeZp8XfvbyoenZ8LPzf11dVQ7CSuX239//bLriW7545VvMQ9986we/+YfPvuFbZ10JWPZez7nz0ucMPe4/XvLmGxevqCCWWfzWe24+6Pqj9wcM+vW3XPb6XR8m0eZiOieTYdoYhHaYk8bNp5767R8OibAHv/be//rpyGhrtt3WaUHPmTwAs+gn/3nr0y95PozqeT+9Ype1I1pMZZElnyHg//knEdhKtfKLD3/lp5e+6slNOM/PLt/dGgR1Uyzc8L7bj7r5efuY/V5y7bdekv943R1v+1G0ot977aP2pb/3feabjr7oC3cS0s2PMZJ2fYlLAuW/DYyQvVim4iViYoKIKZGDWQoTlFUJx2QN4QHYrYspYyw5F4hhWIaAlZxB6OYFcNZpQ4UNXkpKFT2MSlnKRi9IogiVBErwWM1x3ukJAq8O3ZOyYzpSTi53BKBYNk0kh5V9M3APwLUJBgOAuS0FHpB3Ars7YoU89ntF/4DY8ZjtIiiI8UyoLPp0iCb7hjDWMBMH4L2YUmQx5ZAbvRnyBA1WMioLGCcvE5c5NStK2E1gvY8l5pgyOcD6EidMAYaJUCkBh7JBsdttIS5Sa7WQ/BPiDg/wYSALQQIYHAK4RWIIQnJVxGFjSw0WUslr4tJvjBEY4s/RXHYxN1BPEcsGCwBkpsGrsHNDHeoduYj4RBAgYopoRLww87uIHg0SZ0dGsxATdEG5lzsvK3mJK258iorWEYuLhZ9S/56AGIepeJYtOXKVU+z0xkpO14d4XWKYpZINwdwIlM9u5cRpIO6cpvqmsfdvteI6VVyForYMchumYcbzpPx+IFtarUPxKJ3z+I0Cx8ZIgz4BhnMCgWv+2ZRVPzOjTWRzM1VDlvwr6YjH3JjG5dEiNwwEsX/OlIoyHIbMPaDipBjZKbztmHoFe1G6ZEDsaAgo4MMwarfjVxH5NCnfUOgiLEwJQE2FlG1MD8h4sFKGolPiHzr9D/YUhHMiCgM9+MB9fcxFQ0Cgi71qQ2Qwj4oQji2Wi2UIC8FF+n04AeyU2dlZR3WEsIgLtKV7vU7IPS8DOz031+124fwgmZEQGcUD1kDwlFl2JbDZp8F04N4gpJAIkVmy9U47larJ0dQkng0k0ggiCHFB7Lbd7UCQKrEJJRbEbuC4QISdbXAcsDc1tUBECuYu9U2mXDpwFLAIAUDXQqFeK480a+MjI4tGx8cadeZBAgB+r+X7TiyeqJTKgMFs2bhpbmp2dnqm05mnXYHANdxEWECrAGar2+4C9AwIU5V6CAPW3G53YHIgJIUJztgczGKHUpAr/QHOD0S5kqACQwZpAwLRQMw0LMP0QtQpMpOTM6C+Z9vdaiUaKdRqlep8B94YsLiAlUrkP/jYwSpgKJoM9ZjXmlBM0erCGaTm0oY69sFhGLdQfBP7SLNgD2iiqVEI0bwySzXuh34ymIGwaq+v1K6OAy5WKledbGRjPPzodN9lUKITNEc+83tTd6YdBlud/itJdAtAU7/JLOtRxopIGtiUyHv19EGWKRsGutNQmiX0R8KVVbIoMzILQZrUw8VjQz5SUfGFIOXQbeX/tAs+9bes57DKzy47MxdiMHnIb1dHfnegc/6YBR/J5OUHaXcPhQ8dP/zngkvIwFjcKpicwxA8mr5LpIH/I0JPMI5dZk8u7x1HfpT+yeRluBEUTEdgGbwTlNOJlNeLWL05D5AFu84wqwl/z6JSXEbwZAV9JRacKBEONyqlpCphYl1jfSTgY0j1Ui4ngfmU3PmBn3xAPMUJ8flS92iKFVlrFeNNSK+i4xUFOik53JF8zUBmASkxHXbw6zfD0j6LWv1uBw7dNDm/c75LYtwMEjfZ6Q+271wy1hxrNcE8fWDD5umpmQEI/0IB7PFE4r0I5CYK1bJOFmPBKze8hYBBVl37Gr3V5cDvMpeX5wyzHLrGth8QmYtiLA5BM6yIJn2pF0L8qx33+iBzY1uciYO1U/NIgW2CPcew8VEv6cdEfQ9eLEJ/lohKQNwhEKUJyyl16ZWIJmpOMrgtdZl2yvMlN2G52QZLFbLUfH45e2DO+obAEpywXhqFRCAoGdQpEytbv/0pg4NXnLdNGFNBlU3RVys5XaEVTsLcjmB4l9uJOREXLnAeCc+jeTweovWTPodMjZsRoVjhOqIlLCF9b1UNvZycTmU5T5Yl4heuuZJGbhwA9m0KGMiwewAAEABJREFUncyn/Zui5v/Y6x81A9pkC9onerAYtwvTkyUYY3y8OCeA9Gxm9/AzfivPrpCd2prdLhSnvD8mF6PURhLs4AZ+0jPlzKs8Q3I1QJP5KtZvG5//ItnOXK9hVXVk92j0Xk0OTdDyIq5J9/k4jH3bKLrohEcsX7T46rsX3Nf0recsXrrsyPczEapaNdm8eK8CQZ8zj12+x/mUTO1fU7efvfjRJ13OESE45syj9zzr9vwR91y96Op7THZWcKAvPeGRV9ybn1qwC6PKu45euvS8BSe/4+wlB530Je7z5g/W2ZeI4juvuoPoCqb+cNNFlojzhDU/sPX3H7t8+YJzTt9x7uL9jzkLgMOYKjmjwplHLltwjFlz3ZInnXplJFX3zkM1BUpJAZGOopEYLEMqeC4WCted9ri9V1x7z9BZrlx2Ns8Fk+z5hFByQSnHwmJ4IKpUrjj9kL2XX3fv8CCuPHD/Yy+sVDiQ/OVXPX6v69cM3cjZ59w2bbyZrU3byB5nB0izkAw1KsSu7uQ7hplRh/8h3qWQHDZcLbKGJcTL/QOzNwnmCerXnPaEvfe+es3QeO+7ftlBj3/ltcUCtheL0zC3jFgHwi3rmwFR5aLUx3w4nd5KudJotvbe+77vfPidJ/344aGzr/vOB86++Pf771dv1CuVaqlcAXTTsrsVFZbssfjBb33qLV+nxGL/mv3ZdS9+7lkXLQbgxWkmAU8XOes4GaFsfGwDR5TeVkqUgrDRaLRvvfT1d27Kn/FPV111F7JZhOAtoW1ErF0GcQ/wncp1IXt44NaTrvxlfiizv/jOW8/8/sOrm81muVKBfw/95TX//pW7h0ZrHvj5m99zy8ZV1UoNQMuRkZH5mz77nrf/9MHhSTj9mj/htwCfLCAMBKjuozZ8+0Pv+OZd+XOt+/YrXvfLbXxfMFm1xujoosdsvOET73rbjeuGLrnxlpd88OI7Fk0sohTYMlx041cuyI7RZj6Yr1pgVmiMqDcbP/3Tg3N0X5OT1Qrn+LSa37qXv/jQn7/fbHA6A+0OfrbY/g/uq16rPHTV+7/7UDYGWJCIqvEFwSUmgjAk3wx0eVKSl6SEFdBnhkE06vUHrzzzO9l5iKLXeQJMJ4V4JJQWjd311TNflzsYX3O/+ew7P3oDTCCsoVKpuPqbF5z84h/eP3TIfbf964s/9+19wMuFnVApl++9+K3fXptdEWZmrNW67cNnvOyS387kvzf706+cfMZ1f9gTvoKZnNXa3nt+61Onn/L5X+Uf0sxv//vwbz4okyM1iwFmihRL8L8ifLdINzP3y08+87tr86df/73D33T+/4yOtiRxVGa4xLw3MFcwyTd94NThy933vad/+346juBOo7Tb1H0OPXQiIw5lN5BtHywaveWi17z4WcNXX3vD4/7z57N8SfgH4PW9v/Tm5zzj2/cNTd2aHx7zjPOvWAoitFT8wh95ET940ye+X06QpwIjDPxIOdkU4MxiGJWiQonuHf6PqaycFItPO6AcGkyeQYIJ+YBzo5E+m1PHi8xVUYIfPAmsNvgF/oRPAUCCSEBFPsLuX0VOcGZqK5x5YX4JuY0XpvSgSgecI5aS9cQw/BoSAGy0gyAVhHJRv6Wy7kKk4wuZQoSfbSBVqZRnB3uhVqvXarUyyTFAuODEJEngfssgS+CnQLnJRclNLgdYExCiV4FQASXkUl4zUYUI4zPxY0hKLwpWvHMAdapwEiTN4KlEBCcUCmmiXcZZxPnAeS/gJi0hmSs3rCc7ZDDod3rtTqeNrw6gXlgqhA17qY8QDKxQApyqCgu9SFAdZ5xQuhMmPXHKYUolrbjSOA7PWVBW2CYS6sfLSa5cVhunVKSPdfoAGVkk2aAEZCRsDCiXGfNACwFi9AUIvjjipKJUaOtTmC1lfAdRCasCkL4jcpTg7EJMiLb0LxFyI+VIQj8AYgHwiR0mk7QXJ/0UmQBiTPx2+E6C79AQEUzjhHDuS4kVUZiPgz/I8uvQf4N3IDwB3+oN4CfuDuJenPYBEEwwIgrvdwcDcH47g7gzGMx1e7PtznS7M9VuA9SHRAa9QbcP3wLwMO5TbCHh8DJciFvXEvNbgtTlBvPukVkBCYVhqIMUf3Dk+D7+QLBkkKTCJ6NMy5S3RPOv7ejI1E2UB4aPlx9KMqZ0W94VkmOrxBea1afluTkwhgoNRDYrzs7vq91LcQTi4NBsO3IJKQmVfrCMihLa8IEgMbRkPfP/Es6ozvg2FPqTMWR+ADsXlo+zlP3KOWCgo5qj4yNj49VKBVZMvYQ5ZHBwTKm4sLQR2aMlCl/s9DrIzABoLrYRFJ8FtpRDyDKZ63Z2TE+3u91EmnhrTxcis2LlxHTVbNomWECARBryaUqPktO8U0nv47RpjroDaILX7gPEjJILFRQCzVhYQXU/bO1gCAfOCdsVxoqVebCY+pxtj4Yr3OXEaGv5kkXLly5asmhkpAkCEsye2tIli/fee59FixfBlWZmZrZu3rJ5w6btW7fNz80mGIdOQq7VgOAAnHh2pj07A7AOryOQDYDdbN++Y+dOWMUwxoTYQdJQeLbIcpYESFukHhaOGpaABCkXSyON+sQowEB1EE3dftrvU9ArivpEUEK4MHWQpFUnFWhMmYQldxS9ToRhmP0kp41+UpRj+DLS5j1gNEvjWtwwAHEaTgSlsBg2tOwP0vZ8B54OJY0yv6fx5qQV1y0ZWnZOgyneX8wg4yzWNhwEGvoZ+svJLnLes8wu4bFAw50CtMje+4ni0FrhfM0zuRKzzQB7nTmtT3DKS6d+oMuPMHvj78JSduNKs4PvslMQxCUywWZf2/WLup+Hzr8AbMpNm3V/3xh3ebEDrmDTwkv7cXmgIX/YwnNlaL0bEkmMOXrggrub5L4lS0PQudyN88TxyucGymLpCm7g4RDD6LPJ4AQPrfh4iaxRlY0is+0us5HHM5wnoqbvc/0PZzOEnAFK6fUhxdsj/YuJIRQKkRGnfNFUGYOcVJAJKC8QjudsQAgCoFmKoRepwsvXA4VqWUmhHKdWMys7DxUkY6+b9NrV0K0Yre8zMbLHaHOkVqqCpQOqpd+D1/R8e+vkzGy3X2s091y+fNH4WLlcDsjM49zkJBlKV/f5hVZpT1J9EpLu62vxU8n7sjnF5zOjDTVc0QeISWOdLkS7QNoEMIAqmIn1MvxUapUgKrs4MKDa+/35Xnfj9Px922fW7pyfBjPFkuMAiiDCzAZP30NQvPWJvwQJU+GwTI1lFiGukmCxbI3Hkpj3h7eobHunAmUBB5f/SJYFXVnYa73EcFn3Iyuh//w+oW9qXyWePsV5JW7k4bJU149l+n9+BMZvA0XSjMhI4d5KxGR3amE4mw8FsuJNfWJnZjTk96pyg7BeNrnCaue8bcHq12Yf/PO9/kLm7/+7X+NLlvEvlreo9NVRTDpTUfhii1aIuIZfGRMSc5wLEqyQNCsAJ9Uj9AXrT03Wym6mTqJ1frnm3vFKiz9y0i4cX4E0h5FTBBqhZBbmDF9mPUR/YJwtyRptpRTtkQsH1m/nUEwfQ1asUzlIABvawZbs8pTHx/dIySUU1kopvYIbAzCjmAwC45byRczyLYBxzlT21O0lJAKmWMJ2JBTCwOfS4WFUE5lQ+pkJA2mQhGE9zPYKWR2kXKHgJDpKWQzEtol+z8D6ACvCbEKKynUrsXSE4vFYfnPmwhuRqWP61g8+5tTLqY+cinjLaSBUIBkmXsNaAwqMquEwkY6bumCaCec+OBcR8WaQOjVpUgrtSuEQjTPRJCr0XFNqUMCijVcaOttpUiTiWmpNjp4+QDqYJhYPAEAosO6khA6sX6bvRhRylBsM0fUKiaGCR8WVhgPiQIS3ueUU6wump4XhDlKsUA0pMYQD2v1+vzfoI41oGZuVDbDyMUjJwbTIdhdpHESY62C2MJnGYXUkto+gPGhZhMZhBzdqC+ikeszIbdDCYkuKM4JhGMYaro6JNICA+xmpFSE8CJfGGvdapYBdM1Hmm3qtvu9++y3bZ+/a6EiHKGLAZeJoAny3XC41mw1AkAghkrpUBlH4SYByAXRkenoKbhgxrv8Pe//So0uyZYlhZub+vSLixHnl6z6qqqu6i2qJKg7EgQBBA41EcdLjHgjQTD+AI1EaENBEEKSRIGigQUMA+Qs0EAeSBoQASQBBSQAhsNggi1XddavvKzPPIyK+l7sZ91prb3OPk5lVRXKUdRn3ZuY5EV98n7u52X6svfba5sUfH46Plj79i/fv3tlb4Q2RfuQd/LTgt8He7ma//eLt2z/4B3/89ic/v3n1ZtzuiWtzFuhc7Rc/PHy0NMquYQsdhoMFK/Zw7zHKL4cNKAT30ez57j2gyMN+Z1kfJB1niakONzc7XSjCp2FjR+d0PX94//5ysaRwyrbg48ZSQAOkCsfByc0bavDx40cJiwvbMrQKk46G4cXdrX22hUYfPj7YRVoyiunztHX2+j/743/8v/nH/637j//+/+P/+H/7y8++sCW7Wn57PT88GaxxkWu0h3KzP1CM15uVMtQD5ocHvMb2j93s/csXts8wued6gSBaE5EHYpeWfVuIeXvYhx1LhlFh3GLOhuqCqsnj+Xi0Vb8CB9vssliBc7Vv2lrZny3Hvz3cWOL68QF9ypb5q4epgrRl8NMVd3p7q4MnLQNNMaKRrg9gJtmFXbm7IERue8A+9/7FnYVumNDG37GbsyDy4enpwg+1/9nxAt6G3l7RgBKFoc92Yey3m2mXbJHvqIxBeilbpR8fLBs92aXa928ON5tRZ3yyhwIBEBb+Day/uzlw00P1wSA6DJyrk8F3dg32/rbdBy4vyb/txh4D1HvHPkADBgTTq4628kJFT7brwA7AKbvd79ASAhYqyCF2y/ZwIYRi3ywe2WGsJYDCs3qwJQFhCIT9IVCVejyfEvYA1Lrl0yi0crY3QbWAkexMsc4nXMnM7ANt6QkchBkqGlvI6UEuyXY79D0H9fsBd970MY/pQkXPAfIXA/0k2uKwqpKK4gyo0K4L1bYIAQmFKfL3+FWwmJxI8mkh2cH3RFFfAAdVmkL0v9E6V0qwdwBzXam510iUpsQqKizAEiZCroBW3tu/qNmNNdxteHIJyNqWtu/sbf/vNvd3Ny9evRj3N3XYT3kr+QS6YdhJtWrLeQyss4idhOleDD+kwarxlckbociAphANfoS9l6sDJYy5AZ6G2FyRWXVbqE7RROq3AdtaFzZ/z9mvI9f4Sur1LDmHgtBMCrT0W1WsMAdwPhvq/Gh/4PJCSAdDP4GS7ygxChCMXluQkGu64A3BZDUEGct1OZ3tWTKH3EBU2jW1cnbilU9Ck7uvAowuFzYz5S2aMX0vMd4oPsRH0xHVYlxi/ZB5FSK0XqlPnteQrwW0Sz3oOcaUd5G3GjnI7GPelb8NkNsI+cJapHiG9DpLoSpFQKn9WbhKnBiJZYfdlBQCJyfnTvkWkgZwm5wZlsOZ6cjLyEYAABAASURBVE7kECSVo2zXsaZBdR2I5LTcOhDkPKsWGVGAm4qeS5jKBVwyIzZ663MWCctxEZIzg0fWnAuq5cQWDhlFUNWkxJhitzrLYfAWhuQkSx8ClFapayspLzhIRzUolUNNTXVgcWSVFD6nmi4P8/Vo+IE9UEPKeO+usRYZIXqXzJyw9LJLZZexW1BpAEW968Q4whU5v8ZbpT4jKfdc95vf/vKX/+wvfvurXz0cTw8GM18wYRAtT9tt4lBAs8eG2P35L375F//i17/+5t3pDC4uhXZxwEk9K8Cgj0/n8zVAcH8kiatpj+DzNy/fvrw3S47xU+x82G83VoC/vdlTn2gUWyGkPf1RRmZbvvnw+E//4hf/2V/+8koGFraslSggKF/VAA+jwTWm7MaZ/79qSIXASvugN69efvHZm5f3NzeHnfnx+ztzm1Z2t3/d7W/2l3l6/Pjw8P7j48eP50cQmQs14e34ni8T3u58nC4n27WFSvpniF5NEk41PwLQWWXligDYbsoeP4ox12qB0QWlGoDjHz88mDe7e3F/QCU4m7+1qOfbbz/8+a8/lrl8/urm7/3s1R98+fmvfvuNPQaDqA2LYbUHz82M40xpFLXunE5HO06YPLwBUSR5ywNaSpqyEupvjKPr3qToDSciU87NagCzVdbePZ7/k1/99oxp7PDs5jT/B//y7/2P/nv/yr/6L/+RRrIKdIBN8E72Rth6Y3sEe69saqFAUOB3q+w0R1a3YIstrRCK8Hq5v8CBuCjXOL7SOiDs/i/J1TiZ0DNmDaWsVzYTgKKHyB8VlInKIhbVQi4pW2D22R9aVa+KuUK5H14G8pqivDlA0Y4BLXe3yv4++UOkpCkWIT//Lf1ERmyVJv/A13MwND1b1BaL054Buetf7Oudv4Nup2dgb+vZdlo9ovyMINwvnjnvosjR/LDHB1ZP8Jdmy0Ckk4O5vn++u1Xk4eJ9V1CYP3ldj8iX/qPccfPmdHtP70oOCaSUOs6gvbQgw67D4tE1AbSh40jCu7NTmLHTsEVGNlt//G17/Lph/LJrIs1oW4H7vlDtkzXkqa+wlPSSA3613zgjEBc2qO6AUjzz7AP1cgcrweHP8QgCHOxrFeAOTwZJBJjG3sbNtaZvn6a/evf057/99pfvH959RORuLgfjzzfbl7e3VpMze/jbr7/99W9+8+27d5XhBIvpGyjwS+LHr6EG7O/uUQiPK/MEJztukC5uBRy1NUyBNZGgUBMEAdcPYsUW8IlZocvVzNt0RETUzMmMYPK93O2+ennz9z67+/LV7eubzc2GfTLVFzEBlFh2MfKa5o15CX7BC88MahAc3t0evvrqs//mP/xDy13gTy5UzUSxmQC8BPpZlaaVn5O3aiXGzJzvih6bK3/SyICvsWObR1/NOy489hDH0ot6DvLGifO0JYUSbHG+QhKin/tXxNv+XGKJOyFV71Cbo+j9m77xm2Z9x7S4rInVgbP5q3HGVd1jBXnqkFdZnmlWj6CioyGHGNPKIv1P/8m/l35sX3/yJ3+S/kt9/SglODJbhpLQpdajRufbp3BAz3zIUr1duXf/hst0tOiR6I4I/yqRjPI3Slp+UZfCjw+X3x1+WwfX/vnxrm5o/NXxzbwcrjD0iuBVV0EzQ9W8vhJbX0eCpKZP0fW8/reXXJhZlNTdmMfnLO9r0JMOzIwIbMO+z4ruhrjQKtZJhBZFiofRjJmVl3hgxAxwWCRyu4fWV2H/aWGyZF+Qe6PEHsZYh8HViEF1V9e6WJbEAdMjOxnlnJQV5zDf2VkjjtdntDPP/9t/lZrO/+H//d+2VK1GQ13y0ZXg1w6U1SzuisxKsuVFOBeXccDAJtW2GKSKLDwzupUgqXLaFD7Gpd846UAjClqSMhF5m8Cr0aUI6ykkjlO8UwOFa4N0i9psIy6qXOyv4HsCL2jd+pZUY3Ci/BIWfADdiU3Ug4Iaywh8IygKwWhv5eYAtnDXG4hib4ctNhlpHbZ25kjzbitTDXhF6ReyCPY6jRhZNehG+NGSiR3kQGdv7xXyOzJNqgK0i9v1lrxNC+vBu8GSKpcthtokKUxJmg4QXRkMfru/v3/15s39q1fbm7vNLclsbOPR6HKsmDRq8zJJo3lfjTql08Fgs88+x7cNR3v4+C7n0+MDFa4pcg0ofFT45w6MT8ewQoOQhCRK7rRkoSrAy3Y7Q5fuxbKSEbqVdqVwHZ/3S51VW9jt7sWLe50qFRISu5GkNiugk7sLo4Q2UPjazlLGdhdrq5UnPRF0fI2GDRqw6OWBNhBfADiISV+Qp2zvvv7v/qN/41/5fXvff/7v/q/+yf9rd9jZA/r2m3/tf2bos0GT//xP/5OXL++3G8vFx4y3sjRP3rq2LkJXHY3g87Pa18th81IaCCQ8Z8F7BseXWY0e9ns3NzfYY1T2vlwxZt12zOtXuxeAqq/NtcMrBFLu7tyMBjUOBsG2zX7HAgaiF3uBgbD2fSIsXm6xPQcQmRpm2nXFOaWwdIryXu0ACkA1ABqPZ/tI9UHbLwEo5D6EGAClHu+Hu3Zzi+/FTrXPQfMy28TsfW199ocDSlbSpqeMQaIVzaTN2wa+vd2P212Am4hvYV3I1FWWK1ECnCFP9t3823fubqHu7aQ2liXYmUxNZnE2XEnSwx1AHp6sZIhyWtTIsz02FvpIGJCQsnilKcY9K8067K2csVfih49q1SJa+xAqxptlSzcGfzADCl4YOjns3WSClNjbZW1Bx95NQXvU/XhdFSILqJMdbodbjcslvIXbh0S+SK3TgGEpG2obl4mlRyacs1cSaVzZjS5ZN66pYncYqCloCyIXcPRtGzhmZoqarhd8FbOKRO+swxTQTylyeymwO1t2gds87oW/lajCWh0xtAXZ7euIXMjOtyH1hr2yUHE6Pj3aNtFsEvLJstN6ZaG0fJtNkpYrkWL1JXFtKw/cWFheHJn6oKHB/s7qoMDikXLG9i8KQzcfjMDJXKrIsjEBMGhLqesq+LhzwGRU8CBLvUKNYHBSWBNYGrqEsE9o2lR0UnJxXVSa/oJBoQntHbZ2I7SSSG3eOPcKgRks5RYjNBWo5KS+B+Lmto5YOhiuiqJpK5Th3pYd6OdCLuPUKB2dQySqiq+CjVwGf/LZ5bFJq4Et1Amlq8HYIIjPAmIdWBeeScmSYB940yG7G64DvzQJUfXDxHDKmdoT8ytB1xR+6YxgW/FKH1lKSCYrnmP/KMOAwUpJG5RWIdAFoI0VrayuIgYdRYmxywFowk+yR3uplFMIsdpd3TbQvAv433oVAWjtIuKwYgzl5gKMrpDpTNkcNKfkdR0mt3V0TlTR9/zXqqvL4s0oqqv2BJ6vmtxjZAbOfEtXhFD4Y8tdVfr3flr+sFfJA7pyXAw2f0Wg6uPuI5hJbA2moFwvlnA/5NgzPd5CTIUgkgFsCPgFMFFyxLC+Nfu/aDTItmZGb9YpAv9Xr99Y2PD09Hie6x3B38eTVYmv0tAw3233/cFw06cne0621a1Ud4F/r4KnzaBbafnRajbHi3NoGDHZlpHdcX3hGKElFQe5PNRpLhuSugiei2WQNeK4MRTNuk7Dtjnu0DWRR4YrDWoYwKDP0IuABZD4hn3RonkUbXe0320+e/Pqp19+9sWbV5q1edhuX9+//NnPfr67uTGr/fDw8euvv34w6Pl4tMsy62MVEJhvhoHvHt4/fHywGumYG6DWcWtX//h4fP/0YPcxcoinlId7nMZtA51lW5DjxcBe/hU7DF3nIElMm/Plut9lq+re3h22706XRytanR+OlwcQqQXhcweyHKhZAqBFt8mi3t1+x0M6idUhGFEBKv9aOey1MQ7HZtJPGfEAvaaBbhJyhwKW26KiATBXuiAe1Lm2tGR+1Yfdp5X8DcJhOw3ND2YkhL4lKexBEnL/assQDEdRiGL2xvV1itVaACWR93p5hU6F1lIZXXVVnahHhta6UzPTs9ljqISlMqTIcF3aMn7cIaSUFvi46YF0qHmdpvYl6kU5V5jw34oX6as8o926GsX3f7UFvF6+CP384K88//2/+SXfC09/8qMAwjrM8EMfENYo6xo7fuEgaW49kPK3yis7GCBxW6P1+CqOs6YOMfdXxALVrJJf8s9vHkYGpLGCLVKPkuIz8vKD3FVZst5Waf+qoVTlRhjicWZLeM3CGa1+NHuFHHljieWqKAhVvzT+yJeCDmIQ9D3X3GLAVb+mHJgiLzXX1XPpqCInF0lvgvHYnGYQ/BGUMFM4W2T05rDZb17stqxGpc03+enDCUJ2GPP+8HQ9X37608+sAmfFwG/fvwN9bSBiMmEiA5TZOLqTH1yCAUiJKt1HVqEXAV8qy8Xr5rVz2L2RvDysAlImIsyAZ2QTJLh3hGjQYA0ywcYs3NOIJrTT9YTLSeN0rsfT5f3x+A/O1z/64uXm5QHIRZrRUshDHeMPsvOTW3jDAMBAYUEHlWoLueTVHs7rokfsYjcCWOEQwoq6s89bMJRpDlDNkRgl6RRZqR2Ir9ExYollhKQpvH9Abq6Pm9O6WLfs+QDkcm6fHL0WYUL2P+fF9Wcngnjg1lwBTIjOEiPrV/qRUJjNxy2Gt+N4uZc9AlVgPY0RXd/AHQ343fn6cWpAL55sZYhTJCDaTLHTWNZ7Ds/mBf7N8X/9vUX5Y/1y394txdlc7LywZG4vB57y8iGOPq6vufUxDgEf638IkOVXgrizvlq5ZK+O6jJoQ/WOqwXRxceFrdy4IxT4TlFUUpJUL/H+g9qM9RvKRaRo4pJl+tUa1buWw+roVAE7UF6LTLQwvtH4lljACAhUpBJErY8pnm7oBeSozmFyAAPUnJfPYoQtrtvcBTcWtxJO+5MPtX+f/yf/zj8C/vyn/+4//if55iBDql4YdlZS6Z8Gj4scTXsQEPXyNNnis6e3kpuilLd+3UPCrjHOlK5m2a8q6q6kv7NrHLvjzJwFmOWMydUT/shJQtQW5VAjtrXOSuquE0XuyAPjHTZJ3RVXq6Tm3TBsixOy5rD6SvIGcpMT9LNccFMj/nbAB0gVYYdLZQ9O7skj2NwpRAPh1jXEkcqruGskTmqEIvWs68Rm4hpsP+dfC9rHNaoq4zo3DAXUcm3wZBokxUriLQkiVFNA4/ywG63Yu3v55v5wd2veFoDIxvBSyM7h/ia8lvQ6gAEpykZ0ZoMknSZ4PTyDka521uBaTq6zpG6qapIn1dJwI84IGnYbAmlJgwexnvZitj4B5U/ZJz+VInZGRBiiavrI5sWFycmShqjCT56jts/FnaZyTVeplao5qqAJXIQ+ERmSPKEGkzC5HlVQ96xbmJCLZOF+7H1evvp//h/+z4f/xT/64xe/96//m//WMxHi9PD/+Q/+L7+4+9lPWfAh/jZVsXeKCg9BLUXjvg9PwG43NKknCe7Cgan0OnUTbxB7tQ0Tlu5KsHLMWqtUqiecbMSTqGulKplzEGeaAE+7ZuxAsjezN9Mb/J3iAAAQAElEQVSxBRzPBgPnrGZgwVkGIuNdBxhByfzVNYSr2BGobWy32encEmlPGrvdFUt5cMl8rK7QQdHMXJv3tkNEraC7v85zDz18eDgfd5UsnT8OiM1aPUkGSn3rWJbocGuge0jNumpmhohtgmjibvRywnHVrZ20GfUm2Eus+LCYirlwQg+VTRYCW25oIuP1Jye75F2KZOMOpfe19UJezyTD3pbm04OqR3fRVIitQhVj96KFBUFA/PlW+HtQFRrBZZYdC9R4e76CfxHay30OjYh+TsukJcm9Q3mV3WFhWJGT0wfEUam0VjJ7PYchfKoob/Sjsluj03tRGgnvnGkAiGaoDR+fBQDofKWEVTFI44XVeOYbXhEgdQP0ZUhPp9MAadSL2afdthgENWwPw+6mbA6bYcuq2ZWPF00n3v4yOqbuLJdEwT6KOqPUKwovONibbBgKqkuWhOx3hxsgnfitOvBITEQnedrIigVsXUijJ+xga3MNYWVypBX2OHmJW2IWvbhRSYFslkSYYmxjtBeGDoLXDlFfQG9ndeoK3X1jixVMbVphfDJX4muyojCmaE1Xn9RIu+/jiOVE9bZq1So9j8FjHlmpBrt12MwVZFKaFHzWjBJvjXgl+xwOjA5C+ajHIRI8wS9VNaSqSsCjwVqEbxFu3GAlNx/OIQZhE0SoAgCNBBFtwUQEgGNCUjQL2wOZMQLJbXvEOCUHyk9kKEuEIdFdFnVKjG4BLxc+ZU6yT5RMgVeisHGlzndjX9cVLO+AJfm0aujChHlBE0ge+lLj+i7ewc1oRqeEEUhn0qFMD4J/Gyi/hPdXlGm1USq7jSwVwbYS6KC81swSEu9J9HH6EhrjotlUI7uUXEtSRXbdOZvZOpfUk1oW+CrpwjPy8IG4HmOJ1i2WR7zBxMqMWCgaqs2opDH1YDUv2E72vJzHIssrKta0M3j/9vMTJFMMGb2okGb3Zz9ifXQwLPrjw9EA6YJeurLFWTOcd/ZDWAq0Vi5oM2IQ42LdRCWUbVDPhGVxYJypelMXw4YL1phHAerQ3GQ1OepeFI5iMxj8/XQ5V0HobdYQMJYPN4p5LuCvXXnIr5zcWIP2DpWrt69fffX5289e3x/YzX53d/v2zdsvv/zpuNm+t6+PHx4fPp4fHhA0omqEaZ8sTNYn9P9AhceOIWgNqZ0eTg8Px/P1at80a6JeDANNrMqh2EG94Vni+ixWPZzMyF5tRQps89Zc++l4vJ7P1+PFQrb7eseTjg6V90/z9v3m5nBT0dgHdMPe/kIgeExmdw9k8dozqluMrzUcfOPmxjs86NQzeCSgYlTJHbvGKP2Ue0sJAaToleG3ZlXDqiJq+T88pjmAP4f1EDPnDvKFKWze3h0gTl4wu+7PvC7SUzmv1JRPstTUAWq0lKSOazTP2/yavX/K8b/me9zrVUqbuoIwjVBm7z8eMCuoNeks9DtwTNOxzDUayY+RwxWl8a8R/MwLuh4Y4gq59ZijO/rVQFNHIP82X1rI/ib5+0Bkj9L/hvd51jge8MAP/pZM2Qp8L6pxe3q9gsrSCr5vAQI230BtDTt0FMwT3hy/vkp7nTgc27UjcUSA3b67/EzMuOoUvLaCR773xjoWXVmPzJ0ErWuqsecE6zGlyGpwwUhSOG4W0GqSYReHzJmhWBzQp6IXJKK05S4UY2D8UFtgDkcucth5RwgVPMaT0jwFfK4OnyS5JshwzRJ3p9Q7JCiv99u8/ezOXoTmKrPYc7WqoUrVT3X6q1/+xt7Fql/D7gAi1JXtAhhwkfOuyLd24FgnH9poWYqs2e8K+HGw+vyKZREkzoE2qRQuG6y42tQpYhY5kSdu92Ie5AoOtlnvhkbFF7tiF/A0WoUUkdtYL7X85mlKv3zHGSHbr14CVy+K8JpawFVEYwrheLli6ObmBvkc2+NCOICAFax4sxoCLn5mdbVLXc1pBQcnzzpS7gpAVXBLo3cr2vSjOtSi6y0w3paCOOwxCaEL5Q6s1XmAljQj08+ER6HLAYxFlypgWgF+DhYwuisxZiQvmPH6gGaJE+rPdY6dpf3We7eYOyjfCui64/Id5vZGfz/dkjbNP0pV5P/SXz9WANq3Z2zOMO4tIGHH4rr5DPPvFl2bobh3b888SndL8Ye2eBcWUeODW49Vdbg+gbnj6C2eic6ZXbSO3OVVTaZFKyc17KeOWAkE9MGCuauGpN4tq2sQnyt56u1xhH+mzrOXaWR3i4ZKdURY6Kt+RyGoXEy3IB491BpWwYtGvOYhJtDxwEkAQ/amS/3lVLqYY5Z2BF1h1Hx03L09x6/JGR/9NgmecJCUHkTz4T4CDsSqiWpqkz5JYhr8v/4f//df2Z//6b//bw7jrvXZsrjCiSoTPYRozrf2kVBBPOJOaR6al6Ten5RcJ843GUUnanPie+m1s9yIqyLDWJqwistn9rCBO4L0KKTk4JEICoA4Y8tJESWxpUYP4fAUL4IhJ6QP04ZUuIgmNe5qpOqhLrggSE6OoznNIfkoTAkYeDiNz56F5TQnNAXRPmv21zB7yuQSNwNVmj10ITU+HBWEI7EIYMEM0dad1QLfSOMdISgxC//QIYKjlHqrg7tYw81u8+r1m5vbF5aoErGbFXlpn7uB977rlr2wCvy7AgJpzs7KftVsAj1b1FAFz9ln1Q121jSRsQdNWCsomz/cU2GBTZnCPhALNHIlqzlgdsOqpK9t6aMYNFN4oQ0j0HFXGTI7skFJjocIQ6qjvU4LPUcW5ElpIRDDorQoaW3pD5XJS5rZ5QCuvWgAu/+w3/3J1//e/+5/+Wf/+r/xr/137hYT9fT//7f/T//XX3/+s5+FPIv3LMNGsUoyUB6UdR+kyIMQUQBBPbzA4x89y/FINzZ5oRyirHGJlnZk0VeGIE5dlFaAg27s/2rU8dEYZkautgAeclGJ2D6Gqju82xniPIWwxbyqSOFZkeacQ6oC/cUXdACjVd1nEUv5LHuI2kK3Vf1fXkwQY9eeiUQ3Zl+nEs3rybHamGKnUyWWij4av5jTklnyrhO5ezP3xpgDvab2bJYRUeLbbZOB2Pb8LdZMi6/S9hA4nlT0y9g26CRMfUyZYQyr4L3nOykOqK5IiL9+MMej0Wg7N+LeM+gTnFX/dDOqXLWUUL6h7fHUoc4+qCCFXixXGA00uSPaSYhkccblPLhcciGo4eXGbmubeivcEynYZ7XOZ8EqnJaSQfMd5UMU/QHUFE3WTfg4cUzAhCMpyRMfNqeDD6xI1eJGHfbZKgr2fvOMgXxpW7vIDyp5FDmxuzxdzru7F4aYmAEaczV0ZdzfbPe34/4uj1vukSsZZ8VROMCgGzLxwXy1T7xCW6YAPoYmCUszzJfs2orEN6BoTR1pCqF0f2q/QtgSuYUAaLvZKupJc/TTvW6KIxMZEb2hmLvZ39OuU95MOIKrXQ3wDtNcKJmVSa6EgHLyIS2Jt0AQjXPiOYEtOyLoGoxRjGciaNsMWk+MpcqCrqjMmaJooDOrwMCWoSYV+vj/7IPj7fVSegmf6V5WMQsI5IDE6T6EpXt5Jc4C3iQNDtvwGmMP+77PISPlGHwVFTLKH7pa6awGGEAbAsdd5Ym4S+1jpkstrk4IH5c1AlPDhpLzz9GYjB+BMkrYbjtup90ercsGfeZE7Y2d5nO0RIVrVzGChM4EgvkMcJ1mFnu+InEyv8cQpCjQG6IzVY61zg62eY1BRsO1KuC07NPPp2NDi4DtsD2NkCxqMtxwoMgNfPfYvLVO6S0DKlrFOnunWlPJWtJJkI8jw0CKjJncU6TWWQMZvWUtexWuKmQ0y2T1aMO+i9UgcyT9MgFu5djm6KRN9ZpnDx5y6sFfWhQZk2Ks7LG9HmuWV1dVZXu4ffn6rQGr737z6/3Wtu7eYpQTtLJmpvTt6XieLlfbhQYKmAMCEMuZsXa3ZhwuKP/TzNO3MiKwWgGUx+TAWbLg/+kESTjgxCezRYZc88lg6XaYPaD6anOYA7PgzHKABXe5ahv7OFA38I1NaeZPiz1GtI6xFeYENRtX/rndbV/d37+4fQHFj9v9mzdv7u9fHtD6c/32w3uDno+PjydDkw3zRf12pCGdnk5PV9LAzV3dmOUs+QL58vM37z/Y9/HgAEkDBh6566/Xs90HBPqtkLZB9Vs3Yec3+V4F18HcPUeGosXErJuB/o/HM+T4Kddn9/jNh+PN7v3Nphw2I4MVVjkgugW/Zi9Uy5F09hAA09kNvHRhBkwKPFjpmZ3k/yaJPXHKbZVhlVPJ0SAS4EZytKUV59v2xNHzwBx5XKJKjs5XjiZ19MkUD3u6k488MhztGslMi5Hs/3bjs/wkZj6k7vj95b7vm+iYTtouySkz/gu5ROJYVqArD2CLUXbM9ITnrURzwn7qbPEWc8+pI4HMEbPFtzttUH9fHce2wop+mP78fFm+52XZockF217/Rkrf+ZV1Cv+dN9HP2ycYgr5fn2HZy+sD7UrEfUvq0P+CRD+HI1rk2zmt3sSB/nhOz6+5rf/EIXPp+Xsyws3ZfXpLbRlJuew3nUG2cuYlfPUV8H9nD/z9nZsfnCqum34BGYo/y7V9bc3jRtdwcgoV+34KpSmbo5b9IUgUFH8qIVSqq63iPUWZNbpc/A+tVwFS9ZhTjGtpS2cy3ShhZud2tNwWAkrgau/H/Huv7sgWmi7z9esPkMoCbyuXRxg0eFtiwdfJ1U5wIZBVNBubxGkIzSpk13kOInAu+XufWN+QdKgAixQ+ccB74izpkRhoP2gNsoeYbm+pvn0o2shuYO6HbR1O5yNE/w0MmTZfn+Y/+81HmPeUvrq7kaApeXOtqEmDedMc7ctJfYRJERCz7UC/VHZz3KW4TakRKMzI2TKbzFxbphvApCXyEQ6CHfAo1SJFT7sK2AJbYNCwYhGngGJKj+d9Szzb4z7Y2cHiJDJgQ9Ehtm7Yq9YRM//9CfpyskTJ92ns+Ba7SqFBCkviIYq2WxRWsBC5xjZlpCwSTFASU3QlRgjyt7Jsf2e+fpQAdGtL2hTG/Lnp7z56bSz1lZ/VhLtb7z/tRrZ/t33yweG9PXGPH5blM2O3heFbf3z/mDBAfWMHCJraHNNI4lsOVYr05Ue5f4fSMwu40H8sdDiqQES5FCeIhukyOn55Ybb9FPYiuMwEP6obzRx+y2dZONSYBdLW1Qp4IC3PuXxWSh1xZuSn77jGakRxK3OzLL/H0sW7Oty2q3tUQWRaSHpuIobyb/0P/+h/TqFYizcnQuSaxpSd2iZrp2c1N+9ILd2b9jKxmsc9IlyZiuYTV/3GXLRgbjngxfDkWTImkvenqKlAc9/L/Ayib3A8rCRWNhGTVuzPNC47Qfqjdfsap6L5+Nasp5Mk8F/TEkjpmQQqxKyubx498roK9egUCnVyyb+eUs+p0xKQyB9w01bF5H4SWg99Favk6pJOoEyhuRnEHEzIAcRT/KmK6SUZBchhw2Qjyb67e3H/5s3u9gahwnXGWpS2/AAAEABJREFUIKfMHe1CpY18viFqLMxQSe+pSqpdzhFXpl5pAtCzrfh2f7jJabsDo1WN/JvNYFDSfrezN9xvNnf2p7vbcQfp5yT9y6nXS5DXaD1keXxElg8c8+EXqlvwItAqXSQSECeiNMFoQ/JEW/1Hc44OYW8aULDrWVLrHAc5xJTj+7w7Tzcn7Nr9fvcP/v6/+P/+O//7//cZAmGJBOub/eGLzz9j+uCagNrafJIi6atWDUbPhJQQE34gP90mCaQwwSktWox8C6rQwpRDjatUFJHMT+nxxVz0JiRADwvRSKicr49Y0mPebneGpAt9I26bpYCJbF8MnaQVY8jiByNOXafniqTEaVJFC83hRC4idp20BIFBFxXY2EVPTWGBd0mAOmM14uf6RnK9Hn8HwdHNNyCgFrLVfPqJNvosspbQduqNqj+BOWifUp970utVMOqp12iIwb04yOMBUWHQ41aZu3FGPu/2q60YMX0HtjAaAbi0bqJRbyjd/OFL/Nyc1Nm/4NFF3Q9VZbis4ayGvyf5Bkx/Aqiq+l+BQsPGgcisRfCWmESmeRKVtQPTXuqTnE0OurablsGD4JrCzDaJ5BTnl/C9h96XWgE0a0xgmmmoXbaFC2g/lQIJ6l+Q4ACKZwZEZFXRazlX7KoHvdnsqXGCxECAsH2o2ZIDpJKP8+XU5gsOwmY/omnzxsyNbD8LcBq8yiUj3XkH7WOrGibDbqTCQ3mNpFYRSY1QjwWyHEnUIYppkJbeegygHTAOkrka6aSmzIpSie7C2hVuQx27xzF5cDq2Lfw0sNdg0NBA123HVY+zdpFmfNGoCNHE3VSJ74gUTApP9sJBR4Sb63o1j0qUdciuoVZVvOKX4lJ0WnXS2cDqJtabtpDnEveGyq2zBGk2WQ1KkoQytHXkWs68hupNM0XnI9M7MCeL8JGXkbWiapDVtmyKp0QqlKA3geaWXOOlX0CEE2ijqnLfnBBPGF1HKa2oN+5MpP3glC0yd7FRR+G6lZI8MJJUrB09BCIy5gA0w5KJTOOByysWbYnOAlejaKSFp37wZcFmH8bjhAJNrxyBB3u2Cc0QlWLtwWLIMgOsjKS+JTcSOKNiPClMKXrktcUgSdcwQY8vpjxeceVUQGM/Et3AyOG2JGZVik1ClHZGbYYTLFk2x62bVxqB76MxuwaWhdoNudnIc1P/8njEqaidgJ6ef7U1HJY9F4UwCINVu9mb27s3bz+7PD16nJTEgacJpIpuCJqjZLXB6sGvW9hyvkDyOzuI5PGXK6CkVbNybb3LZGhSdsAP7EQqzgXKDzNL/R2eYgA/lPG1lT+dwZJXFtA8wm9hvbkJhqLuOk7o22DyBmoVVkXb3By2L+4OL+/vXr969eb1/evXrwxnMav44f2Hjw8Pl/MR/Hf2z7H6Cy1XQ5Ovl7Or4dd8us4X9IpcDIB+PBtUXe1BHgxrlhY8J4hmXskIOSbEB5MfMbSh4Jt2n3PyRiVhHq3dWRh2gGz95TIB0jeMe2qGR//m2w9vXhzsSNzwrGaMuKaE/+S9g0yU2N0hcKULMbHgyh1XF/TH00TkPK3VQCf0LPCg5xphcvJAzHkGPTVRGCpUxSOJlLxjMDIIjxmbvzlrOzU7kWEFMXmYLTDtE5ZxiiSpxevyAglGCO7dKsnlgJs0YJunis0tmdP8FfFFlJCiJRcNG03SRikwUv5iJhwW+KLHFWmRAYlQpKW06i9YbiGv0ry/Df7SlsTj+16eA9Rep95toYulnD4Fi1NcxfPUv3//+cdHdOSYUbxVzp9Ait2D9EXW+wW1IMXDTI7R5ViyvKqC+MXHdSzfjNeuLmm1QH3J+z205d6U3ufWPoXIW9+8qx8oil5u0kGXeOfUaxt+o440OLUmCVYUr8sxCochHNcQWOdqNEWj6OlnnEFK/sHykUmIxGp0FmGH8GmpnxXFcu7QhO6R5RwpCJ4CQ24U9kh0S4rukdTMDK3NZLzaDe3VfkovLnSmHx6PrB2S10TngKkkV293ktGI8RhUGCJcocJtdQnUVLtTERexOtF4BT8rGM99Jh6c+MhOSEahjNy0zjmLPsIeNg4XQB6835ZthrKoFQVnDmu2UuRffbAYrB7KeD/u7/ZAxNOAfyWnPKlsJgk4ByoUpCKjKKXDLd1uOWaiImpznmR4sNQPT9in4L21tjq8WaHq+gG7yQiYOjlcS//JHeZUFd/5OQ51Cj5Q+uTLrUGLs7ba9H1zK3aWYJLcZOnirjnVvGwtLY5L0qY4VIpfU27LkcmeRMVlduPTVuexpf4m+b8GoH88Xy1p2nGgposQC/+Tu03MjjW39e86bBPv9Cz6XPmusMR9u+TuaJOPIaRVDaenYxP7KXZrWq6sSuAm98pKC8IQf4Fw7ExAeaAGIAffZcEHnp00dpRHqtJWYrUp+V2VeEdv2o5gW9memHEaV9W8xNRC+SLVOEHqlswdXEqzipX4DUkr0uBzrrta9nM/2rSykibxp1MD8RyIRBSlkb2XajmPsR4poh8ZuVmUArfSkaZ1BytLn9m7nVL/qVAMKEvCfDf2qlNmObnTBwMl+dPgwHSKBAwkKHukkyHakGaX7km6EM+M+QoRJewfzlnKSrbtNWOWNmJizz3zUL6YctMA7q8zYt/k7ci8WrWhcq7XHOPsBwosy3MXqhyAF83kjapVePNgD1LwAlXZQQBWoAxiwDXCFJ1nzIleXXhMxN3aIvThNigKIorGJU3n67jddHVZXrUiCGpyiGKEuXyzJ+JUC/E34Xvy6eLlAxlfBAEqGTTMEYkLbjWJEqlotQTmZr8HCry9efX67c39y2G3cZlg5kuWjxrOA0SJcyEpJA2qmPgZPhwBrJzJPQx3M4VcKntQ67Dd3t6/3F9vlGebR27AKKDtcNju1AK/22wO+/3m5nbYbBMmFzGXBoYBYs4Vyo8EyhhxRIszYUdiWwQLCglNC7c09jCWuYYYVCteOajSr9Vky0GOv7i/UiJaXWs7c5h1DvpqDfVIBCMzytFUY0Cq+vLly7KKx2g6kKa5Fo/QN2xIplhT6Ksy2uCEEGBKBHxd22WgyGwLeNybjZyErnbzTDI7KMu593S5QPpAlIHd13zgts7Xoo3Kt8keH1BJYEwMs4o60cClArC9Qb+I4hec5QoOWQuhUtkKciOpdTtu5uaIOayckE/LiAdNzGtMpBqDS+iruisQP5rFraaOL51XPqylXcszTPW10bTK9WiqHPnZmSTRjeA/iSwWQXqb0UVFmN9qWGX2dLNNHloFArxlM+xEnWWBbfqMIgYcke4MLKZlz5EFJMUZdPZ210tpySV6uuIGjHONrcY/dX6ynJQ8nWLRJudRKRzEdqRGYoUANeAxg4x5kXBBoPP4N4BUSgBRUV/tk/gqzAdGxbrCH4uKckRWmsNzUXbBwxdDUMCKYRru8Lkxi8PcjgeKbDFwxqsdkZEaBzAdvBpqC2JQyowVJrEaEMbldJmpxAOMGbTf4yVfBf+V7fagHgnezCgjuEtpX/P59HA5PU5oAKew+84w6N243brL55dZbAzhAVJI9eQdBMRRNGLPAyfF43RgxMvlnAzSwYBKSf8AT6ypd4sLVlbQ01RDiomc/twlzJOjG8k16GIPk62hUg2HcRFQp3q4ShyOQhYRlpLsCC1G0sy9TZLglGL0ihYK9KqM8xyTbvQxHqlkr5+J7yp8Z3ah4Qw1aFe2qCm0aHinQ/Leo3D2ye8bGsAEtng0q7cEyBE1CWDJSRaOGJA4QZWDY1sWl4j5rBkn7/fJdJPkQIENmQcv5aRVdp8cYiUaOmavuokj3XzjkQ0zNFd68QBslsYzGmhxV+Aha66xaElYGvYjsQY1K+Ue+CCGTUqeL4XZ113W7DilcnyFf2wN5syApHKFPonMW65R+KJoucVCkCzWZNoIAwLy3bC8V5ms1usJg6RIAys9Mx01c6KJR514IOjYB29ccwRs1lgTIuYJpUUpIcNbG445X8hRtXDD6r97zA9M7XI+PR0fj0eIJ9ul3N3e3d5wQC4X3mqRl0uul6yhUtgDQzrkcTekDXn9pCW11FGh0ikdkcKKtbcK25sjaNJQF5JCD8K1tTP/8s3bp6cHeVLMP9xtL3M+nmcLLdgz0bylGMjBFuDKZGtG+FleyxZ5HP1pUfescVvq2aqnmS0agK1hXFl8m2mzC4XILxOW2zbLoDgBEHJmEH81/BkdfpBDyXP2uF/l8d57TlUyfBwuiOHLCIM23tzsXr28/eztqy8//+Ltm1f2gqfHB0OfHz4+eZxM7Rb7l93M+Xh6fHiwYG3k8bSfHafLb7/5AJlp9BlAmmSztSBqtGc5cCIiVP/nab+FLjyIzOrMmyoL8ahQ7Ec4geMkF4qNOhuinS5vX728eXFnRvCbBwArAJHtmZ8v72EqzbLuXsBN15EMm7NdkzkgjtBAX0fL1+vFe1U4Myzmj6SJw7BlSP1Ua6/mhuCfidmcgn3iADSvDaqBIPSzHDKo1MpNEhmZTHKNRkolC5mPILSBwmoDIcsej+e0xknWgKkA4LRG5Pw1q1PvtqmlFvaxdsyoeqXKZ0KwGuYAdHPcfAW7MLZHF0U71baBUacNco40brQ6fJoX8DcuqsoZ8TjVsMPLz5sr3obXyv3odRbZd8Ak/8Xl+z1fX33u8s7rv366kt/7ldMnKFDO3wNYr3Hn9af7rawLCP7yGNnqma5y+RBh4T4pnyBQPQ1z7D4tqyHH2Va4RcczcoTOHdvSd9fvzV2YXICov6fj4dnloZvfDH1boCtB/A/0LK8fUOv1bOUUhQNcvKoMk+WOvgYkGUXAhoHb2GneeBhOk2fTRxEnEWFJLlLC3HzjJFHSlMY07drmweS0Yuk4DM6NnlYVgoy2GznBQUyvkjZpgA5HncwOvbndtOHeDPvpgov78HS6WA5ilUgIZGZJNSNvw3gqS5CQ1WvGL/pP9TkEMye8uOjcicHTVL9HwKxK+VKiadLrmzx0V6NbKR1w8DROa0E+A1Qy7b0Gn3tR0MGLJqj5XE9XTOhtH+f0i1Z3efuzl/c7jEvEqlH8ritWIx+LxvXGRtU8MSEbOJ9DzWZkzPgSMtyKZ9pC5x4Wfm59LHES3YI5a3OCGgNU1aC9zV1OWxU5n27VYbLWOpcxBfRVfZKynn3rAkie6HyKRMfp6CZ6OWT6Q4lo1rvq83JIc8eQexll1gYujjuH2ZIpKP086r4WPFKBqiPTJcTCkgvFtO83d39Xv36cQwjzCu9Vy4b2Pn/o/4ToUu3IcXsOBRP7LGFWV7ZdGG+Oxhh+75Pf7UBo6p+5WOKOKPdYtoe3UWpJrn3QXUZbsiilagrl0+ICSsQB/f2WP2fh1H5c/B/FL0XDuPje3hTGoKf6RJ/lhnWxlQagCvbKUkDzKm8OPVtRZiXXS6swazWauiuDhiPmi94hx+25SNN0FdlKYg+6OIQ6gE3VYtPy0iolKfq4Qdg4pmkxErn6NPqUNNh/ZJQAABAASURBVDEtiYYrj6MkS1hbY7u7IR/UCqQQgiX305VJXuFFKrVWkXKpZkGwtXHsGzmUs3PD+MagBdmKUW8RqgURuylXZhBHkh2FGUNLhIkyULyqfaKG2Sw135qg29h6ownj1SgQ5NoDBlHOhf+gQxyQEozr7FWN7DGicmyBYnnYaHMCYSe6IsbykClHrCFIIIQy4q7NKfaEMrks9tw3lTNh7IY3xTup7Qeny7nRTYLpg72ySIuyt4mtsmSwcYPjr2PRE5cqGa61ZLHD/eFrAxtmt9vtbm4MJX6TDUSEE6PYQUI6cbWEbroQt9ig03LAuMZSmEhz/mQNPnILciu841Q5B89u0ACfPYbzYP2pmmq57lZ0rmFr6OQo9d3ire7jRkKFzbE3BgoUT0zeaCRviruZyKwx5Oic/DhXR6U5HAxTuQYFsGBTSpNsHEMnoIqJyScCjtCYfa2czF2RVBIlKUS25xA0ZMMUJMsR80KPi02VA2d8sRNVQaCQAx+w1tOdGgxEvaH2+UA4sDZHpRGhQrDcKT7QtBjJrk3F2wqTB9b6F47ZuEmi7jYWsnlGKqRXmsaN0lhAqEDt3zjmIr4ODk3qzEI6dRCew/MJabJ5yHwsw3C+kL6gloHBpxHa794UEEFtI1lKnrztCz+H1A2a2gcZ+pHXalfGKYkQrSb+RjRzmsV0LGFmQZwfS2B/hZnodD63ywX7saaJHO3xsCf5lPUrezfbya7mSQs1DhHQDSWqgDrdNdBeIqSteaZDqgeROTDdEOqyFFDzEjNBkbNiWpI9XCdpj+MJLfMnDT5xrM1Zn8TCQCTPzrZPeZMHF6fNHMA4z70+kdwfqjylSobG2W3EIMZ8k/nac1EmDxt3kwjVNwYwWb5PQrw0gigiSwi+h2lzCz5FCcAct5WdQpG8BiNCRktBUaPNA89kyD0SAOuVc/hwMWmUCEyS5Gz2dpWJ4AVN12YkgXra7jAdkdIKlDctkrFXwWADzYGLpsBxk+wGihCT3su5yFzgEc+qYqbi1RAnQI/2+AuzCAqqoxEdQrkt78CVBrEGOJUyDQoqY8xdIWCIaXUzAeGdz48bNLVXrSm+TDlctrcSqZoVwQX5I/JvKg2WVkqNkyo+kWsN8qFD4IP73yB3R6hVDSu5dbA/97YltQqMOvTassHilBAE9wntavEhsSnYA7BHwt0S/Qyyl7xgMHKnEkQefHY9b7j6vfNVRK+QmJKIjelltBuRl3rIpvdTFutpuxy/zAqMI6eTy3/xvlyqZbpcjkwXx4kWkbe40JZLUPV5uCSWyhXIbJDilUp8SWEnhH3sJAwepMo9RdPVoLHTagFRoq+MFEPtQggFBTjA4rLFNfUZNj5zkjiRma+ZoUtjXYdtbDp3lP0IKgSjvuoiUlLS39pua7P7Os6lGHs38TbvMd5te20XXg95+iy455y7RsoshJy1jhqxePK7CiBAfC6Gj9xZHLNgIDSZ/hhWZE99GCZ7++Pp6ePH99+++/rbb76xvfv61es3b94YDM0RHeYrp9P5cjoeM3JxiBkYHnlNmzvUDAYS1YbWp5mFQsqzLDU7ezTCdlcYU8QNEF80Dk6/Ytt33u7396/fXKw+dT5aMLLb2HGww355OlvFakZIZlb4Wq1AxSYHRGd2zi/qeWAgLXvGKJ2PvkkaMjcNJoYZ2oya0CXZA1xekS7QRIYwmQWFA+IybKdZiiHP59MkIh5LphByYXEQGCligYQODnDJbWHBmbYLZqhlvjxtcn7z6u4Pfu+nP/vZzw6HG0PMHz58ePqIeX8QAIH4xYayVNPx4ePxyfBnC8Mu5tnMn9rNf3h8/Kvffv3hoz2Ittuy4jbku4P9dzCkmJxm7ZcYkMpBMpxKqBJh2m4hAma3fzZweSLdnCHK+XL+8PRot3G6XN5/+EA+oJkU89ftcq0Pj+f9mF8eyibfTxTfO8/T0+W8z3azM1RaoJtajueLWc7b2wNKE3NhHwtHT3tx3q1NY5CDkHijSS/uAysxF7P+2OuDMhNQWm722/129DhwcqtYvC4tV96khS5978ZeAtYDU4cZAzGMhNOjqU+AXeavTsDMkf52BLo+Q0tzzJJ1gLk6eDkvhrew44jZRPUkMEmyRlTpKjZEm45t+8JhI7Ckvcrr96eAYIWfrg5Wcyz0GWLqdx15eycTZi8JrfPn1f2k7wePPgVu2nPIOOoKy7V1+HJB/KTPQNfyvW/yN34pla79bZ24XJkLXNTnhFJjVtObY7zhQbri5fN76FhtXl/28sq+N/jT6EwMxyFfLIIIwU/BruGfWwnoI3cGWM4rmp1q9s17i4nNpgBGuLlj8XLAMI6l4imidbVorEvWWAmKCqUm+eFQW0Iaktd7Y+VTB9I+tFlZe1aYl1dXmbPjp8L8UOmtIiYKJRAjhE5yjqktyq+Iw+SUe2YS99ysZtl2QKM3dtztWd3vNz9/9eI6tQ3T09++ByGH5pTCkqPhzjjXrMaULDlk+8zzxYpiFfU/DowF4ZjZ6exG3xUgcrDFfL/UaDzK4vRIeSOQLU/Oda5tQa+08UgP53Ea5k1FxEZNaDNr+bADm+FyOdfzk0EdH6fjP6/v//Krl/d3N/e4S3VETdXH8WC2kTmOxl7nUqROwkXBLFhP3FKczNifbGNa71jWsqK/zV+onhuWI5U5xlcKiHnutkCYRk6BZSkHzXEscpTWFIXKUTusLZS45X7iW2vLeL9Q1iJu3IJ4z4/dkCw4zQuYVhwDqnHYZm+h9hTdDV+Y7KYKHv/XZWhZdeOHMIpcHVXVHkoOMmPKSy/B78jXjxSA9tQkDq92uFqDvGqopKt1Ve/Wi12pG9d+YNzLLRBx9q68TpHuzqRbSA8Y8mKoq3+3fOJkn6PPy1uEzIU3e+VnVdOqIUc5L6rkPUQJp/VsSeJnud+SMoGQhuAUAF+GvHRwtbQUqBgwhTvz22qxeAR03KazMuafA07u0NE9ebnsIJeUYgOPIwtGFyptI3dm2XFt5GhNQLNfmWapLUGZ+3U+kCLtUylvwHRRq1nmLKuFPhIJL7ul4CT60216Xt47KVvWYqB64iRAmRi49AlpkVjfgcrh2jUJEY0q4CxPQgCT266hUeZ1nqsPXJJMkGp3RG4G6Wn6ahfNHdScerRUB8OfKdrs3f3J3aU8gcEVU+Po7SAggXIrVWdv/rOsC1MCiGQnb7r2AMlVOHN/+jl0HBGgqj0W35kcXsdunOh4tVWIUBepsAzkqNoPJFblbc9OHvHHykhMXh4/H3T/Ses6UrafIx6qNwxbnrDd7W+2u5vDzc39/e7F3RX8qFmLcoXWJ+a3T8ghiFlNhoA3iUaI7EQyK/I0tO5W9YD3eXdp8DlceQJtjeO9IKi5SXTFGDS83XDCUlEPVWiM9X4BL4LozDRvxhaqWNLYhnnix7p6g0O7yfMcnWnx5T0LRZY7EV7XiZhrl7YxqKJOvptdz9XJ1ES6VIcgsi4Wsuu6SE3UAi9DlDASqbiyRAnEQ1dUtTKKiaX9KVpMDebsuN2U1DMI3T2VFKnNwY9sRJMHZiYDRz02JfrS3ygamznXFlTbEiX/HlpkzRmkRXKiUsgyTADLm8tZWBLsk/oqPxGPh7Ldu9abR0tnajQm1uN+vyebIOZlUVlV7ft4T8AF1LLc73eH3eU8NSpvStygig/uA8pygOPqVqvs58WEPZCp+fSgjgvEm+LhAiWlMpED7ZcSv0vgAU1Mzm5g9ClMSV5pPR9MTdlsrU8h6ytZNcJSwsXw7qOl4XlrHr5usMNYxdmyVa4qGfHDx3febKnhrsYZ52XpqWBjSK/GP0pgle/d1CUy7M0LFU4RwEkpm++xAdtXLgdvuxkNnsH0GMBDkJvY2YPxJ+gelyuUilWIKmdtFU3zQDEJxxiwbwriAVsDPeXLLgLSRMpQizlJySTgi7friieFMEzMs+M0ONwOYJAZLTCYg2XwiJ/c2raGhW2sVDmJgDNg2OConQbAdyS7WULVoqSqwxuUUQy2ugJNa9SFoE4FagesDBIYHIatIcxb1Angw1jokixMkZmRwJCtpP2/e3s3+CqF5M4OlhAeEdgsNSlH2SjpT/Z+o2hM8dDCZ28q+M0sZOZIAZqkKMTgHDq62lPlQGDlpmbW9FGuFTSN9yi+xtIASZJuDKp764FNGEPg8WY5OF0nkpNUSs81XT2KAKuA7SrPKtcHJQr7X2kLHOxpsUPhzeOJwUnxpUXNh7MShRCRzGrmNiIPe3dMCzie7Os4QzA35mRIuJvCJBt4EFHRg+GdVOez0IQPsIk3LQPrfAleJ/17dFo4Q6ZOOhHiIkm1piXptlCRnCaI1mCSHk51W05NA2qCK9TRtnSHE8CDUnXpDyzksCUbXEIEVamKlKQgglS70eDZxwgkyX0JAc9FrVqt55cqUTMW5aQKxRoiAHdAbeihqFruGFLADp4Nf5zOF7zJuLHHIGkO+9HT6aQAzgKA7W7H1agIDqD5A/NApUyzw+kMB9U2VOhSUIhzYGVUsMXAYOthdGsLoa8H482droJnH90mfoJ6x29uX7x49Ro1G3vV8TzSLz9eLh9OZ5Rv7DTMF1sry7sfLufHy/F4PrbZ0xZfq3CBXimXf4DQp0fGV5VdR7gSdGaQVWJb9cwrKnk7Qj67+AHkWxnSW50cn1JkwKImoNhJbTc1+ihYRW1wM97s9rf77edv7v/hv/THb9++tQ//9t23Dw8P1/MZoIxt9N0WSkoIw07n86N9v+rp5/x4nOz+TufT4/Hy+ATs20Kn/Tbf7swJ5S2bdCgBQwkO1lcYamvvwA6bk9JeBRCS8HGG/Z5s9chWHqdikZ5B4eczFLSfTsft9rAzm7gF0mFl36enh/f5YgD0VcRdpCG2ZS7b7Y5khWl+eLw97NnJNe1BstlMhm9rCgjrfCRnN6dM1qgSUEtfk6xntB6lC4Lx6bAbLieQtm1L3m83rw47SIGLft7UzE4UItALJhzsSysqFwmPXtg/ekyr+FAjNJ5JMbj5R/HJ00ffSD2lSzl1plJ8I7kR9H+1yDiV4VZPl2cO+ZREelE4621sUri/zplMF4W67OuU5SzKR1vHhdO6Wp0CXkvpU5h4/aLcV6GbqU9e/dd8teeQdFvhOHlVdGyBv+f83ffuGFq/jriYxSS6I9JC5vBL3az6ywOacpggS2Fp0HPySCfH8X9+td97Uyl1bKr2JVq9QtlroJPiayYvD2vd0/pzHD7RxTEdaMnp+fHJuUaErlhAULY42h31ja+U4o4FyzgvKokskxQUMVcIOltd4N9eYW3OfU7BohV2nnMvRbDwoeAqeYIb2KH+o73JRijFWwxhoNqMf6DO5E0/ct8tQB26SYaZ2ZEQFrcx28qS37ptBCc/f2Ge/sV+BzNsZ/jbJ6s4ntO57VI5bMs1j5dLguTRTD9Dz5w4/9tCuhncsHmE2hus+lwkkpdXG6pF7N0kgMVu7EESf4q6ujFvKxC++RS5OyH1AAAQAElEQVQR+k4ofCWMeLAoJVFyC5QF7VRwr63waW7B7PQv37//vc+2L28OWxC9mbCzGV2d3xqe4qUIi4gRi+XY2D1vzEH9Zxs817I6exB9WiWyS7XJNUc9qmDmTghWQ3ZLKzM5R+yR/Vf6bvbs23OQbhVVdKk5xgW3TiCN9Wqtp5l5acvwdY+3au5/OwjYz75YHa23XSwHhbGZOtrDhHmo0O1Z38wpqkC+WTOxjtqNTXEJlN+hrx+nBEecxJbC+S4YbyQcz1xblA2z11a7t9NW7m/Xwhr476XwH/IY34Mr6wceAfgl+PdS/+3c8eG4ntSWnCp2bF7ijuS/HS57KfV5aB8xy0KH1VX4vucCkNfYQrSUlVm/qxRRS0rdpvk/paxWJhIJR8595bK74eb9D+RYt089elxO/8Tkxw/fLDGwK6k0zfEg3oEezjNJr2zpYM1x/v3t1EA5h43KUhhsq2pvfPVU1pFlYfo9i1dDhP/Tll8h/1eDbKmb3/rACDSWhsuHqCx4D2xpnIhQiB4eTLQ5oNsUsY/Cl/WO8tsJgeks4WlHHtxyieyc/C6akxV93elhalpCEsYQDquH4Yv4sye/8VJa/YRuWSQArnPnNVp9hIhB2VKUKa1mtSVXzE7M6T1X9g6XFIi7hgy06PzL0YBSNIcQMNaQzQsqAWNAC4FTvdiSh00Zb25vbl+92BgsaPD3Va8ptUfUSUjRVd1dklhoEXLPHkFXTQcSWAPRD5DPSOJIBfhPIVhFhh79omQbwAIs/o7Ezxf7kTUCaYjUXstZHGPUvyimUlTQBnxKQE36xYJNl3xg2azVv+nANVczB3KdUlC4Yj5Me9aXlJOPNOpd+TIsVbOG4mtQsBUnQ8YsXKQ2myyIjhRCkk1aGTGqNKhZX1KgHnRqgWUXhhZXqCkWsh6au+LHMyIpVYebz44rLEXx8h3Pmf28ONrlFzqQUt+EZ6Fhu60saHOFEvKTiKHI7OneVRDwGB3GjP0wg+o6aVd3V2SZBJuAIQyTC5LUwPpw0RpOVjXBhP3IQ1Car2RIYToY2FwaRYkbnskhl1mTIi3NBTllQjChew6YdZIxcSNF3MoCyyu78tDfBu1VS6plM4cmseMmEJYopGwyEVfKpW52W7X8d4YOY/iyeIwYEaCdEzP39DJQ7EVTKoKP5ilhBBnuOOekk6N1F7BVxHfQdqBJa+zvKVdQxe2nBh3sWOFJ7NFkQiK5H8JrtUBToFLhVWTSJtyUQ1hjjymtzJQhFqroNxh6EUROVUdAbYBCxhDrIRbPWJ9PzzMi+hxZAtLrCJKYAbcb2RTQgsnkdaxZdAYQ0pPEf0r0AGmBCdoR0LUrg3rNBLtWSrfKTZWeUgeVvIg6SbR5YAEyZQ14oNrMZtO59qmHMKF7HslwWIJCenDpqVqhVrhC3iwkXtWmFJ2OMiQlpoU2VzQVOFk82pL7SG0xW8TuGYlIz8HegFMZWY0oMegiJe/hSXmJQCLsUF7emEJgp6pUAwJ6czX2okKU8sMqnoyPtEz0MxGa4KS14l3AWdW3xAntOjfzrF2EXUut9abKJQwC2ViBa7ODRBYH5Flw2DHm3s7lpefgdntW20iYFwwYllcnQQ0FL8lzoeQk6+y2vHmritpSVVNS5cKNkay+1GbdyCqgwmlEWDLLjcmvSGKN5RkXTsnEjasb4hzpU3oWn0UM4FDB8gNGUtzHFaWcmQpGGP4mgqTK1rgmLMgVJyLLYuMDN64pRz41Cr+UcmZsBkYvUEAg5iW5PJzgCBdYRHWBE55ghg2vmdQEZEArVhPnC/vVqlY3N7dkKxr6bBAofirFE3vJLm1FLyO0DGbXGbQlImkZaL2VlYYGvhqH4bEjwl2oB/QtPffosdljz+eI40Q+Tlamvn3xElzl68QnDv3xRiEs2hAc6EymnS3HE3SZJ5w/pcpx+NoCYCUP6IBYYf/MDCLLMKuAwcfSxuKUZ5xlA2oFmvppA7ZyAgJd+wEjIbHTVbNYgfbsXGIN5dv84rB79eL29f3dF29fv33z2l56fHx6QtnlBHyGcm12k08PR1v163w2ILphEgdu6vHpiCG/+LIbxDPcG5x9GAx93ttb17zh5h6pbp8lqo5jZrWprInodsS340h98KsenwHQu+34dDKYvY6Q2h8hdgG/6PGA/Xk7osSb077VJwsOn46nbz88ffP+8bDfsRHmej6dbqwsjRamyYoZ9uLmmZRPBAU2ZuELG9iJlTl5mVW0QYE6wwLsIHt2x0uz+8f04xE/vWBKZHux2dzvNztwcVCF5zC/4n3yvoP0VJs/Aw/1ut1dn80WmZxC5bQCl5dDKuudU09f1y/KS2baVqlwXnOHPbb3JjpehP9V9lTHQA2YclVzVUkkxz2lVR2xRaDZjUjf1QpMe2fw81vtWfDyvX6/gRQ/X52enudPvuN//iQVje/0dJYP9PmvrK8nfWetv++76ZOkvr9P+w6EpG9QmJcLAAHL1IP5v/nL3zV/z3vn1X96dseV9rjW95a3W6dVztnix3rvXjPwFWqrG++KLsvT8lAjr67RcY8OHThKyGUnzTk5iao6Mkm/FlVhfDk+KVGmuSZX9mMq6ymPbqA5hUzPkmjv+uprJ/Uw60JlULNcVaDNbGQrXiNPkU+R+MIJ2KwuluTaXfSGdqTn26FubmEmLYEz7zH/5usH1kitPGgxy7gFC8085c3mcLsbHo+P7x4eqLTkovNmAftxdbJES0swpWAdvHBB59UfVsgQr7axv3wJ+ZobLB0xZ6RMUNQnzWvYwhhtlIKYRzTrj9lH/CFFT7IShuRMS9XRB9/l0tMjbOzZiDaTdkmO0ohaMdLC4m+dWpS1B1o8abzf3KvwbX1OWn4G26S1NWlCu5YdGKfaM/0UiEjqSe2noJSSmVbiFX5YVIhbIYiOIPe/K8FcWvL7Scjqulfo7I9CEXJxFY5+zMWYSXl9AyvL3R9t+l36+nEOIVzMXoANyWGhkLBK6fu9hhyGY5zf+ZFHou35m6+8ZpjZ9OwY6C8dHA3Ur/tJ5RQdO8ppQQXDI+qjBF+3iBK1eXWE81Ipi/fKImL0Dq22vEkJ0+DMlwiua792D4e+cz57qSetsJwW8YovchYByUfxsDPDY6iocbW4c1lyBS2VQGT+zpr7Gi4fmJ07mcJkeAdu6tcvg5AimxNQW1IfvLu6tyWyD/snoV7VT7WqzmqU4rR+jzalROwUayASkwpoWUiCxbVjVfsukAZ5uG4Ki9tfPA5pbvhiRRjQFNwJ442QSwLBwuzoNSqliZPudq6hMp4dHqjURkVbXHIqk7iZfZGXlSSLSgabMo91BVyqh7p59biHPEvMCmfGKWL4Krmvm1jhifNvHX1ePwitId/RN7s+ryiBA5ujTOwWxehy85q7ogMEzV/qze0P+8OLm2SV58s1zSzz8gp8rTzjh9YJR/cGwBhnnQ+nCG4U/kzOVdbELIJCYxlcdcalYbKqsvJRul7fadQqoDuZo2CunejPvbiVSaEsAVlOAwsKG/CACm0Gim+kdWHMsWQqSFDsguRtlLLVPiBMJSoB+I3Bo5fqNiuL4uknJDR05F9rJ07ToAylBT/Cqzsl+tpFpCeJx/HYhHI2AEw/39JfLsQhAUFMRHr9DHpPmzhRhMhl4bhFhd6Wbn+1YoMwAG1cT5BTWlqfWvEYgPPLCCwrzmSXAgiojEBrRFFu5Tn0LJGll6QPxsvyOR7R794h8uatUhQih/LjgNqWP0VDNuZQxHZQD8jA9ULhWm4+UOoG9DCDtr/dna+XRkK0/TlGeAK1sQQ9TRx0yf3qKDTS79GNKXOVqybV1Gd6ZIXUEjshHFGIg6yZftJl4+qpN1ylL/+lUULd9k/a1tWXLLQTJAFpX+eoeFBNHSF6pd4KzKrqCsRe9QyuqDlQxHmAGaFMuVOv4p4GfZOf4F6AktADzvWQt1osEjnnCK/jfsmjJe4JsjSxD/RIj9sofKbke8kbp6WRUyiEwoeNqgkgplRKnPusrgpbDMNBJN0pZ1UFC8i8XotgNrMJmwEWO6H1ni3jqnR5YM0WBC0j1FxEsuaIgIgkHcFMULlmCahoMTLHABIibSW1qIpTFwTtk+T7jWJQq9UanRkc9LYi9uo5uKx8ivJ6k5h+9uRJx1uX0lmbIVfP3Mc9oRyRtysVPb6SA/Ot6oRwW+5aQ6rxuMaRzE7IFTX32kus4/FA6pWREOoTW7HE9eEcEBrksEGH1QbKCis8IKXY2Xm0fV629t1TY+1Zg1CNbxZwdUXZRjYFSz0NMyBNZW1mn+00nTk3ETuIfdIsd0AXfANj0rT5XbejESrjyDcwT+F+eytRSu2Z4/WqXNNjaY7uJmKymvYnZLf4ZMC2BjZajVvStAelxyzuKqV2mzgL7QXIN7iOIeOMmaXcuJjkjoJdq1rRCJcZOXqNiTd4vRqkeDpp+8H+40mxOjIUjTbVcIVKM0IAGhc5QuYL8gUT3gAItS2U/dak79gi20GwJH639SI95yRqO2O2rxL/zG00m5Xj21wu9u5mkzAceLe9f/nKkMcGTi7NFI0p5Px3O1vACx80N2e74BmBU2UFhDPm4M1b+/+2jhsw11CIWhP/YuEjEl3+x4J79UiwRa80f2LvcjjczveTrRVQyvm6HfNuTIfNQOkVNtZQ0+Z0MfuP6QzjkHqIvErAl5RFVVp2FbFbfWoDZu+iu6tq6grBZzxl23rzNEwev6Bwznt4Oh21HzwVZ8BSpffchD5P7MkY1FVsEcmr+9sv3ty/fvHi/s7w/fl0fGIBoG7hxWC0IeP0eHz/7oM9eASkVpObkkHUHx4fPjw9ch5BYvDY7Fdu94Zob262+ADYcLXdo53uCsNeXcsr06dQgQmmA8UfWpSBgvu7jW2T0TaRoXdbSJbuHo8X9oWhgYblj2kcd3s090z1hMf97cfTP//VNz/57I0gncv5Mt1MCidtsx7P5wP7kjJ69S7OwGNhWJW+lHxKQV46nFLzxrP5eLo+XKCoKgb/DCU3vPnL3Xh/2GwpUwZ6CsWAnBsYMp+EsTra0PfPglHkXg8K86FoL/XkMZKa7BXZ9j157JJS9QP/3Z/7uyiRwScxNuOnymtU+ibXQyyz+EvZZYkoVq6swcuSz1PJ1hmzTlLNkdM9++oJz6ffiat06lOO9/wEQP+hr/adbzxDpZff/OSq9dK0LF3+DvQvyL/9dZ8en6FfjwvOCmAVa7dWn13Dyt4v+Nezy0/fvSt/eC7mllK0sOi5lFirFm+W4856hJ06TOzhrxvCvq0IrUWq2a/FwQk3XaFS6aJPvWJQHcfg/sVsWEwcdV8mpUxdc/WLx3uHWKI6qlpkI54vR8NXlhlzCcDsklLL/nLWV0zigY6ZA380CAqWijIe8Li8/a1ktRryOLBC1lynn40LZrrqZN7ls5ttRnPhMM2XX+X24fFkWYAZvrKDpKLB0F+8fPOTN/fffnjXfvnLdx8e2cAyNMlnFwAAEABJREFUoXJjbnko8ipKflsOylV0w3Osk/ZGk+xqiZYIKogusIyf8bz0HchMKfXFcWbSlRTFcUYMhSktPADkXIYtR974uATFp27qIj2nc8u+1Xz/qClfYWHf1nmh+7YerkQYRnMi/Ce6nrJSbO1W3/SxBLF9+o368DMRA5KTF/v+DACtG4ScY0ulDt3HGz47Xyrvl5Ux6P+LfRSWYEG0/aR2y5CjCuUnL458W1jV/SQ3x7qXo8Rix+ooRzfe79DXj5MBHdlP/N33oqdf+Qe8Q6+XpEVMw7d7+DUFBH1Xpda9X08mnnn8yK5ic6fuJmR6/bthMzwxcnGC9tynuHXlJ9XWnUNezK4yvzjtq9A1biIHr7/Xxnvko6noXlVreYm5UyxKVHvwQZAODVjLOZjkWdSoYWaHwxpxzEFpEPSd1DyePYP1G+YlzFSbLwF7hdUIvm2TBFFZlYUiE2Aji0Mb+uCYiqCpeRI+oaphWbvh/hH6QxfXDtSppaABiXLF8HeevXwqzeNBerXk1bJPh4k84UuPlgpN3uyMGI5v8H2k1gzyf2U+CW8M2WfgLrhviGhOnDTDZtPBvbl6gZpQU8DrkKZtnp9lTZxjY3pji++owUfibaWWnL/tVlFOXIgF9RoHjCaQBqshMhHmZMkdcjNUDhOIk8JBLQCe2uAwnDhEZXJxsaKtAq6x6iOoeyuxJXzY1OqFx1tdyrhmKQiguW+gOgPmzmisEVqJ4bnLuN8N+91FvTkDhrfwJnRbhUQ0gXWc7wgKHWRna88ts3iCvr95O/Y7WzxlPFlkrtQ/kdMpwjYAdVjoICBtoJYstBSrBEAEsnovWeWu8IDB8CptKsX2S7hvWGRzTIqPxcU58GEl9rawGNAlL5fj8WTJN6So2WI8jlIMqHNXtIot3sJhSyRER8BS3gHihpvB9aMbGWmksmIkmoeplPx2ixcWBAi11cwx8o/ibGoyr0QKE9nuUOSwEGo0ZAG8pwqhRjQ0S84T3K1MLrpMkwuepZ5ayVLw1EsMguQj1+TQK3RiUKFvUkADI1LH2R8QYjKMXLqmtSmN2If6mOA1QBNzoqIvFNs3h8NhtyP9XFM3qTWGPZS3sgm+Q4Zri0qXh8VFiGqmyAz22OGwATJysoTUVzYZOgKphN1w3RgyAxI0h+ypGQUsbQv1wI8Dz2uS2nV55q+0b2ElBOn2WI4XudvuAaBaGWi0nWFPOAMLgAwxZMubbJE6FDTJFtva0IAmoY/EN9drZA/FxMcsTczBdDxVFGAccc6usqLJPDgE2WW13cYm7eBZITKjfhwGSdnQYEKRxr2AFwxnZvg43aIMa0ITB6Nlh/0gW53QXM2sQJioDJjaZEPuQG0EoEqW4tiYcL0WJgvAQhN6BDyaKjuQvLgW6Oxn9cK7Q8A9zRo4CQQEuCcGSFYNdq2GhiS2vLTAXs06MrsFaOqxNpFjUkakyz6NFKAeVaVzUaoWED0EDkjWoWRU4TIIaLbPhtbqIGujQaayEeGqerYQUa9Dzh4vNBfazV6YEuRYo0CoycS0X819IGpGzNwEH3v3QVZVeUqsR5UumtOBS8HTPXNnf4G0s2FcZVN1ctcohEdOPk6QrSLkxXqNCr5Mp7my1E21EDpmXXtdjXdIXgNSnBP10XEIuWq2w15pAjgHVkxn3i73jC14Hma28J8vPMt1ZgkA+kvQ7hngDfGdzR4hQaX8rs47NYXly8DZN5Cr6yml0HPmI7Pyj4o93n6PIXKYvNco4jxVH7Sotpgo4WqPo5BSvWdZ0yAzQS4JbkiNRnizxpvBZycXh011OsMSohimCagKZLDCk3yorIwGiWlsBumptqrmfY7Hp6bhDVRaQ0+QWbjdLnGwA9bfmwdocLAGVaJlKJ9ep9PTOZfzmfAiFt/Cl8uZM3uzWUq0B1OzCxpfzWcAU0x9BEl9g0ATdTHzwxg1bGfJbhp9Ewb47jb76oNhOUuZQul2tNFsYKcYfFdMGLanO1vBaWJODptqmObm9gAKtdnMxBkJK9PrPBLxKLITOCIxdw27iKIlum32fEIMtdvd3ty9uh5P5bFsSzaAfL47vHs8Txw/mrabh2+Px6PdDDj+qgf3gPaTSDXzkXKap7MLPKhN+hvG5QIerFCWveJEXomXJHUEoVrT0vHpaTVORqCTlNk8ZKyhmNdwZvNhs/vyzevPX73A0NHr9PDh4+3dzX67u9kDFD6djsfHx6cnSFtfphPxeMzl/uW7h6en4+lksPoMMYztiC04TrbX7zbDAfL/baNlY12ejxHk+Qw6bdse9hizQfkUCIQp/mqu62V7ziDdu/3+oZ2vVd0Vu8tlRtkVBQzMNr1cTnbEb2xD3N7a4j4d68en65//4jd2f6/ub6xiYe98PB/3QLhTvdiynG4P+91ub5vhfL6y5msljYJnA4UyH7KKAKxdUeWH9d5o9ktFPcNuv1TmBefT8WTo9nW62Y5vb7b3twZrD7XnKUmdSMyQmicyybMPQXZlDet51qkYyRme1Hl1iBq/oUeWkv/hmYxspEvKpOLzYl97NtutipP+4jddz1ly96g/WbGjkNSS4KtypbHCbIg8RezLndMCsXVl4L6HA5eOu3NmVYeJ+ssyTWKvQLXUy6u9Nhq/ktZh0g8gNfG73w8DrHJsX5m2gpvS8/dcwcfrj2uBlkVqkeK/9LX9xZ+C15FdpfQMZc5L7XR5iJ+85nvvU7+g5HQtrehfJae6oGT5E0Q7XpR60qctGL3e/UUOm+VVc7ieuKoLKdDKfl16uDmYcUVavC2oodowXZ+65OyttEiHGLhyZ0oYJLPNtTibQtzlrM2WHR/mxzkrwlcxWGnVBWSyz9Di+xL71n1mTq5GmJd8rIQO38DE3T5xol6geTL2tUHHw7Io84Of3e4Ou5dWSrN3sGrY6XKcTtcRikOYMXW9PN29+OLl65/Zi/70P/5PPzw+IRGCRme7skZblOT1cE1FQTJ06H9nxdgs5Q/rzVddWSeH5JoHX2B1ZKmDCoH29nBm9HNhK6n5J0YZV8pyD+YsJwZtZt8wZsiBXI5KZM7GGGWSuLYyXZKW8ihMPPqeeTWFw3FdPiScpW+e1fYPGKqq0BC9aFBkclZ8c4FmB5DC5y2IU4514EgtLIQsoT+5nDr6nDrvITnux04XRcnaxAuR1dsKM/QDm7ewc743Y0Wh3rUu/jqtiRWOuKQFdE5xLlLK67MhC7gCuETidBkYjBiefXjn78zXj5MBLS5+WxVnOJFp7XDW5rst1b0cPNMu5tL3SVvsafyk5fSJF2sBWvpf+Umlu3LteIXxrWdkq0pIUxt/C/i2FxRXrjCoTKmlXk/sTqqjEeKI5oBI8mJ//W90Ku7uF6fRD6Sy7YBA45ZXt98PSglXHPJ3AOZc6LAjXyo5cj2Co8Vrqbp6vkRZVYuF9JYvt0zZ7653jM6hKr88DpFovZCZBd0IoiXXgH42uFh5FdXlbqJ6ZKBVrEQgXIZOLbI5L3FRUVe0wv6BVzXRxjutbCF7a7gHG8Adm0BOOvj8U1zLHIbM0h4iFwTswLDwsW/0zIIOffm0VqDUIBxvg+Y7teV+QrWRzUoE4DfDBs7cgufsdFLdcO0jasUt114kDCQMp9E8z9KpZIws6du1C9ETJtoaIAE4IMjDKUNV4iY8vBVErkCFd1QAVPkkLD4BuiK8plJCVyAC8y7oZ4nQOA73b17fvnw1bvfmyDfbfdE1zJoAtuMH2FVcUIienOMO4Iiwl8b4VA2dBwwjsdZBrl3a1slH6FKtDPoYajni3qf8rCOQfKg1RvNFfYWFhpZj7m4i8qLBaJDcUCqbGIKj/3gWazIPXceBTl2AERCBa71m9Zm7m2Q9HwgqZV4E8YXYuiou/PAhO9F0DlpdlFzdz6WVd9RSj5AOGPNKe9Tr1W6FCmBS71nwBjVtB2VoUQ2j/gwbN4fNOMfXhAjKYykGRXw6ySVBQe2OldzUDWey8Sq8Ucvr/60TPN1UtjDd/BE6umuvaUjOWYGnt/tTxA2sWCCuZxAbMXnS3nIniFBJlBbTDRqNnGhnMgQ8obPMvhr7ML4yWt1ZDGC0xENMmRdDr1A0acNMG0OCN2v+KXlTYq3CZyZtGB11tPCB0IeHir1MLXWSmzcsZmUxg+1gWqKPZ3yYDMQBAt6qRF0S0ZxzO6FuwIoFceBNCTNYKLWOpStihwRLheO/7XQp3NyMkGbOlI5ArSpRGtvp2MIq9VV4gicaZtTGru1C7kih9tx2RL9zjRIqG0S4mW0pgDINI5vuwY4ZWoTVJTgWyXcasVgpV2RhvylAId0RSju0SdLQUbDogbBU5CREJ1VxDMwcqcg4WkJdxTEWGEQPOjXNJ84ynyKnAyhjmauxQUTkeh1OKnR0MRA+aZasBAI4siaFFg6iUzJYvGCKMwvF6uCoOgCvFSailAQ7Fxdzx215hTd7GhyL23zFlkJ8Uw6vOKFQnKI5cluDdNMCT07EjiVHxUPblmBbBoGRMgsYbfUDiWj5R4qF6T5H+z07jLqEK0uurFBpjtDJP8hz4UF/lRNiqZvq/lXkJvKbmqtOe5QUD4SGZRafOPekSLiqpbkYx3k+2b/NStmesaLObrsTZnc8HTH+LtU9CklAWudph2G0hbioIYtl6+1Y2QqlU/PIBKXZxnYEPHGVb3NHF+wVY8UQSdRHNcdYfCC270sckwev5XWYl4L948tSW+cXAQtjpUU9HSojqYSKIzJPrHCaAapURTjbp0Hht96kvap8sIy+nVqP+9xGhaml9L/BkaTKgh1u22Y7C56lkg1nYw55lrNKAkJQWFOcbQ7cSn20mbB2ID8/PVwvJ5Thy3g5Dt5IpGdEsaPNlhk5LI/lvpsEz0BGfxlOKHMCwLTL3+/Gw2GPj6QofFKhboYmkVWOrld7uidAitfzBrAoyGkcE42dZjDhzMmi0P9hSUmKLW11HHT7UUjQeqyj47QAeNVxQkP3b1+8PH78MG52t4fDZy9fkId3eTTsHAZlfLrM52u0ILX+tg59yEB5gKd2LmTduySDUQIhEIal2ImdGSIwT7MCZgQWlUomj1DP1rcYvKXmIhx8VtpGHa3b7bdv39y/eXVnS32+nNnv9JoobXt6fHp8eDhdnjCykA1Pp/NkVQR72fFy/nDBsrfqwtyZlU4oybfZdoZVA3YMomfy0K8EcS4V5YeDLZdFdLl2JA1BmsOPmYxodEIAitpD/wree+bUxw3qrpAXYQSInWlXU/J+vz8ctjNUuKcPp8tffv3N8Xp6/eLWnoWthKHY49a20IPdxPnpeLMZ9odtZQMc37dtd4DKU0/4aoo6HdaZad6A2uqw1dBHe5IPBmwfT+Ya3+y3X70CbRylTS/1Ej3JpaVVpS57apJFjhZkksTPSOk5ZOqWI0dHr/93lXu2FWYZ3ZP61epKx21BPIO/2OJlCzSDdqrECE2OFfOqGe7NRWIizYlH5gCnT4QNo1sjc4nSQu85wY4AABAASURBVMd8DobmoGj1rLT/NFKyT746evRf5Wt9Dcvi5sj2P31lW73WI+K8Kg6llp6zxtaJ86DsbcnCV+/VPCfRE1+JHQWC+N2rffbrvn7Lwq43ypJOs4zUP77NNa94ys+hsLykl6s3yD0zDJCjxyTrS4q3W11k8vgkHmtOZGj5JmTWlDClCSz7StFCJYrJW4JmUeqfLa+QhioNGH1DRUFdvc+5ldrIXOtaxUb6Vs63ZkOhkk16FnRpCfFroilodHRieWeWIlZYVTsIVeNEWR4etzTUFjtf7srwB2/vztNFNeDHx4Hhuv1l/nh5+LNf/OXPPv/i5599ccibP/2LP//thw9WuKrnhkFJGwSeEZzylA8Ia9gTiYuP2Jo3orazXlUJHEv3ru2TAi9QgjcoSuSaQlYMwBhebjiHWSrOmUGa+ev3D//0r671cv3912+szAiw+qqKfgvsA9QRvtybpAUCD96n5eL1Pmm15YjKlcJ7ZN4b4plJjClUoZnd6oghncouQK7952Gn6Cxh+qrEypOY7HKFmeW51gKzFZRbZTJzWh+Zvul9bo5gDkIY3Eiw8q4m6jm1gtcUYWlbVC6XxxNnoyf/jiy5kgkPRO4o3PMvHq0SjSy+suBvfY8R+Dv89eMEoNNzLyrf0OonHissa0R1QmyDEynPrATOt303yMvu8n950pu71+7/428sRt5Rbv01/tvfsS0f7VFDXT4pEuu4o082ojfaLBlD7P28ONSmd8n5eRDQ/Arc4LnhqJ+ulLxjKPOo7pUcEGR4T4JA9nA5yX207EPn2jMhKX9GtS2Hb/1sHEAo628LURWtKzLtSOIC740W+7gl2ouxLflBrHeR4Yj4aIVEp6Tcu8VR91Z05jKWRmqVU4xi6g45e+eUGGViavdQJVIDtorzsfieYLCZO1MguShCKrOrP/ru8q0U74Zuy+SdWfSIZCSnSTu5PduUDk/4k9F1oS0ZopAtLYQp733yx6sUdxYLL2dH1krQ6+NNhXFIwFexRALrMjfQXyEKMgjrSxxaSH533oxj7eBqWsbMxf71iJh3X/seFUMqgTuJbvOhNhLYhsPN4dUXXxzu7y0pKVVYbWqahWKv2WwLeMF1nLfDiPTGvGsmW03ctym89UIYZHog3Irzk1zXUhgFN5ykSIaUXcMaY2qguIurnd2Blc1iEDLFtgbOPaTjQsncSR8++oubWIdI56UM0U5fhJWryG5g+TyEaRogVtByNMKngFH8VHp+xMq5GNr0Yi0cdW1SnBZ5UCuQXYquScicciI+eKv5zg+4zj7gShlWdfOpsyF3sLp5nUu4k0oNPB6MKNlWjXJ/22Rp10KTlK5+ro4XsHSfJY6FxNVDWC81lyUNIKZTi7eIuuVrFMe0Rz7TktkuNpSQb69aOlP1UMvFuSSDz7LoJ1CdLoUkQHDmBkg7VCnjOt0TqFB1IMiPsfMNZodS+J2N4NEMdGoQ8B0ny4V+utAZT2cB30BILuE9YmVTdxJqMSmM0S+XsyHL9iE7UKqHRMk69q35R8TeKdvdVnX7sLtmD5H1N83OJk6Eq32u3sDK05B9CrnYl6CcFek+AGwjNK8nmrJqHJ4W5wUr1IBz16DjbrPtNUMFdeAVa5QJh75x/h4mshIn2+w2WVkEWNwAhgJ/LqnDMIniC5wkWEL6Q0FuldZudqkIHTBOJAd0USPQxaqM3eMQCKbEAwAtkttoFuOV3NSjADa5AOl5U7OFHzVmaRz55JCmC4EohKPGS2SpQkuBqqkOHrboQMPk+TWhfExATZHI+1iuwEDUM1T6xO0oOGalHEuYIGtbvOWZ2CMVmUUGajE6SH6MIIOrUC6lBOUYZKSYXWw1ooDYztyxkZCmtsYNskad+oPLyYXQZGKUBAMTCaKzpwZ+M4r9U1eCUlLDslErYeR4vfKoLXtKy7Mz1asYaawdl6aeFHYxQV2hDBGGLPbEntzlen14fPj48cPlcrIHvN9h6qh5HTvXp9PxerlA6yVTZhcQGGDEhAGRzafWcquN8uz64ofU4sLJrUV4FRFXIc89oV2/EH9W80fywcXc6Dmeo3y+3DdrPIPMvxO61FQ8S9++ss6EilThlD/ZPjuF7NhFOAOnOF00RBTlGYYow0zZaCCYwb9pDnN4iZSeWSjtjDLbxDeEv5BSM716k6a5cH0KrDV82PmqFYL65M7QXiTnIHpjUhx0givw8aIEtSXHsodx9CABZ+oquaYRnTY7NANYkWAPQRA0YC2zenDH1+ks5sM8zAwJRol92+4w5N1Qb/tMDBbmZEsQdTcodtp9HQyDxM3xSvKC50Xy39ISaiVJxfQIlzGq5lv4GbCLPRyKVcqfzk+2fJvtxkrJmKT6cDQfdZ7wF5BPKCuf5Q5SBPM9qKczTeEePWrzKI+2pXqyQDPBFLz6Y2c5MaFHCxukQvykBppAcVHFvcmDSi/IKcK52e1e3b847LaZdVyMQy3ZIOb5ckFV5niCispcj+fL+w+GRz9ZGcBw9Yv9B0LUOCmDS3cpwLNnytyeGtw8zplQD1zSrmzAQx/hPbkxkg8pEwEZQ1uHIgEmmhPMcUUPySyzYe+8HdHed+VhYLsYtEHQKLYZbzFmeHq61I9PZ9FYrBpy2Gzub6zwYOUQiCjpgDGdKC48lTRyXBRx5guhhByZW7PVPNoTRQfFfD5PH49n+wj75t1u++XL268+u7+7vx13O+UAWelTU8oQmeXSeZtS5watqq3rBNZ3g7+mb8vIhdwYrjK3nm5GiLi8lTx+H3a+WHsGca0EZsLtxb3ZQdeixiPuIEDweclilZMkORmIiZWQk/YUaGEvy1vkyLRbWvDvvPTitn6t/a/tvzAKvUKd2upj4xJyLNCn+XUcdZ2yTkh/BqMvr1x/y5fLj239zhsvGLQuqfr2CHShLVebv+9u87NP/HRB3EhF4LHK/Nsq+U6fLGtb2HvZ94vuIL6bAuRYfePZJeUfvs4W8Uz0amtfUQO6pLQCORwRzkVHw/PNttxWSi56pkC8RtdIWEiRopFZJC/Ed+OcViCME66fhzoMUISeNkIxtSfisXW6ZqQumCebmd00lvbZzXh++0Ldhr8p+cMHmEgkoKX99v3HTdlu3o5fffn5cTrbyfvNt+/RzEoemfTmaBHLM3A/624UIynnqoJhHHeucX1+vJKK0sW5UHqoi8CLP4Cm0lJjB4nIMuXpfPmLX3+4Winxmv/4qzcH+NiBM6jjPHodOEuvEV2kLGkMJZXlFMVOEmpTme96N0MEdwL0PaLXU/MoXn9irX5xflyQEtFlGLrqz0+gSJdPbX2H5uy2xY+k79r2HTOoR1vUbZiWM6gt4IkltiSCOX4IB/6mbsXTs9PR4vWeIOr98srQPzsquaOVEUIvJm/J4H6Hvn6sEhw9tO+bTTmP52T5WYWzLZpNDtbG98PlPH9vP9trm60Y0P1hXrZfW4xl8ovJ/RLb8ik9U/Nws1doBBXlhY2UFhcelxPOZbG/+dkNPHMZz36JxasOta66TDwZTZ9i3S0m/KQeo0QqCf1ONY80b770j9WQPVn/7J2/8VvVJ82k1pdOBkIGM85c1JeUWzZ1RbaI9+Oy3dt3E+y7oFSXNa5Ra6IhKhHERTCVV3IfaltSbJCioxxEHWfB5u7kBEyIqqb9xhx08LZCv+W5LTsFH4GmwjZEJOf+w2kPMXNaeFZfBUEIMqPk6xZvH26tsyZ58z40R3ZPPTdqTSFY5LhI4wQgiwuLD9xzbKMs2wMfRN1AWNjJJT5T7r1YanyKNFv35/VMd9+LTac3QDaLXuPR0tvSakf2ZejlPXW1EeU5qUO3FlOM0JJpAFjeDsPNzc3bz794/fkXu7s7rDsL6NQ4QfoGeWhMf6BcATJYSy6JQVPCL6VAlrwY7iCdSJ3u3bwe0HckwRQObvCHkZ2Eqy7h7IvMa+2MFPK78qSBa4L7MbQ+zIT0U5YNVMMJC0QcPOIoafUAYnkFk+rfgxacr83qnpOcguW2Azul5jBa4i8mtZ5RGL2RI1CcjMuZnx6XqGuA5OuIgMUh9LSEmtggkrNfXWxHV6SJ/JgYGe/a9oDzEElTVIAirid0HZCmKP32kXxNF9ZRZ506PjoLhlqoLdckAZ8U1LFg6+B3QNDj4xyWslDyw8734tQ6Fo1AhcCopAsgmEFK6wAENfOdSa+PU0uh0Erjud1sJSCTokWDstCDS0BkN51cJBepqKrfsDktCy50LWLaZUHxLEdcr1f9cJ6KNhFQlQvSe8GfyaNSH2LYvN2EGJYdN453or6tM5TRCL0ZRVNVeSOg3dI3ORnzOAKz+F34LnJ7qlhsiguUo9HA7WkRZ784lp7D1nH+n54EJDeo3kG1E62Wq9j7dEbKSJDWkgxYkqWa9bYOsvATskeXDj4KXvRqXe/nrLMCRPU0Ztc/leaR76xJap4BUvMeCVMOmo5HgodbeZ/80uoqIlTS4Ro8SYAyoZYoKzQZB3vyKTp/Esiws2JplnqGSHepOrLZcC6hI06cAlO81appY9hva2QrBrzZR1E0nv0+3Q6X1hsP3YsG0KlLkpXgpnbNk5xj5qc7XNwrAHbyq1Pu3gcCws2HgLrz17LowwK2TgHDuXvrha71R7Rw97J4XmxTy2JogpEMPClzEJSJbJLz32t0ZkqZXJYyQoiIeJzOPUNggest3weXPXTvzMhAAUDxvIP7R0rB1fBSd8g59bxkRDsRG2nQJJG90XWSOVc5SBBqYi1kVpKUIxIKKLjJxUCnV/0GRVynJidGAX2tTJOhzgFYsIYHczrVoXeHwGBcz1c0+8zKUYGzq7LSSvVkLw1kumvQbMoxwx2qGJAvgBVhsmiOQ75bD1efQrsy9xUm9teGKo4GtxSNtNQ1zdXbBbhFE50JKPHR3tMQ2P1+L132hhmc9CRwVGXiOLecJT4DVaLdfrejH7HrS+GM7KP3+wOmb4677f5wMPz6fLpa0szprFBKmezTTufzkbaBDQq7usGUQbf8hOov9qorkPeBALT9a9xvdqebM6junBOo7DligLzawyl3tCzsgpaL8S+bgmgMWNiF9bx7/doQBwPB94f9+Xoi63s6nc7HpzO0svVoEEioWkMGWY18BtsMy6S++gjbW0DjqaNK0XsuF93UvYYgBEe6TAU4iAHvtRtVpSDVkSEvz0maGfs8397u71/cgXXMpOFa549PD0+PwOxZwMDnHE/Xdx8ef/31O7uXCDozBeUzT0phTOG4E6ZWom5BCwnQf2CDitUzrBSQhVajWedyzSurL3EYCq+xABPKfnLTdowmhqw7SGg3wVkMQ1CiNr8+7ja7MddduaB+0x6PZ/vs85Re3d3e7LAV724OVjeSAPSMkbCcixs1Z0DSirVYXBizC2epNc0u9YPVFhA+TE/H8/uPp8fTxV7+6u7ws8/uv/ri9e397QDNqBJEuMhxanPRgOYhT1rQohwnPvfwT3uP1XyXTmHY6mlvz3vptInAAAAQAElEQVSfAxU9I4xkNK+z49wBGtYb3IO3CMNDzYgDf3PgcK1Fkqh0YWhLHptVAcyuMaIN7Lhfzl337hn2mlPoOPglB6m7Lcly/LQnHGsY+2/9tUCnz940pYUQ1Vb5S/+tgAP8UD37kb7rgUFbt1/7HzpQuX4wqww0tkRL32WX/Q13k1agQkqfAhYd9Vowrfj20tvSr9LvJH6k22hOPc7P3txhggVcWO+ojiTEkqxABGaIzW9Z36jRhCudhdS3hYfxzc8/mrT4ir5TwrE0h1+bx4ceVmUnNiWmN1kpmMc0bQhEQXuTP/LmrWUlXdWoSlmaR0WFFg6tkY2LdDFH6opZuKV8ebub3tyhigZn0z4+XVDpnZD9/vrb9/bGf7jbfvHZWyo9VsOgzQO3KU1N7K08+HmlhXCXQDxjgUpZF/IOM02v6KhIaa6tudpxPHo1ZmE1qoN5jyOwgMx+RDgqs/Bff3x8Ol0vU3q5HT9/e3PYIkYn40QhQxItgJueuTnfMigsDsPkjq25s6pxQb0a7slsdCGudkmLDdvC/4W9i/g6KRrzp96PmaMWMYxLaEb+xCa2T05Zi86LuH5GO1iQkrynKEhOMk6pW78sUfIUBnA50dgzdXBZas9iUtD4PrFrgUrn9b3n3NvRl/f/3fn6cQLQKSxMWMdAEz0ZS22Bxla/E9aym1Tlb+unrpOTlto3Q8H44Qqwzsvb+be7Lc5x0GK4kF+wG24Pcr2fMkWEyJ2I/6GLPFxJjtOVPIujbUheM1eTwLotJZFWk1LAOmklD8mOSBEnWwsb5qFpi7ZZt4g5uqy9naXWWNjuA5cKPqeTpSDy5KWhV0grc2FmsKUbby2v36ZCYaI2xBnYCJOCsyz1+lhCITkxGzppyu2kLmeKaLrV9r87lLFCt4j5ksuTY91jHBNdo1PX8JhmzVZyosvQeyQphpg9yVHbRy55yYgX175iJCUZQFBCpqkQEtJe8CHynvgqYSYLroh6KO/sqAoTzeQ5B5+at1s3rhzakwUozu62+fAcGHCyrIbsJae++FbhpiI2kAUs1kLurUASLr7A8etk4JYeFvqHk6bkGei2AdQyCgTk2WKORCZx0SbMvJKhBHCiteKfLRM0oAUyjlwpyxl32/HmsP/s88//4I/+pZu3b6yczMb+LAnmFsOySPRF+m45y2a0wrTlb0hrKgap+45s3JxU4phD5tkypMS+OXGENHWQOMCIzLmMmxxqbsD1XFsrOcxEPifEfJMP8zmfqLOJ1tHBkqD5KrXgQg1BjbXTpAwUqwfS3rRR8aBxhGf0nILoWQeU0a/odJ2uIh2TZzsWjaADJj0KWxGqrllLAHH0hqCxDr2niZsMD66MYWQStVSLQxUT1XtdNaOFwuAsVhAJfw3YAXnbE9WNt1jrHMPoqpTakMpxfleNPTVbaAOZjWnmFkClgCAmyE0SrzCkYNr44KzmSZZonJI68QvALwXVFA+kJAlnCyzKEP2oIGQBS5FU7hiD8rQmyfUrhnGnrnGIS0SEx3tlPQ2i6exsaFzqLB7lBIZywxS5TK40B/nN806LaUnpqAmDRaP8NB4Jx/mq4BVVqOS0XtwhtEayutf5mGaCSvZALvM1T5791C7pR4kPQCYRn9q3bGsgCQbY3axa08QE1+wnr6YVSoQKVSTjIftAzFD49X0MZe3sWSTojLoNXGzp+LiDXIzRGeY1R2SpSG4rDw6646HCr+3D/ZsQrB+LD6YrEmAe3H8MXlXjfkuty/jOjoxoW9pLDU8ZygU8jOQi3GwkuPLAZSLHLUP5tI2yxPzeVLVnoYNkqwSMpAhX9/FQtFoaG4Bng2Hm0EatRL44BS+Hfo7KETxeBQ0BIje7k7SFmCEZXXWDWPw61xXzPXlih8926XztdXpcPJFQJaL13ZBoDvQRUDQqGHVoA2cRuF8OEjGTegwYaD7rylOZJJWUnhZzkSeNDMgSslUSSkDK7TWjFY19V78/AOzkzwW9DMp/slybr0Dyguvop8nZXdEu0ZNTnTKeC3Y/Du4eVRdM7rOZJWKHqfjUoGlxZd//xIO+HeV6ogKX0wZeCCmfDyjuuVkGK9OQy403l7hIhO0r+ILD/mC3tN9vDKhTzscTubU9d7nsz5ezeYv9zd5QT9Zytpzog1PDCz4XKzZCHhp7TgFSYqGKasSA2exSIIwjP66tkcPtVT4NZx1kjtSYRcb0lyz170weu5iq/OW5naEt8QSOdm1S4S8jB034PMM4O4oLqnDRzW6XJ/c5DK8wbg1KM3aRM8FcWUNVUCsLkDk2KgcZqtAm1anZiwcTxD1y0ZEfFTrDYlwvTw+PVPzYTJfrbrdjHR3lINuqwJkxt22GzoNtabqdswGeie4MpvxiL346n23zG6B8e3tnD+twc7Pf3Ixb++1dxXCEy+n49PRwfPj40f5znc4JwsogazfpC5Nmnti7cwUWeZ6v52I/JUxg/zPoWYLgs8K4FY2rh/gBiynJCOw5bGoSrbeQ0NzEmIUnPNy/fDljxOJTam/ffn59fJoMr7y06+URqsJQz2k9aWgrlEG7o6hu6kuvppUsBAGiVoPaUPRbhU3IPHGojMCNsqAKE3e+Wlnl6nUOTNmqHaGapaulfJdm4rDfvbx/cf/yhSH9x+Ppm3fv3j087G8Od7vtwTy+BSWpPDw8/Oabb3777buPD2e7dHSSs5FlTJUNJQ2o9QRPAclkXPjojeuEGc0bjHSsdoopdw4tuwtGAp5KprbNZrOzKi+U34lc20YgAM0bR6Rq1zZBYOpsTxUMdsOxCZdL1tPu8WK7cb7sN8Nht52G4fHx0T706Wzlmg8zeR7jpvzRT784jCw7J3sil7qB1Lj5/YvtZvTOwaVKWGbDKIKpC0SUMEDydH54fDpCwmN6erpoFuLLF/sv37742Rcvf/L553eHmw3G4WRN9yB8PhWNqOl5Y5XyDWeacQ6Ls0c8hcsBAioLa0vto7WeSq6S2gV0actQr+ICqT1JdtvDDYa7J5ScWZWs6ia4khgguy9CT3cLJdq4mq6c6grZIdriiJ1jz4EbypDlFbybc1+C9N3b6D/KAa47Oqmi1/Pf08vaD4C4/fv90+MPtYszNu8jePYrHVz+fqmT5y9rgeTmNfy2cL36Lz//IytWcXOrg//DN+XfyQE6JGVSq3ePlergg17fVHDor1pocB5uL+IA/Q8rsEzvlVLgIAtO+OkX+QFV6ZLjsynAaiwQprgox/ddUjVGmuvcVOtpTEqrQ/zCE+N6s4vgOYWIzn9wmC/2uABKpu+4wkHhvSe4bmd1Z7M3tnhsFvRv9DUkST0xV2PRiVueAZcP08CbTsQoR/uL+ajdUL56savp5YSQZpPL4/uHpyeMJs8fj5fj+bdPl9Mf//7Pf//LLw/jaH7rmw9mPzjgfCTJyaOzmtz944rIsAp8M8YW9/4Yx6h9wpbklFk5C3BExnD2Dtmqs2tXvGEf9pVxfEEYaGXg8Zurpcrf3uf030hvv3p7d7vb0M4w5UK4M+cATRnDcJtpXo8POKp5Qc/4LApoUL7eDhp7oKhQlCVG9TrnRTfOLR8BiiRV0ga+Fw3goCm+MDg+2YWvLslHZzoIo40/rA6OyhMdQOvdCYFku56V1Rkl97E+dAoNxA/z8yFguccCDsEJrYoj7THE+pjhT4Ve+9mh9sZSKUbCXHNaT/meA/Z3+utHCUCTFZ/c5jSXSSjqBW41bG3txl0Zzgp/Xjxj+75iaV6cTWhNpOhKSp48+PHrgWsvDvNVjbmrOlAd5GT6FX3uiqyiP86hhrgkR591cIa4oBiy456Db8s93MjxUW6g3d+truuNKJko/diprAeDJbdSfNpQwG0aZuJ4sRt0igL7iPZa3dXmKHH2fuCZ0q6e2GeykJxzq4TIu3IzEaKsdn2k5Y6/erGsPzhS/HLEDuwe7ThbSd6KyxiFGlwctuNjUjU+bhxKj/KL8xBDm3gpUUyV7ascn4XLaeoN9+KYqsNm4zk9lshtpXAju8dhTzdM+a6aaeZVEUM8Bk4yLBIeYAdrIUZsVdC5LL3wy+JNlxrxlp4YQQfiC9kTHcARDKC8aAqKnSOLnNsFSiMY5Nh+zoKjnbOCK48FprKIAkPguchZQS9gHNRby4i+cnpPyRLVbdTjzApB5YDsd6zYC3bTKOJfQRcesVkZUupBYkMOVBRlU3C6tgvU4gh1F3JXyTa21HJbOGOO2wvCc5b8fP72s5/+/h+8/b3fZ+UWzwpxxwZUMkNpq+X5QE9nrs/Yp6gkTe6lejQuzBKok6GEw8VA4SvQKMMUDFewpJxeLY65l2uQ80EXUi6W9sXQq2ncXjdXymPMwl434AIPjqyUyX7/bO/ODDKVylIKkOmk2gqiMPxDT1PRvI31lPKGhjG2pX1Ro2sGjq3AjAjvTQZGCawASbVQVDw6JJMz4EhBqATO0MEa9SPKX1BIsfXSCLrsN8XvDrKZgIknRcNsnM1QSSDlTwck+yy7JAZDIrduyiGRLFoBUsetQWX2WwPyTLBop4skegnkTZfiPCfBcaBE81VSP4hxGhLk1dNgvYC01kT5WmLcE/sU/KCRxwoTsRG/fZq8lxpN1rt92O7c3ACnYVOc1J389FEUEwuLfuIJ3b5E8DP5hoxC7AjY225wvsg3TI6zY3mnEnE+EZpRk7yvOIPApbKzIg3G34hDjHBwO2KYlwFqm8N2R8CrVhHkOcIPlG3UdRIuhhP89BzU4WbwDVhYthQMQ2XvUaagenEVnNqWkphrW1BMAhiS2CT6EQ0kSxNDyBOzoofbn1Q8LI7dFZ4OYi6E3ghycRykOIDkTXobY3MBNXGWo43c67Kh/D+BndY0sI1gt7PyOSChUnaWmjSzB9yk1GEqHx+hdPvpW/CrttIQCuDEsQQJjhnaLOQAGvCg+Nd+l2oGFeIOKB4VuaJCCYBSr4Ya1vk8oV1+sDIUxE9sS1fgdBfioIZ9oek7593W0JItkfqBbrRy2I4o5+AUSo9FUhK6XZLGtOu8RMGnOWPqIcaJyXig9UOROvcsnTXtBE6k11LYsZLm3oWIOw3BfTYKyMvJq/I91Ag50gonaAUlSF1rgUkfFkzhMKf0LbBkCCr0d4mKejqhYL04/kbEmo988t0ucLmpkhKpFDGvySu4Gyy4lqWEMirgMwH6RaXF1qMn3jXjFvB3khpYbZETpsrbc20bba9VWc+2nnpH3FBXr6JTosHQrsN+X+dXQv0SGdy2zCq52KM2o0johb+LfQ/pG+SkF/vpyRZt2Gz3h5vd/hB3iOTJ8FbGQoNKgEVAj8j6pWAfw9heU2a5xJw1RwzMbO+I3M4PHcQr8r4OsyjgyaFDwLt2+s3mFw6pNHB2t7+BQrmcQUzgAcykkZ5MCmldCicDK+IU2RmWjpzoM9imc2WtDwnw5XTRfRWM7DMzpXJsKxJWgMCv1Yzt64wHvR3L7jBo5iPkmdtwKtMZNeV2QglqA2ARYkwXMgAAEABJREFUE81A5x7SZjfu5x1wvDNG7E5sLjqez7tx2GO+4MZW/+PDI2p7m+Hu9sXLF3cvX7xo03U83I67DQXZM9SUL+8/vHv3zbtv7Uzak3hxMLB0xNzE08SSpJX04C/ZWQwjcblMA83plsI7mF93BQ5txgK31cmCnVuhajz3oMAalugVOIrIz6p/hGpKTO3vd/ev7d+2hjf3+bMvDKZov/xwOk0grTPgHgD0zb5VeQSKC2AK3/bIHdB2al4/Vh2Z1bBCm0x2GgAFRHQzc2HbQ0SLzftcDAR5sgK2quZw5JO05NknXS9M7oVvmyUwjP/N3d2L3U1rl48PH9+9/3A8X29v7k+n68PDE0rhNT0dTx+fjga6NpofzsVkf0kaaKoNU8lbiDcpY0+kWeQO3mfM58Qmu07pygYZdpLVLQYU2FNFccne0+zDebq2KxTVaUg4DBCA/ni729p2nR+no1VeIVE97FENnM7sWsSaYMgDArTtJu13w7TZQKf6erWH/v7j49MFp3o/tFf3L+B7KVB2sasZmsYVPF6fJobokKSYs+3fDYNHcza2snbjj+fpZJWP6fpwnO3/do53qX11t/17b2//4IuXn3/xFr0j1wllM4rSMjuBV+Pjqzm2E7kPGygHspEyC8xdklKllp4ZrTLTHBmrJ1OLqpLTOAY3l9KvxseNKvZ5Py/3aI2B0AGI8lxrFDgG8jZFS65hKApTjWE3Fvc1rPYE3TpOd1a4OriafMCdflw+hZjzp5hv//4z4LWD0KmD8p/+Sko/iEHnFef6Oz/JKdLL3l26SgOXT49c3xFnZd3+E7EyU2qhsuRPpKtArL5al7oInm5dJKAdSqvtUw3onD+95U+WS/Cefy+qyckLz64Wv1Ke9eirL2YHnPtb9o3WXyKYIfUEP5ihaFIhHSQv4LlTOP2OeOKZ7jbswDYitJnYouTXWSM8oJ4FAenUopW3CM8oHBrTQkuPQHYOiRyBl7I03LotLiNygohWcAo2Ai71iiEGgioMi4nGqAUp0weratbjZniNTI6leO/4HDRcVL1zdlU3Y/rZ/cEOdZYEtKX4VhK9ntDosxm/fnjKv/jF73/29rOX9//tP/zD//Av/tm3j8eJk4+unInOOKduyiaVuLdWQmkjHFJysKh437XTyAvzNdXTkhoWGQMwOE/i50rihqkakncqSZp/POE5jeaKxqdr+w9+dfzYvv2Tqf7xl1ZQ211UT0AotikBhiHKz8OMrAChBokEI4ugsOuZFVhvzhX4r/3o0SSCWx/NIdluCZkx22EJeJYZROrBPlQ8usH3YtgVYVFZEmcp5uvSYvsYLVpBH74i5Wrfs6yyBU1QCJy7WxQ7pyZ/m5WzpJhkxRBVu7a2VqK8UtbYERvimvikctpxJEX0Sb0gI1/sNYEeFouj4CalPqOI/058/TgB6JzD331iR5sbem3VFIDxpy9M7l1WFUKlO2kBbXtFMS2K4slf6UchosX+jikFOqxEbTHsMrxt8TFKSReHIK9AOiHhKhl0TiTtVSj/ze5GlsvRCYyQVrZY9Se/Pi+Ozc1NG4+KI9KL08xuZnNeIGAteFnVsXoZyW+Gk+V82k8sZr9Ffw+9Q8dnW7CeUtTIvDu9+/u4N8fmmb7rw9UO7P0oAdwr9VIdTcvVwnB0ALpj0OycrQ7c8CJj5VyWXohkjc3TG9HkaNVCq9tinl9kSWhyotTH+oN4cF7e8+RPPdHu1OlTBR000ea8yhjaJ/ygFHiiNjhCeT02jYpirdIfNKybJIxb8ZGRvaLBpyD0OYK7PoVGV01owT2fMFlh6rLHZJEMJEWXIJfH7UzsQ9Gbsbzpys+Jc4QhvsDpblOKpvdqKT5g8i0YwvgswvcadWeY7+bN559/9Xu/9/arn5TdViNQ1AurQXMjYUtoS9ZJWr2sG+PjgCBDBtcZnpZB5xvNKLxeTkD6IHA7YjTRQCXB5VSJgV6iHdShD5Q9NoScndWnpDGOhjSU8ZwKkaRSRA3SSKAcRR8FWJa0FxdwGKRLwUZoMGATAHJVlf0qwI9T6WVmuULVHU66GCbUkDOpr5wqr7qBWj3hN0eBahtA5L7A/YrVopVyLziBrXqlLPVo8NcoGqxgj9gNWCdEZchpDW+/4Lc1P56VG1ZCSAsn3gx8FzWCaWD1AsKgdnfYlEzG2K4rKqqLYXoZPBEomKhoXKnWWxQ1LQGuQjTuMZ4TsnE1qIqYgt0IoEj9dpZMiN47EHmEUqPoOdLNrt51MTvtOHKUQvVhdwKVwzbHmfRz2VKEC9Rd9RaHztppPnnDMS+/P2WbbWhhbOwDtjtgVdvrFnO0aCvmKp3iHIVUdStLhzEJNMBALYNBYXQBpuFkYi5Knqqrfo8oTiRv7GNTc9g03tc4+Pyj7GAXSQ2aO4eYMF9pydEWgrmSGTO+fDVGTuTTc5YukHrXa54GzuLDWs6VAJhTWrBzpok90bZ+EG0n+IiNbecx0jlkArMzXKx0NyY1+9fJAW2uLFdQ9Gsgsjx9MhhST8KEMiY9mW0x89WbuHn1SUMjB9fWm6o+VEsilF7D3KwcMFfndO/3B1kEBNHQB368nE9gd44bQGWb/Wa3tz8No1qJtMdcC6Si4DTlpaykAqr7tBTkjiquu6qLLLSo3CgL1lKIfQ9i/uNVVMymlkgS/nxNYY6rzoWeO01Nd21jHb0wrHPUdLzznFu4zEq8ulWX4DH8c4h0LnVDVpa+qapZacS+6HccB/dIXjda3bO1VX7akypF4IzCk29vvFBNuFTgTmhG8ShA+WhxWBArWlvpzj2xJ0VvqQYO1pQjSy4k1UOoIpWdT5/LAR/oJGiy4ZbaFyw3+gg31hmB/lLy4Qk7ebtH6WLc6kyg+HC5qirsuReEFkUb8IRfD3qaNakPV0heTHUdkpnb2ypyPmaeoQLLB8QtdQgqCo9WOq3gaZIZfGsVLBSedeNzZHnZ0Y3ki8gBiANytlHdCLzh2QwnaoYbNxZJYlPXp+MT9BzQOrAxS2TfEaeDg+GSClnQVGG3DZaSNHMcomLw3/b+7v6xPBo+rbyNjQEjS1tJmhW2ZofDHhvXCmksf16O12MGy9X+bzfw+HQ6nw3dTh8fjsfTEazv8+kGGOnBykJwT/P1dDp9+PDwm6/fGbZ4f3szvbjg2m92hQk8K5lqz8Gt1uzthu57qf5xwSi9M/DstMV9gfdVmh9iB794bklmkSywgp6cV0NlvQku4MNkaMJhf3N58fKxtruXrw4fPtqnmi3KKqSKiFBXqv15ieP11CKwXTiLTLonVmFT/6ZzUSpxANmCihGXdVID1dx0wd6F4ecgOS7GMA4nq0AfI9fz6cGQ65OVN9A8kh4frUBg/2Bgwsz5yRdwS1px/p3etEoe0y6EVecx7IvuxStaieEEbwae46IZyXDEabcFrDwQ1bpcSISnxUAHw3YUt6ho+it5iFZpmFQNQ+EbnmIeYi4H13MiApx5CERhtpU+Uw/7VzwhX3x2fn17e3/YHXZQcbeChRWe7P1v9tvz9cqOBPteY+uWXfZYN1bbzpcpny7NMOj3p9Pjo8WSyUDz14e7L17cfPnq7u2bl7v9lgguH9RV3dx43FPkL+EaCosXQ/KeqOxopsNqSmJdn6c9y/MiSlKKEWErLfPSzpncyjKtULGIeM7K+MqJZCcLtihukEkgwVNqAeUk9x3pYIvdk93EZYdWU4d02mLZ06faGd+Tgi8/eo65tBUF+Yd/rT0HZ5/lyP6bsURptVirrLk9x6n98lvrB9KvJStBX3/08oaKWAJOWl6TQ8rwGVicU3r+msQYq3mJd7UA+dPb7jFwi/mV/bYWoEEfSo8TzFmHOPKn+6hf0LNla7H70gKNPPvVFiPpVtDGgji2sEktfpCFzTXlsm2h0Tm2XWNX55jDo2e+fiz4E1QOpB8oqnXylrosRnXMDM0+EjmrRVKhShWNOOCOuJRlI4evjF1RF2vOt6irzcAVTrVbTztiN5vyk3sz6fdmy7acaf3w+HSe2fFS8jcfnsY0/vTN68+/+PKP6/Rnv/jlb98/kvGTzXbxHoYcT4L3V1JbsvA41CnpmeZnW1uWpT9QD8kliihimEAfwvRwtVTqay5570/Faoz/2a+/HRLytX/4c4tnRzYkJYdd/DwShG9u4EGc2BSmpzXVT49ibBs1Fgv0qFzIjjakFt0CGfmLxyqkkQnuyQIdVOtIqyOU++bIq5y2o3gtsjA/RItRXF2iv5qbpntZ9bgtAJqyvGUjRo045E3C5PWdn9c1sTg+eh7VO/y6DU+iclJWO2jWKwDtd+brRyvBoS/3gdnrC4rOOkrh31qg0uWrdfPaFgfYFjjY37z/3mr7egSX3BSmVT9MSwt6/T0ocWs9Oczdfbe1Qclx2f7G+XvuOOfV+/f37kUz9w1LTw2nmLlVj/uK341rzgsSx0tz5q8LJS+xS/KzHRfTfXhzw5cju5Fl9xTVX+tGIbilHmnokpZIw/HpuLzVJ4gsp4/v/WZwW0H8gURwdR9IppTbE12b9kL3Le7Ic/d6TcPkhQeT2aKxMx6CpQgl1JuvZluHXGvMeJMAhb8uHi1JkqQYFr/8BfLPDkCzETcvz8c/R0gFyA26CL2WHQDkPrP3OrG9W0mq9DTIb2pUfG7JJQv41kVrUlxnJGymgIIStAfpT/sQXgcrhIexYdHttUjrc3XpEmlrMFGq3Yc2itZm0fRZ/dRcKkmnSEsCuBs7hIkRJCgSvrh5+5OfvPnJTw/3L5FIRS4ZrDuk/nZVs63/hDEylJ48K5S3j96iKZ56ixxfYzhsJrhg4NEFJLUm0iP7aP0LfOkBygyVA/QiPGWFvkAH05Kr5lMBqXcA2uEs9RuwxzUvmE3KwGTtLdIUIW3uAS36nZHVkwEnFRjqfTHtB3PadU5amAsWu2XNVHNPyeUyLAKgXJ/mQWUleqI0gmVvpW0dA8vsrP49xHP1qNRbiSiROYkO79CQA2h+CqZJqqJeYQFEePUqtq0q9DjGreyFm101CORRsbnh2TPbfdVy5W3h9lmDNyGoKTwMSmuSfQBumLx1gRGqgzRNshsDdYS95OAGhyhsorBje1ZG9gZX359J50YWyWkTJbRW8lxCFghfYt0KUZ1Jg2VQRMUhr7GLsc15bjlrckb1ZkMZLI+yoT2r1NRXsYqNjtoGs/95AM0MUFOhxOwGSg7gXApNch6cGsJK3iWOD5xAUdjssImwwAZaG5g4cdtriAclZUnjTClGmlAFInXMI/IZBlw+iJyNtc0lrJtIoI3N0YC/pBDdPERsYEnYVkC7N6n83FJ11rCi6iNIMEZy1rzDjePehTgJOZEEtUc6NFDq0BCB7gRcXzWk70rtXMK1hl6PWyrkFHRL1KRCjr0QMqX2gGi5MvHgAmiENUHUDNAYAF2dVLwwQFGGEs5tUX4Da3UwU9EgzG34/o5wlaQ/cNbOsCEX+8TtsNkfbg43d+nWDNeeur5iBBYAABAASURBVDQqXrkPzu5hIjwQZZtJFtfCm5xlHYr3QaE1nSiNmaO8G7dVs9ikgMBshNgqEGh3SS0OKD9J4ktK0+bswbp84jiNQtiBHoK24i4rif8rUyQz4hg0Figk6iN7Szl0V2GJrpI/btLGHlz/RQeKZK8GTKZjf459SrImJWkHOQadPDYYeyRAXzyooichaI8EcjRQZ1km/3KlCBYcDK26krqp1N7vwp8DB/tgcoCvYDwG5gEomqEAVK5XjbR15Sr2hGr2X1X0wl/quuZahDhxWOdrmYDuJ/WjKNJMI5su2W8xZ/GJ5CZZciIHnvWVKEqwMaYIkySzqZjRTdQaskxxv9uPkKcXWSiLwU0VSikqESP2VQc6WCMCVbpHFaDdSH12ObUZwj4zT09yBSfGJhqMOZMIrjvWr6OPgyoNVmI038DO4PGwu0U5wEoe6FMymwEZE9z9xTDEi5U1IO68SxOMBpX9Wz2f25UyvhpUcmaXxwSJhnMFbfb6dDrdHx9vbu1/NwZ526M5Ho8PT6d3H4/vnh4NMbfqkEHVd3c323E3+qxIIWoaFGgPfIaCFK/GbEFjWdSOs31r6JMYtIeGkgM0jMZyRl1ePCExygGNso7Es+KP1nbb3d2Ll1axyne3m5sbc5ZsZaCnTJUT9qYceFHkyEvLuyLSSJ/xVauPAm5Nw99ydaG5wSNjshAgag5HYGs7+fjjocOfPbVhSdcTEMfOrUD/8PRBDgd859PFsFartSC4ojxyBICi52sKN+SBaBMQigxS2qcVp88Lo0GnIi+AuiHXmYM1IaCzZV9LhQGfz8czJxriqJAbABfA4bXYaFfyEA/brSE7p+vFmzCw3RqCEspzsQ0Uuj0TyvmaOrCx2izEvuv08ViP0/TudHnz4u7ti9vXL25fHLa49QFru8c2SBfNqSRczoHbtsS2T+vH4+Xd49n+bwC0xZC2f25uDp+/uvvy5d3nr1++evUyFxfSbQtWie0DaWwfSki6MY9z07jjliJf9Bh7MWppnaJ5KpefY4KtL26KmiAjWRVHdMJh8xjmdvBG+uLp2ZZNnvO5TovYry7plCJfYWw/pwhpI5dN3JBpuRZ/02eZa0vfk8k++/EPf2fJ1NOS9ba/FUwTx2l5ux5nRgafI03uWWZKa8A1Etn4teVN4oqWFPX5Z6+gg/5ZAUbIW+VPr+H5pfelbH5w6wqqWHL/wAOWX0zKf0ONoV9pXhbDvdcPrFlbX8D6Fz0cD/DCr7DjCS34f37y+2+1zsgSHr3g4opbGNsy/NYnaMe1gEq8iVDuNbqXszOUkzjKPh3TLR151Mvj65OzCBRJ8YDXrOGE/krXJGnCWpN+WtiRlzxraoNL/mMMVsEoBTRI2UW83OXxzWGPxtjxfKWVfnq6gAUx2Nt8/f7BvOHh9u73fvIV22h/9c2HD7YY6GIjXUjP2Qnscw0p0cCD4okHwNPidvIz+CU7nqBATe8Gw0hjZuGAmUE7q3oVOy3VjgaD/OF8+bPffDRzeXe3+/lnL3cc3BDCczXAJarWcdR9nb1dfZWp+hZY7cOsJmyNHOITy3IZidS2KifKxnA9hLLaeH23+7YSVEU35gc7r+xhxNz+ZJsHxNoA4kg9O2Nh25bjzYRFt+k7R++hx9D/6lznxXL6xS52qcWx0ZZsz25J4j8L/pOyO8pnBvl35+tHDEDn2G4OOCa3WrlnFNldZ1u8Or9ayPTKTcjrZKfZyAX7ftfWXhvrnPvHtdQB1Hjzvi9TVDwW39WWyy5OA+1S8fxzC/efiFRWoTXZgda0wsm9zBiX5ELNKYmRyz5BMl3jRLjFLV4ITN0P4w9V3S+LVU9+1Y5nMptlb4yjvmEbWuRuoT2ki+vBrn7mA99L91bZZ9unOJ9+qnmuW38i/eGGkyfTQ9fYXGrW4c5EkVkOWMuWxYD4MZbctdVUFHUkZF5H44q/1Q1ZJPLKEFrCnxA0dgkOShNBsdEv3CJUi1ctMoYW4jQH/YLyFGEKya7MEWRWNWkSZaqDJ4Vk3vFx+14Jh5NFqmWd1uuMHPvGDBQMziEB4wP6C0ELf2qTuLSJwHTrlAWfOdNzUYBU3oTLQHbGqjCnIE+Z+GYpag7C0pPt2He9v2EAo71XkNxJkvI0Oab5PElwkS7tMgx6sadSgMnY+Wivus7XNFOYgxex320+e2v14i8P92/SsL1cnjgqncq8aCtGLom1xW2zT0tir+dLAvSG9krpySBxUr23MesEVe12GC9zlykI0kHhgDxASLgLR0wdQqx1Y1iTfd521HMdwpjQKwtlBi6/HfXheC4SJKZoGeW9aBD8xHADaCuR5plkYIJ9i2AJf5qpuJuVY4lZbIAvFg49rJInjlINd4SGUJEKKwESclTxpIaqtqFWlxYM78wKoatMWWQwCPmCqCFlyChPXCi9ARqZoZ9p77TdbfMhUS13K/FaGZOIexslOKleS9uqdn1N/rKcLvG6BWwnjWiXXYqno3Mnnz1DURot3XZAt2jT3iKx5ORP8YoF/QFw8Y7TkH/L0T3giLdPJOPVoc/XEOsuZj0LH+ZBaoMIwU3oSyL9nOQyQ9Wr+F9SBJkFQBef+ZaqtyYuOQ4NKpJOVghmQbGUMRqxfgNzvzG1i9oyAOXxODYKGTeRTqjyhi2KE7AhxKyUfqQZVOEjW6otcDMLYpP149A8fjLebQqGP4xidmFicL0p4SQJAufcAiUsxYkMlIwBnLSxg9tQ2cD9bXl7VJIlfAFiIWCwyrkrMI/q+SMCfbGqzDSx9oNrGDjqc8TZ3NkScFtjBpeBWk5zTi594AE27mmL+aSjz7gJbAX6AuB9NwovoBc6jZvdlo+GoOtIcv+GGt08vImPG4YOFwZQPuvhG1i0VcVOEDm6H4Cf2S9ur+fd5XxB6QkK1NdLNrN2Bii+3+ZwOBpplQOjjMFfzoWXontjQ6KkFZIUljAnFtxme4JpJNHVPna3c8lCxu5e/6WF5uXhZBZigLT33FSKtotDFE3ccLB5J5Ko1XkBVaQa1BYciiLhKjr55Su40uEw88LwHji8YDofT2YO2E8iGFR8U/Iq2e/QoyacDYKgDoJLFiNNpXobDu2emohU9ua0T3XaAoAeJBOUyOjJaQlQqh6qX653sWgin77s5Zu00YXQsl8lp+CqiykyUOcds//As5mC/Tpr8uAgKSSDLyv0ZDEVb7vd6454j0NoFKJBx57/AAQc3alDCSGvppIbHggELM7HOl2xNbF6I5io/D/ZSVl8ZtqW5O2tdhu7nY9odrmSUcUDccECIKUAGcFo7Z2B+gaFkyyrV+vxfgSQS9u262Zjpsyu6OrVjs3lfLRb2O52OO/SeKVLJ5W19PbnRpNun0h6+NVWdbfbm7dGmWqfMd+CRKxRPiznMxt50gZgxGG/32CP7x8eHmxlwHm2MvLlMgSOb29vscHxfLKPuZzO16eH84vb6e72sN8BZzwfbe+drtfHoyG9T0/Ao5/uH27t5/d3Lwyn3m29xlyB19uD21q9aLcDPA0RAVotTHo1m7mxld2yhFzUOaNqb/HU03nQqUfGyROAjrx47Iv/41nbiTjc3t483T22y7i/2R72A/aShhBit0xskSgRyLcwZ970mNhY4m+Y/FB7/wSSeTUker8cBjzOHHqLn04UWbpwFHNTlYWWKHdqhFdJpfzfjwWGU0K+vqbT6frtu4+26fcbaUZh0AfK80OJ/eVLoExGhbfVKFVx59RERdKvRlUJhJWcl+1li/TGkaMz4Jau1/kyaZInXM6IIlkFKWBEybPhDM5ssLZArFwm6N2RQ42tPbPqSX0pEcBh9BATYe4D5lu2x3qZOB4stfNvjx/ef/z65vD6/vaz169vDxu7jKdLe30HjcENVi+hoYdtDebVnp5OD4/HX3798Mv3D98en+xzbX9YBHJz2Fmx47PXL7767M2b1y+LqhKNp9XqDcB9aBRGSe+vQntPeJR09Wnumeme49A1LymnEiTuidLTLJ8E5EG5uM6eXiW3pv62nuQEUqVN7Ca5Yzh4Wh5v0XPltirseXtOk1TcTPJkmf3iWHTPTL1Sitz72Vd7rnT813+1ronBv+QlBcyObK74ueFbVu+8zotTWvrf0hLtxy8tv9XSc/wsEv7n1+yQcVMvznMNC6WFkvWotX5ybR5LC86qC2aYF+Tru8vm1+3pcaBfnrPFrykl7q+vSie5Vj7tpn0CTeRnMNwPfPklxqbNHYPul+UQ9PLftLyv2AKLygeJD5Rao6docTt9k6XUY3blnMVjO3a3IY9Bq5AEchU0yiwnFUqXiYWxvTO7JQJb9nXOjuUEOhR32OLJ623NozruOjunuj8mcJUHHwgouCYNULpP08Xy2P3ecsC9/b4BEJKAn45P5kbNFVid2RDn9Iv6J//g7/3Bz39ux/x4enhCV2BD/xmmDjI/dmWYQC49AQ+MK2iCfjMBxbrEms8mKZKn1XdTsJMRaU1QJBo4VxlZADo/NpauWvgKcadU3l/O//SX346Ga2z3P389HCDJmaGqhlnes3ZuFlOrgCUwe4qfVps3tzUq7C7BYdzsHkA2Xtr9zlhAJ5s6PnGPVJHjrxZGqMqi+rHWronqR+rZVgp3tMDh2b3e7FPBVzu8hXHUk2+rnZ866BemRk3fAXmh25sX7R/dWDVJMn8dSevnIScnzlHUURNlQj9Ec6SIkvRyVPqd+vqRAtDPbKjcC/8kdxt7c+mMkw8O8MW313fMfn4WTqbU6xZp6Q0Jyn7rjTo+Eu/T6/vOe/uLgnua0vOPb+vikfRWncsUW7Ol1E8Bs5rFh+X1Bbc6qxOnLUepxaeHE42Xd9fbgdkUPnYp3/iCRleRQ7uhtZTkD5rPK/RH0ITqlhLXmcP9krY5++8F9awHO8mdZmZps4WUjluhuF/FIWJP1pg1xOE5yj9zYOJNyXt21+fv0HKXxIDY1OSKHLyu7HA3FI29sYdvNDevYFvIy8ww6QpASFGPuHgIztoaXf/Ra3HZLSlvCNK32YkJlrgRIcRlBdMtLwQEWlYxQNWnccW+mJ1eQjQtUUQgqiZMcNustFQOdyRm1TdadniCsEjJPdIA90XVXTGAtPuIT83NB+OooYdeY5jRMp4lgSQWjCZsKHnSTVQfXtD0sTMa/3JMd8GCkmLrc1ns9yD7eHP46U9/9vLlWwBGmFzkT5oiki1TzJBdmpUS27Woe5r73h2fixtPrA2cLhYX7Czb3Y9s8c1sAEUvdItqMG56upJQSzFWztDyBiF+ViXfNOIeeRQDyQAPECPQxIomJc2hTErHJ7XGI/8iSFIlF9B4WVDgHFztGZ1HKm54cZfB7iBC90g+MZIS7PNxAGJhySLddHNRtpnLi+00zJwyIyXuQfFSVkw8z7Mbw9SVa5qfBjdXxKvAAIwmd5I/M2X+eL4kgGBpI0YPNTWnaV5F8zkOYFzN5NNLST7TGmmexEBleQTJoyZcMjkdejhvN2uQxzBkf+6/AAAQAElEQVS7FjQkOtNEJUUA39hpo7TZipUUUt7WmGvumAUDYtUqNAyztdCWm0GzEjw1SMdZA0wJBqfIsXJZvvyVEblzQordmeE00EcXoI0zWqRzxs0o/K3b++LxuwddXgdMmu8nC2/YWHHYrvjjh2TJdZh145V8cMrFzaOBT9u87dFS9SHVLttjq9dGJ+gXzptN6mKRmJCdH1I4ZdFBvsZgT1zXzLNlWFnl2ED72nP8GkXUMTezauppw8PYUASaky6TdNXw2ZDgBtJp/x9G5t4kPNvp3gpXvbI6BlstJQ/DFdJm4wrwBsBtRg6tkoxtborYXJbYYzRB0L5YUa1jkFnylk337jr1I49TlWRktwzi3XMQXiPBtttJha8DuxlsmauXCV3IwnAMyLwYRrjfn08nStagfXJDSqW8N6cKU/RTdJ2iepwPlSVjHwsNoASC3YE/02QLP7TDM7GuMohTaDkAiYzSnZI5aBzHgo1BiLFMoJGOpN5gYTFw7Mo0YQMQFGPeYLmoO5s1/4dgdNXJdlTI4w5g2uoUUI1g0FjK0lOewGWphltZQDJTx4BmI/n47sprlF+KU1GTS5yoHAAiMARp7D4nH6EpjZTcY3BybZJG1bZwbtTn8WSmRcFaBVGIgMsxRoYfYUuk0ArcZhJ60fow0IalnLpUQOwwErobYNlZ0i4cYbuFWXOzzM6awfHcMOODsooN9Z3HLbtwKYweReLcopqFXTRPx8u5XfEsIEWlkI8dawOeGG7PIFL77FxcDn5gqYbOulFG2byBHckNLWzme7MQwFb/cx6gGG248DyJLCrpxYg3IVdDPLRZDfGSrpvZ7mewnNMczc3NngyzkdURfy7yI+phhn89T6en07G183Z3Op0swZXuQeNcCu0azNVlw9OIiQtL3RpsLPugLdD2xlEfMALn03g+ZnazmKVou719ymaUBLchlCiwgRTN7WLvYMu0O2xvpgOmZ7R8PNtWP9mTublJw2ZnEPBuM7gQUkobiJZYdXtrD2keLrMT2RWhuasbMA9vaN4LorRfIZgjdh7urqL21A+xA0RJ0aDd+IvXb+Z6Npc2kqaeIMigBmjpk7K40DzWcrlTocWRC0S7xtAi/g3IJ+rnMWgZNhDdA0UtNuCPI0Igms4IDFV8NeD5pEpMh80algAjtrOL//Dh6etvH95/fLzyKuvWeXBxQBjjNBnL5jQC1PuxQRoHGMwBcdn+pbQm7PFYQhIeVXMMDoFAeUqXyYKzqTLExAzQrddWRmrbZDIMGufcNmhWwzhX6JjjBdOcZWs11cNW83Q9qw9RsqjQO52uYvHbfk4A5e0QX+z9r2l+//H4+HD89W/e391i2KgFVreH8YCShQV1jarXOB8Gix+Px48fHx5OaICyShGmEKCKiEb7R6uZGHKz2d/s74dsEP7J56CwqFyDhKG6oRMOlQkwqA9QRRvBx7h50Cnq0ZI18vslLzBKcRqT55Rhw73+VP2t4DbmlFbooZqJlL46aqgpqq3Pb1Bpvmq6r88PqH7mMbFgg802P+NetaD2JmcxegrZ1i/Jn4ArSus+yZP7D9MajPHdv6Sry/fb97yn/zF/Jy9PPdCNlUsh7uwJ+BoGat/J0NvqcwK4bOvEufZm3J6rpljU/oY1ING/Bm1af7bnkKk/ZfeGy232y142zByjN7773vR4fJ/IcXKgA588Ec/GHUHwX9YVJDd3bUE2/B0EVGQKTInfNPk0CAJ1rWtb1gUDyY4eJgqQ1gAt40e5RHEV82/iyTIi9JFUSAPJG1jB+kHXFgTxndVdHoKjIv0HdHHq8fC1ckIcu2D5S62sahSgRWOS+X4oX91vx/x6Pk8q8n77/sG8tJ3I87X9+pvLf/TPNj//8quvvvrJ0/n0z375mxMndVtug9pX2kwJb2JuvgVNsMUCK6SKsFdLkUTZUxDk6mcaM64MnYQk7cmJBJANG3EmpKWNEThiFiQuVgvc76ahPFwu/78//xqxw9//yd//8tVuWxqmNDOutCyhoNhs1Xnvz0JXayPFOUlZta02fGpOfHEIN/D9GqJksCG8vNmHTvkOb74F9c65H9eE5EuDsv1wZWXKXtrU5pPWs2RYAjCmjUNNM/dNGwOrnbrZchwApZMpdOrCm7mzVaIqdkIK+Mi8ClP7rPEkJc597LqVAI3XE2TYFdDWOFRuInL6YZvwd/HrRwlAt7VnXlyQOifctTQfz8octMaZbb24l5YK3VI0zW4jU3r+Ab5x4h8X5vHYcxWRem2vb6GO96TVO7WQuGreh6NLXpEhGjG2AIbb4hoFZgWqGW4pLTlbc3VUd498e482WmtdN7nf0yeX2rpTrct7+HdydMT4+fE23H4foh1J4U7ozLxyisn/FFM+s6Ivz1FzB8rxrXl5Lk4IkHZzcfmhqkFLDtRCu4CJq/N8h9LthhxweOi6iisoXJeb6/Em75D1mS/JKc9ykrrrRKFLgg4EXEhjmaOVvnPD3C8Sawj/Fn6yOSpLlrX3JOYuM+SGWs9SwJzDy77BIl5sJH1TWhFM4JY8OFSdLkdSVRzKapLXNFwleYTo4QxblcGVbh7XejNw9nDWS4mVOU3XGShelMYV2WPAWiPaxjpumGHOdWVo/VFkS3V409AI6PMtvQ4hFaRBU6fALHtx/+rl6zeb3VYXzK7FOFnw1ucpnfWgGjWpwd+1X9/v5rnH2tU1dHnll4qxEvZB2/2uBHw1kwBFp0lqYN70Gw6vyfslFV3UUUEYIod6TwCIqdRpbRjxBOnFuRF9SIPaqDH1EarBwC4xQ4s6XFRrxkIOmoaH0z73Vvqu0akd6IMoBSkkwuMqvHgFlntGBStOvUlXonrADpKAgxqc5NpSd9a+nJoNxuxOMaA+mRsoSz/UZ5kJz0U/9c5wAUkVk9oGGJ1ayYLidcrD8UcJSmLW/HxNgM7hv91kasHx4eiKnURCAGdiEhHVVmcMHeeeihc3KH7CcT3jJj1LCRLVNifV07nk0ADv1rIHps4vjq/IJWDDistaaqeIsNydgkahKs3MPo8zewNMT93GZnBSY3N9aaGPHrZW2LHhI/6UdGk+jyIzuGabxSSsQXo9em7stBOo5O6AJOENKxseJFGlnK3YAFYy5FwbiSQj2dPeE+aP1y2AN8hlbkZUCvgUUsDQTe3EfKwKOiUBMHMD6UKkFIMBH/Zzi3u3ZGYnKmw4A7qRyg1wBrJz6MUGrYQ3NrtL0nPEFQlAlVwmb1P7MmLRxpqGfgstfdX1grVZWjzO4v0kHgIMuphcFl9Po2VJThpUvukbdUOyK7i+18N5ukjpJbGtZBA4h0OcyAyh5ErWzEa6i0qdKFzm7CRZ4CsjZ/fNuuUu2un6FRJBVrTsmIMmSVaMs5t53sCZJ0Iq/wNmeJKGAFZVPP0KEvemhpo7zcecPeETkzVGSDkx0odeogPI8f9w8eJnZvdp9v67nZ3WppmoRJVdzaaG6JMrwISSgTsWD9AYyXMgKnsvavFOoMULymyJWD9rEgC9c3RoZG9tAC5C6qO3KuFrpB0Oae+RXE7kj3YWZTVp61Sh82sSg4YBB/6XicFbSQ8zB/u4edDr3XbMIV4kzSogenw7ls+mrJxkLCTaZ481wMVG0dxuWjpRlUOb7XpR4NH4BJ5a7UZoo09EA22Fxoqy9jjIK2lEJ4Etn98o0H9Uz8xWPQw56DZJB8krRpznqRyJWDIA8ev5hHkA82yPcosxm0BOVWyWOcWJZk2Luk9nCCMU6GKfLyepOT09HU/HI24P2tDYFgCgWfpDw9NuxAkAbn4+Pj1RDguLgaFI5zMT47obnQBON4JeIpf8HOyS9lDuNSw358t0YaWnGWS435apbBlZgTGrsZMDA5LtYaeyvaI7KoNBmHNA44Uhw/BlBnziNgHVwpMl972+0cIQpfyd3LBFkOSvCWiv+5TD/ub64uX2cGNOZwe/085zu1RArsXr+423yuJuBJCTJI69wLLqOkzu+vUnXUvlWU7ix2WH6KhXjrRe1GOHM1oLNGCtDI2aq2XQDx+PFr08PFkd4do4SOMK+rK3LssoleS/pO6gXgNcjjSr914+ryigs2aJtppMU6kqsSglFsOiNgLRFTDxOfKaTyBrQhU006a5Le/OQ0ttZfOVjshfJog4bfi07YJQ5bzOjPZoNQjScERNphHVWMcsuASo+TDaZTxYKehx/vX7NrKfoLLxKHu1U2kFDtUIaMw+Bs1KA2mdT9P8i2/e/0d/9pdj3vzsJ5/dHrYjRehTdcuk+Nt9liJuvx0qY8CWDxGRdQwkUrOUHB1rHV2JZEopRykdhkt5PXMuRfzaHE9L8V4K/DsO4jureRneJ741qYQJe3Z9fzZuMCrR+BkFnI5iC1p0GqpglPjMuKSWgr3kiW5K6fuw0biD9S8vqFZ+hti2tADQ+fmvxjcDJ25rODet1mMVBMab+5Lm5xIZcazb913Js/fPK3A59zPb1iFGPNAfvHmFlqWf/OiQ7Z/V8vrKUixmeFa/4PQDK+wfvV4Tz25SN2bZcRGlpzmggLxmmKdlsy2r6Usk68lgskX2lLO3gSUHH5Sht9QCXCiUxM6r7R8AdJyOEvI1cXckGfCPxQUe2vfdbvCzeuCxSiUia65dP0dBvvrsBknSsRuVOSP3BqPkTAYzGlrzhu3K9WZsP30xPH31AnMH0MVUTqfzzKF5Zmp/9c078wV3h/0L+3o4zh8eraIKmzMxDWYjt59nx1c7WCS7HbJtScUD3+d5NddDq69WOFcG5cktkSOwLwSq+tklSDMa6GCTLW7cPp4vf/qLrzmLOP3hFy/3DK+YjbH+p2amkbp3ZZbDW3yAbFDrlVrVT9uSkLUeHcY263vVOXx6JKW/PIARLgMZJiFIJpMijqC/GUlcVT16wq8ipcp+oXEotLpJXtjXpSccuW/ivsdBP+wxQFhNTYZwwMRb5eM3vGMj6UlBp27Zjc7aST7tQEdKb5F+175+nEMI9Z+1TY9v9D/0c5iX3whvmXLsaH/2/v2cfshi6yTk/Owjm0eBrsrxfb/zHS8jWrNXU7qx82i3f7ofR303jG3zV/or0trlpeWXAz/jlk7ZvUiUYtLiovlfr1/m71z44ooW16LUU4lMHMPUnpVz23o47jP1q2fLURTBiJ1Xcq/2x0NtOT5aJc2u0EcCV2OvvWM9XsWN3y+9ScufTV5FGCkCsiXgU/+OkH11xZWw41r3HEFfCwlsh7nJRPZlcRmSmMSovbEUCZrHA8yNKbyYBdQ602ZdQIhQNWlqlrw1gEUx9WTAdZ34Jxx4Sx7/xxhXEvGSPyPPTFJYaq0XADuymzVqUEoGq12VW28687qMCpt6GSbAqCFJMAAapQGydsI6EhUNPNsgjy1dQs6fAn/NNUUMg7IcYju+efvm9WdfbA63uCI0haaWVmTkBt1GqEBMaMFETmtZ6X4HWYbNZsYFNPGVec2KM/icrtMlnQlYE3fLWq2Z+Zv9egJKDwAAEABJREFUEfxBiTeATO5SrXgSQ1QvJPIZSiYcNBwnThhTogDjhKHAdbcDqaYCkffaCVdbhbDsog0pgI/+BB0h1nOhkg6PG92/VTSSmE2X83lGszNiiMGZuPKv0iKf9feSPYiK89Ri4/upl1FpLs9SXPgsTEmRMmzpgtDulTdN8Oc0C37pRiTlZ1qDQwkDSBSsdnXy4uuvw1F7UuXmhZOgGnoPwD7GoqrGQ2nf0accRfMeBW/pvGPy2bBIxBXuA4JX06QQFJAWaBljjpgpRTqRs8+Tlo0DnnKdZoe0fMciPIQuz9itZPcurS2wmi8rZCeus0ZExlTIoWn+osr7pKZRjKMQJ9uE6Zi9+154MiyBxixJH0M7Wv3+A+dgL6xrnUNnZ+thE6dltYf1hBHiAGR4FvK7m9P7GGoDBx18LkpkKSR3jmHqNcWUHYgRNrZFCVWlJH66QWUAoOfYvy4QQflzXLA6+qkrvR23W6kSNcofiUZUUxRaRR5Lgo9bXcxH9u5vhW5DoNFCAKlfHvlSEDAQEztIGt9RqNozIXxrQ0Fnbf4keyuGiV3tTkzeKxb0OknxOlfpd8zJzbWj3IP7hOy2tDq13w9tCYfLnZz8rkpz0hk/NS2pbEeo8XdSTQ2QnH18t0fLLu7Ek5LDUjv/KIj9KYxPINCBQpJBRElDz5BLn6/bwnPIenuDa9pihhhp0qNUaZaii2Rm9XiUTTiaDLvrtrR6UdYTTdQFI9FPvslr80YFDSalQMYqXinU4EHFvtL5+H1xEroUVbJ0nbMXu6BdFT9JzrH3h5DiROs8B7ULNbjN6LkEm0ajsjm16xTGb8nCAYRDwvgMYSeylpMeOZFrKbBncOm3t3cvrKIBiroaZZJsj95KewHvMG9E7PLYQ1MjuSRcwon1GaeL+rKMSWL5IIcKXWKnzsw8l7uASC3sK+fXQovijK8J6rr2BCibbrg51cjj5Cy5bSZKiMLDuKHkVqXVAKP2dDrOl4u5pnm/27eD2ZSn0+V4OhnYOGzKFrWQNl0wI8+gap8RWcoFoz9BXx9d+TtHj0nNpIQXNgtvUejYNEfGUHSwj9yxik4m73DYbg9bkHJZNb7MU4FmE93GRPhM0sMol1jMYKHD4WCwtlW7WaJQ3a7Ec+BjzUsI/Oyrr7UvjXZLJLwelJfdze3ti/vbu7v7w+GUrwY/U5ybRL/IN4oUE9xcO1zCalyLD3IGQ9Mep1hvtPh58uGp/czOMD5w4gukdJG0nDzTZTiXvLAE2HAY7OFALcVq+3B5knor1/maI5zmeaab4t7BM4oEnVYKsHDrUbv+CcZGpT7rBvGSmtdFpM0Wxp9goutAzuMMgl0KdAotAo2N2ayOJw0trp6FlM0QLn4+sZWy0fxs0ZyVrrOPjOBKkpqolKU6SID72O+3L25ubveUfpohOH5CQNMm2pyZ01MGVvJJ0reK+5Xy0FY+yiIAXub58ZL/6tsP9muPH09//J+z9y+xtmVZliC01tr7fO99H/u4ubmZe3iER0SGqCIrVBJZJE2qlalElIQSRCISiewhGtBAFC2yGiiFQIg2qqJfAlEICVSIPkKFqpNUCkgiI4IMRfjf3Oy9d+89v73XqjnGmHPtfZ+ZR5RKVSW5Rxwze/buuefsz9przTXnmGOO+e57v/2973z0wf1uM1Y1aiProAWmQuNAJQGkFQclQSQyFMHIEl0GsJ/9v7BLnvxOyoy4w5FSehY89kiwtY575nDMYp+DEnlzbKpGjc4cDZT7O0SlPY7Rf97ZOEXf8xZ4YnoWwX3DS1PGo5JfBr+m1NKf8wp/UxYpBbqU/sLvpO6mLbiSL69VIO06V3l5EM8i2W+4tOemYUX7borjHFx9diUe0rVfer0tPbvucN7dFkRM3Yd7sUUdI++H96+1xdt99rDiEF7tkfszzAGA/jkPNYdh8i/kZfZ2X8rD/KrjFPfHWlqufYlMSl66O5TcyQWpuHAHDVZbXoIO3JXzJ1WiKCT3UMetY+yrqgws3Vfs45d9tN3+JreedZApJtWAG7GPztyayxqBywZdiwJxhmo50e9/dPSiumH3xZt3D09Pt3qz8Hc6nX/085+/sCzqZjwcj6frVN33IxGY91znlrsp9OGVVnVY1ub4QtwzNSxUZBmkdK3h2eOjxSCwVGtgG3AlCukGsSqGDJzR3IEvHs7/nz/9Atywefr+R6/vkMRFUjMvs8hDsJxS9JomgJ97YoY790LBb306xaNrzS0HfhU5qxbeRcmxiTxbJi3Go9sBvVf7ghFMxrRALNscT7NPuMVSJjdsCgPaahdOqT1fQtpy4xNa2I59tY6RxTL1e4255eF+Wv3RVpOtL6fud/zlef0Ka0B3m6g/mRcJSdp49Qy9hwjvfZ9UvT4tu/e3fglyDe9b3/PP9wvovFkPaN0I+BW0tYGLSKzvJSViafkFDhn3Ra2r165RW2TD3SPwIdCZaj9dOM86Vhw5os7uJgdi0oJa9heMdiurvZv68Q4MjCC5zMsWtbIaPXDVd2LB0XfUFhKfURdvXr4Pgr7vcRhRFqf6uhck2qzXtLIYhPzCZbijgJvfyasyHJH3dAKEZO7Oe4VpbJEcoOr7VQujwjxnGscS7RWrNyUmszE7Kuz3Lg8uqZt9PPSV9B4HIlAC1BCpm6bI+6V5Kx34453DnxVbaGKL4FyzcIuk7nQ+r6trQpXi1+ObvCUui5q5sek7tVyJQCfi/LKZKkgXh3dmEe6ggSaFirqxCGE3bJkwsdsUNCyaIIyAd7YQmRoMOIU2H6T+8H1ErVKIgE4Jq40sTt7t7o/7F/fHj+z1rW/PZWN548Fww4GJgRp5jpYMfn58ePf09Gh/sX30YFD1/Yv8IkNPQKMOPcPZywSCsa5fGCDYfGwZ2apXjzkNBuSgiH1LJtoQxfI4qfD1IXnSEmJmkyQRwEVztneN7cgJ13W/A3csk+fe1fiI/GHQ2CdqXgvF+Gr3Oq+kmDzi4awwrrIP/fmCZkv1Nm2GLVPZEurNgXulyeXjU0z1LAOFcncH3YKBwhCpai3E0sVYo0eSTj8oteIMW+cteEgCcFWawpM9yKpp1ti7U0hu8yq1qBY3RAbqiKPI+6pMCk+w03WlNpwl6Y7JOUzlVm7ss4d2fUPxVWjPYqrXC8h3mEmGYLJLZHE9RFxDmpLkvG3AkQcBt2IMfwjS1PYz8Bzp9qifCUdeEBsacgGOmZvql+G9Dbvt/nhkG0T3UKuUZ6WtAg0Kf9qQJrhdzxPaHxnsAfLsSGTOQvukIn9ChTOlYIZWVGEvbwxB843GXpK2hV2nKP3JrInjCDw/omVvNIUjgsStrA+XuEySMIlJugukgbPYHGszrZAWjOwWNP5b8KGIL3DaDqMHnX5SW8y16OzVdZbVdKBEOypW1iPnxNZlUCkFPW7ckWwIABp14YD0sfRGVx+KmjumN2aBmbPUkj0YcmKWe9OgOnrjJUeMi7RiauoMiHAlSw6mgVj5LSY8u2BVL0Gg4RtEVvU0KVUbzPTQ4ssf4Gy/oR7jCuJt2icy43Tzsv12zVNqrhnIed4YZjg8AVmG4ki0kNkUYEOVEs6cXZrFo19tFrjaoUgYCFi5zXxn17pEt0RDtIsQur0hZ3W52vs7sM03hWRz33qKs5S0Xw4t9F2TB3XCnkR9FYSrVEIW8QP/jjJac1Rqd7/EZ2nrmzmnoY3SLYBxsmRKWLlMOrAeQ9PjV7OBpCDUOeAcJa/54MId1dJ9nkc3obwwVUS5/w+ITA3ZmUSSMk1qnX+gaVK9P4GQKw+HEnR7Ry1XD724tQt4d1Tdtxt8C9Dq5fT4+Gg/2My2ZCRZ5pL1GKk0w4qWYdgd7gwE1VYlYLJxgomYT/ukgoEN1+PiNLBIgLs0nQnyp1oAkp5QCS+EVSJUwZnRrRff4cY9hNFvLTYMPTwtJjNeQHBvwHzHgd0RuIoT86Pkqhe2ThjThmYgVUu6zvv9ZXc4CUwMcXnDfm3b+uIXv7Bhgbw7s4X2pyQ7Eut1LK/K4llsELtqMfw4D55uEnOWRIMbSzGKkFj4HWY5U9rhAJMN1n7I99vhDiRqu1bbGexbtzzvRqDMRypOgOqMdDWkOPabHSjQllMylLqQvS5vTJEs1tgv4yRFOND638NvzGH/7V/bscf97tWHH3766be/9dEHP396c0OzPSgLc3n0oKIFnKdFKehB4he5A9JMQTa1uk2xZLMat7IYRboR2DS5bCRLJd+OIp85vNLqDDPHAapZB7MpA3ueAMEurDCA38puIgP0Q8lip1Z8GnLwsmlRAZhImobNX92jz2o90prz7s2tkjwb5uJE0JozbchaXIJxPPE4g2JsD4hTWhO/uNffC/XhRYx2yxf0n8VihuXdWn7cAOWJhT601nRq7SOEk+Ed2NTZ7oZXL4+ffPD65dZWIzoY3jBKaC2j0h8mM7Um8BXbfN4+PU1oFZC8a3Tity64qOvly1+8efdnX3zxeDr/i7/7m9/55EN0X0B4NFMagBpl0jBh43AwEbD60O2WgHJJKyxRD7XpSwHEdIC6Yx/8p/ZNMcI/9/NFEmqdL9kiyu0tllNj0pRmcG7eOhlv96awjj7nrmjswS8vBZDc1LOKPKdqdlvOq3B7tXh8pQTklGKW5K+vsNbWwExrHjZ2eFP2M8LvvIqBvwbetPfez6u/t+SBdo+NU08Gpf4kssfmyzV7FL0Cp1KE0qs74GgHmJ1LIEttbTniwyu8oi2/kyvePXb/MmGtxSw5mh+Beeugmt9gTnF/S7Zb33s+Vs/uJr330ZSePSYfjfz8nRUYFzIs8iqbshw+saPyY5nsxZsEBu0q+KALTKykuTtovv3SUghFDXeFhYVefcAiJn1rGdx4pHqIq8yz5ryixeKuWvKhltivc1RcipAzxz3BoTEQpBA64Qgssg/ut7ncscuR5TbLj1L96h0KhSxQefvu3ePjO9t57u5fHu8OFj6fHk52HrpGylfl4p1r+vNLC+QZPq1gCSGnidXS2i50eTXy0znYCV6jyZfYORrdRrZNhHnJfMRTqz99czpffozSkL9WfvCdj1/ebRFvXa5S4lSDJHqYtbpGD6T8hXXEGGcv/ki9oCdK97M32dJaWpENs+JHv9YOVAn4SF5THrhZSfGrQMOaolUHiBC2DAqMc1qhzD1vFUF3kwuqILp1HZG+2FNamQI3CKtppXPVEhRr3q33wgqzoA16vV70o9f8hRnKMU3/8rx+NRnQuevdRieGlNIyUfCXQD6XvSQ9t/VtvXt0G//sNP2jy0SsHVHNec181gYpHKX1CdYvxVMjxYVa+03EdWSij36gtlyh/tc8CAbNYFjzpgJx5090zzxGVzeLIHg5iF6cohUbhW5DteJtbXnDuS2xB3loVVZAl26GpEKLGa7XKqvh9Z6tL9TwoaPwQtsKoGMq0hYSXpzLQzi+V0AKUhAsaueiFio/pAgNwkvJAYMAGYs6JSrqpF+ucdd5nA8AABAASURBVJIokmpzxUgFjJia1wyPyrFS8kIV71Vu+uAENnJLkQwlEYkV7qCxz1IAhi+tLmpqA1c1ADH/egdwNF6fVRrJZgY5Ngfdb3GBIz3uSoot1UYIhyk2SWvPg6eg+86ZKRU3IgaZeJZD82oAgYDEFYHHrEABW0/E8ENrTiP1mhkaTZXwELjKqsQD+3duI8VSiV8nkq7RpK4RmE3cpBtF9Qv1shP6CxkUh3rK4273ve9971sff/jixb3tzRaeI6a1fXq/P+zzHqHurpbteW6b6QpxUMRAAzBwpTrG4ToBTnl6fHh4fICY4+tJMhHXacObZaO8222GbmZDUDlssljQ5s7dVHtpj6m4O8Pqqqrw36IULiF7EDeij8nr6zn3K70TslCZc8jDdodOOUmKxVB3bO4bQUi3UGSrlKEXsfuaR1s+VHLV5EK3TH+USd3tVa5fiPhU9oRXZ6/C2qeJJGBIYyvNoXUKvlCKvklMp9dBnGvpJGT3a2vrXcUEIiDqzHYlxYULtZBqYCpskJBDWZud0xq55NfL6XK6Xc4TGUxAwQwGG7ei9g9soVepwcCrxviDC4yLhOBKNaxg8CclaqBBHAZDYjFLnSR5Io5UrC0ostMGre0xFyeKO8OwGGbxdDoZII9JM80jgk9vQZeIsOTQArdHq25mcu6AmaFiFx0SkbW5+oPTsirhm+tRkgQ9Xy4oG7ePGHZhv93vd2Nh97+aisudQkxNMAqkgUdQ7Q1EqXOJ3IQBuyg5BupqkbJBILv9oN4/PLckVgrlg2He2rVF01U7D4SGted5KgqPYqIyJkV2oOdg/7R4tinKFBQT4qhN/R1JS7Pnjt5Om5JDZ4fC71BiTVh66EhGov0EdKEBpeGHq2sOtHDboY5b3YZsxmhS5bgkzoryxOkGJgbYdbY5jKiap5CmndozHOzDkhSqS+REgQj7n9rUqMzZMNvBlqOVNraAqrwtGzLNZujXskd3UtqOBr/41thlgURKFcXvNvvuSs+91QDgfBHTjZT4QBPtpaFDoKOFk/1kWZUJjcXnG1eZvbbqtYbCc1BL7QauTdoNiaxqoaIogLDUF2Y+i8+Dg16V65qVWTQ8NY8tmOhEA2ryqdZUIW1/H6kNLLEc2ga8QSzFHoxBMfV8Oj/SWtrtHGFmDXfb52H0MnpkSoBSZy4cO0QXWQ6lfiYZeLVzifSPFEPAcW/sdJcXuqWz8AcZESDgUtYGucYWCMiGMlCj6/swX+Uzp0mskDmjG/WZJuzPaB+3Y8EHmz1gk5vjEamxIeDaYXbxFjk9SHLNavkJtDLNkesFCJUk6IGVMnhQ0pRTzyXErOWeyZmY2QQ4dOv1oWEjJS7vETDPUsZI3LUyRIpvTDSWvRkNeS5VM9lt5n6vIG55lOwfjE6bKJdR8Sz0VIIxV8M4AyUkqC0pDoxandTt2RVCfCu61avNAdt+zWhDrRvCG8jU2lZiY8zED+zipo3Di/vtfstNEDM68VJPp9NDrerlR4TcUGaInhtObMlEZHoncWYNTT7bcrALu7u70xEa87twD+1Od8dhfHd59/b0eAYob8ZvtzveHTfMhUyw3luDZW28zgbrPZ3MkthS2tD6j5Tst5lRbvXpVGz7sSd8piSRmbD7fbnbpMvtbN+2Tei4397tN9Dp2CKfvBlsSTbDAO4O+8PxyOolLBM77GC4s30IHVD3nuIIOqpdeCB33xAItOd/6TFFdnubshf1JmR6xmwA9Pd+4/v//JM/Pv30ejG8tFVLSwo88Ixtj1U4RXqo4pR/96ZVIQ5rqW1fikhoilFnSswM7GAwuF7N7OZsCYiSIgPXxvHIwqVZmcYZzccxN+82THCMbYDgd8GsWJZrpHCIwgz1s8iuKj4KqVSHg8GvnLV4I1IdmLtU/5/JuYVdsyNyTaKpILpaAK9Fdvx8vSTPhpctM7zNmRLsc9vkWVf2CVcT23I87sttfjJ35Hxxk2WWdjPe5g16NbA4hXZuENyIfhllevni5bc+vP/wxR4az1Ol6WP6QdU9EAxFe95ZE/KKl5lSWgoUnlf66YT+m22V5zTaLD/9/Mv6T/7fhtSP+fe+9/mnt/nqQSPuqMy+Bxca+BH/Qk/WxY4C3ctr4FU4b2oBX2rLzZ44k5uUvS5zYRAwkM2OJn8NZKRcQKjGUi6lde4DA0LCRoFNN1SLrbDb0lawcHJ4VFhm8S1bQWn1W6ldVaktAXla1xG3wKx/yav1pZG/DjQvMJJGIK++wk9GTZ8v1tZXdOt1rclpRP18/Rjtz9XZ6K8cpPJeGqJSpURsYvnVc/yhLUD2N0ATGqCa0/piFNlnT8WGgfCLDCchiYfafPKkFe3Mk8CpLbKzOfVPdBvX1mYtL9Du81dXN+1HbvRzgMUMypiX2Dr9DgbpoaWACltbITbNVe4wOWQOAyhp8mALpeSUVPFmpzx/i1yEKpMY6RExcPZtzQvU6dmFtIbO3b9GyJX4aU9qFPYhSLV1+k0KELO6Wnqq7j8iY0b7QrlKu/5hY1Z0vyvf/eBgtmpCR9ij2aK3D0+369RsTyq2f9VyOpunazHvhNapXIoWNCe6EVnUI7me/uSBc8+uZyHfPnW0xquOvfRMHk9T5RB3hET8QfVYDpf0pAX04sz033Dp9Ndtizd79Xid/smffTXCas0/+O63doetDd5gqcFMDF7Go4VUYMhuzM23mLbw0H3xsZJN+eYRDW6Ks2co7ycrzVIXFlLDI0XovYLRQBea4zkW95lT3yX9YRY9+lpjI3IqdAe8nGjflhXnBXOtRmJCU3pZrJwkJcVyKytQkdvQwGyokDc/SnPALJbckPJqyFfryLf4nOKK8jcYmV/j16+oBnRsFNlFvfBDDnvqtBX9qN/kgIE9Xxtzsb63q6w22F6729/Ny0/xTtSyK0EFA9J5grrQ5EC1f78EqLs4ro5RP0edQ+DVFbnck/EqVzllVbY3tT6JY2BcRxJnncP8c1yybyVNqhfVO4+mIG01D+u9V7uLlCSBV1nJRW/ILjlQcTgV6siWF3WEj0U4y7LIM8/N83rqGuRW3N0rdbeTKmdzTKR6GpAYARMN7o2qH11zPhpZzFk86ax+pzGOSbQiLfFBkpq8tMETflmd9BrjQLYodXewZDHyol6bAAGBV5bNU3IS+1OOZ8jUZxrU7RSkuEgViAiaxedrLlGZyMAlFpka1V0bGsgh/+c5DQ2xAHsD8S7XGz8PLctNGoRoVfZti+QaqlYFAlfQ8QBgUqTKfGn0HB+l85s0jTA1rnOxwGDI7AYGNGFmDtiiJmmWXu0YhdRnzhjqCFCVAsqOgGdsnxosHrU9C/ST+812g8JWC6ylICklChu4G1A+VBgdDvsPP/zw/u4OHGGEHiPHtpCSKcWIjIdpQA+gDeht3NAbHU+L2spAeCBvCsWOAaDkzWID+/cWPmjWCGN7a8IzbaZM6hkFaJJyHA79AoLk52o7P53s8dklF7Kxzk+PABwNeDgcRv/qMCHPO7FCqnjcKCxQy8uVTLnPsH0l9VQjJKPl8Yp6qkmokiqFVIuUtgAkgFS7VeNBREfASvCASTkfDcuwC74RYdluWZFswzL6XmvYmw3sBEwQwCvWEog2LsuTu6/KFccuxo1MY8+yEOAFCo8W8CN7kk1sHc9+a+gaATqlQbHn0+nJ/mS2ickhQw+2t3Eec5evIVRpd8qZsA2XHPdLhmojxHQ1YDpBY9zAY6A5dJ6AQCljNBNyIhfCvgGV0omg9m6LedUoB0ktByAwaXLZkZlA7sylCbHI7ca+a+CIIZMbGmNqP9Jo17zb7JMoAKFS3YbF14Q3UwcBRlTewDsGIsPZHSsY4oDaeX2ENvH4yZW2p7izAH63T8NImB74UAUog3lhD5/YEmziQNnIFL4IKUKV6H9uvgvQAy4eJ8AHxcomvLuJLtfyo4X/kwnbCPZr+0EjMUdN2rwhWzER6mQBUJHqiW6CVtEWFzOVj5f2aGkGW1z5xqOSZl5cQZPTn1UMiWkwiXj6thkuu07EFJKdzubOmVeO9WzGIqM9VVau1Evc2iJtpNyqY3O0uyi2YC2GWIoz4e/kYhmFScOZTRNFc0UbN4nEKAdINxHwMiYR9EZyjNzArTkRWQ8qokernrtkNA8kjjRQsbIbt5SBB6wU9LXruzHxOeDaboaKSfZKjcZqCelzBQpMycnzXm2LMhYNBzJLw3TVIAIIN001gIW0glgVXY9ex1EeuXcnN9jx6endw7s3p9PjpmxuhsftgAQrhTOLwlItvwIuqs3f3f7gVQCIyNS/k80KLUkFkPXCR8plhgCsCEFT0k2XRyr8hs9I0IOyut7cHQksy0Vepx0trdD1gckzTZeBlQlagAYgs5lYYs5gpGo5NgqCa6VFGr0pk1oXpU2BTS4loGBg9nS8BzPaZPEnksiMQAY76A297KY5ByfRryQZjKu1rx6KYUiZPncYJInyL6fI5vYh3W13wJ1gpcetgtjqKXTWj80gw2rbFVOJSauBPCpXsm7spAaRDK0ItmOQsaGPR5M+eAuCsy1VUJkw+tK/ZkQ9gBfOqazFjV2ZolWGus3qKYCMmajK2VaGDcBlQuUHmnUCw76+gbDzyeaSHfN4PO72eyQq4HfBrNn8s3e8twE8H9u1bk/nJ7tZ24xeMg1quamXd3cFvUhvdotoCpfz/eHueDjabm7fM6ja8Ef8ezlN55to70zquyWxz5wAoc9bthK2yfD6eHhl05Wy5LVeDIk1nPTu7nj/4m4PRS5kLAyEtnTL/nC/39/jlqVYRCl1CCAo8TmUBQGkncxOa1FdekpfCw/Ccw+1t+RMjyQCikwyDAGe5GF7+OTbn/7Ov/h77+bHWs/23M+ClOl3sn7D6yfrunYJc2BWtUOhR+GZCnVfWEguIsvBjtpKuzo2nV1JvFaXYEo5AIOkAgMV/DB3bu7fgPzOYE4mu6vQ2NrGFeQ1ZTS9hcNQRq0gpT5sASlF3tBXdR58n3HdPOGSWUCR90NO+BKRC6JKGyWKvTJEnka2XMNkqfHExCRku0klkPLyVHyh236zgyNaIIuR06Olxa+TmlSZVzShX/CkDntKSIkeebfbfPv1y49fHM0Du9BHKY5W1hRboqImkoOrb0BY6IWViEjvqacy/R/sLfBRc/rZm+s/+9Mvjscfbvb7l/cHOFHOWUarFnLQ4Riai8Awo8grTMLVkpuUjo7RLyTEVWuPXBd2U+vgmSZki9nZQjEpvz9rk/Jj7oZFJit5598UmCYis1nQltxGMYsYdV0K+RhqAJLTxMU5ZJE0XIKFyKRT4RUr527S3Q0JmvECxwapdgFT3XkIxDgFlNV6qJu7sdd4pfVSDVQ0TqC9Xp5v9iJX7bVeuCDKrRD5FKhTji/ndbi+hqb7+/Qi/A7jot01EwDXPaKUvgF69jDXrUlK3fDFiMWGJL7BAm4s2IHflv7fFkZxah1Pc6w1OEb+bPqd5X5AXbmf4L0bz/BjAAAQAElEQVQC6bzOdsS1tRQycEoqkClBHNlC5WtRJR0ROp+0rW/f9GEaSoeQ+UgdFhRLauHzBQ+5REF6rr1FU7+gFBCHv6OkSfHZ03wG6FUWbAKEL3R96AUFuWP9y6xqHfUPcTj58yKOyMhy24YKvf1omdFv329u7ZXuxTbIx9NVrUnadrgAtgbBCsnX66Upb02xaPU2EQQ9MHnWnLjgPkyjofLJJYdZjQQiD40Ped942JABbBM240hR4rYgVDLMhU5CL7uFmraF13/w46/MW7Ad4rc/f70vorAIJKnEoEjWRolMC7QkC7uhdZnkUocKES6RRSacDJFC6zOvuS8Uohk1kBy6jrX163UpVM4H7t4pWO0Rdzh/3puI6B6XCnjfetU8sYhlESZoNaqDD2AvMk+OIecVpucYeKtdtSaWpDw0n+d+98+Ns47Z0QFamvch6l/3168qAI3/hX2MqMMlV8KeR3JuwXZbfLjbvxR/xLGe2xs3yOsdcfVfSsuWEpbeawdKh6Va6hqNuTkVMS3Jp+Qs5b54VnemTEv1wkqn5SQ3uKVFn7zVUPj159VSiDv3z0VGCHBniulOwxEEMO8HpoWrbdFTks2HKmcXB9ZKzFFqxwpZdt7wTS20I5MDOq7fKC/HayV0+JzKaknLw3LoRV8P1kYMlRCcqr2WBi0N/ZkHU3jZKbNE1wg0p0gRJyk51jQ4Bp5YXZ5zx32iAjsKY1Tc3GvAsxNntJXy2MwFcPsVPUv3nmMwVj5DE2RpCdIkqaZMzbvcL5rPsnvPSTzuovaJQlsqo5ShLWmQJOtKo+q5YoVTZI6prrgC/cwuAIeLG+DKJ6/F8/xGKSLuEeshN58duIDEWvB62EN4eYTEJOBmqLiOiPgINlrsd7Agl719XPG2SuKUfYGkljCKfxcDlFaq6FDRspxwGmobC2Q7JiGEiJYNeRl3x+OdMJ3L5QQgowhwmUmsZ35kVAde6aqmFlCvzyvN6ehPzsxCI2B0xaO3sNyiYQMszyf2tLnZKQ6HQ4JYJz5T6TKMG01aPXDsVYxUCimtobZaRPUPGK11B9/3SO3SUbjeWPJ8097dNo2eR+M2j65FaeMcLSwxto+Lwm7yB0AtRuEzWkEmdqciV5QEN4CVVGLU0ilcPnN1bV3aFc4udlG86YY0LJfr5Xa9CJ9lQAXcGMIX55M63g+RTiH/HijJ7DEOF01hbqEy7x4yAWjGVIXz6YlEAbuciyYnqro4QVPVm0Nz1YnqzJMYImpQaZIUgdCWJNoL1vV0Y9ickOaYyu0KQQRL0JBceZXnrVmpSJoHZ2A15SQ1HrggYxhUA012ObnWu394YPEDzSGXnJjLJKHzNvDz1kLsDQDwfEu3iR9v1F/dqFWYEMzWFsCWCxBxeJq9jVsP41WrMOfao6MQGEpMa/AyGMCzRUhVT0iW23tRH0miNSJBhP1AAQbeqQOZrigNSWp0eaLmuPAg/GZkxMlZw+IA6r/AAw9qBTfB5lEQ57d8x5gnQCkARFFfaFDZhXgTLAogbAJL5Es0MjcemmqQRz7pa3VPVRFNdd0QRi3O8si+j4y5C0RLfa4ZajFqo4mn6U9BuVGUXWcW6BSJwzqE4kTp6vWMaOM2b6YmUIh5R4DgNuUBZM5MBcFT55xHP7pew4kvEnTBIh1ERg7YOPi30DmRh16Ey5NyzBnI0VPaoLQ+Bt0Z1v+U5rleDfSFHncZvBKKfUObigMA2SvOb+wjd1NxQPZqGKVhYHOmidk+mlnim2pRiPvhyAOV93apzMS6a07LMkdoXdISAGrDik1eeyjnVULfnw1mIJWOU2VbOW9kKjEGeXJ0IzI1BhB0oeFlyVG3S0Z50uxPpQe23PmU9uDqEhToOQzyMmdPAvStuiGBSpwacjHgBTaPN6Bn0rV6FcfojLns7f1t0lf6muKQT2jmM696FHPkgU8VzhXmIpsack7z1bahG5BXxnGUhaHaMuuTQCYdNBWGDfNwxX/LpAWqUHllA8tx8PlUKDoxKt8rrVypAJWwrtPl+vT0hHpb7o9mSC3d+PbtW/szoz/sbX+D+JWhe5cbijrsmHfHO2REuAlO3EQeHh+we94dbfPcYM/ffPD61cv93a1NMgyXy/VwuLu7vz/sDyirahXqUueT5TVv5wtz4S2GDBA8FVksk4xaFjoh43G7E7jP4Z3JPBt3h93BIHJzSAYmL8F2hsjGOO6kPlSy90Bmvn5I0b8prT3odTugxfdPi0+9DgjC73IxX48ENNNnMgKHFy9f/uD3fvfnX/50vj5Z/nY3Xln7AoNZi1oN8muapi42Jl+FbnMJPass3DY4WimC2CRfHXSKmXWO1SGvGhXOHYhy2EfQy02RgMPAKRTjknJ4TFLPrCtSd5MaG7Y6X2alP9ljmTac/RNdKkc1hdV1b2Ag1Hox5YnVhwtG2d2yofRIbGKCzmF05qJKBHTVKxp9iJCL2EH226bEo6UvrigMIs5V5Hx6bb7TptPr++Pre3Dvr9ebkjkyJRE7pRz19ZlO2gCfc4QgnjJBiY3OHFQAISKrxXRLj9f5h794s//nf7bfbn77+9959fLeFlpqS1rBfT9uJcB4mfhtRbp7Eu9znEPVrN4+oS0xrHPolgfvu2JNgWVExBdzMnVM0AOKDlguHnHrhi4cMV6z7OCs/2Y8k3pD/wipJNFKcXq67uWKBrYEzHnNd17FywtsmjwcTWuQOC1obV4+/2wprn653Or6tTpDuEoroZLmC6Jfto/4+hrXH14fLa1AhX6bPIPA+oCd4o6y1s7qilcjtNyAu8C5nyMtiIAD9O5Zu5ERaOWf5cxaVrofxD/lqbTc3aWOkvTZsXzDB8Q9irTG1FPM+/7xmpakQc4db+BRiwA1y8vnGliAgOocAlHL6Wj8Sg7PtAUvtSMQDjj4Dcjq1e4WkmrQusRMD4Y7VOjn0RLTZ5RY06/hytQWKztFTkjPur03E7SWZM3kZDhm6Vc7Z8c0LAtdPn11mEnFu96mlB6fzpeqDiXmG9TsrDe5qxRkr1TEgA0Gw8E1x9wqZH9GPgtaav2JeykUXBgnNGQXS1T3mcjF6/nQuMXmIasyeyU8+Yts5m4/fnW6/rMffWkZyu0mfe+DF9vsT27BiHxVSfasxAprqjmWT5djAuf+PAD+zgEaa651tUmv++xBSnxI/2sOS/GaS+p4SdiJRQ/a08mtP3y3m8uDTK1PcC7fEPMLhy4vj94zGGH5S2BDcbeNBJewQjlgvc6dT8mlvXI4EC0tllGgXKktfaP9+TV+/QprQMeu4Q+RJr6LRrhvk9dTr79aW5QzwmNcfrkyxrlFEjf1zz87UJzq2Telu+mGyluNJl8P3T5qm/GsSuSBlv3Gj+g6cHlxN1JPWPo9rGaxThRXrFVdW++qEEuaDkZxV9uB7xwpQtUQxP6Uos4/ef+7MM3rSgHdUexBRZGdQ1CrIRMwl6WNIzPXJBns2c7F4riaT17w55Xl9G1BithdWqfl1pYHKaPWJThkbXPYTYEj0tmQ+JOUEoSJ5+WiW6ekKQwgfpF6ji53nD+UM1wdM4xXew8/d1+XoyjEPEaLb4pXkbozWSKrWQkakDTevG22LrYbRkm2klU5SGYk9IuBEeRhmyHROqF3XBszxfrU+owtUTiKbVO8pIfjMcqzhFxA3kI/dG/I7/Huzv443PN/+93mcLS/3KOV/IYtxDGMo2oNw+nNXrHOa47CnMHT20TqyA+dUvgtGhFSnjfEbjYsKb1RwGTKm/3xYAD35rDfWbihCF9EdQEluOVZNZeDgywce2zrt6TYW1Qy6pH6JkKua71cr/mWHexAE0SUGCdS8EQcuLEz3VgToE+ie2DGgPxWJuK+CfVEqYgKr95Xck0pHjp5Pbgrp2vNChGDeOg8X69XLSYL4wfWd4twB2cEYh+QlZwYAGRXKQ2XXbR2VnLh+okF2NWCg6zUdOtu4mJHBPlSOcbBB/CmXdgUwreq54XS8pXoPPsMzphGM7W8kVAQCMK8OQPOmjyFLsKU0BBqmSIPD1cIxfgzm6hppXB4qb4dPUZEdhA0o2WEpossHp98qlDzfQsC+G1mp3vU2KfQDYDkh2uVhmnC40bTMENzJkMqSLsA3WCqV7WF1LMKC92kSoImRJuNtErd9XNunGom5sEJYE5FS4RlqYCA8vOyhdQF9GKBbLNbkz2R3d5gIEvbDJwlsqxeE8Ili0dP9n7PmGi5DmrrGUBACfSOgVQWU9YxTLr5VTWZ2u64LQ1eH4p1N+EFsqE9k31kCNxwUbXHnvLpfH589+5wvcnEomagYjkg88RV7xa1LYqfScJMhY223MQ2Xh4GUhvzTHK9mYriEANHrBFbp9qnmgLUSIN6qkq0FKWuCN6w0Z+ymoG9osThKq4qXDoAtkl4bd/tIG1DQxV8VMxnkUGZeQCbl7wzmAtLPAgATUPqO25DM8Wiwm0mO6YgHUtRc9bncpDCXPJbdTfaiqvHVzMVOQj8+P7ljVnFvpEcdFtttZT5x+VL4IfCxNx75L23AGi1cWMBbje7Qvm/AdoOo8OXqOLBGQyn248kxlMMXQrYiTBTBtycPbIETRUItS1fsdpJR97oCaPIfMqtS0PwHyqBMBtmq2kSXj/sd3tkckv0FSqqxOLj7a4S6wnMcN0MtWIFBoHhWUtD7HuljOzRovbBc8nzIEUJbedVOReJhYRrU+sqIm3hsSjswrOeh6l6Rmz5P6NEdgqikZVEamJ9lde0BmQoGbZM+YVcVNA1+vE59W/zZVNHaVtJNNfFdCTYnZnqKyo/QXO009PT6fygdYqHxeSVcj8266iH4cVGhr2O84ZjN4S157NkUYStPYV2kIDkvUv1EvgumMcXsqcsxXA1GPjh7VvDSW3BGHIMCWCzpkxbZZJ1KYTAzu7TbDgyweF6f/9it9smJmCh1jzVG1VUbLIaGAxKsm0XllTGlKiGWz+8fYA0h6HFd0czJjY819vVMGjLd7KEGJJWuJ7L+enpwUB4OwtlW4AzHvfbF/eHl+aE3EFUhlVWg7oDo5sxUOmRJRDQ+qHaDE2BT7FOaxhad+AUPqb4ufv85Ztgrdx9b1/k7jDS8jmKpDdUaZ6qDf5nn3/+Wz/47dPD23fvHvYPt02+wTCREEsfw5EEZWTCafWzyJgmd+k7+hN6fiHhkoqXW6HvH0Z+huJwCp8/LXu/DH3Qc3U4JawoICOt4nGYruqGW0dMA5ZKI2GFIiUhs9KDmLOzUiitk8RnsSk3QadICW5S2yTIYH4O+yTLBYRXpnJE0iAo1oGDmj2FtktyofyqFlie0a9qi0m4r3HdmlU5fPDi5bvz+SdfvX16+zApyUpB/oFy1sBg4KKWD1+/POz2yRtKF7eUEtyt7jFntgtMRRg0eH+2eK62dNE7Uf0JZUZVSmq55XS73C7z7RfvHmztjdS4+q3vff7B65eSAWseTDEfWyDcJsESNofJQebTBqdMpNzhlhzQgfNG7wAAEABJREFUTNl7GOSU+vyM4HFB/lLEdKE+4V9pBLkVWvo24whj8oBHrr80e6siLjHutRiJQdv8GNDWc6pbzynrFGlNgdGu1gPa1CGZ/AzQSWtoKec+Pd9/9erhfkD/1kpKIuX8Dd9M/ZJ8Tc0dPlz9NvWvt9ZWQIBffP90a3+eVEgczL8SMVxaRjxuo/Vb8v05P7+WGLyWlrO7/MZqfALUwP7ZxSpaYAzPyzbWB1/f73uHjCMun0orYCMC4tTWn8l5/cFuNQP+XXktTjF1JLHbsZ6MTmz2qyUSEZnngaCWHq6wt4jxuUCxs+yYclbhXHzdIUA1JawL+r+4uCLfKAzVX2VF+woLgKR1ONuB4iRWIdcngRSu2up1zOKexQAN6X4o33m5t9VzY88cW1LmVE+XiSSJgZ6N5CZG7wcKm1hDHnOQMl/ykN+dpuZEOo/+MzXCXEstB+TrlS4Q3UL8IY3WSA7ksBRRVKEolLcZfawbar8ms2n/3z+Bjzr8zvDpi9391lBoXNwgMwHnhRXF1OHRMmlp2QRxhhrtLXN2jovX5tM08TH5tNAjjVnTHDrJ7jcHhCOD4abDn1Xr07PP2uqlLPhJFDCXM3Fn0AVXUze+DZyhmBtOlEzP50xSUeQQc+O91ZNbWMG+yDrXvLmldqIsPs762ZadLaPi+fSX6vWrCUDntOYscOqV1uFiWScXy1ptJf0L/l96np1dXuukiX96sSj+poO0S87Pr8sTwrWtPh2Hyclp0UkqSsr2FM3YZasTDOFubRsic5n7Tv5snfXja+ozk6hCF61OX4NkGKCIjRkrgRaBR/kidPPpia2435zCvXYHu/r/HK6JAV8eTel7VQ4oVft3HDEPXqkfG20pZdkUAf1QmaHVfpur6+HnyR9Jga2UeCqejIvXcmFSLMmlo0t6IlR/27jvTOx46L3IvOsO2V00R2UzkkSmsiBnmcV98XINVCssaaeVnasz+aqMZXH6lz9a7qIzWL6D2SFohnr+VigJKcxFcxRskI3F/UkV5bj4gVXzk/rPuMkTmYYBBr/XoydozqkCEZoTxEg5P9GGDHFYpfeJwmHEroxvyZarh/3+xYtXr16+Phz3L1++ePX6g9cfflhUks6ZQGDc8c0aBS/ap1XpH/oJ6OIlPscgFUaSUyCzcQWNiuoE0+ztJCXJQSwB8tDbGYLMUMZgCe8VnBQ7xN3dZksitfAI1mVWUn64PVePxUBbBq14IACzAVo9ONFNWXlRAi1ewoVchToJWTjsD+KkEzCddT2QBZlOT3yWNmLq5iZPpkkulbD1dMVVbTZyOJVQIX/SWftJvgKLoqAU6blv+zorzGf2laKm+sh6eBSkEiOeGaPVkXAskIVxy2jJ9Y7tHiDk5fJziYQjlvHiCscWlksyXVLO2VBwlI3KDLkD30e5FgmGgch+wXq8XE70lAZ2scjUAzE0ycArtZUD6iFBr5Y8v6P0AAjyqFVHkOkiAQQM7CbcF2UonljTejUAgvVww6A7mqA3Aaxv1MLRBYCDmRVLD0BrxFXy2vNG5vokQ5NQ24fDaDZMoCHYZZ0BiOQRTlubtIoHNubid6EngOvmi/0t6YKwSsDgU682b1qJY+eLJm++XEjMnLJTqLDoZijoIu+PTM12O2y3RbfAsS4SvZujYBgmq03gHKEKXvG5mR+U0dnknJgGmUm457RGwUJxmRPiSFNqgZMxiwCDQqFvl2hwaexZIPRMyVNkFKqlmjBl7T2b5qiHfzo/nR4xM3MymEpz1IbOsJ+Xr1/fDS8qUwJcOzdR2+w4Ni3MYkDo2dxU5us2FOsYkUUjyYLEzSThffpt8uhdp9r1FJqXbXK/lPVUcsid0CyJDXxQrb2h7Wujc7UHegtOqysdgTYNPdqd5B6oPTw2xx4g0QNxmfli80NpMSFuOJYlEogjWi5hx25sVMoGxrWFEBAqK0EIZfKmOZyQhUQO8zZpxlKa2aMVbhu0sSsN0LxEf1w10iSi3rEKofnBlvQ8mZZpAy5jkDaOGImhWUUgw87IHncwffaA7OA28ezqZ9YKILO4xUyw6e3AEMWXsTTnRskY4JGYw7j5TSMze6SkL1cFdXYHOZC2LLaUb56q674oImyVnTzZvwuntjV1t6FFZ9tbO6mZXLf1cBuGlBYY4MZSCHwd832ynVqiQ4SGSTa2K0tbIf+Sja5EGyHTAfAX6uAu0OKdHWE92bki8Von5SwVaWjEuFNXbXCzzlMpHSskiPaheyOG1kInhaiuLq5vRplwaLRMFKmHdRHU0lVOLkdPEUaWErAg+FSARDfDb6+YkBwF9q21CzAEiNAQmMqXi40GCoJevsjDK2Ji5E1zNiDJQrkScE+ZEaoZUR96G9TI1ZhxAXJ2enz7cMLryXYB+8D5dLLfQB3Z1j1bv969uL97+WpruQoz+BRwtzlysE8e7enMW3Y8KJTzPW7AxX5NrjSVnu/v7l/cHQ/o+5cNocb8PduVb3c29tg/LJO836I46nYdoTW8Yx0vxcXtas7jdqhPeb6cKx2S7f398YX5Ii9f3r+4Px7uLA/GZMhWFWpp0D4/MC+FJEmOfk7dkWfKa5i9WpEa4KE2I7iqU8O+wccOgO3ZuwvW1GMHJTtagKf5bn//gx/8ztPDu6/evvvFu/N+dwLfPpXrJCeELN2GBIJgjLLQ/UICw5GpFubAg9hB3pcBHKxshnejBTInkd6EjLgXS8sqzrzsa+4Lji5MIZJvc2WTWGY3oUZm2CP1oayJGyhVYMCYXWHzCmV0FpgA/vYkHxGtHwCyaysUVKHOfnYloysFJ+b38mTmDipkZnar+VVb+lfCaKg7zzx0URtLjLAIggI/7g8722PeXW/j0xmL/cYGevTutrsRxP+xWJ714w/vd5uBuOqMWjmofBQcuokZ4LQPJaQxlRq2sGJOl13Ipph/NkDHY/v6pUExG/iCt+vTBIfh6UK9OPI40bkTKcLhxat95T6uQpXrpPwiK4gym5voQSYH27S5tbwGXpPUtRgplo7ApggjHG/Tx2MP6SGZcJ8+Y0n59HJ2CHuVcJaXGE64c/UmwDA8LuwHl36s3mys5Jj3NdqDZRcQfB6bRrS1CDCmFZ674DSBJcWq0jDkgJ77e88i0z/35SHKOjh1aJH2WXTVvALAlw/muKI+bqV8/abWP+qOFODn/lziup301BwEcAuTn0MNq8vMoq/q2H4tGtnlyIGu5feuakkBrA6dl1C4M73SwuyShWzduOT1RpxbiY8Q8fiaCXz/leOSk+zPzP4eHGQoog9pHZ470NhQXBdxXO7s1bDEHJDks6bP9hw3veDORRZ8uRYvguIHWB/kiAdXG72O0kKJJ7vKcBYhIFafDk6kG52hJb6Y1TAv5WUT16Wwxk0l2vDYtnn+cJvKq92tvjBbkebbV81sxe0Mt+gGtX3QeAZsy1h6Fjze5AyiQzyO37KaZAD1kIw1+7nGlUnyv3k6YyD9ZhZou9m46HMTNy667fn+5CTeKlfZoVOZH3YPJm0jWQr8h189vr390NbMv/z9T3/rW7vjqMIqykJBJOzGji8lJF0pntW8fWlHxlbbTIP+3xzz0yN1fnau3QzycQXvr4iQUnMgd309SJ9jlchIATvFc3NjU13Xi1Eo/vBi8hKnb2yFtRzJHJCVcVg0eby8VSF/Xjnu6b2V3NZbqwOGzcdEe3d1zZa0wtz+3JX1a/f61QSg23PIswXy+I0fdGj2myp4+iH6rtme49S+u7//8T5LcnqWBHEj2Htaa4UEAutn8sqJJW8c2+xCn3jP/ZUl7K5tenalQrxzjrPloDO31Sd0uJAAonwH2gDG8GjXbIs8U1vK88XceT48ObSui3x6/5jMRh8dGM1JSVp6T63r4jPI81rXlELWql+2TtX5dMlR6UXEpy3PJ2mLIQBsabW5OFpO37g6Qh3Grz+N5EA4cYvWHG5o4V4nN1q06PI8hNqAhFXyOudMjjvnH5t6cMqUvOxG+iS+SAJIKaQgBff6CjiVvd7AesLIFTGW3F1pJCZuBR9QCjBdL1OIWyZq580+Ttp/SJ+x7X5LZqYsoOQzK1AqsdOAGNCao+vBYbu/QxB7/+L1K4sGDbOgZiXQtN12fzy8ON4d3BcnZKb25bK7FiOeL2KbEJenuqggQoc/damZkgLAU+jUzmpW6M1SyHN6AMgAhKCpI5YeDat3d9iWLU6+XoFzXW773WG324sJllyoAefiUFTfYp263hirkLTOmMNAtRQZALW1FKs0OaqDCcANNVvsrIAtWnsNzI5W6k7fTqdHC9yFUdqfA+NMqf3aZ84WyV8v+CKEbrUoBBWOij7olU0clcIHRTojeWo8iLvj5AepqZfACi0RjKBherpliGbMSrGAa3i9GCIAGrUIs/QvKE3PLEN4pYsXTy7PqHxJFa0YmPFWsCY/gnZ59t7DA3D5EWpiG+3HejqQmSAZKBEvdyWSlLwplnj2zmHt7FrBVB7yU7vgJp0Z1Fmj2L+RYr0j8ichlzkx2GxaIwDvUAxqqKdQX6nkcN1Vd/NTVYs/tmSSHaT7zjQAFvtQmccZ5L1BMZsxLjRJL9OJmAdcMSiJMgIUTcGQ+RtnCxmG0fFOIYt8aN7lTR4KxztzWDkEhEeAS1LNYCSxy8eoIUPgznSWLs7sXS3EBzHn1NJFBpyJCG83tAVmHRB/jqo2e+7s2Mq5NKnHpuVvbGCBDu/3hh7aFeFNIsf20dP5NLI1ogXqEFgnZ3h/OFjO6XiEQQC8W7J9vl0ntVs0ZNomin3QLsYm/OPjo4RZbEyOd3evppd3d/d2QIJBI5FxFnSzipmFEalJ7DnNC8UmKiIU5mhn0bZUPJ5koo+kLIHndoAdMM29hI/gZA9lFhukqT/orSnJtBkOiRlHGkEVieNJNWDRAAymcpuGab4Boa5OgZU+PSYewewM4eoyU+LfQyMeyqz0oNbj/E+px6RSdycEM/3kpahk/Q2iCpdY1d46DBUrhMyzGu55IqHRr0ABuD9ZyBMRYTUj47K1tMGCXSz8AFaDNJI91EQVYdJyB22uhb0yRXWRURikbz1P9nAvZ3u8D6fzo62Pw/744sXL497swIbJISTyNCbu0TBDMqJQAOZI0iLz5IkJ0MPt+nfCZGE98i5J7K+xLlUaEpQSymRhC92AJeXWcHp8fPf4eDIbfDzgn8RUH8UV9gZVZfUvpUWRAgUXOTWWPbcNq1CRUzGI6FIn7hEuyozpsdnuLZtQUTTjxAGZ3EE+hAFIaoDM8bGMKQAp7uUT+vtd7FNAyuxn6EGNdCK8B47SErKWzDkqzaxZg39mbxCEfdtZTKlewM2hFDS/CwNjJtc2ZTp7GNKJahX2jB7qzjJ2TJ6NzI40l+5O4D0paZfdzZR4JW3HVFnzQRmo+XI6P7x995Of/vjtmzf2tJBZ3B/u9rb1m6k4GCgsXRHugtjRGrsLYv+6fyHC+4j8zawHYBf+wUcfssoYd1292TcAABAASURBVLpHpYQZkLEsTq5lTmz+YGfsSb7EfKfNR7NJidvYjH5HzaDpzav7l/c7s6c533bbw+F4j3/v7nf7u+1WvsqgGhm2RRZLlix4do30UM/7T4m+HFhMjEvq/akkTJddhSG2y8BK9FcBuTT2zDax7ihFsKBFKPAksBObVefb7cXL17/xW7/z9vHpF1++ebqeTuDMNqSH8YBhb9JU3Yfml0UMVt0EcNxJDg1Vb5onKe3clsFnXReI7bZe0FWXPX+diIeMBIycXEMl3Mxi2HQRagELCdgFh9huxogZstAK7h9oRqu2tu4+59QtEuSGksQlVIXlyMtUr64oUqFn1MG37BJoiRmoCrpDSuoKame4ebNZVBAIwR9IpzFnrLmUE2rJ2NKQjQTYT9g+f7nNb7/4+dun87vzzXNmZAyMbJsxYA4j3f36bnd/PNrw2a4Hc65yLVWN+OPSrbQOOnBakZw2sKlArpuWX98fP//Wt3ab8e27t189wtpltMqFFuClpi+frn/0Zz9FcUatv/2bn94fRu9GxQwe0futEnIcEQU+DMzISGjqGy1/rQWymyOezH2C5IWa1DyIW/Ig0u5bYte2ipqWBaAopfa+hJKanb2NWAu1Lp0roycHnLFG0e3kteoE9JKHoMtZAhjs568rbMWx8/xsKcYnOxATDmvc2IIB/fLXihEZgWFqq7vgJzqaHOyh90Lu9uxS8/PL83eXaLQtQFcf3fZNEK18T0XYPmDZKe55BSnoryUg62VMnt1682H+hrr9GKQV5BW3mtoCM7RloHyI45/sNx55jjgYc0ctYu/cB8shiLQcNNeeJWstdf2F5OCfglD9Xi1MsTjmurqBlpaa7b5lxnPSncWTbktAU9xt7A8m3Alx55ovFkcW/H9eSebId1xvnxwyfJq0zpPwwwsNJ784xc7uToM4OJm15obOvtoNv/HhvX3hsNn92fbdF++eyuVyPV2xv28srT+SgOUF77LLMHKMOrA/SZyO2UnO4eIEE0rXSVSZmjgkrg3xCplTLbcYppbdxeG2JRltR43kFFFNTbavWBC2T9P18Xz7x3/4o8vJcsKf/v4PPv3g1YGeJj6GCB1RG67FfM6puXiz/LQqyaSYKqqiqZPMzJwcfUodwQgYaUk8xBN3RqlLRfmc5oxMvqJSn5a6a6WZkm+DRT1yUxQdy8K3mLB8aURXJrLPI29HychSjedK/1VaCvOXpVjbsyNoTLKQ+ExSePPKuzhGK3+xeft1e/1KS3CsXy12K7mivvAWmPbPQZ+XQ7z/ZvsLp0Nbvv/sOH3Xaq0vMUef+860JBJbepYgWt9SCpORVwvV94e0fNtztqlv7T7p3XDntt4yw0nR+ESA4nnLJIaQFm7YA7+TFGfqViIpjHHQNj2vP0mpl1ZkVNt1NzQvhBQe2QFox7rd1sRpvqFuq9+qH13NoWWheGHZDVuY3P4oFoS/xVDlGF7fYnXSKKhJssM+AiEOoCOqMczikvCOCBOyla9IaYXyVC7f1NRuPNHpr36bkm9VDVCiphyIBOo7lHpBCvKtRXqlCU3GVEXvW7a0kIr0J8kH2aLWFBwWhC2l3tDUShsBx4asZ2AT+92n3/rk29/5zgeffLQz11yV+GCiVcLc5sDvtttRaqXw2q9XQcxURUVTPmDCV7Af2e2sqF1UHTfNTbkDuINhXkNIXBk4QMwBmIsz7cA+nlWmdBMjFUHEFnrT0jIFKkJxZlTj2iftshDDEpgTmi9y4oDGgq6vyhXMSU40yoIwFbDj+RlKJUHcqjiMGpPN53ngiVnq1o6QMAjf7eCU42qeHs/Uhdih5neTUtRtRys/MCVvG19kCQRzA/TVVU+uj6rvWWBVCDIARZzmDUl2vJDJ++Mpx6Y8Lb4OtIdd+xrztJwlM5/Q5Xyx5Hojy4kEok3yjnvk5an8VkLM0sPlzDUEAWrazBJ1EVXNanx+uz1y3uBcxCa11qhn2116F9PMRNC0LskvhofE7lZDT2Z1H8SdNrkoLGyjlHQlsDxtQSEHMiH4hpeDIOk2e+usRMhb/VmVuFHxqRQP3JiiqVADVOoU0R7Vq6NnUcPGJjoVYUoerdisbqiyJ8ZdWP4tLIDVujrMsBvdV+YID4EYoqZeUpRQPJaksihjWQIIjeQypHAQLecglGWZoubqbuQxDU1KydDZpFQ5MDP2aoTeNpQptzbGW7rRTg1tTpyjTWFDAnsWFGZl3XQtdzY3doLhnAJAIMOW1+VyNvTp/u7lfrcn/30zA0ofJZWwBxKHOWNoF3TeR4jz2L0gtWKwPMquZ9bxX0nP3A5K3LiEKJOIDP3KgorNrYMpnBryWSH+QKgFJdds7+PxdZcLb8oswN21kIhPUvXmrMwci/vayWMP0H4rKsG9XsPrOBLLDvFRPl8E1kWqyD4ttRxIz4cpJalFwQVExVsKCpukou2bNyTZkBgypLKx+h47wDCW2HC08XrD+sF1VFbuC31qaYH0bYWefMwPjRIVj6EfjQaQsb9Jfzy5jgamKFSqbfbz7JoLSQNXXGJGTQ7p2WMXBteXhzSk0QzRmKL+V4fzDQnWBmcS8b4kP18EOe5RpxBR5bY3OJTvNMiheWDiKDYtXKL4b9/wImwRbHq7Ve9ihwtmG0akbZXJVk6r+Mad2FCBkyGrcAVgLrYqs46Xi3ICdj5Lo9hCOOzvdrs7y6QQyWWqKImfLpHJNlCugcaGWFr1FKHuTlCdGDG5h0z8GAD0q5q1JqYmbr1gQpaohRwZc8lgP924uJksGP1pKYRr0sBwH0aVqaCWW1LofLluzxPdESDkKESoNj40elmiYLRYyBNCwR+1LteKKh/MPvQGPT29/eqrN2/e2EWiv8MOexrULYgdC49X8UEiCo+y22Spa9ue8ccW6BvKxRpXRFHvB+RHkQHUEJHZWpWz2GUkzLgJs5xlA0tu12ZrBWoHNggDBV2AxNmxqGyPyVuBOPPfETuppUW3rJZj/EzpsSSWrL7hPQzdK8xrH9IF21yYIPxjsgly9+rD83WG0oKxeHQc9ZZuSVbOdWqLQ65gwFas+Q6ffPLpD37w9NMf/+jd02N++2AJvdngTNkRd4L9QHnN5MjdP23krfVD5+T59uzWqgpRVirLfWBdskSiNAKcraVS64zaNRNtOJwKbcnSWi9cuvJ29shK4isy433Lq2EqvXMWaboCtb3eRqxz7xaR5fDKRNA7Jf4ROCcbI6uDNDWzRlSKQKxqs7F9D36mTdqNMjGJfkg+X7AjXqb56XZ5MFDf1Z/RPdusA9IfO4iQWebJDPGLw3YDijjIhxGmRUDlNvQZ8BAoB6Ytex6OlKGwvDX6bt/tt7b51rqz+zsVM/z5bL5Cq4+3uTyc849+hum7Kb/93U+O4PgnzmY7P9Dngl6O4l+mHL3O5MZLSVU2JEf9nF+Rx2hLbNj/HjOtm149ovhVW8/NpkJXl9NuzXddV1ybycZYWjfIM2EbHdSiIaxg2rx5kBXQJs+d+9/8gpfMvD9jv9IFR1yjPS2lr4fc/S5a++WB/AqkXgaifcMHc8T1Di/2GCs/i4YXfFlZq/6r/M3g8vuX0zyjseJ+ri92MQ3Z4+gU1mY5a/zcnkfgqV9zzl87dP96W5WD9/FOK1Ahfte/4efLflyfiy1C4/4xXfeCP3eSX3oWqLPqWDFLDuoxTBBB4pDEJP5MzkYOQYnULV4tPot9JCFAqUtZZo/7Lk5md8hBpuYZ9urTMkYjr0bLI2d+vPpu0KtmaqypmObd2NN11CAVj8/6SQAek8EMmTizRZbfKx+oMqeNFli8eTxlllzFRYIK0+ClpEAkK90hXOEs+1p6b2QJ0Ij7zDLWtCgSixMjtxvWmLFSUhuPqhCSEaQ7HZDmZ5eFuhqO7N1gEqMSFEanyzV/+Xj7p3/6hZ3pfr959WL38rCjHwgrFnKmiDrNUa3sYQjlpZQX+RXfkBYSxjLnFrwtB7qygDeN+liyHarskG+eoh4kBFYY68XRsm+LpW+DPlmy8zW187sv4NBcWnsKecV9DjFA3+xyGAH3NrvNiXW8WkvPFmhH1ErLYZ91Oq8ETX/JXr82AHR/kqsJlJyG/2x/W3mX739vZT7Tf6xMRO75mrS4sOGqBdiphaXfammgpaiamS2WsXXz2qtRkh8o9//n1e2uoOKI55IYx/pVC9kPx359fUvQKPcdRb42gdOyKjsK+xtZ0eRa8qyDy66Y4yFlOBU5upc4UFzcU5XYvd8DD+amu9bkNA1/BKFlprXv3kLz9nq+AWvL8VaNMTpNeoVrsNmD/NadIl3LAjTHffoNMw/IrbLoXKU/P39SJW666RyssBf/qDr1JvuNl+quJqOiPNUFcXP3swipjuQBEYfBVeOqD69YJx4jNYHYNUv0Q+3U2ViHFYrmZaM1Twn2L6mCEpvIFJK2Lcriyw8+ePX93/rN733/N199/KHF9xdU3V8muPEzmfIWC87nU2J19pVgKEDYLXBZmI5KSOB6Pj+eHg1jPhwPBnvSWJeJRFb7wMawqravLPpOaGqE7a5FCwgcZPLGdVoSooKJ55gJdQGAwNdmkgQLAMHrxfbngVS/SllUZUE2aUNIsYL+5uKE5NJx07ui9N63/EbHWsrLBkxw71Q1jK9C8Y0lwRzbBkk3qAHH8W54XSWKQfTWnckqyi0Uh1Hv3FxGKs+ThSvNUB2gciBRUvZ28tzpKNkTrggH4cRBmdmKp1GvmPEZ8RRchpL2LM3mXkjUC1kCNnHCKabtzp4GIOgR9NhZvQQxRywlkCU/ykgMBE7i7FQjVZ+16go4bWQqwnIVB5bYu266UD3IRLScA0XiV729cWPFwMQ5QHzPe08i3pxJUGXBfmaeXOTxAveFxfJMeNAhdExWfvpMeqaBNDvInu5ZKsAsDyCzgU193HgXJyaTWGxjuynd4ydpjlUYqJJVb0mo2ybyZFH4a8NmyYLzeeYcYJuuPLpHNyi4p/uIZliFxGM+Grt+NHCTQ8fbt4mLEB04i9P/OK8o50qcGifOpEWzm1aWk6XyFMeSB4hXcGQarhKtk2Z2i6rS0GhSizb3ddwoDcdMzIZKKRTGsUdI3dXxslEZ2kBqmH1pO28HzxwkoM9ng7IuGNW7VxsqqeJjaK1HE08S8tiRy4LuTzg4q/UMJTjsD1RxvTlPCpXXFdrc8YIoRw6E0eeK209p9XgCh4QKqZo3aTfzN4R9pxWyiQerDcuGXPpzqi8mFMw4okH7o9WIBykKAbCkkcwWrrDMNDUdxqzH4GtRKT/O+Jo9U8GViY57U4uNObG3G3iFyneRoG0GEx0tMTx6lMo0MmQgljk7kTBnJ4i31vWXJUCcI7mLDJpvykkyy9o3OYtmOeg0Pc3rixsIpZzkxftHkkqjLUmlFak/mOwBHBnfeJR2msN+ezweuHFgXIgeUuddBG/yNQYvAYAlLaN2SKwq4Gm5sRtArrr7gKeVKdTmDtH3sc0sfuEjmX2NAAAQAElEQVRTKF7m3x0AZNH2hyPGBhJMrZ2vZ1JesCPYDQzbHdN1uDPMVRJ7JbclSFhpVMuIVip9S+len7dJdrmcLFuCjaK6oDYESQamu/IYEA4jFsKvwLUs15h1abAq7DNG4YdhFOGTM0riuDM1lU8Qd2nElqcrK2agPpGCmyMyNRBzfMRANiDEIBONzGvmdOWLukCNvewxnrhUEK6xzBHMmGlIV5ztcjqhfe6NeVFIgkxsurixDPBuf9zvYJHPIFDbqZhNHAlaygqNmdxucR/xRRXzIoGFgb2wRYG2oXG32VkImgBTolvDZtCWhZSqF2S4MHcT+gx0EQlVedvYvtgughn3JDcuJXt3k9tutpz3fmPbJ2pOCuNgpelGFT7ZBBvZAXdkaVpVc8as7UA7cfJAtqcxSg5fnAC+doPmEE6LLiG+SbTF805L2NBWQUP/aHLv1wGV2IHiwE0blNba3f2Lzz7/7Ld/93d+/sUX2EbyCXPrYilVOYO0Yd19j967vlyyXwDzVu7sqnim0ceJmDgUjFIsogULW+Jy97WUJ2Y1ggrXLIVY6iSFdRVA28Zs8wo6Y86mWPqBF7gxs5Io3LnYD5mrS1rJhRrOzK7mNX7v308UelYcI+16bhJ2WzO6NQgHz5YNMbgE+SeQ/Sydu1MjM1sDT7fpBAQaG+oNkp+D5P3N/oJmbPmRHWoTULlVshm0l/dHuJe3WQo+eSEWe6TWg4qABEWZZOK/ZNvsZ7ZgsG3X1tnd3jbA4eXdwZbq43Cxefn2fHm6QVXlVOvP3j2mH7X9OLw63n3n27vDBrszeRhbiqE5o05dEHJ/OHkV2PFCXJGxgyjJU1CtayG0JXrNS8i5gj1XsEaYKAoLziJN+KZL4yjoeQ58J9hDma2HC7kA5BrBzfH5nyORIyzIqUi5Z3WWUDtAGd/rfSI4ZtQh6RxAb1pFvrHWlqM9f61A6h7fffOrR4Vauuk5mgyWqSsOv/8VBWLPDvK1V875/V+9h0HlFeTWH1IH23IPABeg1XGM1TmSI2cdp/j65fCIAQnEhFqmRH72R372O/d9khKloWTQTVvr03V1KJ5y+anD1YJ0WcST2aJkeNaWiVZGgERd35z+L4k1tabosOT6+IrxHVvQ6dXc1D1/OVeDg+A8evWC85RXgsrLjOGGjHEVbAIYtZXAHuGfVHX21nydfN62AB2arybcFnOv0Htk/tn+Ztbj48Pm+vr4xZvHP24Wpp3Uz5syWdVFyGIKtchzo35k9qfj5WtawOrT4g5klFXRsRcBKK0wDTWGVRDFuyvZmVvAECAqScqUOzYi4DBDPDJuSaM23Nsvns7/9E9/vhvyqxeH3/vuR+g6AaRgdkA5idObnVXN7cPbe9fWLdqS9Im6oxi+BWBPATHHRlhWWSCno6TYmJ1qL7ZZFps/5nUOhY22pL+a2ydZqtrnc4tfaC442cjJKssvtFvlWBfrtRC3seBkfbttfdsrUfXAek+oIDmKFHfyl+n1q6oB/fW3FlBR+ePs830p/Gl9eqxMaGu95M4Po8WSlzn8S/aa1bXk8A/Ch/ANRXWhufXJ2FbIb3bJXKynoQ3a7ZctKUXyLjliXN17fHZu38zfGwjVuHFOe1CYQjWo6Ia6QrbrJflKFYEo1whLS3KI1qW0cgStSc3xVmb3vU1QNzaINcMLLBHPT+TF9A2PK3IiOA4lIU8I+yNY3ROhnSoj1b17HYQ1kCVMoFCruFI3HWHUfET7q4WLqcsvKRLSslkrT8kpUZRVTSmoJ3G3uoCU0tq9Yn4R2PI4dH5ookzppHi+iEqsw0iYmHIV8gjALiT0sAEMNCt+ZtUsm7PNsMracog5V1UKWkC8YelZIRiwocpAQmPb7e54t7u7t69bGHt32L20eOj1608+/fz+1esEPVw0FDJH/+n0ZAEqCbmQVb2yMdFcbxlSEZvD4ZiO7kaK9MT7whjyjGAukyoHO0ug8WYww3jDHszWNOhchLAfergbsZ+AC4M03dSpjLq0EGCS9IXB6kOFSsUM7oma2iUC0sBrxJtWMS+ZaENVXyTkfqvqkprrI982JIURO237/T5TZAPBO4KojbYhuyYqLc+aOfZFxPLb7UAZRELnmdXowES4OqomKPEfLvmB0DBFLMU7BrZLeVry0Abyl0dA9JIRkFDs4HocFyLIzVOvM6HE0bNBtCXg/iQRzJPwqHAdhFChJb1LURtWu2+7/X67Hb3BAjt6QU9YPf0oVKBlBL9js/X6JsLHqdHJqsy4u2geFZaJ91ErZgOQvNzULp21vyRf0Y+pLMIXrWlkUbRAulkNjVAJXrXNX6g9Ksgzq4QA9MEbxGfHKq/oRqTqCi2WGwn6o0HQwD7Eqhw8hlXVF26UywMlrygI2Ekawy5tg85pdMvwLOx+r7I/pAQOqE4G/dPC3p03jQQqNwpyZTE/4U72GJtL2VlCAgkluy6bnBVPytECEvx9xnASstumnXe339k0nqm7/fj4VNnRUSKV2YlFSLkID93u94lKCagoI+00q7Ujc5biFSKDYktvM9EoYgockU/Ytba5TYVdQurd3d0GveYSCY7oH0hULeO79rkNBAgMgDawzN6/zdc8KXdJj9WzgSLAFlRFbHasP2AZ34bY1nEm3xM6B+CuYRQ3OeWOsWI529qmpie1GiYUaot8wap8KPDiKRh6drZsF9QMWh2pkUIqCrNFdXaVfCxOWBpUmEMv92apARZ9wz6KZp4pl7G1/BetKCjp2kKwtG+08TRfJVGFZqiuL1Qw64VQDFsi1rAHqUrleaKxLhRdRb3GzPV7d3d/PN5BFB3Pkck5qBvcqN4iBc/izEHi6A4CeLcpDybs7zadinThwEm/Sjidwn6NzVMzEx+QVnDhQo6Y6wuweQ1Mhl1rvY2wZD5pXUXPw1bhHhECp9jICMepFmNDTYljfYmcFgQXXC4LM5iWRSmlTDkTSquYD+NSQdQ32TALCUF9QutmCUEJ13oHudpuk51gJ6l2GOYls8aVWaOjIOixx+PGxvR4d4V+hoFNliFF0zz8cb7kEfUidkyb1cfDHZYUwVqM5O5AuRt0ypyFsjb0woXUOXVpbLFuxz2VoCApk122grrhrCZJzxLqRF/obdgkVk5OooF6dFnhigPQcotsztwwZ282inbFhk2dr2M5Hl5soIFjS2/W5i9DpNpSW8znx0dDkdFRD9zi4TpdH989Pp3QiQ/q6ofDQH0kaAscBvXaK2g5CyWctw/v3r1993jB9g0Lz7ylzQHb7O6Pd/XFC+VIlPo9n06EHQ2s3nz00QcvXrygwbYTXr/86qvH0xO1mLwngO0Tl9NTEWt5tznm/eXC/pz83YgUX1GKZZCujL6FyLZReaxcr4y6J3BjtwfbU48QbSavXj6ZwErkTQ7b3O6k+ei6DWlsGCJJa7ChhdfhViY7SvbKHbbBi46CVJ5KPQhMnshKnrYyg1YDdMiqq80L6iO3rrVnsYWHzuEbZiFWEYXmNaADVLio7UpNI1Unband39/91m/91k9+8iPbyvLPbNzsYzfUSNhn0ni27B3JDGhH6cT+megnhoagAzVGlWFhBdL1dk6elh7U+leEVho3WHXVz3R/mTCK75IZBdR7AL5N7O88eHyvBDCXvMuMTl7QjclOpTv1aq6qPVci2WBfZ4dRYX+WBi9WTupNk3tWrVji5zpfGSbAZawUWBXho9JmXqdbeqoDQKpiNgj5JktLkHBgo3Od50fbsKaKTsG2lG8sv2SLwAmdctMOm2BpkBG53h33n3zw4Scff3x6ejozzQWvLLuoF2R2pmvMk6YUJEmGSQArk1IJMjNQhoGJfbyeXlY0wISKa5lsahrYDW/2MT+dWBGY2peP5z/64c9ev/pgfzzsDntby2ZiKjkTmZwDxKclewzWRJ6kK+1OdUzZ5PykFI1iUnMxmJR7cJlWdMKv4ZEdn43yc9cJqL3Z9CQ6pSywA0TOQALdmWkoIT8iTpf3T9FZVV3fOQXG2kPDvIq80jpmzF/DlltaxcI8QskrZNnD7VXo/d6v+gdWn4l892qM1px3hwV+SbzfDxghfMrPgCkilpGeKaEY+fzaOgwggsv7x1/fYM6/pPa3fybi5P5Zr1zun32WhUiewPoa4J4i5bEImfqVy1JqMjjWMHgzodUoiVoheNA5RQsqSIvTGOUWCaGl3sa3Lo/YUWjBgj533BupHl3FbApsVY8q10CWeQCvuFbLli6V7FyxtEyqvnCiiQjVLXSAll0v0IVC1B9CbZX9M9HcyNm9+n8Y1cqu0dk3wOKEErrCY6ofH8fPXu1ebfM/f3o75y2qeUawtZC2hzAaI64qIi73EfHIqa01QqmJxpitiWDWSZqmNKJaHwyOLOsbxdMYgmcG9UThcFT2qHeVNIYAqhSzsxoGkMkFgN4aOyWj0KyUQ22XtvnF6frv/9GP9rvRktnf//QDM+7AChiBYRyUzKyRp1iSaK0QbVctlRxfjSY7JfTklMRUVa29FCpgImEzqdziRx62+PYU9O8FM/LeXAK7elM/7r+0TjdWmInmbWOzoQqrDGOtNarZ6lLSR8pjUTjkfV46n2RIyykcDBNYxeBdlA89BncSqlez9TWuJMvcQpYt/WV6/apqQLdV8m/1fus4spvm9v4XHazxn+IATWGY2me1bvpzuJurM/TvrffQ5lzd/usWGRpPHBKW6k5FziXynCmLGBuoeO98HPejReM3VdSZ+WuXlaKdja6ZTmFNnZTRuHNkKT7oErFoo/mmjC8tsVthnriu7zk8trjQRDtMd0VteZTAa0va1S8qk9qBApD5poSjE6HJokxRMOMlL7Ng7dbZZ4MHG8k7KEowwZ+e7D53n5QXwFmbFx9NDUcBQbukzeTNB9GsrdSluwegUSeXlgRi1NKg+5DwP5aZqORXjVCKD1KOnKqXZkjzXva+RIo/BQYQxoYMUFnbYfCpIBapWq+0KMRLcK3H3B+qS1G37JpC2ozxW+A6rW5r2tm2sdugB9D++OqDj15+/Mnu1avz5Wq/N496Ow6GmxyOtrMk0PWuZHiJ61mKwEPArNN0Op/Mi6dABHHhzcjQeCNPcrc3G36fQGuyt9G0jQ0ZEepL125D4lb2kI344uApH8n5g25J1RDpf4AyRhCB+LPdsiGGFmhc0IoKfFDWlRNpuvnHoE4nlU02twG0Z/srIWxvecEnTr4wH8hmULSL6mrDEdnhcNbctthP8Kj55HZ8QwH0gEbG8/xVZdcZVzVl+K853YQ1E35F7fF8GyzoZlIH93ZlG7fkYNSg9hHeQYItsDBQ4/Dw8CifgJuWDe/OQH9DHli+XQU4CnbR6t1QtBfb4TgaPmFjq5z2jKBNPWKSmvqx0oqJEahF0mPWUlf/tOzodiL6bANGBV0C8cQUJiqhSGsbco1AYeYuFQBoW92yRLUuI0BG9ppXrVlSFxAqBuSgu44C629owwnaoSRPLONuqGkGsrmjdrjq8AAAEABJREFUZjGjIOXOQIss3vav2YxLwIsMsZxEhUu+7jOVUZHRYK1Z9dAJpGHgTQTbt8UXHlpSFILMjb09K5VZ7IybYZs4V+37N0M27eyb0V3yzNYbiR3KqIczDzPZXjgwGhyPRZRSO/UEXuPZwB0bYPv8SB69YXKXeiXRvRm+QikBKX2CronZAAix9OaBacMcA++xMsOhnmZS8s5OtHX7tgEYAD7vLRmscQXH+ri1ywYwt5EMiOzJIMkXgRF2LptdD+8eLWWEQvztwK50EzuW0epAL31i20IE/tUNbuZFtO0G7RJ7CjFzzxJGpwgIM/eGdTXdrsW1c4ibTleJMnvbutsM3irkNwxDYRUhePRVeVLR5CXfqZzDZGDGLDogDKjBlMzMbUDLrUniKWkg3l1lohFCc9rj5zmBtQ2+h3pzNc1nc9JB+UyzqPxnrbvMsgwyT5MCF+gmn0/iso37LZQcDKPbH9q4G7igSNDHwQnge8FKjeLW1qp3kpEm3TYxmihbNG1jCl3i19zK9HDpxHPco3sny2GEV7Pr68RK/LoZitKTSZIv9JoBQbIGcyBaPMtR8LA6AifY7ZFdTucdSPd0DxAp2ZXROsVmK9C6uI1IEXUmSV7P5AvZeibQDPmLdEhHVGAMYnARMwJDeCZ/BTxXG19L8QjqHCintt0epz20bQ2vPp3Pjw+PdjhkQMGUNyNgAOv2cNwyQ7opli6doUjBcceQsHZmorZ4seTLMNwprprnm4cMHHjmxgxntelXtT8PQQViiwcn7DMGRKPOQf0NeMcTH6F5MNlVZEnB8uR9F5G6bObhms/UWCzcZJBWs8MbPoyuA3rY5FfaMU7YSiCEbaiZJYeI+oCPqsz1tNsc9ne2dzbkLJ9Ol8vbd2/fvH379t3Du4cnuz+kTUcoGNiRb608ztjld4DlQKO2nYLMVEgRISFy/4LE53o+P3355Zsv3745k++MSqkDklb2Fxtz24kOY5HoJWptMn227W0zUI934P4MuGq3zVxQEs62E6OGaaqkgZeZ1KpxwiSHYQLsye3Mx5tVXoAqckSh1dPc+ldIqXia8rLwjurIGtsKhutfneRIEFvFPcXBBnABGA0M7rUv6EzYtNaFoyMiEA0w+9v6rMOWHRjhR4ur1uAt7j1q+orp8+L1q9/8/m9cT0+W6Pvii3rbmDNxU+XRMHDLoPrIrII6sUOIV9J6eUdB5L3QZtB9SMUOha47ccUgUfbYwV1IvHW9hQZFSujkbPbDkmmX2WED3u4I85twEQYEsy1tggZDZgIjbpl5NG4F2bWp6dFByEv1bYHNKN6ZvY0KWw6yfo5PV+2qKuEdMy2GLFveBgAwdffNTZ0Mvh23lrmczvPtCSLhLDrCYyx7SsDPlrM0aB5yR0j2Gi5gNoG7J/bi2zV966OPvv2tj82TuJyxMWRWimBvUs2Feoc0j8iyumslx0+YymgCtLbUH7PzP5nFv1xfDvsdW4AgEWQp6Eyp+1Rstye1cPrqfPrDH//w1YfH+5eHjz94NTeBV5KlEjqXU4gtyJKwk8MieS1XpjmGUf1dZldajmgQrlMRhsLDrbuwrVssLMirZoxgIvYUYydGzKDKhJFHcb2yFbOuUIoI89SmxcAMicvySFqnpTWk3GPwFRzcg+4AlhYwdQ3HeiCs6erszs4JS+l9xPnrr2+CqlvkjPqbOX0tjG7fhGWvgeZvPLWfrj37/PrXac2E014e4TbNkWZBymutj9XBM13x1p6j0h706rwr8IuDXh1B9tvNDgn3UY+psvonZ9cyZk1DcZwc3w52bnIuth5pZn4uwjq/FF2A/O28EkRQLNxa5/ql5ASA6vc8NHGuk7MW/HQSukqe2RWG7tkRxelaPsqiq9GlgEmZJk0boaJ6fu7cZC+a5nE1tqRPJdZvMSITxNMtbKCefhlyIlXt2mr2ME7Xg+qvhE7rw6S1KVBlTnm3SZ9/ePzP//Z3fv54+vGXJwt8zFU0rwWFE3OYbh9fB4ladTIi+s9ToN0fKhvz2bof4aoNufTF6DTzqkKP5PuXx8D0XxCSsJYUzhVJPFJRg6+dPZo1Z+9pyjsk8tq2Xa8VAmI2pc7T9T/44x+b3ftXTp/9tc8/2O2OUICGb4Y/iYrDuClOjLGTq1qVIqnBWhPoZCCK5wQ0czhfHKLOK8OgeV6UKvU1uRLt587uac5o5RWbYCQPmvNBs2+ZjQSWSGd4WUoThlYnXyltaVbpnaJErFaLU18pqVNtlCNfmDeO0whbfI8xLYJP8lr4BTn7y/L6FZXg8PRKW+1w/sqrXaVpCqdnjzw9m87dKZNVi62qhEaxc4b6t/yvntdN8ZkUc4wGLnap/mOKAC/3IwQaqX88HdqeTcDFr21+6k4ijtPRNfKEubvOzbEWHxRKNOiczXc+XxOtx4/dzejD0zfp7J/2N5uX0NL6+7DVGtXNKY4YiceIRnvkpuRjQPcpHCPtdtrYokSX3o16icnpD93FFAOom2wpTsttB3uEbi+ltT9E4ksL265Zw8CfGAhN31Kl0v2jIGG3JQJ57tj0qxKCLmYbDpwjMiFNJyvNEJOiCH8t7nmGBqjbYDmdqDzy4js1o2uLleT9aYsmHbOxKkglzyqDlAeCxLNh0C+321cv7l9/8PrFB6/HFy9OhFESNTq2+yPKq1nD3ogVbtjpHhRjJEiptrwDn1CNlUjcFkOtElhLyYUpRgfKnYOKv4/eQQ4y0kOWZhV2wS1h1v5gi9eJY1dnMT+62t3GQdlIUFzzBtAB0FRAZiPbBtPET+ieNwB5It1SUWzp+wDoXbtNCT5UQvOZSUgHC5mrogGByIymMLyOBPFRgKsOIRJ0fSLoRMpMU29wugLZS5myK+URQFH6HfQudPtUhkZkWOlOc0qIQOQQmijk3PtGZqUFW9NiqLUSWH578A3npoZyvEBcwGF3pzZ02sEtBWCgE/IH5Vq98XE4XkWlB8BDNHU1VJ24walbklcEVK0P7ZsA7Jj+0YoT9y1BoQJYd9P0oEjrrMLtAdLedhY2et5QdaDqi0ArBi20xn5oRHOBO6P8H22vch1vG84W95V1efagiIpKMEA3ZPhvhXzEDcQmPs0sudkizjVnAds2knqK5mQX+UYj3US01crSY8zq5qR5rgSDIbT2JrVQ6JnnSnkHzHY1yKMe7+ytNW4TWeTI4ZTDHuIPdGpI8kWls8EM4b5jdYwHu9YRuYQMrF1PkJElNUPHDRQsEXvv5NAMkrcunkfUWpMFbOpj1jxKUXVxIW4B/neRujdnk1Roo/zYUE7JcQCeK56ttydHlWkVNQ/uCEqFgH6/t1YzJKmMmjcuqcLudsUrXOSiM2nI+TSAr1GlG3+7XKjCUT2Gntxeq3ZBJXvUJLjIjGcVDm6IwPLAag2HfyeWWTB7QmnvbEifHc2wh/3+sHGBfbSrus5T9Bpt3FsIAd6gh2sf3uxs7m3V7UX/Veq00+dHOcHlehX23jbNNc3RB2sQHo+OrCdDUK7S0yARBv1BeYUt3Ro6dhYQnLEg7bDl5ntBGtle/caMYxNllbr5GyE4YuJrL6YlANu4xZ5do2WUL1TSc2lqZrNaTcYaLOkGOjBQyT1qa2DyACnYE061x86pS1e4iGNiP1i1GEUHQlBZQROelFRITtAZGnWCPBbwYwXZEXg3ing8OkCgNSmJQDV1PKBZQrDyrTqFpOhxYuqhBR6ZxulwvFk+9aZxhtB2g93Y7iBJkVlCg644MEHS7geGq962FMOBsAWMzM72DK3z2QlZyD7I4mF65xnq6w4/MSz3XZ3pEjLfs0jTXLY2xufzyRJzDEfAHxJhWnJS+BfdDmZg6wjlJgUdaH1wOaMY4jofj0eWOlUOvlQrQJG+8IVUK5Tcbee+yQzbczocTwezGzjOZFmmd48Phj6/fXx6ePdkg2gY3N1+9/r+zgBou24V3MyzpTPRXnDDHTMxcLpA/P0qL48jyBQvlZHMFNijMeOyGe9sNe2Pe//6ZkdOLtBM3OOmoU0pDOQwazFDrocGFtwHVCRDpGZvjwYT1A6y3W93W7JUB6UkPUnfck0LUqKKEGEEwnGkWJaTAxH0i1tp4S+7u+zga3id0nrvDbtyTi68m5uYUWlxc5+BYQ7CpfdwpxwtU9LinsdPzgxIGkMvyW4QsmCpANbCt7/zmaH3QknmwaL+R+CuajqVmA2lPHiAPRIXItDenK+g4nV5TxHLLFSsfgPNReHkZy6XqkU6OwKMDI3NMO0/g2AGM2gEAXJl7pk60ei3PJQUC1/sDw2Z/XhLZPT7IZ0TPdN82aQCbNmSJHKG6A+VmFpA3YmoKsjygqF2ayx7QShWqJSPArLLNJ1QoDNUR0QJCZHCTA8KUwONQ8bt3d2xDUzLilHZpj1amUDHw/P9GgFuoB3yK7ErJPYVoP0XquWqsHQ6G5siiMGAr4F0iA6gSAZgr0eVTXuXgD7byR4vt5++efunP/3iw9evXr54wV3am1zRnVD0pSF0PpMiOD3Tbg/jiQp+80/nmJwpLbieJy2W4Cve9gDTj+THlHYaSrTQQYLPJzPu0jc9UqtUpPVT1VumOCF0/nRkIXl5HSQ3L9ntgXCc2B3I1VJqS+V59inbo9AlfF/FYx5Gx4219zEbR0Jz8i0xhsKXbV4v5iVQ7deWnoNAS/z7nJL8PsqsYP5rb8ZxZZcC1s95uW9ihEEBXnR+ltB1dZnPb9tDUh+S5OmxiH5b/2Za+OX6wnIbnTGdXQyyxQDVSGPkQAIc+Wirq+hm2hljaYE+svhtomoEEJi0kXLhkTzhhLgcaVu/0Lbcfw6MoD17FJ2e7zBL6hcSYyqnNzna36GHoLzFDZQAEPll/bZoOeWFj+pgBSm60o6rncctsD/HtZY2CLvO0pDmJiN4BNBpqi8P4+9+9snPH67tD3/4kzdPZig2ZQcPwQlnbOcrq98Jvggh5iZCemxwKXkHEebqSzzIgGLKsh7lJwLjp3+DT7LIN2EzcmnE4to6vl6CG5IRBuS6YWXlQD/P9vefP17/8R//pFJk7Pvf++wOlhG9DJTiFUxkO15zgJUtbIqvbCIh0JFnEqBEljcQG/2QXUN1vZz0OIiVsRjD7Uxf26XbRo1Rbau1Aa+i5meTJQ7QOgxXVR8WqtLhKfAAdQndvJuCA3eu+rJYVbmLdYUjxTLKYeP9hmvY7e5/tPS+Nfv1fv2qakC73XPkroODeaXbgJcW6Xq7kyld5pfPvZz6XG/Zqaxuv9viIySfYR1jzmtiQd/G+pFXV9tiX3hv49JG3djPp++3YXBj582O1blaJ3khLXUfLuLA7DhwyGuovXdkkp3BFoYyKoDCxU2x8+cUf1ZSnuMMOYegvA9Ei3uVo9LCyHZ/o2+57MHSIiMu+z9ES1f3/7RJ+8lpuWm66uxWYJrnHAB0Wz2R7Blf3ltX6ep1UrGZCZziV7h/OFDsbkrWWVVkUWOUUPEhzB+FolV1MXlJsqqGlbYAABAASURBVLXAALqRSj32do/S654lTpg8kUnFCZHis7YZHIJ36tlHFECCQwwqBwzx3DWSs5twNmtrIsTSj0V9Nsrq+RcRcLymMhv6e7RQbzNiPKcpuzchvBKxB8BdPKFJWTgq6opqPbGF1bh5eU9pSIv3LxZ4U0lZleTevM9fdbpSnUo4hmTEBwMUgVJVYZSEIM1dHznUiRfPGhyWdjJVyXI/CjQ3MLDYvmIywHhM5BYTWMMVsr1cqmNl04XBcTf77XylXmwlGXUsrnWCX6L90hl4U+aNT9MtmNCFyXgtG4RV2pUr2iPeLvUsocMD5QtQeR0lV0n8HYJruXQ+v2PzdhdUW1D9f4sQG36GiHWuaiDRrOIHGMEXHpSIUc7HUIosvUww02/sInUmLGUYVrsdpyP6aG0LCMmzt/nabPTtobgcp/IcusO5pT6JdcnNwXFoTrtVyam77s0r5hJVD9DVXcMtpkBLV8VKrOHKpBGLmwneJUl2g0TOMbAQN92qUkwLVJVfhCoKgST7bbqNuM1E0XC7aX4YPS0oYb1RtlyNteZ6IUMVKDBvfWTt/pYdNQOiUIKIsJoBhsDoNQ8hI7ABqHaDc7ah7ozsIWgC7t6B7Cury70kVM4SnyRZWr4ZtOaELyrpFkoxJHT/MOxvm+2SoHAiavNWbPcjIXsUL4/qRKgitax1iGzMsHX++MQMiWablhaCdMWoRYRLbUcqmsBMaC7/YvfZjZOk1AU3N7qVG94yQTebdaM6NHJKM5XPC4Ptcca9b3lN68WL3mALbjcKeRfg7118TX6sBRsNKSuJS8xqlFWhHOIyKc4fUBAiEgGkPOdbvsic0pyMstKiSLZbvVXXOHEePi3PMOdriNWW8MSRCcuyaRSSZnazURvi/PR4uV4MvjzMh3076GOe3oDZF4ExvHoK7FEFCDofuJ2hkfuHOz2dnqiNxOyOdg5GEtAc2B7u718c9hBCgUJFlP1RohjZtjJhaeOiJ6RJVFPplBCIVBF4k31jfaCP7qw2qj24UrKKpzao8nIyUPx8AX/WHuLBwMN0TLjDrfs22BKG7v37Lsh71GRrDs6p7D8pU0j7UJOSabOXr2IjZYtKT4kMFGMoneq4pWUbUcyUNyyonNrK45L6kOBpJcRL9gLGwe+Ie1KhidhsNcjQQA9XrLgCxGa3L+FRKKyY0Zk2qQVl0tyW11FsSaLONLZtdhOo0ai2aLIQkkZ3MSl4DFutJOQmmc8gSxvb9/VysnjMTmwJNgN7U0QbmEWqEmMPUqxBVqgwdYG2n9fpdjrjQR2Oe1qggfpIk/INtgXl5NZ/Jp59vRh6CT745u27436/Q7rRlkG+3CRQdL2xROcKXd88twM9DMoeoZxlltaK7WY0BIaU3R4eH58eT42SVupLeXfYb5kktmgTjPG7u5cvXhtqjEa62AShe1u9GF9zxtOc1BlCWwIKFYHpDkq0JRyTZaFtDmP07Bzmj1CkZwtfIOfgB6JdRexNLcAvRWrycAW6glex8JAFfAh/iRo/73jtrX0iYg8adXK/jsJpLPuNH5eQ0fmpae3Ir3+dcu5kMS0O5a1quHR4m/VAk8AKKOrAQMFovnj58vPvfg8uly15FJapdAijpybgA8rvlCODBUIRdLTN8wrjCHq1VJlNr6F/LUp/CiYHfk/ZLoeD1AoUNRLk3dmqsNlyul139GLMW6tqaJlVSo3dZqLkXqZ8SsqhHewBjXvCNgfJOBjUjhVjgYQjitdU7YDJR8fXFgvQWpWIE1mhjJ6iGkVSVYUeqLFqCbVvk6VYUChF+j6BbrUv45NT7TlUZl68PByOtoa/eryQw1Et1wmnEjoc13OalW6kukvy0E9RhXOAOIcbMSQ9/9atH9PR7C1iOds7pGG2RLgp5IEczcDUlNnknR3joVUh5u+eLj/++ZuPX3/50QcffvDqjnWVoBMD0XVruoJpVyBoWwpWZYQddWk9xAxsSZYzBVjoxNUFcvS11EM273LsADQdN8ZIgvHj2TZnXwrfT9Fx1x4mOYMMNaqDPqtXdlCl5TVp+b3XKl5WEjq34CimuLYFlnm2/Nqzw7T3DpyXMNyDpta5Vs+vMq3WclySJJTy14+Wfwn63N/357ZO8vQrbK0jVxydBUrw88Zg1PcurA/HihatwLLTqVZQal6mkCMA/j8pcHYIPrXV6dsCFhR5eQ6d6skKcuAB1XJvQSVSC8Ct32lny/WWgon1HKtyZACBwRtG/ltM4uQhRiB/IU22fuRu8XwxBNlZsEoQpt0p7ZkWlgWk5uFVZjjsYXcMmrP6UoxJzsvjzdESMMBx7UVkWHkDjxj6RDU6jkpuzuROgZzoFCLP1Xk3DJ++uv+Xf/u7oHm0n/zs4WzfNpMysztqI+GcWX4za7Dps1tJQwFUIq3J3AZ5yUVoij9Hjod3kk/CN/0RMz6P+lSkwCs2hXG7zYM3r+KtRDaONfL2f3oI7CxPjchEno5dy5999XSbfnK6Tac0/vanr+93xad28+CYo8ZKZYk9Z3iaeWY6EXtBbGGS3dAaKblFvoBaybGxuz2JWvO0UPtb33kRXlZv/sJVTMBe/MsikqG7DGubQRQihbfoHMFwCHR2Zh1al9rIoSsby7o2L3QvbUFCAgYjGB0z4dnKFEgd2qw9rvrL9foVBaBzmD561sLyFFC9v+N5gsGlNfti7IdRpU9zb4QrLy0aGH2fXx1WE6kbsL7nex8ufaTDhZFz4Wb/bBekl7V4Ey2oyt3FWNn2TGOgDFqW14t+qa0nw1NUacTPSQgSCQZYeHkmGyPHUXMHbWksUhi1butT0vHDGEf+sb1n5Ylw50iqsgjCxXO12lmlmupSi6GVinhzYi1bJVNG6IMWsveRm4FloFjVTU+jsAGHwZX9HPJT07oWUWSOAEZ+JOWRKe5DXARZfvbZEKICz96TmU0useLPgWJXRCcLhyLa1iTvEeebj++PLSq7WxDISgCzqrYWRgDLWxSRsreBl1cnd9/p57kCr4aDbYRneqrVm8wzAvA6yxoOaHJqnBdo47knooTcSEqilqNrULTwL4c0ICI1ENMAPkH8CeTH8/mkgi8FzxZDHlGuO7I4eAcF3kRiGkBzFNOzOeGsmXqbcrkVMu0UWzL0RQXu7JQ5nF0i2ohWRJwlzEMyN8L8ynxDJWeNkRUhnk0CYIfwlKXLrl+CCTGoK9o4Sq+ybKuBPXdgKE9Tkohq/DOwg6IuhrQyhlV2HRuIK4jkyk4q2YVcE/swUi4L6Q24ZMOOs8JAgnbNlKu2kGYD8QFzF+zfqRGaUj4WigcpVM9IQBMHs202O8avlNMrNQJtRla7tmFhaUMdE8QbbgTU+EnoUKsnFdhztzP0TCeJ2YCOh6Z2UyZVm0CCg5kg50+tS0+hlSTQPMCOmj+peifA2pMohHw2UpAgYglFy63NhgLhyhJmGLq3aANUFYrhCStfgkp9YDSQNsuyUJlDDfDVQaaqLBcLIKi5aMOK6tmxGNLMDnbwHVGTbqdoSFBvdpDU2CINsKFJxdoY67xt0owTrLG1szCJA4lZdDbEbKNHN5bdMR/THaFl9OozABot1MCxmjSLcONs8zhVVzYAr3wDKj2VeW9pCnba9camlEl5FmotsAy8eKEXVcKoR7zPm+Ntfz3n+SalUzUEzZzOWIwoQWRXCj7HESq6jABQyQ7dZO5lBro+TVQSGLK7SNk1HeyMm2VDbGy2NjHlQ5HX4hi62ZnLBO9z1mZUYuVYQE1SScYUxUSdFXtbWkveqZRjct8uaeeZy/BtqlK/2Z7kxvveMTqjyC+ADiiEAm31rAOyOFRpJ8SNagdgk7QLosdzytkRMVDujysbgMe8BdEdAdO1XhpV9rManBreMKl80ubOdL6dDYTYTLaezCDtBz6amTUNRMgMoX06PTw8nZ4MgJYgA/pSMvYeC+u3SRgHJGiJLq5ryuYOnjxkr1qQ6DkZbK0+PTzZbJ2ruMyNYhhQuzns7j7+1rfzh2W4Y6MYV2CfWPeBsR2h3t9uuCgKnpA4MrJZG/NqAxEpYW2NUEFmVKKEn2SuBgV+I0YUtHc8ELJpITg77MBg8WDDqT5i+3r22MFZj/wHdubz4qVZwFFTH9jspPIJIgY8GkiLV4rxcyMwM7vbH2CyIehbILpX6shnJN/K8yTNKZKJGL0tOnStBEM9z7IYlClNTmWi2Agpy8yabLUBEW6pHtHC6hTH7sXhJYJsGa3tdsecB/oCPp1P+XreGcZKzRnJ+xH9ojQtdKurJLrMgp1Otl7Qntceq43o3f3L7W6HBoQby3SgK2q9UYF4RF+CGZtj2+wGNh2EZIt9wqyRdtItWpEdNAYgxJ4u7O2LTNvp6Z1dyf2Lu5cv7+/2x+Px7krcGbkJYsf5Bvh7dgWh6clyHeeTHXa33dhtFPRqOwDY3WwuhkfvxzSxVgMt/BLUzzAlZ1L6pfN8uV2wd0A5+mowmWWWb2hwSh9ss9/sd5vXL++O+yNs89z2++OLl6+P9y8gmI5agb0ZKA18VJC5h9SSM+ewb1pici4jNJQMr96ntpWeUOxKAwsu0JMZFEzyxJM343S9Wfk57rC2okJVJfVzjgZGtHHh9QoCVjiXBT246y9FUyG02PzkJBetpAgfckoLVBMePSPXXHNnYIojlj1TmeULOyLcJy7rpFjNxJqqyuLmCfoRrFR7+fLF559/Dq1/e77migBkzUwkkIFKJ1JJJuSIsvruOU8wWuyKPKEqHFgiyENFMaEQVed/UN5DwD2FPobduDUn69QuV1TtjJCd0mGZbi2u5umZVWbv841ekNapIAYZkLBJKVB4h6jg0hFUbhB4nymOAZNh30OLwkJ5tOalFeh4SdkNbqEbm3NbOig2G95en4bh6gJHcGwam56mK30pmxY2uSi/PPzm7/zgu9/93H78kz/8wy/ePJ0vtr5up8fH3f5OpQaTatokA2ImRFlwzBR66K7bp104e6zDQrAVXId7styyucS2PEpg/WxQykTjONztM9esbQNw3h6fhi/fPP7oZ1++fvmT7e7T437Lbjb2+Q2dl+aa0NG+z+PGRPJmV46I6lkh5EEb9MY3YJMEQiaRlm7GPRSsHZCsSwDsGFUSeRtuqIg7dHtQmlaFVauFV/VwWSh14Epiz7Tk+Z3Bz+f/ZU0KX2st9QnyHFgWOhYMKyb6I5xtzyHmFVT/7MupA5R+AbjOFGF9wN392+/h2i3OUleD8v7x0+qy12fs5iKQsyYZoOzPzpHt7A6DLs8NCyP3WgTttw59+XRbchE6u1+4J99aAGDrz7SI0J9df/A3Fc23ldRk6/eCu68dYSamGUPBYDqlQQPQQ/t+Gx1JiIrpXp1sO85UqNmCoid+pFR1TVAarfolaGef5/VQe/gsCFgTYiW9QEynee6x+WWmiMuzhBpSUs9rCTx1c54kmLC622V2rEEapTQdUmRgIyKOWCAdfZYXLv5JSw664lWac5SVrinY9xw9AAAQAElEQVSCJOx7+9Z+79sfJiqL/uP//48vyQKr7eXJcnUo3bM9/c5y0dstzBc9wjmscZYPBxKGUn1F+IioMVy12pCpaaR+iSIOV5bSKcRjbwayd9CPg+L5NcWz6xiZVJRQ2sKY2FwJC8ugpQlbCy7XD99e3/7BT758PJ/++vd/77MPP9gjip4VU+SRIQTS3UmFJQSGaWYCBl7yl+KfCRjgfIr+pz61qx5X9QQEn65bvky4nQlP9dVKwQ1zecisisy5hUF0zI5HouRQUiVR6HQsK0Wrrmd2BOwIbCIUwyGavAl8G1pbr0fe2JKl8EXdugGRc9ty6Ja/b9X+Urx+JQFoz5H2razl9/ekhRns0yDI7i11RYq07JFadMu+0/NhrU9WaXF4KkZJHmVs/DihKuG+8jJl/YprFBG7oWwtLdul1n2/u9QnpOsM18hzym3n5+fcvIyas5myO0SUqsRS03IpWsXsJJaXG48IMLVnjPDVq6a22qboBElWX0Op8oOUVmwMLjPfMGA16NHG+DY3+AkODy1/paR1sDW0ZVeVwGXJ2wlhTtmlP1l2LXWEXMnP0y1XF1vMjuj5FssK2hT9GOWFSPy0ua68xHpSGB06AhJ+oh7fOJRIu1GoNZNxSBxVu0oW01gqbbgVdNx2OcOkTi0eJ6g9QRPphpoXwrZi6GutsdVpWmYqTlF3f3RBPUKQOTBEH0xJVQ7YE5q7mTXJB8KHXQmJacDMvk/VtVxwaxMUEmZQ1ZKPpJ2S2s0IncTwtT3rdDqr+lIOga4uU05hFkZARmx155aF9rc5JjWyuhPFLzRhBYKPY91t/XqFa5zPaKcD9HBEPCk/DHmIzeith8z1H3PtUYFPGdBsrwntsjZsayicZmDk5Asg3KTCPnigptJbErWT4VVKW7lNTiDVxBUZDTRoKkvsDPg02GJHSYS53cYbdbTQropcb+TXJ8ryllEc8DRI8SDWFGRMgdyh3aI9LnwZ0CrzFHrw6liM6IiChvbGZjtdr7iyWSJUVXjluDvc7Q/cd7FAUKQ/E7yDqiZOfxMjGDBNtbG9XK+AMyk0ncmMZu9HF1SBlBixVyVXZBW0QPCgh6Rma6ydrVqUSnYYLmuIN8NR4F7uOKbqHGeuG12zPJ4BT1OrnbgPkkEIbYnW2AK/Dir034z7dCCTFpd0QZCKxnGjCgZYmz9kYpVEIiA9zhULMV90vm6EPS9UsTaIcGeracOx2YCVPsQzoRgruqWNVWYe/lMGgXpjHsx8BWCFmvcdUD1gzfbOTdrxfJ4WUksoQE3JBidoRQpSurhaLKhst1/sZS2VqGKdGp9tAl5MWshAbnaWU26XkKaSoq4WnucgvRZHA2nrkA7hqnHTDp4DmolNSrwZkr6RVgCee04b9HSi6HlWUiQlyDJIm8MyAClv5sE17Yj0TEvOlZQFupS8PC0Wm3fjsNsBFr7NTBDZjCX+oGI8X2VDEVE9acOitolHR4q80KEO/7AEZEqCRgdPuzKHot6M1FkAj55iuDeKRGfSVSfoJtOCQXPAUIfHx3fQd9lsD4cDhdQh1WDphsv5dLudbFXY/8AnBXxjy5sNDHvhf7jInLaH7N5s3yGzGJ+JZN2BTaVA8WkHJTUNIDlfTumKnGVG173syAFVhwbCXzPwxxMkzAHvAJVE7csw3upun6d9u6PmeMriQgZXT+qrmqtD3pUcjQQpdttgXtIOE+7V3oCS+9cGcVLQHM8pUTZEmvwpqiaTG1wUlQjVFf5GUiaxoaIJmYARZ866krbMk2FfnvAvtGyZ5xrBhRxvdFHKOER8xq2f9alNmliVzZftE0qyFolPYICQ7SlVNtBrXjmTZpZ9zqznwCopLrgzsviDl405Y7ZOFQVobdlo3wfUBFxzPl9BC7fUxPZyenn3EqksCjrJhDLL2Ch1gDOhdeDD0w1zxDaBi03rp9Pl7nhExQz06wdJS8tnY6PFK6705k29bt43OI076OlIIQQbqC0TSDtfCqMYuy+biJTCsHk4lQ8LJEK2KPfHVl6wfq9okoZ8wwUK19VGfho3p9PpESo1V8PfLI9x2O8HGv/NPNtpLOVyf7d7dfdii76L9XqTuA28KLvChIzqjd0cARAikVbr2Q747qm9TXaoF/f3tvYOm/A+ADbNZhwoK85iCbg66HicWRIk5jJzS4VaVVgolrGBZpJU5wdxw1I4ral5gmCmwlGLWK1ElCYrWlyTRV04i5zqEsiJO9/h5zbP1JFpl6qD1Eqr5kq6BCCQqSl5SfYwTJmrEkUJXSB4HTzzTL9Tovk/wZK5OBsi0SRmry9XE91Ivbu6VuKuYeN8Oj9ZimK3yZ999q0J2YTT4+V2vr29TsPpOnW/0ENsXhJk35m0E3rTReDjUynH3ksIFcU5xSsCW/EgSL9GWoVKZRgV2JwiBbB8LZC3TyTbNXrgaHqVmfzZYE9l9jyhryp0bSTElBSesCCEleD4GPyZDbRhoBRsD+EM9dLJ78oxdHhJE5Bn6nKQ1FAzW5TP8JrO5yuQd9TTiF+AZ8dOIBMrQwbBSg1dmrff+fTTf+mv/wvf+exzu90f/eiHX371Bn08LzemgaYXLwfUgyEXyA0rnmlTZMbrGUJ/L0crM4EUcwunPCcRLTkDmQarSUL29CRhPczt2u02FgRMaQtjQXrC6Xx6PD/94s1Xf/LD4YNXd+OHH+x29LXRNNfSS3yQLirri8PbBdGWyaDF2vI9WFxBTy8wBqiO0YmxnP1TEddGxOn3HLGxwgjKk2tsnMZDAFr7v2uwO/SYSsikZtXVd5Q0P0s+BKbHGDH4zO+Dzu5OROzl8eoK/0siMy2fze99cxU/v3d82qHn9dCL1VHQ6uu6/0/xX/9kWnDc1r4ZHFqiNQ+RfZrkgPDWGHHndqVu2JTFcUA5pxzk6LYeAx2m+pNsgb/qj7LmXzsqogMF4q2COGe6tY7n++/7uPUsQvvmmyWkobZq2u06lKtDlOjYljygrwtTG4GJ4yWtq/hxlNTEnqcVRNhS+CIxvMk1hPjEHInuV042mKSxeuwmfWER9jRe2ft+ZW4lug5Xgtbpszefjadf2NrWVSikDeYQghflKMpNwRNPi0+Y9VzCWVZ1Xxc6EdXPV1K5/eAT25q/99Hr+5+8vf7s8fFPb0+26l4dDp998so2zdO1ffF2EosYOkWAf9sqMQPxYg+FSif5cV9qZAw0rassYrtLKapvXlZfSHhQW6bHxT0KoL1vKqlP3ZtZ76uZ9Q1rTQAXmGdlyLVtW//kT7643G5v3nz797//rW+/PM7wxsHgskg71UtpV+jrWfA4WaiZ0Tyj1rpUDsVIZoHkUcw3W1w1LwuhpZgmqWNlPp7J5eGY75hrkEfJXaMjl2pk37xOMPXmHCnAMb8W3T6ORLveLdwy0/VMfYRkUbIrNpbq1MOsRKbQED+z5lmsub65NylVBU32a/m2X/vXr3ITQv2tv/I32s0+q7qj1lKfAvqEaAKtrbe0OHZ+dopnB3bUsf/Iryxz1fn0rU82+QQ59imBt4sdXz6yeAgyW6tTxmrMsQXETWfZ0xZ82rxcVBzPvahlpw+fui26FqmtByD3XKrv1jnQZFd++K3f+s3/0t/8m7//+7//u7/7u59//t2PPvrQgvxv9jP+6sVHYJHGL37xix/+2Z/+4R/8wX/w//rH/97/4//+J//8T3xOSC0w9ja3jBFieXI97BlsIHugT6RGZvlq7LJUsysU5ezNW/U8iJgnNbrOLq/pDfqypzxSCpL1juiF1AuzmM6IfrPSxmJKVk8I12Wrc9pjlpJrujU2gpeo7qyF6LiqgY5XRNTF6/p12ME3AJrvxFlKHGfu0lToOp5QM43+ax7rsb8RIYn5NtbNrALQ2FrkXBEdJj4q7QspHUzE4ZLCx1J8WXuSE7fGdO+mHULUNWfvNTwAOSEXcrxNNlAzGt4QzgZw5hsi/JNbYyW1ZCiA+PoQMfZg12PbatXyasNnxWwMZRwQ0wEaGLfTFkXV0gBo1HIFBs0Sd3vLMPCRSqnyqzajRDzzQE6lPyDPxzb20kxCHCQiIO8E7gj7ULA2lGM3ddke4QCqJDCQuE6ZerJ5A19ExakuujJUpbRcIbck788xeZVKdqo+Qxl+Eb8YM1C8QsE0UiIpJLLdA/VVW5xkaAs6YVJ2hukbgiDZJ489i40Tn6lvQ10UtqVCykq+hGJ08cI7IUJu8swnPRCTAzaNUBq1I6UaJgufCE3JxswMwwY92RpTDkPujzY7ylb0XWjC3kg2ytmjiyy0lPVhc6TJKhtdXify4FAghwsZ1IxRDfFQFCAPLQW8EuV1VJ22GBvoMKXRN6IXFiGhSSROcNkS5IZRcseRKHI9RXYg+EOxYPuVQbNM8JAgrDMt3jOn0tw3F1IKmtSaoeHBDpAafOorIKxVbiRpOlBDgBNSjLGMfi/ZJXh59DZwimDmYm5TzEUDxX5XSaKlfEDEK1jID0UVgLcMibdRBgK7gZ6fDZAoW9LZE7HT7SEWb1hggrYPZwAkHQyYtisis9WGcSc9H/zKANaiplsyXLAPAtgb36HzP2Z1HZlt/lngcBAanmAw6+V6vqJBlmFHm/1hx4lBURkWg/I682TQ5hkdDiWJ4AM9e4ahqDsWSrsJzQLkyq63zSsDn3rcpeSlzECqAdFOAmD3O7uJ3XZzA3avUidebg7lOhw/zur8GK4LsSzTUj7YQYtsmKeNrT2HPQsRivo9Eg8apqJGrwhaSHsfwLBE481YhcVbt7A0h1C8M50zmyiQe4zxTCUyw/SCxDtBw0JmGjhrbAbsYTpGTBdb+VX4qmFql8ttLOhtO4bIAxsoF/YYGLcbA7kKmzGCZ39zFZfz05PdGbVo2JzNning5YkL10IiTKrHd+/Oj0/cdibwzEdK1pAhj2dZ2dtHD4u7LQpnm6zLoEpZwjiECJhPZgHCFsNlT+00jdvh5fRyN0CkyGYZepdeDSO+PD09AemGDPRNNT0WOqL6hixrG6IdtStsArNcCRvddrOxbKlZ+e12QyypnQFeS7UG6w8a2hBjR/s51AWhFx4OCEnoGzRsb/Ptfr+3r1e1767M+o80ldzsbDghSsW8DqVICrsGk+PPBUNJBxdRKewbyNmteLkG13LyVS5nNAcOBcixdOPJWrTS8S0xMuV7dOHSaF3m+TJqssljDSyDyB1r+9y1ik5dmmidMZIECIo00cON2EhbCrDKk/GBftOcXdmnGEk4Sx9WBwaUiBTPz9I1V1ZA55f399/97LOnp9PD0+nt4+P5hqje9lc71ih/TCuWYFMlkTh3UDD8StEqUi8qcKZIcFiyU0FzctbFipglT77M5KFflSdWYIISlbzhfc8oZ540LDe0lnAvjqrOUtyRNH1hy1BfhbZ5YgkQcbippI4bgbeqoGK81G50KZ6B0PbAqo5xUFOGgdrLVSVodm8X+DBV4Knd9GG/++STjz//7DNzwX7xxS9++pOfbLH0UwAAEABJREFUvn33wJk8Uec0MZmPbVf4GYF3yJ+kFVoq91jZVG+CwcGlIyB4w9mM6uic0If5uuF7DhbTsG7oc92GcthsrjvA0Ofr9elyefPw+OLt/hdfvX1xPCKTregNRenaXnO44IvTn3oWYnnQjrxFiX/xvGERVuIyacUzMwtW2QNOR/EYb/iikWiOUkHOypPrnUKsT/xsbglF7bI8oCBj2heIZpOXxkUMmFd/BmiTnwHJbfnUKnKMuDuvA+D0LDyP78gzydHO5BmC0/I3fLf5Ul+C9yWQ/48Zumrx98D/a79sbveXAelYrb/R0jcgTzkIVY5OSJKlhNzlckdNd9XHOT9DQZ+9G/mM1Gnh6Ws4O8IuN6V+P3mZjy3MZXZAOGXvbuQXuXADSe9mTlcy+HG4OCvzGz4bm9+trlsFhH7VLTQYnMaXiqSRW8B5OYjlMQ176Jee5T5kTB0j91/6MfLziJFrKYfT7cfKy0H9oVL7TuZSB+fRGc1p1NZF717K7X4XtL4O+/K9T+7v7vY/f5j+6Cc/H+fz60367re/9Tu/8S27gp99+fTDL08n9B+6WDYNBR10LFqvd48SdGnhCZlnrlGEP1rmIqage/A8Py5/LrFwzCfebCYoMqHjwzT32vbkoKluiyrUmeZ0kGe52dhvrlN+vE5/+JN3zDvO/4UffOfFrkjH1OJtXR8vo6BBABnRc/IanwXiz+7jkZBUlUAQTNFlKYbYmRsZD77u2f5Us19PZ6LUaid8+Yj0/dzvaA1z5T63m2dhUkhl9mfe0uIDrMXHWxT2p/Wrxcjl1i/fPRpfGtmP46WarS3uRy7pL9PrV5QBrf/FFhVGI7k3uFo4rVuPNSYbszCRv5DWDOr2/DPf8Mp+rLW30D0ZT0f2fKZP7bykaCMDmRaosR93OXdb9t/1pbQAhN2IrnYMh2JiPFYewGKNlVfnX9X0zTcZUtr6PuQ7VVtcgziHe0m/9Zu//a/9a//Vv/23/9bv/d5fS3/1+o/8stE78vXd7373X/kv/s2/l/6+vfkH/79/+n/7d//d/9P/8f/wR//sn9VAcrVxrTw18dSflQfJFa65RkyH6lUDAxoaTMFLdIp3jkkUh5vVXS2aFOjrOchnmkgDGUxN2guUMGYnPcT9iLo3O+VVCddmyZdzsxO+N6gTelNTRgZmck5sVlHgGBdlEe483RIFCohEQDCy6XehWUHHvGwoVqUQATsfCTCz0E2NBbeCme3CzJHOjkIJCecuxYPXzZbHIc6akKJNAwKdRnIu8+FYUUWw/ew0P+LnoCEyLJp9xGbXuTYUgA0YKbtBTeRyU5+KJI67Rp4oJWAMF+wehup0CVTjMlHOBozecQu4W5ZghDquIQNwQd+yDAzRQfPiWeNhvC0PkuKGwpVGCEYD1ExAuhVRJloAip1YJInhHFPu7ZFbdhp78yGVnA4mCiiBjYoWYACnutvuZT/BhRKonZLHiYxt5Gsts1+ToFJzvOTOVHCResmFE8gEEGbgDlLsZfCIdaCecjNsRP6mxfYoid4AEMH1sOwgecEBu1SVtKXM6OxF4q24sDDXEP1riRsQGEMvNl624iuXDoPwCw33Ld2EWhdAXocMLgJtp5YSMwt2vNmtvEvQQtBT84lT10XrEmWA1H4KBK0ZHSUnNI+WjgByFCBtG/Y9yF8PVh9ht+SF6I20BUOnpivELgmBAYOHxsxGreSYwHCDkmqILPMeMyupoTmDGgmDSc7nCnXLCV9OKK9r6j6nygMPNSTVt1SUaML7joTHik8jMZDGKh+eUjmBvZdOD2BNOosD0AhvVoHhnLz5J9MTYKxJab71TZzEbmlgqAegPxJiGo2ieFuwzBHVz6i3KDIQM8mqW8nrSlaJDwOyyMcjiKCUCWnU34DI+6jGe1wyLYudKRVqYVyxcVIumReBBpIY+d1uO6UIppEpQVbhRmqZjwTg6xvhu9z6bIkhGnZFATx1JMZtEIeJLkVldMKjRzAiBuLWluLh3p6nu/JctvbnBsorR+SJOENrDeZOCXehCAyW/Z5lPeT/k2mPx+AEdlXCEu9IAMOn0/kRksLX6+FwtxlBKTeYE5TkeWSZJ3weJFfsVin7rnTpQNuXRoUF2fcxeS0toJ3Zdw6yVKpbSMUYrKGQciwKPpQPmClElcaxOBWG4v6Tq8lmIabuefFiNpYmRzaCA83cpRlXA3rPb7/66unp0eBeW36H4/7ueDSEncUoFJ43YzKNT+eHp+uN8k1XO+r98bjBtjKyPcBWvhZ0Zj1x20iCFEZlk9qm7w1C2JZXADu4XCEnglzg4XDkTZEDfz7tUVhSOM6WszYI60rd/xs04ZPSfYb+G/o9SOhj4mhk8JLGw24HDQEWZXBMJi4qPAXbm+woBJxEpK03KkQAbEaaCpdvF0PRSbS6PT09qSxoUzbX8cJVbiHwxKMh22dg9xbL77Bj2hOdaaFdlSPHl1l1FT6oI84C57VRzD3DJGdEbqy709k7T2WnJ6fuzIYX7FCae1fLVuPAwYKKCNeANW6y3TlwqMW7zn7OBY7IHbOJI6c1qBMfzcoZK+1uuZ/rTNmuiXLD3FYZhWPXY6da28XU24SKMR9++MF3P//OV+/e/ewXX14gFE3ZeVYHkiDsmRvOf0FQLS/xiwCgJLxI7X9z9Dzo7mLu5EGtd8efA7gi83Jmxtn+I3VQ6wyLnkY4Q+aL2LXdok3F7Wbreh1ede8DrloFz2exqyXSmald2H63SL5fkYqmQ0RDKXmX5uRUibYdh+iKQObERNIxghB2uWyzXFRbnLb0jvu9WdXHh3c//9lPDYN+94Q1zPqDSsmwLLWS2iMonhW+kzIjwgFYiK2nOns1uENcMh3c5ZHrVYESOoiwGSEBu6oaDvTIqDAZ+8143W5PXFn2WJ+gpFZ/8ebtxx+8OljCZizrsJNn8oC2hTOX3GpFOJd7GJn7X+O7IALwkcqF9/ZuLUrJPQ5N6rFCoQJkOdSnj8ie68mIghJrjkRnQW2wOfSbC+OLBZLT5cY5lurh9N6iTGlBM9975bS6l9XrvRH6xlcHA95Dn5cLjL/4n4EKvPf+N5ynH7DfRSCw3/hZL7FOz2/QEwAR/fdvv4dauS37prM//3h2XCFgtOV4To7t50w9DdGnQADTMUDPSPVtfcXJLXLLC4gvgKW5yZMxZAxTU8sLFKH7j554HX0mSNrnIg8lbDBXafQJ1Yhzddw4B56hiZY6Lv1s3JdhKi2A6XgUfkNhCqN0OEpctHFq4dO+8kqdRo2MPlZTUaOLaNrJT9OgiFQd4I3PFiWE/CG6ieXbdCrxJrZ/OCh3m8Fs10cvyt0mfbhLT5ePvvudT37j0w/Mavz0Fw/f/vL01Wl693R5+/bhy6/e/Ozh9HRFYXKr/eaScNjmF5VCiTilAPar1LsDosqRemUAAg8ttCvxGfgG0W0grdEGSlBx/waIPDJ+QO9sKAilt9f5n/300YbtOG7+2mevXx434Ehn87FY7dsT79Fdte9OkXvQBaX16qU1Ln22+JNWV/NaYz4kN3TJp2Vb0kuxl6xQwOafXJ2ltfXKbM1pUcsscZ+6xuQWnre6rrSYZz+tmGIKLfss7XBfXs3e5PtOc65F/gYr+Gv9+hVlQMt+uZlqK7seicUmA5LcHOh3/dm6cUhpBfhKKH1lAVNuX99rfKY1P1MKrPvZ1cU6F0TsufUciywOtGwDMe9iKmsN+T1GMkoxaOsmOK32Z32nRp6G1bXcBFp44Gqe1RYrrnpbdwiycmieEGvRmkJO8wKjp/w3/sbf+Af/4B/87b/9t9Nfvf4Tev3uX/s9+/e//z/4H/5f/y//53/r3/zf/Pv/z38vO7SY+iTK0k7hUxEJnZ5iK80bPjE0p2x/cc9BjeiK8+Krut/QLDYRQebksGMicjMCeGrUWfQshTxZym6AwVWl5Iq6Ugi1gik4btGlEDRRgobQXkWnXYuBK1tPtV7RR3KW3GaSC0cmSYnXeUt1+O+Dq6MQqJxndM+6XRNa/+3B7hzc7Z03lcYdQo6ZEQSi3pk0yGm2PDEay1MLIaPTYKPCQBqu6H43gCgKmY5hFBUsYh5puXA/LpNhl3v51hQ5mEktJF1xTg6/0Xmj3sOGiqMj9StEpS0zYV9+9abVOgMy9bWKcn7DLByYQyaZUt9ESNmSDLzL3IE7qV7awXZsokXHTsSulpUaALrUlCPAiYm7VSDju61PFYlsUDJF/egqBCpu9uDB8xsFRRU1pwN5EOHiLOOC4leQ2zYs3b1cLSV/uUh7PEshfRik1kK4E5gdupExSa1+mDBCbC6hEmCJyHqHGEFOLt+M0nRNbCDQhvjZaEOPA9oSdqotGMcoS7eTX59Ot3S+EfIwFCXh1jbgWZW5ytsHZL0dcECGZXqImZr4aiIipNOulkxySrEkqXnZIDbq0kAsRLRiJPBRYWBf2UGieqT2L9voQTh2IVB5YJCFhM2UwkHHJYlFyiGUK1o1FvDP5emSVkaByxx0Hk8bMKpkND1nwQcFOD7K50/oe8YFOqAwP/a1jUreLTUylkqKuPy2yQAOKrEYOn/YbmeXW8GzfXx4PD0aFraFWi5lMjA5baVsRz5J6qVJT428dk5CSdw4KSB74QEbeI7DvBlmapcHwFooUiwYHP+gQ5mLTjYpUNh0GUlQNayO44fqAa4vdCShPPIEaieyPhsyIpsqorcslSDojmaDNGUDJfcTV5PluUZIdkhanYKsBTqelEofcVXE98B+xcUHTwX3VVkrKo+fgvK6kUSpuyLYIKcOQ1dS4Fb7/JZhflImrzrwN3uyhI0e93tUOWACKBKQ9Eqr2fXbMXHYhxI2GMsTGvDnC0R1YOv2x8OL+xtMlgOyGEth7sfDtN3vfUmiiKVKEqP1XCanxeJeC/GnMA4RQlh1wdxUox74JSxfO8mTgbUPT69e1bu7ptastCI8MC2VZRTsUm0p00yCKD0ju4KTU2Af2xpMBXoXzrInm4GxylTNBqnDKnH50dM/XA4UBB9dOWQGw91WbDH8dIQ8z8xsU+6dGOkCeW6JYdqAVMTOMFRZae5c1/PTydCrL7/8+cO7t0+Pp4fHi5mWjz7+8KOPPrq7e3FNrBVKXA4Q35ig2nI6w05CoxzYuuHP9mEbh7Ld2CQA+j5RicaeUcqa4QM767LyZGPmxQDr05s3Dfry2w8+eG0z/3x+sgf69s0bzNSBOxr/4V3g6di2sRu3KvXcQttiZ0eGTsjlgpSq/Xa7ub+/s/fHPbKtdnlf/eILLHl1CTTIm/R1JALKxgZAAzWzFmOTsUYOuz3Z9TAbZJZjhzKwe8fGrSCVQgs778bNYbN5cTi8vLt/8eLFds+6AfSapZBT84ifTTya48SY+xM1ZFNbXOcc9Cb3XQN2CJAtqZharr0DZvwpe/0V+eurGDCt8Sbt1DwYz+jauYuf3/LC2sP3nasdH/A8fce51r4bnTLWTRFLB4Pc0Gc+NcN3oOMAABAASURBVKS0ULTkQCJurKmhxPV8m87q5oRKkfl2PB4//vjDzz/79Mc/+/nT6XymSpFd61Tk1Vd59qw+YX0jLJ3XIpdOmMoUMsJ/RawA3o4XmOUB6UXiw9RFlROjrTFkVNFAjwBtqeLSakNPunkYN57OdtgLuHi3kZL+hTnjpLoQsgckSF3B6Pd+jGgiPAeKYO9nZF+YuVM/ABeJUKYcFz2W/WEMUThoQcB0zOLK5TmrwCqL13yPNNHelvCPf/hDu5vr+WKD9Hi6nS0zSwEb9MBMbFfdhJ9p1JgHhbj2sMBVEbbxmQmpyOr2oOlYOC6qe4AWtfjpXEG1dsgmU7dt3M3tMI/HaXO6QPzmQu/tzcPDw+n86uUMkagioolYzHlh0rvoQL+m2vHgZwC0T2m+Fbm35PyDwXHPhbKiUJAiv5xLIhHC8Z5s1VLDSuwIoVjZk/AKYrM49cNGAtyOMrrSr3Qdc4cLf+nLIXWlrst7eOsv+cYawXn/lykHztYf3upbOT8zAuujff2AK4j5mz8Tx9QUenZVgaAFOvW1wzrq1VK/2o5BcYLV/uH4bYoHixd31TgjP+d8n6zVs7qYsI0yWy0SJzl1i9tWktwB2/lPy62mX/aSKoziU/jwNb0/biIy9493kC8O2iTTnJKLpAw0+mv43RFDP4U4Mfy6W7KyWrAdmYwWuKl1Br5/vcWtabeRW5cCOVFvkxxLK/kJOaupJizxjuSaZDS9SeriWeU6LWolROIjvUbHXw0sa93GIu8IrgT8+B1LS2ratHQ4jnefffSb335lU2G/g3aRuXEf7DYfvTj8+O385Wn6yqxcaQiw21O7oFohqX1My17zXrKXt7NMQUM+++6YnZbDUZOWmZpmTaBXQ/fSvBdIFzJyrNe4pRyyLMnVjrLL5ZlLh/jIzj2aX4mKzc3DNP/Rz56G+mf29u9+/uGHdxZ8XeEK1zw1UliwL1GLz5OpvtFL9mrZX/02PCKUI7pC7FS+IzqI20SJZnqUkUInOgXvs5sJzv2qTifuB7BEmzn9WEzN/Q4t8qw5JMjbL7ithqfbvb4KHDcXyWylDasiGkfYujuR5m6fmRavqfwVA/pX4tWNfVs8xxQ5+MCgU7fzbWWxfEdl0522MsjPd8/8/tne3wF9zub3fdK02Mf1Z4Ujx175dXA795tq6/PnEiYyeUc+QeqOZkTBuz7hNjS1joX4Mfvy7fvA7IX5jJ1bmtM3vnIO+envfPad//G//j/6u3/376a/ev2n8/pbf+e/Yv/+O//7/93/+n/xP//xj36URWPh7pdCEVvUHqJGMzfoQVAe7SKw4sR6y0YlzypVjzaDC2LADQScLBjIs1T9wA5GPxzydvLsGtV0YhsKLeVJj6x/hNDqNMk7YmnpdbtB/IuIWhoZM+NkguHAEYlPW4ycyMohYMFQnz15qBipngiu3lUpYLVFxTRgXPvU4+PT4+OjhWsDlUCICmHRWvy8Q1EwXkPZks3NdgzYPu0WCZGbwz/MROFGpUSJ+Vws8gaWud+XQxJ/h128vGem1LqGXLojyB6YKE2dpHJA3Wdfdmgy1ajrC8qpDUUjgNjYhzdvgIMZJDvOgwPT8wyE63LFdkrGDJSHqS8BJ2dWj4XiuDNwumV1s0sNg8DBSd3EsWaZPXYERB8vKZZezaW4XTcbsTF3GMwbCvwNq4Sy6hZAwugqyZmB8gxYSEZR8RQjKkBCWZTrYrdnwArRlIsd/HR+ghLFZtfYG9kehP3ldBFxsO4Pe7l+lCloXonNNpd5hAM781F4Sw1i4jCGUtHC6A3iNNikugB5ERGcigyq2aZy8eV6xqxA8n4zT4anQDTaQLiN4UEEFaEjXLIPKYtFz1fEgAgOt9sb9VDt0u4OR8SnbBPKfMFNToPoGjtUn2/wtAj82QXbtN4fDtBBzaPN3Qt4WfQjAZ/lQR4NHSShEjfIwdpNTcPmRg0KsikCWdxsIYRxKxQ69+S7EzOIyCY1gpXYP8D0jg+K/ozy/GtBVQEXgCjj3ClqVFvbwMwLSoP2lbas4Efu0Z0O7Fzesh3kYoja+Wzjc3//wh630h4TVFI9g1tmapOAeFY6DUEANldS9spuemDAuC3GRp5nml2Qzif3mEYutTYC0ipCVLCCCOPqXgCZsDOkfWwYHYLOSmxEo1ePvbFOIfFJgnZWOqqJjYj7AnyGWQI5Brse6sxNNQ6jTqhgTO/LuN3t/Q6qUlNVKR+RyZP3S8dNQM43u/Sepm4PY0LNSqm35q50prYqH4HAZUXjfEaDoX5FYJLYMTZtAKpepTufnVHPlMpI3B+3DcUGqs4Ve1j2r03MxCIYNmgnmG6TbnMpEBCHIjaLrKvLhqBIZZZok+ogi/TZCzteMv+n/mmW4biAYt9gnGFWxi0b19wfX9qmhNagUzWzplZ+Ggp/4rofVcNAS500nJJutnIusN6E2gslWW0yg+F7Ixi32+zl33g5JKPLQS00FQGyKB+rAXcwmfmSIAf7Q1AlBqupIs0nCnAnsxCBGlEsgNoCyGtMWgE36myk+/t7m4fH43ncPNitq9es/cm+u1lyE5vxQzuqndkMXs4ucmqnfXx6OhwPlR+zmzNI3D5S0bMUW5+lUsfxyTJXEGgashnU4/5ge6hdk5nTcr0c717aqNZ5c7nO5/Pp4d2DDVFBumuHUTcDvNvZgofxFjkeIuiEmGf0VXsNFvOFejIbdrbf7A3D22ztDq/X8+npybvfVuCjZ+ZCsZtNkxkNy+++fGnxInbfDZWztZCIiSHBe3dnA/PieDgYlof8H9ipo715OBwt+WHb8Q69HIvEH4SeyZtwIsUKBy6CO50g0qjfr8ydZgfZ7SvqXxb0UtXFRU8xBXzhGGrrcHZgDXlNMnLNAV6KF7w2EpAlPafwVRWBRXFCkOK4zDoywVcpaRUJ6DSMMMEbQzqCdHRDCCYC7wo+ZQ3QBni6nafrqaFVZWcRtvPTbPbu4w9e/ubn33l48/bMbhkUxihNFGCk7Uft+6DsY93i26Cg0eUIshcoy40umfuKum3sHcRLhcJgEKpUhmweoU0kJfaRe063keJiYP3Z3Bip1FzQBFgjWIWwUOgZZVg2PdD+0RtIMwXIcrbkTEkJbdkUulFOB2I06MFLGAb5+2ZbltpaaAZsMdkHCShRykzSXuqwRykMVpMA3rXs2n789iff+o3vftdWk+1rZq02bBJrN29WCTVN7JaAfr60eimgsBZQaMcZkotxptDSb0F8ZhFG1vTA6JqZM7xbc3/D/r0SvKL2NzWOqIxfWLtmk9byb2/K0xUaZOYt1Mfz9YR+A9WyZTnkO1xD1ueDwCuHO1iQXnJaJUQjqo3gV4GlI5Z0MDrjKXf2kpOVsmMxAcJ5+IfM4nzLSoFvx5mN2nPUTOaA+FjFVPkFLlXnyXhtT1pdtoeavnRWoa98vuc47ze8vvbr55hyf0fDJlQnpR7z/nlHev+Vc/7Gj+UA+/uv1hBpcFCe/SrszF/w6nH3e59vK5C2RQaiwxY5fsqhJu8IWwyp81qTI8tdC7yfIDBtPTavAXkPqliw9WcVFH7XOeDuWcKPvXYxr9aXC0RkZ7ey1HFovdxLKakaGKHDcjyDWLY+/7vQQemqBO4JaVY2ygU7EKjFmhdbnTsyLoqA9ht330rXaVKfvZzXtFRZB6JJOYQ09LRwZzMhzMqdgjscm5LGGNMAMnCbfWlqF5UrzhJAhXRmqXKFMzcgRMKgmC+wYf2rWRF0sMj5uB0/fnEE4F0utmPcXtyd2VjqizfvHk9XGBpybFl4udaXYNxKr2RIZE64K0q7n3y7LIrcG4gX6u6zI2a638Pzn7xDFY228sdOZZPhN5fPzPhtQJPJOrKZqtmFy1T/4KenVH74eLn+5773+pMXezgZN5IYwK6Ad7m1BzIP0wUKSJq5rQS8pSRClVRLb3a15G189iPeavITFK7OTdsT+wQwYlLCQsW1Cn8yhCuHbkDCXjQmbJd57+G9snOVxCEVo2eSxMQierYoUnGSlS/SHMXlktRPa6vV+hJNItphAkis0q6t/sWm49fv9SsLQMfDcsquHnGOnXjBoLNDwpENXBvznLolyl87QV6/2dKiXbT+zJJ/fPbuMuHCo21O2O7OeHo2HbW0hI1rQ0+9PKFFfrX1VOr7F+z7n2c0c7e+rduk9j4yToaLfxhsx/z81j10cJbK3/tv/Tf/jX/jH1pwmP7q9Z/y67/2X/9v/K2/83f+Z//wf/rv/Nv/ttS/StFjZaNqEWHkS5LxNJEnCDeZGF0SFyd69Pj0USc4aoCae36FvCNLmxlfQ5Ew+BuZTfPApiTTSSHKOKg8J6E8H5155w1JoFkbHU8kVBphg+VGAfON+NRGTBGgvuwJB3lMux6DS0YqBoCgXNUsXRYZu6V0J4Lypga+oJylUC5sXipORmFS6IWInFRZtv5xD62RPlNrqNYSKgeqIlpxhjaodmvKMjqDgL3+wNoparve5MTU1jcpCLFWQrTKJ5OGnCDUABQYDREJimXnsVrwN4pWKeELAjTjMOQIdA1sE6XbH58WrPIHKUJoESf1V/gHiEOrG4eaBBcZ1vDw8GgDCr6nwWl47ezyDIAGtghHoQze00fKWLzbiR3vCeLoUg2/MJBtgDIzsueott7uDPK4Adu/CgBnDple0IgKfNv9L2cE3nZzGyKhN5JazfeklITnk3ljFaITVH8sYLNW52AKgN24zLYdwnwXdAAklwwC2dVngKU2NsBWpH6ebfob+GIz3O5tb1PLLtVmqUFybR8eqSHI0+kECWmbJ3aJNhpQ+WBuAOkI5Dyge0oFWOBSJOulp4dMPBwNLu1fXN1+Z7ewQ6nZpgjLtpk5q29b8/5QgjbpguDyAcdNI/Uf6GqMis3sFi2TgtqD7QYlA458Czq9XU4nYsqo7gc+wIWAScPezpVNkwbJSoxoWEbCv+riRjTtzER5PWOPGT5K8z0lucfsjRmqIATNUR8A8dgBHcOGjbIdhQrHou9UMnCBwlMDR6I3Ythx4eNxQwyExf7jsGX1hILSgag0YFxCv5lpMuYekvfTszMBO4OM7KCVSI0/8aSaCNmDhEn1s2EirrOjJ5zZnTexLODGnBhSYpYy0cCyReiYdb0jwwAnNRRFFkRgBy7AxoycM3+9mRpDmhq9a7hRz3OtfYLJDEpyJ5cucsF8IXN6HoQwPhm86aIcgja4dL4WRw3xZ2QLIJQfAtpMddlc2XAZzIfD3Q2pl3QwZHBz0APF7dfpeDtYwGJ3YuvfpqjEjplvq77jV9cIMrNdAelAykZTmoOQQx5hzvSvzbQ8nE/DJu9223q4220Phjna9J8mOdnIZBQDvNkLq4phQ+IeNGGHETvO9aK8ONOOVBIEULuDzvtocO30hITjuwvotK/s1mxEJnV+N5QKk1xTd2H5OZxMnW5kVWcqP6PXqmF8AFPu7u/S4YhdUgot3sAQTdGkm6ienDYMo5nJJulhAAAQAElEQVSovLeP7fdHm+GH4/V498qwQjbTw85i1zldJwUkBu0mCqSYO2RnU7Br128A9LsHg60npvgw4GZEzrfpnQHM0NC4oXhiO5IZainYwVJfH758yRa2tmOY2RlYv2LZqHzYH5H6Grdy+rZsK7jf7CZAzHhLVSnEwatW3G53OKYD93MZT7ZcrBc7YAZ9fmDAVzUxZz6D7caDYrMWL+7u7vZ4EsinbnZUmBYWjYlnE8xGBqxqyeejlSu2b7oBUjjptB1tKeRJBfaaHCBxDxzrVE64osaOQLjAW85LzywxVltbIB79kHoA4MF/p1gs/nhO+T3/XIdpa3qhhwUqP3bcwpEKEQwdGlzhOKvoU+sVhgJwKR7lZb6d7V8odLHDX+rV2c0ySqfp8kT9DdsXK1TJVfJSL2b8LPXx3U8/eXz3cPVt4MIIGN+mCzOnYHn1u9bGmdSdlM2/5fqX4NFWILB0Fle1ncugMNc8s+eh4B64S0NTnctMut3A8mNUOCm3QNOkR4d2o1ODermUaiXKrqCLsIsA60aEpLHAK/feGJKqZyBDiFoMQWgGDUSfL9C38TLoSh4iqp+Q+8TE/+D1q48/+vBbH33wwauXW7bivAKUb9fZsuNoqllVraasfZZMhjL7heRsf8w9LVoUIdbInlRvtSDdjt7gwbZWcy8Ox524FwKbJlRBsXaKzXWLytgy6A+2O+83s1lnc8HMArx7Ot1thrcPjw+PT3d3L8oY+FmPzZZANthEpXQgy8PWjinz974csqTe1skS9dFFc1wvjvV5WD0bo52pBTzFB8XZWtICqTjHSr07Ww88q2TlMG5zyWKRdOgwvxcrfw1M9nX2y7DaP+dXyyHa828s6GFaBeD/UeHgb/xkW87y3m+7LVpZhfQelJxzTt943e2bj/n142SPR3rWRD+nGk8rPh0wbFrUMnKMwwJLrrBoR8pSDmxhBXMHv9vNob+d3Lb2Fogu6ZO6c9QzBAvmEPY/p6WIgAkS74za77/1+ROykKkTTp2+u5r3DBRTN/nZE4yacy0+FmBlzsp7RTohlbxkenJSxU1gQXFF0lGOKp6qXSopIVt1gqyUlf1+aP2R9KXcvGhAHF56+3Th8E2GniqJ5BFUdtnQ6HnWMdlRkDSO/XZ81dLj6fJVhvLP67vjFM0/ni6TEMzkdRTDAvjH9FFlokpnEKAMpT9QZPXEMwCpYx4u8K9Q5UQJvwwMOmdq4nmO15mWqtUg5jBnsYlt6HYDON3mkZ/m9sc/e6j19nQ9/Qvf//Rbd3fmZWzKtQluDuDLMQcl/GY3QZk7kif0Oa8re0Yk6SLWhR2sN5MqemIidRPHlIfL0fi01DON3dPnnGvit1it+ndOffvPLpPlcbqfo3O340ixRBcjznfnaOWtbayFPGYpilOU2fC0jc/M9p5h+/V//WoC0Nk9U49Dcs6hJxRzcaXFwS+EAQ3SVEyUHPPTv9q3zpa/+dTPd51n72dPbPYd1OPW1fEX72G1ESXftlN3tYtrYCjh1JIKxjxZ2Ki9EM1R4uyRyV+vlhYXltz6r6qHKN/utj00fyJcaHml+9H+0T/6R3//7/+301+9/rN6HY93/+h/+b/66//S7//D/8m/Los0BqChrYpPeFHpaJJbHkBW6hm8pFInn4dhXznXUG58udhPO4TWW+Jj2B4ozzBk3x+LoyyT0EZCvNieQKYTTBmLoQl+urLaepwGwT0Wye92MyAGQBUjwxi4sBYgkPC4GyUvq1Lq1rxPEUlz2Hr3hwYxTcCTnl139DlJuRKYrzwoKA1A1tN1ANLifeorRYqmsewArF/YIx79qbyFAwQ9k7Yj/M/jeHUKRmw0+h4Zdd2oJR5nj1/Yf0fUPzSMOj9ZQEp4ZUuQnTF39mB+mlTXfoOAicr3KegZAUei0GHT0lTuXR5ABcftyq493LnnOqtlGEdgQhwJ+pWd/YaWa+W63UGKtN4VyjqDJcrrGQLaV1ScXIsnsTca7kh8UZHfVaNOfAFw6P5wp03U4jxKP1tUdSvjdQvhXDRYu50vPlOBv4LJDkCeYsKVqtaJOmKAygGQAUnBYM4THb5CCnnbDBSC2B3ypp1BP7wCUh9oFCf5KwmSIAPprqiIr6fLyQAsG5nL7rA1JGW/t0HezJN8u0zHVhOG3K56NizAUiU3uAITBVsau4cZXolge5qI8c8ulcmotEBlFrCsgWnDCFUB/DNuKPMK3r3B5TMxM2JbWCATedPSTODYb/j2ZhI5Fyc9oPEdfUEgVsKqcR3np6ezTWvDfWwhFBcul4DKGNyYDJJjQbZgh+aBlDZIkkQeYir79iMe+MACRgvgWc0gLBbheQHYd9v7bBeCtfGMJUGq0NxAqoIwA1YoRQVmrtbcZeLxHEHJZ+Pt7BT0RNkQrcdeeJNJK87sgujoWGsUuCD9n+5phAXEzBNFpkk3oxo2tDI0DiwHcXtoV2nZCGlQgNFu/7AXVUrqsTnStKkGIfdQCi64OnrKZe8BUhPbmp/haimBO4jWTf+yOJ4m0R2xiYtzF+W4++1HBloAgAMfoKuzpF5ONRFWam7mDjpweVab6XFQUGNtgfB6oHUucVdVJZKMeJypPcwpR26yLZ1hcmn+5nKrIisDQKHWCeRNilgk/qQECBoUar+n5If9M0Ic5x7Y8c7gohHIrw0xs3CzJStS8zoFWmo8OjPVtjhv17MQeltiD4/vzjAgttMdX75+Dbq9mZSLJc/e2WKhHimEHE6Ptk2dCxM2W9WHwvJPPahY8pQNUdTlcnr39t3jw7sLkm15Jn/cbnNPpx8W2xJM6Od31nPXPlIl0ATzBijc7mK3u93dz3bB5/MJmr4GSe+Pdg4qJ0O9wDCwV69fv3j1wmzO9XJVL1Bb+U8P6CXHZqgby+BcrtObd48//8WXb949nC7SvYEBgXDKXA3Fevj445f397Ai5B6yi67h8pu74/3L+xe27uyJnG1jskefi23W4vYIOGOnRCQbLhdDmeueNGQke/HANyjoQJEHkkLUm848PiaN/VNOpwZOEiztbkSU++K4f3l33Bu4jpaCx2GD56v9wlYMN7KdXVhmcjA7kUjZ4UwWs2sz9ni1OVrqhNLwSrGc5LMkL0Ul36IF78k9zxYxZg2U0NMNy9H9oI5e5/6H/N3WhSVWQJiDAwoSiy9+HkSpNveH8woQlBFc8Inu/WtZshDKNvMrZ5rNJcuDGgCNioGJZmpWvQK2a8snnd7dLo/2GbhCTfpFkDevBPHt769fHL7/+Sfvnp4u7Eo7oZkh7gl5CVnJtIBTwqdINvByzrjfVhYMmq8qOXTveVCL/AmGKVqvPIgAYlEVxfst7FYQY54iu+pxBdnQcEqCLMm5IOm22mhFJQlNlKo61NPiWbN/AC5rZD5jjBYBNBLAVQZvpevxiw2STfEXL+4/+vCDTz7+yMDn++PB9pXHx6fLCXo4I5Do8y/evHvz8NA6vVT9H5MsGXbASSfmzyHMXzRi1QGAHKh0YXH4LFtOJsVw3O8OSDC5q61eqJJUAnpP+FneNvt0jZZIstTOGZLgt4enp/nl3dt3T2/ePnz44ce2wJ6BmNnDtw6Q+R66vPfLXn099Pm+qCCkdZTooggBKjnOo/mk7OFALLvEAbJkH10koqpxR6KsbxT9KLBosdxa63tWXmGR6fnf/5zXc7B0dZPJg/34of/YoXvttj2wbt94yvDkc0q/FAX2e/3Gy1tO0X7Zb3PAnevjt7Qa7Ozzs62g6rwiVsdSaX1gl/MtBnC5g4gFg1G3Hpy0gCLPvhN/71jI+3fUOoKw+l2H+jVdA4xrAUCnQP4cfWabQfepljms8XHA2gcrqUmxDp6Ltw0nfEekdz0U6Vmg1//fRzJ2nBy5txyr2t/1ofEzZseC3GUuyxCm5zNomfJphdqE7e1XJQ6s+4pFgK+a6MIgyu5W5sy4/7mLq2G0jZrsIDXMzS8O+fWxvNmVL9hi++VhLy2i+auHyyQxCoX1rtISqV9nfJP17Muzn6JVhtvNC1lmyvr73smaF8ZlCHqkSSgBirnNbjTknyOxiC1sB0VAJg8sBint8Xr7458/nub5PA9//bvlO3ebPQkfNwHDK8QLw4zYw6/Md930DBxrHiJLOcRbDi7TE8BBn1e+ptRpdojtrRtPHcBPEnBcRN7NH2SLpwzTF+OmGN33Rp/tq2m/WqfcfQXN+RLOi8HVaWLmxaSsddnUv9Gm/Fq/fmUZ0GltN7uNyM+Spwp1PXOYYzddZwrjfR1iyT+s3Lf83HQvB3cAZ/lpZY5Tv5739r+V8fYzrD/RlhmdlpIaetPKvaQoPWQ6aIGMfctvz3/UAk7hd4dD6adqsQWkyOtFaU/8/bA//G//rX/zX/1X/8vpr17/mb/+3t//73zns8/+e//gvzvdrmkcoiIKMBCTjvYRlvc391xYlVmkGZhkrwdROjJ3FXxJmrwWhT++e2ebyXF/EOtyIgJYhn0mIFspNeBYj6jLExqwb5L0jlmDb4gelIKJVFDelB+71UG1S8WQSWIgcOO27P4HMrSF3+cLyZI3yE4NAEWIk84s43XnoJB1JbIqlT14R/8he//WrGt2nYdhc76n77zW2ofuRncDIBsAJQGmYoul2HIunERyymUgVCJWmHLAAl2JnItUrlIAmRtFZSusqCKBuUilUpWDkhRRQCV2WaoSQ/6CVOUiiVAOGcKxKYJmiGP33nut9R3f05wZzzPGnO+7dm+AB8E2G8DX3bv3+tb3vYf5zjnmGM94xjMIubJCH6q4And3gBggEiHRt2ynAq3plYzKqRSfpzT9kKKw7XlQoqbgLX1XVf0CypXANYByQibYbAohuFqZvOanM2SC7oe2DzOJk+RFsSONYlJyy+fzSeESwvR8JqhpVHi9wH1ALLLXiMsyTiaxIqM9okIW419HFfvQewJ/XOCIzuiKEi5odz1G8HrXuq8TEiwsWSUQIbU41puNwCgUci2Uo4mQiUdPUra2VSsORjwUsApOB38FZay1gLtBJShdhwZ4bTh4ue3t+qoBXNEU6rh7dQMC+0wOMqVq9tQKDEOBm0DMA8AN29AhkFVXJAq6KlOocCWgmqJaVwWVmDGSNXi4COMuF/SuBAmxJkpSyTEFGDseD/2lC5H9dzjUgnFDiECwxbJeo1dYzVYb4lSpYCim/fF8HmcCL9Yjw6lSwuAMOmRJOoCdUon/iqVqixI9jmBVcksBIgDwPqE7LKkdm2y9mm0ISmsKB6K1yEMwGTMW5u1F4N5gsZ/P58PhcJL769cCDoaqWRg1VYA4Pi3tDuXWbgRfAUdFEa2yUYnKpVqBmfdNf40FDSYdromlErqvDZBzXBP9Qm0gEjV5wyaVzrh1xKB7uWH2PHJQwB17xUfVailRFzhv1FblRL6oDNFbSy6ub+q5E6YpVDULmj9M5CiCHkz8DcFvoeFHcNrrksgOqXgoDsHSwyMuzAyOkB1G0zbHN0rciANGRAhD+AAAEABJREFUVHTQ5w1Wt6hpLy1TANFXCYbRlapcYqw4TT/oYofWsFLIfXopRTqrANIQIhkBVIVK7tSlYFklpBhgHk1tWSN+yVEtwPrWYXH5F0RbQByBXnxlvi2rPQLE1rEkTXYDcCNI7/ilstWBrowgmssQDl1ZWyoND9pXg6VVRmVeQ8WixOdAC46cvBQVjCbAEQR+lIUjRm+5Wlwg0QL5V8kULKoldI9qXYSV65UECtl2dgCE1ebFQgVZYpv9/hDG1mMagOn83nvv3d/fywdX6/WTJ49Xy41kjLSfnnwFz1Tm/KK+vb29P+zlymVByHSRqyBR+oyDFzbClCxfsrIfdR6CWR/29/J5igQ46GsgNToU1GKS459Op8P9HVUxAtFbCCCKGZGkr8C+aK6r8kRFzxYFZ7mi03j2yKhi1XdoJDaIOd3Kx5dbecBHf8RdgeQYD7je/UhVQQHnxcQLFvadd5/d7g8dJfjJL2pkQGSsllUt11x9uHp8c71ey0isZdKejidUZUJAA70xO5C6OwH5xH4yVBlAAa0ayu90Ffnpl+5yfzgWh2qzWovDJi85mphaiBWQLeXYVbKwwpJCPiQQfIHaT7duis26udosb7aL3QY8Z35/w9ILKEzDWMEqI3MmB2DWhBsa0YKglt6cZaVW6h6U9eKLXI3oIW8VhiRFGY0PZZQKp2Ua3MyMuGS/mzErUnI9gS6JT4HfBfeA9qdMT3PAvWEPlRaSMfJV8XoVnzCqWiolT/CET3JILhc4x+T3e4MQtKKqQwdXzH8xcTLb5MexL1THB+YRVwmRmdNxFAB6uIzWdavQaxYboDJCsqKe3Gzeev3R8SzJnuEi6Wby/kccdCwNqLEiDIWFdIB8uu0cxKukTyJkGdOVMqRsCWCDbvLWKndTpIDCKsZKHRwcVDZQx/WieqLaA1lz2B27fRbaJyHJl2nyKqSIW/+jhTb5ac3p8hlEMV8NHC1wkyEJxuoJuVR4rJgRQXOGAjc/ffr4I2+/9ZEPv32924ktOd7vZbGfzzKux/v7g3zx9n7/7u3d7f44ak025xXNcjBkiRlW8RF0u9ClYVepKl9ahudViYz7C/ID5RJ0ZmyeywW15Tx3EHyvUGspX4dfpDJNCgih/UDRLGRhru4v6FnaomDCH04XucJL2zXrjYETE9ybtGncfDuYADr7tIW5MfNXvW3PTj1AVWjkp4vZvM0BorNb5sqI2gHDsG8xb4SyeAgtYKJyNH6P5DqXfiRv0pXaEqDI0aYu65DEENIan+FKGXGM3xdpeeUvFVGdYVN+4uBo2JvWf4Jo46zmOH/L/ZGvnGrKoGp6Fvkv8SHHeQ5Izd/PmLJ/CEY7NyXSfB68lBVwbj4CMcaHOILPAKl+e/SZHT2/+owgGPCYMmkPTm3e/vSIMsqd/5nmmzmRiWnHjyX0L05NICcwhl/QMk1VdEownDlQKjIZp5Ep0jUl7Hvi0odJaCgvCPVR9Vx25dkUGojoKeUw2rglXFhLzO3zZvSCy7hJkfrRay8trUSNmfihzpMuEfJzFTCJMT9nr71Ni6KYMHF72TYZuJi08k6Wn3iwuhWxaSPNu5lp2aOfXi1Ol+UzSa114jZU15u1XJZsNbfHYzfwcIZj4mGEJDps5l/PnFXInEYufAKVntNp6K7VD6itYvEjW234VqJaJQI7rQ2cusayABYPtYnomQMrUiHo7UN1HIbff9benb5VjK7+yKM3r8XL9Rpe6Fns6sQ8DVb8qiePiYfhlOyldGaej5FMzBzKOE87pJWvVcIGlAUzDBiCwjQDE+7NIVLBO+9TWjSB4zFZLkXarOqxtPmic9iKqLzLV2gXE4zu71WEM/sqBB1jckdSTIaJN3JkC1880AL5UXl9QBnQKsoz2WU8NBTRO2epM7WsituqfY0+2+P0ln5V54vhz3NLnXDrYDQ6p23g0oYRZyYsX1h6zyq6LAebvvq+bW2+Kc220xCmXIwrVY9Dc8tOTdgADIidHHjV6i9pXC2WzVxoP2HMGtkjctN+a6zL8rpaJyfR7hnprsJLIPLlL/0f/+W/8lfcj1//Ob3+K3/tX/0//Z//L//W5/47LMEvVCp/xIODMqlY/54l8JplRl39yO1HVofS+Yi6jrbfDeSZDiU0JctGq6c5+1ExPFY9milJOA+2MsMHv1yvqVGAY57OZ1SDgzQ6iMc/EmhTEQBnrqY6uAIRhna86FzuSkHYTqdLvd3sBCQT17Rq/KpoID0t0bUE/6zRv/TyoaPEIdvNdrvbFk0ZkrJGid5ysFEKmSGIrZV8jRk9UtmZ66yQSA8BB8BdlDQPLXHPCthrvTBPCOTS3mBiNLWrof6h3bFKJHsBojjuBSrrpzJYIbUBKix25d7MZhiuZF9HLkN2CS8EOJUwvh+uiM6bK6CyuQAmCgi2apX6AGS20EYRoBd7FkgRQSMXuRdwnqBbr4xObTNI+B7y3IKVsIyLauDQwpbQPq4FhNiu0MwtCmBcgxVXo24amyHQdCC2IAM61qOjelTQso7PTZW7CbIIaAuIFpRhSVXIBS3q5QYqPVsBgz0VWOtlM0jQLdHipZPvncd9S4Z3DVKPIL8DFEkvAp4IFnSRU9WUF2WYBxdHwvULW3hpR6/slEI1mPX+gq+EtlvvBAppBGpTi4lUA6GQy+FEhAvOGwavrpeCH3XdHpYr1uzEJVfJ0nYQwwUdGoaasuHymyVwWA9ATZ4CJKTJIpSRFyh3vdpAplaQoNPZx5VW2sqEAbgMXEnCUAHjlgIcyuSUI1Pe5HQ8oKpWHk1F5iD670WD+ORPwXIEYWsqLQZYlE3FHn8UUaGzCASjb+WZA6lEse7lcjkO41keRVugLmErqxKyGqUy6aj6zeBSXqu6VLFdsryo3AjiAmBfCOGqymQANW8cSX/qIgVAZR3Jdy6XzrifC4ErW0lNsZAhqISlZ4OpfuxKDSQhh2CFhVTv8TL91bCMFINW7id44pTOAAeTlEeZXYi+TydqoDv5kMCLvvfxclHfTpWg0d6U7HvHDJDi3fL8Ci0gABZuYIp6/RhEb30Rme7Q9iik3XcjMAyKs69WW/WbA0j5RHIplOOoJVqyRkHrvnuKXsvl0Q/HsqDcDIULqNeghogpwMJEdSaaPAm5BTRVguEaBRqwYHoHTqG+b3sG816b0VHF3hvpT0VDyMbNmRI1TebxR/SaA4EXUuaqfGE4nxybyx8V7DXKxAU/rUaZthHzMxVtYNsnnOjksaApY+nrWAk0C9xYbTcNKNA0qCMHRYOVSwOh6uWi61YyuDK9xfkYnUwv+ZdbE0F4hogwU4K0dedLhQ5mqHYYhxZQKtTpu3N32R/v3719fjicxfeoTxfBkGR3ePzosbwEOr2cT/f7F+fzXlaKoLfPXryQr93tb2U2bdZrmSH3t/dixGtITgC0HRcr5NgQScjTlLfle2tZVbL0T4L39P2LFy/Qrw+/QUaReaYgIPSzu+e3+ztJWcn7u92NXIBEgSRwAxsrZVk19WZ7tRmZjJTxHIYLCh3QpvIyjnh+FEEyfr0HQLZYLZ8d9i/k3toL1o4r5KbvZG+Tac+MblScNigwUogFPZwOm1WzXTZy9uvdZtlU59OlP3d37k4mw+l8EtMiEPNa0O4V5JaR4JE5VtWygcmYIpHFA97d3r7w97K5AEffieGq102FzoEyPiNVAiixLQD8pvbLx7vhaiFx52uPt1e7K7nN3fZqudqwL6m4Bw3onpjIpXYYMEzHDSy+Nc8Z4X+OvoM1d4o5HkvFSAmddipGVThthgwgM3K3pYYmh133SxY8pW9pyt18bXO8DSiZ/gSJODLijAoluDJJ2niro+ZK8dVMG6fQ5JOjWeC7JcVtFfQwWmDJ0p9olUooxNbIMaD9M2Z231/69iz+C7Q2CaCG/hy7o6wiFrOIKd/jNjGvkLlD44g4sJIDCV3kGMbxdO6SC4/M3ZOb5nTanfayr4zq6LP931hAyZ2dI+jqq00ILoGPfMkMZzlJsOCH0Q+NK/tAsRybJVbq8ZOjDKdKkIiS7mBILGj8H0bSs/YHMtBROXUYm6oMJv8hCSwgCyAaSHq+brQzaFRgFikcpclD1wJ7QWAJCx6+LK8S26sG9GNQArul0RUpkh0CaUx0rL65uvr4x37yE5/4yTdff3o+taf9PdD8/qLYtAy1bMCS/LlAsb5nlm0gBo/Tin3rWCdP3aVKTtmPRAq03aS2awAtINqE0jL4SHgVFh1DJRO3Zr9a6nCP6tFJEkjJDbpnUWHVQYKs5BYGwofsFAKgwydxvWtBWawufRD8+XC4bG4AsatwilN8LLEwi6QMkAGJFDXGaG3rzLf0aX769AVbH6kCwEJeAx1zd0NmXzD6yrCorOpxlK2+HktJvw1aK4MWyYgS6TN6bYKMSjM/XGRPUPFwF9lO3BZXwjgV/kspXC1PdET3qV+gH32ZoOXcDHxMwXycwzLeTdRXevXzH72mBFJUPWH3szF0M1jfvers2W/P71iwHlIAHl8Ge+NLtLeXYOsZkpvfV12JNFTR2JxFzqL5Wa7aejYaPO0fXIRCF4a2ee9n5zK8wylYkc5uwVDM+Yv5Deh4RdWdUNtH41mkTyZ0LgmRaXtf4hNFglY4K2vWvSF3Jp8a2S5DIRCUPOhNWgGN0QGjS4JLqoTDZuPOgF9cMwrrrHtouuwEB/PLZbQ5Y/dp4v6Y2rWCj+JegmpgWszG1tCxxCy2TB4vii62Z8cIemXBcHalPBAolv0hsoWGfsvGmQ43m/sQ7I4Psy3DmMacGnSpCF0zPKaoGMrRdjzQeOXwi6p+6/FuUYSvfWMvMLRc+KPV0j+BZ/jieOqh+ybu2MCkXUEg2pSjXExhNPdlw24VT8pVfciL12RHSFwZ4WKzuXGJZtoOO5rq5aFctWJvKUpJkLPk4Ch2Z0TE8rwdkvwld00Cy985uX/y9e80xViVT16/WtaCWJRRXNUOndc9rnpgC2oQIXAImeV9kG24jvIRSIp65aKn/QHPd9RctSuiCY37URnfhWZjMazc5umdcDopuSoqQK9qbE77vyoy79hfIiGFiI4x+5mkQMcLJHgwSiFV07Lqzul6ZJOYwkgeRSKJj5yr6kiEjONxegVuwVPKYpzqSCJpf0qy+dF5fXAZ0A+QX3rCZtKm38a5oY5JiMggVzdZ86luyL6a/x6NMxGnQ6YzT59PO02RQN9scMwyzlQtZrYoaJVxzo0l404aWvLyY9oPXDS779JH/bTTaE9tl3X3FIh3VoLAs6p227QFepPfmF9vVt7HmP3v/jf/6x+jz/+5v/6lf/m/9L/63/4f/of/vc+N3tTqAb/qI7YMLTZ0xWe0CyGcYKCoIFT2kJat5ZkO3GDkK4LHXl9fV/US5NbkMjq0qaoB6cL9H3XuEGUGUCtRzUaC37HRQhlClCCqoCnTcolGf75ZAM90fYlWMAg8KJ8ncMnxJNa2EGgLKgEsqaR+JkizTEYAABAASURBVNRGC7q+5KK5sIB5V5gGytG19jD0FIWIWelVL1dVAgRRkAi5PVfalS6wOzmaQ/hBy2ds4fCa2cSsCYI4n0EuGiGzMKqkQIU+TLU2Lq9KVdIAbw40cGBMup2RaCnj6XvKWfTsCEiQvywSKytQUhOXLWCNHodAeaFpUnXFtbpJblrAvnN/Voc6JIhIrpvV3AOi/1LO5dga7jyCfQkwUcEL5uMdd72apJ4mmNajln0pjbRS/e5cTq96bbxIcaMqJYESlO+i1eND/kFAC09fBXikQIgQg+zFQ/F9DzViKqUuJJ+wXAEFlmFH2BllxDr0vR+V+g2ZV/qbwGvOl/E4GkGKEiseXQRbNMb0khXr1LIBoFmD9i7p9AEazUHwI0mDLZYr7VbHNsr4brMUPwX9B0uqBheQClktcLXQzUQVel2jSZADe/rSnoMJXGvmH46UJAkQqwOSa4a+BUbUXgRwW5dgEUbc4FrGplD5ghgWxhdWYJTkrhTEQ6cXfTwge1JTmZW8V/SVl58b0JaDXCU0XdF4hPgDn7pqZShPQgamL1EpD7Fm6mws+67AJF/KjbAvE9jsYsEHAf5cmUJT4EHAlwR2r4iRukpxW3a9q5i89OzsFXpCPJxF0SRfsLQpY4IV4OXvcvWoC+i60VktACMPlSfnRC5HrbBg7zWqJssqLiFcoM5ZoOSCCVeSVxDInJJBAuca6X7olXvKtAvyDla4nBgLkDFXT+1PmYGlN2UeruXcn0SPoI5jCu20+D+q6AQA4jGw2AJVDAUkbsHh1qAdKK8q3/XkPaOLdyzZBdsZxh7Pl7PF/zKadaXpZ90iFSkOlDEsEqsidzHVKyIk4bKgraMmhnwZYvJ0SFgLAv0ic1sL0zRWaXKMiSQEFgtDS5N3IOdS/Zwl5WXIUKGyPnReetL8BQ9gSEMNDRJXyxCSXINyeIjy+TSWitvJBVClHf8QYsSp5IaWS9wVsgXQppCDLZerNUasBD2WDxg6QO3lLDYKRMUSkx2zUZb0iEVdF9QnX0Pt5MIQL3YXQlUV2Oi+oOBDfbW73uyuFquV/KSdVC+gi4+S1IG6KxoAum9+8xsLdH7EY4fEDsQK8Wi0R6IW8MstSeS0223lAxCodZL26Pf7w/PnLwS1lw/I6cB03qwjgiw580IiBnKf1/KjijCINZTUlBeApYd6uzweuW3Z5gSQHf1waqPcL7BYrnq5x7Okqs7U86EiM4SJIhhFsiEtG/ln1fhy3ZwDSVGSLBLjeVlAlkeegqSBA6tfj6cTVIbOYudH2aDktpvzSj4gI7G/30sib38Q5PjySG5tsegrieBiC54/FKgl3eK04xGhohLdhJqmqJVxA/GNCnuSPMX1shn7haPQjUwusanX2wW6Pi7XctiqEdu7sNYOXvtrJogT839Uo+UyruxNH9aphTH0x5hbRLpG5S3FCQdTMgdxZuTLNbWrHL2M/xkD1+BTl4sYjU6ZCB75fwaKZjS84CbLNqdYjkq6UokNVxiPyRkvMDkJWC5BmywZgOLMJTemMIP2Iss0CqYshkSyhsiySm7+jHdk1stOLf+KuyPzA1Cv7OAdPSgMP/obUCAY661IVGHWL4MpLUlI2UdiuGmabiz357jHHigIdy8emYTlSoqjRTFshTeSMXnnMguPe7yzkMEprBn0gbkJVtPUugXnGjso2uYMseQDCDq7OCoyAFm1AqA0ZUGQRNYgi6tAZYwUMLKEfSBzFk/fo9hIskFI/LE+xBk04vXcyl5jtTOuab1cPn706M3X3/jo2x958vhmuajv7+9OR8kEtQRc4BBAdow2SC6wQ8HRQLWi0sSmEfjAPOrOiKYgKTKEL11WprmWqku9iTAh16C7AFogBJUqiToNwYSIgVr59nndC7QzpGrxR6VIIHcVeLN4HnzErXgncpH7w+FDlOnwluCx/paeybxJU90gRJ+mbaZLFZaVd7ZsTNuZ6B1LvHIJ1AO2oIWOOils1qTS9fRTYS5DXnP6rVAwF8uGMvKBHvlVU/r2Rm91LsNeBhRzdWaM2E9TdQq35+ht/q2aGMOv579xybVw7+d/GdDj30c3fv9ZotG0/fsph/nr+tsJDfAvH837qWY/Jg/hlad7/5XkdZgOPWESLpVHGxycSXOz0YguvemyfU14//xa/QSAGlyQH83Dm3bpIHbc2UcewiP5gr26mvpTbo5pT91qY6KWYqj91IlcGAHaJafLaLGao4zMsAQfU7IvARrpZpTPnbJceWH4oDoxxrfzLosraGWLBciltz4IPiYae8xPOabhylPeKZwY9WZZvVmysVBahFwtlv4p0rTUvVPPkp6ZPeDktpqEtEklOfLJYppUBpnSe0Yhk1z4arl4+uTRT0hIWvvvvjgOx3a1ah7toIgIHjTx0kBOYUSMxEDDDVoUbeOcxB6KjODbxdLuWBvnse07SoR4xaZH3SPsKavSRprhjvUVfCAgV41a4Fv5mnNHjGTovrt3/8H/73YMxT//4UdP19Dlh/wRU5CszgpaGWos50TNphBo4iw77jeUalT0edKx5h+WKQnWR9ibRqMFwnTylcWscyb47OurFXUz2qnejfVOhhYKMT1tDJOXQlSSn847xoO6zWkcYsgcDqv2XBNCuU7MDuN1bkUDcuzRJ0jwR+j1gQSgbT1NGTzboyebnjKfM8MZ3YMtIe87Cg/Pqp7yJ5JrUnjvXrVNPbyktKXns9gl5OM8+LBLW4eVi+RTpn0sG3P/cNc2y62YAO885QDNlc/HSptxuvlcHMRL0eDWhisB8c525PA//7t/96/91f+q+/Hrz8Drv/xX/9rf+p/+3b//b//tkhOxsMas9qzTY8P/St3wraeOitOVaufY1BbuvQTuV7tt3Swh2ExnGuCcJ0OGfZ9INM6FY6gBX6/W1rOOchDIdkrwOgZFw4mKe+LLxYW4zQjgjlU8QyWhNotTxWPtdPpJ0F2ifxUa26ExfAkgRn4YtechvlhqiyUgy8CtAqMdeY8UvoSJw6lH58FKG6PpHsAAACxj+TaxFeu5V1NQw4ItLb+mqKJCkyB+4DNUVwjWUFF/66B0wObgYLzxW2wBQRZkZah/0gPMUJEKlQCoJP9cS6EJVEV0qSe7c4TocK/eVAfEm7/V0A6UPTpVYECPKe9KRWmyCtEyTsYMXaNKiqtUWvOl/ldpctMUJPQk2Kq0MTvtlQwBa2BzkBkBQxMtsEZtHSa4T9VEhbBHLZwNIIoWdan2Btz6ZimHrQn5BUqyAnmR6IqhICU+YFBleBarpVqX+8O+u1zAQgIgCHBcQnRCUfAA7AFBVlZAoaUGHg7g2lj2g+QvtDoKYAYGG5qRMhB4pAtwRakpEJZ8aoILOerNyO8E+5KLkG8KvjyoHAY41wNp/SzK17GqlnqjYK3hTJ7aK43SddghI5RNAwA6WCjOiFr9sYIK5E3N6FTAa2WR43rhmYB+wVA6mkYB6WNRsRs0VFK2Kxp/DSCrmrrxYrVmnoPd/NBYM4BSTqWasmoEgiSfkskWquKC4ezAAAWTng63zB/8WLCE28UqmheluskK+MhzqhdlkehW6DVqsrrlYLR03c4gw668EkyoyVvSDuNBa92NyTtA0cfiR9MooZJ4KgxkKyksSlKjcVKsuzKRHuUAXYeVU6mVo9aI89MOqXtUwYHH3akcSkrFaktRcsJKbe2XAwo6C2gmGRk/GOWOKp4E2p3thJCDNy0QrJDKHNf00jGJzKyo9j2Vrx1MYu3VgKSBU2xC3QIs6yppeas0vEZIQXVxEdkMGgyorYAuudcRgFXzplNc06MwOR9exqC5FS2HQGHnaF3RNfKM2g+QmgO0dj0b0lI+iDHrYtlYeOvQXjJQmZQjwFxLtqF4EIZfl8hSsHteP5yhfHFyIHQHEAHBl5QH3FAxtWYwgb6gAkaXFxkirLf1etejDSvyQIK0rze71RqNvUgmLJsW1QBY/rhu6DiJaaDMvcDBXr6yu7qSr4GuR+mkywENReVKsWiZShSUvmK5ybgEr+n+7v72eIB0e1mu16vd7mq728ru8/j6cbgOW0DS20XTYKKPZq/Px/PxBCEEGX/59aPHT5BT9FEfHJJVAiG3Z5lvkjPY7/eCQmuVsexHV5uNIMvYaiX9VFTjAlX7Etc5br6o8tmsZcyGtl+h1SDzUky1ykFkTM/Ao89NB8UYMvZlDyQ5vkfCYL1qceNj6NjRlwpReNTYf72X7NnVen21WUOJBXI+shqP8hjk7mSA62rNLA/moQz7EhreRU2dDe4YDc2Vz+E3HcrReT+jV1JzavK251iKdzaJIsuuCF1y/trRTE1yNBlhjdYyuJKcZGPxOT8L1tQficXMwTYI3C4Du41L2ZrS0GbFAJK4QPq4hochndURiaAPxZxaTIWKxRyTCek0JY0haF9iccfuNHbnsT+H7hTHNnTnQVKtWpxALXVcCbIymk+vnFkVQ1UU+UChhhaaDCObQ4/QP19sBAa4PRzOcvwDm/CNYPOaDmbCvLybAV7OYlmvFLwEI1ssEdlDTpOWdvIUEhmco3amSIjQJHCSYh91TZSxWLCvl9OWUeQ0G4ZJtVBlMBf2DImMlqY/pl0uKblhM8AyDIQitB5EnARZaNXjRzevv/b0rQ+9/uaHPnSzu5JzgM9wvEdTCUb3MpUubb8/HiVhA/16lIyBVDdqFSCNmOIYEJgChQ6tTIcx6FCZe5SUWnS+aHbQsxRJ7zkC2RkzKKUbEeS3oFlX5FfanLjLGA/c0W2D36YaI5KYuFxOm9WNWE4xGln2xABoo9vbNsmZzqkS3w8X5nnPbUtBDgOQFS7ySedkgiQT8OLzfqhulrr12r9AXDrPYjs4PmwPzqCB3WgxBQPfxtCU1aC5mWj3bWi1myKSZBRmVx/dw1uJiQo93Vj6w08zOBkBi6Wn4ORVIO/3ePsVr/i9P5cSXBY5+5ekpf8YR4gPtTj+yJd/ABFkGNluZoYhxPTZbDnt6/m7zr0KXo75lzM8d7Kl+nPmT5uIyhyZyB/TS1Fz7xKG5meQC4XXQ1YM9RaxmpR4ocgtzxZnsIsVwhj0mkCd2cXHhDYaQD4bL081pSR7XCSVDfpB1orEiDlxzF9JsoNzyD8dmL+Jbpp+ztxF5yaknSbGUeBaC5TVCFIGLWFQyeba8KeMhQLaLq8Ind+WyYvpYeQEBwyFeD5vP8VnZUWilMINN5uVai/eth2/GdQ3LFP+ysBP2yLNebYRTbuwnlnDVbCOECfalPOURZpN8iQhUWgJpiODm7XXjKjLUEDVg14zwp4htqP/gxdtjHcyNJ98Y3O9YsRscJkxgm1MbCs2zUBW49FjSOB5jA9J/3ZPNjuDYtD6VYYkqpnm0pT1xQSEzeaSId/pKRQxY3Dcm0qbR3rqIieD5nCgGqpR68knwzEb4jA99ukL6eIsS2Fdu8KfyGj8ELw+oAA0XvGB+5X0xrP91YkQnZu51O870IOt8YFNHznYAAAQAElEQVQxTm/6OMeqs8vtXyJNP/its1Or2XoJ3J6urTA9oLzfqOl12vc5mKl2M9qJeoB015DJCYngr0G4ItAZPXSTRxTzxmP2O7kIOapWcoR+9LO/8G/8m7/4Offj15+Z17/xuX/zP/qd/8//9d//d4sU5XlIhMIBHdTZdTZ7Cuvj50vwFYLOQMUWVS9Y9ozVYoE6lX4sURpVgjXo6WkSY6WWMUoq2ZgKMBa1eou0AfslX4w2IiU45NxAomVyKtJKudpKQmsHXxzFPQTCAH+oyudYa7twx3osQfDKZdGg0AmtAyiyAAS2HhGYiVFGDzoEfySUeJM5JmmTIBQFK0aFoXGDFAYFG5KIHqJrFk8qtaWpm7GB/u5YDAQfK4NqC22KVqEXO4QglJdjeyNOqLrG0XB9oMnEFLyGu1ox5zV9DWCRvbysDyQxDSD7BZWEixRysJoJqLagGBAGJcFEvrpebwnK12yZ7KiHXDQN0IpCqbDEmCoIUluBqzdCbRlQFzawOx/ou+g/hColqJdqnIHq12axBq1vxVyCDEkHYQbNorP9F6BgOV0UeBkFdKbYUFQzkV7+X55ZcWlPZ4qSAME5nU6CIKJsFimECh17VptmtZaHd3d/h+5b0I4FoDVCpBYuDvSp1+ulIEN4bSqg214LvUY+AlQ2X04AuyPEldm1T7u8AUlhFgCxPVjYfe8v51KBUvA0lzLj2+7i/NmB94rpjXniTN+XdN1usUKB/grLpkWeBK3YEDQKHKN5g6hlynygWiJLEAU0f5laq9UaoGpzcVDmXXhigj1wc8CGil7IAzuryLiE4otGV3BpYHEB/BoUBOtnVOq/upC5q7X9SR7f6bwXeL2p1jhwxRLydCUjK+gEjNNJAJlnsKtqAzTpm+oMZ85EViJ0PKFAknpRUteb8A2IXU0VK0p+siKamAd9Ol8arSBa5yUg4D0IucEQ6JA0a4ZI64FpTNKlWADJAAGWV/HuRoY4IlFEQXlrb2KqN/JQSihml6r2kUInLS0sDP8qtCEhkjSExQKSDrEiKAwwR5FzXxJVJI0DwDoQaIEpXKWLnT5f7IL2Bw9JwseR7y2zq07tqvxs59eXlUrwhdGj/A40YVRxVFNi2oFRsRgAUrhgathUCl5o7A+Qg3ksoIA11pGuZYWM0wlNOI9wNCs6xPTRqivvhKnAkq1tjEIzsD8goX8A4yXJOwCgtXEZSUtyvNUSjOCR2TWYvmgBUaUUbM2yFFp+joFF9guSx2NoQWxX9D8wb+eKvuTjRQ0CVibQNRlbSagI2rnqN7vhWo6BKTvgehZoiSeodEPz4qGMvFoB3+BE2oFk3CJNpWcPUG6V8dluNs5Tm6jrL+fz89tnh8NRrmcl8Ot2t15vkFeTLA4A1uWjm0eBwIrgVCq+JDZK4C0BnVebXQMcFtrHcqWHw4GKNBhnAYhvb1+8uLtFK93l6u7+/vr6WpBjMWqCJp+Pxwso1ZDk6brhdDnf3t/1/bhZb+SkT69uhitPpZSRvdQitBpG6k7TJ9yKqWvq7tLLhNlAsnktOLyM+UmOJNZK/u2gJtPUSzFMEmO2UG5BgCPYNKj7oPGzT2rPppQEOAXKlmNuBZ3fLNeLskNjBbn21kWBuRer+nqz3AjsvlltSppxzO2KXgJQOG2TVOaOt8omsy7xmvBRMIRaTQmDNvSBziX0FQyZwMY5Wr+hQGqalvvGYEiXVhSE4B765erMhtQfkC+d+S7DMRk/0RNrxR5d7dKU29NScQmZNug8c9zm7rzCOEWCX7LbPEEy5q0rIYzCdZi7fX8e2lPfHofuDM2Ndh/7S2SLYOgE0YWRPxypyziHPD0vO9gptp3DAsRZC+2KCldG8gBiKZvNbsM8kpdVIFf1/O75/nSU59110NiHvnrq4hpjzMVr6sebP+8UtrQaGeN+EaEsEhlLMRrt68VUnqF5hFEVkAEFkYB1ihNIdfUKmpi4oVOYucT+bI8qcp8A/zbq3hdjomCDFgCrz4y5Cb/S92F3Y2eXLXlTbAdiEx7dXH/s4x//8NtvPn50LRP4eH9/OZ0kwS0uierNyYbXns/3+8Pt/f58Pmm12UggmzdN5IIAiYOOEwpfSGsovCxUTjWDqJzlBuk5O6YKxAaisIm8aRVR1l0gardbRbKYjDXfj3ayiMkzjDEjEVhVRNzhT3Qsr4nxRszo/f6eDnmV8iaqAcraM5t5eohCh9sbaGOz1mBrjVlVNEa1vHUF5nk8rS9vt2oRLZdyJLiMwgmaf2ipDCj0w7ol3Byidr32FDBBAwWdggrs24UpjmPTL0FD7iGsnP+eA9FJNdkXM773/JWICC7VWTwIsVNyeXoZkvgnQ3D8q+jSs0Papv/S37/Xt77/0V7xeQMD339O+3t+68F4GkKbT5r+CFPEP33ZqeUz3G0CyKbfz/6Jxsdzc8wsqpNoiFkCEYIhbJYlSaLD+sxU8TYYAK3XzrUUmRTMEDjft+dse4RLaZF084WmUlyyzN5yohOuYQk3vVe6Rj6J2OiIFOY6PkBDvKU0UtH3A5zGpFm1PsEgFlUdMlkSSkvrCnDWv5p+JlUZY4rJ8xm8zY10Z97nCZ3XSjRkUq+j8E6JGcwjoWntzXoRHu1QezOMz14cUdkXN/LM+zsoAAYTYkHCLNslSI6kBl+z7SKVDKVHAOYB4WaIQYdet0+2SednaLD9zJJE25vB9AgksKXNPZh5LKsxNmIwjsP4+y8Obd8Ocfxzb1w/XULtiEooFFAkklVYmtqSAqY1ncH4SDK3+aXcryepA685xJxL8CkVSEBDe6SrhIG3Aie6qwp+K1VFx7vQbGByaXBdfNrY4ooigfmT/+8spx41atZSMfrsNtvHtFPzmA9MXLTKo5QaiGndzLyTH5HXB1OCwyBTeWxjwot1KiQn7BVfsSJe5wwXNvtjOTX36m0rJoGi6efp8Hk9Ww4lxrwRzF46v+bHmHnv/ECMScJJN9UpDalJkpiuNx9Al4L5yQS/knBV8jsVkypQlD275JT8cXHmH6S9Sgth3nrrrb/z7/w77sevP2OvX/qf/Nv/z//7/+073/wmOTC+Zuk+Vf1zgUwSQVJdThDWjG4DpxJRU08VjqGolh4gwEAxIuKyWvwf2WsJ+n6DVvGVpUqyBituRxyFD1JKGBBVyxZqWnKpYhfgZ1ng6qzylGIQ8qNcwllC/G5QFRGqEQ6j6Q/rBo1dk0IcSpfmAgXLMAlxqFiyCjwJkMEyc6JsACNUBIOyfqNC4SyG8uyG1wriXLGXYw0atWwPiAtUCVcpPdhF2ABQxlKQEad7VbSm7QrDMGJSrQww8gQ3RldAiDdpIKH6FqWXe0T9eYnGTS74vG/pPfLZCfQCDdlR8saosVpCG5pAZ8nycGgvbAS86wR+GHoPjvmyIubhtag/RPOxKGNyAQkoAjpuPHwIgZ/KAXcKIjMDV7pOAkmMlC2GGKWLzXIlg3B9c9NeOmKURNKJQ9XsfNcT74jWsQ1qBpJZKCwxIG5QJ5DJ+Xgiax3PZYEWWxf1ReQBLMoSUPd2c3W9O6D710FGcr1aNlV9QtUsJICvrq6vrq6W6DnZVGzERHQOM1olWeRjF7lgOhreJMAA/wHUEcALKtGQ4dAxHgegAIpPe6ibNZvNLtKZg7xp1ZRJ3rtnua68Lt2FAWIlSJDGUwYpVlW0GmWm+k0y1AH6YXqjCH5Vo9uYxnXt+STzIVFESy1+TQlulSBDrqURtIuKB5gD8jTLyimLQKDBQbEJOr8DWsAJaEqCgRLhnaZKqKyHegGH8rWqXIJfJTOcKSaOjKDCvaRWWqQqoqrcDEQu4GjWJF3W2uE64cUwBzG/oOqDnJNiTUgiAc6KRB5r6mIXqn9ml4t9ZYQ0uS7j0EFM4iJXs2hWV9VSBl6GgYIt6SVXIkev6OQiPVWLjSKPfmSlXfBs6KS1m9FoXekfYHGhlIe8WLElqSsVctFdrMjOIT6GaCcqAV2BO4bZdBXF5HV0mT25cdxGA8na2iTMD+Cej2WlZR4ll3+v5GNdKRQCgmCe2CuVhFZVfKddEpVdXZQWLiZup+qvTxAXvQNoUVfUL7Y8hMVFFvO4B4G6Frwm15bdVDTtkA0CBaVbUGd7YkqqAkvJAwA0AI20DZdKrFDpFUpAYQjmVBRm8tiLBmuGRr1wve/bXjVM2BYRrP/1asEmA1G5NDp/VSgfou2wjaVrVoKkaYyES+ixlmE3qgaPjtJ7sniX40prv6k2hYRBC/HsAWknlm4G6OBf7u/QgOx0OpxPxxe3L07Hk9zfbrs7H44r1OuU5+4iU10QYXnz5uZG/o72iUxPal2nLKDjASgQPrbZiv1BgUQ3QKEeewe3OzEOcgLQLvf3u6tHAkJfXcnSRk/LtpelsF1LOBVOZ7Fj+7Y7cyZHQNrLZuzkhC1U0L1n+4T+LCHiMciFPQmPVHtkWcvakFGKAsp7bEwN4MuyYtaAlKLS1+s1SIfo1YYs7klOc4TMbYD4j2DwB/nGai0mZbdEVRLE6o/uIndyvuAxLZsS5nexvFqtd+vterur2UEh+YR4ZiYHGqMz5RzjgNlko/dpvAdMJm5n0cSgHjqXSdDBJSc05NMoLcmrUrjqBGhVRDTn01xrhPW+MLQtImsTlM0vtt1HnzdSMtsK3Uw9m0TSQAfDk30675isWElbFeY+lU803+gUrSj07vUMWm/MYHskxIZFFMBTlhTBXXc59ZdLfz6M7e04nCHuIZtLvUF5FplcyKON7Xg6XThL2348ns7nC2czFXWLxLfVFOx2d7XbXS2X63oBeagPvXH9qe4nTyeJ3MPzFxfULI+qd8u7DxNbysKGaIUNLihkEpNwK5d5wp818cQQY1QWg++8JT6njlkG/bGogg8M/aNGQrRaVZLwMMzdBHd5lYrVS0Bjq8D6FfZNQH5JFYSoL2EbT0ycvZIYkmxykpl5+vjR22+++eGPvP309SeSH5VBfnb74oLOw0OBEg2I5JxkUcqLTQVkFbCPhiS+WxIw8ODkMalkHRYNG8DKfShijNQAy+DQIwSA90KLyNQLZq1HybbOOjUYmQEEhkcD3xUQeaNqcKUlQR2TiBiqkbmbBEzje3Us2tI3lV/UxaUoTmd0IemrQS5ezINW3aXlo7RSg1imWVp4g5LZY9yn8NVNCZwMJHlT744TDuxMgobgDurYuTkxb0spN9XQcMnT4ZyPqT5dCdlBEw9YYbJlyyZROtIsC7UjwKbZb8bHNIFsw0pYrcUmtmFluM1aJLvJ0MzA2JhuStNOwfp9T5+Zw7TRIiCuhwdHfeVrBmL/EXixn6XC3v/17/UVy0DMYOuXvqKIptZ2zfnVcQYwxDiTLrGDZYTZDp0ZwZPOiYKNBmunOeX8/H8pXeHmZ8rwssZi4wMU3EDpacy9n2yFghTKQjUDo8+BpVecMiZ/6l1q7hbMGClNQGvY1D4n9Hk2TaKZabMwtjoULg62ORReyXdKMqpdqQAAEABJREFUHNBSHnbYK6LucvQIU8c+u6kJkTXcJD9og140LHZpW9PO15ot8qpnnnKVPt1IsB4G6SxWPqPRnw6vbZsprxSTOEZ+/LHw9uh0IzI0Fqb2ZrPwxQ25ReHFvsVgF5XcyXdvx+MFNrWk/jGOjhJJCUNGV+r6sw4IMcFYY8k9W8suCm02ArgV+fKul5NWIMaUee5E08QwCNqmoXf57sFZkygb7A6PdkESfsWTjFMbwu/vY/sHd6eh+NTru7fWEtnQ0+bDSObPR50ubKidVZ885zxpNqYYqnwaeqgwdaXhabjDEbuqthf2imKXtFuRjcrTjdhdIwiIidNs3rZtlkwvWAUP2vkgEzmmKVlYp1lD2sIYEqhoK4NBNDtOOVMPLOarP5/QKU43xsKQAfJK4x9hu37IXh/QJoQpOxKTRbW0mL30+bpkXqZUn5kCZ35vrrvIrzgZpvxOnrZ5n3cTjJshYueS7UypRD/FnW4+Q+M8zaG/KpJdyCGlCtpEM9Bq/b1mrpKBzJu99vdMeTndlbzN/XyTUd+I03DY6bT3agpKfvmXf2mz2bgfv/6MvVbr9f/gf/SFX/kffz44VCUnZokWPCaD6OgN5pDKmBHq5Af2aweFqigbx82CrFJwHaBurAEzsE5tt6L9wGpVkyDcFhX3UBkKZcu0bUtFh0b1RtFeIsAjJwocCEKhZxqibWgjg0ZacXdFkE/AB03ijClGWl+qHlosuobtB3GhHZAiwIt9XyNiL2xVJBYk1RV6DzHTipxo6hJA3ZWQ1+i1R3nXkeJIigfwTLSTwZZrMhpBwXxtvaJQMaKR0Vxll9PCKm4xajEx8d+GCiRey8hUZBUbVa0McY3e0fOQ1esFcGGJedqqoP5JjJstyDmIdPFqleAeKWDQQJ2zHoMKZo5ax8thwafpnzgVccSRih7anot6VHCw75T7jNZhEIMGvEKMCIdBVEb4E2RFGWrQRUk8HxU5YBv3ukGXQGQvurEbmABAATfJpHLxFYRZt8QEKQizQAOrgs2LSAMnj7iu6vVmu7t+9PjmLE8affwWC5bPg2sPAYvFQjE+nR3eRNkiGUtFzRAdnRVHgn+U5W0F9WkFzGnlQW+2qxIN/gQYvaL+ak/yu2mhgBGJVICzlm7G1hzNIZQAnKrlLlC4hTmGkYLpcl1OnXx1KkNFnhSePykP+CXjIofLXK5kuARU78FEGAWTRhl+9BpnIwWzpNQG+u81PpoQHnv9eUK5gLsgqEmHE4zNvqVzpaxzGfUGDhOKC0vOPQ445HtxRYSFKSBDUZ1h6LhV0J8ho3gkcgKXKERw3kFuLXhGQNl41gJL4WpH5q+KsTJxTCUUyQI87u/P55P8DK46lN9rbkGFFjwipEDTzZEWCdq7grkpgdvRvcbad8VqsSQXTQzO2BU9EwNDYF02vXq2MmHSKaBXSZfiV6PtRYb6EJMJ4ugWrMCoVIUjtwHRIEouT54Z9McvFyYL8IeMR5Vo80yiaFiB4EiGSCupoSM/UuMZKiBGqORzZuF9pw1UvEprKPKrkjZlUt0BLb5i01QML4aQKT4VoXa6Vp1KPbCBlUs8L6XRYaKN6tbiXplTUEDOaakHbEhRjeSqW4gJUwh0ig3fvQDPFD0a2q5VsXIkCxVHEggYx4TZgl45uX7cTWhlkeuBVjLsPgsRRteZkGmh/gmLKaA7TMAUptinRDfkgQgJkgM+av4AFJdesjIhLqkPwy/QPjQqmx8EjUELu8qp0Ac6NZ5OaEdZQsBHHSH5Q24KakilyqJAfwZ7iORTQ9xs1kskdTC7ZOV2AgsOw+EMZWrZmB7dPHrjQ2/WlvIcJeGz3qzlIsT43O+P9/cvCoKFchpJUDlsJdiRqkV98/imbKr9fnE6HGXpCBB+PpxkqsnT1Xa4clnNarUTq4G1oCvFtzCUfdmjnGUlv90iwSnT5tRe5JLEZslAykeqArk6GVhZNBd5Tg42XybSkpxwOdYeqs9HyT7WTAhXjWBYkqCrezxb2axZfqEl8bJ8Wy8JzLKXRz0gBAv1Elrh8hjX2+1W8ou73c16s9EWrywkoSILZo6RglglWqh+m09ucpGwjhxoqgyTLkaZrKAx6QR0WvdqhVZKSNLErYIOao00ZrckV5KsVQ81WCPM6I3N6TQM130og27Up2IJsHU9tHaoVhnoUAvD7cPNYBzIa0cfJ+96ArYsxjUHyk8rO51RUXeFtyTAbSWP0F323el4uey1XWdZocGsR985kJzH/nhu787t6f582R/5jzxJtMaTjCmWM/LxjXYxplQ1sYEKPlKDEqDlZi1I9PXVdrd5/enunY9+6CBnO333LJtv6cw7QiE5M9ApQrdBYSdadm3EtcMlGyzlRKjY4BYFF/XrmrJSZCGa3jfv1QQ0vJY6CVg7aOk6fTvLIdCgcUFrkYryiinAxegfqmGoMIBOVlKsitrzgJfIB2M1OU42pJvHjz761hsffuvNp0+elk15vt+D5M+GzBCKw7YuAygmHZ05JdtLcZ562cCUiIvTnVtVH6MGfuCF602ULXgCwDXERXDsz6vFCAt2JWZ5HyeeNiTUnlpVQdCf402kAgm6QsmcPgOsOnTmb6jfzeo8DfsUiXCE5GpodZUdstfYcwTfPu736yV6ROtMtW56CoZEZwiVC/Ow1sBAl+BKy+BoQBkT3bOckGcmIlwKWw3XYT8NUEz4lIk8wbB51bpGalLc5cGrtlahIS0bMwJU8kxVj7FcaLcBr520OasYbwYq1UzLz83wYJ95ky5F4xmcVdR7RvWdUMiEyr4vXJ+/0t7vMvTn4vt0MAwddn4Wgieod4KQFP6Lc0Ry+qR/GSGaI8UZP54e5uzPOAOi9F5G8wpefV/pC1a9oc9fQXzVV/Yh03Y1T53lRPXsLoFzPgGt0x8zKNa5+WX7BBpM31cUJefMk3yYgs3qSSshVCtwi8ISzXrOwiUAxBv6ancRdHPRW51AEm9fTWoxOm8LZw67bkcG2he6H5UMzRSARsuD0oaYhzS7r+Pvs+ZDfLgTpYHiGjB4kOHnNO28NlUxO2rVp3FCq722tnP5tvDNclq//FNNSHDT/miXYt6uDq8OJ2tAqSsn90sgVaLEq1VZvnaNEfvWi15S0rF4tFvJEZ/d7+9OZ/EPZGHSwQzMjqFPjKaZirwwqRNSRKuhl7S3AkGV5nF51/A0ggRNEdwiDW3T7OHNWZzGipcQrXUAw+0C/zjNwYklhKYHgsvnx/G3/+C5OFGnN67eeLTScfTo8iLpAuRiBh1HZfpEzftaqhOJzjH3nkkz2I/OoC1tIqDfG7kwjKDnvMueiZvN37w+tAeyrV4/pWu8eR02U4vEaybbMxYhrfSAnHqim+t2YLGnwnYJQ395fXvtVMHCaksRmiMW3I/S6wMJQGdzbVMkbWjTL71pnE1lJN49MPMP9rV0VNu/84/ZHs/nxBybjrNEVzLi6gVEBXT99P58YzSHIZ1C7ZalRfAq8k7tuHan7fHBFmwAfDJghVk/+3L+jRlg/CbJ2+f6J/2NotvO/Rf/8l/++Z//b7kfv/5Mvv71/8bP/ca//+/+v/9f/w83d6FyYYmzLTuFjCozwISi7g5k/wFKppQzWY1dVGhIYztvNfQCa6FcEkxJFTKGuWXwD6g3qoQyrT+INxBvxu/J1AxKzhmdFbODmAzpzAZCmFUVkOCEhN9YoDmLfF4gRADf3QBWJrR3rS9619kFjKAyaqdCR2hQ9S6Mv11Ry1guWyIM800IclDkQZuSU7+2iCqKPXa9KpOYkoAiQeB8NswCaegkp4GgR0lisqWzyFcyWpSqUJSUyiFwLJEj2/2xMlSwEqcy0BXZ2VHbYGhgzfp7dKWRwCsAgEYOQCBYqosCDGq7skUJNtPeHqXs7JYoQzlQvmRUbduQGwcxhuM4UElAYjmBNlgRH9maLabENQr1F6XyJVTZADgmzgVCTCQuNhC4Z9GlU3kI5VzLvxyTFqCpoMzQeAURCB2IlgutppXRlPODtd2zKxro0sS20VS5kfFbLlcUQS4oVeFRSA65A3NIGcl6bRVHjiz6ICOBnZRzA4PgSOI/GLtyPXB9JNB1aL9WmkB2TDgIL7vWG9Fj6srAsaKjBHpk6qIdAHWEWmU7Y6oYZ4NjdQsAOY2hhG6tqlB7RtEodPejYSDL9ZKyIMgPqVwv3VjqZPLKUjFuowgNbHRpXTw0/vdaPqhycgGzCNVtUFqXr1G4I47gN0gQi9bTgNSTwF1JcZdScQHgzLzfXGWcMR0kcsCKxXzG4qQ+uNypdjGNhNV0JSYoCo/gcj7t7+/u72/l1ja77dXuar1ak31cgcasSBKeZoeeLR6zVT1auTNJbMWO7nlgLeVI1gN8XQNMArTEnXaSlgMCwx5GJVirvrEvnOV8yoIDlWK2qMwRFRdyKo6v3IeC3WHkufXsKUeZ5qj8ZEj+AHytifnKO0H9Zk9os2LGyBK6Cqhq80+rwrYNlEq2BNtLbrpMlekTVJBCTUTuVgLpd6dF6VaLgGs2YX29l2l66rjL+x3ZvwVzMPIb6B1LSk9QVBD5KXRhOnf0W9mM1VEGRz5I0fC+YvmJ2MLSQ47/dN636MkZJTUE4WMoKaMzG2y4ZDy6y/l4lrtH9cUKDF+Mm7cm34w5as4oq5XBKBZV0BZifKmiEQtbBmAU3g+avhKrHR3MuZXLjNrfXJx/anqMxTCWbJcqM+10PFxOcpHjeruWFwmLDD/AuofpY2m8AOgVVHuahcqFM0HhBZoSDJ1GsiAHtbuQw7zb7hwTIYDOl5S6ZpVHrWI1DC8EiqIeEgGXAtI6hUKE8iDOAMTFDguQJYiRQNjUWUX6QZIxLNgAwNSH4YKKFUH5g2Di281WcjWyHYnVFpN+6tpz30NllcTeBbCzlaOiA0wNAC/00V2AVA95rTsByA8HNfJyEh9XxQKS/ILwlQgy/aL21QKyzpAs2K22K8hoLyASgpwejK7gmeutQJoQ4ZBNIeu/Y2kaUZhWwaeyaqVUzMl06hW4RMzwBgg44z3kCkKDJDXWiy5F9AkdiTM4w3AVA5qjubGZMuKSH64AR6HpYYLOXFulN5VjZ2EmS2yLBLXkEnwNDQwujJOepkv4s53C6xq3o/mU7slXkv4mdhU9Dg7ted9fzpKvwZaKbbeGHyDbc3u6SEZj/+Juf3t3PN3LT+ejzD+mrCiUUoMFLLn49bJKJeI4A/o/YPl2h0N3OB6q/d36bnV1vb25fnq1qT/02vXd/emb795aF9GYBncGWUSrB02REPEj2c7QGFjjZ5diCN6aZrl81Nx7aszIXSqkYNgpn5HKEAUMmFU568GtJpsdosbZ09UgCtkJdAmtKH5MFMROjt08JMeVDPYoVmG7Wj6+uX77jQ996LUnki2R78h6EdxdBlmdVkkzt2jQ2lIiDlV0mhSuSXiUw0ku+yKuJjblWLBSQmdXQRYBUrIDbDZsMmtc4AabGC0bQqXaWpkAABAASURBVFrdjC4BGAQxDtQAU6Sa9p/7AzejIqGQSXMqKaWqVj44EEHdYwvjCuUycP/qKUgtb93e3T56dCPLPSOwOf4kypJTMXk6Rp90Zl262IRG+gehbUzhrnqu+qyS8LnN62lq+/wiiuyTAI+3mMIIrEStHL00dirXpyp3JkmwhNCZm2HXETX/FF2GcXMU6+eB9By3nb0eYr3x4a9eCufT0RX0f/DZ+D70xyXYYHbw2dEe/ODmT+D96PP8gA9O6uLDW3zVZdj7sy+ZF5GAh7SofH6oCSXzbjKu6SAmwOImydmM3OfPmDv4yjuYbvfh7aQplgzrDIowMNimmH0gpMK1mK4i+Dwposu3Z0fTls2j0ntsaiaQMM0nAzb4hyl6BFVtSIbcvmJKZS7G2chOI6SsPG9pe9sN8zbkZkiOPQsK8OtJnFJfVYjRmaZHWo96galzYlYchvEMRczb62w400bq8trhaVheWDA1a8eINrEJVMpGIbv41ap++8m1OLY9vWR4l35NlsmwR+OKgtwXsYRqMcg3T7I3afNDSw8VVEpPQ7FSJ07ISIV9tmWiMSfAr7OKGQe7vUguT2CXptkj5RRU8Bf2uakl6w3HJ7wnJnpE0+Sh9k/EAXLi1fQVB3Zkd9MAvN47q6War4A4TVx7qraNhAQM+8L2JWc5PK8YXEilHfoAivQw84FV3aPMlx4Nv5uvMXN+7B3r5M0AoQoxq+T5tBFwfNPcdD65PC4mv8PSDIX2IPD51DG6V1uJH9bXB1iCw/tsNf0D85n/lx6mz0C1bbw+TeQ4MwDJRJp5j+5lNPp9V2GzfDZpzBQnm5HdhHSZzvnJCUiXrq9pvblscPIlJQOc3HVdCTpfc44luRuJxKATOiVffBqFtELjtD2llfXf/7f+pvvx68/w67/9uf/u7/wHXzW2SojeGC/waItUqlcAgyWyRcK7abjpfCCRz3FrEeBJIApQPSoCP8UKYEUNnFEmECvLF9DlJGUYTrmWHbHcnSTEoL0IemhxXuAUVHC7BwkFukH3eHSlE4AZDbUKqn3Wo4JojuKwAnKVhXzmJCDB5SxfqAgMaTG7wCWVlZWX0VSTQedUCVctqgcjuAKxTmtY+H6ITdDGL0GrY6x4n13boxZrWvcYHVIdTNn0K4VHuKrGTvCbTmvqbceAcCZAAgVzR4IIEPGgCPF6tQHgCOnA1rljOoXhTZFoqEmmgUNHsp847pL0ZfMCKCKUCoXI3Q5FYD8GiVLlmmT7Jg7nJXTqQcMsC0GgBKxB3ypAMgIzOtaV1mpfCvZTLEDlhBJvFfUOoTlC3A39D+ETEf4jq7Tv1RNjpNezSFZjrAi9htWGzf4WFK3o2+JSC87RNJ6uBR4WbQvRfRCUFiBetxDhdYTP5dbYfwmYt4AgRMxLcvGoMAGOpMwfkPHpBEQQrEZ2DQqDlkar7xNUZkiFCaOCBRAt7AeZY0TqkctuAfL0QPU5zXkvAgBBK7ZUhLGqlwRPmYzokCURBFYw264VH5jiFDUpuRgZhqYFkiV9T3BKPg5tD0onY0wFIAQwp82VmnotINByQTzBIcFgDfpIaO2JngOELVhShhest7lHTsNURqoCRlWOqhG6f6BMu2lAim4H1GwhTwBF72aJtEehjiEZ8hQNptqGDK/cPsAF8lNpAJSfqgCpOjvstwkQOiJvD0qTHDCUdRzMqdIF0MFYtGQT9+gtibXcINCu6H+T7cummi3E1dUVJ3Yvg3s6iMsJMDSOlI4McvhqsRRocSPTSp5IZJMjnqzUQSGMTK1zxTpJJE+ecyT7tdDeopQlSA6gDqmuXzqeWjukYAQBOza6hOh5U/G8pcluUwrIemTVgAL1ySmurfgEoRb5yxjU8CgDUZFkIJ3yhwydo6KPeicldXmU1KDvFCpyDbSXoLmWehO/4ZVqqiw3MQySmJMxB2whiCRFJE6Howwpxd8rNPBrKCljhx09JqM/HfetAGRjx06GFVF1WagLeYAQwdnfQS55uUaIMSwZ6LigJPGhOx3PcinLtgtkF4I6r142gNqCx0GaRoMWLAOT13POoEJov2OOd5H5qqDFAigswBh761Rpwapa1YJ07a5zEEmXTMdpf5DbxK23qzA82mx3aBhKWUXtEyDbhcDU8g1Y4GZRAYjFzEG/eDK7a8leSuZw2XhqRgcqr0DMoeBMbVtaRgBVm81K15dnxIb+uSyAR+dbsDLLZd30i6UsGjHTYgJi7xqqNsvpBBRDUDUMi7p58viRTKt+7MF0PkoK4CTANASpBYBW7VhZa5Gi6TgJ7oLwXyF73/GITbNhACYXvGyaq90WJbZj6C7d4Xzm6qtx6atBjrZsnBhf+fx23VxvtzKrF021lozQCgh0ozuoZDShgY32j67U6pKKgmzGvNAknq40hs0ZjyZsxwVjvVK1RE4jMxWyCyo4py0fEuEjmKtrQjnq7Loc+PNT2rxohudEP/1kHq4FaSmxBrZ7lVS+DCBTEGGGmlESxGm8qc64wrJuwj24A5mSQXaG0wELo1QXCclIOE1ykB2tXA8i+3172cscksRTjQx6hLvTn7vj7eHFe8/f++67L+6eH9sT+tlCSLfmHNttZGeQ9SpPA52Dl7X56OqGD1yrnWxkbXeG4tb59layMLf7u/1m/fjR1fK1p9fffXHXjcHUeTJkoUPoZw0Tk2fvmIN3qbrCl0mYgU+7gswLUr9ww8DdDlr/QS9AlyUVWVIrL3QLKI1rWOjIWoIh8PrJa2DPOqeMhhJ9L9V7kw+hVQQqzUoVnB64r3Ffkg3EXW9Wb77+9MNvvfWh199YSJpnQIM+bs0dhly2ukt3FgfxLDs7um7UZUCHBypfVTyXX0iiaykrZeBwVHI25NZ7JEfJFJB8KEoTkOUqgf+iIbD4Q15b/kIfX/l8FiXSi2beTXXbrUi95EryJvjKdRBcgjszwpSxhQQ4KPpcsD4HCbmup5yWdy+eP//I22974+S6kOhMif7sZivF3IWEgGj6IWlvO58QN40/nZsjNSEJLCS9SYsWo8Eo6qTqqgV9j/p1KoZgurFR/0aohg4ahL64F6IviEyzsUxRZYpk03ykdrhd0fxeXgJn0w3mmmI3m88uGw3/cFjmAbLLNz2L1f378OIJ6fb+pXdmwzx9Zv7b/OP733//my+dK8Y4/7qexpDVOBVLT4c0Tl3MSLKLZt5s1cc5SmeIQ8rjWSbDoC9NVWVsK5VBZ1Qhzm8kOaYPR8TnR+p9yo08QNgtS+OyYLGzPnXYMtJT5ONiAY7h6+mhqnNUBKZFVZjBHuqEwPBydXNgkt5PAkPTTWRkxPzA2d5jt6WMDyXFOu/iQ25qdFMuzQ7nnUVDvHM03vCjcpcLbwY26nanlmIuaG5bTMob+Rn2MsFQNBFe0zvKH6dws8HBquLPkYFFrtj+XAxgvFkt335yhT4fEhbGLhb1MK7RGIP1wpEZ/lELeamxE1ObXZ83UJslRdL3Z4ITclZem/qC7jUOpXp3pXX1NZE7Mk4CSsMGfdx+BsalZ8LOMGUDjc2hRfTt3LNz3723LxbVn3ty80S2CHCmRs2fBqvwz+CcFXDb0GVm5/SkLPthuDqmh6Ue+UQ0oWqCPOp52vzJjk5aPmr4zYbzfB487jxNVYErWdoJ7tMwx36cLf9pq0x5ET9fZJPxCaYpPv3uR+z1wQSgXTJPWX9oet8ne+dcmm7uFdtMwl9TWlDFbWbOq3dzWNm9/G39+mipEDOYfvZpn/cZnfa2Pad9xgyD7azQjc+bkzp4mbqWdhKvpSHTKkKSytEDI3toSAPjo8HR1PiyIouUwVL3KmQTmC4/+o9/4uOf+a9/xv3AXl//1b/4sS/89vTzZ/9x/PLPzn7/u7/6qZ/6wtfkL5/7jfhrn3Y/fv0xXv/Kf+1f++hP/uTv/cf/FAidC/UCQPOoQtDcvcmihNBrpHAwplNw4M0a09fmPfVvxcWPDTEZCUJkrlSLau1B+PVB2a/KtFUNh5HdrdCBsENALIBLi8ro0HeXFvJ8pa+X6Pk2QKuhL8nLBcW6BWolLrvkak+UfZDJV4FKh+ijXi4cCWIAwVrJ3EK0dy3IwWIRLlRrFVgHMn01iiVLQSyLiyC83Bfk4tu+FaSaHJZCUAFG7OHCi1ysIKQoYBKbqIE6q1EGNUBH3SUFXIiUk9YcKRFA8vJGoPK9InNlW1K7UME4YgSg4AFRKKxbguyrnQQ9Rc1efXLtw4AuxUG1ggWIcTQYMuIlbrCGJoPgBEVN6cGKnCDmq5meFbBx16yJ+2mXm6pKKoHdUI1ukMcLxeSylqEOqOqNbBY3eDC2SchiUwdQUyKKTsnjXvVIU0MLBSIDhtFp0R656l0HUEQgXQ/RWGhXg9lNNFOArUbOuJRDCzwUICF9iewSWbCdCGS5AR6iCp8qvh3EqqmWhuaWgrPLKENogUKLZAvDDo7qkEBnQOBhKjaQWVxW3JVHmbcqO64hN8aWCX1Kq3hIaEtY7TukQDBHW3lscq+EiaHH0mOwFvJMSb72AuGQzumbxVLmGDHoApq3o8S3x/PxcNd299VtXZVXVzc3N4+2u63y1tirDsy1ji+BCCS21aS93PsA6G6AuwKSfwO11YXMRMTFkCtQMQnC+gzzWTE7akcSbgtDSA4wsWIKarIi3cuSpDOuTg50TARmksBQ/EuAxnK/EsYL1l8tkLOoVKxz4JYy0m91kH32JFBTqWMk3NoodYMANMF2kNQkuJcQHwAxgxwBywUt0+6cyn9d4K42AA7CICtrgfJ+AcGoMBPCpRMQ7QhbMbJHE2xK3Q8eRqY9yQjcH+4Ph317vgSs9HaxXF1dPbqWQd7s2H9yBfWTuqBWu6Q4emCISyA8hgVZnEDhEu2NheRGVWjrPs54HUNFg5khG1QWRo7cgEILwhbtQU2pcUBaAL6hmouEBRZ6DUK3KcFZGlojpTJpPisMxemFBzaS1kbhiGDiGBpBQNCF+zZx2yQIwOnOtEWkoE0fBHUE2QQfLfWpkGysMSngJlLRRij79hAWMjFvWYEnaqAvwork1gLGqm0vYmrkak7nI+8X9ydgR7jIo6w36ysoqKpRx2BKWvB8bgdi3Gei53jcY3eR1TUUfVdeHCtAnUvNYgDtsBsApfYpOVIz/cZ+ySW19VUJUJ5y25/uD3LpoEAuQaimcDcmLnKlJJwyv1h7SkyDfS3fadv727vT/l7WpOxph/sBe4QAskuBiauR1lTmz2G///a3vnG4v5fB3u12zRK5H8k5yt2B8rtaDUyFKdTN3opYcTX1P7B2Lhcx2AKNB9SpFHLiU3s4ywxewm7hLgRa6ZBXJZO7K5CZ648t9jwW1iAwkkkUkYMs7u7uoee8XD56+gRq6W13Wh9v9/eO8xYFQAXToXW1Al1WorGSclVBkLWLGKkY7o/u1F1Ol/F6d6VlK+vFavHaAvwkFHi6o+y/554VJv2j7fLmql6V6y2GZXElN7xa1MuYHd0OAAAQAElEQVSaLVeXsgUL7kxZbbQggI4AhIA0zGS6MSqhybzMnAhwRYJ3kqOswg3mwaqyFPq4DsZpUMFhFdWEE4odShlpWu2bISHxSsbkiGvbYbrtMH6jG6dOhLqpe50b2uy2ZBvdStveTjEbL0rMayjMM/aJn2lwWZHedQmUti/S0/YGYLgiL3NF4VPU/AD40OYslEdHQ4JT2+777ihLadmsJEK/XPaX2++cLocX+/tvfOe9/+QPvnN3f5JHcHO1fPp4sVmtNqvldrvZbjYLaz9AIRyXzD6c9SBPestHM5ApfxkkDXM5H463z55Th2l3tZNZXbEfYdC8l95OpPSObBUWRWS/Xql02MHpoFAuTYVUdd+RxTq4ocAWQL0IQTTwt5JIAuFdX0dFTrX5tGyVjdEL0YfCaztV9uESR7BrJY9yOp/EkRPTumCZT8mG6bzOqKLMejFQzaHetJjlRSV2qfnw22/+xEfefO3xYzma2K6B4qCsFpAU1EX7M+8Px/OllXvAdN9A8gi2GmogI7foYgAYyp4CRTnUqrfTQe6Ysj/yRXScuLRleQ0frahDoS11fQLt4W7o2ImZbqlKJO8xvV5agIQ2VV5RXi2EUTkmZ7otbkzdU0EyQAMJVhNCDRW9H9ijO3SUaUdhzuifP3sPwnFedSe4AhMWkSK8ImmhGjqineljEkmgbEehFfvWa4SzihslF1bQJoYsjYwG4QXDmpNmQ9T+E9CIkRxyROPa3hkPl1eAaREViaOSDpK18tYgexebRspOHcde1be0EFctSA5cda4aDT8F498TbZnCd2N7eG9bY5yi9mj7cdbESOF2+sgfgebMTvIyJD3Hpl8Z+r/05vyLGmWZVO7stxmDttuxjJ2B9npg+7z+4G0S6P2E/GE9YEogqG7ehHJaejGXRjjLViTyi3OGdc8hZj+7zoRW2AFmo5M0Zbw1+fQTQqE3EUclzjvV5rWW3WqXs8Qnq3GDTYSQ0GflbHsKdxCDdglGj1Mm0Bu2WagMU0I5qVaRS9biDETUG067QYKKEyMI2Evp40Qw9i6BK9F2RgbTBYkEGuyxvE9bjjpEIVU0iq0aCAWN2A9pVNKxz3h+xjh1T+ItGzM6AdwqX6/iHCGtX03p6ZryEup4IOBo87Mo4puPt+LJikG9a4Pv242kph/ftOP47H4PgcRYyqrWjjqekpjJgGRWj3dpt84WJvm9CK7QWwmFt10lmVTXaN8T4r1RyxMh9I+Fr4Ufiu3LEFXa5IadqAIU+isxncuyG9BEJbjnl/i1bzxfCvjw+OrRejECRQNfSTyKEruZXCjUq8EgYie/wL3LKgQVi/bFbHlpdzcVitYm3JbqVkfapaIoQz/gv41p5qPaVLOsNv3TotGsW2HuhfLlg3lKWjXDlRSgc1KmGlaXW9K6tPK8GcLckeGBJTGJPv0npGThj9LrAwtAz/IGOfGX9wFLAepuxw/P9wyzZm5KXui+HKffj+aq+fl3DK32lkLxeWb7h5vW/Ct6Lu+ysXZ6SV6LQbwamZCvL2aPeYzJmfB2JxP6bMFC2hG8tl61dJDadW/FeoUBDoXqIql0m4bxhbbojjYeP/c3/pvuB/T6+t//1Md++WsvvfmVv+6/8tNf/L3f+vw77sevP/3rr376r/9H/4u/F1gDF0fGgaDOQSNSHrmsZwCQoGaN3HjQFJf900eU67Td2J4lQJWd44JuOKFuZMNiExZBZABXQEgSgrM12R90plHS2AXB3lDsgx62A76JuEY+IxCGYH+xFkhZJSKjoMwgWFOwApiH5zvn9qDttYrS5rPM0e2wkehKQChBCQWiOh1PAxXyIGO8ruTI8ubt7d1qu5WQSe5GTidBu0fR8WK926zcJpLl6qA7sYCkJmhEl+Olw0WXgm8v5ZMC2rSgz/SQZ63lShfmnWk8AWULAW6QwBlcz/p9Cd4X6w3aVWl2R5PGgSA+O9d1FNgqC9Ob7o6ne1TXkuVNJiXgjTGll2SnPp3OL168kIBabvZKgK+q3Ky3XOvQaWTLt6gtPHxg50d2p1Hcnyh0I6O54FOsyJCtlNG2xErvBlUrUHxK3AVtyEb2L6Qf4L3XTYlJMArOC81liRNHs5go3BqXZED2Q9M1jEVrGsdR8Cnsj7HnGFMwXJDuTgK5EvTkkoETS15NJCt1iQY/DFrFA2bZcKEAo0NPShWcHmpzIC2sEwgbfEmZlgAWMeCl+sKYtYPWrEZCjuyL5JRjB0yRPg+URFqIrZQDSuhdRZxR2QSeoL8ErqfTCbj0eN77OxlsAVI3qw0nAdC0k4S4x5PmWtBl6nxarbcygQTXInCiMnSe7MixC6NaajLTC6RH0M6oCub5Q9CMVeI+qF/p5JbQtBO4eH8BYROdRQBXJYIFboMu/JBxIkdVZFDlkZeQsyyWPlYYT+p4hFFmXLFoVCHBl9qhSHlcxeiUBAzNgqDN7FBQbPFOwdbOZdMoa1WW27Bag6TsRmfbWektAvVjEdfrlQzodr2Bri614ZWSKH4xao25ZEDwJOonX6giuw4O415ehztBJ1AzAR3P8XQ5HQX5RBG1NkIVD7dbrST9dGq5eGXGrJGDWnGqkM0vIFrpmYgICqRZjlX9YDK+xSiRYqZOsNMcK+YFIDP8WKZkj/dUmumNukldZQjrAheCDzjUxcIEZZ0J9unGWhEDVr9UWe8qvQJzpL22VYYaZmoEwDuSRUplHrwDckpP8aPh3J73d7fA66kYvSSpdqFqwq5iAAPQE+mU/kwvFtBoGC8ya5A4EZvglL1HqRqFhaAij7teb3YazmjeirUEWBFyP9d1vb66kQMKYCozVvKDd3d3glvLN5FVWC7dtYc8ECWtHTDiGlK/EEA+qVXE0IM0L/vBRZXLZZJhRlRqNkxcuxVU93CQKIjTFsK2ApD2MMMC4V2aBpB0gdJ45OeoesE6jqKQ63JxE+RKvL90Z5kyAvxK3qVuHJvQ1EuKlUvWUzbA/eH+3efPKlLyBeVeNkvBl9bbjTyOVraJ3C8IsiTn/eFwwsSTKXwWuFqSnMhhCXRFkRBV3V6g7h4rWm7wfD4rKCTb46Xv7/d7+VOGAFN37Ddrycg1pLTH4+EgKPlWoPC6wqbpy9VmC7ypH1lndCkGpHqGehEkSSUJEYhNSwoAzKObq53Ad/v759+9u70gVRnWiyZ0a8Gsnzy5Xiyqm5vda1c7N7aLutisFrv1ctXUql27lLwsdPZRtoBinMVC/pPMHOqYGDgzunKprY3lcswpVu82TXO+EvRsMKwqRBNFU2TT+gxYUY/RhyglnMDcwln0lhxT7GYxBY3zyFHjQ5erm/T3hQkiMPPKzpoU3Fe2n/dK1KL+RrQwTzeJSGa2udDWS2juM9EiU5bHTjaLHdQTSKEDPhqsMRJhBuz7SLSPpxZpgigYK/Suyj7KFH9x2r+4v7v/9rvPfv+b3333di+j8/bbr7/2aPX4eiXuCbtKalkALDZwXW055sU81glYS3WPHOu17NCXdtic+2vZr/aSNT53oNm3XURDS7W06ohEC10pRqH5BaDkdCKIyAQz4Nq4jBlTY4ZJahqbNkKPoXbY3eUyl6hPYjGyp4PBDVyVkFTcVZ95iX2DjYgDBcfgCgJBEEC5YaMCrYIWPLdI3ZdRw8EeGzreYiua0m9W1ePrzZtvvvHaE8mqNK6/kKcJETLA2a3swGwAer6gayM1nSk15hSIZI2OIzYEf0CyTzebzf0JDZAlISVL8b5tkRMUEztKOqY6tMN3b/ePdstHV1vZOZUWKinXJcrM8LjFyDAHBx6mOEIUTaus+VnCbBLWEbW0zufMhXWEcNaWUCNQQ+tChTC7gN/ZNEiNOqjCldXq2f2dZH5JdqzGtOXbOjQYiL5ybnCvT9AmKp9HaSNMuKzKSKLlIZiqjTaXrYMQdg2rAyR6FlONTlBWKImhUDti61McviTGR89egUbx1vDxoYwSLNQYhdDbOanamgj5kyyDkcImpDMDQi4j1G4OBKcvlalVg64O/2BZWwBuoghmYyZk0s2D8dlLgWCfsdrZ540V+apvue+Nm+uF2YjrZyZapEtA6IPjxISXJTwAr8JnJdEsuJuw4iQ3TDcxqClEv5/COhRbhik3N2ZKZQbD6tBoS1WXzbRBzXG6O8Pv52P4/iv3Cq1lRnUazEJdRtBfUOwU2f58HLQ/DPE7fl4byNkDdDFpKRCOTerL1unK2QUmK51zGF75QM6KBfLAuZceuv5QkBg7svny9H70Wh+rs9pWndNaNxpX7TSoOuvgCDF0ZTaS+PHoR7sD3VeCQdxjbg87Wv8ABYzmbOu05SWzYskUHSqjJsZZC1/dlQKxWk9OROQmeLVZv/P6E4kA/+l3714cO/Eg37y+kiG6O11aJOCQmSt91Ha9lvmlrB9l+6pQ6iI0WTitbRoNXII9hNyXGAwUtLZFKrVRETatDgGloSrV7yYNCW6g0TfgQmI7H0mKiTXNFBQ4w/3F/X+/e5Ik3CdeC29tG1YQRtSvlAW6HYATrb0X6IOrWmFZMwEbdaezjAQIZKTMc1/D9fLZEUEnnYZ2yWtXo8L4zEYCZbIxxLQLOz7BjFY7U9ow76DwCg5rQpKJFHs6g6qEJ+EBb45G0D/tXOyxwfYSqGdOkKBmh7WKNBoK+D2Mzw/r6wPahPCl5+Q1ffXwA3lTYWcMl3+aqcGp9fWzYxLofTk7+NL+Mf3OP7TPZsndbFeZYPHJ1Nv7Ie0xszpEy/DkSCDt1WljSO5Hmux20LQxJBc8b5bJxlnVhOZNNQ0ku1ep+63KnPlPf+Zfdz+Q1+/+6mcUfZ7Bzb/5i/4zX3Lut7/wsV/85I/5zv8sr3/lX/3X/vf/y19N3Wgpb8s2D9oSoUg+7GwBWE51oCTz0F3q5RrAcdcJGgCIbylxsauWDSiLgix4MamycXWa8PCsvtHUMYl7KvcL9BlEQkFMFphNqPyFCIIE8/DgTxCiiqXpOqM9FepMAYEPFdWkdeYGxhUCDhZU5EDrsGEEoWwBGVLBFCTQFvxCfkAPpUU9gFKHwmr5rGp0qpUHKZZhHuR3T6fL+aL6hZT7rbild+CchR50NDBSWDPIqucBVMAL2hsuGg0kSGqsCacAeiaLNWLbVAkDkoJH+gGAJ0CMQv/Ggq3PUGK7XFOgwLM1OjrFVSgMrwQe6Ibz5XKuDtQCLmtq2mI5gu5a6b1AEJei24EKvz4XGrEpZEOoUu6kYzc/wUAaqK2w8ZzvOoDI9PcUq4XbR/ofd1JSpXnttBWFwbi8RK/ax0PQOUWpior6Wui4JbfcKuYF+pbgYOAiWet4SUhAlruw3tRh8MmFJTpBlAxHUCGYUdUCggSFRiotTCgMohwQVvCpvpUeYCHgFtIdYCSNoHSxBK4H3fMiDwWwG2i49ES9GUS1ccq11kJaGe3tFTjKpOMj4XDpuoKiGc1yeYVuzaiNlscnR/YsLT+eTuIT1ENXL5eyNChCIsFutLN9+AAAEABJREFUIVmdofRQyiZJQaWXF2gU2ajQJ6YEWfFKt+BtMK1AkeQBi6CTQ4AhBYgWas0KDWhLQMoVFNFEhEtv6XkaczCRQd8GfAqlk8DqBVPh0ADSGUrO2i6ckHZAgXgSGEnUBbQTyRwbKVZSoK3kilqZraMWh6wS6nM603VlxCrHlWd3PLVe5TC5vAvVCoGKdMGUydCdkMUBJIkWUauqu6wIspRguHh0XBO8oFlsdlvQ6qGejG6llyCITnuGuKpYiU3cxKVb45libhgnQ1mXPrnzqJ7WnBd62Q3ZoZfcQ9RqdT4C7Som6wXdJmEoAIQEa9FekmBCnXGiXpGNQKMqy2pZOqHeSCUQi5TodBdWFYE1ENwUsjEEGZVvAiI8FwASGy1Igij9HgRL6vb395Bjxiqutptt6K/H9QD6ar3QpznoLBfMCxfQqPl1LAWg5Wffck2co+EYmPB1jSQUW4xiy6fmcgFpFOsR6herFb3zAsBlWch+AE3a5VoeoSxAmcbpu/TGRwFkl/IU5fbLs0CrfbTSKkKNztTyKd3RXdjGkMI7bLkJ5QRFDyPUbS7IHcrDvb17fnd7K/P26upa5pBgbHd3t6cL7mu7Xr31+usOCHsVlRdNjrRcDvBu5sBotvC77VZWrVusl3eHW7H2R7T36xb1ZWCXAJlXjjhaZINM9v4EdVcwZYGh5U9Z6m4dmC2oNVXPfrwhZ/XljPKcUHVQIxkKVk1RSspW5pYswY08sJXgwALEOHlAgsdDqEeymMuGaf5CZYXlYJKpFIsvc77UtbpY1TdRIWHU/LRorourWywBs9/t5SFeLRYX2fP8VlC57XLx9Gp7vtmJAWaSgOufo0uhDcZ+bMxIjeGGoGGtqjHWzMepJK75tlERDT9XenYuxWNquZNG+RiswCdaFKXvGcgygdeKAiA89tn19dZdzz7kjW+VsAMDgVn04W3C6S8UJzaasq4uZ72P7bw+gRHOQvsZaGMRdszKlgqxJGq0kVHYkG+SeUxkw5j4c25KPwF9K9iR6dxfjrL7oa0qNMz7y1mg5+++9+zZN9+9/da7LyS5uV1v33j86EOvX13fLCSdJE9bkkZwzbC1g+/LZksFpzBKjOYwvY6u3mTTt5KZFMx52x5kq3p+31f3z1UUn4+usJ409tWEJQGSRbq6Llwu/cWCHY13ZziL2igm7XSvREXUAO0aVSFhmq6AxA/yF7DYY2FC84CS2PVBp4KOUYftuQcBQpK1RdUPusWgSbW3x6WZ6cg6HBgFGZvdZvHoevPa46tHjx9tVisZFxT2DHRK28v+dHx+d4+OvmgmgYun+wTFpcLYvpHN7kxtX+EJAV7OLarOZDtcN819iw7McjkX13WgDPZVEe9Ou8c3V+yBHNteC9k08NNZpyY91uwiqLIvaFCAu06yZEQcdH+B6c8CqkxWam8QnyZQVFp0QANetgQpOyQEB3T6Fet36dCfAPrvtYnEaWTqgzkzzmb3LORM0qXgF/pUAuCcm0I/TviEfEVbwinynOhR05c0Jw2olz6YI5QYvFPqQzoJpOf1JrkjUoTDyiQy4cvWsAWneSHZnjEPhudxc5yWsU9foWHx6ZB26XH+FRb4x3zTDw6ew/zv/fIP9HeTFfverxj/OL+drsf7GbwcE9rrZjb3FVfkpoGcHWh+Hw9RD0skumQCZrMlGsz2EBRJ1+oT+KueekxL1fqxuKQoH+0qUsrAjK13rxzaYqqDGenypvZEEyiuO4+VcSQEXi/YGLguT1Y/n1MkPpuLn4YomTUdtBhjBqTt68kyjoS1qREU86alBHIX3JwemBMHDzIIKuwrGZ4yptNwngcTT7Gr0QHnUbWLoIvz+huX7sfNT2Nm3BkWn+9cLzQBWd4WhLce97FgqR+YOzeb1U+88ahDaHX/bDxLWvrR1U5M2T4id0fBe25aVilhY4X7SBkvhGUGSCV8yTZrCN+rcBx82qTzWqRNS2uVFEBXMAIOs9F4qeToSBnn042ldjpF0kSO9ezc++f3wXXjuLtZ0F1Uykia0Qbzk4qkVkE7FDvNB/D82jFIr4VKI2YFiaUHlU7SXElRzPbNbC3VlSgmRFBNpk9zJzGSU+rPaojSw9U1oiIFpj7t8gAn+juuKaTp5i0YTytosocxaO3W9zMzP4SvD64Ex0Mz7RS8DbPnl9+e8puTufM+mb/4cOuK8+9mz9zqFWaGL/nV5re7h1vhK67X5W3WDh2ybL8uMP7WTpAAZlUPMntkjP2ZbUyyNcGq6Q10nGVxkysdYupgbwWVFA2NeQ94552P/fk/9+fcD+L19X/0Dwg/f/KL/2giO3/6137vi1+lIseXvvCrf/vTn/+E+/HrT/f6yY9/4p2P/9Qf/P4/1USrgBBlTJ6bTmqfdkgrH4mKIBnHVbxxRtoSN9zv9213Xi261WZch22NBi+osBZ4UzV71UKXwQC+iNp2wF++MHqSNgfTCm5EMh7NW5pGMN6273oJiQqIJQgOpSRiOakH+Fppaxq/WQNmXgtK1TTEm5eCuXhURsOJX/C1vboCSZNyw4F0XZcU+hxaUaEP2xBZDs+uWdG0KYeub4uWBcjIOqosg5YWFg2DCblTeUsCHiDWxxNUOwAj+niBRVgQ/EaJU8/KcVAsATU67nkYYgFrEjFGFiqBGIH3wQ4XeIX9aiir6yvZcjd+Jfd8Oh8olhsvgKxbAUDNQcMgl1pC1LMr4Dg2CxR6K41XSTaF4HaBgC8zBV1D2VrKFrOlG2NU9ikcG+KyyJvHQiU5x5B4FyouTCFGU9hAQ8KojcggBxyJYQH+rsCblocO7ntfa9M5iuCCyds1JdvRUCCj0oyvVw3nlOlyGW6gaB2ZoZzEWtSc42T1L+nuGO7AT6Uujpp8NrRPEKMBiiVBC2ALqphbWOrRKrHDmA7qDrHhIxm7IAwuhn7TQr6iLRJmDWkLiARIigMsVOinDaPFbKoTgow9pRY8VAYA8y5qzCVo4ERS0VG2LyMj4wDUnjLMrE/DcGqyBIaabSEFdOopbt7EBZkCbiAFFDIdXRshGbHAJKySSqizxKF2mEOjxYqPBz2kHJt2No7CyiATK72NjmxA6Rt4BAC7kdtpLCGAC0NxhCxZGQSUAo+D/IpkPe+VLkdPyBqQCu4ZwoVSOpfz+f7u9ng86Lrj0ykhRFyDBrVcr4oGEeylhyL0AjI4DRJHm01EzzTHUulapSpYn1CBsspmcS3abuL9CrBd5S27QThYRg1qpioPbRV2jni9XLzcLYH0UhufqTRfKu0kRMt8UiTiPLBlCwsXFKcaSzIpp+aiJFeanfWmMkj+PQjvQzEYIcupwjt1z4MxccgUNKU5VSXSZStDLjb2cjlCxPR4iihIqEiVq4ui5+giSQR9HjGYglMo6ZrKsJq3cYBR8BzkwVH4gikKku3k+LijQEq2WYlAuWR4JxzjWgaupEirwnYsWNCSSa/y0NvNDpoiKGiQ5VxSHnXg6VAfjmcms6zYSXag0wEEtCuonDY3rChCM0IivOv2hztBYwUmvYbAyrZB9YkppUI7Q2bQ8bTf30E+FGT/QsDob3/7m8/3R9meAAzV1Q34O2jvKdePRpfURenHtkfmCII3YTShJEGBV9vlerd89t7z29t7yRgdw1GsqozzdrOWjaWCmAaV5xfAmhv2Q9N8mCRXz11V9WiNqymfgcazdehRy0ygWHcU0MhxZKxkY7raXUk051DuUO/WS+VKnw7Hnp3pHBdX1Ukia0kc3yo8ZF20/XB7fxCDIuffrZZFHBbnlYy2WBAZscD8zaIWbLruBTJDivciu0gxQlBD9sS62I6PdpI6RUahUr0BLg60UK9Ym0u0m49TM7Iut9GLGaB66Lqao6j+b7LViQtpTdXGoBC0y2QGU1SMlv7wOSNDQMqIiAy+tMGvGiM3kSDMbc4x90wjUfeECaBOnm1u/oNJPWYUxBvjUU9fpBO5xOy24N9nl1sj4qioVpjJhRjoYxD15FjzD22viYXQnkJ/LKhogJ4X7f7uxXe+8Z1v/+F3n337+V5M0muvP/mJ11//yOtPN7uV2DUHvrPsjxX5UrV4HCjjgHAI6Vwpj6PoyXS/OrJLZqCHcRU6AJjVbf3tMwkj2tPABiWJmegAonpd9y2QwHR1K+ExBpfkCtRN9EY5UXg02PgaQq0QkopiG3apDywkcQn5skxTfVAydSX3IweRpbVcNHB2BJJWkXfs8KU3RgTy3zL/Vw0EnJ4+unr8aPf4ervbbjCjYQ1AiEBxDKpjLofz6fntnRzWdvAK0LN6mJpwNKyD6WbVNxfjtfPV7f1+YHHSSjalU9n3sRt7tKD10Kk++vjs7vShp/26quQDYqfx7uBKW0ClznXuhvAk9dq4QEb9iIIKhXLVvLEWbbNgukL17jOQp763Y2l2xWbR3FBIE6Ac/blD4glVeoZpFRmmjdHPYlmDZWcRpI/WxzKtcJ1LCc5T2MXoRRbp6WSIdrmaB9NyWdxd5arI3DeaymCtBc10RpWiKvkvkigwBPAu0G+WPQD0fhXZscIEniX93T18Tfmr2RvpmtwU2vvZb+2vLgfxMaa8vA2On2JsA34ZLueT+XRhMavsGAwdXw0uP7QFL728nxSffVLeiG6OHMT3Hcpg3fl3H54gvuo8TkExFx9imHZfE9Dt3EOZ7WgIdQLTXJwN3+wa4/wi/Px4cTLI88O69yPQuq1otQ3nh6LRhU/UAXwjOEt9mgZ5vq4ZbGz/93GOE+ZMnapMp+eoaEgIE/6sRd8J0pmeeBYwySeN6kpSYcxbR96Y51pa1LZ+ijRSRQKj5xORZ7DtT9HnB6fMshtqhl1SvppNlEnPxHautF1zqhTO1rVZBD02FeMFyvVQ93l6s+tV4iiOz05uKyt1pKTDaTx1IxF4sEdQImPbbFBtbpfxdLuMdFanwia8ZJYWAu6e8LXkHNPjNPyVUvduAlhZJsFiJaccdNmktP87vhjERf7ucbyM3XEI7zy5fn29WNHvGkrS4AMpzPQRnJH5df5k0MsuOmivde+MB58YzGH2sNMiMHuh08WS3Wl2T8mvNBdUqNAm58wYazYjrxpL6OjTzR6VSoy7OI2napgmiNm+5V/Kof3IvT6wAPTslZ+bmQajMr+UAo15WVvewqe3J/c8H8/PDmuem8vObMwHMXutgj0+7QgP9oT3v/L+E918d9WGpDHZwZh4Ee7hFuHjwyuLqSOA/t323BhTg4KCJcDMOZorqmw49RJ1dYnP9C/+lX/J/YBfX/sngkNPQPM7n/+t+Hn85etf/92XP/pAsuMVktAvyUl/8ov/8e/MIWyjV+P9L/6Tn/rMV/Ivvp+6dD7mZ3/jH7vP/PX8pc/+Rvzyp7/P5clp/t7v/c4vvfPSr5LC9XSpWfN6dnm/8wNB3n/mL/+L3/iD36NeFtt+lzE7XTnwdBqI6lZLVFYTmQE6fSjXlq0Smhdndygvm3MnCMhuUWl0MoYeqO/iQ+MAABAASURBVFnhkv/ILZZKtDUgoWA4NwvAtYMJpZZH2fiautltBahdXU7nFlWQKL6hMudqt9kIgkGSMPikBXhBEAhtKCNQVWtBsk7Hw/mCqxHMpuJv5au226HWW8AAIF/Oaf+0jveJvl0S8scBjvFAWd8WKqJHiULWy62AMCjoPB4k4L+0S0TRW4B3l749HgEMQXygoJIV2oZ59JA6HmSVyDULmC6/PR73ci+CZG2365qsQBDaGmJqJBsLjKkIC2Rv0UeoZ4U+GgDL9cmbZV2sN+snTx6fQNa7oIArDBV7MTLcK6nAQJlXIJsglMo4+zrUykb2VUHVVEYuY8WuelRd7NfjBkOEnoO4eOLgbV+ZEBUJx4DqBCHS7tESFeKhQMvUESbt0dkCXMZuGFpqdAAU8ZRT9CV1XynYzOtAdqFHGqPXhyvJBCiOhDoyJKRytFEnIBzQNIboBUK56HAYSUuH+mSkgqTy86EmhvjaNwl0ptFSjVHd7OH9gTm2qNnbyAtqqRXieG4LFJ7rrBDYSy4vUkkMaiWJaV0tKygZg7TexwQ6EL0ui6VfC6K1242o9jXPXVZE7EkCaoC2aq9L3ApD4YrheEGJBW+q/YkAgpbekXzQwcJ4Ch+xYxkCT0V2ZQAWbFQoc/V0wtMUB20j2NnWL1jFxvg6xtHCfjy7Sn14yw0h+ksaFAATTLMX527bE4dUWz8u3dqryG8oayiUc7TlNkaQzlpqffdsn2e8YScgQ+VUWKGSe8Oc7u7u75+9++6Lu1v5NaCAAFrXzdX11W4n499sVht2QpOE1qKqVyA4r0FGxhUp/10mcaNlooT7euZWWSRYXtC9kCJRgdz/mvD3COwV1H65lKy+QrB3EDDzcDjK9Qrwsd1uq2pRoTIYGjpd2y2WjZJn5W40U6Vt+pBhGVUADndZVZE9WKlOw7oDYKtNoSRCNKWD/HI/qmrgiOKMQvVjyXwfqO9RR7C/B0CXlGweRjEf0IjwXrBd+fgFfenu5SlD4kZQTaQ6dlsBNNHKVTIlcdGsqGBcmKIhfROQrGW2ItcwaidYT2ZxBc44B4KlH2Kd5M2R/SQpRx7ZwdIRcx8bqnwEpYsTJSwh31kMhZXKyElX0N5YjuTnoxUoii57STccz3v5/Ga1vtpcrVbbptoy+dhDqMmkGWDbwV4cBWS/1KcGuZrzWUz2Zne92d0IWkvdFAx4dzwDoi2L9WpJ3xz1Ni3bCZ7OxxaWPJy6y6MSUrA9oaEVkhsLMUEQ8Tkd7168uL+9k81huV2vtjKEYlDXrz1+DYquYxTs6v7+vu2Bm0OqeAyyzdhjPhYrzszHjx6BzwglHHDtxXw3q4XqIzjc/nA6Xzoxy1X1COrkm6v1RrIoMkSSmdytaY1kD1rWMrvksOfDseu7i/w3QNNWFmE1RMkHyaJZrBeyKDtK6sj8k/vfH49FHPvzQtYb5Qs42r2AOB7NJEv/5qOtAGLX6+X1ZrFb1ZtlvZFpgbaCtTYqoJi7NcSkrI8Gft4MhSMj0nhTLJowl6BIFXYpTa0hc9DNYUx191NpMouCNNzTIiiVYTX6pznVCrYYfMvEpuEL6nsXJFIyXPWT5mSCirxGrOx8qAzL7LbE5LObWx6z8xsJZkZTAwA/Kvnhmvn0CdWawQwuA7sTRyQ+oLk5c6AN22Pr0kJl5uW/jsgu9ov+InbaoxRZLOv9cf/tb37zD37nP/nWt5/txUX46X/uL3zinY++9vjxspYk3DqUa9m5WYNTUKXEa6dA1bKg+CuSbtrFCevaM6HPEhKJ9qGrgAyD7DqbhexZJ7nAymhsyQOEmrmuf4qnUdcdXGdoIkU8igoJLnSvgBQb0zDoPcznUZpkU6CvckFXDEPpAOVGLSUBThCZax41wnf4Phlqqo7KxKGgxadTi+aKrLaAh4aOfqWAHgMWeal4vzgFsmlv18tHV7unj68+/ObrV8hOYb8WP0LrQ85ibva3d3cHQZ8l39mJ7YKjRfY41gtETcUHkgyP+FOobiJD21MJnIKjbrOo18tGviufFNOxqZv92HVIyKMsSzba86n9w+88e+PJ1dtPriXXJbvzXlwxGEwUEqAKQuu4Neet4DsEOqph0PJtdUKZ1mUWUC1qntyqv6H+BlG2oMiUSrUVSFSXRVvIFZ3xOkUQEWA9lizIMwAFfxaJFWWJGZ/9eV0QXNoqplLMMU9t4Ba85gocSUfsLZTyLBoFp6xOyJimFv5Dzb+EPEtCDA2c5fQFOF0EdBmhKk3EQFWgYCptU5GWopivtRQFx/eDmNG9TxUzvbx7X+iuN5fj6phxSx0AM3AWH8c5HhBjQn3TWVLWbDItL79S/iCH2dlA2fnnP2YEy2KwZHr8dDSXZk58351Nx5z/bBeRrGJ6JfpZjskeXLMzEQu7M5+GPabmd26aAnZbD+EF56ZJZ+/HeZnMy5f9EjIfY5LNiMzclT7NWab35d1SBZSdwRV5lKJaMp8uMm0SxYTS+py09EkBRF/27YT3hnxvdmPxwXTI94V3CzZNVZGadC0+fzstlukkDKGn30bVrXAaMKvqeoYfoY6SLiDlEPQWolYppwfEc4zBJkm64GDr1GkIkK6Ybdnp9+lkYMjDfuNl9fbTq0VToqHLH74bhs6LUYZ+v+wxBzSvoP9amLK06tiNRdDgRJyQyhmtV8c+r95ED0fuD08xhNmDm9aHs5ayMBEqjsHfq8pP9lE4P5GFRYQyip26jOJEjS+643Hwf/7x1U9eiZfZHIejdr722lSdEdXIMLaypri6goP1PQbgTSoS4gPjLul+FqydS17ryVjrnIHdKyrjq5hOrZvWB/Zvu4uoC920E8w4mKQHR0wJ2VbBEmxnLrK5cJp/iFFbGZqTH7lnmKelV01Wu/tRen2wAeiX7GfeCaZMsaUlFG7I34rTrx6+l1b9y6eZyXbkBIlRLGwPzA6vz8fJFtq/fLT8n673gtZ6dnhnBsu99Ep7mRnBtN94O/V8FAqNOJLJ1xM9kGO3EIBBQPmX/oV/3v2AXu/8hb8k6LOD6POnfuYVkOs777z0zpc+87GHP3o3A45//Rf8hA7r62tf+Cn/hVfIScv7n3npyP5LrwCUH76+8pm//vBHnD5/5Td/wX/m5dP/8sf8Lxua/M7f+Juf/GW0Uvzqf/h197PvAHZPQPlX/r3f/PLPymG+/rWv8uef/ps/9wPifX/ik59y7KIgMQSRiGgiUnywIZoVttIq2TiNCeu1lEbpc+w607C/lJNAwvm7YkssWHvxwrs3eUayraJ2+mpl3tS9mv1L1+bYFSxToNMe+qBtLwHJ06dPoY2AItCRUrYlOyFAl0NBH876mDx4RNeLphmHFVq1CCrWQaUasrBdC+oftRShZUyGtXweHxHYgsGV4Fy77VWzqFSZFmJfgsgIVnKRgDEuFtX5cjoc7i+XdoEWgYPg0zV704HPKvhcswAaLiFR08im3EJPQ+NtT8R1yR50F22ew1ZgEtCUy+iplIiOdh7E1LFFzfxZQiXsK5Q6g3ehretVL5XRpxwQsrvLtaC3EAMhY5HClUWq6qdzLyjg+TK0BfniFRv0IVChmO1C/t61rbqLgmVok2LHrhGnMzbNvgY+O6L7O0ZK0HYSZivQEpd+WdUMmIpINidAC/ktSHaN7u4CWtd4G7Xjcva+7ink5QiI173vIOcqoHZbLFerAF0VoPIyip66HyoTKs+KLOnIKv2uPZ9lMATzXW822+0OshsEPD3VkXtSzYcRsgDIMUQwoBnzAllTETMtZpLBEaB2uVoosR2qrDHUiyCnk5uB7nfTqPiHOWuMzaHY4MeK4bdTX8qlKjSyINC606TE8KqRzTBZPab/wTEm87YfodYKJ0dcO5me3nrkVJ2R1QEbC1ihaufelN3QpqjvBfi69DUgYEmuQG1mveIcQKjYo+a4w/RDGyUs4zH1rqlSYS8okwn7k5EASErvjEsJM8MR3BJoTw4k11hRlJyiltCVkVs+dOiwJmO12UB3RO4M0bDMtAGaD3KDkGVYxUquf1CowglAKdNgvdogjXT3QmYUFtH5slw2Aj/LqpHZdX93K1Dm1e5quwHUjmdRpGjcF6ozyZRAA0yC1++0fyZqCRqB5yi3XrHV56gKBoqJQuWm6OFNo74B8gxKTYAFAC9bcgFus3HFagVtAjl641h/UDAzPGqBv6JUgjiTAovkgFI+dWNMyuWIyQViokNdaHaPF+hUNE+lUsBGdrEea/UgBHou0L8rGvF9HCCeiirv0I99TclUX+zAMfd+IQB0s24WC14erq9IZL6cNh7JVmZ7P/lipZo8MhBQayFTD9kUQsAD54LcDDNDtSSJAqUnXApb5VtFNEbewMFEtIPoC0AVafX++upqtdmg+AAD3/MpFeyBWcmMuG/35/15ubiXa+bo0p9nRON0ayjL7areuvX1ze7pa68R8cfl1EwT9kyHQaRCoJy62u2uJGHBNkOS57sEhl6vjejIt2zqp48ePXn8WOaIwPdynZApqkp0hB87OaeARc/ubu9u75v7xUZm2R4A9PV65zDCC0mByE0J+LQ/ndDYVPDrblWWSaJlHCVLIRj0zc2N3LUkNyH833ZytO12gyqcG0lz+me3L/r9PWVMKGJOeSVOy0KAatluBB4L7ekqQu7ZkwFKHURfL+rr6x3hcrRwwx5VY6TEQssSlaSlX2+o1CSnvZUVKkjUSiA5yGNX6zUEgN58tJKFupEVtJWt7KpZbqrlWvakyHmiMo7s/0agUuuJilSJyuetwI1Lz96irwiOqPkNCidbgUqk6RhC4jxbtT0eLm2ed0kfQ1V2E9ptzi/SM8ZIM683beRyVaUWy3q2s2UT1SwfaTACLxP/jHbtKlTkMrKjRF/Fbicc2fgXkZ6Es6B9JFM52pU4ZXFnTJlovU9eu2LSyvDKBc8KDBB3LtA6dySE4tBbCDivnQpZ0mPb3t8fnn33O9/6+jf+8NyFD3/4w/+Fn/r4T3zk7fX2StIOrpZ/l2ixPJJdHNCjSTK7ggggpTe2QXv/orYBRVpc8EqzLpFf8Gh+QGuJamVJxMVhdff82fNnt23PUguNeAYFCELC07wS00om0Q2LQeIDSju9dVAgBB0tl2kAClR9eqLksUeD0F7Sfkh/u951eB5ELzW9KoMCJQqlCaPoLUbx0CSXTgV2yULLk4REjxK9OaskNRVZ7CZGbBTP4PH17s03nr71xmtXksWnqhussKQSIXZ9PByQidKaAM9rKjRrCNcV3qKWfnCOM3ApeL8qQjQG+YXkarbrxf50PLcDsnxNdZYlByEJCouhTs7dn7r3bvc3q+WNYNXI5SF3qM03IGSUZqnmvIOqhamolXoRkaAz83YsQwnJUczzyD9Arog+Y/uuigRNQ6FLHUWxKvDL+g5Lm3VBFt3l1EoGODB/i1TZwHJ2ldJN0abP6GfQxqshP+Up9aLJJO8zykhIiMhQoaaACtBRtXGth5AloRTXAqQVAAAQAElEQVSRBoao7bFBAvB1BcBnVLAs+CxRHScSpVmNlwDo2X3FB5Cxy/DWLHy3j8b4Plx6DoM59zDQjm52BOfc+84SZ2qX9o34MG6Pcaqyz0fLeLB76RVd4d73nkENyQ6970pe+qBzboKdZxf/0itVoqRDK2as2vc62K88iT11U43I+4V/aQAyiK3v+fgyIgJ5+RBNS1rrSAyISdlEqiVwlpn6MMWqlQI1A/4V9DTiMlsuJ8AuxZ75yoLNwWm85hLJ3L9s5bmEmmfkWNsjxvjg8XrLXiRk2xAd/Krwk5iUDkCcrep8SSbOru0PQ4aM7ZLsWRY+J1VtF/NeJb0zjukyFK0XMeNGakRvZpssIe4UcACUU6DMb3A4quLRdvHR166Px8vXL8+PKOGCqKAEx8/2e6iccS+NtCG4vGFkIzDnnCle2bmmHAnEmEgy020K/C5dEQwXU/WFIc8auioMbMuLYG1hQJeC3mRKs062HAemJ2PR9/6b7x2rHtmyn3yyrXwD+TeCa+iPZBB+4s5rD1UXrVTTbAml1lisEWxRxyIlERQEjyZrlGpXdEbAi6GLyEYSs1afplKW9LmitvJRa6YLbZpJzhSh0zKwh5xthX4yTY65F6VzOCN9cDrcq5btD/Hrg8+Azk/Y2cZqiTg1+jEqDJQ9XvuSTyI7OonzU3/lDDAQO8PJlpdyuWhhgn9TG9Zs5ZydQj/tZuexQyfjlwBE4iHT19J/6eZcArjjPCZIMDR3BVuWaaL7kAcnpa90f7DwDDF3+KlP/OBEMX72y7/xua+Q80ukmO/NWcPvfxlZ+Hd/9VM/BTDXfenLv/lrnwYELO8Y+jzRh7+/nHTmHSdu8lc+8xd/5o/ofGhE6Uxe/sqXf/3LnzY6s6HP0/UbIC639gufFJz6E59UuP1rvyV/vON+19BmvL76ta+7T7+TIOlP/uLPfb9r+JO8PvLOxzkFvcntqVAsdQ00HTy1+tNdPEGglOCAvKAsiZqykVUlJkCDCOhSaFxKydZISFklBVhgK18JIzzPqnAKahj6DH0psJXXKweVgL4qe5laVHAGYqFyq7wYFRNM8r/g1ED4IbKF3dgMbGYzOvVGDBFyo4KTRGqgWzpW0EIFQZWUQwCH1oGItOQFeRzxcj6hVWCIWS1SjtfhK1HAEbbksta3qEJvFoKsuVSzv93sJDZE0fSCetRg0m3VQQfthV68DM5mhb5hlPwrEGVBhWBcgSDYajwMqkuLrleOgy9Rh8AiguVtd7tVtZaTywdiPyje6f2USFL1YuSmBZMFIqaBDapN+dDEr2iU8caeZn2EzkOjHBwHwjXUHMa+RJu7C+Ef6kqA7OsVsRitPR5ruuGRQHkD5y/BZxzQpx3N0Efok8pTRE/EumMZvLYLW6zQEDG29qwg6pCyx+DZOm3pStezKNAeC90hL8cBlfIcmU5+IcC9hnYoRoV6SRsA0XaAvKFB4dkJTZHk0SdaijgyqxVUthUmxoW1aD0kB5Ex00500epGjcckx9RuNSVhP3NW+CswRBfLnKomxO+UAwCkr9YNIZKCCnkTNFVsz5GyFXJIRc3lMhpQFResaGby3iO65iZEPegQIYZQyGOq+hbyrypFPcYN+I+rJbQSmkYAemo6gMburfTNiE6Lalmxeg1rHijiyAeB8Y3majsl7jqqWKg+jlyLzG2IiSula3SKKYA5OwjQeo5IEDh0YwPRF0K9ApKdIb45UHsdbZMcJJtXi2a1WW42gtRdP0JGo21Pp6OcRnA9ma33xz3wiLMglavVYhUpJwOd9JEyGuD6gVjX1I4DjA57Ah5rLydDMYum1BUO/jheumsXppOuPjAuvWQDQEGbb0K4LC5ya7IMNU1SpAI/DS2Y/Bp12UKKXeBngBkjTtJ7CIzKdfhUiRc51VQ3zqkD7SiuCz0B9bNJWwiGEUeIe1hrr6hJv5KkRmpqEwFXk1JATEjA+5Emp0y+bNYKrqxWntu24kN6t5DirptQKtocTUMJRHrkexqKB2vAZc2vCtXbsQhZTStUa6iCLB+ALBJBZwkgR3lgfR8IXiOVVtd8FB4MN19rfgrw/ukswNDtrUBgZwFYxTZutlfaZyaQ5i9GticTh3rimOcCQqnIEm5R/hmdgFtnKnDIbSzR/HNV1YvNupfptdmsUH0jqH1VgAoMJWvsRDLBZJpfzu35eLi7fX6+XJ6/uL0/nQ6CCGtfI1nvQ1z5Soa2ITM8AhRjzQ1LJViQURESRWsCeVNMefX4kaQ4TuyFiLQWurtWi6pZrZZKyaxRtOEfXz2SByvDdeyOMrKCdPuGzbgK157awx60ZTnwer05XQSyPxMccav1qpIdAVEftlKk42TJ+7goIMPQCMpE2E3el2V/vds82m3Rb3O5QO6PnM4Fpagk/+PrFZrlQtIH9QMFoC4Ff0pXao8+MB05V8cpFk9IsEtQgipO6IzSSDJMryT3zPQnaI0uYb0+oz6w4goN+ESfUmcVzKlojCQTmMwotDanZTcyVetKof6EEURn012BluSzpntQGUdzFkbrcqhMKtpjl2lhfib9yA/YEtAjOhb+6eW5OJFO0n0rnMmtlLXD0aJGFmmgrRtCdXZfk2REe9rvb997993vfOPdZ7FoPvbRD334I+989KMf3VzdiL8jG0mBtLEYgE5yHEEm2ADFf8krhlG2V3FaBgNOzHEao2IuGJYSRUmRqX89NzSVasmYP3v3Wy+evScuOhI6mhKjlwDxIn0aud7bZW0S/Ql5DpmLLKoaWQtkPD1FUdVoYHeItksGzmrcMlv8WRTD4qyokD4jkwKWBOZDJoYsjZLqXx7+SWrvIZnlAq0/JMMuhqepl5Ivfu3x49cfP95Jrgttk5Fslr3mgMq0o9gZJl8hPoaFIFkbFJfEiq1V5fIqrlOY24yLwSE00EtxjUVdXa1Xt4vmcOpQvsYt4egGnca0V1523Ge3hzeQcyMAXY8hdf6ifkimvkZtMe05nRR2MGiNp1duH8akfAB7KlAU1btI1+mciZkrMRLVbwP8HIHhmQod6DBwEjgt9vMZWolqQn1C5ez9mIJSO68hkjqfosvQZZye4YSD6JYRSdpU9IZHK9Gq3OCWtBi94ZuW8mLXDytpQAaA4Lp1Ps6l5W5iZVtoXcyBVHtvZmXi+3i2MQfiD2HUODNLyb4ZiKfJspgaGrmHr+gensA+MJV9mG1JsKGyOA2Pe/mriR3vDSLNQc33wqZj+uIrLkEfygNw3OV5FhOG6lPJtn6rUJVvF32ymQnonp/AvfKlgaJLw+tnuPhEFE0giH3GJSR+Omx+PrMhijEh2qaI4bJ0gQH5/gHOnm24nTLNh2kEfPJt1WxpfjNJMChe4n2+kDT2+WLtaNPvjIZsXNf5CNk3J2RxdrOz5G62r073M63HcdNNaSo1TQ/ukLrROZWAyli3mwbb2Tv2l+k552fg0rqk68gVONrWadRceVvM3ZOr1cffeiQm5ZvPDvdnKDHe7HbaGqjt4JwSF2BzF0gnOxPvcrP1mIj2nummseAzS63JTOfNG3rPvb3wCcl3NtwJLLPVke63SDlqtFaoY8nAkd7upY/f2l/kO71zr2/rdQVisorusWERko3wAQhj2AWlgbeER9QGqLHIZlEJyzbx+OQLS3S41EggMJeStP2d2ew0C1i557IhNfmPmPwIdXww/UaFud2EI0Zjt0w7RhoHx4KihDiT5O3SvNQukS9bjx/u1wcTgJ42MOfyUp6wWP6R50L2RfNaNjsS0zvps6969t5NCHE6dM465lk1MxiTFTQbbdc0t1zJt5h+Zbu33dsEM6s5dg+uO7sTlHnLYPWrdr95TpMbQBoCb55Isu4f/vCH3Q/u9elfi/HnHzCXyRp+0JZwen3uNxQydp/4/Bc/9wUi11/92u+6T3/C/ebf+YIqX3z2H09M6u8jJy0wsR1KwOBf+p3f+C2Fqv/BP/zdz39v7YvP/oah2O98/n/22S/wmo3O/Ot/y3Q/PvcbE3r+s1/+vb/3VYW2v/D3f+XTv/TpX/ic+8qXDG52qn/9uc9+9ktf+cpvQ4PknV//so7CX/oL77gf0OuNt97y1gaKu6NZdvwqF0dr+/i8CYSoMtCQQRj7TtKMoH1tJHiIi3LZVIt6IXa/ZN9iHEOiixrIY8MKxEFDD5Jf0ZWJJyuSliC3RAGQFgv5YUmcjsIIFaFv62PEC1A665CwZa+XFFl4UrPnXjCUHFLBJDtDcAFNxgD+DepnBm2HQDJ1VA4MJV4RcQEq3Qrccj4fUYtNbQF0US9A5+kgwtsrILVsll47AVdAeSToV6ay7ADr1ToS3CfAiS5dJYlFAK/rijCEV2wIhCAy0YMGS+BQ12NcaO2qc606CrqPXtrufDxC8XO51N45xLQpAVspFZpxC3m7pQ4s6a5Dr8hT71GCCplRGWpQM7uRXe+Bf4fFQMTRQyKjvUhs16NTIABdhZI1GWV9dlKUoTT3YGl2BMbQ/4NGQ4de8OPYLEEMVPp5FcqRPGX5+oJl+yW72NEeyc3icaMhIU9gXgnFCoDOrzeSzT6cDu50kofbnbt21RIWAx8WnHeEo4Ll9FWn/e1UMYLqvaMS9JBy6Ecg3ePVIEAYnwsenh7BaLaW4VaXCNEhKspVLgMProRTPI4h3y84SpKCKc3pJfE2pqVFdpCuIY+28COUmgWTc6Tkyy+77iKALfIZ9EAAKbNZn4yyFRxAvneAL7SMNbqQLWRGyuSkgAwKwCp2OtN+m/16hbh+IOsOPQkrU/AO0RhUBTmBZJKgHTZJ4s54hnQGS62WRk9FBaxkYsvsdmyfgvk2oskb1VeG/eFebqLBkgGC18ApXYmD17UoW665KiGvDGGKsi4bMkFBbsVk1PqCYRQ8EQUIy+Xd4SCrYiDia7aJUCDBbihrqzdWkMkrU+B4OsrgYIHJHGgaxQqjKUMZ/cpDhrw2+RF5kxUVUAVpVA1mQXH2kTqhta4gkxXgps+sD/R5abfYnhsZHFZcU7leOfKc4dDTGAc1XJnpUDWo/zYyTqS8RjTnOjW/Lhh5kg6qw6X+rGn0gCQbXCaAFM54FsyyBfVwUeddmv3WZ+YEER51HqqoKD6GlpU9kx6dSu4Cc4UpZhdQ6O/JDUJbGZxxuzOXPAKvqStfgW2OugdPhQDJNvV9wdaRMfPL+Hn0CttsJavoYyXpkvv29tvf/kMZxadPX68XzbpaU5wAgvWCFJ+pBNNBrQSpR/Rfg+LFWoX+AY7gXlk0ynaj8nuBbuV9dqlcysKnEIHjzXXUI4JEch8Ft77cvXjxnW996/ZwOCORFkrtBlBRkJ56yJD4oLjHom6wZsQkLFSKecFOqvbCs2tQ77LdyIUV/XLBTGLJDnGYEHVZXm/RGFMm0m69hZq04N3HQ8VnWrHxrKQQTxfI9686ybeusUFVVQdyKR4himkEqi4rqI13F4G9Gx/XMjEXlV/JpS4ZXgSBugV4vtptr7ZbYQD5WgAAEABJREFUwZpRB1Ow3Wjla52p0LQVvLqmzgbg1TKmxJjxeZMLaA9YI6cixe4pyCUkhf65ySuwXI4CoBk78A+xER9n8FWcyGAx+7CZbuF0ZqvgsCEyrBzw1tNOPZMyxYmexSghObpFwgds7sdZSK54hAF6TGDbOuCXuVMpY04BGtOXcj66+T84UPAPQn0LSGNCwhN2po5Ecr/pnZdcC2jRhKag7fHw4sXz7zx/8ew0xDfe/tjHf/Ljb7790Xp7I2C05xZSRnnuxxDOQ3/sL8eRtTKo24A2zlhk8EG1Dbxev5q6US9FdVVIchZHpZKdYn/3/HzYs38TAl4UMBSMwp1V5xg5UJEayX6xJwhqCyTTRunhYoCIDVJCVG7SzZQwMipFiEoj60y3bVT234DGwp6FXBiLwhAYBWJ5Tqq0yFqUBArqgdBiqmLXXOw/NTsmNKXkTUtJSO5kqu9217urzWqJrUN20e4CYXxZX+fTBakgKz1OSK+jknKs0TK6ZD7JqmnItPUpd+CU0WsuSgHp57Vkgquz2IRG7ABuDyn8jL/KgL3YH++O7dObeCX2ohrAkharhQ6eCjwyVsJIFZZTt8jSG3KnkP881ppFmhmanK0mn3AXfAJqqo5FSl1Xr7bcc0Zn1d2K7aRqGBsOZ9IzOXdClz9nYBTjC6mkP6Zaf1vIs2jUMhcaEJI+YjKVPq0tkB7M4OjCzoRQevjoHaBS2AU1Wp3Ltzar2teTWcjsY3wJS/PJpngdyAy2v+oVX42peqNDu9mTnYC8Vx9pdh1+ZmBeAdy6PxEG5BNBJ1/X9/mkm3bkDFXEfEvp9PbxdCWzn/WT/E87vuZMhJ9/ZPbJON2pyyf0KRPo01g8GDb/4FDcJGICdGfm/5XnjAljDcn7SIBIfkwZd0nAhGZAiglI9jNkJ39M/4uGcSu+HbUAJI/87MgT0OsMv7crN/34yRgnkD/Obj+PoJ+mpw6WtuVKciFcnVwxCcdX812Y2KnJZDm1GT6BMdaFK22+drPTlpWOlEyMPjVQkmvboPBTqZ+DmbLOvW7ZlG++djXQ/x2+C0X89bK5Xq9Qs4j6G+RYbb6kLbFw8zXk8+PPK7mkuxi0lkqHjiWDRZGYUnF06Yu6rZnNsxEOead1ZlZ48VU9IJbvIe3kikMf/nB/aWM4Dts3N83NslzQlXaj5jE0F9g7y7o4Q+1igrJsRKNL7QJTPUsxeS/mDuCPIqt+Yy8l/SvNvmwg0rr2jCrYutwCAw47b5I6HJnUbw/aZnOCOfSoOYeUPJY8xf2U5ePu8CP1+kAC0ImKESewOaZl4xNi61NKlqkRfu+lDcK/tFnkn7JF4FotTMzOueyrW9oC3w8zc+1nx7H165x72RtJyLQeNFdQpr4ok+1Mv5i2nuR08PaVVzI7OI1yTJuhUxpF8hn9bOsgYgQnKKg1Lpf1kydP3A/29bNfjvHL/NtMxeK3v/Ax/0++jybGJ//iJ1W+Q7/45S/x/z/9xV/52fmn3vm5X/zkFwABvyQz/dkvPiRZf/rnP+u+BLbyP/hHX//89+Zfz07/M590X5lO/+8l8vXffnC9WXZDWc92zYSb3W9RD/rnf+VnvioANJjUn/wPv5oP/YN6XT96bGlLVdUylUWypKL5wariRySumMItThJI964qCYCftGJ9+0W5gOhBXQre0AtOCijwfIGQ8bjux7VE1KBs9A4d22pFpR8sEe3T4iJbsaEb2EAYSjCFc4tme6BWQqAWjbY6gesk3tD2iRZOm9esoIIZewGVQMleEkZYyIdOJ3A0gyKzXDMFlZih5MUQ7CSwoIeSr4Ab281WwpCBVa6qW7pYAbSVMOP58+eqtnHz6EZAOhSaeyu/0c0D8FlVXl9fUx554FpHVzQWevZyNjCCFzWjLSg2IJ5qwd8FhAFSIiji2tSlZLF0tVgSuQTWFglq6+hJZDUW5agvNqIjAA3811FygbQ+4CMXqjifL2cZm/bi6+YCbAvyr2BUyQfQEq6ttH/derk4Svh7gchDpW10KCHKjost47QSpNKRkruxSIqYaf8NqkLNBmjoeu+VhlsK8k4sXNBtPB0gkWBhjn3RokETq6IF1BvGXOUkA0A/FJSmBRREXNuf5eG250sBrQzCbkyTYG6g82WnOrZQ0MZkwK8Hosc0d5G6LINcPxIGzaquRlJ+BW9aEm2MQxh4wlhqa2btCucrQmx9tuEAbAg3BrY58t2lilAWQRE0a1jV6WCMTQdDLrJAjZugXL1XOevAKJU+orb37MG6khOyVFmesoCeS2hagJI5EOhHLkOgsQ15673vVC5NbrAsBhBOq5o86CW/BEEMnAVlvhEUb2aWJB0zaj9J1AoMl9BRqgHfg+QFcVVuJYWkTQQ0AxWX81UepGAhbgC9egmpivF0OgsAfTodZY1tt1ebzRaE50oAhbWcn0W2FWjdzUKmhVyZjJz2xNP+WcCcF83lBPBdclmb65vdzRmq5ZrngBSpU5BLs04qJMr0E0CorhcY7zS0vfYhHDDhq5ikL6leR+8QAErtre+2cpSoHEtJH/Q6rcFARx6LHWJYNYDOorQJEDkVO8b1XsfY+KInuMcOXcBrsU4rcs/l7+EcLtAPukDujgxlALXjGtxhsmsvgpMKXFuq8HtJtY3AXBHg3IBGi9hNGyoRMWOD1+UCARykEJpC2eyFke1cRANIAadk6SyIXBvqQI/fqxqHL7LQnJM1Vy4KmUPab0aVc7yiuqWJ9OAIcm09KPtaDoP0U2BNBiWMveYqqmqzaRQFxgJUlWnkDiSrhfyHXIRgo3JMQZJBNo7dd9/9FhbN2IOsvmhknYnVU4vRMTElT/R+vz8ejvKWXKSATuDywoQvMTvrJYRiqwLdKZulDDrY0AtZLEHeZe/UXjBfSUtAAcF5ydXFMkImGf0A+rvbW9mbxLZfX19dbXbrugYnXyxeXXOAW7Emj65vBEWWZ71ZrbbrzQKkbyjV4qkCypZ9Z5Qblx9G6AmWMnFll5HjB4o+yXyRHzeS1sI+Jw8OT/x0PGF21FU8+xYCOhe5QRnlbbuWvRNSPyOUdlgt1HD5OdIZg8DyoW9le3m0XcUVbhpSubXYEjHUS3Q/xLxaFHVjDJxIcnPBvIAvtb18oSESVoPJoxN2HGcBerRsW2IChpDCseAs7at962ioqHmi8pRe3WGDkIo5RGF+grUmTFwFC7wMKTMrT+gZcagFr0r1dGUK3Hw+pqpHIt4LIeHWzjoExJx48slH5xcncp7TtkvGP4pa9KzoCA5MNcwyO7nFJMmpobEuzdxf1JmstXMZE9BgnAzkskjCH0pkYp9IZE33+/de3L137odHT9/+qX/uX3j7zY9IHqETAzCKfyB27TS2dwJTcwcTYBNiXJG9fk0mo9DIlOcnBGwwSoZneGNDI5+p7B4hYIwEAiSWSzWtKF1sKak2qo9v4Jejso1CPmB2ObKYtWC7R5q/tBADzSRQ2YYGB0xsq7aHCtdAHIOMgYrnc8q4qxLrzPOhYCKJP+NXy9VCcjnUpq5rJOPlKGKHGrYL3KCzr9iB9ePHj1Yr7Edi7g7nM5JWlxMKbWSnSYVlJfv0hZ6rEVrS6ERdU29IElJyLczYuazlErVfrmIBjKtk95ctVPyf1aI+XNjpFwQKHjBqpR5mz/7Yvjhcju1wTQtxbsfzBY15tysU++AqqC6tFAebfESAQzD2eYLMUmu4mKItY8HFNLm1hqai94KnwI2ncNwRwSfw1UA/RKFAuouV+sVBQ0XFWRLoxtMoeJXBt7RwfKkAVnRJMCEHoyGY0IG3TmMkNTKtU6T1kYrGIh+6N3Q/ktXuKq/KdlbnbuByKkkiMGYkKp9A3WgoZ8wZIZ3ebgpBX4K98v+m1zwO9n7GNM160AlOTTaGxio9I/cA0U2oJj+RIOg4N3kvY8fzg+f3Zj/mxF1G1tz3eCkuZUioyzeR0KoZ8OfcAwzSudlN66HUNsZpGF0yYu7Bhbs8PgZk+Dj/pYvmOaScge0J+YLzM8MsyV/Nu0S0h+Kdn65kQhdsh3CqA6w1Ac4Z8KkeuDOYxrL92qxOEzizm08gjN1RmEYkJkQ6XZhug3o9tnCCVdK6tEV6k5dUtyoVk7iQHlDKx3g3qynyeQhzdiflKvkW1wxWbWnPkwpKaQFPo+1gn0N+wnahGdR3CawNWSUlOrMEUWeb+Hmq6EibZIBR1KVJYTQJPVbL6ifeeCygl1iWr793P8Ryu2yGzaYdItQsBfShfJEmupj5DOZE6Nip3FC0bJpKz6GMLRcrajbKWVmhSwg+K08d+wTD/5+mUIbqrXuA85bbqqDtTMspllBCtdPgvnGQqEBs4ya49dWqEldMtjGTotd88wR5Wao2M+Ewe5JVxDMMPpZ5Ek3cexDX8MBVsNkTHtS8RoxxvoSjpnZdUjWgTrmaDkBvaurxdZ/WiT3DlP3D/sEQMuS0h/k20xz3MwsU4/exIT+srw8oAJ18EEwh5X0YiKJutXMqyKJbYDFvYencfHt2boalzY+fP6e6Bnl/mHvEbspLR4Z25XTYB8787MhJKCpMWdAs3TTdWlDPPObtxrDq+EBnSslUUe+RUUDJmgJ6ElbmZ+sdo4ECcOsRIZ8H4kFuD5h1i1olCP7TeX1aoejUi0+Jw++4f4ZXlplOysv/2b6S7IaJbNjFfPVrv/t1B7RZsGaDyOXyCFL/IAWg5SXQAMM4L1Zb+6xrNV1TNIE9q4JLgQirgEDfDCYd6wUyHIbGQW7yeivBbVjXggHVggCKa8xe5BJj789nSB6vVser3W61XFD1VdCQkt0EV6ySRpkxQUwAiLLbIZgYtayd6CXa2gnQBHRAY09Iarbd4XTqUXUoSA08fvWZkQQRXIKtx9S1l1ksZ5GTLhZutd4IeIey/+HiBjq9DCbP57O63eiHUxyPh/vlarPaQGe0qVcS6itSVtZB8Dg0oNter1abiLbjSwkFgCOXihJj05Ljh653A4QYF5s1GseAed2BSSeHkN0HdwgWLlRHi1LZKhKnDWzSRu5wQ2J2in5RlL1Z73YEtlFB/+TxI4nxSvKdB6CBhlOzXB4bL4IxEMMHBGLViBZYJZUjanm0cD4gAXFuT9auHv6AgMEChAt+o+z3IhX+y+jJk5Kbu5zPYNMCzBlO4/FyOlVlswvj5upqsZJYq2IZfXbUyIqq0LxIAKGIHnUCkkK6hMFwzy5ucjhkCBD19f3psJfH3QoMjImxCIHC3EBGl4IGIXqsgpgbOeZ2dyWhrxwSkuFAO2tQesMoSJIrdvI45Fcj8Sf2FUS3SXUKlARKWFZgvnK92SyI4KAlDp0vupURKo8kBVMXhQF5qdCF9n0KVjoa2bqJvUfAj0YoyInoSRFkkzpcGLV3MSQ1BgQ6M5D2rceVgFYjOzaVCy+o0gJ9QBXSlNEGViHP0S+XdQB0B/zPQfkRWtwFpbYlPofVRw0rAl0C/W60FieB5h+LVQJ12OoCwmPENwwAABAASURBVA7n4QRqa1gK/CBngHpnB3UCWTrLhYzHBm372A9RWx42VdM7KET3QbNUBaqxISCDK6+bqOIrBFupFkq6aEU1G5CgZeGeLzqHqalQqjqNTPdRPMJWEzaC/UN0WGaH4D/r5dYpGh9QsY2OKT30InDyCvBEWRAKx25KaEFGeDU0QAkrIqWBApPY9tTzVceVOIj5b3IRfbTclc+lP5J4QE/FEGskHtihsKdWCgi5MmQrmV2uQpM5tLZj5oPrnRhxrVx7WWLIHvWl2CqQcNEaEVy9vb9fb+W1EyAeCT0WyJeEy9FmXD1eko475I1cQ1oyYW6I/LC6Q4saBj+qwHsZE3Kh2HwPoftBxz9Cz72ngvqo8TxybBR5x8wvoLcu4K+gFANA7SB5LyUPBjklJTs80QsZW2DudDKCOgoj1y+yXLQoMWr9tEVWQD4wIWC2AYtQyL/rNJYQtPSN5VuyhO7unjVQ0cYCBYwlTwBpCJAUAfXGeDydnr333rvf+e6zZ8+++c0/lMNu1+ub65tHj5+89vStNcjyZHkILN7KWr/c7+/u7l6oXIyc+nSQzWdYLToZRKQ8h0Ge03q3fvPtD+2uN8xKLtZY/AtzokK4E6D6IJg1yJi7q13FunuSH2vTLjSExMvnnj/vSNtsPISYxMQ0ksI6kYkvNn8JZjZQcuYb/OG4l9uRwYEQjSS7ZA12/f753XeevbvdbpBm0FQufoVyBrllWbWPxmG1lnzYuJQZVa3qclNxsLALNTB4VVGr/ef2gVZ1miWWJaKkYfk0WOpabKsUB21uGmPutK7bC509gkKxSBOK7wdv+hqsk4hpYhCYVVOniWlHPnJM/rQ3qMcp9GRNBRUQ80bXiha9qyKtI4BQGP2Zz8T+jA8EVs1NDcqbTG4xr6hMiFVMmLWxSWI6hXFAaReiS/03iwwpmXIoj+8mnoV3RXbtvV6zT82qqM5jhQ6A9gPjcV8Sgla4AmmEAtsHxkim6u3+/tun891ys/6JN15/7e0//6G331kstogtQ+ckdTpKOu0wXI7QXkJ1SAsdLEh2FoboQf8oy2MEI/wpKhXG7P8j148iLYAZ2D1lulLPB71D3agJiAZh+YiHbGyrIqaxN26eAjqwjYNXxQzo2rO9hwNKAiY10BBxRYp+GFQDjGpevVhple0n7Txas5DKU6zbtI9hIb2gzPUKCZhBtsXgxHRg4rEgxK+a+ma3fvT40XazWaLhNNTkL+2RRqW9dBe4l5K5YUHNGBV1seolynZhEXjsgmi9CBWpqkqz09ADcgVGTRaqiLPcuKxT1dIZjndVjT6Hi7LqUAnnWg5MU8ZuiM/uju8+3z/e1utV042rbn8+HC8L1FM4hYBhcoMJnsrIywM1jANmU4l5OBpda4OQpu46GU5NGZoYibCj2IfNBoPVAsLySzIMskioGSpUgx1EQ/5ZGGqleUTDK52Ke9gqinmyq9KFrrKMyCn4U7J5b9RaQYwChfY0x8HJTnwG98Sew5oq0vwVS9oTScHrxFXCPYW8UIcQ1Q+1RoQWlut/XtUveZXYcxTW9i+F34b+fE/kpZiBvAZtOgWkHgCVikBOhiXr8LoZwDf7vMtQak535TWU7FbxkOClwJ+a0ehf0URRn/h0tbODOq+VQKmMQLMI/NOnxFj61gPsQH0Vig36fOEFH1xQ8VlnrLtXvDLv8wHGoBvIdNOqeG7AaoIzvD47g+Gy+PirHpPhblDzCLYUS1InNF+oZ/MpPZpkT3Talhlc5QinlRRnTy3EmDHomFdYTFzTDP0k8qrhm/pAnKZvzGXUFR3toCFfP6sl017Dmcve6EZfTvLO6bItQrU1qFh2wcSSgZ0pCRxnDyHNxWQleC6fenaGqJzxBKDbbsklVCgbg632xlDyQyMrZkz2ys406sHEGRVf8q03dvIQxMP/w/dO4t0sl6srVO+Fth9DmhPGS8OeXFifCH0oPC7leEbVs9IqpxiN9htIX4zaTtEpXMWbNKecxUmYnYHst+mwerPaXzBCUzrINQZ0hUH1IvlQ5bmP3zyIkfZvDM3TTbEgTj5SE3OWfAu5SKR0xgTHVsxiKTUwIcvz0FaYoVMHJ08I83fsUNoLKU9rJfnlFFGe+p41QTFZGFK8iocWiZMt6GNTMT31YFSRiK5amLJRKUET5zPtR+T1gQSgX8r+8X/0mWZpvJh/F93M2lo2KW9WKYWWtkXb5rRNiZ2ncJMvrSt3NifzpCtmF+ejwTlWTOVdzE5+SBOt8FMdRNpf7RjROBoZf05n0kOo8S58SuCpaWf7CRacq2mwrjWlr61itTT+V1pMUDBQQZ3S/eBeWUl5Um3W16f/9hc/+aWJOOz+GV5fN1rxD1LX4k/wykLPf+mTOP3P/sJn3Ve+4r72D/7O33K/bVizotJf+61/aB/VT/7gXjSpsaYLrClKzfvRhPpU842XBPskPBQsOQ/o8jb0Nfp7dd99771jd96td1ebreB9EK6dghrqLrDbDGipmpoWjIDNu5tmIMwHzkpMVl5Aq7v7u/3xIGgsMNzlStOlQBPQi4daz9owKkLQr16g6B8gNYFXr31nGRarNCXptkc5K9QeKoEzF/EytP2F3D5E1nd399xQVYfabVZreS3X+8Phfru+koMN3CfVjeSIeIHqJBgTPOfu/rnANytBM1YogkZdvkCoBJglAhzQIsExMFOVZ4ymxFFFKkLiYAASCvzK5XTgIgT1Fb1ZQDcGFC+jBI0CylLIHe+ud9CIBooLPh71eKO1phnYj01CPoqxahOPIfQLSJ40zCkLhnJEO7IBO7eglkA0ZAx95UxGt1QRBhkEiMPGqJRydm5sImGNQEGPSHVpGXmIgNeIPNlmsnJKMwva6AG32F5OQA2KEo+pHbQwVt6XKPLIB30+n057AaCDjP31zc12syvOhFqapkJpk7qiZUnSDQi5K5DaCwJ/DnxBMVkSBteSfgibTehH5WGirxc1E3Sye6vF3mqzLA7Jgg2RJJDrQXS2cm51bODUUBiBFEAadzkYmWSR6C0NPBnCWEMFtTLaNmpZ9+SgwTHEo0fDzzKkWGWxXIcF036g/4FjHEOYcxwiiewyhnIDkJ1Fc8dCOysGoLuFymigpyFK0M5d0WrXQ+4TAYkIhKYSXUOHAePE6TH0HWw3mq0ZbwRA9QBRdFUH9j3kMxWulTh6UQODw2gi1cEbwVPWZpM+NMDaVssluLTopCl4f6Va8mI+KAnScGJ4oufgvDlHavUCmuCREHEdFoGsZ9vaUkgA/GDEZiTTRka0DCoqXPJKNNIBQc2zvB2cDHBGAF2UFK8WixAVkhgRa5WVLTpraprOAg4zvlGVXdX3vHnoqlIem8A99rfYa71zgFzMeLlcWEyMQwLblX/RTbX3KgJaNZKkAspQFJI36/f3L25fiEG7XM7XVzeLZsWZMkZon+IRMMs2EGQotZgdwqwUOMADkVyWptKAiXekLIOpSewc4QpNN4JZJOZa+RCwD7lUall0OuACqZDDO3SXXp7YVbjxbJLZIhnTUxaCKQqY9oYpkAIkF5amAzdSpIY5AU8lPZxSkgHMysdE2ImjxWmycOW/EOq287KyTydZ4714ENvd9snjpwK8yrgvNxLbFCj66JCQq2HkS/ZG9VskQhpm+q4FWpbklQDWi+WSms5nKDMUDmI7bU8dpyiY1PG0F8uHZAHMMnpj7ra73XYrs5QBF0ziarPebtY1EwZA0yBdPYjluUfrsosgaPIo1+gK6GQxrxaY2WIN7o7HS9uqfLyngwRVjfMZ0DNRNUHQBZwSlFmMIQg5RbVZS36VBkomYSeYFWoO0Jq2rD1gtqI9d+/evuj68Xg+L0GXXjRQdq9a2d1kYxrOflw2HopW5aopVVnDafMao+2zn1plAZDAzoWBCIp8Rm37To+PyYMkp8qQLyT3VGMq7fYAAiXDPa3diLQLiTSUeAh87DEFgAmMoKjrDLw1x1pDXmet7Yj5GXeXU6hUXDgmYpYzh3LyyTUk1yvV/8x28uw+RYCuKCf5df1mQm9iYmanoE5RMiWQ8b0xpr5DVASIiWwRLKZUoMGQKeVq+IQ+qI2a6CoGWuTOw84Y0J4iHG03nI6XZ4fTrexer7/2+uPXP3b95CNQp0G5Tofk4ChY8yX0F6ZmwePv2/OIOoxRKWPp7krDBiGuAuS00NkRc90tdt+Kz5rVYZLkjZLC3uxW9d25Z1MmucESVANuqnGO0kQNGCYpFGDKUE2Qvb/qsO7Q1ZSlSPw9aqdklx3CwCIpXEXXdtgFWLtVWkdkFkBRjsmlJmLQ5qob6ySdKpKRPOvG9XJxs9s8ud49vt4KWC+zT4zA/ngPpQnJ0XXsyQh1sMja7aiOpaUEomnEeI1NyL8DJIrtD7IhRASIfFBRDOBGmQEdTbIWq6YSCLojrC/3sWzKc4WmAt7EngGR3Z+O793dvnlabyQ5CUkfNECQs9aUo+IuA/gkzwx1LHRlWJeIaNhQkQREVWlOY7nCalM4YkTubSSdt8JX3vFAEDr0oMkry9okT8dC4TVbgPOOgl7hQg1NzYB7Wx9+grV04fkc/OZ0Bz8VWUMUTQDKp9spbeU5qpqOloKC86Oziz63Y5mesjSzAILKS6mMjDOsUMPgB3H193olVC7F1Ql89Cm4TRkmXbbxwVd9/jOjwPF7ncLlMXNzPMnOk0xDBgz9hDOaaIh+26evuISevwSIv/+lH5hhwPnM+cozYVR/laP+2VNWWp2BAj6f/SX4OdvSOMELLoEgtnnw+n0GqOdfTkbaz0fers0A2gfXaqg095DCsi8UxGPDbGVUxJh1XWwEFMrkn3Y4613hjGbs7DlEl/5Lbvns0SU40XFDsGoAcceC2SUrRsjFL3Tg9JuF1d7kieWmXSyNlzPsxT8QIUnTNUTFcBKVPU316GdPNI/VtCymyZf9rxhmk9+KPNIU8zZPShpiw36CZaPSRcFWaKKI1ZnjelW//doNGj+Xz/7w2QGNZcNaHsRRsn8gZozatVEzGcxUJ2kMr51kHEtP0nCleRN0n8grLliR/aSH4XJ6Jebrd/kZ67SCfzIgBQyrUY2aJSBpJYK0UdydURB3ulz253q3kDSnpO9LUJjgkrBWzxepVWTkofgKNPLT0NLWK8as500NjYmhK1qCN0yTys8VEWI2WsnAFM7SakmExaA5ck/1weeHwmREMGfLT4MyTVo7en5T5aff38X0h/71wW1CqFbAIFhdlSo6keZNnOBcP/+e2QmXt+e0n/u85uPDjqvu4Qbm0lKbFarkL04neukI6Txmmuxd0/6K8UFkgB/pD9MnCWWasDGZyGlbij7xRFgYUCB/Lr8RP1IAiKXEeehsY4XHEK6FRAA+T9HUQgxRS56aROY/IBL0pI/xxxW++J6vJK/821/4W7/++S9PKhxf/4e/pjoZL+lavMytzhoaf/Nv/GkuIyt4fOHv/ObnZ90Ov65CzyYYwsv4afeSDBOoAAAQAElEQVSV33Zf+xJPN0elv/SFLzz45A/mJWF0AZxTyUkxpfZsp1ankFPIgDtrNQTbHeVhXyQUYfH3s9vn33zvueC2rz1+9OTR9W65lCmz2+wktmg7yrZa3thppT8jMogjS/BPRclRazk9quYBRfeQ2DidzucGbZ1W6yXq61kMCk5dR6LialwBA2mgnylzGhKirMpcUEFZAWhBEImdRolVBEQ4X86CQVeo8Qwqh6yOk9zEpRU0gFtYGHXbE/TueDoeVwe5fWB5g0o5lxTXrMXxuJwvpPDEbYeCejmt4MYA5ioKXkQvQVJ7ucR4ASqNd2u2SkdqJ/G/sDAFNhH8n6oCIAzKWKOokrqnCEwhpNA5KjnUBKeYTAfui25c57NcuMSTSBGxAxWHE3twOVRKHiEjEoq0grauBGARTJm0WzkbbiscWfgAJA+F/xD/APUyMkwqtXEZt9iG5FjPwnmKbkvIGaidCrKndqWiLABcjsiOT6BuRQEfy/PpKMeAPrDt52w7RZrq5XJEvmG/P+0Psn1eDdcNOjauKHwBaKVU4oYjeyhQS0KJGMlLNR5rJKdUwGQ5yyJS14CICWPg7HvShygVoqXYTKlgLQB5Cmp4Au4apGq5q6NX6qiloMaUAidIslDRsGB8W7G4VuUHQg76ciCCryMuViYCjg1yK2JfBbfdoqwpXDJqZydBcmWNsLOQANw4vvJcsFI0o+6RYwhUiqB0xwWIp6Q/5PZLkJ37AbX+bK65ViQJ4yDPhUhmRa0YnbfL9bo7t2jT5wJj6NgsgLsqEqErtixUXoH0G4w8BhyzURBqtyi1J6Cqm7F5pIY0EpaDBT8MOijKbMaDqNAVCoQ4x70nVK6iCLolXA0IkCPUqc3LOJANw/8wDygTEZKwSkBaarCKZrs1DBnuFr0W+1N3EaRFVchrzmQUtmlHLIAHAMSJXFeJMIbadErHYEIUgG0IbCDYHw7gjEd+a0GTUFlrq4CKgbKWdNGKbjDwaZlcL25vZRmfTkfwfKuGcj5dBNVOUmLF5XISAyXb7mq1RaUF4QiwrrGZw8cvCBZzzY2CNMikbkJYLLzJZQiIBCyqFihXUg4yFYDI65izb4zYrssZAiYwnW2/DTsxqmFYadijRDpmjNgFdKRV1GwKW6soPKR4oKIIpNVAfjzJhTNxEzUk4OBjig+aUGHlOuIZSsj2klta77baVBFgbnc+HPZ92wG0FTuvsVXhBP69uSklSfPoyVMZihLa8MgAjiyokEsQ0/fsxXM5/WoFRQ7HHJQYRAGT5XbAWSRMVvhVqX45Jh163y4BLNdG2itL6NxfuvsDHugyBM2NIaPVgK5fcfrJ3gF1Dk0PgIHfILfhjL0iydgWavQXdmnFTZ8uHXpoLpFkiezYA2a34IsXdEYVM36929zsdqiVwRNty2UlwPe6XoxLWeths11tN4s1etOiuCZF0GNyIRkIA/wvEsRpwZEFbqotFRnXaSZI45wQbQaHpPXKeJ0P1fQFEt+HdjWar0hvQMuWCRxyLzc6sfMq/2gomXLcvPYz1gxrkoRJ18jfRF2/hsoklC2d208fL0oLsEjuctOBCsPeYZK1uN+bVq1WxE6CxsmtTgWMCV/L4ZuywRRyysi0NWpLgV2izz0Q4jOSiBZIBiqi0w56r8S95LkX6KYqe4akuVvZnm4ev/H4yUeub94u67UsyIjugpI1OUuiTXJcATpaPVPtHdIC2J0r1htAwstBgL7mFiY7T4W0sxY3cWMihcpplXGFXoWoZyogZVPcPI1PXjt/98XxDP+JRtgFSbWN4t5QElq57p7SHM7wkfyEcPSmcktJ0iFR3lepAKR0qgtRVX2p6JpsVnKGZhgqyskT8iiUOU8AunCWs5KpHwDcNqjjUWyHAs1wIR7fXD15dHNztVst6nYMB8kv7e/Pl5PqXXMbQbpU8scQw6FECd1LGh7T7o8s0FaI2VxcKOmDvC3rOpqovu5WnPkgV1CbBNtxI2kkyXiJUwcmsdiY86K+yENG/YcYMjwESZzfHo4vDpfXn8h2VksWaYAlFQya7UN1PJyWnyf4Qv0P+loTlGBUaI3SgsEMhlUkdzzENOGKaP1uVQUawkbUPuLaLEzrnCEss7v5NNHQZ11oCama/zolVNIPTI+b/zKrOVCo1KlqH3uE6gqj4NNYWAUFIXCnEgJ64CLF0khkRxOwVfMURyagZD5KVnZM1+INPnyguRHTqPhJPDN5Wun3ZiZiQmD5DcuNpU9PeKsBS+4BKB2dm8rtXUYNv+fLp0O+H0eehtjFV353/vmMWX+vT9qv9CuGUfhktQyvm3ABzWUo7ufSdxNCoaBgcC+jxxMooRiuouV8PxrB1tnZJwT64WXmw0xwSJpzlnPQNAA/7ROg4RO4ne4JVxdoxyy7ZB/JhWuzZ5cQ5hgfmn1730Y56UG5NBz6V7tSr31ldTeaLD1TqZzu+nTSlmbFL1ZZ4HX52O2qD+wmzMdnsNG5Oc7j03N6aRqwZCHENPlSKmGa8naMzHc1RCkNUmGrLnG7o64ZxJKsF9IPpWE3ln5kwYJmuhlu+N16Vb2urelxEImSaz+qLuRBUJ9BDQ7PFMtYqGuBvypsamCUmbs4YeW57j9JFBUqFu9nC8bijJRw4GNkflydnrw9qXRY0OTDyLSKHBQYxRAObXxxGbaLQTDoq6baLcotOjnzWOyFw0AvqsiYdXHV6FBbbUjsHClN4jUva25BkUo8CnbYsIfD36rb66cQ1U0rMZpN5dUzu5LyuNG0w7hpmbuRuE9pN3a07LoRaMGPm5aszSyd7P77mKofxtcHVIIjT2IzgoVtWomY7+igJzP00teTcXmAFmdLnZKSzk4x837t1DFNWm9Yn3MTlP1ws3qw0U5Bupt2TXXJR+siowkiS84UCUMptQ4SiX9WTCSFnuyPe/RwKyk/W5L+Qj9sudxKkAfyHfwmvV0icQiE2E7JSdQra/l86W5vX/ygVDje+aUvfvaXIfr8tV/+2C/8hZiA46//6t9IHQV//tN/zENl0vRX/vqnfibxqX/zFz+WegN+8aXWgvMzfv3vf+ozJiH9p5W/+Nlf+eJPf4XdDj/zqb/4e9aH8Nd/gR0I3Uxy+h1Icvy2feklVFr//qdDwL/X644B/P+fvT+Nta3d0sOg953tavfep/u+73ZVLjeAERDCP/IPAnIU5IRGAuLEKMIKCe2fioMwgUTEsohTicIvIARkypSBxDjBwQoODg5CkZCJHVzGDlaVb3W3+5pzzm5WN9dsXp7nGeOda+3z3ZtYpozr+t51vzp1zt5rzTXn24x3jGc84xkIaMaSfBLH9bzJazIQDTBG2da2zi3mnNSVa6Ck5mkx9KUaB+0QHHRnmNO6CMBZX61uAMFM4RY++n6/R6RNZ9hETwupmtY1wvY90ILdE9CckixSQhlVXVAooyrXqyWBgLLZALFYb2qKM1J/Vu3rrJEgyxgZz9etgVxk0R72DPhNcFiPoEZh/ODheOifHvFukkmr6typcqcsARK8evWqJcZAHuL5fEbcTxwKB9i530070YzZuUoN1Ik+88+6BZoA4BU5VSAa7HQ7SddiOo+qDx/tWqcjW2MNA+5wtVzXBD7gYg8NOy0uVHJIxeGC/YDUd05hEsVnj4HQBZsO48bYnIcHXkOpaQZe5yPvSsThk2QKqZJRLYV8WvkCPtkhSAvkX9fNoUW0d3t3t0ZEt1k07ercHc/sZthZjwWKHJI5G11FkbQaEtYFIZFOoyaDxn4lxbtyaKIYJS7J1TN0ptchQjDh8KI4sxuxfA8g+WzLBrSoXQ1s8TXaac1oTaTCSfK7SaGVmgqSeY07py4x2Z7ysyR/acxQKwlP6VxUQ0Nx2Jolnmb9Jre7JpNr7vHkpbnscUTmIIlNPeG51LMOjY/KUtZTRx1HZCmALJrTU1q1XWFN4io5IVLblqg06YzyF0QTm6w6svB+U0a2Er3aFRQIeTN1VzcWpag2szByEJlctLkEHqrIR19Ui5F01tJUTsk+Hc7mJwsCjiTFI8I/IhI+9moxyYCfjmDj/Ri7btmqxSKmw9iLo6sqBUsL4doLypqfqqO5znj8TiLpGNWC2p6jhDgo9wGwAVt+kFCFHCCKZeqgGXV6FQqG+zgmK1GXWgYbUeN/bKA4hVyDnAivSIgiOR9O6igk0A1enaf1QcQPy3qxFF/fB52/qFS4M/rCiVbqPjk8F6zhZDFim5YqcUWiBStwGE6SPC7xxJvVFlfHVsImwvMD/WQvSuL8lfIKkersSJOVZ9sCgFtg8ZIENbDrAXNSTx0JgPVqUPoHYONyvVKfNClRlLXO4oTFtt5ubu9eAH5qqIORuKexac8nrwFNFfNIpz1zLUCaxGE18sMw2UP3GKF2ubRlDLRUhzYfhILdTBtgyZG2TQ0WliZIf2ZKlHyol9VAnW58BewtMwEsRPBqCfyB9+B7tfwljapSR2FDlhgRsEZF8iDn17qowfxijTD9RgkcQK1UeW5jluwdSVdkAwBBVbSeWJUwUFZbgbcQHa6JOilHcnp8uj/s+GZMdyu1nKEbVUUDgKy83d6RSpyYGzkhkXV6mixHGKjXD+u6XDS3tzcYunqpmg/az476GCF17EaTLCNIcfDAnoQpdTjniAMjtV6uJAnyNKUHPPNxZD/MfqglQSsp9fXKutrKHmJf1ACWt9ubBmtyoI58kNoJi0x0VxLCGfeYJKQCum7Nhrq8AcJdnJM9Fhi51W3x0d12v6Mqz3ZR38As4hRZsOth09Y41drlCl9BKSnv+mfVOsmkhU1K1RxSgw9K2eYocngqLDgxH3bM6ssiHE7WKmDKsrTWOFbpZTmlKQfw7gEbbCQq1VQEa1iqsDBR01VyyQS9LEM3x7Cl6WlYyZ8X0gcn1RoFOnOrHeEwMMoI2KV3HJPCcZnBFUvaRamE6DhSxyQ5DUWsDAaIgsmFbE2ZXJQyEKBo2AlHiibL2T+fy3vxF+vWEJ3jEdy9voSRgUG2PCGi7GqppFkgtC/0Vy42R7OaZrUDLAF507FqVnevv/H6zTdWy1dFbLruMBrreQQGfWbpL5ePieRjFJFJBcTMDrlihdTscFm3gSJIWJNVMvBfWHwGeqRHPRmCICnliUA2PJeXaf21Xfrs0/f37x/3Y+ql+GOwsHBMl1spynhB+swjzCEy5nvVVucjNghy4aw3MlXKUuXKtJyk/7J98WHHPOYCmdBY8oiXPEyhjmd55UWr21L1T7SEiMpQeGJsVsuP3ry82WyxZ5Ef+gLpO+SnDwd4GYU4CrxppuemulmQPw2jKmxIqbuyT8lr+CU6xNIKPeFo63wydYo4KNtZiietkpogXQj6TrhtmIfterVdrg67E660aKrNcnEeT6WogUjSLqlh1e+O3bvHw3lIcBnXLANK8tf60hAaOSClKgRUTJOBaCG3Bh4YJDSqjMkmLGZYzQfLcE0Oo5lY0g0rdv6YTHJNDIRJ7/JZrwAAEABJREFUXDmhiiZoYRmbMSOj/ooemE4zB8mhqCz9UeTSIEPi0owYKdPlrE8HC6ORyWPGBBOT7Mj32jRLbS0kV6a2qNV6tTB6lCjK5FCqfAE+cRXChRjruiThAtxGM1T5lsNznPbLIHLIkbOBXzliNzPkn5zDZ8drL598DiFfwd3p2Xd4vD//c4bYvoxrx+fNo+aug9ev7/sUH3zW/i4hfu+aaumGGat02x1SBrf9o8/H6+oAuH72jPxnACLbzRCC59rsYDAUIsW8hmdIOl09vo2850bn4QwZxZj/XZiVjjGrPOdGF1NweXsGfJfBvsC4nnfMELPfp3PqFQVqO1g46OJJ3qvAodp0AcwzkBJmCCdabYshg3kvzO+yIfDyXeX/TAZBX8yj0dO4Po7BQNi8h2yUiquhsyWRLOOkQ4XfkM96f1zX6Pd1O4UpD53tC9uMcTIla1v4ySQnxW62WioRyv3ipsc8tyQVObfgaUZHvKAA2uInP3lRUsFiOnZTI1qImjzH3eHEYsFR5B91CRKTbSqmeMHG6EIYNDubnBmNdpyabGylyy33Nq9DwREzkG+z6AkMcx4Yd1DukFbP6nRJngiWK0FQFvb99L7v68OwKk/bpny5ql6t2xeAodU8SJZMM+KCQL6Y7c5T1rWYMWLZLJf50jx4/iHOFV/Bwx9vupIbcKQra2o9IjQIhXlFyfRELC1ipWz+vKPbHkOgHcLW+rFORWYCrndD3n/hR+n1wwlAX+pQgq3CZPnca7JEzKbyB06oWQxfGjFnSHLi1jDlFK4yarY6PQTgn9MVEu7vmI2W/XM2imabJiu89TRVMfv4Vt9oRnyKY0Gb7Xvf8BjlbUjCNI+hLKYZXRcLsl5vVsj8Lxp4T2NHamexbNvVsmW9sNplJ0JgwG3OiF0ZtzNeGBDpbuCbLusvPvv0K1/5avj1ef2dP/cLP/Nv/zYDjuMfef673/4Hv/lzv/Ov+kq/9af/0h//c/HvEg35t8V/+PpX/6Gf+ebPfh8g+0vf+Lv+xF/46Z8Kf22vn/rpv/An/lx0MD3+I9e/+u0/8wuXVoqZKx2usOZrVPpv/e2/fgLQeH363W8Hy2yeeVyYu1tafGjSVcIz60nkPgvbBDgRXO0j8INySnerzX/gt/7W5eYW0T5QLoAew7m7f3i/7Lvlemm4QyO1iqaqjUPMkCEWy7AgNEyA4iTgkgcJwJOm6gF+rVZs22UHa5LLCkCgoBgi1yrVZL2gnrAG0ITYtpv1ckq3AOIALkul1HcvaX3nrq+ILx5FfAZuAoSOMPiiWd/cbDZb9dGhL99LwkJfAWx6gcAP2M3T0xOAKorelqw7J/DTtKeWsQYgyRd3d3hMfJMe5aRyJBL+gDEdz3tWjPYjsJ91ixBmCZihahZlqgAHidoMeKI24hT1iper7sCuOvvjoe3w+AmQH9Aj4bMv7ootxg0gzFncbZxXcA+YBmiWm0273tzQgRjTcAbaftzvH4DsnzgWDNVu71594xs/8bW6uVusawzUcsEW8odDs6wZy9FepK47jfvxJK4fRqE7nuBaSKizFKk6ApndAkPvx1NP5Q9lBRLjUdZBRIAnA2wO40jamU5V4JUKdNfrDYwPoP/NzRYfMWwUKNWph+fSrDe3mIn1aoNBWK02+A/v5OFMsL+AKVJNZjQiAhtICqxUBx6BKjyJSRITdYvUVfU9JNISTZBBfFJcEHPK2HRgUMSOjBQoyDyoIksKkdvZUx0iBDJGsaor8vDLplGUpy6YRAVHuXis3oXDcWZfDhb0luoRqDaLZ0mjWocWIrlkWp6PSHgsgC7VTc8+bLUSJMSFp0HgEO4T+C6Z9HRem7ItLX4WlmSCnRMJX9gR7EJWaU+Zo8aTgIBMZfyoxbIdeqLPAN8MCsd7WL7cK1WgDo3IxrS1KlsQ0PKxJmFTlFnHkLGxIqLb4wH7a8U640WTGuqzk/BOPiV2EZlwFi4KugSMsj/sCP+WRWoXCpYLZUT4KoLJRhSUOwkjnQbkY8ZeMRD/xaI+45ArRYGBp+qJtWZrGtdVmUy3jt0lyT2u6aEC1scDDqPJI9Lnw6Xq4Bp8VOWMabffm/LPCgv11QT4HrP29u07ZJJwwN3e4PWibmtcHV+4Xq4XNzc9Ny9FIhLLMig6EyX/cpNu9rsnjMNht0fSQn3k2s3pZr3dyhsYT6ckUVRpyFT1qxevMKhWPIRHHkoD4sil5Upjngw48miq46WI9qmiX1vKd8WWLLAmGzYIHX0UsFspS7JYrKQbSHkN3J+VtHNz9WMBW4N7ZaV+S5mjM/VSgRyu1tuayhVMmbHooWjrirgM5h8bM5wHk09NitPwfiDXzNYQ8obdA0wfuh55sWNiET1+OxbqGIa0ddLJodTV+eHh/t37L3b7J5V+T8D3b2CDXr7CRAwYsTPR6LZpkBDbLXZPT7t3jw/IAzTbFTMf2Cz73eHwdNwDoRtvttuJJG6iukDzqaqB7EuMn3z08f3jPZDu+/uHiSLdS0zhRx+9UafQxAQd7fERUBmymFjAuAdkPGHP8XMD7vDEuA1k5t49Ph4PPBx0QGDyJovcTA3Z8pkT5blLJGuVwFizo5rhlNO02y3fvv2cMOzArAXPGelBYQEDrK+r80gePpWIcM1uubi9Wb9c1a9Wt6u2vd3iRYunjoJkhCYRnFV8kchHj2IHTpYwyhRS8YxiDtMUUtt/Klx24DfH+spdTJNVepg+gdUbaJKzZuEkcQojXrkuq1/I4vBcDBpYR2F5ItrbMHgorBCskNJGkQkNFpeHKxBMqUYL/MzsFnmko/08hkyscHpECMGJSTOCIjti2jNGwEy6sh5YqpNClXUD3sRK3rLxL4KlpfQkpfP7dAKaYunksIDjgCF/b8xFYVaCoiRZlBrv3L/eKLgCZQtj4+rzQ9FP2NDN9vbmG9ir69UNRXL6Yxj3McGW9pK74RE7kJ6GBUCzz/6kbD/QMrtD+jPb21YUf/c0mwhp1zCZPX8y2W85+xWscKhxnlS3L7Zf/0b59ntvx8Mvwn3DG3srOPFKJJ6P1jhR+5UioYYGYdmbWrdE/2NNaWk2F45NJV2aZO0ycZog54LZxwI+FQVtVGDRQeqYNjTA3whbhcFLaaysGhxLfBrlKpAcsFouX728g3HGYXk43sOH+uL9Aww3myoTccYBJJRdKQ4JQ40smysrbLBCGmLF6KUa/I5oVLziEpQ71kOVfwz6mVuN5XLUE2KVBSwaLS1e60X6+qu7X+o+xZlMXZ12ut9zzqWjbQnmiBDp07eA9HdfBWC+XuLOHiZYqg53UiNPENTOR+kWye8POpm9G5stXcfFvHp+svhRPpcd69Gqi5DBNZI6jzN1zh5IciDpAa4ek6MGwo2ZeGhMo+ApnsJzKsGJUQoEfdW4GiqX72i4lJsMIjkZdDMuebpgkLarpZaQruHXjCslKzuhJRmLjFcqb6MndoWySR6dFeBjsRSdgDe9O1903oOGahaOZMY4/yhmw5KlJOcNEeb80zX+6RfLNuZCPr1GeOOcn/oSEG3Q2vxVV++5GogYwweA79VF7C/zAggZU47PYfEvfype8WRn65QuX/r9P+vJqS9BGG6/PIv5AeUt/zOljJraj2x5xhlataMkxhiuEGx775QR8BieDYRdMCv+Zzg7pxuipQSBZuYUpOkaqTF2nLFkwXdCAXUD16OQYep5/o29kofBR8qHJCWHaqKbsag6EM9/XESvDXYR/ClT6aixpVryavFRoqVzHCaziYMfuDNr141AhnimPOBpBmcTCVLzWk/PgP40Y7iX+XLAOQNLl5xuMPXlMKO+FyETrx2yfzKVOOUy+rzRjKu4XK4+evP61If96fztBwJDU4FTqYEV3R86qt+x7DU5Xi/ZO4O1JxbyjtLckhlQx+30wTK0yXKsbBYdiDN45iu4kG6X9AGtHNBeOpG5lUQpYMApdUgrtxyi9VKapj0J0cN9131nf3oDSP1m/fEGTlxHK4qRjm0w2UPyM/Awva1Eyxn6vKZn+0kugaWCgjgzhd2s6Xr4VmUwZ5wSnyNbyta1KC9MvioTT1PFIC5XufxLvNbGTmm2LC5aYsC4t4TO28eWRvhRev1wSnB4Es7PRrcTjj17NV8IcwZwtvYzadplBWYM2lJXIVyZYm9ukuJsZufd5vvrkqwMV7/KtX+i78k5LrKF9tqsFNJVLs1+Xki/3/tceEbIX5IQ5VvFoIRHRe0Fk6WlvsDgUDjcJGoLUF1t7PozPnhq++OZFd0Sz2R0cSZIBxTv1OyPlChlq6KKFfpF8au/8iv/4b/lbw2/Xi8Ax+mnc9fB/AJk/NeABf/On0vp92ddaXt9qC59/fPf/j+6+tLf/SfSz/7Vsq1/wIsdFH//P/UfzKxnfc0fzGzoy4/+Y789/BG944I1X1Dp3/33/v94Ex+8fvWbv6jSE1LtArEzGlAGFU4nTKVYgIVh0nOrSi2wYTLhuX5RlZ+8fhnq9nA44MM1+YY9gJ6n/VN9T6zNkrmMXqjYq0400m1AsKGQsACOhhduQIy5cyPIhvBffz4eCSEw83oeAH6Qx8kgrIQPTvIL45yB7L7j0USVzU/GGaSmZBSjs2OKGFbD9oFEE6RxPKhnTgsAbrGSunFdLJaRTDZSdvAGYD1N25ZSjeiJQ1IG1DijiiEiO7+czzjrNpslCc3KSQLFY0cvk2fujuN05qk7MXlMyUJxYwHJt80tXL9OgLX1HbUT1BRqJfgYLPAggg8Q/HQcqREy1sQoADuS3Yl3AMMldj9F4oOrbQl0eJTuRxGPZ6DJT0RFi7hs2UVwUNf4/ryWuOwkfKRabzbq+Qh0/hQYUFGoJMiiSSCF6ijU3EAMyR5UqvAMCnuOR5JyqFxK6Q9K2Q4FBmQAoMYpLDECu/2BD0iqYLEkTVJkoKo0qWl2UKSgM8GXSRxMm7gVNbgJRlM7AUASZXlZiC2AVvhGoWLkaO2TNOpxYLItVaZYjpuvOXGUf7GycKs+l7wGImiEjay8N3FtSQwwggXMijspXLpRInAS9gLyqGJiYGw87Ek1FvINsA9fJ1FlCnIXzL60uiCVLYRfU/KgvOIrUu36dGj2e9zeWc3ZYDdb9s3Eymyt5D9WxK+xiPB+ZH564TpGBJicHiUg08Sp5ZOrj6LYwtRgEdNB3clC2kpftLea2JZAbt31J2zPcKCCx2pcm5aviOEYOwDhk3j+LCJWGz6CmfEYJdS7pTiL9jAg6qC2VGyjN0mIJzgAdjodsFk4ZaYJTtSbRGMkhmq1DKUWjXCoUdE1vpgw7yCRZfF9BwHQqss+F8Y9Ia5O8CU6NyGqc6nIztN0OOyOJ6z9ppQWcyXWfCEQRNxzKs2Ydy7ohFRbzCE/tt+9f/cW8CVuEyjnq9dvsB24DBYrGJJNeSPKLixcZS0cu3BiUzvAvm2LU48A5+EU2aGU6w4LHjuMstWjaO9M3iwts9vUmJdCOQS8SGNnf1a6v64AABAASURBVDinAVZSBWl60/khtjeaBgzcDjyyFNrrkqc1HfuyVIs/IYWYmkBtnIbBQ1nBYjJrwyINkvGsj6FMN7ZDDSR0okgQUCQsBKwx7ixsHQ5uZar0lq4b1Mw9iCBSJHXGQ6oIX0qLOrCfKo0nQrW2lQJyRVo08PHKREIGy1qtVovTaSUM+Ih00/5wwDh//tlnlOKOzP3BYn3lk4/x8LfbWyn5UIUGPsfAMiwYJh4c+OT7h/fH4WzU3TpWaxlGQzY3SLstWjKykSToz1R15ycpBI/RObJogKsU71FFC1WVRCgny7VghSatui2mu9tbDAruVdIoExewAEQsSCUKzxijrRJj0mGnag2MEDAyxj9luVyvt0g4kYh87MdjRzvY4ciquYZDZXUXsA5IdDQlgCqAzgvW4RQ4+DarzRKXZWNB/ifTYeAmnbiiUleDpLayrn9h1bWFML3cBMewtcmIFFnHXtGjYwHeTTDX6xJoLNJ8nJuCdEqziymKpmHCFqbHOCM/LkRbZI6YibdG+1Axe7VOD0rB6Rk5yLR3uo54tARdSq5IkIUUg9XjGn6W3eU4u+FUTtBfpumCn4itnSkbF4DI3h9yfGZ3fImBNZKSD3Celrd6KGwULqiF+poaGcrvQ4QtMoSJXdqoGobrV442HURxMVctjnLS4LvRKimGE5LUcKwFYWA9UqFLsG9QNyf2PWBMT+Kz6QUDgexYakWwmLSzYsrooEbUlFRS7lFm+luhbEZaWbbwu325/U2/5Sfevf300B97gAbszDHB0uCkxIEWHKG0mk/Dzr14yDs8SiIDRxIW96hMYUZFOBJNrIiza6PCRWEa59RVLJ1BhlvVdcqriOgwGduamuiUUS9sAhd1e4tM0YYdGu4fHpnkUrfBU3c2srTEygUmE33mY8uwTzCPxSxDrh6IIZiVyO6fDszk4sPBWEYSy5h0yPK0CFQHLRw20uKAE/PJy5vP3r17OMC2xNWivVkvpv15PxJHHhkBIU8fv3g6fut7b++Wzd3Nkiocw/qwP+B4hJVcUifHtI698ZwxVmOWkzUwUapUz6HO+OzFH5TRskMmYWVzbu60qdKJOTEZxdiL6h181Sq8wnGDf5PJZU/Guc5LvJg8sLQdpG8KbgTSBfotMoMqGsZd2OVCcq2OyfrVqvNY7gup3qGW3AomgKZtXhpIbUL2NkS2FDM70iNbi3H9NyFcKyF/8IoXzWXPGBk/NF1BxvF6pC+B+JcuFUL40tdcIvwZDfzSh2yQTS7gA+B3vr0LephmfZVnPww/4Omufhs//GUIIX4J4XNmRb6yGcIZpLKk4jwoOZk2K2tcgMB0PQjpGqwQjv/sO1P4kIRpg5kFveO1fc4XNFA4Ok5ieGSWiNCOd/R9HiO7KVOBuPqWy+0ak9ie3cc56607rjw/c5pvqJgnzcIJLf5UWI+4rGSSQZ95BfnKsKFQ1qnwpRYzbH4BU/M3pPD9F5DdZ3DK4WWt+9zFy2TNws9zWsJ+Z3UlGbd+NqXJp2/+VXr2cUO//cE45ANis9RW4eOXqzS9Lr9XfOvdHpHZ2Jbb9QoWZH/qiSEoLWwZ8snqIrWjVREV/Wajb78YLkDaZUnl8VJ9aJHR1DxvCsMKtmSZvOEHGWlqxpK7KllupAw6G0nYwfFZqn6E0DJuDAfdDp4agsoEH2962aZa89iz8VIxC9aq5FhzzYNL3YTsp1fMZMurOdjsnpCPrO1x6y5IhWzGEYU7YJPn37MJyavBaxlURGtJgTT7LtmlspZuMYsSFYY4JtWFuDMYQnTexI/S64e0CeG8HYIfsOHq4M0eWbqYkOcfN/PjG8gj4xCebapspC+vbOcvm++ZrrjblcuhlZHrvDvjbDWy2bG3iRLCRTh63yU+j23NSmXcJEMn95JZsFotGv7HTkSKllhZzQpAercmWtb1rGQcwxAKcgbZe4wwUOrYEoqV2gdgExOlMAEhVFWPv/zFv/Tv/Gf+rv9s+HV9/Z0/m9LP/uBfC6T+4Gc/9Xv/Uvq9X37rT/30X/jSW//avvTf/Zrf75Z+8F39e32Q0PnPhb8Or1/4i/9v92VUkcfqFRbRDxVrWsN8DvqB4ZUeea8kqxYFHDOQnlgVHeCic8dlRB5nzxwFs50KdU3cAxAzpTMDqSD9yA5RhIyam5vbpmmpB0rF5JTFh0keNJEHkjqjFHQribhGcUF1I4guVJs5eAevGmgp8Rrgyg0pq0RGknd9ib3Eo81TEqFGHwG4EwmOtySf1Ua2rQQJJeJEFbFs9T8kYmgkKtWh8xlVla+AkWSc3rqJ8TedogLkbQbczmK5aEKBO7MHAaJzPO2XywWir8HOzWjN0ez/l2yvmCZ8r03OihIXbIfDomxAjRRwoEICxg5Dsl6tgU3jiQHaArul/um5qxZtsWiQdz7sdri99XLJ4SxKBIWPD++lCguQiMUNvE7DyseBOC9PVxEY2RdegsajOVhkHSbx7+zkJCH0vNvt8Ck8yGaNb1hFUZtZkA4Qc7nE8Q+ADO/BHGzXG2tvaKe3YGiRMA1DpI4HKTzW5pR0VyYnYqRUAfnglSUtaPUKQPDW84JwWJ1UfaXucGksS5fj5ftKNY+zAnYTV+4JkpaEurg0pQA+FbVaCCrdzyVCbTCmCgCZkZI/qlsF7q438RhhEARcjdrszAQu+POJxcSqspUccEmSj3F5B6LmuHfKldfN4fi0h9nMHX6KLgLzH1aYkgVhzaqRpzImSxGMScIF1BQPSkVGIbEsfw6O7kQlLUrqn/AXxgOyNmX4C/YUYd2e/fgw2RT/FcXJlYI1R0RMmX2yNtxldMjbcPyKVHVkLI+SxtbpU1GUICjpqAaPQzRlnMLDB8/KqzdSz2SSAnDyzdURtFEfxXzXPIuIzIp/WJuyHy4YvPIyGc2PFT+ACOhmBqv6Z1NTLlTkEmAB8E8scMB5uCrFkcsyw3Oc2SpVi9VyPWxG9enTVl/g51hpQBLrw5GpGSRnAGNLb6Evz8DoYyk1dLm8TWhbwZcqGzgA5LC2VZzeYdCEU/zdK2NH00jGJmqkKt4LlklSYcH+OHKKibCHk/NKg4nKKF92QOonClBum4W0cSiOWQiPKwSyVszujPK/B2QGaDFogqnZY/sHozRo59pSpFJR3wwj7CHMNZVtCrNXzKuduHKY8+PkGj5v1fFIdZUTwGUY2N2JzPGJcDZFUJmBUR0IjQprJ2kNumg5fA/I02KxvL29xT1guLozE4nAkx4eniSH3eMbX71+CT/6drOlKErNUnoskuPT7rAL4itvsFY325s9JkWYO34PiAonBW9VBxFHHrjusi7WayJNmgumzbi9CRvLplFWBb96fHhgOYjSeFinh+KIj8CTYZ9SJL2oJNJSOOTUGXaGATxSRWR4IqM/ASNeIY0HlCrZIVDosEjDaSQVfeRpgkFc1NVQxyP3R2zKtCgT29ku2/VquRUNG39f4ULLhYof2EoXA0V5ECKGiJuQW6386BVuLI6AoNWpCLl8OPNdCiuCK4LJ3qbkLQwmD0xDmElPFqhMLo8bXDFYR/+oxkvuV3oAK6FZowU7Bh2cfBjzaTWH/GbGZwQlZrTSY95ggFQIcyxsbmlhGO9koX2OTLXBLawvLdMkkNedXC/Stm/N7LZLLMc/nLl8aead5rrkGS+Zw/7Zm1bJsazXhWHpbnaO/ZMJHKf8kxx2RguyC2tD4HYzOIJrfzeSk2ggJfwR5OP6QQJZpKRTOsJIeJ6nLOYS7CClqV6ZFOTnzmHqCwsuTUbJG9ZZSW+pJOtg8jum0hTZdgJuAP5sU7OCIfvoKy8/+fpHu9P+9MUAXFnNolnD0/KszECos/wyFX0GNfR43E2SOsaWR67OpcIZoLNL+dkOAmTXxois7OnYNdtKi41W3NBFm0HWXtSu6mezrNZ9OL+GIyxGd7b2y2Lsj6LWB5ZyhVlbnO1pC6LayC1Vpvei9ZpEMqCfyBzbYM2lgxSukrUdtLxHUCwzBJwgfaTbkMqR9De3xhM5Onfb1avbbdc/IIcLr/J2vQAYfuw4dKwS0rvHbvzuZ+++8mK9bGGx69VyqX7YxM2ZdCcrQo5HUv2PZ49dA/rZKx93DgdeA5HRN6w3mXDhKZ5fbduejvszu22NySGmjE0ZDuKuvG8aX8kzNzR7+WEGpvx9tumMFxHjXP7oiFahXExKs/yAR8+Gg1xKf/MGmaNeP9TD5UcsLYFxEwFYrNgpRxzO2wrmmTgKaqhQmNfm9ZV8x4e8BS8gX7iEMh++/CZcjzPED/HmeK3OEa9Ay/zpCxCbxzJdcNmMq4ZngPIMIs/o2uVOvvRKuT9h+OAhr25BKEV8dssOFjhem67Ri6v03GWdxQ9HJYUPvyE/bZ4HZ8JdPe38Bd9vpG2QbXxsMtLMs7v6+ut5Mk5f/rDb+8v4X7CRq6dwB8TmK6QLEHj5pnj1nUVWGMmO69XDxzCfNsGx5ildzb9dQFt5ukKS7HZd5jzO8M38/THPULoamasbvMDLGUks3A7IcsLjKrybq7DIeXHE4K18ldyy49+Sq/5lpgdlSZy8TXxF+54kFUC7O8ScoVDXCOLRadwsqq+/uRlMbln9L+JywW4j0+GoPkDJtY9MUWXyXj25MMIH9wKeh9zKzMQI8va5jMm880jSYvqzkpCaqklGEY/FiiwLiwwu80uLRVozrzs441vKFknH5q4bA7WVhrSpb1uk/WMm85DZJPtvKyIlx/ku1idchL2Slwqq18WUFZmF++fWy/pU1mhxLyhZY6WrBeML0uC5PEI+gfOiSvMKj77/pBmcrpd6dn7ijyU4fuO/Lg7WNcZ8ZRjMib1yBMJ81ISr9ZAPb/t3nPNys57NZc/5Oy+VEvbPMP8yXl3Vr3dJSl2WcIwXMFAJnzjnYYoMnxOtiFbTi8+d+s6qH6I5/QpxyUer2ZsHId6p6Lu+i9FjkaJsLY89yrRK/9YaB+H3cBOjdZWKaoZzHiaEbEA//sy/9WfDj18/JK+f/7N/JthUM20xXaJVNQRIwQgj1qBTeN5llzNcHo1Ohih+ik8P7x92h9P+gNgdyGm7AubaYB1RvpPANLm+gABwFTXjYuu8m5vt3d3tzc2GsBEJhknq0kEie6mR1jIQnERKIzE4MvOIkBLLEmOyB5QyWsNi+QVyvQsdUo1w6FZKBU2pvnltW0vfs1dLtEnHqj7AxoCBpfyN+NqWIteqJiEOcKqEovGSDiNjG4zM6XgKA4Ve1SiQ6dURgUiQCCIJk8TAMGYICxar9c3NDYYE+Bgx1a57enp6d//2drqhpoHQ7UJUFoZtxAQJ+xJQKyr5XzzmBYYmTyML0+cDKnxbLVeAWjAdje4fM9dM/WK9wuC2i/bp4XE6n7HJlUACrmZ9C/FcRM02my17RTZtkE5jSSSrIhIIUAYjsFgMiv3YS6tmGwoXfGDoaCTKCc/SdQDUAvC9SrQkDPI59ouWqAqp7AgpCR1KM14FF6N/OAqxAAAQAElEQVR3wcJIVtsNpp7qul13Ah5WCUIGyiMHiEgxAL/D/mD5iNIlxEXPJP8buFoJ4NIoyQwjC9Hq26VZPPO8gLRSjWOQLAclgAVOEyUGIB8B+lL8mjHiZNWhk6Qu8Km5TSRRuf5sWXZrG+gexWQhH+UvG0J1jA8BC1Z1j9FUhqKfBskih6FmSqO62W7gD+2pR9y35EAWk6CyA7toHnugYESjGlUPT9aSEEFtdP4g76Uky5MXm2Z5TsGgXtqWcr/usiwyGTxIChPQKz4IBIxGf9GOpEXT1GNcHo/HWmIWbKBHdI/0riBFYKBjUi/RqUFuWV8YV5ZCtWKOqcHjKUQRuqeFCN24lj5SYpkJj6fSOhBjNmrrkKPCSdEA8KuNUqdmAuyKmFxtbdA+FZfWeq2ZmB5hVqGx2OyUWWGDUyY8xig8l8UH4cxRrgaS3iQ1HyW+MU2N2lVx/XQyUJvNDZv+YdXCAG1vjoc9rrte3yzXKyuewPCerdudd96NeITzuRyY8TpismSUCkzCQLWfiDW3EKlVX2pt27FsRjboVVtQ0ZaNgS1ZTJnVnlIxROKn7I1jN5FsToGgGpm51RK4LwczkKJosoilZS/MyTDRQIfy13LGpQM+ngVAcxSoO88sCJMimPYuqdZ+EhbO+vdQFartUE5ROwk3gKW7WIq9OO6fnna7x6jGmEhP26aQ0MgYahkllndQVadWawhM6kCqNVXv8e2b9Ybk7r4/Hk/39w8PD4/c7OQfjkCaSuK25EHiiQD647cY3s128+bVa+6GsvnKRx+TRN91sPoEXJranCA8pglMYyLwTrkzJaCfR7zu37NuhjUK7XbLWgp8/N27d59/8UWg+nNLpuk0CahnRRf2xnYDW7QJcUsS+/n8+PB4ok73maD50xNina5VwmYiMRz4P0s3qjWnYRxO+6fuuGeJGNKBdWg3yBvcMPVYlXerFc64NeDnFUzy6ubmjganVpWo1CqkTV0bTdI6wGVY0yLnmPFWFiLF8hK/Gr856DyYGZbsLs+c72QR0hSuPctkErNq0anVNxn+nLwPqhOSQ/Iqkgz1Zv6xCbOI4VteCEyZAxYyKBsKR6ythIROtCtvJsNpZcbVTTeYDO506WniVYjJL+VtikQmyyiBnsZlOzPU4CGbHnxGylLeIu5RXwCZdHHmTc1aCYU5Diwct3uORE1OOrqCZP1fpr9sJM3LWMQw/5X4urb+KP4qBfiTkfyo3F5JXZuZXw9ALec2kVw/kSV9AAZ9Pu+n8UQAmpNAhSZVC9uljFBbUoDcbA3PsmStGDBhE7vu4YBC9nqJc/lr3/gIu2z3dNqPHdvGsDAIyZJy4Fk0GuhouEOa5UGtilljRoy4wlk9IHcFY2s9efliSSUzPaz04nOzHuLUdfhK1l5azM3/bzkTrjE1iyZKI6eN/hKdw+P+eDhaq0yC6eoEa1ItgzpqKWUfhD8MReUqbIbgOxovd4oVPMGVAXw6NG3GkguWD9AigZXGd8N02INQsoo541TUpAJ89Orl/nh+e/+IJ9q27a7pnkq8lTEUyToqxfr8/eN3PnsHBPrj1y+oo9NUHQWAulG+a27BGAvLDWcYxSSeM4XN8kKSXbIgz3/oNQHGxbcskpLi1O/GobZZrZA5tcMlB7K2sLVibSVf41yZ3523ZBaCcAzEdNydiGvJnGL+er8Hu9Qkz2iS2sAl/tUoF9LTs/eXheoKbGwVXGZcRUNgLWUC/C+4cvJ4ZzQ8hDDvsUuSyWxG9DRXRjMv+9RzVBnhvSCnV69n/5qDdRdMuKDD+fezSQrXmHfIyrQZ3cv/kn2Js8HRI2W9o2AZ8TSj8D7JzyDp+OxSYb6ZdE2UNnMa49XEXtGn87DZvfuXpGtaW7p+mjQjyFfQ7pdf0d4VsjFwIM5Oh8uAp+uPp6vxmo11xj+uxaXntWUr1h/wYudTtGRHStfLY77ndJnLlNuBWIZ1ugB381vibKKD9cfLayb6NfW9OfNxjfXEcHUD6XJa+RtMuDL/fvKbyjMzT99zvP75CIfLTEy2QagryJssUrrg13mrm0hE8sMyt2RngdNoS4YbVIF8zKhz4Rim75TnGY5o6C2voNamQVoWdFN5VsXNov7Gm5vJdkp6uo8VrSAlm8a9WoyQ+uj535jR/8kyWjFcBsGXf5gx6Pz4KbscHto7Kjbzm1lVeiLPKUgK386DaJ3JbcZUO8gSyZqNc6hY6J0RbX2SzILw5vHUjXSA41e25YtlqOmnEOsStG9GKkTH86LnEVLWp9ZNmjx0yq0iSbh2vQ7+zybC7838sxC8A32YrzFvExNy8RkNYdYVZ7v1wgb7stDj9aL0ReWjPRXWIyT+GID+Df+6MgqXnc9XvJiWnONLbkjih5eYrv/5fNbtuM8nU7jeZ1e252Lb/CPh+QkZ/eVhhnAG8vuyenxNQlM05tXozpzS+XBc6hpOnyJKltaPHqyyejkNygRNA9sBKS9UslKYIf4kSiJ5eWxn1Ic+Hqcz43CgEQAWt8uyXA2TiiD6ieWx8uFwEeBN3/nOd7/5zW/+5t/8m8OPX7+xX7/8V37hW7/8TWqnisxGhQdnBxMDrdQMijqq8ONJUbTO9XL0KROFhVSRCjeeASvhbHpPuU+WLVM9YbOu2nbSet1ut6vlEpH8/f09AOgzq9SlNSuliK7D25aqm25FD23Wqw099qqULz4BwoTFXoi5GQHsjcPxsDscGCZ1/bkt2tV6vdne4rO00lyTivG0hRihlVSLVjsptX5rQnkmbKEIqDQJKYNdQrDyxokVoSomUHdbvJkl5Ph52y4QdLHOsyWatozrgTgRtZgBPmFjnrrafF/qDJCKWo2UgU01YeHVggAccBkKQwPw+fyzT98/PAAJBmC6JDOJqn7kYjPSi9YJvSF0XgrGBLRnGr6MMHH6AsGMx26xXKw2a3EiG7NlI3nTi5LtfNgc/qOPPrpZbwA5I1jcY3oIqAHG7/HVwIAYa9X1dnOzpui7qwk3IrVSnYOIcxBYn6S7UEh0GJmFFWv4gaNQKWPdsG79AJt0noZVW2/C5sy7ZQC9WiyBgN/d3fUUq53EwKYHMRipeKIkM7sqOl1h6kUdr6joqHquiSz17nTc73dYSvjqBYHwhm2FWvYoRFYhVvIniKodT4cDV9xqhStiRZ0VhwNO2+8OZPta4zayPrsKmQCVkNJOKq2O0a2EUov7DPQt0WkpeCvA1IK6500n+CpTs1iZPAp5ZurdRgtclcvljfo4EQ2glEUxucg0vJyJ8kZ9QXHMpi02W8CE5bnrsXQp0zz0eEAkBY67w7HanTioWyMvy50YD0c6gFGQ+YJSG97LjYXYwfhgZK+ZjqSV03JI2BqvEsWsOrGdJjmovFX2N1vcIC0USdw+D/2RytRUjyCnqSS+hq9gaM2DxpD6CkigIO1qzFsGaw33qPssjCOBi8kHIwKNE4LaKeSR90D/GonsYAsTagfWi/zT8cQMQJsMka2BysmwBIFOZT2VPYWMmTzQVmW3PU6WAeul1CHiCl9JGfbOe2WJAItRI2uYmGahBFatNn2U4SjberVejR0piFhM7AtarF9U5SeffAUDYR3eAkVmeP5WZJrX0+QtiOV5FhJBhs3Z4KV4i7RuTfaohBNgdW51FlsAICiOJjGCLRnVncm0racBeR3lQ9RhEAu9rdoF08AU8QD6gY1vtSNRMs306gFMS9IYR3xDKYdGzS2VamsxnyTO9xIdLk2lJMoFl+ieuqEiLzKwuIUMbla1G7opfyCIPd0wVTMICWOaoetPPf2dWo0+ab0fkTzA1223Ny9e3LKrXp8O4biM3IWG8mCj3p/OgVIDlJ4uCaTQZcLjYE0M1bBo1y9fvP74o09gw3GbyD1a6pFdJYb+7bv7X/v2t37lW9/6/P3boqo/3r74+NWrr3788Te+/g32gyzGvuByxIPQdsWEvbNaL5+e7r/76Tss4Ib0d2TFKmUiKCMWw6w7yKwYltPD02M/TViJjFD6YbteA57GFsfmeXp6BGy0RkKMBMazCPu9amuoNyDJgT2+GjvVBJKQqbl7WOMLR4zV7vH49MhOsG2z4s9um/Y18p20kS2SGuuWxQLMieLcMML4yP63hYmcGLuQOvDKAdcGWMRwaVBlnTeMuWlcUmNCquekYxNTRj2SB+3hGfrsgbHxJ/Uzh3MdMBJEQVEFfgNPn9LKOQvn5BYWQUrDNUPTmnVRsTJsY9XNgi+VojPZSYZlkhqVlE4lDS6X1+AZHctZ6sPjVvO22RDPZAomq2TP2EambnmAWMzieQ56x2B6mzPoE67wmDBDS4rW7S/z7+zOHQdOOUJ09pMgCSu8LeZAwGosXE5BTpLup7CKWmd+KTVJzd6SfUZXddEarmDUdbFXe1a9jB2MhIp+EXYORexZMUym/6QGGYOloUi3J/e2GHMSVM8waGUwGja23sDU3aj/hjicU3c47euiWby4qX/iax8dnk6/+Eu/RrAgyOZTax/+XK/8A8WL0qXyLRqhSucR2xOoOirBjkyqo3L1FxW74VcwJh3rh0pcCXEEvLxmu2Zudxypa21H1ZRlACSfKietYFPlk9AOaiUXZqHgllIPSotRSiCuaBhVLyXh9IZttJWkNyzXxLd5IJGqPRD+zv3DshQPk4ZYig3Z07ygcoMsjqCyVlvj5GKOk4o64W67enm72R32yEetsZ2XzRoH0540b2sMivV9OI2/8t23SKnicL9Z10g14duPx8P9/fvtZrVskYpqeFeiVxiSMqjXyJQrF4w4r1awM6hlcIlxGEXDS9bW2H9VUQOJnUvZZVHoXGCrMS5RE/a17msxFfEKgs7gmzXFMvQnZX10W9pF3hAzlhu9r73JPTtKKu9DAJDD3kqEJXV4xAou2fqhjFr7FAsrDIezkh8OhAUIMLRklvCrhqJdZrB5CvHSg9CFLDKem8/jyRM9+bkcgzNrd/WLD+L2ePW7L4O8l3Ga/5m+D1D4/d43ZaPh1ilmoZ8Z4A7PANMPoec46zvHZzc2//06JWaI1GQD8OU66w9eOa3nV0izrtHVU1zd3pexK4eAL0oKKbNWMyzix0BKz7ENf28MLh6ewqXOPOPOH6b6qDYVhE7zo7lSwBImM0iann3J1XNkdNx+dQ0dP/+amEHnaGnTjDCmOW1w/RDhGlefsVr7vpyb8X1Cz/nyzsnaMziR1bHCLFqdPlxbKaSr61vU7c9/NRMm7RK8kQEjw4ym58OAP56KTKmhE2sd1H2sY/7y+f2aCzf4/IrCWoWN7HsymleeZOpxxe2y+alP7qgLVzTpe++nBQWUmyqMT/DsOyn+E3qyXJdyrl4dlAH/y/oe05cyvZepNLeGBrpmppbRaE/ylHTPeGqYkFE0A6FcWWH8GH5+VBsDk7IKwWjNcoESE5M8d9PDFPqnoSPGXn11u6ikVz2oR/do6z14rVl0bDDOmt7ysLmwR1dGDMplG6Bv6iexiFcL9JALrgAAEABJREFUb16Yec1HA8U5ByTEkcySnZk0WwV92loOpMm9IG9ue7WUQ3630HDz2n4MQP+QvGYXNcyFIfOPXW0lF9HEi/lL4TlSPDu1z19XhOboSvcfHhXxmX/w4StOuRjgki0tPMlvmVVpWpYz+qASL6WeKd0zdf3RUAO4hksVuuL7O2o4cg8ekUmC0zdadO2JeiI6DFN7NcIi5aElZWzdVjXWPQKuVJfWPwZbvBrVCrwMCHJ3uwegD3/6T//pHwPQv/Ff//c/9a9NfqxOnoM0zwfOMWWgzZ0rrJ89lyi94wEgy0ARcCIrCEJY5jz0y+3N6xcvV4szAhCAxc2ioUKxoklgpFSgWCwADcB5T5MVLAWWLQdy0KierMJWq5UGmGswGTl6RN9OWNbiTFFco6CEbwXkjqqfJ6rrApFkFWLVBKtNZeKkozIgm5SJA8S4hbsDoG3P4nG6+Ng8QH6xqskbEmkXIAOODQROdWoYJvLMpDZuIjOTaAQg6k69yKpTOVJUlLvPRGmxy/AVeEhsu7asqYouGd1YqTBnMgeFAtjFVElwlYicwbIi41L0k33bqD0t7lDhoouDkHGMhmbMAAF9Y9+PKpY/7Pf4BVsvFCziBp6YTnJQKKRjBPZCAinAzZbAlRAU9ftHEpdKq9idALIAYje0riHAy450RHMAVC6JLeXuGFospFNFwdESHCYS+zWyg4FRAg1aLLpyCCfdHqtnyXYjqZbtlBBLU9yjdwlInu/AebupU33xYOq/lsLFJAu+BWrGGz51x8Ay4dQTMwXUd1qllStqHYloAqQWbVHVvxSUmIAzDsreS2Tg2BPK5OSP1Pliz0r+URb9su2OtRQJCHGZyKfgXfb4UW/D5F6BXEkK3U5DtJqTMljijcWwBVcy0HspP5gAUhJf+PwEcOp4oJIvGetVeYqr1RI5k+WKLONzN0jZgM02YVePp44Tm0rylGuWFeNyRAP7Xou2EllM/SopYk6MgKoURFvrojbmBQcT3244I251e3ODfcD8TSxaJBXKwvxuob1lLfHMQtosuFsmdw4n7NdK5HX6YT1rllUAgC1cY0wRhwMxf9q9x2+Z/dncLReb0gRPmMaMYqki3o7tYmwRyRNIKtk1VCIVkmLfAtZj49CCLTQ7kVhZA02GM3nYpXXqmyYi2AfqURiEXVc8gkry/4QCUkx6QbY70/6cIuvOV3nrP3bWs0QtzzFmsshW60Nkoz3uWZHpJ8eWzQxOol0LUcKpNhiaz/aD6h+Fm3iFnA01i5XHlRANkNnEeJsoOU9KStUTYltv2RbQHEEsTuQlOE3RK8FFkCYqCkNFU4SUQBWbc3OBJFSpjUlBagWTKXUO9alks8KiWtDw6bYjhhATiGk6s2fiUNdilCNl4rXnpawBFeC5W4471TRFiQ61Cgq4YsUBJYdxAqKMHFgzGVmR0SCt0bjfP+EC+6cdfoj9xV1CziDWw1ERUITl8A17OmwGJFEqCugcDvgtsGbrooyJximAZ5VIxngiG31h2SyY8vunR4zLFw8P1DvCneLDMHDH/c3tDStpyrIbOiLkMhaH3Y5cd+Souu7zz99hiBZLpNM2m+UKP3/9+vVCAwEI6v37e5Y+UMV1/W7/9Hg4EHQjtR0JibRueRQwGcMjaUerVzXbzVbdYyLuYtwduuPT7nTcpeldQR+oYvF7cXhY326Xm2Wzbavb1ZvNhpnXNb5dzQ5UH4DN2RJuVR6nrLBWGytt4KqYvFzWyvL1l6QSh8LgHYvZyCUMprcgi868V08F3smEXgwPmjJbh+UdTkC2Q90D1wwrpC+F0P5HMtfR++tZiz9qCJfJVdh1Efr5cwjr7oJcU+nJBsMHq5RBKr5FssFshm2uaY4PkyvGerWog8pO4nNf3MC4S+smB5kza8Tg4zAH3xmZcszDGrtZZbS36fZjNORPhOiNg2KO3lxu0cGs4GxDQ9tzlJcBE5+4C4ASPVINGY0RmMJyGiTnKLYeyoa5fJgosfkor0H9AWQnCR8zeS7dPG1/fd0U4EfBNmza5Q2V8ZiVkAg7Fc4m66w3eTqCLZzJehO4R+w5VlQcO3dUSbYGAXDiTgNs1OvX62/85Jsv3n9x/3AMI5PteGPNhOV0Nga9D61zEccpZ+i1dCs2mC3PU8TJRByXTUEV+bIlXdHSDgxWN4f/UUyjrQEh4N+9rmNQaSmEkirtyfwCpjELqbNY9bjKlgbFY5MkPDklOkdK8W2sfwCO4XAOgwHZlm9jTDTp42w+waOJcDlwBm4uBqoSJynOZ2t1m1TTptWZE/znCC+DvRCknoY0UrNdLg/7d8iUIsn0YrPA+D/ybpPJnkx19f5w/u7bp5d3D7VCIxgCGIHu1NnMwNwozTAaNKBO2IPDat46UlPpyXhfwkYYspVHQNx5mi4irQa29GAlN9fS4ZTeR5hXq2OZ4ULrzKtTXaticHoo6dwGbXNvqrtGzDGr/s8gbKdzPkNkBa3lmBbfXol1nuSl1iq1tSUkFdbJdjeX6OQvihipbL+4ggoNpQmhiNfh9QUFCmFm0OaNzLcUM0aUDZwnxdzyJb/9OGtAfH/kdkZ7r7HpHwTopGefmuaRS1cU42uYMT0bvBkYDg5VOZaU5lf8kNOW8xPqDReDp4aCfavsnKcY3WLPaHf+zguwbb9x6++/yJBxvqN5ATl0nK5vPoPfOb3nJ463es1w6vxbuyHXFL0WWv7gdfU10TSRlFsb3bJm8P0Kec7pLG6PKU2Xy9ppZrU3RY5pXRQiXsYn+OKYsfKMAs63rfqNIrkSdaaqRmPNZxmQIIOfZso1CwwT63ykZOPH2JwDSBlLvuDqcyKAXzl509QwL1c/cLTEJ8sBFfngtM6z01UCINcMeWGTMeYdY7+scE/b6BCflNq2g1mRa1L2scwf9ufFd6+axVde1rSdKfzq2/f3B/IgMe6PRUSmjt5JmByp1chQLUPmJTpB12o0jL59WXgf7DQbJN1cCad1YGGq9P2tGF/eKTNsSpE6E1rDFf1k5+erUA1KMYbJTKer1OKiQ4zHaXx7muo4Lury1mp1gjqHPEN1HXkzPsokQrc19pGVKrK1rHzLJLdcZuaiq2xGM/GGPwefkZTXXtTZamUjhhPG2d/R/Baez/eSM03PlFdnJpTHcAVd/yi9fjgZ0PHyF7MrsylI4cJYnk/jfCJdlTZeWdD53HILdm3n0+zypitFuvz/4/xd9jVx9rXtPX72x1kcj+WmUn9xAszkfqG3L9NTTCr5SpJGZLnnsl3cbDaI9fCJ3XHPQJucKOb98RMhXnH0HiaTSewIrEFY3RRVM6Zi3zEOD2pmRbgBjjNpA4S/1eU5ndm+qP9X/vi/8nt+z+8JP4Svv2rd578ZXn/q//R/VIzn9SPBnTwdCYrbZNarpG62WZo/KOEBKDCy6x5RaSZIF2213ayqasFOLpSlsEpD6jkIz6ykWltSf5ZeeykZ54LZVar6iVgtE+ryfuY9C/9dh0JSqpVJQhfBivR5t6oTV+t2iQaoEJX5SgJw0cUKy5hPAqzzgf3UKMmKs4pHDL+laRjxAJBExDEwJAgev46TCSlaYOXSmtLu6IRykrCsGn8jKdvpIpJO7AahRCyQXGKfGs/ahAJ4t+qzfHPzAmfpRKCcQtSCdku1zSkmO1g4NyZ9IN0bkYb1NlMEadiwkXzwA4dutSKUVNRJW9diF+WeTc2Vz4g8QCy2q/OpfgRMRkqmZH+DuoSdCPQ8PZb70JDjvN5uhXJK+IIRwyR2KeeLzSeb5NK3/DvldCuTEDmrmemoSgzmwUUxDoULF4rWPVSC1LOLHchLrYx+E9TETF3gJ9WOTVN2tA0UpneBrxWuQHR3nACoH56eHjupvgbh8pH0Z6YeJhHJWaglIv+eUiFsJST94iObTDYVFoXkXrgEgELVVJcFfERh8jKV/Tn1Y4e5JhN76vm+M0dDGruliZITShy5sHALhpVg5bXLxZqitES/OayP91WsAH4tVwtEkRi2zfZmtdyMU4UAFaMh+YsWS3J8wq0O+OF6tSZwTzp8qpqyq8hQltJ0Z30yQtOE3AWs8D+81nYmTQC8PVFu5bwCKEZcd1VYx0X17xrFcA7yT4HtGuN6EJ7HzOJI/6Yht0ynTem70pQ9JukC457EqQfetiD6Xjcmw01RzmBwFmNjG6Ug760kPLGg4stoyGwazmc17GRTyKqvsPassSFrGtg4k6AtYQgGD0L8TUUKmZwgmyKFXBYC6yusiZfVAOES1jXUznBKxKVyKiazPyHlckBL8WbhTW3JUv3WE/vRTaaqSnKqZcuWxCMosOFQQAK43EXXr1C0Qa4XswKruj2TXM552O2e8EnkFWoqNWNxEo1KdQKeiQEwb1NS08yHSf17NIdaojGYhYF0cwYYlSnwVjqZrWGdtwK3HAn3u20iYjCE5iNzFUpjdExL9OQFFtKymVTAwS6dI5GaMDqvtiCvuTmr7eog5WutGn7Rbrd7fHx0PehCrV+m0SKiimIs5C7BDBwPe1gDvHO/22MmsHKxI/AR/OXx6Wl/3DEt1HMgMNvIXQFiRmZiu1p//ZOvwBy9u3+35iaCWWt2lGAebm5uMHqkyVFLRP1yQwKgbiUaQTYFewdZRtz/atlIrYUZiMenx/3h0JJhyfKOcEin/sw2klQmsboCFnZgBvG9NFoSLAKOvQDst1rDvITwFtv7pP6KoZyY8sTkAnRet69uNne3t9vttl0tRMZcssbBCAJKfIiNaffHv6eLtINKYkXfMYQ3iMUoPmWyBTkjmJN0FUxxURPUm5EPGaJJ4YK5hMkbEV4B0Bm0Me/TQnijLZpTWsRpDnKi4Rj5GHY+r4O17LbnXmx2We0KU5pDX5XYu3CstohLECgsK7ytn7dLtHnL8hczAO0wQP7rHPFnIpGDCNG0ruefhRyN6aO5xDjMvo1Tp0O88EQMapFlMUMx+RVi5v/a+2LGoz0YmMND+/xF7CTmmlwVdtvpZXiQtU/AHkujYwA6xSjxbN2RQpTeUPTpm2rWk9RTRZW7KmUIKdKK8exTIZqtD54ME5O+7H6c2JZjlK82BjZxKdiWb2TcLuo5PoITYfHm45uvfv318fTd42G0h9ApXg1pGKzBhkN5WlPj5JIJfFIFH0xasjupxDPKGGcOPo8n2N6eEkAcDrb6RIa7XGJHsmUItrBUqpGOBDRdqhlddG7YpIMmZBSJLhzJEDkYKqwwRceiJU5dOEgWs1RPxXG0tsN2t3R9zIExLw6/YN9UVWLR/yQRGr8v4dpRCIgRkxqQFix5r2id2oF8g+Z2s353vzuPIwzJ7XoJ43ZgExwKgGGa4OsdhvT5/e47n37xYt1S6J1pSKUb1cOVuYcCyKtDEkF/8YZZasxnOjTufvvGyXxYA3HcTfetUBTWcJU7S6ZnQX4GgrLRgGZX4/faAI84s2iDu9AxOHkyk0FN3T0TFbWNprx70hWKmZHGbHpS3rXx8jQ+kQIAABAASURBVDO7VR5nzKtNs2ctZUhz4RS88rzMaFw2AkXWF/IlH23zxZAR5rmseN7c4SoPdHnZ2zy8zu9LM/Qavk8lcvgy5nt1qXBlbK8/Ei72JCfRwhU+evW6xrXznFyQ6vkns/hveo4kXQxavqV0fZ/zmOXPfTAiySu67L1xtm7zfOdzY35ev7vkQOIVphG/dFO+XC/Q5pfvYMY2Lo8RrnDqTMJNF/DNl8YHs2DZuRR8KcTLRdPcsHKefd9QtrPy/9JF0imfN/kzlx0T80DLCuZndN0zwx0zrmPLm/nGNMuMJFNQzOmSPDjhOrNhkZ0v33iZipBR/xlx9APSiObBzmn7yQxCX7Shrw7N6FIx+ReWAJxR8zl7EXjg8NHMHS7m1INPrCe0gluKdVt89dWWIRnrLojbqjMwKUqwoZOavkf7mmImdcbLqW+8rKv95UmjMK8bc8l5kVE96q2bD53OS7fjZ7vS8OiQTKzDekbKv0py/40nzYIM+V6U62KZ7TEVb2Na7s84xzY1vW09vi8Nu7oZsMmTTHnmJtMYM1U6t2Ihm+l5O3h51Lyd8oWzb5O3vD/NrL/iq8WkOTyNNi9+m77rzXXJJYQsMP0j9PphZUDnJTzb23ne0jPrPlum2Sd4boN9b2X7PB9z0Y1gXlizyQ1Xzq2bYC0es12eU/HWLSZsx7eq3M1oJPN9FJ4SN8Icm3jQPWX5tMBqeIjiiq3a5RYh3WopmdqwP5xPJxJCcWWS06JAZMHS9twKGyrWp5NJEc4HyneqUjstCEBT2lWN5gaKZsqZKoFTj+P/5y//5f/zn/yTf8fv+B3hx6/fqK9/41/7V3/tV35Jjr5qNqMfdsnXUSosxisISpk37EbPalgoL6XkneQ44Gi3Ta1Lwbsnl1OVhEFSqjw2VERPTAiBEJk7RbFcrAKLvnsBHEqT0AvXzUXJC1CMr2Y8X46eNRU3Jqr7HBG7dtFJpZMsHy7jUEokU4XMk1qQBYkDGB47Ok1MWwvnLKAKwDFk3y2XovDwaVVNw1B/VHaHjKTkwaxOG555uF3KKohLy2J4YsHD5A1MifodDsfArxhJq21Vk1UQ3baNrTKgJN3bMrSWBrZ8rD2f+rYL0ynItAu53QuL/W3oAMqIHhvG09QPJwxw2wMUAVLHiI1CVDqKRi9B9k54CIeQAFhtAIOu2scH3EsLyKeuAOI87nbv3r0d374FkjqInOIemoqyBUlRinE0yk/FLT+JvQh8U5q8QHCR5mUznxQcLlEyfSSeW6mYS/LBSdLexpdkOzYSM4M9Dq7S1q0+amgax51AG/nbiOZq6sGWlJiMOo8nEUKPALr2u+54JJpHGQHLIQoClyCmOLAErsk5YkM8nlM9MT88IfJqoQNC27HuGCOzXmGA1q3bV84nPnU+Ed0+U+eb/Y4w1eTiUua4NiZpEAB6Ou2BM7Jmn6rfq6997auYEZH3SK7H/QABXoYFhgJwGAwlW5otFoH070nyvbSeWB7Hw9FI7kIY2Wmw4KOTKotkg9rO8aZciIJLblI9qzUt9NMJAAFs8sCmauen3Q4/2t5seBWLKal9Dpiiy6gTISIpe1A8RCwlCpVQfCkgsF2ygACIaUdZZpLFtBHw3oHU/ySJmN5C1zn0JHwwytVTWsXEMTAQ1BKX1k41kdRfeLqgPuzJcxd3xBlcuKllWy/bdlxvTJvFskC0GGIHB5XlWgSuzgRW8h+tdls1ekFC78GPVkKWYhFEJslCCt47mxIrdN3lSHLPEKEoYApGqnJ3lNlh1qFs/VvozAJV4aJGXgHjbAf6pG5ZVLcYdCaO1WKxkppuUuFgF6mp3pqeNfF9tU+oKWR0NCHpQoe1PE1ZT9fLqikZoetkz4AVeSannm0y1jc3jrKEZP0zrWKmlNBHMSTTpTBVWZ3/Ah7O3WnyOhc6AFSyoW4pjHi5Xm3O0nUeJJqkBPYSI4GMBhZwYLqotnZai9USg4nlUThiWbZliaHQ1nyCmcX8rlamjwG0vbt//+7z958/7Z+wC6NuBrvuxd2L7fbm9u72p77+dSRnvvWtb8FMvXkFgHdLNZAz+yJOxMFLAbaxbhvc5OPDE0YI9uGO3Q4LU0TBYjkkCoIxtXE+v71/f9zvAWcjDZMcQyP32Lo1FtK6wegQh8aWGQfz4wEgIV9K/Lsuhu44HBc1klXsrLjYrtlMcLtevHl1++Lubru9XQJbV9tYE+cPLv936co1x+6TVzHrmFLr05AL6k3hMgUXapkJWjJnElcTspwpAvyV82q4AIrRifO6mqY+zYGN/8sobB7GSue3mEFVQXU0PDm4jZfw1Wvho4txWASVijTDv4wlRXDKkIO5DlqxjsRbpyYv5LcjNcMfHhyHDEDbgr4GX+Yg3997wZqixXUOuc9ghN/CHMcnJ1KFMOMRFy/fQ3w9S3ENKc3OfZyx7BwFusuuWZvvTQPFNGW43FESYjuV/tA4OOGu9LqfaK3utP8qoc/2RbIATCFaHnoUwwsHX5Qp4xux1Oqo2mTT4cWZLCEPVUgAg+5Gtj04F/1+Ks8DnK7z0UqpKYbATuJIbg3bbfOTP/GVzz976k6Pg6KAkFVE+QzJkxEGLM8hzwxGUa8PybOOvVAHNWNIJoipdEttjQo1Ofjew+lUyepHa1jK+yTWjCO1VuvlUqNhqIEdAKwD0umPf1QuQ8zxUfVLuAKyNFnigIdSeXG1Aw2WMlXDCTYCEQeN3TbZbtd0t3BN6S7R2VPVP/OOyPBwu1V1YOpVSQmm34q4WWLjr98d2BB1oW6E7w9DN3iptarc08Ph9O3P3n38YvMxHpbK10xUP93fd8cTvnizXVHbSt0YnLx/VZZvu5u9i2MWcbHujpc9MNl7leOkDVTjW9YDreHUrVc0iWQCDeLfFXZbMaelfXbDDK5ZOFlc9lWwtFS8BKYppUtbrbwXQoatZkjJUDZ7txKQyQVM5c87tsxhDdPMdolZXhUmpwoFK3AnzyyxskkfI4Tlxsc3fb6TCwYZn91bRpovUXgGIZ/VGBtKnHz4r0L8jA9+8LogdNH/mXNks8xzeoZBf3iBePUeG2/Dnp5/WwpX1icjlh+i4Vb5d7nsNZw9494+K2GGuuYbmFHhGZuI6Qqdv4xamocp35ODH1f3E5/9/w8B53ip/p7tZ7oMo+txXEEoZmQuoIh18FMzDQ1GmeVM0zyswZFjo0eF7OplZYz5+z1heTXf8dmAzyeR4y0XnH/OLPqApPzKK8juPB8I05yHtfcXF4UsfdgGwcBqG5fkehq+yIs5zJbSwoXpHd3kJRO3Cn5eeseFOA9vvNxvKK5SA5dZSpeVbyiqvt26wU/JcsmaH+WBlFSyyozgIvN0oZVBDNtF9bU32yOihSGcxwN86dEbPqQ9uzgneWvKTxFr4A3yyxRBOEafJz9vpWxVisLxXr0G+f88d2jyirxaUlai8DSk5e5sDNQSnpVXWv+sqeRsMCykVLTabUylN/5Ouz58uj+zsLmoNwKzLIdpsN28dSwrVFVigk+TO1SZtWwZNTHRC1uzbmlN1GTytIQuN+UUfszmIXqlmWhq6WqZWs8O5+Nb5iOnyy9TbRMU81hmEv6PzuuHEoAu8okyZ3ay4Zv8xJ7R4cyWz863JXYyASW5eF2R8mLI5s1c5RhzBOBm3A3wfPg7ZYztsbyliK1KgTFjcEAo+PmsCmUldYzT4FCgHNrONDoVVYamJu2BvLO6JfEMMWd/tvL28zCcWFkMZ0tNkKhzOlK3I0cPph40IPYbxq6spNduWFbanTszh+qFfcYtIcC72a63N2sEnKfj6X/2z/0vfgxA/0Z+/dE//IdMqt8WPfVYSkY45jaW5vRb2GZCFtaOQX3hhCdS3Z9KvSyMGcuhX5RFVwxAPoBMtYjWFW5SuCIB5wLKZMIRaYwJIBoWEsBL4KFlaVoI6Tw7Z2ZoDbpTsD3weC55U0NvHoj4/iEH3CmzuiZ1dWI8SpDu3A+xk9rcaG2XrIVdS5iPpMUv3r3HF6xX61fxZRoqoxhbhSnbGw6AiBg7RWqzSmBAhBNdh7v+cGAHg+RNcpS50QHZnc6T6knZiY/N+UJpCoY6WUh0IvpacPwYPDrGr3a6yTDTfjgzRKRmR12av0bCY829jf9xyGWWqD9SlVNVZCit1kz1urAcF1xEQDrupWOpLy6/WlPGcCMUxjpaNe3idbvabG7uXrw+dQfcQFu1m9Vm2a6pV3Bi0f7htGtID24KGBRSethDcr/bH3bHSoCYCnxL6iqoL6JO8KI/dxjTJrQLQFewN90BN0/tAKQU+pGizccDRZ+bCsAvbqqtF1gfJKojy6W6KubGmnb7kvrdrbJcqtwfCuuPIXMEYzjUpQWWC8RhqxXwaszEuT8a65zj1JTbLRDYlbrQlU87do1XT8cGiGvXA6Gi2eputpt+WnXTYtE3y3pEbgNrdbJieG87uHvaIe0xrQfcsMo+JPZSN3HshtOwPx0eH3fTZ58BVP/4o48BVVlf5Yna1Ov1zS1Rv55tLWFVV3VcVatkcmTjsFwhaF1RtuNMKjmQPnwWqDqejLGlCmzDfo/7ANKNRaLGTrau1fiON6PcQCDQyUFfLm/u7h4fH9QCtDNY/Twd1H1O4pgNBTFwiGCgjsejqltMBXigDniajkdKirek2QJo7g7DgUpyQMQboG8fa1eQNkfJJmYuKGKDaUdg3FLMMZ5Pg4oDCukbdJjXcrupFxXGYxAdlALaoUICaLFeUR2HDHsqeERr2sW/4194FNaAn4bTbkfm7MhmlcU0NHGJ+WVvTHG6ecOTi1H3RtljM8CewG7FR22ZtgJsCkB2VGaV9PwSu7dSx00D0BpBkFiW3eF03LETHfYyM6zSpsGO6brzaZJ1URE0Y+t+sL6m0hzHEMEcFt2RS3RJ3JMKefgw6djweQfq2o+Ug6e9QnplVZAXDFgKFxaBUPhIXVkSmLocqkMaCdnUZN/C0nYn6XGQm8y8lKWwkHJWBssY5cyQcVUQND+Xg0oZmI0LI8U3kBdKbBF2HEZ62pXQ+f3j07v37/AsyMltb28xLtyKHdI2eKIJtnO9RjKQO3R63AUmPWjMX718uagbDNlYRqxcTNd2SxFzbDdA57vdE27g5csXN5SCoTD3ixcv4H1gse77fWjihhr0a8zF6fjUNgEg9G/6xjdutltY241e+NXhsL+/v8eE4OnXi6V1Kmibxe2tUlRVc16dlNpokAJ6//7d+4f7p3Danx93+z0eYYkHGacDViBM4pCaiere63YJW4CtTWmePVNejWwMdu4Sj8ONxBaXcIxeLKbVR6v4hkpS29s74OQrGCug06t1rUSUjkVMN4nJgUs7WtltcH+ttMyMoKDkuDTlXTw6i85NkhgFrtP3VsQbQ4ZNPanDc1cgMNUYTZfNhTszQTXEzKwxdlERXE1+MjGKyapgTTg+XoPMSUenuvSIUe4lvYJTM0gdM7hrGHqm3xgIJ2UgvjLN2u/VAAAQAElEQVSN8iKKaU+SFTNkTtXG9eIY68euTBI8kLvyVhxGsZZo+g6qOUVH8x3yklxeNM6FCiasMXEIIeZvyliLl7JmlHkGmHI8502HDALxDI1rW6drZDx4IbkyR1LHZOAwKsNapiTSesKS6EXMxT49T6G3LmomEZmY1oJ7UFvHXWH2hQPeRgu2laOYszTqKCEo3gAcjj7Q/aLpIpfLIn3a8q7f4YxmQWJ/iv1jKt/XYs2P6t8Mjy6OZ1iAr+CI+uj+6eF8PO7wtT3ucxTwECTQVBhfmpIJxjkLhA9EGcZDISPVVFNfwxLi7IhxpexeUHZslFx/ZPdaZBjL6oBEV9zhajiDg2J+GPvA2qcSiDJloVRMXVqzV5F97dGZlla/ytz9LokuzeHnAR4m6jgJ1C7MNZVIkU5FWwihJxcvFYsVjDXN+vEk5oyScHVxJiRtbD8Kag/qt87HGJKUjSdi90OhpgLFi5vl+6en42laNs1N3ayrcCyo/U+CTn+Cf9RP8dvvD80vfYu1Gzd4SwXI+Vy0D/t7nCZFy77RQRCPqdCYOIeE0QuqegejultjKwyIVEqYSYc3HWq2S03niU1XetNapG5SgrNN72170yxbjdpkmaJg5sVRKxs6W93B8kAmuBg9fnRQNVkkGWZ4ebzeiVzibpamGZSVym02BbjzQUotFNbAckqSvaZfEVXQppWNZd8A/Y+6NmLToPp8GRUSuyeaRrXcJeMhqOaqkEhU8Fh7BshNxijMhsgAM18rjv5kTfdnr7yNrwHgONN2n0PIOdn1DAm+/Ov7AM5XV0vpg+/MoGcGMZ9/Ol3g4DR/S3yGUl+uecG1RSXwhJehz6adYiikw83KBsQZQc6Wz21MED/U1BGKXNsvwzpODmKIyJrxuJAuuYA4ZRMas+r9jKtNBlvMh40jK1nOI14g5XgZpZQ7uwJXGhD4Ca6sWUKQcrFNMYZixi3zKM0j7gfgDABmSdyUMuobsq52iK7jz9+XmSaYXzzJTOs6jpepLq04MU4ZKZ9mWDo4Jur4ZDJFf8ODBUhbL6+kZalDvFBThFwdFNL1OlAu0sc7yfBHbckqUq/Y/T7W3ebMbl4i+vOiE+zCGa7mSnN7gdgno37pMBW/kZwyVs30s/x8MIKzvoynkLpx4F91SMCgf/KTVwyFzsdfed+tFnAbYZSn04gDKPlJP/nhrXCeAXpQ/xj1iR0mO3G5+8vRBllR9uRd1flPq5i0Y50BbinnJnr/4pCPdyXuStcyEyGjcqlmVl/ybNbSsCZW1MaQTi3t/Bgeu+LtIa2KtFyMjU5jsal5hZCFMkizGsxpcbqBn4tazz2h7SQRD8La6rdMcg8c4zDaoSOtJzoGnq826TXNgjwcHu7mJzogrUV12Ro96/+KrPOobLc1hyOFwgp7ovURCOlHC4L+IdaAdrOZ3CJlOZUP3+SG0c359Vkyp6zmz8ym2YyxV0RO2S7nI20+T8zntYPTSviS93pBCKH2DYa3qZyRTbAnEUbV8kSEL6t9z03TDUMWo8rabJGFcmIfooEdmVI4dsfzWRE/dzyc19KbpSajE1gIUZF/4apGZyNSphn2k/GNQYVggvbGBFTxQAnOuvnzP//z/4c/9i/9F/7z/7nw49dvvNef+Jf+6P/rz/0/S2vMIirclCSMUOQ0zJQTe1KHI6/EJFb7swj1NOjAk8qAGW/YSfB8Jgk2UFHhzHgFrnQlahLPQABuatKdpG9ryGE6sawmASlriM96VxajcZEKmqM+RaUTsQVmZypBZ72UfKvlYjnyjtidqzTxAS73CuAX0i2ZMUqJ6jO7BU74osVyVSyWACiBOxPqPQPJqnSyF6OEFU03kI3jJDWDbbfcrpu4gKUfOukMZooIgM4gEJinpgL8Ua1teI4Sr+kpfsoSAZIkJVCBM61kBaiRTVnFSjSI3Q6IX6fBsFXfkkEbd2BLtMTEQCS3vFyElpqwe0CrfdO2lMNuF1TtPTLa7E9HIFSH44lM5Mk6XY06kcsFFX1JyO1OBwocUl75TAVikUuxhQFD395u7+JWJQ6hYldEQKXULZSGdUGm+WhM1s5a+WJ6MXkDi3C9XJSSBSlQeRWQNzv6jBQ+Jkg39WL+9CRVAroN6ilXAuIB4IWxOCyXmK+b7V3dLKikKyeTYgVyhPEEXCTyQshj1hksJIUkU/NicflGSoiliJkIck8HgPUJiwFpse32TgqMDNs6oOSL1hSjsXTwHBRcJjM6Ub2XmFTqABacyRm/WbwsjYskdjx7Cu4PWGvUxyCJvaoSLSre+bJ+edi/evUakNfhdOg325uqWZBxvrl7+eaN6gJpkicvEaZIorUUMiCCbZT6M/5eM0ytUvbukeWBf3EmmwAIwjnyHggwitDdGT+9oK7uGmAf1Yi7DtfEqK/ZKW+7XC1vbzbcIqfT48O9wJTCc/VqM7UgJ35DCY4SGMUIjO5w2OGiQE5VGdASuh6PoiRQbweX6ouhYUBeAhzEAFDcpkNmSH3ezkSHT/vdao2vXtVUhU7YoZg3LJD1ZlVTybdiIXU0uFhSN4NSTTQ6xBGk48JnpLRm7f0PASwMlECNgNbx00CC7fGw30WJMXu9nDiF2L09Fb+JsJM/bBoLhA5fYoUo38PIwLRiCKwPlKSg6IekVySCQAyXwhmnflJxIeBSBMyr5Ya3p1WskxmP3J9YVB7wZnH6SskPcnJLKVBTISdZ68GRN3ZKp+NBXUmBXzZUsnPB3EaF2icOL+5HKYXSC1HlyyrRwoTvQJhIfRwPuMcozMLUNLEON8DxKbdBYXFr9WbSwuU5WXaRq7Au4eKeKRQ+UCoVq2vsO+H9j7unh8dH3Ee13+32T9u7WywMdt0q62W7wIY50MJUyEjJ56X4DKBelifcvWhXSy5Y6YbgcZtFc0c1Ziyj9v3794CPn5522J4Lil0Uq8Vq2o5YYfjJRx99gg2IId0/PdWsa1ltb+6wa7EOO9a3vCf6X5a3t4Cw77AqlsqjY+5MPfx02GNTbNbLSmrfIxMNNXKax+6Erfi0P1DctloE1RM0scHAq/i9xMkDmAgZxd39+8fHR1yZguZb/lcFNlDF6m0p9b+8W38DBgwHGW6eCTyCzg3lCpApiRWRFguMR9fctoC3tE62pcsqX6hT4+Rd9UrVek6SXqR0kvwrLRUjHJkmlckxm4yj4peYLkzDOdTMZLL8bjvoozMhrUY+2FIMFoIaxWGubJo8mg0pc/TkjBqUZRfL0aD1kh9zfZ5A0auu69FjNYOlityRKWY2WXaSBSQ6FmhOb0ozFm+vDEbYQqbCsBM6RmdQ2l0VmQZVzCiDJLAK3a1D89OlWbg739Ex6QzQ+Mev4J2M79j9Tt4FK2b2lv+fQzkYw8poqg7Zc5bhq5xHZz1LrZKmrzLamm6EYK8i+8EANX/slBWyOSXGC+DpZ/Merd0bh97ETL0FE+UuC2kM1ZuyXMFZwHFRj9vifItjD3nLCSmucT8Mex1AsIbDv++3fBXp5eO525/O7J6bRiQW8BhDnLFLufomiGXqz9Eehfrg2BEIDSjW33ftcmE0GGN3IdkkAJfdybHp4Dk87p/IAOCmqtluFfnIdoHnmWw3SHmJHt9oHRBdP7iisJiaaGm+1BVjlMoHBX86kz+inxmtMxWVoCZris75sdbKGEgkvPHZSrQaOAOBLUy0SUttDMIgcojHYL0KiHpgO3YciWF0zJV5shNdSqSp7rabMZwSjPHxDKMqHgIW5vTdzx5+6de+h2zV15dv4AVXq7I6N3AKvvfZu/Wq3a4W7DHLvgLnrLoGR2tUGxSWs+PsZlmqVibsn+9TVeikUFL/7XTG7aqDgtf90FG5vcOJ7xSOOU8TgoeWDtvG3EH0EoVqrU05gr16+bIubH1pAxfPfj/jXbZllbkSd0vdmYk+99qJo7piTpI88MpwWTHfKcl45mox4g3FxJTON6FhMWbpHDg/u480W52QN+NsxL707ucf/ff4vb8yUBm+rAP9DJ2/sh5X8LRnsPIP8/uN0H+ZppwGyzbn+qvic1T0A9g6Rm8QGmdbnY+a4Gy5MNeb2LTn7Jtd3P+0Cjb9eMrT72m5K8t++c6Qab8OpocsOTw/WyZ75svMKT/7bMrwrWMgV0dI9JynZxYNRA4z5m35k3AtA+1PV8TLqTF/07OhdDqhvzd/2wWwy2Ob/H/aeYLypeyRq2H0Xu/XMc3PpfM9zSkLLypmOszJszx+TU4154DCTDf0czddVlOcG4CV8WrXavQNYM87L5lOgx3f8TKE4bK+QqY96r1WE8xh1/eX0UnEIjCP1h51yhRkn/XCkwIkXfgYMhFdwvn66sevE7UrvvPF7rgrqqlYfFI0cPoQhI3JcYWc0pCapcpl1MM0mgJnBsf97h2/z6vIkdqLjxHns9faYKjoeSaEqotLUcyKLsKyLEvjPS3dRqbg7V5SRIhx2J+eqrSsm01J0EP1BuGMK4+Zf5rmYquQe6TKpWKr4CKES6m4oG1biTghXY3KZ1aL37ZEsgm87gJwlVKxT2tv+GK1KNI/YfXrWmCM7mdmvAnqx4vD86Pw+uEFoC9Hgp+NWnjBreb3SyM8K+fRH5YWjNlqRbdI0aufbG3NZ4Iv1GSX8kXj65O+GF3OyRXrrAeiFULEvOuUHqe58DIFFTiPBMisc1ER52q2wghysHyKqUedRh5LlEansXhFJBjLy+WEj+BsY/+ZbF3WL2MZvGApUyLTiybyrO44owzAP/kz//Tf8Tt+B2K88OPXb6QX8Mr/6f/kZ+zcvOreTot51b1iclKJl5YQhZwkYmhqL8zDsmicAs3UYj6f6nYDIPkM/Efdumr51gWb47b4i9Des8T1StOW1iGHFUvZhEq8D3XRYdhAOl4+O/UuVpRT0oHV4AAqqfuJ69zc3FbAKClLTF0P9jWPBRCOlZSLxeaKEiY+6bwZbIMBycNNA2lkz0CJzQFYweI/C5G06J8HfkVgemAR+pkqCFWjKuhxdstIpixLk6JK6mkgYF1itcLWRpKwAQUdSvboEyu4sEwNeYxVTTrOmXTOc/KQnZeWcoR6JTC8GlJRWYn1NJijooJ6gDX7J8pfqED18Pg09kiyRlwVlyaEJTo26yOkVYIgiNLciM0UVqlKfQRwgyuog1qHh725vX25eMkOakVN2Bnz2o32SDA+uG0MTwd88nzU6R0pi8HSCSwDPCPepHp2EpOHJExQutUePSXBrhiMp/0e4dpmc7y7e1EJ9QaehcfZ7Xa4PkI7IMULBqiVneMkzQJloxlcqenl6OAMv8Fq6Ctp1FO7g6142oX1f8PgA8tK1PdYAjXCO6d2sqO64wrthbyzJyNBaknuYvAJxS5JaUyW+StKNhKjBhEh5omBYgdAXSe85RGq0hN9pSpzF8DOqFhwYiM4CYc0bBfnnAua+oFS5KOZ6+PxqPxILznvLrD5IkmYpC8vlskAd9IQ2A5RlQAD2ecA3djXCZ9CHNIXdQAAEABJREFU7M20DV77/X4DXF9fg5HZE4TtsLyG84b93Lozdj1xwyKK5skGffBZKAkM3CEcTLgTw4yrPjw8HfZPwASBxLW4jaeHM7WzC9wSVjxNRumO1UKDReoxO0nGlgVs8XQ4dNLSxeguNC+9GJ01O9lSaXeSkHO0wFLiJjg0OnXKwrRjxBjEU+e2JxZ7xjbpgrxDzklVmmglg3M2luyCBDVyQye6zufToVBDUy2Y/tIQWkmiMZkeO0t/LNd0PO5xobZerFbr5XptutJ4N1bWer0N6pplrZlIXWfnx9FDDiaOKExDfJy5nF5AHhNFWrEwKQdAyqYy1FG/6qhOhtSsePnyFc0XtcdFwVMqi6iHaOwh07qslaiKIrqK0C0rH3ERLAEsA3buYm9F0cXVebKvK5l1uuT4vsBOg6xNaMomOJmV1kVsd44EJiJQ8/Q0iIN2lES0rCtP/aHrAxbxslnU7HjIOXqMJ86UUUp5SBwAVK8OgD+Qb1BvvCHb7YnpiCO2+/54Ouye9li1eBbg0Xd3d4hUlgvy9rjSqUdPSZDt9qYkd54NGbG5JQ4+yJIiPUCoC3PKcit1Quao7qn5Q9GbrqsEbGEcqAt0Zkko4Okzm3BGGoUFCyPWi5YMS0n2Y7jo4lFgZegO+/G05zFUjMhzrhf1etkCKsIHK7Px0rfBnDbqoUnVDimlSOHUnbbgmuBlMNKUSvwJQBezF6kwcVSoKOWEIGZjNpHmW+X+k9EJCR5Aezh9YUYUzmdT4JKM8GVAQZwbFemgypGaRVuJLepSyEdJDDmyj/nD7okmj23DDGpkGk7MuGSaAYkYHei+hP7Jg12etxfXo8ghtt4yubtdlFZq5SFZ5jKFfJmU8RZTcbbgUa6LN6j3e59jeDO1Dm9MPvwzDKRNOgYv7TewJeMjDujP2FV2uWe8xsP/MFP6ZlROIyCYQFqVpr4iJbHRVCPFg9epwnjbcQNaELlCWWJlypiLt6NjOwQX06IEjXliQQCw8E6tpuAQP1vdkUxdGQk8SnqvrNZNuYz1mJo+9cc0PJxO9TScpGQ1vHq5/PrXXz0dDr/2nbfDZM88ijpgGcI88lfg41zaH5jaqcZGrX77s3XcyJF9UI/W0p5NgoE8XJ52eyU/cFcN/S3WLZn8hhQ5BE1YJblaZbCiS3JkZAeHMlMLR1YXiLIwCo/WWVIWDotdwLUoR67G55hKl3hgtWiMsuMCxJYq4kAm5pPVQafU5k4Unxvt4uoAyhQe/SM4AeRZ86jaLpH3H2D6uRSZqgQ0nnan4Ze/+3bFjg/1m5c3i/Wil/mAw9Udh7oY4sKWq0I1ZklGPZd8Ox76U7YWErM2dIkhXx0obEIIOshy4Alwgldd95XN+sWLl0aJcMZrjl99hzrPbpb8CCFeQ9QZfbsKhfMAmspNzOI2BhheI6AZhuQYWf09BfWQ+cCyiKIxh9zMI/NP8/t9kQdngmZI2m7k+h4dR5/yfry8MmgY0tVtf/AUX3p9MDrzm+P3AaTTlaX7kK4cnhur60+l56jCs5vKI3D9wQ/Af0+k5U+EkAnD/y4P5G82i39Jt8Vs/uZJdpT5+uozWGH7JyfI8rCm9HwwfSkZgBHTc2Q+zaBwCvNFw/Xd21Be/SPMkOLljvwSad7MquhJcV7Eks3xgyNejidHY6brewjPbi5cbZBnN5VSJg9fvptiRLYUkxuaEDwXKzs94zdh/olvl/k09PzF3EqXptlriuPc0Wh+f3IYyafq+qgJFwB6noSQt9Z8JF9dLc2H8czGt65hzkDPLQyLcFGQyD0n0kw2nFMXl53jGWMenlR3RDC+qsObm3rqfvHTh0+fEJiMLKmjcU67rncVbD9S+fWjAdCj0UfyBIcZN/dSH2tmM6rgw2XN8kZMuVtjhtIcrC3sDZLQmAny0ZLGhXo0JU/e6nejRo4WHzHLrju/P0Y2dmWv6ejosph4Vt2TUhZO0bYw1N8mv7SceMpaYBd9mezG5b9eul94yiDFq0lT9whPVrldNOgtzpvEqxuKopizVuI2zeY0XfEGflReP9QMaF9PbhedFRGupvDi0ITZmF5s1+WHbuFzks31/a5MnRmEbEtCpn8YeO0W0FOD0+WgtA2kVWUSCMHEUuG/mth6yp3ChV8XXsOWKEg4sZcGLy0MSOK87OHeGjaF7ajeQcn8BCmJJsuhlO7Ve48MZQwnZfhIyqBFKKPpgahyTvWHjJVdAeRb3/7O/+Af+8f/mZ/5g+HHr99Ir5/5/f/4p9/9rhSIQ8yZ18IE/5KLt/kKZsmQZl9Rc4iuFGt2Uy1yKdVHuHM4V4tQC5Tzii05014SIleewn8SBSZsWsSR6hzUAUYUozcXVoqIvdDiDQonEolDgQzmjm53cYyn46Gj6HOiIkRZLtNaMgDVWUCe4g3gvT1p2hQerdisb1wsV2fVpPPGsEKP43kaa1Js4M7jaseJoc68ixj6EHnEc56KU0fl4k7UkdKa3VimB59g2oXNrmruh8GRxKZtXcuVIgbEsPGNqbP9W9qNASupG+Azp93T4+7pHl8LzEWKo0uWzIu9JU6avsrgCaD9HPnSGh/gTo7dwRrxdPvDqMZc/UA9hEskkWKZxYwJE/cc+sKeNFjMOyjNOymOM4EdMvYmAGqc1d6wDYEkbL7Xm0K0NdmwZHKIHNmhq8d6SfJRPZiMA7nJ7SBZjBitCo8uIdChL95+gSg0qBK/Xaxubm4O+wNB2w6j90DBt+12tV4XDea0e8L47J7wKHd3jK8qqow0OGkp4ksYtcFokdjeLskDqkQpFQdiLIdhvcX3kidOCK5OWn54kuVqLQeEhvR0JAd8svKnEABTIaUR2d41DiYajd+G0TwEIubA+MV+U9CfsEbIuSaAwnwMkfBmkZZ4BLfwyXmRTLsL4mVAHkeX1sOkHA67I8msh/1xF9mgrwWOvL25Ef+dPfQ6Ki8TSlYRgjHNx+C4TBAxvMAjPN6zjpri1C33xcB0QYfNsnt8VNX1mZs0BGL+aqGGN2IVNkSgCfPtDwcSx1hf0AORBao4qHle2dRngQvYbjc3d+v1ulmsrJk4cxjHE2NocrkJymJRU+YX2SadRbjsOanVYe4QaDXs1EWRHTDmhrPaz6dJ1sGFbWlqMBWFSFVRUiuDtSh1DodjMa4lF+KUm/bIMS0S8i0YQmSuatHZKmu4N1VJciGUNsbeJ/hMmiyeEbgn7gFbFXuQmstlSXX3tknsEsYLU26ChRSWj2FfTalvTwbX2jPg7CPm05jYBRIrHaYXo8QRfdr1NFwj1gyQVyaUknnVQeUZo7NPg5dNWlMyJSCoyXI67hvksdhVL/AQn6jfwDJQZbpCzkGflHA2U4Y0AKe+UkWBIZaqJ8FuPR4wvyx0UEPJgHcSQ2GurlcNB0FbJGMMTKPSR+zZAFY9fM7swHqu1Df1rKZ/ewrpDNYnTaroFrUUQJ8fHh5MAQYw8W63xwelEZLubm636w2bChYlF6q0Pkmot+YWYbIWi+3YJMnlV6ZMprxglHYKYehYdGwGW2EXHXHpQRU4rOygk0N52apeNMv1anlL/R0kzNhaIMxVpEC1qLudtqvmZvkKGDUrJbD38ObNppVhr5XiGiXbiucS/dMsn0UDiiHFU56EkVnNms5TaVLEMJPRJpPSVwlQsNJWen2jqzuEOMfaLv9azJQFSyiYvuT0jBEhb3KOC/3evJ9dnBlTYY5cxDnIEdklmkxXULK/1zHzkLHrDD85+hyzu+xvt7ZPfuqEGbwwNmy4OLseZJqLnXVG3DgYQdMdBh+KTG0OzveK+TaCaSXnG71Ex8EDYxu26F3UUsjKwTpMtdEuoE28wHAX7HKG3y8IkD+qflTEObD1AS2SS3SIIMbrjB5BKgnmMIQBaZZXIWY50nYN1hF2zENC5TCDqLSQh8n9buq8qB2TOo5KJBdmRtbXxHVxU2wEwbvByVu3AdlPyh0ga7KIi1VscfYt02IzHB+n0w7OSV1Nn3x0czh+tD+c3z8ce4LFyZMknhMxkxLzTBjJjn+nT0JnBqnZdDSFpaaWnIZp+LHIumlg31xmFD+GsWA9E7s1lKYVxMbShhsnWTKTYbAUtgiCtHVB0L2+3trMziiMpRrsKLDcs5eDeEaVa1Wnx5hbGVfm685IlNVBF/JeKkNDojcJDBk50qnLY8hy3t04nvqpacOyrjZtfQAI3Mcx380Qy8/vd9/8te8tGnpBq9WCkmfszBXp55wBx7AhBGWzMUdSIFU7B2/VKUnt0mGX6OUOsqjVRNEkerom00j1t3MPl+v29sXt3R3OdDlmJkpTOISR0gxgpeS9XnyvhwtOf4HR8p7I4W28YuMFR7dTFnDOGJuhyUGdi0dlyrlEJ3XqtV/xcjIF0gri+A7KrMjuUc6PXzHGNKOLtukN9fEbSylr3D5D2i6P8eyV5hv9EIV89sYZBY6xuI7pr64T0jOljmBwpO/nkOaB/H73ET/84PxeNzVmkVKmPKdrFDF+6YMfGv+QITm/i2zrC9f5SW7PxRXO2aR0gYiLOH9PDPPlo9NonQLs23MGjQ1cm0ESN8chhGvoNt9i9K+b7fYMHOazJx89V3BHmm/HDbXlZrIWRrwaE09auHXIyH28gLjXKGD+V8w/mPIJmh8gM46ztcsTEn3dZ6TGZCPCZdvIVqfLCBvUG0K64NDBzE3O/ham7Bcv7wyeoZmPTKPZXgHQweBr/d0TuPEyffEZYpUuzsez7qDJj1JXaQnZP7HKK7P9l6UW/V6yX+6VUS4TYRsZeUZ4hy9W9eYrL0cWhD4V94cy9cXNmj6ZDgd+RZxymltZUwpRlKak8dz+CPm1zLR19p4md6zIXMtVFMmqx5K1zJFXJ3a1TpCYNd4vsvYSdYzUm09Tbip4ISPLPJ2G6f2pL+uiKYvbVhqHaimejHCgrWALbDKRSxYkFb7QDZSfpAp0lROxxaA7NaVoTYfEXrLH4it3tglW65FnIV6lCpMpm5npKdT0WzszxhkI9xX7gTX8m//1wwpAZ7No/8rmMBurmC6n83yW2ZtkhpPvn/nUyCey/T3E5zC1gXx+JJjGvHhE0Rs2BAM2hO/hf4W9TXxSuCyK3lmLLcuZXHa2oL6kIK/SzAfV1ci8IIq9aCt6YJUYBOz4XgexwBKjKTbTaOQIiafGSupTf2YoRccR+E4pjsJkfA5EsoNjzIylKmuxwU3Kuvx+khpfkc9kHTL/+3/hX/yP/i3/kf/K7/77wo9fvzFe/+LP/ey//Ef/CLuKWXimLgcOQNM0Gzkrn6C+kAleyORJNdV9YtG0XBWR4gSBy5KgD2BB1UQmCc1OgB4sjIGJrIkVEtfB3/uScgGnU3LjndzXoZiraiAjjx8SYQisHPdAi3BBgJUUdmib9XLFyudhLKnauRCa7KxtMkTY26xWtFC2i3YdqaVOCuLx2O3YO++gCh110TueSaBrXqje3ASrGP1XoRZR9PT+ndg9VduwPzG2MIoAABAASURBVAwJ36ReUuOioAgsQNQlMCvgWQTzznqnisDZNo0xTyQsPaghoZruYleJU0Oy3tPDw+eff4oP3t29eP26WkpQ4mQFn+LSjeIA4snY3KyIpAfif8s2pZvdYY9YhDkmjWjNho0N9jkr1hVsSAGDsBH+AhTssN935x54zPpmA+ycpByYDlK2t3heIJNBdFqOmwI5wdaif2o3A7gcpgWjC29MSJeFchAULO4lzgV8s3byHSnSwOGiB9uwNpp6EtLPZ0Sh7ONFVuISkA+emj3++B9Zu8XxILgpHg/Ht2/fvXv3hWQD6vVyDYweS4PqAVS252uQQCOAX1NbC9n2FlVYrVtinYWd/OE8ElrFL+9uX1CYQWxFoI1p9AWPUN7iQBLxGegPgIVPhyOr5qYIxGxzs8VsUwWMHRXJoK0olVyLBh0HBoO9hktt90i1pzskE9oj7CWc2YqTpvI1thtC6oI8+TNuCyNAWnN7xgJu2jXyHngmiu935/3TIwBMfCfW43a7ZvaibjlUAzbUgvZ5GB7Hh8eH46Lrps1mMknpEbCysErVwCK7cXN3W2v9WL4QE7pe4hPAENlYzrq3YakiKF5v17jCEb+455bB2UP0mWxZBPmAoJdlacxr3EXE7iuBNp4OeNoltsJybRE9RWYIb05OacARhtFWn205npMHdrwTxOFAupM0m0u5ezAAOINq8dcKk7ehgDxpX1TOwT+IFhRNVB5otVwZh5u0uFN/Au57PD7t9zQJzZgW09QSmoybxGwBMGUsMy1wTFMU9bgwoerTyZh32gAUfukpIt3RzhDGpQYJhygW5KSrlQIBT/UPxL+wFXgsjr2SYUhedd3+tN/vHp8e3799a+EgBpN63Dlom1hFDqi+t8QOLiutCNO1qpR7w7I9IQ3TdAdcG+uLosxNSRuTyuPuzK6VcjdHFsN3POPZ05Mk7u6MOSSmfOzgR0+4ZC3ll15kZFpHJdC48wiX4+nZkXNBiZAlAOgkqdaHh3usQ+SEsJX2JNIfnp6esIwwkid13TxLKQMfZMqExmFaTCP2qiciY0TeAkHBarWVPZmW1OFguQJWGg4AEdJZnpLWC5hVZmmaUtaMoNA4KSGozmnSaEpiFxdL3uFadP7l28VbIN0YSQA+VdOyESuuUncxlbjP7Xr54maL3XY67t6/fcKIIkWzAjKNh1w0MN54NCrgv7yjXhCrSLxVmrdwnQikOeyh1IuYpfqJOK0WeorZmmFd8yilEpiMTzR4c1WLvLQdomFb/GdxFWJ69p+XmIi+WcuFlAHdKQcjyRWZ7SstnowuyRBjDjEd39BHeLjOTfQE6Ia5KnZ+U3LGX8YBPCoWFuT3HK4C+BwhZVapk+EKy72prCTkACk61u7+9phZvDF+CBLFGYAyYenoQMsFYVCf94z8XviP6QqlMmx6MpXIaO2c3OLonQ7cZKh5LuV3AulFw9oBOpU1eLmux7bzEOvZsDKGqPII5QlSvAAgMXkKgd1AJeI5SXoSYyDQbQgldXNF7TAohYkGbwY+mVqJjhZrDMXenWqVHFn626s4xgBqvKnTKmIaaQwVxXbLRVEt63pdt+uyWYTiVbN4WdaPQ/HFeHiHJPjtuv5NX3+DDODP/8W/Mg0K05mFUq7CajljFlixoN0fW4FymmCj44LTiiSq1ggjQZyKKplj7Riu0B07tbisTufh/f0DNh6OsJ5+zrBs68hWu0x0VZXR0pPhB8oycqDL6O0NzYd05IoUsFJgv1WzjDJ9LOmWu+m0X3yLleCoErQ2ioWTjU2TPUhBlWUirI8QZ5fqT2rGSzY41c+4uotBAqUmSX0+9B1rb+KyqW6a5mEaO+t8ixR+zVqZb392z/hrufhtP/U1nGHLpgRcfS7DCem/41jX47osDXIghdAqexhLjcnPBXEO1HmbqqxTOp76/fH0tN9RbYwldGRdEKapm9u7W5yACgAthVPkenCNpcVj8+aJM2BY+Oafwb7nYazvQUIlaobpn/SMj0cIRpcS8ZmiqiTyMzesfibOqjKI2qoqBUNxvRacfe8QXBi3ObCDdmbCWEapsP3o/0XnGybjL8Y0E1+/78uBVt2oBid9+Aa3oz4y/oYM+FgqKV2hw5dXfr+b18x4ff7tX1bsuPzqctmrr/Mhv+DDV+BTBqdCtkcXgFXGOYdsFxAvW+oizLjUhYZ6GYEPbtE+lebx85/lL5xPjJRnIaQvP6AbCP+cIW4+WxkSd3sSr+4jek7Df8KNL9GpQsW3PLumOclpEg3X92vSRBn4y4OaAR47kK8xaasbSVejcBlVx37tqzKMePnydAENg4GRQRDj6B02gwtz8BfFDBwrRLJD0OyMNolX6LhBtYEzYIjndTFPehEvNSjJE9iu6epHmm0Z91vsIaMpaqTJx9mYHYZj2hCptfOQe3u5bRdxjAfKvH4L66WTnVbjMrByJXqoiVuHbwmf7LdUdCnhTP/S4XGNlFiBlGT12dt3JxLOxGAzzyNZ9mC0TWJQ8eys2H1IAd9HXblD745gizhdEikmMK3kQZJaCVfO3PM4Q/MaWVn1pMNJGPLkJGJmbKilGfdAsg7nBuBYVbQqJSryhGuIE+vhbBNZLi9Zc8FgktDqZxtqU74TYxORnXlaqpbGgaWSHXUcznigrYpyuqD/tiize+PZV8GRWhJJeZJSIlEcRQloS2Dau75OzsT+EXr9sALQbrb9dQGJLb/lOcDgSaCcEzeX2hxZ88nmBZq3bLq+cDYIlxQigxmRjf1gsXYUuadMyFaP7y6j0uUUchzNX1F/EqM10489qZ50NqWKBbS7U+iUE6rkNGlLq3EyRQiGDpml4Ty1TQytuEsEVQiVmUQmqZil8dEsQSZ59RIgk21JEoSo5sk2XKOQFzE8S3PAZZ9pbP57v+8f/drXvva3/yf/E+HHr7/Rr3/z3/i//oF/7PdFl/qCr6d4VubcUh0WcsdMYIkZa67ksJPnq0WllvZRNEBWoNP97yeAylgG3WkEImS9j5IaAB4Ph9OZ7dRahvdb1oCLZCd3myRQom/i4BrrRsqnoYE/LTZKQSLzmhXW1CAegXaN7FFebzdbhBRYsekcYluyOL9uJ2IoJ5Elrb6xDE4xsx421Hsl0km2HO8bEHgvfg6eV1AIwchSrcbw82NxtAJ2i5vxrPsdZSusjh5YDsm//VlsROKt1EMkIamvyV0FVr4DAtWwRRU3XlsvqTRi9QWB3ElsSkDJi+WaveaqhgTeklWye/FhcX8AoRbtUmUKVGNA1JEaC/PJ0V5v1gtLrq7GUjXsJVvbidjMKJdTAJiHBG1pngLnYqJAGtPAfPGNy/UW/6wV9iXdE2DHw+GojNJwFLTEJmkrYjWI3lpzZTFubJPIaBqIJUPNcRBGXBItkb7EKRB8C2Y+KInNgBB48zd+4hv484sv3sIOEepaLDBsuEC5KkltBqSF4ZWWLsPFWnjpasXMB8vhGzG4i0E1yQCUjz0zZk0rhWhxtEUJM+7vU3cEqAo4tQG4f3v3EreHcHBQ8qwoLZlH5d9EtlH20LOHjaublq6utadZLqdYMXhC0oGLt+Ti3vfdBNw1LbBK2LDsdAoadvyTvQAdU0pa8wNbD4qOinGcqNubgJIvV4sXd3cdlWwBmO6w/oFxb29ugK8BWgtsJ7hskJBvKiZgsLg6rH66i1h4ZLhLlWK1WX+lqo5ISPSDsivHaEVmzOPUI7Vrl7d4vXgprxs5oePT0x6zQJWBdsGGbOs15b258JehuFWWga0Oy92urBvstVevXr988apVK6dKu6JtudC0chCI16tihZHHTo+kxXE3CCmgfTDdmYryMCuqgnLX9EJ/2ZgS6CX1Insgp2yz1MMeTDNphFgBvqyR9gEzHC0FPSMbYY7AMNlJdxwPx1Owou5G6DrWSD2W1GQ+U3yYuCSRVnLzI3Ku7YryIqvtZn2LrMLNdhqs/N068GDVYRvWpF33/f1+H9RzU0UVtAM8gXHf1VRqEcDA4KK7h0fsHdwPwHcWTngkQsiR+DiQ/o5A7/GEJX+KZ7ry799H0dm62/2BX+dUZvZVwyY+H6PVQGJIzXeupVF+JtDbI9WAAWwJ0BbAf/E9N9IuXrT1ASuQrHP9obKS86l7++79t9++P5z2GN+79ebV7W1j6kjIcGCwJPhCPfhDbzotGHUgy4+Pj4N6RGC2AGMDo8XQEYdjazKS7tt2/Y2f+ImXh9c3603FxNKwWJSbzTaRC99i6wPKvdkAIy7YSBO2omNCDqPLZcO6d4wwpx5zs94APYlPu8dOuqj1fWPLQ4azMsZ9JVzeMljcLWT7Uxjk1atX2+3NUbo0VLpniwsmCfEkZ2A2yHD2/aLBLTXrxS1wbKSUNsvFi9vt3c0NLJsspPTcF41PscWPOeR3JuqUclxr9S0Kh8McS5fpim2QTKXFPEPBUtYX3otA5TfywC2K3DwyzSCsKXNMOY50EYQ5lpiukIEiU30U0loCJmaJSm9uU7goQfYpC2dF6H1un/iKqoolNcGwuxzDO8KTcqAdr11ce7mK9eRhu1zQjJZYWDWHUjOWdOEm+YPlYDJZZOZFEIZmzjXcMxhgl5lm/GL+cb6Y7l2EDKdcxTIXe5k0yuURrmEp9/MdUy7Sl4iPOWgM8UJMy5+x5k2KoU21TmUZmHpqKLGXhkBi/FNtKpMFszGp6RxS//Toi2Tom2JOJzcxLGbF0sjAdbKwl2r8lFKxCalZiAYY2mrFLfAUHR/mMVHAah/p8rdDs64WN2V7E5s1/is3FJYCCo7N/GJb/vt/6uPH+4df+fYXD0hoEfif2JZA7QjNQ8zJiOj7w7BIpMBL2hnsvFMZlWNJ6s4aQlYswHkhTS+uXSQvmbXmUjsJ6ABWO50idiicuNKGUhUPlfpPT2qh2ivU0gxWRWYUZjxOk1VKl8kWukkOIptq1DAkatnBj4JplRPRVT9jSq1+4ifJKBF1Fo8mBvXTEWJVOkpLtrFe+D1u9RRwJuAR2L123VY94OnUq5wswL2kKlSKn77b/1t//hfHbvj6m9tVWy4AxZRNRCbsxLYlsK3sqUrJJ3x5E0RCNNSeWk9sQl0KGmHV1KE7PTzsTjiGSvLHYSMB6Ox58IXV8fTui7dvXryGL5nUEmDWkClUhOeYnzAW3zGFKkA8gTWJuiejEk1yz/DfdAWyiaqSDODykU6ZI6/dPvmMeAWls0ocVHM9GnuL2CjOFTV7lWFcunXDZTtzYwDucQVhM1wfvJRgKjw3lcKc88moZMq4erLyxw8+nlG7kFmDX35DTqZ9+MVu0/JtzCH+DGQbcpSuPnFRgvbvuvrqD75zBnbTxXh+f5P14V0pcJtMBci/IA9gyEpOGYmwq868Xc8p6UIzrm+DarBuuqwLTwdcQ8z57g0PnXOAsIqFk+ssu5a1RFK4cNv9m2Yk2FdmbmmVctIy2HnpAHJG/dNM5XVsMvoCvXrqrN6kINcRmOdfmbOYume0LoXCAAAQAElEQVRrojClvBjzFEcbDcMCo61mL1CRbpLjqq6ELyqhirpUqlqaw6DP5jcZ5ls4pFQW8SqjqQGeDPm+ymcml0OfAZ98+CkYDFk4I4UMS19OvHzax1zoLLENtkuZLE3s5TzeznfKyy/khLZnDQQ7JZ/6vDhUocN6sp/86LZM7Pn87rEjCFSucZp8/u7xSJrFEEq7XmkgujU2nFsdZ4jfz1+TorbCuMvaM5cjmJ3SOEzX68+ePniLz7wx3RGQLxDYkXAgcE3limDtkmzS+xR25+nt03FZppeb5Zo8D+AGg1KRmcHMLylEzCqNL1qoT0KWE2Gpm/FH1Ve2yDcQvb1zDEZ+Typ6klfmCYHClaYtl2wnmCyJT3Iqrp3ByWncgf7ByKIH34/RhHTDj9LrhxKAzuZ1tszm/4WLktmcA5xt8uU0yPY3pLkMx5d7Nsm5pMghjjA7bsFIETkXGi8fjLancrJOng9lJgm7CF0yYzSZZIbKxEarytYlTAM6XDJwk/mBZeEljHR5xGVRwTVWcMc8dIx24UqRLnt3kl9G4Ta2fBPBIKnJD7CexDJY5XyM3KPa8CijdtZVsgWVaxrCP/AP/EP/mz/8h/62v+0/Hn78+hv3+rN/5v/xe/9b/6B6cBnCo6rOorA20sVUuMt3tcDdWyQhVMS5lOZetNHPNCvdGSbgRyJznk5w97keXH1YSCKWqMRFz1EFkpWo82Q3sqTZ5At6CdtJ2Y+NvMgrNBlNutOeVimk5rkAGqRG58n4Y/jSg2nqThJ1pdqAyqWl9YFbll4uoxH1yixyYJHym/m9Jp8Rc39A7CoqQp8PlYAzVpeHVIdK5d0EcIsCsF5poJVJ20zyHfCNeIM2aVArPIAoRMNZZpnCWnhHJfrtpDJzwDp443G/Uy9EIlYAWQBKApgDvAoYRXgbNbIr1Z0bL46Vmw1Vrj0RzPjfSQtN2QI3HPqz88ELqjoYrrZQnls679JVZAk/L0i+s2WPmV6YNBcU7ACkAyh80Q6Gg8vIFe4VEu8uElVMyE4daEwGIvjTCExfag9Jwt8TAM7lat00S9GN6w1grHb54u4Vrs/CDqmRONmBMsuENiUnUmCil6sV1XLffIS7WS9XDVJl1E6j1LLJIYdzN+ToiPLabDSBiYvIg0h3gvoqVbJuEsE7TYerGkgxnWfTL19kNAU0xJkpimSNEHEAhoblSryPkihJdbymCnDu2KYIAz5wMRzFsG5I9C5t9UpKkolp6s9onVjzaONX9t1wPO6xZ2DZ67Z5vfqIi65jBgJ3TilcbRJgi0Ab8VDk/apxM0nnQBe6I9Z3TQx5dXNDQBM/B8p52O/PVPVlZAaoMZQtlQVub61JkWBfjkzfUbemaiYg3O1yQT77QLFycnJPPR5wc3dz9+YNRgT5B0zcerWhkklUFXQhsUzHAqIkWhptIpwWoZJYCem6yTkHhIuo43xmN1tVPtCKKGPhJQXdsap7fCooIlLHSBKpKCuMfA+rtgkts7Ehy7cptaCJK8TUKygmzrnCYltivywo/L0ku3W5Ou6fRm0HPe7EtnXU8dn15y12X0O1jUY6MRbqEHqQdjCg8OH+4b36JqnSvR9NKwEPjpRHkXXaavVQxXBiuQN3aASU29UqpRkWEnPA+tzvkFna9xS74AzudnuxSqoVBlZDge/AHleJEXNj1L6nHav0FdzfMH2PDw/f+96nu91TK2NoQQs7E5fFslghFgIs0qtUhfUBnXRBZOiAxQPTPa2OuDoBDG7qlq0/z51sOA+AFdIeqvvgE/XnHaUtCOxiqRAmXi6bxaJggQXp1Zvt5tWbN/gq82QmCXxJ8Jrbp6dKAO9ZckNNtazDJogEPDw+PXBjYhjrdtWybJz9NPvuW9/57v5wxKVqWQL8H1Ydli7+gpsBAKdnwldX2knAu7DSClxk0dQb1aBU6qcLy9CfK+DlY7eEFUMmDatTAuX1q9vtSD2ZcrVoV4sld3cpVSJuE2+H4Git+DKG90n4RkEuj0FpxFqgOEfeimtDhq3VZzQzd8jfMqlIBxWKmZw2c7MynmZBdOZdpw9CewdF5VYqWCmiKeDwj0qcppAc3XAQwF8xXYV3s8/q/KlsDsPkwHuRQi51v/Z1DUPJl3zGQZqoc1zk0HnKEXD2l3VxAkAhzHhWuJRJX0MzhRW/eLWvgfUKyQxXz8BWDnvTBZW6kLUKvzh/Mjd58rYoNjRKM+TvzqBc/iPN/8hwe/So3MclCjnO4mUe+qd5iMyxMoKzBDTO1NDgIaDkgrUXj8aBqrIySDCycXlp+hiNuia7SbGCIPUvoMWhPBfjIk5sezFRu+MsTsDkgFvMyqSGQVlzV/79OJx2xWlXL4/N8q5oVrFq0mLbUpLsAcn0Vy+r3/pTX2UFxPfG0xk52ihhoAzllFki4OIHhLxO+CYMNGzukdaGWa2QLkAXRoQ6NmzGODYl+csdhZ+UaqqX3P7M0BCInQdzsgppAdACK0pJX7Ay5ay2yaPrgKkKgVlYnf8ctHHMWiQmWWORC5GcOM6AY57mILCJGIFDPcgNUOqJoVYMKTfAkWMapdisXQELuVk2++6owrYKp/Nq4vE8jUb8p9YXrATO4M/e7f6dX/i1w27/tY9fvHxx0ywqJuqL8sT8O9OJ9IMkZl2JqRDceLAIFQN3hB+SKIZ1PLK3QkUOBx0P5F0Pp/5wIr+hCCazps0ikfEpWhM5T3bNizPkTIm/+Xp/OnA38zA9ehUoo4Az5X1reyakrGWfXBNshvzsShc9CxmDKYe6WjTpykDZsWtnEEtk2HJDH/MPO3Z4bYiyDQrhS8mwbPH8nzFDl7PUwzz5BlrGjCWHH/DK6GT+wvDBF2ZnMu9/s4EfQMSzEZ/fF+fUX4wzzBw+gM6vPnsBu9PlV3Z/Fxs+Q69hvq083354XEy+AxzX3xLj/Ewzcj//Oz7/CkcxLncx4xWX0fAMRqEcx/WIXD9ecKviOHkxnzvBLYEtH6YS0wwy2xjldevHWbic3e6YzjPnp4wX3U1ehJQBSV+g9sVFnMfcvq1IF4Ga0juWens+1bpYQiWkNM3ug2yQKUXk0hUpPmewx61idGh0PvxyFz0zqRnv979Ol4FOF6j9ynuYB3P+5+UYD97ly3egGBJZ8lmrxBoX+170Gi3XlnB34ipsmkzDQudzaZlBvadERFfEabusv/bR3WEKv/xrn797OsApq1/c4NPvHp5gskaJOplS2BSvcLF0tUisMalVzwaBUWL+XppjJody3YroOkXuAqDm2mx8FHO2eEbWDEhnFEbiUckTxpKsSgiYx4fz9qkb3x7OOnOMb4nlUWZhsaCAW0RorTSzs3KCHUiOSmSOliigphUTnN67xpvpGlKtQSzcms5u4bzxwmXP+b+9qkw/GvMy1DePuQ2HaDshhh9o0v7mfP1wMqBn8xTmErzsiRqdQL/P1siZybMfM3/e7Z0dzcGcFpmvGGYvdd5owS2MbF9ebO5vyy21eMfeOjk6TWFY67OcpaCzy2Fxi5d2mj+Ysk2SbRRl2o6ekqBPKU5lGKgwOTH7Fc7q7ETZ2qqWj1X4Zpiko9Arc1UmEuoK8fztsgQJ1DGpYSuqwlqN2Q7Ljd/5VKfu9F/+XX/f//Kf/+f+0/+pvz38+PU34vVv/t/+9D/y3/yvqS1VsBzy1TErSe98fnvuQLbaEoOYa9aYK1QSbBRtkY3SrpPryCZbKi+d1MrvtGhr+NX1IN6inaL4FRVjHoF7SSq3AdYBDKWQOMY4OUoVuN7SYb8LxaFUs752sRR6JUpZpG4Mjo0z+6odg7j5o2RYiRlpxZr7bq3KWP5Jfk+/31GKFRdfrVf4VlXz8MYL0W0KD+D13AWLrw2oHEdr+wNE6ZyOCSiKNJCt69uAMwlPBwwI49YLxKHIhhB2I/9OqsnRHiHOTVC729ySdrdiQ7PpzBZ3RblZrZoSv6Lk7vGwW283GJkpbdQOvq+9eMGbqgXFtmXLU9E0MDWDE88i5uER6TUUg2ajrV7TzDdhVwMTbZJtZ/F6j0eb7VL1EiK+WY++MJPPAH/i5+K7qoupZI6FUp65x6WlCGsxliUAPWKI1As4qZqe0eDENmi9+iQwmrKeOfjggm3HVsKqEOpRKUV96OV8lkUT6qFwWLwt6+V2c4e5Pp3DNOZ27JMmC5kEzqFcID6g8h2NWb5pscR04CetZHOXy7VIjiVrn4bkbB/l1OlzxNyxFXEgBlKS0JaKK0TMJgm9pJgjhT4KI+xQ/ZmYYhFNFxiWr5iTkk7bjHmvJRdWA6bJVWpQQzCIHIjb7vEBawpg6KvXrykfHA73D/eUV45puQB2TMieUjJ4PLm1CGEtXn3aRYLPgOabRSY4RMwR+zwejkR7RxY5AF8DVgg83560AiCYUqsWmcAlKNjSkDqMjzfTAitFEjiHCpghViY/JeFy9bINuRhcSFEohSZY3b0JrZRS3NTIJvXSVL2N6Qiw9owAJXb3cb/HrW5u74RBNCSbJ/aNxGrFE4U4A9s8OKkNMkiIpsGzlApForo60WOmVvOiXq43VvGAadJksT/i6ry+e/l6v7s/HXYYz/Z4mhzGGc7H08PEfrmrbVqsNpQHjk5uIEBsLp0VJw5nFRlOjw+PkvmuVutlRaWQ2gSnMGLr7bY4UZGqUo7LZKuwOExLGhddb7aL9RqTQgkgloMkWQ/myFLwvsEW+KveaEq5F2wl6nh0ZzypQuk8KjlEyu/5vF6vgErAdhwOh0J94ff7Hb4dM7pcLNjbE9hxVb958WI4nR+fdofj6bN37zGbbV0BbF4fF9tzt1yzwyfetmxDvaLIObMpp9PusDsgo4gdLZcCd7Kk8sVqu1oTSwLsssSXrAjo7/en83ExtWd1bYV3AOhbJYhWsQ6wi+mB0EQKPqe0e9phWKjCg1mC3TufdvvdF2/f7fYHzDxQFRKWsfzaBWzJYrlm67+iFMd8iX3z8PCwf3rcp4flbrFaUEjM+rFMJP+xjgOnQqMOj8jATMC+y1GtNwGdw9oQzmMRD+tjVJFKd8faZgSXmgxWx+n9t4pKwKHeLdOXQ0YLP1PmtjryavK+FndGljnIKHnD8uC95GWMjfjC5eadgUxYMPtvWgMen1o2K/otqbgsk5+ZXsS35A7SMctD5EB8hoJDxgdCjlKvAnpDv+3g9z/y+0M2bc/BjzRjFSkYwBxd1WC6fK1XLht7OmWM2uKj0u4wp7RDdIzP7yCGa8Bh/r+UI/LsS1+gEy8RdhqXuaGmuGknkAOnGb2wWC1Mc2iv9GpwPMRwnyw0HWc+4xU6locyd27mgsDxwfZrVBt3KedR029avJi2mjizaleMEChmvBPuMgRltzexzpmwtIwh22GpWW5CokvqTpSf70I8YbfF1MXpTD7yqNai43AN3+DvzGaRatzBAwjDsV6+LBa32Fth/YJgdXxCovXrX3v9xcP+8dgPb5+ConJH3j27ECxMD07ak6awxDK0z75sywAAEABJREFUBQJ22JkBBXFrMhVyECyp6LIay+nM1rJqBIpTIVozm5DhxxyzJKtHCaOSLEyTMxll4K8ttMm7NlohXWUYY/B22Y6nyFHkQCTTh4iTYfszJme4a2ELxLImqudjMoXvmLJaTDQ+AVZrrQa18kAKJDep6M6vIOMbTuWqZxKxI65UasK5KpDH/tXP3gGb7tjlsLm7XTBdyhwqv1/a8slknOp2pH4IK4SoCoWcAVbSk+xhL8QdX44UIAb8PCDNfH7c0RmFnV8ho39zJ3WmnKFyJz5moNC1ZjMM5ZCsB4sm2TMLqwqDSyYDGdNl2aer/W4E5nQlYuDXNaxLWoyk8xt7/tnb8o2lOY7WYAc1gyAjKtaXkPkabHac6Tp+ztvWpjXFHwC6zD99BuhciifSlUH7QaBNvICS+WGfXdMXlgFdMSO78SIVfUk0uir99XfZs30AWl9/4wW/ntHh8OFFri1TugYxrqHmC54RHJm+ltGYB8iPAvufQoMQL9ifvWXOaNpoXqGHBpTk9WKNeVN4BvLnX4dwWV0pp/ocR5PRG80STsrtxEs9T7ogzvMdZxjf27QGG9QUMlvWzCFzem5drYeDDqw46wwZbW+6mPiiuB5eefMCcEfrEprvf8oAacjU5sJaDBfeL7eQ9pJPYeHb1JyKMOeM4zUsRFPz/SclPNuVKS//wiH1q3XpUH6a3zd3Gpw8h6dC4eKCcuZSL7WyS5eMnapRkprh8lAyslhlioO2rREncHAx49v16jd/Db5XqL737vOHPd7x4u7Geqkfuj54Qz2bhtwuU6058ibUcTOZhkmhgF19C+2sjy5pdVlreQ/ldEIy2Wh7MPuDb5f0B//QXSd2RxvUwsaWo6ZPU3NK4f40LZrzooLv6isgXRTqo3HeRVriyVL6MuXZUTicaHi1+rBqMk1azTdmpkAHR6WTQsirSbik3MLV3uThqFVbKPIaLzs936HuS2mTH2jM/uZ8/dBKcGTcLR8/Mc67OBtCP/umy/vtnHF/J7kgkU9+iOnKY3a1RzsCzILKkZO6Ue5YzNqyoBYUKlkwv828ALo7hFhknsaYm3cWLofAa5S2VS2CMkdtTJZ0dBfQ9itR5IIcy2gCs/hK+p6mnKvCwWgux2RhOvnRhdh2QzbuMYgtehr6GTdHFD1HOOzpbCfLZP3rohKOaX88/hf/nr/3n/6n/sf/1b//7w8/fv3/9/XH/nc/90/+D//7lk81jqelpeV5F/PhaRNn1TRx9k51BBBDZZtXU4EuhT6zbKcFqknwk2jWKCELXH739BTDBguCkrsiGdDH1qF8OFBEFHgBgIthWMYNkWX2KpsAPJEKR07ISQReYKkAODbbu7u7mmq41HlJp976weBfgHKkrsvHMQBaCG1lh42gbQYheMrloum6Av7608PjeThvNxtgFpWeW/0AWbmvShmSfM7qTQb8CqsaSJN1qNsfAIzsWbNet1HxAJ7idDje3d5S4oA6I8cU1eGtpVDsjjp9o7kyHTt+AXnire/FgbxZbwHbdFMvsdemFg1ZKPZpJGozAjpCeFNRjoDvCVMWzxMGxXJdbTT33XEEEp7zSg7EfngcRDjU2Dkz6Ol6HFOj1dxbTDT1GOPjJKYq4OBoKD5D1sDCeXbVw8EMgGwjZIHi7ysW6fe7PZDDp166HMKIpO9R1Q895ZXJwB2YNAZyRLHmAmATFaVX6816e8NKteG8z6xPMr51grINEaPLyrQ3WVpMnJsxX9tOVdEU+Cagcr2iE/7uTNmMWl4PJs6qMdS1SM1sELzFBb5+uRrMVcLJROHiWrEzxRQ4dBRQIeaGuLyo1G+yUJp6KHqZ17YkZCb3yhvkEPWmbjHW69Hj7xixMicFiJNCcTZVo+glsLZa3d6YvDOifcres+DpWlnvKM2IxfEIlK97errfUknhFjdzOh/evXt72D3BybvZbm9evKbaQGX1BMSFMf7bu5v1EzIZbCeL06GjVMhp2bSb7Xp792KUNjfzAecTV2ZVK3ClYviagG1t0JtF3UyTIO5rKmYpFitszhV124HZtdiAeCCV2DDFQSzSlDGpgJxaNadiqobEW8TDOBR0WmGhYaDjUErI2GqYlYRiggr24fH9e8wLufE3N80Cy7U6x+LYnyjmUS2Nj6ZcA0P90SXHqYqOiSTETYBFTPyS8g4rAuVt8pOWSkEELMheb+EbrjcLIJz4H+YeCx5/Ai0FfEm9Y3bN6gBAAwaf1L5OpmwwigSW5N3tzak7SPmk68/H3cOeGTX2SmTFtsSiG0zN7YuXWyEdTJ2M6XQicRi/e/2aOHjNew6r9fqsdio8hclrG4Of4wW2C4YJv+w0mLBqtGBtHSmC3Yofhx1LLXLs+eVi+fHHHzWLhp08JzVyWC7D5D1QMR339w/Apk0i+enpCd+BzfD65cu75fbb3/v025999sX9IwZtUZXrrpyGDqOHK2DJhqcDhoQ1kvjGcXh8fHo67WFZKlLEgW4ECt+n6WZ9My2oX4+d+/j+fl/t2Otytwccfnt3qwTZRCoMDNrxiBUo7vYtFWmWlLDnq2k/PZ1w/cfH/c3Nhgr1HYaM6tslE13E9BNFcYOwLKaCVqu1OJDUkT/3x0+/973vfPtbj/fvm7JYL9q1kpk4uVbrtlk1VOuvZJ+Yv8RB0OJcKkgir5AugxMFUzu5+miUemah2EZJ0KhamzKVTogODj5G054qqLNgEaJwsEEpilEJEsMuLeSNwYm3YeYKG28oOvnKlAyCKaQnV78SyHgFzGT0OVoZr7ZbMuqzqeUqZCkkxcN2Xxek2TzZXJmXyzyuqnhzkJZm79RAkOh0J3uXakSMJCoqZJgyPce8yys/V9GpvN+YY9bk7Yu9FWGhjJ0bT1lsh4lz9y/D02OOyYR4DiFHmpe/pGswxaCNOONfhfr0WBs719vUy7SpLbCeL5uuXHXPdzk2lS6oD/+RW8wbWpPEpsuwUW4GNbF+lyH2WVXZY5a7ljgj1h5TtnUhIaekNkWCRgcf9sm6TmoMxe8AFGlIhvSk1X+Yh34dE8XRxQmcynoI47nAO0cgy13qu/G8nwZkd45BJcbywIEDFGwES+ClT93jNB6oIzzFZvO6aJCfuaPFPrzf3iy++rU373fd7ulovVXZaxTWIBkoqeIgnMyFUsaikZusg+nEVFF8MScERNPREmpsSko1HM/d4QmblTJJBc8s7J4FJf0KfaTwpE9pTH7V2USkyoymQAF4GpNxqjSrhqFQrlpaygBuVbRJi1ppBXBrDONRoHxhZWRVpVymL3TVx1dKjbOpgzzVSYL+qu+ZPDMyqqEuvoMZLC+kxz0Wt+vNIzy7/hzUDRhpTBxTeCTkeOExx2mghEnd7k/Dt94+dWzMM/3Ex7c3Kx7luB+YaLIB+pFNnLvzBA+xZk9U/B12i05l1+2OB3pKbJC4WCNRWlfsWHLCEcbOzSQW1IsXt7effPQRPF5bqvR5tPItHxIzpz6DGQ5IxWsQUwMRHKorgmd+phAuVDwZPI+Bk+9OJwDqctEtJXdYaaaCxHsTTEiZRV44xjI5LSW4LLEAvUF9Hing7zY3xHANKsdsb2IMz7SDn6XFLk8VrmDVZ1hMmiWP5lSEP1V6hpJeDEPMuOHl2t/nlT+e0vXYZlOcLijg1S8cM7q+txDCRafiGli/QI6Xr4iX6ulwxYpLIcuSxAvwnT64N3+U6FXXKQ+Xixpbf2fddryqQMnQbJptoV8lT4oLZuRbUWJW0EQKBlQGz+wwNeX3YCs0K/Y6aizKkW7MKr8ltjJzmsfkrYmC8fVmANsstz1vzJRvR2rNWElscCjycWMPwIS0ZGZI9Zumq9Gxt/HTXnlhdyReX5yHI03zCNqkWXlSKFyV3RAlX0f+nR6GG2wZ8+CobD2YAxzmzevKG8ZMpkH0hSNxpxBCLvAxGQfxhR3jzWnibKnzap8PXMmOybpraq5KE0LKmWzbyJqJaajI3BLtBwiAneZaKxEhQN0OWhYvN237k5+UbKPy2entE/vNbNenfjj14pt5UjYIf55k94tkfbkNtPek9pzvD44he/G9rxI5ctFaVGeZEn+76lDyta4UtG1IebqxLmdUZ3prYJiCJ+3jEKpdPz0c+lWRlmHRsEIxGYRchtJnR3YkZcvBrIJY1MFljKxi0irSCkt2z02VLUNyZWy04grDAx2AKeYkoqd4xDuf1PawzDeawty2PeTmXG4BfsReP5QAdD57glHzXeTKbdY0q7nzpY0bvejoEhp4yotvM/ZJaQ3MvSqB8EdZzOV67j6XGXlW8ax2b+0kqClcdlu6JMaUO8HvBrnzsONTXXopN0EnkpuNZidGIwAnk4DyGzFRe9Ii0iSc6wyHi161tj/pGmc7X7jc2YzD6jEkaVbKIxylgDPK7LKtxzAEHwRc4WxkBA1HOblmHAWjUz+oJUiyYr5/+Kf/u3/+z//8H/j9/8R6vQ4/fv31fx0Ph3/mD/wTf/yP/guhcKDZXLaCQA/J7sXltDM3XgUsCIpMqYHV0OVggWphBD2aUoW6PA3ZTySqNzvFS8eqnNgsagACe+IXUiSYyPXA4nHiI7Cf+FIcXadT059WgKOCfE8sG2Af5A5RdJcvAsplud3uBlZMt8nUP7gvSe1hHvXUAcKIMW+coEhcEZ0yN2US2RARDMKd7XJZpJdLuOutsMgIKJtxi6J9bheAbuyBezw+ABQ5HG9v7262t4umoRM0nIE/f/7+Xa9eMQb14huJZx2OTbvn1+NokUqGYNYBABe1jJkoDve73bv79wCgAfSM07bvu4eH9wiucLXtdv3yxQsg7PgskL6g0q0TpRHGYHLGBHOoNXjuznzPYlGIiTyw/000FRRsMk1twU5zwJbH4zjwdDKlhZHpomhc8sViJfJtIU8rkhJ1ZsuXxbKty4aNSpXRleYgic5C+qkyio9j0HfH4/39+3fv3z4+PgJxef3i5Uev39xub4EK3d29AsrMXS5iUt2QqwgMar1k2Ekq5gow63H3tGf1PeUX/BzG160BT69vVpTpaIjBdUcyKJF+OHdjv4hH5uUogxKVcVcFPg0RFSIHdg6SgqJI+Gc4DZRsJWeK3lFDLRf2AKTA8n6HBW1ceLzwXbd3d7d3L8uyNVoaq24BnlZSXmQVSFT3u8pcaWXgZOzo7rHZkdimfGD1M6RHokjWQ4XeGqYNgxWJeNMxcS25kYIMpY6bW6DOyzVnuO8wSQPNb/vJJ1+9vXlFVunpQDWBWtTjyZ0uvLlQ7gL3b2tglCc0ql/bgC0WpZHRVGLbUXymXLBvIaFy7UIEvIHyv3UmVar30VgJQi1WixVcS2SCuLgo71yT+iCEBD+fwuSPhgvXHC2WRJCoUokJx+aBgH8nAYjy/kdTlMcFKGXD1AVv0EQ2AonqlGkZlmMjdjO2eRk9tyJ6c1tSlJkzMqbJudSTtFIFYJl8peR9gs4a+KIVBVSiAVr0B4FbFrE5V2zwyLSmtAYAABAASURBVOW42dy9eSPKFaayXC1t7RGAFiIgLSBcRdS67c0NvvDUYXZWj9sHTCyQesBAUzB1FQD3LWsOmAwjOk8NjtPpLN70vB5wOey/Kvv06tE0Jpd9ptIy88AEXgsczE9Htr7EsQq4YVwgpwD4t1zAevQDZ7Us4crf3t5IWIiJYXYnnqgLA5sOS8WuqjCeRbFLsMMHXP1EM1gDucBmBiyLPNJpdxwpRb6sCNHWbUlh8rQKb9++++L953j8ul3AEO2OzD7DHdhuKIvUAbcXLIHD/vH948O7e8AgJlGEe4FB/s5nb7HxX97dfPLRq1d3d3ArsJ2JRY3EvY5Mfw7yrJMaaZKk/3B/b87Dqm3xEWS5mORUSpvZyqf77512w/499qq8kvhYlO+P+29+85e/+Vd++dPvfIrH3y7bl7frNy+2r+42VfUJ8g1bIPpIMpZNaU66taZRA8tgoodqt1OkwsRLskpf4dUfFnYaEKx/kpIp9I48yslZUiq9GdlKQwIvinHc1XKmUjDmX9axNGpvsnpduZm8WuFBc3TBj+DtCW3zWbxZGUe+yE2ALJ4SiOmUHBPZDK7zzEfLTJgwQx3J0YjpgljES5GtJW+Ej08Cya2xjWm8F5M4XCRCOI4iLN1QjWjal2Wmlo0mexgp6aT7Y/FpZblSAyXtlLHvlfmNV3FxLvZ2hCzjGzKbM6ZkGlbJ/hZMYLOMRW7VE3No7ZBGypy0kNljKQM/V3Ga8TCsptC/K6tNXGtuChkdkxc7MncZrC9vBzuRMtoOx8Sw7+BYSClAPap0cLQmc3RksDMkEe4EKnV5UUkT8zLOVcn3qDeJZhZLSe8WOq0qeGlTDVx7DYcLGbWi2Zfnh+m8O3eHkXUwg1CJKdOsmS4Zj1/A18BxUS4+roqb2CLv1cXz7qOX693X3jw9Hr7zre/iWK20cnB/OHSMf0MinxUaC3GYHJkIOIeRx0EuGXviwM4aEw4yOzMrJnq5baomlGPVdz1g09V60bB+6ATQ4wxUHQfGGeBjZBWZCWgIXsIIjfsdG0ThMCtxpjXeoDOnSozhThhiUDqHXhiPP0FfTAjCuCXLQGjQkUge1cg9ilttaSCJm+AO4QIVll2g7xZtJQjxEMeGYlBMZ5XKLquCrapx2OPstlmui7AsCyTxqFUdWd2CnG2l0Oz+cfeXf6m7f3j66qvt67vtemEwfFkvSvhfR0Ih3K3UQVpwi4zEuWskLpl1sn4YTdv1/eeP8EUfYePxpnVZvNhuPv7oTdMuo8pfHPjjVrT401A865w57x5P+VxIRaaGY06Z3ElZKHvPZMTLLE9qX2LSkjJY1jiRe4znNhPxzOTjXTWlQOCpVQPxHEnpFzlzJJdNK5796/tiEp6Ge8FINjXunY6p5ByzUvWs+WqVHiFcQelxxmuvgGH90smIjkrm33rj9WCfvv5IvJgc+4kBPxljvVzfDvLg+LH9IIO4HrZP1gUgI8SO4825gOtNHUL+Y0aQTbG6mFns1rptMg7bNGX7FNJzsOny/akMDo1N4cOnilfPETI+OWVObciJSn8auesOXmZepp1uLmSRYZSr5eWCRclREEPp5m9V2OWzYAY/97fNaCkf0LpWJWxVVRfRZ5pMTjz5FS9JgVTMOEwMfrx6K0AvKMrDO10QWbqAg4+CFWgWF2tvd06wbwyiWzA/ZT3fDAi0qqgpT0FG5kV8VtdiW5fZ4UvWGG7KxW0qJVZNuuol886d07sheJHmOM+vp2/8CM76v5qgojDd6iJ5sZygoWG6LGnRtn3Sky8qTxHHNB9tloowaJw2c7CYTpC7tbmNkypOTb2MDQZN9Mmy1VSeGE3om2OIbNtvrui/10P/rfv9uqlf3KxgO5/2ZylDWbJ4KjxRgclWx91kihJSIrJUdXZZrLTSHSpHnCwzavU2jkLZ3lS1bGIQnsYyeN9F23pMNZT8dh3GJIvhh9SSTcHUo1gJmYqHYaq7qa0nYAeO0zOVaj2G9dXkbBfKXHKHTnTZ7LvF5tZ9WxcqwxPJ54illj5RFNWRWjLGfL3kjhiNKWfgsi19mZqv6j+zNyTRTcuimLe/A9/pRwuD/mHVgDbz46eUW4lgiT4HoFPO/7hF88DEggVp+wAFIw3f6/1KRhWVK88xehB2EmdhqDkb7TwQxS2lsh+za5ytmgcnCh4YkdMgKPwerQxElxwmU3W2PG1gO2ITtZECfrgg5vWcgMTfs6fs2U87VyhfIJEyAT30ARgik3/K7vOJFWfwvNS8y0Ymzsk9W/5jznrzbtifzQIkxeowLj/7h3/u//Kn/vV/9Pf9vt/19/yXwo9ffz1ff+Jf/mP/83/2n/30e99h0WX0wlSzzl7sE7JPYOk7GmhJBtIdpF9Uqc2WCx9MOd9hSVKFIJP6uavslkitSMQJCO64w+nCghvWKKkzbNfBY+/bsgDqSqJ0HE6Hgyk8STeUR4Aonk7EoIsPPOiBYPRisZQWOTu/U0+qIRcV6PLT/tDiGFwucApKtxeLFLkQ1oCW5any8qCwXq3g6uOR1+I1q/TGnI+RUrmCPM7bNdms+CCOk3447vZ4sg6wFI/AZIOD9GbHRoikBNbUkSjJsasYo1HRmF3Sy3gOR/bD2rNTYsWY4TxNp54SN4Bh18vlsmF/LQDsogz3pgGC6GK5XKnfYN0N57Ef1Z50UryUURKAXguqqQLBY86cLXBYA6bUfGEi0fidekglkRdYzqkTnkaGuFpxiqWnqZgVawvznqkwX0riQ4uBQJo6xye1mDQLhffsd0+AhE7UeEYc9YiDk8xVHqDsEwM3A1glVgZb4O2Pj/fIDZSYuOViNUoL84hkCHFgwPuHuiZqbIXqTERXGJN47jpMIhArpA1gbqh9QZHWSkc6B0Hjyef3Fcql2NdlfVbSYmBnxaVpeKtvezoPnZ4Oy2EA+l0L+MCUIaMhv26UlmQgjEp2lPHPonQ1e1neBdA+XM9oOq7r7bim95+dnJpAM11Rv6iwpltJTVl5USp1xzE6vhLJpC6NZBmjVbTBaSkW7aJZkCdbGtOxaJq75c3NzaiGfYZsCggbTqcjpgDvWFQr8nblB+Ni6+Wqpox4MqIoLluTwlwBegUEgfQDaf74HaHujlU1JuxirTqp7V/M3r+6QVbcpFasR0IuT4dK4ox06sjsKkx8bBIrDbtW+prU0KQUZsK0BCOV992gc4AkfUbcwFKXi+3tLUYZc1kqiAc8lTYUgpfiDTueS82FKplV02xutq2UQIbkyro8VanOxuEmisPq8tFjBnpoCOYHU9EtVOoj6CuKXatu2rIzRnkgtiCR+sQdQF4eRkpdEkl6rnmuVoFF04tXrz9ar7eTGh5Ueny621QuJ0bPlM9xYnPFgpRkJkrkVUpqZtSEFyo9kiI5bMx57GgpDiz4GAYAsmtAMsDCV0sgy8fD6eHhAYO2gfHarGFskMfGHUX1GsU+wBQtFqwXwa6KbNnKWgTpdA2s3pBsDhbnqe/ZS3AaARWfgYrTeRgpIXo61USx79589Ob2xYuiqZHtOZ5P1aIFkk3Y+njCXX7x8PR07DBIm8cnINEvVsu7YYDpC/guDtDx/uGeHMIKibfp1PWKGYsOtzSNrIFoW1qhFLCnsVvvHx8Jl9fVij0Ab2DvMM6kFpsWRVksKZuyIr4faGn7883uaYf7/8Vf+tb5/EuSFx/VmAd2+xym7s2rNS5yu928RLrmxYuPX726eXG73mwwXLVyNtJbcWUM1V0WRixh+0UJy/APWq0c/pmnlazm+NIAyerLnDLkZ6hFtKOp8ahJwIxXeyOurN2QqX6G7UxORnO4JE4zD8mSSeZRmXSglfBmr9LpzzqvDQnI+InD0DPbLmYkRoVtKZMs5BuGmasYQvAO8DOsnWP5kCHp6Azu6FV7lsBOIdPp7ASZZhawx9/GztbnCwNMPbQtctPEa/JPVmIwT+QKKcleb36jpQB9BgrrYqRRK1xeI49Nvg7RcJjNYOFxxq0ucqbmXF/AuGlKsycbVcotWpVZeFOitYb2GYdz+glZz+PUIVmsyarV56hUHD1RAJraeZ10JlwhWKM6GX5r4lmGO1u7An6fWvk61G8xZhJNV03+dHHlwYuakKuy+qGAkUSKGlgkIv7lWB9CvS/6fd/vhtNeS6owQFKVk508t7qd6mZ1V1aL0N7ARdusyq9+8gL7tTsdsfWwqfF+NolgD0TZXraeNm415UXyaKRM/Zpg1FMAVDpIYotpvEmbzdYImxmomV9TVS/ubh4eEhORI+XdD+dxJY68XJhkaiaw4+zAUOBEQeaysTPFtjKM3GTNz3OPVoy6/MbhnOiQ4N6GIZeZ04FQ51DOsoCfMiOGwtaYvS2coBHo147RSUPmGPueL10/R+pCY4ITOKZ6Og6SEIk40Ta47onSziZ0x3Ic4YiYvycA88O4P5y+uN9vN6vtorldL9eAn2mvAX4XxmMkLC0ugkGt46Q1PiKbuP/0/eNn7x73pzMxoDLdbFeffPLm408+KWR/8h4JJlHqCzletB0csZmNnYcAzhX1zebkT4dc0xWgM2uMWhZGbBXXNDfTaSA4fmPdOFOh4icRE4VhGlzHtWJVbsmEVFh4FEWLLErkSlcrg1qS26zoSFmcAdd02cQhfohs+rPlTH+4BqljCtfcbzMUU0rPceu/GuDm+6E7DjPPN5oNZf672+WrD84WyRH0ONvgEKb5n2YbnGGcQeH5w3My8cpMBWPKzeCw2+lrfP7yUVNkmPH1mAHyDK3PnxLeOYPo+QFm9DxkMGGeuzyiyZjLMWOednELQlNWQ7rgI3bVIs5AuaMMIRhD2TPASln4orb2hsERuylmMN3FNtJ86GbgRdebQWOFx8kHPVyQzJk6PJlPMEx5yPzQ8vnBn6Od3EqQxCkL+1u8YB+ZTM5L5znFdsrKvyunx/w1OkKdLpX0+XHy0Okf5oeYrI7v8lm+y2jahlGHHKGEHPEz9BCBOl/G5UfMJloiKnlyUTwo//5orXbYS1UVhlZXlBeRMB515lOL5lIJ9HC7WRSfvIa/Vf/qp9/64pGBEk3o4+P+3CO1ULK6OnjHB7t9LUdrhjrxvAmmqWLLK+Qoxa1XmlfPvNQtb+jrP7sqpqyR8WlfpPgBnX9XTmO3lZBbb3AMcKj34TEgDuyQBlyTr5Oy6LI6YCWPjGK8dM/QgWggdnSvKKbZQfM7mnxxOM9AD2VtOg2lsdE0WYXRZKKv9q6ndjz5l5KnFtOcL7Ik+o8Y/vxDKsGhHJ6f0Wak5tXuh7eb1JAlOqz7mkUK1oupItuMTLzK6B0l0xfWz0z8sKIsnsUhMasNORRsyU1v0xByplG34gwTK+9MJD6UkylmXHBesR0zAB0UY5pp4f+vTUBS1zOT4S9vqJWsNi3lVLA4faV5ZlSbG1iqosITzzgBGjqfi/NYWSJQlqAMaQ4cpo7iZXJVYeYGi/8FwGQ7++1vf+8f/G/8d/5X/+uf/W8j33j+AAAQAElEQVT/1/+hv/vv/p3hx69f79e//if/1f/tH/rnf/7P/dsxKyD5QRYuyW/xPkQDi14y5SAUa7BV2CKWWKiixxhm/GX1rOnJfB0LbJGaKOsKecsvHt53rGecKPAiU0iuY9cD0IpUZqgAo8LoEio+nrBEO7VYwcJbsWC9FcmVxexYRQJz+7YFCEI9CqxobLQtEJm2NRp+xa1F5BoQHdcqsiNn1nUCD7HIG8v7tD7XJrqXEsXKCR4FVaz3gPN6tZs7HLvFakEkRdFif+wwDmf8M04LIsPtq+LFSBlrqq8iDKwl9tGYlvqoSvEIiLxnzTAlkrnXgAThPu9K0oHPFImeahfLKlpC2/TBn3ZPZgWAM93d3N3e3NKGNKXpkKmBcrlIHqFSk7ehFqq1f2HkRoI564yQWmJKmsxByaXJKAFnQXhnrUIl3zwUhIrSqTtEIXGJmifdPj2V1DsurUvJkQrCh4GSJpViQS/JmjjaJWAyCtey1V7j8gs0I1GdcExQOuwPh6fHJyB5L8S9jsUJcwXIHfMi36tWVzbrJEbFDIr8UupkFAANZP6An7ftAsjjagVMuejO5CnU4lIv2wVuZlD0TH+pnp4eH3f7HR2IV69bKopEMemHM1vecdGTPNV4F0f1c+Moeb87rvdJSpGMyrFsrVum1T1z6Ooq8z/ITlMcw4pc77BG58gIEqYZuShsRcq7oa6L1QJbJzvzXty/4R4aFWea7S0uSAqHtZbeZAwryfT3Wb+iE4FC2Uc8r3hEnG4Sb2vJv0T1/xSdaiADjCgtUMvKBDyYkdGBk/Bj2QMdU4Xxn2LG0Kj4HJog5gNjxeg73YXaLeCnpgfTEZ0XBeV4RfyyqdECw5phu6lRrTuxa5Atutniz5vtlotBzTkZl5ZGOa+xk61MR/XW01m84oprvvJmpF7bKORQhdYa2lKle2beCLqV1vrQW4CU3nxFkaZxMPVmnUhSlpiMFSt4mxoNA/JDWIQdwBSFxYB8YQaw+2rJrjkd0pghArRrsebsFAQMgR3fWsQtmVAulkLEJTEe0pD6E1VwjieqQu8xiDB8dM2xOrHs1xtMOfInjw8PZ5y+bNvC6cG+wP0ihwWMtSzNpwjHPRz5Xo6tRUmUZg4Bixj/jXtc/Uj1ELypoPx6i30AxAMZs81qtV2v22bBNq9lgYfdH/aYubppa4ABMGVFiT25w8dZxwLD+8i6FBZG1Mv1GkkfnPNUHOjHgvtFMSwtQMIWfvf+vl1+b7XdYHLYl1Y6MIRlxmFJyeaPkHFBCHMIB3K3CeFzhbYtHm3LZQwrdDpiNFfLDZ78/cPDtz/93uPuCTt12VZvNosXd3e3n7y8WfMRtuyPuaXKz/YWWRzuGusrMObAyXpqiCPk4nkmIs8IqbAATjvZIpH/L3t/tmxZlmUJQmvt9rS3U1Uzc/MuIsMjyKjMlKT7BwTeqT8o4V944AUBnuATShBKeAAEEd5BSqoBEaiszKqMSA93M21uc/rdLcYYc659jppHJlDFi6fXdXNVvfees8/eq5lrzjHHHNOoXiTwWvf4yVWqHGmz/uwhe27asyV7tOUlGKQyOZ+2c8xj2EfIlzHvL2UXsBSBN14Z2MEJO7NmhXuPORSd0rWqNM2qzyFcEQwnSRQhwwmCijwwc5825vsMHnrpIwqPvi0sz5B5CNfnsk9zryCzN3TNMmteiNRj5bSVUTEzQO+Q0Nzz0W3KNZ7MmJKVGNh9Rochihy52ejlMXZsJ13jc6nVz36PgzOurnkdIs+7zQlCgqXBP13Yr3TyknOug1zZmAPeIIhjGo3IzAvWwaRFhOPRaWedyKCqLDbJcEd+EjaWq2WVbTanX5oSdrNq12nt3eiRMCc6ElvFXhstADUJUysFYR6sqlapXOOILso2VsuCzNptORxi/8L76U7Y9dJXVgEXtSzGy/EtlQ18hWaxqZoNvq/C6fFu8Wc/f//l02cWXmF3C0LVUuehI80NB408hI7eY1N9aRILh2KLx7kQLKf5tc4SmmX8tkpVsj6l1T17jL4iudX1VmBc9Rr9QvhIKFRYAPvQmIEoaZEG021RyOTiYbbsDBTD53YdH3NJRyAO6mVbku5WiCsQ1dA9ylJFkf+MWDFZciDkUMyXoBRDg+HN0omeT8kiNv10QbJsaos0VrC2A9GSYkG3apRd1HA5VMibIQZ97s/d+Ly/rJeHzaJ+f7d+3K6AQVMIjgcJ5rGAryKt/xEo9llCarg1fLs7nn983h07FpWWLQflmw/vf/mLnyOJmDK0pJ31NRx7swWcxZwzaflVfnLHvO/smJ8d/mwdPWdkCh0SJLdul3NwbDmtIuZCePlLhUuxc3A9HUh/lEcKO4+oHmDycj84Ut2lYuuIMma5jZxi05Ml+6ehO1lj4gpNhRnpyfc8A6ge0mcgOlzx23D9SiHE/3qwzY0F/vqy4SvwN/09b8xCzDFcR3+eQbP3N4mzDC99fbsZUfTxNzDOOMMGXt9+eJpf5mYyQ2Tzp4cbDNonmNily3tEXwgh2+1wO/hf31RO5syXtWs7+ObwmT7oBnK2i806ytfMqCpOJ0vQRFvR+fSTCsE8nFqrhbnyjt+Y1SqMXkpzricrZl69MUwcep68M1zuNThOOR2bwex5mpKNnTqiXvv/zgC0FBKl7CPChwDoYvJD52bEw9ec/HQ9nWycfSekeVCLkL0Ce10e0JQxrDlXbFPoiyafu+7xW/CfEa5o4Cf359AH08em9kRpJ3stx8mLe9LVK8nHs5o0058hKQ2hxP1m2fzim8n9BHq5A0un3w4M/1mgOWm8zDVJpsdt5/UVlZtyCiLbLwdz9boUb7fMrLkSMw1frktyB+r6yHwLwqJ89DOCE3FldACasU88hvH5lO7ZRKhYqMhT1W6+idwGCfjyW51EcJ4y2k29gmJe0Un9lizEc72F4AkinxYF3FPIauJzAuF2UdhrvRN2Xj++hTxFn27PgT+Nrz9OBvRNXtKLe7McH/tkAthhDF+K3UxTVjBkT4VbsNhwNxJ3XtSUDDVhUq0M4xt4azMLHyYXfglK1BVlyBaMvyvStchF9X1WFyHuxMiEPO9V0IlVhRl3JXpzVUmdyutNanc2GS2ZOp4sauNxjmsYzVGt5CXAylCfFEuWyIXRA9gkRhg8HmB4UnwD7jSNpUw4zYooBtVlSLmLqrZC3iFkVqgSQ9Y/sLlUMCSdzqQdMYC4MTr/9//oP/yf/Hv/3v/sf/qX/+6/+z/+H/yP/oe/+cu/DP/N13+9r3/+z/7Z/+X//H/8P/3v/4O/+S/+c/Pdja5fihE5t2exXKkVe3qYrQIQnR1a4q7M5aeWVVsWtuokmyAWp+IipT4pB02J3rFa0vi+nvfHY8+9s6hjU4tOyCqqlRjBy6ZdUJt1ArJBgY6JFeLHy5laeOMEhxtYKDXy1LsMzjqCt2OfTJK8wi5ZLoI3eRs9V6rUBsm3CFhSYSHo6OqcJOCLQkLd2IkaGhV5s1nIq5fEM5/mcGp3JNhi8QMcQpgkWg677E2pBgz6cHenDV28vr6+vbwCtIrqIneh0AcLYRsMLEV22fqvLpuCFNII6BCIyPrhAZsRg3Lc77rLhW3TAaSulgeq/54+fvp0OZ2Xi+Xx6f34bb/dbqlLTRiFXW9q0TzNRVsB/CXUBYin51RgEPqKTf/IoiWmhmnDN+oXShQAyDmiXlKKT8CgGCEj1MQoAPuqGdXVbFh3PBLBJ5Objbymseddvr0hJkRwWKmnDVWV1datqe4QMsJ5eLx/hMHBPeOrJ9g7qClHqkn+YpwBSA/GEM9I8maMvX7PNmKAiGq2a8NKSML+cLJjbnmLAKrw15mV97je3d2d6rwQdlb4FRdwS7dl7PpSnHrp/5bwj/a439dXTDHiWYovRwLC0uhQro6yAw2eRaXSUcz0RraUlh0zl5SNgC3EIqeMcc8mb9gifVQTv44qIrgRU0VMwpkQHrKqAPmMuiHOSIl04grIQ6pbJPs3srRMghEDVSbK0uvjzI2dMppSpEqCJ1hsgAixZUJja1mAntUgFm21kGM2adlXJlIcJBZC3Iv3q1Undj+3ARFyim2INEqJBm0orhDY/zVBCnKVTFPAPNdJZF7vwCZqE7OVKVKaUz4odf8vOBAG5g4ortsg5YEPPh2p+YCbB7iJ6eb+GgOAcp4sJZU9L8cT0IZeEjwyPsVyuzGQVDxWwWJ1dVG7yMpYn4miGcsVt/mYVCitPtjGI4viLHM81alKx0+YQrx6cClZrb+L3VM3x6uFYqYrdJxlIeDTCCQ4ZAiMgHhgE1RKbPZ927CjIMsX1pu2UdYpUJM6WedALp6kuKho2OaTmt4sx5Z0NdVQWY5hNBwm4Tqudi5+k93ALABslaev5AcW//6A03u9WX94er9ZrD6v15M07rmYhwRjYaHW3f09n0kprNP5goTR20QxIpMkYYapu8BKAXrGxsTAteUSWAZmDHaspojKuCzrh7sNwGgg4HVb3xGaKTDTuAGs4Kf7+6DsyOGwv1yQPQj32w3SMj8i0XPCxw0APqaiPwMgs+ai/QVba0EHiJrmsC14nt/98Pv1YYP7wdTDqnC/O5GpsOrKnsm8E0aCxR9LZJvuACarrY1K6AueWXSfEKJMp3E4rBfMZj4+3P3yw9N3337z7vHd/eaOVSON1bKXnkKbmIZUIzgr460j+7RHQ5+94Z0YxdGamKaUgzSdaJkxrXihSKXX4VtcJ+fQ2sdYoFrkLtBCxFyTwsDK7BB50McPngxWzniESk7tKgpNJbUxA1Yh3iAsOXmVo3VzA1O8DTJyFJYccfZY1pPQKZm4RkpXjMWxXcFpRmf0h3HhiOggXJrBCscoZuVmA2xEHhOwL+VlxadlTn7PgX28Qh1pjgUtVkozgnytBI/z7dmqMWESD+0LqiXkUcgAWrziSsYAusZgNuvu1NzC1EpMedNIU9iMhi04ziHATf1aYkbryQNXyCw2LbLeMLdUI4uSZ+ADDOxFN0hnnGRhrqcxnWCpDSJgViPlNlCZSOc/EGXb734c5NGrQTATdUywJ2vkJAFUu5Ip8CFCGcrXCRFJvakW9+VqW7XbsljDWEcm8Op+9zwOVBBisFDK42MK7dKfP/PYogjPtmi2AKWRmX33sPjmafvjx0/xIJIb/SruvgFJx8nEV3L+1Yl/IeaY2RKYZDofTxOL0dhlYfS2I3jVIIHj87nr9sfTw8NdpyOm6y84qs8Easqmgi26mGgJ8AvikSoxYVHEcFmxGibm8TLKsvjHzGNWBDMHi2Nsq7DrctFKoAgnAnsXTDa5YmCMlvZgoScV9kffntrNFI4hlJKKyfp9SsrbIUoXT60KtjgFMgHTfDjTm8SzA/jH1U/Mq7OgMDkvMUqtPZ2GCY7O7tQhM/z8drxbt/fr9mG73qyWa5izBZcLnCGY77cjvMvh1I3nroejuMeRNEQcvouWQ/Rwf/frX/Hr/v7eCsBv4EUH3SkuegAAEABJREFUJWLGn61QP+Vfxhk3clPgMLzrPThgYu+dSaEhZapzyADRVfU3OG5nIDQL8aXOx59OpM+7xCw9pVF6jIO4/CYDa+kd0c7lVjlamdG5mDJiPO/nNNOD42ztruino2yzzMYtVBiv//5DtNQv+//719UQZzs22yM3JumnH3VFsW6vMQOHt8bMAb4rUzv9vfDzV9e7UVlxHYx0+87bV36FSed5v555uSurv9Yfyf9toNp8QGR0sAjF/K4rFqqf3xw+zglwfHRepiGneHVrhYvgfA00s2SquhnMye9M0vyRxQQuiqWBsI/JRFEzUvrd5Od3jJ7ODJmQPeXg0k43Q0Yl5hXmDgk322yuLw6uY20rICd6vYmwXJubngTJdaTMU40hj6Vf3tCoydRqYpboCuGn6aN8oqYwM7rTdc6Cr8PrPDmPw1LbMmWxdDGuZGANAxIm76yTQaUe5IU1dBHpI8XchzQD2V69VZh/IZIN+5EnY+as1+2f/+KbwfKBL0f4sNRcCtPudEDY4/3EFXjYCGdFMRP6nPyR3ZO6/j/GOKt156WWh8VWjDbelG/qdtHb05tyBWlkinz61NsQmaI13teP8e0yfT73q5Y0La2DYkaGi+soyx9TA0ODuiTmZMehDGEsTWkbp7gtgilZ//ZxXkVW9GCryA9ZzxlOKdzef/TRcdpQSN7y1vLyjIxiCP8VTdkf7dcfJQDNfW/IcEq5J0xijz421OAx3zK+sdCeIXxJ5yqpAQx5HaV2ZA0kWhXsYq1JrNk5iyHYYvYz393cpKVtyqHBnWFrgmN+gGno+G5SXMmxjdkG6YeFhdOFWj7R4PppkdidifA2i+zx3bqusjb9fAYHJanKqSmszURhH++Odqgti1UWTcHOSNaCWdX8QdcsR2mmDtapUPpGsjNBzkYE3BBU7EqhgGG08zex+wlz3MGaxbOOr8F4v/z4t/+b/9X/4n/9v/yff/vz7//Jf/e/94/+yT/9y7/6y1/84pfvnp7U0etPawv9f/+F2Uf0/uXL89/+q9/+Z//ZP/tP/uP/+D/6v/7fPv/4r5YN0VROk0qtzV22On2LAAK18T2FpvpPIM6UeIiF+x1G2yS/QWZsmPxo9wOicKUXi4e7bjqFfslGlX1/uTR39+/u777/2befvuwDtVyxdAt27CJ2CTi6XbUEKE/dBT5or0yJ1Caw2Bo45V9e96Q5A9dra+CU+NyOWBvAqR1OLiC699slCbAWyXDZ9YhQAgHlztyeQmc58W4PXUkRYgqHfGd2KQQQ87rfvby9AfASW9ZKZqtLB0y2WNbtol3gwZsI1KZate3D/QageD+dQz1R17gq77dbjDEg2vMR/0OQsMex6vhsyXqhatFiaLpj37GI/4KhfHx8fMKCBuQDRJhc7xEf8+7de8RyX15efvjhB0q+Ek5lU4cg1ozIutUoGbCgdAFOKzYBIwcH2Bag0i5WcVEvJHsARIfdz3pEKVI8xicTkL3fYhYHPBtbPx44fToEcQONmLAI/A7Hw+XS4e5XEio5HnYkrZ6RRUoYilEYfZRU/Wa1JY7PHjhnimNIOeh8uWCQAUeaIk9NcjRL+2upZWw2d03bBnHt+6FEymEHSOt0ZO82kaAJMQOzWq6AuWNWz/yinOIGOPf9HTm2Xdc0ablEgo8qJbioRSOJBHmMB56tx8JYtIRl315fAL2xUDeQLx8sWaK+QyXusGqIQU8FhoLMaQm5wMr1xNiAOIea/crKSrqQXD5V2VtrpKJbr8wZYoiNCyLLdya417X1gIliTAVsUVoVfduzCWTLYmHMy4lfR6otK6dSSOxDvAoSggQRExGQg4FEC5W+m8WC7CYMzUDaMm7Rzg2eODyLGjLjxFLkmmHjwIBJkGZOsMhwVKg3SY6jKZvCcp1RyhWx4H13I7XR2yXOM71YHLVodBSqMk7EG+i3kap27mBqDhTP3uFf283aOiIuFwsj4+Ny1HlosRR7rASA4SdEzHUnpvwEWHUida+j4sQFOPR4P46r9QrLErmbS1EMq2G92VRMEQ2XgXE/AMXVqsUSSFJ8sjbiyioNZoJwb2p7KOUNoPZVM2V/OmZuQ7J4Nw32M16KPSx7y79iYZyHs1RYOiobj1ELkuV4lJaAW8w6BhVxmCnh8h6ROYoJSQumtfqpVx9WFm7jRFSuivId5ZkqNEwJDEXbSi1HtaJI1gBwlwArfQPi6Vg6KySnAuVGTieM83F/jEwXnRtB/N/+7DusWCyg15fn19dnWDxSpLF+Bor07Hb7T58+/fjjjzK9pKJjX99LuT6Qfs4FBJOFzYVl8LJ7xbMRGy6Lu9WyWBdbIsWME/G8AINXzeJbWKQDJYmAg9w/PgSAVpfh/fp+WbV3D/f/4vf/6m8+/vD8sj9i8SxXbCh6OSLau19tSpKaCyrUlyW2BT4CH6v6L2nCcDvWSE4AN8efzCieWPGAffr48Hg8UYHkdDzC0So2m1Htjdn3EonD7jRcDoti/M33737z7TqmEWmyNXJaq02z3JbtGnmBorA6DBL+Wc3Ze2NwXEE8eNM3c6E0xWXJ+JtW5u8xpoEvVkbpXNg5zME3iMFK8478HVZjKdUBlSJMhnXM3dyTSDSTS0tY0YGUpi3UMxRVXdaChawWUZa3LLEc1CYPom6iPceGHR31SFPBsYPURXI6RTIbmF2GMF7JVMRwg8skS+VJRR8Khqjy6JGpXMXkrKu8uTxgt9Fx0YIgeTcjOwZLZQUHI+JMKjMFD+fPTnHmLZmUofFoCfiF6AIezqT2K4crgqyalSuYEmOYaekSInL8/UqY9ug+IzlZuzj/NWXoyRqmejsXQx8MB4lWHmwXMMlHY2YFH2Shq8UwYj2fxhFG7xxFebZmWkkpegKynvzWEpEygWSCRq+O8XCat+TwqDqdU8aHfgzjhlFM9skr21U0TQujDhrDPhSvwJTL87ZdPjXtXayWsVw1axjnypZVMV3ozku2V5p6+/6IQ2RTb+7LxWbo38bLGX7f3T1MB0UrAMzi+IVNG8VRRVZW6V+Hh5I40QaeqIeVKVSy8hJGgQ0t1PLBe0ByHllVhswxLOSnL5/bZbvdbnArHz9+HqjWY5Ru8rtZGJObbcI8Drby4POVFXktShOovqoQ3XwgjZrdRkyArBq9CShe1UsWWniTVPdttidVRejmdee0HCTtRkUvNTF0Wlv20MgSq3HMgJyAAbgUvew/3Db6ja+7/Znld3UJX2VBUZQz8uodXTgBChN7wDPzZcWux8uA8fnydsBpvwWsvlps2nojrwh+76Hr8AKcGH0KF+nKITZdUlwIYWl5t1n+1V/8xT/8y998++GDSr6mWOSdnoHYTK4yFGSO/fJfjrLdwlPZkKUYb+Ar/eFSxraPPfJzkCx8BSKKU+77nimLMVhvUuZWojnpzFWIKMEOQ1LT0mcym2L2cSwkz5pIh/8aiP3qK4aZrxvnUNpv1STEU/F1BJlM3d6Y0iH8ARb7X+krxpuCgD+4ZvzXfNCMENkzWAF+RgyCGa98Ehmw5/17/CODJ0lvtIXs2zRPfMxAvL20mD8oj0ZOSMR4A8nf3IN2nKNtji+Ev38I/Cn+dbDXDMWlXLRyHZmMJV6vHTM4rfZ0UgyaynxumfBLEKA3Y+qOfjgam4/vYK0MZA9MZ9ihPgegTcPAymTHmUlsBZF55KNroUQpd0mQKl1J4ynnBFjn4edglhePDux6RmuuPNeWHCaD9YND/MmPxdsdas8i9Nlb+4bZFZ3dATukDDA1jD1nBFI+IOedbyed6XmUXgZ/dZjzUCoyJ8VGBdLWSZEtddhzMEpZLlnFp/fFMMlroWP86F5CeVq/UYyaJJM7hnVb/vl3TzTg02/DyxQfNrgjZOlOnUXrMT+mJd+DJI6SyWDFq0iareUw5z2nIusFqAo5eurYsm3JUDNdVSyuaKMVZ6/Am0lQMJ0Bgs25YC4KOBXqcnmZitfLuLkMOEeWrmh7TSvFnIEoTKJQwIRSIRnEpqdDXsvk3kW07K0pg4/O7Ys6GJw+ILLU7D7NhiGnTmKMN6n1SVESe+coX+qJmvT/H+P2R/T1RyrBkSXhGbPJcykDwmsEZy2C+7pcEE6ohQRYl9QwM5eLaJXUKmyurBNKocxGMhXd5JvdfGjtnCm7sXGuZvZsilmT6A579h1KsZqc/6GvnApJbh6s2fMUvDdHCGyG7F3T8bq2zGdwZNA+L0uKYEYrDuR7K/b2VMg0TlbrYLtiimxJOArPsM3Jg0H8lsG1/4LztvUfxeEmDwXopyv2TlSpJursrGkFiePk8ofiZ9dffvjd/+F/97/9D/79fz8J9NToqd+R5QhFTRcbLOVj2ITcImv6IivUiG2YmrxnSk2pyVvPuy3W12QMbbNDFkUYSDEF4GUx+rsEA5U6Aig9OQdDsLZA61jNXGvqCTHwuYGkiSxCbQTWKg+ALoE5kKBoDEraO6m06FhHGiOyT5iMEbtjUSI0nWGRqRTH7ljW0Y4MDivkl5nCUty0AVAJPujYJ8ABPZtTxc2yfVzxlqRNRA1VaoErvSnLpmwbBy2552jHjbtshMMYkSZLXZpp9uY6ZfHVl8XgSs+V6qVVuKLhyI53QA5wJ+cl4qXJBbmASzZK4EQgBNNuOA6TGKf0PiuGKMxSlOd+3B/74/ksPZm4JNqrhjChB3CFi3O862qzHDE8dUWV3kb6y4wQLCgdSKYGqnU6n6NkX/FH3/XHU4fPXi7ap8cHXK4WlRKvQoKJXcsBJh7w4cQoL9NwOL2xZxduoKkf1mv2o8PC68djccIzAjgGQIkPq5qqSQ3u7HAkurshtpWGRgBhtL509Gg61VIeT6f2eFBxJVnG1l++WS4eANA+PKw36/PhgOu1dYsBA/rbD104FlZAuqAmiRoPDr3VZajAfwFEEMAgtzsNVBNHo/0iwO2j9RodpucvbPCFEBCgNHBjjPQkcijArYszwuBUVUoKBGlSHwiqtu32bmE0wZraAwo5xohhpYZw1+12u9UwrlcrzCnwO2zS1Wrd6tG00cL9fYGfUHVh7ClGQqnigQLQh/3b6yvQNOwO4H1393cf3r+v7kl2lbbACvDZ7vUN44NHbpeLIL+Kxhd4LrkNYzd0MEdROsu4E0Cip/OJ+sKCUM9s/jYQQS7EdKay9pJtghKVMmsVqIQqAh6e1F8bu9uU+6OA3na5pDzL5Aiv+K3BaFaFVpoHVXwLZqvFy5qC0pNU7VDCD6hflCDShctYOhLsXhjU4n1gqFrkguWQ68Ys9TkJfUXsKo1LuXBZOZi8rcSmr4FqD+aLkOvJwe9lTkgnB5Kd1IsvKIFE1nZTq3p7ml1aAhkurQQDQ3o+Y2r8kJYTi7Izf7qURbVYtHBtAOUj6/qiNAYMIvBVfDrw1mT1B9iQSO28DSq7C7gekc9AYWJS8OrQ2BeWEIycMmTNkrLOJkWHyWoWAGulmmq16CqCY9k1S+S88DFQ8SZK5jXZT0UAABAASURBVIWM7J7akaPLv0rKTViWZOlIteBpwRETMZUE5DPFVfKqqLDOgZO0OOCRPVH3TRjN3evrl8+fMLMw79vNZr25c4QMe9BFSEuJsEakJC7UNQdwfOIHUHW4VLvKgcJBJwzUhDyNSz5YlzvnxdL+EhwXUZoS2NZOJCWqn48jdgnMywKA7nqDlDbWBlbucrWa1ICYRwvh5u7jx08fP316271RKGO/R+aG5OFqAbvM3Hldb7fbtmUhBqCvWD4AqUUCDGt+DyxpmNYsRmksOQyMG/e42t79+W/+4nQ+4unYldGpOR1eguDh3d3mef8G63qkJekxbFiD/dhj2rbr5Wa5gEFYb+92+/1B5HGLkbF3Fyt8TmP9ZLBJtqtltaVaGaOaSLke0vwIH52//PgDO6Gx3gIH7HrZlpvFXRm3BSv3SQ92/lDZBk4rRdcLKbPIkSfWbSJ6kh2urjFuRlkUhUwzF2ia0/8etEufQ5GuR4fZK8s82yBCo5wv9+OmHBXcMsCSsTMNTFTMVgZDsKTHlmEvY0SGcKNrbDvVLLN5Mldeo9ef53A7yzfPHER3dnJVmoByYeZj4cBCDhltDdKgFuQqFlLyCWEO7EIOwEPwJn8+eN75IWZIWbGaQx2iPDsWU8yjZyBr9jVyexVzn21ENUj5kh4Rl0UOjFOWGZmnIvmUTequEq3KNseShhSHGdpOuUpXjf5cQT4Er1c14P4qc2txanQRzJDlcP0zbcLj5LXyLlzmagDyguFEnKmKNV7SeAm0tcy2aKOPhfUcIl5dWM9wapuVpqFBR8XZKPlaFFaS9hFDVFxQqQ52DhdJnwR/guC4aBVM53uyhd2nkfLoU3dMp924uK9XT8XyMZXLcvGAg2us2v74ecRv2QBWCAxZBuPUdWzqy03ZxqEp2+JXv/r+0CNu/pu//dsfccCxVJklHX3lqFbw4ct+tRKcMf+c1hsWnYpeF/ZoqJplEFstKigI6naAW359fdvebeHCrNdr2JaJsprwZSIVnK0oXPurZhkHPdtBKUOFVOqVJ7HBMWRdByu81Co+pkvNFHNaquZKg2SzGcTsc4HiwWMp6ykrRIlzw1Svqq+sw541MJzkhAPIV7CAGUUOu+PVMGurNX68iru4O1zOpwtlhZiPjKOLhiavr52sw2dQGFHhfpFuQ56i35+rU/eFWUOTepd2OJzoXm1+i2JBiY6WPnNK7+7u/ulf/8P//n/7n/78Zz9rmZCecKvRGzlYmFaYsxK9IDDMcKTToXyWDOxRca+pOoevUN4Z93VoNUOaVscSPbyNOWRN3nZPnE2HncjZZ5QQdTrTea6ImIzF2RAYBXGqzfKGS4rF7FkKs7zzvcSZlBtuF978FUNM8QYDTVfE9uaJ4u3ff/CVceT/z1/z4Pwbf3+9rN/jNZ+d7zPdQr4zkh8y4hqyjffjykAD10y+GYP8jaFPab6iVUvnvKqb/3wzIY+Sremf3naYIVs7jia33fpPYgk3oPu/Dn123nO24Dc3nPGO4GbUf5PBWINm/eP99mK21yFfw87cyXmz0XtpFnQGDCDWSyz9fPPsyeirwQ7vnAEQHSO3exFwnK5JDlIGWeroWRqfEbs7oeEp5FoeQ1/lPYv5VXq3uQxcX5eFHejzXOcsj++jjDkKspxifmt+dU6gK/fpQ3aVcv1qLs0rERFND1TM4yhi2RTmmhzVKHA4aP/0P+HLVs9fmASL7mUSskWulDd14EjXrBjRyWRSsS5xxgmaVuvm+2/uh4R4/PNHKrqt9uv+Mu6GZMopnjcORl3OK89UKlSAn75+ohCuDTZNkyy6XmR0fC05ibjI+h96W3EF8+0mS7U0gwMuC1qYUBbiLRltlsa8DkV7HslbWQKGv5bE+V7Q1JtYc8zwoCWPzYCJqZCslW6hKCbcJFyUZ6FrMUulWq2aWzpvOpjmfNvNCNiZ5a01GN66uY/pv2lC+EfxVYhCgBjB+suTx1QV67YGlLdoAM1UCy9gFiekkNzYlOMWFuLJtDAwMtxW+3DKvI9o9tK30izFYeLwk3fjdXOWsq5SJOtq8hxdIb8+FyCmK2SRJCipLJapBRZz5YwfcinvXvupWVHraGMWjjog8G71TBIC5c2IpWy3KzDCIPWisso1YeskNVcEhJTaMSKGPnaSoGpy+j//HAW2cpOz2xdZ1JSXZFvZSeSNYAKBGHf4e8taMp8EoI3AZxe0CkT7x9VOy8TRzaXcZ5ouZbxUhR2zozEcgAvLmJpLMV25P2LKxuwC6B2e4uRKKCzoECPCyp9ZjiLplWL2oYGttSvqWIo2W1tYKaW82I2hk64s1Z4EOEeqtZYWlSLOjqGzGIuA1CCPlvoHakTCBw/AVdi2ziTFARcuACVVQ5oGox2IqTXI2ebnlt4qB9fpgWhMhTT4YmFdmLUUCq/MmZLLO3rHIMPfbYXIO05l3heZU5DzyYXVGtvwjtHLa1Wxr4XSqdociCkgjSX9/dhPgdC7SItDGI3+CfwDYOFFmr+YdwANXTccLwAxEZVFiWRQ/+NCBLBsySyJHfuwDVa6J2+1EM12KomStJjd47krqBdN2T3gj2cWYKvCQHb4SP7mBXN1t1lv1yteZVgCzHV1ME5LxGsw33BZgMaOvIt0GYme4hEXbQPch1KwEZNyIVN4uWKvv4GCIcBi9kBAL11d9ozuEG7WU6ACAyxHDQwFhw0bqanFOQDTWDeSr7Uu6n1g15oGF1xQEAMAEbHpE7mMp55uEHF6dqcj7aV2ZjeQO/Y/XBDKfXvtqam6Ak7GaFSlsaSyReUZgCthIQHRPxwAaqsJxiCECmuttlAqMQ6M/HyKwA4AcGuKJROl4ubNLLOkToycgUT5DkDVVLqKhGiVHxkldk8nJbFxJZsqLlqiaUFkIiYSrCKPuz6yY1uOAirqQbdBVfP4dg0gu24JtU8EW6OI/KMwN6CNJHFPE3Cu+7sHg19J/Dwf2c5D1eui3ORyNknbtxy8JWnFKtKXxzKpWKVUE8qhO1tXSalswAthuqHkNpKirenEKYtmMs0CSArXEU4TlbMx0pjfTsx923lRb2EOiT5cbT7o7JqzrWWmZmPw2c2PFgYLfQJUXlrpSnB5L3WVM9sUMv7ivcjDlAElPVS4zccXnlBP7O0zYv2LLq1SGQbExLI5Y0wspp4doS4I68VXnaN0WlDcoCBmfk+YtiK+ztltCP2wwFimFc8IvJAtQ6kJHIy1Tf1zEmPrcag83lilYY0kSpDCDLABileNGjcDi5nOYwPf5GROqgMLDZ/s95PQPCXw5HlSlo36OZKQKmKmfwZDsa3al7FEwaSgKAKDRt2WqmIDiiDEUh0OS2qR19hySO0QgF60y/V2ubm3VW0w/jQakcEL33T6EI0HottZUxb2F72cWFVwMhxpoAZHMIHj0sTgIh99MHI9Fhh7n1IG5IAPPp7Hntr4eP0KgzWOtSUsYTnrGlAKbBHuHOv+QMT5RE2huh5YUKKGpYHdGgAAw/rA1q0JvVRMaJ2OQzcspfiMNBfG6nQE4qz0MGOSQux5UtG2dyIpy2hjPB/v73pKOMPKHe7Xmz/77vtls9y97YfxwoaB7Rp7ELe3hXkViw1/1g+P281W9Qd0D5QhhsVuAJS/vTwf97vH+8f3T++wNiIzKwOLxlYL5BDxON1xh3fBeC6qsGzjStBR6R5QaSlMAxgsvBI0SniIDBNL2qvqJ3NggihXhou4tK5F58GddMENKeQzLsafwC85xo1Xht+VgeSIC9dqFgWccY8cgvIOGG+UQWubUahRZc0VnD8wZlQk5MhrDutnLouFYbcRT/CoLYbr22dMMAOjYUaftbWncAUVciaZGOfkz+nxup/1ujUzesJJxbOIuQQ52kMKLM48o+ixoB8cdk8z624KM8hthaUe3ptldU4WEuEGPyd3QGas+Ap3WXdeU5w0xMLfYphDhqgyOcoVPFOWQihvmmLFDNr5cGelDsMcDDLJD5Myidu67/mATYKGcUyNw4UwNGUuhjA5qXlye6bWuLAAlQnByGFUC9/Jo8zCdcItGkDYOw3yTwFAn1PZpZrVKBFZZ+TC+0PCDydKf7gWi5Dp7LBhN0z0mtjP4FINXbl8Qt6taO6RgOVYRDYGdTAoMR0JwHrsdgXPyiaVVMe6f1j85W9+jbvANT7+8FktXGH/cRe8PWsPqA4RxdzsqXAAml80yyRYlMNQsitANToARJK9tF9L+EvF8XjGCFCBZ7uRHBrLLZUHUpdcsjSmRRlWLa5UmKAcc7qmAM7vqOI26LBu2D9gGiTjYKLaJLa0sIRLW+zSgZqmDJFncIczrbMxDsL2lfgsjXOEtzF9HiX3PyWmSLVCJfYTKCBl+ZcwLdrK/H1AxC/D3sS8MSDM5Ckbahs4d+6x3IqBQEr5kD4wDmW6TGY4HUwJviNUnDAh01x9+/7x3/nLv/jv/JN//Oe/+hVsvBkE7R2zLbZFCu8YKGEO02r2HFwqsjHxLeBUwvCHuKsJJNz8fI4lCwF8IvN4jmYyimyhihCPtaKna/wNymcXzpSUmUbS3dqi0l1Xa3KLKQs3K8FB8ptbcjucGdrxJ7LD8WsMNOadna4vyNhs+glamm7s998Do/69X8nLU27uK3/uDDGnr67vf+aPjo58fo2M+t95uINPzgxiBw9c52fKb8qA/XxCzBjzfMGvRvR62jhwHdJXD3d71Yydug2+uduYkdV4cwCGm5Ss/cYNeV5wMZv1mynz6UpzM8Dky1SpO4YsClvijOxd7y+6HrQoEFLdMLV+PxLzfLg5DzdotFU9Bc9TMrTOQiSipily1esym01aIldKYHD62jylWsGZkFhmsQtbezN+MfmKSY4G+f0lHzG5m9buy287D17IPgDfL3TTUHbv35chyJ/4BX6rlvr2G4pxju+sqNmsnPYgkZBKTcKdJa1keV7NBk6JnyLNNM/eccAdqUrWIsUTxEkVPzQDd+vm1989BlITdgASzv106Ye305nJqszJtKdL14SX8+/NwyhyCifdkP8ddh2tg8O8CeadZYFNER3Ej4ZXB9HyDLpN6uZiQz+Je22bk6YJXv2YXs5jWxSrmr3Yy6uBuLpnPlkWgfkq9+SKaXiF2Z+JKmKadXmMUzBlH8pcppRBmMmzsLkm7brqs4cWcr4jmr7AbUbqT+frjxKAbhFjl0Vb031ZspKc8vDLploSfS6xAdvS5DvdainDJqMhXTdVVs3QssvN+K7O2F0IGQlOtoiyZc5NVEyf3nkwRAhLS+O7VKFkFi1/M82GTj41gRQteRJxmawzVV73rqyib/Qui7aZrxdUqsvucbIKMe+dZTU60XENhZAmFsJbkBZd8iSkBzMEfUoDKOn5xmFu4BtMZZGHQWkdYeSxql/saPBxFU1E25SyOReMKZWIk2tuQpckkUjxwysUHdwv1NuaWBI7H55Jlp5UiEgAK1A/ZDLwyNyOyapGJvOGZos/0dXX5Soxv5lFNi8rAAAQAElEQVS2JwhubpXloOLciccMdUflAdlYyrCSVJvY1JFlf4AQgCAC2AKQl6QNSRyF/RiFoxFw4R3Ax2VLOPaKE0EyBJMZH/PKEYYegSC0JIPWgKQP5/NINjQF+5QkTi3rjEMP15zCKxOBVFwJWL7wp+TSSa5Fa2XGjHySFTCGMq9brRh5qlaxGk340Npve2hn68FCWBNBxxhaLye8m5XbgFoAKATkEkiMPRwBo17OYllWXanSgbherBIVAwgqt2ztxbrSXogjFgIc+OWS+rxnQLp1CfC3oerSoQj1JQKJHl7e9sotcCI3SyAgDcaaUqcj6XUN/fvpQm5LHSWbNbD3YY//8FK2fQhqncyjcMoCwU6nVdEQOell3WCUAJGL0TTuj0cM1JI91abj6cBnVB8boM7nrn8D2HNGzJkAVweEhqzWDPvzEY/JfoJ3281y3adBkCC3PS5bK5WFAT8ejqaNcDmdI8/jYAUUWPDHEwWRTYbrdKyWqxWe1bqGUlCCx+F4uRx3+9cdgKQC5msB/4z16UsA5AtGx4xGqLx8AWq72wOEonxXI14sBrWpgcsmSjCToysKNX7TRy8+CmLu9qL+AyXjUNxvN7FYSjiFPgqg/uORi0e95UY1skwrhK8iH7JWq9ZxyJyBCgkj0LMlgHK8BcMCK9RJK8Nkdk7UYmDnRtw/2/EgSxEGLpuqQsSI8XnbYaD3r8/PuKuHu7vp58ilryeS4KLUiFmjYvq8lm2iKQH63BIEJXJaU5SAiJ8yH9YGE6v93B1edy/Yg7gxXEHN6OSaBivStGL9YEW7oi6b+G+yzDNdj5JobI19yEhbTJ+MPZXESEphkqRoZVRUvdGEbWM2gExOZWX0raZlEj5OZqvkEgU2tBxCBwy9dAVUFqn2BDtYYYB11I8mbsxgu5KEsrk9tHSj9RxgU7gQXDcZ9gc2ktB8q/JrhIBs+3jshw4jyZ+wuSdg4sk4wlHa0IHiKlg1q+1qg7UUJSeAlegOEPliLeVQLpR+pkQlRTvJFy6ryuF7hZQCZHuJEBCVtCNOw8v0jCUkzGs3vhhlmhthDWw8QD14Tjcb6fErxqUhT5waU83WEZHPdtostd6cpqwUz+aATBuK7xBHdb4UHE94sKZIfd0smwUFSXE21W1ZLwh8sLYDJusCu288LY5lsqIj6lEBz7W8QilUF2YP924yzUfC2SNGD/aCJS6UCCja0AzqvGoHObbQ4Xggc/h0pooEtuTUyBm5AGVPVZIudoAVYIg0jNgtGGvKea/XJPtP43K5pDRo0+Iv7PihGxMQXF6ZKZbT/rCDHYlEsbEUz/i48+U0nbnC0kCbUC0owc88Hz64sOMH+MvPPnyDVf27H3//8eXluw/f/vzDN3fL9d+E36oOPm3vlggoYCngKeGed7sTVvb949Pd3R3uPahpm8Rdz5i60+n48ccfYdYe7h/Cn/+Dpw/fYBN2OCLOyOrVawDjVcQzYcfC2rHvK7NujeoTmDVQFGBd13igSa5MxbNGgxEFaXK3RSeV+zOun+BMmWT/EMx3DT/nSDYzwFKc62jzQrriBR6Fp5yz1ebVQWv6lhYLVF4TW4gaLKKQXJV41Yp0QCjMF3ev0WJT8ww9tpkDipwcSmmuPfNwMsxIdtaSmKH6GR+yKCaHPYVBn+5O6p9ZTjH60HmkHqXSFar5Xi02nNwRiznilIdnCbKQP9wqzBxY8FEtMuIgoMlOHf8zY8qWF5hmLCtZ6Vu8+QrXEM0HM8t2zmBHrsybI7UiS4tau8d5PuepTsYmSz768aeQVI7bpyugBDBW7eKIPg9IpXemSRfMqaCD3rJWLFZKxpLuIkdfvHhJlisJZLQPUdE9lDAgQ/FC2bCTH/LHbQcMuupP8bxIl/04nOjvTL1h7XRkU+WKLtI5GM+H1J+L7rAYzsXmu6LeFPW2XlDRGY7jRJ1lHh+RjW6Pw+UFNhu3lyKy6MiNxW/e3Y//AB946pRTw23WbJxlNegyq9bW4IqVOVNY1ZnEi6mO1VRIYeGkof/HN47K/woanFjjtT8ccfvbuy1M8+VElyRKFrGo46KOyEjftTALlVS8LPVbTCaKWYhdT2yXTXE3ywa3hM/Cf2r0ROHStqo3iwUyAyxKgR3q2aOVp5dIKbYcpM4TmfgMVssXKmuhJQI9DhrJDIocUdhBFmwm4csXpkRLBTQ+Kc58JIyxIA7nnI4laF/ZYjQ1cbbA0cbw+oecyMEzVyZbZD3TsjaOsB1mFJD2/f6bd//kr//qn/7jv/7L3/w5MvFJm1ClrrM1c4/djZZde0b68k99trKiY17YN8ZIME1x0zZVgzH5pvMdqBBusilXbg9ud/T+FkEOmYRiKJhFvylku8OtR3o8r8zVawCgtS1KlqQ12cj0FTLpoKrZpHDFpszOfIVEp9nym90Jf4DFzOMxf/f37fd/01cGnW+R2qtSfL781Z7M77qiyXEWzM33k+b7cMnuFLyyZMrP48+XwnXS09c3FK9Hn9n2DPP6CfMVPuWUabf4t7+5AtbpKj99HVx7iJuBjX/PEOnXEjpNDkzkdIejgo40G0ASfWZzcsi2ALlaNq5zvUnIh5MLQpVxPgT1mYVkOkxsS7CDQ5AW60Y/TKO/fv6ypKFVDPvDmX6QSmhcPckW29edBqOPkQGBGREsTbhHRwHsQlHMKhNmsAuHhVLGjLPkSciLIs3C1fqKqbju7bxYgkevIblge5qXyddTYjXcrjoUZy/GGgzYHTnKrRbfzMKZqo+VSSjZWboXUVDD2eyWoa2jHrIwDJb3PHnbFYfSabvlhIen7YpShCQxIgcZ6SIS3BhcRNo4PMlJ4SllVWg9oeuBF8EKftw6pTSj9rPEeAaQOXZq1hAno3UW1kDABG0L244yV6X888J1X3wmCnt2zPzxMr4WxbaZENoubFv7mnRRj9k4GVgffCPqNU62DxaulRKXStnRcU/NOePXDe26BzcRjetr+DaKxrXKqH2yGhsbthD/5EQ4/igB6M2iluBGtWqaFcE+wGDKvrMYqmiksBy0laZcgGJCggbvllhLE6XBCiVFTMc5ep2jMRJtU7nRp66ZjKjEEcSBNok4MeiDGdToSvrcFSo8qKSnEUSNlk6I1TuNPOKVnOfCVWEU7YPjhDyyAFXUbGmVQ8pFHbJlRxA/FSp3k/9lNZgEv0VZNhMwDrqspZ7UaFD5MPWfxbdew0d82SBk1XcYgiMP3XStdTyoqJ2Rx6KKy4aN3cz9KVXYGa1HdkiNtrLENchKYGXtWAy40ca6ilktg/cWMLvPkneAnlPYTqUZ5H6oSYGIge2wQ2nWm+6qMUysJ+5keU5eZnBTyeHHkA5qOd2rNFwX5LuA1GSaYSHvMC3qYqnak/PlfDAmmawYgf2eKkplxRp6Enu5bkSJ7EdJMxPVIV2GNNLBBTBwWrUAPFqD8ikhx6UxMqQR63pUZZB61AzdoMrVlFbtYlUXGLVxZLOsCyl8tIcmTz6J0ZG5TxoCg3xKdyHEMgm2xgdJv0ZR/StzeBzyKqRvRfXBMngOhYuwlAfNZlJjaiYyVcKg1jEUTN+dAHlIEGGcACiQAT+NnaonUxmPF3YAu1/Hehw7ydt1pMIFePBU+FwsLxJLBaIK+LDfVKd+Ol763fH8utvvTn35ssPNDA9p0Q+H4/nldQ9ofrFcbik3TCh8s11RaVfwKgDl+8XyYbMGSAko83gZXg/Hl93+eAGyXKdYqcHLeRRqjREU95ZBS6ntRqFi9WAPLPYnTIVJOB5PO2Ki54FABWBEIJsInS4IQ/GI2+X6tD5jNS/bxePTtt0ugdVhnAAMXY4nsmIx7DVzBufDgcQiwtBYch0GuarLzXYNNJX955mvGKS+JWEHEcBxBxgTwK/rFcUlxh9/+O3HH758/ptFvfz2/fvVZv3weA8s73Q4nRgDMVNCdWMWhHIqcQ9vb2+I/37xi188vHvCcsa3zy8vVeU1AetqKZEEZlO6DlmPCxA0fO66ZeUkQclFO00bVa9O3fl82B8HauOMdsyrMpqqCzV9Fx6oeEbAZXiW+4eHb7/9hv0GLxcjqFrU8fr6LMIS377fAZWzRqmIKEtJ455fnt9++PH3+90bJhS/ORbHLz/+2N/dA88mY5roebteb7AAsEMOh1OwdnwUo2Gkh1RBOJ+xiHe7txNQ80A13ku9wEcej7jy3zVV0z++h2t3KA7deJlIsyVxWtTLKP71RVAAUdELBaOpXyKed2kS1pR4FtcSa0PV1MrwDWoinUvkrhUq2YO0PmzcPspIFSykMH0O4READykiTqnpfrOmroioV+SPTw7HAOUihmqeNN4q3QPLzRHxUnoSOxiDw25v3GpOelAb7spIWuxK17TYnlrE54ukhEsZBVh2jPFyve1k0PCp1DimqDops3VLPQPdlLTLKQSxI/oJnICwwBlvatkjrjHjMyghRPyalUTlkvVF2IDFoMwKrON5wO64sOki1YTxQ0DnXbxUq7aRdzedLkfA3FNYLQDhJuRXqHBjeQhkN5ihCURcVWLEyphmscTtIZ0zqsWI+Yh4C4snWiS6aqZZmOUZEkWriU0gl/Hw4b3KXvjMOECQ+iSnrrsc9m9E6tkPc0RKsJEieU0b1QLAAX6Mg4DFLtxqMsHq7tuwzWBiU9MwkRaNm7jEl7dXCl+wBR/g2ZMJeNUAX6d0VpDPxVXXSy4uZmh6y6KtlmrXick8YpNgheKAe31+wdA9bu8eHh7ut1uAt68vL8B5S5ErcR/1cgWUuotkMn75/NyH6fPxeD4eq4nyXFi5eIySPSxqJLL+1d/9FhMMFHu1YD+s5XK9Wa4WzerTy5f46SPmEgO4XS2UDT21x+bp7rGhJClQN5i/7sfX37afv8A0Pd5tv/vum81mO8aiP11wS8/PXz59+ghr8+XjRxX6dLBULK0YpzY2yG+tNxsRCxWwFM6mJC8wjZLdSCFjkdE0wYkGFVZeSZYKBRAuFvA43pwTp07qMdUKLxOfHBO4ck645wxjiZkReXUTk9OFud5M+cCihzA4aMuwqLIqCQFflUi2umxhEUZhhfzRA/CZCeVoqd1DcvaCgiDPhKXiyouauOXGIKWCFDI+cQOmehgb53pNA2+nuQBMUiWC8uvgxQT6KKNJmkPE7JffpS5cOm/R265b6ZkHeynHifZMViGXZvaPfU0e9jO6MxxZDlyp5t7qo2KuXMgEal3ErFzIEIENcwrenyplNbZg1bn2+dOUbtBnR52lkxddCt/cPhesixkjyf+3xkCG07DBX/L+LVwTUrowDVtHN+BfDRR97o9jf+LyU5GQmXnSrOmfIyyq1QmzzHF1IGbNr06w5iBPumfvPBrW0dUzySdh0A4zFkqk9TFdSOvW1D1v72JzVzLffZy6XXd+HUdguBe6KKERjKoYxDIyfTf2n0J/ppu8/a5u7urFfaR4cdlNn8apY6cAFhuep/4tDE/aUBwsBg/nl6bsfv3Lphj6lgAAEABJREFUp5T+4j/9T//zt92xVk61BwTMdsVStgxz4U0w3Mc2ls1BSXeFEc/pwvYVKiaFzbcKd9bvrVY1K0ZOOJ6G7WrLlCvcKDZxGuBIIp/+dNe+X1UXNlbtC6ZRYUiRyGcKVmDBAFh2EZErbQBA4/MvTXVk3npcsIYVPjUOEr4YruiJtT4js8/IF4tLxvo8AhMG/9JHh+UvrSpSViJ4JZ3bCYomRR1/PB4YJkypMIQIWTYuGKRIq/HxDr5Z8XY4HSUJXZBNyK4qA4PDiXGeQDHBxpOvX7UoE4QPv7cZrCsmQzsyzeHmfPP+8dc///6f/vV/66//6jc/+/YDNa/GXraGOiMqme9Ywy05FwLdDoqoJsw+JRqCPGXAL4SvYNlpVvPxH2TrGVxaNavVzFDqvNM8SBL8Rq+jZp8Z09Yh66NgoKzul0lijhjHUmgKvDypMVJYxlnVsu8Z/5Sl98aobsPnCLxwLZE//HL42OirMxqXnKycXFfhBmz+wwtYYjv8679myDKHoTe/sN0fPV78yZ1d0ergoxtTbi9gbTyL+YLRxiDEuR3tjD9NIV3LgcPVis03nvI0JeN9eWFQyFC4ZeyUNc+YfgrhCoXe3PKYb+YGn05XhC05xJ359PmmMlwepyuvSbqZGXEWMuskXLcieUDNspfJ0JL8eLz0mGaFCt2dSHrqGxDmVgfCJoUaJ23feS6j0ZdC8PaHKgUJvpInyxoSyCld2ilw/5TKq2SznvJZbBooeTRCkZPPaj8dMytVbozX30Q5IIZIhskrkvKn51QQFVynkLNE0WSg/OlFUfQtKCtvOXDpq9tjeXThSRd91GTRgU95vH6Ti5xiuCJbMsokxVWUzUdaT6e8y8DmVoASbiq8DModDD1jsD6iYTAeTXD0PwjY78XX9JzAdtH8+rsHksIKwDUXhIgIvM8wzu5iSLwz2BQF1n8UhcOq3s8s5TIRL3FLXlxlLkkwmqb7B+ZX6D1GyZmirxCHdOWS4JmR5rxUw6jEfBEVmIXKsTU94+HSfzqEpmD80ZbBS6eSV3DZSvW0gBEWhX+VHntYTmEUbmJ+nhjiway2NqJEZDRzk13QFo/RwnyN6p1WxGnWN+Zdlsw/KbNhLMOf1NcfJQC9pNZzuQLy1dbLWtRR61SRBtqhZOoGOvssVCg80RBSupYBFJMJ3sosaSOOph0vk1/Ea9oveV+aaAS64MWbZg/NthhCqpiKhGJCQUMfrRCVvoysmz64ks2j9pk6QNeyGoRsC/UiFSc6mmCo8XOprssoTwgJVy1AN2B0+FByzYQ3loaJyzyNRcarZZrMkidVIqtndLRa8kmF/MYJVG1anFxMOtHCFNzDsS6Ty/HQxCCut3SfUcptm0k6wPamTkfzPKw3PC6VCztHY/Pk45CIIRZfTG4R8dKqsUHuF97JNScIo4eC4nZasMq+YWNpJh7+JZZAopA+iYDRzIIJDfZp9KwDSSO4a3JGxUSWtUs26ZI/E+2cNNGg3jJ8tFJKI5gfkUZyGaebE50wxNr7oejEUOfXSLIga7SBMgMgPfX9mRilmI2B5O7CTotYSwK7P3dw3ItdTwnkVSvJPE4mB5H6AH5qyD31ChKp/icrsCXYFEb3qET5FwE6qJ+Qn/w8nyUXXIr5L/4JBlv6lipeYjkkgq7lomYhk0JXDoCRIhRT9KkrJZQ8AZONEQYd4w7ImdhDgeiiWBD7aDYLDmyp4DRN9TrFYzfVi5PccU7V+dIBAH57273tj3D08eQP8P7Z44dhBv5eL0gApCJws8DdAXn8oTsXhQKYicLKddvidS9vh5cXXGZf1E1ZE4VuCpiCCqA5V/QETGohHj47Oi6Xy82KjFrAhqcKSBlQF0eLNgC4l0uEBMDgMORYPsR5iUxfht+O7JKGB6NuN+VLung2iYlmMQCrVY1nPBwp5jGK/sMwTUG5VFJjf0Hg1KthWwQwKh1nRrfb1eYX35Wrxeq31e8BN5/3x4+//3HBZoa1JGzYBBIYHbBogNni7BTHE/DBfrNaA8TCugM8ho86nU7ABklxbRtAyrIVExBwDBrr0YihTi+fnmOo799/uL9/uNtugAyT10mZxBYbHM++Wq8ANSJBgHgSwCJgy2bR4MovL0D7d9gCgOe2QDOX1GXAe0l1ulB0GNdYskgWIdzlsNt1Q2eBTKAkbsfWZEWxXLT7XcLt4c5xZYzVl5fn5Wr17psP2/utOt33Y0cqcZS+NhF9BOUIZcnq7M2g4JExAnf3D+RAFbSdZbW9DE/ABpbMN1Cxp8c7hr4sL0z0A6OUwbZmJwrfCAqf1TANqBuFUbCSJ9GtxCy/qHU01d8TpS2iJCMqtVy0cKky5EPWrRfAPHTUAOHP1PCWfp04tJ2gZ76lri+Hw1mGBvsBCRqPLSgYYzCM1hJGVQ1jTXUaSxbAOqagagrr4oKPRmQLVHHQGlOiqSYORdJv21wWGMTFipiIjd9xv8PVXl9fSUWTDCUsL8JsqSIUBEcEWilTwhTFZr2yvGPf9bEtkWyLbG5YFtRxLkX9A9w5SpSDBwLWdOmMDDpg2NjWcg2XwzanFj+WRIdVczlVVPDEwtgfDoBFo7RyMOrn81kqz+z+gUcPLOntOeO90kjSOlddTmJOQxpa1Hwne/jS9I0lGEoKkfC8Aqp7Oh6iEjx2JmO062bBqnDsPuRhdm+vry+nwwEDhX1z//ikvCIOD+aETwcsN1qY1WrD+oFpwKQA+u8xxdQ3KTAZ+JuZlbqeWC7RMVJvFpZeWqyWSNi9PL/CGGF/rVeb1XIdjIrPkosEgJsFEGxMmg5YhJS5j1hB1q2UalBIkLA3YXl3t5rWi559Mll0HuzIr9rX190JudLz6ePLK06Eu8Xyabu5q9f7rgvYPLitscVwI1TAJn18eLiLAbvx8+eXHz9//rh7Bei8XSy3i8X9ZnNv3sMQkO/hFGB2Lt0bedaHQQTw49vreb97/+49Hvew33/5+PvT7rkupoctxTraOjRVuFsv77Z3QN0l/1XoJgtXX2auYsrgKiuc4LyUCoyi/AWmk7V2VLdp6uaYKPn3ljLn/ZWOsjDRQg9r8AKeHNAZ0c7iYTZ+SNF+GVUmVSjuSFY+ZH23huTyPoXLa0TsoFpl8mV0plrhYFXhRZdC6XLoF/xznbll4n5O7TEyU/Dnz1i0sW2Nvy3EILN6rQQ2ei88xxbcNTWfyq80w7cOHheVExhNW4M3Q1jX6EnREs5FFa+3XBRZa3lmQU6ZODTDWNHT02NwElB+xJlhLa8r2cPTrapKaVDT+8ExWpS5fjDlTolXDMXAYkNSRBYes/8eM5tv8Ph6lgKJEgmwTzOJAq4WH4pp1umwODGEMAfpop9Eh79cnVrAkE+QAxjpwux5fx4JBB8mfctuBKz9oVwv4tnA5HSORwH1dmyKIB3nbmItDt6IFBoOwSFZuxIe24MDTxY+qyluVS3omNTLWBFrJSG6apn4aVZju43Neri8jefdMOzlI1MvC3c7EPKo1aEGe/p42X/k02xC096X5XZqupK+0qlkNoEkGvqfQxeVOwGGgDzrbv8CD2q1aP/xv/MPT6f+n/+Lv3l728OJxQyZhhEPgHEIzioTTKNJEUVmMpEURihNDZOPp0c+O1Gfq54BXyUfSnVNuNj2noqK5VBFOFPUCUnfms4/nHlk7tIAX8bk8q1FDYOkOJWC+U2HEFaErhyCuhAsSodjbKiPCqPwnENFSXlaf6YCVAtqLB7Ds7j8Dd00mTL7jdVDSRAsL0nSbsxuMHqiuVIgllgTgwSltCSK/QmLZDJxOSUxYm44b5KHGaRLgrrcO0hN5Z0plk374cP7X//Zr/7iz3/96+9/9uHpntL42DoJOdQF0hJRmSGMol/omsjJMNNM/01fg6Hpa+TU4Rqny0ZHmoLT++J1s9mLMmNycsPodFS3pyEnaixEFP07svFgkGjS5PKAtPlMMqasajmp+dkYVClkblK+slDa0h9wZhbmTFucTUVGFHN8WCgZk7LRvz7yjOmGryHXv/9rBnvzX3mUbsYwWXL0alTSDdysD//pDfgtObJuDTyvVs9p5caSzKjW9d0ZCb29y5jTjnGGwuVNO7jsJ4XPJimsBufNvMqv79Uu7mJ98yP7oZITvGani9tRSo5uhHw6ZKWZaDm8nBHwc/GacohOf54fUTXPvdJA8zXcBBsN2c8p67OV8iMampzHX1WYU5pXWf53zlbPD6yDxrcoP7+YnzAlr67yLm8GdE/zqBsYyi/1qbie9Q5sB4PVjUNtz+ZC3bpM1oUPVtqR32u8HB8vV2jKHbfk+I+WN0oSBQnzbHqKWxmYPEVFnHm69rtgzQT8oY19nJPCKuKCw1UR+bImDYUpQFjFuy2CXG00Wucto7hN0T2UMPeAnKz0Wr2/JlcdmpZ18e3DSjKYkaVDOAhfjp4hmX2W4nrcBtP5NobnvG6s+iHmEmNPDfDJsx3IKgPRc8/q3mGFVk6UtDVpkUg18fAOdLOlEEBWMtOcNqI4v19PCQdSo+J1eYKTmm6pw5YKaexjprxprZ51yhkaT7ZnJ0W00XLOfpjUbkEhgURaqybeGiOajJLQ5uSLUs+JAF0kwnn3xa8IDn9KX3+UAHRl+1K9e0PwxlC28+EodlPMUG2KOYHq9siWlzHxJ2OsWA5T5m00iqq6vPD3vpPS7E3rMjE3pZ20tMxa2mYjhDBFy+RY+xKzb2QHaPERxp1M0cYlJggoWybKrC6+LdhOSoG2SwmxuUfpPWVkmEmQTrOopbcR8+OoVHxwWwHgELqIKHURPUhyr563Qf+NnAKhxIUkDrQ5I5Fur0+X31BYtbu5EfIBOcLqOsjScavXNsOSgwO1B3KNE5+BJDW6Ip9iFsjazapnNYVi6fyRtT2XhvJ+KGErIiFpgaoxj9ScLxr2WIkLoBK1BN2jxOzKapKHasQVE8ywgnc41fizrYwp4ZZICrBeTar25BLaLmIugUqSCFGNcMbR6beKfGGrSl4tbSDR6jEd2SpvMNY23OmkFEBUbxYp2yJ52B0p2sAugj1hacAd2o9yEOm3JdfhFyRvcSAJm1FBreke+qCm+aj3lam2hbTGpGyLLmOn0kRdrsmqd5IaC2LJAty7BxjblGcSMgBOmH5uUhPPhqBnS3IfZktoHWEsgKAIcuJkKomFUo6hlZKscKC4LEwAcDovW4n9lQ0CCWq80rPHuACr2x9OaclVyENiT5gViC91dUik7d6ODP4wI+tlYx0REWYhdmSDnH60o5/k4rpelG1FfI2cvo7EQ4Y3VDJtyjXusiItcSzTsFmRPHNhET9sCFAVQt6xwbGKOI5a1OPw/PZyOB8upOEHANAPD9t7wLQAXACIAz8qiUOxY1u4wH/fHSgzwcp64K0OS3H6pNQbTudud9jj39vNwPOxjGLfcJq2y9X333x4eX47Apfd7/7mb4EfLYvCSDHFZ2BaAIUF9rEpkNTMMZTqB/iCV3hhB8YAABAASURBVI4dF3DXIcNC2daxcKdhJAHqgsGx9M3ueIxvr2zuTmZkSz4LNzhOP85RzQ51xNYQLF/2+xP55afN3fYMTO54GC8XDCoAbfgYh2PdYgD7/nhkpzID2YFeY00AZH9+eWbpgERvD3rBGlDcZo0P3W7vcNu19EMQQ2I0xsO0Oqzu7jaXM0DK8z68AJc4nY4Iz3CLADv3+yO7q8HXWS1I0WXeuFV6AIH2KcirWtWtxaKSHKF7WZnYOStDS8s4AT9mWE7bhzFkH6QL8HcsjcupqVt6EFXd4hk2azyLGNOAcQdzjadZyB5h6MSUQLtYpKRigfMZOD7gbOCh+JxmuUirNVYzgHIG6uIAVm29KtfY7VhRgWNVIxFBDm9RsDfuohVbrtQ27wXeUGeEiGd37oEojst6ajt+EInw5EpNpGarmGJsKenstIZC7Q2pfElWb2OBClBXPAtQ18VyaSpp0RyySYGiRD/xpAAc8RN2mqvrgNwGIOeG3AlrDIVfY/nTJa/YCBIQ+lSpCSmt5FAJ3VJ1C8XT2ZzQWI7y0LDv2E31clIVUn9WAUHfLfsaYSqTpjnK5G0kE0uRRZDdkG+uvmyxdFgtUbk9GbufIt1FbvgWp54EZcxpV5nmlpzF5aZviIqyn5gEisjYxCdTPSO+aqB7XANeJdsCXjoV6/FxMAECYSiJDnvMtEa3hwmvm2EBU9OU1WpJtohyBiTmSQQU60f6E0iFV/jpM7JZlDqp8RxYFbi/xXKhZEAJANoyzZvtChZmZI35iS21FMxKJAeQOrNWl5GFDLvj8Ib9cAZOfnp923PPxuq8GJmFmzouv5SWbIoVhcZMklWNvVqhWxcjgvGr5XazebfdAO8+noBPIXv3WjN536oRZQ1YvyDHnLU4L1+em5iweesiPWzadftYhAcTV316engHJGXDdBK29uQgj4V4Fm5NfgpZi7zgcYbXl86hl8WFFuJYs3gJZImnxHaCxQ3zZHKhJS9aNFcLDlHKEQ/3rPOqkvQKvZps8K7mLsyqo6MqrE1WNIRSirAzUdCSt+EK2HgwkBGQOUrPmICF88m8T3NSkns5BpKE+VhOGbOK2ZF06rNlvjUIY5o/WwF/yJKE9K9IYb0qQQaXXfacdKEeC5JRypCT9TXJPiHvpEhXVkKwQND/SinLFWYEPcwRvpF5nHlOtKxQo9PJGV5GbbDdPGZvMDig758RY44xb8AfG9MQ0/zExYydF+EK/fviyaMa0lyiHkOOaIP3WfSm4YrlTTggmrvGZeS8dobMyKJ2J7pmY5dUh5fKRQQ6XOC8aJHvEyuB+srTcA4AqbER+3OPf08XHB/yEgYWk4QZEplMf1OoxGT5jMEbjVM4qsBp0K7qxRZuCL41GX1WXFTtWOLQXwzn/TScDJWgUI1K60Z9QOyO/eELe3ci10A96EUxbothD6TZsRTc7dCp695Ax4etQQkQ42C7e/zw1//wL+FC/fN/8S9x24ANkVCFuzoU0vmc17oBafFGpUE/YJ+Jhi7yuaOiF+/aa5+DJTIj9eKYUJSUPB8YSeMzOcvq/4HkqZwQmHjcU8NaNSrLI3VdjSU1tXDA1GxX0KkRAUYW37EyJqqUwYrIbQcJOLG6CbHMQsihvAaZEEBDvlmYQxVrKWPNyVJyOMCQhchOJ+RBj6ZbPUeOamxVI6Pc1gOrbybECYP1tTEOcjRN+NL2npkfXBF+nVjbpEMhC/n+6fH77372qz/71Xfff//u6eluveJh5Dgnm6FEqbhYGjf4RnAmppGGgk+N/3bGJG1r2372N8pGzps1xHlH3OwawypziYIhIr6V0t93keStF1Uwb4GbFW9MbtiShlbsFWksSsSbRH7lE9gOTB/g6axky8rtSj77fSs74JR5Rh5JxWx27TGL+Z/+yjiHYPEWn7e1+zUgm1n9aQZL8xsyYHwDLt9cK6PMttRuf55vzKHD2ZxdzafDom6x/NTyEfCbTjnaT1mEPX/gfFtmnDP06YY5D0+4UdeYs3Lz+4IjixmzCL4MNNHFVfAgn2t+kyoCn4PbIp+rMYMbXiR9g4bfYOf+8fP90/Ua7XK2Wyx7Kp2f+YZTxnrnbp9ZYDRZPD05fewK9oU4D7TnMLKtnxzZmKJzdqOZ/yLmx/Gl79wt+YVWLOwdtvJET9bPT6eSnn2aJyj/qfzmNJn9zIfbvEgd6LeXJ69kMvq0FR6keekadjXlvgr+jZ98eZhv0W1plgbVe3l7m6yDZay7aBvGz1PvP2y+V7Iey25Q4vw0lp9PnqiexXVCPoyT0f2ZngwJqbRvHtfwuuC7wjd9O8Laj/neg5CcwZYGb1VdXkzcVSOeGcdWXxri7EmJEnq7/A2Gzrqx5mZJJWP0KiqH2Nl7TTGLvIkqilcvd5o+no34aUyfzsMa6eACGAXsU1cIQTbRZuZDvbVbzLUBNve8K5bBqOZMtG4RRPOUiMUajC84mZy5Uc41a1PeWKOVb9lPpqy/73vYdmt0An1IX1uhf/u//igB6CCtmi4MpdXpKabWj82akdjhLnp2riwIUOhBWhfBEs9y0diNyRV2pymfwlwQuY4p3CRlcrRjtnW2S1/7yRYoBWpNRkkoT3Z5VvUS3vAUsFJDiD+99Zq0cnTjSfrGQeoQJj0co9FOPIkWGHxItGE+tCZXbCjliU/RSzTIknVVvkmk5MJqS2SRTEijsH4YJnyhQ6QQykmxYItPxmC9BC0pNFlwMObGhck7I3t0Y8kiN4a2nYPXXORO5SLien4gmIigIdNBbQN5K5StK8TV8Obuo0RGRh2C0fBngetVIaSEEUwVHbMeSXMqykllbgOlMMyzK4RTpAuJd8bgEr+CgUiiiufYWzUcn0fyIb5+NO2ys4Swvae8pn6UqKsAa/a/Zr0ekm1sFlbDx21KQ6SNcB0HqYiwprCq8WjnrgfSQDoeJ6akzqsdvGqjyFyB1QjhygS6RxMK1ATw5qLxkzLAH1xvxuJiLe9o1T4MaIiw6OTjfcaxHoGQplHkHjzDooyPq8XTeoUgpo7UhE7kgSZq9+N/KZHj3LbYbW+n82E6URFJ7Sg1BVhhEbDnSN4N0GDN0DQt6gKI9bosceVKVFNS0vsLhR/UGHQKJ2pssecbMTWANXvVwi62SCMQcNyfL8dLj7EGFrMghsmBPeBHPSVQt3hXSNtmsWmWiGuI5l8GBouXjjLlbOsYFy2zA4BeGkHp7LGGAJJd3oKYzmzh17RU8pmK6hSYD9ifj+OJQ0xZw7cIDKr+AIybBDQSacdLR4WNgqqvid0pzyQ690wyXUa5cIhqUtu0WOuI3PbHo/ryJd57mN7IuOxIiV2tqUK8aC5UCTi9/PCyaJq2bguKyYTfff70ut+PHMP6YVoBQqcObIqfPn/BXW3W1Haw/p7KH/TO5DPSSgoYn0l1lFhFh9Ohev6MAXl4uAMoCAQK+C7THiSc9pgRgLBBOVmAyxQbAUrOkouwVEk/xoqY8itB5466w2dmIyqAvGPV4K0rPN2Xlxf8cLmg9gACS6y/4+k4pGGFG18t2eVS5uXh8SFJl4CRMqDnE9u3Ybaw8UhubZv1dtOulm8vVITAont8fGyIjpd4wUtHkPJ0POJW66aVYSwu9Qn/FqurUiXDcNz3wVc/N1SNUaLTUHBoU/P28vm822NBLBZCHKhMsnj39NguloMgVxgAjPRMEeGNdsx3WKnAqKZzp+MJO/j4tjseDrCh9+/eYVkji7B7e8Wwr5ZLvLMaelO3u5AtjlvtjocTYGvcKscEj7lcskHlUHQXekl8NkDQZwzvAVH4mPpqXHanA7Ynm0LJmQPmjRQJ4uNt8FY/zB9ZbWwWlMRzs00cEg9AGfc7PBNGVf1GkM6h78nHnFLDboShcaHnidzWhv/ptCuIUnckN6i/Uk8dm7YRrsvdN1GhpzP3bBS2iwWI9Y38BIl/OnKZ1KhL1uexGidIH4jVRtx5yiMG9bRitjK4TKBR2Czq1gnDNUI/Fi5vW6htII+bA/M9yOiUyMEsliuMDT5o6GgfLqdenDbKB9XN58f77aoFqBRa/vkAfJgSGNhpSCKR3TwwV9Rxp1DreKAKbEWZfdMpCQ93D3hebKOX1xfcNkzPul9v7mFIsK+pMaIBfoM9bJftZr26X69KwTFvh92PP/6ATQ20F2mYSLH4E/JYK2RrxKMgCa6mJM7zy9tZ4tFFXCGK3x8P2BnEX8cIAPrluHs97i8dy/1GVcOSuE96eB1MWkq0XqQ1QncBXL5esVnr/Wa7Xa8xcq5ZG+P9/d0T/tuu71dUZ0Zm6tRfPn/5jOEBLrLk4KwwAT2VT1nYi0ma+lNdLHAloM2V1kmths5Uql7dV+0qsdBxcAA2xnAl5RVl9qAzaBKDp5DND7cmDlf52ZDRJYtDo9W0itTrLlsKGRCNHnOaJIK7NEzyOCpida2hDB7VmM4qWc4S3gFCJeKhtfySMzCH7h7R+yNZaKFCrlz1FDJXxTytyZUxeOSWXheXbmGFjGlkyLe4+ozGGUgZr7auHqPdvPGVZgdKcLldIZjIoqG13vdPAXSIXsdsQbVTLCSKMuVyb8cJiugdceb7lARZctghXWfNSWKaA2sE7cGRVbcZVKA205NBfvKQpgwBzZKVMWMmIbuppRfjmjCG/ybNGI11CLGfJQs+jT84+ezbfURfB/7RwbpLFZmiETI47WiVStlFxAboPHTHgfZtMN1QKTW3or+pAJFqQACaj0N/QOIVHgFzlgOcm0saz5O6906jLVTXuzQvV8XN9NKYdQ9i3atLq+RK2rJeIi3WLO6qxbpsVkSlyyayU82ialaX8jPFNvqTumklJltlGdmpGwbttLvAxmKTb94BAS2bdd2tGPSrKwHhPriNPKuO3fmI+6th8mB71tvFsv0H/+DXx3O3Pxx/+9u/Y1VjCrU6mAdP4Nn6TMUsBu70YYYoeIxGfA7M8hF4PXLerIkphCIJjeVkVmxJl3omCktqaMDGd6IXkAlmKnnqMRYUFwB2pydTwPPgqrQuODhBYIJxXkjhL1Zy4XHuSK+a9wUrVBdWUmnrQfka9TAsC8vDkPlny3pyXropMKrU3VeY7XLmfC/MINK9ZwWfmw5bIHw3op7NskVyD6cDjwZWNhnhkXMZrWSVRJ3J6iBhFx9gdherx7vVzz58+LNf/fI3v/mLD999U7PuLUjEb9AJhyeok4dI/Ev7qsjq6nMCIORlZRUM6RZXneHpvHO0+mUNs9/ie83SeooIZ7RcC9Zweippx3lsUsp/arMN5M1QMdAgExIXxl5Zh5px2CRdwoEFbNIYZEhBAChnG+N1V6tGM2SAdQYnM4fcbl96HXOoNQNjKfPF5sdKV9jaX3yDzmVbG27h5hkwzKOXbiFwu4X872iFvFok4eZU+ynA60C8IUbX6fDoP79yfrl9Ribg2rPMo+QpB7ckbky0LAyBDfn184f72TLla89rJM+ePXSKN/d883az8yHNYOvwizGZAAAQAElEQVT8tnlNeVg+n+KzgbYwNqU552w/8XxlmkUzuJPUYHhyM557EOYEgx3yjsamLDSVDLPmipOurmlVTClrAtu958Jrb9XpFsyN/eROiWQ4HYtIpvaVgV6er9aNPKpVVul5XbsJh4vkpNhh7BY+zsNvuLSN5BCvx/51Zc2EYB9w6zF3LYPKo6wjwydD2ds4b4DocYyF+yEv9jC5mEi0pHMxN9WdcSmqBMaY+y64JL7lmSc7728rCEKGd31SZrq5f6Id52HWDZA5Dwjof/5uezo9fdmdfnw9f3o55o3MGrfRoThuI8vwB+vGE0KWR05hPjhDXo56Q8xb2IdOxRfJl5iUXJT8ousRjSTnOyV5ggufUFNvycHh6PBUDId++nIeFgj6aus8M2p5FHaWFHmbZl/SQOhSxIBUOngosqZh8d7o2JaOy6VrlRR5GsxdjLmqwVARt4XGLTD9hFjE66q5JiD/VL7+KAFoETgZTKuut2cBWHkVktdGYvIliOUSnPOr1ZG/QrDudlyePFF9a3lgP+coZnOQrWcyeSBfKrMrH7Qix5we9dqBlJNuvm89fe4S8LQr1qyntOoJu0k5/UI26RfO7cUsD8N9I0IvY5A6iwjK0wt+Tqjw1Y8VO5eC3wTJBb7nLcAhHVifba+0XvRqZWYqcZFYa0k9OmNMmDEkWK9qSqvHknRHtMcqYlaGoDnz/p+TA8uRlRwxj0BRJOc+R7EVtK2FPqjghdOWiHLaIJs4tQyhXTRVrgOvkZQskWREFDcOwI5YOTaWhq8XVkXHwkgs93IaF6ybU1zK1JbcWqYVy4lty1WTSELczKIJbuMbUv+sS1fIKlF4a1kCTU4qJh6NG1CIao23UGSjB4JBbhbxAnjrHdUF0vloOEuhJmnSCQDS1wP+uWsXCIYk5B1qEd9VBGNybZJbUQhgds9stEJ2s+Ahx4FFJsHzzjmntjuozUCxV3wGkGb2fxko7obn2baLp839OLI6G9DQQYX0PctTUyPV0UVN0K4EflVMQGHp4vcd+WoNgOkCXvqn57em6QANUXI2EcBDhAVsuH58MH0SDdqKDNluWC8Wm9UKHj7+gdm79FjcBIPOx8MbnXYCYAZAnC49YFN4wHD6JajKFbxd1cB04BkvWzbOO3T9x+dXhDHjYGFxrGoy/Na4wjM7oT1sNsvFYgwFBW/PZ2nRFPv9cX+QKiwgthQvXUfyDkaDndwoIMCrnbvL7nCi9HbBlly7A/BmaoIXERdcNC1XO7udIaa68CAvwqpZUBAxIBYDYshUweHMeQHyBbwVyCXGrmwWCEgks3yxNnrH/akvAB2Vu2n4/ZdnYFgI1VasSq2X7RIT/7Lbvbw9P9zdvX96t16u9m9viW3cKbnIUgWSLoNxbFUerc57LCboPn/68XjYHfaPWA1vu/2eureAms9vu8eH1zfcLZ5tkiKENlCk+OV65TqEVJsHTocpOB/2+9PxggWFCBfxx/nyCTjgdrPBuB33u6eHcHd3d79ZY/d8fn7+9OnLMPzw7ukd4PKGqhLtt998Byjs5e1l//b6+9/9HoP68rbH7VwuFyBc99u7x3FaX9Q46XKB9QZmigiHGjjCish/pk6LTKJMx3azfby/b5eEyJADOFO6cfrm22/I36zqSzxVTW3OFEzWacDzvr1+/ozQCeg/HlHzOD093j+9e7cEgKjKXGynhjaRxRM0GpgakV2JOANyPh4ReyGNcaJc91GtpJk3worC96WMA0HrwwEIO7DmM+U6SPB63r2NbGVZbTab+75frU9snSEtCDOIZL9eBgqgx+lyLmQNDmZpEACfXl8uTHOwhyrBUwo3EZrHrLGdYqVLASQZB9WkSfJlos4GrsPsTkctcr6HMiY8pHDlRbNIslpYg7jCkvTYAzJxMMzAHdhpChMQzrEHnK4EUruopNHdXaiyEojjt3jjqUNGowfssViuo1jdsDbsQ1o7vWQ1Wo035TuAE5Ae13nbw4YtSVu2myzrCx7UlOUBD+EalxP+hbc/Pj612Ml8AlgkTAcFfXsmD5jm2QAo3Qyn5fr17e3t9WW/O3x5ed4fDh/ePf3s22/fPT41SyQ2thhX4M+rxfL3nz/iXzCnLRVCqKfTT7vX5y+///QjdtbdcgUL//LlBQt/c3eHE2y3P378+AMSBo+P7173p5aFFpQr2e12ry/PgN0/VO+2757wFKfLmag0lu/phH8sms4OZbwMs7PebJ7evX+4u6dssw6j49v+PLCUvKLU6fjjp+fD8UwVAKojVf0UuxH5iR3gY2wyOMOHPZXQa/YkLBcNJZGAuO+Opx9ePmJ8fvPLn/8cG+z9h8Vy0Smu67oP3zw+Hg6HRd0sa8zg4mX/8ruXT797/vjy/LE7ITcXYJnxcedywhwiF8oi9M1yua7u7lePTw9IL6kcpRJbBBa1juycToTXekSaB1+UluvkWTxZsGEShzbr7jgV1rLdQkQ56YVBrbj4oDahCjNHD9KmjAYbfDs6VU5OSqX4w1S6qIHuToczp0b3qKpadbVF9Nb2aifobCklCnUj1ghs5nTlA1S3GnNA6vGhHIXCXIVwgwF5x1/xocjQSUU+d8OsopmvMo7JcWzDCEwHrLBG9Fb0Zn9JT8O1OiZjAJnKVkafTbzAXD6lpOV8WEyeBjMpM7wcrVUuiycK95T0xks6p1zPml1ZjU0G3Odeqd62yGnZ9EZH6iIYo0cwdFkYEUsYcuEQRjCmsgXwhvwHZ5t5V1jjAoUp07AU1pU+LWkm5QmDM0Z1lluNN/+WOzrdhAhzCF2qDnxSeQGwZfZOouwGsn9EH5axWqWqTRgJ/LA/j8jznXbYd0OH/05wwzIPUQrIk0r8qNQ3OH3d9EZ5ry40YNrdYgxMxp9KSGSxFOmlbtfwNhbru9X2XaxX5NMi+w1/r16cd4vz/lPXfZmGo8LmigJHJQcZRphu2mt5Xy3rdsWxh9Xa732EeLqpa8R5D29zvXmoqJeDbUvl97v77V/95h/A3n7+8uO54xSXlKHD4NfdYAWPU5UGtUJgRaj0l6JnlYRtUHtjwUwFpaWYTSxSJrZLSyMW1QJuDa9T1lo8HChJhNfE0kfqv63rkuwMoTdIeZ1xXFTVJFXoC9N/8LbjomxwVWRwDSDoRmTWWB7E451aVY0W4ATzw3oYaxVYF5ZnGckoILFoED1w8vYwienbuhio1sfRQob5JKUtdpyUyQm9bxrLa7DCnVNG6jdwfkwxqdkcXBwapENLmALGaKQQU1UaY+Dd48Mvv/vuu2++efd0/7Nvvv3+u+8+vH937i/DqYt62eCoT5JQTSEKkJQ/nMli+W7P3uTlewUyY/66/XlGpYPBvCyiDxloNkEA21bGQLG1Yolq23Oau5ihyIwMi0socji5OAigTDiR/ji9C6xHxT0DW1Mwi6O9QA+XJ3cxShI6lllaOuh5g+mgeDXnXGQf8/+u6F5+8J8gMNcfOTxl70shQ/PBkpcZI8wR74zLpvBTWCelGTTM172O7XR7nZuvifnLyXKTXtWjUS1/YnVu3nhVplBOJwO0aYZzZfJmmV6j2uq3OkvyMIaZq+4fk9Wdpvn281E1ZXxbSYi5S9L1o0OaiaVXpmucV9QNPp9mPDWbch1dedxMW9MhiBjnl+loHdXkY65ryVRP64MyK/5bhXK+CUP4nAbNK3hCYbomrBnXGJ/OsRib3uhMwOtJMMaMTgfSf1xNwc5Qi/tLKWEVM1ocbjIgMRr3d8ogbaXs0+0EaE1ZWtSeX9OpHKadh15K6N1drZDLec5GPyxuJvR2eVInPXhWLNl1DLIsZ6DG0I7cNE9wqrEAB+smX3r7sUK+iBHTjCOcbibad8HkVzC6Oe/Sk75asOw864iD1T/JdSiK7bL5xc8+fDr0f/d5//x2nLKWhiH5WjzJC7SN2mxg+qzlEueUWshovqG+3mI2me2S1LJ5UVwr/WD3qLo5YlCkKmYEN5hWRmk6uPwSncGREVz65dTBv39a1ItUXHD5ipXfwGicSsnWcIUnMUQ+qEwpQSmESU2pbWlHo0iY6XaxBS3riZXcRhkoirxIYtaS1pXs6b35XLL0YBYMCCmlPy30OfyRAtASpeHsDhaAcJERnjUp9ILkXP3Ii11s1yX7ZXZy/ToGI07XQ8p0AtVxI6eOHea87puUTwXiq2bY/FOs9JCwoXnc6m3liv5RLEy7vJZvcl2OSVLCxc3BG02HOlhdMk1PEAkvTVncHlfsuzm8GUfTOEvzgqc4X+ndR4OE1UYV/xqDAB+I782yRPclUzYIUjiRYFmSZAfLGthciuQ4U4MvdHkV/nv6Xkg2t54VITpXR6NsxjJILUGkHmktFXwWCdWr7pBtP2ie1bdo8qAqiEtcV2asu9hZuwf+u1A3b099JvYBcf4376emurRahjPiymefan8qWvcqUaXewWlz2Gh02ToBWLK1eGCQRkwqh8HKWTR2nLqukwjm6rztVAWgmqYaxPpuzTNc30tfwYsl0YPsmqprElMI+DZMwB3PbE8oRreWdMWmR1Op7vXslEJckJyQ0trnJA8Pq2CWnQeHBt4yFq73wvhHlG/LpFgCYyADl/pH4r2bDR8Y5BA7BQIyXYp0GqdP+wPW3LptTl06dYzyOUctiyYBScW22JLV2nSDaHnE85lDpmTv0CHxWFaI6wZzhxBrMcxIrJynakdnakpFLzkRrLGH9WqcWsYSwwA8qHp6GtTxcLLWlcPIoOqA6CsuKN/b0maPab1aWoiL7wGK3a0XXPPAblqq8ZKvHQsglbsLe88g3sF07A7HRH1kibF2PXsMMSoIAGJHijuQFpdEEG2Kcr1e3G02mKzn15fT8XxMx7eKvdoQAo3BiOpA0obCSG+q8D4TrL/AmFDXdUnIfeov7BYMRJI8aBKtgVwCiGykhQKk9Lh7JqtIRY7Ir1Y6ebqaywoZC0wsENv75fp+ucJ9fdm9MSAg6QkRUY+bwotPRPEmQ1Leznt8Rl2GzaLZrteVtCSHXt0vq4i8CNAxwK9YKgwdVESMFUSthvMFyxQQNsBcjCmhvf68Waya5YLpk9Npv9udz+T/LAGNbe+6Be0Me+kATx/6DQtO3wF1/fGH33cdh+Hh/gP3OyLG5QKzDGwRGwxxP1Lknz996ajmQRYqYNmXl92nZ4CFOwC48JlOYtCP92us9WqBb4ePP/5w2h+XbbtaNHXB5m/PTB1M5ELVEfg3QLX7zfb+brtargBPH48YhP542G+3WyCDtBw1Qm2SxtrVqt2sf/n9L372/ht8Cn6D6OkASO/wdjnufxy67R0GG0gp4kyAgBVAc/wEcDI7YvKxzrvDbvf2JvR5sW63pQ4WS5shWQQMdbtdR8orEbGokIGJbH54Pp+AsQOgvZypzhGB+cKBHrqPv3vBtFKKu60nZ16luTixYb/KLf6s1AbzfKKSjxr08fevz5QcxnsfH+6Bio7sxjqqJiL1/Ymk41IyFIt2H6q9XgAAEABJREFU7pYi1c6yQTKjxWYBqE7WvjlaANVP3RmvBzZKOzwOVjcNAJ0fGiOTB2trJ0IRakxoT1ocVyqzbkPHTGk/HNlZ0GgnBHaQ5VD+kv2rkOjDNcossTfVuE5NdjUTAOFyOIiOVa4BfFLAB9ktyuB8+fRx/7bDHX549+77X/ySyg/LNob7ASkoBU6Ay798/jyRj18BWcaUwRAvFivgvJ9fPnWn8+fPnzGbj0+PDawXnrBp12X5XQ109fFI4Wgkn3ajGlRiEz6/vVGrnXrbKyyMeNzBeLSLxeP7h27CPR5++7vfIl2Es/wOGM89LMSShZr98Pq6Oxw6QhXjuKdQxu64PyJgXy0pkbuo2/25hzmqjt3uPN7dbSlNgxTRNO5OwyuVQ4CLFC+nyxsSGBE5ldUHXHy9Af7yZbf7/aeP2FY4MCjhvVmW6mxMvdQy3a1gXZvzavMM9GroKRjLuvcxCqyR7Om0WK8+vrz83cdPOJ2//+4DPrccUpMCcCzMzChXYrNsNouH9G4LKwRoe3O/fnj3fnsPw8PuzooOjCzJfLWqcW2tBs//KqqwSvbRy5XGGfkIXmXp8E6GRZRrVuBD82mJZXc/LKaOHhRH946kPWOeByn3QVRTe714haYVTFW9mDnEjEaU48lgWf5VhpPNixpDJsnEDOl4zBmstNLpOuJcK43sKEg0dlHKvaqZ7suCHvOVcr38NDOkxLhxBM/bOJc6mJOjq3pNcNKofZAeUx+a/P4NUJqZa5k5UbjAiZGuDDymP1S60KV1WZKYu4VxOHo7K0MNMzkjGKJi4MDkXTfseeVWUddIT1oilV8OcsDkCUtxPl5dI3cpPcrN98Kc5tzS0e1TmO9BeENURZkRDOI1iaGCCUtleEx3E7anlMlkhulZ/Z2XWgctIvWg684DN1TPJEXVUJoZM9If+8sO/3Wnt+60U20QzHXPFLr69GYmKRXqrWHcwLy99hiftBf+XoeQMzGqDqSXFyV2b1XiAKUvMBjHdKG81fL+fbO+K8oFT+j6brFV849pPA691fjSkyTvYLSguD+9nXc/hvi+pLaPcgmEXCVl2XdKzxflclUwTdgoDi+ZjBl72Js/+9Uvnv/RX/8n/49/MbB4qzLEwXVGubH6IlUzQpWphlrarHIrkHSDB/Z2orgW1i6cLM0YlxrZ6mU1pmqQk2OUFbhVH1/3a2Q4G2tnojOFrhN5DEsVLZ3UJRjnOcYYrs6KSfQCxyQMyEH4J5v1BtZa4WylUJjU3FTBw+mHwwCvBuC1YQBKkrk2jMFa2hnamCQCDDoECVzDUrPqj6EU11VhPFejTEt8tRLTApm3BXxJLsR6TC0+oV2u4W1iH8IdupzPWJfrxfLp6X57//D+/fsPH97f024vVzh3m+aMcIl0gGTUGe2LwkXntQs9tVTEP4Cg3LrknRGuiFiYGUVXgPUmJs6pssw9MhG2GRX0X379Fc3EhdEgz2xSfMcyyzK6rmCSzMbI7utY8ZhQbGK2aJBrPLJwdF4yWRr4ChS7VGS4/pGRUEPJQ84n2UNn45CfL165xvNrsg5wClc0OS/f/KTxa9D5K5Dvpv5i/lm+68K1pH6KBRXJGb258aOb32mekPxBhRPRcl19yCCxJ0nDlfkqpM4B3hk0Nyxq9Powgn9TcQV/0+0D63PG6QafTo5wf/2AdkM+jCmfSClcmfV25OafOxIW88tm65ryBMWYEZLrUITMDy7V7eEqA5om62FqejYOY8wfETP4OyYr3DbQVpOR0UU7Giy/5Vw3JcMk0mwNnAxp1eItJ5eAoQJfzvToUKiVHDOpBEst+noNDvfLJUnzaBVWnh5/MqCe7nCc24FgLRwa7KR2VFSWGzPp3QaxMBj7D9bejEVqu6R0g07mEzRa46c0e2Q2NRk1p6Sc6lBo/LNOjzc8tOVbxJxbCdc1qU+bExU0UULbzceYsf0QDCWtDXQ3PYy7tv7lu+1ffP/4d593zwxwGG9T5lNAuWdHJiNiKhMcr3vKxtOY1SYZG/LO9U6IGlyO6GjOgS+c2W6YD+Czmg0JzFU5Zj1up3+7T4Qfnafw1g0vx/N3CzrUSEsiRK4IizWG6M3q9fbR5oJMPO4TOycotPHshOUIrBFYrpZIxKwLb14Ri2ykU5EtuD+kygIdddfMGJTlmP9PjfS/5V9/nAxoU2BDKjuOFWAfqk6FGGaefOFSDznDGjJ1lj+cs2m5B+Xkp572fmH2MKftbCVfHYKrWbZrGczsF4zZGBTu3YWQ8zM5y2i8IMtXJ5fHySmzovC818QOaYr5LZfH7tUqI0nqpGdjEL3LjC48yi2Ls2dpMdh8516KYVhqLLyows1tvC2E0I8A0LBVyaQwT92jNBwsWYuq8DADGb2qhjh2VVo6kj8X0buUHZcMT1l65YU1OLYTm/1ToolEMDgMprPBKyq3x6dUAWqhliREWNk7SHM3Ti7dkbyugVIhnmr1QMksYDKaoc5KwffJSlEZi43KNJaWO9ZkSSmyVOCgNKNMueUF6WqzEQoPumg6R0ZkslyDFcAQNw1Z9URNs4UewwdvWD5YDmNBtedWLy7YWoeBDsLpsWAJJfVk1GqQcQhJKf3g5taOWVHNvZ8Rn3J0oScXsWLUx2iHwuXJGv7MBx17Q8E0Wvym8WE8hg8l/Y6ExVHqHxzWAzDHw/kV8ATCr54MFDwCG9Gch115QjCwpKJy7d2ckHGN5SDo8XA+Uwe5JiuFdaOAE9ulVHrHM8DswuJ8q6GmwEuPa5JrXFotL3MrhRoH2rFXsTi2Yss4QMrNshWtRz3JFu2CUrbTyHJOkj+5axCNrXmmVKumrYtqfz5X+8NoJTZcseonk9KqboqNcrmU1Y1tS70C+NAlmTXVKClzKTibMjk7hZ6maX9u2Gx35EnWAY1lAwGiHud+OHU7a2JpGghBVKSkDEDNkJwKvAC4SJImTDd0RQnU+XjuvuyQN96pPV27BgzZ1ngl14O0hDHE28XqYbFGKAn860LdkomE6NU91uGFPyA0WsoDO/fT/gTotcNKHLpaUsEBYdJJpJ0l4NuW6sBDf1iQsk21BYr6UoEhHYlujtuO/BZaJTw7pvVOyZwinA/Hl5dX6j+W5WKBmad2hfY75oS1qECpNqt1TWuVXl9e6XUNw/puDbBzsV4am4ZyyZQz7g77A+4Ht06Bd1bd9kLDxxNJ9pdxsOqw6f2He/ayK3q8Pi6pUIxxBMiKcQdqjjXTDSdKLpwvTVm/7Lv2yxslAko4Rwk39fa2x2VZ2SD8lVrzRblarx/fvbujDG5bLpdF2YRt8fB4110e9/u3jhRsWixsS9zqESAB0ckTIu1L1wPEPJ+OO+YAeqHh7LNXiF1yOZ3fPn0CNorBXC6WA9VX6MDRVo/hcgHwSMId4mQgvvBJKZFxaQF+Pj8/Y3O1bbPZroMMGmm9I1WM4LZiip6mcP9wB4CWgsXdaEJMVlxi0iA95V86koUvp9FKlWVFsZ25a7iuJ2nDSCObYt8U4SwZFxND6aiuQVyguxA5xj0gpYQkT0GJc9bW9pJ2NJvMflo1Rpw66eqEKzNJjguSJZoWQw4llymPv+iYFo6GBqnV7mgJVCWfBjsgMPn4eK/Ji2PHj+E+qlkl15Re0j5giZ67vh5o3EhpD1QMx+pGRgbAPq6Hj9kVO2OFL1aru6eHzf2WJPTuopmi4in19bFIsM9Wy/spHY9ngNcGvwAzwLpmN2BRZUmGKAosANztWroZ62ap/CDQkgvtvZSeEOBgXQLNemMe46Os6HQ4IWF25GEOWHx/fj1ctqv1kcLV3NnPb6S0b7ebu80Khou1CP1QMFV0ObGnGT4k7k4dcjF9UHO/krau5xrqJCAOu7ugfeXSZnTT1ImZj82qUv/Mt/2+btk2s2YrSIo0seJnUcM4Mmt1Ot2tlt883m+aovvwgH11t10/3OF2Ntw9ahqMXUDh9eUGV6hqcjCDxyHc9dMV/bQT0+Jk6UZF5wuJ96kstUUgHkfIw6jy270/UnY+LIbMPpmcHPXCVWzORIXQ52AZfVP7VeY8eOsIA5atNKicPZ+kn1gAF7KrI9fOGUmz65NLXcPMgAph9hMziJOdvpjRZ48plDOPdrJZ22vDSqMzwlIOiT2u8XMi+kEsx8zqZdM1Iskjc/3/TNE2rcCZNxjcM/CbiSnn05OXs9JdpFKb7mhSp0CTJpiMKMqQzX2i6IofmnM1nPAw1H1oum3EoOLcs+cagV8HLYWMjMkDm8IVLUtTClc2QPbBbx3QXHAcHRSQcz5FK3iRf2KJiyJMTmYP8xgU6Tp8/lWYGrXaiauqm+cP7JWel7JC2ken8fR6AfQMDPqM/46TISN6xJFNBUTbG/Us0YQ0p2uZuqkfKIHNx5UpzgiacjBa6aVmOknqntabybpuOZ6a5X2osAFXsVqmxX27ZReS6bQb+wspsjHHLbgQm4Q+F1TzeYgFbE8lxfg+9nTQYaZYJtIg26euDqL4RTZNPWEmgUH/9V/9BdLN//Jv/+5lt6c4lVB8SdiraGuGtnLAEGzy1JqlkFjzYqzOJI4DvO/LwkuyDWoiLZquDt0+YNLHy/TplYE4LPGy9DkDGFOxUwBzjLhpWFecPPB6AfOywXHNhodFH8yFwJ5HtmuxqFdts2wq+diTjsfC4NDkgQCXUaOezxLro3CJyr+Ukw0qbiVRp9fpyjJOeDkXHUKiNLJ2o5jRI9WnSu+eAwl3gidGu1htNvdPT++/+X778AhX5MIirTPmFkj63cN2vdlSE3+1xOlal24icTqrj07IKohRcUBppkJ7PszE0Rna8nguXK2QA6w363xe8zM66wCgAWkpZX0C36Cemgqu3RtyfiHd7FLbmrM4rBnz2XK7aYpOVUo6rWV1LbcS023sqb046ezOgXTMXKwZU8qoePS7jPkxY8igbHQDmkHzGWkLPlmOQPs7glvwjJ+HK8YXb8xEmA3TvNhvocA4G5BMrZ3HPn6F3IWf4IdffcXbV3sAlu1bnjx7Xby52vzoaZ5ff6yfXD79/R+Zp3MesXmFzF/F/PP5ml+/Jjln1M3x1zOVMY95zBz8vX2ImwGI43UB62KjOQ4Ci725pxUnp3wnU1bicKmH5HaIX64SJQXkOJcNzMt3Hi39Z9so37l11fQeffpUU0WYVNljjaysNbCdRBkTyid9CDOjP8x5BNu21DSS4of9UvXQAgkUVI/eUizNtxPtvI/XNe0ESc8bBT+0TTAk2UqUprHeKtfbHYmYr+p4vEEwxYwKBRcrmpeSz8s8H+Hq5/g2mo/NEG4BaF2n0FlgCRFX+pzaIn5zt/yLnz39Fz+8XX736XQZTdE0UcF1NOXnMOcoUjZmybd2spEL8TqqvoNzQiZLa0zJXagQ5pG6LtnJk772aJN/XjYet8YOj7Hvpx/P3aoqlzhgLBFvXa9jNPsVnKQeLQ/gl7YMdGmtI+kJl853TKZ1GbPdcTNnPMSQZhUxB4kmeWMAABAASURBVIZmGNDuNualHfy3KaX4bzQu//Z9/VEC0OYTRqMomMS5QNIrwmpUDl/G0XeSq658vRWzZXBjMxvX2S+5ute2jOd/zxj07RmWQ4bCONLz75Lr8FiRgtmr4Bv9mnu0wg3zYV2WjHyZIjdp8d7Ouqeykn+RHfoi5iM8uViw/mfZWnM6qAnrCaNw3Q0p5cKfzDTxloDS+qOoot8Z/0lENZWWjQrZ169yv0QTb6/k/0b3HmKRLb/B7DT3lkS1FKkSRMR+VU5Kn9CU6BQW4c7KymrUSWdWsoguPI2t6E5J2aRidmzwA9pob0WMG3GLRJzRdNyCSlFLdSqIlUolfLHIO7b6H80gNRYHIUNJ7fgQvgjKCCxvDCZ6mETZFsEGDvLoqQvDpEcLRymmPLEL1mQBZ5F/z/aAPaWci24oRtFrCGwlAr4EXaZedp53bxwvj8kn5QbEXSjjvILdPbUjJLoUfrQD3lRQtKwU3LGehdk/eepCmoBMxXS/apdV2I+ATHsOmSRlcPJc2Fy9I/geA5CJhorKtc0KBkNN/zo87HrVlkWNZD0Zn6czJrapaiwJgKWaRNZBdkMHeHGisgUAoo6AYMm2nPtzd+lHe8hSNH2AehTkDQVhz5rt8kxnRUwEhpUVI7rpcDzjQYDyKINg9dahYYfJ4jIQCe/4rctwIzLDLVnyXadIwU5EiOIYMEhSndKmgDjPVDiUqgWgw+l4wuMBvGZE13eWVMGwdvjcE0DGDrf9dHdPzfFpPB/Ph3S0CFqik7RUAMWXi2rZlHug/kM6dD0htLMwN0B+7EvUSnq325/Yro5NvggLFdJtj1ZStQYEvFxcEFOeAPifYBUwIt3g3ZAUhZE93b/tLv2EfMDhTKD2ob+7W60x9IBR7yZSMnFpLqSi2Hen/fnydrrgM+vDDp8HWGrdtIcSSBpg7Ulcn9OYkW6EuKvVsqS2TFji/hbUsERgCHi8jiVAQ+rydyOJ3TI7gL8oC0LiWX854ZpEZC8E4xIVMAByGqesmLDgj+dLXRxwb+/ePVSxWlThYbsalwshCwHvqlK7wQQWPe75pM/Amj8N6Uiy7uumrd5tV+16iWATIWZNE8WmaoAvu47g3bsvL+/fYZYwGOvlat0uly3+tyKi3B0PFk91CnOPx+PbsAufn9kmFDd+xiAAlj5sV8v6/ftIEQw+Av4E9tgdT0gH4JoAN8kJRPAKuwlMcbgcyfPuLxKQwTWskrAqj/gLWCFwxeZUsRlmTX0DpmQkKoAFVtcnal00noPEn0sgpGIj4nPXq5W5YNhTveBJUd2TVAYKStlP0lyexv1hr20YMHFTO+aTsbVjBZaNKp+SR6HKb4vcRIMhJS3yHOoFXolQHWuc1Np2gVkG1M0PaurKDyxmNdjorzCBy2inFLchdu6koqToqkoDZWqELtAMKanAKgTseXPXufq7wtrECVq8v3+AncEObikf0UxSRlJpMBFJJtsiUgkLKt2cL0gXIHMALKCGrUBWZLlKd/ecttNJdQODbDWsaQVwn/IgyCwOPTZfx2TI0K06bKXd2xs7ErIsIeGNxe6wXxypFI7fFfV6uWZuMIUN1k/TwnTgNHg7nH94fnve7bkkmFQjtoS9DOADu+91f9qsTsB/kRPE0XsB5vRmCkDbh82GloRMmYC3YUthd3fD8Ho8v54uVflaU/K+QpayrhplCtiFQURZVoxQBB9j3ngLHWDMWPZfXt8osN71d5sNpaIpnDo9bBZVfABUs10u8e9luynDI9Jh6vlJy9o2C8w9Ia3ShCtqUVzLcO0dl0PBq8eU2bpprsgaLVi0zgnRmIgx5RpWvUm1iekGbp6DCpcfE/Kg0hw14RX5dPRGh0zmxaxepp4wSc9OgWePwXLZ1U3kmKPUOUa5eo/WdqZwP24W2oo5QCjCrKBqDf1iTvheOUcWnDqe5NSc7OyFKwSSogGxfjJb32Mvu5w91BiNf2CIeHBqgSNT5sN6HHeLR32FhkdT5FCEJPx59tG8Y/sk7TQrYPWQ3T9CPokKiLPE7pSm6SeuhdSqByk12BCYKK9/xiQqk3vG1qzCcDGbam8+mVStmPVKr7efEavsUs4l7sVXT5pd1Oj9l+YuTDETjjItL8+1T0ohzd5erTsn6jJQGwsmZ3857objl/5yQKpr6M9CfjliSX2VrU2CA3R9yiXbtmpdEsWCUPlLybqSOiRfZLFwpU0qYyrQeRuH824kHfq4WB/r5VO1UhRbLpr1+1gvLvGHy+EZue/M/bTCbljIw9hTzAtrHiblMiGpSRVj7HBA2E27gL/FukQJoWhvjvDDsJGwc372zdM/+qs/p2LNfwnjcUICrJxIO8DoDay/8pmKGVq5BsOWg6QqBZxeykThUAim4qJ1jZwdnSGJezOnCLeh54N30+48To+reqX+qxRdVq+6CzVQmJTlP4awXuHkoRuUur6Q6BkT/ASDU9MirQtTW0pNOxlroSNsLXa49HpCiLmQMVAjQ322mV4dxVE3xWK8a/TXYpFe1NGW4x3Z0Ipp54IlcfR/+F9cIA/X1pvVcru9e3x8fPf+mw8/+9k33/7iTgA0s+YdWQiwmDW8TFpLy1Wwhk7aAzOJN865q5jLNByLuu7ckCPP6662P1MMM8CakZCMgYWc5MiwjK/1mQQaZkHZbIL0pmnGc82YTMmphZML7poUrZjMhWsLFao7UTW/uL0jtRTlBFsgE3BKwfUl5G8RTqnq+FzGH1wmKIZZDSPv+xxK5xj6CjaHjBze/jz8ITST5sxlDsxjuHlsH9Dry2O8uVgMP4FN88hED9Bu+aLR/3QCavrpnVyvFL/+YbxCuvOvb+7iDx/FNt7V2seMKv/0Mj+5N1OtvT5+yunDbABtRaU//MD5ya+gSArXM9/W2835efOvnyzcfCY6TJjcJnsnOlkXI9vafBnSmpMik0v8pmtuJcwY6jRjzfNU+H1aqB8dQpEXymy6GsaFYJ1LBWvY7KfstAhaiVmosrh2x0szaBxuEwgzZpvvzsVdLRGSLLU7yEgNVqox2V7/GmLKqzT5e9N8SNm9iT/pW0B20It9jPJdWYv1MYf5Pp8mnxi8dCrlijLnNfuThXkOfbfYR0+5li2k6+LxKfcKijHY4NGL8V56QTJdd4vml+/u/+L7959f9yS7MFVZxREZOLKG89ZMIbP7HYKY1+7XG9tG2SmB8/xm42ZL0ZNVWTwozdrL/miucpKdyxl/tq0QL0P6eBnXTf+hCmouAxipEq6sNsLBkUIbKanABNe1T9LescjWOITu/bmpNZNq7EXLSLOyM1q1mI1+KK5ZoDl7kzLyHkwd8Q+N3L/dX3+kDGgjCiuFJQNXsgiL/p3O+dIbzFnfO2uLKoJIVuBLsw+QMpXCIOOQF99sm4siL+hsJ4Ibb66cnF/2E991kQptT8+K+OstkqNklEBjiQVP1kExKdAqUspCHwUBPVqZYAdxFDGWj1hEa59CB4HKaTMvyZV3bJe70HKM3pjFXmOK/1KIlu/hBCJ+OuX/6V2XFaVg57PD0FIXUzIrytjPopEchqjzvDdxV58bSohaq1krrpgsGxZE8QuzJa6l7aEDZxSvrvZxmgwNJI14orAAH4ZaE7EyOlsllbncUbA0M2TAveEfo1foxtw+mcFqRaW/oPplASNWuqvfF2anojWPLvJBxJFhz0h5t3hLlarJ2pDULW+aZ8woxIQ8ip6XG5N4RFqJU6FsbS1uNH10EZGY0VRNsWqMOJG4MGCIYSJdqxQXjXhnSqe+zydzkVS4I2GnYO0agzmZaro4mhKRdFJtdqzBlzg0Jtxk9lTetiYAiOU01bwynneYKrYpj3/2/mH34W5bDmMQO6Ynu5HSG6E8DxdVTQ67YxfjwU4o6nyFYlDLHIoVt98exgKO/27XHfbH5925puAp3HSCqRWR33DuzmU3mIdXVM2kFQ/k5e1w2O1ORIeE9zQIqxYLNhQgr6So2R+sP5H2OCACwdNSE5Bklv7ldNl3VCmPFGwJtQRfEHKcScKmQzzU1Vgzu4ErNXVr3cw6Bp+UfGZ3+dJS0+OSiggUyQWuF8mqBwS+unTT5+cXID+bpt0sKYqKoR/OQJNGrEeEcCcCh+NmswGAhwD2tD8C9MK47gCLHi7Hy4Co5mG9+PZ+8/5+8wpcioAh1+ZqvWI81mNIT/j8kbrMJxKSy3gpurew6y9nQNOb7XLTLklwLSty1RH/MQyjJkM3DuaZ3C+BqS4mdWs8HEQQ7XAvEz6Id9ofMJcI+RCxtmR6brBxXvf7z2/7L/vj25HCl4i4Hu427x4e8VlvgN72APbP2GCbuw3GAcN+OB4AgwLAXa9X3MvDcADqR44tMXtAwthxVdNiuf3+dz/uTkDaBwCB377/0LZLrMOe3Rqp/bE/sekbkOkLJbE7rIPNcnEuuWxIEwUSfTgHNqsLgKFj6Er5/Nh3m8V6U0/9Ylx3y/VquQO0SkUIhNLFx0+fuD1roLbEtQmmAhyv6/546I4XPOb+bffpx08fHx/uAM5t10/v3gF7rhfNctESrWu5nXFvGLg94GdSni+7t90r3h7UM7HrsKTqn31vHuyJarnsS4G73Z1Pu/MZeCsw6PvHu7ZsML17INP7PSJcxNgYyC9fnoFKrNpFF8fd8XAZOwwuRaupPzbiJlRhbJ1xebIN3XDc7fA4zDhgZhfL7XqNRaO+gv27bz7cPdxfAG6rganKZSQoJkFcYrxYS1JfOR0OGGRi5RTcGJkOqOsRqOTo6UNgq6vVisTnqkrcCUrv8VAAthv77nw8Ho4isKf1Bm+gPvvbG2nva6RIFoGdYNXWnJLrzO+VFsmX5Wq1YCdMGmYaokrJMxgB4J3qQjkAOlkt2n0/vvHrBR+zWi6BChGi7nskId69f//hu29YLJlYuY0L4XkPhyPMPjDmu+1WpA8eJ0gRvHx5/vL5M4VnsK8xO8xNqitlz3SCXFpvsL7GPlkso+7z8fFpt3t7fSPHH4jU+Xz59OXlrLLuiVIS1gSgWDYLINp433q76vZHSTPBPlXH05fPL68fX9727FLG+g8A+evNkiWQocAiwjK4vLwgFda21d16+f7pEfOBgeIKvNuejsVbh5QMy5mBAd9tN7hMP+CCWB0X3MN21Xxzf4f9VpQbYit9R4XxS4/FiWWz3CySSkmYIWERAWz2dN7v+sNpfHzYbpFdqcjtXtfl3bu2XbASokQOqWpVU8CDnHzJUsFBg/kLatDHfsc8iA0Q5PFTmM+jtn/WnH7K9d0eNSkiMtcpi1u4f/QVy2bylLccCZc2FkqmVmDRGHhGHVJPUCSoeBDR78GpQD0dS8Spdb1RqLhl1KA8ejVn7vZhFt3z+smOzKBQQlCLEZVGwXu5P5GimtIgIoebLdBx/FmlWRbGTzMK7J5VDo5DmMOdGVdSmOIMKwk3y9GIlof2qtKUh8UQv2v8nRz9l1ibok12wNOFnc4lBuKYZeJiFjoxDrQSWGSpAAAQAElEQVRdQHoDrlnsz+8QeIFd7/oQ6vDjRXb8GixQFOHJfD2pkEhShaSsTLtOGcwW3Koxm+tI04wlxXm8fDk4puZa0VHCa07cyFG+0Ydg1zPyHNINYG3s5rkLigej0cqgDTpP1iRbrR1La2plObxJNcLnw9th9/l8eB4u+0Sm8xAkFiEoZDAomcNDHTaTonYGt9b/qMiA2Vi8vmcn4EH5/ElrmIEJjiTex6QWf5xtZtfyAoD130+Ac3HEr044/MpmG6pl0WyQRK0UBE8H3MfBVQKRfcON6CbJLYjwo5DgPMEvBLwLy7Rc3cFVIgG4FAGvtzzdOFw69jbhnZa//v79GV7W2/75db9YNciR8lCgFlyhLkrWQsqmSX5j4ZkP2y9s/dry5cMZbthUqrMnuclsT2fductFXHRqd3uZYn+Z+k8vh0X97m797nE79QUy67vTkQ1mCnZv7tgRYxrawpBhmCJyEdgxWAqtFdNyBTknYbxYUVd/QCK3G1kHU0gJYhAWwFioCibQ0bOWkO2VOR/BMi0jE9ijQVO4U4Yh5OmpBpO1Fgx5gCSvaurvN02JA/nx7v5Xv/rVz3/xiw/ffru5f1xuYL/vkHJPLDIycXVCEbnQnllYrXTjkyuTNKbCAqiyMEGQvLpNkNCX9BX4TOkGNwy3EWiayYn5J9GzYd6HxpM84mFJhJklVb7z8rbLZQpX26L/z59WTCZyZJFQlJiKWRVaqJJy0JTnUnAmQiklaAbxV0TqL2JfDlPRSghe6TsHUW9QZzfOGQi7QksZ6rr9sncWOUrPQJpfK4V0fZjriN3gN/HvQXnjDWY6D2eaKar+nUsy205N8+AG12S++YjwNYL991TPpzQjySmlr1+bvnracFtw7QshOYvS2/BNRU6DOjCcCaoZ/roayPzRdoaHvOR0lgTHee2T8gPews83t2+/y5hkhv6yyQ1fY/352WZ0NeQCIONApTzyxuBh+yOlOn2YclY0XAmsV7jFU6hfjXi0xZqkPpVJfypkriyDm6Pk+YSWNbZ856yt7AnNXFITPYDOzkp+1Hk9ZVTX9pP0TE2vikXFjCzhfjPPHF0L1cckztiubG306pkZYrWntKRHYVrP0Xokzql3Y8URF2XNSazmm3FgWoCDAlrDJ3hPkiEt/BOLaw7KlqDzMizxrDsZJEGaJaq1MzUYhaoDnf0c7EAM8IPfbxe/+f7xb3//cYcQUcWavFIxCVfIflFMnmDOPqG5MBpaEyDIULE1VA7XcbHl7CvPbEU2ZDY9RfIzynBuac5rODXAo/lXljgiPSe99el3h3NbhHekeTXUyRrhb1Obf1KBU94uhpFlFdvSAjRPmljVmvcwSzG4pK7at/JEYWgiVqhaROc8eTJpc57IoXDF2psagsnu8Q+tyL/NX3+cDGjbTuHG/aeOpLuoQYFSYdkWN/zq52tdZSZfudmtjflNIZs9N905oefZqrlEyc4suxOVaswbx75Mvs0P4DFL8NjLSfS9QsaTaLz8hgUbo8i55lmXV2sYs+uiM2iyZDqLvEUVksHx7jqy0Ir5/XDwxM5c85FPQkuTFymfQIpKJhOrmaSir9pND+OMVc689pi9E+YYHdM0QScY4DJXf3j0k7KydFYeGgkiSwVNohEm7ZjIjEsWztCs4ScmuiEsG36OdTZUAbq4T8RDrakHADcRL+bDPBmoKwRFiGxd15JFsuKV0rl4lNFI6iPocuCsXXcKCEC0JuQmABq02tYAlSgoWurEK9yn1BwZHhOyD6nRKSSX2dkEw5S7LSjikaSHIlysjn6wMmCV5OITFjYrBuc30il4PR7LlBe5dDfcaeBbptmme1AqDopYY3lACgvZgoCa0tiU9CVN4kRkNNyBzs0xXYay77+7X709AV9kPbgaYbO6Dsg4gp5T3wJpPbEtOHF3qzAaGcJjHWpvIU4bOkB9AJ4QGuEoJpoOpKBIQNyA0dAqp9ilTsp91aJZbCjdS6pKR0UB1VsPrEXHGL8ep1N3UUeygVS/MucKAlvTEJSom7ZGiDPsKUfBAwe4yqhaGHacQ2wjXBh3BjjqWFX4tpsSwWvSq9kuEg8CrBb7DJgyadHj2NaAI9frZYsrHrvTy/H0ejzviJt2pHYX9SoWF9VVASnCBFmVdwV4PJXAVotV2QKJ7BcXwQYFsxX9RHFY5BIGoOTtud/30+4AbHxoGjYPvCTEYOfjfv/l+SVKwptqEkV9PJJ2e2rqLcCyE4nVYgtNJG+qA8ViWZnbaeopF5ygF5YekIbCdHW5bep3q6oh5Fdfhg7Xa4emXQK0CtRlGAbgZp9fdgDEj0BJh0tN9iuA5unT2x7AN1MvJdnia4G5WJV4E5IK/fADoO6qbs/d8fnl+ULcjcW/b287zCte+t13318up8/PrwCxYSM+f3ndLLi2T8cTcLXPry/78xlrb9G0fX8BUnl/v767u3t52X388mV/2GMeFwwnK4BP+ERs5O++ef90f79Zkyx+6s+f317786EBolcuu3Mfxu5+vd18+x6LB1tdLDOagSOJx0dkDnbHy7FLfay6UGIBYNam1zeAlcBQN3eAMbfH9aGUVTocT3/7N7/78uULsC5sQkwZ03EjCy8Wd2ug1O8eHwBxH3aH19c3JFXgb70eKO+Mr4odEVffnt6/Ld+oMCMV83bZPtzfYfcyTO06YIlt00aJ9uz2wDlHdYzk9ivqarlcABtlw8v9jk8+jkBGJzXbnQYeQOzpRIJ5j0WLSQdqS4xbpwSVVSgmE4AXq4Of8rKB9GQulXaRlZropx33B+be8C7BB2QTD6TTViWlulkzQKWYQWCc2OkkvE2AUwHTA3IAII79fz6frZIcN4Y7r1SYrPxfPB4G/Ba2kHxk5ADGEd9W1ABhz1wy4MkS41Jvz+3r6+uPP/7++fkLdtWf/erP8BhTWXU42i7nt9dXbOT1dmvMetwnFlt/gadYLJpNg1QHjFKHpBiMU0RGARmgt90b4I8vXz4P3fj8+SPQFtjxBnjzGhj+EosKeYHPnz5hqWNOqYIdIjMFuwN2AJIl6/UGWY395bJZrzrprWM0Drvjl92pKF6ESiwe7h6f94fn3REHwjPA6z01bLDXPzw+1mr+Uitsrdmlc3E4LneHE1z61aK+w+WRgRgkyjL2gJXvV6vT73/75bTTuNXbTftA47P47gMmIOlVvfKqHW7tsV2pFieF5SLcbyYWboy/+/EzBahZPNKt180KSHlVHN6ekVr67v3Dz94/rut7PDoWQKukAbYQm4LxpAOgXyZTtJNZLT3GFMAyGRKVwpybp8lUOmGyo0XHaCrch2K9TekeRpncQZBTk8taTVkhxazVHL3JjIpvBKjhkxmpcSdWaWqUKGdtjlg//JpRG4G4hXNRGTxMXpCbkYFkQHkup8yYghObzP8x3o/HGNMskmiwuHg+KWPc5kblkbJGIlMaMgJu3pW5UzGzDW4BaA+jrfG1d7FXgt1O5NIwboOA5Tnk5xgdnDa3s8iI0ZRc80NsY9vZlivIoxBCuLkPvm+YAd1Rt2CuVVCLIVWNOSajB3Tnembt+EBbu0m/c0eB3bXOGFCOIdMtJPQ1LhPnJAGHgT66GJKTw9uRldtabsFDTRXcWAH1NYCP7r4Hc/jCFW7KIx9mnMttHxZ7W62aZn2m99IB+T2+/XjZfx7Oe7UgsiYcwe5Dk8vuF4wbLq5GYhkMxpRwWaWaJNlvulPCelVUrpI71ra5K84bGCcr3ZisnyfHkX1Ikf5n8uxy+QwHbLF5qtYPZbwj+aJGcnSL9DgSgIkaShhpYLHIwtdMeJ8PuNi5G9p2s17cbdfvmsUywHzbEFAE7MzcJDJbaTR5ctiyI5v0wn4eVm15v6rw6xoDWjfAkpHHFqolRCjj/EL9SD027TQVnwBVqZqiXJb1kZUro/pZVppAD3IiCw3LQQPMddKUL+fhMu37GJa1iYb05xqOVsX0Eg6+SG+ERV+jJOlD0bYW1AsCVaGz+t6IWUhAZSwkcSV7wW65ncpQ4vGimSjwpCrbGazVmRj9DFLYbIPS5txOZNsg6YXpq+KWLXCpTM1ys6GHs/Th3dP3v/j5r3/9q++/+x6uDtYoHgbHVtuMyJKM3t+Q53LQLbkrHqNxn5OT5pSa5TrgZ8WyyHGqIafREB3DIGbEMc7gYYZpLKopiiwTcoNWT1llZ4Y2jfsXjaniDMEbDHbeGTOGF7N5S/7pybenSkNs/NTcj29lPFVj/qIH2cxrqSccZ5vVAf0FZwQBFxkWN0zjzYc7Yn61AxnDZGrvCjvGq/26gSDNOLmkcrq53hy32xCmGbHMUfpPEFJ71J9+E/PJccUY53/7R4W5pcZXXynMhOgYYpZB+YPXSOTVq1I9Vr2ayDRPyXSbgyi+1swwLqZ/kDa7gRXzqeeD6EhxuL0NnQ5f31Kc/8jXDD+Fkq8XmBOH1yypvSkfduEr/CS4o5A8Ild6WS8ocpbUdqLrvF3PzXTzgQ7KuCDzDRwZDdhWubMIpvQDJM3hGhT0GbJ+g4bV0VWX8HKQJ5rSpumFFn5Qzcsvo8+TfRMzRj75g09S6CeEYfqVo3n9g6U4le3yAiObo5gveDOoJiVzQ6k3DCRalG8dAK3+3VVFRB8rSxXIz+Nhw+kNIBgNXmxhW7GYzOdoYkk2xddmYylYPbVvdWMVePl5Xg8x6mibKjlEacy1TOZHpAiD/cvHxS8et7//tNtfDvgdW/ZEw4TyPkq+fUWYZI5q9nnyiIcrvh/SFTPLqbb5F9Hc0phBPKuyM0/J3vhVnsfHdYrBWwjKdr9epucapyxif7btIS4nqIx4vQruQyjmKTeDRyw7i8KoOq4wyZ9g2uOjNRgrtZbM8rkW7lVzxWFqLxycTGHrWuF1/Sv8KX39cQLQs2WxygeJBXgtZFIINVl8ZFYx5aPODj0djyk5qhstwHJOr7ZF9DdZyD7lAyPdHkvZVnlCyB0Ee4+xh/SyXNOWX6EiUwdkizCjzOztLhffLi0fhYmsIHqrIbvWdfvKKtItT+5sm+a0vJJC9H/34b0q2o+1XOuaO/lO05yFN1Vff7bJDzLL/fgl9MnF9bizv8WP8fDMdB7UYk+2T1KpLIgxmJSRhMjp4jdLzbBIVlxsRR0mS2jDHaMXfnHI1OJQ6UDbw7JfuW28TA+NdVDLQem4GZUcbqUxYuXRkS+G9FRphHgGNtECwii9TalQp4ldsxQeXzVG8nnOjhuEtivT9h2G0qp4jGtfuYCzUpE0vdbr2rwCdTMsMjc/sGBNiqlajNaeRJNE7dqCKqCH89QUu+66qsbgCvl2cur5kzud2QmIV8c159XUgsi7ENHmqT0i5TAkAdJzszTqG8VLLBbNctmsFi1OIcAflr5Rt/BimIp+qBB2SOSQEzaw+TrJD9x+4i9VSr3CCb2UDUGtqjaC9oUCuKIGpXhSUT8GaVDDN9WkcuDZ8WW1GtQrRvjb2HG+ANSPljsvvLFjCI+WPgAAEABJREFUoRMeyFqPmAFhEVmgIwniE/DKiqGdkCkKPFiaopeHQD0IYMThojLN0QS493vgp5HAddFNbF97fj2clgsAXv3xDCiqM7Yy9ykVfhjeHM5nIG9Sa6nO546q0wtgh83Qd8CCKIYYi1Hz+LBidelbfcADAKIFxgTw9UX99zBMbaBidVFHdrBny7cLngv48qqsl8A+emZFcEMnBIflBdNwvpD+QwXjliLONA7yaqRMwoZ7VFUeCbu/7A/A6JfAaNcLGY4RrgNVE9SKGKEU5VSG6cv++OntsD+cKEdZkiutrFk6XoC5HfBQ9+tlhQAP2fwTXSpAt+zG9+kLvZGCi/18OsLfIu9p2QIgJ0qOcf3x9/ghgLnX3ZFk1jERgB7H/f4AJP/CZuomzcxyFAwBIPI2lguB3ceiP/X98+EAj2B/vuwPuI22ZvOf5bouNwvEqOxC3in6FYzInNDhuL9jg7oFe/YVBQBBNk5km/YJQ3G8DNR8JFgQcZ8tYl/JpbOPnmzH2/ML0glRAkBVXSeqsnDXYgYORPYuuOq6XW5XGxju4+GIUWINcYhvh8PntzekKGAs7gD+NdXheARqzNaLbXP/8Mjm8UTthmVTs8njeqOmgghKB1Vp0JlcrpaY0Jp6G1RXZwu+aXjbDbv9HneLBUKN5v4L2xJuNngKAMHPL28ThcXPeIr37x7ZVIrDu4flBYLPdW+d62WaVsuVGauycDH9JDtG7JlkCAK7WNWRMjLW1EMNWLnRZOBpj/GhpxZ2QV8YMyQbADfjE5C5UYMc9jiVKS6Mu4pJPlE5G68JvYRlcDOM9GtCwNw6yB4tFrKAHCtsFOyK/XFv/V8JgV/OA7ljwsA3BV4ukIMwDx7neNifTifx3koT5a9rb9j46dOn55cXzJS0PHRw9V1xruT7RgK7sAbnM6V46karIuGugBcTRq/ZvetuKfGRy4XYSow/pB+RvAHCDyB3GC4vbztKQcMU4tlhoOB0suRwWtTVu6eHVdsgmwbofL2g9QOa3DTFy+6NPOVuOBQX4NHwoDc9ZWo2y+X93eNhmJ5f9y8HpNkOD9u4WTUPS8AhsDYbqsafOzwG0i9Y36whOLH5q8kT/PD6/PFl98PnFwwdfeYqrKpiUTXrZfOwWTxuN/f391ug2osSc7eAhVqudJwyusGJx1KeSr24maovhfYITCvNfZEOlerZCzMMhIDMb8h+8hUbmL8MF8x13c5jMog6VkVuiq7ug3bCWmxnHCiPuYgk8VpVjnG9RYPJMs5SxZPTAq1NsFKhTp7JUfgc1ic7J92bCOZyOJUnTZmCo1+nTENLFtFeERv3R6IzWSxjr+o7pZCDWFh29ZBuy4IzvsA+wjqNTUFehZppbkISbvvfBMkMmvSDRbw6Xwsr4ys1yqbn4HiL7sYU22cQy31WuWy34b0mnrmSqvCniTZwSYdvLmkOzqjIaHMhvyG4ysdkOh4uxeYlqtFJ7SmPW0aRrtiaEwn8FmP2oAWMh5kHniPwwvrZ5mfJT+XsuitSFWaYacaqYszqebYAeE91vazqZUDK9XLqj/vz/st0fkMK0/knThYM1slDsnAsmZTHI7E1FnPYC7GYq0yfK4UJsMeGMe9Jip0o+5AsmnU1DLUbZoZBInhFNQoMkYkFAvuGs74twoL6di0tH3LFqzuYKmDU0jdqA3PuSzv1yrJ5fPimoUYZTsVNsnYq2gYsACHQfJnUqxMfcDmdkCnb7XbyidLjpvn199/87Y9f9mceQSWBbSek5P0SHeYTLDJrgdsowZHFOYVlcaZlHwyEkDA+d3FhVldQrzKbiOzpur4dL9WK80ENFB3EdRRfW94k7CnhaA7QhHOmVkNTcnLHdB67YI5LdEAFcUOtssxJDBV4j3uWE7FUolb9E91SX5qKtnzwo9fNEg+2WkfCOyzKafAfEqvt3Xr5/fff//yXP//2Z99uVhssvu58Ft7M3ntducKwW4xm1B9fsLouTy6jSRroSX7QZNRUQ11FsBAw51J6KVdnXhFH2zmO5PmeCTNaHOMVujT8Ln2NMIabjJNvO8O8cwLI92N+s8XEM345OVjIeHp0KX9CLqy9LEzCQYVFTvbHAmOFiko5J2nmTVneOjdPkmUKsXRBCTk8dnsz5pQt9BV1iWFGptLN8WImspiZYY49G6Afb98aHL6X8byF/OKNoXBIM1yDOzdVeSbmAYu3x93teWcMUt8s2cDe/Ga2b2FG279+wHw2Xacvvz5dJzylnP3KickZaUjXZZNuoNtbaDuPqsK46LXLngMJWRPKO3b+AfCV3KB9hVR7hOmnbJqlYEKOQiWUjzyYIR1+fs0HUsbrJxPXmsbwFX6dDwTLVWcMO2RqVrimVdJknN3oOhs6oDIl1ZQcY5y1Ga6Zm8n2nU7i0onPZlamPBdxZnyFGU9PvjjynvH01hjp8HbSVZym/Dph3KUx5q4oeIzzVTx96rC7nZ22vLXOC+FBhgNPeV2ytJlQQWXSXcFj/9lMXBn1kyJmB7BjnLd4tNPrZoGYZxSmLEminxcZErJdxM80lC10enmRwnx2W/+98G5dffOwXq8W6fWI8dguVmxHBFPPrj3XAdQtF/MyvgWKDV26XYBpPof8O3+dr5DJqjWkdzS6PItv2Gz3zA2It1fTgsCcdGN4PQ139bjCKVQM/qx0PNiN147SaDJEVlMlA1lMRchOVfA0bTASc4jBBdRMciE4YmZukRtFg3tiRgLjFV8KTifwCQ1/Sl9/tAxo/s3iJgPCRHcuRE6x0oqpyJOdd2bKsUzICYlkDaqtI2A+qmMMsxbHnFScT30tMjOavo7y9s7vMYQ73RQiJj+XtQxTmGt8rE+IbU9BWqX59inMd8xgziUw5N+PEj2w4zXk5T+ZgIa7/AokXHMwP+vVPcnyz3OQEtyPnte9t/b2+4+Wa0s6LazqM3jc5iqJjnFbC6CQW8X4WaADJ188BglYONk5Ru+/ykZbw+RUakDEQtt5EYKDZWGS1pYCFEgeKwank+Injo9j1mqKofbfsakKa1pjeixmsPwE4zFVJVG4PRq2NCqL8jiSEq8WPyt4t3U3EbwE+8OKxywkuirGyQWk5B+oTJa1+bl6O7tLwctBdE5yYEpWvVgrILxGNaZq1Sv1krIOZX937pZARgE4GJfAPOnkMebk/qufyLNipHGx3R1JVwcqeOGV8qBs2KZThcQcjB6FaHsNhIiKrHfGyFXCf2zhF86vDy6BFIRakG1DsHhQpnOUCTYCMo4dBgGhxB9dP5wuwKEqWvoUzz1XYGld1SZ3cuQAlNOCndDOXQBePVmld7JMK9v3KcqTFKLa0OCxurLQXhfeP0UyITF3PU9+IdikpBXW9AKAI2BfobSASpPyC/Cij6eOq7bjxc0BLw/SoSVNmGKwIrWQrsvOPtQBSJSVJThVLlerM0K6MDA8rCsqAQ9sK2eNEyXhXOEm2iKSTlpU8FB2R8Cyh4LF9Uv2ctT9i4DG2p/BjncO3AV48LJsMRu4A+BfWJ8D5SnYglwpf1Y3KaMRF5FtGDEX5264AKDs+j1lqVUZmoZzVwGQwtydqSre4xcLKluzNopEIfLZufNgevAtAG5MC67zdkRioNquqJyAuUW8DtDteDrjtadL3wmJUu0xJReQrADsBgS4VkYHg0DBZMo994Tadwe4aAWlV5h4IFBYR64aNaIPXaxPp7ZsWcJJy9DgXZ93RwzF/tQBB1/349P+AFyPHSf13PiMRYl1RcvPe+4uGFjAvzE0pdmfFHCrrwCDu+E8TppEhkb4Wwq/uAPSPY2vMA3DeX/EB+ETKQ+8WDZVS+o95WeSlXALx6SR2R8u4jdwUcK1OpxPh8PhdOkw1eaSAZkUB7kHrLxYroAEYKXiSXHrrfrCYUldWKJM+ZdB/QAbdvRkLgFj9fL2hlHSZY+n/RE7AOkzfO7u9YCnWK7X1O0ktNEbnLddrwwmNpVqlhd058425ERHqiWiHZU2o93pLmq/NE3NchEWS4D/VmxPRYyBPCYm8Btq5WAugAuTW4olSDJvL0z4HBqqh9uqoJSqtOAxqMSaU1q0TRIgu4wkjuERuYfkmpPTC5jYrB3HGUmFBXHwsUc2ZVgsYKZ2hx3uYb1YYZFQuDORdi2zXlmn7sAOATw+aG8Ir4Rq0bDKIUeSAH12u/3v/u53mK3vf/799u6upkAnYSySytWPkcraasm4Xm+xAtp2QfAjTWes6xPpdVsg4xQnSoDIS1jg03G83zw9vrvbbt/2AHw/v748I22zAj60WWM1981Ipe+BZRytDh61w8Lk1usFgOQV1vax644dtWUvLH3gnALIxj0vl6vvvqmW7eb17Q3jBMvSsFFXtRIijkk+HY44/WEq8PO2wuWqHQDw0wnX5J99j7zS3aK6Xy/ebZbv16v32+XT/ebh4f7h3bv7x8cW+6JIdbOgNo5EY6SazEMwqXpIYYDSyoWVGvpRI15MspSsaLmTbLyl9IxDVAR3hWanImSvyEDVFLLQmSlEF976bpwyWzLMaKkFP7L3Cr10zHthtAKA0XUqdMg5wGFRUKGON+6gjd7QJXrNco48nYTkHFpj8vjNC5Syexlvnf/CkzHZZTS0I1mPPA8KczAcrlGuYvAZD0g3wKv+chkNBecejZoT4EheZlVbfyZ3OWdfdArxFrYyCdaY4Qgn7OQHcK/0SibWH6UV7bCFg4Wy8y2WGkYh9VPh8awPeGkItK4u5TtV3hvIp4tz9Vhttn6d/Ut3hm3UHXgO5itdQ+B5GOVGuSaHpxquHrxBOHH2jGevPtzGbO5l5jGxK8ln0SCU6vpBSaLT6fB8ObwVw7EQk8tGT2Bllm8rgykpm3SdXHdyFaoKRrWJdhoZdc4jBN3XlHDslf2l7E5Df6mE2ptr4ZV49lBVpXx6LUw/ULSIwhNFxW6L9EdjiZOIvR/C1HNDVHVird2CZF2es2yrW6r6CpCEunT2xAJhynFM0+rSqMPg47yh6Mb+FdYbo7ugiNby6W6Lzfwvf3g573uSq0t4a3zELM7GB9GQpSLPj61hmw6Woy2QemQTZnwGW1HUlUmaq7l6URla1o/WzWagD9M36hIAa9aKNSKeB17WAcREQrk0es0wssSr1sfKrbdGXpLaK8xRL5lM1WpM7rXRaezpJxeU1+gtCzLI6ZL+36QKRIdsAECTqFYgRijhYC+bEsbz4X799PTw4dt3v/z1n3349lsks49vMPY7AaqFdE1it9jUC3bQyMihgWLmgZqyTV6JMomTBUeFl1nGmxyMVAAkBJ/CT1C/KWdvYsZZb3/rCOkN9JxuMEj/gceXjqnOebgZP80XMQDFk1KeX0vFlEPFydEmoYHJKVoq8mS7hoEq2H3O4tGA4ufejdD42vO68cdM6SePes0PzQbrawBqvuMQvkJl0vXXbiBt28tIzGYhffXyr9Bnf3WOonM4b3a+8OG93k1M18vF8NVtGKN7ugUojZ7pUBWgNJgAABAASURBVHsup9dcxxswPN3cUbqBb28GY05GpBuc2ynGXz2aT75PZ7iB9XxQbwL9+TczNHHtsvuTO7gigHGevXQFBP0MDCFc2frOb09ZUFyngZC2KT+Hk+S805UIcPGaO8wa3df7zKQrF9mI0+Tj7ErlpYjPVqxnDN/oaeJ0lWmJ8xlx1aiSJrTrq8Z5HmZMOJ/uvn798HGGu5sVPgHjGDrPY7Des0YEdN5r/OoA98nyUXX352b52fuDnf3Rz0w/232zZl/CF59D+zE7Ffnnhvv46WtXnbMbWTHLl35Qjm6aJSz8zDQuZHSxLtM+NoNiNf9O5DW5irCqq3fbxd2qwZsu3djewzGv8OpLf+zHwZGIZKBDMv5EmNd2uNqJeTR8F9vgG+gW3HIZc0GI3+i85ynFmzUfZyA4pOvi0lUZaYtlMRblrp+eL/26Le7aKRMsU3IKgflj9IK8pn+2NvZndKkvgxQnE3udEMJzmKS5YUbR6JPB09TBSmWCd44wLzVa1Z12ou/iIvwpff1xakD7boqyAIg8LSltjj5TcISckjmz1/XppWXCzuakYmFywsFg2JSjBHPfJ0+9xmJOb6WbYzzOrq5FR7bmXdPD6oVs0wRj/YbonGUzkqrSskYludmIWTVFPoPBwPnXRZbbC1Ykyk8sPawb1d+ndKBXqh8CTyVpSFadx2+qv1VbM6sUMOaxGzmFQOwZPQ43h7aaA6ryjMFhkVNqerQkYQrzsaxIVsNRxiv96ar+o3DJC7PYYo64G1ChdEbgTWhrNHOIG1gQ4q0xNogViIcg7G6KWnix2B+l1IiSuIzRolrdjyoCpS1l7GagKjJekxQ/xezLBTq6HR0PY6FIcDIp+0IxkDkyJtVdFlkPhADKaClfYqdec0GwRlh2MlKz91LM+bwinw+i4Wr27DOUrjUEPFXm4VlIM1VNXJXV/V27Wbdi4I7WpMm8eQkPlhOrJv2cHf1AEIWzrHu64KyjUakgN4oSn8nkjWoC75ggr8nF74cRgQRigA4eZANsqq7XLYv9ExHX2iSOrPef+RzOlCmkp6lHloyGRMnJtdSnKj1tmQzlulfkHdONLwahWZYfkYrfYClRUmMIiaZzXV/qsseNpambik4ic11VjvlcKZIriRtFSw2v+CiMoXo2ENRqKAzallYgz6t0SoBk6/osERLq0gKOu3SGWrteWMxKmnwBP06EQbweWFsZ1ViTe5gqzJfu2LOvGp5tfz43ux1QRMROqzRtV+2TWtuNRNBGDrdFwMTqqdy7VGP3u9WiZyFtd+opYD1ZN0sA9Loy1i9QQkKH44TQURMR28YUrgsit1Q7JF526M71MdZF3an49CJ0GM+gfwMcj5tuhUcEMEk1gGmCl/DAFodtVUyLqhqaGrAcID+8/ssb5UaKcnE5p2O8nNrjQ4NsxfJCRYv+MyCzBASyXRMaY9Exxgp7cLtcPm3vHu43wNQxZs+73W9/wLiOHStdI5531dRLYGzLBzbroYw1GbVf9vvd+bIDdsmYsyUvmwBXPB6HYzpR7hI2U63VjhQirhHVvl0u7x7Wy7b89mEdyubvnl8BHAMr/+ZhCRT6AGy87DFzvUQZuinhV7Fqdc9UdWQjynEEgI4ED4Dak+hg90gODD11js/EB5frDRbqfn/YDxegq3gk4Pcq9JvejgdSUAnwjgjjbX0hUiUowE6mJYL9BDx8JKsWy/rT8zMCf8TcixVh7ef9PgzxfLrgs1I1ksqKEaxjP5ypmzNEpAdeT4eX4x4zCLN+R0J03Z1LpEnwIF/eDunzy2a92qwWHXGNeLdYFFN73B8QzZIBhmEsSd+GXaK49rlH4mG1IauX+RFAusPp9RkPccYdNqvl09P7+/sHrm0azHEAhrw/Y4lWtLeAK9vm6R2Llut6c3+3XK+Ob4fXL5+xVdl7crnG22BVenUIDH0Esn86Hh/vCfi2dVuuG4Cg1HkGFCKVjE5MC5hfpArWm7uSG6XAcL58urDQfHfs07g77IH53G/vH5+ehgoJI+Y6pv0RiE93vNCkl5T7ANgOYB1IAMzChZtqsIiAdOaA2wOkvDicTgDOl7j1NbZihU308vJ6stzA4mG93rTLdcXme+QTAkT58vr8/Lvf/Zd/9/vd21tbAc9dFckkt6bVqsVAff/dz9+/e4eH+A//n/+vz8cDAGUsqG3dHsdwjiXu4O103u1369Xq7v7u0qf95bBaDMjKrJv6m8eHz4fD/nIZy2G9XSwrylq/7F6GqXt4ePju8f7Pvv3mI3Btcud5znf9tA31qqRwyqiD5Xzcd+dis2a9OF725fnL6+sr7NU3y+aX8PuX5ftt+7Rd321X2+16e//AV27uquXKSr/FatZBAQtTRjIwrZNemlm3Xs5Ef3mMTmsdlbnzCkPPi8upMZlcj0j9fUl8+ji5J56rwoxWxDhNJfSWt5hMtbUsrethqY6CRmoZeXbzx1cNZnPiBNgWpVEErA7WYB7LTXs2nLJW45jLu4LBARYtCS5KhfN2HHW2yLpwqNYwa3fpjIFs8LcFRnSzKK1A1mgw7o243MlL6czVVO2xxY6qBC6zmJg9TrAyL56Ok/FuPL5SYjVExUISpTCmZlIjG1zS+nKIoaiQOymV4D3xrOsNZjX35VCQVJhHqYixVLZBT1bYPx26cQe2mEPZaG18g9XKBafywJuaxpk2mcNqLzHN4pTKn0p6PZjEh6JwpYBKF2s2r8E8oemrqnAl7U1/rnT/Wz5PNLdeb9enFnPUOvuo0Ts62r859DOuZmRzi1StGQk9BViO/gRwNlIFYpT4dJDEjbx9y7KPUYJpUr+ISDFWpBws1u1i0yzWZbOwcrbAozCPpFbA1KlVXr/vux2Vty3UoEpnrebcKrDjOBTqiNzQ1yV1giB0acJwromyXN89hDke50hX9BPljRs0oTWpWLxXvhdQLk40iSFTGf/jl/3rC3HwKtyv281C+dW2LSmCXx5P/W7/aQi2i+jJp1hkWIEbmIWkRcwBj21Eef1pgOkskSA/hx1y+PShmCWU4p7VZXGJhQaeEr3KfownKmx0eNBFQ0OOkW9bnOnFJcYLu3BPUh5MGLnjkS1D1L2nq6uW63+kqyZRCV6dslGUx4k9G1l3+zO1nzrC3AgFz6zsA5yOwxW+T42cCvk08AErK4IXpIPhRvJ/09aP6/Zpvfju24fvvv/w7c8+PH14enj3Aa4bEvX7z5+n87li6o5HVY8DFWh9vy7b5eSASJJfyU4pQdqFY5gs9MvAr1YkblV5D4tN1LHQtP+s5iDOYGCcicpazzPoaTOSYWZvaxmCaz1MOfvlv9Z7sqSQXzqmr6FFr2XVgrJ6jShrzIIe5gsmhWoVhg2Y8nhJWmLG+CTVk30mFU+S0DxJq0NiI3CA1FZaVKTowsQwAtbcy4xq7gXrUaeh2+KfXO2A4d15IBytcjN1AzrfPHLycCRkjOjGMMT4hyD+HLmn3IExem7TCnPF6PKiWj+FQsgg2Nd4YghW0WPrPnjD+PyGMaXrG26wsNvpEN4wOQRq9m22iA6uJUeiM6AZ80BlWM6MdJFmWG+e/ZSzH/Ode+hUBs98jt7jKnwFQMd8GmSgJc1DOl8/g4Mxh2PJBFwKFZ8PSb2IgzkE+UapTS7CNSsGmAh35PcKGYZMuPJeE1lNK7hfoUPa9Rv0HCp7ZSlluAp9RO9rHG7XSr5pBykt7x1DFv8Mnk5InkC9Iu6+VixrpDxLMhnKif8b5y0pr0UWYCTik3x/pngroaNs/6xtpjpmeUsGUlojYDu3rEA/+OFq1O4Ub4vmvaQsn8he/u5NvOapnM2DdcOzg9DScinMHyUs2RAypyMEAWCs2BSEEGIdDIp2yCvYc/OlU/O4ap42JYz6y25g+d56hePudOrfxtHq4KNEWbQjxiJ5Ww2bl0kFmvOJbwsyWYbMqsRsGEkbGiUPKxaD/IfCOe9+/E9m7EY7qMaYmar+QUFMzZ5w1amIX/p+dUl3DQGnUaa1MEdRZAWTY5ZAqmPZJnRmCkrkMInwUJWK79Vey/oR1HCyJ6HS4j4n85qNji5MiGuDi2awaffnnu1E+NP6+qMEoIucixC0w6og6/8h+SkVY8w98r768sPLDgZzx2UyJf+dTwb4EmWyYcnGLyvM2CFqqHLerCGEm8xq9EybfZgx8GNlEgjyhguryeIxx8x/5rkI/J1U/DTqzK5sZVqNZuHqIHxOFStqS5QZ+/YknxUB0Iuvne9vzkCRwzZ6eDrsS+vCM4zezzi6dm6ySLMwkQYxkc1UKaApzFGJ/vT8bBOsdmOiNCQrviUQbDYeXrUCRJPXkAHpHTKm+8Za+Aku8apkgTZNzzjJ7WcARJ4CHXTxY016QwLS0cv9yOwrk7tcuZBVQg2yqfTmpdNR3HRi1F0rG6cTYjQ1t4yXF9ZBMHgilbIhpV9OI1z5UJiHaVCsgH8fC/lCvgyy/xM8Eg42pEVW+ZZWGselGzs+HDuJyU/FS6sSWMZ2s/ryemApXCjFgPZZVuEboCPTCTEj7Y7O5D5PUGcV3H8lpSL5Nbw9Ph0Gn/ztwvU+2fOrK8mZHRhJENxZLvCtDaBpg9hY2eCN2aciRl+Q2pnHgUeZBKLlSYwezvseYGgnCHwIRMsmr2EepQNIjkzXn9TBfazS0ApnjpRn4hphf/Nk5l4YhveR4vQBxUmFeYuTDn51g7BKcTs6ijEnb3nGdNRbCdgfiG8QckrGa3DFrsIBaIqgj2Xe35EyheN+dxy6ARHpGVAZW7KQ1qlGoolSkcBXAK1K3WK8tANQK/KEAXciDBwpDcM+cfWSFBrWpiFoetsfqajQKT7DjFTGPPx/s/enPbYtSZYY5u57PlMMd3hDZlZVF7vRrM5ukpCgHyBI/M8SIED8KAEku4ESSbCbrKkz33DHiDjTHt1lZsvM94mX2YC+ZqciX753b8SJc/b27W7DsmXLcAcU56fT+UJ3yGeBLrkKhIvdlzxOldwWixIu8coytVPBHal8zmfGCETGizlNMrGLcXZH2LGLPVOOeRGXpa1ncsHM4eXZxgW39Ya73ba/Xgl4/fByJlSuqatLH3/6wlIl333X1W274xFoC5xkFLGaRRaqllDu+fTy4csXFq8sKrqG05lx4eN1hMgbjw0d+k1bbxgz5dxwYEHuVMayI7Cv3W67DW/pgcoNU0l45pwItqTH0XSNcyzm8Hws5rJZeCZi2G5aV28IpGP95LKuA1Ocn6bxeegpXqAaABlzHsBIH12VVOqQwJPXYdtuadmPPetNSpt/daE36YciuUtMTz1Bw4P7woK8lFTT9e02zbvvv9ttNrRFXwihninX7Z+OPEPxzd39w2ZbinDJOdEzHyJdIqGfUKpNqSNAfzM+9cyApqskvJ/QAbLiFfOJWXCy29Ssb+vj6XTtKIAJ1Xmcfv/hM+HyhKgeuu7u/RuKqUMswuJrXzVs0V3FErtLKRPYjj13UM8hMYDBXQt2HaUnAAAQAElEQVQF1ao+PT0R9j8NhCePp+MTPSX6xDLVp8gDr5wUjL5+eUpPz7Q8BFhvunYahM7UM7P/fHqmT2k37f6wnz+p9J54An89vXx9+kon9+7u8ZtvOgKCuT39fDmez4SjbCihj9Xz5490+4RybFiQeENQdUPZe+qkr2US0iQfm/50qoqe4RjanOfh08vlx58/PT0/0da/PtLluOfL8PB4//h4X+zD9Xz99POPdPQO+8Pj42NVFp8+H78uXzfbzZs3b3ebLe1zAtyplET7l87Kr3713ftv3xGWTYB0fzmT2Xrz8Bt6JvTUknumS3g+vrCv56ylODMtkNnQD/ePdD2fPn56eX4my/yrX/+GjuT1eqWNfeZ5np8TI1DFYU9npejKalPVu20bGTGhk3Ul7KELZdU2ZC2eX45PL890ILumuZuGh8OOij3vyvtHOctUaCE7Tm/CguZkHcaPp8v58eFhu99yIeF8XlhZvgDPnqD07eYuklnpCTon/OMT4fvlfH2z9fcNPbp63zY7WuKmvjvs9rTgVC9pN7y3atovVK2qeKqkB3bE4C05Z/YaUKeyeEj+I/RAqeEvTmvdPGIBhXq0JqFHMGbBsTU/ctqfxPodYndlChfoTzIOTdjnEyoE8OKFsBBZCEJUsyKAiJRl+rgoKIMSFmTIaGPid2NpW1Tf4Vxtij3KqVz7QSutFvmFX5CMFoWADSxYVT4Ulqm+urBARkx/dDr5Q+C5QiM63JTXgVTBkBFhPcgoNoy8k3S3QMU2xrWPDuylHIrQB3EQwNVxlr5WRhFAVCd8K0lVo9YHJDDhp+IhcuYgbpY0Z3KZSCQVeg1mJUTKQJVS3jicK53pYcpIvVmCP1GbKqXgvLZcGSSZHKbpGBiUs2qFzxBmQHpL+b7eWySJ32A1YUwypM2YUk5COT8uoZ7GK2HPNIGH6xNGKr+m4ip7W67I1PRuoKHkVEtDGu/YCJHxJFCTTfo9l7fI+Y7lHHvyMky7rSon463pQ0UeW3RKQhuoplVTVLSpmw0h0DwrWxQeNaL0oU5BsR3Zca6VZDY9QME/KH8BjeE6MJPbJETtmh+nZDMJ/WPSDi00PxwzUP3wbOmVUVToOHJmGFgyGdYyY+vKwkcynphlOC7n08vT8/nlSEb4cHcvY25Dg4ndEur/5ru3osDh/8M//hC5pdCJ8MLsbRvzg6NLmpM8E96kQmpRoCnwXFlCkyteXyo1u0UlrzUyxlIwNXqiR8d4PHkfv0hF/5TciVnhmMFJZrjiKNQtlbQvnq8XN4rqO33EtuGP5hEgQnOeZwbYeZLHlMVeelZVYpWUiZvnRhkA6xmejmNIi8F+fGYoFCb3QaXLTU1vHKhi9+37d3/x6+++//abuqH68enHf/i7/vjy+O67bnO3f/vu+OkDhcZppIioYayJhypOCTKGOkmUywXavC70Oo9iA6A7hp6hA2nMJ4n6neUFImSPWprXYoad/RUrtIw12ZcDldF6Af4gxVWQMOoWkrOZAPJI5hJ9VEQnahuC5cKQ5ucuTB8metkkzsC4ntAZYbm4iHn1mF0k2SvHIxhcxnVC5gjxGnnUAQXGXVDFsqrRerHY2pjWZH+zbMzfUo9v/5RtRgamFSuVRmIt0f0C5V3/aivpFZt1ftVaNkRVZIs0dzM0HGUtg4mdCWkmcXh65eLAFlQQUzYK9rH+j4FLQPEMAbd6gX6qor+GPCuTlKsdKwSvq5dvLq+se71e8nxMW9M5RdlusuLXz8b9EsfULDeX/m4Aa3tO3vab8Iy9FqN4iujsrGdKm4Zlv4HjhZxNmc0AE9FQvN4zW3D5YFWt9CCi8bx67giR7mspM0dl2oldXW7WPNrVOXTDAGIwPyKpaIKKjsqcVqDoicxVoQB+EhoRpnjMXJhxGjU5BUG03dxxB/Ds1OEmnTrqlOiEwUv5UiHMietHASHpvAOvg+oEghAYIsweMxocWsw0SEjZ8wHAUVP8ar95rx1cyepe2KVORdUgSAKao96FOF+Rtp/F24W0AmKQsZe2IFbqifeHzbcPhzfd54+fvx7H/r7s3lbNddsMVAmd5VIKx2MDRAeGZ9jS93SwB/iWa51GYzshEySXpyJrGi+gH2b88rqVEq0k1NSFmrDw5Gq+CU78ZZAVjBu5cwGglwXvHJIwRcKxdVu/DiGzXZ1wj+j00qjINgGjz14LorP80RsvUz43OpMK4BEn3kapBnDyKa4u5ewVEXieB9CIWNpbvebP5etPU4LDSlISC3K/P/ecLxQVWRAUbGQJoFeHeh1O7gJUVyBGGSqSVNkPb+4VYPRmy5OzQ+ms+O1yvdlYIGoDNMwIWegZFsZZgO4V6XZiiaxGKg1cgOyS1tBnWC2Yk2xJzf4DChKdGil5CcyMy5TLDk4QO643iqjGoqdY3kgzjrRa+KCanx6MD9y2Wv7C7LTldJZ2aJsJ7jcbuyBQK0Bn4cywQTDaj0MyKWAs12Ax9WcaKwfsVVg0JTg1wthRuWi5dWSsJugho5gN7Y+WKXE2py3byocPN/Ux7A1cCfku9g1UvyqBuavQdkIVUf7nktYHLWRxeRXhxxMIzUjwUN4KOWjgFAavkaoF+N/mZuAhRAKmkaZoeFeHDISC+7Yh8OLDl5fzwLk79pFsFVHLEM5spGStYF0I1Ecl8s7DbNkIaxfrq1gBF4mipIa4UQeIM2ZK+FhHQKHQgh3ab/i9ywwzpJi1MTikoBxDnaFDwbTE2ojugcOIWkEzZIwVoY8FAYNhmpkPR5lTIVGn1D/LKgBCSCh28BlY0F7NTM2oFRLuDFjU0aYZIx9k40ZuA9T+uUWUThemRKdxAY4iQQY/hyCz11wZPcGaVnrUraTHWgvyqPvztMzryBkrvWZcRAxVZEk88mNpk1jKWEwyUWdYvp4HSH/IbCLG8SmFrbk9vyCod+FEOJ1OF0bPJXErmR7VcMlJ/VZNV8CiHwWaBkRPMYayrck0XS79hfDCiYeC8a1UqHizjgsttuwLL+ebcXVegYkpqJIMSAOr89dhPJ2vrMg840EutZ+3d4zlPR+v9Ex3246DpDl+fjl6nsnpBu7qZZ1fiiGuLBMxUBWJ+b+Eki4zgaFfjtdjPxOoXbJKBisfN0XRsRRFTclvU3FTA4VthOYR6kZPrSvKu7s7AumYqFuEat9tNtXjvFyuI6GAx34sQ/lmd+CJQyylkyj5pNt7PvdPl34YWS+boNV9u+mqhowgDzpiPjEPxODWUClHViK4Kr0ULCtMmS0TgZf4cjoz/No2L+drwwMHi5d5OJ4v13M/L9CH99u2fdzva96orCXCciITrThPgaeQhkIs+oxdyyrABCw/vZxpw3WEARNMyfIvc08A8OJOVMUJrp6Z73wiZDk6WpC7w751qlFPp4QR42ogAJr2zEfCuXnuIqxEMSypP7EcCOHhLExUISSbfRQd3AAt+lK0SXhE5ImQ+svpep3c7Ah6rLuO712MZJoic7xHemwjAc2TZIkUod9xLzYjGOiFpN3y9Py8fIl0nWXZCB8wNXV5f78Hgkj/1G1d1iXZmZGZ6SfCfVHyjVxlICjHncv6SBujbQR8osfIHdtxGiDY9Hw8E5DNxPyWlYmfXk4U0tcsa96Q2aZl+/Az1TI+P3/aPt/fd3wLfJN0GwTCfvm8bHa7brcTjjo9zZet24lk/MBDt6QRnepn9/d3m647n06UJJA1o/0mlrYggPjp+PLD7z7V9ee3j4/fvH93PJ4/fvxEZ+vNmzd0j00VHu/2PLNwu0EvNG2I6jp++fo0Tj8SXkxvTGA3AVHTpqOUYWLdGL9tmk1TbBtC7bd0I7SeL6fDJOr45Kzo3HdNHSS7op/63Z4leqhq17TH4/Hl9EKg0fH8IjSYuGGp55rVbJiQQnf5QrBHV9GVV0tFaT4TD8OW1vOuKj23qpdUXmC6Oq9l0xG0RkWbgtBnVuWRaQnM7BAbFqXDRkqcCVG21Ws1pEiqAQotDIdqNmQs0GMuFh4dj0BrobSFREnfi03eLLMbl6i/oq6THHdJ64BwQUjOAQqMQpL2Ih4LtiUi/kWcF/1SToe0Awy87GSRhve5GI5Yz6sksbO8zKOhCS2lMOuaRShyHZNynZXACOwDI+ZjyuwsEF9AHpePSGu8A8RJvSko21FBcAc1A1GlNex5/Z+Tqqy6Hwh8gGGUMFmxsPiKER++RO1oBjyoM0N8dlk3iMBr/EGDV4xuFgwSlKcVqELACxgELfQu3ITAbgU2jKvktMEVPkTuJ6MmKTtUxApy7wDXHcrmDnA20mztxi8LyEwX+HG6WamcnNs8ecSEFpmalMAN1qK/ZncfvGq1cbvPfv/Q1tuHh3fjdFoWnrhLOw11Fq1lew2pAN9jrBUVdRAIMfshWRCoVE6HjnIZqyVTVsnm0j/TJPJlgLl0ZgluIIrmlqYCGoEEPJHCGarmdcEt/A6q+IFpV3LUnM6iFGmEvj8fj2SYCVyn4OnA5qRqmB0ositFxZwHrkS5rkp//f1brki58u9+95E1z3i/83XjtoMU4oUXQWUvnitodR3sdZ4oTfZny1oa5VU0iGiPU+HbxDA1NC9kziWX1Fn+iXsxCQz+Qi574soP4JKmLljjjBP8emCUmd+NamhlOZU8CoDPAjnUy7xcZ4oEIhWwodFJazMnpkKL8LNYD9OEkFMRMauU35cpHQ0Pet1Wj4fN+4ftuzf3b9++f/ftd2/evafL+PLpp99//fDh9/9EpeJ33//F9vA4jbvL8/M4XKh2WzUtLS5ZY4/+VNHbU6zK5TRTOTp28lf+Yv6XM9zGymHSmn3bl+l8hptfA30GxWFnaGrpMkqt28Xyw6CgjmWtwAHFAKigKbeKLwbJJWdrxqahECHLBMYQG3Ons7+04EO7n2equwKBvdQSeAM6QRI91w6AXckh5jJA0l2TsUqYlvW0qiNS1d5szQ0tTe4XP7gxb/YewNbMxNpn2RK6V9jpuqw3X8l0CFZc+5VR9fmq8iPJhtusnkoVREUhTFBCH1QyGYNXH+q8X0FhvIu7AXXxlJNb8q/EV2+S1m3w+m5QQbXFMTevNQx1WkgUUTvw7uZqk3evNqGzzD/lt7r5qMyB05tIQh011EOXLFdN4C+SW6/JOU2H43r/IjKpQ7GiXrQktGKQhF/DsX2h9ijFtUojvUQpZ6l8Kkv1PEnrempgXX7mwg+G+0v67QCjLOQ2Hm0iahssoSe9MslSRUVAspOyxfHqnaR0IaTdqLskSKrMvy16niWiNVyRIJSopfg87RdbGqcIUvbwqRmMcdLC4oTT5u3NwcpPlt8mbEApP9nlOfVNprLlZGS62DcAJRC6wAZxzgDa6KUJBagE91PP2037F28f//k3xx8+cbcfverNfuPe3l8nMtw95fte5FIQYDLcXRVmxvQa8pN3yYpePP9JIRennANhOfJcYpesRrW45LPFlL4McL0xqjqtB8oQIrZmzPqiOubLEL4MI4LpzgAAEABJREFU/Fha7tdK2huPwFUQp6TV5QTVWY1lGDS3s4phmEmPUHBonk6gSerGBnt/bXhJAHNyb4o+RV3iPzRu/zl//UkC0FrRknPJ7YEJZXAebybCBs62MjYOLLbGx5p9JEB0HKWkPITULNMiSnhqmZ1TOrGarvXd7cT8ot7ob94Lo/YkiXNa5s3mNAntyC6SFXK8tx6umMx8qU1VwQFgwLDfFqViCJ5GsdKXl1ADlxMZ7aZFCo1vdRHboYIYAfqIMHZwI8EaVJ3ybDRowt3BVfCPs30sZLYMqMROelRR79RR8oIoFspKLtYkNOjlzFOBKq4AnKKho9Eau1GdE+p8VRfmb8TgK/1akO4lP9soKBvqpTIz1gDsqM1CfNn0NKTz13xWdCrfISY6iB630EW0Sda8mmhQ8WSxqDmTgrLSySvvqa0/qLkFndgjs8SFFWUpEdZcdm+qOA2QOrYOIWFzRq51t2m3XfN8vo5CQi+86DujKTVoMJHWENeyO/2yT7BNifg15HwRLeaFlWm4o4ghHII9W5ZkZUYG92B6geZ9odmPB20cg435wylLSMnErIV8C6/AEg1eYziRRhI1ysLPBWUgPCidZVnphhwmY/iWS5ezqdtJwZvx4kJKJUHkpJXnvlg9SUhnAiqvAbbGNYsceObF8JTCOenEKCfwLJv/kZKZqqHbW7TBRyMlbTaX6E0qOJKqJ9DBRPgycOolqTrXauRHao84+ZkJ715EIG/Wp8OPtCBstpmrtuZRabTSI4s5cO/pIgcYajwF6DKS6QrrVBN458QRj7OcHcdkJwfKigOwUtQVEl8t3sMCMHDP0+EIDpVDUGGQJ/3iIIRXxrR9iciN3rJgumVHVWl6rKWIOPqKSfmEGLKgA7PjWbOXFpjw68v1unBpqrwMY1x4RvyZcG4pAdJOJ4By3xGk3B72O7pjizRZXYQwXvoi+GzTViwEQsAjb7OF/rgpOrrao+fBhjxYMZRv99uKJWUGJqQLkQ6iJQSk0q2QNaCf0oqcB9bv5W4J+iKIeRprutKW4xS5bCpiC2M8LgT80SO8XK50U+Uw8dMg7NuVx2W89sMyEMbNJfK7/e7bt49/8e07wk1fGJaeyI7UDIOWjIengsD7c3+lPdK0PPmw4rpYebfZ3W33l4lKA5FnLQ7MOif8veK8n4OSyzAN6UoX1Fw83bb0YzMfgKoKcxqO18upH2l5WbGkZoVNFg6+Xs9n2imcBPJKhq6qmCjFbcVBcQ16CtzaMseryIMMVNanZ0NgfFldp/np5TiNse/H5zOh+lfJJ7knGEMLr6eThJqRFm6/3dH7XK796XINLxcqJrCCeVUeDlta/7bj1oimYdGVeSRQfjw9Pz8/PV3OZ7gV+qIjL0xVvjyqSwnIwr3Zh8MujRdpUg5UqPj9Tz/R7RBuu99w88TIvnuR+aWeySWXC4H856cv9L+229Bn7reb/W5HO//MS3R5ePt+s2lF6Xp++vr1er1wB0coGh6Q6BDV1WUV2841XMWh3akmryjo1n7+9JW7bOeJqizX8+XDzx+p9nC6XNLyzY6Q3HdvCxYJ9wRCb7e7uulo0/7080dW5b5eno5dXbaUyuy7jvW4ayb1iylgR0d3sO3Ku/2h/O4burzLmQ7HUHes9IEpBNwKEarddns47Deb3fmw/frcUq2Cfk6o91Ivoq1aiXkhDGuSQU9D1VFsT7uorVhgpG5YjJ6OB1OE2b3xqa74MHC3eMvKAGXNQ8adjk0z+E9zh2Thj7UJG/bsVFRClf6hcaetpZYlwOsqJFoqSVezRTHXnKRhJLwo1AMpFJfN7pWJsQ4KR1yaNTVj+bgU0FLKx3VRTS3JivJ485QMWdbs1Tyc9zkb9l6JA3rd0LdM6qSRLkpCg3l94jxTXOMoBFdBJ0esMZ1CWhYRcZpnH6koKX904QrDVr236eb6Io/WqPS6FKzpIf6P+4jqnoX7nFFW3mCWrQONseA25Y5s8W7O0jBLsaFHiJdrXu0zfpO0xKDX6GWOmPxNwlHFjNTUrOGf6ZXq4hsw5jMLOeuKJGuYziGxXVRe8ULFx7XJWN7ci8ieX3N4D3gCGXL+Zsqrv4Ih/iYk9y5r6Qmrn/uvZHgaPT8eHFw3c+yWOMqAR48gxnFfVzJsTyIbVkHjLUmOjjBloL8LWCxR1DrQzAeah+jpY4YbGzaqQaqGrJBcgvUK8AyD5eayg/Lg5DKCQUDe2bIoHh6SV/Ec6b2SJnaJVemv07U/v7ycnr8QgkAf0lAliixFIb/EM8Hg1IPiTMtw6LZ//etvXLUZYvHT58/X4eIKaSPj0Sl5fJXTONx2WshRHQ8V596sukDrmWPZfiZ8xRvBGTnFTl6wQFOeubXsesYCE2/YCVYbUdJU7c0Fi0oByrWXkYZMxjwP83Uhx5pGDoWAMwq6CRUSESJRoEBPiGrj8LzZsjjs2jdvDu8ed+8PHf372/cPbx/vd4e7ZvewORwYlQ/+ePzy9Yd/ev78gSqF29223XXz0Eu5n+dAcquaMM05ZF1U4Fanp1oe4Vez4mwL4dE5gPrWMA5rF2xn617X450sddXdjOetG9vforZJf2jP5NVf7YgnQyf1xyhCOT0+ziy8iuehXiaMB9FdBFVLBVgoknEiNeilCyMB5vEQXzHfohQbNZtMunZ2IJNZ05uju9rY9W/+5iDbT5O7ZRBnWHQ1ZUnRXjFZOcG+/YUVF3j1aTdv94p7aIbt1ZcZ3exw8nNzGeNSj2glsHxPrz/fvp/Vn7NruPnQ7KPXS1a4d32pz2i7WWWXH+u6lVa/427f/pX5zFsFWWt+U4+NCUko74zLjuzYpVeIh/lfYG1ei9a3UYQ3AJsF2Z0pOTh9/XrR67nIfQMsaEhFrkr6kgtYo2R5m4UJyZ6ASSYbPc5DoiOErPah/CErI+fhFPJMscm5T1zoWRP3Q7Da8+xszBXvmGAYQ7rZNBqsqJcSzNMQY4cONAUx0B5kKmDK6dMSlYHPTgvn0cOqReNiSQqMG0Ngkpct2N6xzN8CppTBXPUp8I/AFuSRMOKsLXDAycwCJGTJ+j+/ipOIVgo9ku/u9//l92/+8cOXn64zYc7+ofz23cNnzhUpIhwjICWQwQrBs0wb17/akQgmI9oloRTuVKGkyHopPgcgwsRBY/faTCA3DY1vBaclrE3mHoKo7JApP4/pa790BcMQ1U3I5hX1E7qGIAvsvwzNXg2AM9gJQr6oI746jrxWUurHKEIEYcmjnUi3arSWLpfDsT+frz9JANpbKCvFDkF/2FDEuVgKZ6gfXgp6MQKW/Nu/9G63ht7pKVCdNSk9RRMDsnTAKznG5aAhx+XcMyiVI5cD7iVjdNL5KL5S57RChl/2MCTl6QecqWpuBVu1WCgOq2WsVmkbQXQ4i5AdzOhisZiGLhLA0UlkHm3QrlIHTFhaLpCfqtp60kDFLGCw27JIXuv3Lh8b5KrOzGGWy+Dgz+eStDNXEuAkGH7hJI9Xi3Ju7s+VvlM2hIuN4vH6FDlp5V7pEgQQxjl5kJ7OdGEtET/jWQk7FoVTBCKaEfkc1eC70Yx70vDaGNByQfbnGyvDA1A0wgvCJpPVlqyhRAZaqh0K2HDKIpF8hSef5Lm63mJ4OATjvYMzhsksbCJjJLRju6nbpuqnCOou0liCs7yllCPBeYzdRG0YyjbO5ahYPing0PCnTMw7VnqzkoeFaL+ICCIBY41rPdhzLIokdHZjlOOsFUCfIQ4jZH+fMK/Ho902B1SaMC86Aoj7ayt+p1pmnk08Wq6wfc7KEnFRj+MdPMrMe5zvpViw22X8QDDnzV4CulBCkVNKnQyu55tlAscyLgXadzyyIeneZGB6qrJARzInJa1YSVTZGNmeoxEP5NjwrB/WA8F0QnpapZRpRXJGMqYoM7ughGj+GuD+yD0NnIHVBLJhkp9kmup6uBuHHh0LnwQWhqwZa4YmT8G9tzyckODFiN5f7j0LieC6eeCh8BXzHFkAkksjUi4SV8vPmnU3EmNqrANciUw73wgP4qzpMRZSsEkULcTLQCjqtq0JZz4fjwQAH3Zbgsl+/vnj0/E0zlPVtMFNtIBSWgg8eS8SXnntCZEv6O3rx44DQ4H/yvuueth1hBvS07gKH3hcCDrnjveqKXabspG0lCDTi1jBHRM7PU9N7idC0Zg+TQB4Sg3HnMyi7VhzMxFuTqdsyzPrW4oHCTU+0z/n60L4Y9cK0kc1AdpjzDjfdlv64TBNvTQAE1bcNTWV4mklCKmdBbxnevvCM+Iou6yp5NPxxnx/t/v1+7e//vabT1+++mEoS8bHg8gibUYCx8uX84V+QXbA8rDbNf6uLar77X6/2f789IUKmhcWCZ/KIu3a8vGOFpVLHePXZ8JKaTFLJo+XTcOtBvfbHV0tE6wX3ms1c8HpygmydrRJvl4uT6fz5cL03m3b+DIQJOtFK1OObDVRKYNltWmRCfEW+D8x4E6QfDFUL5fLZ/dM60kXcxp7Ors124q0223pz/1AD+bqpGrTdm3JashcguI27n4i/Jd2891h32ya5+OJttVhJzLf8/zy5fP5dH56fv5Kd9Rf2Fix+goVdWYuAFBp53xhvn9RDLxl46+++6aI9ATclIrjOH9+Pg39QNEeLQ6h7SNPQCXjUE8oyMhB/Hy+HPulLM/cGVG4v/r1r6iYQRvm5fhCT/bhgVZ9Q5vny8ePHz59pE1+T1DCmzeNsPXP5zNL0BRlLfUe+iuUn+ho0+eKdjndI13sSLdzf38PQi6drsf7Pe8NmSxDxb+63dA5/PL5U9c0s8i3+/PclTPlPxsqjfDEyo6JhQwXL0/985fPH4Mbv3k4/ObdO9pbPEjyep4dYet0OYGFYk5HHrZZuq5rDlSfqYrNpqFdVAubp+c6ClVB+pevXwiFJmh7t6sJ07k70IsJLWf1VFZl8To6kLufqSYhkrJOmOaebpq1WbmdCCKFGggJwMx8EOgYgN0T1hwVMAricxZWcpoML9qNCho9h/pSHE6qHwWjuKhoAIzVLNUIEXcmt16Ir81IptEATdIKmSudWXnwGr9bs63DPChmByi5dHEAh32pUR1A4bKwfBPJMSKpZBlAsqQBaKJoAMUZDCMHF2hZPMTbWOCPWy+NuAjiqiqpsnCCaGgF0+CSIMUnYIgJpU7EPOjMhuZjEV2hWoJSQE0Zm0iLBnKK3DoknAJrapwmidEcneq+CktRPpEjTYSNyvhySgSz5F3kF9MNygXkVyW2k7HBkpaTneXlBgNoeuVsfeW2lqjfCnqdeNtkEY5D/5OG1iljxmC0YRU14gxe8TgNinKyqPgbHD0+V1jI5S9huDWi102mmanLS+ASqN2ydafxOl2PtGqFr5hL71g9OEjFOS2aakcdQxSl5UW4xov08jL0EKQOPWPuhUoTcJvRpPKUrAbIdVgsIw+nchpVO0XJ5HKNd67BP7cjS2WJjoxx0i3DB/YMTTzuPGd9Zc9ikOUAABAASURBVCHMcRGWnTpPIOnH+XI6H78+jf2ZIsaaZ/lxHIA0ZZF0g2MDFkPmHIAK5VR5vdvc//Zf/rPRV//j3/5PP/w4kAUmc0KWQwei0KZzkepgYVZwGA3USbu4FSGnR9pxjwe9M3n5OQma4ZWHgQfPBMRZDgb9/yrNKtdRnje5wrbs5sTWXwQGp1lrH1Sz72dp5+fov7wOXBIV5Fmmm+gWiDJx10I41mC0vrXEl0qh1H7THnbNN+/vv//+7ffvH7592O8PGzL15M1Knnbrmf/SlPvHx9+E37J6yZefj59+PFPd9e59t9lMZMcvfZzQRMpPF3UJoWFIuneTRCjbhh802i6xB4PTslaBOooU4ORpKvU1oYCXETRgKCHjg/qqDDg57abX3a1HFBno7b81dLVYPGYgUk+GVx+QFPORqskCzX4kJkrc12SH01aWnKNa8iKpFmciXJbna4A2LEsDInsShWjYtIyt6KAdNXFOCz0Knd/Sny1pSzktt6TmD8693eMKkd4k934FZ18DO8k+O//1j3wl9Ein/4R6xgoue3uIlnT/kffKj+OXn+XXYYXuj3yKoavJG+6WoU53+1HrgiqE5vPLUjJGr3t9I8losnkPGWiW30BX0AAS5Iv5o83rAkJdGZymbmKFbrHAtnkzgO2g6ZCMQiSa0a8vT9FdJekw85lbQwFVgPSU1vKYt8cRDMGwzux0u1riFM1iLDJYiUJrb4baEEjh9Mw8f3uR/uCEUa1Oa0oYucVm31lN0LrHxHfLyD2HEXPIalPQtggNhTBSO0HYjAvYilr4pAOh12xegzRFpm7ud9VqiTe7Z0UzMzwfUV8CIoBJUlqcxLNepijS55JwC1lOzSq8KraQ7dIIOE1rlAB648Om+i++ufvtX7w9/d3nl/P4dJ3++rs37x4Pz1Tb7HkaQKEVDGn953Au87sVSfOqPpBAB5tFo9NZeRYcRixX0mgtiNvkRk/UfqPHkJKoRhBhLprPrKLCiwp5oFQMPr3080MTWpEdCzdnyye0cWMY402LFSpOyoBNt8amUGFufCeiRuqgEh9UZsFK2w6OCmNExNpr1Tb+MSPwn/HXnyYADSUBFqMqcMKkUiXFWZhbyY0sCMV+zltIhpwEOGJTWNO8xTkdAF8USbMkkQGC7xeIzWcaB7yOx5wXPe4y9oyZlYuigbJZF+WmMF1/xrCPGKCJbmdabTeHydwnV2jHSfbDeJWMBBSGY4QaYURRKHFI7RNyo7KI0Fs0fk+wNk1nlKgUbcQNanUsSqfzXhhQlSRUvsQCCQm61JK9uhiBzoW17aC8hWIUU2IzcUauNkEP2sbQBCyzaNQW0no8u0kKfHEG7zshQeZ0I0BLge+JSZGVRlEK7Yk6D7eeBBDu+HK5AOG0/mqsdVjm7E/ZWtE+Cfr9kOuFSnYGpQJ6D5E5j7B7HC1jEiOcjxrFQvqdsarsdQQu5MwZmXvkZg+g9JjJoFRz7NnFBLihk7os0h2v7XgEyW0IpWrKcz9hnIPULfgRSi7OW4SH+ElGYd10LvtbHniCbmjxqpTcyE5eCGCqK7G3Rh1LrGuRRI54JpiuLTEzSJwrltIoQZxKyPIK6sDIq3b0eKhb+kXrlZLFeXWVXrhtVekqzI7nMTHomK+xYeXUxXHkFYY8NO2XqDMORbHLhhWLzsyC6eSomOjMHUKvdEimQ9GaBZ8nPxA+l2q8gXTEV5hfoGzhqGJckD9H3w/KKByC25wk0I29qDUuC89FxJgbetqULw3yz8wAK8ubT8y79pCZljKuNAJx8MSTMPl3KkohSwHtBdcQU8VFJgnr6a2HJQmSzIxC2hKgMYq5C/STEsJnhMjLDAypNvFmGGbhTjlCokeeG6FABW9WKeSTYSybtqGqBs8jo6SLaeBzL4JmVAcmuLMp6Z+KUFZacj5pLBEyXvsrXUMihKtpoja48hgfQs0oW6PHVDab7X4Tx55w1m3b0jsSmNr345O8mh4sAdAskBA9XRhhUm1D11BTnHAdp+Pl8nK90KK13Ya76UTbew6e0FRWE2nbfbdNZexCs98cOkJgl13C4wvp0/PLqb8OcZwL1xI47svzpX+ejhRDbZg2u328P1zOrp/mblGNwgtjghQKjbSGc4JCfbj0L5R21d497Da/+u49rfqOwb7wwnrPC2Hdd91m25SnYTr2dB99P/cEArzpdiwi0VS0tB139zJa6eZp3xSb7d1MiMC1p53IGP6GyjnF/bI8na+ngXD4uWs7Ks0xQW6mCgyVYeZLzx3Mu6Y9bJo3h+2hbUtAc9ENw3S6XkuptSyspDEWNT364Y4ZWptlmj9Px09fn5+ej7SJQ1UJQYPbhAl9JtyZnn3DyPJymnoy4NuyoXfqOO3f7LsNPV56zfV6OV/7/kLLwnKcBM4/v5yfXs6brhvm6fPTU39pnr++vH18fP/ukXbTy/PLy+l0pMXsh9OpF+NcziwFfmZNHukkJyCf/nO+Xq/jSDbuzd2Wzn4/0ROf+OQvIx3UZrvb7e6mYX65XJ+v149fn3ab3cP+0FRbCl4/fHmmPUhPoiHIpSq+T+/e3N/fbXeOKgr0QSUrudzd3dH+fXp6ul65aELbm3XVh2G/29/f3VHZgCCdvr9y1yRrtpSPD4+0YQcCzZ0j+PzNm7f/7C9/s7Dfi2T09ruW9aCE7fy73/+OD+mSCPf/m3/x15PMSxjmnooArShoVHSVuwO9c3+5xGm4e/yeNgDXHfrhx48fqfjBwjubTRGniqfoVmzoq4agefrNumBR7zlRrYVCZyo6JqoelOPQVaHb3b3fN2QgNwSO72kX76uGzAbb3JFFmYMOKZJiq7Q0FF4si5dPEYa+FK5EE9ZQwKTiCjJWRcjJPOKusMwZIskxoElEgwIRTRABJvoUoevT/zCOyuFHkkbI/HcEY16Y2aWkI74UB+4ycCk6TsinBLaJyci+pvigeHfKWCkgDXSFLHFRF+NcphSAeyQNkJnFLNQX1fSE0JhTjVHrBHNrBo/2N29zeARoQde+MHCNgwQFBmdcK7hFWVafjG+o+pMWSQDJlJLpTdSqLFadYCKXKG/q1Z2lYG5NwWaJZaWoiwcSNMJMAJy99tUjaRGsy+vMxgwxCUnD3KVHKqWxkBM1CaTqEnuWZVCWriRdmYAE/DE508ZKfsV+fIae5aYWLV2koG/qsPmSpuiL8NoDiPAYkR2swpGcUp/k2UrIgWq219TUQnQBTnyGG5CWFgp7KJiBcFAZ3lKcZu4cP6eZyjxX8l1MgSoiNwUtST0pvoTvJnRXBP4cGIiojsAVKlXDXUkJ1HA0R0XFZOmDa+4PoLculnLJ9W2n48aVjYVBmuicYrc/sUZVKbKogYXahb+FcDUVSl1gf8XxLsHOhcTjEsrOVJd9fvl6en6ahgsLFpWMpqCu1xSVBP9p4mHtU4gV00LYYigpr67C//H/9F9N0pb1+x9+4D6fCrcpx4iDvAjdDGnhQ6emy2fICd5Oha9d23KV5dLL8IuIPaeqcXLSgXbQXpKlXYbIzRvSwxSeuEd77kTveZC2a4qQJkLvWbWDlicww0Q+UlDVCbojsGgLojdskaDAIm+9stg2zeNd9/Zh+/Zx+1d/9evf/PpX33/z7uF+DyCHnj8H+XNPpcdiuIRms3/85ru/+pefqWT+9edPP/xTUVJFe7vZ34/nASOGbLdJ94njobgc3dE65zKWPWqxTxEQEvcZSj8tKJvBiHA67yoZcm2Q4opQZbuR4WIldahWhbI+FA78JQatCBvSUtlrsv5KEsrSO+7GdiKtSziAQUa38w2INJ7+H5CfpECltEzAGBQyUF5OBjTueJyqC5oBCA86+Fefla2xx0QfF34BvCj3y56t/0P02dCcZHZ3xaOTkqh+8fr8of+/fOWSmLdPsoOsH5KRbXtAtuG9wcH5pYZOr5eXod10W+CzWqEujeIKzoCM5BT2WqUWV1zbuV/SyhWixFUDS1DPGhURwU7JvwVSJv6jrsFpti20MJ8xw7zB1t/1OljTacO5liSM8atTFJRl7jO5z3BMQCzOOePiYuHZblQY4Fpi7JPXYs8io++dhgoKlXpvCk3JAG9DX/EQmCyLVQWmyJPenQmFydmAL5/HiRsnp1FlK4SyWuiUC6uM8jmSRMlJLBTtB17VJBWUXpyGNspwDjKISOhu8KpOpkzY2hY2gzRv+pRuPPYtAO0tIkLVDb+1bi2ZJK1eXJ5KAVjCZ46dcxBOXqRxzRnwbPC+PFSMPk4yTlCy9YSuYSjLyrIwG6ks05u7+r/+62++XOLffzr9+Pnp+/d3b+/vPj0dn49HmIosCiOmKRrqqrexbliWsOJqn/cKlDsuwWPYE3+HI81QAFo7j2fhlgUlICeNkVlyOkg3f/KK4Aj8zROZWS/KsQyHzFKipGrXFA3HiLHQaokXjWYtlqG7wlgDprhqxZ5khcMFzNKkxxdg9AIZIoRn7L21z17rlnypBcZrBlc4/2cGP/+pSnDgcHrYL6e9clGkZtQnIRswI+vMjgcNZZ06MOXmOM19cAqSNePYCfcx6wNZr4NsSb+6FKfuNd3UQOFs2ZoGbGmP6pMQiCTNgaSE0zlvcD9otoywVS57CdnmImyg9FMkQtAD5a0rhnJJoDlHS/UcgOMk4siQt4dhLkQfJyStypeFv7kSuEWpAMvFFyKrzLZS7KQINtZhVSiyRjNBobUJC6vJPNHC0EMP1iquSo+gxNWpXOSOE4XglKQ483VBBgkWGCEtFgeWNmAqELB8aQeG2UKOtyQLC/KkAa0GqGmOmCWSnZK2nGhm4LTPmF5aWujD/4hKnRgNj/wID1WYPbRQMvzZnPOr8MPlwFg+fZ4Vp3WYTMgDA3mJqHKQFh17yDCfi8xCfT775wum6YBmxlG3cFcpJ67ZGAezhHwZszMxBr941cbGvGrYSVdI/orQN4pGCpIiphgTnC2LTqhfwk2h7nrTacVLE7XMiChPGB7Ku9Xhk06sPEfe0NjgpyRKBcLe48M0s/1n1BX4uWiMMPuNG+nFmdAVxIl1DVnLwraWV2JJBCCLZ8YoOyWQDMBB71tKl/STqWYKc7JzTOvalAVLkmt4xACujlYWiS4btykPTcYQaiwZ0CjMm49pxnNYZtql5UilE9YfFBCGbwkQNp+ppEKIfGAc1qkUpv/iR5ZooHQw6jg/jS9nuutZFK6lBsUrF3mE18gbhssDrp89o8xpGSYZrSCI0cQdqXMoqgWsb7rweYaqfWLInC57ctLj3hMuTi8fS6T8dVnoHUu5ADPH2HxMqR9G2pIDlX9m7FWOYwhr4yctSxRk/mSomZZO2NmVYHHu8qWkjgeHJRa/dCzLnC50YgSk4oIX/bmpil1bdXVF+GxduN2mKevAOh6O0kqKAyaCFXsBMXZNlaoi8RQiz3hfQVAe5bZUPhFGgudUl25u1227GlsJcitc1qAtSbAjoet1XTZdS0aBf4vZr7Gi8zVfJ8ZIAAAQAElEQVQthAGy6MY4yGMtHlgppNw09cKmh1D38Xg6XYfpw9NTV1WECldluw2EWcfztWip2EWAN0EADDBNLU9CbAQYcIzv32+iPLi0mV/6E+3M6/lM+5JQXRZYKBmea0WXg7Ha4An8pXW58FQltydUuKlow9Hz5SmRYh83dO+hpMvYtFwYGvqJMGZ6KsWBlr8d4/jpy+d//OlHguPJDO7aDdPDKxbl+HI8n84XQkW/e3h4uN/Fc6BHQzuZLn2Rsh4roFTFuDxPzGQfqRBAxsZJxE8Jzvffvt/t93QrA4E180SPiR7O1+dnAjK+fPlCgDU/BR5AxdJ4tPOohkhRZsFY89237981TT0MZzrw6dL/+PEz7ZE3D3fb7e5N1dE6jyNribx788DKxUX5q1BMzn1+fiaYp+GG6WKcCSEaKAN+uGeu8H7b3t3dv3v/XlyA6MuMBGSMm0333fffffPNe9BAAUYTPn69MqxwofoDVQL6K9dnypKqBP/sr37z7tIfjy9Dfyak9nohJHr00iBU+Pp44mFZL8fjZeiriip/9JxqMrC7x4duR8+/Imh6u+mk4Z3Djc1mRx/UVzVZoE2729bbkVD+skTBjjKbjmuxi1h4VmNnEfOPX3738dPnH354x1MJeaNSWbVrC9rh91suaHDbfHFXsMRzwfTGepNUTYon5AhcEwBdeG6Bl1SRIU02aNyEIUVtySgk6UIUIs4Pw1DQm1FAz1GH0mijpSUqS4AEB0MMMhynlHEIzDERwSORYFYoTciwwh1BQVZCq4gsI3NQvEKjFo+5DEQIOgroKEkGt2DagXrKDHtKMe4m55Ye2BXKMWBGkBkbUeAt5kP76OJ0zjT7kbLUJFbCAAVoQcINFh1KJCSFWOQ/Wnujb88yhkF8f+Fy3offAfXPAVq0S8o5RXIYPK9UIrlc+inP+rW1MNqCd5rvc3yXUXuDHPR/CyhZHmxKv0Ky8MvmyvQdJVSShEfRYPHlhYZvXgUunAiaAbxSIrAyuySBTRr+6rsoMuqz3KkB4abb5sCPEmgCLGQMlc47QxNhzQ2dpN+AudzKHXDJgDkEF8hSb0C6kNZn4BRA9wh8UqGhII9MJs9xOffz6bmEW5OpVnQQZy796wbnKssCfH8FnkwemoFfhvGpnpWcCmx5xFmGcdjob0bdliUnCIWIU2A6p0Ro1qYk1FrdbsLB52MObWCOD0v5Fs9WEBJYAAECIeg0Tddzf3z6SpXcNI81++RSYjmevku/MrtFqFeSFhe61uwkQymBJHdWEc76L//FP7+SYTydvx5fuOBVlhF40zzJ6Ef2kpnUkQRvRMFAbIjwasi7UTWtba48E1bUuMTuIQfimCYq6kanD8ppCyu1up5JtYxij6WUYyexLyzXRGe2oMiYYykZ1CRDsAiQ9haji1mU+AQNhwgmeQhmWe93m3ePd28euod7gqE3/+wvvv+LX/36/uGRrKoMDSLPPLl5LNzEZf+Zh3HMqdgd7uPb79Jwff76tDl8vbsXD9C2iR2yRHFCORHChSRf2q3ns5VVaUOwb2TQKoetFQtwl7rzRQFW7a2z1OMVFoy9l26RRNtGMb4qaQEPyacjGfqckzi8X/RqSSXp0uLHIqVX2HKdGiv3KIcVraVSCOG2FmFGc29oiX4XRozjBNlnzUwlL6HtVIudcMrbAoScNOlyyasU/yugRW2vz9C6WkeX0yhlfUnKlLL9SaZMYqjpLXhjJusWBr4xkauF9Abc51XNTyOLclhGrL+LR+bzqxQA14/0r59atti/+ErZC7r1MpNepJi23CcBM+qcpnEZYdDcQb2H00QVV5qk7Hr7AcbtTekmz3FmaeUXFRC8XcWb28ENY8aju3kgN+bZPiqaA/Ro9XYY3OO0TABYULFIb8CsUYUF3+NEVYTrmeOKgrbDlKOocs9eIGQFV5N6N4/WgSw2adFBMp+WVkepJxUwCy6MM0GdmbygEuOAN7PyYjIetzlx2PKoDGN4HR0+5vURoC1IH6uXGnOhWayupPXzWjMQA6xLjCs6cXviQ/6v9z4DTcY4ty20NvWa7DL/SqHy9IAskjW+wcNL5p6rHypHJcCPs/oJHlsu5Isvc+glo9SV8/SqCr95s//Xvxmmcfp8Of/048/ffvPtu/u7l9N5+npccNVO++1E31MiBUXTnMZ+Ck0kvDViA+wdaVYUlT+RDAXuTEGz1sUhj6UkMl5GMVaIEgFAo9xO/qjwUKiTAutp8NuGwIGqllFSTiaMQVTWvtA/pOufggFKdrn4kiJ0fHX8Pbzg2gWIPWmqDDgMqh1SCBYS3Z/X15/mEMJ83CSoFYewAEJh9tcqTGdPPJvwpP7Fr2GDX3MVc3e69ZWGkbLPMyQzl+xyv4ZezHpdGfaUSAlNBCjuFNaCqkmDHK8gkrs4enKHwkDw1lBmZkU4mdquKK0kCrNqZqIuPicxwlzmgIm/igK9YE5Yw+p+LcjGFFakcbgGjpiZwuxRNAKfJcnQsxCMP4s8ECE33itgiqFXIRTAtapxZPMSPQ+ZLbMdEttfoH7ETYjcVAuTJ/gsxJ5l+rfXlkxkfx4Zo8cIVMVDi+C1h/dG+0nv8cYyszIBnF3IGkyKERfeaeeZBmKaYKZgRFx/m/AowIlGoIgZ1rj61XrJv5DkqaOP6KOUoQoeY20KqClTyoHsmzzPngE2Qt98P84RmXqAiUuGsfs1HNGwRR2vJD/o+mE0VDtGnd4TLkPoPipniIg4rzAYHNliOpuPlKwFCzIdvN52LrhKMateOgp9CL0UuGaAmQk+LKTs2I1oE7THPuXeXiFGBdQb6Fdn+dJCLGoJUjeAxwdjiv5Vcu4482BbD3uPSGXRtY8qc1PImCNMIhIPR1lIhWuMlmtHiywRq0ioE71JHzLnKXFfapTwpl7AoHYqLuWViRd0prmcL9a+iVEdfyKkkamvMiiPvSQPaAFSPDkewSEXi7ANtQqK57kXyVGGdJncZQ6MTqLZd+Jpwqy7KOAImpOZbuOlcCD0Ca8tQl4WaL4s86CdvJwbMbwvlewqsMwx2yB2+qw2QFaK44mCAXwtNU8M1i8YwEj3xxPeKDiUKGocl1BcWBMkskwy/XBJ4zxOUzp0DX0Aj7AfF1kZ1lKjP5wIFgyMYhO4y1PXk7+wagVTVSk1JKB2y6PV2kUIfpSUDgw3z5h/SCVruuR+GOhOurpmyYtpFCyJuxFGwsOhjF0UXdtSVYcA1GFg6WjZSAEmlVaABVXmuWubx+3G8yCBeOz72hfjsBC+WvE8pNFVbAAXOd4UA9fSAShDt0EzdAQd0m2I7OccapbOmHlcIYuc0AZkgrEo8l96xuDpN/lDJwK+Cf2tWyZfxH6OF7rCie6a8/qXay+8r4gD39UN4eOVdMwxwk4w8BCr4M799IWw0uPx+XSiT6Cs+Ep7ZZ7vCMOuy35eaJVO17Hy1aZp394d+nm8sKxAoIwacu+OmXQNxXS0B3hJmc3lWx5bVey65uGRZwAyF7AKu23L7djL9OHLl2fGKU4UoNMm7whmLooTk+Rnij1FP5RLMHRvD3f7eSo29Ipu+CRNCeM477d+t+02dTlODW3d4Tpfryf6vO1uc3c4POy3VCQgWJnu8d3djhnvbXfYHwjdb6ry4e5h022pNnAd+8gFiDCxlPl1s9u1beelK7ARLX+q1pyOL8/HFx7iJ4hq13bcNCDzqDa0p2nXLgTu8vhG1j6hapKvuDI0pNPp9OXpiTAUurOu6du6YRWPumQV8lA9HA5NVwtVJTBRMPqFzDKtV9nc7+4J0B/nAYAu1VH4IpME2FRtog04jNeBbvfp9PyVahG7MBMgTp9Cv7XdVYRr77ZbqotwwlU1JaAipDOyax3IP4GxIZVYTUsOORJckhQdBRmCFa/gdTS9RznNox3cclADQhQc8hj7W4ih5l2O7JyN5ASd1QUU6rhCA/gnw5dO1Z004E6gAjPb5SbJAAzqcx5sRjjF3K6NOuKiUGRGGiyvEukn9rVCTE3qhE0oA6wln7235gZ6k0Whww9VsRk4SdCVzC5dklug/Ql6GD6PHHZRIXx/k4xr0HmTC8K9+Zyee2StSUMNo7gadqVYCNyY8oGgYWIN+lHxBXtcSNzZs/ngMuKccrXdKVCncKFekKpRywQBlaeVWNJZFULh0YyoiLFTtVfsB42WNejSsNEDy0jWM4vgWgJdXIDcmY6NUi+VVyrd3FOKt4F00g2QowVDnZwVNW6AJp/v3HaSKppQAFI2VM0k4PF6voSZ3Qf3GklxdGFtLWOwg1GgsaC2ZkeFwJSmQS6xcHoVEpEJGokdjLdA9oBif9JoVA4xMBAl5fEOLrEP5cxK7xmjzTIv1APwLgSD5mvJbcKR7UnfX06X0/F0PR19mgn/LYVELIiigOkYCFhwYMG/6aCaClVwHbcbRFqOinjDv0pkyf/d/+dvqQCLbobISh0KrWNpsdISX+N4SyVM5jRyXuMS1U+ZF5Ec94RJmK3ALHdfR6dCO7x+3OjNEmcIPwsGgYtE0HSyY4RdFnTCRtLbdqrr7iwhiuCdqR3itIIwYzaqm4bKrg/3m8Ou2nTdYbehOh8TAGYcGMqLyHHXMtNlSDyomQrvLyVVmvcP18P7z1/+9+evX6tq224PzWF3PT5DbEWmpxcLWkSU5ZRggIVkFLQaI9SZQvCSkifGBilchLzfNdFK2UrkY2spoX7Lkk/7q21pd/N3f5MBGPqoSQD8ww2pCGUn53TejLx9wKYC80kG+ogsP+QEA/cIsOizYm/81ly44RDFY84dspui5KBetRIKHA29F0Mu+T+wuMUrru4N21sxaPzPWUquxlHY5O7mpfrG6ZXBxUvzKqyvv8FIcYqTWVzd3vZp62q+/korhJ3yR/zyxX/wq/7mP+kXP319dXKM9M/5E+131ZplU6dARMq1B7V7+fn7G9gi3QDc2nqkd59udpX7g6u/8WWrP/du9UDOwAbnFBKRJc3XkHSpbHK8KSHn9/YrXivaE8BoZQqwJoKcrSSblyuFwGjXL3uCcxIGELyBslgnRTfcGovkfZFfJ5evDc7AklnHgXs0FqeYq5exw7rwur5elSKQPsMIGIws7xZzp7azNF07QhjHvsEfpbcK9LrCKR5kSpoGxpgkWX5+eLjuBvlUd2/BUVQ1EFskLfgWhVV+kjSez2lFKBRAQilXKWlOJVBtE74q0jiXYS9xI9Y0RuH9P3+/vV72//7H5ePXl7u7x13Xvj3sn0/ny5QtlY2iWI9wfi6KtsB8OG1fS05Z2wX2QFTJTQlgvPZGefZ17CSB3jPDS7CMiOQ8qgGSOnLpNdp1FFAPMV3GZUvJUoM6AEIbDIwCxs5Xs0jF0Xmfz5Ncps8HcgGRC1GnlKUtYNENxvA9MBqVxNbikTRWRdUL+TODoP8kAeho1TwzeQndP1rMNScOI/KqLirQlFk+2BdvJU/dVjaXGIpnCghnMwbAFyNTdVKg/Dy52bLgpQAAEABJREFUFejUQpLYBdnNXlJK3sjoyfcGgjt1CRzuayysjRoItApLHGBL5AxJYKvtonF9F1ylV86viPZKgagQ2VaXFID2ZpRhxtCdmXDILVmBPaVfpPQ7BYj1ie2kGLEC+AzTIPIIJoeEfwWejiylHL6wQsZVAyUOaR3CwYLOMt6NAZk4y4LIuSzBnxYyqdBCCmts5HTV2kO9EIFLTZ/kuHOcJAwbRFS5nyU/d7heY3pFj3niaqe9V0YO08mUD4VIWfB1xLouZ9XO5+hTfQbgy0XopOog/U1ezEAEx2UlFrLM3jEJEXJhLoGWFrWkIoZq23V7Dp3r42WUIK8QNYsiJ+q0SqXs+ahtsLYJgJea8xF9TtEPufkxlDSkY1L+WUBK0WlIkFoGJwjxKyh1GPHIpGAwaiqRJASbjAkrBVBc7spRT4FQm1vyWeaqCAqNhmCNtl5ZIZiNIiXRQuRGyoWqMoUm5TgFckkh2mwq4TgV3MQi4IWAqEH0D1noU6Sg+A5lqSWBC9pRLEqOBjWrW4/ZbYuNmYVUK8NzFq+Wg0JnHlKEYndtjww3GIJ6NS8967JijJTFWWW+6a99P0lgyCqU7AdpnbgBx49xFL+cLH60g+kagWa4wZFw5+tcXFnpmdO8fiBUd+Z5d5QozpLh6x3wG8wAb4o0Az8XCBnSPYsoaYPwnmRkKOG2tCdn33AHEmvBzKKdHesyJBSTk9DFR5nHJOZs6dPOtxRtVCVh+gSxRUKH6aWbpiS4kjBEQoqnIrUMURP8Oj2dr7Rh6KrGmUsR1/7SVKFhxLhsGOKrBG+SNXRuW9UHpv5WrFnBUOUcJpYFOV/75/P1TGhp0RLQuyUMkfX203WamNNd1ZtQEzZKuCHhnATdEpraE2J7ubw8s6AGPZgRs6xjJNwbgReVvduqGmaGtmdXbKuN50FDS9tNh01LECrZwctIUelIC0+HqapKwtbpLggmFK3NeuZmYabcEoY7JloHimcSQYnny3idWfuM7qvvKZfnvJcnIg4stx1qZtfSvr9CQJz7tJhc//V6eb5cFyG5H7bb9/cEzG7msec2cdqABUEPE4Ge9LKn/vL106dtu7nf7Lab7afjiZZx03YEV5+nE9SUqqrmdRBeLkwgPdvAZ4IH/tEdJDlMFHFzHk8XVheEudb3O1YXIQg5xaat73a7aepfztevx/OnlzMB7PRWXe1Za7SpKF6nHVh1DKfOXBVw/fXs91w5a5tqs2nut93L8cTPdxw9rZgQEPp++fz5y/k6FpXf77v3jw/fv3+/beqri+fr5dB1j795s98f6DTTYjcl7YX6cr5cz+dhujZMWK+oknF8fqZlqtuODnZVVW23efuW/rX56cffn09HLoDIRFAWIOe+E1bMbtqWAHNa8PqRXtgN7kzfpccqxk+WOPmZ/8+wJsHGPDi0rchFlZfq/vAwE25VB1rtTXc4n/skbOxUMsWvIeh/CVEycyqJXfp+6K9SLlvGoSewqB/7ppiau3bXNt+82dzdEea84RGDmy1tXUIqZGSKl9EJbETEJUd4JvTERF+q0Jwc9qhoXFKv4TWiF5NfJccQkvpBlSa2eEXky532x8AYF+oUWFBaupik5WmRWWdsMrhmMWtYkrQHCF4+Sm8KImyk6EFpQAhtYIkS5z/yaSArJtXhEMMdc/hi3bRAeWVQm0eipr2fSN4c8osFgZ9Xr+fX2eTOwjEPRFx9vX6GLUqyjNr7eMtQkYwKffQG8iyyluLsckbnFNDTwNKElYHxQE3MW2iEi8qXgTARDWFJDb/1ODPJUgBHky7EkA6HAMdpqOSR1vLyoG00ubR2o2tMg4hFfWeOY0NW7AxeNMRxgSnzeFWles2Q7A51mN8NtKMp2pqaKvwWdMQIrlILoRqaZujGGZIAopjXwPxVuI4aAjih64+9rbTLqPHNnQKBN61RfinHkmVBNa09QZSs0HW9VEWtc9YwO0Sbp0PFfQZA0Ohka/wHPSlJMRZsGQ5ooUAm3Yi3IYTH0fQcny2qw+wWDmwqTUQlWsSxFT5HpQl2AZKzX6ERBi6lcYz3AfO0RcV8fn7hGbDn44nsGz3CbccWRCRF5RMwlFhIJLLfCznOIOwnCcWl0M0y0g2deIJZ//q/2BVNexz63/3DP02Xa8mPicpuTJqZE/qKigQUQqhghvE4qelCS5B3VF0WUAtzolPGryp0JxkDKAppoYBCGfevy5Ymi0u/BCZLSloPoXqutu7LaEhxlICRxISJDVwRAh69WFZN1fCoVvLUspY8RIDimDQPx0u8Ru45obvmea2uaGJVpaLm9RnP5PcT1YbJjdy/K9sP59O56Z5KKm/uu2E8RcBG2jUSNV7mwsSi1yttrSHbUyHribR3qeMlFazVkNepKsGrHa8mS9ENQHg3KYxQBm0ZDXURYyDIaEbmuRMxh/ne3eZBUgkQe1cUQSkl/C7M3gLe4gwE4d+Rbl1pJPAoPWJCvWzpQtocxejyTJGQyBE3jWzDoDZIAXCvLZfO6LLp1TH3zt9gbCsGffsKfNO9/srJPd7aOxPskbf/JZDj/evfffV9WEQVK/ljX6+gMad5XcowYFoRqWQowe1nvP7YfJn2DQVglS1rf7/5uNvr9smuR9JiAxHFUPnbj7RLWEnjWDSQ0H1G3rWfYb3ipA9F2eru5md+3cF4JKZDJE07QaumDlgaMHUBZkBv5nTKBCB0gxn4CcAiqC4TLKHcBEZh+lv3iRDBJeSeyJfWxFaPRoKvc7lRVx6KVmeDy58Lt7eMTHxeRFVSPaJfD5gsonpNXanE0wESkFAPjlzhMxTlrCqCrhavyhfOAB2+sYK1QwswWgCdeCxbQkiXbjbPzbXiAa3AkFtVd6yHJ+IafXg9u4+LTKrnH6FokYF1cVsuqTcEJdeluNhm12qHwul+3VlesXc262mhZHB+t6v+5vs7+vG/++HlfDzutt2bu92H5244jnNM6zm87WrQ+7RzAfTfO+3kDkGFSVFZZZZegS/HTLvZ9EVCU3EZLC4iwgnsXq41Ju3HUNCGHxTrC9FrqzpQXD0s8TLMNRCygOg0Fs7ix+AhZpKyzpNTWFxPQ9CwevHGvpCZu/iReDPw5nxpU4QVLQvKnlXxO20v/zP6+lOV4EANWvo7HEZ+EEDDzV2FUHel7TKBkOhVLZgeealhdcLMSjsJ/OgNsg1SsHdW3JO2Q3MKEjBKIIawUsJQpwxK2jwlsDKVFRaqKvMHhXyEggoaxmZGiESmWXMjVhcSIEL0Exmf4nsMKRpQCYzTodAOz1FKWxxCDwnnfPZKZqil0gWYWGw6rKiWWaKWwj130Qbci8B3paYK+CShNLKgsLRmO7s1hz5L4VBIuxacohoQrviLxt8Si0W4tOA+61weC7Hk9+mqFsK5YyjguuXTYVuEVBoBeAK/Rm+j/CihgabEOUZCS3GySBuwMTbybLaYKGo5KYDxLC+JgznbKEsVDoHMmc84c67T86oF8wTRQeNBTSTbfLDMRElDMldNioItI19zoW3KInmcYs5DlqTSw1o4RlWB7yFsm+bt3eHz4+nLy9UxcsS2k0JHMrCChsbRc9NIBb/IUnlRmlyxvsHEjZm7PQnbRM5FIj8rj4631yTI9CLA2DIMaZxdrYxprVWDRM0MB00tU7JRR9LGAmDAJ5UCzfOpJJ/CM0VZH2qWBOAEBpalHSZpAxaYZdk3iZQ2X24JnQ3v15wVCL8OASWURSRIFgi+O/CEKCmgAm/BFUkWgopaJg3gATmHCYfL6HJqrjLtEfLQ/L1lJhSpnFmIcBEyN9Qx27ZlSxFwpeiYkTMVRQvFSNq82KzNIWdch0dxvNLUWhNCW7ekhYy8T2OhbBqEXFwx0kZOmXyDGgG9bT0KA3pZwrwVCe4ErW0vKWoWO2Pnt4hM+wKyk7pPZg0SHj/xQHkenDROBLIn8toEiFMiNTM+ucCiEtxMALfj6hCPu6c7GGSkId85XV/f+3lITU0IHb0xC2GL+uP14qdtRxjpdZj6xLxXz6My+a9CWkz9KDJsC5/5qVjoozc1539d4XeHPXNCKxagptu8XK/T0DPm7TwBeGQhni7jaZhGZnNfaI1aFqZgnd9hWUohWG42m8e2ud8TpFccz+evL1R2vz6fjpSpX0V1m5njIgdMoR+0iubr+IUufiKweKaK21I5SH27cXlzIGCwIft5IgD7dKQMsykrAkkL0TAXFaBwHYZ+ml5O9EH94l5Y64Gw5ZJ3OAHli5yjUfjCiYX9Q1cQfEnQM5d0LteetkfRVPfbXewYXxg4BHbD7K8DB1ZNQ06C5WWej8/0NAlppa+GZ8Gl83ghJHqMsfNMrKbEuzwEWiy2TYsrU9FQgrip9x2BLOnzy4kJ5lInOF8uj/sNbevr5cgDA68D3U/XlF+PFwpUaWPRE223XT/Ep5fTUcYttvXPd/uaMnHCS+kKY00bJmxZaJvKDWXXbi/06hTvDtuZJxCez6eXD2nZ3++pcrYNYXvotm19vg6X6/Dy8wfROaXNlpiFQBn/mM6fLr//8aeffv74L/75X+9226qshvM1iPLAPA10P4Quvzx9+vz1K0EahD6nLT2EWlKFyVdhkZko7rg0Zc2gctf8+rtvj6ddlBP3u9/97ocPn64EeAu7ZZk5T6LixjiOxTfvHFAEURRsd7tvf/3wq7/81bk/pQUqykyz3t/dEZpAi/3l6cvMF1NsNixu3dYdrXq6pq8fPp9fegLuWS0lRCplvHz+ej6d6C3ajqU/Dq277wjyOHTtr6icuNkQ8rwV4kuAlL9XFVHOF6SHp0TTkQ+Ae4NxAUVzKkfqKOBJmboIK0roM6Kq+IJYVlEABWgUoSobNDdhD+5XCU4gRVHLtU7cg8TxbLVK+0yj1CEN1VFcKSfFJoURFaJzYCAbSDcDAtWcyThNAufCkymULSlwUAw0AnWW+WIoyyXWcCyTRCOSv2G9HG4bwhISDiH8KjSSIkMkGHjgWb9xzQWCdoFFFXBVqqcse6FJrdSBnVf+qyRFXhdZvukzLip8IlyLDqsz6Fsbz5SUmkFSBbat01jTbZBqJYwow4qhJK2b4qO81AEU6LPAAwT2lFYKpbbo6ObhbNQq00hkuYovC5ODTLy3QV64F9QZZNmqUvu6rIkMUJg3tQHFnuFldYxwMkhaowKwq8NK5Ej5op2QsDRv1xu9zZpxvwbF6+7OK+oUxEMsJpF7szk0231dVQsP/GW1CylgU+KsApelIIVpRjibVNcRmw1xflSWYlJYPWURM1lWmdHC00xkZadZoGABNYJXfXGPDupZauIUVZWJ4FIB9cJCpl24svJa9lhpFK0tmQY4XD8dh48v15fj8+X0JcSpq4q7bfd4f9fVZYH8fIE5E/1qqViwdnvF8S0D62iFZxfnRNa5cATFbvYU1tw3u/3DN/Vm99/9d//P//A//y+X5+eOam8UUQo8fh0nYXYAa/CiCDpLqb1c3KKIH4fgiykpgIoAABAASURBVIwE8K10xo2clHEYziNXAEpm9k4p07qLkTUwlNHGstmil8yhdoljKyzsBPqZoqOFTIvQro0o2HTQlJ8vcWTrtjx2nBkIahCoyscTUBgQp8LxPBGaMLflvA3VJhSbglxlfUjlJk3nYbhQmNFs229/9etPP/z+ej5uNu1d9UilCy8NJXzbGDbET3UWkozGbD6DCphYU7PmnPc6I12UQzSjZAkg4c4AI8TGh1QB9nwuztzUddZtb7YF4XnQsNF2PfeS5mOQO+BuSjdLNshJzaSCpWJhHeau8C5RCV/puIyS8erIItbmcBKJkzfgRiLuy6FbjrSNa9qSRY+alqRkzAUxPjSzNLxhYTd3tci2gWVKWrkzJpauCPZOmZcFdknX3hk0LKY7aBnSXpM/KmtHGGqrP1ghH10to7v4V+uf1gQFJkfMpr8Fi1+RUl2ucOZfT06LAeHVY1W7kWKeCKWYbtRLSvZxCoPfYHhuvZdkbOgbHDaXCv16Wc5DRADGMxnebfh1yihBvn3vV2Q6mgKBPCu0YJesUCHlOccZ+MzDhwR6BuqJkxFhjpToGzQttBuB15IxBNLwUSbwDPlzod4haF5c74dzUVTeofvrMxaLy4t6S04NR1TgWxJYbDQW3hF9dzdTCjZK2qXctZh0gsCilQb+M6rgyVo3GBsRpyyWKJlT5gQCehcOilXsiFXaC10t0tcSArSMeSjCymTHmxhMpdCxnfm4wI/wdA0fVZIrJnvUQBOAtwSM7WPCV1CdJCFEyfBUbeGScuoN4zY/77xlJRgKQMYFXM2xRFIhY0z1ktHTiSOzUcKrt3f1b4v7elM/Pb1Qhp727fs3D6f+05UTP5AbvFjEKB0NhbuJXg0hQWea0zPsWVuSrRthN03jWLORe2xpfbq6kVSCXyaxzCQWuJDYlg/3gr4XnoyEQx15pDNXO9m2LTO9Yzm4+DRSajnXbbmpqo5KsxzwylER81nKBaPWaAeUL5jcAbNCAC8m9OKnxXRKqhLiY9GmUXD/NLMlmX0ZBPgh5G6SgVmMDYqO1E2Tx5/B15/mEELZAeisV0shDMEac8Tk0PiYHZOkIcnKON76MNTra8bglAqi3YN5kyVpHvM5ScHZ9Jgrr1U1/kkMQZMVl4VnvZN2JenUlw8JErdNcnqF0KrZoujo4Fn4nEOZN/NRun6FuOBD9sqm5gzHxpQdrR4WltVokqJMKQnzllJEHVmWLKipLXBfAOX5p6V8U6JVkDRU9YPzCmedSvTWpSjpC0pWqgezzwTEJtEWd6PbBWu+4OyfBKUJvpXCqz/ySjKQvBZe2+usGqCdbLdCFdQeO5EyiLx0wg5Z8CDdKzVn1ViKQUlG6WZxZQmC175mpVPYz3NfpshGawApkIBPVkT2NxZJl1Kfvsp48x6aIT2s+SQ8YMqB5gpzO00lGYUk40RAz7Z9IGine+55vgtvpJntGatTY2CNs+wvWasilpsBMq04s9XmVuUFtxR0eZHwQywF/UfTyFP2qJDIHJLiNs4BUQdNRjdAZ0L6yhcSg66Dy4mr0yTRlxrzSck671FvkZy3nhZvsTfZfowfxG0JAIqAbJYqrsgoquCODrmAWISWoCWkA+jMY7GkoAS9RlE/YevPQ3mpciA/EOHmqDVK2XBpqcgzcB9qK90xXtuKcZWaWS+aW8rhSkVltxlnCsZTqXGfNDPBYxPQ2Xun8yuNICDlsaoQV68uV5T1ZDN5Fq2eptlkKQMShGUNjPloLpIIgXq1oC5vEJLqfzkPqVOZpcgp3yRcYFa9mAh4pW/yYAZKF0eI+jJ0zwnkyGPpmRZKkcPUVAvScABGPpAfP49MpEavLr2G324RwjSrjMxHVuBF7YevaJwH1LLapmzaQ9HU9O2nK0+8JyT5cNi1HQG+7nS5Ph1P5+uV9iGtFJnLYZzo+R8vAwHZEHqgXT8RMM2HKxJk2dRV1zY8FnDb7jYdZalPBEA/n07XkemuzfZN7ecR3Xqcz7PMCLO/OXykW6Znd0/Yd8PFkVN/mcapppzTpXEY6NBd+5HnkcSl7Ipu19Zl9buPH176Yddu2qqktPV4vtKa7fcHeXgsslQTLhtqRiBmx+hCWdOFXyMjzPOkZcTA4hINq95TAlaFrj18PR6bfuxY7IPscLPtanqshHET+EsYQisAdPtYv1wudHe07HXtCNwnhJ1HqRThy8vx8/Nx23b3u833796ypLvz5/4yLOOn4+VKD1o0KIq2I5RjXGhZuk3VTseTu9DylnSp9NBoM9W+uMzDZeg/ny/H69jVYdO+220JVw+HlinVe+7L6GgZT5fLSNCIX2pIXDC5mZVQeOLiOO223X7T0o6eeJ4lLQUT6ClVnXiXLXXdPN4f6Blcl+V4Pj1dTsfLqW1repuxn/73/+0fZIBX5IykrAnjJhCZ3Mqb+7vjyPWGklWzu/46XeOnF54EONOzuDvsHh8etocDS71IhEoOramb66XniZVURJnZJZP3q7rm50+fzucLnaW6aenUHPrDu7dv3r178+27X3MJZJypqvDTzx8+f3l+eHh4c//WUWjLEh/cP9APQ13X2/225aGE3Tz1p+fPz/2JMPOWahtx2m8Lelj7/XbHODzrdBCMDhGqgmkvdfAZw2UDVXoMZwMAXYhZxugJr2CDobPIqcR0qkqSg9ZVjo4AEGqKsmjbs2rTiTcES1H5JjCZCkHC1UWUGOW9eBJVWYDeI2zHFFearLWaahCGNC1lZjPSnoTKnpRhtBE1qb6eRFdSRHOAk/xKgNELMB+cFKEHMYqnzsr1S0Cv2omYRKNBSQgrGikfFTJU4L2zay2UJOMz5Ko/DkjujX/r3I3B1a7PpDlSQI6YNBpTzquMCxFYPEDSTT4Ruls+SzYHfBSgdUY+hWwu11GIVoiMJBIgHkFvRhZu0FV1k2jcg5/2xjATb6pQiOZAfN24Zt1oqiVtep0ZtLmBNrAXbHXMqStpFyLg5rwFFtPxaPYNbwsHmke+aES6pg2m0aGM0NMHLlqh2mnk9GkCxfT2cg3JbvcwYnCFaiRzRiS8VE1XtTtftazJzCO0Z6GxsR4E46ZFOXMnCntXXnwZk8AhjoCOIt4l2Ks0D2H7L2ziJ4YirSwuEl9eQtEx2stkzZSOIAp2pYT+giVAqCFkvrhXsE5kb6jKeB1m8nrn63xm9zdQINeW/q4r7/a7Q9dsazLIlVLB5Fq1QU0mh1Y1z0CVs0DXMia0HZBRrRqv5Dym/LabbVUTxlr+9rf/mq5q123/9t/+j8enp5rWRN6TyrwatoqCiMi78fIy0UyanBHrcRgo8RmFxw3fIkUVfphnKkhHl0FRlFcW+Q1uwkGKJfWJBXgHvyakmPl+DjwbDa4mbd3gfc1UX4P1aO3pVg/bzf3dlorQLQETnpur7u/3NSuUTRzvCTJFdU1mZ/uLd3XVtCW9knVmKYDbLvNQxuXu/jCcnufx2p+eNrRnirojx99uWLgM94BDlgpciUifFRbMckQtEPWE+hta7IWhUKjMCmy2M32k1TStx8WIC7mcoomrsIORjiDv06Oa1ZOdw6AXXJmwlpSojwZHlDekndavUrkIF+UpxaBziISOwd+cxUBxbDCbbhE43gJwcUC1EAjDFIaZkvAkgkvscDAlHim5HFwo2vi0guwO6GOxwtJ2/6tpSwacZrO0mpAVudOkRr8rLBEzGzevzm9v6Wp6Zd1v3usP0WdjasPcGSTtgToC/bTTfvt7SAN0md2aer66MM07b+Qy5E/Wne1vP//VLcGS396EuTzD7hRwd+52i+CVMVnmlTFxn4OK/By8YY7Iz/EXBbAdUitgJZhXK2Mk5JAgEUGuSRZJ3tS4xw7Qgn2iD1DbgORUNua6LWOGb5Ave78enACzAhOfodxoyakzjyP6CQ7DZmGsF0gVJWh/KetN7bJkvbhPSMoAgNYOapE0dIsSW/Em1nXtQJ5wWjDAKHj84ytR2FdXYDZf94dxqqyRQcF7FTeTBSmCbinV7pSDuKAPz+sz0QQbg+95Q6LOLOYortuTP2sRKJZJWrqT8w7QvftqswnTQeMQZwoYutTyzQiV1Fmc911b/Ktvdh+qNJXt2VGiFygG//CVMjK6Dh+RVeoMQh1si8iG++Prmt6OonfgJ1jXRaAJJ0VWcq6cPdUcRbPXm8iw89ryLwo0Iw17E8TlkrMr1rI5dO14j3FxdJ5LWj1K96tipCzoEs/V3BWp455a3wRO32RgmXX1r5uT/8ajgHwhqAT4I0HNo7Rjq2DBgoMgMHWUUYTWIoIm5LznuZUyePfn9PWnCkADthLLpekJtuWCji8BjNS8mgX11vuZvZnZNA2tV7PAmwB9JDKz3FDKoJ+XzHtY04DXwScug4ywkpKJTQJAix2i0v1iv5Px2GTBtGxpKYUGe0f1HMFZ36TeuTWRqiVxTmE+k6MIPjdlOIyEKQCaAkg0Fqbkax7SzBIZeBBoVbYvCoky+Cyv5G3pOeWAprSE1Aqdw28lMSKaYEmfrDNRW+XFaNornAo+mIWaXqnvRQyGc9ruCQhtETmFgLWQIW+SD8hsoQDsQ7MsaXiR4y4GGorVAXZMx5bnVGz90mw43eZcyRw+Ho86BwsFnLlOrxbSac+PRUy4RasCgMfh/S83svpiez9VVJY/CmrYte39HQ8jnERoNiVV1nB+fbtkXpMHuwrdSr7rdf+vLcoe/jJZ8VJTcShBTyDtMj5bM63Vuvblp+FVir6GHhq/JksRbiKeNa627ziNuLWIYm0JsuuR6esqC94NsFcuAnqREjcIV5oFVhmldTwefV1rr8dT1ToR6jpwirSCRJ5vdjE/DweaG282LsOyJILs7EpGr8T81h7po2gq2splAJpfxQC0zLaS6GTOTwbxSt5kRe1FnNSjcwJRxyK/DF4SAOgEZXQxQfRmVcXq9nIIi6QWxmlAKF9RiFp879EvSBrsnRebVKWyQg7UA+G8C8tzxqaSqTqUjo8TbwSOInkeoRMNY1hX1gxD7LbIDC6Rrma9AryGNx7l3CMDkJLeFBjmoapZcq+yh5ixLWqULIFCn07YIkHs3Ps/EMwbCfIlAPp4paR72m+2VAgRJiuj5AMLYM+C8UQUdTj3n3iwEGfBPBRxJI9OIRVl9YRZEzxKmDXZlNYTwhj6gfZ3opR8t2kbGU1FccPx0h/7gYDru217v2mEEMuUbAoTp2kR3JLeaQG3nRG/6BjCrZteVDIKAjMavjV6nG8OOyrh9MM4C/NLhg8Vvu5o9XtG40cetlrWh/2mYSEKIG+J4APO+AKrl8SppSe9rYtxHp1oNNOiPr+ct3W13RNYLNRpH6gWdT73hOgSFlxJ7RCPg7K/l8v4cmal6PcPdwxMhEDQydPpPEiIRh/xeCDYtqVbO6e+7ra0EU/90wdCvi/9vuVxHnUx0LM+Dlcmd48jPQXaMz2Tx2YyCw+U3BOcv2Ht7uu1p/skS1yXnuoHdGTosVY+D5bZAAAQAElEQVRlQY/qfB6eT5czYcaHHcGtDNPwO9GaFISK0/Olv2w2bt9y0YCQfh6+uBDoz4Ibl/P55UQb4CyqJRSsl08vP1/6Ec/u89Ox5JlOvivLb+/fUNLw9XL+6ctnwoH2XfXN20fac/c8VMpL5YY5zIfNri2bYWS9Zypf0B9os9DVHV/oXxdavK4lWGccRlYCJeexZURmw6McYzrsds9PT+PlcmUuQ9x0GwJyhp4ePguTN21HD/F8PF5fPk/Xl+AXqhk8HnaF31RVSWD6lmEQ1pghnIfxLLXUJetsBJ2i6iDcrPzI4LT/KVk90t/K8FuxHKGCgcgMCd1ky5o9GzYCD4VZDBn6ND+gqsSav5pbVHAPUl+KkgTIIac8BUj8TNJKKoKNG6ATzlIMj1QonSpwGaDL3ykMnjaghY1gVE4PPJpO7EG/o0NGJoRnbgBnmIPnCQjf1lkvrDTaeFV5TrndG24rZAFHB0Q7qH/6hVsOSsHzhvlmt68UFcXi3C/SdbCwLXUsRHECyAteiqQtGCaB8DQ6q3t7lRRwVu4V0WHlpt1CMhiLY+5W5cO81YjDekPISxVRST7DEpqHRmeQg9Nlvsk/189bb19fvcprhAwEO/0gwzUU8nAW3nrpY1sr04ok+JvUdyWH3HwpGISI2t828Md1395EdN72oAU+8jMuqpKLulz6T5+PX3/82lZd4OIv45ncgYiakMhCo05Je497eUWQituF2NfLG3GdYGYJeBkaTIUuJLricKU4zLeDv6ksTbK4QbZAsOARd+wxq84D1IpyQbIM7NxY/Yk7oKQyTqByPGyKN3e7N1sCRCuqJvLMwOCtKhwhbokAnwFoGdniBXe2sjWXacoSMCi/KRlVKtEV7JKKpmv+5m/+Rs5Y+rf/w38/DVf6FXKm3BEGsdWEWRc8GDwx3jhDQcZbHxsmLYpmMDdBWqI2U8A2S9/gYjtDZ9WgZUD6M6KinjyeNUIiPj9S8IlQ2VIELxpE583iOTLXv/n+2/dvDoR6dhUB0IHV/Lc8NTi4SUrryMl4EqEAKuPsRpequJCJ3pKVdmXDJe0ubvbb89frRBXOcSzb7WZPbuRORKsiTp7kLlBPTBpEqoHi7y4K4eKgwk5A909uSzOGoCGrgZKqeqAbV9UzkI8od15f6a0b34J4ZwC/niyPU4geWSEwy1uLUcKwK55tYe0mvIZBUS5GQVTdnWcQSktgUHQ1aHbsVQUS1lEoqgzmTXTtdYvSQi4Bormcv4KzED3jnnblCQPSnLtFn6X7Iac4q3X+RRbljd2y/iZOV1p/D0F7uklIdClX9Pp1Quj+yEfktC8hDUvrB2j+kd8m+2CXbuyT/S1p4n57wQoBShqZNA9wLrlXxjD9AnBf///qPtK6THrltjde3VVajTzSXZddpc+22MBn+xW/2vns8xT/9m7t25EM1bvVyIu18dKW7rw3YwifrYCyjpFQ2pnm4daG7PXjYTKduZT8WPS5JANyY9Jc19khiVbRMa3+hMEOmiTn5FUjD6/7FULDSc8WDC3hTJ77RLn4iAwLaKw3t2gPk399wdScEorwFUiMybRALFjK2wPlmZuDsD60fNiT5Ge2SlG7AXDuAzjWfm3Nl2YcVpQUPdSbXRFjRr0187bYwEyzikvhbtSr50TeifSSVLPzxmOCGsvHxTLEA8HIh25w5ZblUrenywNlJj2H5FoVAL7DH6iPXpp2WKRU2gOXRYU2hFhGv+fRVjEvCKgYQY7sfEtFeDzG2zo92Z6lBxEraXM54gAQMoDyKEOC8jT0r3OeSy44pCH4ZvZNGeoQqkAZJQ/ELeyJQRfc64Qtn6ytzR6CHpSIJnSnIBhsUhFynz0sNMykBOve+f+/BMefwJeCVqq94uDJCECR8lbS2j5vu6htLSAsq+aKAXY+2O+jlSQbRK+cadkS0h0WwopuZXur74xPV0epFlC2NaOBzFeUGiAwTKFNS7UtiMh+EPRZCQTotcXAB0FVlTlo1tkJe8t5beFPOSfj/avqaXzDM8+PxQAVrsUJfZqVHVmFN6cNEoI69NQxduZwaoUVY40sOpgs16CiInGKXuOu+AqM2GIJp/Pm8B1k39UcZ/ARQK1mZGBPpWJFEFd3qqNx4Et0GIs45wXlTb63ko0e6J1s5cs8gVdTaLOP6t9v3boGBOoFrMEn+3D8FvJBH42oYy5Y4zBnPgdvFm8U8jTFzJ5+TYY1Z4PBSdmr3jjBQgK/pin2u7jdts/HFwxiF9coxs2lMkoXi0e6zo8bYqZKMLBZUTrTPJgWkbCFbQW0pMv1m0kk+WTUiodCRw5eJMdC+gqf5VRcBFxwhxYnvYWcYuIDFLPVXB0pGP2G5nPJgAHdM8IQKwptI7hxj2KwQV8PuWy0AjUqY+JwTTK1Unh2LlrlCP8LEW2ICfP6dFaQ6aXIgeA0Y8pjp5xFhiBWRUPceUi7rjBKO6AhcUVWhUmEHuW1i5nfqOA54ZSzpQJiMrKu9C2ZrRJvA0m5Yj5WS1zU1ZFfZugK/VDCdzLZHab2ewR4FoSBqIX0eFFJsICoSh6jpJPqfpnBZSk0o8nLbEgS/TpSIg9eX9TxRk5FSllTOI48dQ8JdySIWEQDqSyfOHlmvRA1uGiBZOxbTnPNoDpzxMIycmTmw0SQ8ZHBR/49yeyu/VWQerajTMmX4y5GldFuz6XlOI208ixvLWjCeO0HCjsIQ+zqVmw4k1XP0xBiGEa2GNu22nX1ftORBTyP85eX8zSn3aYk6HBTF1R/iTuKXGa6KXr9MI2EQdMSNgRZVwSZx+vQk7HcdV0pk5/penZNt6u5ifqwaa9XhvZHwm2vPQG1dc0UNLZMp/NIWDVTzdp3j/dksQjm6PuBAFDaNVXFCp5NVTiWcK6XuFmW4TzM/exezv3pdHUbv9vSY4oTwSfz+ccPn58vZ7LBhG6yipxE/BPD+1WkFRh6lir2xdu7fdvU4zJTzEcXuGvr+21zf9jT71yv18s4NNvdsLiPzy8/f3lilH3paKUv/URbaYocKdIbbxqeSUgoh9RQ0267a1gYlAd5Pb8cz6czFYq6lol24zDwySmKQZJU2reXa08blNB25q2NA8G7hDcTPP/15Xzqh+0wV288oQNdVXa+3TSHXV1TlMlDDaGbDoPmik9PtC+uQnmoTs/PvL+qsKkbFp/2/svxSAA0xTHjYUto9v31Up6EzEgrfO0JY37/8O7N/QNt/dP16ks3LuPxePzy+QsB4nS9QaBqepa0JF8TdxV3XffGE5JOWHq422/i2F+v559+eJqmuN10XA2R6sI16HQ4ppZcXzZtebffPt7fvXv7hmceilRzVdOGL1g3Cdr5XoQa2DWXcOhCwC0wuluTA8mcBOHLGYeilWlRSAFWzoZQuJzsqs/EhK+ciTIRBtldKeBpEuElKTOJro9pf5rPFw8brKFLDDj32S82qxVwGsSbFbKAn3d+xSlznOHsqjR1v0mZvJgj0SCR611cxiUkkBBcrtCcS/UvIFDodZ5x6Wn3M7gPHeSk3W5O1KsBPbpsVBGCOV2xkNaKqS28obFeul60IWU1yvAtIatKqOKr5Yr6usJoPU5jNgSXwlniMqf3a9QhJlGyD5ExCSbCIRdRYCCk5jxu7cxCLFEoJr3i+qvz1a5nDUjhrQwJ8RY1Omcy4PZ7ya0roqNPtJac184K30YHcu4mttHtp8Vd+RBD0fLyu4y7er+GC5aJ6zqG/FT8K7jFrs7uRQafSkBgD+gVxmLoEJoJuAXnenr58vmH3//8j3//kwtNmSjTnBeEw8z2JVMQp1ndT+TJtFJkXqROywdGrwcSZIvUjiCg5iQugqgaomCVqohQMxe5+KRMvRkVXu0RgK/HxuDobWYAVkrUbiFQnOztpi73XbMn47av3t7X7x4OG86tee5fKZtQUAKOmqtaLI/gzwUGqlhAgXq1HJyK551KHhxnWgHuMuGISwCL+/v73/72tzxd9nT8D//+318vZxkeTde0SPxo2g0WZMPOIP/XH4AoKYglmx7y3NwsFQeKLngcjZMgT9AdvJfiSWJGRD8vZjzMdlfGl2R5rQ3VR2mV1gNCH7Xfb3/zq29//f270/MLGTa6/263pRpn2W0djwIYkshOc5s2T4OXjcZ9WZObenJxZbvzZLqrlp5Dt91Nl5d54MJns9l2+4dms5fkaPIGw0gWE9MNgoCNreCK7EVQpTVmk0YHJ8i35DJZiVa3b7o5R3nj55QAllBiYS09rqmIAXQZJdMjqHkWX4aSdBGuJmkWjEKQTNFHxZ7EAkYvDGbgKkEG/Eo9gNPKUHJNQ4yFMBEQQXphHzBPRaSkYSCY+qHZSD7M+GxO1VMMa4HPJW09zMZA1+W17nPKFiCtOdztC3w2+eu38grjFxVcdRma1Lf268q79Ood3R98rUni+lvmI277idIfe0d9B3fzBG8SUnvHnIJ6nzdF+uX76Iek9OoTNPPUAoCZSveHd+HSq+/fZKj+9ppyLVEFGKCCK79sGLOmC7d719Drm3xQP0ZOhfdW1VapLH2s8RUmvkYD6rC8z248f6KcxBtzEa0/19vzyJtJpGUUdvWm9IKPsC2yeiUOwYpgsZY+bdCNsM+ka1jllcoSmqNarE8iBaOJ5zJzF5/IPSNJ1DBIKtiS2XpD1q0+uy7/L7afRnsymAOsedx5MDuJAChIRCF5HcI8GUbAgwhcXl9zr5mElR+et33pQZORxQwOjbn6OZzuJ2hnVYqxeC2C8yAo/dSuDpRLV2n2m/r09v7Ly+X5zL3ccY1aJdh1oH/aTRioAjZ0Tag9lQo5AeS0lfIgKJwsUvplX1lVDqP8Rh4mrMV7Rcmg1TaLNIgONMQdOXuoel5UWZN/OnI5jaJkN0SeQ0/JXVUsMrdc/VQRPdhiRRaXgmq9UtQElNfuLUjoI/Ti5VrEfAe/RlvWqOycSGa6P6evP0kAOgCCA3HSjmryqPWITiCl/fCgTqya1Jywo2WrAXhFaUUT3TUKENuDhoIEzCOpKFTMYZFqJMVsVxkNtEqWIZoR8HdbNUIZRm4h1ZOA+JLRZgGgA9fkI5DiII32cU2a2LoJVi2KdMB+6eql7yBhHbxqM7O+jAhLssQ6/1ZVlTqaVZSAFuWZAuMrLIAJNuONcc+Se6ZkqTi3KxRwlMWU2nZY8Xjwemx6jXOWsMnKCKbHkqhiawMawZCdsFp2did0uaUDqdEpd4YzwIUzgaT5rdeojqE9SAmg5CVPp+IJVBiQmmTYEQS9nTpn/UKSkhMem7Nh4Tn6iJYlrVko/ON6nUEr+KaXuaLI3q2VB237sP6vjBdkZ2JtVJahWUK7hmMKooqPI6hlvyWArHEY/cEyKDJDRps+lacfMUbHymeykplNpNS0XK9BuICKCOZdW81Eugh4jpZkW3HJywgPLb42WDyicY/XHjTp6PGqleyM8yUki8XW00foToGcJqgLxMG9kT+89SDotClIaoiYTSKKwgAAEABJREFUsnKKNEHnsyuABFRydFKil3qE1+kp4gX4ZDlMG1KmaGDcgv5Em1uiBgQqKicjxdRAgCfyQ1tOOV2i1BGcMZjCTReeiIGIjeCMc5HhjslIH6X0K7ITJVBxnlxMgAyS7PtQMI1I0X5sKO2k9khKEBEycbhE6y4ozPwhTmowvgyKOqhKJdd8hfHFxKVZvgGg3eFZgxqdFD6fWe960edSM2irn+tHvgkQJ6OnT5NmDt4NDKVw1YfLIJMk6xFTyxwGUbp5UdIUwj0jT/HZnmK4Xlnqg9DqCyWNrvGi+0bLVqQxNIRoVg6Tr+dZDBLX1uIyXlMxLF6G3rF+JB4K3yDd4Zmw/vF4rk79mdDQN3f3377ZbBjunE799cvzmUIIhuKoolMsTekJqxQ1uOmx2W5q93Do7roiXk6RHCJh0FM6v1x2RbFr266prv1Iif6FkvXpMsaBVnC33dPT7pfx46l/2GzvCLOsq9n5MYSRkPSFFi49Htq25VGcVPFvWdu6aav2sNvdPxyomPTUv8zTQGtNYOhhszmwuEbn/NAAc4rLT5+f6GXXc08LG8vyPM/n03C9XE6ny9enI9UMWlbDoNBuVDQw8MjIu7Yb62pyy+SKfvb9dD0PZ9rvb/abx+2GgHJWYXLc5NLP088ffn4+D1+enqjqTw7jeeifrj1TABaWHT1smodd+/5h95tvvxHZarZy8XKl9x+n6cvz8+9+/Jke/a/evTvsd/AFcAN0B5v9ptm19LJhHE/nc8l0YibFUxmACgwfns7Hy3U3DPvW7bdVFzbkfQlh8WL0CUN58/6uPTdXZj1znLvrysjk6YIQ3tLpviek4GvfX+bp5XKm/fru7u6792/ePD5UTdNsNoT8E/z9fDx+/PyJYf8dIzb9cdrW9X2337OMnO+3C72UNs/nL5/pATOPu6JN2L8cPzWt3x/u6Eqqqdh05eUy0ms+fDz5ZSDDRNb4G/qgqhjHC/377ds3j9/91f393aajNyjBU3eKz3KDXvKFehrZ58yo4KKp11yd7Qa3h8O3wIghJYvxJh/DG5qsszxtny2nM2emSLIxbiW8KWU6hYvak0onc4zCHIFYBmyORA3gTlag2EhLP6CmiPYTnz/EZrlCrNjDCvFNlUhUVeEXoBdisCQlrwXtrupjgW9nvNFbDdOgXGnujlHDqUXDDMcTZLi3iackFzI1g1tDoIGo3eNSPgwGawEOlgRSAhasMKbCO9W8dlJwxO1hYsfiTTbBmR9IKMO69Uu9agCTWueRgPSdNMtCPKQaZLKmOVzwmSYGeRHpnS20edleolFVXhlURp1GIhmzSVZ9dEq6dM5C0ZRu0d2QG/8VZXYaxoYV/uHv4qeZfBEs0nWa+Abj+uQpDes6+bXZKWTcWGNFw0NWckC+OCVMa9KPYBWMdYnEfcp4SCYUKAcpH4HXGbtwuGaNKef++ev48ul6/PLzpy//8fNEZS2WVoLaGGDCRWWUAa/cIkzW+YRuRAjiOUVC7MIdavw4IFIzWTj3kOZ0cZ0Sl3GldMZcQw3EXLCxjbQnuRhZ0p6Om9I/bOs3u+Zh2x423cNuR5ana0v6hxu50GhIJ05q2E64rVzwtObGkq291jk85FW9SF4LNu0lgR96HrTAqtVA1Snlnob9/vBv/pv/A73l08vp7/7ufyMH1slQZUrEuVxNX5Ew24nDeIg1FNpzQD/hwEORbrqoSeD1QLVVinGYPhBFCMMpaKYZuMawHmNd8KytKWIlfCbFnxfjEyBULOwIwmT4zX73/ttvt93uy9fPBF3cvXvT3T2Gds9Emnpw8ZymaxzOfh49K9dKyCu1hDm9FPNUbXdl3RVUK94ehus5FddU1dvDm257V9SNFNQxUy2quAUK6rpnMPikRJODTJ4vPEbLepMQ1JPKlleC3BtLYjRdVWhNGTtckUpDyjSfdd7f4BU+Z1/2d0WQQBPxBvBAAlr0UrRdMOqkN3qZ8PyC8KCk/5Wwm0AgjJNp8F6sE1R0lwhmoYgoJqElCcUBAoXB69BOmf8J5NwylaTKdUGGkgcboJvtqfcug5uWbydnHON80N0NOmyGPqX0h/iNvaW7VaAwg/HHv2BLvX/1KbfvnRF/e6dXBuj20Zlbj7/8AJeTqJtLvYEfVaLCUgMzzjc47y/ezf6sL0p/dDH+k1+2tfQX17VNzqDn/A2F4I2wjyvI1WgBN7ySeMW65fwmaQFXrWjIaGOUpiM57+YN1sxdzHxYn35SnMXdBEgadaScgsPTwS/HBddvjhCimwFHGVUZn2vl3nBzLrJCX0IhJo9KC8voTazvNo5Oev4YfSYMNGRsRBp9pH7Od7sAqOSOrahcID0JLscPft1r6o4V7FVSlcQuroCMjkT8FAVDBUsyuFG5hFbOMeIzmGVKyENOnfQeEWsJl81rxqf79qYGgKBeDi20qeCyEwqRLIMrY4qcyiWzwnMEYyhSFjUXInBJ4XuXwvvd5pv7/dPLhbK/0VjoiHKdnBCH4WTGmBzcQMldTbWysmgaMr4Us7PyiXBlWJeSGV2y+DxrfGJh265pCa8W8QMuiE0ixGfi76iGLa+PttgqcZklp4i0PzFThHPbRe6SsqEzpd50o9MExKwM0M9iX0XL1xbRxADoB1GMGtxa5AY9y99t2RF/Kt6D+DJGDfvBHHN/Tl9/mgxo1X1F/JK9TqGCgswFSACb0eEJMM87nz2d/DK6OS2AN6E5dG64G6RZQnr9Ix/ToB2U0eSQ5CC6lDFEOe8Fl034V6j25cyml4KAA2SiRNpDU0Ca60W63gvAxMcKocjMzD6ZliVGJcgHYSaL9OxqDM9lKO639oKphYjpcCgDQdNdvhDlFvoDXAtQ8gRtMvyMzq4Uc2RyEUyDE0Z1MOBS19DSHrOStpZa/Wc/VASL0UEMNS4qgFY1bgwhsS4oG4vZWW+v0jtzPnrjlnzKnNkAPTM4w6iPSlOadGNsrVJoSb4L5pMs6ku3iR7WyFRc1I1m6UbbG04vCeZeUnTcX4CVBvBmr0rq5fXv+Jcg5kqnMC9ktw0tY8qy77htvzhfpcYiTlo4c4m5JUWBzk3m5RUyj1BNayG5If9lUTfO/lAGLiabU80rtoh0Ez/vhRlAZKYx/lV9JNZeOdWrj8qPW+9F3Z+iz7rwSQc/RitLe6l8eONr53KlUzYwG3/m7erYKn5bUN4ES4E6cgSCKiPF5mTahBLAswgg1ZoTcHCZ84WAzNlwihTU97DjEe4/gjxEHM7EvrFhgjLclYith8heKem0tsVzXUQq4BIFxbAUZUR470wEQ4QCi5psgGFMEgkppiHaiQpre0ARaPxySRus6PwACpBtlIqFhyTicXMildDrmQJaPhS0MUQ6ypgDFWtFbBICps242FY8TQanjd/L9FkBcyer6SbIVYt1ZLzYwjLDhQBpSKmc3b9QYqRfnyFDEQBGHkTWZWTaY82FaYY7ExjhDDhP28swj2wFeBuM4yRLwc0iy9IM0p5MoDRFAhYksfyIVBGLeQnDkgjkpQugwON0PNFmZtnoKyXC9LinTVO9udsRdHjYblm3ehn7K08fJMvb+m5Td5SmfzpefvrEkhR9P3RtcX//vmGq2cvvPn28xnmz6Ta7HW3RaeLZJPRcP55ePn952jXdfrsllJmnZjq32zasR0arSsa/LHd3W/qIqmR1YzqlT5+/Hi/nL89P5364O9y1TUtvS0HW85lA74sMoAsUT536kfbmm8c9vZM8P2bTUwHA19XDmwfH8plBZlzEuql5BBAtJjOOly2hBd2uYfIG1xG7uiEkYmHI+PjV+2EcDrs9Pcae47h0HifauXfbQ2LJ0flMizXRwwn3+/1vvnn7V9+9/dXbO3IsVxl5yLTocYhX3oH0LEJd0+H8ejmfhwvtFEJ/g0RuewJIyoJ5hMsyzBPTl/vpeKEVJXA5DvTn60CfvqlDV/JxOI7L8Xj+ga0bAMqlLoun63i60pLP+83mN988hu/fi6yuu15OFPhXZfVw9zDM889fPu+q8vHx8S/fvf/Nd+8f39zVXUMRJT2JKlR0CacL1R7c9cr60WMcn398Ini4Cn4Zh23dPdztJRlJv//wM9nBsikZg2ai+RnRdt+P7FVrfrIhXQm63W67t3f7t/Tx93sqO1DEu6HiwXZbMg9XmygckjPGGlVES/tgFdpi6RpreRXZDeQC4nck2wkKGAbjsUoYW7DwtcB9CoSJgXVWKNQSt5Av6JXB+iGc1oOdzNuJMWZXxG9eBG+2GzZQBQOllca8CaIiqT4Cm2Y6vPPgaYvFFhxi1guEs9NAH9GWJehehPjBQZLmHalbrHn+GkO4LH+p4KcmTOTkWK5XFg0zNJyGfWKI5qS5osptabVYowXJC3yGFLUO7dLq0BwcTYY78Csy/1dzQ+eNsWQXaiVoeZxJ5Yc1AUeLZeJYz09LmHNo4pyO98FLCzn47NpYZQiYFdRiJViEAJz55XTjgs0pewUt9O1Xz5xShqDXcr596Wqpk4QkC5yOgGf6CfYfuegVpHB5HW9gGuyi/AEu4wayUEVx+zeXX+PMgWSkQ/cDtrGelZXHnR+OVgisUm7Bmp4ayAsDtR9HOvTXNsTv7zeX79726UQlw+Xa0/ZhqagFOykBlFC1TEw1c4g+cM8C7gtHVLqxhOMsE/lA2JdvMZ6bgghNKfCF2JQBPY7ByTnIogemMDtyDG3JKC25jaYo27KoK6rD+rZMd5v6bkfOpd12dctixML9ijPOg2MfhB5fLnFXbPWYWIId55K2TEE+TJF/IOQcAEx+Gj255bGnLVc0PEJDYNFikoElf/Pbf/V//vp/bbvuf/1f/qfL5SiKogZ1RYo82YWDYQNpnkVknfPJBV0OewqWifVPWUSfmy9kyJ0O/U5a+fEKODudA59eRfIIZpzq+eAYGtxTcoQQxnH4+OHTjz/8+Jtv3t0f7s/nU1XzmXp+6euy4+YictCpS82YmusyXbjJh8f2jhw3+lR6ilGGeOHWt6bcVtWu272t2mlz9+7uzbfNZues+TDeEiU4W1OavANKKKFt0jlmyUFgKxs/pUA6aUJL2TDp9lYk1TuLuZX6YaCQ6WIny73cCo7Zl8B8N1CiSZs4RZQAWklpQKFwxFFesDJ2wWGFPR0Yr/AAwjmc4yT5VtQP8DL3UK24PHk71M6yY82x+D+LYYB2+C0ZvEnW1tQyn3anmJdCcdkvSOKe0h9Csuvv2Xs6M5E5H3M3uVxeuls7lr9pFteIOCndgMHJiBw++zk1TvlJprSeDDPb+eZuUPGby84uMz/aP3aP+UrTihp7ZDu/eEW+hZRyapwSdMCtEJRVS5LdrHu9JV99pIImWhHJhRFceTCa1mqTkawLwoG/OPVAZq+jbLykMk18ZajQJZ39J3RXIybhF6y/PUccTvNcze6x9NCjgB/UOAJAON/YYjGSbUr3imKmiaxAqhQ/jf0gBTjOhARcUaat+SiEJdAWE6h6oJwAABAASURBVIWKNS9G5efWv3nbFcic+CrWaq0tu1eAC0ETj0FFKi297eqMQ1CSpPQyJ83JkPfpA4hIetV2Bq3rSiwo0ljqLu3J286X/4ruZVIl97xWCZkyy2GGSnrrkyqdWsBKYG6cxCqQcxi6qnl7d/h83z9RbjNf13gK7ytGVVzvAmo3pU6Re2qHdCEHO/FEePp/XTV1fb1eCx5lLwOouGePnkLtRFdA0o4F4H5dVfVmE4QfxvOAXQWKKnkgPAApEVC2UEvFV8oNDnwtZxQxuO7A+d4sie7CEvk8TErmkUmpJeU+v4K5EaoP4AVaWWB6bRChvCa3j3spAqKNm/sTo0sx/nlpcPxpAtDZJqtMGA4OJUIU43MiTVuwlCJ/cCn3EpqrRzNactnaWscUcCI9YGZ9k/VwqMcIt5dh4KvlI+pMmUuUlAEatfIMRLwqC80BmA2WVHBAGBVR4gYJQqKON4QxRS+qxGdlWFORlLVBhOsJLlDQBFgFF4ON74P99pYiB0sSRJo/qlcEZM0pbEQsFVAKh0oPzw2dZSnt/NgKQBH/JuVQVDdAvN0WM0jygeVNS1RnmCDpz/NaFga+8zQGfcDO3eSuOU3hLmM4Thk37pYC5sSZoo7TGzJnrK0q9ohUtM6JMkB2Yl6LpkFJ5kzyjKtne3VF/rZhLnt1F2x3YsPgbg1Zdrd5V+768eqB8Fg0XZQ3xuAQZlxueNhVceJpLmjmc3lX4pFooWX15gyrpEJsu3Z4Y2+UeFaKJHsFdOVCloSJOku+GAsNsf4Ozx3m2bv1pjBLCaH3DfTgnZHjb/eG/Rb+atx7wWDhZqEgJqOREHUq1MmDrEQhQkVDZu5kheAlagAe6pqEXsrhCsJk8y4DAU6ZZagOKAubT523Q2HmwDIg+YFGJQmsrmJ9TNyHFG0mAWbE8wvh1NGN6WwEKA6pVx1VdH6pFKDGrT6rY+LY4vtLtOAdStwwTQ6bQ9y1d+BiY+CNEgU10CSLwSTShYf9JuOpSYRAm6VcCik4O8nfihBsbqNTacMoXVcRAxA109RgiLy2iQZgP0YNYHjQMpXNEmcqEMqMos4vcYEsT5AJhxVuWrjSImiG2R2RyszSIhuTCD5XDp3sHGlVPcbYLUHIN06TUKnDeREJoSCjT3WU6KF08+iWHWWgXbtlOYV0v9+8Oezu91uCIAfW+mRZNG7zoHx+Eb3NZSLQ83y9jFNP1/j15UsZIgHEBL5eLj0zr2pXLAVttPPpmli6hJL3OFyulyvnsm/uDm8Pe54IxVrPrKhJtyxVRbbNtAgEd1/7/nQmPHa49oNcP3mKchgXQniP52M/jtIdI633JQ88amsWdqDFJ8SWfoPKkpdi5mI+F19m+iZhtW0bCPvmtd9v+BOrst22NXfGcXFlTjWhx9dxpme87dq7+64KrPnA4eHCk6CjTGehqLogLJW1MxuOFB/u3j0+vL3fVLU/nU8vdN0Tr8/lOhi30hPsuqEaEuG1I0WJ4+Y6lZB8Yv/BlPXEV8kcBH4uUzwPhL+NZPlpq9EFU9S3+PL5dD0P09PLOQqMSKEqwTH0pF76ma8ZqpVI+7nBjjfLLIoel+vpsN09btpLcBtC4n3q++vpVGyDI1y4WFxHIPXhjkLV2hctE5OrITaXl+vL8Uxv29UUjM60MEVFFYB2f9ifz+fjhTvFn87Dy9fLdrPZbXebLRcdNqXfFO4tbaOi3G+2d7v94bAnHJ8wIZ5cFQSc0dxL5NrhA6OBTootSydB0BE0XqVpwTNTz5CUvpQgipn7j2Gfnbe+CQ1cskZqdkbqb8U+oGbmIGOFd2ehB2C/2RKr+8EoWicyegv6RZzO3dXP9BitIx8ngYG4Sy8So+JG+SPAO4YHiBoe6bSL5HJMFWUesMEDPpkDckhHVYNMuVHgF4PKJPhzwYdZauOKqbrV4wMK9sZKVnlC516Dm9Z1qXzctLpkQI18T1ggvByg7aoW7bOAVfb+Fjm69CpVB89In4ODHKqBvobSWjrnbqAWlxtEMwySg5CUs3pUNlwOSvJv3/5Xd5HGCXJLarrTzdu/fg/n10An5cvxfv1zWm/R25bN/h1LmbAJ9DWqqrkiGRneMGqxv/mh/sGv6LlzmS6qj1p3cVQKNoKEdKOWK4dIPAvkoforF9jmeVMVv7rvphjuNyXzsci8DzxtVxRuuPGWy5xRlG2jdcq5/GA94BZvqbOUfLTB0aE7U7QvZC4RH4ZCJBdkyihHZYWoYwT5ZiXak21wlAA3FWPQohafGIkmA1l6FoaifxpKvFn4XglTLma4ANVv7qkgcLoqICYii5EqnnpaguzHa4NWAllvKRMLu3WZqRhIFrqK1gWuNI603W7/9X/1bxamjfj/9X/+Wwq9pL2FzyJBybOE7qKlFsBqdegMQ5eVETesGIOitSkBsbg2d5HPehzQOpOs/TiHilnjHtYBa61Pmf4pZD8Jl0Y43cFT4fCH3//w+7dv9//loWtastcU0X76+aOfBirlUu1QutF8qjtf1ktNueLox3Oazy4Non8yLwN7oaLjbKrZHJpQ7KgIvTl49paz3AYtXakRJS9m4r8WBc/SWLTY4XI6qIVFy3pS+gXsabdqeQmeQd773ryCnbcVP/Srfh0Or/f5FHsDkjQKTJYkI5J0BmblrEVtKJQ6WNhvUjwOlyeoCP+fyeIpQSZqiS5juSoMIiHxsjiL9tUluvXKnM8IuNMmP6/Zt+Hs6ZV9SKtZS+vZV+kSdL2vtsi71YbcvFOCssEtWfyPfd3+1N8g4PZvCMO8fkjOZeQz58PZMv2xL7/qDFh9YX0bZzjuzQ3f3hk+xSjO+R1dRgz1A5zlnr+w6r+8rpyR2ar5m4/FxaUMkOqvrMu6Xpa7dX96TRnBhn9QyXeAu3AQ4eaBJfXDLrk1M8wzPuUFcc14bUurP1pPEHBDhArypoD39NJsS0iu5TQvc8iGNM1Hy46KQsDrQ2qGR2jzIBfOQMUPSd4B7UD1YxJGBaRXAVpna1jitEtc07c1FbajiTxXPLreij4OVENzt1nKnG9oX2IpeZI5T9TFhPp8+M3r50clgpkwWy5vD/uT1d1dbibQuEw5VwWPAjIKkoCtAHGh5AhS23qekySvicdgMwLgKJeb77eUWew/Hs+nYYzAcxGfgARd+KzRKtcaROKEyrl+kggwDRHELIoAKx4RLAq3Agoj3UZbt+hGl/iDBjgeMSvrB7BSQZVu7Bs67dIo3JdochjB5DY8TxoMdRnU7AgzGvNyE4MMDPXZ7uKXl8UiPFFdvaiVSCv06eFQm+mDRvFeYMBkduDP5+tPFIBO2teWPYScFPJ90xJ5jlY9FyqZ4Jw5BO9u/JM3jyfvdvM/Zz5aJRvEImBvwcpmyExb9NTG2vYKTrv00IYSDZKWoxoqmW3kdHpxQEWX53aFwgKLpIV200vwOjeZ/8aYQsm5n1l8QGe+KCyrxTUYgurXOr3HLQC8xg0oGo0I0mXdZ5wH5U3k85By2wLMjFaINAA2xUq1rrqC3mmnBd6T27p0eZW1pX81ryW5ax426uAYLBfyyJiSmS35XBEvm+VnRWFlKwzcAABv/s2/9r1YN2l215VBfujAO9JftEBYwqPkvXla9fD5vXCvOgsMtjy7pKRG+Sbvsi9Zqegtws7rrM6WsXUvjdfzlsdibcrqSiiQTMJFrycXOsHJdbp3nBRFTdoxPw+7zqCVg2TuhlMEoA2OA3ABi1j5JBb6UKUAo9w3l2NH99pKIhp32e3lSMcCjGDNttgGFolDXjRKT6aP2mItG8bPuatRFb0EFJ0E11RzHzGMSmU/eSIcipLOQUEHeZoedIAagptYGxEeKwIiSIp6t2blq4uy+0gydxjlYvBEJB2SzbNgppc6dq8nRD4DhRxMoUDffdJNnbweTYV4xE8p5ILuLecX1a1hwkoqvPX7quwJwqYkPERpuOLWXiEfaf80KNy8M4oI9EHtyg36EkrMrRKARYEhtBAHSHlEgP6Q+cFW9cKWUiNJ7yx7RgYUa4e4BGNl0tFMlNkxTUiWETTzBY9biwtRRae5bNewhDTl/z1VW5LWaJI0MPQTD4OyuxZNkYI7P5gDJe20tIqDoNnkCChQvE7zuNSjaEqUIe033bZrqIpOkdRYuMb7hkBi+rxl3NWxcjycuSvd2125rTpR6Zwvp+f+cmZtee6vIfSZKpwzLeDxeGRCNyHLs+NP5FmMS124tghNIYFToniV4VpWkOwnwhL663C99ue+P/ZXWqZKhjhf+p6XQTrKhnGk7BgqmUVTdU1F6ADrekTm9bdUuVwqxpcle6RjOjA5l3fROM8Nv2F4PDCRmXxJ3VT0ClhBJl6eln6Od131sO3uH+4phkakT3BMcWLkl3LJPhLUXh8IAglpW1dv7++6jlARAr7703A9Dv3x2p+u/cvpCpmyqqh22y0Lh9IFjHG4LunTc1sz/J7SRSpeC8agUiFh4G5FrieUidGHXUeL1ND7UxlguDAVWzZBmGVutau5QUMqZuwu203Xc0mA4OjYy0REKZekl9PL3WZzv90wlOwY3//45cuHpy8ECn/z+E1HiDMtAuPSFD6mTVkSlhwqfyGQv7/Swoaqow36dHxZpAiTloEe9NhPRz5j475r3tzfbwv/5v3jZtPS8n9zv1m+f2w7woJaVvZmeKhxcp0SsY4J25F2yhLlFEWEKKFQpFZi4kLZOWotUTSKllGrZ3I2HdxbQ7rmIjk3sAgk+xPnNTVh8qXBck66jqTaKiZCC0weFcHsCPELadV01tnxQel5quchdoc/uuDBfzkwULvKRQeVyPVKvsbMX48uz+RuNBq4+zsoPg2jh9uQnhhzW8JOgfPUEcp4lcwWT4qb+JQHMyBECm6NQ7KGc9J8VD9eU70VoHDqrC0yQu3cuGk+O25nKBFcfgYf7EuhD40jgwpsyTx6hQRSvj+9YaTCdjUaknnwCb19vlWl11DM5du5zeF/AQ3g8eS/eMupcwb6KvC4/TW/IgsIDfS3zSfqg897z9l3cU/O5fVN67utV5LT8Px3f3sVBn0kjbwVulKES39BDwJgziSSTfoWRtOCiB5iCm6cmcae6fFVu9kdKue6bfxVf6GK4+U8HS/DhaeUcuwzzKlnockktS4dF5EQG9p2iaJSZbhG1MhATiGZfyEiCwzC3AMBmkNA4T9Ih6IAwyxcQSEBv1gkrehXhOBMr1zIjrYtN7aQlWF9/QrE2QTLIFQt6SeT6g73fBFuXYt8Cw8qLEGApW87kRHHjBbYA4fImOFg8oPcJMemeZprxg25aQxybU7Yze/ev/s3/81/XfGFlP/4D3///PXrPA5gFy7sXyLmXS3a9B5NTUMZLU6RCBhCBe0ZPggV0id6Od1f4IEBbNsvTC5ctDHd2e7RXQXaSzDl+0y2U+I5eYWmrc/Hl0+fvvz9P/3Hb7//rixYoYce1XDqP42XMh3LtKMVZbpeWadAiH4bCvICNaWvKSmwAAAQAElEQVSLy3SOy5DCheXexvNU1KloKbao291m/0BrBeYcwCsZjcsRCet1p9mBXYDWVmRZyRIzFUm8MTQ3KKD3Kw71KlJ3K/yUbz9bIjtW4RasSBmaVEMRLQ6XUDPomfLqdMAw1RNt0bgeZ8wWy8362UrLSVrwDfnjgmm0UjlI1s8fOEQpRJF/FVOw204abTuhOCFFzaZDAWU7+5pSudtEIw9KSDdGYw3Ub5Msd4vSpv8EBp1uqgGvfmBvo+4gra8QgxkAH6RXOYIuVX7A3v0nvrz3f5hC6fWsNjNZd8p6JbCB/hfXatmKGvdbr5bfTQ2o/YazYiE6bWy/maW1U2eH1t+u0voaCxy8bROf95+wYGQvKfqQoMLhcuOyz4vqLeGAg/S/XCt9xl5PP4aVom/J289l68l+0cpfjOkX66opsWEO+n+skupC++zRdMU9UFSmZZGRpDCXKU9RaX0FZv0VWCcRQ+LvYq3UXmPsjbKQGd505ss0DQOhC27O5ERitgt5zQ2Azli7/Dd6A0qS8JOYPGa4Ck6s9/lOfN4bduCd2R7BXV1alzvT86EBFiB1660FKToVBoOKbeF1pmPyKS8ts0GdTBDCxQS3FPG6r9t395sv57un42U+8/QdCfSKhFZZXZVsHuXpRFAUqQSw0AMgR1uT/6hYaYrvWrzsLIR0Tjl8wAA45Zihud6QK1wMgDiNqGTjUTqgfcGLcSEc85251itBbCVCHbhXbnJly69Dk6KVSTNvOUFoWuT+k+4yf1OIt9QbSaw24WmLt/vz+/qTBKAtudP/A56iTTNTqj4z2Z47xyuJU4yHDOjFfhe8SBPkitmTr0fUS6sa4KgkNQyv4z69xsIJOGNYz4zBO75wmnZB2S+IjqkqszFN23Z/VOH6EGqOBYEas56h0qJFW8EMDoSK+G1g8pxX+AbJmtNpovRZXsA0zv6iijnCXosAgtFxkzONJO3DUVIzsjPRE/Cq1mtegNlelgx5xJ6GO2tgI1ag0OkH/EYzGkakRTcIXCFsb6Eqiwx2wPMUiTiuuy8y70SEwxyUdZIG+XgykHTgOy4hAmusGBz0HEYp6KmPH9i7vhL5lwLswpNC/U3snyBy4dZMuGxE8++rjbftKLm9uebksilHDJqjOPVrqNTZlkmIrWVDLZrTGq8/CqrGRbbDdnu333/8cuovE1nDRU2nCNjxyElVIxK2O2QWGEoOcMu2FEKfB/6QlAkj97loDyW87cwtkvPM/Zxcgla8GLizF8+aEtKyGw6F1A5dkUOxteyBOwoBwwyiuDtdKcxGAOItIDj6hhYRXwmLyRm/+oJsNHSaHfpRk7g3ZyUYdT9Z3TLJnC3hZTjBgEXwSQ6IzCRmOEumQxVAhqKoOYuGhOR4AcxBn2NYfl4ZGbdtAQkWKSZB9gbXIUfY4Gh/0wrm/S/Sd6fjIRNm7EQ8TUzJ4T0f5Dvc9+q0D9FDEps7gEMyGBdiDWmxJyMCA6weULH14DRNQicn0hVLVNET+FD9BQiYQvEXqn9sDiQQwdV6pMCTuGsvIpvTApCa7e6iqaWHvElCX5i0qUaEqcyATtACoGvjYjZLTFL8NFJ+y1NuWETFNw30NwIazSaOQJhYzezdpFgKPcemITDBlSkSbkkfuODkECJI4OYkIR/X0GdI0NJtVVVqatRRymmpL9eRTgxdAn1odN1322aZd5SR9yMPITyPC2XF/Th2oSSEIszXZQqEHPfj6TqMdVFtQuMrt9k0j/fdw7Ze5uvLKJNOfHo6PX3++kwXzRrEXUsPl972PIwnlhJzm7aiXdkfT4R80KU1hJBud03d0TtcCG+9XE4iZj5VxTCQbQybtuun8el4JJyEcIJp5B1db7tx6l+OJ4K77zfbx8edDD7kXf67n38iaBcng0kbLhCMcNdR5k1Ox+/3+6Kuf/pAmO0Xx6WRhoU+nGet5MCYMZ2feeC+coJbd9v9tV/6y8vPn54+Ph0JRqfnRqgIrTzh5vKBhMzPLs53+wMBs7QyX75+JSe4320fDgdCWPp+nIYLvWjbFA2z+Vr6FcJjKNenP9097HfdhnD945leNxEGfrdv/ddnep+ube/u7k7Hy9eXy3kYrsPQ1M23797eH7bLQPD+sNtu2u2OdjEt8vPx+T/+8MPPnz5+c/fmzf7QdvRo2Fd+e//wuNkRTu27w/PXl6VvllQTlEyX+tNPP3/8+UN/PnmZ1skkfbdsGjIUh853+zq+3TVlS7awLYodoQ0FvQmouex9wiKKsdx8TaEv+3gyxLUMceD5o3RyuVxMeAeiDZbVUux50YmeXErgw2DyOwL1QrVKAYyEhgo0IKRw44R8ThkloYTt1N5DLec46GsKK0e0h5IMj+EhUyidg62Dsi4GrMakwxUcuNPyPizQFRDYQ7fC5IhY6T1hMoQzqBrl97VapQFV0ltGqA09ZrsxmS0sOnyF1uuAwuPmnVGCwAaKUlqUQUC8PpFHpqNrX/pGnPWTRlNncgq8yL8cpqkmEYvm9DFoBo0XwgezpwhGSPIKvArZFfY8xYxgZwhUEEpnXlyIU4Wko2xyuT9UynUpY+KqPeBQHnDaKgORNIH/nFsxVkWYkfWssYeaY2vKy815GTPwSgkzvVifyYOi35owjIFfFfLo5vUtEvLYPM5BAom8/0A/DbomXqlVK37gbRv7HAnYdanP1BY0y1iT5cb6+T4XBBRpMN0BWwLDtaHRoW+hWatm/Zj0J8wwbnbptgf39leJLNbl+Ga4XnqqrF3imMjynC4XNig9FQKpYEYejd3pzKXMPF3QRhBHtBN66JImCKUx9JwoQG5qwj3rrqaSIa7RgBhhowSk8uQPZRKMKsgBx5Fkgc4A2cemKbq6aHjUL9nvhfHtgmqdJRd6ucSECFMkxHjQbcntcTVQ0VRkfij7OO7OILuE5yxymCz2gsggFRWfMh6qylEYfZ+7gNMkYUchiGv89ttvH9+8/dVv/vL/8X//v/3tv/0fPv38o0cDjTwbsjgVDyUJeG7Lsmh0DHVO1gdROgj3tiQtDPBsmqKkS95tm7v9Q9dt6EfH8/njl6fPz2d6CtIu7ZPPABrwTAl9It8dYesMsxeMWoiWIIdwTdPMU3vpp9//+PGHHz98+/7QtjsqE9b75uvn373UU1P0DYH9qUxFQwXIqt42zb5stmWzmaa7fjiF+YWqtQSuL/1xqZey4YG9FRUaxRZa+cWxqr4r2UUuFiX6kH8IoYg16jMQCMLhehDXcpy/QS+1LJXDZhwIbyChRV8r2ppe43UpZUA5KuwmD9zMCD8IDbBZqy3ImA6ZDYBeV1yGnNeF0J5lEhM/A2jOljwqJ0SaacTnDPNcsrQ4IfsVK/hxqdW/Ji+ZgTKhIKRJfsUxby2dM4Q5rcYo2HLZL2RQKb1GgfNbvfp+ymbEpVcrZpfoXnkrfJI1cKwJnV23vU4ieWFQYqDCjV1Wx+xuLjWt2G6+Sfl+MLOo7UmWw6b8Iu9vjHN6/Q4AlPVtk1rtJO3f6sDy2yhBSqHJvGjwfetqKOJg2ytvyOSycjF/NzlXmABJUBSO6xEzawT5EsE7w3aFZAEsNO5y/61sT6yLdmVoycFpwq8LqdKBEA9NAv5lOCBfCW4NjyxGrYjB/2jemBTJcAJxKLUVFKglGqmZ20cK7q+SUIeTVkafh569QmTGiYzzQb9F4bzJRkPvUcI/dJKpzxQyXYCsaIJcvIzXkt2cJNPUJ2vHM2ERlaYUZXSWbhyYWI/UFXrTdBGJYd55oFxlWhYt/OWyinVC6Mg0TI6yuaHqQYTHOU9InT3qSAoQycItCzw0sJEAV8YKVMx0kb4TFtJkCtlCJkWmDknORcvK070RyDGUu5Bp3db+m23dv7379PUkXUcLY19VJSOTGHvg6y4Zo8JmoEcuP2BMT+Z82LpJ+stGjDdXESu4+Di5MIjgtYgizSIgKc5IwDfcvW3kXIqIN8vlo0lyC9IAFlsiOzgNCyVQbVM1BaTSZOmtEdrJDEMYZQ1xJEng8RNJG8qdmfGEnj9nWEDUhFoHNrs/r68/UQZ0kDHmyWdpf2m7TEL+lMhJSJUFwGPYspDduDX+q5RzQse5y7CVvF9KKneniKtzzsRt8HePwF3piwmayQhKncFgVgwHniNtZwG5kiBhrQwGQXoUdASH6MIUKqEhaFdS6R51X147ajm9KUCYEZvg5L0038QtoOZstoUCxNdc1KDMZZm6hvFionsAyJK9h9CDcXgsSYiWlPFVy9A+XjSJybUsJNU/a8uA7pDnaAfcUc1YAEHKm0pnrzYoJ7AgTW1tZn7u4gS5QsuHjIYPufrtkvJtPCSKvFeFBfWvYjs1WnY3gZ0EUoteecqyOzAfUmmMShDVxx1TykRjLVYqP1OzMmTwlmn5iFAPQ/NAJVZUwScjm8PJoMwQNTkvnIWcQquo6d0qlzZ18f7d44cvx5eXi2xCqT6y1kEErOCxgKpBwZc4TTPvCWHceK+XSMZwVgDVY9H5CgoVtUB06cxzW5026JR147haluhzEMO8fHS74DvyXSnuOUElZ7+4TFcQhrUBuClOE3uKmEyySrpgAk63Pg8hEiJP476YYP0ASekaDswxHTHuoXIIHVV5sgWji5yGUbYmSq2gYTCIFjL7WKr22lzIOJScVrnRIGiCpp08SY3DoCWi/xQrRIFJmdckCpubdi1AEmlQCCI+jUK7Hd6wpuOyuwPUoSRSAjEaG4UcLOtdCaIBRSBdPLhYKYyjp2AWHUaeO+91r/GVOVHCiSAlCB9KdjHoPItNrPK21hFkZ/rdNgD/loGHVHwWeQF+XFJwZvqPtN6Cue4xv5Sl7A07QXnFNEdcUKTHi0QiJaFoExA140IMQbEIEMxdyLT1CduVWl4hrLCIVi4IgqPBTQyRiBpFEZQsOPCbJuxePjVRVH3ESg9MnubPqtk8RZT76J3GrhPknrEf2g884qIvR/pXtQxN2c9TP9D/CkZQW8pFq03d0GJs7g4T71lmPpehur+/Oxz2tK4fn55OzHrmd3u+XKZlYOL2fO2/noUa7MaRvrf4yp+m4cii/O2mbR1PVKTVq6Y5Uvp9ufT0BnOIVSGJrtRLPn34fO4HWvwiEkp/olMYmOAWCJVdqtDQK3bFpuM65jRdjy8Ems/P/UjJI7mSr0/PDHMO7dyfKXXf7naHKfKYvmEuy3Yap9P5+HzpCfmIbsck8art6Yr6xY+Lv1xP54sgw7Gp223HVHxagUIGFWwqChZLWoSBar8+PJ+vVT/TQevaA4OJhClTwayYq6p+99gQyL1vN1b9EVIu4xe0oeevTx/p4dC1Hbp611YPu822qo7nyxjpQ7vZhcs4n6/MQAlu/PrlczlP3715R0v56esTBd+lK94/viFY6WF3RzjSSFulYCNwvhBsTQvak2mmtajuum3Dwt49gdfX0+//8ePx+ZlS7Xe75m5z2G7qtqUQs9x07cP9w909vdlDQ4hVxR3WTUa+awAAEABJREFUiRvrOVOMQCD56UvIv6gGq3h+4boy7DURRF9UBIAzTp3A5BVXbhq7qh8lHBppiDeEz7AJZb2km2KS5eUJpAn5s9hLzSrRVSDmTaJcHgkQkCgqz0KtOHs+8f1rVGPxMScKCUVzVGSl2VuKVGKLxH9J+6HYfVqaWERcCOTxoZ1RqIODNBBbpxlt3Yxa0NcENJM1TXgbZ6VaBSw9aropeYManY5RDeCf4fCjdL8m3XnigEUGGdNMGc2QYC0ieHMWEiZNp+XHKrjhtecHIeL6Fzgee1dzC6gSSpeM0sbtH/Fd2hWMd8YviaJA7nEWZo1FeQhGlXgO6DkprzRjGC6XsLXY4FRiyeM3C0O6nCmZQIpNgRmpa6eg1FifbOa2OfcV7uAgIT+anB8l56yaghg5R80eA4KzP7nFL+yBwnSD7LryPwyjBlqqUyr096GpfiuPqEEo/7/wKUsKyCpp05ReqTwVKrJJO8Uy3bGKE1c+q4ZZsvU0Xn1bNLtif23GfpqEh6si6DGhjYNV3rQ3Vz64KAHQO+QWpasqjuYboSoHBVjsvkz5IGahKg0KgV/wsakY/eWQu+KmHnIpnN2zhqaiANKnlpYQRYKiELyjqlgVkwBvIVkHsIJl8ICqUkIDhC6IUnrpLQZBbimk5ZnhW886mVx7m8GKHeaxlLF+UiwmiKHirR/K73/9F/+X//a/3W83//3/+//1T//w9xyHMxmFO9LI/EpyRVceJh73oGeOHEYJhiCCKJQ05HTJOvKgkaZwh23z/pu3LZVXh/GnT1/+6cdPP3/68vXl1M8L5kvjdpiMokkLd8gT6r7ddvTv8/nMi8azXzn9IRd2nfovz+d/+P3vuu1f0GPvarfv7rrdA6Ej4+hrbp+YPeP4BCpR7eFatjtft4lqjOXbZWqWoVzGFyoWJw6US6pET3Hu2JVVgd29TNTWcgdqhapR6KWPe8VTLUpzPlMx/O3eBUEhWUT0+stbSBtSslDcrYCmZl8rIpn/bOglDrYTan7MdNGb10uugL4Y/hJwTWJgjik5ypPozvEooxBVtF87FOMa/xcSjMcKNhuduhIKorCSdUK8pSAOQyNvmkVuEedsT1wG5fXb4DAGu8WbVyqZw/t11Z0iqn5ttXQ377emLq9X/DX4E1N6tcJyLyCAqhOQxy1prBHBeG8m9UDoxFyv6sZy6/vJR6YbzFefe0aX7T/6sNeL8bdwdB4BYekYDo2IvXtnrZXrEgjsC7Jysh2bfA7Z9S3sd16nzGm1qzYpxoX1OcjtCGmN56ULX1Rk8XWXQbcrIDIQgxrDijn7fMuGmns9OvYBeKoOO8HDMrgcNqggwwLdBwVhkyLSEAvmmEg0ytcfYiTqig/omovU8pSoLjdyTXJyMqaGYhUPaiBSyOIGSGH0uVBvzC2Q0PBywTqFXIQiKFAXaRGw8kYyx6m185S0GCxlDc1p1fXk7jl+goMIg7DC3ZLyufThF1RaGRzFJftFG8id8aicSrRJ1yXEqzE2adGx03KFCENDyJ1FDmpYjJKzXOcCo+BlfBAGjHErm/eUek3YVFzLHcNIiES1DeFNU73ZdR+fynkhF8zNhLOfRjePTEGivCdySTEw5crrc5YMNCzsynjcY4BcU1AAfVHag5MsWZNi3greggjWK7ST428aubzWxAzTg+gcfiLjdBVk8MXMtA1GT2ghKtFIRJjNIJhRmB1+y3arPDgOBwB1AWHBuwsnIEhVZsljABI+PbwS+f3P/utPEoC+ScDc6qX02dPuDAs4j0IgkDAmgC6r21ntrg7VUetn7kT3COBb+Yx0o+AAm8tBr8tbVbaraLyqQKwDBxl0aABmAumCk1A4qEMUN45TTouMMAkQtFGfg9xIqohWAg5a0TS+9I039gqqG/2azVShUY5TjA4vlN+SCAmhiIgWgeMNjBgdr9Iq6ACVWvVMHbqfzdVpYqTv642YjX4czA9wiDrWK0W4Yz5PYMSkKLY4FW0w86Kj6UxPAwi3BGUKynsQdAQ25LULQZu8cgaVvFXeo0U5N1FDzlKUXJR7PF3KrwRWjm4UcxIaBiXNuPGkDEVQfvOSkHsilwXgi59nYWIl78hygFlncw5BLipqWf2FYI1vHg4/3u0+fPhMKRKTpKTGCHy/UFWFiBqawA0enIZFfAwBkso4JQCFPQx/QMm6hE7YUaClOhNXXoACR00soyHttvWhEC07HYOqghDYUs4CZTVkjiDPbSDrr0iA6FRpdx97v2VBuVz9p4UEMn/QDLEXlb+QPa9w9vSPWmqQ/QdhDuRdNn9coBQ0ShWS3JWQR8QT16gwaXA+i3Btgri0XL7qQ6BKjLkOTnyKACzBoiZYFAhRwVAEYfsCfi4EolU1mKRgJ4ND8O45b0CRFtED6OkcKqE+hGPFjm5ZV1ivHb6Xo5vC1QSicte90+FcHL0EDYxk6YXRvHLWFumLC+L5PEZqIPiycyDFCgEKaO8voJIxCTnasWWnHwQ7x45G1ASQfJECD2wXBRVgt+s1K+Ytj5XXjGHNKpV1aoN+qQaMPjsZ7qcVHeBiMVs1ENNsBCOYlPygPTqw2FaXxSyRify2jXjDiS49RionlCDkMS6inNCACeaKOlQE7U4iulLKBIqu3CwCQo4yJHZDyDQ3gs0NPce6FCsQ9lUbU8MCF4ljqyDi13NTjV0UUIMLAIT/0uVO0tlXOQJYXRcWX9P/GZWnw1r5pSVLG8oTs/Embf3SVtY49Gd+xnMa+vF4uTydzvSor/14Ol2P1+HMXYPzNMyn65kWahiml9OVPq5tjm39lduTE6HnfFjkLZdpuLqla4uyZXCBmQzDOFE+f7kMQhJIh6a627y9TNPXZ/q0vq5CW/ophllASy4bSFzO98vh3+xGrn1wTzrXf8JQLOMUS0XouH+BwJPBh4nFrAcGC1r+Jv3uVXjQzf2eagbXeexp+bj/pqLy0Xbb0F67LsvxynpEXy50o+OGHhGBvXUYpith8BByo/chEOTU06p699OHF4IqWn/omI2+aYoDYR7p4B43VFbYb7sdjxPkCSdVU1dN27S7ZrOruy6FSvNpj8Ido7cOMnsOUaz0YDLuqN0UrGmToM8HooO3+NJlrAGug5bf3gTxBXxPUG6wjm7VArrTlh0jYaIHRVogJKNIeG/rhIbBDGJ0Z6Zegv6M2MfmDcHQyBWgIZusULWIDAYklp1KXnGhKfGs9Nmt18W/InOGxT3zduLVAPAWbQoO+suQw0jXioz042CH6TOFgPsKOWsdHwgxH3avWG62+06jNU2quYcmGCaCuA1eQAOrsgBYLr3zgI+D7jxzx6Cvei3de+3tlfN7A2wk7aUEGJYfSVoBklwAFvtaFOrHbQyHpfSS6OtHiKT2GqjgzeTpWVKOz9YXqDKby4Go06+E5rwQXL5iH7JYacqRjACZbuVIGkCWvWzIopwOVb7sA8RvJRnrnj82IILCrtXARgMvW5SbLnULplKyjm1lf0vMmkAYwketoZ0xRJDO3cAK3mAVbLaUcplDkRrvFOGzQIsWqFxc3TRt7Lpp3pJ5qCijDugKKptu2UybZTfNA/fscVsW8li2t5Ll8zdm9DYqNFJIACBqWlyAZ14cP/WUBzMohdALJ0Z6v3Bpgo+bZXBAn0Vkg/cKg7aFMtEsRDU0iL5dSS+lUIgZgOZO5BK3mZAEo3CBwJeuluUrC7lPOiyjrFdAO6BXZJBbJqWOxTS9whUQypA6fxFlKiZ9g0zjX/7FX3IgF4opup9/+pmQWeHBeXQtLzbcwoImBUFMgA/MCIAs0pUjnmKSkZyHw/bN4z2hPInHAlO5l/4/DCBkmJZmgQ5Q9AvK1Xoe9rvhPc01ZokhYiI/PBfzOA7/8Z9++Pbd27Zow3ylAh8VHgksuQxTU0aqMsveXQRSpad9DXNbVJui2nP41Ozpw+J0Zi3weSIXSNdEG4PdcRL8yWcFH8zkKIDLBk06JGoWS6Lhf+EyqzAZKSfL+a3nWM+6nmlscyBPlpHcmkF7nbmhtTTib97Wq0g2jKW5ER+hdKE5hw4Z4huiIjMb7lmaEaNmn2vuK2MAeOX4VDCPHoBaSlURtd2GXj8t3pgDUUt1fkUPY1IplmyVnJ5k72404tOthXNu1eJA9IhQ00qKQYHD/BqLjxWpxQm6hRdjMljQ3aSu2UJJ4qoWytkbr+uKJCs5o9GCA6zkrwQhPjiE/GnZdFnqjand3vydM5tpfR3yUcZgde7VY0b2lO/UvucMsMhgqip4JXxgvgR7q3TzrZXSZfm61/RK/f8NUG4oHts17emQZ7kIfsA8DvKxlcxh0TjCg0P0+uHYxlZTpMuRhFqPnqbVETunYkhOPb1KBdsDBxFHVdpvbhO0pojskBuctDnXq+4z19k0N4POVyHjQ3mGDY9DWmSCCdvDkrtnIayhty9awArCYEoNlsslZywwkWqK9jyCVvnRFyvjSR1gEr1Tv4KXXhVsku7vIIl3UsAHOfkc5fIWyTVDhnwcYjWQuLF0CcNI8GzxcC3zxdkDP1IImB5tQ4sK9ThlcNJKoRcvBhWXlN226BtiZlB0IH1i0wNSwbdZcY1bYlIs07yvineH9ndtPU4MC1/7nhnQQEVKXIpLVrUK8ol1yf1AlEYIO8lDhhS3Y7U5vqqaiUpxGJZxVTvxOk+Vc+GwPr6kOJYdrtW62sHQYwE/RqZtZqo4Ie6+qegfaTgSW4iuRXnVep6K7O4N5LGioNZVEuioDvk95rZJ93N6ZeH/s//6kwSgAdd6r+mTv7XYDiRoSxMwk1NtXER0nWuL+R/1U848n8/TyRPsOuIANR5mnRnB8QCApIk/d91b16EkJDx+RMSJGLwg2yazoDWVRCAqL0yQV8dv6Qgyr1gzbJ831M1ZABH0/warZ/ehsHgyhQfJWfV4rY5E/yv/UsOW9IiqnzABwAXAU9J8WNfK2687BPyZ1pHM1eajrmYKWQZKjvmCUWzTaiCymojEML2KHtbrz80OOR4zXk2OWuTXRHdBpx8gL9bfMyavXrpW+dTLJlOFx8LaivEFKyFY/YUEPmo9LIFEwysSqSVpZosdpCEOAjLdUYKWBX0GYI4pxiuRiNRNPNMQ4t22u99tuqY6DUPN6rqcWZu511DOaNoC0opTXAQzFDvOQnCLSCZgjnghNhZZJ+SkdZj3LP9UKgK3pshG9kXY4vUgWDYlHNxMZHamWgVl4gRzy6qKS46RIDQXNX9EkqWUfPAp9Ex7iFr8MocNKn+jARQ4eZQGclom8YLminJuhJ1RSQ1j8RrzRZ1cLg8lYK8L455wK652euU1Kkc6h+1QrBBwJweOIE5joRgPVpiQB4Srpoeo3YjeLitIkCcDpSo6ZYMENB3ohoHaDr4h+YNgr8sqFqRFLAikUCAQgIWJMAd06oVdP3NjBGyAlk4MLSjEKDErm59gkCoX97gB15K9AIBhUa0RySZlkfB4JIoX+NqpRhhYHpafkQ8tbe4AABAASURBVLFd8PCCteOnRTvcnQZdAdV6Ac29HRYzHAjuCiO8K4wVdasvGiTA/gc1pJQkokWO7xrcbb7gkis5C/gCzPZiptaM2YgogUys9jkHSibp6bOlcwzGpQa6/VXArzhNCpXipnubYIGa4FwKfYp6u3Ha7+ZKsQP08ZzPAd8WvuycgTlJWsZ5GcbEamgsQxTmspyWwHRgkQaS3mvmHLum2LhqkoGQi8QtCJQJ3QXQSHn7569fabEolmO+9jCJdB1LSwPrmMZImTld/Yvvsfz0ZHabtmtb+suVfjxPm75t62oeCyETuMswnq+Uti9lTQB7JKBi39FXQ1uXIOrdfku/Mp2vBHLzUMuQKkFz6IlwyWnhyLvQdheZMUursCy1dP0IUjdX9Fjk9jwhyNI+PvCkq/HUz7u2erw7HA676+enpvB3m7bw3DFe18Vp7IeFkOWe/vt0oT8vriqHz0+Tmwj6FjSrOPZjGwuZast2ZhyuZz8VY9oWS7OvHg/bw6Z1b+9ZZZWJhBUT6EQAgWAdFgYv66JuQiUDLaUfQtJ1GZlu0WrA7Abh5Ep8WRRoL5DmO6fA0+SDsjD82hDpzbLCeAfFAZxZk4QsAJm6pc0e/Gg5bUkb+KDq7+SgOUvXnCr/QHtdEgnYKwu7oa1swCI6EIGNGuGE97b0DmqBWbjVGrBEqF5xRkK/DYUf5nlg+IV1eGqPkOxTZIxoXZLOViZyeh2brmpqSdVFZS2TeltvbHnxj8o4E8pSyowfr4PmDOvwGshI8VrHSThL89HkGG4GVmih3ePypCyUIxt7K/Fya2BhObRXyFYqiwXGEiEggMxRUraX6C45810arty8v4U5iHOcswHUzuAA2FUzPZo1eYt1oKwqfTlw0Gw0tZwO15rUjStg63KcmLQgh/WQV4lvkG68AEUtSTLzLyjIBajFri3Hm/YhUpwICCKRWDq7WWABkgEn3cwmbJXhoXz7XoW0NVPPTNGkfiahxhMxANNJe4K5OPhTO2tMtltkDgMd9VTXy9yybA4Tz8tENT4nNpqtM9TFZhGPJACCvkMWlP8hx+Azj0VEWhDO+VxjktiR53ZE3WW4FSkSAYC2nYmnIuwE2nYssVxhZo2oqGXS3MLxWin7gQXspJFL1CfKYLFBkHq7k24z7VsO+mhUxCbphIVFjIBUxwrENa6qydCREZOy+0Q2mvU0rJ8uOO3BFzSFcPvur/76r+lNx3H5d//u3/3w+3+6Xo+FBsP8yfNixRsHZqJGxRHxrq2b1yIZhw7kWU6XC/mFrq0Pm+50PJ4u/aXvqaZ4ZmgFLdfBGBA+n02BhxgY2m4318sF5AXy52K/S/JlP//08cPPn/dNV/twnsemvid3R/AqFS23pTdUhjzHHIern0+x7FIzhHLDDqzaR1/Saxmfnq7D9ThPd4FrnAFqQQsKeV5UWLi4HkQT3FkOyYYrGqKXewd0C+tLtJSlN6UxX/5SZND7HCrlH/lsF/JZUHuQ/Ye3HHAltWrK5fIT0v/K0ZQzb/IpMsAA8Ki9nQyq4VqNK1C7wI1z6mIg6TJhdO0yB33aHvsxOBvpA1oVQ4C2KvlWk95wvsubpUC+mL+ddHvBdSo+Zz9Nt69Pdq/ZUDpL6JyzlDIZtB1u1t5W8PXVpPwRsrgpq154NbBmmfWTxALEuA7bdRnmMi+7vnuyQQiacKnF9/o5SQ3gzT3lxNQrxx03nX6xU7xff+S0SO1vl9YiEb+uVcq7Q1NwdMdaXG77Gc2Y2ZPKxYjGvRizwmuCntNIhTyi4isS+ufiAWByVJmC4KkKYSRkZ4aDu+wHgzcHI3HOrJ8Dh2tbK1mRVY8SbkKTWqPfFfL/ooDFAm1l4kli3Bci0h8lZH6COT+nKZUkaUYaU6Mt9nbFDhSDtHMsVsHif6y27Uy/Jrg4ELCnHJcUMtsbDd7izGZoVugkHbd+utG4MkAi76GzfHxYt3RaHx4ol4gkg7HQEhTXk7ZrAZ62di1558VOrpd2Q5EymSkGD/TLkzhT1h6RudewcNIjQsW9JqS3u/Z+073I6IVxnL2okfBD8NzgIgsQBTljf0jbqeVaa4WSMnjWy1o7D8nGqtFKdTg0jhsUpV5hXFUzsenmaGPD2PFw2Urr6cg+B1knV1sJ958kdWLBFXFj3mUQQrZEyocrofYQ9EcKGUCTQPZ7UrKrN75BWnnxfy5ff6IM6KQpuDoSr15arA1U/qRvNKmhM+8Lk5TMXEhspQik0+os7GlS+NZpjMnVfrFSajdhcTBFTHCSMtj0uiAKEcHSBTQmqS4qoFnQdIWlqsaRGRABDfY8sUSI+6JJIXnsrJ0RLt3sTjCIk1ketLvetNrgNc4Ip07RScsRbi9emRrqBDRrUTIsSF9RCCEOQC2EJoFqoPmkqBymvkEBoABhuYCIh9pSOd8iUoElTxjKnVThZNGEjVE6AF0JlHY4MC4WSQkuKNFI6bGaWCpXBlKWaqcBVxlw7wGVwiQnWHAMAPSv0r+kCJpDJhdtQh/PINfYXOHvYDIrSYMg/nQZwMrXxl3qQcVQADRqoBSd4gAgh9aVFSTWwANYOaSsvF49vbDabprNpvFPL9b9xM9N/CV8WI5p+B4jhGaiCkrUIl2EcswsTCgWwZVUxJkXJyfO3ZiiylwhOvYSaqpEqX0Z1pykJBvxm6DJJoiOR50nG9ERpRQAMeMLihzYhnZEWD/BCe0Uu1kZcXozt4Ep9Gg0RyrgiwrEBvw4Svn6/7L3p02yLEeWGKhm7h4RudztbQAKhUZ1NWeKMyIjMhT+/+/kR1K4N7s2FNa33SWXiHB3M5qec9Tc8wIt/MpHMPHw3r2ZkRHu5ma6HD16lNtP2xVKyYVL78NzFk4dxB64lt4+DZYyz0bBGDtXuHERRqC2HEXsu7a2RC0tK5FfNisgCCF52P+JQcF+d8idiqtLMPPCXZHXmEkHJzTlD29WFEA/DU60D78PmkQkpgFdZI1ZZSAl0iMpOWzLd27ioN1Q+1JG6J8AWBPjMvXlU0XM+cA+z8LvA9CSnLCMWQw89Ziv5EARco7QtgY5c5hKRJq8QwLrtaZdrmBialHibYAdU+yUg0PCoHBdEtqStfGB4/uB1Rqgewm6AdHSZPwOnnwisd3v7OJNa9cL2MHevDaDxOPPCYMf/fdGPPCpVSwOTgfFYGnBhzz6qUq7pyWwHm9PhAMc/BVd3HltK8TR2gsHXGaiWPaCsqWRxzV7u/flmmYwtafjsaL9dV49+FLMjf346tVxvjk4jp2cgeulHKetjg2iWGbfh22lr4+PbUe0Csyr43HwFoc6JbsbR2qCe3q4sgy0+kAP6N48n5/GBkM0MBhdt9dk75+eciHiMYIEfW3vPR1Hf9zLen+ev3jz5ubQbNGXX3/9sz9+++37Tw/Xy1OmRczjYUxAeVypD9xnz8JSFUvo5nC4ORy9OOR7YT0m5zVbnlTbtNwu7OHx6eHp+fbQYJHxb+/eNH/wzf3pi5tTO9tzqQ8fHy5Pzw1KqMe7i09u9MxjzvanH98/zed2EcfDeHAU/fHNjcvYf3EcXx8P7+5v3729uXtz+vLV/dtXb16/etWQCwypagj44DCPgzU+vRrlklbgG9lD6g6AASI6DGn1CXP6UwchwyUgbaUKZEFdqwxqehocnQ1GCOUHgJEhCAlUMbMhvxNzmKTxPBXrPai9SbVGZ5UOb+qAhP/aCsFSN3o+OMcJGlA2NPYymbKm3glL6eIismrbBc3yzVJDcsETORPghpmkIUwBG6DH7H3qsGoDNPDY2+uFLVbTorkqUV+goA6fMITNfbrKXP69VXCAq/zkXCMTWDwN4eqnssVvQp9puL3oyJS+bVdILfmRX7BdkRx630uhAq18lqwo1lh1xKrkMfccnrEFVyI4bmSmJqe8orRJVEZ5Jf0+EreqTNsfleOMljtQW5V02gYE7MEO60DKPhPqgMWKZpVthgR+Km8ZyAAiUKOHLhowVCOsC7ubqE4XGHkIhyTm9ugcHtSaAgOs3xHReyCdpwYyGCa7R2sV5IwIaFIAL3w/wpqiOafIk5V2hxZZ0vAFRFZAqWuNpuQNXY/78j4Oac/VjfyhaFfxv4I9j+Pb2b1B08/kYgvOt2+7evYScmFYXbqMJKbJNm9xKfMVbwX93KwGrSQcg3LoKmevcBiruGVe/B8QJ6wbXF/Fi8dFHjBWlYg9oJZV9G3U3XWWPBYYIHI1Eo/YULoRfOUaSHPsloQGM8dSE/tCHXpG55svUDPSeTo1DLoapDud+I2meMVgqvZwu7at0lzPzen49//+746H0/F4+m/+2/LP//yfrtfndsCaDW8mYblCJUw17DLkSMv0mAQDDdG+1l59XZcf33/49rsfvvnyy9dff/XFl18+zeU8r+fr8v7x+XFZMW40s2YLO5hXJQ3NMV2enp6+/OKL1R3oFUFp8ZVCJvX+0/vf/u7fvnjz6vXdbbuvT49P9/evxun4PD+fThNU+v2hZxaFXUe1eZKn5jkPx7eHw90wnlqldGkw+Pp0ef6wnH92mFpgpYnK7LhIdWuLzyX1E81t1xV8+BIhcamf6YLQPkDMOEOBaQaC/LlF+M999RzQAltOqUObqkF1HefaLUBMGCiKXKPbj57O1PlRvSwSA3FcUGrEQGbXth8taAkVQaN5BlRPiHrwmGQZ9JE16l8Jn2ApvJd+bhv0antzuPtb2tYnmMili7j21yTBZ4Gl8oNSFEfUIsPl6fBs2uyxLKZ1T1E7QZgAQl/IqoeoSksh3UQJXXgcmLBMtYeaOg6mfK1fSUEzyK7LRDhDVUOpxW7aw2R9ZVnYKDEg0WwPnOPJWfps12iLffZtLmCtIgkrl9mvcdIScUH1LJKHzRA69DGq+8Q6rgd/0LwlCpVWkVwtSNbYGN6aS23iWrq0EpuqGPQQtWayWUJ2A6s+primUnuN2mXxSURTimSqjROyJKTMyVVu8hv2PF9Qj/HaHpr3BiLDCJ3GFOO1vF0FypOM5gImrhz9zA2gsrksBRDLKvvhEX7fUAj+uOYczUPfylZ5GhPE/StJXQtcVd/sRHNSJaUW3ZP8lXUXQcinWpL6inHIGQsYkzMw/JS35Egaiq5csaoZFzXg6OpKpNbXGHWqeYvNAVzOzVMOOj5rbumOL4wLyrbYunLOU/Ji/Zc3N1/f3/3h/cdvH8+Jw3AB4uS1Tsr+DBP/PJl3+vPkk23QKroaFVizslgCchYFPyYXyIY9y1tgnEDAsyjGd5AkgDzZxKp9360wbY9MdDDDnB2/tMh6QGCdD5OUwXBIoi5ivUk/Ba8/Pr+m3qmQAns0ksE0NcP+mr5+mhrQfnTlwXgcElMUBukeDRrwkwr9uoFVxKTQt3sPT0EgMm5yt+RhakBPUtu/26vVAmUeUogAITYiaTVjDlySvKWH7ZkkOcVdtSp7AcqWeoTtwHPiSFXSD2E0s/rug03dq5gpyneigxYRQLVjtZ/FvAgZ5e7UAAAQAElEQVSQ23bV3WZONdkj0glPOldn90U0L6Ua4hQA5uRDGBVkQEUF7LzQHSIrDMVegyp8IS2s2XKKGppt2ZdujC147DiqPfFxOwasM3S0DPiScienGEk7E6/kJcP0DDnJ1jtVEZPWKC3BJ96BHKQGweHqDnin4dVJAlntrpkEdz5p8tCFCOQuRrkVz4huk5UD6qUC+QoDhn3jrUlTWBk8pdrzTe7fHoZyIfzOmh+Zpvzm9c0Xb+5+9/tvaXFJQhK7eBe9UiZzdg5v6sFSjkZNX/QGTrQ8arAJpD2VLtyxZQDQC9qfbdTW5ruR4oARcKpngJHbfAeSLTjNpRarfUZJESbDrankK7rsGBAaqTg5C6fJW/Ad26YmzRc0WurMuQNOc/V/EbJNwctmIs6ub64pPkAVaa+jXNlcu2I85qx9jU3ChlaPnw7I4KW7UviYPVPBfMaUlBMyMHY0B/zsghowysCVBS1EWgkyXi0zc71XqFVWslgLyMWRq2DIILkdaOxyezBChkGwMbVVM0cI0p6wSoF6u7F/ysRfjqg3KdEADDKhrOLJKvbnzAmjaDfDCDap2VYF0zUCd2L7FSMZMNhXFCZHtRSDMp1OSrTcdCS2vXMzEuLiQ49+ACIFIn0r1yXZH5WD3UnAHihUo6bx8tTnhrG5Ly/IUiB4YYMjUnXoBwR34K0tRz0/X2f8z4XTClUvERNmjknpETbLiKxxT4cGMmY+MnaZcYkRSXv3rw0rtDQZMLZQyRnTXjkYHWZbkzSLEDk7JtTSNAfAV+51WqwEVNzh8LYBUUB1fW1fBL9+xMeeAOYZnOYRC+w6pQ3hHY8QHPc3a7/bIA4w4lrAN5zncS3HyhlBHMtbhqXk69KAd2809++V2j4X3ebFufpLPT9crk/tOw7son1bsH47Z+hWXn98fGzW6O9/+Yu//dnP7m/v89Pj+dUbzyTW0tYqrLrf7wIb0N7U/Y7DgpLUuTbEf/G4cIZUdk4zm2K8ermaj388nxte8Muff/3h8Wn+7b8t54dW82lp73m+fvvw+N33H94/fGqfdH+8bfcyX1vIuwzXyyEtx7tpOoy303R/c/ziZnh7M7y+Pb19/erdq9dfvH399t2rV2/bL92OKPaqbKmBddA3cCPkQn8g6voaFusTzJ29AUnlUUWiIIy0jYaJWaxc8vz1qIICexLu4CeSmjlqTJOyxQDi+FEsWtGS7mMekMoD5LAUCT5hK1pLQLYOxPjLfE64Gye3IxOnzMn7l6TqTsXlcQqPQ+grrUhVlrOU3gzeZ5QnVx/LEqj2bTSvRWF2pkZ/ggROq8kcyMvk5FkHXIIMvrIsCD9BvaRea4qCPv0be9e2XEekZ53VBG0emZ1MsSWJaNddHlrCpCkGESSaAv/rCQnuoIieWFBce9E0BsvlVycANZPKmgmOwieuJTCFrcl7ByCVvQZahxKU34wRk9CSKfdhEKDUKasRb0NXmTcRKIeIFG120Q0TfE5yu4S8gnTW8vwqwdaIXeJaRbCX6443TXos5HyBcFwUG+7BtWS7PKrKfmsbOUIRMTuCAT5dBp39t5OYcUr9Al5BCW1VH0zVViH/LCv+SbFJI2oO797e0YdCNsN8OHpxrPmZ48G3eEublwv8/Nxqqux8xnZtf2b8uk7ODvbKTMbGgP+eEwBeiMC3X7waetIIiNjg890oQtaFa32sHwXTSOPi6GNhVx0zklyv9xX4OIQsYS40V46uuO6SRgMoLmzzTOqUy4WN01aJ1FQNwhopddM+aMGxQDeNf9zgwyHG6k0/HreAdbC6+8m24VJis1anCHi9vI6H6dd/9+vT6XRze/xv/tvD//w//Y+XhycISnsEhwnBMhTNN3qWRrpBptxQQdHH76VwezlVLv/x2+/evnl1f3fzxRdvPj0+PjzcPL6+++r+riFBT+4q/Xei1FFqyAE3P/7+/ftvvvnm5va2okdzQuWp2bqbm9unp4dvv/3hT19998W7t6/vbp6fLre39806XZvzcd2p9m4t9luMeUTxfZhaxW5+j7i9hYKvj9Odx73LeV2e1uu5bRVEm278VvWlK2NCVYZiR77yHX/czAbb4mV6WcQfFB/mLdHbRf41MMlqf/b1EpvegZJ0BUKdTUwWi16UADwj80sq++Fs1jh98GS5BEpaFFMFBpw86rZJ0nRF/A64e6Ayfm7GwjqEN46tB49kNhS4mqXN0lRRKgWURoZAk2fpL2MxVbSrwKprt75h4XTemTxu778tSzL7s3eufbEJttbOsJZR6jac1ovDkBS3quBTIzeN29PwRoS92YXHK/PZtCGSRYAUkSnbmgVlf/Ofr0G/0A1KI5Zm8pkEOLXmnA4YL9bTrDtuPI3kFm8HYB0Ib7fqvHMuqJa7/wtQZnhVfURPaPsFJMxR59vgTdf0Z6UDEr9UJIhlr/qBBVGuKs+RzIPHOsjIqoz3Djf36rh0n3NVKqeOLrJG6Iu83cUliGe2erMpzdDTVrpqFmaPkd9EhFGOhzVnzhBii+YaJQshy1wVsmeKtCFbfIap7QCF2bgv+JmL2kMaIeMesS98FD5PJzh4FsBlzVJW04Pyz2JvXIHzBiqNjQAF59WittMiYtgr1CGdoaXCkiQLqSo2iCIeEImiNK9NL05WaPnLBQJK5jIsLeAc1nmKi6nZ9UIT+M3WfnZzuPnVu/vffzj+6ZN3hxp0gVr4OY3T67tXNzdTQ+GuzVijnAPIv2L4fO1bVPiM2gIHo94ujs0RLUJtS3xqd3pVMy+zDEVXGxXcSmSVeavr9A2f42/VYfSV7Rc45/PMQ3cYj3lY9SsUnY5jldXzqBMSJy1OMavoILLRHpGF8hdt/v+Nv36SAHSK7UKrFNFmpsFrO+rqXLe8tBDLIzCzqD+nHR4K/ZqVZjF1Kj2B59Bn5mfRug80Bo5Bk7PKueWKIkaJPjNWf0FISUFsRIQ00mRVE8c2CX/x/0MngK24kTDQ2sjvqoZG5xSfpYtM8ZEowWiKWXgz2eoZjSpm4blr6B+sXb6DHStM9gpZHMzUtGy8YWPVSoyanjNocYn+YT6ZnpcUgzeajXLOFCsI+w0JoSyiMt0a0gw4wqCemeJoesz+gNSeg7IeSYjsJUlp1lxISCP1KzRp76gxOPaEDRb9mwgyNuNee9RSETk7fhhRZjK17jZLKI52VlUPJhJE2hBnSSDuhmtv5YilEFnoQUl8UvRSuv/x62iR9NdfvL45TteV3njs02yTdKggbM+oxwsdBSnfKJK1HiHzNwe1C6YSV9RsZp9DQv3nKnEU/6/jSA295CxBZCkLk3z0AS1GNV6a7TWi0Z77JTQNMPrAzeiIpSAIpLhl4MPymqn2QERPIvdTlKCAGCCh8KOXxoG7PZjYZr2JCJrUwOIAFLiuE8RtRqK61G0Q1gz5r9k72H26WipC+qP4lLQPEi52hfskpiKkUtF0kdY5EsLVy5x6CD7hZ5CGeOC8smq+5zVqWbzilNXwEFWOnoBUZedVs18YwllmVIv0YlAzrLg7JPG0xz1D8pgqEv7QGf5SPTkwAWd/1i4uFqhAYlkvK9apG1TCDGDAkIXMvU7SoNVoLEfy3aFxWtkSVAfEywOZANoIRtvb3mAkOOdHr9Am42NX4IHI/NGlkbBJXXuh/YcBecM7rxcqjSdU1lOiGfaoFSgMoMf2F39M7OkYpnZfg+yAV/NFJ/Rdof4034mn9uopUX8AVNCBI8DaPTrnlPGkL7CDCVM+HevJMT/dOaMfR4DBnUZLDPmWvglWNKAoiyAogrl3XgfBtNgMljTi1JYacjQ2ZBidz7xQAnhxiY8rnnP7fj1f2683JLrl4T5BpL1snI6Hw6nZicfz2VvNG0S/zGcXxQbvH0ExHlx71embr9/9u7/56t39na3X3/zrv3z74/sGExxx+xO1boi7ttuZXbh5htEerxiTGV2HK7j/IgkCwEM7e0EHvBdE2xP8WVl9NOKnHw453R9u27I8nS+fHh7b0X3VotcGzpTnVgH5+etT2/l3w9ig/9PN4e7m2Ozjm/u7N/en1/c393d3t3d3DS053d62f463N3k4Ak1doSKq7YyJlBWuYEBZZdA/eJRsnodDPQSi5e0+Sa6ETXNL9DvXzGQMSBBV4Yppv+aov8bhLcItpZZnvWxH5BBHonY4Ls5hmFimU8k6fAeLI7a5MCZuM6REacvLIWtQIq3hxBmY+JS3BM9Uf9aF+eevOuqO4CdlzK4yg/BZKZObUxcLcCEI180LQKVSMLeQnQYwEqJIw6gwPee0y52osCCUJ8AUk4khyVdOvEhOMSf1OLL81lEhCQclqLEq91AvaeU8Bl5jsShw7cMq0zTDqOQWMnrIt03o4Y3KVywtA0GTt2evTLxzRJURrvHjWMKnFw2YyFJ3jcmoKJX6xcn2aT8Ew6FjOFwZlmS7ApjvCNt+xzoQIUjeNNdEb2g7I10DCGDgjOJiv6n+WBSLYUurLCyRrLRHfLbFUNgrwkf8JsxY/II6gvUrOTSc8qZBEd44zoeCCF2VbqgyPUcafagjR+WNLd5pZZLS7HLb2c1got0NsWDJTvlFsd0D2bkuV8+PK0Y5+VGZKaflPJcWIJRpqNElvq404DzKqqXA2Ui8Kqt8hSpTESbIXaD2n4pCGG8uW+5y5FnV0UwiYVW3dw1deCprZwXcWUUZT8ZRCmNJGJuAP3KR1tHRw1mhXcMRAEsi/dHJgKOsnNlbcEyHX/7y5//Vf/3/Hye7vz3843/8Tw0IbgXR9pJpGNl9ZWyNYioRGFivY5TKyoU/kvY8P3z89Nvf/eH25vQf/v3ftUoh1DUWnx47X5bHp/OyIowgq1VNXjyQ7WXffvvdu3fNHd1//PTJFau88OutHqfT7cfHhz98++03X3/15v7V9fzcMOhxvB2GN5erHe9uDqf2eFrt8tLehf2paV4tN5f4eGkPtj3u46s8nMY0tZjxsjydSiv93pBRkEPO1SX+kkg6tEq19u6N2l38GuIxPEu225w46902yFhuP0/bK3cHzeIkbioQkdtGhhK8p1I/I9TWF+FyN5eVgzRCQK92IEbsG+QNCViQMshQAOD5XDzcaZY8U/SQpc5U6mZpSoBHSb3FdWeCdvasCv0UyvyXvoQ6dyMe1qT/2IQYv0CfTWlvLKtsDwlK20t63cus48SWtuysO+HdIvKdbXtBoSiQ7KNiBqU8tVskxOqbQETHvXhOrPTKmxLvDc01Rf7bHlAJQ3N45TJtlyL3pCFF4my73bZ9QN3upWcxykx0kTV2Jk274gWAae1c5+hRFO89vJg+zodkxJNPu+eQLN7cBY15oHKNYoKRNYbLKTFiSn6dQEC4ot4fwzRM20lqZvyR5xAJRLoUrdLkPS/zpWgWF1pu0K3Fg6CObrSOSUMBXOYU+lSJSvBVD1jDN21z9hYrxZX09BQkGKL8LMdrmmRoh1sw/OK2Su3kfXHlapxRFk0sNr2ekeTfl8UBBgAAEABJREFUMSGChBsFojzUbM3GAq+uOlVQwcyyRIxUUzggpPzwOWY1qt5Il0mqwh3Vy7O7keq8nNxMp3fs4BpYm7yWdCnpeble6/ztp+d2KffHu/O8JgwpuTkdf/bVl3/3i198ePj07Q8/2DTWwnFZQEpqzYEie1KG+wc5rAdKqr9UED1OBx+g1fzBMzhH3TLHlunnWJHT7nRF0r2dnMxkSrEn3sZZOw6ADLcnn6UNU7+msJtVh1oGZzOEzOW2WpuCzRrB4T6m+mv4+kkC0FmdkIxypTGVQtTdN3orx16l2uU1W5lehXnRvMB+vJojuqMDJxRBCJqmFFpFFbOtSEgYcSIL8adO6Q3IjBlUVReq4CVH4sYhijZpZ5QVpvhdsN2iRK7Ds8YWFW7YDEEJWbl9NlPjfRnesQuEJoqDTjGUyRu9Ea/UwJ4jjQhfsfdbQoE2H4o/bB4lWCfySEN3opFY2E6pVrnCwN4kAdB8inghxTmqN/C5BIGS4L5EtrPgaDhP4bcAswG/Yb8/1AysM9cSdQO8SxcOExE8kTiUDdCxW0NZtuppZjUoCzThOhGJyX3QBCsIQZTvjzJJk2EgF5iLkHp5tiqyKJrkFk6SMGJIHXcnHxCjA4m3N8cv37158/ruh4/PEEQJ+Jv7N9a/P06EQb7/fePpSZKM568YiNLawC5El33O7A9ybYAa6hXFZd0Gn5/mWIX/jykVAWhu3QqfAMYPZ/ZaVBx6ZCzxgkEKWjltQAfn+BA90/S8rNIvv/rZzXqaQ2Ci4YMFmMYmkfoHRqFB+T1zQCnjlWQWmzLw7ayTTq1z7KZlYck5FZ+ThbflrwCpCB0NipCAoKSuLzDsGTxYP+USRk8qciFFhLA1xZcHnoLI9ZB/sm0sPGbYgwrULpzbtm36KYx2RxEGwatmhFDA+Y7dtvpoNhEFjDuW3DbAs7Qba6F6WLdT7AbD3m4v69z2ssWtNH8Fw6bJ2gK4rwlZCn2T1V2ygd1TOg6vmpTliI55HFTxdzCtkPFCaAlPuXLssSOX7QdOMb4ujPA4TxmlQk6NSmhBrtxIVIummpgbiWlaqf7cYIlxWsER0HBDVjFxjatjpt6zNrVS+4GEvszyJ2yrhaTXmMGcBZ64Yii4v8tYxxRMYSQMLV5zpkBzEIg2EWrDClE8PUvKU7y2efXyqlHwBpzbgWJHhkHdDkkbSM1QLMU8wIYpV82PbNn95Diva4c42tsqDm/fvnvz9ovj7e3T9dwQ3oen5/P18nw+NwAZrFgj7WKYDre3d1999fbtq9vL+fyn9z/+8ds/PrdkfqgnD7/sMIza5Hk41+EyeOt3q9isq4W4nt+wf3rijA6bC5OBMpqpRuR1IBdFTWVusex1vgyn03i6b2t1TOvbo707Hk7Tzam9JrneQnsKp4YrjOPN6SAA+vZ0d//q5v72pv2lhbSHGwdDx0Nuj6qFxN49jL7ATHBWKrEIIKHgAug5sdFS4SfnhUaAr6GsTPal/+LwblUw2YldtEpMP3rwq96YZMouaEraGq3yxpFm6kBJGoKORueb2bcAy8Rhrjor0fobQTuLrKKqENCNQ1bpYYOFB6RdIjnoN8iYKeW+Ah2u/BUK6mWX/RvQLLC2rbeqwixwDMR5FzDy+avQZfFegkoN0EBLkto5gMSVTT22CqwwFcIFH9cNDWUyb8KPSYjFOlVaGYWIgXZE6S7KvzskVI0etmXRtQrUKNvrUs8MjI/DndSgvlg2BNNTuxPJ9bNqXCJRWjcVOFSOWErpVWhd1oAsGKBu9fotd7ItOKwKk3SV8XO+b2Sq/glDf0XsLe2ylFPtSZYlccsjWN4BFRrDWE25foSO3Tel1DUucKddh07pcFSpYxVSD5f0R30Y8CC2j5lxsF2JfpysMro2GqLrXlZXM2AsoPV1sbiriNNdTD6y93bw11wOqVVKVvyzUPicNAbqx7nKi294L8fPXvC0BomOLgnnCGoZ4fKzDnetIfbCe+68i2zBkGQ24JDFUgplRmF4eN18VQYILHZe0hatEVL51QkBxFgTYjKVoEpVR8XAkgx5fyLRo1SDTqm0uiZ2dbQWscHCkVutBDUWXIuKxApNpF6XuWiHw/TLv/l5Lf/faVjf3B/+43/8x9//4duHh0vxoHKIILRYVMJq7PZIWQTUMJY/X+Yffvzw29/+wWPbV2++/OLd+XJpePHH88OluYvHc6sMDNT8iWNBi9Hu+scffry7u2sV1Gkcz5fzQMuHmKoBSj++//D+/cf8a4fgW231cDm8ur97vjy3qqRPU8mznZ+W9GR2tlZjWEHKsFY3/bQsz813Hg5vh3yYvUWp+cLlUOVz63ZYS1eb20LV7XD28EYUpGS77EL7Pud+DlKyF+YpbYEfV62fxxev2T5Tx7ZGWpWYAZm2UBz6fjz6neiR6SviLnhEPHVQ/wkIMjezVVwV1CkbvsS7QPNxmVs1wvs5QmyqOzN+chgKJXWmsmaHIMMA2V/60ppsAM7uR/vF67BOfxwp7f9uJgpzvMtusXt0+p/50hjKMFg8VnIc3QTVcN00sGVXmajVuiuDV+2L0e/EYOVMkUZ/rH/pmupWh9Cdlsh8wzzvPUToiuoXchzSz7dX3QFhSf1eehGfZWLCEtelVYgTEn6eO5dtvqXHQHxrkQdp4dXwzAiLwUvpd6W0lBFkSEr1xVFaJyVslTq2XRLbAjyb1cITcPAmpfkaWuSb1kXYTC0qMtVIRVi4RFbPKy/9PsLbUBuKhydtZ630tIwPkWKJ1TT/q5CNDexCCW7WNB35aKfQ1f4UcmQX/ODo0RccXeIcBSMhSkdia3dWeO20SFSJxNVjcshBu1wxAtD0IPQdVpKsuz6xIbAQekYTNOxDmme7nheMkDYoa9YW51+WtX3veanPiz0tdlk/PbS/zvX2cJe9pWQ5TuO7169+9Yuv3r29ezo/kgengCtMYzLrc3hMmzBaHvS0an9t+2rRP+OE58ul+ZQwg/ujHC8eNiDYQplDzdxxVvuptYhymv92/qBhBrEP3ljD1EmUWuChychyr6Ta/8pDlPcHux/Hv5KvnyYDmlH5zm7joQWmahVyn+s8QprZZNEJ+/jfqqaEjMIPERJGTTVL5jSgXthVb2Zr+Ss6PQQgV6/3JeWtRFaFmzFbIfkgcowIvYjJCgZltwX7G6Klp0oezJgQ5Kogm+0k6DKT4YuzYKqxMCd1gwpFyiLDHGhuiwx8ulr4SDah9LMaaVPapQVabLmVnZuMuEoWyoUmpT2y81tgCE3QZOSPsmSh5QBTbzRjqgnb6pIQA5AzZ5Xip0lzVFPgjBHHD8HAVhLHQI9d1WzhGgYJP01oeExUTxkG1DydEUanwsfMFnuxoSM8cywy1O4LGyayHBixUHqyWDJIXoCl26AtTC0LWMAEWlqluAmp96hrSMpj29hblKK9DZ9R7TRNb1+/ahb649PFo3Jw1AoVPE0aJF1DRD4wjgfa+X1R1MvI6JkS0nAVbT2Kj6OpAF+9EantD5/+Pi/+SJwLvVK0geAGX8l6d1KaZ9tU4Kz9sKWWdPwk52qjwVuDK0BC00DSb87Bcc7habar5o2VHsfx7vBA+x5lbkC9LBN6Q6VoKoxrrfkaqIX6Lwzw3BRqyPT+5h60YWSAxx37rCtmDLnfFnGR5FnLG0YADqLJfUYFinc8ORAGP0dhkUpZMemIMR61zjHxdxHBHPs9E2TnsSYzt4bYNCMPhzrbLTsVHVEFSv0IMgpL3N1Xs2U+YYKR2ylLfdNbrT0tsmiACIY9jeMAQ7oyy4npNYBucaDYHQfRIo4sThTOJ0eLlf5ikc91EkHPxyxZFGJqnzYVs+d5nRw80vYptCgKZckXH+Pum9aHR5WEfm2jTEszQ0UQFpR1HRPTF0On9rN2aBdjFQphCyg8K0QxAG3hmB9sOvnMwdPpcDw20HWcgesDqEVPtCwkoH9V6P2YQStk5dDkBO477Jh/SoaGSUuinTLrQQyjF8ejeeXtkhcEZNABH67LFV1lzhT2+XMsvztfr2aM6LhxDzir38xJ0IsklSC130APUKQdVzwcTu/effXF11/dvnvTPrjhzk/Pzy1Ye3p4eH56avDjCEJZAQdzbMCNlcv5+eOnD88PH7Itb25vTkM6YJMfnMrqx63dy7zktd4w8V6hWoP/+cNdxLoHARdVHhhY/5ePWHR74FyHKfsObpvz1WF8c/IleDVNf/P63pnOh1YecDtxOE63p9Ntew7T4dgAhYZBH6b25+HmLp9O2Z/O5OoTbX3y5FNXV7Lo0AY+iu+sACGTkJexsam0xdVzvQmUEFwo1FjeqrADIjIxsbCY5gDXnzVZIqubQ0oOwU9auJv5l4TagMQSXvTcqpbkLRYGx5R1MGLSpz9NgMRFgcXgQk/GltK2IcHiiRpMwwWuEAS2AEGgYoxZKuyaijRE4kVAFlZpwvj9Eo/2G3JNlqQsPheOXKdNqNGKnFu0ZN7ln1HlHWVe4AZd3olLCSRNaUE4946EdLTBEXEbBN+iJsLQHb++RiiB4tFnPgOYKkpP8YPgmHRbghygJhFTtO5Y+Z4kbE0v3s40TpZ6ASlsL3Y3id41pCd7zMdMOzCY0tEOhW0hvxDXZ1JsDHOY8sbstogM4OJq4eqBjq2s3F8zUOA6RUzBPH/3JgzBvP7U4RfbEjcGUZFdByLFXHwDtFTDCIilqjEtog9Fa0KuiyTVVtY8eFdc1ZpefAzsFVcwsfyW6f18q0IlhXpovQ+pgp4/CO2qO0ITcRxLm/BXloAXYxW8pIGbB1Tgr65imT3MQdWx0PpDSwLnWnUeDEtyJ++srZEry0EXIraQVa8OuXiI3l3GmgqhKw+52ievfi5GSv6IQxNxH/YttFD4YAYTXc6d+zKLfxrrXXt5nv3ALstTwqhUjv1QTID6gDmqPi4NPR+oyBWjXbpJM7Qysa6CmIKKf87zakj1cZq+/uqL9b/4+zd35ebGC7n/8s9/eHhaKlqYkkvRr3ozhaIaqZoGhj062F49Huzp6fLdtz/8629+9w//7/sGKH/57u3j4/NXz6+fZh8G1sBotFTBjaLOtFblLg1W+PDh46tX980ilaeVk/S8JO0vGy+X+eHxqX3Y6f6mvdPT+fzq/n5eW4m6XV9zHWMa7uf8sA4fy/WhQdBQcE+1xQ/l+eJxS/Mer/xm0F9V2bReA6upGFLJGc048oxaa4SmJewA5scAh8spaBVDL6JkChNZ1Ju2sH/DLV6iJnGqd6LPJlNUGY3TVWxgrrGMl3ogvf+1+hms6TDXEEe8q1D6hm4LA9rmwjq5T1vy44x/k5CCYZ3P5+fD8Q72J3PPJuOUVKsbmqYCr/bBi3uzrQ722V3jX9X+TzAaZc8bomxcDb038buOIINEwncP+EgWqf/6/vNoeJmJRHAfTKm6cccs0C2lWoUkhv1D6a+SE+n4hVlPy3UzAaXajrG9SxBlBiXKVxVITDVqtxapdH92aKQAABAASURBVIrcr3utGsmnrwOkHVIAvDtTr4WrAf1Vrp4GKOg58q0xeUttGMwdUqHYeIoYqMaHm4XcF+pwXVRCMEKqGv0QkqCrr3eJ8klvjMG/N3cQfO0aiGNGZ2FFb4r3fYwT4Bfz3Xz1dM97eZ2FkAnwgGbEvpO2b8eBIRS7L2LvVE3mSyagkvRkPZ6ks4bzGIfUM4CCfEeGoWAmutMw2iX5JPMWrsbq6p8iiCnITwFMMMzaaZdZ3faVAin2acqvhigZGUcgOfEyvB12WfmorFcZdPMmxLn7BYtHNwy4Ne385rEvczm3zCINF8tPy/w4z481X0p5mq/P89Kw5vbTi4+3wThc/5cHdYNPYzhYvd7cHO7u3JH84bvvfvz40QsC69ICdAxIwHw0Slr3+nXVfCE+eFrOQnpFVgTYQtKb0xFTtgYOnN/DLFHc9b+iEXrcSZb6Irs3cXNXbJ+Tk66EkKRChqslUy1145zKGqCEQ/Kd6ryZct+SRT38QmOgKwsnaxTRtL+qr5+oBrQsadFgH+MJIW8iAwCS51NiAc5T7qzMxD3n2IRnTRK1MDL8BoQJFsqkxJFybVHExOZAmTVwIESqGAaRjVgHR8AqAKViWHBVnoD2uiEzmyosqzHBKF6C89yuHZjA2iQ+UCI6X9EUL9OoMAc8oJUjT1BXA9OtYTE6OZp/B3hqxRgSwb4CvBKOE5LYFCCQ6Ic1KwlmXspOOC5XlBvZvKyAqltAZg3tO9PBM/wC1NXYcq7KW+2+dQWbtxLPwgmnDHEkaRWh3jLUMAqltOQWsnT4XfW8DgFGVh/YN6LSoPifEw+ScTzO6iiTGkTD+5KjUrypArw/E3ZMczP6OLjJ0dGBeLpqpFiCrtMpXnlCCyZvKoIYhX+kYEJSTy6hB5xJDDfxiwydn4IJMsf3+TXfnA7ffP32N3/6rj5TZdXpk91XFe7xwds3C2vCcDBOIQnJxLXtgHVunzpR0hqJK+YIprbEzl9YV58AfPW3R2F4HoD1Q8KgDjuWhydgWfYTsiJSNVEtsdRem4zCuAb7iv02pZEMWaXYBAl6KsoayRawpp73RqxjXeGu8AgwwaEQQXIRulALiRyBwDl1tloWB+EDTGvK6G9wszB6Tg7WLsv+Lo9YoOrg8xPqtJKkHL4sF2pKpdrL4e3oj7xan8fmTUgT9Zz93xWYCzuWTNhBpYgEHVVUsCGfmiOnxYGPft4U6ixG0e1V8YzErb34Bn6Kp6GYPwZbBK0xgU9ZpGNecjRqRslA+7adsToUCAPhMQHg4T8qhSOrMig6ErMLgcNRMf+QVS1Q55FitU5eyIxy0khXjeKNe/E1CvImgAP+3iQ7662zFx8jyPmbIwwmRNwWIg55mszFeR0ZXDmixB8ruK0O1w7+O25oPbhpfyfbnVuIHFKXXsmD5o80FNurj5M/TY/b1q7D0i4G2Zoz5JqpM+jmWI8eK4XdXFgCO9Qj7YaTcmBlBvIfaq3mG6yKyV8TGKTIUJ2v1w6agyzswkkNJXZ8uYWty+TINqL0VFd/jVOxXN1lnAFOIWwtS762W8unZsUcxFlrdLZknO/zb377m8sffn+8uz0dPVwbj6fXh+OrN28SB8Qt8/Pj+fp8eX768Pj8+KlFh9fLXa73b+4a2uuHDGdy8p4P9vQ5PGvqdYBqfJKTHDAglJ6j4fbz8wXSo44ilkx5GhegdCJ7M1S5BXbj61dvbm6PB8d6GvLcSjgGgdSGnN8Mx/EwTJPHqMfcXtoQZ989DVU7tSpBGg/kgGOugF/M6m3UAQllAPcDXiPlkkjrlDSqMIKUaUVt0gguCsXxgIH1TcDWKXLaxPIFpMwz9P5gqxxk9tQ9iN4egYwFu07YpFwSXSzxTjQzsZ7jN6AWmSo6Y9F2zSp9Y1jxhCqvpwfXclW2RjMHbSUa50LddoTAxhTH0aYhq4UIejau1D3CvtfJ07OpAxgZ7pVZCd+KWOpMYROHtccjJmqqo2ZdB4UtWYVIFqIAoClnjq4gecY60P3jrGkqUY2vwMgRgQS8WynOA8NdXLG3mNooEypWjG9KsEwDzGd5l0eFBU6g+EQiiOv5uC18SMafRQPi81bsiGQMpbl2uU4CEAGQzitSOiIItQSggO4c3VDNCrzoW3Ov0yoGitZjLpH8n2JMyNKuSsh53YPvPQfMU6/TC3ro/nTo9Y6U1ByGswHRKdIjqn5NKI58Mfa4qRMl/DOXOh6PQGAYftVPnRV52SsOVHZjqZzCcK6wYwLbeqRa+pC5CYacNqiKHxLRZtQQTQCBCtERlylucDBhPEwef64TbFP7RPRBu3MdC9rvwMhEmcQHjzsMC2NkJIdB0QrNSe0bo09cHTCPF0MFUBBKIzy7D7gjjAu9G7C61ysPc3t/n9MqPwsxjUK1O5kbI318JJxJDGEFB6AK+myl1qVUFbrr6Io3DKaLXxKiDRzVDC17/AqTZ/fU7Sg3g3nK4wEPR+gbaigxsyFWWdtsgmwz2Sxwix5repRU3746/Vf/v3/48s27N6//t//+f/jfPz48t7sfhMNCnUaDV2EnMPs6WDlIu50bUX327NPz7373h7dv3/3i5z97/ebN64/vv3x69ejUtXU5s0BXAHkpMzKFmPXjhw/NVp1OR4xYmDPymsPN4U1+e3OY2iXM6+X1m3cPn1rY8PQ0fzjc3Dw8P+T3djp9M033g52W6W6ZP9nlQzlfGuJg7klbZN3A7fdDA+gP9znEylPAsuimYlO2I2c044CxtsNgEawG3qHEU0UQ8C36T+LX9OcarRis3MfzSLtd/zlQ0dFCN4NZm6uKmc/JQMwIZSCygE/CJIpF3ZExX4yjXbuNgVIBWiUdg6ZqYcUkFd+PLRabL8UzC/8uq3YK+km/TC8u2QOstKFB9vnN2B6kDVP8+auqfY5FyyIBi0+BLhEYrjuYO1m/nprs8x/FvpeZ2q1w6g6IRnEjA5toJWTBJGzULUmX50qfXWpPbizeWSYVBNPwFwF5vli++vKtNs/IP+cgctBqK7wXtN7zp0RhgX539uL5FMHOPMG8Tt5uaEPGb3GdNegNVe/Kmi69Z6WCoZEN6ndVImmxyOMsvZCLyZzfjS92GdDWrTVUDCOZ02VkqWiqcrm7l8oksUjmDDgI28Fd9P16Pnvq26z2we0miXQ4L0Pa2nAHWNaVGYo+i5U8YiHoRmFVlcaek6BJqkM3i//KumCc0uJVNXx5o2GzGy3ifvX6TfEJfN7OlmK+raWop2+3w2ICPDT4iEyYF4gBpaCKi9/R94hG3Sclvh4rUJ2sxI6xIeYWAjdARJqS9HKMHIhtI6Yg6LQz3GxeC+I/PC4fPl0+Pp6fzvPzUh8vl4/n64eznZvxbUutuboDEsQ6NTAtDc1TtQDzcn12Xo1X/eZPj+c/fv/p+fm5+BxsR3aOEzmf/hjAiAPYoPEROQrm2r0ppc4ZiChaMHR7n1bYfLq63lyqGg2M02Xclr4Q82wvTUyRGDcsZ1foVdo/cJhbQwfKOnr9Gh1RpnDUPzdH+EfiiPokVMAJFA7sHBa8K/uY6ueG/f/eXz9NAFq+o0LWB0YacI0lwbOkHVECbQKv04QVD2T7ZBAPHXKyKG/UIYIDBOIxzRxwl4e+wyBMSv92ZhRCLcpyvPjKvVSkE0JBIScbFGEMjACQGDlqAGnbGuaye9+089ws/qHVXNAbyyVF6vFrEXUuM45n6Y++kiUjeiKlgaB5B9FRkP1+fZnzxE3kgbqlcXRpuPidKo5QFuqmRYZTIV/JUi+dUnjYZC5Kx2GVqCIlYIbfS4eFFJO6qCfCwfqFOG+J7kxnSAzIVoa4FNWzcL6Lj41hiUlFvrpFGHkT5aQzS5gktgWRVOEnMT5LTsAiRPIEkj6D1PWsORLoaE6qX3crGeU6Mo9AQt5FYOE7SbHv0WGBxJSbsLbr3ry+b6ALo0k3m94Q6oYZaNPKEZApanmV1YuljKNY+m23DT7LxvpSVaEpsQWqap7ADRr2it9NmL1eCwuniQUaJKKMwAjhiPAL92yiLrFyy2WkQqjG3LAWon4pFpJKuDk/bpN0PILiJ0y6BBMWYYfCqBGi2wy3FDwL58WjcMYQJq35olPuEHOES1Jmi/JFfVGvRMUUVe7gLeFhRZEVmwxFqwwhh1GQQcLQhqRAgVUZjhhN0I8Q/OoEKFNWndTRo9izAw/MXlD7ZrZlrEREr5vgZqCnVS0COHELmU6ALMfqYgNDCrPCOgUiRdkoRqWpnwDhnhQTKBDfEge0YMCYr7bvEo79SxwgHfUAnHmV6NofF0aJLr1sLtHA1FqiSAKdFD4nYRAtn4mwqFPfCGyQOkFMqoUUTrkljIoAsT2vhhG7G2Aj6IJJsDC3q5RwiL2HeKhju7RKHjQPKFyOGJ4zonXFsdWpLZ9DbKNIolLbBJEhHs7IsSRuINgUTeVxz0zldRpiNXljx4QAxcWSVY/MQ4yMxuLnGAgObI74WLuXC85aQd92y3WHlUsAECSh/SHTGvhpG3niJsds3eUkSAY5H8nR86n9zhqCaAWo9+xzuMrVVa5djmd0eN2Gabyaz/hDkaacl7OV65SW+ylNr+5Teo19ux78gjEEckYTrrdEuJukZAV2QbusU8/cwhzCyjQzdDocbbINfYVfZsJ89CrigVPmDq2keDg6wDyB4Z29HnhzwsDKVuvxuVN1nLzGgKfd/EAZ2ZnkU3dZijavhmL8IDY9qk0D9bsrnQz3O5pSTalg1bYDQrrGYAiPvXNmmkj9bR5P9TDx+KDDCY64wUY+wQzYOvNxC1wxwUQIvY0zH17LLf5SmE/I23aUOhFr5tvQFrEhdiVGjNkrhUEtFLwZzah6zjMUWS9PvVcpK2jTsgRlm0CoLtBc2VaIVLtELprI8IUFp5fMJjC8cLpBxEKCBpyln8iaNpwsN11R0FaOl7KgYrgGEbS3rHNDdVxHOtqqrHZAgMr1RMtLDVy7I5a+Zh77oZ+MV4IeqRzJcOoAZlWPsNcCiHpRujwpGcw5KqIWr6w9pGBcwcYkJRg9iwMwECAJ6J1Ea1NMyKmcWsEsMAKy7Sb6WrCpltA3SyuUA9ItxEXy6EkHhbEcppvqfiNwlU9IpB5HoC2sIKVUdrhD7GEFSoInUrKtqTQJA4uYaSTJDo2+NWBRA5zpptQ5/LkzRUdUHsBxeAGQRGRWOyxD4XR+U0GWvooUCdBcN9WjW4ARfU8+VnlGipnZFOOO0gG4wjI1GxTgWdubT9DwYXSXPCpaLizdL5VnRR+DszhC4YcPkVyKghz/qKh3OQ9sqFIQHUMRaFUKgwC4A4eZF16JF84VSCNumAQiJEwmDL0OtJB7/Smj9GroUDDWczkEZWyhX7OW0yGPx2E65eGYHL8OKTlk5YXd7mjhUARNqQAYIYyM8Ss4jMcFEel/+A/H093x7vXpP/6nf/3d77//9HBGTT+yi6RNFQ9FxCBEFx70XxHdfvz08Xe/+12Dkr8oDctqAAAQAElEQVT66os3X7x6PF8aFnE51/Pz9eF6cfaMOhVsEwXPufmvx8eH5qqcsczp0dlbzQ65lXo9vf3hx/evXt+1894s8eNzub05AZR++vjDH1+/fuv1XV8E7+qo+WE9f2o/9A3nXJWLy6O0KuJ6x/miUaGK26i9ol5632r3dLKtDlQPplQpmvmjp//F2alko/a8II56+IzIA2XCA6rY8GhGEZFq7b/SJoJTd7+jOnmpHO6IQB4JzaJLl0oAvJgGN1Rpjzs1Y/WZzl4iuHg+AT2DVmZpWNLxVMXMKk5WKBjMCw5CgJqxijWkmWqIc/S1lTmxz8HRP/vaxxUWsHTaqKdmHUjSH03YU63WJQ52axXAKy4i7RBei4SR1rcwFUo6F3RMORCFqKcKSVTBbnfZ/FvnsFq4EesYq+0M8IbWCvzoD7zfJe1TDVB4D7Rb7RoelV04Wmt65f7R/TKwNhYlF7O6B/v5ejogtjVH1Q/F6zW6LKAmF+g/QmcfSmk7pyGLSCxZpPiqMlv08MmyJyWAAewFEYxPwjo1qkdusWBy5MjbzOkmTlXxYdw+dbZCiC/70FfWf+kakagieMZwEoGGPbmlcQzL78Y9xorGbgwImJlMLB7Kb26kkLZN43g6nqaDN1PmQYqeKSIVWk1KdkTsw5ArxfsmoTt4zSo2eTB8YJpS6CYhHyYAbaitiunuQRQm4rA4laGEaiGJWFaJRCsoKy19Xi/Xy/Xp+ekyf3yeP16Wy7I8nOfH8/XpfD1f5/NSz0v7d7ksojmyj2ZgcT4lTu5upuS51nMLq8syAcBqn3RZfAQNqKS+XVeqzK/l7ubklCGMTa5sWQhMLIVqRQ/dkgRNEglR7W+nejrNJ3t4fDpfOAJqZTeS7GDAM6bnpmeNQAUNfD6bLRNptADu9Yk5ayqV4CadC5dVGRQ1cQ9KbjuF4FwHfWRy1Oy1I/j9NXz9JAHoUra2TaYY++3IXAxYoY+kGMFOYrEXdDccBur6QBy3yp8zLQuGYGQP+JRk3T9nQbBuydBZpblkWY6yC3wlZZE13GgV0yezvATcKTZ7BbQXIU2YQcyA0panHP3KfnEkHqtKpSZaJ4vYjjCmLomXRO7yLzplJSmdjyScK0unyaw7RunARbEo6/azZs0rdjbRqfimzD6SAqpCOUwdsC38RB3LBJcBlOGgnoDSqRcBYkv15r/2v9mHpZbgT1pWSy1ttmvdUkKagEBKkRwpu8a9i05bwmP1OsBkqHyalgOD6Yb+RDuayMUIZ2Bb49VmS7g+KW4Yz5+FrxiaxP0U4UqlQnEPIZKiKEUMZMxxlaoPCbRDSu/u717f3X7/vln7S8uN8IplWCBtCAwMnHTY7hLcUebxcIQpoQUGGtAWgk5rRTudD7Y2DEWkLZXIZSK7GfPjwBykDqYA/bptMyXsWadAmyI2W+54q+IpqqeJlrEFQ4RESgM4ozetxxO1bHxzbvIS0E0EW0b5q2hQVXoKYWcgpvB9C0SuVU+AQDZatFj0RRxd9OuhpAhAxTKFXPKud5J/Bpd20JnPPZxL22bgE1VwpdZri4Brq0QbezV4xCRlzujH5ydysCK/UagCuWJeIklb7C3I0jYVHu3BTk45okpBFhWTyjM50KlaCgnKZBGjJJEgSsAUccAJ69KwMa7vCaEhcY+kMxG0SsEC26Je00MuYdmUSzESjpRVNsU0+b6i529oZ6BhsFPfBdw8WA9fIqM4JmfkiClaFGmpRUVoi39MCWmjyhCA6jkIW7w/oD3TIQV3g8OGMOtab+BAWw0boNZlwlQE3FRCyWCEKy35DG/kiCZC8TwaXS9FqjpQQiDaBQABL0uUvgFwTgCx5HhGoVc3YjI48TwIp0CRel3HqV9yUU9sdv7FwlUC7j8O8zJcl3HBrnt1OKVlcb0zFG5o41tNr9Vg5/lyuTpOTbhcnBu4hhprn0kpZ5tOtIU6gHGamKbkRNApsd2x3dyIuHyCdkRpP/IGxdM0HBtgCVkH71j0GmoldfWA4YFIC5vNHHIY2GIAxKNwSoUNBtqDQkwDuUZanhYsxBAxhPng4SmqzSiEtg6D5swMXtWUJZrtMdum/eMsCdBjzTowGGlvptaX7AD/Sd0qeKIwuP1lYzXlCdknApyO7p8QqEgUfg+U5lxFZtxlPjTXRJBZjJaDFP+0FCopmxLuqKCqWK6u5siNeP5WjkNLkshJJO9mRTsZeLPpg/lpquhZpAvGmExdr6JNWQdlItQPLjihvswBp3lIn2GgYUySnIaaVYc+rEebz5NOn8AWVSn/b5iiUiPJrDUEJuDbCvxDUNmi2hrOKfVP4/XHYEpR2DcZ7hrmMW4tmG4gUVBUJL5i7SySnn3mEllq6s6If4DDkGuuYeu600zyyYZHk7Z7efHOMq7CrPW0k0ZIJokaCwdRn7ccn6pj+sr9PSvU8wmtRRcM7a8MZVxpVgCv59W7tzv+nranE0/Ztq++RvFNBSQ2Yhwfh0X41EFk1HTU8DNtR2EQqjOwKqJQFOYTqxSQhs8QcHNAdswW5eAEPofuOdEJVG1yBLqJxZ+uOTL2sY7BM9DWr/CgnKchg1KZUNdEhYeESbmQMqrk2KHGmSJtMcr0cRoyLUGzCDN01XzO7YAiXObZR32o5phaARS/sJvJejawX8ndCmdnk5+eq5vjV/fjr/7mi8P461c36dVp+ufffPfDx7N/XKqcQ9yup0H4EwjjmONnWzu7G97coKCnp8u3333/+s2bV6/u37x58/R4fX5aGvr89Py8vF+eg63hlPNEtSox7Wf0LXrrjsOeII873O/O8/l8+fbbH17dN9jZR8henPDYXjmVen749OMxL4fjnU0TNLDukzO9x/XysVyfvCK3zM0Rrvm6rBcSSvoRYbLSrVrdpU4v/tzPgNMUvM8efVdDj0KqdeOVYu+Ygoe+ieuWw2zGZvuA+P5LJLpur0jWfYBF1xqx5Y7kJW0C1FT4FgiAOWKjsJHLq+IMf1MZiEqvmF+JBpdUhBvWMl/90HgzkojW/LaSKDJx62ZTqjQvuOd8i2sB03Z3zLcUrVSzz0tf/da3b9T9ytZtbeq2IIE58Q3rdhHWi69WN6hXv8tfi4XtNrPWzw/J9o1gPm7XbJu3qrsXp9S95PaA9SHbi/vG2B/MpMsK/xA9zTtrXuNzhYnRcUeosyk88EaVYactNYsnZl0N3eS5GLGHHVnZsBNMlOjs2K5ZPimWiVHu7m8mx9N9uDaP1bSlShyuJ5xjWxF6kU7oqbWrzxv7hK7+NS/QnfB544iT+dwZKiN0Hk3pkgkbYtBUa6RMTNeUtQEmDsJ7POsOCzCuKBhW48epuYtpOrIIRfrSNCCvlmJU7XdFp608pt/I5qZjSwg/4YhcpdQyE/QjiMRVTtQMEYs+qxqdYgb2VO7FM7AFlqVe57VhytfivdHn8+JY87WBzteP5+XhWq6tADWvVyj7tVxgRqsO5Sn3Rs3U2IuvpczmJeD2FNDXivC7+aPrlUESD3hbrnOdGQbenFo90buX0NkZQmqMHbjo6CzZlo2nCDyUA8zOkM/aYKX0cxRvxcFMSSE0R8dFZOVCIT4RMdAnnU9Hig4H1/hgL6FFnUXp8cD0ueg0B5aEdIGXXifoLyTlJxkoSrG/pq+fJADdHB6KKmlvfS1m+6UUcztResm+mYgfZ9JVEiZRjYPQMGNbmEw3t68YvNqgHCGATQp1DtkFVjVhNWQKu30QA5eFcZbpOBSufwTNofI7IGupA6Z+BmAFEmqJvcbu7h6Z445zwTQ6NEZgecsAtTx5BrU8G+0Jx4hZz0cSq5bgVMjjbZkhMwHB6wBfAcB1TqspEJBaiPrSa2cmd09eaw8a6O1Wn7UdKrqOH5MPAzFftMcYgjaoNuE7FGMmwdORAOf2uToqAm8X5cikdDN0qzVCBYJHJqcRm6LK3CCMHgJxls2fpoHCLOHNkwkNsPA63HMK81ypIKBC1MYBpgzRK21igFIxixS4IoE8XOggf27oy9bSIbEpLuSK3vsGo7QgL9tpyG9u77754os//vAJ3Y5tHV07tV0i1IV9omBLkciNIRTIWT3FxH8xo1itL8kE4hGNMeDeDCFd5weboy3ePLBQkDX4ntCLkKg3ZBjqhomYgDqv82BZxUQHcKugR06d/1hns20xpLrQIOmZgh0fR1wflBSPMbvmAdklSv776BRcu9gD25JwatSPlqmI4bRcTFTxXhjUeLkHl5XsZqqlgBLP2XGGwb7Zhn4ycibHeXQAulivM7NIBaIhdkcHMqN9gCef6ClvMFApLYWG62GpG7C2QFpjpZ6Lv8Mq4kCHfmog3hGQ+b/B07Ccg5iPjyJjAK6+0BfSZzt5ijhPIszqzedQzRWd3e8C8L1SIhwCCcp7a7OnmjQswkTSQJJIgYAAbh0Uwuj/or2jtU0a25oYiNOUKmzn+0E0qYzVtgUkHmXcTV468BXza0XHsro+EN/guZtU0RgkticNGWyitDk+3f+3QIcecyJB0RMfe7SJciOJ+jVLYOhEKgADjMqyMi2ugnja4GEII8XrSVF8k6BQhQUZLc2JsB70LKAsBacXT8q5urkH8qhkofsRQ98Ome2EmmTlreM4r254mtHEVSbyHAbU+J3rDb517KZ2OTcK4QvYmQWVjsXVoyUoslzXOl+uw+E6OkosO+mHp6Wrg3EkkQPYELl25nIVv9f/Og3D6XiDfBPaef4dTBV01rmhj5wTLBN1i5NnCgcoikPHbzwklHyYYoxO9adNRZGs0uc2FIF6GGPqJh2r1VwpPnUW1gdNcQW+LvZCNAr9foUd17ZUqnbg4bPwBR5Y5QxXNWJCodXYNuCqMDHp0/v4rUaK4c/Pu1oMd8qogIudo5vE32BEu0ES4jy6vAYEu5jPwKJROozAc+SyuAmvtadw0JhJxv4hxASVDk3en5Aop01RDEipHKP0/FnO44XeqnPSnrKVmHvW+Vb+9m0XMHoHeFYpkMbwvkgHGXAmaLUFvcu07kJ9qRTLvUerUWT6UrBjM7meUQ7rWEVVY7ViOLitkdUDRjG+qigZopsnOsHMgmZtpeeuYccjyJThYegVVDgj4CuUAIRk5sw0Jf3pKLajpc1b0R/+3rqnq4FcKHGjpzQ9JeXbeiodsU8d9wayEDBOplPrXiFJig69CekFTps2DEsJvnW8pwNjQ80bjqHZdmHHkgCCWB6zvjPC7/e0fe2NcAjDh16ujo/q5h2PhZmdNqVurW5QX09yA8vliVLwIOaVornsZ7ftBB8/yG9XD5xQjoSinR/iBcPUdlIEHnmu8uTQovIOLbyhH+MlqbJk0sdxHweuFq00AzrYARQmB/Dp2SvH/yoeNwXFnD6ANibojzhoS61o5wz7UVldSo7NxIN4U2jFA3S9EEwuaj73oM7rfxB9t/EAJb4sUMRmlybBCSQoiY09VNtkC0jTlmIXgQW/idF5xrieZgaOY/nVz+/vp3/37u7+ohVH0AAAEABJREFU9d2b/+mf/u2HHz66xJJHpO7Xjvng2v16IgJqIjlxJuV8XT9+evz2ux/evH37q1///PX9+fz6ejlfnhtsfL2sjz7JSkADMRmcCeIPCIsWdAK442u33MAKJxnY03ff/3hzPH715dvjcWgP9cPp5vbuzntErh+n9fHN/X2+uVuPN3m4G6e7nKdmkVdb02XBky0uC17nStUKHllfK4O7J766ZWG09N1a8qwiHRgwb+LA4rAss/Ww1zZbjfWgC+hBcTR6ChGjIeEC7pEU230FAG27LDmFc2AQJgVxnlZhJ0ywkAYUCCG6mpC2pvt8tia0J6pygEfRE0kc6MyFqqVHgKXlNSVTw5cZYuwl2ZQiJdVk1scA9HXhsbBUt5S0WyWZBtth0HXDgW1nP3i/WAT9Yl8V268JGcH0GbaVWVP00O7tcT8RNDOK5WC+Lezz/j5jibcHVOuLIiJj7e0tey5TZVyVrdS6Ic5187M17HaX71AsHZlq2tbEegabA7oM6RVp2wQlzoSWMfOPwCIpgtZVF2MbLIffeRSy9o8lRV7vVJTZMB4WRYjQBM0TSLt438CXkcrQXyaP0qWuqt/B7CK9UMwmhUDWrX8sPuNw5qcthLhe5uvlQvTZ9R0mN37N/5AzMIiCMjknQykDDz6zp8qmcG0rTHzhQ8nWNafIIBDiwr1lNWTQ0JzZrPd0ckpvYm+rMtssl5kYoVl0n8SGaks0jil2AG+QgU9VzEUOX+37JAd4rcVhvzI9VeWAEuBSnuynCDDchraz3Ey3S2cs6fm8PjxfPjw/fXy6NNz56bo+zevzUs7z7AlAqVc0FGPMjbcXK6HF0elVLpzkWXwjJo9AKLyRPdki+CuBZqdcievcXvtMsvpab44VPPVKPAE9FZqLhn3g8rVboGZ1ufpQoExYZt110FlHHYTI+4+oXI69CnBgqPJM/sjyAg0sRPjevufjiz1dub+7GajI4jwZ67tS4TQq7hmkIeLLQ0AX5lh/PQ0DNfDYHT5ISOav6OunyYDuSlhbTZq+njizR+crVHvcf/qsdk7HMg39ThatKvwrXW8wZCxwj6pQn96Z0caQ+uQBcHbwU1hh9px0jxjSCnzHmKtGabZegsnRQgKgVSLplY0qqAnN88JTk5TMZYy/9mAyhiGGg6G4D0f9acArgDANFN8B9rU78nDRTGfC2iXh7km5jvKX1AWSJJurtEfm3k3zWvV8woWT9tXto7JDexEAIKWGWykQm1jtcrm6wGs4J2rLD1I7QcriAV0wx9IqahhDQO/toFJCEtObbo8PZXAaBt8haAi5h3H0ZBaJZHfvOXV5Yuv5vTBYQugrkcHCjDS5CG2Q+djXW+lceRFRRJWJXXt6slL/14QLoyyB1A49khA7aajN9M3XX7354/ff/fDR+7rHRCTVMac6ip2ZoSQbW7HW4GXi2SUgDe392zq7NsAwUO2qupgUFKqgrnucpno44rmnSvhg3yMnsc1ExqjwO2lSfa4rskrLJYYpRW6pyMsroEtAmlxddNfnjbHKFUeFk5CPd9Fyk6/h0ji+NxyyIe7VKBi11QYeETq96K6qms2DEEpqk8fjyBZ+V7ZNEGzN+j2UJzLlIXgHPIGbdYoSQtvJHrJDiBYRGvNznQd2eQ1OpHKGrCQeGwqWKljt6BIGv0RZJGag8cRpWgEpimapsy99alLahfG+n5Dx+K+uaizA6g6+LUFKJfJB6mKGNO0glzgFhsXF8zbcHLUGjilWQI/pdswM8xrREett4Mm0IkmKcFZmFZskDKCru6AvO+YxliifKErwpJe1m/7LVVkRgjcFvoXsXcfsRvJ8jZgEBxKS7Ra7jIcPyiwCUrZjj7aC5jpczrpXIzO3uoETWxlTzgvnBsg9WAgiEIGyGh7EInx3xQ74IcbhVBb2dwSzrQTp366JXQme6A/FTynLqr6PKidEU490g88cyoZ+XYLqin96BonBfR3QZlc8EO/f0VuKMqEIsgInlu3LLHlpEpH5mFKvEo5lOhAqdGWetjeHsh6Op6nPvWlX2xakWY/5fHE54MXadU+ZwVaGNOmEcB/d/2M+nm7bD1QYSAMngXhcDiXnFIa79LTeucAV9+0voCRLYfVvXTKwZvQijBECZtQHCbYPyARW1aIoyEN4Lvm3UWQAuO2SGiOjRTOpOvqaZgngd8IOjDYaRla52xWsw+RotcpeA7Z1RqHCKCrH8mSOfGHxZ991hTzyxfHz4oFrlU8cb5KhOse9701C84L5ewA7SpXzGiZFv1nBge2/cI/EAUop4cH6uedpy2yqEcep7OkYPZHXRsWsAfc7elDMerk6gIcSBhTL86YuUSzsBNF/FksYg13bpluTslaIrCZlWCWaQbA3h2EDKltNLqUUDHcaBthYW+lCAj7lqOgRKuQsGvpmL3KzKExWFg6Rrw65j4PZ+7JkSS1NKUYr+yBhRWgIpKh5nDXxLb5SXGUceILOJVYEuzrwp854CDdFz8hNPSRRZhJncuQcYv7+G0xIE90xw7Yq5DVbpx5ga2TJ3VsguntqV6n180RIlszjBGilqaJgFkC2phipxsn0O6PyJ8ihCuLU28VANnhcrE+NdD2YUhG+RFDKdUt7wCk2CwN3OJTAsk1QaXyicL1RjcbKt9cYDl3UnYCZB2275hWr2142stnI6R+uajUej7cj2zrgNoAFr8xjoYa0ovVnhQFu3x597qh3RqjfMmN0m7imKdjvPlR0xdq2ZHd210BldybbvgxZI7kA/bCbkxVn15de0NdFkS7uuIj0vRsiNUDWJZjy8WY43UzTzTCd0nAoPuaBpZwcE4YV/UZYo7+Kg4LTjz2QBtYtx9HnhpSGETSXtX711VevXv/861/8+3c//6f//r/7X377uz99enx8vs73t/dQDXWI6jAdZ4CbSQkRz7efmvky//DdD3+4u/nF33z16v5uucwejtblvM6XVvD89LRCaTthHEJ7kv427EuHnmJB4asFZ9N4ZJJ1nZeHp+c/ff9Du4/pOD48nz+d14aDp/U6lUv5+mb45npT29ufyuGcDrctjh6O99lr+0NZLjg7JdSKlOMZTxWxZ1acc64bT0h6X6mDDnnoQ9ot0FIahB4N8idWoyJYN9arbYegBqOiw9ypp2s7M71DwFPYEAY1OlXFOnLF72DyOHVxF29zupbr1cEndCiKfFDLcD633e+jgX3xJ0Rax3Ga3bet1xYfNPd8cv0ul8MCwyutc1HrW2yf7bJ0z5EkcwHQEtr5GDVy1e7KaCTTS7R9/xX5ZWSxAcZtH7xr8rP+3mEjFNJvP1HZr2AqKZ/aVrrDF7lihsaYNdmWfmwPxOIhFuuwAq9yV0zrll6nj2kOUM4GlpqoXPxFuZXtc6qw3KosZ3+FyQLOq//5JRPW/3J1oT4RoXukxUzmCZWmWGe1viUV5uGFaA8z2Tf4bXhPIbjG4jOdAmJIpLp4Bqsahvx0O5rR963gkbI/IGR18SVwybm73RodZwaNvufnp+t5bhvMWxHGESG2N1kzwiJKk4AJujI9quw9lVXSgMnkXG4tqFZEl8Iqay4qpBPBJMKkghk4fMQf9EZIoOgJDVNToliJrLbnv7krW3F1IrogBrHttbJtZzxZRYaYAUblQJVkqZayrpNPc/LT2dzYAwqVj+f1/af5w6fzD0/Pn57PT60EODc4V9ljseE8N5TGZ5K1JWwwAgW9eTmIV6f2Nt5uAtea4jC/YB0Jp610zFxjWU8u8aAiRPvexZvznh4vl9Nhen3r0tD8nQwZscOIMeyl+aE5KRAA2kAOKNcqVScst3VoTnzMZRdg+PYYfExWC30RM3AXrxTjcnD9Wp4TZlHgfY9e44Sioddt0WDsRqCwrwQGH9F4cr4UcZGp/Yqto5WDOfOGYAL2Wyq94syGtPL/MKD/r//VVSpqpAeysaSf0EhVTkyAdldW9SzgWgTkObBT+aVB9rzkXomiRZWFpeSGiewgs987duRvklI6FcSQ9wCwoXoGjGmfYJ3BQlRZKIjDRG1o3YqUGP0zHE03TSUNox8gMoGCSia1zXWJ3IacZVlqZYg1rlcjiCzvM9U4vumlkwczpFbhwQiw6iD3rJkEvVIN3CSQo+50K8trBHXjGeGqVkw+hzLTcl1affKC8WLqyFX0RgAfeEHO2xwPBM1IZ1jfy0TXMC9MuXzSEBuQxI0jbbciMC5Bi1Ip0FN64BcX7r/RSZ/9q7LSi/rBsvApomcNyQN6ppkGaLWFTvnslkJsBR6y9Bw3Af5j2OqPfpr4bQxHyxgx0yL4/LqF87enVgx0ogeIBIecDwNaiHsniAKjqtTKYVBoENeVk11bBeNwyMSD2m0tmOSOQ+A30U5Ou+AWYK5Q4MwA9TpNSaS8KIoI0U1bxs4c1WxDojtpzyK5rXToeAkHBqag3CfREBRmMERHQ2wn/UKEVwSlGp5ewXr4OVZ9cT5AxrVI62U+0A7q7Dge5yzJhEHiKypIpN7KnnRBiJOt7KglKcyA9lOcuHYhMc+QAESKbKOyTXeG4AzFnPlVRaaoRW1JkfknNeArb0HRxoIjkdTuFBCt6elgG2Q8Zsg35xAfRNWkMn+SfDY/Q9rniiMtHlsRsJG181+QfWT8KJXK+9a6aN8nrjRWPrrpBAMkkRcQoc2zMQwh9Ts2Gi2LI/be218FRqUakkiJIt7eUo8l8Y8chqi3e5KKPe+hPFJs1q6qwOtSuUxurvOWgU+Uqs5RR2MPmRsiamDXOkZcKEGj2u8UC2W1RpxD1mulJhr1G1gbKWULYIXTDMRiHfmGtlChioXDZ9DRVvaLAHZwKW6Y2MLseOyEuEHVfZ6pNDBEHFTUwUoCjmWk7H+oHUemyZLtdOgWZAMYWlZbD82KTPPUQrN1GX3o5bKKkoaQq0EML3I8jk/EwEAL8dP2k3E6Amv2DxzYKUF28zQu265ur/CJXnziwMaM/MAOmbg1x3/Jm255cdkMTILmA1lFrirnI1YokuEXN9A9QJ/EfWvxahHHSERnIlQ7pDqyrsF29+ihEM72eX0rt7u/aMyRU5ZKkRDu6a68yHrBQOYelC8YSrvO/oQ1GVXszWUUBxwCJqtpcyZsiCpdnVXVGo7FwuEqKcpGUoYJhBE8D5ZyY1pGSyMykEnldDXuxEsdY+Kv2R4oUcLOOmoxjjRnd5cpmeQ4BE8Bys48KpMKn5yh8dse77CAcNf+TUTCF6OgMgHvAyy+HtKkCrGXQxhktWg+tK3C/TDkT5JeifCwDsC6pSMGQv/c+3DCZlKeA7sM6rnqh61KD+QDcA8rxXV3IFECXxu7dOsr4r2wcwHhlq9Via7Y7jxS6mmtstwU0FHa4BM9SHkl7v0Ns+4RWEIsBA60xIVzOJ/UnwS/VHXT2Sh7ZCjZX4B4AkamW8/bK7GC/acteoijh2YvroOezMCePEZDKUchX61PXsnMsRImIyAHSF/Pp5B6P3K3MgFAW6WsqheVUSIAABAASURBVMxxJLr6v49aceV9cZLaOVgbpqauYWfz13HJCyaUL4eIVJpbWyEQPciaytrLUSc0V/s/C3pDBE/ssuzkCXOz1ln4/bWBtjxYYhwIc3fDhk3IwBXZqc8zpOGtAHA4JQUtDIi9nafi1CwSuylqJG51lGrJEnRur3cUOI6+HL0lwI0tutCPw+FA8Skh9ybDIUsWe7zKheNxFcr9rMt8rnUGqt6M2uHu9atfv/7yzZd3X76++1//13/53//pN//6h9+3s331m5/Gwwiq8srHQaQl4bbnPLeb+PTw8Kfvvv/X3/zmF9/87NXru+t8fTw/f/3m1dPTeb6uTxeMavdicEORhmZ62wsKB/fuaD7tIwAa5nldH56eWsj7+PAwHKY1DQ8PH+9Oh4Zh3B6mTw3V9uM4m3eYn+vhZjy9Hqf74+HdUsf58mGdn9cF3edRva67A4J2pNW2zvs4tpFtwdoIb4uYt++KwmYn23a6frFjzvxJZAZK+qxHrqGr1u07n9OW0mLLFLOAmaU+WDm6Okqmjva5C2tL5d3zbSVH19hICx7t3HKxwhijLE+PDQ483N3fvHl7vL+ffTr3mpcVfZfrCQID3liPzrPmg3Jk4wpyEhWTFfyiZpOVfW5pNAvSLxJSi7hqb24U5e75ycFY1hvq+5Hu7uxeEmGh/zX3xe+5apTi9DI86xIXuTei/ZHxalRgS/0/vZaoB80XlQ77xj0hpyANqZvzUL2AvUo7e7YtTeo9TLVuuKOl+C93pvVk1nbL9WKf7b6fFJBusanzlrI+K2nF+pal7yjsy2Z4ktLmQZhQ8U3LVh2patrcfG/f8YQyeqxlARVQk35TouiXOs8lDcJ3KhlF6BxlqIXIotkJb+DzbrjR2+zA2F5BV3AVDOX/4WqsO8qNMmvbhuhUGB3pgglVAXdQJp1NKBGIIoyBzFMgLAx2nSvp0awfwrmwprtqFfru4hJAhrHEllSjKqxwirpjV/nqpyBtqWih2QT7YvXEPqMVDL2V78+Xj8/XD0/X7xve3MzhXM5LOa/V5Yfm5q5cmGrBVPfswSWz1cuzS5n4fMHT8eTTzM/P18uV0Qli29V2Bm5/XrbzwBvTY41UF7nTGiY3IS/lxuIdHQ4H7BDdXTNEOBiG+agahDZwUHZigMdEAnQvzBrEBCO8fTbvpoToojvWhMYsAuJZpKNLapVdTUNsZbXTBOUMj6+aV3u8Px4P3k3n4enos2gwt4bzxjJc4kh1Abd1bAd2b3i9XjwIcKpLABsuXTANf10i0D9JALrzX7qnYtAehtZ3e3ugrr/oIeVIUbMh88AbTSLydM8ie6NDDtOTowRryjdklFXu60ZF/9F/zULWzDTQTXLj4e0RHARfv6oTs1M4U+gWATeMiSqVXdTRPs9zFlEHK4q1V3oJykQDv5ngGbNuOANVEJKYI9LvtO79F+P8WvUJ9A94W8IttRcmtzRMnxW2uu7KOQFA+5+5IEFLrBK8WxVKV2AJQIvy+NmMx5CXl2AoHIicNO7oMB1SUOm8uZ5xhP+SZsNtPPDSi4eiuAOU4BOtYbt1a9ID1H0lEuO8U22RsGmwH2rwARPgntx3Dl0vCq3++g7kgaEoJtAAimnEqZFXqi9qNaqylWXKdn9zuLs5XperATMZ2z8owCmst+iLMrPtwetHVbKFgKUwXj1q2PpQJ/vM1xZQulJVPqgGnjSe03ZF8h5M8N+Kq6pCXtuiHNvdUY1NqFOsUmDkkgpuolaqmAv/K0n5WsfIauxz7EZ2PUd8mah+nfD9mkVDtkAGnJwJLVjUvVOcdSRrBcAcj0eOaHI76/pkBZ7BkJXcDd8hKYo11boRYW4Kzggc0KDBf+bt8FBoLynDSRETgeCde4qD/xYU5DkYOsxU4sHlAwN2RoSU8X8w/41QC+eFod92C64YRtXal71uIXYKhrXI47imXAM64Q87yYHHSpfs8QGfXQ0D5m1LmZICpk8t6gFFr9OO/+6BAh4frUuYZj2XApRRx5NwOdZ2lQ50NQ5R8mUYUMq2eJKBQMU3xEzGBWAn6XOSiXSgCIlZuqiIic10oIIOHPqOkhUqLtTvsECdN98l4Ccp8oq1w8Mbp4k35od+LE5eA7EIEg5SDUOfzsp1czoJCPzBDAhF8sR8NRPjYHSVCXCApJp4cP2cyB3ULl4QdwejVIiqUfylKqfGA8X7TWnsIXPqCSWixsQLAmOupu0z0sA7QnrTtn1hHuLd5tYCeqnsK2lngRbvDvSNwkl+cn3BfQpoMM5cJtXBdAiYyPhELlSYHSWJLrF+SRUUbikybyPjrXEYnOPv8HUMYjKqP6CNsLiWXYpe+PQir3PXoWFj1FIShbnIiiRU+dDRM3rsOrUQtKptJzlrslSO4OVJJ+vUdLCUCa/qh91yUx6iWgJepQ9iKKA2sVTCZqgrQyML2Q6VdSOJ5C6yfiExyFw+bBAyQunJbkhuEhaUUg+MHByDj2fiKUyickZREPpw1occ0+fXmNpnYfGStjcQdrPIEqO7mybQgv6qabcdHoUjWOOZhoNhYII0zOQhuG1p9lOgA3EJZn0OROk/t45NJZmj2FDYAYSd+TsluIfW3QYeSg2iYLVtv1pgCBuqhD2aVHYTzgSYwknpVWNJrC89TcAWJodVrrrkXTSpNPDl92NduUwb1rahNv1V8hgcPNATaG48FZYH1nI3X9P7nnpeHVvI+pPv8E33G5t5UiG8+8Rw/RamLFyasI6IgFGFARJNLLpd9MCmHsgMEB6Yejju6vZuLUbeNSSnVFKHFR1KWoSxeMkwuxYVFBy402R4i6rXhNUdbHfwlQB95b6JOD0lafsbPRKfDOyNOza2cdBZIJBYsInHLLeA+1+7Y8PA3WFKPsR14lRig7i8TE0GWQN3R9+WozmU65qt9CcS24LwmLd6ONCwNjy9jA3Fnk7T0bX7v8o3/8W//yrXa63Xp+fHHz8+Xa+O6xdonmX5y4QzXgjauVXM6XKdP3789Pvf/f7V7d2ru/vX93dv725bIvfwdG7QyLI+zNQo8Pt1oi1kjyqnJaeANJitePEZFpMXe2hF5QaUeN9fOyfDMg2frvZwrqejt2ClpeEtHICcjtOb8XCLrpW23FcKjDFlWq3sIqLSlyQsmDK1WLq6A14YGFuvpOyXE49vB3pZuBBwWboFNwULuzi52z5TarMvWtW4hh7BWf9Y7kypbrAQujj1xFYqW6GBfvURxS065Zr7xM0RBf6GAR3H6bA2DPo6Z++P5xC0Fsn6oh3bKRqr2efWzBQm7lbENK3dNgB0B252A9z/F28X/0rpJdZs2y9ua5HsxVc3s/uvMBWaClijOrd9ZZ1e/7j84p7S/kP7Cd7utr7cB7sLrsIUpJQdwVE80BQ+5M8YzVsM6b9A31/jlZGexef11Yp9saHDHTqwMPG2/RYsI9H7GoFU3i3qbrvqS/ohWOHUk4dkQlDhzvosZGNU3P/ZKERAczWHZ1PbgJClxp/Ybs/IVgUB3PoioNDsPXkFIh4jaasYiJLQ7ClKDvheHWhOQqCtv5t1PypC4nbHNEWcaSeToKY9AdByUCR3p65UVxTGwWgVTozGelI7uz9+IcrCwWMnsYAddkjJlg52+rMHnBDUZkT83WB5w3ZzS8+z/bHV/H78+MPD84en+eOTa6cVTKyFfoVbgpWiPBg1FMvSsGmH9F3kQnOe8caY8RiNTNELpatOuz3Mm3u5r2NrRhwmeweppwOvGlG/E6kcEefpcqHaNdKnxKbI3Rnabc8eHQ7e3GRI1NrjP0Cb3z3ASnolefSJEElbpuO0WFDTmmu7OTgxMIOj0u7zzalB0sKmc0U+4oRKAtB+B2WuV/hsyhO0iP98Xc8OQDfsfmilUFKn2/1N7qkn+2v6+mkC0OJI9q8aujv+b7J6fWpvK8e6LERm7jWo9dWYV+PP1MRBChV0kWhNtcjw5PcCSZOTNwYc3fXgcO9Jkd1mLJbWqOal7b0NKmwBW2KYbA+wzdI+NSCTtpINVGR6UvARTFEJaHkMroGzJ+oMwmnSvdHV4d6jKaxu7UjJ0t7gWuqpWhV4k2oPAioaj0twmO3PfDzufu0AdNUZE8+lUN8WvdBWpbkjOGHIwENcaHLIXZe1O13c7ED0GULDGquiGzs2yBQyvbJTlcHp1ldFkMu2BsqUAo0KILqbbz1yalTpkRYgb8LJHKfqgTk9mCkLEog5RCt0i+7kI23T7/bPGKWf2JnFSuFbsLvN0TPMOCpoM3HixKubw5v72x8fZjGCjPiWhjK77BELowp5d94oKMYQn02cculY0DiUGoWB4gB0892jG+cDpLHY68lbK92m9x1SQSGV0kXdAqZtR0VIFEMKedM1Dot0sSOuUVu0JYHLdfeJKfXgIFnkt727hzEKRAXFYWTu7/cIaINxsV8EAegsjQozlVj9y3t50LS0FEa4yAMjJ8Or2bbry8H9iY40wr6RnyuNQxTl99QcttrTHZaEopT/40i0jiSwS2mZpNB968Fa6rtYqsXaeTWrggTL4TkX2scG6jbIXDGJSoGFrlmt7Hw6hnqKH1cqdWx5i5iOaYtNa5wjjoNQA0QAJWkbQFV3eVClSGA0izH+wkbMPUNCOQSRG0yL47BQ3pGub6HyhlAXRmsrppTyEfPEkpXafjovFI3F++i28SaZ9tCi6yR0sXnaSOFe1edBsZXKZ03k3eOMsT+QAMljjh4Z8zAm2i8pcMlCo42QsEZHCPULtKetRgWFWScuGI/by2noAhNZ1W8/pw609PUuYpBy6iAPEx1eJZIJzE/gUe4lSB/ZxOJePPieYPDwV0LdTFYhgFM2p5YFonZ9a65nDXqb6hQYYMpqMO48TYcBSinzPPtMsAi3CzVGhLksRUacRqBmkqQPEyw8OYk2SHGl1hhAClmYPRRew+qKb0y1UKNYf4niFEk6ZuptqRhBoMkxFlNh+QhHVDVWdjZStN+J5zVUtpgOYVwW82wPTT0gwc1ToXuQ/wL7kINMvfqB9lQDVYUd/d5Ns53HDXMznYSoH8vw1mj/sMjOSCb33QhaMjP/wsetvqRaN7BaSJZtsJgEtPyFq3D6TDuUS6BqVUIPTvgY8oaPgORB9VTpCZHatWJAGkEw8FPUCkuUJW0mPWmsTorDpa+kzMb6hXdfJ7gPN1pJjeOe1uBNArklqDeyU7UGETil0lGAoDPmnq7LzemDc+4JfsQYNEcM1bgfsQSsQ7OIxbKQzvA+hkpxBUq0i1y4/oeaKV0oflvPKSt6SSl6TWCE0r4w0Q1t6lEPbHPqrAquai8/BgaSFG/2K2R6X8P6VD7fOKMpMDIh5fJOabAUl6Ads72F3hfq9tkiDrAXf7J4W735DoDu0YAy8fA7SbdXd5moKVSmO0SviGvPFI+42A2DriHdfkpKBbJPpmJ314oK50y2WWVA55cyYGrEgE7FVSrMwLVh8aJKxIGFnpGuPOxIHijikWuMLUpCJ7VaAAAQAElEQVRKw2mGZIsKZr5xTrRVKkwb2wI5F6XXOhn20/KiL6V5kEOajjYc8nhyrnTKkt7M0RJhqYdn0asUjT16/DTlqaqRo90Atic23jjejNPJDcT1qVwfXt/Vv/2bu+vlq48fPp0vv3+GaOgylcPAvvLce+RsO30+euHp+fn7b7///t2XDcy+PZ3evn59Xcqb++f3n54/Pj4tVICBOjyCw42r6ikHZsYCT8BZwbiA3CDxqYEYx1NDTV3K27sX5mIfHufv3j8fxuHd6+OQCghLn1B2nloeMR5uXGHpYtF1MASWxI8Sd0g5A90cumnsBb6siGWLnqqM8p6eU9nQ1bNJsx0ClrrB3zKgzf5b3cOGAmS3w9yPmVlgQJ2czzNRiLpAtBIYNG7P0zvfmVnQWftnuj1VdJC3GLHOV2jzOU41r7OrRc6Lq+teLoziBjA4/GGU3Q3J1m0G13bWXNef0wvIiC/esLW/9JXs8zeqn/3wL/3KZ7/A/wX4tzMWNcLfF7zp/e/y9opC0N3DMEGs+w+rG+Nhe7JVxoq7IMu6pt4vyqcc0W/Ysv1z7F+xVV6QpT+7bcLKu9cIxU+bO+X/EkNluj1/XWYS7+8R6EdK4fcs8Na0vaVndqmyaMe5dLqLHFjKFv/XunOt+usqp4JfzTm9eF6qjUPTLnFgZngGvzUn91wu63x1YK9Fm85dzeKjQZKrCtJI/WjRyO2vyiL9Sei029ZdMWXtLdTis3CC56YTsivPWw3Dsca7vhg7aNuz1b4TUU5XkuXHavCyw0JULUq3E92o8raY4S74aG4wZFuWH+b0P/zb+99//8PH57ZSdV4d8IURcR7a0LJoAMyoTYk14MY3G8gY3hZ/vrplv7k5nU43Oc9n75mom8uOLWKWdlGrTscmHhbHjF0Tru02jDwhLdS/vblJyEx99Mc0Uo7ZMAtsf/QRVGWhcGnD2hBUuMDFcXCKYrvBMnpQzX4ZzFbxV0/oGkuQHxBTi6cXMSqTrrY0N9M0SUnFQ4WTc59pptzBt4W6el/O7IB0HdoSt6zfm3eatQcq1VzWub0Aac2JaRcgvuxclGk8Huyv6eunKcGh8JyZBNkF6keV4gzoQggS29GxyMmTyIhKQmF/E1ttCefUZOmFFeDGZvKj74Th58bmfCIAuZsBhTBM1WFV4YpGscI4cX9T8kPGdQsv4pQSIiGtE6Y3onupO9JPc+8y3uqGy+lg3aNGO0baAYLrGkr1+IK13n4qqxDvwDreGpNJ5RWAyUaakbfHYlqXasw1pQXS6cG00Ks+CEK4bTVG76qYqMrk3Qne9jWyJZtFAAh85qA/2zicJjbwOs350AJrD6ZVJIyMMAiVRmIzwBCsXoGqKQ14KBByyZWP+xVinBqBJwxBLNFw7emHUE/iKP5YKSNsBKTYa7O4fJVGkLH1PnJoWhxdpcfhpCDsQ8bqO6SQiEksbCCO5Xn/mNOb29Pru5tSfwTH10fTVLFAAPCY+4cBMGTV3tTNjpAmWAWftwBTBPNi6LkD5t3+0MLJBjI5zfxwBBPUyL3p5QrpwtXIjkyiolu0G7uROUDqbHqRoMzIeUGSDgYPQ4fU93lS+3LhUESi0j3tJIOG3CrCdTj+a48YuMKl9MZ3b3AHZV5FAc7H617RAV8g4d40kVmAX3PZ5iZZf2teJ8KwnKAOlSQNk9D4U9gXZUYersfmboniQCOxwyY0QIvD8Xgg14D4W5Y+eaiHKxgWsZoZ9cAWc5w8r7vSV0J2dqkzzIZ/Rk6kyIKML2ah/463kIOxylGNuTfy+zZYYpGz5C6sBLikB0f9AD/ouNEcwDZAteSD6hyqkyKQBTTG9jRI8acgCNQd9gOkKYG4quCtMMUeVDpGEIAmZtggzcWDknUnJiehP5EkD5g/3xa51hhjxcBVbOu6zBce+QUJMTVJcgtXp4mkMHQ1+Dw9ZJjUiUPt3LW93IxjR0GY2Ijjez8eMTtN5zLqr9ZoP8/sH7MVTDzKv4IKhNt2Iix9VmJ/BOIT1ypyeaU6qH0iUd64x1kg2xZNQ3PMQZM/E4FG7EnnNFj4MndI3NheRhjKpvCNU00eB7h+K8WNvZURymqo34wHSB1oI4TbMtFbeaKgQSHbr8h3AKnCIGXi/WoRzVI8t7jCNW6CqjnGwZgBOKmmIgyOVcbEdnBUA6Gah5Ey7rLcqlFEgl+FkhA4MqntHa8ukDzhbgiIJ8apQAALGtlSd15LgAU5gndsohXyq/AIPlWQ/lH9T7Vvtv4MWB3z6oXXW6e2gIdJDar4RdLHINMPFa88FBW6vHbAyAUz23OU+2LwRJUqTjsORErYgShoCU81Q6wUdtJ7ANWL0V1m549vvJXYCNHZE/fOvk/ylfyxB1EZ1qnyJyC1Wy+6Q7ObmTrEQwYw9EGFrhm8JMI7agtHKWhMoYUU7oZXSMoNtp2HD2oW63kzT/daqRCWGIKVym4PGpKkmU7JuyoqWzUTaO7K5sv2hnw/nriCT18jHay0XpmYPsMLsvlKLwMUjVjisEU8KeMQC1+BsetNZBUfk/4K8xX5pMUeJn8iGNBCpQOaidoevGwuihUrtTUqT93OO4Om0N8+wAJFsOsGjgDG1MC9usEr2JMlAtxaA1RJERrlaOziM0FAvnLCZel7S56N7E+cqhR4s6oBGCafbPe+Xf6LrlvAAQt6KUJSXUsM/xDXoG4xfGIHtE9NM5TJXEkjLwiZvKOsBmZAsrMr5LegTE6DM/BiPrZXQdGdNSSVw7zIuaI9JbMKzkrBqi3q6yAlCnd2rg+1UFcnrdACwpZxUtU0Jf/5fK1AAFoeO88uGCqQzEXMTT0tA9Q5sQ8p9bS6fCp2y9BcxuwTF1vqfBoON45BuyooB3L6x2QZUq0lysJ0l+oiD5hKYxsMal3NgBs6fto6NkN2M76yfJyXy3x+rOfHMT1++TqVX7399OkXP358+t0ff2xB5XUup+PBjRv2DR7lqMIs/tWM+PP58vGj/fDdj+9ev7354t2r12/ef7pM3p2c1TS2UlqxcmiEoDQfm+zY/kA3YS42fXu6a+CFT7UFCRwzL9zMX8vlaW2X2XDoh8mu96cvm7tvj2AtbYU/XJyr/0WDA6bjPSKOQ+Q4mdUjg3SKE3/lcAGHczhR2CO61UHznzsexDXOAf/x9IYIqsX69+eQduWt1BE7U/wQrwvSbiIStZ9jF29qcbAQpKSqJhQLZ+06V6t3HrVT6uS8hQemhUENFaGpP7jDH7yGer18/PaMe25O3Sc0tt3jaBYM18o+McRKa++Dqep+60bL4n52ucJ26wF3ygLXyEiN4S+XV3/vILf4Hvbiq25r8BL/+vzH9sKaBr3DZBZ3cFqKKKK/XbX/86+AMzfu0fZuJEOZerN2yGPt5u0vXnn0g8bylI2Mvb+vCEXS9tcko0rRo/Acuk4s/EiforJIkgZ8StbfC0QOzdXa4Q98qWJ7hChq/92lh5VkHaLrkVpZ5/R65jUIMSlqGlTeiFNTioSLUjWJyBEd9WQTcnxtY87X+eJS5uth8v95hxkj6iyqVxGEDgzEO14mnikm43xasrPRNpq7iGL9fIHl79HdRtEa3taQ0roT3dp4y8J61OWq0BuDFApCeduQ59iH/aONRSM+Cs8cnBUTHMQeBWFLCA2GwhzMJoi43qTjgchNqwj+9rvnbz9cXYxoSAhna8xGHFrm7QxyJ/D6o3ZpwDzIxTi90zPGeV1a3fH25vb+/u7h4aF9oue7ER1W/TfrwrQsWvMkl849oKVs19fKhbe3J5CbymEc70437aPbVSQIz2OEQMlRPhlHhLUr7G/OiiaUbzGQcit3apbMZzvUcTy0moSwCD3GpXmPliq0XdKWwVFm7+MBh1Gph1HWNpGRU+K2hvTkQkTAGiHRd118KmPbQrevbhsy0P7kgwxmD55HKNU059OexRGapifflGnEGHho5kMe86/p6yc6hNB3a+Bd/Oo4h/7mHFDXp0rXdlDWADoUrdjmypAT4u+g5VQCeWEYa6LuUC/edpofj8ucNMA3yrayD8QoWS70X6T9ykES4Xu1ZD5TgxI3xXwyp72vy6krGfKCrc/pSmH1KT5h1uuqu8pnpA0WH6Fvp6SePhOSk4LPYshyiD0xe+rvVsXuTeEUFQaLBUB0DUMkUnAGjTC0ZsFpEl3qLb4QQgFaS734NWlxkTiRGBYkt4FzmciisxyJBlwQxyjDCrN010L6AWyyPiCLChz8v7uonkBifVZSzcRaI5ix0oYGXxX8FIEzLdMYkZRl6DI5LY7FaYYDg5B/UjZF+s5qjVf2FF4oNese0+EyCSZVPGsfH8e1hoA4GDVufw/tCR3GfHsab45O9QX8RYGGksSZQVJgfZ8D7vQH7pOZkEJUvLi4TwHO13zGxZqtTzMm4V2a9wZs6k2q1vdtJS0XXZ8sL8RmtiACc6YVG51SKMyYRfmmYrlebBgR95VQ67U1vCdLHbaLn/pXxQivSpoGtXXI02+ZyQQ+fc49KhoCiYxfDfZ7hES1z0paQyOvC4CYikPx1KokTAdo1qIqXnm+MC13XcTvD2FnhzYcANlUCqS7ikujLABKGV5TrXhL1lsYY4VSBC8Z1Qjq5zBUwtPXCaVl3ChopobiIUvImosJ3Y/Cu1sx78F29Y+IeNTCAJM5bBkM0nFhQywCeiKy6PTUrl9Uu8IxDRbXkqKglZMhfADhGIQ3kK+AmWUwjHMcWT56ZxGuFLpf/LkX2phKpIZA/TBIPZORoug7zuhHFQ1IMqNfYRyCeIk5i3ppESr5qfe4zscrD3UyVVMmCPMKG15p7X37r721AEFwYJ3YNsxC9zvfx0ZT1AYohTdMq9k2aYzFMEi8XDY1esNrVCoztzvLGuCX+JVl1oMkdiErV7kvO7Nu4Jamh0LGyI26mkyjqZFwZf7AyUVDOBDi3WTYVRaDTEmt+HsKgWGPpfow2OTjxWlpm811D4gNA5vgvSR4o4GFSTf3mcoJovM20AT6xdIYqIASchxd+kQS0JK2/JhFmOWi+7OsaUvRqLHu9zOvkK6dMW/d4Vu5eG1hUpyGzklFHLAIgqoLA96qwkgJjnIoaSTyI/1ZM9Rsy++6c82IAz/1vmVvc2bWnlggw/lxBS6fWonhi8KaUdVyuc6yZe09I6I6iUaXmcAY+IIu/oDOaoqT2IaodJua+R2dLKtSylqxgfSiDf4sYMrVkvSobeHTxUbAK9jgvybSakz3yI7GSniTlZKCHQj5YC5fBycCS8GZsSzgwV/l9g9/CHSdQiX0Swt+nUwyXkkNg1vYD1xE8aKvVDYXKxpa81WgAZsVKOGoF/EZ675Skv41Noefd/oQsNeHIYeJFqqXTF1KtFYoVAUanWyHpNIw8gJ57gVWia3WsYYqcjUZvztnmXVmA83gv5LWYUuGw/jbn33FekYYrCApWp6TLHdAzjnrNbQowo8ghyUYXNC3Kqp5e6Lx31jmqDHL2XBBsOCxsPoyfQAAEABJREFUXLy+ErE5O1rU2aEWoaLUsd+4bCCqhpnMghWlz2mAaaSTK7g+FlRQsl8T2yrc6rrr92lIbrtmjqYoor5zc2WoIhv6K0WSqboAjObyQpTznVdeJTwSZgy41L+r0ftMaAedVx+QAiWEwvEdvijjLlqylRvInftsHSPy7p0J1AS2GDScNyNqA2G7FgTY07FVv0H+YMBkYk+z9sgCEnJ5msDeB4eanXMKh+mK8HycDrU5yeWyzo/r9alez2tt/6ynQ/27f/fu+/dftZDyT99/Ol/nw2VMB+TZ3o0UijmQ4U6QuW+r8HStv/32hzoc3n96bp/8j//6b//y29///vv3zw1SQnDFwNZ5Ks0peDHSJa0Te5DgJicfWzJcG+DNuQsIlhqYsl6X0S1w+/35i/vx/tdf289vshd2uSGd1lvWZ1ufMWZxKuNNq+Y6N3ieHRBj+cnb1pYSUR7U1NggtNLXsxeIU4PZGEiyBba+l7HIw0g7EJn/+gxrsjjesmDJ6u7bu9+SrQ5nHxlId+Yd/uQQhZW9TMDyW5jvU8evrgENwssV/05qDxRyBJltya7yRBbnS3vu48QOxIkOsgyHFlhSp8ZNIoqJjtoESmcBIddAyVYosfFQ1sqGD76qMNnDkdn6O9LmwV8aqQDddn81RXkvMd/KzMPsRUrRy3nR29e/3fN4QQC15hfQw+4RKDG3sM3WHwQ9pIWCsXUoTj8KRRU17WmnVPkQ+wyCrrvignIjiJN1Y17ri3i+p+2bs/Di3tqXIPwGUfzK9stenh7YS004M+3WuXYVGvpJhHOYtEHaCnBS8ByMJabM54vQzr840Db+HLphfmBMchfbHarhqUMl9CEMURLm9WV44XbGncTmI6DzdOvq9h6ZLLPb/Oyyb83qIF1ZMKoXYSTYEozLm6VVo6jyZ40USNYdHy9RDwL3iqCb03xwJYqvFfPzYGGadynxvONFeJPL5VIRzDg/V/xFPuWeZbe1vPbFELQaNnmNF6WXGyW2HdZ2nb1hxaEW92TXkp+H+fFqx0M6NMPm4u3OhmlvysH3ePehkPCTBOY44rXyyUKmchhubm5bzfGH79+3W3jz6vX4emx/OJ/Pzxeru1qzLicMV49xjAH3wF5kVo09/PeiAXghIEwBk0cxsP38MLSrytQDQZEVi+x3lhVNMcYJLMHAk2Hf8+SEZSvTmIUX+Q01aPiY6wQfyE3fktKVWwEAUvFw3yWZCteCjAZE1m0TodGN8tw8d04ZPYBj0Hx4XufD5KmZ10B8KHvWyN3RR760q2qvPB2n0+GYdmDdX8nXT5MBbQyno5MQ5AdmiUJkPfnPC0ht6hVGA4HHfdKTSGyMZX5oJMhuwRcCC3wAK4BMUAKAZTTMrY2oItmm1oovVZ00AWjouhOEewQdWP3MSRjxpmgJz0qtJI+L6Yis7QuAju51SsGKBoj3SC+Tiu38p3BOJfdFVI2xBo48OMcOXcOrymfCalXI2lxslyHqt4ALo2yZcc51x4KAmck8kNGMDL2gxTvId/CKrRDlZa2Dz5RiKUud50nVVYw9kg3PnBsL3QGhPNCHDl5z+HxyEJNWXaFjYUJeg6UU/41AwOQDdI/CkDGN0ro0U4Q6Co9sl55u+GbfqQVaQKSEM2YVLxPrz7KeKYMvBAyVJCJGGZD/2OnoEhyv707np4tJTcRvmlIFTDXl8hlXrRHu+DaxQexfRbvcrK5HWL1L5wpWj4N85HyvVDuCC1363TIspMGX2VduiL8y4o/BeoqITS24SZtPPWUEbLIcPIKQ3NNseWrbB+vkCxt7LpPg4M02pCy96ngHfocpCovRRgTRerpVttgMsUQtlPvj+yVSBwlK8DMMCeLqioZSEKuaYhxPrEeTorPy0EN9kaRhhjhCFzsHZtSRx0fov7pfUxU+Ja0kxV5oOEzAhc9ZqhR91mr0MMgsQkeC7byygJb5Hz2FtfCBENTLAXIlsvBy7vhMIujYqzdizxEYlW3YgX6VZMA4zZldAh3OqRrcaRrg0QPoCMS9QICRpZXgIzkjCmXEIJTOBTM/XI+B90hEyKlmIyi0yKOzGiuMkwy5WTLFKRIa3iH1w4PN51S4rWgRhLMKFAhoDlS/6BEBp1V8dRCB9ymlGIK49VFGxMXEMpQpMfNjgPHKcUgslraw8iXYU6391JTDIw5XVRhXoz+xl+5U34jkJvW3FJqTjI0diSM08P1UQg4AhRL1pGInFVlbmBXZPfUeqmWhJZODZwKUMPIywnxNrrzBaZKD7IcfjJFDBZXarQW9AMDltTupxLCChplih6k9gkUy05BL54rQKvSuAshHvegBAsRE2n5pjoePsLDRjyfCnxXhZi1ZaGJ4j1WxrQeIm8ozZ/R4svCsBnlhgXBGXmMAxMNNWeJg1H4guakyfin12L3W4Hpv6QdhCVHlQRIPcAoZojon15UajObkyMKu8kCrtJlWZBc6ti/8V0VNWh2vpvHD/roFsIXORaX4dqkKs5JAYecILny0GrWRop0ip4BIdh0DKco/tW7O2yS+kVJQSrvDrWy+T+GsiwIO+lyWcRBkAKZTC0VYJOYNKZJ0XuH6kvRmZj26VAxlbOSSeGe417oLt6q8HAXZKwjzhA1YO8uGinsWlFjJ8SI0DFYTMdv49N214r6LtqXQ3NQha1xeCiShh4ViJoQpXmtJUcJDPpX6NktKnPuu49NRUmzdlhdT6JvF/eXjqKsqjwpCwpKzSFAtsk4VgBUd1vD1EUFspsq0D0uyDiVFoLV7PNwcUWboVjKejWmNNmAIjyexAEgYFPx0I21CTQuVGJnKN8o6pCeD7TDYmIYO66ROYoC95YhCf7RBxcdPDZ0lYjfUjuijog6dctAogAR6/rLgGHv8X8HtxVBoeYKAp+h1CoJTrnIDWw7JBTca5nJcQTNh3Sm6R6bkxVTU+cS418LUfrdBfJEnidNmZHoPQb5u33cGsfcvlvm5LE9r+3d1uOMwpi+/OPz933/1/vHp4Xz59HB+PrdzeDiMObaR9hTZ8p7KL+tjsac/fv/Dx6fbuz+cjscff/zw/vF8nt1bRH2bSV+Kco1MppvSuQWu8+pwEqvd7gGJuLYrPIxTg8cuPuf88uuf/+2/+9XPvvnqrZchXBsJOH4BzLyc16HBBkdvR4LcE958FTDvwK3PNmPSUENnKRKCClYESORJokO5c05ic0ZIu8cK+16uNV5k21/K9o1NzjG2pXXr07/Zw9C6xaPwHouPF7y6gGtDn9tytT+sV+UjJEJUZF4STFDyRGIOrwZxCCj/afIUjfs5oXUpy6mgXscCcY0kJ/5fqr2k+iXb7M/O0m4/jheltBeOiIMeu3RbTGXoUaeNZBC/AFu2+UjrBqHqyPdkQO/f39xC37baZks7Iht4LeOWWvdvbvF8a9/x3Sxt956qrIrtTJrtVsb6N5kf+F9yD/W3L9tbv90N7n6fGWaq/Qgx3cDNFJWotc/QRGMyCfokLjwotd1vYOdbZSHZZNzVK6V15ecXxsed4SuPr/TKc06z7g8TS5q8/M2eD3EwtvwRhxIHcykgiwzMDrQKaF5Bq6NauNKye1I79lM02arIu0/pa92YNgnpHuQgiP6X4AiZcimsTFFpuii9SHnvsok4YQ69P/rs5UzOyMvd8W6Xp6fHxgo9xBTa27unDxOB0S7gj3ms6UxMYC4VQEsr5f3p4f0//vh8bmA9cz6029cwJXgnSKRiZrapK59FZOVnjrSOh+Yq2+WfH6/H8YI5JsPRDs3NLE7pWNYoVMezBHfLxDbyjBWPCU2BHGPgN+JzUdRl7veYRctIyuCoXGCxpcMo5T48VxRV9ux4YbKqGzLT1WW5cUYxJan8Uaip5zRu8L4rx8ZgbK6YP443KLxEvuARRHHaYdtUaLT1sazF1aUn//J5xtiNvjCj2moHScgOztAf8ulwaHXg9lvXeba/pq+fKAAt5xLkZQXwZnIWAGU8FZpXuy75Mi8Hn/acPN3ltkQmzqAfCEvpncNVhIgQLA1Hw92fBVukKq0A9HSZJGEIJIXzqlCCgxnFXD3v0cbBHuiUrcPEVFTMkUKoHy3OancnG/251g7imCi2AITMepNIvPPOBzHHFx/EOdq5x5oRPBUm3lAWgQQFvgibsq9N83spflf3rlrxD1mnkSQwofCIhsK2NLxeaBtAE8xiIXHYYGV34+DtPz52y8tQsICWY668Kadi2oIFgDpG53FlTiNhW2WQdCDMSXNDXh9GuRAa1UAkOH5VYENjt4S3U7QX/G3bRYhwJypq8rGZ2Z6+VQArm6gQ/nmO360EoDdAx1h6x6+TsAN4syflBlSVLX21GazXdzfv7k/fXa7LSjZXCYurB14oYIBdxL29lhL3oT4kSxqkQlaa8xNLpayBuLsuCI1jYfNaNNiWz5WyxVQT1+V3pApXXsvGk+JTIIks0kse1RIJZ+4RM494sP7THlyON1EXPHHcEWqw3PUpadTeZixyeDoCLRx9WSsKQ0UX+WeBGgPJAaPGkgU+F/sBbVZgbhbxiFGUd0enkxcJPSVe9J1sUulVT5dC9RrzCvArQ8odSRGXkkEfogDRFOKEi7CI1JeEXzLglW6YXom3isCWlfYaMStZA2IwgkXLZ5xiHuYW1BB5ldIF4yoM6wtYLkcQV5RuKCBP8edk5PUGtOBw+Rimz0KDO4I864E7eD2F7capSFCVz9rp4kih+ViSBYja15DrRDjTq9LmG4ZKGuwI4LVlFcgYHEx6UgNrF4MeT0TVcgsZeyS2GPEUmom0rt00Iu7dkH5eZqw9qcpwY3IuntKXDtJpeAkDJ6VyNfpnXWeiRl6Arjpc5KrkSBYBfBLQVJNxuovACyVdO1V32+UpSVaBZU7BiuSs8s1j6hOftfZegsHaco2UTDz6nHoChHHaDPlCo2cMl9Vuf0pijMb/xQ6Ody2Q6MgmiC1I/wksipTHfm8UN4IeNDB8nd6VQ9L7DbP6F3oy4KtWge1bka4G+6Wygi1cDJS9TG60nugw8h+X7SY8h24JoFKrJl6XmatKEr5PPsjyIlXQHP17N0xFOGDUTY2XQVouC0VZHJK64YVUqNWQX+05kEfYtJPUCiAg3J/jorKziSHS2xC4wbR8WCoEQD55fE2Cv7hk1jU/EttQZNmUf0U8Rb4r/UVBaiFfBJ0sAtDW2wKISVQLdr1037OsNTdh3d6gM8bp3GhJNclBHLsUZlAvw6dELcFsy+i2wsHODRQeKtVxYEEF6Bf4WtvSdSVshSOvhagmviKtsgo5mOUp9T47pe1U5UeXf9JUT77phr5pM+g6eQd0YzIuNYxpCvxE0Dl9H89W6rF0RHbaTlsq3FdFVk8l+UCLCgNomco4v3E/SZvJJwBZd21hZBJkhWpQNFI3uL0JXh9iHX3eGwk+s7r9Wtg0Xm486cBYdFPJm2pBf4tsolYF7YBXygrhGJMETuXpwbqhJ42VOJM5YD+WJIT2/iMAABAASURBVILbcVH1HphyktGWb3YvtqIqAUKEx6PAAVd800HOWfsKdBFMOsmSXx8GOmOvTCNRycGip3cu8sYuzz8ej8N0k+bFcSGcPs98p2adJhfnAL1sqLIp2im2xR6EAMK11cBoCJNl6YSY3yZ0qi5rg27ny7JeJWTTgtVj+tu//fL94/zxcX58/sN5vkI2qWHQA90h1tsLdd6Kt5SL4xa1AaLlhx/bld7f3k7ToRBPL4Q/SqfLINBvwJMXajMzLNDUh9w3f6Z9axb4dHN8/eb+5nR3baDL+enrr7765a9++cU392U9O3lcHT0Z8qdng75fHm4Ox9txOrQtGlON12BWrJwL3mqQEafmGkVZApU+Wjciy7T1s+6XVojetp/5L9hGC6gvoDb77Cuelf5I+6PvbeGqqkwG7UTkPov3NzpOt7JMz1MCXwTdLJD4E5kwBFvwLox45cvhIrwwuzKERta8zHkYaFvQH5gBR5J3E5lOFSDZfYLOj+3WwGTx90c+9ZWJO98dc0HKkQLZbrsyfI8f/fkidmvBQBMWolo/rLZ1yVgESvtrSNtP0v4N+8vwjqWWXa68e4A19Rhud9uEZHtc1kFI64vDyL0b7RSg88t0yfaftPvlCJGqNuxuOyJwKp1RgIcZqlTxbHhNumzsd6RUqUbzaIkIRi+lo9JqKjkUv43GuUpToq86NhrDhSTbTC8QtJ5Se4clFg27b17mxQCnjOj9AuS8G3Nl6ntTrl3lCkrINiOHGxjEKDrZhQhwwmukjbojvmEL95h85OBiKbiOddLvq+NDf+MyaLJsofqcJ1RCghT26WnX3Hc72w17JkITwNRhUKVTAHRVq7vTR4i84pZTuszrn3748E+//eGHx+cr1d8YVtX+uJJUEt3xSMo9AYA1k33zaBeinwvUHi9P5+PtocXyzb8033O9mHO2V0WeKWsO0ziydsm1SGSLDZgHiOppiVKwMgwfQe+SpAxa/Po12I07NIXMFSSYdIKqholzJ3ibsoaoezXS/QjWboF+Y0E9voG/bs3wZ9dRLFIMaJHBSMwbrMkBWB2alAdUWKee17sIn0svOHOl1U1vXBQ7e2vJMhvEWMZMoY1J48+drenSH0jBMd1h/X8A6P/Lf5HdEQUPbirqoSEKBwnBSaZW51ZIX9bhshjby7xJuyinTFn5dKQrnNGEPm/BK0H4EcfZfXMR/mJpG4uU4GRxMKFnkMRHU0C8XoD+IDG2MgIwKcOiDHsgEWkXmTjCsuJMSb8xPIq0jVgnXDAiIim5kuQ0TEcmeO6WdBBYI/ebfK73CqVI0Lbk9wYA8AThMsSfsrpnOk0MqZ5rDVcGXuTt8QwpVsILN8g8UbWZ2LrBCEzMRr3LkV+AnmA52YwO/VznFszFQ7oaebaxt1EqC5XUuyLLXqhRnEITwVWKqstcegGC1Te9DdrMW8WfHZtsLObCcnIYN1f3Ea67Kule6yTcRFWUHs1QHVLZTCwGHRSLGPaihUqryThWfAT9lEmloAeaV00/SbwAEniJHk6ui3R4e3/88Ud/9mgZBscssbpRqPFJJ+F6oAMYcCs1CkRdtZHdpiTTKad0UTco6y4zO2i9Xtz+dW3Zka1ubcN51kqtKNAHEdTyOBTqh3DOg9YqkcIOXHjom0RZPKsvEPhLLtoqrhCqNtRW1sdxibMAaAKjA3l/KZrguO3NxHRmcBONM5QmX0gG1PQ8U56vc+0Pg8MIBvw/IzSA1mMLbvzPQkzY+SW8gwO5BhS1cifVKssQmVYfIQUZQZb49JWhVupFWWOXJM7mEKFh7Zh9Ry+ID66Koqyjt4H2SiWmogTiwhZkKdJemvhD8viMMDi0J8kogabPGWuWpFJdGE/gqWMqEio5bGgyEDAlPdH+EGOGhOMnDuQDIk+qWKlB/WZCX4OADWRLLX2uicIMCELeviQu58VsDuLIWkYXEy6LSnGqeMFAizXO2jqjUYYycAJkzqLiPoLKh0Wg4k1KuS97ZfgFyNlCKNY6l1OCMPylDHhC7Bv0DBd+38ddkepA4bZMBBy3QCKhz5LKnVZJRaTKqY0wvwxqEyUOElOISqXXEtuDVimpqOZqyJnNOtAvuXiYPoODQH0jdC77bQ6Yce51VdxW5lgtz94dHxvXsQj3YxUPJRHE6VSez2IQSYpD+5zVmgIkZyCkPx6IjJIwgjM8mDJSkWS5JI5UZ80VSWSOJKneeySI9KRA6xxLB90S7yGotEkYkuRtxkr/CGTDasmz0g+lcc1sxnQoARwIX1iHw4TM+i9TYBAmAirGOmY+mClEQLDbp3GYJkwxq8qc2lVcVi2b86wX50oYJ2UPB2cpjsyuiRkoe2X6nyQFAM4QcAEWWwk4ooIyCMeDog7YfriHIDxbEuFM7JLKMRDrQkNeNq46QxYqGiUSDC1RlQDMeq3qAjSVHRWFlBo5Po3aQEUQus4omcOmZo19xrZWJy/LWmsh0rfU6Cej3VR+Agh2KSR8KTsCbmaQK2St2CRDxgwamLwT3SvuZuGxkJ0I5BSr3NN1tFVlTLuoyEE4mB4lrqTRhW6NZm/KpP2HlZtQqHYXmaeqAQMVDxkFZpzeInyAIxrzGO0HjJyQZ7rCO0HEpLIP/wOZffoCnC8zIQidJ888OQXK4t8sPTlPwheEHryEMTSKQ1jGBmF0HKAjQCxuosw3cKOxIS/KCeGghQ0EnoE3zBYIE6Tpswp9ycSeZm1ASA7/y62WN7hmw21YJa0vwKr4S4kLT2Yv/a8Jaqh6eQDrjJ97SK9yCLwWIBAMtoJB9TkrLkJkCHWIekxsTMKIpsA48Ak0qUuRrh+Y28W8rjY61Ls6+kcHlHsQu/gQt7a9qlQd4P05mFuuCkgCBuqqZYIkLzgC03lJtIfmkmvZpRVaPtwux+W2RsUd5BqDPeArXyzIwUmKVbGySYghkbVM04/EZIAz8Vs9HA+1nsSfXR/L9dzuYvZhyxUTQ0pLMadp+PKLd//w/7p9vox/+u7T+0+fHq8+2m+a7ppJwAgH3//Oxy3lfLk+P7e3gIa7K3T5+n/x7uZ4GtrSXJaLrVTG9yCkyCygU68mtXD7qfSL9g7KAcNdMZ7hMOXXd6d3X339y7/55XEcnj5+mFrImU/lcOe6q89PPCy0ofM813Sd0jpMh9Px9TQeTcQm/2hQMVTeXIFneMwgP82+ABaPwzphvUH0G/POumnvpg23NJlxi9PTDXSNQ5bizO5/vdoOw1YDrt5NO55W10G6tY8eR+DcFsuVT8mGYe8IZ+uivQhpIslaLWgA0LxSL8VYBQMGipzVR5cv1+t0PHnjeducw6RkCKk1a2ZCNc2iYGP55e0LAY6Dn2ogcVb2eHTVz0v/a8CbiuGjoSZ9trzWX2N9kYjgBpSnwMM+g6oF58cz2n1/W2mhutuv1njz7e1q/6beKfVKQYcdt0fWSz62+6X4PKbPqe6/+fJm/3Pf1KUM2Up3i3FtG1XCz3sh01MpIp8OTFaMXkVY2sA3RphElqWoQiuPAXC904orUYXsWzfWNW0Po39SDrPGbRP0MC77BkC7ejt2tn80+Qw4rlEJraKWCLLkYyRahN7eVWqJFA4rWSowdAYrkyTkkR5LqsWBjeOEhIWH0j2N0NrPbFX3GyPKsPGo0GlQWSArsiFLp0FZoBLkV6y1KibunCG+SVH+gQ8tgVr4y3oPrjbxiuABR96lN3w6gUe253X9dLl++PT03cdPFVOjgQ2DoxNu3fGyBVO4jZOBRnb++dKnwmrvACkpL9WVPLkSIbU5GCX4QLJWPvRgEPIXo8LDQUErbw4CoWykWvBgNT3Bla4SM/qphegN5bba8r/VtVMCJzGdfG7cgaxKJJYRDbGFfrh6+j67m3L4i1JvJKpKAqhh8BNWYXS5DBEfsLDVHQsDaPev7NT1Kq5LUE3wO75oA9g9GUSTcmhJzvHUfuY6RwUTGzEks4UPY5p9os6M7vB1vfAsC4UY7K/p66fJgI4mFaYbCjVr9MYUtCV7f2NtG/a6rE/XGZoD/oRPI6UHUmGVFxEitYOLxOc9jU9d7FKKHQQPhgiVTYJeu5QGbjppvoShKRURxkrAjxa5DjkqYApCXkDMhGLUjMZeOjejO7pWzA+E4VsrsaMiieMEbJOxCP/MgdFFQTnBWH7TM2AFQjQ5A6XcYT04mqwjeqRdzbg60q8GV5crBBLbuwWSBkg6PKtTDEd0cjlLcUqaPOuXOnFEUiQpFOATPTo7DImhV8vQCUF4PPJRcO+50rU5nxiWmDPJ2to1J/EMDfyqxg/GzOryQeEQgRCfCWY+YJakq0StQBmGiNSTlCW9vDmVEK9NYHmrmxtxFwUu4GdH4IoWUGBVXh4ut39RaCJIvhUrR8G1LR7zJwOMnp3fvg0YLXijTAv9py/fvvr9d5/KZUXGBrgYKGUKfQSm62gwAX0KaIELqaJ6ArgMjBJgWd53uLhYfnsALr+BkTHrtFBlwcsmDmNrURGHLst1tgAMW3gqJ0/EHJrLWbQ+bAxEuyzVhFxAxi51A505RTrI5sSXc3QBKCCz4h4yvCNhWW4jBYdJyEQydUmlDYxH4qSAuMqXpC6NwXmiUBArCzc85KsbcgR1vOK95r0Rt2d8vK4k2NkLLGunDiEo4fQ/boY05BK7snmktBKUBG86CahalQLKQTNNV6c90GntjlZT8IpbQSaQetDOtFmRuGCWHKFIWgnJwFWzWMEUaVQs5zdCFJh8Fj9Qa43+Po4epawnVMpwyBJBf6RYltRc5Cd/GFefZ1hJkmN2gxSamEAzKKsUMAN49wHEJYj0jiMOHiZm6DugJ8sDl4mhBzuYuQ9ngmYI3lbV/91Y5DAqHpMB+Hfoekxp21qsRHNuEcMIk2Ex7kKj7CyvUCe5sM+rcgZK5ITWtV0TxSsYXBOcg3EYENu02iNIdN7kMeETB7FoCEXhnZl9CNIBFNMB6MRqRqQ5GFiPRhzPJAdijFJ34UMsV/IvPV9fZ/R2QzYBVj9jBAYQu2zRDgHfoySAtQdiNERlkJ163YiN58RFRQrmEiVEoGLMw2Qm1IerCSWhUSd0iWcLCkNEvWTfJA5IGDCsk5/gVyvZvvCp5nW0gbqA7kfcBfhGatvLezd8vhcrKO1UL/BcOcJr8YddM7BiYvo6c8gVUAKOJhjQ/85i9xCbhMgYxm+ZJurR4RhzMui9GLco6daLZy49mWoOMDj5MMRuAaPPIOUomFlVyuQPfwnbmHht+LMC7Mici2jJxtzAKBvN/yUEAs0yuuSJR/CVcUKOtJnW2EshoWgEciXrQldMS6usR64QeVTpNfPXIOrEghCGk2VI3Q1Z8iV4F1cXiLQUxp7t9otulxk47FbJaqtJ8mbEPsgn0sZG9pzGw4hAKUevFRTDAZLnkfiZtiiLCvpKSeWgKJYnwWxsQkduGTl/+6RrheSP+nO8gakvGW7aKX8twPFBPz5Pt6DmnqSOQqAH4tFukqJehbcQKGpLAAAQAElEQVT3AUWssZLyj0w71tXoj0KrGk6QpVh+9oCMt9sNJfil4ytqGLXgaJjte1K01/SvnCOOtgBxWXehT81RM7UUBZXaPXX8r8pSCK/SAqUIkom6MKvHRalxjPmimm266ocpqNYi5g6upci6919Bzt49YEXYKeq5feE2vIY/t4i9GTV7kTQraKueYo6jCM/Ehdt/W0o5VrR5o9jjfdxcLhiqHmOUqumcyTjmS7OunQGT15ZOw3e7FP7icwjRBND2werG2PtBwI6jsnyBpjSzldVnuxWNzHWKSaUNpXcoKUw2sZOcrg4ONVNyvBkPp8HxgbWBvA5Ljw1dPR5vDlPLlDGla0R3MCtU4DpYJDrtFAwa9q6wMoFGe25HfRkmOIV2F5d1flqvz9WR9IX6F9nn+d7e3b7+5c+nhwf7l3/6fcOnzy7lXB4vl9vjqd1tu+zLcn16vjRbcIEmRFYe7kXdy/P5enNxRVBE+SjzapCzd7WvC3fkCIlNvwnMi8HpyjwjLf1oh3del/cfPz1e5rb3/vbn37x7ffubf/6X//SPv7+7O/7qF2+eXGd79ufnFn30mRFu+ZdptKOjEfDkCfhGe8RpZVTjaAz0V9xMaTgRzwhmnrYFbViUS2z7leWNZRQbM/YqDaLKN7sUQGaRx8sUOCnW7Vx/4nd6Qd/Y2UJ7SgcZE3Yr0zEf5dV2wsh0xi/eAyeoVdaGjwDkd+JJoRLqCuW+diOIIa/+cL1NaJSpyHW5eEm7OsHFlRNBlV6G8Zh8TOWcqnLj3jElQ5OYuIdp4iaWPBx6Djx7fnHwO7i7Bbw1EGct2Qu8tRsCuOcaBz2lPes4b9GX0NH4pL6kHVFOwX3ZGZ/tdQJWaTZ3z5BmXfm8BCj2b4Dn3vt7An3GJtlD4VWKVH3vbDZOe6Ivyu72d39VAxDjTYkdBfxV1TQlDBodYFrcVWoSSf9lOl2tPxRX2WrWbPA5KGwKksXmZ8UbM3KNogJqMUXdjijqqOsRyZpoSqgsU4+Y3kEYOB604JHiAe1ChHQQT4tNmdhcHgH6aYVjtrgYY0E/o38aFF1YWI0QF7wLG4w8mc1gLQdcVhKtCMWIrdLef77MGCzvA+wMWgxJ05uKyZGpAY8g1ULlR9y6KJX8aVYEWDRsg+E84FiR6fzDGb/yl1iprpzL7tkZUqEYz8P/IiQsxD48oFrXD0/PH5+emymefeioX/noIwFu8kSniz3Zfnv0WvPVi6EHf9CgtWD+OzS1D+N0aL9zorFt/346t/e8NCNf3AUgawM41Qz40eduJxB+c48eFscWPF5s22G03IAAKFh4eHnw9tgE7C418+6wObIUMCAMpLAV00586yxodexZEYg+MjUZg/6Klrtg+RIYcgMJMlCgTgd3IpPEOx1BVByAlRk5kVDDn9ozb+jyzen29kRMhKOAADCjRD1fi88OfoSAFsjlVb0B7YeIKfz7DjkhQSZT4+ACHcn+mr5+mkMIiwAgK+LeWzBcSE8cQId299WCwxbczHPztFMqbf86AIBpvYX9daXGGyZxH0L7P3yMUu8IG0wFOtpsWJnIM+i2oIA8VPXDeq6J6pxk0/I0BqmB0XpKgVRaRyrd+kdC5PyaaDdbo0cVuGiKkNtj4BVWHgJl6MGp6oUMh4J/coTpomtkKh1VMno4ux0ASzQap+5OLerqySghR9wJOAGiPmU0vGsSeEBsM+DUnAOQuh5mSl0cw9R7ayKpsRQZtDN2pfJBMI5KLKnjlQXVLEX67BTxNQvEnal38HTiCofIm+DnRGLhc08W5Gwip4msOmNeqOiBrOVCpIiScCV0SfKSihRIncEpfx+ePcAZro8meOO5J0rZ2rbL6I5aGMd9QktKwVz4Qzsdj29evXp1dzfPD27HqHPEIA9MQ7UoY8GSPJ8ckkRHnLhas9hWHkDkxTs9W9WSqAkfxKbQGGK/ZhGn4bPweEcuFDAaX+1pzIOkwEWswFKAdo62FzyUTAqJo1HaQgPD8SF4uOJK8yOBycfG+/MosHbYkB9Hf8Ong42Hd/Ysi36nEAvDgMeFPCCHikDp5aj1yomW2G51rT3s7RCzCYCj6DKigiHOFV8QBAfPJo1bjp+/bQmr6L9P1CLV+2f2NkWSUgMk4cn1betmZuQUOatqcExSHKNmdCqyixJzwGwjHgP/F5ygl3m6TgoPF1dqvYLVzt4DsR6EFFXNFsXQHjwpqHgNRF1U4/ZeMIjqJNvwWmwagHoUUnTWYV6159eQv4dLHqLBQsaezLmqZKlgXjvLYSWA5ljfKm0ZVuJpfwb+e6T9Jfjk/1J8Bm8CXlUQNyLlII8b0zcYPhdZ3gLtQ0SxCfU2wUyA2xhCK0ZUNOw0UI6oG5iNkNikTltLAcdAJpo7WIu9796sJfQ3TOpLHAWTERpiw7XfvlilOFFb6utadDRQLMwtZrSxunIpDpqX+yEcLOBzMAm5VBbKKpjFHjL63gCRV4mP3CGcDi+/ALJPLC3hWbPiMLAbhkAJD3PqbT9ZMiw5PBq6/LKoeqKxI6dnodVrn4WGRXleoEPcxAlbq8GGixAguTVm7WLOV6QQTrtl7RCMS/Bw2/MdIBo+uJFA9Nkuw9W7unS4cCWdSiBPlRkmad1eXMFOHtHx5GaLVeQ4pKL6Myvwv66JrGroAslo4sUEVrNJ7YB/RXpCJ+l+ENmJnhf4ZgvEENewe7mXrrBdbONX2ijrkCPTRstqZRGefRLgbLJzqrKbUnQoH/OIww5m3zSq5wUZoD7L9zKzrKUn11kDVo3mtYciOnMcXKgSQCrSbxXAgjylO80qS8wLVx9BMQ49EiHWpNa1hXAR0sQlEsDD7/dMvnZzxxlD2FxJ8Q/PK4+qX//CrYV6ChtfZVI4VjNgc1wQi74MKDjKDpktIOvcfb8IMVX5eAocN75SjUERQqVTVLtFjM11Z8EiZI21ij8O8MJ4aEPt3cKFsW+2DlYDQ1dgEnpPdcNk+JmpG1JO6bNYpPzCNKshmHEI/y6BkiTKfY1LZstQiSvOSeiF2QY1MyCL3wnIvX9irf2JxtvwENaN7LvF9NZxMO5DRmt6eNikyX2Bq0CtsZn8k1pwm8kHpHE2UJCLqYErQQEpyQ2U0CpTOuryweoTtDGpdkihCYdMvDalvDaRBDoXxTbYcezESRKfKtLvUZCA5uT2h5b72ziRWqEgptn942E8HA6n06H9YRqZ9bDvvWN4gTGlOEeopOInDSg+Pz9dwR7gnNKWn8yIn0AlZCmu2c6bnO99VNXN2FDf/88//N3Hh+c/fvtjwz0eHQZxWn/79cvsGvxqsma7vY+Q8aPSwIyPnx4O0+G6uLaHalH4GiQbyuo+Sl+hx2XEd8C1SYtmqvu3ni/Nh7y+O/38q79798WXf/rux9/85u7rN69uT28elg/rcvb6lxgp7dcvDUS4Xp5Od/dDPmJh26Fp/3g6A/2u9taZY7rNOosTTTUDp6hPYGHnIB3ZFn7l1AM6btsNbJUy7LaDY6NaP1a2AxatH0ShqCmpLr77dWYQ7vS9d8iLF4VauCpgGqbC5sKAig3tXjRPqDaydXAYQaWvtNgjn1N7g8llAY+V1qg5lemQMUVYBGmALNxTNap9Yc64afuWq8JRadNsf98m8LKDtFo1279q27jW8XiLFFafS3PNRRdKyRfmHYxdzV5At/0S9t+2fanABKHbhmXH78X9fva89Hv8X+q2bzOBYdd3dydUWiST3b3W/Uq9gMWLmCKJqpT9wuNzZVST2V4DW/+i4HuKSLz/VtAuFMDGgiUK8aXetboHIGDaJMiWwt14DMZkSytlooYMMvlW424zjAUTahZyJSZTVsoPMv4Ii8WbSlKIQt5bUi9j+5mVjLuZAFdm3Yx6a4QYkWkmhW/WKcZcZs8QvQIuZb8MZSFj7wuPmIlqgU5Iyn1o/IeI5OqIqmHZtlaBLTAufafwDdkuxYCK4lEKcfuuJwrS95jEYX0V8rzaw9Plw6enh/OZPEX90NvER8oT+yDwFqIgcXLDsFCv00vmr97d3d5+2U59swkNfbhAwyPVpa00LPRa58I6A6D2eV4182A4HhpwcXv0aiJZJLO3StihmdcESYvs6QoGk2IKOTMG9wYXKIC6R1t95J83qbQPyknMJy+BeGlyhaKdW+BxyAqKEpTOALqglTO10pl0qACvQbcvA2BBpggb4ZAzYoH29tM0Nj85UVLPASvEoj4f3J/+9XptfuJyua4qoFTUppeiThK2JCp48r24gmTjfQMU15Z4pmN9MRf9r+Trp8mAroFchr1nEFYDwEU+yeTJjW/b/pdazw2zm8b1wOyok8wig8WvlWhl5LlNIjlW0j/YmVLThk/w17OEOi1qd+gd4JDMTBZkkl01k1m1cCCyw7oYGiG5Q8bsbPXFjx0iZEmMGaRt/rAwvgoalC6wxO3RGw1CydKu0w6gk9fG2Q0NXKrq3k2QgjBTmES02BLPEZUNzkIpTvtzq3T1bA+3IaEAWkO6YQ9WawgDJdWilZKXoLaJ94rTXjjbqFCBZO2SZqic1g5bMGcdVDjsZdskTefuSYUCEFYuQRqnyxuUHsNbRITj1Sp+0W8LvO6mnsRNMC+DiI+iYl9748qrIW+ItbMtUvGqQ7c+vMTIKSevQuLX2SSDfsxjOtzf3r2+u3l4eMKEbg/4tDBYAxN4TM1CQibqKpIkJnc7bjl5eQNjB0mnNvV4VqmIqCBAZQvbHYckauoYmwTpdK2CCSKRX2s0y7Fd0inD0lHvu4g+lb/T2SIW+o94fFku1UzNT1uEp1gnieq+LWS8NwVSLfB2DVOuIIY0J+L3SZ2NlSVwkFiBS6rRLEleLTFOkwaIomTm8XzGoT+KnaOzXeuGSqTI6nZhZ+2mpV+25b4LuEy1x9WREuNPPXpIpLCGWCUuQVhR3hE3UrwnSEzXlerbpSfrlYxs16RCfGbqN4kw3XjIiAe2WvCU2b0FnfbY82qzkGBQ3H9VSuhtC6wOtGBojXi+elbERoAcmMMWeVftpUquhEHJy0xgLvXRiFr1QBz4uGeBrf4elmqQxFs8oJpCzKdS8DArda8m/qbVbeHjiTBXd9RK8e7QkwPtQwaPasTD91QDKYEyIOFfC/t+jRBYt/s1AlLgSdYDUwaUFnhH1cgCRLHSjqMIlBBJTIJCu6EXRoS/I2dA6BNiQyNiuMQRJJ474/4YUHV3KP1yk1vMnebC0X4kpPFs0u6WDcPq7KeKK6dR5qOD/Bv0YbR7WrBL3QlHgYmQKsMhxmOc4kVuFu1u0f+5NEUtbyDOWA5XJW+cLG+pkX6bH1AotxrIEh434m+vplRwxsnuUTLNnbGhcVqO2PGA4dnmNAg1iFdawIv0msgpGXJrTNtAdxYK6ZmMY1jVEuGCTOvaZWQJOy/0kayAshNlFCnbL3hN4Q+UvCSlZ3S+RaJRiV4UwTj1PCrNHClG3owJkesRfyBUkbtajccUEF5hu3rbgUuywgCimwAAEABJREFUEKthkwWhspz7QAGqtaTwfhI7YiWJLBq3NxOfJp1/u2W0MJmSUlk8HMqeFSv/7RuXpRHTKnYyWod79FTZ8FFpmUOuDf5oLR2hW4r2HyDNITSved4H22Sd+MhTYAgqJnScnc/C4msH0CjLTGGDZbi6KVf0YAqLw1ppo3Vgh+ZUVUrrn5i7GknZGUECSbZ3MxH1xqdsdhkGoMeT+Gam7RSkwWuPv5tFzI73yRGhWbKaXi5AVahFyKWm/YdU6wtCykWABBFjWu0AiG1XzIil/70f2v7WSTa/O70Ak5LFfKMSb45CGfGwrLkNhPS6jWPfTESESetbYg2R8aLjcXAj6vqPqIhiqjbWrSo/cOhEvd9uiCJKKKqLSGyNq0KQARc1gYLqwwYt9MFR2wUwOjkAPbZwHU1BCvPCTnZmTwHzQ3MKtcIZHK/z+fkBRsYpxjkd2ysOHqNO7Yf+O2nN42GY7obDm5SPY67v3t39l//w62+/fX+9XP/0w0fvgCqXRBbHWuompK8iUZGLK4+Pj8/DpdkCIlVxCDxwPRyOg1PCV4brdARFUFeNcJdhq5xogwoabH44Hl+/++I3//Yv//wvf/jFV1/9h19/M47necUEbo4QdEXZc3n6cDy+Ot29no63WQBXLuxzdCfLpSLLWJoaSQ1D1JLa/LmFxkI/EDuWjKJWdTfxCES3XN1jkNupk/favhnHM35Rf+bnCqXieUUEUtAtLgKNPArjoV3FL+IMPghG8anrwmGTuQWfNIYTSFuBdjZbjcPbyRj0w60bqttp738x205lBJ51+2mgpSnMQJXt2Ja62n69usc1hnWRWe0sEn9co0UkbVzt+Ix+VXWXeMctbV5dhrVGSG/BbN49KHvxp1j2F1Z8u/6wO/0pW38qtr1aAWfcs8L4lPafGPtCkUmnnu+NuYL3cI66LN2WnmF8YP3sXvZ+ooqtVTWpIOnZyOEm3YMU1dlr2Z0q53B04lEPF1MsPSv2iG1nKGIllntSD/95JlNom6t5sWgquCGP9QskKZankUrlOgtGUgfFlITt11iGquK29djIXHfNy3gDB+eghcp2+9HNPngRZY0RY0FnhqWo1k+ZqAy7r3gcKVl/HDQzXLEMChF3rrIIPJas5DIsjdRnffDWuQHQz9ePzw06nvuOaxd2nb3fd3ANuWmqE6M9cZPX9XhzOJ6OzmQeh+Px0H7h+fG5ZczP1/Z7V2+dZtfcChsxIIqQ5a3NmLbXjynfn27f3N3coU+x2fPZVUsaEJlHJ2g19HmtHAvM+SLG4xSSpf4zT7Vcxs4DfM/Pi9PdnCXiE6zWBWMJRjKOwgBS2I3ckURiHIqX0xCtxeyKTBxK5EMFFhfdwpK7pkrDx/FwCwJb4GUeHT5B0tA55FcB0KmDAhW7jAW4shkLlzRUb4HKctxXTNeX/XCav4Kvn+gQwoh7ZYB7BwOfa2SqCBVXcCva1mj/zKBzUYiU6FuWwo4hg+exjopSANAp1R41BK6mi2BzO9rYTR4MvfxVw+yBxPnMK0rIZOiaRv6jwUq0zaqGhQ3avjCzK8uJKSBNpEQoXER/33xdpI8Eiw7S38ABXyrXoaaUgvpXOT6sMPBJa3SspLjmIav6htbCPHLkXGZvvSSc2b/u45UiOMmuf6TiFhpS2HPq4Gat0RPK5LuqJdnMNtpLEnJBuhzxF85sLm5x2CHtmu5RsqX9ZeegkVs04dpSzBZj2k5YySKjQS+8UjJVVIOQFylciVoxrOe6JDXHEZyqdHJMaaUJx1HyihkNt597htdh0KDyKOTbBVZbZBNPamIQy4bEjoLRkLWHcToeXt8evx/zM+5zwMSP0vOwlUwmiFDViAKYzVjPJ5kD8s5jDGNh5I8BDhg3taDtMXWMnqR3AYVcIqUOhvx8JeAc2KvgbNzfwA2g7Bv1atyXk+jZfFQ2vFJRQyGum6Its7KWw9liFqi6claFmZ5CQPhFJ5UPVxg7opcZ3d/+F4hD4Z0lvZGoEczaUR5I/XFKovjZ1K0q3DNESwHxkDSoFalVhF4T1pKiNcFppFCe0tbY8hCrYmFg5VaRzWvEKUFxZx4LcrE/0WUN1ABiK9S5gQVg5MGjgjkTikGpXl0huM6uilh3hEVArhSoM1bHkrNjye9wcJUs2iVdFGKyrgNeYxJVqZ1dbWy4o4iQQkU3cPpOFdQCE5RJoF2jT8ICRBCGM8iK+Q9cqBeF7RrbmkYk+zVOPupomtZ2gpRT4b0K5xjhc0fBo+TRBXUQBi3slW3pRep5HiItyDVgsZ2PzmDHH+PAZ15NSD0sEQnRuMzSA/wqbntS6So5CzZFLEotUoDKZlvTDc6T/xf0EXL2o1UDF7yGMIsnhyOR17Yh0BkMgwAJEGShmJlhqiLSdy4QEa6kjHk9n90CBJRBq5NLpMK4NinBF64TbTOO7FZf5FbKETsXvQcEoAcKkNJSI+bH1a8CVOJAAVyB+Qy8ld3rXDp8NhrvfDskpdw8rx4ST5NDLd6v5/NGKqSnEoFMjjIfQA8fyBYk2QHC1mAwZmVOKQB2SoKSj+TVlyK5V/TScM52e/O5/S8MF71bRBpS+R/lv7gNsRdySLaDmKH4AEsAJY1VEk6MGtCusbQc4HK5nK/zcnV4eJpSrwcS4UouKEhZlGQxmX29liySNc1CNQ3DgGTMRGpkweBvd+0gzMMqTpBDGdTWZOKYV45Ta/XadV6kPlgp1qPnDt0abHcc4jGHofWTVLlZCotMKyuoHnhMWVMi6qA0OGGkX+1JKanFfDyEeAdRmC0FQkBB9O1M03HoD8saW0w2h7sZ3ZmkHqhoIIFF+OkNWACeyuYpRj/UKEusXcpPqOCjNhkFBqn0puwdaACD2XdF3cAqiyACj1ZlPOoUWU9QBZt0sLkns91lm/Sv/c0luYY9Bs+n/iSdZLRKR/hggUEUJuDd3gZCm1hT1mfI//qLSu2Ai/i0SZ+Raz+9iqDi17rxLaXzXuUr95A0zXKtKgj1qxRMEKaQMX7eoO4dstO/cmAeegGrzRkOAjVDToFM2oqlsKLCINur12hgydseM8VALMcU0uB8S7RD2v7vr/DFv64LRI3XYN5DgAM5QmZrpxHhdqZ0Uj9QcLS1X3Gfxakq7feX480t1PaHy7xkH3aUSGxLFNippO5u+w1sR+e6VQj/cj/WKOXI5AHqXz3hdmpwixH9LvKRmYLZOxPM5HeEyPxU7bCUc8MWbm4Ov/zlV//lP/zqw8OHh/P509PCGS1V9HeuFUfTeFS/IMlv3vC6XJMnNX68UFKt3Qz7vOAGoC9pvpzbJl0RqSJYYfeBEBiPUhBMN5Toi7fv3r5+7WiC2cfH8/X63Zf/+Ptvvv5ynI5Dubo8d2lpGvrAWzQ916fDh5undw2Ano4neX9jjMO6HPu7MpiPPAtZWY65Jx1aPMker55g2B5mpH/KG7KXamynHgXHOQjzEAi0BlBbdy94704c6Z+TwhkUlUd7JFPpwekOqjA48Nnxdu4qfTbmwkAB9QbOzFDN0lB+WDiY1kvXLKi7qrYCw8TN1i1l1DH6UVYKYb37D4euGrUVTcE3nqptGJwpI9IvC6TMdftuYAQvviJ9si35Ulkwvkczmjr0vX2ePoRmJtmG79rnWXvaIsdktuHTEQql7fZpcjfs2F5eNTnau/dNKb38LP2tqhDy4oZpENMO2Y5NFTzofiVpbwvjSVUl2cl6uhjEhgBbdCDw6WxaVNIhYKbDyohi0LCcFG5U8LqYGslG8wPZSbVBOpliHejI5IqWem3AJxQg8yChd+0m00NMvReJ+QiMNIloFTFOCnSgKhJYobSFwTAlWcyY4YLjdKyCQSMACOvrYdoEENRMPSs8JjTRaGF0mQ/pNlEEmtEkiXGaa6UxtTyt8QTRK7TfldYzdz3iUrb62kbHY5LMy4w28lQpzz3M6/JwWZ6uPug2claYseIKSPPSSn0NZZnGm5sG+N40I97AiNeHd2/ftqLdeDr94Xd/+OG7Hx6eHs+uvXOFUqPb6rxUNNVRUAOtKL3uCWTKactlvZvGb042luTo95jLMLiAUwuUl/J8nkkwRLPKdU1sFRP7EdFSYdNdZld9WdqnHA6udOSuAz9FyOZJBZ5VQYhqnYDUolhXryXvpd1XS4vY1o4y98CgHQqZxLx9LMycr5dnZ9tfrmXWnBWQu5cWDxue8ArqB/fygNE9HLLAAFwBdvE+whXGPqt4l6JdKDPttL+mr58mAB1Btcw6W7u3SCohogWRE6Z/pEh+7yxi53Vh1JCAFZKGaQz2WHyTtWcYJu6IWATd6wuhiu7+nlADoFLijIJfkVMNy01tDDcHZUO0GTf4C9kjTi8Kf71WdirlGR1uS5GzkakBRTclMskGzfIKkDFgvu6B3LFT3lbRrSPjKytv3p5VAToiSTo4zOTHdKIwxTD2EWsT1dYczVgI8FlHCSx1YwmFXxbOlY6lTHXXgf4o9/l+tNdeT3Q8oGXUaKmo6LLxS3WkBLFR8jjyaBy2EyAzO0khDxL4rSXKG0fi6IOQKHUNjCuTa1lHqnlwOkfptUXv60G6aCbokM6YMEDBJKmqedxKWfu7OrRhovGGm68dqdkHCcjbQeQchsNxHDl3UtE1fXsV6QOOVSEi8qAW8d7fnE6YJg40LZF/Q+e9+TA+ZaZoCFRSEqPI+wMggNU+do1Zsq6v1JwQqprrcU0uYNewhwqZjSm2U5IfLfJ/6mbqYTRH1oDUx3NCIHfKo1CCHI1dL3KgiGh2BzpgGYugXMz0tTfCKgxIHdQexw38N7oH5H7uVX1fLcF+1qMYmAYwpaGahNEw1BSjWdhATMdOFYf/g70/bZIkSbLEQBZRtcPd48rIoyoru46e7hnsYgDCEC3RHoTZr/vPl7AgYIEGBrTbR/VVV54RGYcfZqaqIhB+77GoemT1F3yanBqvrMwId3MzVVERPh4/fhwVA2IvvvVGMAFrR97VHRyv03EleZiiLkmbCOYI1STlDknMSG2YFHIa1QUIXQVLXRAS7DUOGPa0Sr20DqzHWvnnTmAcmSAHf+gc5m6R5BQSrZTGc/KfDgC0GgbM1uBdi7zHQJPdRo4+TZM4mZMHizk0someUZBxAq6Uw7xWVxL2kQ6wJ3lhZWy+QJcN5zoT43YlhMQxd0MIVSKWuywqjex3u66fQ3Qlq7Wf4Ww1BY7engI1DCyUQsBCuIwBI3UmIvF2MiNDadatWZJ0YM6jl72knGFhXA0W1F2PmKOeSMVePBAxIDLpHsDvOEVaj5x7v0RGwo7+wF+dmDVinGgpgExVMsiQSIPpLkTeK0qQOGYG9q6iWqB/GbLRPrhl5izJ9muXGo0BK1zFPNgfLiwn1LdJWmYsNadFmzIyo7zKChEawUKDowAlFiDpOdxkJeyeqIJNCQI82ASVDVYIlt6GQk4ESxtTqybbYjJ30PCgla+QEdcbM4HI4hDj5PZ8T+eAkA4rHfAKLr7hNEkpHrkAABAASURBVMSc40FqqkGiuVigAO5vOTK2rJqMKA0Pw0gTAL6xe6raMLPCBxUumVsuaJHIHOPo3mkwDWfLgEZnCc5gNE0VPgHSoCYlumAshgO0X94fj8N+OXoNY8wxmlUwoRGVh0Jj8N+hM9sQMwAkOMjtPWcBppRTcrh5YDzvU5RJVM69ctb20CVggsWgn2+O4Cz0CrTNSMESlNM5R3THAcSAFjiv2e+z+RuVZ/B2mQKQeHQ0vQvfWTm8v27c72A8qTa78QXRV04u5epkiKrUVUGID5ZUKAD5HMZV5T8AnczUBCPawu1sqryl4NXjvIgOGAMfIS2ffFamyqvYT+yP6Qz70m8HZeb0yO2lyHHDFqWsOID/x4Bn1be0uTY5f38ji5iGjBvVCuRMS3hwneHssx6gM0AjLdiilB7X1ZS3XloxaHjs9i6jrrcHOcKZfoCPJKbpxI2sKL7qKbR1pM0inkkBw6eIb8M6xjtHjk5pEi0AvjpouzruDQSzWa8V4+kbyqfbZy8p8Fl7QS4jXnRMIaBvzJmorKlTk7OAMnGZ6BFdFtNhZdWeGGOoYyAmRQW0U3OJ6l52fUruWgj1L1VR/cDnwxdSoBpv7En26In2HrK+Uz4cQORDdI05W0PlVHQ435zIJ+CujaONVUMOXX12+sCrw5rnc0vH72+n0/1uKGAwDJU0s8TKq3N9RttBK77l8tNlui/zuVW222f8xc9fvv3+8/vb+1//8zc+Vcpx/EqpFbflLuOPYQXzZIjkDFph14fDkyc3+8Pu3dt3F4yQaj9l0c1B6qzgh1t7iWh7YBgwYHYxkrWbm5tf/Nmf/eLnP29Yym+//LKtxbv7869/+4dPP3v+r375cp92xVFjDml3ZGs8jMhFTi0JORyu2iEtGEw7q1rDdVeKETMIC8M7ZoBSLUkC8TZ4Jg2SMkE6o0D2SuzozSGqfVvK0JUoY0fcoLdLm1Mg3cXVFBjT46hg8g3g/evo7rZO5vEJcRCUpiafpgCsH5MY66L8Kg2cojRNF1pFw2JclovPubh27W8f4l1XrDd2VQQaOp3Ki2my+4R3j1QYPRb+nztzYKmjpwd0cCuQvV1bs+7pH53vSKzsj32ttsGS9bmJ0cBkH1qK9PgTe+lKf+2/EiGoKsm2Gjb9WUWYD+4gpgdXPV37wFxFatkhCdHgNjbMen7E75RS+k2lWLgP1qRuLKpsYHxuMKfpggSQs/5YhYOjRsXKaN+eVbcYbVIWvtMYFSyK9GI/2JryUR21aJqfMcVo9pD9Q8z5YiHIuC1sk8qaqCHHjXhEo5s8CE+Krenbl6jpGzobh4HTAOrSa0Hq51JfFPWAfcSe95F4/M88nUNl0IK2WNRziprLcIxhe+tmSTHmIbMM/8g4qJkDsXlDaddMWUCEXAd1DqU2mTiIC0me9JSMQjdKsP23H6Zye5oeZmq8ZuhLhssmbtOu+tyKoi65f/Xi2aef/eRnf/bFw/n8dfv63e/S3e3Nzn6yT/nKhRO/f7i8L3YaB9sfWiSXPQb2PpsqIWr2Y/rTbktxf3d/e7v76fHps6vDcAAUtDu0X2pg9P1UwBTyOKl5yruH03l2V+JbYzHI6Lfd5blNTZrfM0AT2vnPu3GhBiSF+rxKO9C+kfnHwNmcsTQiSvct25Cl5skcQ1ezLzxRZSJlyaX7h32z+S4W2jJah9v9JYuydEDVU48RegjaYRHPd3yT7jTuvaazD3FVFuUeNbpAWwGj/bNc/jMD+j/6r7RaRFlUq+pbwI9lGxUv47AOLnZuS+0crRTGJwSLfEer7DXktbqZNX3CInqID46LqZLV1UcTMyg8eCxvVeodM9JOa8sOC+e2+geMoPOfzADUkXFi+hBma3GK0RICFO3ARfQv1JNBQTtaDhbiegEnJZWP/SPId2B5CeNeE1PUAsVLj0LbiasYldgCUhKekiAJfgo7guWfFo+n8SkRpwc4qudgUW+3HnMTBCVuUZndhXoIoOT5cnKVt5kYyyz7WiuRDZ8ArqZN/zh1VSgnzllpSe5ZsjSF1SfHxF4l7EXtNjaBGQr/UIK27MHOItnKblOWKHiQP8gnjigd6reKoihhKflapROphzV8DIGJ4B/3rB5nUMYgr4GJ9S2lzI2VhkWYNVi3T64OT2+O7+/vHy4LxYSMQ6TaO4xZEGU03iq9gUy15qgl+WwPU4sLxPLQtIzh3IqbPmcgXR0PzchWTm5cuHNYWlgiThBzeM3/wxCz5qi9gBiO5NzUAx5GLiYKm1kvk1QembSJ8SJCV3jag6R4N6Wkif6Gfh0xJNBnNcL2KeAsz2dbm835CTyQzAsS3wHUa4RAs8QEVf7heChcD4jaxk/GZT0qZVbFVWuoHJTbTrPvoXLvCmcrPM4L4taYbimMkiEcP54dIAXN7hyDXMRnD7jNUKDlDYKqrIhl4Y32qgCb3dnZMUA8iDtk4M8y5ijO6H7XRTbYeZYl9AGiCf0TvTGECpZeyWZ/0uh4qOWgArbIgXFSRJmiz/Fi+lfqYJT+kIndEsrB3GLn5dt6eKBTE9ita6kHpmwU7e2GnHIApqbEQDxKYAKpC+eIor3CO/AgLlwWYBJ1hnBrlXLCRcq0nAYowlQcDhQnSx/uLuAohSCqdauRiD86HrlMAEGRmYjOUTgLAZAlkLEB8Vn4w9qtiQANmVpdDtvTuExFLolGnhiwgYPmB8K3z7woD+ThEZsQqxMkC1U32Z4zIIjPqT/UauSt1yhs4Ho9Wk2BLeFULJjMmGsQ5dGnDc8qKiRQ+yFMsmmfMloPQggZixX1pgkdOoKrgLEmBg2Zs3LpJrxrwscoYasD+1gELkW5jPQlXWwgBjo8iDqGFOJMpS5bHGsIBlz/HjeXdiz+Dk1nw7zEihVfVnrLmkBEthHYQjuZBx/jsuNbwcAVeCXToYKlxdotSQ5EXJ64cZ2unZONAdi0uuZwaAlWgj44unBG3EgNkNQJh/UyGZMzI77mQTanka5nJaWGHDGCYpol/RmmqCtxvs/o048yD8FCvpIpwd04VsB3TFwdBTPOyQg1aJFGpb9lgQ9xVEYBwzT1phC+GGsw0itYnEnYx6KozQJyDh8XdpM9lCpAAxuWPLaOpPp2Q2eD1KYVTlj9XXxHr9Txsg2wkVJ0nPf4MfVNxAt69E76gI3XrJtADYuVNQA56Vq6O6pbGGWj5UrfFIFssRUAtrwkXW5AGIwe6ioCtbWjNTDnSpdXuqazbUJ6L7B2TGSbgfdYPW3uX2WIWrcflAKwrrFaWpc1wqjbFQuDFLcFgaYKHl0m9YB2zO3jSAGfhZeFo+WJLMfg7ZwlOo5O9wNkubCP1zgLlKJnFK1iA0HhdyvGIdNBB1Jp6BEGGcREKo+BzqhzZq9/J66iV9NcIpl6EeiiUZUB0f1uf7w6akQemxnX3Er7SRtr4OJTGx5zVpzL1nDgsy/HYpvHqN3jc5uj7u8Y/ORTwgzIy5XZLz59/vbnn717f/r2+zeFY7ARVHaL1i7lgngKzwpQuzk28fTp9XG/f/f+7uFyacvdbIoLsJ7d1mlADg7jHuMU9+NIcWu3whpm5bH6+XJ5OJ9S/ujTTz/+8ptXr09vXr19/7d//8/XB/vpZ0+ON09bwQA9H9lVQndX7S0np2Ocj3VZWUQyyVowbkNixzRLOKNDmDNNoHKS4NqolJTC1h6c6shEYFu3ueYHxzmOAfe59ZWvYjfraeRENa3azw58mD7HVsw7HCmjbD7NqmkBtCigkZN/UHEjAwQKXPG6Khb1SS55ShwgbNT6iyimQ5Hx//XIWmSM/Ff4mNpVVBbGUXldDUG4cYKNEjG9+SEsVuzmtD3aPW2o/SLWS+RODgtgK57cPzs9frfNj1UgTpvns5pOW0t1Wuntb+KZ1Xj8H3zmH/3A/uvhD7u12uSaTB6jswbJUN1Qvrpj1CXwz7V8sBCVdRX/Y7E1vo4nZb0VpVLydmGqiLMQV7XFvONmBoEJrKBFZGXdv+De3eQKxTUF0q45NkDDF56KhZ5+ZaIemeKI9QkQDbYQxQaZwxapAsLSSpAZoR+6A5loc32X8JmwMWl02i0k3kcnvJYSLVkWDhasPmSNi2rkSVWoPtMlhUNVrT71E9k913b/1Ag89eT5XWZ5cmv6UWy2yCL6s4DAXbo7TXeu1lw2vrdv2qp39trl+VzLa3Dgvn3zvV0eDtPDXxyW/+Lz5x9f5asRbIalvLvYb+/mX789//rd+bZZBig8NY+9qC2rio4GVGQuy9dv3z+73h8Pz17eXO9sGvLY7O082vWxXh3sMjsLvb3J+dmThvienTVeJx9wykFTXFkkDrvxsN+x4N+ezKWB1UlhNVuOKEeHlc+XcqECQdv+mOUOQGPmuHiI4jPlRDjc/u599l6IXNBKmRFalqQOeG2idpVsiIJn742hOBxgoiRBCT7z1wT35W5TUuwHMKtWasyfztePVIIjhedJ8mumKGzjnxS08a8e7jlsUhXNJZLZ4oznxAiaKSmJe4yvI0neRNPWHRwDxz5Zla8oyMChguMK7uAUY4aZS+9I7YcNurnDjWF1OSWgkoVT1RTpN0c0Vik9yfrc6kQ8h8zmOTqsBFm1JYI5NgskUoLDxbiyTwvP5AFcahLCGs5CrD6WlAoLvf0EeHhafV3tfR+mdU4duqHydH8WxFeS4HCsc4lmV5JvyiLWkb/Mi1EQ4fUK3hwNbknEQ6M4JnLLHvyp5IUu4URILvUwj/aAsQmksyMUK7ox15WzuHIINwsLpbydAuJhUHDGHDXAMK4mATK+oZ5CACymP0Y7Grcbe2gZvqUlw330CWa8vEwea4Qthc3djMgT8Td/zc31oQXlV7f3p/khcoc1ToKERgGu0SPNwlEpad3FuvkeVRPCmDEjjmmUkMoeYmnrBZSGVR5jzHdfLv4AN6K4cgspsXZrhEZMig3r7qoCR2J8iyRZ+s1ht1jUlVc3ixTfs1Vp0toaUQc13hsFqklwJIlrLr5x5dztujnlNYK6/jwqOXC4DrCHkigdmR0VvEB/S6jj0qMzKFRAB3WZ1QttcosasUkEKGp5MwRAEUdu/RSJmZjt6x+gcruaxayq26JnJ0bme1cbd2/rwuIEWVPiQFFfXFQKQCiq0BsBwZHE29Dt4BdPEPf4KGHfViwaesgZqJOOpII4zV5IhINrN4SsBxi58ykFEq15ajkGEUOR13cXXz9Q4ILmjvfrcEASFQ1xghJEr5ipR7rGkeaxV4YACLVZbQoZZo4RGqXxuMkgUvSFandABsAr3Eti8l3Dy7QUPKTPkxppuAW0MSJNks0onMQUz0gHg/8Op9UlkvDha2AabYcWhRDpR2TWj/RWyIlFW0rsiljnnJSqgVScwzmQicaaWu1FmtR3qeCoPmnQGQIp6aFk65bYNukO9l5ffJntsNW++KXEhmHYPFTOoa4DmeophnGVUjYBASePG3GRGppCEBFyXCyrPjV0fQPPqseBmQRtcc8gAAAQAElEQVR6h9mz4XgFrrJTElQzYczI+xL8g9XmiNPKG2CDRZ/olXW8FJJ2DBq2kCQZlHWoRC8TaNa7HCyyE4uNEkcLxiSpuh3AY8lO8OFgdJ6AUMouCC8s3DfnhKGFFUNnqLTlA1xGyPoPKiP54xxCsawQJkzcP9ACM442lDKVHxn8k+LRO5Sj6meVn6WRAm9yawi5r1JOxbYeKniGbGELF1E6YFYjA1NJhaGLUagI6AWfh2ojKwO61o57iP65OWzCOFCRNo0ICc4Vn0H0GSgEAS/HV1FMUdWBEpnUUfi3CBHWu648j24MHxWh40B2wy+IQU4g1Q1G2iVo+0ljQqri5KYfZ/3qF6CYpPewWw12xAoedFsUvxrmSdlugFhud9Uxtrq2QEHS9n34L8hKyJ2Y1a5UY8Kq9Ft1k4qbbRAW6wB91NpjuWrvWt5chj36qmExN2+6htLbD+rf2qSPWbJ8VAkv6hrBWyYpQ7umJATDxkFPwtnQa5eNtoUP84sEhe4kR1DmYcwg+5NSNGuHCXA+l7Q4qPPvp8qz5qFwJIlrLgGN9h+PqdWWfEbcDjKfDUTZi7yiB61nRjvWgxkV+LBaDNWd+no++XAnMmnV8rmwL9GxdaO0ERWi+IxhXof8/Hr/y88/fn97Ok8P39/N50l9hB6wNVRhv7/Z39Q335+pNeTOZ2wH93w6TZebJ9c3/jl39jBdRh+XrXnR2JYy7QOkNm6urm6uju0P9w+nGTmYdyEty+u3b778+utnT64++ejjj1989ObN+9dv3/7zb8tHT69ubg7PP3/ZMPKGohTuvdQ+OkP77+IFNhaZdTR19E2uPzEZIQeTaRb3nZ88v0J/zQgdLAU6dQ13V7do/bSl9ajYagHidf38Rmigf2pXk6+dcpzWkFKBSo2X8yKIjzN3U2GffSSu+MISMscZwJAsCNdLHtjsJdoKvlidSTQ5YdGt/uDUKZbQZtvAlJtgGIQJGWzrH6FtWLsRqRGjPzqoWih9Unr04XLdjy6rbv694ribnz/66yZiV9SY1rBrfcv1LxGU6pFt3+qDtdm++w8QqRp5g55njvHCqm92cFLmmGgcvhO6gkSRew9ODxS5bHIM7Cpfb7ynLuvFBqMspc3aY3Msq/VQJxJuk3lB7MTEjjk2QQUPJ/z5duEQqyylK0ZbrRFJZSGlcdnKFxLdhYJD0rF8agw0NniUqkAASn2FAhXOLOwr7l/4M+fKFkgSY7/voBjmTAUgor0UKvO+cLCikiZ49lR7CKfiSqUMExTGHj/YWtcO9iT3Wis7nBOj1jUh7Tcit4fDKO+cUvyudQfnv9us6u3D+eHsCkhc4A93fQkM2rs2bbkr5/u76zT/qxfH/+Ll1b95efOLF8cdE6aajruWIAx/fq4/f7p//k3669cPb31Aj7o+iFMAza/MlaZSvrs/H7+/O+6PT7x/e9+WdO/p1XBt9jQdHy5Tu6794dDe47yU87Q0SPphWpgAOtB88Vdwwsl+v2/X6VrSU7uj88wuRRqp2el6zI0guISGWd8P3tNmpKPArgx4hZTzkIO0nzjZeRbvZMRA8tiRWf0qEZ/wBgeCfMLMXORjkJFTlyobP2IeTJylzBzQ1Z+JWtmf0tePFoDmYS1bn5MiOFTIlkKKziUdirH7eemYrn8JJmPFI5xSzDOx+H128cPMBb4UlVa+f+WcJzFuDGPBKmUOfTL8yBQyg4E1iPgas+A3OFxh9/kyT4sKOJ6uINupHC9WbTewTSMYKhEDhfk0NutTXG0YJJKYMPyQJ0XJN1TkNY3e1R2hvY77bh9KkecEllzHsjqIUDTWo3THJqQSzApTUJZ6OmF8JC7zoxmwSAp7O0upmnTusWkN5xVhrr/HkDXmm6e+o3z+zs2gsE06opekb/cPJ9hCdV1YBmaeBBJtaH4lK+91bkqSsGetIVbFbHUc+m4YAmxVGq8sUZzEnrXU7g0f06XoX02hqYxZCraBItkk8hq2ayZgWdlNqDcBMHx9tX/y5Pp4fZ3vZlOe5usLuqYvctsJjp0Jaqrhel2UZihCkSv2f+3AhikQWbz9zse7ekNkM/huZXd4HEPKXeKi+8q0BaDjvvj0vfRCbm1RhlVBNqd3LERXGa1Hi5pyZqaXfUm7SedLCiOIyjOkRJIcTiOWpUzdegsyi5x41guzjMpNz22DRR9NekyufevNyDGUkSmunmlCOjEghcukRfu5YA6fIt1WdR/Wg114XN24pizDFaFCIZMH75E2QaSpcdFi93ChinQBuNWhcxaxGndPCfY3ll/2IiBc8lZTS0ZTiFS4KmsPw4tunSlKW7GLT2mcAZMoXMoSzDfmG2qDbd8ftfCYy5WhDshnbzo1AulkjLl5KkHllHWgRVOH1Rp3GK0+pCBFw3LnxZhndyk9HY5FUiZ8uh5XmgaskRzN2YD+f+JJICkkavC49U11RIsdOnF3wXC0iBKxQAuQ4kCfOTxK5iDSQyjRGUubsT6wKhCk8LF/JrPd8SL2Ba5pSkrd5O2o3SkA0W8G9FAOh1/zkBQslsCKHaTE5uI18WAWC9o5tM8G3UYR/Y6ij/4fL1DYDl5Bp6zGspp2a/vTru5s5EZKBKMzlAf6caWJ6fEx74mRfx6mDAoC430v/i0sHyQLTXyIJWNWYaRf5JUXCNvJspZ6OZ8yuY+1Kk7I7Hgc0LZJtSbqdUpb3/VFdoeWUbRvzkYkpFlIKFtYx2WkCG8RP8Y7K+IAPFktnr6qGVBi6PNqKyNcGTHSeSbAT669N3OwQ4379puV22WhKOlcGOa0qALq4Q1QGAf+XDhEjpzkjrUQVXWcZHnQE9gO1dXVlYPvO4el2r8pz87DtWBOtzFFLuJ7Whh2GmckFQWghU8L56NPflQPoUuG68dDDWs0S0QP7zdyrqCSKGPC4FalkJNchdNzlqZH/0XZoAdUngNyMwamkpRzIzUsat7lP0sMMC1MfyEYwAGInV0rmNqk9Mutl5FIOYUAygWck873GIlBc1wRlKY4ehQZL46TZKBIDlOKkkzlcNPMZN16JJo9e7SQRDINIIhuDBOim2hkYsIjt9nmyPF9WHroL6BZibAkoP8tDBQ7fJMJS8atcOKiByO142QSlk6RFAsSWgMehUM0UmLNEjDZNJ4AsNBd0uzl3KFkRQjEU1IYxniZHD1VqzafGDcrLGQFUzZrsSJD+nYAOd1UffCFFRpiSjZ1jEz9hHMAyGG45R6tBoeeZZIiTVGQBJaZTY41tLZlt2G4KOoTcTU4x8sMOHBgs0KpipNTVpkVjmvvA5UvrnbpR/t4HMZ93h3y/jjsD3k3YuOl3r1jgZbR4FqMn2AggmZHQmjGSKZd0OSR4YlTwt2KoqEnCXtF307RiLGkB+u/3yLK/Th+/unzFoi/evfu/vLaG60LhkG32NKvdP/5px9P82m5u59QCc5531bo7v6U0pvrz1u0e5jrPL1zvls7/lNCryQTsYzgrXjwAQz6+rg/tIt4uFSw2ZwC9/27d7s/pCeH/X/1f/63P/n4s1ev3vzm7ZvXb+7+6bfffvrJy89/+pMnT65a/c6V7P2pWO1FApZFe8OGrHLujFEK7HDsqgKR8I7FC5m1c06ZbwQyG3HyB1uMHmbVaIytHKe7A46pH59H7xEYYke34wsl2xqxQbwrv8PuTcNQcYOW6zxSS2Ghh0MvaA0iD8xZ5byvtrqXydVm/KrLzvdB5hAaWYnUD24HN+M2k3X7tSk1dcJQtS02E+Zl3bT6ThedXb8fyN76SfKb/WzXyBHW8y4r0DNcfatbg82qdVtn26TYHj+GzSvXHNX6GqzXS/O2rkBal6du/pB6Yt13Wd8SKWxbrHeyda3hyzY3uflkMcc2VoAwg8p4Wwu5HoCNIe1sW6YxG8uvDILeYeOmxC0Kt1ZSeNzY3P7FeAECGT4Lqvqg8hFL7TlclvgGk0jhgUqMEBwaBptzgWYAQPj1bIK1gUJUUhaq+qOKnDvFshhrs2buVfr9fgRcglHWBVzDgLQB4JhrhTlPh5kFH0WCw4hCk+p8A9p6BnbVrMlyL9us7qmvfbA51sPMeMkIE8Bhug4aYqmsvi3JipbQJWt3cvfQqnmTu1Tt+dQfbYrDmiC75N9dlrFOXzzN/89fvPh3nz9/NtTXt3f/9O786lQnS8+P9afX+adPr/+vP7v+s2f7499/91ev52+mZWcQh1Q6l0o2JaS1Piz1d6/ftwDxyZjqi6uDpetxPB6O/uh3dbz4eKZWhsx5d1mW07Q0/5DP08QgG/KBDdC7+IODIG1DqC8NfT7d37d78o5c7y6KXZcxFawBNi4ni15S8g5YEhCRkY/dY8vUA/gTmmwSRET34KswZSLNwdTn6ESmIaWYy0pugmcPOcwOrG1lmaFwWBSCFKbsnlqtB9haSdj+lL5+nBIcYVIZI5mJCV1XeMb/ksOGIov0Qzmzj9coyoVZT0K1QBHTUDE43kDj2PLNzSGZLzOhQ0YPiSMNaTY0hCI9zoQjik0tuZ1lcrytIB+9b8OF05QHdQCa09vYsoZKfsM5jUQ9mRdifsxtiDYtRCySQ8BzDygyWvOcGjGOtKY718g/uDbRyPZiKBQCGXcckBwUF2DIxMiWoiCSuDatM2FQj5dBeKy2ZmgG9mUiRkrNJo9XFmOLq0dfdZpXmSGe/OD9YcheTVFzQ1weU72LZgWYiGv+RDBwgJ07FX9F8yAgtzNDqC4CbtuoIzN2L7YGBP6DIsL1Ko2RZEsgeut2s2q2AhZDOAeNf0+aaen2+0FiP/5tpqbsMMq5Z7Od04qtVPuGq2vrU4NR5kt051gJdQvwbYcW5NFXtWVtb9YMq9vWRAQQNYbSEQ9wq20NY/HpheAlxLmXEYMinRczkFaK/BngyDy7XLKBIbijfglUDtAEqnSUPjXBlVqgPVnd6EJBiRikZfZ55fMS4Q8ak2tsiYhEhroyrIEJVq0IEwyEOGxrQsiL6ecd6+EeEcGcfQzuYuObiVxDDgB0hm8UNQRpgWi3TAu65aU27G9aSGjycCJEhgUEZTAI8fmoyOZBws0RZSYowwKsaWu8Z7pZK3WBB+IdnnlmbacaisZDyDJaT/tNsgmmAcd9GQcI+i4zIacQ42Z1mwEKJJL3aeD4K8n1qD7Hap2a51qop27zTO1sZFy0hb7Ja9plHjihC25kqkI5lcGyRgM5wqqpS9apBhU6ldlnSECndhh6zJ4Sx89xT1RNmkC5p72fmvRIeTahzxSq9WkQSxCfjWrWqjUyLh4U1stBMEd3oVyfDbAQ766hJsSpprsRi4VK1YLBbziNmZBJKDO7FS4R8Rp6Dwde2JBFOUXW0dBzht+AtoAmIXHrwUfBPVgnzuW+f4zym4qLQPDFk14sr0FqpmYxS/gqXaQ1VxByY9xQyVhlwxHzwaU+caQtIDeVMLsopjKCTHBPlJ3G3vBKQB5BVVcJMZWYZ+oGRCeFKhYMyH1zjkD6WFfL69eU3QAAEABJREFUPtyP9RY0lZBPQmlL9MrBN6QSgXZ73Q5Hu6IbPowGFE9hCmZxiavUXt0x10H8vgZv59nRXk47N9e4HUCsRjX0dL6kaaaRZSIuZyDa/WBQI62Rui6LVHeVXiyZvdcWICG0q7LRKoK1Dxoc0e1FhqjBOmWqjH5JcBnEvyFbgrIdWVO6BR7MQEWIfC+MGHojYavHJPTtB/qcKIPNkcEZYO9u4Lh21r+cQsIWGfcue+nJYhDD4ncFJgsMwOJhv8o7qsUZ2uBnHgAkRzA07pAcF0MW6NRu79gH/6iQEtrQMTRMLJhlMdBSJ1k5JqtJ+4+r2KqlC7W60Y0tswIYOnMoYmZRX9xbh/QvS41FoOi8H+jxANS5rDVs2UM5WVBUdmqdZ6xHcHWglgFl2rJczQjd+RHxRi8u+LlDKYFaConyGx2zpG6YmSRCkjDAgSWsMPUdbMElwlrwWjvMQEqzKXxI3BA9ie35KSNahRxpgzb3iDKv5RGFzlXbtljpPb0moeGFjoWK1dYNt9aqdswkrWNRCIZkhn1JMAxexIDKUg91koIB5m7Wb2j7URGk95py/3xazDiidfNn6vFtu6UYiPV0u/9+6ny2tN5ax8bIUPGH2I5H8riW1NFFz04eCs8H8vdVKn+VRQCk0I6eurBwWS7W0Dpy9MkEQOUUGv0za90cew6HO+g0YBYLaznny9zglNG3Yav8OYsK5DDW+5013B7/br9zxHnvBbYWgbQgtZ1NNjtAlmKIcQ5xo/j/ikgklZ1oGwvsr3ef7zB8qYWp3Uf46T8wPjJ0+mvDOPl7MLlIPoNys9jheP3bb77/8rv3Dfz19k5H8Wu7gQYmjHt79uzm3ACnu1MBjOKE7mW5vX149+72+fOnT66uL6fp/nT26MvgOGegw7CTPjpvtmm+OMcAGcJYvP7dKuczGCbvHx6+/va7T198/flnP0UEkW7fPXz76vYff/OHTz6+uf7zXyIJ8aufpgayt3PuZ7LZMBvmaLS3kCTPVS5DSQo8cBlATdgN41oE4Vno29O7U3L/aV6Fgqyjbz/8iryh7/TU9z+N8Ob8B0jJgEiGI05ACvMK8+KTj330s49ezNIoQiSXnZ/o9C13XZhs7Ptl9BAVBWnsnDKLKuPleOd++oSNxfcAeqK4YIrwgeCgDVOt67VsnDkP6eYE1gBjc2Tk/VBW+2OrhDDEAsPdmtG6/jc9wonrFjkVmhwvqDr3teet9fHjqI+u5I9e0SqI0G2vxfOpVPB8/PoVVN5eu1YvkujNtStWirw23kervb0orHgwWegRhLfFhQYBguc/QpyqdFnwpygMxUIly//xNosFWddQldqTelyofMVby3FVXcuG2ZGiLfx7ZskqUa/IcWcSqEAbIADiVbCBvDOu6iATXZUl8Yu4ClJFGKLwd14bns6XYO6whJlJ7WAwgHutwAwbaOjhbHUgxdUlEjtotQhi+utOgeGwDF0o5wEPQIfjnWlV8Sk6zICcACq3yKcYQ6VICogd5Zh6Qy5AkthDaAJS6B1uFT3cqsIwcu5FZqr5+9Scy3J3fjhRe9RKFmImHOp6N9wgrFHrSsqHbD85jv+vf/P5f/3ycL1cfv/q/r/7w93//M39lw+X2Wf4DL96cfi//aL833+R/+2nx2l6Oi23D99NDwVJEKWofaj1IGzHl2X39vb2H+dTme5/9vD85nD46Mnz509yK436TKoFoiXn+7mk02VyALpZ/gYwT5ihM5X7k08q9H88njQ+bMDNNIUe6nsIh6gJinjexFnnmT1zVkcUdTG5mQmyEOHCaiLqyTBEokLVOITM7DOJgjNc9ujgW1tkTN1xasIIlvw4VCWGzNXbHnLdGMeSVCHzCAtzlaA74M985675R8oJ/j/49aO82wXtmYkbTlBwkmdVBF042UlkLTi/ZnFO8/QwH65K2bc9CM7NTMsOL8dSRqdc0FgKFbUw+92zK0YLXzLjygiQqdDtgsUi8zHNIKbgmg9irwXA67/aYGmKedakKW0okQlHSsJPm6efCDHU6KNnyM65Ar79dxrHwdgyD3vEmQgaqOOce4sKLL/LK7tdNC1YnS4TNPIVM1ukEMumlz9if1+7Vn8ikXCpUqxjel3qSgNL0DpNQQAQm5RUQE+6a8xkQp4XIzlSyJqCZ7pDAATbDdqoz8aAo+paIOaNDC1wX4iCwOgHTrqGYgaIQRm3mjexLKOEIwjTj/LOYHTxcnTPMZsH2FBGYjowG6c2XwpRYHEyAXYa51chXK015FWCV05kIYJTWboBeSdddF17+dcpur5Mgx1347Or3dXO7u9n5M7tlTMIj0JP/HMXbGvswFzoWtOFlGpTqddjCYdI3If67WMaOugn1Ruo6ek5WDet+GPaMBPEbE11Ps0WPVApIkgM+xKQyt/2xgSGlRiiqF0gegTJa5W7R83jtYsvR+AFvICEawtibw/fCdLXKGoH84FPp+9NJhHMgB1btf1O9GZiCsQq1e4VYajD963Q6uzoJKEFSOOgAVuYeWK4PlqE+jNY7e4Nq2j8fgDLwr5GXFXbKZSkSQBURRSrwqe0wn5qhoHSZX7qfeRFVekKV0iByE1B25gckZaqIwPeK6PgpYJDOc81xAIJs2gVOc1D4GbSlCXZxcKL9PscQiaSIPs5OjqrBfZhfriR7/lsLnL4bUmCESBjvONk0AECG0qF2xNYhIagUlNATMBuNdL60PxsYjEUgnHGdr8gX8wypJQvqvQZC0jIXEOPAyJF0P2m4LjJTVgAlKEexBZVpZaWMH2rKmuhvC+VjtdEiA3MMCDq6uATljy0DHqJ4io+Z+au9R/wSbHjBPzi0L2pbBGr+v0S48UTy/6xm5eiMho5HXRF+DsGF0ipNm1S4aSxLa7sx62AE7fzckzLrg2Nzb6nxQYlYkKaO6oy3mxeZnTEeUFJ4aIZFTLZ6wl8OEkniruF91+E2fA80fEVPvfI/DwamFD+MHKlfXeNSfGiP1lSpacyLd2DtI9eiBjPYB9eBtcLbeDkiDxnR1asnhn0IAquv4pERPI2M1UP+01wF2UxyS1E9QoDsasEn7y7yU/ZEjYcG5qRP9BA75hiY4Bg6zFkg+B8fIa4iMdBoSSxd66RA86W5FzgdVF4QzVrf2yOwis5adA8Rlo8TelFdtyAMcbzQGwBqjLRRPBSeJ3wBLBIhvCiFaSoL6ZCJ2GFZT5zi/GVHLfpFR84TZc3wRmGNx9MniJVCYfVkI7A2ZhtqV1SDGTkLvfux5lmrmKUXdIYClh8rG5Wi4lYR7luQCBjsQkXPbA7KFF6KBdR0SN7C5Iy/+JpKFQO1d6r/oe5hq5GUVBivQNAmE/KJfCFEsLI1bOSpUcpKyJsHbxlr1rojAT4auHnYCjmDtts1s4fZheA6ZBwShJ0YCQTWm8p2oeSgImSe+iUqtW16MmoRSVeZr8I2CCykIK0mXlpWf5fDCw18+XgcykYtYA/O5JQLSD6R195/U8XhY1fCndX5aw3FwxpgkemWNa2hwsKLzbwz7oLrQN5AW30VCD+WKs6JsKpJJp/KPRXBAqJ5UFQZeHAgHKqG4D7virWG5Ya3Qow89C5co/dTEgIi3v3cvtXzYh7z2AJgujRdvXiYVsrOe+9F2Hfjin03BW/YcbqgNEJmX0ngThZHA0tHPqUF4hZEUjzJiUkzocnu+OLUk6ekCX2IJeGEjNlH+FCF2MlCYo9mNUQZr3Fnsv1Pv3yZ59+9/3b6+PODY/lb16/fXv3cPdw+frbNx8/e9E8zmX69sErbhkFT4+dv3//dncYr47Hp0+uHcX3uVWtBu6Bq7FzpfmY2Rk+tw+nlN8vCrb9BryMjdTkdLp8+/r2H3//5fHpsy9+9snV9X/5v/6Hv7179/6rb7//9T/85uXz6yeHXYvLGlJznqb2YYd9+//TttackgCZsWEqnIhKTS9uBJ/0yI8bkSfMKMBxNrKAUauBlGTrkZF0RRW1MWeoJl9tm69ay7p9152rPRq/Et4xTIbxFGXiy8p6CsVCwNGfvag316qGE9AmfNgv5crU5SIczKv5cLBwrM33oNoGRSybPRDcj+Y6LwWlYlSlU1FjluJtIZCmlDml2H8WjtRiihJax2oWSsvDkS1gzwhTZAV1gGu3A7FUSXyUSL2SbXKEzcu2y53Cbmwh3BQYdJX7SP1vfZ3jRjYXJium79d4Od12OLBqdXMQOyjYZ3JYN0RyKH1T9A+xIHqn1LEKvw2lO0lQaYoLTRuku+9Fg55k7spyXOTQpmIDR8U4Y7hZ75nEE/G6N6uwFn0fkbiFHeYmz0rF+Kw5R7dtTlFGqgqhjG9a6ZoKftihc2/aZrqnGwdlJ2x0MBaidRbX4O4VfDISIDzcWhZ+EA3bSguL46lYlPwDOmW0OCR4sDJw4ASWwhFzNeAaYAS02MExBrOAYFLOUtDMjMAtpQ3pTVUQPg9aKviQAYSWzCSRAg+r99czqwpoLIrSWt1YZzyWsebLNL+/e3h1dzp5w0lzVK64PA+gGiA6/y8/ufp3P3n++c3x/twwYB8DdTWOn10Nf/58aIn9X7+6/x9+d/dX3z58ey5nxAoN6/37+zL/4WGy4WocfvXx4b+6n796WP7m7cNydWjFSl/eBsqjNuXTg1rY4KTM+vZ0+duv3/zmzd3Nfn99fPXs+ublzY335QNHaiH9w9zQ5+b3MCjBfRCajBxAm1EGc4ir2ahcfOhEldNdRgwwk4CjXJi/uG2RhT05dZbJxc8o/em3X5SDMuhxZpUMhs0trYmelraHymgkwAUZDe/A0V/oKuaR5XNg5JYhJLWTSqH/3WsZh30GnR9bC8SI5dHoqP/kv36UALSs4mqsTS64bl5i0dkOs0djepmXk4uaL4fBC9QIATLNVdRjN+/Gr0IFfoaXaU3fMWei6qgnFcHkWQXf5JDzC/POfrsZVqmoG6Mq3c4sEBWLN6mS1i+RsPC3KEoQ/omBeFVS54of+30Wyxn5BYor9F6e4huhh/CFkebQK+cS1dCKWmHEwnpd0fWZAG9MAnfW8eViwIzpm0Sgk6ksPfYx0HwplBDoCiN+DEZIOrKutoHxFX7r2WnZqfKnCcLxbHX2RMDZudPi8KqiGrftpGGSiFADteFa5xhflmMELQTnczBn3cS3hDknQiuDdfzcot9WDzVSNOb3Li4/WBTJ+6YkWZf7pGNY9K8CVbBklMxl3Bi1Srj71EOQXu+oZKCXsmJc7RKOx+OT66urw+7+/uI9NQi0CrnjvGtTWtRDP1wehHGjKZbr0UMWjz1dVmlmb6ODOImA/qNYbBN3AUSj6K3YZLn26sp6rrbBXKoxmVMrtbBJKBWNvCgdBWCSr2AhnLZx4jBt94oWJOGPuK2a5dVTv+jUIz4dn6iKR94NPFpQJXxhqiEyG0FK7S6GSRncC/VSHeKp4fHVRKvjxjmYLXTJofENJp8XxhMlVZPGZtVaxMEI5kpi/hwwZYVGOc11pTcAABAASURBVI2Dt/tYHDVBEwIdYsGBOFAYB2ENstn14QA8QcFbcRvqVwziNEaGjeSMkjIAMj35wh2eBEjXkGWg2ZTQED6E5yZlDQkF1kmwLq+CvLuRU62TgHuF6LHPKtWRA5CEScaojyD51M1dRROENs0QXLsMEmIOGIbHeIA8c+xOJoSBRwdYoS6GwhlDueMfqQPXrLOwMGhshCDRTsu9XhOkuONDBiIDsv2Eo9V9wlIZI9iq+XIGQykbT4YjUV1GzvQaCWeQYqHJqPvreybKDDIoktTwUYO0FFk3EredQV4jKbuy0OCsT05LwOPUkEnjfMGob1mwrnyfzhqcGJ1nevecNAc1w0NkiFnlNW8ie1A5IL+9sLxRYgYAVhNUU0GuWUXHVciO5V7MEKk9T1CS4dUa66AfTzCzIzURcAkZCwCyTjELtIZTCNuawtBGArVUNe0Bw/ErmJda1hATZc+sGADIvuftUUGhPwCyKYIMzuiifKOK8u8jyXaJz9GLFQPsnlEwhA0tDkA71SJkZKKt3J/7sugxhz2f5fQwlCA66n0Ui5BPGRfD7Imxd0MUNiBTuAjz1LAQtLHuT6sYPXRJKu2xC0RePUI2LuIKoeA+ORMydUhWmfIATo3mA3ltguluvCZxgwlXNAEyKbSTjeEAafWEUKF5TQUI7hHkOVG3pwdKlMqum/b8unHVcnS4C8ochIyRRdtemAVFXBwqEBFLd5DdeD1CWaoFpa4DltVWy5dk5axva9mmx7OnAqFFaxEFHCyZTkemPlGhXbUIN1JgI6mu2wGtMv0vKXE8aNhFe3Q3Zuu47mxhfVlNTB3ijuA0rWsgO6x/rcxn7o+Op+j+hV6t2s50+BbiuHVzQdr2SUZfnxKrbVvQyGwN3ZQI9HCm+4jIEPpv97ivn3pYqQomMwUKAAmnlvIaAu/iFekZUG+Ot0087fJZPjXVGOaA7uskwRaueTrNHSu4ZOcVNf+UnZk0LKm/Bw70qGx5vXb9YV2f2Hw1FlX4Eooww+7olUhTZToyMu6iatEtQsQEr0DgXTmRZ2l/+9lnz5P96v0vPmtWaF7yX/31P/3tb758fXv37fdvnlzdXF1fvXjx7PzmdbtF57X5dQ8NEb69v29/OB4ONzdX9e6MYzte5plFXDRme3xymZYGs1TcMo96AwCaN8qY/vju9v7rb7/9+OMXT5784qefffbm52///u8vb949/PNvX3328g9/9pMXYxqnqWVQh8PxxdXN88PxiKaNvt8Jdrl5TivyGFiERlYDYJI9680G3Lo5a3/GCdc+i4242oHa4TseAMXhjyNrvTDSCrMVle7/l48qKR7NZkdGTlgDNFww8QMZhE4jAwHEobIPqO4X9PFg+DVSMM6LwFiRjI5J1gjXcLPvtfUQ9qRJRmy9srhxmW8dw9iaSZZpNZs1SL3rEHDRDeyPfyk41ZImW2cIhh+xaJQOguXG2qovOqzx+iw3j6e7NAtn0Z+aHMp6Ff/S9a1vuXn08UlhnOQdlR/UR+8RcHf/oHVJPvhUWkDOrKt9in3sQYT/Rk0dbLUsZ6A4q79DPMvaFxPx/eqP9FMByLoS5hwm+UkpWmAsDTROPRUdc9golZXY9UteaoRkJZykxDOWgAuHHD3QPXr0+5hrt2w6nevwCwVR7Bgj/ym4UIq6GeZ1+krqqapidZoGmoAaXl42QJkgXxPtRvRX6JgK2MFTlqU7JmTZ4bhqVFETSpvcl7XHUfhS0OglMbs7zXdnCHAoaQrj7YpG9stnx//606tfPNs/nG2yK9fWy+nJmM9z+evXp//vH27/p6/vvjyhX5Iw07i72PD7e/urb04vbnb/7ReHv/zo+NX75Te3p7PzYHYJ7YmTJyELmuHblS8ttmw+4P15fnea98N5P97fHO7ePn92c3V15f1znqz57EGfbV1VqcXJc1YGE1Qu00hVT9hhN/4z0kfPiAe2oRufJyJ3yO9TFY3nmidYN6/WbTeAmTUKSbna2r/e8PYRSPHOVzWT6oUvoEbjGOPUBnYcgpGWtEsHFTCqdoONmOgL9kyrpLYyxul8sj+lrx8nAB2M10cB0yMz2vED/oUpuo/XPF2mh/O0hxUbwumxKQzkHlKH8G3aWQJDmETUgsQ5rA+khMWqpMUZmGnImCaOxFyIIS2Cm+vaWwm4KUUnvyhSBG1AUbDuRB/PRmdUKyMp2pQSKd/gbkEy8Qz8ipreUOHjWBJ2I8IUa0rYohEgBPsUSBVG7ApsiMPToFsAfP7adnQul7n745w5DESICfNHrjAGidZg8+Jwc6IQbwkmheThKqmxkPPDm6OHe1ZPDQY1oQ0d/WIgd3o5NrAGmAM9+moKLFzIBwUoqPDo3lieCtTCOi6R8LNh9bqSakTqY2yDFGoGvRMivibBH2yJKH/yfYOoaJEjK5yIh6pdmnvinaQRGfVzE6iBJxW4qd/qwQPxm+vrq9dv7xALGvNdApjRoargMhwTcyeUGSwUYCIHdhBink8XO7Zq6bSU4CYpXugnDH8tS+kFlmhcYvisb4b/06OOu6smKCp1Xi/ltCzoYyTgLlCGCQ9OuACWHT8eag0Hr4CKXBsLcDmZAuXteispKAvfCwdniKdODoj2Q0Jnp5Ozi5S1+Ub+i/tdr+h4VLTbgUCK++PV4p8QvfTngbGeg2VxOaVSXookI+iIliWgZGH62j9in/VgtwTaUTpLbO3njEderUeBiYeI5XovbHM/UJ/ESDbwdacMAvtySw22ZfUWVj6FaprfKJ0cxumdBhZcrqQzHTwFxkMs+cBrE7zc7fYishEzQOThl7EW3phxoNiFGy8SLScL1dALxWOhDc8yUVTqwHkEDZT7BH1SO/mGIUnFWOCXHiBRF7QYcilj9AftugfCKdeQtVEGBGMjSbG6Sd8F7Fl/3ME4SzUHzwfxSUfwkUer7AlLJDPBWFuYp8+RZcRfuMXXkWxWORfb33yhkJlnwy6Q5kJ6LJd6qARQDxorWUgceRocpscL84gWWjUAikagz96aIlsJiCRKVwky2rECvhPaxy+zaLDQXsM4DrDu1tJXbLPaCdlCRpLuFh6YYxE4SQRp9JAk1GvCNI0AkJytr2Z2QhzVGhCM0qa0k6xmzExuyTLKpHnDxxg0R1QaBl5LiqIFbznLMzi0OxovwR8ENYHkBJ1bHVFKR76ZTVDIG4UrDrHk1s2QNRFlDw2CzpamgEkmBQbmR0AdNgL0IgZ26LcVVEdOpvDGwDNIylsQLWvuZeZSooheaLXkc3kGxRqTw1IaxsK6vzT3wblEwioVudmOwOLTyJMuKSosfRUQImvikoVsmEpJVdOIkQj/s7AA142qVeTCPE/6E2184jbz6swQQCehXvKblOEGgJlkNfkafAo9XXoE1w4RMqQUnFTfRJOLHkH0Y8WNcr/0gJ1YpQG6St5eBBrCpiW1W0o4DVNWnhQJ0O0HxiXQItJrs7oqcSiG6MuXVKiVVED/Wj9HnQj8AEZKNFBVtkpDAGS5U1CbaRzj+ONW5JgSD0iNIk/uSbVtrl8IiHxWDuPZXVpHmiObj6ZCPqq87h+9awTICjzqCqGuEPEPvvprYrWihr0iWxH29H2WIgqhfrd6t92LVk5pXiJSFhOFUIx6hMuiaI6O0NgnQe49mXKoHIId54qXI3rOGdQ6OwLHw/3XOKKLwg2DlYsD0IBfM+AAZr6UgrOkDlCwDXyzeRf54YBuj2baEs1oWpdg87VZYIUWIkMmZSEeZPuIQzwmKYLT5zXLx0kbIJxNDv90YnyZEGs065afXe9f/PKnMCbp4ZLafbx/uH//cHf38PDt969evHjx9Nmzd/f354eTR/zOFXPdj/uHh3Yg98+fP7m5dmVQW5q7mi8DXKY/l9kl78DOneaH6tO5D/vdYb+HXgfyuBYETZe729uvv/7m6ZMnX3zx+S9+8cWr12+++fL8zbcP//+//X1byJfPnx6PT6+ffvrs45/fPHkx7sYogn9Q9eHJzByXDYFsdLShC8kt8I7lKlnjoDrk3NULNvuxduy4Rjz74QNRyvQBAm1mjy6odiB3ewJoA/VKHTcGvZyE5ApOHPtAdMoY7wnBcXhniU5/j1ASU9WFSrgsJsH3wMr55nbnONCj0PrKw1RpauisKQBjDKfRiSll25y72D41mi0szmldlSL8g5RjBxiqN2DwGPTo+EGH+dMKIqSOdNdeLDNFhtEyGEG4RadXWKP+2rpigvF5KfKQ3oaR4rnxLynqkf1K+sXE55mF5G+KzLh2f5j6xdujTZPk4mt/9MrFUt8RiRG7PiSAdt0YjTi2Q+6yY/qoQpsR0VJ3b6I2pP753R+t/T3WN6tFEshnQpoVu5ioFMTF2qm3TIH05JOWB5KQtHkixGJ0g7RKE4+NydjaLk2XQkBE9W+cStMRVdBEJEDOvNbwBh5rKFhN1sGfTr+vnOGinCPcInU5lO4mjq/3L96pIsvoAeQ4LT6YDZC1bhz+qEB2hyE9/Ik8dhSIDX5Jy71YPtV0O5WTq1nMIuY5m9ut8VLzzS5/cr2/3gHLtXLdPIXnYstluvz6++W///3pf/nq9Pv7ybv7dxBw8nvaNafTlvnLh/n//eX9T5+Of/lk9998dv1Xr+5/8zDP0wUatst5Qauk9hxb/iBBCbCiFQuTnYdm6pfFwYzr43G3O+73V4QVmiV3tuHZMwML+gK0rV3qzdk1MA7ZLoto+1Zrb/jKOjYstg4dfWa+FyRJtk8ynimM5RC6+n92Y6JwLeAj/x9L50QRU1QXIW8JhTuH0POgXMkBOvJmoJMJ6b22pMt8di1F1833fy7+s/vTfwag/6P/Ijcxhd9x29iNP+MDGgIVLh34KazPTeXubjrk884H1NQD+kABQGjaLgrBprfB9qSyonWQoqp73TeuF6SGVESRGtEETSPlb1wWAjcjJwRSYBrHR+0nIUXA6+YkD+YhF2jtZ7Y8MdRTJSz1f6ck8ChD/SjrtS0mnbxBIzLm4M6hmLYLnjKhmxJIZCUWnL3EBr+0kHaHpgZQJ9JMq+1XSMB6zuSrlbpx645SRE0Q4h6A6CK6hUUwAEw5RvAyw5N6qXdzxawsF/jxKHxhEtQingnJfRXfqSpZohQnlUJbUOlLQwOBT0VK7zUoZ4DtdyT5euUJEj0gHecAWvwPOx+rrT5Ko1QTu+cAVGBjOJPNiB6mHvSp65d9xIQ18D41rVFDjrimuzRQ74ZInVihkNMUkguLmDcRr6JfPlNvtCzLLuerw+HJ9XW7qWbM2OpMhJCsOOD2JUqINuTcr8ppGiByLWxLo7X3QcM2sF28/TJ4gKyHs+uqBmZUYtydMgtKh/cTxDsSmqywQ5l21T0zKYoh5pXs1HDYNOsCrxnCBljsEfxc+Vt+H1nr6Bt5yD2pjNQ2i0Mb1WTiiXN8iI+yMV419vRMoWaaARHqQeHrSHbWr/LpG6c9EJRVeMErdZSPKwPh6YyHWy+z6OULRqNjAKI6AAAQAElEQVTyBaE3gu2RJMc78A6kAJYi+0DZCVFWCl1s6+EowrkluBncMYseRFGYpoHxCiN9rjNEeMlhFLXbPScMKNgwC1SuEMUk77uMMqDCNEJOfG6s8mQ2YzNkLcQNxNvtjUuJHQQW4b8CR1N/uptRkak80lpK2GUXwUTrR6X+dNWaCfFGzzIoCYT3fVikz88EG7Klrkm8AHS3uUyE6PWm2gH57ylwNTXnk2KCuy5MzHqpAIFeqn1yUzsRo4sqUhWk1DUERA9rpgzCoreoS9kmLWJo0grRkIfja65sDyFnDrc0Fv8dC5IAsVLCNQul6ppnw5PrdQIHGEYK1zKRxSNyEGQAqJ4L4zCVG8i8h+DjSBqGqfRU48ij8Idt1KNzjDclh2UpoTOEuig2S3Gk2uuJlLFQvkhtEUh5Dsd9jmmTiNC1rwtw2NFby4Nik9QzJ2USn/5UBaXDp3jSDN2iJOYkeFkjwmepY7jH8zuZqGbBkeUulrzfD5pDwxloeVAVAu+Oc8gntMsk6vKjXFV87RBVrRCZAYUIfWVdjBnC/V7bzuwSdZhZdOtMARekfJ6oeCcTm3qMoiiFUydVsPWZUXC2aY+WPjYdAj/GMsHAIihPktYB19yHia5JMDa7xWkkfzsyTjM+PVqNIQvzNdWuKwOoZWIrFjaK76ii0zCL9RWZtEC8RHfHVnZmDqUfFoe3sgWw6W8/Va+gwCEY2OQeYsmzhLOEzJgTTzA1VxkFnRdsZZawFeFGZZaDsmxaAA2mr6mzXpI2qTtKR7xSkaMsnkNmfkBijwUrvzXS7oxiOdP7nGJD0M4zf8ESSQWy2//gSj624n7AkS+7/V16BKkSc3d7YS2SElgsMneOv44NN/o49oeK+5PUuubLvah9yGAUePXQh6kdFtKSpMBvZL0C+GHiDXUYLWDqscH6JbcW14uf5U0EYJHkky+mrLp7SlVM0upE6qM1YD6w/TSzDsF0JKnHX6z0rr+iOGWzzNCAcby5rcaSWTLm6GwPKZtvLGke8BbNklb1Mgz0UoWtG3WBpi5PhfsyvzWfkYEwTC0o0DNRw4x/8nF/WFwz0NWHTg8P0/nswypQwyLlYj8ePEhhl6CL+rddXKKOHkfYLZ8P0fLKUA66eV+89AONWy1j3q4rza5bsPFwX8rOZpeu3O8wVXqB2OGcF4eZJx8uMM2XC4BLE3awTEiq2gU4jN7WaOCwDdv9+WefvP7i3fu3t1++vX/z5l3bbE+fPf3044+/++bby2kmqtv80HRZbu/umw979vTZ1fFY7HQ6X9pNuY2bZxgxmIeS0Znj53Iow94fg6sJeVDl+nYenj08nF599/r66uonP3n58z/7YjqXb7/67m//4avnT28+fvn5Fz//188+/uL49GWzGu0NL9PE4CnAOI9dKp4yHaWDC2nhkLS+aRjlbJI3hXFJo0P7qnInW+2oa2+d63vZlJgkqyuKaptf4X9EbSBG08U9Uo1UlvGqksHKaELlFNZvEkoYtstDjyEW9NkpwU5wqtAramvLEdCsxpDXhYlxeZ5zzr1wV7aX6LamCrIrUksjGFQjKHG7A30tWi3b3nBflrp+L76k+1PSemRNCbZ1qLcfbasBtgZkbJtaVgR3qoLFvJlE/6Vkv0+pSKpw9/jrsaXREepGnr9FipFiyPDX/UqTCNdlcy67xYr7V0FisxCSwgvjlza/taZeYY61Iv2SKPoxYHda8DOEgibvd2PibLA8ReKZoCsP7LfLZit0riBt0OSZ1cAopIv/I3fifXg5zfufEXFUkpwQCFHCi8k24w+ykDkUokbWrDwLYnXWDxJyRiZAkaMhomZ/E7KPFFyP3CXxcwdhtFZS3wsxSXVZcSXJBPFec+9sHhQbqLmOcaRGPcTv0kOleAhRElAskjXgXYzrvNn2dd3aeJjEVJEFMP7jDSApUBnAY9s0PhR79XB504Cw+YwN5+rI2RXqWm4/Xuf88cEHNf3D6+nLu/Ls+PB83x759M27u//Pb27/56/PXz20QuB+NxgynH3LRzBcpNnyNFv+u9eX/+3V9MnV7rNn+//Lp8+//82X38wNjNodUUhd5MrrTuouMoXt6n0I92V6+P6tOS6fr6/2z588fXHlkhxHJ8DnJSnbo74s0yoP9ds+LaSQV5Rdd3zuBcMqBZO593V/5TjRUjkqaQBNgQ9vqZQJp/nI5HBiChP+Nw4HDAQyOpN2hfvDrv3jms1e8YVagLHLEhvAOYnNuZ9aynU+tfrw+XxGjXiepqn96fzw0GqoD6fTw2U6YXzipeE2xRpsbX/E+/6n/PWjBKAzQbm0gVwEDijeTpzYG1BYIh0Fp3PK9nAZ9idP4pchd7dW2URoah02iR/SNCbZA4bvgvJo1zx5FPo2hKwePlF22Zs7Bg5uGXJRRRW/t1CXFk1LeiHgBMYqIgoGRMR7G6i6z34kpPhk1QL4XCwafnMSIRcFRDfj7X48FpyoUUje9NipMe2sITieSF8cMmenVAxdE4TojAaMURKF2ilcmZhJ5/pkiVoksrFYT+xJAwnO5AtNtsj8mKifFnAuXaTf0bx0pFnp1+ICdxMGOfWpegWDrWwgsOJFJwoxEzWGtCvJUwm4AGdSMcEZnS0eE+x7kD2ItZnVqUHD53M1BOkgTSNuysm7lclbxJeRGcWd93SzRtaaiAInpY2di4WnhulWyI5rKGkzntCbRmLZf619xPGwf/nyxZPvXnldE/EMZzQxEBBdDrfXvj+s6V3ikDUvzZAy6TfqplMjqgSMegu96/AWCLWy4l8pe0foXfs6kZonGv+jEKzWtU85lqgHWyThZksdMd4cZj6FQO87kO0+Yy48cBHIBWWsRz9YC0EiKCJkoE6+eAPykoiFUrTj0C16DYOeCwAowgdx6ReURCo701kCxesFsg3sKRcO6E/zDNHuWdPCGL8ANmQUBfgraK0WIWc2Hac+BEotzwGUWvRpMOAyvZ/Tm0uHhsUaSSv42x9R0fVGLwVxECUujIopmVOlKeZXAkVXglRFMvMyMOp2Y8152O8E14Ndxfb1gApYiiHyw2bPuV9MpVxkRNa8Gj74hHa2hV13Dk4tqdNeQhpkAFAn7BHhqoFNgVLloKoSaKVAcfQ8h03PZXcxKUI6CIUk6RBH7hFcHG382K0DqKWq9dTpwq2hN+77mow25ntFn0i6j6nRDId8t7OAeoB19gxJky1SqVqrJRiqPHRJm0GIkMooypnTwLbrjLA0Cg1J0wMr5Z198w8xwsR0a5axead+VQbxP2dhe2sdFTYCdfJ4DmLyZUYVQhy7yTe25npW+a1C+BKVAF9Zn33tjTyDwCNjso0HOaMYiTdHsxKtsUva0Fh4494AznNFyKnKMjnX/iJSTipJ2oD/w+JghGPKwRn0I528gT3WoSF2o1Qg8ER8UxMuP1+mmi+s6vnNuBCwUTDdn2TFyMiZfjL2gY9tahc5G3FgXkDRhmKxmE0CGcdlHGUZiNeay2QY5mln3FBmGpXU3wngWGmx/sUtAc0jf/g8y4WeNEXlBlS1grFnUK5PHZxy/RWn9RWMHPd1IwzN7qsiG+6zGsRwKxiKkeZe8E6184Mq+3OggF4l3qKBtUs/TDxqdHEx4S1h0qnf+kAOOe1LGlQx8avAoEhHCmbOHeQJw4MF6yClji5q25MRoKaCFI5xTe2KlNrliNXv67+/1NT1musG9KH9gFw9avgET/HUUKepJecNDQxmyYfIbT40RxRYos0/II647FrZv9Z7Q60b+tVG0XZKEMhWrxq4CHlnJSpkUQPD9s9Md0Mtn7msho6wOaFEjJ2IyyLyZj9wmNNUV9yMkTGea8A+fYeVeN55k+oHULP+Z8VpIqo0e4zCwW4HwMQV69AKURctg/YA/x9lkQ+wrECHjBGCbdBAiABTeA1E0LyQu5mieEE8gd0uvoajjRkxM8J+V+Ga3SCqxwis8wHM2QW1rqTSpWny4zJDrJPsVFfQagfRLVseYu1cM6tl8eh9ZGTupTeQuYDb+sBYH5BElUu1B7Pbgva5Yx+b++dTxO5nJ5YELpshvb65efbsxfe/X0537wbf2KMbBgecvbJepokRj88fBXttIQMVSQSF6NsyXBpoRWKwN2I2S7779Hr/80+ef39q93e5XDx/v7m+fnZ983a+bam763TgDi7T8v27dxni9g2Jfmg3uEPMAa8D696gYLwYAFBDw0/ThDqPN+S0J7Lz2Xr5/nT5+rvvii0NS/jk009P03KaTrdv3/zhm/f/p2n/5PlPnzx/uWhAqCGJoV4hxr8nyQ9Ag6xS8JolcBxh9R/0YDc2dt+vyR7jDTrEffcq1Eva8QQiFX5/8KzqxpxYj6tt80i5S4ydpzUiRAGRxolcPovQ/7creVH/A3Mx9sf5ELBJJRUAaBXMeg2wwHwKH1rmQzbbnto3Z7C7PiZJvleFQWFp/MY2crV1Uw/iboTnrtp/ys1pMFiXkoEJDcHEjtvUfyF/UJB7fLQ3SKzslB5BClw0ljdtH5CC7s0qV9uarM0rayAQG+uSNg9Iv57iWetVj7ZFvwqlOdsL6r0hcS8p+k5Xx2LdxkroiKl7pN4R05qwj34pyoQYIUVTo0WqxesqCDxLpouwtUpJHKTGnJSFAoac/Vvrdt/qQdMyq4FKJU4PUqtoFhkteohsQwSVAC7JPRTgijw0STcshKrJEWCoy4F4vPqiHk3wIlKke/JM+bFUSJCoevKri6c7RVoDGiLnUxhbztjiUKs+yJ+DlwXFDhgpWsQrAVKKuL0dMnU+CuBKadMnkQLysjgTJlyLybd+S2eD/q8qrgOJaLja3Ty9evnJcv27b7+/e1imMyZdHy2dwEDJN2M6puXtff2bN/P/9sauD/npwXlI70/jb+ar5Tg+GZx75PTpOlw845mAwKS9c358xsA/v7N/ejv/25fjv//V1ak8/x++PP3mdno32dXx4MJRlfTiFh+WNVJCKoYgwh9VC0vv7k6tbHm7u73eH24OV1dXjkL7yAOPrzm5ZuZcynFJaqPyeHPZOVtZA3LbIrNQ4JYmofCLUTbujaHyAeh82EUCRIQgafb9uG//c9nmcb9vzmGsIQLD/BhCT8v5dH6oD80uXib/38ycB5VXHxE8Taf5fLmcW9DqADTHcBMWwFbHyCOfnpKQ8jQXVqLj+U/k60c7cpHHrCfe+lbQ6ildUYj9wcordvc/05Oevd4TQToFH+I9IpcPi1xCmQKWrMQnwo4X0ESUHJqUsdzQKdehMuFCV5PAEGaVmQC0h+1DZ/7jWhwA3Y20zcOjnAGtJeqaZWDPd/U3sz5dnMPQdYWoRefonQ8P7wyMQmUBJsuJMgD0SOMQtOvCzkCicnJzEbeovhYr37vDYUayCsQ5kskiTTz5R7RtVYZTnMCi6H4daYqiVFmUedHquraktzXzUYrAqRlLI/42jJgGntjcOHAsFvSCMHV05/2HO9vARhk0Sv5KpWde0tszbQAAEABJREFUPU+KuDyQVgZFncqM68eQK8GB3CJJnVrM3iKYioEiSXwIZXh1zY24UOqytk5ZjuhFPCX6TATt/rBQqT7s80cvnj19+uT9/cP5TCXfNd2C46yKb3FtueerVGbw2vUy0NcCYd2N6Hd2I4vkoVlQVCkEQDFizZt4GjurxB/6E7PI8WpEzCnOkaUe1TBKykHNq2xWBGloWaOoRJEQsVUDYFOs5PzEYKoRgMS9+Yty7gu31kNoKlI0fGfByw40lSp2g8HlWF0ViJVqS0sq2mhx6JY4DKROA3eCv1k0abm4AoZPEKVyS8RhSpeDb4p9V0J1J2mmls5Y5CIWsCFkanpMAvsj4ogpGJTGZoqdwEeuQXMbs5aUZqtdiVCL0PIoZnAHy46GEK6J0isQAsltqwuPA9vK+k0ZR11F258CTQnN1dqjrNoXskYoTjMyEK/nXqgi6kkcIZHV2gIU9UbhNdo5mAnixkxdaiEHYZicFvCGjoZ14IKAEui9FgrTPSSNk7v+NvcL5fAws67QDa2mJn6F1dE1Ek+CVJTsVU4YGbRoUPUgdhj4ELUuS1gUXKHeP45Z6UIo+BcRWA9xvBzHcC2jdMC+d4dbK2BHNm9b9Jpq8/ubUsSYhUOT3XIUEcGgy3oUZUGoMrjUG9toMie+yoUBkCdxVmvEA8sanjLMIUdKh/OOWA1lyjJkDT6vvPtSxUG26EUgVSeJLBLTp1BuVVOlHoRFZsLUhB3wJny5rcUOFOxBs/jwcAxgKDa2Vz39T9MErmFaYM5hBAE7lsywA4ohMyhkfNhiEVdNe+Aq1EwBQYk6xSAIVbu1N8SJBZI+ONIKLzKkfgAcE2TJNswtdR9M7YlaHxlwM+Vm4QjXFBlYB/sXEuErNwMXcDgWcMkrGPGjEdBH2ACJlJp7Rw9vIWYXoceG3i2YSvgoHxk/KPtKVbY6ObiLTQ5guiFYjvgwp12A0VOAPONwV100oVceq9JT+EgmTSIbUXDIvd4gsrx46h3ACE5WaIYnhomDenScSIxEZdCFQWG+rKBEn1mckJxnlmF51oMMGWtTA3XaOk5ThMsdQOsiR5hYRoTnynJ2NaJU2aIVE9HjD5+hd67UJWccoyeCIkF4l80RlMuMFbX+FRGA/lcVfCsBXpvs4914D+wk6Q4UwIJ1HCkF6T5CqjCitvnaWFSraxjK5Y17TKJ76ocb5EMx6/pHXX2HiBQXpP4g0uPPr6wxxa2JTZdi/RCf0t/RbaNYO2Io5oJC6sAB1olWi62H5K0ss/R9/OyzKaRFEmfNFuWGkE6X/+4kkUq/kqWqYQj7YyhjCeF0IqPjQG0OxfGKYdLmpj64Ry1kJevESGaoaJzYH443T54N+ert29Pdm1d3D+fb89LKrlThaRexS4XGyTzZYSsSApZk+4Hd6HZxrgO07CDk0HL9dnGfPH/67M3D+1vfnB58TvP11VXL46dyqhzljbjodFne390/fzocduPVYX+a5xbdK68wCp40M4zwCf+ZwHybUKL3Sqf3e1mDDR4aijBdDserX/35Lz/95OX9w90/3N5+/+7hm9e37+8vH32+L9PSY3CzmHITOktMVxg1YIqsEKuc83bLRCBf+0nfrHRWxS02PI9C7emSfq8KYYw0ruNQfXPzF4mA157yCWWsEfXqVmrYCf8/TBpDeN9IrsQxrwViWm0VPyawWEZED0ZNLIBnVIuafPbkbL7xlvlIYUW35wqtUr9MAWSrRUrdRG0PGze6YgsFhEpCOoM/YivW+wnDbZITFbxsY8JSRKJ6NttdX1fn0b+hZ0Fj1S8+/h138OixJmW08Xb1EXhY419xXfpRqpvfrbFCkSv1H8VdcjHWT+17S9Y4shrb2sjYUIrxulOsdeVi1B6Qa26TXPT2o+SXsLWxT5YgrAtMiFyW6Z0b9iKdyhoV0BoeqHYlk83e5cNFYScZpSrUwOrxH/J6th/Ew62RrJvWDoFlRIOAPjXdIvV1kunO4e8UjqYIA4IxXVnBR8JHMHrdO2lNbNOGUdaXqx/dcHH8NJT/3JyqTbamvjdltFO4UTUDxY7cbFAADFGfGLxLqUTJOBxu1UI7+3g3Pn3y9CeffdaW793724fT5W4CW8PxsrpzxaB8Xuzbk/3zfd2dZwdUcju/47QfrobliDi/RWSnxSYv80+AZPIyDbuhNOT3d+/mf7ixn93UP3+5//e/ePZ0t/vrV+c/PEz3Z7tvlSmQlkeXSKKGIggYcvjS1mCh5HRpAO5DKxC+G0+H+31Doq+vDj5HOxEZG0B5KOh+jl7dubBtjcxmnxlbBqO/cOss7dbkk4b2QJf9K5PqzJ5i/XLOwgr9ubfVuG8IM7rBKQDY/na+TKfz5dQA6GUB+twc1MzJSEslvQOFYwheIp3sJAKFqe1Ox8rRKpai1a53u/6JfP04AejU66KlOyrV/sLtZIXrxuqW5NZa3jZob3keNVv4iLrGvP0dVYii2jxNQI9lJegYMTrOUrAqZKtonHs2mMDarT3CV4XWzZULN49EGtqv+2nYqTEzVcHTTPcr2WL85IDUCTXBfweBq0QSoc+OrBJ/FnARg8KENrUAhFlTCz6EZ+AO2RKVKYcvo9klh2jeQANA34Lm6RmVJ6u0TT2ynNEcPeRFnGIr7JPg1PuikixlJGdUKQsLgr1zKsFvtIRvR4UAUlqRwsGIKLcaB7Et2687z2KkWr0HuN4muPfyWI235MMWsMwIJskscqkVFVVGTkmRSN8jiB/40VV5fY+nImaKLSFHRyyNipKKSIpm9xlzcImgsWARiAmSWKnIpcBrjIOekAulp3n46PnT79+8pSR3JGjKtlERsdBD2EQsGEXoXJnE+Y8GUoPRyzq0BOa8N8sPCfxoJXhJ6pUKx4qyFNa64wRF2BiIv5y6AJNEieHcTzBdrEV2GVBF70RVcMldm5J1xfWknFbAMXPyIUUGoBx4JacHCkNqc86SXDDGGFmdx1y8wYrauHTuVpJZBgOSnYnenBmnJtq80I8vBIz6OEvhIpA1ULvqGgrlqcc9iul4QNV8F7S7YM4l6aES6+Y3fIzcoGiP+4THRoYxon2YpSJ8JHcQxD+T+BGj7CSN0BJW0KKMAY1xNVRV5F3qGhCOM1I/uqxaEDoEklpDq4e2u0trBWXb48ta1/CKttJ3pa4qV/AgoOMBJq9Pu9H44WEk8QB0bGTzpQTGloMJGdGaqmUtVerdxREp9v8LMCthJUVNTjVqICatjmAbqkuxckqREPqqLRoJBxM19nYEaZ8nVYkOwP4KWjmjUfmcqqpAErGkBpxLrQAsj17El4XgEfe+DVg39tXg8NABQSKjDpkAtBPW2eIRdGZX1EydSFtK5Hpga3jdE3pM8wS2HygqxAc46ojrUiLyllSyGkEyUVU8PGf5hmS+QwxziTTc9ejZYAlHpOomntaSyK9250VMxp+N1xqkQkmPJ4NFU0sCCq2w5vTh1CgrknEaqC0I2LZo90LggzQGXze0AfoZn6aG7LtIVEodbmIjMrpzid4ugSX4Qg4BYHEzLmgxJZ6akpTqYMM5RCF2Ds41ZX1itqoSKLCFUgAOXIcaoYGMHvhs0CqRjWUaptZwhsgmtJJPG4EAcUoU0sA8gVhGq9wvpvDfuX8KtdsnQyJ8APeH1SFeBXAKdsvoIQt0VD9VZrOtCeOqlYIFFTbTIX4rylfBKUXdoYZv9QuPoiOvPkwH74cVKb53f754+swl0+ZrdQ7kjOUquyk0QBLzjHw8BR7FfKfhzmHO4+0Yh4o/WyNlp3HL1qmIemT0G9iL9IasHBuaeaPxLXWcysJXysttglervZguZkWyQDoU66gKyDCSX+rYoFtIafuuaYumdUsZcBCsegpkJcWh47/E0Ajwx6KyX3sRwNBRFEY/Pq1uPzmt0Mijl21CGUuPLq37nvjgoAyut5A2L99CVv3/0rCx8Inr6xUte6cCvu2vlLJJYYpJ26c3R0cd3giOFB+HZt9hSL2ZyXN/mGK0XbkrQJOdgmHhF35sBqleJYZ/3Bco5aoL25KeAkyAC8QnoibDKg7Ne3rExH+0OI++2dvQU2I06++2Oxx2uyfnh/mbr159+d33374/TZeLb9hWBh7314Mddnm/G3Zgh+gcuvydG8+UxoJ5WdWFRPxT3PtfLmkcr6/2nzy/Pp9Pl8lZZg/3D9c3DXs4nL3dxC0uNWHaL909nK6Oh+vj8dnN9XJ72zmFGHMgXKtSM28oFOY4XS4gq6dTzqfzqd3A4XJowMXxD1999OLZy09efvHTn3731bcPtw+/+/Krf/79737y8y86OSkpZi/CpJDa9IbYEpO3MYR1wcbp1Tidlihn1VhXBlRiO1b6+zjS+h4NCj1ANBQI1vsAObX+jHqvSVUyGg82khCLoceMPVAPgoMI8lZmiasGDQahnzfTompfGWRXcaPRmdbhaiHb/nFsRjUNR9Fl9ONce0TWN1tHxDdHuIQwVGKhxX2y2okU/Ud4lYLHWrsFihd0hF4JQPpQbSY+0H6AP8eCp36cxXPrixsfo0e4PUaJ+Qvz7O3xUqiga6o1ING0vV49/fW9zB4fzQ6N1/Xa1g/GtqTRqWHCpEy6Rr1rMwiXPT36gKqPoC2JdUjKUjQapXYkAcTiZaUvIGZLujdt5vrhH4s6DJn/gNbHTEN0LSLHhAegNeYDSMqs9JJJXIlpzx0lYX5FOkV3Bik6EozCj1W5l2nyTdoSoar1QFubkc8gd1cbacEw5Ni6ekoINgtnwkCcTtJU3eckCsmqDhQxHgJzAkE9cqMPZ0926DQyPuwene8oT8C6Z+cdhQ3AlgeTwJbLk+vDp598fHV1ffv+bry/b0bxdJpgABxzmlI61eV+cfVnV7L3yXvp6MRI5njjsdqxYa6zN6XUi5fbiqPS3nDzzaX+3avpi+vlVy/3/+bl1UeH3Z9/fPnHt+fffjP/9n76Zi63pSxKyeN8cNtxv5RKEN87BMt8Xqb7yzQ8nI7j7uZq//Tq6unhqiFk+3E3ICZqaTZ63D1yXoZlSIzs0O4z7nkcodnhKozedwONes83OATYM4AqxBlKzQ6HINBviHIrTp4bCj5Nd5ezA8wTuXjVu3Og2uz/qcwKHHHG+3PNjU+Q0qVMWoYuwKYRMgS4lipaQoSHf0pfP1YGdKJdz8rP/V9DyN4w5iKEhr8NoH8x+251jx2gCgYUhYPuqpCAMK60g9Vsy7CutoLHLFoXVcugxkpMmn201mNYKBwYpy7BVA4ICFv9+Djsojsje29vxlS0upIQQw4xhciquq+YVazMJQdopPfE31slGtnB4eKJCJSWsvWCOqbsZhLUQftSU+TANkjnlGfIopjoOneDie5sHDmKTvwqFRH/laXOzoMz55tfzs514nxQ4EQuyr4w9TZgzlFsXyaPYHPeZ2/2IExGydhmdgSeuGOYcNFumYdxR9E3g9RI2nNE4LDz5jzOY/TrcWV41c9UIUeXHqCJmQIAABAASURBVHE0GnQliUZnoPE+2lJBZsJfWX8HgtPetDorkfJ9cgwpHhrxqSE9mkfvvw9eKXleC0QaqtJLE1VFXcGRHRoBk0GJELM2V1FLlAppW/yTF8+//e77h4eGGRu18RkRVGI6aKvdD6PAAifpEd2rtIIjXBuLhBUC3wuS//aPexgqd+iasD2XiM1KAFRwoE5ejgNaLYLf2LRFBZ0sY8ssmW65Ly81vbAjUjLNYkwLwz0GBDk6vjgYi1Gv2IVMoQlGRhDPK12ClESOPmelVKG6qgGIA4f218wjG7cJB+nQiEFi+fJwckknB5pdYRfaHSwlMcTnVQyVkRQ9K5yTBszF1hLkkTv8IyYseQtDElBWg2BYor6FHaa2WAWQQvl69GJ9A3FfC1ihsDUqRdSlFW1prQAYxTIg/0ujYOT9+OW5Fx56BAmmKAyJB4vgJ+NNe1MG8T0OEc1gzRD4oFsum1wB8HFUiIQ5J2T0hnYG3K83Y40toGgZu6EBAkWnWsQKo7W0RbYuAyIjJ7gqr6LGceQRa0KpkA3XItpT8IlCO8TUnODX6II/8jMY2hF6G2bWOxNpuhfdUqXICD+WcBM9ReWYViye04gm+Jlg51pdE62wMIkiA8DRkBrKCyRmmAbx+pEqIlBoqBxIou5A9GYDkMU9F7YTdzvMvWtG8R98vGQBKqcB4oprs72xr9g4MOJAVbD/Z3we1JAsutIz1E1k1QeV+gzQdk9QWXpaGP37zQ/enbZLujOyuk2jabBVaX6RR+e5RdiOEfu6LpiFxbxyQUf2uDs4dZcINdZwoeYFQm8C3COaZzDZr7YIc5ovy3wp02XxcQjCoxaGAL5eszfBQFyHR4kVkeZ/WtxuUmDg8Bzi/56T1xr2qr3PdNGJZpEctVv3a7t9w28CUNApBmY3ODY8I/sHCm/UQzKfrWWuz+H2dwTfkFL2WM/C9WJpNzJP9/G0GbBOkLMD2Oy33VKMCeKtVN5vwFEuzn3b7QnDzCgOwH8VbOBUhj4zlkeAwRizSaZrInvQ9EN3foG1zLPXO6dFWkLFH5NRONAXkFFI4jRRlCrdimDApa8P9BCAYgfCoDTSV2BQzxAF4pmREojeJHE1uE4IZjgVgxxzURSrTj0Aw4KROpAUwOnNKW8aaqyPyuHxZyC68ssMYmloE6giWhP3Ab+eHlF9Ax/a8RQuM3yaJDLXFyCplUNMNHiblN82Ia3OtHqEvFwlkpeRDbEF5wlxgMqfBPTUyJtRHhAEkjgQSIsPI5EsbcAmXTzg0LCoNIF8h8IOrbRCTHGjFq/kGqpIa+uXXtP9/fpLATfRHNsHaV73xR1bevy+PaUUdsbTaMbJ1F64H0iM9amUftAKOfr+LAu1topkMfyxDK7GgYFu/nFjSH0CHcKYjdlHXBpLQA2x3TU89+D1H5wONryw9cE7iFUzAA0stNb95+hD8g7jvKsuxe39QyPMZsve97v9AG5bwCorcvn4xvEzqguyXu/d3POMUcYumjEeLku6P89vTtO399Pp4XTGIqQWv/v8G9vv8tG1Mu3gSqD7q0PDEXY+aGCYRhcXGpbpZNBSb3lZQaGqnc/Pnj75/s1tyxvOLc8/n9se2e33x5t6+/AGYxOb998103G+THf356NPQDk2uOBUJyc770YOEiikQFcfR5jndkXeATm1P/o8Gbee53Yvx6s87tvLv3/77quvv3769ObTj1/+6pe/+pu/+fXvvv7y7/7h7/7iX//li2cfZWDleObZATa6TI5tJojCnA/xtnIKY5jaz5CCnNRDt5RCtqfkmh5vxsSA02qPFDsKppOumMAe7eU4mB8+w/7OSSF8hhceomTK602M6UuPvQDeLCodpt3+MNhuh3qjf8hizUO0hWzJnY9e8H3tHJ/2Lo5RDxzKjSiFNeOqwlxOUXPZWrc4soH6dpDPv0rZ9LQgnFFBEi/RBftfMeUzAF81oFpkVo+Xwh6tEl9XBQvztbRqKYIvs5gBg/agflx4bVWjgyoBBUU8vESwMZTLWQmp4q2JSULka9gZhn2xKPHfqEJtb6TYClB0Rf744JBwiIhRH5As0HqTXV5/RUtRegXTy+cd7AZySqAwBjAiivLIajco9i/k4GiXVzEOuOxlbcxlU1YXuMgapFEKA1relzedix0nXQ0olBnHqWup5J0EZ+v8pdppRfHVLVxgJXwWA7uKMTeDcwk3gISZJjbpROvsl/4cHb6BShpBA/KB1CrXwjCkbJVPKsX2rt0V+9cSeH16/IDD0+HR1hVwxw0X7mnSsFNksNTDTh7Ejo5ZLyS8FAjvje1snu/eff/VN998+Woej+Ow+/jF05+8fHJ3uv7m+9u724cWwZ6WdFrsvCBgbmufmKrUKTXz2mKjXUMN3RC0f++vLD2lqN80N6T44fb+3e1l/ptX5aPd1b/7+PlPnthnL3cffbr7t9P1+3fpr76+/e9++/6vvjpf8r6YI0iRoLAQjtsb1DGvWipOYFuf2/ODv//d3e3heHN9/eLp0ye7q33DxR0ryntXZN67PXNIGaLUyM7UzTgMhzzsm+NzNY2DuVpU81Ievp6XiwsynxyDhxzz+b5hzqdzK3W22HdqEHN7TSuC0vMu0f9Y50Qeg687PLEPGcscq8CH2Zyvq/xVzaTpvQDcetSELNhozkAdx76v7E/p60fKgDZj7pKGyDYcYhhSsOcTp88hvAV0aiDsN/Rx5+GXp4YoyqPVNEEPueZeQ4z4WtEGzUWyTfggIJpQYgpjYmHr2d+J3w8nIL5Ns567gRkak5zCmW/SNCYdaGG/LmFS7vkeH1pH8uRLENx2ZSJeyNy5LYJNy9plyfWK/xCmgxtIIb2PjiqxnTngUCgB2oRBlXNF6x2JTmjH4KINriVPv+Styu0gL4go/aQ7/bnFpD5MaYC4U/I+iF1CHZLi1Ly8ZYZ8Dxq3Sqt3UtAD07THbKK+0dSSFtdQqBGwdMMoDmhkhvKGB7TI8+FfRgI+DUsVlSN3CjJ7arhCXEG4mSH3mADg7xBP0jIJbGK4uEgF/XR8XKcwDEzMoj7vX+golpcUZkuKk29J1BLKwrfK9IorwUWIKWLcRYxYFA/YjdL217OPXjx5evP6zfvT6Sz4bd3P2hvQ8q0ArD2OyJyb5FXPtmr7JPoVRdPZ5F7WqBDRFsSsaYpFvI2MMqkbmhma4guqW9RgvrMN2eJqKmkDXAQwKhngL7VuguAE2eQSpZeBeMgYeaz/pWgDu7AARAD5ROdULTLsRECvp5pJY9vXoCxh1C2xQAhxe/6IKmahqC0kNRyYuZwv7VemywRdWqftYwB9FridoQ9TY6BmHM0hU2pW998p2Z4ncXss0lkgGZWmhMrvRCvppRKQcZoRsqCS7JHOOw1FGEt9p7dTEhrOONecEiSkGUBuKDKzHdsPu09NLBfiGiZYQQekYv9LuwCntEqkDSeLtEq/VQIlHJnnoZhWgQbQR47AgGWvU6txBWMfvFvLJL5OXIWhcyHP2WWJ/S9gTBC1K+Dy+OnxcWzUFXdIaUTPLyUZfO8bxmOZEgwlHtlUUST6Tgm7BeWY2NvGUja2m4hYSmVYkontRbG5RHyFNUUIlzdTGHUZH/3nekcwapKwwCCzdqfTMkEN0Dcu5HKlO8zbJ8N09kBz6CfCqLXHgSCIpSsrdfOcICzqN+6nxitNZNaZtESYAjCaR4UUzRbV2cftQuZEPnZefQFpTjmNvG8QGFE3G30sSfvBzhTA5+6YVKgiVIIJedjS0I9mGk8A3vFnFF2gSgShSepGQ0ZYo/eEvqTeUDPjQfnPB5+fKjx05JXDWcIUoALqsmsejg+DhIBAiUsMGFrZ9NTO9VKYVkHCtC3Cpczn4rvSw4fq8xwgiA7f4C/GRuM2QUHZ0R8EJg4gKd8LL26brAggp8j70GH2+ZC02+09SpW0IvctFxLl2uoKpvh4Zia+5nkoo7hvNcpXNDG5rlrkcCMD4M1EZBbDP2NK9/lh9nYOJFFWWIdowXW7RHfrMyZxTZO2YcjrA2hTVtZJQ2iSgQh8kvwO6gC+Dy7T4pSSy6Xt+v1xvLm5vrq+shg3hLnBO9hiCz0hhT5er1K2huPocgYW3+BzlE9i9T0jHIDwwMBtjHoSl3JBllN70S18nJ9TiGYsGAHgJRSZ06AWItrx0kuWAlOmn2fPCfDlaJEL6IPQ6MAYMfqpBmo+VYtUOddemGUgYYMAAlUrthiuSpVk1Kb0SA+6/1SZN+Hj3osQEHDqvhjGUOEtL1p3nAJuwCpF5BkHWlss/A/hrM11ZuvvGfrO8fap6z+ksnFXDKs66GM1SL0r4gQmV/xCB09ohK0DNXH1eBxR0+wYdP+i03yE6ug9Hr+9dQxx882kDm/vuyDGArlJp1fUllPWXeYIX3dwXozLFUX9VvZt0a9X0FqIgglvlIbEgAmMOnOVHZR7LUqBNXGqONleGhqXMFcFQa43Aw16IEi698mpYrvx+tAy72F31WpvDcZtB6EV5SYX6m01qkHDUpnS/DHkssr1Vbp2zXRAzbsZ0KU0CPKhLud2Ec3h2rivLVdv/5vOZ9jQRIQAu2JwJp1rNjtDup2fGFTswk9uLf3fAB/a6RtuDuP9ZT7ftWpiuc8PB68x5evj1cPDnbOL0SzSopOGFjzcjw3j/ujF81ffv70A/R4Po12oQotJoRCYgINeWqTtawCYrHnBw95ZKi0EeXgYXr36/uWLb66O+1/96lfv78/ffPfVX//d33728cf//v/x314/fQowoRCNTQLWorCDf5rz86FU9NHWqwoy2gFX5VLiuChnY7pZt9uM5tfWVqv4UZRHarRS9COhZ/XHoGdCU3VzoEtv+SUwRnY4Po7DSsg5ZVfKgKUe3Xbt5nIpy8VFkZoLWLzStN+3CuKueaO2sG1pU8shfNZxe4CHYX/dcgr3bh7UxMxwU6tUj71XdBhXv2FX8BII3kYficnA58eA8uZuY9fGi61HaB+8Kj4jxTrEkgQOABDbVAjj+/rHlqji2dZzBLSE3+u2KdL0eIFssYU/YPSEr7q5gCo6iMVbx2OvHZPsn5A6oGqPbkDtvIg/x9RNo/UKh6X10mP5A2PmAMJaO51B2DgtN/rCmNwB2PS+jbEVmWD7fKY3OHAS0NfmDx/Ua5oksWu4gid4cwl60RA+RagEslJEaDvmv8w/ocvFEDhJiByTUWKnswbYD4WgjrnFcg31Q3iGtCATQh4G0oP8aieYcp3kvs6r/nM8HU1cFqjdaz8EXjLHPqHvzBSt9G6XWgjraxstYqrps9ivHCleDe5h33E51c0OMz4J1W4tC2FiCF4Q7iVA9u43nx52v/zJZ394d/nNq7cttHVRi+GweMqwT+lc6hmVTvMgsF0hLH0l0AGT4NfSYkBbmgltIVqDfc+Hfat8tp8c9tdPrp596hpHl7cp/Y/fTD+/nz+5GV5cN2M+vHg6Lsv+1e3461cP3yIJglTFVLsAqwrMx3dNAAAQAElEQVQZlaX7djtDUa3CSWA+lclapvquBeLnh0v7c7ZPr56/ePLs4NTCHToDdy3xcOQH6YXPpwGn4XJxDt3b+/enBi1f5vvzdIZ0Xot2WzLfMGhOKWj/OU1Ocp4Xwli1n6ZKcY5xFMmujinQGTbXUh+gcu+lGg+DGldGWSpTWk2vsRAsHFi6AM0ncwDbn9LXjxKAPiBuySSWBsJQAPYNoUeaBdRaDmEKH0CXEhQuc4rOTEKqOdoW9EWjnBl7qXOSqW8NEMTCRykjjh5EBtvDoGIIvqPmepjJBbw0t0jzEhihI8bLGMjUUgirJGFmlmz1x8pF6mq5Z5okzkD5YKF0PNa4vftv644Tx8AT7U78JM4J2DFhVIkpfVY6F7hskZdj4DqrTReXMS/RkOW/5ZNEhTmHO5cMInx1Im8OU24d9NtXNs5GvoRYsexggGow0MZB4q7trY6HEYS1FDl+kqoCQDfIhfiyL9R+ZV/wUjXHkmRJ9pGFK5ZHIb89TAYXxX3cVHKIYTD940OX5J/CePpDoiXsGl7YjaF3ixwvDWukxFRjTS3V4p/Xx5mVXRjRVJSMqWPZLuejp0+eXF+PbiUfEjNYi/AT+4XDhIWSC9PjOETbgU+YJKtEAVewoZeWUMwc6bRgOxXfckCLHCIqka1i3YbAR6uOTlJFfc3tdSs1yr8peHjdyyJyl0ZqRjyaORlSsUIKprPpDbA/jeCG/EFstpziz6Kkx6XqGBDzwmZEdzjL3e4DWeGGgrO7p+ZzFzDBwU/1hhwDLs6Ip21+7wPyEWtto49UEuG8NYsHkZFsKZiM1CUrWRyDxAzGCJs1gp2iZfSUdGC4ORQJUayM7/RoYUEEiV7IrDdqF85dnTZJEUC0mgjOZM0Q5ecB0Qu5YjyanGIWo3Ihv31qtVDUBxjQEozikiKlrVm3luKEBSkQ0/BylrfPkCMi73AHAR0HkYeqIGxi3MnZmdxbuNfFBFdw5hfttGo/TA5RJSyy60yHi/Q90M+Z1z0UwJFQFPTYJ+0hYSm11mBBw4NwMWXNV9tJCw3HZFQbsFJSN/oMbZLQncWHMRadAg+BIBYxUlooUeEoAz2lmYCJWYhKk8k52NrfW1Hht851HUCOcc8yO+RBZ6SZ7Ug2KpBbEzVJDTW4C+fhghyCLbQIaR2QFCiLcS9h7FMZiDaox8FPkC1qJalr6thTT4dvx0HLVqsI4tFClBJ5yX4pC1D4VAWyKc1XgawGgZ9NIc6CMPFh0Y4Tk15avOzIJqrPuaPqULqnWjPZvwtEP3CBGJteJYuShqF3NuZYq8o6hHz0iCUb0K4y8ipTJG81nBMlBCtzbwd3d1nSUVZ4CJT+zRZOsDMjSM8x6VakyEfd/88oDUo0pme9iiEqFyShBua/MZg61t33kXes/FNDe0GHNmGfXhdgD1VhqgccJZcRzDaVbyNL6rk4Daw7icn9iE8Db7lDgZIjPSEEx9z6cRBxJgsps2FtCDvJ/ZMsOrOtg5NG1aEkw6p6AwxjJYYSM1DjFwTCcrssPY5TgJQC5a09e66sChvzYRkDNsX2ol8iiKmryxZwj4IRtlsEflDZIGSYcBtEBT5cDqZOPZTJHTXqoEVcmHU8KYWSiIXDlfBLdCJb3L3pN0zhZec+y7R1WMIiBKwdvNaOWv/FC8T9hmU0pV+yxgxR9FNT0JFSBzwspP+TRt2mtAVS1ket9kJ6DsUuETZtggqzR0BTMvvwnVYMen1Jv7HHn1s3b5A++G98ikw9Y56kPiEUtrN7Bqx+KmqeRu2kmSE37K3CVkrDPYeWH5vzlguvBMN+1USemY4nlaTzgFie7SnRFkkb4MbBq23eWQyLA/c57vN4HI7H3eE4HI4N+02DJlZ4rItYHrlK6rer3dLD0bDwOCgQikCDfQ+xHSOYL/RWzVjtsjMppqWw+p+p4eZNicsa/KVLWhk5KfbgwGgOHYrumxuE8OAC+5j1l11ndFzK7rB/9vToYwJZRm/uz/J5Ke8eTs2EfvT8+c4Zzj4J6jB6SaCBC6CYAc4AwlMQ/I5OiNuxL+fY0OhWivbR5vObd+O33715+uT5z7746Bd/9rNpun/39u1/+A//v59+9vmf/+W/ur65mWdAqCiazoKoqNFjAdXB8KzxGCMFCurAgaLPoQf/tp7k1F+fVunYR2T9Wtf9p82yOY7pkcgEg5QUzVy9YqSws0egAXaS7+n8h0WlH6ktZERfOcsKUA7P4WrFWw3sb0gzhn1VRile4Iaua2Kx0dQmwmuKSlMNg6b0JG13nUlFKoxz/+pJI3KuAK7iPOu+O+JbGaHJNWwjZNPC1BXBXw9/iqdieo4rirwxpomWiPIpVWRNmmFxEkpZseaU0gplmhRd4qEW2xihjW2NhxkvtEdPXxvE1jvobxs4cu02Lcq/1q9EQKlZiN7Fb9CKbyH7xGY7idUam3Xg76LW6sAZsDMXcKvUi7CizK5E2ZMJdaR7Fi6BLbMaSMBdXkXAjvDeItFLnJpbNDcXS83ebu/JZH4bcgp0cnGrdT2McsMt8hq3zq9QnBRBuOrA7JEqfWnWTdR+tsO4Kb6xydlW/kjc8RyPRrFABkOfKYrVjRNHUdzQVkXCFvLrCEYe+TRl1N5tQDjY3yUa+tHlmPKKcppgDF4mjniLgp9ejy+Owz9Ml9e39y0abuc37fani+tL3F4uf/vdxfLu7Bpzl8XHm2jLEVFJKKIvmEvTKgYF3MEGsSbPe3ecddBKiu/m8r+8fvjqPDy5S88P5fPD9N98VI8pXbmLar+wcJ/G08CCGIAa7z/M8B1uPaRywPIoyhPeJ1cuZ+cmX9qnffGzLw7OPTY2+k8nH/7nyLJ/4d8X18qYyvxwPp3OTns4tb9rsJGvyP6wdyr02Xv0K7YBDjMF2rqpVd6aH/XBYzmwTftEl8p5RgQoo1/cRtEUNHBX+xEzMMYMHSenZI09N/qT+fpRAtBXu5EIhGyHRTTPQwsqbq3KpglAM5keZJDMmLoEfQHABds2Vm+numlJqxcIimdvIMq5hvom/y0vCfpMZlCZasfCJe5D8+qBGnh2VFEoRlV2tDelDjspI7AIkHskYRKt9NhudAaoSKOQMxo2jkv+z6Ng2fFYtXCKaZPptBcMgw4ejgSJmBXt2pFRMiQFVgCIEJO6obu2hOK7RRijCBN+KLHS0+PniqcmkIdSA1TdI2BDHmtzLS1Et8N+B2zA4a3M5wrCWPsjRFV8tCACa+P1OtgSEk8Ndkne6c8Hz2bzcMZWA74wWoaUNllJ6LhiVtIQf1YSJfwBf2SA1p+a4jrjLuyPzm9rSKuyhqlAHZYLGbh2KN+STEZdDDdLEHa0PXQx7deuj4erwwGHg0pDHZ6AZCbppyB1RdaU0JDv9XEioMpDzNu7XY8QOQmEj2LSLrZdUuMpF5wPvCoDSyni2jWMzjmFMnqPzCMAll6kcI4c2hoiDBIo8mFX3qOZH5cH18yz1s3zULUnqadcd5riBYrK+xqhj7ZHjOB1IxIpBTyPyQm6kH8qTtQtlbqv2O2yENJ6qN2rEFimrpieLq5hQWSzQgXK9ckiDKzHjwNRPA+tTLBVVSmCH4KsJ6t2lrXcaL9y8cEFCiF8JHEJ/nGl9IxPLYHcOWPWnpV9EMnNXKdl1pnnZo7NWkmorZzclmqvCyWMjKtLsKB1+axT8FLqCuywCTuLzoJseIBIpaOSLTp0EvTIadj+W3NuC589B4aqA34F3AipaDE5UaaSNxkWW7z0EkXQBAf8r4sKjLXHD4npk8mSonOF6J0JJl36ZoseRwo6Vwthg5o6za6CDbIw0UNiKLyu/fIcMiA+VlrbbnaTR2kZBaJJ9VY0a6HcmbQBcpQ2eZpL3HPhDEBqwURGmliHd+UMvGexqMIBQeH2FXam2JgwwTjw4LcN6TG789SyLBzWZ0irJy4NSfehcXMRiKvxMsYx0yNitsqQrUf/LCZRtwUTFyO1U/Yn9wuTwKduQSrjLqt6R1z2QDtCJw71BgrgNFgGowVxauiIOVxp8ibiC1e+zmsWWAIawELvweXi/BqD1k6GGMkcmQYIiYTggTJ3OQj9UMifglMncWbvWR4Bixt4nVYWsbqLqXrKfK3ERpHSDHg1m1wSR99PA2x1ESBYowjJRU6qVwmKAAfQHWwz8fC21FjPskUeSkSZqRCZhwTzAN5u5JR6MgRY6roRzGgUSHsH5Xl6aEnAw6ldw+F4PB7a127vMrIjE6321ZI6X1iosGjKre/ZxSKVZ2GS94Qj7RUqAZtS6RGXXLSjtKbyrJ9pqh8tmeTCcqQXglFrkHvpLuoaLiRWvzY3Hg6NezwsXsRtafNK41bWhrXuw+M1VTKBKQS7+pubfnHd7xY3prao6DSKyJCNBXFwVozcOnAUqfem6h3p7WbbdjRHf2a6GFiL9Ug1BVtCHj5tIml9i5ZpjZl6/U0aQ8m292vrRcQ1bQC2mh69VAZr/Wva3IH13WKrYOvjr22Kv/34Dy8nUKjtr7IyVDXnXIgEit9gNXlLC6VauAQ+wM0pt866nedhxi8nKvJWjbTBqxpyy/ESSd6dfOdx16xUjoVBR1uIrYy7NB58paA/5011DWjN6ChqsbFTVkszXkszNUuiCpDMAELiHvWmblPSWhAgkAdUiXMAHPX2/uT7OzbCtxT7uHNkvdWXcgtChuohZYFIZ63UrK+oXWkgKw2TKqAEF4oqedo6VQgjuHuXy9TWzRWfr463D2fEH06UnpM9TNPb27ujd2GPh/0BOz+VEc1pPpC7lRN99ntaRLTf+Zjk9so9kO8BLVhu+u8eTt++enM8Xl1fP3n65Oonn37W4uBXr9783d//47MXzxtOYWJyeGKBgiSwM9gkaKeYybtvTIC2F5UHagTBabO9rXaiSOSGJmwvmeUPt2lHC7UNI8iI2FpJzfYCAGqjs60rrXErVjJZ8UiUBMFHaOd6LJCdeEJwzSc4VgiTuephZryXMV2CY37wNo6paECw0xtnRBSZz3LFzFMyiZcw6uiHHI5HFjcpvvjAoOKAYGBniiXo57oj7mFvpH2buwXQiwLwjbTm8dFPkY/ph6mGLFwsrClv6SalrlTutHkq/T1r7UZ77YilwY0INsW99Lfp782bscdmrnYXLBO3uXmuUjefAmxh+Wt6ZMJk4VP/XUS5wbjdWF1lTkUGIMVDLBRB6W4tkd2ciRZb6Y+Tb1P1Ba0+KBUhJGUS0QupNeI6ufZIsbHL5qqhSvgOSPu4MKCVBP7Wa6+1pyK0pPg59OnG7p/cNAXZZhC3C1On0B5deL09ijOm5oyKK0GYXiJOfYvzRpKcW639UdYtpCP/GyWXHNwXhqic/9mfTXdtDMypjZOC7Fj50NO6QXikakxTxu231L6+uGqxbH24THe1HtsPx72jyfPl/Wn+X796v98fbgGcLCUI3rx51cNY5YSIn3OMCxR4mol1+RHQmNOc7Z/m8m0Z6l25Sstf7JcvKjC2dAAAEABJREFUdi3ZyU7IxiZS7bqqWk1XRCECOiPSHdTWmbwbjffV7ndCgfN0cprdFz+7PQwugAUNkPPDZXYFDVCdT67QjLHZmJfoQ5kKOZKkRmnnP8lje9Fp8jnq6I5JYPVxYyqjkt3pninOj2ju+JGIroqNvCGGIoGM6BgjsXmbh7m9ftfqoLthQeLRXrPLQ/1joch/wl8/TgB6vyOdOew5T9qQI+b1qpXEmGtAg4ra5QLjMQss3IDMdS31BFyx2RObgFodukkNwuyQVGpb1xikchKsV9/N6VRIcBPNasfQGYbVACJzfNUg1uHKcHA7t1imGYn2wFPDMlxRNtB9B0ECfzdqJqhExrtA1l6k5wwW3LCh/Hn4USivaS2Oox4T3ordHihcglmJq3LUgx2C/EwHa7tlpal0i0I9sIFJFcB6PpNa1MosV0ZAGD3Kab/blXEkBVIHXf0p0LTEfUO0iMWwyu5fPlGmz0nBIkaVAo8B4OOcvgEqPIm0tABPM+lvkc75DmP9ilVK3LDPf+WQBOYHKxSjaIksNZdDTXJMPVZicLQEgTryQYYkHEfAjvGxwrWSylU3D5VJv5UlMod02I+Hg5u+CBC4cdBxBwq0Ihl18CXmN7xiAjhUj5yWudVFyZVDh3wZoGVB/0uKrlWTKWfK5GTYQVKHxunYCrcdu+8YSlBJdR0K21JWF3ru3XXcghhQxmy513XXOGtdNbaCE4zLa3yPamQsq+QmU18UnhKU0GcSWyaAzjXUAVwwwSGq2Vg+Ud3U73H29AsYWKv9Ahz3P7d4e1hSSitMUGtoXziHc3Qhcm+N9fm8PIsBhsqUcf8GASDpMKe05iSKNSl2Bp465pVDNNT12pYIq7PGySE5bUjXng4woXIAP1occhK+5JR3mslwzoXRU+1B9iL2IFbGPxAmb+CvMBPGnLeK2lUKwh8DJ+1+IKDY4IBTQXqmXPEAYUsqEjgTOqEEQiRuATzjpW68wnFqwkntXuaLOqy1QCmYD2jsYxCcouhUUlnTvwQAjlzXFGcqsUmm7xw2BaQijT+IvC2SpqXavvVFk3MpBF8BO4ySuqO2ram7ksJJpNlrT7rybPvIxVU9R86a4wAfWQd8fOHAn8iewDjRGfbEGMAtedIYg4TRJdy1lTYEwxopzlhZQZBWA5Ur0RGNER9u1qD24NTziaGbi3UeDt69iAix2z3yvpDIel9baXAj5Eh47aO49QA4c+7eAVVDEq9QytTsbjqAoMuDWDXoGIRPLGxTr2TPmSrCagxaVMkicwWdmyC7ec9eVjiu0YuuN1edIXF6gLp4dGCQhgsTpxYNtLS7ditOpzmKJADaloyqiy93exxopBwqFI2LTygB/JO9yDqg26WqakFKogNF6G9ctDthGlFpnVm3UdGHlGQYiFBGitRRcphKEbHrqHOV4+l4Q9akjnTatUnKJ5RjqhooO4vc7KiNfsgCPXXya9WwUd9US5VeTe7s7CpbF1+YM8zPvD9dnIQ+jNc3N80QXV9fA4Het4jf5L59J4wuV5KCS1RrwO0pKooCAuVHMiRlNGE8JTbKwIOEQBCXSAJDiEwmD1fUYI51HYQIbPLDIo2ZTnFggsFCj6r7/S67x+/xYW8MApnG456ACtKmMrsCFiYdwfDa1Ll+/GKGe5H5xBmKzEi1mF71i1cRWGaTRA6iPiMHHqUfvpVFQljT2rfPb2oWQ1qZZal/2VrpfLQaK4aSVKNeYbKOblfFPNWkTJo2/MKV5bdCLQrY1+WID9HP44V1rXnXWn8INVk3vh9+Tw5c3Cv7wSvisZSOKxgPNnYrdPD7ynHcFGsiLpA7NjjYuV4OznCiHsX2l4UqTr7/vAljSqZ+ZAcHposPTtrvy4DmpKI01tfUFef6dJsR3BeADm6VLu11p4u3dLQQd1+uk8d1trM95iPNrgxPSVtchGKN9cYUEoJvgAdCypp3sk8Pd7fv3rxu1bv9ODy5OrbX3Xsdr+yX7LGRic3vabUJTQHnZpAPq1VtnHHQmEJgsdhiU5lmtXjp/u6uxRzHw8vn108aEPqAUdvNwA77XTtgt6fT+PbtRy9fXl0dljK1Whdcw0gdpQUNmh5YoI+aphRyGpDmFthTz/P8+s3bZhtP96df/qu/aO92PBxfffvtq1evvvn26xcfPb2+eQoSdJU765J9Lg8STgeOadNbEFlIZeOH0bsg+lrWOGQLGvEEdzDD+q7nHn4UA8c5i+NoPe+rm61qqz3lKQs7oc+rosiiXJ3ZDw5/7TfQfJj3ADrGNzG+gryhd+3Axjen0Va7BcAL5LUXGdKQYkvkGSSdxbjhwOj+2JFMAeOwgd0CdO/2T1h2WFHdo9ql+NNuZJnQPK4aITKu/zLWk1agT0uYZEus455hA1K01qUV7VwLZB/cnf8kyBrimfUnmDbAFh92PMQUiELdXpYM0Ao3xxVtfEYNIefVxnUHUm3rldbPtXBN2jlokaQOXgshh3h4oZTCcA1c2PbNGUlBIPispM2zEURmr0bZurSI2CP+JqHCYjh2N9tJbq6qGypCnxJoiCEZ5Nt4JMepFyhXl5XHgxb5cUgBsNjq9uhtTGFWeEojkr7QmDP18CCAn5qY4Fkkq30JkxxCtY4D6Y5p+HJPSrXsjK/CzWXBxk6CwvtwXPRmx/LJ9oeWTFQKz2QlrJrYfcZsEjWyIBkNqTy/ubrZe9Z6nst9cxSnk9tozDf69XevnPS229fdUU2CEYsom8JZACVmYAbUIwLPnWFGWmA27Xa3D/WylGOdj9fLu6m28LmATZgoWrcpGyUZYaM0Mpvp9bgrQmulPB4cevY65rbfvvru9X//P/5Pe+cX+9SZ8+wDxNxWuffhlgNu0AANR3gr38crD5gpslAEZKLmBknPEmtCopd6O1r/6rWNR9/FznCOXKifMBbt9eSFJ4QYmfcLOYFp55MYRvQstUc7knPjhec/pa8fJwB9GJNKMuFpw1YnsosoQcRc36vwLE7TmzmvIHvgUXKYvjj3SaFmohEA+pxXE29EJLjD+CvKp7uWnZvpRVparkNhkhxlZopMLownxJBzD8OrmVJx51jOnBgULpyf52O31IBiNSA5XwiQzTQ0Zkzjatdkl3mLRTeZUt4QXmqvjxVa+pwCyEGcuVBbA52/yj26OVDOb4CUCw2GIc2zFDFB98SJ5j6nSJSBGsC+7WQau7WmhDeYhuxmzVGd5G1JiBj9bEvFQ58NTcIbo0BAjKMDHDMgWoEMMqeengAKq0F/XcgS9T4RX0aF+ckZuMrKNIdHteUKlmQe+lYySf4FeAU2aFUhPsCxHFRNCjfltC5SjzC4i9kNDYUoeSxAVqI6agmASXGPHI/HJzc3u91bl9UOvkEcEsZz6I8zSz0XJLCFXcoZVN6v713ZdknNP3nfdPODOR19QYhhLySj+xNnvaHEd7q3hWYARyZ6IXWAyha70simTWTHsyboUDsbUHLPHuNvqSTBONjMTJGYUw89165qgYSCbU4hgNqjiBRrERFaqdPlBL0IfgvSjBqmFU3syAMrZ9G704BGKtwb9WZSonYhYkqeFw9XBtf2rBzeMvHqeOX7liWC7rc46XLGvMlhUCsq1XfFIzOTOgKrqmCvEk9ZesIr7pUvEIBwbBD2QcIm5ThFxi3NcVoLwVP0YrgkcbtCDemlI0x8rshGKkQX0G0qqCJYJCkCAr9FiSbAeGTVe5ITqzN5oLADHNiKjnMMIc4MA6Kig6eZXJ6SRpJcMiZmVZ0le04QtQChEkDM9ksHJpEEshR2J273HR8jOaGVE9U3URxBTLztCu7QEvkeQAtvpTxXPMiqmTP0FNBayBQnpsg+nlauoTpZJ+6WEskApjCKblQ0EZFCGo6+OY8AeyjlzpQHxiqUDkE4yMMpS4esZ3P+sH280vlyAebr+4my1A5tQ1vZhTpKmgMoDKUiv/w9Z1LB/Pt4tFlDANn+kPCCYe+eY5aWCwpgbe95i7V6G7l0mBaZ17whZoEnNgaxotO2X7pEPoL+JBWm/IH7LKMBFUqXFu7ZmrcYYqKcu75s0hDB+815oONrsWahgjrMqHGHwaC5TzYB5q4yPAJJb6/cjzTFZPcMWMykipelnrVPKCtkTBwxUo59nw+7NEI4rirFWqjZnZzXPAjcoUpd2CF/Q7nlyhL11P0bZixALqXOaZOoKNFZS1BMBrC1YUOx7MMysl5TqfSFF5S5ynRVVitDo4MLQWWnRMQWYxWBFFWpF8YPubVVX4EfaM8G+sgOdbmK3rwQLUOLOnKIWVWNXSseHdsa7HwQsCtKDxRRWabzmiwXNNESp6uVHak6U1U70yJwycwWaOzYWYInRnmerrek7IuMOaORtGGQHDGXNw62RCuTq2+P1t1H5OdJHyBCln0IUqxmWeVDOXT6sbyFOZMCotyhpQ0N2VLMoqmlQ+GQp7R1klXaQBt1RQ/0kxRNevyOpLpz/1iFSDWs+mr1ZOVI2SKSo2fgxw9Utf7h4XM7YcPi47dvpuVLcai2a/YY80YWbf8CSRm21Hog0yNQ6+v8xx5I3OS/9Jbxu8EeXCNn21xahxn0WwJFtnjA2lKNFac++xBmkCGggsdWnpuR9UKS5v7ebfbl1CCA5XxqZhc+1GNC1Px8jmuQqt1mtIM5+hglX4wF+ldD3gWVxd2126gK0LiBRbuCYnH7ztR+K4udAc5DnOshiwqdI6FKei5hbpQS+ZagLFrywcXldH54+/b1+zfflcupuYUWdLbPbmnVNOTzOExjvpDY6Fj4iCyBTpKLp6yKU6F5nttKLUmjKrxV3K1lpjwEG3Om8+X16zefPH/+7Pq61vvbh1Nb4hsY1cnm17e3u+Ph+vrq6ur48HD2wVP7Q7vay2X2KVYZuf/sMp7tU86TXdw0MSlA1tau43yhuEbzbzbuW6ms+YOLQ+nT27dvXr96vd8dKcpklCRoAYK/lJzLzK4sjhNQGRvlamDOlJjV0TNRbH5oPyxsy3pOqqogfTs/2qfb31qPvCiLWPXSAUr6F4FJtkmcawcFzVR6J/JYMLxMzJtU9J49IWVOnSkxhmoesaqWYO8crJSxVO4SFQ3lY92tfXAzlY6+35muCRqGhW1znqsIiu9HlRkViDbdZa3v+OEXW/fsX7QM1n1zfWxdlT2gnlat12gQPeoGO6OgO2v7AeIq+ndc3KZWao8Mu5Kb+Ktib7JU9M14vh98Pbr0jWVEMK5SRW9NS/aoJ5ghGU1QOxEZDYeY71Ksd7rQRBR9vm/8HJhBQflaJSaP12aSL1YHsHpIarfE5Smwhr7OEuw78GK4VUqsrnhdsqtM/Ecgy/XRMxRHDZLmxjGDDMlY2RCAlKLXorv2wvijIntdZx2ZabhLKdtoDORr3Rs8mfhVRbIRthZ/uvfdbCz0ii0CcAa0zvASGL6l9as7q8qTHYjEUqNvAPbHyU2Wxfpi4sEa7wIMuX3Ok+PxZn84egcJxOnaS2ZshN3V2cS3DawAABAASURBVB4ct3ad59EdCCxXWgk5iuo9MPfGTl/kIWk6dsbFolt5qJdyN937BPHR47QytvJUupidBpi+qEDWTV3HVEonvDfw3hgg6wU8dBjw0b7RnN3r2/cHl1JRldGE6FAeLacwZmNW0w/co2N0qgTsRgxcSPthb72sFNhBjK3GmDFNPNHjy6EFytFfDNjItkAkzIYQ8UUV5kelxAF0j8paBnLbkirLVMLjwLT/DED/R/+l6WMy5TrHtP6JzC6ve1c4RqgXWYgOBATlg9Ghz67AMUW0Fb41chPu3wSuF4Ds6O83hdhAb5NovkzeEc0sGldNQUBaOCSlEhSy7so0TI/abyqTLEVSl6vfQHi5hPMLW24K6tCjmiLw37ikre0yltyRSiaj4sRqH2G5QCeOSVNOZ8656NSLjxMd65GyAEcZKpl40i0KgU59BoOKmBzFnypdyKp4akXTesHGeqcsv9cLGJgG8ltjHVOVb0jxfoGr1g2DKbNPPGi23AYMWaC5qQx0KSSnDUTuQOcrDBVpvNxETDO/kyleV0gHAwML04p4OwTiZTAJCCqH1V32YkbuSWGONNUzaqOntEhfuJKy2QovEAy3iJotc2aH3e7qeGye2JkaEV0IK4stM/e6scohmDsHriTTQLXjIWZo+3jyPhZvTqfL76xnUSZxLyIxRkibIDeRpH0X+s2sL1J50OKpSHvYud7bpNpif6QoeaQQ3bSOy4H3z18qQYfkOtbeUljlzM1EZVfToSNSs6rkKK9YBy97t2RRo3khO3qZ5VomNM2kejw2H3612x/IV3FxDlB1ox5sPcvAHxfY20rAAXKHIqYZRdO2gbjCBvTB8y9L3Uz1jg2gOlmWJCk4lsIUc0jdqIFsmVjggoyr8BCksdiUA6DZBRPOF+4qeH2itxWbMeAy1moV7VTVShieK38Va9dIw1TNRahzgghvimxM+S5P5ZD7EtCescGDB0ZE5Y2FTqCVlSToE9YWtj+FYxBjoiAP1FHquRrPZZcnXp2IQlN/njVmCYapC7uhFSaPeI0w49kQc9b/WFckF3VgtRKK9tGJMnBiLv+V8wo981Gj2ob35s7iayFQAuuPkleZOUEUAqQiaTKQXeVsnIM7MDUQAAAAwqRfDxdVzUK7WjUgULhJhc0YSJ37+HJM7CiVYvXiw0ZVlSc2pUiualXYDhIa3mGeU+fcJdDfu2xFTt2aYBmoJtHbC5MekAyqm4/+g51HhAbcZXEAZJq7tLM8XUNEzOta01R0CLzCySNPkXxXbnU5dwp3osDCU6qET+1KtEt5kqdiKU1iKR6ZQsdc+0mCOVRnIoe5QEGmspCsooT6RKo6e7RJ+7GQJSxbMmyWC5HoR3+Cc294oQuHvtNA50f9ILxdzn1cIbcJxV1oYy3aIah7omtXiO47a0FdukYeyvwI5QHfbx4XmIqNO//a+xji1dSLUKMDz57PAHDMNk0f8o9pmxikUJHFBqlhZ3pcRH1iFFy5G7mzQrJmU3BivNdBYyXXCiqANVoHo1XP75+id6CrCaPIOkVPmmqNLvOggilY+RA2FTwQ/1H2omOR4unrheixUPdzFUhNyTmHgEoU9tbWqtw/WtyFACDM1oixY1NhBrkmMnl1A3YUjauN8E0gsGLg7Z7ld5J94ODXv1fF7Sn9kZ+nxy9O6dGSffhea2i6/ij+Uh8hNfXDd338ZvUHL91ABmbr46yrswoMCWFlLTJXlWzyCAbC31CQ0/UKDGO8qs9PtmZUA14upaNC0sUZbWhV7CsM1XN4qAWo/qg9HrmAPe2FaM1jdl7HkDRsuGYHoMMTq+6bFOTEukffVn30oMTmKzLCMIgNC757/+7tq+/q5TykcmgX76Cz1V27hWG2sYXIg481cHIM5jRjthQcxQIciWUhNKFoLXlGcsz2kIHyGnNG946b4vNpOu/Px/1+uTq2P2Ic65KLd5y06Or2/r69X7Myx+PufJnBarAWskHZs2H+1NsxpFeK36EpMdM6ppnW/nRxPUEX/SP9vOHMz589ffnRx8+fv2xvXvvysATbcVWFROxN4UMPRn5O67wyW/HI/rvp0S7Mwpn7G29256NT2b+XHv0hKVJLFr1B60YO4FVZ39beMMNaFOui1woCVlXLM/gkwhoIa4Z+V0G5sXC8ujh+LVmY0TXrkwgPeKYDU/O0uQxmYXGONtsttmOy1BNNTe5QtiErFkeTbyIBlEdH9Ad/3H5Kjd+uUQpIj8tVa5AN+xeHo26Miy6DW0J2NK1uJD5B0ahtC25rQocX9ZC131W1Wj+wQf2x10d3V9c3Spt36FegNM0ilbBNT0f9QQFgc+MMD+TJxNCtkXJFBs5+4/DUxBVtM/+2xgTC7n2qYGq2oMoz5Jxleaqt+5b1bLpU2zhlZdbrl25W1xSroU/MgDHg8UQT0m1uGPbysHRSFNRAMhGQcdYeUPGejwYfADr9og7vHIwflBHJfeF6V6YAqWsxrWw5vBXzC9OgDb27dYaIhZKDbfZNPFwaT16LKWHb2ilcsJ9Lj4Wp98IWKO9rb/8e2Opa4IeNIIaP6s6W15pBibjbOnyjHy1IQ1JoHJOud65TyQvC5jJh0c6z3U/ltIj62Xe+6VH7u5UU3jvuQeapdz9EOAGORgJyTpDNyB2xrdIP9lNRPgEzBqIVYQ8uXtTmB14FeQggZgwj+BKivcej4oqXzfh0wSm96Zsp2SJdoyIr2wsKysuaQT3ns7fyoq8d0EHviP1T+fpRAtARB632Wm4xdRJLzASQCRIrmeebKUAD7YYFGBzxLatr4hJOjpy9xB923IvKDyWCCOUX9Ckpqolr/+YQo025EYns4Y8ziGmVAJi4xGrw15njLyqVUt2Yx6+bXS7I9t8rL5w2YpMgCTkqslHJVEcTnFQlhz9IQaEU9A3z1nO2zS3LYvBD2MkiIJlD7fgCWgKSxAmRZdG+uVi8NaFq+XGGVeIG6QarBXF3bbiutj4YzuHhs8XNU587VObQQog83Ud55QhscuSBK0oiJwcUJXudoohnTPhyroA9szpQsBkK59clKlPHSLMU3rYSvOGsJKFOAp2z7G7PEbkUlZrLcu6eZ3hXpdTr17BRwJvXIguN934/orl5f7nMGnuYhAtyzo9IsbX7Lf0D1lyi/DcQd8F3LamZ2YAHwi8wZzUrcfl54rihTY4wWhSN8JkNY/BE47Y5SQTYKXEtAfQ9/YnyC5+OOFYUh6mRzTLT1gISze6fWqWhUTctW/49DrgtJdqSfA1R4q4BXNA9iE4bMZRepkgO1+WEXS/1Oquv+RLnzWDQmxqoZJbQgemP3q96HAdqZ5sg12FlxiUhCV2PxtQ9ENElH5jiEYjmKplsEPOwgNzH05sCXCnd3ID2iALrguYnOOxSVRoT+i5tgRqyXLQ33bBImauGqJEEoGPeQs+BMoHOXCnJOkC5eIBcO2nwzvMdIlEPBoiCfEYQxpuX3nnY4zA8wmc3u5cFwGKdY4PeJ2VTRRlV7UBL9J5z3fn0GVmhY6YnCVU69/hmhERJOg4yhIykywoXxU7zFK5oBzE44ulrW0YhsAQE2t8Gzv0WnTNFF4CCnaL4m47Lz0ulMdlE23wuJYVR4+3Td/BYAN/n3qldgB9ScsjcQAlgEUkckwjIYa+lzaISIH7KngFvL6MRHVBhYHOx3oPEIH8XqaqTnRFFxznnkADN4eXy+mRrpJYWhB2Ep+pP7EhaUslRhQY0NrFY1E77gCKi739Kdg67UG63Rb2hUrmpHZI3kiRc3oTdu0u0bLi1r5QeEirEBWKKkQCWtI8gtR/83ETJaX+IM+dnMhWhT6ncu2g+Krzb7oxprnuCmmyTe/BUYuBetNLQhdFtOzDFyDjSSPpvQpRoEKkRhjDeFQFOCKIxRcS9BWzK6ArDHlCAtODycY6pv63XlYyWc6SXyKvhav/yeYPUaKabX8UNdOOM0jOFZXrgkk2xg/wG70XDBo0ngUCRCnHWTQgDIGicGLG3JLVEEqNWIEErugIKNTJSJjFp0y3X47G0pk+6+rDWjFGlcsgnWmwVhpLLt9TPOQ9fn/3Zg6CwB2HxhC3JuWw2izHs6y/PHF/RC/zW4wv9WYd4XQFTXrcBYZLJPFt4vfgGLyKX/pa2BoRblKTvqHiJQltLHfnY+EoLJevUadapW6q4DrMeJm3WqT+Hza30MHhzk+vdxmfqWtYr6a979Lv1w9+WCeAm1nV0VIs5CiAVUrq4Ywoilh06t/jU63xshmmusy2XOl9QMpvQIIKLA72XGQcK1i5fnPa7mNm4JBCufEIyKAIOr3hxF0L7GexFL78MOSacG+vU65RjfE5eJaCrbVZTf/JfVSiA+207dZ6my93d6d2bMp/bD9u1HVs6dYQ/z96n38D00zRf5jShXj9X8GdBiZ2r/oouzxTbGOxGGfKOrjDSyl7uJ4u21PvT6XjY3Rz3D9P+3cOpvb3jJajGPpxO7b9Pbq4PPlfK3941jsaxWERCIEJXVC5Zxo3G6PaQQJ/E0MKL89N97Hl7Uvvd+Hq/+/rrb19+9PLlx5++eP5cQTKukQC07HXIIkVfK2ONCI2qzn2Hjh7ttNjIPPGb2Dw93pdpu+PzZiM+fte0OTgfngyLWcWyy32xKwUVF1a06UEQKimrzqqe1sDgxGxA9N87zN37mNTqfU3Y38iriHNWN0dQgW5ca+qX2YNfpuS1/56McHp0JKs2Z6z8D1Q37MOFtM2K1WjVTeubMJCr29+qHXmM94gLqh14Bgl7c/md/Lb+VjcutkUyY2E+NFGbD7IPn2Z8UjzD1EOGGnEgUyEMrufLI8yIN3p0bf3dhcnKwFsQmHpkVq3ndwJGkyT7wGYAkYXhcKrb0KX2lQ0LamvmW3txG3wofY4+0jZugLp8RRRoqabhdzkyb8so9/MITEMxTerHo3Zfqz90I1g0iItXEp6afhyPk7OaBE7gGUQlPfaoSQdGG5cghRjZdc3nmP9WRAu4/RlIQrhryZCmrS+s/QlvosLoQYWVrCQ3+JiXoMF479sFrBgxCqAXhGlPg1JGPFvHdIfIzDn3PLORzCyyJj2NmtbCjUs0RzifIGKZ7uucGQMax8Tn8zzfNafg+hnjwkJkXXce6Ss8t3wIfW35qRaRiOiYMrAutSTTlNT1DVGYoijL3G0IddFo69QNXwLDm9uvvcOODhedzWgqhCJIL66x7Zv7DPlDz/JIRy+YD8atgrJcICm0m2GOSf8H/cSzICJWmMJdrH5otP7T/vpRAtAWup0KYqtIi0gmwzompQcdrHQYBngBtqjLyozo90oBFeYiEDqlmHGvlKMViHJdZSdMO0pWwP8bLTHiKEIlkzm1y/kt2ry2BH8IWadHmzCmMNNjhCneATrITvZUALfp1C1c4cI4gOPghjWbSZQck5hlJSpbmd0CQBswgbRGz0gl8TksNZyjmmUqjSecAIK1lNeczV8/5KBarqo4IJxDDlTZq4WFtB7GAAAQAElEQVRSt7Qo2bPgpm0JnQPmqoPSFJlwGm5lJaHFI5eu8WlR6AsvnhSG4W8pdWw+dV4exVkgPNv71wE9JKndY7x48DoNIgFUOw1oCX9oAEUwFUUEFktaSnlsc8QzTV2jBZ3O2EKDXFFngCoYFHmCzxz9LRCoc+iiusxIUMjl1ozCIWg+9lsmdbBV7J7cXD17dnN394BRDUqPau1mvQ6ax60JW0ynwWyuaTDFG978SLhhCQ2BQtFumc/wvX1H9PS03ddu7/a7Sv+yUqUk98mhRjCJjE7iy1Ftoaw/51GqeVlAg/62Hj3faSEbi2ERrB9CQKrOQADRAE4qqqLBwoHf8g29z2nEnqy4356MQTmcIwmFZLiDHGoZMYEd48jOZ89WdsNuKs6Lbr+6G/c9jksZ2uKOVft223nzLCT2APj1oAY2LeIK+NYwQh0w8Kc7MwLgzhm1s5v7XLyVg8e4cpaqsgEtCKnDpkoLti3aXVXJx6jDQjUSUnRYqGFhQAWYYGbS3RoguiQqIttOsMAtYNntW9Jm2GODo/P75sxZXSghy1BLx9UEPsaRFy+myJRlYKUJPVO8Nv0uAxKJEEdITKazmnyrAhQayihNRhATy87gr9YAYmJvYVcFws6m5apz2xD02mNoCHQwwtROU9ZiHXxxI6jxBAMrFvocz5qJt6eq+DVHdM1oipkF5Q4WGIBBJR88raV0Afn2g0H83KKJ9GoPYw1gEJXVsdJdto7YLvIvHr7DqRQx3AlRQ1e8MAbj4a+aRwpxFt/h7f3HgZs8S+MYYToPkWO/i63hnitwV7QeMb4Nt+H/LuFZExXxwiMp1WZ0K8lOCFwMMWsXphnR4LSwR2F2BDajDQVsNjd64971lgeTwgPQc3w6Bp1nWxtRAoRXoKr5jML1aiQ2ifONXTLb9S9RRXYdjHF/PLT/tBddLhcSQyok48ETisyiBsBPaj/hJrgV9lswQYsEjN0zqsmR7Zp20LjBxuWGKREjY5AqFbd4S2wzB7jSFmu308FAipjo1Ej0as9w3LkYIPTTB7LeaesR0s/Q79kNDAjcGnPIQ/uGzxIcwcIvcEYgMRfuxpg4qRuxzSqUzqiuPDIKqpJGqLrN3Q2VLUycUhwZK40aHVzaAAo8/7XIwLIxRL+TMemR8WLKH0Cn+gP8WIoERdGG8kGLRxCBR+kfKokzuPAA1oOizKahFJvKlE/pI8xlbShYqZAzh+z5ENWuHmLFtrQN3BtJi3YUdvHw6ILTmslFBpniTvteD6ihruzAzZpYuPik7JoTuG0LYMT99YQ5PtHkxhSICNmhyIelFWJJm/t6hNPY+ppNpl+th4U9Fu8YUodlPri4eJP+1U/0D7/VQ8y6uan1PfRE0+P3T7oTpBtD2FptCZw4tVOM+7pf3O01bABDTQ3nBGys4j5+YM3GY21HQ4d2cp1YfLlwDB6S4PO5+ITkhT1t495DjvZKzrtdoNvevHDtvYwdqOBJJB+kL+CKxFlE+6ZOFgENzc3BzF5O8+l+nk8t2GqG/OhCROYE5MH2bkaW+4ZBX9KlxUhpubCHtIoenz3fxjxaDLwD2pChjyMPDPpsZsgNTh0iWKDwk8uXXK6Ph5dPbu7aNVwmtFBDqW6uLr6R8/X1dUMSENA2vP8Ag7agIjCQohguRHoa8LgUPPFZPQ2GAPnmcOOCHlfNerx6/eq3v/s9AeiMhE4dYjydFFrVmDrLIZSLz0GQj5gphzurm7rOJq1Mj3anzm7HDP1xxJh0/gi5i5lt3sBiP/adnzZcUbyLhHf65/TXyUow9KRyFC4fMQGH1VJcgXJ7OP4a1WZRa2+LvLjA2h5S/tWCQongRZkCi5s5/tLbizqWxlOcaFJjq2IXYrlr6vuybg5d3Zz2OP/b+4sDzCBaHmdrOPufFI9beIBICDa2rEpBgnL/KqPTHOT1F+qmlpeITMfldaQi1dqz3s2XMLfV8tsjM2Ob98mS4qMlVVy7vhgfUWqIKTHDXd+gv7tqABtzKt+kPBMPOhfJVJr1TJHpQpI55zcn4HOwSDb2MA/6FXw76168fz5zLv3I/8XJfDxEa6GH5Y5SQ+ajgnK7ayYCE+ODhRxfBjglh/yUlCJU/U7WFabw+HrnbyXXr+8KtcQi0Vb/FYrkpKcYR5RH4MIA2ASnRyyk+vD6hNdwUxuEUxnRjJxYM0TMpoeVvatYijqRXyrMD+BgcxL8z4XoBMUg/DRN+GVvgzPoaaGDEzN8lDNhKEpawPZLPqoclBLH7htQbUjBbJO1qsCQNtFczu0pXM6XlqtOOV0D+y0j6QQZZdIW1e33w/Gy3M+FaiZ04qSfZHUvc7eC0Rd89dKPH6NVBSzNQWD8m+MyLU3Mwhcsen3wCWg18i5rRyJq6mfSt9iI8lhFy+GxZa8gle29ylunaT6dzw9TS/Kbm/Uv32PgkZjQq8VpF4FkcVQYzqIYqkREHvnS3r7PVYQch1FLVlWAP6GvHyUAjQAm6uSESGmY6P5JvEqrgbRka9sonu/gzESb2WJgoGw6xZQJQO6azlXFKwYCDMcTBFRVqSjdE0bMZgERmQZu+jc44ExkOutXlWi5mr9euVH6qdBvOKeFvo3M/RJkmHa2SkB+IjPqpK5NYcDnFn5QgbLjIkTFv7pRB4erYQIYwDrkqcHcHJSBaVxSTS0rpZz/luK/l5+GUCfUVxLcIuFCSNp1UBvj3IAyMftxjXmHd3JJa76BXx/4TKvGekTynhk+6HGj0FW4Suvn07hSY5fw5wi+2AjJnmFjgdBi5m3I3skIrhtoPWGkjCuhxMaY2eG7AYaWKC/MGGSn9GkE50py2Il6CzVcL79kyGiIiAhHVlrgNKANAqzJQNQvDL8SiwaRyzODVM9yu78WNH/84vl3372ZLhP5qoItk67XIG+dNEIas/Hgen0AWpGowDJ7Y8vo0xd8Ts3l4hEFtI4A7wbCtvKUSU7ORoXPvOLFiaIPKFGj3uKfixrFQAXd0TiXWdFBwsCucQ3WSCnvQWhPWQOY8dc4DDhp3tWi1hjX2Yn6b0+lRatf48vIc2u9LCHDSsUVvDMFml2Nqj2OyUp01CwazSidD2wqoDAeCTkI5URf4n+7Mc4MnjSUoeW2YWxy6AszxmGk3QXFIkTxxzIG7M6klNTzEozVQvi1RXhLERMSp0T9Bp5aibvqw+UwPBpAIa9fEyaHHDVzqHsL1SWyhYpFD+x49gmTEuX0PTAMh8OhBRjoJsZhQh4CMKhH51ZVIUMuKgtNfQPRiEoikd4o7apyYHQ04Xa4GeeORnBr8kpB5eZ+jAwxStAITqQMwy0XKsT1EeHb/86eYeLHmeiyA0WzKECG6XisoohJbrxYsTe7i0I7NnZWy9190ptIzQCghaw5djCyqcKfqxN4XQIYctAp4EUXEE0I89jKV3V/4lgXhcI7Ve/Z98FFVxGtKDhOqLUUDmNLfXQqNVCq6kGBpc8xfKQy4CPleGwAuhcbvNpKa4pHHMQpNoVgTmNHMXOySD1skDg4fbcekOxKMhfHgGw3hjh+eBiqzIp6gRBhLxgfOje4uW3ty8Vt8DDuD/vY0g0zsctcBkz98GcwF/i3XCeSZwtTk91ux8+C6xgtBEVqZBFcCbf/kG/yNRh3BQKpsMtuiWw+R77BxL1IJz7QN59GbASSBw0wFMG3d+2lREONhRtEXOx23IXCvVG/iuNfSW3BZY7ORgaaM7MQxTSEUylbAOP8SoQ9MAIQfcZ3fDRGAEJKJgNo9ktoFcgB53Y/jmwrYGsMR4iynDAMoqsZZjhwd/opK1BhpxmvIrFXysVTsFuOBO0SALhF1Es5EIjcZ+IFBEN/iF23kdaBYxpKf8uUbM0feVsr85puncGbXsF2iAgX8SlDz0Y7qlBC0c+so9JVVcBQaEG00FVBBGDWjj1jkmn/MnsEFluYobV5s7/FGuiEFzHWR7mEnQbeKeHBeQzcJoLZgMkofcS17Fk5NDw2q9QX/XFmaPGWf+xr+wpbw/DabyMeifDkuoJHJoMaaSehGpywoPU/uqdw5HXTOrTFfzoCFStSAyda378v+uMHEJeUVvKmjLKC1RVa0H8jREqMdbFcICI6v6w990kwh2egEM0oTPrHoc+vacvv1VyXaE/Obm4ltotz2GYfmnpalma2YowyB4Vl8SqMRWQ3bq0m1Irj+/3VEcXlwF+QcrtMDMLXYEMgeSBgqsoXU6sEANcThGYzz5fL/cP9/dtX777/9nz3tlnnVtBqkclO/TztZUuLH1us1ODzY05nh6GnE9TgyXmb3SoljjxeYv4TJkWxxQQIVdJis7MZcwPjfA0Nz35I+/TyydXt6frtcm5+ZnRABfFysdPDpcUjV1fHS5of7i/NOw37oyJ0QnXqe0yILDNnFrSlBihT2ptcHY83h6tnNzcvXzz/5OOP2kP46suv/ubvfp2G3a9++curq+shlxnvMUGqohKh1RPvHkOySrMtY58ySqI3bljNK2ndkUKrLfZ5P6T6Q+yw3m26OS7a4cqJ5FrXXbxuSgA4RrBcu7QkBRBgNIwo08lC+bIvLR8cFFMiGyw+EML3Zfscrwc0wAnzVGhB/AMYI5VyaDd+NQRujmRQGXLql80LS50qzBJSDWeZYlIcw/3EcK5mSUIxHLAIuGw9uekRmBN1LtgNdQfZ9iuxzB4LVSNTEF8Z+Rt3T421U1du7xmDuYpFTmmlOus5ypgLNtg+om6E6geX1M1kesTYFgBoj24j2HXxe5uL6a9nmCrzGKaz1mCglxiRknMwwRnHohiMSYSVzHvucRD43HolTFzDFFHXKFzdmfWyEvnyVWOWpJTJBGrR9av0kLaPgBdDNs0isUQBvBb2Cu/MMhJuqtA/KDsk+yxR3iHcq5YoKysOKEltjFrrkPNOcTjMJIJdxflHpb9adCdTmaFY50+Uyqmj7bdndpcqzFlbUmLNdQIH+hn+VfiyX9dcJs/IxI7rm0CXbIpW9F6wl5A/a8/GuSoLN4Yb28zwC02NrlQ7QO9pAl8jFQ9LfYZKS2VbIbFwyHo/WD26WMmDetBQuPOHmyXxWve+SIcT1AhP9/X921OzFx8/ufrFZ+Nih3cPzS+cwBWZmbB7XFpU8OHZUohVVy/MyIpBMjEhZz9kTvVowfoo1g3znkGNcu139y0v3Q0tQzidH1qAicVtedLYvm2A6WG+DH8uDXRuyQRJDHP702V+eDidzqdm6YjSANbwwSr+6Tb38lWNZ1clZm1x1NbDlmwtS2G7YjAvMcuaNsHdn8TXjxKA9sDFRHWLEAkxgE5D+/8ivQOF6EWZj+iSFK+q/R+vj6clkIyi4FJ/ta0pqikwPZlARbW17yp8yAKZYB6ekpdtriLXlNVpAFpaFHgZWfiuXBKxDDpfEf6shqsGfqJ+g8QgN+SJWmwbcQwdKhEn0jkL+Q4oaaOXGO+bVS5irsXQDOAFpwauxWouJ1uuk4YoalnFCCYilzbjZvBzi6jefgAAEABJREFUyutIo50JTvS7MznY0NjJ1DQpWNKPk0DSsyimk9ZlQRw7UI+uzjoAjsSxA86Uy4A10W8Okxr4Xqqr9G88mlGgKn1OHzLWf86HRT/gt4rQEsKZA3RMUe9aBO1EsBIOlY0hPSxJPQnSWKdkHb4fSFHvBC+hpg0mZqcGpIrQv13wgf5EF+yim5vrhrw0K9qwEJpu7LcsokKmrK+cdkKGY441F0+GvBLbYK5Wv3QD3X61+YeLM00u47jnBdJ9ZtJ748uXaZRq/+yy1NhgDmrVaAegbsUg0o3/AyXb4ACm/rI09FBMk6ZC69JqgM4g8HFnGzdIqb0g5OFipqAAJuFomdegHuBiSRFpq8UmHDqLlrwvUoAd5Jr5n6LBOVaAL5ORNww7ljfGfctkfH0GKKGuo1cEw0k3pO8mfAQHB0fjWPD1I85T2pukY2USS/DMB8kPAVfpE3slx69N7BhG7riHWZVb03KkqkZcrDEQw6oXAMgHlhcUBO7K3IWg2W+F+DK7FAlxxooQB3VuTvpM0NQVRJKY9WKyKGHaJDIuzTrGsiHVkR1KATOwHwJSM0R4PB5jTQ3VGgxKrt1OcrmxR5LcA9MBYgbqx2Icu0T0GZE6o0+i2Uatrk1nfwBRypsWJR2p/34Kg8xAGG+uid7yFVMtYiGx44IRJyBjBDbMZhcxvTHWkogY9lLeUNRVQfRLcUQBIu6crieDXQBtLriAfujjMiUuhWWFs4m8eYVTSrRlpLzf5RDJIdujPWUfrMchnH69c400CnxtN6QglVTBi4St5ETcdlSqXSxLHDpsMRrYJAao2skJiCwc6bGIpcLNjdC1zjMLKj4rp0wpVyXoS4EaM9V/cLcYkE2586LnSduKY7fzUiXp/UVqAJGlIJeA0E/CiM0kUzbkuYY2rrIZ2nbuGPeK7h+aLQ35D6zTaBLV06sgmA4r7fPy0FTqOPIQjtn6mxLWoMwGHXs3XiuawY5IIRE4QRH7bqZB4WTIzFBfBMNQKd1eq6ZfcqkLiGqcZrrbs36FHk07HI7o2fItQVEQN0otBCqsEiCoIQUpdM5iedRKBAeUYk7XwHSubHhSwTJbPTPXumz6D5i3JJk2Hb8IFSwipcqdHhXmZCsQGpYxxerxki2taGZ4h1ofARgd+omPyatbTBLQUGSyYg3duscLH+Ue3ElJQEftFsc62qmDGmuCpCtCF7MPWGZ8i7pBk5Xqpx8gMRYpUu08zY4/r191xViNT3aDHUtDwzaAcs/Ettdu22Vjz1v34BYQsy7Tqq1sNV1OenRBtvlOffSZj/60uUs9Vm4e/WKN7/XNoTtM6ym0MBwdKNteqEWnYM9P+AnxLuxtrmoiGhi7ut7k/lBtYESSSZhk1H6BysblYWkJMJo8yJd3c7Vr9b8R+BH7iFHpmeasWvjo7UfDWFz5yf/s5LNhZ4R72WmWt/vJAqXTY6h60CiYLpo42/DG8+lhOj2UyzkhmmymyDk9zS4cHA1opcmyG4Zzy8JmePhdJsiAfdHiVEAVDIehcQfDTySHwVglEQ4FWMM8Y24Q4pTt2y1KuMrD509fXM5vbi+zCyq6ZXOSYHvn/eXy8csX0769493pPJHLYhDq8FiLzIBWpoMYfbZdu8S9Lz7m3LWjtJNNQtRcn7nsxu7N92//8Ic//P0//MO//st//ex/Z+9fmyRJjitBVNU8IjKzHv1Co0GA4MyQd+7Kitz//yuuyMrKDlcuwZ3ZJUGCDwD9qu6qyoxwN72m5xw196xuzu7HbWITje6qzMgId3MzfRw9evTVywUMQygy7TieSqgA1BQgVR8GAa6RZqLgVf5k38D6RZ65qQDQFPwd5q/Wq6er0ZGrrTl98LPdHjuiNx1VpR488FLKF9BJrJStb5uy112aNn+03piFJO+wkzuCZxPKtmWw3Cqqd5QwAoWtOSbCXWoy8zrnEfaijqoekj9jCFwmh8ioLc5r0tJMk27uuy92O/qdZ7Zgd0l+YEbH/kYx8w4/1Nz0OGZk2e1D2Y8Qcs53o/BZF/FoBh5RJp5Grh4PzXXZlr7bO5+2JKOpfriVevKyohWQ4qumsusd5yaopYgZ8FnZsTKQauTlhsgdj6lr+ugCURiNW79yTP04sOfTSZnVzK+VAfdFikC7GAX319wI6ooSZK0mKWC7q/qEbHexODYDDFzUEhC9kSJRcWfRTYoBtxvqWoG6yNrh8ha04to7hb0GA2vWRngXehFpLhntiNlBmKb8b5RT53ZE1aeC8TqNRCHRtzJesJXLrmuVCxHezeFh5OGaWCX4UxYMW8eMRownJKw9RzflpKK23Z84A2qUC+b8oYSPI80tuM/nu6QMT1ZuJTVgAtx2f2ZJO0jvw2mNRBxA81nXWEZw/xT9D9/F//RP7z5+WN7Gcj5nvfD18uJyOw9EeHiGGxwarD7hpbyH240Jn7anFxkUx/LCxR8R48PdKK/e8QLY3dL0SDv7TkgQHN+6XX2AyG/fveWm92zUvrx8+WpsVCS8K9P/m4Z153wFYxd4AiDX69NTUgyrEYIbGmVbsZEUNrF5FtuJ8Sbgl5jb0Vt1+JJymru+s4bWfhBl/bv/+mkC0KBrdqXYIZ8BOpwMKDpDhY3CQQlgtToxLlgW0wg1hcp3t5W+pO9tlLJB3dQhohB1Go+qK5p+IXmOplzad4CzzB58C61RQWJ4R2Uh4wBtE0M2oSoV61fO0aZtpSQZXgkUCuQBmvui9inv6ck6lfsuVg5R1gQGxbaKUsqn42xS9uHt0qqTp4SpzwK+XQI+WqOZ9YT03103gdtMB9x0gGM/zPqvSTWIyIfVgKF86F6ek656d0HsWFnaBIrCS0FWEsNK21zVufoLKLGdo2lNnCsvGlHM/A7Pcuv6eDncZ7EMba4SQKRKFXngrrIl3AWy893lx6KfMI5sxnwz22Xkpbt1vYQ326ZuwFy2Tns7jkDCB68ekr7x+HaU7Dget7N1fKOv2qphJwTIeXqEugo85jU9V5L9U9FtpBzXGwVTU5OEJV3g46dMZmpnYvkZWoJcEtVMUHxexgElnM1SJqay+d6WZXyfZsXqdNW3GYHUOpvUfb0fIuuZLlaspnecLuPwuMzsB7bepwYZy6GVnlcIxEkowAkNKHJbpqoIjiHURAb8p4NFpVEvs7MfOOfd7rtLW0e7RXMZjalIF1s4bK4DamWyfcbsEHN9TZgls5bYs2uhml2bKrrVdbtLBgijL1LftXOCanD6oehRiTOlvMDZpXvAtVEm1KAHIrhioRiMwi+j1iKS7KLVNpfskcLQyuVhJipikz56sDSjCHRqC6rgAKh6bFBTSaAxFuQhQsKAuw+G0SR5uTFXt5h9UjHxpNBA+FnczEeQ8wKscjybfeS0uJL/NVfLahluPJR+eKVOAHWBtQS4UBb8qOjCiJ4TsU3jSqyKFbDEULRFCn1GvB1lNIEeyrw1UcV5O3mEVyQPHNZBghW6CNUfwVkIxcSH6eNhbnQ1rfRnwN+imUVvoZMXboLveKOm38z1bp3Fo5kTccsvFNUJduYGoJBKW/n7yzTEFWP3pBbf0MaDbkUKoWe547pxeDS5D2PxkowHuk5mAk07nbfEZWEXC3nO1MsyUm9PqFay3syJ6mx6YW1ToLP6k5FF0GrgkPp01WVwpALTqxQRzEqgOEWhf3a2yuix9sbTwGNn1albbPpda5PmvMy4uc2XSVelKseudFITMGQTO98LvGRVWbOA4a3oycoudwSUrGv60zJkVEpCPsnqMs04r1HVwXxpdb7LAjOk4n5t3G+MUroQML5WFXmjDmN9KteYMhg5gHcC9PouDazJmJZ/4n5U4f+YzHHlXN5eqSYknXZnUYljMKLRvJFKZc12FEAWveByoTCFJFscX0yrEXQVNa5Zh2j/Q52KwnSqpb1ch/xKtKkxXfdXt/PMEfpBwb61g1/U+pogvqpdSFTu6Cu1q+Yn8ZftQ87hv/3lk6tnikT2J7IvESIp+UxTyO7+wzezg5LHh049DjWZ5x8wX/HDK54Bs02XbWaFYZkfnzoxrhl3VFxfWYEdoUO3YsLooVFlyYunDLV5HJO0J5DYv15H7LXenrbb0zoA6PVKpSGX6vkpq+zo8U4wNUXeWhoF8FhPA2u+XEY4YmSTnKCUBA0oiLEv7ErmJatAPB8DwSdtoADnB5ZlgN/Xp9vT40Cft9v7gRIQdYHqvKENCiTuHg/O8b1o8l4GAt1IXoTJy5EVmzITJzyQ5cWUmuOkDYzNUCjK8L5OR7MLFOLv7i6vL+fX5/vvn55u3z9eu2Xh2jASt/n1mjdxd3d+eLi/bVAqAdU6+1zzksAi6qwBSClPt+rSn4G0yeP3b5fz3enjjz/+/OefD4T6H3772//lr//64eHFX/2n/3R3OW9dlXKctT0M3bKRhJwVZIzQEqHeFU76TNhUyqoTIXMTKvmRDr7nKtqs+yaOKnPA3j3b+O47YfYQ9lY6qLOkoz01d7S1Q7MF+yR3E4nOgjFajXpqlYSKdbiCXFjChlO+QCEBP6JJ72hndk3bcbBa85R57Uox35+7DptnzOuw+vH+97Xa/1PpzbSo4T+Ai8sgHE31NHOhsx7TFeg66pei7no3ITv6HFbSu3o685yZPi1kL/iI40CTrNtuMwucdjDsuckNO1Ahnu+GpsgkDmuiI6+w7RnF+lDYBWDQVPdmdGkKCqKY8h0Q8HXUvpBcVNUVjL0tjlGEVeSfHwJ4NOZ2ZR5kM37ApaYh3DZdVEVBrkYOn8y+YIQPvFQzisvz8wjxxn3/0vlhghfCN/A7jSurndZKq7Piioh6/gyB+sxKGMJMus10wfqdznLjTDL2Z1Cb08vTxfHxkwtlNQqSnzx3XZCDxXhTuw13JKbBUvp74y8nANt4jv3lXfvocnr72G4ok0WXouGiKUXRyB6yiiwrNOP7z+1bj0Maob0ilxyHm/Y4m0T++Bj/3zU+fXG+nZZvUgJ6DfUgeQIgOZtFm5A5yoYqBXyBacMXAK1bx6OCYtwpUXQk7I0lLgnRpUIgALHkN1+eHsf3r7fblSxmXPJyenr/eB2W3LJsiRppsSST4gEAmhsDKVQVPwqhyk+MiUBY4TVlcJ22tQzBjA1VasfRkd06xBb/lwKofz9fP00Aus8TR2dNBNm34vvkM4ZQEck9JB06iXhOrl5Gf1tGLaGJQ87AW/8lMhfGceZgAYsWXWYUR4wDqbRtyrkQrqLKG/rp5I/cKv8nQqyMOzdvU/DDbNak3GATFdE7t5riplSEyrrL3jWbWtXjcK8rQw20nGm4n26k+Y6THtK28wnjgSpvdp85EHrAyZsWKif+tUEpslIZQifo8j+kUH0P0YJNhUEoWdwvtjGK2TDB2zKoVmE6VniaIpogCQfDDCVssAj6xLKydar4nSZdCZSU8UEnRjcNgippBJczVFDZfqO4oniS6pGZP2EruyvqJDK5ZyR0aCQPNJe6LdqO6Ldh+Q8t0bQAABAASURBVLh/gKHGoug137wVmauLyqV3n9CN6Hz6GEWG5JGyZJLdiOf2sn3x6SfffP3t28crVmtl5pwsXlvb5qKCW2Jxu59EkTuk7QmHmaKfOWX8hlbu8Tvn+5NQmwUi2rZYXVtIcjDpfpfMqQimaJ4U9i6PJmA4eln32AvZYdO17pmPOJLTrdTDMVZ/2wGQqAuxvZpRvVSzu7ZQhHx9jz32Ww4fCmLpRm+uY0qUJTUHKhYhJFUk/pI33SB0TD1Z4WdeCgI87LgGbnabCmBkiJs2sLElncFMrGoO8rzltReWpbslcRK1GRzADZvVZpgWaksDVUS98cH9g5gUnG7Db4FeCuyNdjC3Wj6uBTrTC0R+k1R1bhjUEIWMbwqtmGjkWSR/WwxnwUPFTKwT7bPvg+kvYZFOI9hm3zgaZ2/ToEUZU+ot4jMg7RL6DRMq12EBIOC+cNxDYLRz8UmjpB+hUlfnqfP3ZLiYMhn547Jptd1kOnMMFz5axRRseka04+jwxMpWuwSAgsJkTUTRvSBmM2fLY7IsLSri5hAr2mFOcV5yGtWplKiMmzDITBprdrvx/nAik5GeJPHk+xvld6yqDzOTqvSUhimIm0AwX9YJbhGye6uiN2QduFPHlKs2MYyQSWS/t6xi130QOamMPT8nK1nnE0+K/EF5ehRL1pX66tkOl7zb9HPgItNToD42dkjS8E/oeGkX1MmclRSKaUixGVT/8swnYzEtSYJ08poICm155hE8yPmjgFQedDDSaEoIExKrUWm1y34IemCrb1dom98E/HNhv/vsRp5uHT0kC/ursRBbTvBKE5wnFA0xeVJXHFVStPHrIj9iq8zOPz8UUbygRj6aVtsG7Uoj+j9dOOybSQhdMHtrNCtR3GjEzOOX19smc5G3DcYIxQoZree/MG0CcRMx06b9TIh6qcDJCl/oKRwJIZMFiZJg8RkFSbMoU4X5V9Cy80gVSgPKdpubR5+hpeUiNKhYV2xhbHbB76MqFJXcuvg2M0uts1lEu4pPvHy/lr1MBA93m5gELdo0eV6eTMWtiGqz299J3mz/IHqNtlcPrSCgPQKNmDojhxiyDC3th08/ZHUZc9GYBpLiFXsiXjd9fPHzL99xD1nHeaPPvyZmQKtVaaULDLSqu9t+ecISPniXefvmP/pBdb1l2J6BLFoym+9cQIbpST9/nx1xmJGz2U65P7x5LZsVzKJIA3fHaLaVdTQ0RJ/jdLek6tnVrtcwFtUeb0/vtqfrdrsO3HkA0DmlMKSnk2OPsQdyj63h5wE1313uX4wDlM1njdod53Y+B7VKTe022R5zOZ/zuJ8X43zU7YObssNz4/pujkQpbcsAw9/f3n+/vv+u396P8Lmd+2mFvjOMRgKRiXf3c1vvz+k9TsO4rynfpvaVrAieiF0xgknwejjLYcg1ERAQ0iLuK2qRisywcvEwrvxyN+5hvP+4j3fx6sns99+tsJfs9PGxWt999y61MqD/+u4xS5S1o7MffeDha87OuPChDD+3Uc9kyehr+LhrzhvnyKn+4uXLTz755Gefffr1V1/+5jd/+8nHn3700Ud//qtfUfLIi+VrZFIYQR8NW+epRniVpm6RR3UVFqtpK2JPIRResO9n96Ii21fkEQZFgSMDtp4covHdq9cJ0TmZYTa6++ssqWdEzWdwNFRdC017w4ysuF0HhvM0dgG620+036SU5M7MdvqbQ2+bnjBHquT7aaCIwr6keDIZpCGqmMOsoGqaXtKa59lUpXDaIOYSjAi9skSblZSYUf/MERiARmUJE3j/sa+jUQ+rxJ+TKmJ/geAnWt0CqYMXJcYog6w5g6Qpvp+RVhQNqx4f77Sovkxgaqligs7l3OdVJhpWvzE30zzMQXfJ9BS+pDaE69r39yLCWOK7tFxRYZz4nfgdCgkDm9583fZEwCoRrphST9d5+zBI+MI+1P7R1u3kmkxLTOZ1XZlVWoUEHmMtkhagGDxfBsnnRewNrwg2tPitar1WNJM+XRV/v9en8zv7rJHSl4OWTA1sOFD7tdyaZKPLJ+2BDYxebKuNmalLgZHAlVNlu1HZxc0OsAKdd+26AITC62zck4qSTPAobgVdKbA1mPllEM46DR8xUvrNP311/uXHd8Pufn/r79e4pkQIaH18VltqRhty4y4DT5fl2zYHEsqQVWAJKrSsfBZW07SPWPG2Pm3xt4/r5Xu0RZ7YfNI0Cje5NCiK4lwwa2mprexdEra0/TWXhVwHZlnjGgemfL32fUlj46jAjR0JOp7LO2c7qHP4FKK+4WXfv3+fI8GAxmSa6UxHuWgIkzed7tlSdjQJfdISmbzyUgUl1uNyIxuKgVnodthQsvk8vQeKxp/O10+UAc2jLWZidl2Rc2JqIzrSK0TnbZ3l1AVaRoscMaZWYmhOdmmZQMVFfBwZz0hg6RCS0iF6ZURlEqb3gQFCs0PvdImCgzC4T90TmX72VoEFbFzImOfoai+w1EiOYfqRrxRohdsQ7ThGgAr2QDbajNTwlmOXeIZwvw1Dx7xncEUPT7qTCEuw77mCSK7TnDWlAXT/4MYly0m0SLRIQBKMF9W36/jNTTzWhC3gCCW9XskOYLLl4BcryQBlwYha8WegSKe8A9L0PKV4dKdFlkEBhSpVON0hBgO0vfEZecmnk/bAid9thE4DvI/kgLB8piQCSe3SONIqYy+w6uaVCtSqPl9n88XW+UfTyD5g63jc6hJnITLzfAZICeIkDZhZgQuqFtBU8BX8Cv7LeoMIhRgplgSQzu74kfozG20u2AJs7vz3r/785//4+z989/4KfaH0LZ3uA409hlJf5a8SY01PauAUk36a6NqIaU543uvwBiPeHGlO1+kAQmFXoE8D9D63mg3Q2hzd3kgsXIFq0lVBmrZpLUJ7jGeSen+pzeoS5hXovEnxCxtDaELq544zW8MefT+ZpV/MnWa2o3rIPlRGn9xkjC0cuYazuxyox4ZfJyoEHDZwITc6xY6cyecEtbznrgG2dVt5zBZI6hIj4ilrygcUQp2g0kVKqRrhge8QzoEOw5ZDD7ZQjb1T0jzzJSZ8KT6wpepO7peN0/JISsJeXjiBkfHfwj0apE8iJs6kMN/CCJ8uJwG6+QQXDO9Cm1POg08AGgHTqWDciccITEfzPKYhZ1kBUQRRThe9AX8j2xH6k8U7krmDsna2qJrybBj41FhM6fpmmihPYEaHkm+/yM3nDpP6cCDQZ/CSUgQuwoMZWTwr5+qgbNNJ1UaMw5IV98RNWgV4kbVJyHFO/MSVDMDwUny0hraJEFV/rFnOjeJoKQk9E/m1PefMx0qctEXdBAyaY6h3hyU9LSwP5m2m0E7jSkMpZRV3I3CmA7aQ9df8gsBms21WHGeuTJw/OAkApaaxbIt4uPzR2BZpAE8pDb9ByyYd7UZsXoMSFj9TtQ4OcmUhWG3UVNBm3wChSyUYPCMFQLSl6hV52QaqWvaMZK8GI/J0aVfOFfQLeslzlFwKPQcGIZ7vzqe7U1rYsdqn1H3OoTSokYy3GGjLTGGFFhjNEzpYSaTvEMDgtMdh9hvPQXDLl98/o6JBGlgmEcwKfcW6oP5H+HUBzD02sMO3CZHNux1xf3agIC8hudwlalFdkB2qUtkFiGEuONGYWjZuh2pF+dCvxH8XTOtOq0+yNocgXu5MYTclRmrLOe1FgMxNx4zcN7vRLxBwtbHO+Oix2pxqXmw4huWo9RQtLr0/KI+Y/5g7JLLrNj1RvjUpjBu5f9kja5qHmXt4o6UfhdFbDGyKhP5MQlxlFlTO1IJcqZrTl/bdX/NE14DoLBZyhjlyOneVD+qoEgdUmmuFA2W4p7jCSV+KrPqFhv1GFKJvsEt4zkwcC8TZL6bUzpFLbzYh4ILLvfAO4ZRdOTAAIB1LXfVuDGzGJoU+yw6p4YN2cEYxs1/PZR3N9LaKVydMOq9kz3u8rizmL5lN0Kug7ZmO71G2nAH/5/4ccvcjtFmYBC9WCZsb8a9d6cgqcLR5nbXKtSjzXatxXncdUStQ8FC9bH83oRuK8euH8zZ1kwVEC1ZQE/7xLQ6XZ1MAjGU5csQqAVbEpF4qcPTOGqOy3caeOtltyere49N6e1zX8e/xz/sRuBn169d8txRXysN75bzWYZ1SguN8pjZQKq0Ph4OxCOOAXW+Py8gDlu7Za51jZu5QZDqnbNh5QaC8Z9X+AQBdkS4rh7GyCDf+fHu6Xt9+d337pl8fLxd//er+stj6eB2+BqEpwquln4dNul/uWENLCCJHpCCUW2wHk4ZdWK4jxhkAddK5exLBz/fLibNPcMuIIDFWo3GE1LD0p7v7u/Pd3bAZ4+7uPnky/+7x22EsExEDhjyihm++fPP0chsLhrnELJpmezWcFDji5xE/A/RYsjgfkA8aN3BCRSBYD3u6nd89ffP1t99+8vUXP//8r/7qL7/88su/+c3fvHz14rPPPr27v4dtvLFRjBzBhrjLSYCGlw2UcxJdWHw/UzZ1nHdTpBRGOEXBhDZ1+qxonWQDWiku74x73/emUED3epb4t0KgmFq0C96k3UYdo6+MuzDykjILeW0sdY5YQELPAA0x8qMB6sno8XI/KihLkgRXtP4jLct3X1+i3zLjxh5PkhMbGFZs7EYxo8B+WavCd/SvmMZISzUPn1xC00JYQcwceIEVajWayO0ALwogKqzo+TmuT9XyHc65z/7b58rL87cLrj1c5AR1C6HzOlUcX1GvVIIQGm5Wu6Dqp65QqiD14ttGfdxs+OHdis+2W756JVOg+S3RA2y3W3E8/bXqfAywZo3iZVU5VGSc304BnMR8lxAC04sYaIznuWeqR5mt5EGPduj+ieKfyufybzKqPdFGZCOZBYGPH+UgETIwqmv7hodeJRIfNv613XcVTIq+wKUd/QX9NsU7Ywf82bMnHAjTX2hpAaNz96pZHE1SlITEhbRqSU86OCYtDWuZr1/AwBLISqpf0TdKnox5Hv8/41hEVn3G8qcG/SLGn2CucG+nhwBQkH0hWz9fLg29lSOwfezrJy8vv/70/q71727x7WN7e0ul/izVYaxrJoOns7YWKYL9hnoiDm/glCXEfVqKVR95JUtKIzNk2zL4XU2lmBEQJk587X5brzkwKZGFcYM5a+qSah8n1xkgLh3lfcqHB7EyetAVUaigFdGuFWrQ+/LF2tNkm/WNEUKXxdQRz7k8HYKdiOMtJ9577Xur0zplBhge2Iy6Yo8vU9yxACNrc98o0s7LQx45fgQlghQSXtGPS0xEvuBP6uunKsERym/lpt1my1iZYfX0IuFVFdk5Cs+EH1jFp2gtYdS5SzHm10wgzCZdY0a/6e77FIqaIf5ks1ZE64Kld4eGnrLlECc/64tRuq42ldkL3VSIq6piZr0JP+Rrb7fQ+DyjhpwR0j0BJyAIFsic8xOWmqAHzJmGUyolbFRVgi5jiuo9CuDCanW2Q82umYZGrw4NIrH2iJgHAAAQAElEQVR9T38RQJImttQr0Je2VJMOeJeH4D9G1KihdsnaS1E5nMzSCCRenoFLO4Pplqhs+ZbZ3zZvwdWPwx7EHCWuXnT8tLnmG/A2s7msMCQuEDPYLiKB0/1XcJ6Uiwa+nJynKlwhgHZmdF4RZguPPdakMkZttkqDyVIH4E1UjzdSpWPKnyuoaZIK1bRpPpTx4a8/evXRR6++efP2/cCg61NzUFS73NAL2DVqxFUUP4SoCf3EqUQvhudahld6vOaokZHHeML6gP3aWb1WoOJ3YV/mpAbXft/gi3Fn0vhUeCQpPAPjZ+8tT9ARH22UyJ0WGW9ZkQvQ9m3zyvzaMTbdE6cQ3CzwscIHXA1ZGImyGmfN10ZZGGMpWGHnWwv+yhqVuJJIU4hDjRGTwnWTTYr9UXtFbeaHcFhk+RzbQoqETwtHLhA6hSqpXTmyI7uLIKpBaxfQtJGpca+CSMVYRaHARZviQkXh2BjtAigpQzsckgWMUUgc4o6S1Jy562Lir4Q0yHF1EC0oSAQLlXFWs+I4K62gIJYxSmMYPWmYDNiA8bsKdrjJrrtJFNeqlkB7uTBA3wNqrKvEPkYaGpwVoeClU24Di0WKdD6vE4wFlb03Mn1WZg3YPxs6hp1srGkcm4RxHZuQfNikYOcM5pIxTv3NnKR5vpByG9M25t2upgp+zMwxrzvnbjaFTsuFyOLZiNHulbloePj1YTPjOVjQuftVm2OiWUUY2Ke2UBgpTQBW+ESUnCucgMNWQa+tiDiNfE7UipwgslGvmPYLDF9qP2i8gcUhodzRL3BCnZkKXHSws3tdOV+lsxTGbkTajIst1XpgJ3Ye9BzDNe5pmPO7LOSkzZGGxgnmAbe/Buh/jfIQmQ4syjvp14wMNt5zRfNgqZOWw7ookJo8ZUBYxPvmmaq9tx+IIIWPZhz5wJJa+k5C17JvIsxZ5THFuckqC4YW4/yzh3BUvGhqmxrd+XxZlCSqvWK8TJfOjOHs1uGFS1na8SmoKGyM1nFsU+h/3NHtCouCWl+6lISyT8upDmhvUL02zd6J9KROnj5mQK7oy0YNrFcfkT5IiGTmGq1VEVnwR1Yw0gbnzNZzPruq4CpjVtG3XHkCTFDUbor4MEXMjzhrOdHTbC6IyhlkomkldaaxuLK7exKu4BG33lrbEyBY1kUp0oe5Aq2Z2XQyyuCb6VMN02znm5liEJ5dSq2LNesTiBEerSC33IbJpU03K6dSgcb+O64f2mEXKLOy2r1WUIn+7weQukAxm844LD68cf6SH9CXD758vtLnwtS761E++83wD97IzT7AfKe/N+WmNgEgObuYv1KXLCAPee5Emvz5Je7hurvH4Vd/gNFWVHEM4A+/YKXNQxc0DvWtysqdpz40XWLDFLfH29Pj0+06ovktpTGz9WEh6YxVQVtYIKNkE0yj4uRhLt6/f/vu3busfQ2nk8DBCaDnKdXUuo13XfzeEPs3Jcnqw+INhB26xPbHSjuRrJeeoGHHyKikja1PT+Owj8KfLefVr6vekkAVWDLnNA1Z1BrO++58zR66C4UT0T7BIn72RN+f/cXdGfIdyFlQZnvaVkfzEgDo1JM9X8iSa6eLndmxmEZw+/X51bun+PbNu7/76j3OHs/PMrBmf3w8bedhV+/uzuzmHgjMWOPrE5qpcwp2V+trDhHAjC9N3UxO+Xg4j7erv43Lt5c//PHLh4eHTz759D/+xX/8l3/55//9v/23X/3yl//5P/+/FK1jFMpG6Jap2YCz0VvTlmLhWSEV01TtB7WyPYCYS23nAlSURPjBrswbPRwHIc61w02Jq7waRvGysQNICClBZYhk+3jMyazkrWE6mOrc41uj4DEeFfBEkzwSvFJHw/sIEy+XS+QAJHTEw6iT4ckb0afgK/ZzbYpQrajPdTcHc+JHm8DoFQ7Cn78sau3qZWbPfm4FZPU4/P3DP7kMBYHsfY32t9PZ9/mOfgi/7EMLKZxcL45nhYLYH+a+LPwdn/bE28Gy7EsyP9K4LeYxVp7hx18pyZSyj1bTXA8OYF7ihx9TOZSifIWJefkUxwLlxOeCoycqvNxexVONx6QCKGkHK9yW0p4CSlfBPB/w2HPbpqHH2YyxaGpw17ycxosoITHqh2SQ2sqWg8Am1L6rUZ5Hv5XjnPqLuSQ5qhqmdYbTWIgSPtUKy7cYoO99t3kDL1vYusJopAtMdCwZh80mvJQd2YCSuJVLEZYRf608wYRu1ZS3SYG9q25RAzpbzZ3iYyu0CMxCIbP5mrtR6vO4a/bx3fLR2T693L/fLu9u25vHp+8fR+3NspHlbBvEksTyGiXTDIAxKoQJPMJXKP6ZFFFHnckgJFUwCln3hZcQH8BN5mgD5IEL5gb5dQGHw9VNKRitNkRwJkK50tndpydmdjwE8zEejig/HrehC6lrgc4IZS2ZU+1+XnIn2gjPz4fPc9JlLgxjAUyhQ+WqrkRU0ROrBBtPX+uQl+LuOTR8/Ol8/SQB6PpCaHYI55tV98FE/PK/nXaGDDYZzxkLIK+DMA72WW8FatvRpx/Cytoi+w4PO8QUM3j3ipnnN/e0AwZx26/CyY6o61yix4xP5mEIQRbVN9KHoydq1TLnJVhmLAQx0fdTk5yPMjEgvQuVMpGsapnawjEH9H+gNpv+yqJr1LHGIuwtLHU7OvytBhrp77xxpaAzR3ClM7IZSUag5yhzv6ggFGwurlSMpDpW+pi+Ns2XJYBNT1dz0p7ziNixA9zda5oECIINo5yZNBMDMAESIFGqY0uujjAgw0U+EaBm0SpYsKjgIuYuUo6CZnDlxDNfmfamEDz3qjhITEANSnv9rUfsAlKTgTU3mLxl3F8uH79++XB/eff+sVdywcc63g/4PQM41S16OugTjwlPCN1V3qC1sVAYFLDiaZ0VSmflteBF4IZenfjBmez1ADh+OEiA5d5Fiy93groYYoZv+PdGNqVVEVjOfm+PaiNnWBt9YMQR7QrAl4J2p+NwxiHyPgkB9drmMg6MlpRx5a/UWitDaJCZV2go9pkfjMG85cpVudhinypi0r1gi0HYZMtiuIbrGUkuEXtePY9TBYXlmHcgw+cxNLZZqVCCNG8jgQZKEXpPQKoUgshvAIXnYQKERzWbZtMIoG0A1CLuXixGEk69fsry7fT71L5wAc4673o2qjOAStEFo4fkaIHjE65yVPjR/maUMCPCN63BXPrJKmQBiL/OQobN8MOLh0oiKKMiQ2tLqhxA8wvLPguR+YwXEjJxDdoo+feTwAkvQXP2J5zMDxr0vuQMqLS6ENdWxN7FQrWCpLE1oBtxPtVtJgi6d84yXuODBgXVKpTzmMZW7qm4d1Xlak0Ytdc59VYZD7j9rttS/wQV3zfBzS55AvqFmX84869OtjnbPvInC+2YCLbaLG1fFOrWaHeTSNsxpTM/k10OhhCbZSA+0J4yowbp0ssAVwKSP+PkjwW6O59dPDLsEAE1wxveNAd90XgPnuPa5gjco2vqIRc59sduIqrLV0jTmBe9V+xMcg3GhtYKToshKkLDOHWnExqIsF2aOq/cqicih+qsciWbOnqq3BB04lZZk08TAFODuaFdFxGS+4hs0eB5cmwjPkRZHDZDcJwQxbtzcy0n9iyq43dBpsgcYM6tNOVivBReRSYXmyaVA99faZEoPRIFNJjcHm+kgzyUarT4f/6R8yaJ12+3ndFfWarCNoY/VhnfTJwV37hLX0KQxgE75NkJYc5WkIWChpip1G5YVOgFFC8zK0giX7b4JG3t7kUWZA+QmgK4sli+s5StKrXl8ovsvTv0Cj7NCievGFM77RCZ1vEyK3d2eOe5ALZ/uW7okFPpVba/8LB2EzLx/aXHX63868e+PsyoDuGzTGD5t8M7zGd4TPWffaLZATo5XDwvl28az2/4+Lvm82KeX57eer4sGN3W2up9K9aaC1MB3f4xejyK8piHJN+g6TJx9WL/bYxYAMxSVJIkhEW3Qo6eS2qvNlZ+B1UqqHRhOPLYmncvXyXFGR4+ubfo9Uk2w3Lq9HOz1rDvqFqDfXcdVg/GDeob6/Xp6fr4LrVBru+9rwMI7ufzer6kMtLG/qoNA5CNhDan0zqdctRUTUW4DXAY1n9Vrxp6EdPTsxkhP/upe064BUGGATAsBugyI04lxj1QmM0/bqdff/Tw1c9e/vHt998/Olpa8xZvGDa7DE/RlpevX2y3/NqgcNoWTs1FI3p6q0b1qkVjGLIThnXMccnvr9fv3r79+ptvX718dXd5+OKLL95+/92bb7/527/9zS9/+WevXr3MwRgkD9SwnE7FMNqwzlmTeyJH3yGTpXCqjio8jpcow9xPOx9q5pxhs+FWO34/Vj/cyo6WEAg1V+dR1P6toFuvTTdRfSsol28YvdW1W53SUbgtqYjAg2dBQn4JU5V4NPgoNkUg09ZO5M5l1vcs13VfXJ/jncji2zy4Zf7yz1U+1hmMspTHshTNrxmTSIsftVgRz81Mveee3lW4oMdzPD57RrAb0Zgn67m1jR98OrdB1KM9GCALIhvPf8XrE3z/8B2mkIUVL/tQXaInf2617N9YC1321Is53Mq+efSm8x2t0pcytHB6rQhSokYrGVOUV2O6Y0cP93pLQ9rIsatLEeM4j4cJFht2K4nWGWhkRSsjmU9pj5YVIvMRM9jgQUychFkEL8aPDkSLuT9k2rg6+3u66fx2o4wPH4dID5oC4yzU+47w5KNuczHx4KcaiZkVy6/2se0xCW+FSULTsaonQRdE+FMadOFrgsDnZi/OeekPl/O12+Nte2jx8rTcICB4jf6uxztIyA23NED5Dau7sZkMG2HJeWWm4HEh26ZrNopPqeuYZ6ecIVQu+WOUxvITgQkM5H+DXWRoF7WmIMsEuUTi3ezB6W4o5qCuaRRj7lcriqqMbvWT6CEKkGtxfN6FCJAmUhGL6+rMazM5caLo8+Gjh89qT5kGo6k6EPTxSCAXVR+1NPYn9fWTBKDlsJGQ9JQ9xnePJjRqixkSYw9/FuvCD5K/W1ICMVv2Z3qvoHP3FburCd+PgczbbpL0Cfy07I6VTBWsS0UhLN+V8RFdWPwoNPWi9anVO65oTg6Ka8EXECsINtJQDTqPaIf5bAJLCDI0pGPOrL5DH4lJdvMKhYI1NibCQMQCE4nMpMtaTGHehxDYGYTHs0CWZtAXyT5GndOdrVPaI2lxzkLEORlXjiDfhaCgon41TbBdi5KvUmPwYlLjzet7MBnG6tMeILCj55Qk96YpdmS2En2GfTvsgoBw0sY9RwApf6WhqFGkD7RsL0uJLcW8R+1D6dBD+ZrQZZtbNYRs6XmZgAt43JxXu9EDkiNaVpSeasYpeAn9N6h+DBZHWv/xy1evHu6/+vpb/kaf0eYeHUnwU7vDOxo88xJBT8WQvw1z1VcWqLON+nQ+Y0Y51hObGjFOJ4LZqNgH4phXYhrV+8/QNRtKAclxMjF1iAHKWSXA2gAAEABJREFUhM+jhPZvuYIowkLMaDlRr9QeVdgZbGeVc1CUo500SSYm7g+RzSZMqQIFIe/4zcn1A/BDKIpPG34koVupr0y74zIWUEHBdtyhAHopyQ5LUBgtm87C/tiALgF2AobVUlkEKs7zsr2uljCS6gqFOWDnEXeFfFsvkueOitWdMuVLzVwUO6y61LV+AKYblegVX2HT1miNTCmXog4E5sWZzug83l5H3nqlO3qQGc8EquqASjVwTxt6lMPJbse/qoRBGjsr0Qy583ab5qRwX6ijzno9qQKgXfEOTVWPiYEzCU2BZCblUEw7YYlydaIyqgatQximpNmGGktAKyYxeqF2ywKSuNGwoP1NlzU+RiWGAi954k+EaFkNWM40trSfK05cWFTVitWdUk9AJOMB3qx0e3NVuGNtYzMiR9j1iqRwwifOtaCfW4oo08MllqxpAXNUOZHB0nxgIsKz03FXXQYkmAns1TKhiprVrhyyVkTnYOGbd7KO8WkGWQdKueH0nRY7QbVooIFpFbLiZ+fl0i5Q7egacwMpjbRY283kpXDx4LF3FiupMQV5ETa1tMrSpEyF8YA8DDyM254UGft9Kkp0n7QIV0UC3ycpnu4gL17BP4Z0AWkCXLulsnkyHdebTRvRGZBTNsI4QILqP1HhND/YljYR1AU6GBBrgfqHZNllr7pOgoegp+CgYHAZswZwG8gUfR+XCIIYngMRthwpFHtCWIT73EvqlQWTkbE8FgwmkagrKTFtUTSynCA5y5aeBbPQxv8uTpIghK2zxLlJapCEP58GgGTSg0iyfhB9zwoqwgsaDJwbuVNGP/hfMPAArdsl+uAa8eSH95mpw27FZezbnjHuQWfjzrLyyjYXpbLSuVfKjPL3+JFSi2Ze1Hx/ofxhzL/PfNOOAMJcFrMPwBUlgIeINuad7P+a1xMz99ujucOrDnH24YPj+cf68XoKR69I+nBlFRf6vFCbQEbsiE38SFo2M3D/cSDp+VUcErtaxHm1/uxOChv+t98wDihDuaPnW6GCx842pgrtsswYqv919JTAY2Wgv105WaGR5eXsvx4v7xrpxhbIVovswV47G7jqNeFOYzgcmpM6bPudtQuEL9LU5kfLom4xi/X+4ePy5zmMbsZkWdfr9fr+3dO7N+vT21ifWqzj4Kac5/mc+kg5YGTt8wJSfgpsvuxQPN22Bp2eXJJLdnSdUCsWG4YQohvKz1jdB0db9qIoskMBn+vYGeFtwQDtFNtn96e//Pzj33399h+3p3ejYNk1tnj49mRPX8Zbfeyn5b3F26cnkqxvQMRHvMxOh94r9sGybGLtZUg4/PD7p8fvvvvuq6++Gnf6Z7/4xc9//vkf/vCHv/+7v//9//j7h/v/eH9/uQUmQ1YcktC2t8qmNnUxIg7Np9ko/XXcND5LmPO8+4xsbZ4L94I79hxTzmmnzpWH0N+8CFFsIWUttnNckt4FOJg6nqykE2KPtQUfGlQYc9wchxA0O9HSZpX49hSZeCKoYMUXcwtsebqsd00PcoJGz44V1sQOR5Qgn5kfbU2056Yu5ll7tofna2TB9hY5rdYxobcjjGQfHOL9KHhdUexwtoX9wNjNImJdB9/7w3f90OIcz93+kll0CKVBO3L6/PpKRnaaJD9i3a4ETAEM3rnPhZirUL+p7NCLCRHqqDX7MSsrKxpmB9AO7kZBYPkx95nJ9XmR5kpX+eVlKLXvEDuAHKWQ0XKs6OUE6SJE5QvfhlhGfVqIZquOgt0hRj/cJ2EPK+XW2MnUaW2czaj74WS275R6KGSXHrhieZ9HhviIzQ2Ns6Vn2nvJaQqA1nppw+zXV8vFW7LdIiuH78XrQMrZjYsx3Txe2ec+peydNYHTGfxlm0KcRzi0NM6OSoZYIgjnV3d3A6i4jdrb09NXnSkS9BAxP2PkFhs12cDPWwBTDeeA8H1U9Ib5XRHHt0mViymlJnrQPAHOR2XsWNz6PrVJR87r0IZGwRcS1Grh2LhtIreVffHjsdQGrzEmeJTiyltI0k2dmS1cM7gVxOkNYm5la/v+xYWuGgdGMM0rUEvhQxrPVt179Xuc3+jwjEXjwnstE1f7k/n6SQLQI5yiLmFxC2s716Gl1Wwubc4JhnSXP0E61uVavfYT3/2QLWjT8dvPHA5ht32Qlryq5KGQ8tUum4mqh2SRV5q4ILRIx+xTYAEl8waqLVQwQ5OMEBpsoe4TXBF/B0hIySilIj7k4EbENQKvbKpnxXcD2qnrMGng8ncKrBOVqTKiqKmD+WpAoaDlWgJIuP4OSQXnrAoBPj1KdJEJldjMXDxKl47vZyqe4XJOLcgKAsQi88IXL50OnVcT2uYpICEis/kcI4tVT7bFHGAlrfpGCbA2U9icv0eq43a5jLx3QbAV6OZvlGENUDeVPYSqx9Ukb2R45SpkH8rGvMAlpO/TikyyceTpcobVTlbzvBiiDICdMJ1E2yqYsEBbJhGSNaRkZc8A6MaODXbyo4udqAJHMXCvDwDhk5cvPn754rQsyU+BA8p+ml5bs4lZROPaWFHh2cDtZ68oRKZTM2DLGmUq9kFyodMVdQ0SyULeuUEOVqDzth8fOVGSq5EAAe3YgILkcFAM0jEAKK4SIlYSFdIey5aKCvzzBLVLs2FqHlSvk7FrSaBzTGcu4NRRUmCvkHPGb5vbzIX/5U83RFSUTOddAIMnsRDwCN+fzg6PufGv4IbA9KgcD5gTBKDNt3q96KcLth9cFGVyEcxvt107je9RSPC0PgZ8p/hUjLSRlWkwWtMmzDwQU4Z5+4kcA3oe3215BDK/agpZo5arqdbT1KsHpBuw2MLJidmer1Yvjni1KbvlpO/nzkrhcQylzAofLmzjyYKejwRG9v1MLO2kjvidSsqtaMZBNorDMYPj6BM45YP6AcReGyWQCZRl9isCcnS6AZP0DrdH3hymmZJutaSQLoZy5GjlvKoARJq5dbu4iP6IZArTXyBAC7YzzpToZkkTZXisMDcXaWE3wMKhJAp8XchZkdY5IijBRkZtOdBj3NLN9JgynE1WV4ojwz6mrNrCh+Ds5IMPCYHCyY311L4fXxcqHox1vm7JR3OeyCyE2N3D/bCQp9RDSJWnLfvx0CniFKZH8E0nuQUGK7aYfhJx2ZxcZ0aI20pah+dgws9GXltaYLScj/c4XS6x+eP79yPsXc6XuxevRoZ/voysYxmPkJp2KyLobjfClsM0ue+1SFLZ84FgVhecBzjsOWY2hyUwhw5AxdS9Brh/It9ObGeVbaaoW9hOUG3TjNM/3PB4sF2TOdc4KhaK6tQnJywx3ioD/3xkuaRcC6ZkLF+MF9+4PjgavrL4KYsx21QbRtXQ+gHJvdBoW3rkzGoWBT17EkW/j8ZJwjzpg3HsE49JaT/4o2w32UBMxL7qEjfErr7VvCCE11EDJBBhLxxljl1QTeg8wk211RxzODYVZs9AlDW96fiIDIrWUkg5zEnOTEezL5D6p3lpVbcuDIPzMUxQHoqeK6rsOJnLTmT3qR6PX5dKSKi22Aj5Z0VLGR+9iXtxwdtSRkYA7VxbPyST0nnfr3Diz/35ZTPktPpmfm85aHr4AYpR8lnfwt8Vb6S0zKbSsfkmnEL8BNOza3Oj7u/M91Ts7Pv3K7LVNfoPcHZpYB4iZL3gAFYaics/yKPwGqEPUYjGjlI826nCe3S1JmiHkeh8mf8AJ54Rt/72o7lczIXYD7Hic1PYdnw3j0k3M9+pj/rhxHoqNSaqEhwTQV+8kOeEfdzE1vNOPC27/fIE50l4fHdblluyDgaeeaMkWX1WUwl1pu2Z6mPOUso/nFguHD556yxkAgEYhhUV03Tlw4BeLhzkQOMkISkpxkzUSbcig9MlXr9gSGDOgM0JhN/162PLaJ06YJlJwPOkCFv+B7c04GNULVNTPmWcOkq3KActqdNwajwynqMAtxXKsgVSRjVPdPbgF59zYXv2dho/vq7Xx6fHHHfocX86/cWnr/4/v/r82r/6/Xd2va7vHp+8dKLa8Dq324uHhwbxveEvGKXdNnWJmLixC8a+bIwsk2dxOnMqzvV2++77t5fTN7jyy8tXr15fr//yz//y1//r//rJx5/e/+JeBsg9hfvXGwIzOgfygxT5o9twRWPnAlUKJZ+H3T+zz/DKK0JbvV6piN3lg/2w26MOIHdm7UtTZqEv6DZv7pMVq3IkitmYt8GoBt3241kiDAqC59fbY6CWG7sPAqoFkkrH2Np8suBNw6rb/cP9qd0vOfysCQ7PzbAjLW1ycFR8EjMpF7CJgxXJu+wK0z8413u9eB5R/kp/fujbnijNt8D+pvX/ACYOyh7XWd9PXz0gwWQUQJDU/bIb+edXGR+A50weDt9iFaSOnqgwTGForXtMrHzuFTNZxHj+WVxD8x0sj/k6dxFpDxWLmH7FKheNgxuasHsIka7kJNbKxbs8Gk1g4/Pw/ZEGVcVC7YLVCaep8lQTKu4C7ef0qtccMZ2V8DySZyjYtxOFD8WewbMmfpGfxsxrqXg0Yqo7mors4vr0CekkZLIsxdFmBxPL5Zi9CZJUtbBJsa8U3fncUs6xC6rB0CAXiBCKG42tDeKb0U2hHZHzG33C7pxS0Y5LN7cbNIKigsA5QBTRdeM+dAx3NNU+SR9MXNXOyLupFjhiuevjbZzh4RK2xR5jvabdyje8zwW+T3B/fNB6ef2w3n//9qu327vxivzYG/oeHbKnmamN9xwlgWHh6dn6bdi33qrWFgdKjdWmY54rZjejtXlgKHuorWS1YY3sp1wFtfMesDjSNEPKbWGT5qgtqPyYuC9pTQoli97ByIn22Og85wPAUZDUrtA+wYrzcCnVJ5o9yYV41q7ZV+J4ge/SfBK5cGOZ3wX+aZhq0OxP6eunyYBGWmnVzeNqWMOmYNBWYnW1F9vEbAOy+cB+CT9nWu2HgBQvi71wbGIu1jtUVZO7D2+iVtWZLwGAndxD/pKZvj9pB5j0hSPA/CSR3xQ3zpg150TT9nT+VEghxG4x7MjYGn6iCEWaQ/SjjCz6/AJoM6teNPGZ8a1FHwJV2nLyWMT0EoW6MqN2SptQ97n8iHOIrtYR/ybxbsofMQc+gerhwqHtREsF26FxsuRFUQGSimMkay+UUFNdYZaunaBWq3wBwZTyMA7jml1vcv+b9oIC2cYoE5B03k3q0WHo3BSlIiEKYrreJxNtWs/CJ01r1ef0A06R4sabQkemvJQjN1QcbWKje+0vlxEkerMHNHgGlFqZbPAiMnLLd0qwETxhg2TQ+27abvBJo1r8csTdd3fvnt4BJcjb6wnMBTFBwwPobF9yUgX7wvydjdqolneoj44Fvo7w8/GxXc7L5ZyS2jC9wQGDUgKRx2B+vFAjrtIJx5rmmKqx888XcuM5fa9rShxhDWkqgV+32az/c4whT3EF0yeqQzgJyxMSwgYq9Qs9EcERLHBy1TbhVjYDNPJyfPp9uh1g94KULd4AABAASURBVAiTSlsCrpcVgI46R6s4X1ZoTVivkwBIa9EOxx+h1fjDSrsAdl+l7QGx1cOp5JU1LyI8QPp+SC7A5REm0TK146RCQOuQb/YaslFUe2bDymQE9fKyFveDteQ3oUSRurAYTFjJsH4595o0Q+TILW4QeNxIW0DEkHog64pt2vTJtgeji8aCO4tgSrMF1NQBdPSG7rH8jMO9OO8CldYmvDVh55UD4zxmzpAvByUJ+hgkf+ZJheobqgLM5nHlObcV6vs8pQhTncr5iy4JaNaapvJKhIrtNxaac4jLb2A6SlE7YWLYv8UpHg3qGIy2cW8iuZdECZ1Vfe1iOvRqCJt45BO2HKfUQHVqFeY2BvYL/WaDgHuqWz49xfXJqbAJGpqAFPynA5jOv2XQmcP0CKEWOkAPUTishDQZrxHd7DtSMj4aoT+kJIVpLsghoAHRYP4zah/fYt51e7rmwNollT/H1Y8M5HbNsbobLqflpMo1ofcgJLpckssPIHzJJdlKkpL4SsZ446yO/NpubeHKew4p5HTH1BdHLXnB8PSxfxdTn2TTJIIQd0NPlgepmGL0Aqj5cUgszQPeM61DMhQB8g/03FUghBJW8upxNbZtJWoxy53F153eNr3aZmXIMF+3OpJWZHE8DxtsI3+9i4RJnzmzLXGCsbysLC0iStON9q562RytQ1z4vET5tZYMAF9kyWjkOIRA6DOz6DQ9tETY/pEAEAafbmwKYpq01k0q8aOuSOG5urNetqgaY/jBs3+rLmWGKhUsdIqrJYbGDIeTtkp+BYovwaplmdtKPPQGfZM/4AevEJyxys8JVU8rFDoi8xJo1Zsd8vnDl7cpT+MTGn32yolmVDZlCml4lS0klmR13mxm1e4HgHnmcrT4U2Tu/+zLj+jGIe+LQxpY4d8e5/pEMOIZHt3iyM6bSP5BitSOq3TEuBU9663pBeZL/89u5jnY8/z7TnJbfasdMOj9QvfHF/MxWETsjLiYUIEpujthvLPiCCxKtQkY3CJ1S0lNY10LR010RVA9CMdqJXLSXT7r4dQQ6jvaHdoKD0bGP/+dp/d6Te3584tUeM8zeL578XA/gsHLJYtMHJIpdLlZOd8PFxJldLzlFsPePr57+v7bx2+/2d59v8SVzXID2r44a7atJ26ujZ+mpF/ztGWCMOq54lucMEkwLXYKxSbsmSW3BQ7CvCg4451upr5Cg4dhopROcsTrGfhe2v15oCUXEDz6y83/x1//7M26Pd5u//z2XToBEzlnGJI3b96Mxb67v7t/uHu79aS/pCBsDrftULp3NKZndRIR0/l8l1HD9YZpfPkmj0/Xb759A5zffv7zz+/u7j795JPf/M3fDgB6fMgXv/girxneLXAMSKfxCjgRQmevyLifc6teJpmN45b3OqKxUyisYGVjkKUkrDFVkU84HNPZjiAHiIpIkRH5i5gxaCFOfHYSMlRLv3CGblOnLCrhREHa58aJjtvCj+w+bmpJJ3y+NLsBw2YtxC5nQNqrk1ZF+o0xpjWrRnSePMJuB71CtuogVrQ9rfi3zzaNTKtUu83bt8rcce7kAfxoKPCj+MA++AzEYn7E4adUSHF//swqM9mRgv0Ko6JC27ND20PSQILnxQ7me3GSrd7bSFiTFYxnELcCZl2DSMx62KVP16quU1mAVk2/rimEinMIoMSzm9aaMpAgBMg0iu1+bLsEn6yuDEKahBFQiui1Acs5SrPCpp/gLhWzaE3OQ1WLx748ny+otDENI1StqjK6KI271001b69eOy6uhUmDWuB43i/pFIppuJHqtitVVCkpdq8Gdz5s3SanACKOYGVW9chzYmpYHtuEe5QeY9cQgv14zwg6JD43656ssoOSxV4/LOWmBlz2TyIp4wMsXFofySAZ43tAT15yhkX4LSHnFdlRDn4fuADlh5L2dntCr/Z4k/7R5eQv7l4NkHq7rFmhH5W//nTN1uMcHptDs08g8mFfjmpiEovOMDoMhpgAupRkEFjVIMcKRlqTsghWs9eB9no6TGjq6TCYOEYLeMFO/JP1i1r3WuXDuZelAdKjTLqsxPPXKBYA4EgpyDJUwX8c0JXOoU9EUg+UiqTYdGgMwj9nTNyRv2+Ymus28pxRDLhLIcb/B4D+v//XtP7T8Yb9mI8SSEKLrgHnxd6iQsNi4rLN1NKsvD7NgR2QUL2rycK7hfmzDyO5Lua3nW3RdQBcOpewE9Q9mC/X5FT4hB6bzTuL4qro1tGhDAD6RDEN4DZN/enO/l5j03MQc2V9mtRIFGl7m1RAf4524UO6cDRaXoY7gumY/wrQUFjd6jFkKO3JrSPjEtdMTWZGyLu8obf6gysyXdimZaxIN8ogl8QlQzmg6BsHcFWemRe5rmu1FrJCS04nZJeBFST/ggOO8KNVve0mcYytT7B1x9jnhprxhe7IkTYHC/ckBJatt2fBO+qq8jnaYWJV60mBkkyrKv9/zMH64TrikFPOx4RF6BWS5pwoIXti9l/uL68+evnq9asvv3lvGpzWY99WvNxWBppwqjMrTvb10jQlDJ9NyZc1YZ+RupybqjZNyC3vvxJjJCQLwAJ0z+Ad+wx/JzCsnJKnDf19GJY+97r2AdmPsWEnERYIKFd4RUWVpKmqIFFnFqZKeMuKXaeINqiJPtdCiCrpaSXpJdEZ0vzAmtZmCXol+EYQfftq0zfi3G+sQSgccsKddZyVGxAe5BNAC210qqAClmuHWi93WgEsXjouKm44SZRZuLbJcbKJDe3GbW7QWjVn1idEZuImxjPKzAEHvp3OWFJjXEhdY1RjNrZuEo8LgjwVdKoqx0+qj4/KP7wopRVAT2osXkBCewl/N6EPgh7UJypoSgOdkm81NSeU5mC39D43x4JpdVSER7UDiTTwSy/CI/vkrF65R6bMG/LhdISexW6XjqyX1ARASYR+iEMW6vESaoDwMejqtoonUPiFbnqbStlRvPpNhsaFxFQAh+e0EIR2ySW15tOgFlB0WBQ/mO7GmZMtuxM6HVvXvsfTRDtzzWmVGp342mXosPjdaw6egxRSt4kuy63Qc/NjtpadKwtVKbZFGyCwnXPqFMM3m1sCsjs8tgHic9YHoONAeQdhKlbGNNAqnBJC2mtSuqZZgMyEwFEX0Xhmg3yTmiuuqpem7UBXw/R+ehYkE3Oiu4b0wSzeOL+JB4SyXbi2JC6OZ9WoU5jKnNKqdy8UV37Wfc9TF/AnKBA0rv0sWq65ejltYlUhr9DFV59GEy9il5F0+mD3TcUMlDzUDKT0jvg1y4kY4cjNdZoZL/w1pFHcaowrvXqb7SM0i1E5rFVizBavmSajECk8j41BIhLETCgUeWBfN9aHTWUqnYZpW8TzmrFN8Y42Wj6Vo1t9ehzikhpzLVud0FTo3U1VgOLI4Kh0EbEtpqeOsHqO9Wh39KOyIvf9+9PE+KGfWHFHbUr9kpfTtGbz4q1g0QkD1/PZvw5cQcHQMwvcP04KHPKHfP42oyElgvokXZLeUprNzA53gGZ++OFSnv9wvtaPL3/+kph544+/hf13vvaPjh9+xnMM6vmdVWAQbjPSmG6T7TR0MIflZ/TgdOi9WoqnsmehRXorxK2S6xI/K6XrEh9MU8IfM+k9NnlwukP6+ux0RFkWA6Mwwi62lcDL5fSQNvZ8GaY2XBWpZCK2zvNp1WRv856fxQfa0eP9Ht+9e/vm27dvvrm9+zae3qF6tsB5tGynOi3r6bTdnoBpbOJ/J7DhFNs5Y4ixOn0g48RXccgYsarKtswFrfgM9w5gXbpqmNJQh0PinalW8unSfvnx3W//cPpdss6VvtHovH98PKFC+XB3PzDnp2oqXDc24/UmUNH44SlHHRyoOszFNt5tS82OLFaBfXH65NNPPv7k46++/uY3v/nbh4eHEWNfzucNGrWneay9PFpXgxjDtOr+blVeNiu3OI92fJCEVHhbGzj252XzPMsMHH5Bkf6zvRsF5dDHd8qi9Fa6/yY9P6q/1CQxbGqqdsurbAKJBZrBJdD6NjbJjX+vjuEO2fXIkLx72Z0dIpqXLOundQhChD+0InZE5Y1vF8zt9bu8w2fnfppF/c5zgDU+/Ah7bq6Un5hcmEzEjAjr2vV0ZB53S/L8w+1ggubP94d3sLOHSyKAUe6gnIUSCX10ucr9fkL2X5SPmMXAqI4p/aIWzK2w6Pp7mdyoNZVPMAZGVpMrVjQw3Sr29VqhzsLMflUx/Wo/OEFjEFifBc066QjnVjoZ5q0uEoBWVl136IJoq0ZZri+KUTfTHxnPfRuoesy02qb1n2HqzEb01i4YoG6vHLjPfWXGbOUYnR8+t/wrtThqn8XMZLW/pGbou08PNZmXmgfhgahYS5XKKDkrgTY8nICTMq7OVkXHtIHr7ZoINAdHZzFwYTHcx7eu45hnr3OW4u4XG2W+V6eEm3uarHGi4zFtob/v6/tuTx0n9cZhCVvnIHI0U4udNe2ba7zKcT8fNngv+pd2Fp5Gt2M9iXxuHK44hDZBepDtbVJmB7tS53Jnqco6gnWILiLt2QqLan/s9pR/dVUBZz1ZQZh+bhRVzB9RgC9rJicMfiHnZlReW9J9TsWZBnk0JWEvpAHly54bo3/vXz9VDWiZnjLYYdOa2vRwNh0GIsQJbJRt5JaxIOmBGeQBgzFTxcbm8Cu3GQsE5c147maSU1u7Oj6R8PRe4oPFGQ7iNbPNEETUulaDzTjGFTJ4LtYcbeNSIQ7Qx+mXtuQV9JW6/+PNFrb7ZCc2a0vMpxUT5VGJQ1SOpUHY0Y1ADL9d/wLklol7xpNkPjOpdmVqnp0ypwqUIYLRWDJCSF0DAqlFxF8GLeIk4Ad9DIrCKjf0SqnY/JKYQujGHRHkjYOz6IcoLlJMinyGnVTj3Ab8eUKci/SSrca/GURbNGNQSYntpdFi+ZnqjHy4TuyatFD3PS5xn/VWwaESDaGabVPXX92H7KmX6+NaUzqIe1VoIMx6bTWpZuykosojARQm1eTlR68++fTjf/jHP8oMA7wAmdbLzM9ivscMUnJTp78pVgJ9OSgeaGGn+0SORZ9p9bEucPeQigK0kHiWPARPmMTZuSVIq4QkVROBshVpdJhu+l5xEYmFYb0HIE4GPTcg9tDC8rXPgzzDq+Z7vw9lVMU2CiEKppiADzNrzpuJMJ5fC660hifI4+8xuakLmgEHVEEyT5oQtEP5OrOlesJOdLcXchkginYA2nl42aLZps/2ubMamwLwPidsUvS+LiZQW/eO0MTLHUdFwh4a+BtypCycFcOiGgopZdtKyLU6y/ZbZy89ZF3wdBz7E5yIrQJ0rwVhmAdrlXDqCpUbiPbk5CJwV0sMyKptzuYSA9GhFbUZ24JpXaY8jda6cpJT3i3mnC14ClmIl04GtDIMKFoDM5IRHGXoa/VA7mqLBk6bF6Kne1eRDCPlVrF6M7VcbNnj/1EfRKDRSFar3nzdYQ6fW1G5YL2tHd5BhKQ5AAAQAElEQVS+147qPuk7LtpUZbdaBNg0HB36AnizxqmR2dUI+hU6CQKsKgi37Ni0jIbXxlPIyAU3Fin7tk8I9T2xVYcECQSC5DfNVxz/hh6IlKEIo1gNxQ1F03GHOpXemrXFbAAGgT/ZuZTYrhowFKebntqyYXbA6ZLgB7NPgdyIYk1Xn64BVJllIfcZYAWKSeelaTPRHm2QnuDOL1gA7cTl/aqAykty4cT4yuErWLdRoKOLEo6QlLoa1F5xSW2hGSQzCgnaTCLQobSfn0IAxtB4yiZfm4oZeOFGN6IcRH07e6WBN6HF4ZBbVdYYEPCumiKncLL72yGqoZnyk+S0Ev1uVO7DyOI8UPkRKIEtlRSlSgBYcdAYwTGq4IkhENHrspro47Ztj7+LqUwfRVMVwN8hUV9isPxlHrsZXjGR9ukYsisKCW0zsZKQ9rWDv42Ze3gB0EamVyXNVjHdjA8r5KveFPk8/rFH5bGTb6yUmxGG1wm06Q7Kjx6SILx4JlF6Az7b2atTAZzPQK0iyWd4hE1jUv8Sg9xmCm07Eqffjv3I73/ab/RZhvYMWXn2iTbf8LB8877NZtL4w6/48M9hM6HVL9bq2FyKD9/KZyK6BzzaCfXYy8x8+KszXY1qKZh4XG1lBoc08VWZw6q2SpUPeXMZAkJ/FD2HDWimUrFxPJGjeje3YlOEM7CC07Vf6SPGb54hG9WloYTiH9y5p6bCGjW1IkDUGMDD+TZKVxerqoNHtBng71x09gahJ27dru+fvn/z5s23X7///tu4PTYbRvWUtvt8gc6z+uXNpADGghvFOAYym+of0OehNzHcOjR+NqwRC79pMza4HJW4Ksrg2BVqQKR/QBTm24QjjDyCEQx+8nD66GHgw+ft2o2RD3bEeIf3798PEPzh7m78s0HV9EL7luXRde6J4QHWlJ3jtNj8St+JTZwI8rt3d9+kktDd/f2nn376+eef//5f//i3/9v/9vMvfvaf/tNfKlAy9jvBp6DDA2VvjNXQjO5WpRp6g90E0WJVXLY7inkAa8MeYznt73nBVs4av+ZWEQffif6CM99IrkBNHp4GReCUh5p4tZDoLgucDm4jpJgvM00FGUvYerHUM+HSE810rgS3nEZbh3Qe9ihzJQuwRzfuyqufNyiUpfCKhut82o4G1Coc1uNgA45/9v+OzZErqMN8MHz7L8V+G7EjmRHP7yXs0C1yeJxW4Nz8ED8YsXJcpqfH63mGvsfB2xx3g+BP7n28+rDy8I4KFJh20RvUe4ZJcITdO04FrNqLPpnbLE5oN6W4Y1NjBwv9bQWLjj8ujyb5jqhtL7eI6C3pvbW0kJZkpJZQg55/wzgQuXtaK74Ro4tWdVNefa/nUY+sctOyzyQ+xzwX0yNXwEFxkT4fEBdDmISAjKLJhzAQYvI8pkXSkmfoxXBn+Ou+eyW9b1exJ2bqpIA/xBesNjZXgUYBY+19PTubDjLNVr4rhd6yVIcuwpySgseXZu7sF6cadGooXdeWTXtgog1Xc0GaeT8saixMQsay3sDse+rb+wSj+3XdvlviusVT7oMVPKyFEJcVXK7nhzNdcYSObG1MQjFdKZ4I3ESc5rnT97SM0liyHj9S764X1TkJ2dyynczbczZPEwd1Zlr7WfAJjhSFipgMmyOVDqCtqyG7OVNY0/wEZ36PQboYc5Ox8fDUKWGeETK2N5grmSsl4QZdwEDh7U/p66fJgNZXmPh4+EsdPh1tRof1PKO4NflVRhRqCk24Ub2jz2B+bvZKVOVs6l0EEzciaWbBOvqcg6cevZ2EZCTi7ZdAsUdiGWUG8/WpPta8jksVzckWNJ0c6Yp2yOaAnoq3SvnXDe2rHBKLhJwHiqMgSntLsEWrKqDtlhnBEvhMbixk4brajqThDYThZNCC6g766CWNTGxtQZa4AYBJvdFJ6drS9qnwlG26XlkrfQvJGsmBCmaKsE63DqwnzRqa96KE0nppWlF7b8R8tMChpDF1NRyVrpQoackQv9zdJ8oOOBWQJz+GihoiFiG27WWskEXzOm3aKVD/oEuwVGXAKqvy6TpumQcIsK9Uxqa4qDp389MWqzcv+pt8j80QlS5PZnVKqDRCuacFpjCfXIdU9otXLz/99OPTuXES73j/u2W5bcb2S6/80J0PaDu5T2M8s9sNlHws+XW9PY7cofUzYgy0k0gyuIF1gqwM/dssL/OCkec3BLiN7c6dZ5KyGlvNDePpihn2FeBDkCKfofq9OjsHu6oOUm+pkM9bMZ25yevso+2R/GLMdlM0xt9ApRK1d8xC6Jwjn9tlxcB2BV0C5bqoRFRlZYTN/ZBZo7OYklfVE5QsWXSjCJRxPqd6vUk23SgVAWlYnLs2w3Luc0I/dXejYNoE9Yy/XU6UVPaSMJsbMdoOk7lyllBkmT9dWJubkQCPPxHYatywEuhZkYZlwta2lYqpnSsARUjg04C2IbhrTSEdizChd0pKUSCtzUeRsgKrSbcNM5TU50TcE4V5/h1RahQDgLraUNRd+1bg0OSSu3BWTv/Jk3F339Sr1lShKuZ1tBIAykZcc10kmkQ2bn/FhTx0xCBy4E5Q9xaSZ5lsJ1PDlGi1OJ1taczPWPzkyRiQKIbidbbLMO0Fi/pGS8s4j0R8uo2c7APQ2F2QBF4IBj126cx7mPeRy2BQVNN2jSxyJn0rOcPZogKzOT4zG/HglXJ+yAYiC6plnZcNWe1szytH17QvwlRnwGgp7hv+mReX7LgMuC4p3RCSJtiEv+TjGcs+ntxpw2O6XG79kb87UM48Ugsbx0cN4bzeBt5yHZ+EC0AvS046usMyoYTBQiNj3jU7C52U9nGXA/s4ZUxIUZGLhg2zjDeFTYwa2MJivAo2GZ6fTsR5obKxjJXzE8JoitE1+DLovIxK2I2b8jZ+cD7fXS53p/MdEADqBqpSljyU3BQrEntHWYujHAVsNSmJJ4BhCCsI8p9QWWBORYaMegAoJXTKdb7l15pyOePG4T5c/f0cPyW+PVtTeeQBjrGQnhvz1C7c564BB7QGQUmO4ECJETQbSW5LQlE501RV5LAS8NjyFmkeG9WK5eWCuSM0cjcV56mkBIVFiao3qalk9uyYYaiCrHOSJJxn3g8q6DieUg1kvMX60d7ny1/NjloyyX13FNMNZxmb9Ev00k68shQ0YMcWssi8HTkHM2WNyoCnytbhS/ZV2fDu8UpAvE2AKQ6Yb136hGlCCnGgcQPwKjCl2Gkqv8jF/PjXERKJH4DUETE/lyI5yr9NOWEUSUJlS6t0cga7Nr9nz97cfgz2ef66I7b8YTe4+Yyvyiebslh98kwg54faRKr2v9rhKgresWOI7zvGzedMl09fgLErhBXi2SPGZVEOtKIQ4S6gnwk02bj7YRNA6s+kdRiYNGA5o3fNUjxhmc6GhAwTFuDI4+ZyhBTimfH7T9enHOaJ0biIfntLA3n2cWR6DikcpuGSDuTsgBeHgbi/DyK6403O2fWsNpuYCil0+D19wu3p+vj27ds3b95/92Z9en8Zh/V8zoED52FkTr6e0k+3PrOkhmAq24mp70/7aTRN177eloXtFkY+TXFzkqINlNo04IcoCpZngbR+zgvenoYnOCUqdYI5a+v7Na33KSVLh8H99NXLj1+9+/KP6PkrrGPYgoGSvB3w8fn88PIlSrlp3odNuV6vxljVmGjk87nZjTciL7p4duQsbUQbX33z9bi1hxcvHu5f/OpXf/7tt9/90z/903/5L3/9Z3/2ywVDIzGBMBtrKUM23vR8uqTXQRMZKTLQXBIkW1nlfrUW5dEKUg75zWd7tv4ysc0C8/R2M0uYO5yPeOvaeQyCkiIfKE6A+dwVIdMz5cU2fTydTh0IRrwM+K/X1TPFMer1rbFCaIWGLvORhZ00NB9dF6yAWThm2ZKMzFth0LvwDjstp7mp++XLtiiSa8xVsT2lL6NwXMztv2MYbUa8Ni/zg5+aOCkT/9Ind+MMI8ELu6UJuVp9vgK25+/Kr2DbLiNhObP4wGCGhgpOs616ZFQ6c4Syw6esUGiJ4/ip9qxGWBcWky0tYJP+5OD29NAQnGQItXmNWc8yeb5qpRMiYRkJUzJN+LhFU2osxXV2+M3wZhz5kd+MQJUznFkHmSimBCqpPdhUvIr5cIEdMHrJbbNw5Cbfou6ylrvoeQjiazmQweAHTasa9QhaeXmkv9BQ5dSmbuXA025ke26jwuWxm4Gcv4I5JW1TDXpk2FZAEZV88bJaoTSsIQDnJxk8jzCHdc1DX7B1pW5Cc9tt2Dr0dJyX04v7u3HkT6doI1K88/WWM7LGD6/93N61x2x0trs2YsjU7EzhiNQoTlrJeK8VPc23aKmm1n2A2e9v92+ftjfvnpZY390Q+iXqvbIIaDP7VTKnNXYa2fGeq5IsoUy0hrmgJ3++N8XTMimjRAhJq2NgbOs3nx1Tu9GMA0sASXCwB25xNTDS+zkjN/aUNgZYbP1lV6dBGF9zVTEn8zZuc6zMcC4Dqb80autZZj+NnefhUOg+QfYO8tqYdwK5p6Do00I2ydY/sAr/3r9+kgB0+ccmqj75T1kTP4TAZUgJc5l6SdPKeWiIW3DSR/6zmcA+vHmKWzSxG3iAlbOQ2TtfqARjF1HTHzW+A7Y1926OuwClmHPX6dI6WGMwFW3rMetlp2Qa1fjnCko2tOZLkZcRd95uddFSQMotowAAN40ecofkieOBDGAzAPBeyPwJrCdiNCBw8QqDwJ4F8/mlKVVcaLFJNZ3jE100PSex0zODvqkShzwTKk6o+eQYikW0KWf7jDRhEwTZIPyfzxdMbWS0MJ0b2YHsakF7T3LMyragG4/gCNJyaW7kUiacxPQY2Px5BNasrPOuOo2fk9Re7EstEsifGNiFiW1s/21UtxzRJXui6bNbVcpazUtjD09blqr85aUIKWPQieIDU3yMRGQlbNtNt0GqfKNMm3JfpjbV8rwEC76SnUOSni1x/XLZXr56ePX6/s037+D8FyjwYspZa+RIkuCwKKtDpJEhObf4QpwBGuIDn7rZ4+M5hm099RFVh1r/c58nzMvnGCSiQ4YVw0aSGilh7cQd+3Zwydyk3j3UExoMUVHLQB8nf019nWxoVVIP8YAzZRUOTmqGyMbXlu8rvz05Ck0sGz6WBISw5qMamSEJcW5IkCA+yikNt+T0YX66TYboxmur0De/s7UTL+wEGupCsngBw5myPj1dGSEBUgxqxTBDQMqDy0TrDrO4ZDCRc8gheZME7eIoRBM7K0IHykxNUariaJICMe9i3TddRBmuPbbG+cfxyX1562Qaqg9sK3au9v2isYMs+yy9yb8S6et7CY8mN3V6wEpG0GksUGDxtiyny+oButvUSS+NcOgVrqJV4tSggnWC5gsSJp+SMhSaF87kIyF31tMX7OiTFh9S73pwI/EMwTwO1oDt4ENUJA1yaJJRcSozfzujrKUhKgxgsPFCsAFpN92S9gAAEABJREFUFJhM0lKj+4wBegB2QbEXLpvq/iSOZ+8BdULgByhlk2ReI/GBGC8GgWB0XttxEioMJIaxwralxnGqdLaT6KvAOa/b1ZCGAhbNG834ClkEWrtLE4HJm5DYvH6GlobpkoQQcS+RaLNkprHpW9b0iZn1p7rshPWdSKhhoGjcHq/2SHwxsYRhVpa78Va5hsDuMd52zad7us+kho1tyJDRWrADfFwSeqAFihjU8kwgBvHe2JKXdukOjl2y5zI+nnk5nqlxhBaOGJUrnf6DavJ4uFZFAmJ0OHOYE66MgSuOHYaDh2HCSSWEuKFaqiCU6VSHzyu9rRt9pLIPTAvIGWCtl9hEXiUYZYqVXZIzyP4yC0y4I1c1ZzDIaBnHXg1PDVHooFtH98ssd29UrCrjyWhGwxij6iHqoeAOhiT8aanpCgY7TBAp94MOgLHJNDStU3yAvOqVqFscsAKhxBsGfdKFSAcKAEYOBz1oiaYY9qZmmlThID0PQRmXUcCVqWnZjPNUlZWZFcmT/RM7w7SRws90UB3phM+WpnjGZlpPYLq1PRePyXDwthue5pWwSzOqM+WFbTefwGuXPEs9if1HMf+J8vy8ChrfmCdfzs+fv4UgBK3Kh2CKu+0YjSm0jrrLeIZN7OAPMVV/nit5sTonx2K+YbPDrcUPSca24zyVZte6xOFDYpIb5lsf0BP9ovkPgJ39m7rd/TW7ibcjCF8f7WTSF5NLUyBcHYe4kkUCoF6bMGb27M9vq5czgfFnBptCu7f1aeCqvY+QYFQtz31Autkgk7AqtKzQmeHLmiSAjUlsZhKIqfBMc5B1tomd77OGMwp48mvbYlvLt3i6DSt7N64ra6JPt9vd7YbBC7wD+itahD6f2wJFp+zIXq9P63Wc+Jf353Z/vl6HvRrV55xAlyeMhA5AmsMJnF9dCCkFHQymV2cikK5CoKdAkmLEBXSFWfmfD2X4oBPVmdEbOlYIEQt0sTfPWBQ77fq4seFnyUj1/Mmr5T//Mq799r/0x+8eY91q1NVyHutxu/n376/L5S5LxaclYdORAJ+z3haKUyQ5PP68oCfJGdukWc3XjGu6hX/37vrl19+flm8vl5ef/eyLP/z+X3/zN3/7F3/+67/6z3/54uFF3iycI8pq2bqHDuss+wLmzlgawqztnCrh3OC9Vx+KQjA/ngmbJ9v3AzHPvnBcjQWRYbfpplxShljnjVMpmInVnMQQLyr/hgRo7MyNgHMGDYgvqRm2BjvDRj3/1DD6Eus1qvvb9en29Lilcnda/hEU+Jrciqw55HJfRrGisllZIm/OOnrJYOqbOobKa1PhuxU8NwHE2DRyTXegncvK2WyiaXsCRYtmAg5ou5TrV39h0LygSNQPToQmYn8WFQ1aBdm6XBcWxtYeBwhgchDPnibCuYkWTrMxjVhMVTm6UppW1Z4m6kbDHozLleAQqCgkni9jgrbu/HhCq7TLxDJKuJlDTe3ZnrMZIDHgqWYcFnsHcNGGgYjrqAKtd5wxmXEd4YnKRxcrEhsCVPSVkfNhEIIn+YYBhMbX4FCjIxnTWQA40B9hnMNB2QFPTArZG+FZRDslsGlhRy82XbkrSQyuGSlmu8/OKIPtGiYbSbpMPmml3xY1LKopXMDe76LWkRzS2swWTZSvKp4r6su3XK+3ashzNXC7LOTWeyFZCccAHGe7MIXx8rQ5ptqAuJDqdCfI4ezafohRDfXLsZZ4hMMkrR0mGp7FkxWDXpkXwzI8XE6xvb8OM38bxbMTSDaWJlEnGJeYQXnH/JJT75fz8nJpn1zaz1+c0plt27vb7c2jvXtq1yRmjOQ6HaUC1pz1Ig5BYyrYi0pmjNZx9HOuWZj0Lhwul7OCQuiKa5uW50ee2RWJs60QdCOXvpwxng9NYumdsnpJscev59tu68K9yc5rMHU47+n+vOSQwOZ3p4kzgYKZEIkNBPmS2PKw6n4GGw8sUkNyv6UsbVOSwfk+mEzcpvpvpl5b8ib57P50vn6iAHTUkZwVofrOjDHNxJ3wssjqndhtbJu2uyL64yfQzvIzxB6cDbp8e1d9tjRr8MHdZ9mpfMweRjTgf0wE2GFE3xvP/VNHUMZzHocvq2PnSrqKYmF1z3ss3KwKbbxT9YZJMYPX3wSN4R6UqpR1Yw6V4BdLUSwUoc025StC6vI7SRWmQBzEFAVD7tyZOgqqJosvKNde2hxVVCS5FXOoma5zYDEOcIe+nYklRvqqUdqVy1LDBuYq0aEkjoGxatSJ9Io6CFAV04pxBC8imCBOp1uL2BSuzQ1CBFJ+zPdEjsYQM3Et6nWurjpumeaToypUwomYzPfWtpZ5QlAmlj1gx6l6SdZzhpJsETf5xTCO3B5P7eWLF5999unb75+ebpzI1SdKTSqoQriu4JuF3QUQcmqJw3UADLLbQAevt2EoTxxnAYnDRoev+8fasoHU5Bs2JSRRO3QGTIT5hYFGcTtRIiFEyvE6avIP4KjCPYD0maomOA/sRpjpKdlGdSIKH8WzxacgUmo63QRWRLcAsQgeF5O8RxJ4BRaNFOqGpvISOLZNegkWilqMCrwqHpm6fpQr9OxVp+OrjGOy2aXyKFCafFxAQUkCTQguXGwhr9KUz6Tbu8+uzZwNh4ihxsfvu7LXSC4BDBAO98oHGKR5mRIYr+w5EM5lhaNzq0lfzISO8cmGK1cIzUMKzUmLJpJ1iM/vygxD6HIvDpbPjoDQd2bMPflg5BEsxOkQrRrOOSzNlDdpXo8BGhgn7Zx9ZrExXNvzjwilJzrKJkuhWduxE5YayUOLn898JPi+7yX2lNNd97eAN5ltN7Jeiq5EhcD+OLmrYbbqnPwq7Q4jFnfOGU5lVa1wj5BLyUNxGpZ3OQMOXVg9ZecsykKQFk2O80Zr0wmSQpepHebIaG4L0drbBkATMttP1ySeJ96XWOVC+uv499nlFkPRPy2rl4/gYEwQpWnVr/ntU3XPYG1lE5pwb5bH5DvlcCWdwy3NJUZsPcJHjTxwdUWcXIuv6qYxRJiuribTEHXlqM3a2OWb+DuaKkOgu1dnE9W6s+USb7SwryKRV5SCh/eD5VhnI2cZB1ppUsqcY9DLyFW6y33bbDoXJkJ9hiZUViFtRKFKLguV/jaOo1DcAdchtTsl5qT5nLRDhKYbzSPmy2upTH/Y7aqaGriiQkQJ66cHZ6yFunbRKdUKRmPABJHDTOvhzNzelVJSYKjJyxSVVOjMdO6G1NNY8ZwNIlbbNz9hsQI2pmuoeLELWmDpAju1T6kfb+XQZI28f9gaKQ5ghQTa+j7/yzq1SoyH0NK0+8Kpm67AwXy/R1YFwg6AUxwivYo0qom+vhSq+OFz1ES9A7d+vFo2JnzwNQPWytv92Y9lxf3DV8czgZ6Kq6MEJxh+HUPVw/v5h9dwXK0ZzZv78xXUv2Suj2/rfnhn/dyf36NNCz8f4eGnofzCZaUjDr+gx8QHJvp5PR6vZZ+XwWjdbMe84U+ZJzhQjhytkZU8QADJhzDL0XzbShA3Sc3koSa9NN+7dNox8MoEYeZQZQCGwLazrxfYzDDdT+Q2n9Aik3TgHFG4WJJ627b34Qs4ibLZUMjcsvB+e8z0mBEF+xKqAwzWCjS2LPX1lLFCDT6vb32f8RPqfMDTYc4czSaQ94ggiTvYzZbyGrVoKyYk9ETBrU8GOMu5KUXKAMCrOCRjfVn8zz596ecBMj/8//7+9//6zfeP1+yo6In1LKPg/e7d++EocjD35ZIBLWYPEF0tFUQYpa4N7gUPGAU7cwLi9v7d47fLt6MIcHc5vXr16uWrF199+eX/9D//z68+ef0Xf/Hry+W8XleKrZ1gx05VhYJlVT7aDsNTSud0bpSZDk777cetHYfXHretf3BejJmRuqAUVtDV4jgRXzMrvIZjCchCbTkhG95NXTOH4wPrVuyNKLeF/K5VE1RSN4jTYHLMOqrLgYJs7TGZbv/g8NfhPiTy6hf1Q2jq0w7ZTLyPbyRRA5sG47h89swKfWA6JqB9hAP4UXwNQgLvhzedy83XaYW0/lqfw6OJEmSaFzc/0D64tvl3QqD7fjBTJP5s4Q6fwKhRtU8tTy3gvqmifnxY3VbR72w+1qlEFqW9wIg006f1uj099uvT+KUnp/xGMHdHlJbnM7ZWzVrGFC7EoDcaEoW7DL8hlwZdHnHJD86AxOkPzDwcj1eMbVYwQBHtQ/74wA8/hAldEYq8Ixw2Ms8uUhvjhmhzawybrcDF63mT4VM7BEulccqbOrm17eZzmYvP7zfft3OFoNp1G4hc+2koljRobHmI8v3Ve2/oI5MwGuJoDTnvAP3PqdaURLrHSAXoG5g8xinonXr9eft358Vf3I/A8Gnjs2K8pskpDMU2gjENeklrzlm5LO3leXlxTo2Oa9/e39bX99u7UZa6bQOSvoJ4dkOpAb9rqyNBctaYSDVAfYE7WaT3YKgJI1wnCXGwAiyrvgrTs4qlx4G6R+yHk4uYkCezSzFRklzQM64EmWPloS11OpExqRa5bBMZuDP+OY31oVBmGMfVNMFr2PtjjdFgakj4YGAd2UnR0DIcXETRbNoqCjIXKETbn9LXTxiAFre5MkHfR7lyYqXLWdOyulXLux3YehVEmsKNMtI7Ujm/FF5Oy+Vl7XRJu7cx5WAhe+0a3ipbVvF6K/oWxQ+tKj+R9aiNXkrSrPP6cDT5+0o1DpfD/I1KplbFfH10pRIVOpuyMk0iwaxrDYhDIq4ZVq4G2dZmogkPUeL95damXpdInpkPZrlOt1glR604S3UuU4qQLKidkfHSKjAYg1RIziD11WHOOxQaU7Jzq3Zvd45oq0lZZf0Jj9kEomy6Vmka0LR1tT147LOgvGCTPXE9YtB81hxB0zGvVzlR5Z8N0i4H11kPUYw2XU7eOQBaVlCjxh44gmzGUYSVMQmtHiisHRfGrDahf3BA0m+NzfDi4eHzn/3sX//1q/dPiUCsyjaClIYTVWvRYZ1Fdu2K/IQN6MrN+23pd6PaudkAn58yUVrPo/B9jlZUWmOVdeImeyJuTJIlcG4zbzPld51zz5IjtZEDIyHaXq5GNZ95erifDOTEOr3CcgTX6+nhOJj6YLWSuLaRh2jT+34mqiRQsTkIrjn2sq/cG2gEzWwO22AJPjlOmpP30QZzCdjAs1MOLMjtDmvTcJUhadJvsDoePGvsN4Dq2YnE3gqFamW9gnHeKPcJV626lrHGZNL7Ibh1QiwzQBapYcbUfBfgR5v0G4ivRRziP9kS2KNg7aZAVfBjt9pkSJjVyK8Tr0C04uRQoSZ4QCrTnPIR3FrNKe6R3Bsy/wE5L5TMaUxvW0L83CcgmHG5qBBXyyc8lzouvcg/tKKzChHlFppmZmpDVkBb1SsGjoLWpluxrE3c6lfAjCjOPA4Lamy4t8KvjYGeQ7cmgv3dZbG4jRVXqfnCKe9mmoXREEt7U9V+EVkbJwXyytuaVDZIT5BnHYAlbfsAABAASURBVJwOiiTV2KbIU6FajCJzbKeNVlFHFvocAbmGE0TOKJvUZlTVZ48ooM9F2k/5rFD7qcKNsdSSKGgWukhDaVgIEK8bhPqZJ+cZ6aqu1r432dgyDMwS0ja0XZan/BTcXNUn+EIaVKbcrY7YTOEO/0azTXBkLAtOkrYiEdlOC9s+MpjNDiTJaPbsrdkA96t0hmc831gZTiVIQhayGRJHNNturOrVgcGw7MsgekX0udcgofIyBLBEsipbz3PEqIDdhdalErTUHMhe5Kz68vkVusAqe1B7qy57k/4nkklBt6oo2Z7M4/6UYLIxX9fciQDRUatsBOwYnxaTVkbmPD29kGLzYm9iH0dlbu6HCM8quGqiSntoRrPrJANwauJx83vnWoFnibo9d+j7GsnpaMGt/BDN8EQyaOLmUGptw1Dha3qfGaq48lOrgG1PU+VINB9sf9nsbS2DHxETfVfiTHvXlH3Hs9BhXq3XG//gKxSg/WA16p1tz8+toF/Xz60c1/wQ23/qVh0spgRux1nKYdkBftt/u8+XPL/wHXRBlFh/2Vfx+C5FI+HKCmrRB817ixkw1FPRL9M+zgQh6vnOdEVnHsY403B0kqQC0sABUhGZIjcAhTm4iFR8ejHgIox3N2E2PCg1OJfLA1jXkUsDQZai//jfFSWhLMO2UyKC2bgj/RZGO8rKay9lptxI+0saa4Z9a8HeZjtdPz8836ovN0uoiRUsZ+9nciNs6f0W5SBgatg/g9chzq0xLNzzXE14KYRP7NwyU1AQrqJ2Noqe6ITxmNKa2esUaP7o9cuPn67bY2If7/K9tpWneMAh71rcnU+Xy13cWX//1EvfthUtlC4aLiWHbrGRCb3UlIBbr9end+/8PCCJy3J/f379+sVYn9/+w2//7u//fsDRv/j880zB0j12QnCmuWR5u6n3aWL8su5YzAWZAu0ZPxgct0PwNlEoO34dzwTjcR0zmU664uTcBYUSVPu0GczkLoH5EwCNry3lLdbucThoe35Ee892OPR4wZPmvPdlxD7Gvk+0zWh0PFtjOPeFyuci+Vid/mkh9NVCvO6keMxpX3E4W4eFiOrYmDq9eolMattN7vEXP1jJ3bLrR1E/OL5YS0eUOxT61c/mEXLbw3RlAAVYykpVnF5X8qxXZL/coxU6fD7uUq1Y802mdbP6iIiY/ij2bWZ7HbcyNrlpemO69Airaqy8FLXZ8omPZzqMw9P7AUCPB71S7S4Tf7wqY3KqjBWHwEiKBkaYtqRNRJEfkeWPxEhboRumAMJ2NGamO/t36qb2I+LPHisz6Dj8yg4WzxC3FVbUaWe74uHKrY7jGWM2YM31qn3jhRWUUp5JVkKBvT5b611X0Wb5fOKqBx9vNs/H5tXfhqokQ38ICXZFEeOLY2kiQl2YwFpSMSlbDM9pxzaJ9QcI6UEvS4gn+8v97i7FT1ryTFbOu4EGYD4ckkhW6AtB6R+SFaNWiHj9DFrh+On96XS/9MfzaRTjEoBOvHu7btnHT0XL282vW2HQHXslpPfsMJ64LlCLRAjYbC6xi0XF0evNK1LD3/RYOfBF8Vka3BP5iElL4XfAUPBRaEsEvCnntzO9Cp4PBm/n6+4vKurmXMGU3dhEcFyg3emmjuscgcZ5P5SiVIlU+TpjYWU2zJZaAdA5auCST+j/YUD/3/4rKrdB9qEE45A5RTntPRCdkWHbQ/WCJoytLuoVRcbSyGTWtgm2W4JyZ3PWNyo2cHVdweW0UDSZPfVDM4E6WWX2iqt17T2EiBn6nqeb8Y0qaEqwnWL8TflEJwYNgpCael2ZD6Ng6hTzB2Knah2CymLCVckaU2DIQ0E34JxunaWYLjNnTbxjWn90cwj6K44jMssEgOYwpdb8kA8orJ8pYJd4Lh6KY+R0Lhd6eL062bvy3nxKaDlJKnS2nACjp5Kws8mM/JEgJ3eanaJyjV/jO8tfmQiVSuqEyubfhLZXcxa3ER2yIjG8aQHyFSkjrmviPS3ozJwpo+2xnnZjn7tVLcBYMrLsCAJn07i2kgtjU8LT2KTDmkuCEZX+k8kuc1tP4P5y/vSTT+7v7r8/pa7TqEJuZKMJAOFzz9npmO6Cmh1EUfNZJUVne1y3h3Mq/V17zwG4ydQBm4HggMxnToM7qdAgpr3CrKAyuE3/yxGYGyT9UGNJwnhqqSTLRkkedjibuxtV47zOcRRDR417ICR0xZ56WMF9DH0YpWyB50KeOL6S9KmsfPZd1VcGJKO0eerDH8TFiIJu29Pyfivvvml+OHYA0PPU5kjds5GGnXMAmThz6A8FU6lx+AtdOvvsMSlv774qXY5ZG3U0EXXfi+R0YzQmrvsVNZwZgol9XCKqXKdDjFktZFbxDRPCwookFWDSz1BNCq0I9ixt54XC0PEoU1wlObLB4YvCw2Gmu6TMm952qdQYH454KEsgtH3EujeNM8rfGp7+fC4FEppodkLzIQpsTVBUL2riaMIUdu273EgNHwcSlpIIdQpSe5tGI2CSGpq0YBWBDiDjV20vLz/JrZrFQrRCOwlWfqNcLoSUQUZIm4NyO2pepHNnj+8CwL+UlLmHkbzJITV1PUCrcdOD8kpN8qVnDLEIUkeDSQdR5/EoxolF8+04/mtGsKWt4E5B5KbrphYfqiUYSFL9JgQPAM9xotLl/uHOHxpCT7SobNfrQCjyiedmPqdcL2NVACFNzoJaMzcq/SFM3EAMgDZIlCeDFvCCWJTSs7LSaJFgQ7Q2nEYLOoWYiclYIuKqWrVybuQMQjFwOcmLeg0Mo8HORsCgEW3FGmONIjYOXcqGxGZS4uPbT1wgR4PnNJN8yuOFPk1YjlikP7IVHOGNutyAHuj5Wg1mQGSSVQPx/A0dILXhmSrAyKyYEd8oj07HIgDXICvkpaCx8ngEyO/ZnsomSikLlYOWxBW3H3oFzXxmc8JWUdup/tURo5+UHG19lkyFbobEx/j7PrE5FIwWRlKtVZ7FkGxBx3dU1YD033K6YHfS6qI7RlN6lIvUtqXVaBopg3LZmoNz3FX+MY07K4KJMxlmN0ha2mx+nJ3g8MUWdnQKvGWn3gsTvFmGomtWbgnLAMGNmY7ODJXvwD3UDgL9u+fZEYxD5IZAgKAom8/opLBCs9dtwtTT0ltlx/st2MQobLKCw37k65k/fP6qAxpSybIZB2mgKqbpVQR9WzXHMwL6wac9/xjfIWM/wLr5JdKC7fA34ws9Jnf/wbs9e1uaoLkMB8xA3yv8b5JazMIOFywXyzGe5RfsyEPcP/0IjpSfqw4v7mU0VK3XNBcBCU6e+jR6Yyu28723c2/XZBLgI1M2Gg1JiFFPEv4Qv5aMj1OCOxyoAR3VRPCyYz1X87YhThwYwcBeZd0SQKrypbM6pFidl46YDVcKqwNFYyPmkZHLebzVyCAzgc7IZxlgFIKzZDzmfIS7C2SRx12O+uLKlAx2mJ3+Tu+oyaWRsnhIARAbGee6pqUGazi9OCbIJmutHhA0f9SNAduZBq4/eNy/fvgf/vzzN+9ubx/Xt49XNY/jhsaVXJ9ueel3d+m11m2mWnTWiBc4Fpkc0gYiUE52vG2ZtY0PG+WCAam8e/f2u+/ffPbZz37xi8+/f/vNf/vbv3l5f/fi7uHF/atAYYBbAxHNyqb6lB5ESJrPZoP69w5EcsNo99tEGE011H1H1QPaNx4sQexw3d7F5BwyrXEorUoYHJlQ1IVxRZUhGetxsI8aE24uZOi2KrVmSb7LAOHfHPKezv3uco/B1BtGMppYoNcrAxikuv0UUEHDpde1zn6b53k77yN8qj+YIq3nhmQCivt/2afLn6kF1sokcmXmO9BYySbIxedV9PnXih6nF3CCTId+Z1mguvAPDOjhuenTaVFC+J/rNbUBvEjy9V0/3OfuT/TWEZPwzfclBhrFg56/o9+E44+qTFjhB9MzLNTnpJeI6lYFxxYamdm2YAgsr4+Pt8f3dnnYIIo5zuDd3ZLxCeu6OF3giTCHYT1mk2wxxC1bSViwMC0ParuJ1j6mxQvFDpBhoWoZOApRO4jhip7pwR2yTFlvvm8eV3Q5uy0DUxPLexJiALKOThSTTFEVOxpVMeZ7mdmxAGBCZRRKGVaxq80qp1dHJacO5LNve6ddzGpQpRiNk9GDmtpdIRPPdKhJBMIa1eA9HhAoNDn+js2X4xdG/H7GlBKu8HA23ToVMMfHAw/I14Nenfc+Quoc7SrZQibybFfN+87v43vjqd9fTsNH3XDexhvcneLmfm3LNWVYTmwMSbwr/LqOAuH6lBh0e1o2NmeiSDVWNBkYG4YnQTIv322sjTEb08iu9DIn3SaXljVTNsTmhjufOCMGdAYfaXyymM+X5MxUiM5jMDatsQ0TMB9iRExtP6X6f44WHIC8l4Ed/zldmFrkcWAbEHP3Ln+fTT9jCYeXgXuGQ6lu/TahKcobobc9M6mTjSfSlh+JCf8df/0kAWgJOJmsUkUIxaiRSamjD4ikCfeRjgHrJsJHrE2vL7zQbU7gLSoN+VtQJiB8iguh+5Hh6iHiXCOjoBWidKKAEU4f0TfAfIVC8peVMyBhWZVQy5E0jgwhjMJo1GTKeY/AeoS+2dTFYgDJCE/CnCexKZr0UYnRsHWYE/A65uFQgzrY3NJEph7FGbiNwCcCNQsgKMuJuGgNxPKZt1Y4K8Q1pm3tFJJllBUuFWZJxwq0Akdg4/pAnDFhI8jVA7CbhErzIsxmIHsSeUCPwZWfplXKSSUwIY088fxCswX0xbp6kAUu9V0Pz0OiH1bMSNsLHJpFY/X8dtL9HjJgQjnCOMGyCAx4802UfIyRdE1cAs5SbExaKZdML8seqivApLELkXc6Z4s41KPSVjZ/8XC5pAEdGMh28gEgryGKaPqMRR8RtpKvS6QtLykVo5dRIIlr3ks/DQT2SgmKHEPHkqmQy0bpGACfrqLkIdwKTaYyKMn1YqsnLEJ/lo9zUQgiNSvuZzpn6bnNCJCgYjQxlFo1LGclVdDcxFy3IrR4tmGuwkDGpj0p3JpZe9kXhyApnsqWkwGMtM9Exl52eXli0CJrYxobSEyZW65ORrOJHmxVnXraUPEF5oZsMdHn8yXnCe60G2dRmkZoab6bumn/lJcLcpU14bGBvmDZB5LcmO2ISxVzS5PGylKXqQDmx7gZYQ1P6UbepmubCUapjg1iZWgZjq3Se4jZo8OJWbhYEMHXbiYAXJgVb35s8tsG9aHEoodhOd8tZ5akcGRPNqsLuPcFlspEhT5RjSVjD7JSnExbmteYAEilG85ieAlUS4goupJxWFXoNJtI+Z7SFkoQUAxbob3CqgsZFFI+yvgpl0nhE7bnhs8P8blw24n7ZQSrNuI59M0bkUApK2SAW0PjckcklyGVWVxzfpQ/Z5PbegtiVStkYiCdT6gdejYYk9BJv8ORBnkBPyOXVl5Gh1eRs02ZjzRSNwpKtHGBdKT5qO/uMMYZfOap/gy3LdBbAAAQAElEQVQMvAXbydGWDZZf440menyfzmWhGzrJoPM+NUwAS3OuIXAwc+xnI4LPAigsRCN0iYtu9AFpXXyj0weOMqpnyMRB6cgJo5KLBhjJTEPkPJIUUVbLqDlrbm05u1qF3Fy0BdVQuc2MiMnAZy9UrNog4eOCHkJNN4man5rmUBjLaZUWkmXc/MRbAdIO6mFWQ6AoCffORkYNy+kaZYxxLuMNnm7QNs6UbDwk2uI8KecTEAG6ucb2TDZ4riwDU98W1ONW/IzqdVS+dMhmARmP3UQUpWnUEWMwnDkrSSm5Pm1gY6Kj6AcpXJ7kpVJQflzMd6Flk/9NCcjcoEsJZ0FzhE4BzlOCOiyGqcRv/G8SEFdeKEOzXI7u1fqSPrroWPGsx1oIciGcvlSb5LFs6RMp9RmHWhnSHjs11iZ0sMUcfUSizOGt6lyzLSwmyCFvpdBS7kBoyURIdyCkxs2W6VX/rx7f7FL3edTlOt0+gHcm2PHDr1IU558LBpngbEEouLHoOyH6B+8DKGqbhK/jys5182ppsHmTfgj4Dx92+DNfpQTwAxCoQIdSCYsDusPMlpPOD1dNmvyOZtWC7w+Y33fZlvTEozqV/8bTOCPcbRvjUxybgWfmtIXU4tgeH/s6kNy+hECydMM5dDCn0S7gk8ZW3SPlE7Oveb3lUSCafNtadmud2CHU0QmDmsqwY5YsLvRSA4NUADjzinmz3NwZR67XzKip/XR32fJKxl8uwD4QfCBWUTzKM5vm7gScPG3hxv6QXNTthBQ/WFhCJMCdD2xr4w7vipcRnlkpFNNc2jau44JGzxGMXs6X4U426n6kh8mpxL48ffbi9FdffPT23bvf/PZtLCc2YmV2s9qbt9+P5fzo5auBqgwbjwkWLSd8zKsfYEmbLNqONdhmZhk5AfJpXMLrB/v++8fT+fsXD/ef/+yzr7/66p9+909//qv/cP+rjzI0qG07rs7ZRGKiEsDbLbOHZC64PMD+5QfAkVu6K/g1L2NDa9NmtTgmxujz1Og9+xSU5RdrF1QlzbSvB9HilRIvnZuvFb5GlL+GBpoayReVBVlxG1v0/nK+Po2SdKDByx8fH5+uT+O+Pn794F2tLNiuQas3e0WfAe28YNyAV6xIv2tmsylinkI3P/4ubrkfltEOCdnRtHxo1PRSPJfaDvWJOyYquJmP9Gjq9aiibMTxm/MjfDfQAqzKokX5xLpSxRQI5KMSZr4h74hRmqjTB+88RVf0ib2aZfnZhXDOzpvaVbUIzP/5flkvR2SaeoTjsfUbwqSRDG5f/f7L777+ZqCm9jo3R3JEHEGFjRyRsRhasnB54z8jNlwZzsSGZqhzMXFa7eTg1bA9x6sRWfV5Ie1mlclw8ZYFHUtMdrwerWu3NIkA23J0DWqeayrRbxpIg2AG5tIk4VjLHPOUkgM1HylrS/OtSXLj58+Vr0qGg7eh3qUlqjEuip7ju+tV5JVye1a/YRRb8kmUSWQzWHJPKi8IE2wOzbeFhpO5XpDOZYtzDgJYXj7cjcpBMpyH3bOVEhwbIJP7FDr2zPJv17vzMgp1A0mVD6x9s2TB/tIzdEy+xUBOccdp1p6enrKsOBblzF65flrssp1gsRp9w1jmG+b9XHP2eo5AzExlixsj775gfywrBpxiJhmE+sRMCMAhyVs5oXljUZ9qok/nkzT0Wk4RIBcJ0e+SZJBxGyMizkaQbtT3dFIjqAK6JWsf3il3zPAxmBlI+kdCQGvOGs/JsufkuSS6PWzlcEakPxedmZFrJ+zGZ5cl1q6hkeP1nCGcqFfaTRLkU5wzBaT/rSjr3+nXTxOAtgrcXJ11Qc0DHv895mT4kKhaI70zUzY1EdHUq/CI7dhcYBRt+eE9BLBa8S/w+3RxTDkJV8onOf1yIamI0mw3Q13GvnBiGdFmM6oIvsplOms8jaM/YqcPKdt2xXtw1U70kGCAAuBGG4/zUOxPkq6ifKGpH3ma9yjn67FTlpowfp5YBAyBAaCnOKReFcQXyw4Gi0ZTGTuKdWK8ESqKPlubiQEH+jAq+8qYpVGjjWABPYE3Vb1aO2KdMd24bkFud2bprHXZIXPQalaZnPCo0aaCXVIx0M4MC7n+BsyzsdVuBkoCnWeEhJUMNbkXH4qXCQYHFsqmLjU2RD1lPhiMWJaTLucnZSMvMo5UGDhUBLVE7MAXD3evX7/8w1dfv398TLy9i1xIXKS70mD4KgINuKu5MUDJH15gADrv39MjbMsIRFZLjjAerzOLULSsMWmEclCbDcodGKrf/ixhrsNa+sdWkb5OOyi94OBq/3U9B8UrLN1U950ugHzxmJP3iHiN/GwlFlCuovaMebV+1huEqb9CeBPoCKjbqPpEKC0aR+laDsq4sIre1eOOQHsJtetW+R9NQFlOPif+lR1n6NnRhaAXTDElahPLnmTr+/pX8zk5kOEZgVDhXbQeoMdPdQtZwJD+A1sA+uYW+/8ITtJyYUiFoDVmH1BStmIc8pAYh0zlK4EctzKdnHcqgzCjLvBzapwmd3FEbYgRwSy6cQDL0p1WdydJxAY5MhYqmL9EYVStpL5Qnugan83NVQGnPXMjWsC5xFwiLNccHVI5nRVwo4NbjctOhniVSMwmsk/lIJvgE5GOrSLNlvR6ViGoFwHVW3OJ7qyIkGAKCqTNAtt5oi2dEwQx62mDrEcrFKaDis9uSeNYnipR4pNn+tKtyjqyqV77rMniOUo9AQoc4lRbsGNbjoL22VDAAbM81txXm9oAt92ZuGtYox7fyay6eCtNpiOjmsN4BvsjlkVspaDoTF3pOpHPN9UyJsaGxeuQsWioT8gGVROSlAi5IQE8WFR9FNeBzj2QtPPTT5X/95l78Fn0LkFW4ruQGMm2DrYtcM9XVYi71K0czwQIlbi6T+wAsspdrRUb6eINS7goUZGPlUcHFOybeEvFzJUo1oSPO3OzTsSvU1OL8K9P6EkFgkV1T20JZmWwa2iCYZwDSKI8nciI2F2L7gs1stkjrENalTDWt5usGWd9WW0BZKqd+1R2jAFAVHINq70UmWS2ieCpLyLVDxze27wHmkn21uPbAkAIeTswog+er4zIDlvsX3b4mkfnA7ihLrT+Kkh/hzDkPSt8sMnG4040sRPqo5t+yabfc7PjU+Je2r9L4MLnJ5aVPN7O0SpyEx5uIg5/qFeG1w/iyALW2Cvl4Fo4/eZ8ZHbA4/Vuz/Mu92ms3XYDXVe+/2H+oIC6Hj/M4HgztTd2SI/2uIKxHdqpJRYAbQod9WGFQB2u8/CMK/hs4jbqWcptqHgNLmF2yY3cdAtOnoVUbs46Hqf9eks0OXdj56jXwMzk0+VCvqCSnaq/cb/nZZBhgoeIE5cdXGyfNr94Rh2nRV0g0xxR87c2QRw8RT0AlrCS0jZC/RHytVugKSEZzzqSIeJ7IWMs+DJ+oolhNL7wyONrWI7MHSotYJCAxYnSw5jen8RJAwnROSkWzwKU3oELsMCJpUxE/HY7t/ji1ek/fPby919evn1KaIOTjPM/6wD5H4fhGtBKdj1teFJJZlPg18siM+/SbmsKLGEG29Pa37x7fFrXr795M97n1cuHP//z//DrX//Fi5cv0HhKIge9mYJXKh6dOJmBQwu0H2vR+AmKSdw/CFjMiAnXVzu0vpgpk8KVoiZHr44WkXlegCaTfBTTd5jCOBrcjSyKOijBnha9QaCyTuky14M39snJH1s8Pd3G8o7tMR4upL799vj09s03t+/vX716WM6p+LSicfUk+v1EoOs27cPjzZ05bQZzLB692M2BDEFdLk/eczuzv9jsOdgjg1iLHs+N+NFAPYe6RVzgcZnm5/mtHL9iniyFlfN1EbEnr2aFBtgRG7Zq+K5rCb1y3wj1HgeLRgdg/gOje/BKsuNKzmh6EANlq+jCd0Bld2DLA4d7++79l19+/bu/++0S2yevXoz08Ax9F12SPBd7JbLwBohkg8EyDC+lPyK0mkc2kb6YuHIXL8utplYBK2BmyY44Z0Wfh7KxyqxTME9O3dd8pNHcD5GD4nQE0ZVwN9UPTbF8/dlrc8hMatsffKte2Ss59X2R5/MVpIO/9j4Z9Kh/zw9gUUiPmx2IaaYnbjA23enEEY55YFPu3+l6obOjBoUEc4V4pCpKA0dl3fKJLJe7+9P5bcLDW7YI02kor8upfD4A1hf3A4tOQkkWI0qqcICmm1gSTjWh00KZHYRPORN+Ie09S6Ch/ouTAKSS90l6XKyrdDygq5qZwDUbDTNHv23xtGbwt14aQ8ezmuNCgqVe838yRY6TrCuAKTS6ZJsFtd4WDLU6nUQvoq7t4hwOlgUSrCRyAfXxnzg/B/pOxijMpFnk3IaY5TYewy39EUdT0sNHRdwpBWA1z8pzEi0s/2nBrK8Qbxq31pTLQAjVPpw18u/76ycJQCsWBNusk08ztRRCVLuyFDLMXm5dpqxsC2pP2EwU1NShN/Np8uX7iEQUSytkSKcXqQ9pOmdsOwZZWON2PGbED5OyyaYL7CVrjCGxsiUK00wBJrH3TSVBKw3LCoyVXyxikjLM4K0gn8Q1zewpX6653L6BAuwfenyj/9jzw9nVnH8EQtAAmyzrigHJoNIpMKYmhnlUMOMll4RT2Ql1Kp4XRt0L8iBE29UDx6NvohorCnP5Ktj0xdQ+JT0QOQmv3I534Pt/Q1Qgn566Ei4NL6gwxrtMTS+Ibq7ezOR8R41Nz8rZQHiMP6JKnMbPjf2xcWIj2GZJzSYiODNNZse4E5urWOGJwXKpjbC+0FyJsbO4ufP58vL169Pl7ta/B+M5LSABgcQMU/YkL2MFH/JEN0b2ZU/N6Gv0d8lizGV4e366bYzTIZvAXqeoSLgIp8qdN/awb8rvsAIB5dmmMVPaalpPdoR3dTxVSMhTDemEyfn0OtFaoQoBJaOigzifEME7sGh1vhp7BlVQ8nj+sHgvDMBctRPbW3OjHnP9pY4kNeuaTjlkGNhpgBo+L4qH8QxnzMkONtstlHOhG6GkVhSaV8I7E5RKNXNshYqrBSXgm8r9u54LokLdFUfAKXPd9lFuOj+9MBJUgEhaSYqVUyZC+eIqsQxuWkd2KNgf25/kaUkj4ESTslrXb8LQm9Q0G2NV7kXmDrQ8LKCdFhPDMgE4ovaIO9UmqW5Sr2XSNFRxkrHK+vIKJ5m+BAViCnSRw4hWrIXyHzxymmouI7owBCKmqNRA8PxuTioXt/2MkoPrOY2iKUxigU1qvROzcCbbpzouuYWDGSAB3gwpMR4zCwlUvGDvSG/VZAEymj65z1IEURTU+yx2YItrOLsR9QaEibHI6qWhY0BTNFcdaHL+Su6t2w2UMT7kMLK+8IubEYNthB5ZvdKoI16hKHymdeYCw2dCbA10rZKwnC6BeGV5YispJM4klBhP3qKU75h8SPYEGxpL0fvxzhHMsxQErY4cae1STCrfzbPPXBzH29j1S7/eCi6np6TLU5nER4uHxQAAEABJREFU/PA+E8AS6lLQWKfuuYwD1pbFGRcWzzJYk2erQxVi9oOAo2PgLhF2rwxH0jE5P+ykUYQMq9QYtQiUmlmX2pdS5BolYUrwMZwpw2nlcAMyJxHSX2pVsiXtTnwABVe6QlScJ83Li19e8b30E7zKrjxelMOiQxH2CQFKK2F9Q6dJDZ6R4bGYulC0WEZcLKZ9td3e8nO8rtcObkLXbodA0w5gJn8akz3NKnUxH30PMpWQlvHhITS1hYWVQu/8zaYPMj9CHc/IeGqRddv96AxdClEJud56jfvRC8535oPbR23XFeun/vzlhxtSSBn7g95fGfXHOP5lf5sfvN3xwTx/DhWtKTKvFwgUkKnzMsAhkl3XGYsD1r4HiXXsrLCHVhsoJtJ3WNS6ilov3XEowJ2uRZ9pyjUamhD6ioFQTP/5RKHPsTb4BOO4S2dMwYGrwUakbepZEOFkaVGGxOeKAcM9OQudPgVhdu+ovCCOS2XzsaDxe6nBKShKQd9pvZlCNQvbYuYvOQGiuLY8aNWjpyQsJgFTGyMUKqLoCsqeTcfr1JxnVw0A6CjQanwn5zfmL7LBJ0OQ3HXbdlpur8/+i48efvWzj57+8GZ7krwJSoGYJfj4eEqlU18hippqIXxiUcth8x89zDRA2fm33GJ9u729vn/nYOwt59Mvv/j5//CXf/n5Z5+9eLjLaQWJ16zoJVlCiPlS1Be+awUFWjS3Os2xH4RnUCcPqB/2V0HW+6lUy0Nz/5Ed2noUklkdJnvWJFsr4izzZD5MbXhsBKVqmMldySfErAnUYGLmDZrhWSoI7GHwMQcG/Y9f/v6Ln3/28Scfne/u6F7BfvEqeOyChyyJ77vXfvgVUTunYnjZqDqGPyhxWQW5tazHiOzHPmJf6A/Og34W+2OZf6rA4fAG8fwtZ7xS6YOsx4w69lTkGIDNz/NJufZS/5AXst0Z8XddrV8s3Nr8nA9uwksGxHY/kf9WEyrvqx47Rcnevn37r7//w29/+7uv//Dl559+3KTF3onBxjbvh/5fIXDujTy2wCJornzZl7lijVCW0rXbkcvMZL/Iwk4ykCOj2zMYxYW7g406Y88f38HulNYzo6j5eKZ7lghgRc0V58OPlNtRUY2GvqMbWBFLVMjthyXXFxMkm++NnzUMAHDgCV6qUdPvV30O8dIcAVUWpE0KV3VdnYCnuih6Vk+xny9Jghr/pOWGtB1s6gpZD834OF8WGns80tmxBpobqooN+mkdmYubMLjL5UzSU2NXbScM4afKT3kExos3VUmdckfjdwb8nPLQ3Qf6/MiwGkCuo4+miWAnL0KOJcYA2YkdZF7nAKSFZEBDNmRRATSt9bqJo9LOi9IEcNK7Fdm+pstT0Z580U2VY5xGyA1QIBUPeJUGFEAiqlixZxRC0QhfB05ZY1NImXOJOlIleuHgFjU6/Sl9/TQB6Oq1JXGR1YmI6V0oCMsvgG1WQbTPJCVYQEZLbu6EDgAgZTF33k5+hohCIZ7xqSCJGTQw7LJKVFsTZMIMsUEvwkQnYzCFH+Q8a/IYauCntQoB8qAxEVsolKA7o5lTRNDEjUbD7uITKF4WaW5WXlRBXEGFinOqEOiltBac4yUlHNodY8C6Q6Y65jR5qJtZ29a4ZeEqqNpcHqRiXKuIu7ODQhX1rFS1cqCh6K6l1F1vTYzUJnJuir4t08STwt4lfpIdKMueH/JUN5ulAGloQswAhiOisZ0eTXB5k80LLucKEWAv/J5QhdlM3Sozb4dI3eYt2L7gXuG2MURq1e2BdSHbzdNOk3bswgWMwJ/ZngmhaRpUNOeAF6M6Co5AUGDQ+smI/+U/I0yAggBSlMh+kq2dH0dR8pYfw3FagDSg8i8jmxd7Qvp+SnGqbFQZcfu72BZ7urT20YvLw+W80qKmL8yyJ7yRUxE5RZ03KhluxCmjl7lXfbnC+9p/c5d4zS3TksWeIMs5S7+RmALhZYre8m13L20En1rRnOEZm+ZRLsUJZLFEgTxfE5NZEHxHzrtEBQKUzqi54TN+ZBB/oiZMXjPQeQFNcIw5W/gEymcDaVCmoaUgKm0Hhv0StaFUxaJoKNTHOS0SN6J0D+a0hR3SMKmgCI3LQmt2YYmNMDy+GIwbCf6mCtyqEhEFRukgcTYYeytVn9RQnVlJm+RjXS5KqeirrdTIyIHNB7MI1nTiiEtROc/0+mWvyrRkDgvF5PTO4ImnFod43rBvOEKZm2uYBmFCnxI+fKMpzTIpWRU4au2cZy0YAMVEuVjUqIbVZJaZ6hTCqBo0mebksuBrhZn1HMck0bv5oQZKNxRqFubtnVEcnnvKt6yicUEfAvFhKpZl2/XaqT+0SctGzHQ0gXGSoqol4+RxK9q81Kh2G9KSdUn5gHLyh8DLaoH0neUE2h3MJ4fljX2cbdUmTizvWw4w12yVIrBRdL2DtrGM65dfBBEjD12ToRbP2F3SBzqXOiNyeAvVasg2p7vc+MvlZXOezW29MZcTTw2Nn7gpje2mWTgtUh4nRTuUIOQvIPjeAF1yQziNEkSgoXa5JPIKtRKp82sP8Q+FKWBaUqMJEjO+ACIl7AVt5TtRi3wTLyeoiB1anCRRc6oCqsdJTMMOaAHdkkWAtu8YYl7X0qb5SGvAPIbagVqacM1ZYQjVMMm7VIO4UIQAxprs8BQ72AsjU1nOVcMIBTiTiwXwdDUG8Cj4qZXDKRBeWhmBGgpMipNbXesq088KfMQEWypNJJxV9pGlz16JLoKcqA9VWMh3FpTAe+rq9XEoAMQcxaNLmMbXKpoaH7/oBrtGcfCnledP8GH/owuOb+Ta2L6iXsah7FjMbRU+mc6ClGz3cIedRHyT9yQKRasHOPdE7OFeLYW72wF3iflCq3ecC1XrtWPNYROcmM9KSMkRpFZ4tK9+7P/Z/+j7J9sBJpnohxcvRI+Sf2kfvlX0w+WY3qsQZCsMuAK1iY8c0AG5vQoh9AHH1pC6Vbdn98m7qDTDJpbAZzI/ad402IVi+OdQuxzRBNFwVGfGSacO/rBpUJlcmA2ntj7iffi/gfPBGuChc0LU6dQrmjZm7JwimEB20pebqS5aI0usfCISinmc5tdGZrV50d0Y+MF0gEfWU5jIKqHCKUDTGwxmLb7Ku0QY2c+3coTGJqXBLh36Dj4EY6EehashbZCxZzz89DhWDKbJFnIAt2I9+tQKznEL/uru/OvPPv7qzbsERTftBXiT1Ai4Xh8f7u+HW+ixAgVFSDPPHIv8EHjMUYypYGdgEAKxyxEmN0On0WV46e39m6/+39d334/vJELe15HDZZ38ctmKoVIJWcYYG5JNWoYu7iahqlbJKngAzwm8LgNd4doBzCr7ZFOjpvbv9Dh7XwV/ATS8TjBf3AokqMDw8zUp4mdiUOdzzFCgBbteMnrtMbd61iNuUDfPmJNp0ngst6enu/u7+/v7h/uH/+O//ubp++/WAdV/8fMGDDqgFGPZSZ+5npT0WjB/95h1v92WHZaDEVctRtmag+k7Yqp7mILvIeiKffmmcQz7wZcQ+EIxFebO9yrf5L7T1w5P7PiWM9+ImTWG+ltlIHbPoxZrZkCdoBprULtlmnalYt7yEKGI/3CFZU2Lqxc+a3JcRJ+Lij+clKrrZTicUCTbnp4e//CHL//u//jtP/7DP95f7i7n0/0ddICJxzCVVpJHQFZGhH/G8IoT1QdV9GXYA4yQ10ymDEe8q7mKhTgZWVDTmmg3YDxsNkv1Cop44DhwZrqn8MMjZ56BNwHQUt/kdmKAVIdTi7y3BkxXSLC1PAsaQykRRjKWpK59B/UJykPfsjrYKu6S9dZGEqA6f3nOiM74jd5j/OV85p8RaOEhMI3IZ5g9Mxdw4waqq0nisADbKEdezsvdJUUiOhhZDPlHPnCXAtEneVt2VEelMDQP2NUL+/3wvJVD4N4uSXhvVTm3fDwAPE5gcHB5HNhXuXLyAbzPUT2pEd8fWtzdnS55LUSXqYUREluC7/AM6WtwiJMboXccX6lt2YQmGI1Kfq6ymRmbE9FGKzLGnlWxBT5dGUqHQKmlznXFYsxlM8JM9SxOHsS+5B+tF60GhkFd4IyfCRySU7ScKYdF2cDuzz3wv/uvn+YQwsKgveg1jVmlie5nxwjSJZphYhuuUUlJWl5OaUXi3AAEEVOhnSBOpsoHNvBmXqFbThg8uIOqoDGKbSVo0UMUPZO9r57i7GFboGAK38IIL/LowfSkXOW2oYCzKDRL6fY8q4hObUoGpmD8+e7Ev7sCLKuwu0KfvJB1ZU+0AQ1jd+1IRlNsjqIdapWrZCCPd4o6qTOOhhLQR86oGyGdURV/RIG323RxPdZa90NYlOOz1nILMm6iCnI+meJXdYap9x7jpjYaHAr14LEVaVNxAOnUxob4hY80W8IHgmOVgaA9RByK2hUjQ6ZSHepgVuIPylsAUEsZBWDZ7Cps8iXaioU9zFWiqPZiKhoCa2PWqhKBIhl8znh8CSjhHs5OnAKigV3Dc/Ep0OwU2y9ReQmbUDfDaHIZtTmB9ozyr08958/2b96tf/+7f/7d7//41XfvL3cPIzhmVIVGqBzbOn4xh4iZRDRzGd8RSXIwOTLAfLi7/PJ8+Yu7F+P3btutrdfcOtfUBIscepDP8oZAdFxXyQqypaoQ1+pQpxdpNidFuMScFU3JT9pM+Sq1Y49PBTfOkI8Zd6MvOknaUC+jSkwT+9UgIBBsII/OmoSyrrb4bLEZD+76VNGv59w0fDboHX2m2xQVQfSWCRVFxJUY0ACwMmQ1sGhJBkqefRzPPjM0DBTkHeeGyUEuxjrQVqhB/nxRLsb7DyJtNFMnUg5TMmOcREJH0LgypAQrkWaTBFdKBauY27kYGxkSPFuSqgdrM/S4mJU51YSdHW9VqMoCeoLRCD9y4tCtV1Ql9JXvngKWyGzgdWG1IT7BdlEjbFp63Qt2Rw6CvEsThIaojlpLqDH/ENZzj7kkdMIqsuyl4YaDScZFBtQncR45lIjCMDIJeri8boduLJ0CmLmEkCbhtDYYfovGbNMDI9sIdcGFgBC0kSiygQIkKOg5IVA5hgMCS48wVuVytlJ5w9NK9TaOn2LmDsjAqIiAYUC92TQDAjppeLOzG9Aqt5qAWuQxQA6phDycTrvlEKg03UmGjWzuc0CVziFRGCldUSUGPp0WuE4OxlONwl1SDyPwFT96WaLQG2yULUkOWHcoYyQYSRvBuA74+1lJL/oGOGywIX7dONYmZzyFhr9ilxX9H5nHuDCmKJ2PW6kHooWNpFJQ+G+xieWzUGT+BKnfsMp0SNEKNpIM80Z/vnd5GIXSI3VR6Nep6bDQJ+D2WbYQKU3mzGsnJ3o7gCTI+EGL3NvagZ1zSuK9CX3MEs9ILNZrCs1TG2jrwKvPkggUZbmFtgHKhwHNruwoPJ2xO2sc6yllxJ1aFrVsuZBQcleltk/KxxyXxzOddz4tOrQH9SVtEbFsVmZkuDmYOlcAABAASURBVOVGtXTjvOCxXZIvb52IuqxP7i5CZl3mFFknnCTeqk2n2RVZZeO8RfW6PuPowAqqIWtEPglXEcHipbI93jU3GJVflLGheeSh82X7QZ/AQm/RdghhpodM8/idCEnD70VQ/ojFRtWDorBQuCRY3SjEBDWqaLM6VOMKd1S6DJvAh7oYE2YXh0Sm+NIsy1kl0D+e6nyIwKhOzN8S0uM2scVackaM3YsmPS+lDsqPfhxPJlbZP/jkikAFnx2+L8CmPsJid5If/vrsq1B8xgLqQR3VqsLh7s8+7vCAdak7Uzq8INVCWLg0819lHubv6pP0V3JdqIA8wi4MwoO0Eb6/AudJa4Sw/pyiFRn6j4B2ZesScAg0yqTLgPWDBTPPKA5lPzjWFD5e4WZSDjTe+7ZelnaPFjS2uLF6lBOoDH1w+2PVnuxV12RsZF40LmPJpC+Xk6vE3KA6NDZ4OvSMVlYd5QUkHM7EzQkZWW2FHcsR1xuryGMxRh6jkRGARpOxnXWyhZn8el3LIvmA7MHUO+EmINcVSnzwDMfirk8pJJq3dHe2l5f2ZmlPAMfHh6PfMCPF9ek64Jb7c4oHfP/0xGOhLbKh0olcafztdn283QhBcOJ1XJq9vL+8ePny44e7z15cPr6/vP/D777+py9+8fmn5/uH8biSRCfKOQ8f95ISRoJTbFMVjKiGAS75lO+bJ7qOvHaYtWf7fSr8MiGKgjLLdCke7zs2y/PMSj/F6H0Jyt+nb3GBo8NQB5gmmN8A5+EnV9i2QR5qvNHT9XHUS3B1Of2VcfmGiclZQL47vf749euPP/rj7//lzTdffv3ll3/2579+8frV5f4+9WRymwbRNXEctQvNlwm+ycjwR66zhodttNQhy79XsmQqbEJdeqOARlbrM9kjA4nhopIFI6LWlTjEXF51tPkzS6kHyLxQNYzKgGjje5+5cFTET3N+DGWxAcsGYXZVdVugtxJv4LUFqnPPZsgqBk3sr7IKPY4OS8283cQy4yoE9DS5K3C8WwoB91EdG38/Q093/Mq7d9//1//97//ut7/7+quvh0X69ONXH41jkBF12iWrjg8oYDkb+xyjZDqoFwP0pHQb+6z4GHkTW6alrkiwa7AUiWLYabn/0AOnh88T1P2QCMgdE3QMBqV6pjYF6mNmBF2KpmJgkVxMn5pcruBGKd9N4BjGwbwwTv7CplFVXqzzbROtMI6HD9tu4QbjEA8ht6Xhhr2aBp4Hnj5OIYBqIHOEBprOO2lL6UbWNc8CoAdelZP+nPFhSthjovsGtCPPejsPK3U/fu+JmXde4Il44OuHF0kEzFxMVfWc0H02/p0CRWQNwU6mDT/xqCRAZRQAZ864KHyD0FPWUTCDsI6UyqAdkh7pHuJp7bfqrnjx4v6j1zn8j2Kvi9DhvKyt2VqySQvv2BWUYoYqh5I7fxhsMoLBzFa/u3NiRIlgFWmtpteMIDlntUO9Hs7FVvAq2ffDCi7UBehk0D4YRmNIVr8CCWbRvuNoODyi23PDn7I4kMy0EYfbIZLb4kejsn+3Xz9JANrYUJAbwMU7o+gLEqeYeNOMYI0Z3xa9UgG6acFwwxdt3k8e8k3SKwT64MpGhT6u6sBFjMp4gmxLY9ewGLhmlNk1L3g1ZuAPpdTWON/HCWc2yk1mvJPhcYOe5qZ5bBwdlBcAKMDY783BW/wIHAyZLHz4zJam6QOt9zzPQ+N5xk3gqJkaRbMTDUU4onhBKVWEH2LOwUDIEI4FSaOKCaZV4id9mvGrdJCJ1MSsqYpKQYvNlGrPcCqDdZGpPSrhq46WjNy9GlvAveoVpHGwkBhqV47eLkoTaMR5h1tXRJDJeQoEEVwTWZd6aIRx5BvxFJUsWcHNrEYG0wleFqqp5Kh3mxRoZvDzj7miXHBTepMgEOOlHZ0Xa4K+k9sWcxixwej9kLNVlbQat5XPpo7S0zVu1/728fqPf/z6n/7w9Vdv3n33/rZck/dvRWALyCdZug1cMWVgcoaAaOIDxH9xbq/v7j9//fJXn71+/XAZTuv9u6etM3NzwmFN1+T6l05fIweNMRK8LJ8vjgEiEkXYfWby2n3qtGeBRxMjYdHD1SUjLVGAIOy5KjmEI3jtRXeqlNJ7paHS/5iPwVgnlbIN/h5ejWBIcxYUX9gl6sgeNxUthYAK/GAV1EXAxElts41AviajSwRiLRRbBjPfJgalKh0u9nh2krPsz41hJZ0bKNEIWQOVbiW3CMqSydDZ1DaxSYMNW32VyUr3n1uSqXWExDlsZj+K+bmxqKdvXkEcsURNjjJBwOjbQlygI9UQTqKGDXWiiqczb5YAOQQdMm1DVMFEgsRZBwM3B9BTJ2wr3qwwczJlkEtzZ3eadjw7NkkRkkmWkxWnwq0qERhVyBS7FZiDK8q/Qka2sb25ECUZBVLJ5+5Cr/SkaWEkNDvlYMFPsmAkPWyMwBBsC3JGdS1DbcErrPNHjnwRV4zblG2Q5dI2rhWSXCcgi1F76szmh2fYJ0I8CySyshmbgjKxolwhX8QPB/xBS55hLCnIqbjZNpaYME/QYfr4cSO0O6ekJqS6u5gCIZZ078yI5qMzzrmVbBuyfIXsrWZcTrif5o92RovtGCnr5xAu5JRFtvJ72W9urrILWFnY2BmLljEw5fFRuICXFe3S+JJFQvCeG7xxiCzKERVg5O+im3QyRaMaIVkvcVnB8hpm6krZ1pnMIBpYdlxyU2iM4Z8sXiHGnhO91HoJh9sj9jx3POzqTw/sDVrKTPkWyDoah+4Jt2Up0BDRO65EZBdD1C71jukdTEBkJ8qOS1PLqhVMqUUFTlSiipxPq2OVW2eFTDasEtxZFHVWGyYKaSr/m45Kc4OVzssIY+OIWGQ6qQgnJnG1AJe20/zJFNbJpstoyvS8zrI8BeyKK7c1weTThJTd90Ludi82EU33GdQoQuhTDnsPRuEKqYeA7zOLdsHfvqMwEyblx9lur+rnNiMNhEczgjGfa2E/xJmffe1wxcRu8KthR1KhtUJkXeujnejzFXVG/PjW8+rqIj+4ngmp7Ijwh9frBcf9yI34/PioU6o9U9ruO3hN46z2ZJuXGR++6b7GZTqsIpkPIIZpUMpHclv6/q44n5g3+DT+n1Dmebl5e8qhTGsXLCVPsqAkpgZgT/+VBxVVlRXRdeLOGDQK6gZDdITsWZ7SiKVspLm7EybSU2B6vVuXNgLBUWw58cZ3y7pvEOxX/JOtOQPzvV3X2/X2dMXoqBw4nEOfOHIW25zaerBL6f2aZgN2Wt4sSd0wv7o11UCNcBjCZnYjEvY0y2mHyD4o7leKU8RAHU3uC1MVwlit9h3r8itIRVm2fbqebtdfvrxcon/9tH6b147a47gVkB5GfDSQh2FsrusVUXOInhyiRzA3A//j9HCyF+fTy7vl9d3po4e7Vy/vHx4ur148fPRqgKuf/OJXv/6zv/iLu5cfebuc9EsyQlZAIK2CPCDLfod96jrT8vUyOj59tnanDsAzLqztaS3/EHVuJuMu6iAoS1DGEwq0GZn26gSqM1FQNiY9MlZbTHEV8a4BF42A5G6U+DDlTLPGDcW28+XufH+XDMHz+ZOPXsfjd2/fvPnnf/iHP/7+jy9evf78iy8+/+LnLz55hQG5pBEtIDZWe+8UKED0UV6ZN1NjLXcNu2aFAMrJ98koZLAoA8gFV2JnOavNqrzZbyuTCXYnWZ2IHfVVpmXTAAdlfCBJbBVBKh8sQUiORlESUm5ND88PrSV1Sbh1tygQi5oCej1tBEavpBFudCtLRnoZl9HtxLxd22t1/BTG1pHE/xRExwZgE1J6dJXnCSlYP+cQ+m19evrq2+//9V+//N3v/vWPX/3L49O7Eet98uL1Zx8/vEih4JEnZiGBU5drfzYWVTjb6IRIBKO1a86wWta42kiLeD7EH+L+ZZIRZLxGRdhK/nU8gjQFV3s21l+kNiv8XQCOyKhYGspdakRHJ3de9dPuauZm6ELiagZREvqSHhkvgQynerbGzYMQKGrcFE8e8m3RifMPThyeDxw7kkHQIS59FgD0yu4ZmfCds8yzMS/zdkCfceWjbvdENGkcwDuGOipQnu/u756enm6jNp+kjg3QSAof392nCACkVgCGFOfLJLQZRmwHfYYD0102ZpooiJ7aMPLjDOXiDHz1Tm3riPa6JVm7JYt+jdu4bSQ3ONbphhBkxjl8FCKHT3x4cfdwf2ZpSCkoBOgGYpMW6HKm6GK+uaJBKEDLF7GTfeHTJssTiRZLfsYDz4UysGtyMvgpTpjR2zUaxpSyjDqrtAeLF0/id6bwvSjMticRuOfOcQU+5TFbLwlPos93dxfoTGNWeR84TP7lm8eb/Sl9/SQB6IdXr65vvxdlxMXqJxE0SO3idlcUnz/ohbsgZTNjpkl2X25hmIDckZvAXvqJavUM6SVrHo5sOqpPTdQmL0kDmvAmfYz84VYwqCwjJ/80zRCbbEEBTqEegXZGBk7wi3IV+Y1zE8JmODh0x+ysK9qLz/icPX1mTMCWGhMlmaGJbrVFkWaFMhupjt42WEkA0Ju6EgTeqiQFOknaVFrmjsY39k8zmDPeWjBTVkykNIbJZa94AdUATwCZso+FChmLpYqiCupRaBE+k8eSsNPbd3Q1ymqYET5jvXGbAsRGmpt0R/m8KkJwBbY0RKxecGkrIVG8HFr2puxBS+uTb2V+yKXAW2EuR9pfq4t3rZb2J3KPbU/IrUKhSkirbEuwJSDpvzHVerr19++f3j9d37x7/PLrN28fR95AxBKizM5MJ98hEwKjVEFo5tZ5uIBEcEZU8XB/+vj+8unD6eevXnzx8YvXL++z07PHKIzzBDDmA62bYY9CZpP/b6zUKPmivgwgQywdN6lVxNIY2mqbMsRj+bTiyGrlp5KJtM3aATfc030BLP3oz4+hnsaGxyHh9NqcnZ04G6NLPn/G58iIgny3KnHzeS+8RqpGOJu6uAmqrNDKZepwyoiU4kojaNNcHa8VgMCPZWe/pCO80LNSuYDyCcnKTdG3Mm6rHsUgCid/Cja3HPEM1ewYBGv5ZhRIoDl65UZ6ylGAIrc4q8OQp0BD00oEOhfEaDKgSUatHkVJzuFqACK9mg7nGcZ2BZycJRGrDji1AxRPkRN/cDQaRatRSqi4U+G4QlBW5LEUVCfnuNHac2zhM9pnZ2TXVLFz4b9sCtkYggooojFtJTbTAALwYoNPF288bjKWXMuFm8YWlZpc8wU65TYqFUQsa8IzmFyhmcM5lLWwQlzXCjPORi92c+tphSLEXK1TouH5ixAEaDHFu2coj/lIC5CF6Iqpo2QyJtOz8LE4g/DPERvwLI3t3HXM4rCtqOG0W2xub8OqmGinLSqHcYnxdNEDJn7FZ2gSQwBH+rwjPi5MMm9tCzGNwbal88avQ1oKvSi0MwUB2AG+MtcH+cLSAMtfXkNj8x2WpHj5Ehpmk++yVGKEYpUkEbjY5sVMAAAQAElEQVSr847YY809w2PXa5WxsQvMm8y4dAFZ4S26vd6tNiHdVTDha60ru1adGRR37LK9FaQwZouJQRf+0bFpXO6scp9Du0b0AgJQuul9kpX1jOvBshVRHxIhaR6z4lXLf+V1d7ltU5cM/5dMuwlUVWKP1SoQU35FtqqCLDnd8qNRaGHM5F3FoQNLefKcy10TmbCCHWxHkny3+NrAlS8HEns7wq2y06ZAqWQiCobQmzIEqMDNDrFCJdkTPNgv0fZZcfMb8zp9oit7rPL897kH62Lsuf88LOoer5lOij6uwjk73hJfz62yX+nRtRRLYr+uHa6tF1Z4YwJ57MNb378Zx//GvHBdUq09HeCmhlodttqqheT94HN+9GOnvbADaLSHH14f4LEnGnjCIstQIp8CO1jEPgP+DO4Tpz1Zz1pTjk016CDkHYAsHQQykcV0+mcAT1lcNqNo5my5kNQVG0hOCKsSdtrQJsXi99KW+RBDYidRIB/vGeuTGPTAFRKAvj49pbJvNlptAybebpsUG8Yl3lgZ7WwPC7Aas68bU0MYP/NmTMXBXluVuZYTteEGoZgHSrzIOTYW2LdsVNFXev0mhR5tfITMqSk2sND1abXr9d63L17dv74sP7uu3z719+v6PgU80qreCFKuicVf2DrlahQYpdRL03zoUfkbUe/9ebm/tNd3548eLq9f3L9+9fLlyxeX+8v54eXDq08++dkvPv/ln3/8+Z/dv/7YTydOIFRTRkhcvogFVvljid+FYmFuGCYmMqJ8onY0Kvuh2U9mnSc8+bnHbdJm5+6OKGx0eiwjPkaUrbN1XDaTWRyYXfI4fIbQY2iMrvlbEn4L9STRiOfSLZB7ynr2ixf38fr1st3evPn+3Zvv3n739v33b7//9puXn3706uNXL1+9uL9/GCjZQClBOkIIpfm2ztrIlJGKaY88pp326JX/aWU6YWWd2CrAWWHysgzsJZDxjZDMnU9bxI/TEDa2VplNm2nPIp34YZJbuZAOmUVlGbGbFs1L1r6A1WDAWhY1xLyeNn6PBuTJ+4xhaBZcI6roW9UoVqadOC2wk7oWMGlE1kKvWb89rY/v37397s333715//j03bdvv/n6zTffftfa9tlHL8cR+Pjly9f3pxd35wEXXs6nEYDmqCDu4QJEbHew7VTz8ZpL3cKWNusBQf67C4Ytpp/ppmuf8hm6zXjdwqofa86UcuXkPESqltjhOZQL4Hr5PEK0AXjrLIz1bZGmW0ynz92EuKIrWWglx3x86swc0aFSRxyhqFLm6UCiDnf9Syk+A0+vX537R0RuBkq9+kE1kR3kDzZuO3DwYQWXkXTnLNocJ1gxSzudOfnjRDQ/29jbqJstpwu+F8HjFyqpuFdjPTNGmk6GUNSPDpSl4HC2HD4anXkTQ7+uRpp86LdtGa7stiWpMQsWifmcEmEbt5L99smTvJzbgJ+TBpdJECfH9pIXOBlZpsoOPEVBgwQeQ29bq1zA6Xky4IOE4CxQQGh39rgpxfGULU2O+LaZmj3MilBG/gKPlOpKjQTGk9o0lDtylg8u9sSJC3m1HMqi+ug4MNDgLi0E7Ble2tou9qf09ZMEoP/DX/7Vf/3r/xKsQ5RVpkegkGxnsiEoKb8SQkUS6qahVeDnqZWN7ihyFwcbYYvmYhUAYCYbh2iUUWyhWr4MRIGVpBK1yo1MopZB0BMzhsOIxCm3ieK+KOHldXJuhYprCAxcP0+oK0nHgkwXyBJGUbGLcIG3PJVeasIR+bTV0bmB619kShm2DewkpLtbIZ6NC9DR5uGaY6pkDo4PDftBrCB/cZTDB3CtXIrMYWDuVBShSd06iYlqJ4ly0kk8YJAK/esg7cyZtogjkcuLk28VeNKpWTFb4beTBj0uJt8kV8eN0y4QnspZwSsG2o4BLjHAUk7i8oQFg5rGT/FTK0UE5l7a31H5DHfpwrlzdggRBb00cDeYMC/yOPsayCNbPQX+uZfiJKsWm5qQY62xWhj/gWZOzCR7lzzlx3ePT98PEPrpNiLp+8spW59tobADXEuGNQv0t5CCb2n3L6eHEVSPAum5PVxOA3B+dX9+eW4fXS4fv7yMsPvFixeph+CHeKC6MqcrV+TEgEyDeYFbIS7nIvFYcNOrzovVwNQy7Z7FMO3XF5uAlWuiS0NpXd57+mmFP3vvLXvf9pRVyW9TyKrwX0EFI43MgbJ58NYlVcE4TfQQyhTwLXn9i+KqVjYkg25weVVi2nPd0lXOn/SZXsD/O3YMShhSFm4Frhf0wwAm6AB5iKQGIC1F5rok03VpanFH5dttvloVUAiFB7xjl/usKNxdKUZsMjA0ZKQBmDHpA7zeOMlc+SBiIHSJJcCXAPTCZhJH+x64otAUwmQ65WA1iVFNiVvkPKZMtueYdfxgRE+Q4OXzY0lb+F2Yhp0Z8Gdty1DhnDBVwfHqUqiotCuTVyWoswHf2xS+R5zvlTZQxislNSvrgJbYAh2yZjOORRTioVyOOlGNw97OmNpXiWdXmY56HODFbl2trmwkIx6vPofKLWyi3pknrFuO/VmvCQ1CSybhWAX7rawvTiJHz4ONLkgRxjRP/3lhl2MWPu/uEKouvfR5SdqADluCzFYAV+P8DhB94wD4NEoth4LOmglD6Llsr1pBveYDMM1u0KQzVlQRWzt1jZaigiClZgSolZGCn/ZKHtgNeyg7Izc69D2BMS2dLknJn+o3esroUMh72nhWlqVKi4I4T5AOzsJtS1d3SqoFb7iQUCTnWxZNtpmthvDJfAuN3mY6f7tp3Txxf34/qeUruqOrfC7Y2rV+BRxw7TH1phWrF8pOI59orukQdGiYSVGEkTINldsiEnblFFb97HzUi4kdT+cqpCTUVaZM0cuuUdKuNUZj2M2iMCZcnoBam8gKwfUdgPaquDVcvOhsvdIy6ag1HvmJWpbjpe+0aelxZQSBFCqiAsRGKK9hmrOAKT/CdH9iuLEfasYhLpNcDt18ohVRPpGXsO+JOhsHuEKYh2qN7B2qB2wToNXvyEGZ+NRk1vv0aPIzsj/agPYBsFrEiopJosjzyoZ9xzvmG4fNPR323Itqp9fdxPMXloE8/H9/UocfH1Z+vue+Tvv3Dl8fQAlmhS5EoZeFNhReMT/OFXCUU641q4/wDxfreCPaamVN7LDqO7zhRNjnXqw7dIZtqVY//j8VXvI7T9fxC5dhdUe6fbXr9pTjPKwNG4zjtaWRusE8A95ZABw4bOKw9ArElDwsHPkHyegkk21CpANtwCd2zARoH4wsq2dHyxH1mF3K0uxoMQnhrbyKZDLnbS6phKzhpimTDKpN+rNxuVdYLMLrndEGn38/HJI+DWatkaLZLTSWBbGYTBjGPMByKiIi9UyuNH8/hfITeh4Ax9Ntu96GV3t5t7y4Xz6Ky88Sec/Lensd0PR4oY11v27jn+wzyjgkJwH9/9n7G3DNqupMFJ1zrfV93961i+JHrQg30pJY95CnoeVJGfVKNdy2At2S0NeijTZGjpLQkUhHYrg2x0cPx9TVazi2MZiDXXpV4iFaMeFSOU2CtyVlt94y1xgrD8TK03SKVoKKWihKQf3s/X1rzTvH+44x19q7fvjRrQLjFWHvb3/rb645xxzjHX9Zf4tZcK5tRmuzGjwS9TPvjfOjOmvFk7nxeJL/Nx7NzY/n104WThgtzNfz+d+nnPiM9etOecbcmnV1M0dlRFUms45YXIJLgUvYrCazfdJwsQfd8oxxXTbdTacZrBFTcgu7pbO+EJZ8M5W6KvD7jGNtmjDBDSCQh5VJMmNkEu8EUa7tbEnmMMc9IMN9NluaYdxJS9E6TFEp7jwdx2Op5jo/P1d16+Ync4uH2+/t3//w9x783oPfrsZzJz3j5FOeefJJJ504vyaz+gv1aCzhV0KayX9Ysy7UtLWp8kG1iDpj+KikkRkUQgMkFUHXWcRoEcqRcamBAfhQInWBY9rBgaMtZFLSQnSJbFGyXDl9k2jsnoJZsnHwJ+V28R9tPtXHaPPnqEU9Y6lPrLtJtPHl10IVtXOPiSnev2YIBy29TQ92ywy7pBVdUlKKAWkSIKDFfRzTVLT5pHmv6Ik1FUf9dGl6ePrwwwcf+M53v/nAt/c98MB0aVFqzkyanzh5vG7dSQtz83kVZAuxQQnHkVT0qiO6fpC5CxpPDGW6qWOJhOuNIa2jZcWl8DwafxNZ+8dsZNt6GHNig6YCPgycB50SzYxkokALJeSZhLhqHox3IFHN5D5K8I5halpBVWPD1RDL82HGVtzJlmivCug+0sfc6ZzUfmRqnnZtiEUD1Wha66eqy5Qms6pB2DLMyq5McCIqRqIG1Sas0GdZigoFsfu6rrYqK9pUJi+d7NaRmMayZsCnIDsu2/Jd1rRYHEXXrtaRM7FEZQJpIJQU4iBNStyOUGqPLht4BPGM0OtBNMnOkQeiBunb0ScplnQyW0coY2i5TZJAYAndEZfVqOIuzNHWxFioay2TeimtJJBmjGRa2alaNhmUvzDJnbNd6GfuFaxOpFofN+cq2EiinZgxWzXpGVbYsBIHylyhCGCNma+SBp2baBRpwFFlxAAWZdBpJItB+vrAGUBOgQucr3btM08NTyc8KQnol/78Bff83d+anGdEcjINHbLG/IlF1Sl9m6gqgRVQa0E1GBRuyMZ1bXRLtEo3qA/JOKOA4OMqFQogFu9cF9TxIshiC3n3NRdCi+Sx/NWsOba6D6BoYGB6SqwGta6k1psGy3ToD6bBM7Z9yj1XvdxTB6NIHbIDvC0zHOif4Zlt5wv9UHSoBwwpMAXv05U4XNrndAoxPrcyMpr2SqJE56YsmpZ0puhY5pSZF1BcIcXJmMYuaAEklarcG1Pd24E4NUnnyjasqJuX1lbAiYXjENZ1xjNVWq8jkD0KFg3NSdCVBHPanpHFVjW1ntt2KgmkUQPfi9IX0dkp2c5qJEbFuGzVjTGNmDFNfbrSdpaYlFrCi1KpVi2cUh7WOeNqKaN5YQ1kw7aXv0g+ZSYlXBGvDMkliZAgiFr0i8pmAZio/H/JJ8yGTf45j8za+bmT165dPLTUwARv26ooBHlyQnloSB5mp1w2g+Yz9dzEtaN6YVzPTfI/MTu555vxnNS8yzrkXN4xZmyQZ7UXqHqxO2NCNcNghhFpq0pC89glABoDmHR2k4taRyUUJ7YZ9fJj5sLAk9qIW4AbWeZiDyYrEhE4QduOFlooNrOG8SokOKKulRGmr6XQJRp8OqPrlgEB+BAN+lg6IDtAWtZKhjcEPb6Yiiflu6NVelaONAbtVEeSDIKiLg6uTF/VoaGbVd1dJg50bckbnra9ghVU36KizRBZ1Wn1bWjxxi5omVvRLeJIiwFlFUFc4vS44O6gOwgN11IIiOzJMykmFr2SOsEB5eEjErU0v4MxVnTlYLOFcqSt66DQwYmG6RVmYVYVKqKqLFwYGn9qYb2Q38c4J00oM9VPGtWbTv7fJgAAEABJREFUZzv2rQZ1AIXYQmJXCDMV26FkZuHepAYGKn8x7j0s0xNVj8RLo8zHCwxQehGiJkzojBIzor58ppIrVPgWh1Yoryswuiif63BWBWsEFCCkFEsA4QEwAkUNm0lCcwvZCMFYwcJH1PNA9lRKAlbKo4tBPl1cbNnCLqAIXr7d0RgudSpZMRTjNN/WqJIy/zXpP9Eja4oWDgBVxyVJqUZ8tNTcjNJTVgqbY5lAvWVgvsyh/OCQYHQhdFMQ31ImJSWuiEjHbAVVPpV8yUDXb95wEvy2PEPQ6G8UWGDQcKZoZp2lZyZW+Mb6IoXSQuxhv4smYxO6W6uDMKKA9axFXRH1AkbNkNUlQi26K7xZnnSyKaIEeYC3g9WvgqY0BobKo1OfzMBMXwi1XUkIj0zHEe4wal0LJt8GXSkVq9wks72qElMRmZEp3Q142wGuGuswyTh2Onmk8wO9LpyurBtAhxSKQJHVRjQKX2vFrgVQkED7gurne8hslPUnKNMklT0wqoSCZ0gt/kqVB+U8zc1jWUE2WWnyMs+GcS+aViWmF50C0F5GMEpLJmMyZcZSqbFSOmUSUFJHklGCqmMB23sZMvUnU3rDxynTKrZM6a0s0pzGLfKhQimpHJQe5MDy1JyHmvyqdDznT2ROQZEc+tzGdPY1YsxmC8voUJXdA5FjSqTSTtG4B35X47tj4anC8qBju7h93tcF0T/YfCn3HItze9nRodysamBF/hRSuUyT/th+3AYjklZ+FJfd8IpPlv1arp0GvJmNnn5z2c0PR0HHPZUt3o4sewS6lSy7YizaZQhHnHnIM+vt9c4NoU+6oqWsOJbPUehdfonOPCHphH1G39TM8WThKQVz02hcd7FZQgQhbwyJkjpBWEK91FRiheeO0ksqLXfwOI7ytpR0FghVMEVHP2iQ+P9oLPvWXMaa+bm1Ev7WcMtOKRxlUCOcZFiG3ZLszh1LTOWtwBJmwDKg2SwHW9onolMzS2C11PlRMRkV4SOKCdO/2rElNxWroKRPS85KXLqjeonF8eWLCEapUaS9YtqljBGWctR8FymJJueRuLPYzIRZa2uRmgIxEiq8gmaaz92GUWCYYCieeKZFQb5kz50Qn2IMioNV+vQmIQzyS5pM6tEkD2I9WZN558kJJ0/WnjBZd9LcumcsnHDiZH5NPjk4Wpo2rBhNGZVdvhX6S3fIY2Nj+Q6ld+KyFWqoludkDOdzVHI7haO9uEprEB5lMiuxRdNWzjTFnhBrdndQASWmMEsaRKn3UrFkmMy1GeIYQpW1msxxIeMSJTdUpwrsSROHGSqcn/LsefaNpPfZZDLO5P6aOJkfHTh44PChw0uz+Mj3vrv/u9/hBn7KM045+RmnrDvphDVrM8u/kEd1MpEgW3kCZBTJDBmNWy3TZCu60xnZWlNq5RCNwucOZ2Q0g0Rp93MWIVpgNqvQDkIqhbdtbaVpEDwWdfPSHaeXIamYOok6hu3LyXqLM6I0zbSaJ4k1OhzUYExGYxSJrcZIYJVF1oJLldrdFJImjLCKq1kE0xdYflecQ1qZlGdDGZyoMgQCSqqdjUmBItdTtM9HDjz8ve8++MB3vv2tfd996KFHDh9ayprO3GT8jIW5k9blf+bXrR1JfiwSZRu5xxl8NkGq2WafGV+GxJIi1UOtqRmDbitLxzaLrKW2qNa2eltEOmQVkDoA6TskHQY2DbLdQRUS3Z2iRmhpmp72eEB0PirEcfsWEztSldU9TvNWGUpsfea5CjUqIpoGboXvzeGjXjEzZ3Eznb230Aboa50KJ2uqwRbVlXKffOOk2hmXgHOUM5cwKv16HpZg0SicjSQNyPzYBkVFhZwqeCFozpNmnGmBDrar2O/SwasTH0Je+8IIJL6c2fRwXq6oXS82rvYzNPaJ0b/gdGumtwWpwiThdKz4mNW67DuKvH3hkavpNJB1z4a8nGwqEXCjgOKCDDLHTscFmB2EoMbqpK9POGrYLJV0Rhzn6VqJe2RpVtoZSsiyGD61agdiT7Xm+cDMUG9VUK5BifNQHEoIjKrr2HsRIqLKGH9Ic18sAKSXw5zUehzZsB2Nm5nsUx33ZUSFIqiqRi+tpCwEqOtsjOA4BCJV5mCwMpFMUQ1nvXBTeDrhSUlAv+Z1l/+H9/57dppPzNIpf0v2b6zF1j62ItHqeqTfS127mGgdIgZbTVTTfUWLUUVL5wDHjJ6eQLQkckxcpiGVbBHNhUIssyrVTIpFZ84qaU2HqFowBFVH8kkmrqYOwccD3xc6DtGlgnWGMEslUaNmiCfmHMWBvjLQb1DNrSVzaLUOoXzKCkmMeeR943EpofmJBd4FjeqTEa/FNYhGyahmmTXVKO3xKs0OQh5eV6wX1AAxLj0NWDTV85PFMiOLo6afAOOj/LwOB/VPcZ2xE2EaxGUFpsTTDpPHQv4Xa0dS6xUJgMUv5XvBTI2z90xdpTBizSjECJSbR/x1VkprtRKpItIuJ1eiQdCaRmTmJRUh0HOSPGgtEGOfDSZDVZycoWw1omqwsYGIb7ZBxkTKAn3KwgsIl5zitbHkL5zXeY+SENLpzEaZBN38qDlhfiyNubMEn3X2yDKcUogIPWuyzi2eucxB19VcUy8g5XA8yq7R7LHL3xrH0aRC7DMtbc4qTi9uoSGWWsiVjZzurInGJUdXozODZjBRZWBAsW7MqqvIaCCInSOjeyCNe0TV616eBmYUuQBWRmnVso7RbMxoZjMKX9C/GshNd7YlafGmRhqVWGceywhtoqZB6AmjtaBXbllcI/rY3AXVQqJmH6LFJDLWuyqhmKGs267SIA6KBC1cmUrXYNrmyw1tBjmBQWZylmU8wYxgslD2is8atWEarrWkj9VZbcclqPgduRRyIOAGGyajRu1pKssATSroxkfJZmmQXsHjxd6LUE8aKkMwVatEdwCTOeALbyML4LMdE5vgocy0SlRRnjRAKy9Y1OioGJqWmOKq04JRV20p/KZxtmQzEKETLCTGwm91BkrYv9W6jdDCuAKhxrTMEa60hFdt1qomzCfqZmR/NF0C4ktUzzpbWdVIiu9K6RQa2NJwbgofH8tZCs8ozT5Qs1uZl07XVFm9nCWUA9TmSbEx4jzU2qcNVGdACnTkjRaRYj2soWNKtbNGWmeIeBQnPBpAsXyhCv+aNCv5NgbBaZdfblogvjWwFDUEsWQwMDEa0Qz6tu6UjlQhGigMqjgIgo6cvNw9k0k2i6HVZlmBaeBiwqH9gEybRqyf7JBj3XOTqzJVICBqXV8hsZ4UBsGiYBGWAxvcRBnaSbBHADhr2+lmiIavkGaYNE6IViMzz0XQoMdOKsxfsRDLmVXLwKMif77qF3xEdXnN80zg0We6xwbSIcwfiSWQWZFM4sU+iwh/hxKQanr14lBYaL4YCbciCUMdhxSlHqVd9YywD8y11lCRNHjaQONBkqfKlIM6Dfkcyf9K4Ods1pmGI1+pSg8ifIkuYe6tSfv6dIVQLGJc4s6ZOGUXl+QsdL/jqlFWImlrtIqqkfwfJbHVr0BdhnLJHoMxclxybCJYGSkVY4mXKY8YTLyoqCxjoRG8esfBiE4Mo+0mqpfpbrds/HsaQpW4GFIZ65RCCY9Omu5dKGJ9odHOr1pRrxwfAzHEgQbNX9UfH2Ox8lMMIR73ZKkQxZrafLxr217c/xAGRKhumf3QcPR42qIulsFjekt/OdW9zKaM+u7KAwZ7U7o6jgGjxINd1jTpwY3ZX0IaXJm3iIUOQqo1dgNzRTaBqdamiNKEo0af2Vn2AkaWuMNumKVdhVQ5c5YHFG8KrEsRzSWIUnziiwsk2VUBzUyLtO4NWWvNpn/W3EajlBmFqka+zUyK8hh70o9ZDOoVX6bnVpr3WHExjdsIlRThdVFjCGyyKfWadHVZhQQNx4ym2aEGF2qQVFb6LtTWvJVRgYweyyPZJGrvGrKHGtcspidhGRphlh9s3AitL7vpTGJ9GsbwwYPURiUPmjkNkBEnmNQN0L1SO93QH9pUGpCBO0LxWmbexWZSza0Zza1pMoM/d0Kz9sS5tevWrDt5/sRTxnPzslFyC2wiMzlbLXZBMyBprfpkPq9U6WLmPImmrpuq2y0jGo2bpPC1SVfWe0pF2Oh+n1KRJEYvJ9sGOtWLipZRYYMTVz63T132dveB3pSK8aCU1rLHcsfOk3U8EQfjdGm2tFSmUyWJVt1kMi/beDYixuNZJqFm4rSfddNsWTQnzK1dM84GzRIqvBw6dPjh/Qcf/Nbs4e9+r8mE02S09oQT1p544tq1a9esWbOwdqEZT1hRiqZZxej+FvyW9dVETifYKJKfUuCZha2ilRqDvpG5vFCUZ11JDP9OoOBBzYszuEOBXXHYVOrcpB2RUkmyK2RW0ltLPQOuYUs0VDHY6vcG0Jy62IIqVLAtIZOhfC+k8m4HO41utPQ3UOayvBXeZuaXp2ASsMe12tEKtOgML2uGsINu8fDhhx9+JPPN3/3e/kceWVw8LB3tQrWUHQUnL2Q3y/jEhcncuJ6bG0+EBWwivc4kQ4KWQ1TKgP3gMoPcIhsXsb3anU0ttKiVXvBQ4lqPJlHlVc0486XLVAPBXin1zjmt8liLCQXWMqVZDe+4MtwMWifV0JYIU9uw1Sxv2YRFuSJG+oiYa0ZU89EmsCMzqYG69uYGkj8wOj6oTaiy1IqSRX3zqs4jeQU2Yb+TmeEaLekq0tK30oiB8hMJKPnfI7Rtz99Aa3HU/q4tpg0+fs5Yio2krT1TXpWgN6UvCBqNpkZq3eR3OteNWgn/mS5pxb+8mkT4RbHjQF7UlqkvannFsGCNBEQEdW23irLhEJXaWxXTOZ9JjoMdOZUb6rQBN2xQITRmkpjSsTKtcNYWrYXXB5qLVqbcFgiRhNi1RvsXSAR0JH+ch2iUeQz2BcF8KGHzM0lcJqsPC5yhElTRWSujrjoNx06VFV2kcZdPL44dy2UE91xr0KSVs+GbUtpBN02G2QSNvWNNRITiNWjKwhmQPQCJIUFdOnBo+rJ/dWl4OuHJ2YQwhNN/6nlf+/I9tjXSG0ItUHO+dG8xVV59DIWZBt8U9PiIMBs4Q1IxTKpCIqmSoPq4peoExugVrgkXT2pmqCCCqGVCd8SGSfY5GG0XjJxB2KTebYrBwnzwzYoBwezcXKvXJEj3j6pPzY4xFsVcV29L72ds+91OyuXMUu/O0gFCI75A7dWUnRRKrlMZSs1ZoXxM2o0qe72UjAvc9AOK26kNmjSKXC1nE9A0q7mHl8hXG2damFbjn1IjqsVZMqiTlTALWiAVG0ynLf6oZTRVE21L11YDVBSoapp1ykFgeLSF1JY9xTa9PmAW5yu8YSiWsOVZVCZ+2KWQSgeSB7teKaQoRFmVkIYmUJc0E0ufTvsOdhyqmSQYIvxPKihJQiEiJmXvYPhox8pKraUvUoWdTcdVyoRynUa1tDaGiw8UXR6gsSSE1CCgIwloKQUVs8tROq5dp+gAABAASURBVJyPZHLAwdqgtoT0bKVLEa7aUFjWGG3cg1oj0aa3VqYTqwi9ZaizRB0ajWAzhdLUtGgBIKYwQGOPZIsHGziZr5K+ptO3mIe9Cscofl39tut3NtBl2PVCantpMEiFLLs2mssj6QtvajK0GmrdsbvmYEoY36bPXzG4j/kO/VqLNjnwQB3D/XAGeCdajRHSMVXlM1pkCl/FgPaiE5ZhikFbNQY9VKWFOpdnjMlaypguLeYlTWWGCk2lcZRCQEdlwGqavTJYktybWLtZCUVEGmYNCVUP0iAZPqkVnUix0TQjuw3jVhM+lBmsrJQbGmtrn7q2t4NsEdkbj0ZAg8Usy6lCsYtojWEovu2aIKNAb+oyZLBB0vFJ5I4qtUyQJ8GO7HpjOmlaTW3GCaFaqCEUWaiypgmCrj7gIES37yrz/8m1W6NFIX80RlzTSLk3gUHG87WI6tWh4yZVW4nhijFcCCoPtHe7VJipimxmRLcfBgZoqoi4WxKLlNmO1DNv6lyF47DTgjXmstflBZnc0WfDwA0jaCAQhRosxQWU5VDhqZnbMKEC0oODvbxoEWDlEJglHcOraZ130LblPcSkfYNF56urYvPbLmTdhKLmTEgEdpAg5lC0AWyZ3Jo4dSHTKlRlZxxzReGMYtTYL8sRsRTK1IVpFo3wSFoXxdgu2watVkNkZmWXlAjDCguRZbZrdDXX6cX1ZVGY/caPsek00Jgbh4yIzYTIUTADkFqS6TZ8zaEyMjUENeuoC3WluDNSmVojoBkrryoSNi01xczm17Ml2vY6FHpUCFqySR3n6tUJhXjh3AjwUKmzu5TDVsWkl7C6LwYT1z37ibpPSDtQTz2XR9Xz1xwBnZeBPisNlzZHdNWHPw03FFOMbH/vGYQ0YKD7rWBweAjlZyysaC9ywG2ugL6W2P+m59FzxDCgMOwLKZT/rKSh4/AqumDj8uv2X0l2iWWn6G8t2ffLRaN9cJTv8yBVKE2htk9CMBaz3M2y+xpInGTFNHXZGEluE8yebDjuK28nxuFpHxXpMf/V5mbQF4NkNfbfUNUQO4wyOHBiZgYAgQPT2GohoAptsYO6TiWWop0lYzy0ZrR2LqFfBjS3ZN2M0Lsws8+jOelPWI8i6npGqZIP37Bu7pWpIr0XPEa2YKZyolM3q32j0bhrRl2NFk2RPYTNvEo94EDSjFKTAkbNdYUDss0Ot06Ol1o2C1LjG61mKGFxqRyDhBM2UOunqTwwFxF0JSQWocxGYEYIlU/hmZFVUkvfLE3YykyOdDoxSyywDhZy26VaBCp0IltCKA0Z1ay7NnPV/NrR3LrRmhNG8+vGCyetOeGk+RPWZmYOXv/WnE7cBKPqIVqLIC6fgQMTsBddZRMuyTrUDwcTS13LSfVqLppBxkDol+9ynTgVIaoLiO836BmYXl/Rg6dMiu3mvA9VvuFNqWxxmpYXGQXVjRqLFsK0zORTTUWUpchrKQqZ6OjXqomig87qaVvPNVJ1Q4i+PH+WlhaXDndLi5kcfUhKpo4XFtbU40k2QDINvW7dCWOJRhdrQqImY0QGWIMNR2rdVgyAgM4FjyuimpJWHadGw2evNG4pBZUm2sobXenQXptteEDwccNOlp9qRrHN1GJRF+lpsolDb7KO0SIp2b7cx7rrWOLetIAbB7kr0tx2afVP9F0FNNQ5Bd0QwfSRt2xJV6IOFiJIDx069PCBgw8dODhbmi0ePHT40OHDS4ssszupm3ULo4W58Zr58cJktGaSf26s6iEjdhjwJTfCXTX0SrmmbkkKOFS1oBt9sGhytirV+YF51qlWE/mYqs/EjgkEYnlhNmYyuKuYOoAHY9vAOglLyNpE7MPI0aYNDBqEURkVX7v2CrOalp0SNvqKuBIZ8FFpAUXtJsIgEjMA8Oy6gvtlljQ3nXmTsSxeXB3+CfYLD9bpPajZGzT3y/YNXVGRTvqOddwgx6zoUDL9D3LFSsUouV8khfxPzyDeiLweqo55YHmLyIsqn2gq3WU71M5BZ76KnfrU+Vfz9VqNukiyprLmK9hAZjNNIMnILj2kdTDbsCbdGyvTiStUi0WMBCMsoMCDzgBnhDIaVdEE6AW0rjE01TQHFxSu2HfohsjXIHKrqUthfU3NiRA9zF3m20S8fmSSK1cr60MjSy9w80WBbM16B99VIeIE7c8hyMgK9NtWMhWUoTu471REbAenXR5zZP4xtYh2sawCyXrMe14bT3561d8IT14C+jeu+b//uzf8WtF/mHMeuEEOwp2SSfmiDQWzjtSU0OWeImtomLJfxWDksi2nEIxS4/epxIUBAW3KA/7FWsmdOfbJ5tQ27ULUUFncc7C4YAupDtafUC09tPUy5oT6ojaFV4ND0qESbwPUY2sqLy00CCZ4dmknV7GXmlYsJ0StSJys/hL/XCwjhlcrMUASRvt3VSa3selr/3po2EWxNd6B9wteiaV3ID9ZqNruieRpMAkaUGSAtT8TC+BG5Zmkk+zABIrUU6Pt1KhQ2gYr/E2aH9JcIznB6M/YSkyZcq3kS+22PLuoAs1ARRw8me5bkZKLYVeq+xY7XMqBJrMeOo0a4WRlnjTP01mtlYiMwq7kL0v7cIRNzlJ2VsqtCdHcLkndghbBNahcINxe5JauBRj49qfTpuvmpGgRpDOU8CxxR0KaRUndh0suz82sdI9HeWcSsWCubUSBSH0oSeLMerkqcFXUBBMOQsVATVPmqXpXKpH5hpi/KYum0VoTtuVX1j0K76vrVGPghOh6gzXC7NTSE5xMhSIps6BXCAZTKoSidJseZN6otkv9sOsuQkbINMtkHAT5jhTK/bAwQlTbqsiAwXXJtShLaHmVyj6ru4YBKm0fXTigVERhYqJGp4V/gt1YRXUjhN5zwz8NFtOg7F2rTD2vNyMWp9PDi+10caaNLLIHQmwvFJeIMD5rjW2gVKuYnSBKO6/C8NiAIgmMjK5Q91YKmJAQjrYQGPuMvM1k8apaW7YK5dYLEyq3WXeVzgRRetStj8dKpjOagwiCiHktlPxSz5FtOcTjwXu2JV2ZDaalY6g1p451xCr0BQxidJpLRaJH4FxIpudZBHCFcBPkVci4jSJ0YJFXEhlL9X8K9W2GiGlI1rwAEll37TItFVgQgYN76tiNDUOgpfm1YB7Ubg0zgbzh1AyMBxH5rcUxrKpghLrGitsVm0BWylAHHbyKy69SpxkGX2tHQESJVOm6fk/gW7BqCQkiV05TM8XSQqeUotQzlv/a+gmsOMhXiJcRNBY2aF6PqZX9yu7YaRIeuewygSsjaIN5W9/qntKIyJ4UxR2K+GeZIwjFacc7V4IcUy1omJTEZmgFtzpqrndFNxD3YnT91qhQirI+mpDqdpeUQVVjXElfrdSRdPPjXVVRhUyWxFDKrOZAVBaNdG2he1iaQwOGYxyEXQXT7XWnSkGJ1NBz1Cro6Iap2N6AShP6TSVu7u1AdmruVK8aRFi4MfbELGWTaVyRFEA07yHnofn1K3YjBTXclLek24S56eU6rUaUhGrAr6TUi9mkjDc0IjpVtAgWcp8aMyjVWqOOoIpXZbw0mTzGZuL/dWA8YH9NHboUSr758GOtr2lk8IAPKufoTxb7my8/xzhIWRhgcFRY5sOIA7I1hWV3ancW0oBFLndkBw2fbHj+/sA04JdTOPICyrjofdqXi+93uBsOjlh2tOYGhNCfKIU+xycMGWiz5+0kw5+jvdYSjmT3UpVHGo5KjMt0g7j8xvqBSUc+8eCvRUHQh+25A0aOB4Zma8G7LmpggmxyHbajNmkwYkJh6MpsF3FDZdol5s9nkTX6pPQBdQxMWtNtovpgmAgYJM0OAWGsFxGztibVhEbI62jwL/SZkg+bgfVi41BFbSMd7IeodUKnEjpXD2uK2fyjSFdtKmq2ZBk7ZMd0LLyG7KWiWUVmT9eWGdlp9AGep0bpBm47tPOlcBUUi8w6qozTDsDW84blIFimWmRzxUWVz5F1mjxsyIEObNgA1bZOamvk5S5Ft2dSFblDCB+GCAmRHRrsVnOjZm5SjRfiZN1o7sTxmhPnF06cP+GU+bUnjSeNcBegUkgPSiN2hHezSVkoOZHLJpqaQjEMFzYW0kBshiICLFqzLGbTl3Vpxv67ReL0CrGxoioFuWArrY6FfkJB34iksradbTLLFoMFllKPaXkf2C2kbFZq9YWxQD8b1kdOAV10FUMr82XGbY3EJcnJl8YbwuNIxP7ceE40KCioi9PFaX6TmR892D6S0v6mhsu4Go0nJ5980lzmR+dG+bClpVme02vWLGRKOsm7Ho/nxKYRrapC6SlpuTaqxhMRKtDFUdg3wbXBQEXsdrCLO9UkOXfNky3eiRkKIEh35hBZtS8N3yZZRMSOxMGfGIypJfLIvMbUw96Pyitd0uZSCv077fSWYDdSv1AmNIImYxpsklQjK+El6me+58OHFw8dPDSVIHMJdM2/5o8OHjq0/8DB/E+aZuJrlmfw2jVzzzpp3QknTBbmR/PjZk5ijUZ0T8NKbnSTbrWwR2TMFtZ70lAqLt8WzS+EyCy7VW+JaKxJZYYhXUoqM9WLb/pUW54xaIC61r9MGi9Cd3JS4hUrKgb1kFjAcpayXCgxMKg8SY85S6eJStFG8sw4N8NmKeeCDWagwqCJBvry+mVrLzOB94z0dkCliTRrAkz6ypLdumidz402KSuVUoLWIpw1qsfmtzFiuDHIncRU1559UnmhJ9T1G7tSa5AmIPbbbO+PxqPJeKyJObNgV6yRG2g1Qs0ohumdbDu33Dnk+4Jz6Nh4W9JK8iJl0QwIKMlhZVwKXAKiUGdHJqT9rO1MYEu9P0Qi4Olg4FNHq5B4QK08IWwpkJeQ01TsT9BWTOSgXpqQ3slwLpH/HboBIttRCjbjhcrIY0rDyA3alKQY5aitwrgPk2+yT1iCDl5LpeQbC/wg8KWjo1TLHNUwxULP4sFKbNAHMljxS+imuigg0l/26l8NTzM8WQnol2z6p6c8+7QHvvY1sfZpkzJ4lPZsF4zN61SkczkVj6JuD8zBR3dKMFuxp2a7oERi/nNr+3ql5YGpMVRaipRRckabmVQhhYB6h7ZdSGqJimTdo00KdyrLaJVp77LAJa/uYmXkknVg67qiVeQvZCqS55UwCslT07RoJrAwQ6LtptSBI5JK4C4W9S67ffKOHxkPJH24e6PI7pZFOBloIX+jR5K1MirN/1JDAociPJzslGbaGk+g4hVsgmrkLLhTmSHaGl+AMkypSAEjhUHEiK+q0xYmcKpGo04a2EupsO9IorCaj9D/Q7mS1FxF0b0RGrSgNxe1fOah6a7ZB2BB362qEHqyBlF+xVKrCuU8qzg1O0ablm0BIjLxWln8MhV86IQIODulc6c1nrslUcZaJDojXBCRzksz9KVRvcXGV7Xcmt/EXJbY3UaZIymSINEfWSBLbEfejTLlKOYIspbDKKZxRFtG1K3CWMqepd6nAAAQAElEQVRGOD/XLMxLbxDh9bNOLjUYai2qwIyDhPY3ga2wkrbQxFuXwVTLq7I5z9jcxCC8NGBvYxyGly/TwnSAtD2mcrjFuIxFEy+rPGiLyF4xV9WmQ4OyzkiqFVZupxQ5Qq6TOqqC0agpWeQBA/ClSF60pnV6zyy2kn9txQqpsWBk0FDolkxsqFgZQGsQFM98y6Y9UbP10YcMSlGNhiKdGbxsUCkrpWZtCmGkRqhrkjSKkYHwsCU1FTZoQzOGjuYZOm6yMTyZr7QlshQCVy4B81+MtESNoUZTGJarz4M6biomLiU0u8cOKyOBsjBSV4L3ah6dAJ1G2TgNsI0MLUaOlzSdjmhMjxFTmVMxXxityrStN44PwfR/lOoOlELqkjY6lWW6QEmrMc1Hp18wqPLfIba/7qRIY1SfVM3S1Q0KcSBXGnI3VlYsEEXQxuNmPJrj2KZ+frZo5TpjrQqVZp12kgsdCT5x9qNIUWKJbO4VmVRdXFzKF0RC8ThibOBNyq9KpWWwbGtmxaiTCdRpJjOWWt3uAvyVUHhEU6NrtRigqrdi9WiEreqykYRBZ67QoDI6aLQAHL3FDQMGPMuDVEcrAtKzEuz2ERkgQBI6QaHvrKwM74OSlLxTVBk66oI+CeMeUDB7NluSEni4A5lm7KmlBSpCp4U2ZFnPGBeE8LVaM3sSqvvhaYTklZk6C9TJu4g8W5FFMlxsuiW3OJXX3DBIKqmSCFYClmanSxHGlsoWFBvF/1iQWfuXRvCjCaUMkyYA0IORIm+2UnlZ13WRRAzxwCYgy7XqqNoyW6TSZC0VlamIL6g+LevCK0VD7aE2nw0i5+1FaXqpvVA+ktxYvmTNKPmQpl0bzNmvl+DNS0olNomos5/7ZigxlaTNQy3VBaI5FYL6dRIK81GcN3XTp4chfgAPWqFOEnowKO2kWf0aLaATmupHn6ZgwrlD/Y8qxEF+LE1LxgFVqqTYFI1FsyuGX9DaaGkZZ7AcSp0pz2JXMYUwpaNTxPHR2ec4oHP5G9/n4G+FN15+hrSMU02p/+Kyq9NsC0d7pFQ4MDuQOU89L520Ux+/W1Z+iEcboyMezpy4g8/K5wPCuBDkfI6u3H35PJmqGkIYjFcYvHB9uTp/9Q6HNZ2X5euEIwcjhOUOCVU/zKHDf0VNXdALY5+VYqh4UvjgOnoH2auDWc/dbLooCpfs3pNpENUrtSL18tREgwFyFyI6pOdRlXeltDjN+uBSLZUx5+EtakETj8owCMOB7PuiFEXwqM14nPm7Ebw+Myld06EXRM2lWSVbA7F/zMBgGToJNUtJ0KEoVJQqHBpeo5MA/1AsI4g7YKOZFbvJdn7hZTKHmA9tp+3i0iLCz1Kn7uPi9MwU2ZKUOLPgTir2lIr5tc3qVpzmdTODRh/Ry3k6OyxPgzpEULaz1pv5G2McseOoF1duuZO+VmL51Kxumod+yi1WtoRJNTcO8/NpzUKanBCbhTBZ16w5eW7dKSeceKL0RsHW2ElOjVbd7chZYU8Eb9xWoVC/ZUGRaFT6DuNdlWVeQhD6GV34Zptxsf81LV9YUgc5RlsWSGUxBxQ+a3E4HJ/cttgphGVVsYm1JI1bskBGwuhTCYWfUBqP7EmL4WMUjyqynW1v5mCgAKWzoOLmwqw1RDvXNM7zlJhTx4BoUaNZlanRRuvGSLmt/QcPHs4E6uED33z4eyKTxSkSl5am+SoLa0+Ym5/Pl55fWMg/ZHJNMjsn44RmPKPJ/MK6dSwkmO8xU7JS/y1/nldDdiA0NSpwsXdFsN6ZWYvL+lkHerxaatullE26eiRxnQOhHHo52VupJhkqKy/PsIjInVPJNZXoiLjpo5c1U1ITEThRUWatKEyRBTq4BPI5MwO/uCi0ctaQ0uLh6ZIUNWgPLU4feeSRh+WfA9/77v78yNMp45XyqqmzCDhhbvTsTDevnZ+fm8yPRwuT0cKaucmYPaMSSwqDXQlMiBSPAwJAJdsW9SGlvE9kJ3NdTHDT1wlVE6taq4flf81wXUyfYIYhWtKFVPzHFYslc1+D34YRBVJywcw3nYXceuAF0ABnDiyuwG5JUSkTTXuKzHEXslVD8lh5r9Zv1Zy7Igsy3YNMRikNiHjxQclIup8js9ayPspVEDWZj6VFtOwvo88Q8aAPlZC3DbOwI0XLAIAY+xJqmDqRdL5VeYG5QUUlC+2ZNOuaotANooW0f1OhU0T31PgGKu+0D+Sua7K3iCYLHZlfXjQh1EyMRzqf8r4EHanYzbJaG9xXy1gBCWKrO1T6RhsgsrRJ2xFpWnoTi9ENASA1NOT2uiWYSdPsdcVbyMuQ8ZTwY2l8koT0jCbMUEfbW5lB+YFGeQmCYQ6oqmG1uLjpSAwVVGfK7ohD4jg7IPMYNJBXCLaqbAUGZDhzHmb7s9FMfBYvmNmmL44pmc4SKM2uvMkEfMVKA5hJYnAF3eEgItktKTH4vQLRUnf2ThHvNZYIdBTj/W5cc/bPvjA8zfBkJaAz3v2+/+2yLRfrMuVHHdOD0eiVe6BawfJHuCa4rDWFTOapFEsMjWRMM9CYqcy6CdQUYHHQ9M9i4oJuH0qlqIsumDrfKdsNNqstSkMSJxiDf8XwYwJqpUZU1N0GXC1Dc7K0mGlRfOVMsxQhEWkGsW5JWSrhTJUIOHp5+oIDwW5KR4uZ/SR1UKJSrLkK1bTQh0lTVfMh+VqoJgXFrK5V1NOMTZqsV2mxSGVOWQlKc1vLVm2hCjpgQV2mtDiZgx2iMjk6IMjnSxZlY6q1Oe20klRgpGHQBPQaMlSccjUGl5yI7m8sb8qCCigrwdjfWJPShytMVTKMV185RHnngoFxyrhKi1RXHzD0jSkDAjoNHOttHNQb58Ok/C317nJHTMaxQgMPrTZvEsaljKOwzx2aK8xESerM5Cs1t2Xyacs6UfKEM04JlZ3H4r2LeauRSkn00kldjVpTQiKakqHxHIKgRWjLlyUgJ9Yd+UdVeCvku1sBE623R16DZeIa7OPwKUfbHljwpJ+Wgd7FwPDGyiZrUpaZG0BRvRJDijjTojU7KZZjVB0lgayBBRHUU0vaB/VlLTMCrVhUO1DysjCJlVaOAhGctEBPSpbjJW8SyoNlnCOIlxczZ5fcCd5T13L2SGRSky8xJQ+pNAvriFelXzp536jKPAqw8DOpZZeU8KpZB6NWksBs8aDhp51Gvsq+KUTwkDyCqp8CAxC77K+eTWl1aa9fZhsUcQk9jEWtmUJUWT9gLm76sdk/QWl3xmKg3hkNPcgZFBMITVQKz4oXgEeHUw/ypUOpYwZfLacBIovzRg3IRolFGC0az4s7UsMIIpY6IJTjZEUQO/YLYFi/5Q4y1gnLt6bcIbMgnS7Yb1pqSNKBIrpbauT6jJVuWb2As2Cab+lQUAsE0wuGQlUIW7nCiIat+EsrFTESsNVJyygUQkQkzrgR/ase0TeT1NhH21wEEUjyArXRrI8uLmZVTszFbORX6I/YjJGdSsW6Ul6QbG7v3RE5WzMFiBy69Q+glAb1zzKGibXNgprQVu8Pr6XmlKo1RJVRoCjC2Gg8X8t6R/C48WxBzWnGK5bLaWEPe+8DMc85JXFWleaN57ONsLlKIVVKDM5absbcN2SQ2ylWES3rtpMQkiU4LxP7yVQgIrPZJTJZlHyUIyLpriKara/l9tgIT+MjIm0ktWoK+Sv5dI0ICilqFJoUVCnPh0i/MW7MKFKl+alY/qhNVKnbulMx3jKNVD1O9NVGExIM5a+M7YvBeCPjbVKMKt3o74HA7GycKaOStldV2jgUzq5i9JpVBsL67mAr1dzOggWndmylAWedJoUUpgVyqYXrGUEiKqzB+LAJYQe9hduoyMtYeNWguZaw/+kS7sAm2TarXxBvAt881lcx6SK94PorJqClc0K5qZmxkZbFzHYqxhLLuKkzui8JUXS/Hqn/j6mCgx1Jh7+wn0OhpqrUgPKM/RljzyWSYC+mHP6juSyq2hmpRVWl8LpkQ8o9Fz2q/GoX17Oo3E09q8X9RterPEMf/57IZim3H5KRlSGu4J+hDwyHSn9Mw1uxn9NR+F8bumS2pv6/J531nOnY9DcnY6c7cwhldJKdP+hIlj/rnx4DenpkUAlHXw7lJWpzdRo7AcUbZbugbeW/jlMl1e3jrI2mRnToBSHzv7OEGzjvWonFYkAIM3/BTYzGUuVZ4v3pFxK3dSWc6Mwcu9V4MhF3TpZ+WTkadQ1r6Yr9TKIpIlZQ9XmaEtCH+ICdWjuS60Z/bRakEM6UtfIonVYDiSx+ldQAYCtFeppTxc2BjlSqPtxe4Jql+RDJq2XdPCR2a5QCAtCBWaS05ZvUGk35tvOmOe2kjLYEaWRmKD8Qq29BFVCbLiD8MVqVRbl4Fvb5Omh5EfI+kjVdsQgyTZD15NgkPGxoJpmvq+J8ZkdjyN+Ym6xZWFi3dt26hTWZfG4k4rVrG7LJMbL3YMdipbLZaaUU+sbV/sGeoz8pv0N1NQ4nbDUUEdChhkKhGB3B1l+vO5Obg6gtnweKIwvaYZBOa2tfm36wFhne4TIilYu8GWWeqxKDo2vtxYqKlS1c0Q2Zpg9SiJH0GtWu9VUS2Unhl9GpvmOJRQjlTGpCOYzk5OWi2VcyCtVEHCsVQyqyo2HcdO1aCokpqnpnDejgwYOSzHf48IHsvZ9Ov/fgd6VkzKiZk2pjlVSXzZcdTebWLMhmMZ7L+l7XLjG4O3+wsHbhpJNOEo7b0oyy9oW6cJkOWwyaSSOm70RKFsSS1hp0Uw0t2XsuFAZa2Q6mXirWrKj5Y6fe8aASoWtLSUFY5dyMO85z2tkB7anxf6QCk47PzLsQkbPDLYKbDx1eOry4JIFKqEx2+NDiwcXFacsKyOmE+WbNuomENo/quclobjyelyLbNUoBizQRZV2MPml/kB8tK5QVWuyMIm1JbUTZBrQcpAMbPe7aMEXbTQ3YKaFyRTmbhVLNHPYcIqOTMIEWdkcFAAWdNVpIjp4lcymzbwMUkWB6mdhkeUlMIwhoZGjVqWdmKouqoPLL6BtU7K1sVyStTb21o9qvDgLGzVIUoc+0vA6ERHRdaTtk71djGKOSB1CpxFijKG1oHXSgf/PaWVLPvxlsMWjVId3q8RYsDk9UT6oTWBohv2+U2cQj1xrRxeFiXDRD9zQgOIRY6jzA/pSWNFKBr0FFJpnp7ZRHsfaOyFdyKZypoQ1K4TMwk9o7xAuq0mhCBPkjrJ16yk6wcL3I62GvRCQZj5oxaB9EkkilJAnrkcC/OIFS3HLkJyPamFCl4aQQcx5hxw0TzaoShh5oD1HJE2UVNWZA3GnUSxYEldoLkQmdsm22tB2p2ahtIG+C1aYhgWRNayFMxCqMRZmWkRObqUItRGjgop+WDG5Nt6LFjkgXWHBC9GG7Y3lGkwB5ureaeSze09f85tvC0w9PYgL6fzjzZ87/Fxf9l/90e1EaLeBIjaOkm18sLpJg5ZUNEcGGMsqyhgAAEABJREFUaOnKUFwoCI1G4TOODpJDGQpKSITQqoJVadXO2BOXJQ8Nm2lok0YESURAoLoKkpbqUc1qO5CIbPSl6oF8B35O6Ial7BREO4LylBjlU8HVwwhueExpRGlvXVXxZZkhoBLSVgNRUzLTpS/7RulspZEYNIjlyweRo9RvmfgAVKoDKwTxZEZAm7zVbG/dnjvr4gwLvBAPMBUrLQCnXJnqVthLxFSedXQDttREEVDa4jihN9Eco1URmtUa+ulTsHoSFOcaIGntnZikG5YlfCoRSV08Bkth5fj3tADNw6DOANXmYsnV517H3B2el6YQX6W+z7bFNskwTzAa1lpaXAko0j9j8bt8Lc1MHKbDmcVJ8zlq+k5qEhtndRXrbIAhp+E/QvliiWpHrUxWfYK6TEZGK3Oi3av8FfXvpJ4gwxNwoyQFa05/8jWi0PNJoTeU0l9hsOfqclQbl0U1TKvmcOhjqBbH5wyml2iU2dCajZauuyxQTd9PVOsdBUw6tllXCqyEw2gEnDU7DCjsm5Rm6YzwUL29hvFfsQZJq3cYLWtMw12j9bbSdHhIiWxlSuthbuJQ02GToIWKEetJ2fyq6n1ewWaeukJ0v9U7UvtAV0nS6ADjwwLDLZUD7Yr2nLRwBywD0IsdcxAiP6UFSpa2smhGfQNQqDssYk7VmUmOxPh/cpuVMmaIVKwTaZRYuAP19DAEyC6KiILSOAIXrFBfwij1WCYO/qnK4GgKFmpWa79EDVFVhxgeNdZwPTFqQB8rmSAMZivwJxhIKPEMB40Sj7HqA8glPqIzo4JKVBeTSVHtr2L6daQYEMaQxW25ypfEotYVHGVVjsQUGI9QZ7jmsq6CdqaS54bDTIrpsNNkO4WPqbUZYtWjUPUZckllek2rV8P+dPIH8+hoViRDRVSa92xbZ0+gLh7t76iWPKdoZZJcFV8IgqpnfFS0Dr2VPfgJxzXZFNP1wGcC9YocN03+lHJK7TKhwtsrK1GTQaVZpiZ+SrXrEUNFIhX4Rpc/QzPo8h3JyMfh/XH/lAA5hFxx/2qj8pRJpRknEwUN9yoE1amezOpPyucGC7+gvhuCccfoHKRPpLthtI5wiaccbjyJTrdoryaWVJ1oso8LGQ+IdATedep5U9IbLUc6goxS9o1auho3s8LHwdKZBcukV9lOyr/M9hC1MCGXEu82qiPE2tlT3M/YoyiZyUY50/+7MJqM9e8ZGDitRiO1j5gmVhdzSQfA+OUyEpUFnyl1mpQfGJKu6shLyk4uoxRWzFxTDUysxWUMdTSPGbblftOy7S72OlgotSio0MVl8y8Ol8qyn8rvKEBU2KyelV6BZSSrcrBp+Rf0jkA/6v3reCr7zcuFQjj319EfB2qU/jsN9yk7XMVJ0tGxq68Y4vJhKjGdA8FqW/bw+/Foh/dnXkE4r7zasU80+Dgd+UHhnvs1qIOTorl8KJjYhKNm+XXhVEATJbWuVROmFc0gM6pF7PvbSZ2ecda0RpXmF0pcs7QrjKWPKtbxbIaEy+zZyvRodTjrwG1Xj1o0henCaNJwUSJVXYkU3eMlrSHRPcXUUrp9JDBHqGfWEYJ5IlJRlcF+Gph+Rga+RhFliUYWAlrKarHsDR2jzL+QWLbEpUsahzGJ0teEFTU67rGIW2RePKL2YMAmcBmd8afYtGOjw4jGORTRXJ01O3aAKgSHIFVROzivZTuQiMIRfNJjqcuRNd7RXD2eSAGHzESPJuO5hfmFE9asWTsndZ9NzrC+cJoFak7w+6mXLoaiadhsTSrYVdfS6WkLuUyuzmrMdKG3P5ZPvRQGijN/CGagJN2Yom7LppfQhON0ZCUJTRDr/WVVL8Voa1CvY/UKZL0zKIRiuWOZ6xnVSAbbmCJu8lCVEAQbYoajNR7dr2SnVRxoZluSomSi5fSCMG9icwGRjBj2jlHAs25hrhH7CObP0rRCa+zMColqlafFkuQaSObRI81oqr07WZImzJD7v2ZhzSnPeKYEPyDqtBpVcwsL2Z2Tz3zo8MH8+dxcftVzSCUMzEokO1hp49yIIAwJJmU4i46cmgS9PcKeEFI3rLWCzlADsUyh+HTmbW9l7eY7Z9/SVgzeKV4tOqQhy1bc8cI/L+WBG6NrHGr5CNuXHz9PzclCOHFeGoKPUO58Ps/ccWacmwmK5zZaiKaqS3Iw7pmRqpwHiV5yoTsQ2RRZba6Tl6W2qylakBm1tvjFxtqp0aElIDhZWZhL84VF74UdXpGNJz9hGmDH3bzW7Dg8fNLo54EGoPQuS46mSlckbQbbyZJ2qA7BtCO4rumCQCKyrhfdXwbbTVF6qarYGku9jcTJTeFfii+bLMfds9cIL6pkREhhQCtwtoTBqsZNJORzREaG5UFeklbxS1TTGimUyELniVn1qeQsait68/ajT0+Nmhs17Xyt5Y27RBEkCV9BVjCTddhwm/w36vZJ7La9RhXzmLcUMgg5ZMWdStIKMYDQzRHULhHNjM9o4FjBvFUT3ygeCsKIqEAUfqmK/SVRB6qhk9dCcaPESM0IpbGmwcGxlEFTaRvBXAcGONP3QAquDr3DKGKHqkwZLYZ8CEqdxdh3r660lF2qtdgbdMmqrk23TKZFJjBOrBCQTyoPpWOOid2wyIn4zxCT3oTT/s/POeN54emHJzEBnfHu977vogv+9ltf/yojY7g66OKmwRGSsQwqP9UgUcqLn7JAK9QGGOkiEq1nDR1FSYkYpTBBQIfOzmOWS1A9gTE6sPUEZkOTvqjMUk4Mw2MGdLJiuGrdYltH6BhpVgZ5ybW1EVpnQpDLGDG5kbVAY8esVUp/W5gIwI3cGapaF1BQmcwoLGz+EJEai0XHoEpMBNjKAJOsDGFgGCUznxAGy5rzRj5XxTDmuma0VKdhU+JwjRrmLC8kqpSh9FdDGfEfzGjX8GeJdsjeuxkjMCLr6+UX0mYlEnl3eNLYTbWefhl11FCtMGCVbkdMmsfw4ddoUN5T/aitkqYQrZ3mUZnZSVqktXyNYKYGi8fGkiyXzLQn7aNqWglBS4hMB7UunjEGqkMFl8K5DGBkAALdgElTQRK3MvWSBB32hFmRhynvLxNpDYe9XDbnjtsQ9PAAVSRqDScr5puk7IxESTfUUxoGjDcMhKLlge/W1Gg5myhYuR5KaEfPjHSags7FG6NFNhmjqqsl9Wa6ztDyeTKdPPYJvCrz0yCImAqFBfOo9xvLXHs44HQsGsCpDqO/qMoRZklgh0O8UrY0ob+pChpI2BUTOlh5NPF2JkwB7QGYCpkiZW7aqckJcnfCMHYMRNFaChyEOlWp+PB1KCi8jOMpUWEUDMlMeZ1GHTZnxLjAxmuVCqdSxYUYGHuEFaDPqjkiKjQrzZZVq1TCLkRVVutGiwmIFVBC//DWK/T8oh3cUy58IUpcJuWnCpVBDTOQgEJcJ7M0WVKd+WgU7Ro4buSHKg1JXz2lNtRKyf3Fa4AJ2DBkFbt/M6qqqkyxriTvWfl48lkMb6mQ2xxZvpZyOWE9sn1GYJwtA0JVeSWFwFImmEqqvSU41lsG83Ys3d7Buu4iy0izQ2AjMpG0MnU5cH7yvUi7PEAeioRjHZZAbyL2rEr3gNCPmTpO4YBL1kEmImVb5RAVdDR71NVr2S3KrCjdCBIxpmJMV9x6ohJ7A9ouqDbfK9aFwdNpLqo5vGchqOc4sYU3PTFFiwQRk5cDiXWJvaJXI2qwYNTJRJ8vJDWV7043GUpJLoGmo5yiH1m1yqiTvCLbiH2nN0j4DwUUxF3kLtZZtBg3iEKN0QKQN5ZlSN1qsqWkduoo6PKlrLHh6bSeRxgIQ8YShmLnpa7r1Wat2gWVg9V3UIHd7BCWtLJZl3SXCcr0yTYYQ3HSy12YYy+q9AwlXpQmXldeK1dL6KzQRmU1EwONAbNl+RTlLMgjS2SX1EnZy0KeOpYdI5ldF2yoBtNIhVIl3lFpXkBpY7HNsTJBaVtP5FjaqRAImWjIdNzLOCNj0eKWw1JVQjwGVxnLguCID/+gNoxeIa44rhyUitOwzLgQBlth4BZq1vHwKgM+eaCRqWPiqPebyjkGPKwtXz3QZkM5dSglL7gpl9HQQAxN8Eq6q4cwXPJlHO2M+rDl5lP5l27htjf0VLoST9GYOxtMjHHsT6GDaJcpzzn4Ou+/3EAaft802p4c0OHU0dHnSoO7V+lONTsdOdAplZR5KLBikwvljERNCTubSiEpceq0msENa7tmH8LIejsB1BPCU8kdCbNEf39lPVQ6m6bCPrNUrwQFjCYoYsA8ENFLZkH3doTcxA6NT5MFvXbm5wK11CFUWJjZTL+mGfx59Sw009QKM4U3ompD8UNTvy8uIZRU1yJObZe0zWfS5BKkuYiBY1Eg+gok1mTaLi1KeGtQwy6YfFK6J1sjnQb/4QzoGpshFTm6WTD9gLwVJLgQLjSXdMOXxQYOQPZeSSyXNsp5xJr5qp5IgOhkLtSNlNKeTJq5+bmFtfMLC5O5Oan1xwwRqyTQavK4SkXmBlk+J+ciIyRCMkKt6pcx6mwpNcTHD+a5C/1y6NMoi3Gp07zoWmoVDE1SMz3AZWsRyYSA02B0C800qLdRVcCA2h1iMVVKZWlIFaR76kyFz/ZEhBbTSa2RPLaz1mxUBnFEusODqqmYypEdxeHQlaY4dWIGBiUhUg9RTiAkczwmuCgC3cTY7OTzcZqfb5JWD0FtLsZ4t6iu3knX9ekMdye6kiTyI3RrNEt5auW51U4PTNpDhyIqX8tw1FX2LmQ39OGlpf0PPzIejRfWSE0PepwZyC0rVoi2bB8JkZvPK2RxXhYj1hikuJEtClobTZyIIswzFHyfqZREmLNQcsJLt4zF4QLMtu10aaohNfJ22hFKJkonHi1eC26u66TQCPwmcZw9UuM8kPKd7KKajMexG6PfT9RebjXjhDS0Rnqx1VWpzsb8ES3XJzwACo9CraqrsrYjmrF36jiS2cMUY5SXZ6BG7BhTm0rmt+0YcHPBidQGW+qcICqAO32J+WA2eI86DTtGxiO1uyqqqViwSBHO4k6eoEKybcUSaYUC6nTdYcK0gxxr3FxSA25gdOrugg3Pgm9CKFuabRYM1A2phCpx+7N7w095PNpa442i+Mz6XVRJhsDgj0C7gcoWeGR0WeQwsVi6yBdNoM9DPZIWeWqKWCQVo+pbtZCpkWZ5NpZaNM14RNsK74JamYxP9kjUSxpVGLQoUNSaMV1nxQ67oLHGkaYcJu4Ms9y2/KxNzTS/lCk7QV1dKsSUpDfxrSMHc5KWeNSoJXXcBNOaJAy/oeKtDLRyXZWx4WrVMpyu9wvAPFVPd76KiHj8SZK8e6GMKnBJySWMDd2Y5PA02qexRHpKWBRB1FAJVqjhpOyMFAxWGIDjxpo0zIYPam4EKjP56G8tjn/z6reEpyWe3AR0xu13/JfzXvizhx5+qKj4yn/CIifhFiTBStNgawqHwCyjmVZQ4H4hc5HZ96pSKwg0G+4AABAASURBVJvBmp206zQuONL6jlVREFolG8Qgr6xkGgRPK645iviRBuAIMciwiGgzVYQsekEI+cWoI6t12+rErdAxr8USqszWR0CYiUdEJXRWvYBheW1VElvohMG4sWYsxGYrPKd4r+D+kghi7ipa44bbqUWuWQ6mxY8q+xN0BGkKFo6B2Ukm4hkaqcsv0LoWJrjqZvqwmk5PSSU6ulaUFx2VuzXZBLiMWVZIToS6z/hchqnTGkhkDBI1S5yDgRVk/GlRc3tLcI+JNpEYRR71+QPDKhBzUaN+QEs2vLMNBM6JwDfaJatcH83mt7oZmtiDOK82oEyshoMlpFpjco5EPZFugspOqzscVZ5Rugtxna0ERJNvhk4WavUUy/ahlKVcGL5zNCqMs1mt9c67pjIvCLkOTToRjZLEB4pykBSWyM8RSNqs08w11QS56Um7Nsh4YR5Q49bbVQPaNhBON3APgmmrPWujkVZ84bLVDeZnVf4atSOBFjNJqVh7XWFrqZsmzfijAc1YB5b4ZMCHtoKpySJCc6oG2gVVY9WqsGbBz9Lq516XVH3H7c7YMTcwynLGjiqkMGv2vpxRwVKhIT35pigCS7Jemn0n9AdnIUgzauWRO14XkKBdbvpVINOGlj3KtjE+suO9IUKA5n8rCQIzyTjN5B04YgzkDH9nPLAkEaHSbqoYaQsVgrkfGrHdSTpTQKUwWizoeDlLHBMkh+AdNRpzrMVUooUwh6RBj1b2DhapkYuWYWpVqSFlxBjREhhJ9U4Laax5tzq/uuIoglzSmFurIcvZPEraXg/th6uB4oigK9H96ZuifBXjSSpXwGxmSz3O3IhW2iyIkw2PJMEmiXpey3LBnO5chBUrP+YzdIkV0yRMWQh1WCDZsEmMxA/QbjrUwMawSE5igiadMDmSxvlExkJkN/pkMhqPkS5N6YKYaHHgj8BAB/ZElPjzkaRYG6kKlhwGDsOZJM14IjrpkhRgURKTtGqkGtjq9CvR/dGCYdULwpDnqkIhmyhOP7EqtDtoVRRAdclxIw2zllUI5RkzLyKJo2gkiLwfENBSO7tjz1MNobU4Z6HUWSWG/mGWnaOZkDT6hJqx7tdah7mBZJZ+PG23KFq4hjKoLo5g6zzH28iUPOHuZ6ZA5DFvKrU0ehpNRrRCCZU2VWzUyVrY1JsZ+9MFdOEk4SmTIfsVxixC12nqQMfJQ33FatJUpTNY0hA47lIs913MIHiNVN0nlUDPU1kUYDS03iEyheRqFUqDy6rtSrZv0vo0eACtJKKvvovGEoJq6XRYIJJgyhn7YQUttZpNKuGtcBBz/aMsC/UA/Jlt/7I5XadKr2I7QCT5p8S3sMSS/12+k+BHFMpIrLARjblhrgaNAOxG1gZV20DJfyQPJpgrLtbmNIbgpVTlq4g6zy05ljcf6MUJYcgmq6VMORlS6M3Z0AfU0HrpTP8q9szAzREHim0qFy3O2UE2UbnNUGjiIVt9BPpzLye1i21sdjfPqyHphanukvXl0gePFlOAYeJ7i6pIp8HOHFQCYIr39GIs3jq9o9g/Qxq4j/VIVR2rUi/LRL1dqpDtcdmHPWMXh2MQ+7izWL5ejtKepMkeOaTQq9f61aBrxB7UCAw7s7L09IFhFrdIW2xnS91sSRoLSA/VGTrySuV/7AhdhKNR7Nk0Qq2NdhGpLVKMIv82asiVZ9moUR0YBxjPUyjjklmdFzsbtAYWFRpBVZXaa03FHCIRO+0sSi9r6f0BFRY1QWyAksaxSuFmlMKQ9m7tAl5dzQ2BftEw7dgSRNdYTDQiwEom2XYjE+MwLgj3ZBUpczIod0p6U/kqyCQU/UyzJdkr8tNU1seP9oh6VlMsmer5V2l+Q08zOkBJRSw8xXRpJjHYEkJRk81AEmErlkCDOiRZ70fZjSyjRA1tRuM1C81oocrcTP5nPN9K08h8ivHc/No1wj6Pm4Y53dj1OsS1TmcaNYLCQSRJ5fE5lPS+6HypUaO5ZeOhWERBGqSu2bzDCJEythXaLxyzqjT6p/whhV4q9F+K9PExvCmqeEepJcY32onMax2KBsD1iA1GdR1TDHg9GfA8tkkZnenSItI2oWRlH0I3p4Olpl/kdo+61DU04Zn0F1G3k26hakB0Sk9G6Ldwr2vWkPFEAWlJovmj6kqNhNgORW8i8mUniTswOivl02bVbTbtDh5alHzEfE6xiGqjiYMo8YuHDs8eOXh48ZGHD+RJs3jgQNaXZrOlQAU1ZCo5W1VLYnxW0tAzT4AlNIlHFI9SUAh2GS8tLtG4kyrS1nhNVO/Iqn6B5TcSDaYujIUsROaDcPazfMLxeLQwP1m3ZjKeZBaxzvrLRNpKSTX4BhMsT1so+BRBlbYDlRCMvLG27CPDtVbB9MDyZWSoxQhF27VkAkBpzJZ76KwlA0RQXSX1nYWkIVEyadAkTt7/KFphQM61iGTESgnEMqUxJdqg7Ip8g+4CGoyU1DDPNQcIGiSMhI59I2n7JNtwECsuaqSIzaQFMqqodVHI/fHBZVqTYdS4+6j9Imkg0ArgZh0ZqRx0d6yGyYKdch3Bgo6hqLQaPqefg3C0gCt1CaakiSZRlZ9QzKVgEx4mT5Z8cHPEEaJ8pewGKAFZsCOGgYkKywAYZhvQmi7RJZFBQLW2gRnPT5rJiJkxYrKgilGF3GXG+mSbYpqnd2y0ej0aqIpOWaOBkJYQ6fd8NqcyHZnWilC9HTSwZBnDJIcRiaSZ0Bw9qZs8YyJAsuy1igETLVw7HbuXsdFfTIgiTqxYLdkA9mapBVRodUgXSGQT76hbWED4XSddNCXMYGlpCuoM7JnURikEd6TBLWVOaykakieZbAswHEEfNeoYVnW8o/+We1ATentHndZcYy0TYiSsW5kMLNGaUeqUdnX8xiOz3/rdm8LTFU96Ajrjs1/4m/NfuPHwIw+pCag9vkoqf6Wlf9DxpoGTvORamM6VNTN1noFFZbVbMWLBW7B+Cy1FEo4aRBjV7hdtK3BLpt8Ghadk5snkbpRuMz94YJgweicnbNRw7iVtSia3U+l+gkPY/VPL+dC87aiqkMYI/EKUvSJq1XmIIRY3Nia9Yv14VU06xj9qWdw6asCY+uHBBiejiEgmgLipYFYm84YFatfmB8InTClXFtykFIN61ALtSih6FnVL0gyKCqkI3zRQ73UsNdYwUkfNKzkLhTa/sZYVVzrzO1Z9NJ7muSmNAOHSZbUjs7+gVWtEhgqrOxuhrIScaLaYX+MoiiO30sJ1UTP/UmTyWaXmT1Vr7EB+1gYNqLQpyoxzRHUzbYwV0Is5aOAzqWg1SqXRAWo3iyzO2hrTk0TOTqckuTQRBO+eCf6paSpTGlIaWdSXDJo5RCqjGHAkU5y17mAdSWHKDtc0HQMNQLuTW9Y3q88ZI4P0hUAZVczhUZtc9SxOvIh8TE1vr2JvXqS+bBZfDd9uCGzYRYJMw/Nq69dgnD6KG4hzhEHyZCstuzCYZa9JyyTTI4NA69QEU3hZJqfS+ZAsrdg4BVPYZUlaH8quTMDQQhmIGtWzNBVnFumc7JNgyfZWQpjUIMWMCUV9J62BcldJGhmP6G5NSnxxEIMVNoN6zmoPZSDQq53LJyVVL9tIbVuXV0V3FWvzIctptjRFi56ImsPYdRm1jvQ09gDRxsa6RMLg/xGVGRF3204Z6YnFgHqSbBrI8KnUSwd0PWPCaR3NhxRsx65o2DNDMyCNOPbLnN0S9VRxqjkHnK+aL4rxViKbrDUDdmhUBJTvqlg+If9byqgpqcPXjMIphpkKHIkzZ9UFqdgL3UUqYOh0ZAW2GX+YSY9WZiiwtorpmhXKuQstms8gUWatzuWuWxSGcZbgUGpV0MJbAU8SXfF02UFbBHOtfU4QEk9vm7xvCY2WooZzzWQiASgw7UiGNXPZKGmSaFlkf5mOgPrkKiHkdgu5oEmAWc9bnLKxBys3ot5+QIuBVLgclaqSYFzrjWl7zBC1WEIVrY1Mx3RtHYyai0c2RUkdaRGxJH4hGup4cFbqZ/guDEyKzC6BuACFii7b7JqUVJxEc7C1wexjXqsKLKqQoLE24ENQCob+FVl2a+CqVL5Dt6ekkflkV1nuakDDqRgMShAkNfirCt07GxoO0niTf2KJZfZyr7gnaaujbEnSucvgIa2GH+g7Ko+AxKioeVTRspZoHAaW5+pK/qC+IOMuo51QqzHDbNeqJqo+IxsxlETfjrR9ZyV6gi7JoPGPtMOSMjnqXdAEUZVPmopoIXQMoCVnS+0+RCW3mjLgJnyNW7RP+CN4ks70IMtJY76Y1UUj2yYB6bVqKcHswKQdfVTPScrjF48dYlfqMmidNCqgahJCsCjRIhgLj6O0Z3mvJiyNDIo9UckhKGqMEUGxp0WPDmwfcfh327FS7LnTQkJphI6ZUUZI6i33hG6hq+zWogVT61E22bVkSqTU4IANmVp7TF05ZpDpJZPRyZ0ebqSy1gmm3qvV2bFn1/aCQkrWTto0dgpIjRPqT2j611HHTse+PG3SJaGjEwaPkgp13A+NfSOZE7sPDy3MmM21gY6ahh4FU3cTHWcpqB7PLKSl6WxxKoI3s3KyLUzln24KQ7eJaHibpJe4qPpTaWTbSTFipdvasqGBs0OJfmFQJD0f+5J0V0K48YixGrK1jObku9OlLAgaKqASSDHO0rGTRiAQ1qkbBfXy2ozDJaSmc1b4RkI+r2mz+7eW5lGtOLTr7D5Ms1HmfEeV9CZBVQ31inXS1jem8bgKmiMCLcoaXsnka3XNVyLZOYm5qXaaViKKR5DKCTgczLkiqectlRmrumK0+l/CSiMURbo7NPxrRCkttQvIj1fM6htFOKelpMlkTmj6kdDtc3NrmvFCqMaZnuzQxTeL78lkfjK/dm7N2sl4TvQECT9txX5DBd6O8XMw3Sq5B10elJ3RovJKCJDNSsuJ5S+QqZyGlVJXsehkxiDzaCSwkRXqhYr+VoU6FZuK7LESZKH3ibTJ3kiIbH5BElAtHg1fIttPMzcV8YoI1+zp6P0uLZVfEa1ZjcLLTcwSRhMUMMWMMa/A/Nkum1IwB1u0KkRQzRJ9761tDxq3Hoaav8kDTQ6NtH7jNCwJb5Vpo1mm7NqkZrLGnuUlmad/YcxZS65F8zMorbIv1q3EFJ+wdg3IIxZCxPShzSyKyZxOQvTLpEkvikk7072fivnCJGhSCdWWpNNPG4VH8oXgxoWRpofd+MlsL+RZN8p632isWgjLBDKUtYramwf9RmXVWPxRQa1pTkq0Vej6AeWIb60Kqnj30UBFREbV1W2LgBnbThEiwB2SahEjHpKEF8yCBVxJXRZbtTTaNEIFForVDoqdWQrJWFTWBeEugUehiZ90GIXAi0jwEA+HcsKMcuNDCDdBNQVzVQyYVhR7EDmdUagahwuLGbuT5k9w8Bh+Y6IwqoJbNmhKelnjsxTNky2rutJNLERdOoEOH5JSMlT5thkVZYqnLe1VyW7cAAAQAElEQVQQmccROq1MjMIVUzgskB8p7QYlELezYs+Igg+9wGitRBGGAwXjRUcV4ZpZ+qWZFJZdKrotFw23fOa3jEUHb6O46yJZe6RoIKgtmE6ooklDD7XZfdBU9YQJZblmmJ1ahzUFGj/J4sYinH+1UbewbUElzbSBUJ/Jhj93NDBNykh4Rx5JWUVZA+zYnAzug054Yxg5uB+8CAirvN6Z2UObJZrkzcjjTCNUCt0gLE82hjFbVvEeku7oUN4tpQeLnkR/LMK3+Kg1N1LVgUjWXlZBI42XWnKS3zjY/dbv3hyexngqENAZn/nC7n95weZv338fLTfWmcI+gQ280kSAhrZuUoU1asCRTGmUZcjCPNWlFgc8N2YgKzk9sEUDgypx/ULjqO6fou0DMCeV0lNNWtXulNg1rlthodieoExisHwJPFcoZmJeDTVjiriFmzFQlYIeqvTE4t0s9rNW/qqsjgOrisSy4JWDSXQGDjT+qGbaciQLBY/qJ1QhWMIqLDiIBgg5dLLPEpgMIo9sGrsndkYVaSIYVnClMiOpuEb7MXhGI2vBWlaXhmrBRKrUrO2YaWNZgLJhNTGwGzQCSjRSqRPVrUNPRKM0E/e/SiSIeB8yhZE0PZbZ9MycgtrWkohOiXOm0njtTiJ/I1Of2tSLKNomXRHvknVFGtWsLJtXkLSsJxqVy+HezAhWfDvZloa5UKllKvcKSc/01cAAfeov2TuKhrDsBQxJqjqxBPTB1leOIbJaGKJLur7ScqdJwRjIMk1JT+rU0H/3u9fQFBxwHokzp/9rmakk73GWzoz8aOo6dQK4uGvG1JGA1gvZxhDVtAr0GOsvjItLpmpURtKEUoAWfcc68p8d33diTVlNNOA6KdHY1Nu4Y+pTceD5Mwp5J30NgSQyS0SE8kygh2v1qRrRgCNq2LSpjEWn48QOiR1N/6CefDXXwdRQV5WKALGLWpMw2HZerCFTsTBknYkdljEIOguj5oySI5C3qu3Mew3FRl3fqFpOZJGV2MCjQUQEi6MhJaYLXfMLKmQtyXhaPxbjIaIloyCem4Eg0ixGvNXi9Q8sBRAswQ5O+xiXEYh92lrDJovIicEjS3wH0jbZkTkJAd1qnQV9qXoERFTN0Wn1DyT9WnZzJXkPv4so4TVXmdqctnewboYuF9LlokSz5GfFHlPjTDSLTsT2H1RqUE5HazuYX8amh+4gZQ3oH7TsnxDEUN7ZChwJsEH7c6d+0cTCuyH+qeM+oxtCtK9Y/k2y9F7kxNgSwoiGdjrlS6ZZKxYd5C3JAS2yJBGCUvBeiviLyJLAAasUpeKt7EWxTFnONWsEohRXwLvgDq+VGdRM75LWeBoG28bC45YdTqnGyLIbWBIddHGuskpfAuWghuElHXTmEtaIDWpQp0gafLM5O6dvHNZBZsi2hvBb1GcIRpYkmrfYVfB4HWMpbChSsKQbszWTmUm8RMdEfvm5UvmQ+tA21gYoJ7Sk6UC/OC/SL1sT3SXPTC/FU3Yd9+JkIlwWqGjrTVX1h3NO8MIpJNPTlXa09U2nFcUX/gu/hLoU8ZUEaqBsF4w1s6fq1OzXPQnLtTJeUdkKo0AstpUx5twOdNnodhSp5cReRJoupL9pyUWNzSwcQK862bo0jq/sdMYrDQyX8l1jqQp/ZENeFcN1cPahytDfdplNgwca3la0O4+mmw6/uPzUNlb9vdk/SWeJ3Xmwkh0BS0c/qUIJEkcymAmqkIymgZai6nbshygOaN5yW2nZ3tXr4svfTRnPojmH4YYdlr8h45pVKpQnLzps6N95WD6ig9vVqDEyhEkD7xOLL6F+XCJTwLA+e9aK2h35LETi1pYcCZbQhA64x6ArV4IxWybEZ2ZJsuBR7iM7+YRsmgp/MavrbpxZ4szKVpKWI3HRUSdQHM6ofgSwt6C/IRmhhk5NCayMdLaOsvKI97ZIoiVpDSjqkPkr2QWrQcghYG1qrSqbR7hOpQ06o/DnumOETruuzdgJReUayeeOAg1OQ0Q1ajqfPHujleyCkI21KikMGglstVYjIlQabnFrkSyKiWysk3GQIPFxZuczGx2ruRDHKY6CuLQn2cubOem5+TXz8wvzC2sneTuW1xRFg0KdL4hzC/XHIOhNRnLlcSCSK2OMVD/XBW+baVwhfaIuYX1XZf4NFK4VKy/pMMYwXLkmB8ywC4NzFjcNWWsyWV1n+mRkLJIcC3+8FneRqG/ow1zMyaxGpO1iB5TE+RrhmjBeWdayk2gX7SoBLjarH42+eAZgI0RbrikDWJd0hbLB6hAo8ae7RVA7ABRlzV8jintXqv2n3sGGlDNlG2daXYqptvJPhbKEiAVBiTwYAZWmeWK4WFEE/69I2VfqMZAKuoVvNh9J0GdjXAX2pmQyPCHWOCpNG1kRsWGHnihej7FkKUhR9i4UmV9EL4ZLngoe3npAIquotldMU830I00tiUzE43lZwFpnByLMKtVuoB+0Wi0kFONC86r7pOWBiddvMKZqaMhsL8VpEZggpgjS8GVN5wr2P0pevkWJgIVskGzCYBZHZXthUQOoZImLK8YpKqHwlQZdmKQflB2wnbUKwyUWdL8vm0UKVurOJqApaBYB1i/OVMq48ck5C+XDGfMIVZXmTSO7cqZrR4LNU6uNoMS6lwLO4zHys6HL8QqgQGmnsVxrhyLgnWo7mt6HXpZ5C4ikknTkJYBaBBZrsnR6m/ATBH7GRIkgnQVUX9My4EXlS1L2XdI/QjIlu2Lqv81+1SdMS0YqHkUHjJ46WTA1C4IWZbvoAFGHkpZKS0WOKqEmcKhY1wIdGmlgkUl5FZFXzu+/xnIOrKwL3Z46fMdMPha/AoeUv5Wp/vHIGo3TVFV6v+UzRUvGqrWKgJyjtkK4JniRYROTluZMZnuT4A/hG4fHv/nvt4WnN54iBHTGf7xj5//0pqs/85/+XBcVs4iQOYx4O/lNuSmKCpiRkc15aZyVus/071gurFmmOnGT2SjBGJFgCXupGBfBxFPJsbHorcpK2bTMocZNRLXo1B5W8pckT9mcE6sMh6qY5Gr7d1z9A9tTjWfTKuT4NnRF9RBhlbR6T9D9QsnW0GlRJNPYKazL+Sk1g8rKnuOOoSRDK8mgj0sqlPGE+uWk6JJWyxyxLEZQYd0p+YVgLo5NrVZn2dFq5UkjSRp9TRyCzoSgbb0ShRej0XqINgcFQ2W3KH/Im28qC9LJtybdLDg4IViz4oQg75ZPCmJrFtTOJ32lIyO9wrVSrLgyq6gB5yGx7LVtUDZbqNLVCX3SIsuiRdvyKm6UyGhtmPCdGCgWUp/2Ge0F8WekAmTSsam1EA1eCOe5GfagCGtWq2gQxQ+bg8ndkfHzNQPR0LUwBN3yUrElcdHU63bGZUS1ziz+WbmAVFiaqKsm8KwoLUrekm/OXkMaBBEU05QLkrqBMq10zGqmgb1+1VNpl5piY9oGy8pUsTcgVSPT5Cq0X+immhqAPFolnPU/2iwtlRPoY6pqEml64I75mF0I5l6IGggQNfwAj8uMMGXw+QptjFOv5yHlTkedZJ9yZngyCXOXiKqaoVUIqWARY/WMYYwZQmorTmViTLrIInKFyFhxLZuN3Kkuy1nIFc3nS2b8GMefBoa5irWgUfNF063ZwEeB8bSy8cjS4qLq4pAnoHhGzWKxNmR+CwFNkc0K+hyoOpnRlVQBVSFe1+xDXzLt4N+eoWhBSwaaDBleYtK3FaK5D5M+Lee7Bv0xwiiQuJZ7DlpnQJ6xlcoqHTnUmtKy0vEik05hFNVgZIwM0k51WkfUgg6zlsEA3GFa1ZBt8EWlgsSNGj/SkzOm449kSohmNlUvvZwd3n1dLXqTRakP/TRPfXx0LMxPGRHee1dqO3SmhYuCPKP8r1hSSWLUaI+o9gZX5Gwmuawz5LZKZCrjgcwqiDZP4NqMeFDMZjoh1CcR6IHsbBmi+Fqlu8dgfupGrbaHMessyVKYs9jTaGayB90lyZnbMmd0lMq1WpvhqbbLFdWiTGmltbgrIwrsSkGp8v73VMpc6Drj1TupBEulpugaIWiIaeEGsc6SxeEGtQF1QpSqx8pCw32lOwjlCGwbmoxqCURjSTgp4lC+YUy4udGZoJoRs2Xz3eYZF7EHqzlBp7tFUlVBGRzyRXVVyCKbnhUdTuBuEt8Aq6+K99rULbFMexoGT2HbBDeI2nxxeJg+GjIpfVJeMq7Yv5tgRgXmeF8tRf+dzOxcDhuyYJZx2RfL4UccY3cfjzgX/p20HIdpmcGW+PAmjzhDDPGIE/b3oXOlxA2rOqI6UQorR4F/1KguvS09Ur8M97yNWDANs6xdVZ91Jyu7s+4SOtWqspkOLq5vKw5Ej62guPz/ZcfRyWJPFnTV4boxFGZvOGDJzmxLK/Q3br/Fck/ldcY4+HI/aCnYWkhFa0Bxua7V0JNUHg3BKCCgmZeTbWCkrLOWHGtvtdidEhlnnDHOUO5Z1pEE/Nas4SaXlFDTGVPzZMyqMSIu8z6pdcAqOCNjNQgXGMbaM0kzWU4b05bRhRUJmtKNkGUPGCCrhXXIQchONSNjxT4o3KGgDLLqkI6nfV3693HTNnlibkTTplLZywIp/cT2d9ZsAwY/dr7ADVcng+7b+lzJpDRpgEw3jyXEVHoMSodtyZ3KCrbwMF3UqIzReDRZM5qbH8/nf9ZM5uZHUshAVDAp2IE4cSlA0FVl/UCtpoEQinqJP1VBQ6DJgnXROq/2ktzWWbRVbjMqWkZoGYcybfv1EMp+XxarrY9+ZwjloibJg/lPBzCdM2i8K6ew5oaBkmSDyFbrtUQ0S2SUQQUFRSZDA2uinSUrX6DTKbHDkNplVrdKr2F2TEXXmxWo6Gxhk2iqyiI0FVQfFAU9qB2zjZtuEZ12iWOyUeAOhFp0QrhpA228L3WFVizrhzqPdNKrRGOQLWueRYb5q0Nb4/mx66AWg14maba0jm1nGlYKWtIOGjVI5yb/gwBMCcdvEGUmro7IutjIT+YrSfCiJ9Qc086XA6kOMx1rGCfvtMJNYqo3u/RRSmABU+RqaqK+JMuV0veMoSiB5DigS/2Ug8crsTYGBz2ZohEt4RELpiuC2EQn6ydUtDetqF0yiiVoKDY62HVGzpJoNqaGj2xaubbrYMXE2JJBBFNpAxTLfmFgWlCM6uuMJnUGW4zeDPpnINNCFV/9fmFLO7UC1XYR2x9WRKJ/RdY+tJ2AaqWogt+WtDamQIKPZjSuBD+zjANK/5kXlNaU2X0MBGfQAEnkqm8TZcqBWpryfRSfTTTuu4SlTB+h1pLrdLVEey5YVdGYZl2F4Kgk/r5Sh0QY2Ahda3EPKFQZjTCR8UFMhlTIAdAUMzHkuDIdmM+n6RoaDUkTJmjsM94+qihV0XxkzJcmaSL1mhDopYGolWqDltrUoZWJVhvMx0pZm6ZG/b8aVafJyrDCvzo2KrL26sIJhZFKySap6jxo9SmPmTibVYsFhZI9xmn9YNnPvgAAEABJREFUz7zx3/5P4WmPpw4BnfE7773hv9195bVX/9sH7//qDOSReA4tNSCqxphojCZ2762YQRKRR1apDFQ/Ba3bwLTcSu1kxjjCsu1Sr40qlWmGB76ILPiuC9qQLWqbIJEL0scgiTuxQbwjE3IRSCBOlU4lgVWUCUFNQyOzZJdtzElkmWiWPKocLX/AUmFJ1lQ2gxCs2XRgNBZcOhUY0oDqwWxRXFHIUnDVQg2YQcWQLyn+aW6fZL71biCR6eFMibkhVA61EofWDLD4DimiTY5Rw5SwvUF1rrUDmFyQjyZShp5mViahb5kKTlim/yfdB0R4TepJpe0UUCGU9i5jEhqNCpbWImYY0QVJfRWZPhU+lHILsylrGUdVvmjIa5YQNetODprBOkB2OQO2Wbta2Ua8I31c3D/KAagY7i1Cegs7Nk+U36ECQHnqKnlfZCgqlhey4PuEKGbxrifUvy0qjibuKbMcdPtvoClqQGmjsbmhkDMYGikao5E73GWGZq4GIytTzI+KUVlZVXRGuVDvHGbLkgfRH7Q7ylCFTjo3qp591rOGcgV+RHUk9eq7zsjI5vBNNJObCqRakeqxpqMVRIpmxsvTzkKrK0r81yh+qOfV1dFr/Vz6KQyiFEBAwnGVrJgPyjwG9XPl/zWVunC1gCKmSCqaUMtQ69bssFQmm72kGI1zTDK3RxwQMUglM47puq06zzk7mE6E/oc0QyK1Z4g9zgpJ+EJhLFGGVHaouqVKXtSG2FXpjcdSOcGeXaMQtMBCeb/4q7oCjIYKaNsjPhteXdKsplC7oZmOx2PzVqCoFrt4S3vAOrAao1CqrAORrBS5RnvzXgNNbtpdVtNtsW0r04qCetn1JWBasIy/FKtR6loOQwlF8QZK/DeLzUUVWyVtVQJS+Hao8XfBPBOBtC+UIxYBRgHoxFLeSevxqv+9wsVaKeUu0lVrAuk8aDX1ICkHwDmtBIFmvvFdVCQ+UUAzsTEHreG6Zx9UVTRUWv8J+8HAKE2VRgMVGqjrozxklUOXnXGWsNxE0HFMmcCYccBarlGZhTPomFIxBKXxUbmtQuD7DIWC6OzADp1o3FYsnqmCKeiqIq8rGn/byMuhkxStUJJN2UR5FjWSBHw9MsShjOMtdua/kv+0Rk6JsEQna+RKwaKJZj9V0qxV74e3Q5FQBabiUC40fWX7mNRNC/nPokYm7Dmo0apwBC2oHDq6xQPrL4tlrCIy9eRRKBRSUivdXM7ynbya4LDQF92Vsgdd2Wlk8KrKNPQuaV9WyIcqmbOC1hSDN0MhyY1u4YlKegW2NZnQFZvioj2aeIOUWq6ZXgP1g9xzbW1vTd2pyxRV/616SsBKGOkc2HzSVkFUHlndrIFeOfVjV8r2aV+GqDuwOgaVouY5NTq5J3KSCgZ8hKAi7lNWKCOqSRItSDmY+Z30rfaDfTQsW47LjGSTmuEoTHPZI/XUsfcTxZ6w6i/S/5j0vLHMgCGXY7Yu55Ce1A6h1tLfXIHW9OZMTkpkY460oRj0w0GV69WVlrhTJWJwi0ZFli1oqHjYsA0GLdpAGyVu/0r2JdNSzLGTUj/cpieHpN1Lkt1FjL1mw/9UK4d2wIDkCYwoUhFsCPnsUJ/JtHQWW5OJU7NEB0tvSgKPlEzOm2He4qaLi2IRoFnYtJuiXZ+QQVOBtHwaNZA9qECViatsji8eWJxNZw3LV8L5LGXWQJqoghSx4pqGCW1cXsxC6ouPhKBsV9Lsg7rJlxq3zXiW/41uJ50UURLhh6foKibPsBmF7KRT7SiLltca1A6HOoNaeyc+wytZnEqlX2aDGwS8ieuy0lVefKWJTXEk/LhlP3DOOuusDe6rMg5aTDeNbUBeEsh91lIVnm8yqcZzo/Fc02QOuknsFgWxAx5Cam+MJxICLQ0JsQUkPV3LTFuVypVxi8Fkps06cakrDYXu8BH58WzHYlXz6mA6o0VADCSBTT/bn0NZs2U+9h9h3WnppKAmq52CVAgde6XpZOxK0NFgj0QPRansItXjIh4h2fIKmHC0/SqelG2ZeUKIe3l1+esoPRvQLG3KMiwR3eqQS6SRqozpajVzVuhO3QKqEYqzdZYgYlYBbhb1yuQDmxscr14Rz57PKpkBLxdoVfXl+rWKBajHHRhFLUOFUjUsUDCD0oaQnRr6XgsKVbYIBjpX6uUFu2bvCDq/knF0VcDRVCsfKPUeKvNuJWY0MfchHzIZN5hr4zGbkbBQtrh9arKIlTK/Wh4jfzIl3aUiMA48LFVnRVowVapOA44jQ1IQlFQFzQfR+lccSaGSSftB2oh6HFiFD2VFY59hJQVzLZUcgagcYHoJjW3QaamKcbEgEjtOlTQFVSrpWQZziIwPTcLE3UyXplpAjyTjYKFZuBgWvG36YP6TyZ7YSgEiNnfRBhuVjoU4rUJI+uK4bWroLdT1SOWL4awdM7tM4ZL11XX2fczhWtU8rn88hVaXjFp3BHYONwSOMZQguX9QBjOEZSNDQyS8TM3pLP8z1ekvNTrgwkTcWD6w6zQMsXAmkligW4wGNVLMMwBI65FnJorBLV3p+sL8GVl33FkgajsUOGtZPaSy3qux0gIUIpNn0lsSGzkDQRKnjTqWxC2k5jaVJYj8VC7KCtINBsgGsiuMjlLKbOfEOEUNT6Cdy7qiMoUaWu6YyEkTXaQuY2SN0ISwbaiKXadhPJjRMqp5N5ifTGhUZMpkigpLdoNisdRSe31kxWZVL1BnWlKJSwEDZrxhVGVMjTT6rUZwVMavPJQu+bW3/ORzfzo4nmIEdMb/cObP/Ol/2vmXu/6/v/fvf+cre/8bDY5g0cmM/YQgCYkUZiwR0MUnJjyfiHuWVpA+d9iwUKhcJVMIlmOsSypZTg5df0BPxCjNm9hTKtD+4T2BlVPPL82mGVZaxdYFiRUIIJrJG+t9JQQIqTJhgkMdxZENNy3piLFsCX2AlPtjcLHZGRopZUWbQzT6TPYb+RNz0lPqVhCApIa58NpSI5K6FHyz7ZRtFUPUsgbalY/2v5qIap/xin3wSxTuLKi2hPoVaix0sbVfg45hMCq7oy4T2G0kIiUfAYdZTK+ZnxdHm2j70xqOLjZP69iMrUavsVQiuytlo4DptC2GkzBdU2u6DcOehjx3/qRmOChpxAe0DGysmP4joYB1qT6BDRD5jaRQoMt3mshWBB2KE+jjkzqnGztIF7WgKjtJEA0fkBuXNhR5Z2pYYwO96tgwhIkA1IISPgD7zBIEiXXM6orl0ST7K0pEQQzGKJleEeJgfgNWxJkfq0gWRYLlFTotSFohg4bkFGPJy7xSHVuZhIrTKZratXz66Twx7dTyp/gMeDZVqzGf+SzmjwmlqRKLKpBd7lgjJZUAg6T5Z4w5lXq+iawE9XCq5DFaAGBrdn9QSlXJZhkW1BRA8S86QrtS7MBmvipb5tsPauFGUqKtKt6stRG4o0cWVNEIQSgYon9YXC9NDhCCM2negP6lcDdQEWHtYaMAeCf2CiKryRjVo/8xMzb2eQxS6lJq2oJob2RDocahbxDCp4saxVBSq1g3jG3RC+mH+WnmU6Yh823GBjpWU0uMUq3KVFA6RyhZlNpMpi12SavSZDN+PDeBX0XimmJd0d6QOuvWQlRERRYxqGqnVkMpiBPQJlZlFN31DP0BtYRy6ToX6NqGjY5K8fgSbiHAUGCd5c5y2Gpw2YF2i0oG8G7MO25nreamt7S+RKCLegqqtNawBlJPMJQtcSbE3h/K16a1W+jzk6Xdov2L7FGomtcODGZsCtjc2KSKCxjzp7K242UJcRNsGT8Q0CBWGnckcKM63TTUV2YogqHMOpYa0ExOzxeSqvzyDA1C0vPXxLaQCD6J9A7sNEJrxqihoOE6dOpg2lMtReauhJSpIRXR3Tphq9NA6cCXItNc6jZFy3zQMJCgUXW6gTPqvTIyAbNe6UbjYYPuPxGRDoqO7mrl/NWxFAN7JZVvSQtXNgGKMRY2soqFBuCvqHGs1Nky8jEGE48xaFpmMgW43EmnPvGSF6nMtvpKYlIBHywvBfFeFDxBizVVymVgY4WNoZugXo8ENKdcV3hC7qLkCyVWUpYCHDLS22UUzJnDWBXNN45GU5WCstzGglExqWdtk7oU0WW4fAgHrFncahrh1VdFkKpINNsQvnbr8YXdlfYP0p3gIeV7V7HIl2IUXXHH8fOqFDFQ8zvG4slKvXnSg8soFEqkfzI7pc57nrYKNt/00jH2ZKkNT1zJzaaehS1/LvxuOVi/w2IC9qws+6ErrvcsJNv1EPFQBkO978HqwehEsKvLd2dIurHXHsoWrm4kkm981Xb9EFYwvMHOHsLyR42Dv2rwhTEEvJdizZZjOU/6XwO1FjUuue1RGU5HqKZ6SW6V9haTWaC6F2NxBWbv2LNS54dGMVPvDXQtyGNpjynCpJrAWzPjisl3vri4uLS4OJ0enkm5YRJApCdqxtLm0yxNp1kZFcWgQfQVZCMV6LxPioYr4bzjubm5yVgqio4Q7tWMRowWTBYMEXXbpgCUMMxJN4ktS85JWdK8gQnZU8c272XtYv4wdjO4b7qoAZPTqBoZHe2qLA6i6YyvyZyKVMRGm1gWvKKdYHIKEZUdd1IqVVCoNfgvJcZngEuvG1Q2008TSwlpfC2YcU01b6HtNs14TnKnRDHL/uxJvbDQogijNN4eT+bn144na0aT+WoykQrRoKsrRGBQUoopg9KlUMm0aUhHsg5X5wvn40LjMF9vGd8a4aSJFZrLbLY12ZmOqseEFT6rWFhmpZmGi6Cwz6kQ9JyUtXhCYY7RBYcx4evhNt9pYEgf65x66UXblRG9bdBIkkguOvZZUvSvBrYc6DqrmJCpw67VnauK+gqjRXzCNpAw+7E6HdNgWSWVY8l2smqgO9PaKoVNQhH7XYL5yltEph1PJEZf1MD0qtKSU4EJnyjcSTFQZcZNuCv5OCst2WPDJh6qrEe1bCt+l7pC1/aChXl7eDm0jJLGsgW1MVgXVNaidMHMs3GOnSIQCJypMpotqO/RYORA9XLUKHKlvFVtPF4I1siKs6HmmHCbMeMnmCJHyrnTCtZB3X84jbgLlhbhVCBnLT4wFEOTkyuRbZHwvF2NXE0MgdbwXArMslmHgRVPKVuBkQh2+xp9zYgyfqO1CBjQhi2rJNtkN1MgDYN8uc3VpcV0X7M4dsMtgLdXcswlADHS88ECM7ijqhSd0+tJF3vTfBI7J2mVJB0rRNAn01zEz1JVujN2SjtjqUj1sJkWGBKyknq7shjYV2FSVAhAauHCzdJ9xs0JoXEdRLggfzM7JBm61s0sNhzWFIfekhhMy5FCScggx+uf6bCgqobwPLrpai5AQDmcPO9aLZLXS5qgC81UAvmgm81Mie0Kry3nGI20nmTQNSqKOwLftNdPDCzuo44wCk3NWy9bOWYj3hMHfzQa4z4YvYBRbbm9JtR0ZvAc6DdUjs4zG2VDdMLl073rK5IAABAASURBVIylt2OQzVByDxqyD9W4joeREcu6q6NsaHaNhKM3fTNkpMWznmE0lacyqz8vaz677OAx7D84PTg+4fyXv+bi578gOAxPNQKaeMmmf5r/yT/cfNOHP33Hf/qHL3/54MOPiG0ZTceqlB8rPFpnem1HU6oqRkabihCSpTDjTmjlaFMqsomWchoGn1CblpQ62Qta7m0UJloqi6pVbLGO1chQUin1DhWcj/8ynd24Hf1fZ6Vsk/1gO33VK37KsqdeJdF4JjUWzA6BMdBr7xS3pdgidG41M4Sv6BCoVgpfJN3dmLNAohRFhUyVMZtCM0QqDUqMjJbpTW1T+XlIVAM6wIVeSwsCKlhmX9ChFsHbMvVdszOwmWneM56/Zipu1JhEbBsosF0HzUmW7ScUqjWfdTadmW6lrtQQNJJhinA/etk1AtxIhKTR0UEjVlUWM4iZ9GWxgfh6YtmONYSq0vNGyw+CRqcHMaKLCV0VQ+k6NR95WTKvTP7g5BLDJKoLBmoWJpv2T+ACSCjqjBZeoZAEjFyPodx34HtS5SaGgUGor7fXqBED2THIwZ6O0Z5MENLhipqJbXYyGedAwyjqr6WQwtCA1OizoEsyDHTyorenYNwUFa9SpEt/1YE3LTqQzFR+hdevK02UwicS6diFop+EXk3Hfou7FBtjVGkvA9mW6KUJFhEeKAjaFoXbdZR0mWhvj8rU+RRLRCLXP7bWyKh3apdifXIBCWasqM4GflDfNVgUCUwW28legvYOkvGsOgTlYYNZ3nghmsmlpgpfSR9GYwHarNieityKtd05Xe7dQBkNaleYisz+qQyFwdBJdBL1MxVgHVLwuz5WSKp+iRpfSz3o8Th7q6ntgCqlV7+l54PPBFV7mmbWgUQ61BltEijNGNCeGKNFWaMpC8j2pZobbAaAS2040VhDAwkwUFNY9VfqggkpSdmCAJloEYPFtBPTmx1SUXRPOL+szDSablaX6YHbrmNhmVQsB4awQ16U3DiodxpO0qcO6jJUSy5ZHKCt3FBWcFr+Oz0lCGziIobPT10BZNqtK5C5RxnHYvUrdI9jDFjsd7tk3g4LLK3UUg1KChlBossuFs+VLsHiRGHzq2gx+EqnKw+iLbZjIQO0zKVF1qRixeqLTTbbOYl50WJD6lrgG1HmSe+yDKcJRcsUST1dYHyWirpkAba6h5uJZJp8kW5FGsflzKz+0B/EXagtscqBLhC7bJGnJcrNGEBG8dCjQsfbQBXQOcdQZ3gjOC15ZdbSqLAeJURcev82Rtwz6ZwLPqHYNzeXEIpiEYr6YyZ94e97eyQob2nvuYml5slQO6qSlYsKvRlDeWiqmnnpB4u/H1R62WMI/fDH5cuCM64furIZxFD0quVrqGhq9rqWbaH2aSjEU68DDv5a3oPeUTln7Inf1Ef3qvoSBg/CA7H+8EMZ/V6sDJ4z9XIjKnse9XWkEPqr2ERJ5XXxxGzdE6nFFU022vrSIbA7PkLspBD7m49h2YgMF0BcPthcA1QU9d6H85sH6RgVJU1fUhxew15PMh3L9juzAIa3Sq8O/tXqLoxMta7sqL2k0MlP28MaCafZUjtFwd1sNS8eFhZvSZC/Je1y827VaSFeagSSVxmseDVWIMqmicGczetqItzzZG7NeG5+NJnLtBfzDixkQFefwV4blQxStrVGDmfqA6l1IbsZ0xK0CwS81sn2F3F1Wz5EP/HYlbDr51FJmexUB2PVjrbttKECaJq21H02G0Rt/qCNMISwFCqdrb34hQp7L3bu/m2jc2lMmYVvJuMGpaj4tUyBS2Rc1jRGwmjUa9aMF06YX3NCJqJr6f2F4iYIXwqmqUYpOKAMdEBkd69P6pwIA0MgoOGiKgni+6yrftWEtHyNq+RaNovVC6I6yfKF0U86lTalE6hOeRqMQVla3Y80aK/Mdt1wgxUEs081xEP3Im5QHSuL1DxRzd7Fuk2AOWLycTBbEgHjmqUnZ2YVLs4xlSjiBrGaJEUq8wTRVl20xU0TIgyKqxR5mPSC5dmoBjB2PiI+AQn1xRZJdjWcuqq4C3DAKnQ/5E7FTLuuf28cDiZFBR3iflfCN1K/zwcGuwTasTqc4jsZ5aU5yi6hPIEnkv1gSliyYDlMncoi2yh3i3oToladMw009mNuG2BKg5VtnW+ouptRVKnk16jwbipyhgXoovZiw/Bo7begRh9kDBo2RJ3mXOolat1WQVfeTdS4AexVdLkv29z62UiBgFrw2oulQilxczuQ4wbdh8/qWntlp4FBpxsVhkCCAIJWuqOlYYHkGmpAV35nuybXjE6SaAoCXyy/go4/y3Y/6hGp5zFCWZ3cLiJr3HfSs5HaJ2LgupYGO2kQUZ4a0ZdqLJSZzRvoJZSx+hAi6MQ2CQxsqhD0G9mTnWoWl2RVxcHQYl1ZaRqG2TDEKlHb0d2p137Zy1mvrLF20bSgVqe/jpAmTJW4Qkt2azjjgrYsDcly0ysLZOxSr2/EkiGnZIWGMPZNnKKOCcOxhZOZcbrLxkCfV4WoaumXKs3Pubdkv05XwqdrpYuZkYe0gw7VZFSPjHSk5b2vQ+dSiYWqmLui4XRFIdI3rlZ5fXA6e+jA4UNtPX/Kszec8+JLfuGS4DgCRyh5DofD4XA4HA6Hw+FwOBwOh8PhcAxw9tlnhyeEp2YEtMPhcDgcDofD4XA4HA6Hw+FwOH7kcALa4XA4HA6Hw+FwOBwOh8PhcDgcqwInoB0Oh8PhcDgcDofD4XA4HA6Hw7EqcALa4XA4HA6Hw+FwOBwOh8PhcDgcqwInoB0Oh8PhcDgcDofD4XA4HA6Hw7EqcALa4XA4HA6Hw+FwOBwOh8PhcDgcqwInoB0Oh8PhcDgcDofD4XA4HA6Hw7EqcALa4XA4HA6Hw+FwOBwOh8PhcDgcqwInoB0Oh8PhcDgcDofD4XA4HA6Hw7EqcALa4XA4HA6Hw+FwOBwOh8PhcDgcqwInoB0Oh8PhcDgcDofD4XA4HA6Hw7EqcALa4XA4HA6Hw+FwOBwOh8PhcDgcqwInoB0Oh8PhcDgcDofD4XA4HA6Hw7EqcALa4XA4HA6Hw+FwOBwOh8PhcDgcqwInoB0Oh8PhcDgcDofD4XA4HA6Hw7EqcALa4XA4HA6Hw+FwOBwOh8PhcDgcqwInoB0Oh8PhcDgcDofD4XA4HA6Hw7EqcALa4XA4HA6Hw+FwOBwOh8PhcDgcqwInoB0Oh8PhcDgcDofD4XA4HA6Hw7EqcALa4XA4HA6Hw+FwOBwOh8PhcDgcqwInoB0Oh8PhcDgcDofD4XA4HA6Hw7EqcALa4XA4HA6Hw+FwOBwOh8PhcDgcqwInoB0Oh8PhcDgcDofD4XA4HA6Hw7EqcALa4XA4HA6Hw+FwOBwOh8PhcDgcqwInoB0Oh8PhcDgcDofD4XA4HA6Hw7EqcALa4XA4HA6Hw+FwOBwOh8PhcDgcqwInoB0Oh8PhcDgcDofD4XA4HA6Hw7EqcALa4XA4HA6Hw+FwOBwOh8PhcDgcqwInoB0Oh8PhcDgcDofD4XA4HA6Hw7EqcALa4XA4HA6Hw+FwOBwOh8PhcDgcqwInoB0Oh8PhcDgcDofD4XA4HA6Hw7EqcALa4XA4HA6Hw+FwOBwOh8PhcDgcqwInoB0Oh8PhcDgcDofD4XA4HA6Hw7EqcALa4XA4HA6Hw+FwOBwOh8PhcDgcqwInoB0Oh8PhcDgcDofD4XA4HA6Hw7EqcALa4XA4HA6Hw+FwOBwOh8PhcDgcqwInoB0Oh8PhcDgcDofD4XA4HA6Hw7EqcALa4XA4HA6Hw+FwOBwOh8PhcDgcqwInoB0Oh8PhcDgcDofD4XA4HA6Hw7EqcALa4XA4HA6Hw+FwOBwOh8PhcDgcqwInoB0Oh8PhcDgcDofD4XA4HA6Hw7EqcALa4XA4HA6Hw+FwOBwOh8PhcDgcqwInoB0Oh8PhcDgcDofD4XA4HA6Hw7EqcALa4XA4HA6Hw+FwOBwOh8PhcDgcqwInoB0Oh8PhcDgcDofD4XA4HA6Hw7EqcALa4XA4HA6Hw+FwOBwOh8PhcDgcqwInoB0Oh8PhcDgcDofD4XA4HA6Hw7EqcALa4XA4HA6Hw+FwOBwOh8PhcDgcqwInoB0Oh8PhcDgcDofD4XA4HA6Hw7EqcALa4XA4HA6Hw+FwOBwOh8PhcDgcqwInoB0Oh8PhcDgcDofD4XA4HA6Hw7EqcALa4XA4HA6Hw+FwOBwOh8PhcDgcqwInoB0Oh8PhcDgcDofD4XA4HA6Hw7EqqILD4ViG/bvefv5pGRuv2H5PeJpi/66t58kYnPOr2/fOgsPhcDgcDofD4XA4HA6Hw/HE8KQkoPe+/8LTerz4+ruO//X9O147+PrLtjmh9uOAxXtv3/l3R3x677bzy5t6487wo8C+T1zxyg/ulZ++cfs1v3z93vDUwX3v70f3qjuO88V923/tldtAvu/75DWXvfdoYzDbv/uTu/cFh8PhcDgcDofD4XA4HA6H43h4UhLQG95wy4dePrHf7rvhVdfsPHDML9/3wVcMuLZN7/nIlRu87siPFpm7fP9lL3rJFbfeH34M8aXP7ep/+ep994WnIb6067P9L/d9deUYZOfBNS898+J3//Xh4HA4HA6Hw+FwOBwOh8PhcBwPT9ISHOsu+p0PbVlnv+3fftVbdu4/6hfv2XbF2/eUo7Z89EOXnhocP0Ls373tshecefE7dv7YBs+efe6m/peNLzg7PA1x9qbz+l82njMYg9m+2998/hkveRoXJ3E4HA6Hw+FwOBwOh8PhcDwePGlrQK/b/Lvvv7SnoG+54i2fPIKCnu25/pe39vTzK2581wXrguNHir/+6NYfX+4ZWP+qD/3xr22Qn0696D3vvXx9eBpi/aUf/OMrn4efXvae3/0fB2PwtVuv/9hTqSqJw+FwOBwOh8PhcDgcDodjdfEkrkYxeel7bnvLF89/F+mwxR2/etXP331zHxYdFne++RU3fNV+O/Pa2353s9PPjseAdZve/pn73x6e1li36brP3n9dcDgcDofD4XA4HA6Hw+FwOL4vPGkjoIENv/6h655fftt51au2lWq1++/4ras+UWKiz7rug1d76WeHw+FwOBwOh8PhcDgcDofjqY77tr30tAGu2hl+RLh32/n5+i81xnLFr08bPLkJ6NBsuPIj7+lL9t619Yr3IyB6/+1v+bUdhX7e9O4/ZD2BHov37Xz/Na8875wzbCaeufHCy969fc+DK69w3/vP72frHSv/uvON5Y/nb7v3GIcs3nf7my/klY48g4CTj3jjTjngtmv0gDcOF8jivru2b/2l8wc3ff4r37xt572L4dhYvGfntjdeeM6ZdsgZ55z/S9ds+/R9xzvmwN6d77/qwo2DY1522fWf2LN/dtzHv2f/7o9cdWG5uTPOufCNN+3ux3PnVfj4slv6w3e8dvjUx8Dn3loe97Qz3rrriHsI37jp4vKFi2/ad5y/vuhe+e1uAAAQAElEQVT6oxSPGAz+GW/ZteKTo93YY3oLt7+hnOKV2/t7WuwfOV/ubbv7A+66/hz7/Jx37VlxwT2f2Lpsrp73ymvev/N4r/DBPdvf/srzz+y/v/Vor+84OHLa6ycv2dqP4d1bX1ze/r3Lb/mIWXfha6/f/ndH1mnXWSF46ba9D+6+6Y3LZtBVH9mttz3bj0E4sx/zt99+lBGQr11/2cuOWNf7FoPD4XA4HA6Hw+FwOByOpwPuyGTDi7fePfxox2WZvHj/0431/THCk5yAzjj10g99eMvEftvzjituuGfvtlddscMYp3WvuPlDvzws5Lt43yeuOOeMF1/2ju277ul5qf3f2LPzvddceNZp57995+Oi6h4FD+685kUvvuJjj50B27fzTS968euPoMwe3Ln1vEwEX7Ptc3sHN71318e2XvaSMy5+9+6j9GBc3HvTa84547zLtt6yZ1/58+K+vZ/bvvU1Lz7jvGtu/8bRjvnIZedsOP+yd+zY843BMXftvOFNF575git2fCMcAw/d+hsvvPhtO/rbzrTpLW+9+JyLb7o3fF8493VXPqfcyMc/+Vcr/77vk7cWHveiX331ypLNp/7Cq8+1n7+649a7Vx6+90/+wBjVyau3bArHx2N+Cy/oOxnu+mLPJ+/aNfBALO7+6yL59u3ZXWjqc19wVvnO/k9vPX/DORe+aduyuXrPru3vuOzFGy6+/iivHW/wrAuv+eCuvfv772/Lr++8t+48wr/yg8cxZt2eO2645oIzz3n9jn3HWlwP3nrVSy5+6y3LZtCOt138wt/K63Hvti1nYhDKI+3d9cErXvzybXuHZ3vw9mtekL92w867jljX55xx8Qe9dLXD4XA4HA6Hw+FwOBxPedy37V078n82vO3z9xd8dEv+ZO87LlsRP+f4oeHJT0Bnivll7/rQK0p5573Xn3f+1rvK37bc+I5lpZ/3vv/iF7/p9uO0wdv7wcuE8wo/GOz8X67a/rh67n3qt6/6xBEH7N951Usu23bPMQ/a/d6Lz3vT8nvOnN3Lz3/rp4997Xu2X/HPXrn93mWf5cE5/23H7hG47/arXnTxMW5j3567jjZms91v/X/s+P6iTzdc/vqN9vPix/9s1/K/7r3pA8Y/Ty5/3S9Ojjh8/SW/fJH9fN+O21awkHtvvcVI4Odc+boXhuPh8byF9WdtLFT4l+6xS9yz54vDA+763O4D+uNX/+tf26ebNllVmf13XPXC1yznWIeY7b7h4vOuuWPZsB/vDd5701vfv8ok7KPNun23XXXOlmM80b49e442g/bfcsWF5128dffRDrlr62/973at2Z7rX3bFcdba7rdffM2nPQ7a4XA4HA6Hw+FwOByOpzb2fkmiD7dc94bT+88uuPHmV8iftt8+CIIeZsAfvWjB8joebzxuGY87rjrtUc72tMZTgYDONPPm3/3Y5UfpMHj61Z+4cUg/L376movfUeJR1216082fufsr4gnZe+en3ntpmZj7b7nsFR/8wYTl79+/f+Ov2VXuv//GCx7LAVfe/Gk74H2bZbq/6rJST2TdeVff/Fn88b6v3PnJ91z6XP183yeu+u2eX1vc+eaLexZ+/ebr/uTOr9yXj/nK3Z+++erzbET277rm1/uiM8sH5/RL3/upO3Gdr9z9mZvftEmPme3e+hvHqlNz1tV/giO+cucf/0Yfwxs+eevtQrNuvhEPhAWv2PJR80TJYx4T6192Sc9Af3T7ziF9+YU/2GZ9Jie/fMmmo5X5nvzipVvs5/s+duuy8hZ337rDDj/9FZdsCMfB43wL//gFJfB6z516zX1/9bnlBPCuL/6dnvyvd9u7e965LyB1fe+2V7y2v6DM1b33HzFX923/jd/eaSx2uOv6y/o3GNZf/M5P7bZX+IFLTw/fF05/w2fkVH95XT9KZ15nzsTPXPncsHLWPffS93zSZtBw1u3eetVHjjGDnn/1H9sMurqv7b543737w7qL3sMB3/upd57XL+ndf3KrnuuzN5WOo2f9xh/fybFa9uD7t7/344/LGeRwOBwOh8PhcDgcDofjyYkdty6ngDe/D/yFsdJSaHRYZZR1YocUs9DTy+t43HLZsWpJy9leuyMsP5tX/BjiqUFAh9BsfOefXXfW8s/OetvN1z5/+MHe33vL9r4v4dtu++M3b96wDjGzC+vPetV7PvXRLYXZ2vP2rTsOhB8AXnbjLW+3qzwmXHTjH123+czBAZ/7wPWF1Lvgxi/80bWbn4c/NpP1z7/0PZ/91NVaoWLAr33j479XGjCu23LzZ2++8tz1EyFnJ+vO3HztH9527Zl2wruu/8Dn+NO+j7+3DM7pV3/y8+951VnrcZ3Jug2b3/zHX3j/5iMOWYaN7/jDa8/FEZP1m95y49WlbkZPsz5RnPrqX3lZ+WXH9j/r41h37fi4/XL6la/ZePTDm82XvtaGc9/2P7+r/8ve23aYMNjwul86Lv/8eN9Cc/amnoHeS4n2pS8yfHv9lW8gJb6466/4l71fspNPztvE+9j1gesLl7z5/V+QubqAXzBXP//Jq0+3C/6ehswv7njfDUW2rXvFzZ/9wOVnnWqv8OL3fP6z1x73Cb9vDGfdc67+1Gffc+nzbQblWfdHXyjelz3v+sBRanmHje/8yLWbbAZd+ztXD6qpTC7/8Icu5YAvnHX5e6/t3/RdX+IILu5/yD7a8Au/tGk9xwoPfvNbNq4/db38c/89X/oBVtdxOBwOh8PhcDgcDofD8WOHzde+TfiPvgvXkR3/7rjqxe/IdMKG6/6yFOm4WZiaWy6zyOWdV4GeHtbxQEjljsuOEge98/oVZ0P03t5bbncGuuCpQkBnPO/KG98yYNjOvO5Db1hOuN2783aLkcwE2Y1vWEnHrbvgd9/VE523/8Vfhu8fmy++6LFzz4ILfuGihWUf7PzETcaxrr/6t7asjPNuzrr8jVZuePcf3Hqv/Pe+HX9QKhZs/Hf/y+YVxzQbrnzzpUrJnXriX38BPOe9t/bHXHDtbz5/xWXCupf/5uX6JIs3feLIxbbh589bv+zXC8pzL37vofD9YbLlVy4vp7v9ttt1QA7s+IOP2thsfP3lZx7z+E1bXl0Y6G1/Up5zz60fM1Gw8XWXPDccB4//Lax/wXk2we754h5xZuz54n/m75vP/bVN/PbeL+6R096zp3DNm1gAerZz+0f7C1778iPC+59/+dVGcO/+Q0QBz3b9xSfLnze/610rX3t43tXvfO3jm4yPC8NZt/ktv3nWymj0dVuu6mfQ9v98xPHP+/lNpw5+fX4fQp69Mi8d/BJO3fTzz1t59OS0n7Bn23v9Ky7e+tGde766bz98SBt+47Y7d9+Jf965+Wgx8g6Hw+FwOBwOh8PhcDieMpAc7mEC991bXwwiuoQk77xNopW3fJT53MTmG3HIjttAed1xq3zjFTd/ZlDHY/P7Pn9dpp5uufUIUoxJ/8OzOVbiKcXHbDgzk3cWPn/WhpU1B/Z+qYTWTy74+aNFg07Ofemm8EmtMrxn733hgu+zbkFYt/A4Kb8TVwRL37e3r6mw74aXnXbD8Q7e+7k7F6987mTv3eVBV/DCisnL3nPny1Yc2g9OdgSdcdpV4Tj47Bf3hM0r4s0ny6fSs047vX8X3z/OveTVk5uUA5aaHlu2LITFO2693f5+lPaDQ7zwdVc+R0s0LH7s1t3v2CghtHf9eSkZvOlf/8LxDn9Cb2HDizZNwl7cssSAb3nul7TP4AWbNq3f8MX1YVf+9Y5du8KWTXu+WGbtuRvx/r+27IIXHv+Cd39u94ErT39gcMiZ525cOMoXN513UfjojrA6GMy6sPMNZ5z2huN9+XN5Bl2wfAY1k8e8VCaTI+XWC6/+f5570zWMzd+3e9tbLttmX17//E2Xvu7ay1+uEf0Oh8PhcDgcDofD4XA4nuJ47pWfuf9K/fmOq1gfY+87Xnx++Pxn3hBIoOx47WlHoUiEDdys37jlstNuOdo37g2bn3vk5zuvOu2y1eJcnvx4CkVAPxoWD/SlG04/7VlH/c769c8afP8H1Ynw+8H+hx5PJZD77v+WVCMYHDJ5bC6G4eA8Ovbd963wQ8bG1/VOp5233rEoNUM+bD6no7cfHGLDJa+wwxc/fitoyj23F/75oktfflz++Ym8BSkDbUHRi399533hrl30bGx4UeaYz/p5veGdX7wr7PmidVZcv3kTS3kceOjxvI/7vvXAYztkFf1Ny2bdo2LfN37gM2j9pX/4mXe+9Mj3uLjvrp03vOnCczZcfP3uH4cV7XA4HA6Hw+FwOBwOh+OHiAskQPnzqMvx6GUx7v7So0VT7j3yGzvfeNppA/Z5y0cRK+0Y4GlEQE8Gwcj33f/AUb+zb98Dg++vCz96rDtx4XF8e69UG56sGxyy+NiK3k4eX6T23r1fDT9kbHjN60vl350fu3Xf3Td9wCo+nP6G1216NGp1cPjix/8sE767t3/Q+OeXrSx7cgSewFsIYWHjuVbJZM9/3bvni4zOXX/RuUKFn6Xs9L7de/b8/X8z6vi8F2hU8MKJj+d97N375cd2yCpWQF426x4de/f+4AshTTZc/od3fuWzf/zON23Z9Lz1K+OdZ7tvuPiK7d8IDofD4XA4HA6Hw+FwOJ6yuOMq1NtY2S3w9IsutVoIp28Q8mVYAHqIGzeXbwwKQC/7xgXLT33vtq0SKL3l5mN9wfEUK8HxKNhw9oawQ1uW3fEXe9+x8YgqHIuf+/Su8ovW8Gh6HuuIohyDzmerBcx57bm58Z27b7v81Ec/ZsOZG6z8xd6/+Oy+q5+3Mix08ZPXvOhtuhLXv+YPP/Wms4aDM3ntH3/lXZvCKqEOTxDSivCtu1nm+HMf/+33P1DqN7/+NY+hu96pv3DJxrfuBme9+Eef3PWLwdoXTi7/lS2PRt0+kbeQj/q5jZNwFy6z+9Pbf4J897kv+Me46sZzzwo794Sw669uepY1ddz0orP1p5/c0FeT2fjOO2+7fP2jXm02OIRFOY5ghHd99vbwfaIOxxqrwaybXP4nX3nnueFHgsnzNl3+5vwPflncf9/du7a/67du+Cxjn3ft+PS+S3/50cfS4XA4HA6Hw+FwOBwOx5MSF1x73Zk7tt6947KXnv35T19pLJ41FXzFRfmT0y/eEm7ZsfUl54e/7As373zjaZfdIi3l5KgLLtkSduzQkh12Di3lkZnr5eWeGRJ95tk9OXXH9VszieRB0AM8jSKgw3MvurS8+6/ecNX7V0bM77/jt95S2rhNtlzyEvnv6c87u3xh7yd37hsecOD2P7+j/HL6Txy9qsf3i82vKv33dl//rp1HFBHYv/PN55+z8Rz88+KtoDJP3/K6Eiy8+3/97ZXHzPZue/f2fd/Yh38e+rkXIuj2uZeUYxY/unXbPUfcxz3bXqlXOeec127fF54gNmzo1+OexxcFO7no4ovs5907brFjX/Yrr35MdPD6V/+qOJ3NfQAAEABJREFUHb540xW/WvjnV7/sRY9+8BN4Cxkbz7Ur3nPTTfzw3E1n0+nznE2bSYTest1yNNZvPMu40Wbzpa/tL/jbdxzlgtecZ6/jRVvFbdJs+vm+rvfOt7zliJu854a3fvTxFPY4Kp4zeH93f2nvIKR6MOsWb3rHtr1HRFvv/eArbYjOuexjT3gGHR173nWOdbe9+KYS5jxZd/rzL7r2d36z3PO3HjocHA6Hw+FwOBwOh8PhcDxlcfqVH0EHQus9CLA+xpbryCZfcCMqcuzd+pLBNxjFrJy19iTc+47BOV57ZOtCQCjv5Zd7rdeCXomnEwEdTr/8bZeWshp73nHxK9+9c+9+UHIH9u35xDUXvnZH4ezOesu1mxlA+qJNhfUMu9/6mnft2odat4v7dm371bf0AaXnXnTu4ypB8Nhx7uuvtUoO+2+57IX/+vqdd/Omw+KDe29/04WXfWyvssnNlkvIpZ766t98lT3o/h2XnXfZts/tQy2Oxf1377z+NRdff7ed/PnXvl4jVde/+k1lcPZsPe/F13xiD59Uwkg/t+2Vv7h1l3LW+87e8gtPOIiUWQzE3vdt3X4PHuUx1gn5xdddvjL+9rHEL9tXL/iF8ir37zf++Zcv2fRY0gCewFvI2LhpRST5hn92rg3dWS84b8U1Nr/g+f0vm15/rY3U/h2vfWE/V2f5Jd5+zb+4bPs9+jrmXn4JrjLZ8sarS3x+vsnzXn/Tnm/gkEWZ3i8+7/ofRFPIDWf3Hrwd17971z6Owmz5rLtr6/nnXbP9Ls46mUG73v/Ki9++y9weZ19y8Q84DPmsCy+xa+9+68uuuKm/9N7bb/iD8uBHtiZ1OBwOh8PhcDgcDofD8ZSCdCC8/+ZXLPsM9TSkvAZx+hs+cz8o5mN9ASdZXsr5zOs+f/TyGqdf+ell3/Qa0Efi6VSCI1N0L33PbW/70vnvQC/LsH/Xey87/71H+dq6V9x8y68ZUbWw5Td/4/rbf1/jbff8/ivP+f2jHHHpr1+yaon9p1/5iZu/9MLLyI7v/+wNl730hqN97azrPnbtWfo+J5vffdt1d5+/9S78tm/n1l86Z+uRR6zb9J7/UJIRVgzOfdvfdOH2Nx3lMnlwbnz591Ed+59devlkx01kLffffs15Z1yTf3jFzfe/b/OjH9tset0bTr/pvYO46edc+brHXuphYcvrXvtbty+LAj79ytdsfGwHP4G3kFn9szeuD7v6YN/Jphf0BOjZL9oUbulLvoQLlrPVz73ylo9+6YXqFDnmXA3Pv+7mNxtT/fxrb37bTnuDYd9tb73wtreGHzBOv+Q1G7e+Tctv23Jg+snyWXfv9mtetv2ao5xh3ZaP3rjlB15ffeNvvuuCbVcxI2Hf7W992e1HefLnXP3r/yw4HA6Hw+FwOBwOh8PheMpj8/vuv/99x/2GUMxXHvcbmVl+lG8c85sX2K8rrvLoF31q4ulFQGdseMNtn3/GVf/yTbcfqwTAxjfd9rE3bRzyY2e9+T/eeO+FV912rCPWb373n7znpY+rid/jxLrNN/7lzT/x8suOUhmDOHXLjX9245ZhJYpmw5V/+pnJr/7SWz99jNt+3qUf+sR7LlpevCIPzmfmrvilt+08xjGTjW+65WNv3vh9kYfNpms/uOX/PQg2f1yQXoLvfat1HwwbX3/5Yyj/3GPTL7568tGbegb6OVsueewuqSfwFsJZL8iM5yfKrxed+7P939af+9INYVcJzt3woo0r5tC6C278wh/+xMWvO0o5Cz3DK2781O9uWT9YxMd9g+s3Pj/svuv7rX2x/n/83ev+xFjmFXjUWTfZePUtH7t242q091y35YOf+d5rL37rZ48xs9Zf+qFPDnwDDofD4XA4HA6Hw+FwOJ5yOOOMMxYXv+8CpD8U3H///eFpg6chHzM5/VUfuvPl9+388A0f+KOdf32PlhBYd+pZP/evL7/2Vy8965QjjmjWb/nAnZvfuP0//K83bb9r7z494riH/MBxyubrPvuVK++6dds7tt36xb120+s3nL350l+/+vKXnn4U/nuy4fI/vPPV9+y86X3Xb/vUnn3k5SbrN7zg2IfkY37l5jtftXfnR3/v+g/v3PMNO+bUDWf/4J5UeNVPb/q9/3nbx/9q735Sq5PHTN+f+k9+7pSw+0H+ctGvvOpxxp2fe+mV62+6wdjRx8tfP4G3sOn8zeET1nn13E0vGC645/7cpknYa7VAhsHRBeteet1n9l6550+3bb3x1sFc3fBPXnrp66+6fPNzj7wg3uDL92x/39Ztf7Rr7369w7MuvPLa37p8w+0Xvvj7JqCFZb7tzrM++NtbP3j7HrujSd1f/6izbv2ZZ1/6umt//V+dtW71RE6+9B/d/a/+Duv0r+zSzboNL/qFS3/9ysvP2zBx9tnhcDgcDofD4XA4HI6nNL7yla8Ex48fYkopOBxPFnzurWf8koYwT177x19516bgcDgcDofD4XA4HA6Hw+FwOFYZZ599dnhC8JhAx5MIizs+UgpoTF79i84+OxwOh8PhcDgcDofD4XA4HD/WcALa8eTBNz7+kU/az4+r/aDD4XA4HA6Hw+FwOBwOh8Ph+FHACWjHkwZ7//ADT7j9oMPhcDgcDofD4XA4HA6Hw+H44cMJaMeTBLPd2z92n/3y+NsPOhwOh8PhcDgcDofD4XA4HI4fOrwJocPhcDgcDofD4XA4HA6Hw+FwOI4Hb0LocDgcDofD4XA4HA6Hw+FwOByOHy84Ae1wOBwOh8PhcDgcDofD4XA4HI5VgRPQDofD4XA4HA6Hw+FwOBwOh8PhWBU4Ae1wOBwOh8PhcDgcDofD4XA4HI5VgRPQDofD4XA4HA6Hw+FwOBwOh8PhWBU4Ae1wOBwOh8PhcDgcDofD4XA4HI5VgRPQDofD4XA4HA6Hw+FwOBwOh8PhWBU4Ae1wOBwOh8PhcDgcDofD4XA4HI5VgRPQDofD4XA4HA6Hw+FwOBwOh8PhWBU4Ae1wOBwOh8PhcDgcDofD4XA4HI5VgRPQDofD4XA4HA6Hw+FwOBwOh8PhWBU4Ae1wOBwOh8PhcDgcDofD4XA4HI5VgRPQDofD4XA4HA6Hw+FwOBwOh8PhWBU4Ae1wOBwOh8PhcDgcDofD4XA4HI5VgRPQDofD4XA4HA6Hw+FwOBwOh8PhWBU4Ae1wOBwOh8PhcDgcDofD4XA4HI5VgRPQDofD4XA4HA6Hw+FwOBwOh8PhWBU4Ae1wOBwOh8PhcDgcDofD4XA4HI5VgRPQDofD4XA4HA6Hw+FwOBwOh8PhWBU4Ae1wOBwOh8PhcDgcDofD4XA4HI5VgRPQDofD4XA4HA6Hw+FwOBwOh8PhWBU4Ae1wOBwOh8PhcDgcDofD4XA4HI5VgRPQDofD4XA4HA6Hw+FwOBwOh8PhWBU4Ae1wOBwOh8PhcDgcDofD4XA4HI5VgRPQDofD4XA4HA6Hw+FwOBwOh8PhWBU4Ae1wOBwOh8PhcDgcDofD4XA4HI5VgRPQDofD4XA4HA6Hw+FwOBwOh8PhWBU4Ae1wOBwOh8PhcDgcDofD4XA4HI5VgRPQDofD4XA4HA6Hw+FwOBwOh8PhWBU4Ae1wOBwOh8PhcDgcDofD4XA4HI5VgRPQDofD4XA4HA6Hw+FwOBwOh8PhWBU4Ae1wOBwOh8PhcDgcDofD4XA4HI5VgRPQDofD4XA4HA6Hw+FwOBwOh8PhWBU8xQnob35l1ze+8pkHvv43j3z3Hw4f+FY7fSRWoW2nTVNVdf4hpbaKXYz5qzFVVcz/EDg65g/yf7qU5K+xq6ou/3s0qeYnc9PpdP9DB6uqCqnuupD/yWcLKeTzNnL2quu6djabtbMUuqYJk0nTjEb5qPzXubnx4uLibDadTObbtu26GS6Xqrqu6qpL8r/8tXqUz5z/3uazNXWd7yL/mm8xf1O+HMP8ZBxid/jwoXzweDKX771uUtWEfOGQYkpV13b5IVLX5u83o2Y8bsajOl9k2k2XFg+13TTm09XyzPlG8+2NR6N8B6GK0+ksX246y19bylebzM9NRqP8TCG0Mkp1nQ9pU5cfoeuSjFSM4/G4m6XF6VLdTPIhhxYPpdTF1I3ydfNpm3xIlX+Q5+naWi4aZtNZ287q/LeqTnkEY8xnyHeafwy1PGh+3nw7h6eH88Pmw/PbmuV3N6rn5tbmB8xXz5fIg5NSzE8ak3wHNyMj1IzGs6kgj0wzqpYOHcxvMt98Pme+Rt3kx8hDFPjK8knynaRW3nR+cfJ0szY/2Xg0lp/bNo/A4qFD+Z7yYXwp+dAaLzvficyUGPJbkz+08jZreU0xv0j5fuqm0yVOp/yso3xIkOfJyLed307KkLPIqPJnzEe5t/xb/lDeWR6i/LTdLN8ep+UsD28V+7mOL+e/5n/hDGnFWsBX5fz5G/nnSo7FReT/+e5H+bPU6VGNXDHfeb43mcAyT5q14/lnz6/bMH/S89c+c9PCs84NP05oDRgBjKLD8UOHTrwUuIrzhLQdRdbfTLaEGXeHGcAFnv89AvKfalntsthldSdbt9iSOLH5s21SP2DwZvU2gPDjhKfDMudDDR8tP+zhw4e//e1vf/Ob38yaw5o1a+bm5vJsyUrCs571LP7MPUu2srw7xLIXpEceeeQBQJSRvJFN8k4+yifZt2/fgQMH8idr16497bTTfuqnfuqkk07KmzjuQGddOGKardKsc/zw8WO+0qezpenSUlacZLFnPaSj5qKrYlSPs4Isul/Wdrt2cfHgwUcOHHxk/+EDjxw++NChRx783ne+efCh78TZoaqdZjVrlhXZxazBHVo8PG2hcWV1fDy/Zn7tusnak+YWTposrJvMLYznFhpRVkdVPeoSVPjpkiiRS0utqMwHFw88MpsdPPTwww89+OBXvvLlQ4enzz3jp170onPP/Jl//J0Hvrtu3TNOPe306eKsXVrqcMj0cL61Q/nulg4fmh44OFs8PFtcDKIYi7qWBTw0ONkcUtT1nijd5S/VijGpjlh9KYbHJQHLPtJvKCpHZWTF0snjKc97OA9XtgJm2eKYn6tPWDd65snrnv0Ta045OR+ZteesyWJLi2Uzwm/BrKcsgqrl1w22Bw5u/qi3t/w7FdTmPAn+4f5vfH733+y+62+/9a0HnvHMn5ibz29q3IYWcq7j9KAOXHZJVafL4+X/Z4NoOToxNoIOAwRmfjtQilUTx08yF1IIy0YqtSuewK4SVIUXNVv+Scv+msp5yoc8+aOgS+GIfeFIrPhrHoE1CwvPWv+snz7jjLPPPvsl/5cXv/jnXhh+nHDfV7/21a9+7Vvf2vfgg9995MCBPPPKDOj3mkdTePKf8lb4qHvTkV+oemP/2F866omOOKhafrdPDLH863F8X5DsX/HIw+PgW/HRJhrm+lHOveyi+WlF9tKE7ABhQnh8CqpApBgGHx3jAbojbyA8yg0ebYDlWkcftzIyg/88bq1x2REDrbP8xC3oEw4AABAASURBVJW58rrLP+kGqz6klbe04tzxyPPYYwv50LZhOfL8y/TNwsLaU04++Sd+4lnP+cmffM5zfjL8OMEt9MeIE044ITxt8NQkoB/69t67v/DhL9/1iQPf+zp0k0wICikcQRWqyhKDcIWZxDPVL0s28qlNphUzx1qFzPuKHpW10NlSS7ER02ipyr/l0x5eWqqEFRWNJR8mK0toSaEL5SrgMUfjTPwKczptp5kmneYrVm2KTeb6sm6Xlg7muxM1r2uzQt2EOnPFQjG23RL2NCUUO7lE5kzHwg9HlVr5j2kx32iq0jjr4iEzxVStVYkSHSw0EbIpc7WLh5Yy8Zv5Xtk28qeiZWXWtcvqMpWwbtrNqnwvwg5XmeVtmnHW8ucaMVzz3XcBtMk0HyaWbz3KNkFWsBO2q6X8pck0ny3/IbRL+Q7mRlm3E15bbrdN01Y26W5agc3Mg9oItTldwuGzWI1iDYWtiUuHD+YXkelV8sX5s65bCsKtC8Vb17P8t3w3Qq9n5Ti/xGnAf6M8Lp69lvfXZKtkJqbAbJw5+Xo8G6VDhw5Sv81DnfIf8u2CPM5fz1fK7xh8cd3K6WTY8tPVUe4/D0odM1FedbPFKTcPfCOPdhVbsLqhgv2Wh4QEdD4T3lFssYHkIQfvHNoun2fcwbTJrzbPAc4eqpdl16lqOD84TzFceTApvuU2+KU8EEvlRwVV8XA0Ajqo6gDTIYgu3srEEn+GXCHr0/IO5J5l1uWfo7ysWZ4WdJDMDiwuPnBw/9+Fr/6pzIH50055ziuf+dO/MnfChvCjg8xIwPczx48J8px8+OGHv/mNb2YZs27durwdyPzs1FAm6dPBi0VfF4/iBOZ8zhLpGc94xkknCyEoHsEB4pEm0w8UZhELP87LFWY8/OjwNFzmZE/4c+aLv/vd7z700EP0Z2QCOrPG8Lwm/juPD7WOLMDzdiL/xojl7x8E8hnynvjMZz4zz6vMQWcmLqu5X//617/zne/s378/X4IU5IknnihEZHKi+amPH9eVntnkrFkfhlbcqapbHYs4OS4ZF1ZQAPFoFO7jhzrtQ77BPFbr1z97Yc1CVnHn59bklSXqVNYL25kMrUQjZCxlAyKvxm6W1f9Zl71EMRXOisysrNkfIsrqXkb4MnwjWzhVl/n3upKIjKzPjicSgnH44f1z69bOLSzEyRi0bgdyGDQrJRVU8GS2yXDk8YUQ1Cc7QPVEXgZZXLoHOiGgTeMdMsTpCXNNIWgsR2Gf0/JnON5hIRUGzn5JPXM9vJ+ejzYXwPFvyUJFHvXOl30tn/bhh/fvf3j/l7/85b/4z5/+vf/t9//R6c/5Fxdc8K9/6ZU//VM/HX50+NrXvv5nf377p//zf/n2t79z1C+oF2bFh8dYvYzReQIE9BP+TjzGlyOX9BPF4z00PuYhAlZahUeqktnbllWFIPFJFQKz6KZa/p2lpaw/iD0rgkH2jvF4ctKJJ668++VX4+Jfwa6WL5UbwboOx0FaPr3tx9Xas4bPtIx3XrGcjyZqjnqrx1/pZPPD0Taqfog6WO6PhqzqvfSl/9df/IWLfvIn/0/hRwe30B3HwVONgD708Dfv2vmOuz//YYSUxjoJvywKyqyTPTyztx0UxFRnQjMiyCxWdKAJeScxQplwq1MaZeUydbPYjDJfkBWrqfCEnXi9M6l6eDGfTfjHrKslEsRJziO0NZSvDgG049FozUJWSifTrE+3mcKWYOf8+aFDB/JPjZDDaZZm2Q04QjyH6K4J99d2sC0jY5+zMntoaWmU6vGo6trWpHa3mB9rVHegasejJOEgEgwsmhK097yBZMOSupAYGlkHzo8nAcg4M5lTjSxpuzqTwpkiXlw62IbROBPN1aip5+bnQhvyh11Tzc81Uc7cIixcJEsjJL2EaWfqPE3zhdtMuAhdnz8Zj/LFFoNsUdmWCIhPnmI7kyFKI4bY5ieVCJN2CVaP3JVEAlcN2NcZIn+rpg1CRGfupu4yC98Kqd0K31upLJYXK68Tm4IoAPJES0KOJ9H1o7Dq+d/5VeabASPfBHFASNS6hHKArW+E2RduNi0JUZQJ+DASAlyc5I1MhfyGMpEeQbjXUS4nVLWY+mlp2iF4Pf9R7k3uAAEsmc7Os4l2T2bNg0a2MFR6aZrvqpPz52ccyV2AopIHQjQ0YrTzsOR/5HyZuM/adreU6XQJhxf6u60GcWp4fPl3pZvjMXS1PCUqYRjyucRJTRd07Oiz1v0W2m7bMVp8JhSH+phlEfDES4e/9q2/f2/+55k//aun/eP/eTT37PDDRX65ixKkMw0Ox48N8grMpN7dd9+dZ+aznvWsbPj9zd/8TV7gP/3TP71+/fpTTjklUzwl2DBZJFoWBw8++OA//MM//P3f/30+JH/+Mz/zMz/7sz975plnPvMZzwwiSpjb8cOmBfOdLAH5tvNG9iO5gafbMh8OMmdI5ogfeOCBzEHnXzP1fNJJJ8k+27bZDsz/ljQdpLbAxR6p6+dPMvWVOevvfe97mYAOmGN5QmaKOb/K/O98kkceeSR7SvLX8nm+9rWv5Q/zK56fn6/ij5KCdPxI8CNf6RLScfhgJkAYdTH8E0k8De+zqFEEmNaaKQY6V0MrEmMvRH0uPn1muTGwwNgtKKPDq/BfJYh1BWNK3jPg1DWUsKYZNZNTn33a3NxCJpnn5ubGzThTzFkzCwgbmWUVT+KgEewwm0nYWgulKyxzO8r/y4KLJZTvKAxE+P4weKf9qYQGx1N2jCVJUZIt8ysYjRoRJRLiGDKBvhimBw4uLhzILLsEQUsEiFIwNrA6SnwFjymO84hoxqOQOIHhGQhfbpFqauSwhiszLigw5jKWkMoSmz04J62elXRwOoK2LneX9CIhDYOrqQ7zztOQrR6cNhn9FmM4gntaxluF4zHLg0NWcmxHHSuOxzLQxQDTKD//vn0PfPimj/z+7//eW/7dtb9y+b/54UfbZe3og/+vD+/40/8YjsEyE4+LWh165Y/7tcc0Kx9d9B0tCOCxnfsHcfXHfqKVp1pJQB/xq8QetV0bjgtzxPTHTqdLD373u8tOFIocW6nPDD5J5k7SWYD13B2LqYxHyIrlAm1VNixd2/ZLuZUjvrRcdITlfqCj/HR0tPb4Ry4N/aQIoEfjc//hwIGb/uB/z/9sefm//DdX/MoznvGM8MOFW+iOR8VTioDe+4UP//WfvXl6+JEIVaMSbSRKsQRqLXn1opqGJPSJziplEjLzSwYZEa0xk7CsOSC8IdjZSS1xx42EocVK6Ocu65MI6GXwgjgJySeQVpAgN3NQZZPv8OHDckIhHGcMeau6MJ2l6XQ2zhRtSocPZw4U+dfjJius4GoDsguFfZVCHBJAp8dOl2YSq5paUpPyeJ2u8/xdFO6QCNeZmKYSYjsexdEoySEMpg1JikbUVMJEg68Q490FpBouTkfj7NccTVuJ1MjjNptKkHgtlUHkqlmUMBJFmHcJ9QUVK3+upUCHuEPDbDGbMIdDZmyR6pjPK0Rsg5GJMvKZpc0HLi4tok6J0L9NhUiKAOa1Q5WKRm5WosUDgpKxn3WzTAHHOtbIm6oY+hAQIC5MbejMw1pptpyQ1FW+yyBuhUxCL9V1xS02P2v+qZYyE5TjndDClSqUo0bOIHNDpH1rOiWcA4gFFjsnzRCz3LXMChWPg/DUsHu4MyTYSvKGoKPXkjgjRHm9tHhYImQQMA+dsiqqspR5qSUoOSLyO2hUiqq3mS8PEu7WYh/KH8yq2pRSTTaMfCNwLSxTqe1nkvN8bOb4UyFg3ZLE8h0ypm0F1b+VuDrUXqEinXofth747S9/6Lv3feK0f/Ku9T/9b8IPC1M46h91D3Y8eZEgcGAIj5I4DOtkebUMHP7hUySPirzGv/71r//3//7f8z0/+9nP/uY3v/nJT37ynnvueeELX5jZvdNOO+3kk0+mU43fLzp0fqLMX2QeMLPPmYm+9957//Zv//bOO+/85//8n//Tf/pP86l+tGGJAStOslxQwCH8sPA0X+YMLcwbauaRM1Ms5aTG4+zDIFOcX0eU2lmzR6QsgNR1yZ83AI/Kh+TRy4c885nPrIUuaxYWFlgfjCfPJ8mfsxRM/jBTA5nXFgIaruzgeFriR7LSM/V86NCBWB1LqnekGKiiocqYaIapSoUgiEgtiUr/KSelyor8qUbEscab6AnjIFI3GZFoSk4acg/JCAWWREMZuvFkfs38Cc9af2r22kyn7cLCieOmmWV7u4VSLuWWWLtjljXOlJX+WRvh9S90STKaUtL3NJpAIyhjOH42/bE+eCxYPsix0gtBl2Y0aZNGwkHDDhE+fZrtjrh08MDigTULJ53MO9ehZo6esvkJxUSO5IKOTkgfyb0ijGLZdzpWGdH6Ga25JsorKpwO70GKDEQk9uvvywKxAzJWe9I5DL9gv0bTbi0+WetjqD4NhR+6OsqoSARKWME+J4vI1rokxtg9Xuh0LKO9fAyPylynI7gwsSCQ1BhLwDscILf/f/7soe898NrXXvGP/tEPLxR6x47/432/f+MjBw4c6wvRJv+yR4tlsRz9+8OnPh6p/Vh57Se29/1gdsz0WHlyfvkoF+VQoBLXoxDQqS+4IcCSkdWvf0s9QTyE6K+iTbDQKKOmuq49krYe+KUKwWwX0tmrhSb72xrez1Gfa+UDPWY8MZWGEsDOoDiSCj/y3I9Faz1yCR+5fsOQtV9u0Yfjn9y+cOuO/+NTd9zxG//2qi0v/7+FHxbcQnc8Fjx1COjP/+lV//X/98HAsgpByE5wgare1aMRfGtCnUaQnbOYmlFFnq+LyCPLErupmmqERdOxWHDKlOcIHKlERKc6U89LwsAyUQLaWlVCAFhmEYQjpUu3tLSYqdS6YrSAfD2ro3WVCWkJ0c3mH3IeZdeZTen9EpszU940PmfTGX3pldRlTofbNu8OVWQJ4xqXFRISVcsaieUVDRL1lYMmeYvWjYJlwn0LL6mJfxLWMEtCT3NfrurDi0sRkR1zk9HhpWnLKCoUOx43NTIp8tWjpDqhQMT/n73/gLfsuM470araeZ908+2EBhqZYABAgkmUZEoURdmWRqIlyxpblMYePUv2aGzL49+bGY2fZ0aeNz/7vXGQ7fccRrItcWRZtiTSYjBJmaQp5kwQmQAajc43n7jzrppvVe29z7m3AxrobqCbvIWL2+ees8+OFVb916pv4f0szfTaXzoTYtI5LO4RduYJB5MYblWYiMJ49QJhil2mQGYaZvAEcATbaCIL0jARFMqstF1ndIJKJkVWZiT3IXErpDb+Ka5bwsgvSmYQrV4rxGvjwtjDeB8sHQctExoXMViWRO0ZHiZJoZgBkWRNNOll2tUgK0eEvqf07AyfNetAFem3Kh2djQFan67SSxD10RzXkjVLEhSoTPsrK0EWod/kuLNmqWBeGpcgPVOzxomutzRjjA57NwFo1UhsLFAT3qx01LyZr+DKa8utAAAQAElEQVSWkmbG1LKXtJCzMqAbq8xMCRqHcxUNX9kKvA4PqedpWh+gelN7F4QJvazmBdVSyxl/rhlfinx4/Iu/MNn66rE3/TN2/QucOvtu1W/jomjd6OiJJ54Iw/Cuu0jgBQDuueeeO3LkyOLComXfWFqlTHe1XCvFgz4DNwP5ARkDIn/gAx/42te+dvvtt999992rq6vggKB7RtOfsV1RcHocsXCBr3vd6zAiLC4ugmI/+eSTuPDhcPgjP/IjBw8cnBWDfkWKIncphiCK9WPXv+w3czMbgVFhbjs5ej2v0+mQMItlGQuk3++jhgA3o7G4upiPTNA0NgBTxlfwRWwzHo+jKDIx+PB24B2mB0fTjw91gY+EyKP2Q7JXrK7tl1eyvMwtfTwexgnlU7GuZYXjtESu1ga96uBhEz9K4AWGO8UC5EWn1e7NLYVh23U8GIa+H8A0LFPgZiLOstAkGiY4SdiRMpvSkdHihm1U2lLUFh43RrWOBaEZItElTETitIjiEtMEHTmy59tmFGvoPZuKivAanlzkiFd1vtoW3SccV1IalFhRdD1TSJL44a9/frCz8boH3sKuf/k//v4//MAHPogXYRiYdy4W5slfmq/9SuwizvfqY+wK3q9P6Up3dX0Kv0aXfwmwvqu5GFHH2XdgDLiuw2oYbSKSjUZTU3TIHTV/nXTK1g7LshHOmDmu2PPOhTiS85fSfNXFuxL+Atu/GHp7kZ1c7FuX2eHFLvaC+3AFp3QpPxN74ROeboOH+I/+0f/vuedO/PVf+qvs+pd9032/XGH5NgHQf/ivfvTUEx+qYKf2UZOzHFwAnSXFEDPMqXTQqfbYU3SCZnMgtnmhKqbHjAyB5RACxFdlrrGkpGVzRB5pIbQSNve5KMiYVHqxHWVH0Wn8SL0uw940jACjtB1eufrMaF/FYdMIWOh1YrBIwR8Dj9IH0dJHzfb0ijel+3PA64LgJqXv49W5k4oHw+WYdWgk01sqLX5lT6LCdYVejKtd9kCZFLRNaLPUocVCC0Lr2F6hB5XSrA400tgmIhw/hSQ9ELoHJcF53E5sI/PMJpF7co5yE2wMEIxrlDR3JcENAT5b5nhhE1InRWzJPZdylYAg47bwQvh0pbR/Wrxo2ZRghgY/gsZAtoZrmgAKHauNs7U9L8CkOSFurZUtLboDBs/iYcgqzQHpLBPhJRyrtEqKeaAmHNghsk2k2y2LXM9xFOloc0LYlg4B1+HeWgZRxwqYabdR3sBBhTQy35zysQjyGFQBCaI6W02VJdfiKYxVy0FxugUFRWtdDkbaGXqNKA3qGdB8dXa8TjjDqCpSaDNdSR3RM+NarUMpqsWhxs7X4p91CzAGQyUZbpmpXJNxUNXBNbVtUw3Ipt7r15o2VOklUXtnIp1ZE83BtHtkptnNDvl87Zlfy5Lz93zv+9n1LOAme+yh/fJtVsDIHn/8cQDcV73qVegXAcXAoz/2sY+9+tWvftvb3jY/N39DMeiqjXK2vr5+/PhxIOZDhw49/fTT/+7f/buvfvWrrVYL3BlYEDYZ8B8jvTz3wj2Q8pNWTgB6BoM+ePAgmDVYNhj0+9//fgxgf+rdf2p+YZ7dAMWcJy6TXc+y38ybOYYRRjDqzwCC7RapP2PwStMUTWN7e3tzcxMPBZTZPBRUOabBNCqkkdQw4c+ogXgTW2KAxn6wT6P2aIA19j+ZTLBD/J4+XHX16G6/3Kzl5Wnpo1EfNfOlVTOl1MWCbfcW/uJC5S5RuNH54HXSOrkwv7C0cgAWIWlxCDKOyZ4ryOIm6FxhaKLPqsiVAdBK1eGNr1Rs2F4wxWc+ECZTlgbQFFeiM8GUWjGO4/RTAtBpNHEdh/tOHY9QhavW8eacXbBAvdmAXfXJN+fLZ/7eZ9CXKWp3aTg002Y9Jj7Hn3liNNx52/f+cXY9yy//T/+vz33+CxeKO71k2ntBPX7h1QFXRGnrcP6XcEovYZuLf+3FfFHNhBVf5otq11IAPvsVx7FrQU5aOYAppKUTTRlqoWXsc9f1LIsmwrAZwDFsox+qQ+5MyJdxY6vLymLwC7Q4mJnaNoFQV9YpXuwyLwegmzD5Rsa9IcHshYqaiaxXdRz3nlDo2S6ouRDOX+B8rvCUzD3d8w6/QAPkIoe54L0PfOBDW1tb/+//7VfY9Sz7pvt+ufLy7QCg/9O/+tGTj/+BlqywdCSaDnQmyQfCi6ImgHoNkmBCi3JQKDCQIqxsaUQG9GBMyex058sM2sP3gXmThDLF2ZSdhViuQyIQhGt1zCx+616YsClFP9MebK5jWy2tE00CcIqZwAehdaJtqUEtCUMoTrnoKLy3VKZ/o5WCQiNGinHV2QQrTyNlhOOUJU/zcVIqtjQ+Jl7sWlqzQgteF8qI+VJoNDdUncQ8TMysDhYWJrwXrs5Sa0hwzalJ7cN1CiLy3Aso8qXIsiTL8SclOXTognTuRLpQivJuOnbJXAunYFSccTBnNJ5QpHCpw39p7byAWY7/q0UkzIRXUFh2oVVEhBGqMPplpH+MI1l6UQ+se28URbgfoe/oBZqCGQPZpoBdYr5axlvqiGGKu6hjXoiMZ5mj73NeSFxClhae71U3ADTb0XHOVDdYIStxkqZjV/VvvcCOZEQodNu2i1IZ7REdJcIqaY6KQ6kqQTDdBUrlovdB9aRQOr64Rv3Gwhck6EJR35UyHX2/CqtndeRzNZrV4gP6SUnDn0u5a+UPpU+ksGo6fqW6UuXzVmaeoJ39vJmxqSoqwoygJjSADl/Hve2NC6jc501qY85UE1tUzS54/8yHv/VH7777e9/Hrk/ZH9u+7QuoB8DZ2traAw88cPjw4SeeeGJnZwfoGVQXNPa2224DX/Mt/1rMZq9NMa4bIHIQc1jht95667lz5z760Y9+5StfwXhgtHqBCPGC6XDUdrvdSKway9tkhTYhh8A9INSAicDWt9xyy/Ly8uc///nf+73fW1lZ+ZN/8k/yFzk5uU7FqAZfPzK138ybgrqR6mLAMS2Zcik8Ge+AJm9sbAwGA9wubAa3DSoe3kfNwZZGtcM8JuBmowYGFwjeMVocs9FP5iiohADQ2AZekCqYcb98Z5fr3dJBn7M8Y9e4vEC9raHB1R5ieWV15eAhGJwwjgM/pGlGoRfSUTyDxtC51rKj37B0SQBaUNyCUGYB3StRLspuqjdNlHK1hE5UubwxR0DPUCqKWknTbBJFk0gELb/VopjHSjDDmNy1bXkt7u+lTr8hTft90xUWA5v3QOgqEkovr8Ec8fTJZz/9yQ9+z/f9MLs+xdDnK9z4SgLlL4KS2V7ifGVBwbsA7uwJXG0F5i8xG+GLNfBm6W1jHl4JyK0UQYXW+awBdKkphg5e5qwOkaZYN73yF/tNtCaNjmPjSjVzYVoYTWqXl4xPuuRpN0XVfpHrZOLyRpFp90Ff+FszDJoZDL2b5s/Cb3nFe26+z2a+ftF45wtvx4XB1Vfo0Pzc577wP/3Nv3X9GPS+6b5fXlS56QH0l/7DL559+j+afH2Oo7tR2IHKAFJLEZUjfKyDD4iPaqSo8/WBWpZG50BUur5E9GRR683ZlqeFRzlpuZGcm85GCI5oSXIAUrhsadkO4WNNZZXWcaOE3Tp6mMJ4uSq18Ae9rZUq4Ee0LYqlJUhZEJCmEGr8SfoM1PUL0o5w0J/DRgCpxnjg0qIY14TIwZq1wU0tGxauXj9LFJIReOZhG+QCeDTL88wHkqZ0hTrqQsfDwslpIliLjCg2ILZte5ZrZ1mK4xMy5dRrlLlxgQpGf+EEPJaR6QnCjXEH1jXFc9PRyP9JkR0aZNuCG6UxXCBuKUF/EiK2VcniUnLtXjXKFloJROlF6MRoAZe1O17jY8oVqXFMIS2XYrtB7kejSKtje0L7aQnU5yDTXIeDG5UrSj+Ig5W1LiBTVTom28a9zbKchkvf9bhwgOiLXJGiNc5Elgb9aK+CReoiJONhcd64ZBmljVQajyu9VkhZiig6PQLjslQmS4lJ5o3qJA2XN5LSMN1dHXpunAhUH+AbwBMDBNcZcjQO1oLjspJ6M55U86BM4h3LIGJRyWQbV0pBoeBqJpiGnpUm78qsKDOukWo2UQsiGr8KK+V0+Q+rMDTj9fzBeL0FFxePk6lnG1MWrZeU8imu5ztnPvLcl//bY2/8x+xaFwCU/bHt274AhIE4A6Ldc889YGrPPfcc3gQR+5Ef+ZHf+Z3fAXED4X1FcmRdsmin2unTp9Eh49xQRb/whS+APuNNEGSAY8A+mGVg0CZkFZ15s7DdqosR1EMJw1D7UEtwamBofBf938c+9jEw6Pvvvx87NF0We6WL0YW4Hiv095v5bEFNAGg2N0RpZWcTCo2RDJUKH4EXGwcGahfewRMxmulGssNUPG2ukFo0TAij42E2MP4Mk6bcPFDsEORaNavpq6Fhv3znluvX0seTUZqlr2RPrmZ+LlZmyQKZWBTZbJbKwRHkLSyuLC4uA8Ni5uH5gV52WWiAA+iclVqQrjDhzzrdNKs0AC7CT6fc4cXejd0h4Oql3st6jdw0NlJHiZC/yyoKHalHa/rKLE0nE6/b9atc6C9HudTz0TEQr1gk+c1SGvpcxT6zCkFX7+rniCHg1PPPfulzH3/Td72DXevy9/7eP7xy+vzyl9lwYPNC1S3xZhn5uNb4fuFtasKrdR/J0EL7RsfeiD5TlFtBqvXgDNooNYmLlKPXPuNP/drJqWS06sNEhDWikaxkL6ZwE441LdSD8v0EyNe5gEH//X/wq9dDi2PfdN8vL7bc3AD6+Ff/9Ymv/wYAJKwjw4SJAXKHWS44qKQ8zTRro36uyQ2Hl47ORGIykBAh5Ebalyut1FayKlmf7RndZ2UV+EhV4aUcXBedr+bXqWW7pKwBeiukpaOXlfazadkDvb4C33WYrb2MgJCW5/qhU1Iuu9IqwAgd8FwNTIl4olsnrkopD7V6dQGOXZIJCP7LC4uV3CL9CuyMZpMqtix9RCXTMg9Eh1vAxICmaS61VLDAgJBh1ikJCLsasVOwE4izDSqsnDyTeWFrGO1a2GVZJGWOkcxlLqlplHm7Ffp+K0mT0aR0LMdvBeYWk10qrEJkpAgiSAs5y417MdBr97x2pw2kS+sPq9TaFFlrhS7JkpBKNb7iWBQEXedGJLEULRlNqQNL23MZhRyntJCRWX7bdbQ0RJYkGBwFEyZgXGdoFDRmGQaqJaC1pa8oT4zt+oICuyzGMD8AxfdYCk8CPrZKrbjNJGWXpCB33KUYYIdz1wylxvaYTQesp+6oUZZjW66nI8fJN2zStujwYqa/YRJ2E8AFhncpmyUQs15mw7W0NJ2rsBuGS6IuzFRLxnYteNawXz9EYYLZzbukMJI1sl12YyMR/q7isIvC8Gxee1eVUeEw6tpa53pvO1KV1VWP/YLXq41MQEx1avWN1m2H8ungFmZMpgJtwmST0KLYG8/8ejh3/+pdP8euXdFGz76qRbdvNAAAEABJREFU1Ld/MSnRgF+NrYyu5vDhw0BmaOzLy8t6AaC8oaYGOBmAcpA7UPK5ubmv6QLQjNO+4447Dh48iPd7vR5BwzwHLlQ6uSLIILoPwOj5+Xl8GgQBWLMJVsWbuEZsAFvfgGl86xOf+MRHPvKRn/u5nzPeNXYDFEMzr22msv1mPlumIWv1atnZbBOA0aYt4ClUOYq1EIepHkYMGp+iIoEpoyKh7eArJvHgnlD62fA4k1JIf7yPnvcLlevR0uEuSZKI1Su9eb0Sq1oippe5aaWy2g+yuzRb14bJlNzWNbd+U1VawVVg70xR0/9Vo5JbO+UrYMem/vqqHQImc9vvLfjduYVW2M1Smg7AvMyT1DRDrctXkv4GJfKmGBCtvlef2DRYTe2+rr3XqC685Fry4lKF7/73cmx2er8qklv9VWsYVmyJQh9tE9GgIyTLLJ4USczKnBvBQ53DcO+auSvsOdQFWyp1kf1UIRmsjqowX1VKXewWNc+6eqeBXHyWsU9X5V8Qicn23LcLtqitanMwXvPc+vwVm/5Rm/UXPoiGCDfByGz2OxcrF5zlhfnhLobj9Sk1MermbCpVPvDnotBZ7anefuvxry8sLN957+vYtSt/8IEP/sEHP3gDstwXjI++uQa/DFaTUi4N7no1bZ3NaHabJtbWxFexSmRJGsps0n2XFLSFSXaJXXlaLM5YGtpRDQBNIa5lQbF4nY6tdTqlDpCj9dETnQzZ+L/VFfmFTASYCU1T5kCe5xuB6f1y/coHPvChu+6680d++E+ya1f2Tff98hLKTQyg4/Ha1z78P8pqDQhZJLTQTQqntbSwfLewujpQFGNrSvGnRCyrfo3rjIIa+SqtB0FYWegIVq1nVI3iJrke2ZMaRAIG0DaqwM7opdZlNhn+aAtpFHYtY/tYZJspSQHBsNsE+K6OQYbpKj3PIRJtE6sGgMYQYFbClsZ3pA/P9ckVOuRZA2edCURrTOiPaLjo6pP0g4DIbJpgTHFc4HAWapLK9FBT6CAMHQ5MeiDalrR0wjsyvHC3fNQAh7yguMzCWMzVjAD2c2aD24K3UtxDggGpFYQ0JShpzNC6UTrTnhELmYYicN/zcFh8ReRFYFWKH0TvSYkb94GCu7VOhaXpv9aHYMYZYGRPyNmK++CVTXdWhTrwMLdh+DLyJQgjc0JPBOdc6mgNW6cN1HujsHLMopVnvq8xfdgm3Tpco9HJ1guLSP5SZanVLi2tXm2cySbxdYN9dS3KmU77WCUQ03IhVq03bWKxq3Ot5hn68Svm6rBoHSBuVAQb2Wf6peub0C+kCaPWh2uIsGa+VZQLN9vbZsnqNJCGm+Qx04YxtYBn/uL1UiG1+6PmFmsvzd739W3gbCZQurJpcEkFKJnKtqLtZ2TZ5/auL5746v+wcOSHneAAuxbFxPex/fKdV0x0J1E2ceNapWtrazhP0OfJZPL444+fOnUK0Pmee+656667VldX8T6MeaEz4ho5BeDpM2fObG9vo/+5QxezgcHQ6P2wNxj1eNNAn4ceeuipp5760Ic+9KM/+qPYIbthCq7FRNeya1H2m/kLlgZGm9maGcJM1TLgWOc0FgaENV9Rtci4WW8rquU3nO1m3EwHXOeUmoF8zPsR0PulKde2pcPum0QjZqqfVHstEWPxGLtQ/6d2h/cZC6uK9KhMXWMhCYNDTe02qfR4lWecvmjpbC1TFVxdwVWVOE9rrenftLBPlRWDbn5TVIqwHHccxZ4bHlw90Gr3KJ1J4LieywU67ZQyoOvlbEaIg8PUpBkAmXbC8Nw6ZldbvWauYOy4GpnWWfyY+WOmKL2TCxDjrkdSh25WtuFlHpeoewC5y3Y0OdBoZkL9h7ZWaUWjojWC+jOVx1GRTmSeYuZgchWyKstIZYWqvTT6kqW2YPeUXeangeA6K47SeoGquUOqlpeoIsv1TZR8SrG5mUxV3LXqOdVMpDmvGXR14dLoe5sJkNmxmbxcoC1QJVepds3rYOz6vJgR02YzlHi2m52+M6XjdYCqUuoCjVfTJPY+emXE/17oJlfPRM966S5VsrM6wRxRP4oCKgsjq/jlz/6nw0fvCMIWuxYFFs4//af/gl2Dol4KEH7hL6k9bokrLVe0rbryTa++zNau2Vq9u0yjvbEJhngYEeNx4rqp9pFJE+Nckt4Od6vuk7JNREmMuoauDr8BoHEc3/dY5c8ra8+4aLxFVwSfd52WuQSmXuw3L12mHrUr2OaqD8VnXte98LXa/0vb0Qt95Z/+s//zbd/11oWFBXYtyr7pvl9eWrmJAfQ3Pv6342iHgKEOei1Nmj7LX1y547VvfnfYvY2hF8VoS1LL8NSxZn2aMU2p8zTjt9ZCYBWqq/tCY/oILUqgbTE90aPkcpRLhFAyrxbOGYOIhnVbVZnpgD4lfbVWmOc6cx63mOaYlGvOhvVGxNrRi/akNgyUmRlKQ5D1i8rKmVkdxPg0UTW5r3UKQWXW9wlegXAipbRFqdOhGAEQRbJNFF5tTDk6K4uMEKHpjjZmpFkGrgO0SQCaZqE6KaCJ3MA1ETRnOgMhIfbK0WpiTZrnwith09IMWnqUorsvjVWn5wwmHZ8ZcriJDWZsOs+oLKVyGvxFiQRJTYMbfeVascI8NXOXDWDFlZLQCmnw5XtzHHOdW09VEiuyhrilztxnaYbNjB0ozUjYzOHZ7NWxpp7wehLDRVVvFGsicHS14LP2sn5b8l33ijSdmZb+VrvnIcb+rSIWqm1Zle+smjkxnefdXGMT19zg4plzNxWGmwSPdDjbnceP5XQsuyUsj2t+THogZSbLKM8HebpTZH2mpaWbiEv9WM2dx04yrgbp8PHT0SAa7nh2RdbNyZf56OTDv3LHW/7/7FoUo0/K9st3Xpkm1xY3KAgDsNvY2IAPr9PpPP3000888USSJPfocuzYsV6vZziycSKazG+ozFtbW5ubm7DmwzA8ePDg0tKSiTE0MJGT4pDTKCccPXr0TW9602//9m9//vOff/e7333l59ZIfFzIHE3euQvToL+oYuzOa7U8f7+ZX6qYh8W1NgsKKoaJVCJ9LR3+bNwzhkej4CNUQoOkTfXTAmWOIcumKu6ZoDa1QqcVko3jh+2Xm6HcXC09jiZqL1y9VjWNz7zgjZjpxcsuk6t+Z2rWVVs0eFWTRxKvC9vd5ZWDvETnXC7MzdmOmxVZIcnopIDCXOs+U47vXOaF0mlDCG6KKlaWq1mD0Byxuh/qJbU4rqogDX5NbqQ2YHVcDsnbwTJWBZMVi5cyS4soyuOx1eoATCutznFd3VTaZJeqyrx+kSGC73mIFXe+dHlBSHbZD/nMcS+xsdrz78UOoaa/r7i86Y1vfOtb3vza1772jmO3r66utNttvDkej8+vrR0/fvybjzzy+S984Ytf+tLldqFm/SwlK/V6yaI0cx4MGw9/6VNvefufYNei/Mt/9RtRNGFXVqUv4rfgzXywWnd5ma/rNZ6sdmrUVVKx3e6VmcPRnZemu2RTZtgw0KZC1fZnPZOvpjl66jy7P9YoDFf55bV0IzOOpuvROlTVg+gJuB+STD+vZCFZPXPfdSXNv6YVoTOH/TkeDwXXyZDqTEbAAcvLK9TVK8rnhGoxnozxHM3dwZ9h2ELFI7xA8p4iTVFrKsvNpMlqpsF7Cp/RCzI5hOAQZ+T2phm05/n4UbKZ215wwXy2XV18i2qbmuc08Fao6TmwBgVxtseBw/ecJLtMmU7Md4d/cXM4VffJM283XzFBbOzKipo56ctUJLH7rC6E4ruOhwf6r/71b/53f/2vsWtR9k33/fLSys0KoIfbzz71xV8X2rym5m56XupF0ZW1g+5Rf/5OyRzBLN0tW83AYLaremXVjDtM2zl8CjWZCf2se3QzYIPEWaZPK+tdND0YKfAq6soVrwJjtQ+9IZlFzixCtszWvw1PkZx0GjCSWWJmNVZzYpyJqXNQn4YGvjq94fQqCp1tzgiLaEW6emQSFlluZcWI9TJAkkw235X6W5xV9oEgFKoPSoMKjUKWjrS1zAhnTk/nUCGrvvoir27a3m6Ra/Xi+uZUnb1eGsSnN1kTaG5W1dEJCHbBGqiZMVSj1uqTXbbKBXaLHv4dZu09I1ldqtL3cOYmiuqB1lMAfYvNnd11LvXRzQOpcaua8aPPjvTGGpqdDrG6VjT7MQjZPGJZncv07sxutvcC64/seiydHTZnRwJVVcIqIggUInQcn/OLxJMCQ2N2JezQ9paCNoV953mMHxJQry9X1HcJ5I3JHQZOzV3KCKkKcvMIpW0AelBrT//6kdf8d177DnZ1xSwtZ/vlO6MYUoaHPhwM4UczkZ5AJ6PRCG/CLL5BBCiaAtIHOx4QGVzv1KlT58+fh3V+++23Hz58uNvtgi8bbQ1DhWCoRVFkhBGee+65nZ2dwWCg1fxZQ46mMVmc44vYCTYGzl5cXPz4xz/+wz/8wwYgMnbJsB1zD816jgs/5XXIitmP0pIgKPKFZAQvWvBF13Wv/qHsN/PLlFKnomd14iAT0Uz5o/RzJI+1JczyHKYfKGoUqpn5LuVQcF3jzEBdZbp6NN7u5hBN3TP0me2Xm6HcjC2d8mGmMbsmpYpjbWjjrOXDd5mQlyzKMKUZQ03xBhfU++SqMsLxy/OCdrvb6fSi4QQ3MghDWFd5RssHpVaJRtOUWU4MOtdvFjoDuoGoJiChMfJ2MejmqJxdk/Iid8OnqhRahE0J46wqysKskScITUskZZ7EyXgSegFzvZkdTOnQNQRuJmTEHFyaKJYLg8Cb+Rx7WYqadVG8HOW2W2/9s3/mp37sR/+Lgwcusqawo8tdd975rh/8Qfx57vz5973//b/127994sSJCzeupizVdNIk5ZF69W11V5965Cv3PfDm7twiu7py6vTpD5L4Br0WbCpYwnZVzF3RS6b+m+kQY5Wjppm58QuvYzrdqpown5EbqddByGl9qZlgrZlCVYtP26Kod9bAvl0xQDrZRzOlrc5Lgz/V8G8zieMVEK8DmDT/1Krq+hy1L4VViJKz6ZRv11XNNCJVo/TZj5Ss47OqWZk+WcsYj4rtaiZ89pWqqDjjQRgoNY/WTLaEpieu67coS3aA2bZJMOj6QXd+HuYEejNMmdutFuUpIeHK6q7r2DWu49t0Bqx6oYmUszB0+pgr/FBP7VXD9qvnNe2Q6zvKm0Uo9T3gvFGTqW4Pbz5TfKoOz2ceFWmFqumAMd2huVv1Qgl9Cg0HqoL9dov9zDoUJJ+5xXrter1GuLpGXp+Phgy1q5ArYaLwKpwwDWPc1QzM1Wv8xEx6Mf2mqO9MdaIzI1hTV81wox8zbxD2LChnH/zgh/7MT/7EkSNH2NWVfdN9v7zkcrMC6Oe++V7bsXjOS81kjfIRZUSzXcdymQLW9Utml8QZ4aZHDz1zpU1TNTRwamjutlblzBfEzJv09VoOr2rSBGSlbujoWXjjjMK4jp+8UFlRhffibNnVRXgAABAASURBVC3dYVh1F2iIcx0eXC9H2T1KG4LMjRHMZtfaMB2jrUfBQgfXNkOUCapokLpq9lVfSKldszX/nA7ScvbSuJ6sMn0gUHLuuMwF6bYVxezWEFOqqYfxYrfPHFhNh6GpjXGxL15qJ5cza+uxiDN2ySwGM3dNzX5P79a54HDsUq1DK4eYI+m4MxKwNtIZxh4QF2HBfBZAX+ySK4Nnao1Nq+XesJbZrzvT2qwuOGi1cXVWng/07LErLni+rtvGT54lqV6ENfOZgfgepmO5ns1yZpOEulF3EaY98v7J31y9739lV1f2x7bvqIIZLyjz2traF7/0xVe/+tWUk3B7p9/vf+bTnwGHNXIWzcIIdgMUQGQgFTCgyWSyvr4Oxre0tAT6jFMFie7pAohsdHWxjfkWgPWBAwfOnDnTwKDZ0MWGBRhdDkwvV1ZWcDe+9rWvbWxs4IuXuna83wh3XGHBV1xd0NBeWiADvoiDsqsr+818tsxG+tEq6TqyFb9NFCoQM95HYzH8sVJt1qumhsMhnqNxe6Byci0+buKam3pl9mzQpNk5a6bsdbl4tOF+uTHKzdvS0+wa0WdTdnHH2gZsPromB1Dar65hHagKevNetwOjzKFUKDZmGLTeDka+5rNlmZeF/iEADXibK0r7bYjHDAur1UUuFwd3xec/BfCNvc93fXSZo/ApATN/as6mhUwEJWIBgbYLo8oKIJVTwEQZUVoYvzdnc72MUvIKW7Pd+7omRbFaqa/SxmDyO6hTWl5a+mt/5a/8zJ/7c1f+FRgWf/kXfgE/v/ne9/79X/3V9bX1i29H5JnWRjBZqCJjM4tsn/rmV974ve9iV1c++IEP7Qlq1kB59i0zpxWVf4fP0kQdmlTHNzULMGejcmYn681XuZl+VNNAE70l1MycS02/MHPA6k1popbN2VRsVzXYVFXkUTUgnemFzYKxulIa7m0Cpczpswah05vCYFVuTqiaiJpdcd4A6PoUq9n7bO9WzxJ5gwB0eDXnZrGwRausNXRUqpH4qfcwc7fqd2AhuI43scYZLAQtQNoKWp1eT0NgRs4mRoHJlu/C8sjSzGYcnZ/ne/oMeN15WFpO1EBhfQBaH41PCtVciSEdM91dBTM4zSRNxIUmpSY5V1UnZkguq26+obFczTBg/cirimRukdJ3uPJemB/R0IF6T9rzQKctefNcWYOxZzrE5uZV/3MD76d1sKoK1TPkVWBeWWVxIig9Vb2ZOi1MmgP9vep5qYrYzJTKi7Arwlrw5iHOVJfZllXF/6um1k5b3PSy9El+4EMf/ks//xfZ1ZV9032/vORyswLok4+/j6nGeKr7jiq8mRlciqszgLMGqBeWC7nelZhPF/mWmv1U6RhnmEvjpDhxsnjmeLndr8KilapGIe0mVdWYajxgdZ5ss1m1TKxOqDJdKDTr2myotNCiw4w38Skm5Fkr4qlZZs0rC1OqwuiCseaI5nqmAJqZZIz6JKnfo9Do5UXn1fc6R45wR2i232yqLnKXpt1z5Vu+yMK4yxuTM/d11lbn9VO/6LcvGt6z6wRnd6vUTCcuZmRAdkEeNWP1KqMNV03mGSVELCoBEG2IUzZhS1QB39UIMq0z8rITP35BDVRsd0SJ2uXYvqgw7t79g1L4gf+SgZ3j+rbjgUHnOlRTH0EvKQD+Jpl13DRepDkXJUWVm2yf+mCDM+/bB9D75UWV7e3tRx55BMQWoG1zc5Pym7gOADQwWRRF3/jGN2677Ta8eYPQZxTwPmAgmPLg4zh5vGOyDrZ0wYswDM2WOGdc1MLCAugh3sRmBqbPds7N7+YdIELsHCz7jjvu+KM/+qMTJ040MtB7bgJOAzt86c1ci36ATL3YFrcPoK95uXCMMIHPuEumLeA1ahewMmpdk3wcjw9tpFFxMeHSeGc0GuFbaDVGAQbFSLuY7ENNPLXJT7hHxmG/3IDl5m7p2TUSi1QXfVkVznbDm+l7V3bTatRU2W6GaGlTsdfthX44GY9doTNbS1LYIG0yrXen0TOcQxleSC0ArdcaVmCk2feMYNnM2andf76kol76V5tDNxWL/rVMVhbbaPcpEHd0Q9lknCepFVBqbpobKOPButxJvDS3cTV3UTOlOc2rv9Ibu/zUT/7k3/rlX4b7mb2k8jPvec+7f+zH/pdf+dv/5t/+9u5PlGH6NKaUBdMKPbwOnMWE+fgT37h6AP2xT35SGqkBpjmpma+JKQnTTcAsGqZS42YtX0BflBoj6lmkIu1HMRVWqQylJkqUlv3qWZJsjme0FPWHBADrKNumOZvFxbxWh5+t8cYvZBYC1G8aJo5TKg3i08GrOqa2jqwSop7qmpAypjW36+gfwxxNAniT0oSbdECqntNPw3zrFR2VqrmqhSJELSgkSy0BKrhtVn9jt4XGCziPUs1EtlUZh9SUG5hXGlBoDxO3HHd+cakkIcqyfk5GM8Qkrse2EtO63sI80wez9J0uG+JicCcOZesQarOCqqQbXiP56aY2ryCxqoKAhQnak5o7VyesT16S5mbVvKfa/NWKaUahxErNrj4nlNGcduUqqAm8msZmVbVO71/Vh1INSzaQWlYYmk3JfQ1iKgijg7+p/kgdldxE6psNNDw3a8n0XS5rLF7fiZoW104MVSc7UCa0edqpqWrRd5Uaim4/q1wVrLkr02urBz0z/9YprIiCl3XC1Nm+V7sM2Cc++Z/3AfR+eQXLTQmgB5uPb64fl2lqKeMuM01LN0HBtFBxSQJPelkNr92PZji6+B55Y3FO8eulNp5dDDTt25pVOEpjWfQ/STz5o8+d/LV/vfnwI56UHKOGFms2C3RouWytgKyVdaWsOw6uISWvhrHKrcar3tn41GZis3V6PXqhNIDmtS8PnXstvKDULKrlRjSajGNuUpEIM06bj6VStbSZvhhhyUr2ihdMJL324Z/4sTv/6/+KHzqkT3fWm9sU0fyetRGVunLZo+Y7M7d6JrB51/VcmRmqZjwFM89YqV1R7806LLPnmR0LOWNAa6+GXqo8mYxHwwFmI3B4aksdKCrsgjoFLa0oXY2psztSl7kLFwJ6E8s+W+Xqr4tLTDX27N3ThV1dIXYWhLg8s4i7OlFyRcN+tCQJu0hLh8NIwbJc6gXfIo/P5Wnf8ebYSy0GkbD9cv3LLsfGK8eeMN0CYoZNc+utt4LnGvUANLSjtx7d3NpcXl5usqixG6OAAKKl4zy3dcFrnCS4M1gzKDN+z0ru4jXeRHvEBYJEh0FotFkvuijeRKEaAI1vHTlyBK+feOKJN73pTRdePg70osIhL1oMIscl1M38ioohmFeTu3y/mb9gMZUBle3555/H6/F4PJlMUIsAl02AM7ZBPcFTAJjmWm0DG+A3LZ4tS9RPVCHswURMN7s1wbA6s5AyXLtpXPsA+sYsN3VLL4rc5PS+2qLU7MybTc37mUCB2c3M/HxqXzUgrCI0Uzu+svJ2RUuYvCWUCMay262O77o7mzvB/IIPDyL6LqJ4xPIIOueU+JvEN4pS5yGUlXxHQzPoJIzwbMVuqnenC+zrE7l4+6uDTqZXyWcl4Xjz5ux1vuRCuoN01Y7jqjzFXAP2qyQAHWeTCUYm4TqcZpGcV6fxAja+erHK8qpiSlWIzq69V3ex3lDt/d6lxpQXHGt4c9zLTBqvZblw+Pvff+VX3vNiAp8vWmBN/b3/7//nda977f/wy7+s6uPUQF9nddQy0Ji8CBNKqyeTk2H/3KnjB2+5nb3U8rWHv7m21Vc6tYxZvWuIqKijmSVnVeyuBtCqCrTRE3ClE0nStN5UJ4qLlZo+iqq51jW9FjfAr1KrlOs5kZiZFJq7Ko2IAcWimlhYxafhUTOxozUdrPCtAcpGw0BzQqmROqkn1GGlQtXTZ3PWBnU3c/eqGurNWK2gqaqZk+Gjlv6C1CzcEOlGgoHP0EbzjoGbrOTS3ExOIuxmfkjUo+L7Zl5bCWJMMT2bndrr2bvUAdSK+nOco80NI9crqvV1WVrfXQpBOIXiq5W+llokY7bHMv4BQhmiNIxDCdkQUl5lxzITZ4rO03vUybJYJdqoyT0BfoMwmqTjSjVgvnIMaHdXRR+Ywb10VFFtpOoo5jrCmJlESapZSE67qYKQtWJpw3EN71e1h6OpQjPuiVoHnGtVjyrOXdbSMoKiHk3N0jymFJwcIPqx6xMwFc6qjq+/pJo+u0m6Pm1JonGFKhNVaRi9Bi+8RuUmkLxGAnR8WfMj7TXRKdAous5qemepN1vb7H/94W8+eP/r2Est+6b7frmacnMC6I3HqUsRtg62LGc0CnijUks0rDZJyG2GDq8oWVbSOrKpWpPukWBBOZbCzoRxzKHbkEY6g+Txa5fa9PAzGg98ap+oanmFAdCyTL/58Nq//d38Kw/fUZR2mfEqw7J2h+JItlE2Kk2ew1Tw2BapbcHbqDifxkpgxohxgLRFqOfFpwVXhag07Ln2iKEncUrlleiDS4cIN8ssUdh2JkShkyGyWhgLvZatlFeUbpEVnMWOVVg63R85L/USIXRyZelL5eCcC2kpUEWh7x1923a87UFUPPHM+LnnO4cOcwP2eXPnZ4qhxfwCqsIvaVa/nIW/eJtS0DLMUnLzGEohnDgar509Mdw6rZI+LxNL3+BUWpHV2mktzi8dWT54xPN8VmtLMW0CyNmrJ3pbT0QYUxeTK+QzsxTWIHPyNlTvyPqXYLOE3hAEFoRBoxh79cVIQFbqotUIri0HrTpD6oBZWRrfcDWFw5xl+yoBNNsv16c0DhVj9LAachkI9UpJLZszAZwFb8Xv48ePr66u3nXXXXj/6aefBtu90biYCfrA70IXNDfM+gABQZlnFasb9QOzEN5oawQ6dcwL2nDmcYS6bG1tXbgx9nQNm7mRlAWUvPKvXD2AZvvl0iXLMiPdC6Z8/vx5pTPCmSSExnXRxEc37sZ+v7+xsQFObaLbTMxs7fCmumrUPIyEdJOcsJHpYGwfQN+I5WZv6QDQ7NoXbSWZftj8Wa/qo8qPH0rrLaq1WXUgGNf5rFllU5kF0Kpm0Wp2WSBJigkrZ8r1XCdo+a5nwXCDIe0HfhjILAd6VrIo0pSEOADztBY0GhVleIOtqOpkMLwh0RWUaexhXi3k10sYa5rBdRzKFH5oCR4TaiN1dJ1JV65quU8dUKKXe6tq+2qCo/+69BCzt5033EWZ7OVwggpKkEu8EhOHJClzmo5k44nXblvtdi3INv2qYruC7vbEPu8OYr5cUWxmukDpHQtpom14FV8qzR00izrZVLlIByYqE4TZvNkEUFf/7gqnnr18rWWkA3v2RF3zJlTxmiKX2UOYNaq/9k//6bve+U52jcrPvuc9qysr//X/4y/CyUjhqdJUSB2bT7nidUUV9ap9zRfPPf/M1QDoLz/8WMTc+i8zTaA7Z09paEULxcw7xBH1tN2UUudIItRaZSIyjI3ApqVru6xDWTlFm9FaXTGtMWbGpQlLKEwfAAAQAElEQVQnIQI9+64OW3FZbGzihasvmCg1XhPdWhtDB/ijPmBoNLNkaquWYb4mXta0ZtNj0DUYTCnrfDnNGXGaI+mwVrr1dMMFNzBBh/OoKupN1S4rg4dZvbpW13UT+quzXqE/o2RMRl5eU1kS4pQ0x9eXbu5PTbrZTCywYd06wLkJONPQlni2VUnVV3iaa4ZJt8qsxdU6GdiqSa6oahhssiFJcilQQidYGZVAdhXYTk9fQw8tVgQGTSS9kui29QKT2Yn5tGuoT7uSR+FNqsGKz5PqKZ5wWUWXaWiuF2WYs1PmKoVWCuL1d6tbXXFjXmk5m4uqOtPmqc009krQuQ7+EiXdbUHVVPL6NuCZgK6AvRRcFLoOGwANxmTpk9DvVM+7Olw9KJXUk0lz4lWsvjnFSuJD+4m0L05UqMs4bepQfk3QzUe2/iruSkGfEqAHzqnJjBKq8oN86RuPXiWAZvtlv7zUclMC6En/FJgxJlywx6S2+GidAxqnbXPhSGqbxkSWFWxEI8ky9szz2Sc/644nFRjVgx3rtNjrX8defRefa3OTOQ8/QM/feo598ctqbe0i8zCudoVZ1KNM3XlWK/VGzzwdf+UbYS7Je6v1+LVhaTHpoDuQBXVTWkdZZFJNYNu+/j7v2NHMcuhSSCOaPK4YDNqlis9vnjt1ptWbO3DH7ZHN0wr9siJJZZKmo1E+mEyeP9VNMrsskyKL/ODgGx4QK6sT387QFZKRIcyKFx8Q9dTp7YcfDlaXll5/f9TSGr6WFtvQFkCQZgtRuvaVb8qtoY1Jr7Hx9DCRZ2mBEbsQlrRZySsHbSUicsFD0v0zqx9D/U7j9nsh2/Oi+7uKwpvVVLv8mXvL7KPdFQFNw6VVKlhvyrGdaKd//JmneLzWzZ+3x8fV6CxPRnAdWN58MXdXxO4YwFQuLK/V7fe3MenSwfhSz4S0AUTpxdq9dm+u13OcyslpzqwezmdOQ1WOC6YTVluOMLMTfJQV0rUxNTLeZ+MAlaw2lK8tfTaFQjiDsM5wZTzXtDYtKXJezZzo2AAmZil3ng7ZVZT94e16F9CHb37zm6dOnXrooYcWFxfxZJ955pl2u33PPfcYtdkbp6DVGOj2oqOormcx8gUGETJ9kg1Qxos9HL+JgzZyB5jVm/BnI5tAX6yWyEy3N/tv8ss1sdLNHbi2TMoUE3Z95WTqKtvpfjO/fAFHNsrOg8FgNBqZmmPK3NycefomltlodKDCYDPUFiNWY8SCG0htVDhMpDNxJc2jzR4Mrb7R8nzuF1O+LVr6tQHQ6mIcsw7vnEGoSq+xVsqAHoNI2NRg5dOv1jsw71cKp9XKSg0EJPO9cL43BxwNg9r3A9dxYeKQMEUpSTAVxnFe5x6k9IOwu8GjS14Hnc4s868165SYYUL6OGUNtXil0rfbDq3Pql6rzgzdlhUdkhU6221fV4HC/IUjf6ffqGWddW8gLBKLh+vBxmyGhjnqR5LxyB23W3PzlM/GEqqBiopPIyNVEz0xe+grHrvV9FGpWkhQzIaFTjfcjXGnagP19Gz2I8YuRZ8Zu2A2c/3j+/acya/9s3/2rh/4AXZNyw+9612//mv/58//wl+qb2PFS83iW0WLEkzqmqqubpw7xa6ifPbJ586VjqyVZsyuKRYzq55cNUtRM3EzBMXQtGhib1T8cmEVAtNNUeU3UIY+E6G26jpk1hdQbCcmywZAN5WPovXB+gquSvLqVDHXhG3xY2E/lThHJXpOGFtQJHWp+wvNb20t7kyYF7su6UfrIhNJF/SXNIHH0vQyGiubg+m5kUaqstIjFhp8axzOZa7JIIklC6PIKXFhdERehalVgbaakpvIBROQXMV802nQMQV8Q0TjnZQC6+hj27BhpnE5HUWUwogkN0FMRiPUCHQonQwPGEXC0ES/Bhc0fuvPKmwqWCFURr0bLARctOVK4ZqHQHepukBKYFitDsaYQuoPXJa5Fsygy9DAlbE05zp5FECNtHhJP0ZNQ9nNKTZsWVV6HVUgr2o+MRRaw2bdEViqtMtajqQizRQ8J5R+GvRaVWHRagp2625X6SfC9FOjB11yS/EZtl75sapDl/qOSG4oNFCOwh1zJd06i7ptItKot5kQqc0ym+cWbpFUU98J3QrzDlF4uoFci6FoQRQhKtLeEJIGkNca07ou0vH1A6igvH7QzAjCGJyuq2GJXcLPgUkIJhiF4ilqniZjvLmfXH3m8eM/z1562Tfd98vVlJsSQCeTdTT/AnQUfiY0LoeWxgELAihnyjR2q3KYmSacZeUjj37ib/2K9+zZOfIe0XSLo6cVYoxGfOzI3X/p51Z+8B0sbBHjS/OdL3/9+L/8V5MvfKlXULhHsVvjRpiVJEwPcRd3oSsaBgoF+uxW9Nms4FMmZlhorWEaG2WGc5CWzefnDvzse7w3PchaHYxuNJoYty3s11RufPoL4Sc/tfjQQ0t/4oeUK6akm+vuE6c3ydiXvvb0r/16/uwzOVPOkcPee/5c8OrXdNs+OcIoXMKiewIMPYo2PvDB6OknF17/4PIv/z9V6DHjcTaUE71bHPPjzyff+hVrve/QGCqNIJfehCasrYVu0GtPLcArMCa/naazcBjEg+i5Z75Vjs6VW0/J7a+14+NetuWrzKVhrJuPN62libckdtZgP7ksHztyIsoEgxHGAnIE0INzU+ac40G/d+jA4WOt+XaWRQWmK3qcMmNIPR5zGP+u52uHqcQ2mxvbeuQlI6c9t+BYoc6ewfM0Y81IVPDe/MI1n6yaYju2HwRpPKnS9epplGXbeuCnIVSvhqt0RYsiYldRLipNsF+uSTE895FHHnniiSeAm7vdLtOo69FHH/3GN77xS7/0S4cOHQKJZvvlpRZ12bmrmTAbLFjHZLErLE3IRCPxcc2LyQZ5hSv0r7Kd7jfzC4uZ+eS6wC1kUhHiieBtE2KP1yannFFxMcrOXIs7N/kJgZ7RhJsshdgVUKOeAJJGklGDMcobxhdi1IHNO00d2y83Qvn2aOnXfL5a51C5CCd8qXWXV3FurFmuzUwwLNrLyvLqBK6douy0Oo6wCD2bY5cUTCqLvMjSMk/LImcF6HOhg2NktSRc8JkQYV6FKTa8rJqrSGWCCCyz9F+HJsw2wwYmsxlGAi+mMgHUOkpaUMy2uhBCc65eHE6tYLfQMhwWOgbwlYLOHNg9GY299lgmqfCFiUJQ1YGqYL09T2BK96+4V+EXe8fcqD0f7aHPVSz7TVj+9//1f73m9NmUH/rBH/zf/vav/M//y/9MfxjFRS3DwSoBSFZxOf1Rf3ONXUU5KZbD+75LuK7Wpql8E5hoghJmSUoTasA7Wn4hFM3iqcLajiXy3M5SP0/RZDTNE9xzhedJ25IG0uaFqxhlxOPEMUFvbR01hm7REdwxkpL12gbfsV2L27y0Ff0QiCwJOlMdLsENNUTWUJiS+Ojo5gLQzhIAoxmtYaD46AxDsF55rFzM5hTOLKe0jbgWYZfSTnIRx7ZhpQ6Fr+K7hbAIrVLkqeKezVyHuy5pAevEdJmSWVmMszzJChzCdQJamYH/XB1TxyScV2oa/kxclcB6UfCidAkN4LRlEo+iySgaRb7fxQhv+yGtvNAB7XlRYGbou1aWZoVSduA7rgfPUVEtkqCegQtCJdKE2uplE04pnTzjmEImicpyh4QklE2LqjOWJ2UeURCbZQnf50G7dP2Su8x2QQPQJ4A2F7ionE6b9q0TATE6VWb0OXEZZZYWkzgfoLsAS+FOq+20Q6sdMJ+en8YTuFWOR+F3kuaNeeFx4jrUxzKjGFrWS0DqtQmyauZWqQLJfck9KTVAlza4TV5YcHaiRkl4QqReB0MeBKo2VD8sLZxNcd2opXjoGXpeG7DeLkhNkhJccXIulmbBRVGSvhIFi2hnGylh418cJcnsNHHSxM4TekbYoWWrsKU63XHgR44d4+ZUQcyclJoKgs+cJGUUZYW2LWXbirpVHWdvMVriIc2T4VrSUi9Ms1zSuJQKDadIE7B1VBb8BBb3LUZKn6LSadXbYPBJbSF9T4RBgEeSSDXKymGuhqXIiYFrN5Neo4NrepovsKso+6b7frmaclMC6DzpV69IoUw4JFGGduqQGlteVE1ixvyQk8nO+z/QevLZJXQPWWnWZlBjZ6xlqbXjz57/o8+Ed9zZvvdecm+d35589iuTrzwyP0w7Snc+u9tYra7DmlUzewv6RL2ADn2nSwuDGLlS9eIToxfFaKSjNT2F8QpjnF1ZEUdvFysHmesyUpSrsyfCNd0fj+JJX4jDtx7li3M0zPJpPgEtd2CR+bvwvXfy7Im//w+jc+cWb72FHzzEV5aYY5nVHpVJDeN/NCzjgex12rce5nMdHrp1bLA0njOMK2w4wn2koYW6S52vgJzTGMMFgLU4uMRX57Xs266g5umdUPXv6lPFLh4gfRNNbsmzrckqnpd8/tSpMh2f/9bng8GTt7jri3zgigRDnba4hyJ5PuqzxO+IuV4R5TvPfcUZPnfnnPTViGwSGojsTLqqtcTn7uyX0YksZmdsDAWVtDc3cQmVRwCOYdvyFuaWFxcX+9ubo9EgjgZCu5wp88a5017Yml9Zwsi4dX5dwoYgHy1bPXDLyqGD7LoV13Vk6eaJiZDRI6VOfCz08jOcjNC5GSius8zYVRR1c84ibpZy7ty50Wj04IMP3nnnncePH//KV75y3333vfWtbx0Oh1/60pd+7Md+zATnsv1yTYuJL4P5BweAiT81cdAXXxF86en6Hj3fa14MlLySHCNX2U73m/meUi3IFKTWsry8vLS0tLm5aXJXmpUlJrgeJNoAaLKCNDsOggAVCTDRBE3j2eEjcgNGkWnLTSg09mZINPaAfZpP8XWwyH0N6ButfBu19Gs1X50VRphKTTROk8p9cuHyRb47FLgyyHfZo6o6Tx3KS4Ej5Lxx4XUPWp7vD7b6MOznFroAA2AlJAxRZLQ6ME/yPCvoJ5ckBp0pUuEoK2NOLw7n0/DrxnRurGTDk01MnLkCVgEX881q20YDWmoyY1Ig6hdMNbgYViPXoKS+askqadtKjuJKwkL0zmj+YhGtsu0SaMYq9GodHK2I42w8wQ/mXqSGSMGg/AJe/rKXm5k+/9Sf/tNXr/t8mYKdP/bYo//m/3ovN9rGwFAlyCaF6lfp67nR91XjwRa7ijI6cF/vFtfvtFOlJT/0yk9QZFfx8c4giiO8GQQh6mgSJyTNYVvwpoosdaKoNZmwvMjREhxbdrqs0y48q6Cg+9KKU08qj0ZA5uIrlh2A8TLmcR7YFnEAfGAbX4notYMQDJqXLuYqqnTKwi2ZkzGRFW5WOgVzNMRGLQcDz7jISbhSSM8tXGtCK9pKYOgoz1PBcscC080sFqkizSlSSEjuZoU9Glk7fY+XYKUAqCU6BKBe24GvOBU8AjFvBcCsVqeFyWGiZFoUaVHGYKOTSEwi+KpaYQeMETM5O3QsXwAZhR4iIQAAEABJREFURBm+J7VmMQEEBwA6y0RGdDig9d0KaHVn7Vy6sZ7lW8HCAXdu2evOkcOH/F1olonFldcOc8z0SxkuLFittnTcKC+pF8Od8VzL9ZntZIVWLOLCY9wvCi9N1XBUjMcyTkKm/CL389xKozKZpNEQzzF1nKzTseYXy7A3ER4PWsIPrMBVtpWD8KaRUQTyHFdovWgXT4N6K5JBTobDaKvPtgbZOEZ1s7pz1spia3W+bNulS3I3AbdDz0f3CpCdpWkWxXgnELZv06iHC0GNELYjUFFsS+Now2nJe4DJc6fknZIFeemX0i0LJ8+dNLeTlCcJBjYwaJalQuaWwrPlqCfCskFZcngXcJ64P7Ydoy+17cJ1MwyFNrAuDmSD5dLSAMfG0cmpiF6dOlUb/Soc+PiY9Yd8OLImQzceiDylfJ6ofAtLfOXAoLc48v2xjQ5TEyfB0ySTOUVnCRJ5VRmgjefSj4taKeGTKVHTyIdJ0wFano9agWM7getRqAHeTpM4HvbhgQhtq+M5Pc9ue5aPu0LB0xyVP8+xTRpHE8/hvY63sDiH5gBvx+md8fkod6SISl5osRBi2UmOjTevzq7YN933y9WUmxJAF0WCjs1G6xSulGTxwVWVwqEFTyF3SuPRpVItM4K3Jzp7vg0cXBS0fM7kZ9ULeVyMXqB2k4kixWcdzhAnbDh00Asr5tfRabNHnzGvZpUStNXDp0v7hNYHoUPBsaYDiKuVIHoDWS0uIVdXbnF3fo6HIWlbwYdoORTUXAVWMBbl2c4QruC5246wwGUmornQOxDaHWdMB2/efuMD1upisbPZOnrEmesyeF8dm/zOlGhCaQEHmY8H0fam6gStWw9pJ5pvbhHLch3EoQhgnjzDxhPcV0qspy9YW7taUD/w2NI8m+vV5quqBbj5pXlyfUumMmfs5irVKkcdV6+TP423z554+muffMuRoi3GDhsz+K/9tg1vfh476ZYjeeQdcdp3bZ099ZVPvO9NR+3QLttyByMpRjYu7Uy50bg9HJ5zjorcZmUiVJEJmWKApIUzeiahl6PBNeoWVmcrTwbbZ+1sUMbbXjaE74SRE0N4flumwfrkPMY1lY5cGAky9dzg9ju/n13n4vlBkVVakEpPhIx+MK0wqqmlnjNf1YRzf3i7rgVYCrzp1ltvNfKveH333Xd7ngeA9dnPfhYVPfCDb6v1CzdGMbXaCPg24c+XAtCzpSGDplx9ctEXLDgE8OULntg+gL62paZozIhsoIViTrKxscF0XikTCt3tduGVNHrilPES023XMfgY02c0bTBouJfw2qQiTNPUwGs8ULBp7M3obxjFGPxut9vz8/PY7T56vqHKt1NLl9e4pe/BuDMfcH5Rk3SPqVrz5z1hEia+wyyNrqSZW76PW0QhcYoC4Hw/AHguiwzwrqQsoOBVWZnTjyo0gNba06TWXM6IJukg02rB/1QPhDUrzxWv84ZZojnNqj2qKr9ZFQStT1PrJ9DKOAJ9OgEMaeFStARMd5uzWizZoGsjeGssdl5HRV/kHvHqmGYZBEUToOOQxPcoAzBelrTYG5cYkQCg8D3u2nWCK85mNDiua5mNfqlKTZ/VbtXpm6LAzfi3fvmX2XUu/9P/+Mt/+NH/eHrSr+ahRYH/yXpvRDl0sFKWXNXKxeMbsd/h8wFYHqc1uBSqLABfx+M4UnYuAkb1CX0aj/TCYFrGnAmvdFv4MkVwlimmpGGXtxZ5b67wHSDOEoRUTniacgBcW4SW3eZeq1Rg0PiWKplHgWikxCCEC5prCTfnlq1KnykPvJvUCDAHz4vJiKeKk0Yi6WCWINJKJJZN5NG3JfcKKQZpEaNBlyqTIsXdSClYYMLkmKQztX5mVoZlGYxyf5glwBFgpLawWoFCF+HISKlEWJnj0lqkkqR5UkcAtCdEiIVUrnSsxHVyVTAb1+GSh4c6BmIGpe8rrQwhpHRpXYGcjFIRlx6p2ct8NBqsrY821uLREG4vZSegrR2fjRhLSRODGqGNCX/GRxkuETN2BwS+EG6EfopaP5FjxwmE52UF4ANx1BTMF9NIUpaPWYmZALmo4QMgRIoLjyUmpqXlZNwZx9zt+szqFGFPdLpFEEqPAsNLWpCrpefgxaR16bTsA/4ol+O5S1VmMbi98ltzLSfIiqQYw5nlz/P2Kpv3Coc6NjjGcRMyUPs4y8CQXUBZaafSjkxAIaqQ7VmBZXnCwn0DHyk1TKGVHn5ZJmkaxWmvVG3FA+UEBbwKDF4LUeABFxpgk30ttYQJWVXKLvB0mfBsz+P4EpCzSojhwxng6mdkl8w2qt8FPg47bdeBR6TkFBQ/IuIET4B0WLcsN8vUyMfEtPxMsSS34bUYqWDidLMAfSNJgaC6pVZOPIiLEiS7UIRwfE85uFgnLrNEFvBYkkSzowP5TeJM8gdZlNRL9+kg1rnf87hCdbK6oYnwl7bRatJx4aALjsq9BB6RvOvmCx6wNK4d8HnMywmzJ0qUWlW9zIrMTRORxPylZ3Rg+6b7frm6clMCaDL48gLDgGWZxRngXqUWQLOkqMOfzZITrVMhXG/5wQdPfOHLIo9D9C0y06Os1q+VPLeCA0cOh/MdWvUGxrgyx+86XC61o9Nju5TG0OOzrWzm9Z7mN5NJgn5Lo3+kGbBFQ4lyKtVkiwSVWEY5QwR1L0duP+a4AYZLrRpVEgTf3GKDMZmRZ9bcEyfDTmAtzjOj659n2XBy+rOfQ196xzvfyVqOVvUQbH7OeHH9AytWp80cl9SraG8R29hm2yM4I7Onno6eO27PhQIA2rfRPZM8dFmy7R22vsVyipJWTzztx6mR2ZKVfB3d39y2g/n59vwis+0Zw8+sIpxZcLfbJNRh3AVcr5zfBCjrUjZrI2V3/vxZmDlf+sJng+HZjggDAaNCPL2WP/ZMfHRRPXi7CDCEFbGVDNVoY7K2trO25d664MLFnkfwCdPjl4Wt0raIZK76W48ud4JHHn88H28fasm2lYBi6+BhWuMFJ33hzacL9+XOvSoax6e+6o2fD4vtkNaSwWaz4W9nc0ftxQdKp8WSk9n6U+5k8+g7f8lyXHadC82K/V7Ea5pmhNu008TQ532KcYMXpSMIALAM3TCYo9Vq4QUgFJB0nucmmU/zlev3TI3gQCN/bIDsnuVd+NMEC7MbqZhwVEPxGtWCqaSGlly88L41M+RG0tpIbV7JEc3e8LBehiZmasUVLs/fL9e2mFqERwAuDAwNiIzXeOFrFmayXBo9aF8XrkXBpFZAwvtGVAfcGR+hXaPtmK+gym1vb3Odfa5pYkEQHDx48NChQ9g/2y83Utlv6S9zqSImaq1ls3C92+o5lj0ZjwGJHE9zkCwHxQBN0D8ZBieKes5IABpsi+uUH0Y5zeg/6wSB00PUUry8yt+l6sMynaecmWzTiixnS8u6kqVe63VUu9B60SQWIFWVXM6kQZN2pemr81YxcxBmuDNvVDzYpTR29PuVmKE+Q42xOUUOgnxkXE+cbIodzZPhyG61wKCZQ0q8ileJFV8e42/X2ssZ+qxupCwRV1j+2n/738K5yK5zwSH+2l/7pb/x1/4yr7Vb9Jghq7h8TZ9pgT67qjLe2MqjiERvfQ80mDlgiUomWT6aJJMYGFZ4DgViCjvRoE2AgivSSRApKPWozPLSd3kQZvCKAc5aLgU/KYeHthSJKlISX9eRzmhreULhytRebAFumYAje9gVLTh1XWoygRKh4mHJ58osiBI2GvtR5iRZidcA1C64d5A4fixFTjINEnSvH7OkBGAotXOHvEmFJWIBzitJFwGVPy/TOOHjER8N3CzjqqTFn3HKPLdw7JxxioN2g7StUuFErhqXKhI81xoVFq4Ee0zKAtP8nNk4W5yzxQVJjdBKbsr2o0hKgqdZHk2StS0+jtC9gLEmw/5keyuPJ4AANkzOcaTcifK7wnFtfJsEoYHc09HOYDIcoOOxbV+UlgoFXunuBM4jTqttLUXdBKekg6oAS03VJEk2tp3RsJPngvRJM6dIVAL2DFrulbBNKdWPTEYJx1+9sHTw4+cWkDV8CZiN6kzIJcXGkcA28CrccEVp0w+tgyW26/gk7AE+7XqF3869EHNYza9xLg4FFRYSGF0Kl3siy1I40nmc80qiRaQeLbFFNc2AhkWlZySILbMiLkWUdwS5xxxQby0MDVpS4mRIMqWk7FUCqN/ngW9jGg6fQJkJWqTr4Fo5zkPLgJD0hg2uS6ovMKGUFlehYzoeXAtws4GSl1LmaR6lORCOK1wFPwpVce6RLjNP4bTIZJyUIzxxUvngbZpioboCw2TwapDzQlg5PCFKH9ZymO0AXSeAM8RJBHWyuNlpYYSVCppYG3VtcimifZJnweG+79oBhgYe654f7Zg0n0jnBf2y13IseGnigkKvE2UP3NaklJOCRyWtsKFFPaQXAErg59clLfB+2S9XVG5KAK3LVD+T1eRXT+MxNKEvt3RiNrMliR36f+KH7z63sf6lL6fxWBidXOLCluX6dzzwuvl3fL91YJU5FtmLbW/pjQ+I8398+Okv5KNxQQuUpOtMb9Re5FwfRdWBCcbKrJIPcNPcSXMq3xnx4TjMUldLXQjm4hxzIRKYdkcO8ZarCbgiCY6Tp5783fdtfOPRsGTuJMEguPwn38XAlEluqoQpmO30n/pP/1nZ9h3f/TZm+crGoGjDaZnmBXNdsbLCfZdpNQR0vpNnjj/3+/9h/PVHuhh7Igxh2+H9d7PFRX04ysqqxpP+hz7y6Ac+0gJUTIvWiWetJNG5dI35TElUMSjFjM0vLbZWVqo8jWSV6uyz1XVfjJ7Ytha7vpA+33x00qzdzCnapXzi8UceakeB5VJ0u/DO9qPPfCu967A4eHRhtd2KCj9lobHtigKVDH5gWoWTl3CaclgccAwEIvfLHWd8Kjnnf/0Tn7v7aDB3UC3ygSNjTrcM99xJmZu1Vr3uYj9dWD/xlH/2i0fDcSvddEUB6wjjHeamo3QDw8zcwdsFW4+S5zu2tfDAj1zmKnD+H/nIRx5++OEnnnji1ltvfc1rXvP93//9Bw4cwEdra2uf/OQnH3vsseeee+7ee+998MEH3/Wud11Gd9LxOpbTMUHw2v9Q5QBpYjlpWei+g/RGLUonLDLzNDwyVIyZB2eW61kmOR57WUpzJqVex6bDz4RZrcJo1UvRrBCXpWxQ7ytejJ5GA5Rnz0pV8UQXp89sBuhPv8gvAqwbqN28Y7QU2KXLtWzmjmNyP7L98nKVphkCH29tba2vr+Od2267bXFxcWVlBQ1kOBwOBgN8BJSMbTDHMZHReI5oKWNdjOgzdoIniA2wQ2DoMAzxDj4FbcRjBaQGccbvw4cPY+fYwMhxNGeyL8fxypbvyJbe5OhjL6SLrxpLUmNi00/WCet4RVmN7Vb3sTP9s6rCnqvw5xl8SZa7qMYjpvNedNodVcjxYBj6AX6UEc8FcdE5aIsspZ8kzQeDngwAABAASURBVOO4TFJACFbkwBwUyNakyijrU+OViHGls4NhTouMMtPQiFEJkipVOluM1qAmKQ6Hknvp0UTyavqjj55lRZpheFRaiocysTsuxeYISXkRMZTrDDkkPFrdnuowOucVF9N7YhIZav5d30pcH6flkxXzhm1neYXMUpmTnVemIGJjfyFx84KX1MPQunGtSKqMSAi/IPMhvVOaM6AMaC9U+KXWVqpKtUQxI0m4a0y9VH9llLeroJq6kqmqDlSrUqudTXcn2MzuZ47fxMxPKw2bebO6B2q6BWsG8fpvU+NwUrfdevRnLiu+cQ2b+Xve87P/+Ff/D62hi+oB8EsR0CbOlHLPGR8Iu6pSbm1kQ3s4GXmdlkXOCZuW/AMrRynqKoCjCDAJ7gjXV1o5hnw0xHrzbDyO+luEl4M5p+0UDh+hqhUAyTa3HLdlY3qr8oRWFXOWYoqVFIVOzutQvkGeOyL2g9j3cs+zsszyfJrhC1LqaJd5Px6H476zs9UaJ/Zkkg5HOAG73Rbd+ViVE6VSzjMlYrsc0MCJBpnCAJVJKtErAuTZIrdJLsPhygJInAzL4U4+3rHzAkyZWkwcAVzqoG9b2Z5yAlxU6bhZuzVhYkyc04Ev0cI9j1I1GJbjkbId5QU4T4Xrch0FjOzZFHRbpnaZFKNhurVdrm+z0USlWTLoF8kEfUvL1UGsOGgSi+HQ8tp+q2P7HngjDpLFyWQD93+gA8wtEF/Afr/dBf2m4I0oowadlrblovrppdSyjHI5Go83N1qjAUlVcLiXCpvnOsjPd/w2ODXutpWl8WDC/IlPyfBYht1gGupYpMKBRi1M5i08GXpF2qUE0FNXFl5C2Vhh1Ofo69AdBSFIQyHMPJaRNrMsuA5jIpFKdFeEbwrcBpkC8mIeghpSUvpTm0L3tGA3mIJFceKoPrkSuv/EdBz+MV8IEoOmKChakoyZjZBFjL15gd2bc+Z6mJHDF1IKvEfx7NQrlxRPjVppWQz7YD49jsKinoret3AvbDojrSGdWnai2JgiuQtHKurxKLKM1pOjyeV0T2SUA0CXpDZSZp7l4OG4gT12WDZJR/CXeAIVNSVFaAocdywXCIhSF+KyLC17TRLVJMuHHlTTed0r4y7YBMmlQv2XgSsdD109L+KCQtULdBGoI2WRqcBz2yWHz4MNcK2igAtEeBNb4pwzjbNtIlI4c8drufFoxPbLfnmFyk0JoLW8hSi1BJoyCWabj6Y+/ukCNtiP/JbDyz/70+0f+gGepdowYpqfWvA9eisr1uEDCsRW6EAF3/Huun35z/5k7/vezqKYzAqSH6pv1J6RWU3jJYwdO7uUr7LbbHIOiizPz62PPvrJ+LNfDGKMbfC72aUoM1xI2GJHjzKM0+glyZjK2ZnT4pFHrUcf4SQwpzrHji0vL9F+0OvqFS7l1jg6dXbxztv0Sj3SqabLOb8hk7w3v+wAprcDWoFXYCxjo+MnJ1/9hv3Ek05BzmZ0we0Dh9nCEqltWDrWYpLkDz/qPfK4DbidFTJPML5iMltWmXWrtB85zJOlBQtnQsOMqPK0TK/1Aq85WbmSizq98u7P2M1TeBVIgodD1xhFk43NceJhcBNlTquMDiyFnl8+eipXD2dBoDb626Lnvfatd8BFnGGcLmkxk+DeOA8/+YX++rj44T9xYFFtY2+eHA/XTpw7sXXHygFHwc6auCrSAzGHJ6GEf5ynNo/OnH9q6+kvPNje6siJzUGoSwdDEQa7Ig0Ui3Yed9sw1dJcZfNv/POXuZCNjY2f/umffuSRR2bfxLTzV3/1V/H7v/lv/hvMP82bn/jEJ/D7DW94w2/+5m/Oz89faodB584qpXv1iHljjrP95Tk3dqGOTVPdC0N3DY82wsQvG3vSayWYgeDmuHgnyysggt8wXJlhteJGoc8Xlqsn41fy9cszqWvezPEtzPLYfnkZC1pBHMfnzp07e/asiWimfMhFcf78edDn87rgBd5ZWFhYXV0FYjYy0CaUtd1uo8kAUkdRNBqN8PiMUodR+8WemY56Bnc+duwY9oCvm++a5ka+H1b14bwWjt3H0C9/+Q5s6dNI1hfkz1W5lFGuP+OsEb7bI9dQwdjq/WbBitmS12CTxh3P9nzHBTyj7Fg93/N9qcWdDX8mdVCKhtYSHGAAuIG47STBQfiC0mxV6QWlye4h66NWTlbKZ0bL140BRT7XAlyCIITwQI0cDr6hdUv1EhkKnNOnT6sbiVznBWlPp6ksCpJ+li7XOygUcBat6qd0WpRShteo1Vyf0ebgjYupWeWn0xhWQdA4D8wtqhVthC5g8ha0irsw6KfI4yiPgEBStyS1Lh1f1xj8+hnu6TQq92rVr7zgREDVe6pIsZq6DepnxtguZMyqI15gfDYPmpukkpUMSiU90dQccwRzEGOE8Euk+qk9JFVar5kjqfq8d3mOpy9mnB1myz/7Z36KXbpc82b+np/58x96378xyd2IRUm91LeeOYsLHtqLLSpNioyrNE77Dmkc20KVJhiFo5YScI4tD5NvSkHgocIDK3r4MItVHpd5SooupF/DlFaY1Bk29UTS0UrP0qFca2QiCjfADCmDQzUeDrNoLIu0nO8V3V7ZagHFMS8UXkCzXNDJNHa2193+VjDoL6RpJ81stFMw0bjvZFHstxOvVbZ7ieXHwo5Bn62CFD3LjMWxHMcwREvbZe0Qvigmi4yEOnfK0YCNRzq9oW7bnOK0UovF3EqFnQmnxH0AX/WdECDe9tHwHQzlWZJtredr54vRKPA94XnM87gXSMvBFHuiClJiLPNysiMnIzaJ7CSzMCvPCpYmuHLXw5BAvQihySyR4/4IFXBuSYYh8OgojZLJIOvvyCy3bFckOR9PSL0hy0kHRakoSfE4QKu99hyz25K5Gc6cgsqthQOr7U4YRhP42RINZ8NuV3id3O6QJFCRO2k8hFM8z9NoDIIsKbejJrgkCalbvSTxIYt0mZlfkgKGU6hWLinijsiwE5M7lWd+QB0aqH5BSfuAjQFdSbfbcSKQfcq7CHJAIiSgPD4Fg5O0h6L4QDjAPEVboxZoF5rN4BXgcJzbbl4qDF2pUtif1Ms0gJNTUHRUn+68tbDAllaSIABUdvLSSTPcWzghcq2VhF6P9tNpB8srhW8VDnnRHJt6TVS0RBXKAcR3CuAavOejfnoUfIfnzDoUPe3YZRqVWZLEWeL7WStM/SDzHe7ZVsvx2nbQ5i3X7VtFlOei1Wa4Q+ACAFA4aGBT4ssc030S3M910B/VeVKTsQGvKM7Nt5nDKTUkxWhbgOS5yxMgK4fEMHnKZSTHGANwSpyTMksG2y9Hy0MjIbFr4WTSUhTrTZSL4gGVzlIGUl/uR5bsl1es3KQAWls5jO9KAmikirUoms4HKxvbRumAAuv229u3H9VDf6MQTb469CNaWl4nJ0Xbx8ZhYN12NDxyC8kia9GEmSwnu09l1jAxhp3cbQAL/aOoq/WHkbOwuPXM8/Lk2VJmJo0r/rEXFtnKKvNo0NUXoXbOnY83t+wksck3bNndjr+0WJlU6DjSotjcGg5Gr7vjDnQ/2mgFjZTJiVMqKXuHDsLRpxyLRgT8jtVgbWOys9MFRkcvyuD2coMDh1iro00vQWHSefr8k09ZCXyVCr04HIbofaVJxVtZUxSNUQa+WlmBC7o8cTrf7uOKtPqTFoC62GPCiOetrvDDh7QatTuDoW+yeaxZwchNTaDaQxOL89tsIgNFohr5LUv+972x9YdfHn/yq5MJY4O0PHZveY/dJjNJmOrq0CpNEZ6fbP3h4/JVb5adldBRkafSMtqBD5NV5rjUajJOIt2IBRHzOOuWo/js8efZ8NzyEreKCZj0xiDvR/LY0Y5XjG0R2ZMzYhxafhs7aN3/E5e6CqCKn/qpn3riiSfw+ujRo4cOHTp+/Pj6+jpQ41/9q3+V6SAL/H7Vq141Nzd3+vTpU6dOffWrX/3Jn/zJj3zkI4b9XVj81m0XuBZg1FnGtqaEyPvlRi2Ymi4uLoJGgXABV2EOAywFpIUXYFsHDx40Cc0u9eivYTHMy8R1Yq6FijrRxUBw/IkTA0obj8eYsGxtbcGGNdnY2A1crsT7ovZmF+Czwc78sukHL/XR9Wjm+wD65S94TNvb22fOnEmSZGlpCW0EKBmNwhBkNATwhV6vh4awvLxsgpcrIRe9agHVAF9EY0HbMRrQ2KER4sCf+Dq2MdIcaPvmuw1oJsOEX1w3Zp9Bv8xlv6W/vMWIhAq9jJuW2qApUARgEJJsp5TEnj0Sm80zcBgamwrS38A4RX8ABxvdZ5KTojkIU018rd4dSTVTZKWGoMR5SV9Z6KTStOIb4FiWWZanWQqT2nLdoBUG7U7bp2XaFH1C6+ixUWEUObSztjSR0JRIjtay06IHnBG2gT8qCLTmjibCqhKDUoJXaWNqzl9Fvl7oOtV4nIRDyPoHDCJx6ZLn4OBgIJaZIQAspuOJNZq47a6Oe7zGYQcVDtZyYfqC9X+ySmwnTZw7uzEKVzMijFfoO6nKj/7of3Gpj65HM/+Jn/gz//F9/7ZKSama5BPchJIofrVa7cHSUpmkWTIGvaWZeLMYGOejo0pVLnJgNSW9Vk8nKCrLrChHQ5iAKkspEiHPXcVsTJwo2klR/nddH0kSAVMkoLNSI8/AkZOEhHCGfWu4zcu0LCIZjxQYX2e+8ILEcuBoFY6LqbBF+ffwQmwmUWs87lLUrQQwtvJx5oaJG5aDlvS6pRsokqgGKM+xQzmZFENKpUAYYeg7OveoyBI2mYAvS/L8gJBS4C+8Phl25lASQqDrgsJSKdsct8ogm/fCIMcpF3k5HpZnTls7W2E8CbA7Cnx2czeIlYjhUdLSPVaZizQCNLfyvHIQoJVTcwTaVY6WKAbnLeACSse4ZjKfowDsFZ4oEq9m1H0AHRTDiGFGn0zEZEQKQCAAaU5dgO+xXiy9Tul1nFbbwl3xOnbg2vM9EceT9fOj8cgqs05nnrvtmAeSApbx/cTKM2W7EWB0llJCQ9fFPN+4rJXmHFYh7azwC7VcCD9XXs46JQmDYFpYWM6Y86HgY+FInXtRUxvFS2ZTJJyVowNLSdDIkczOSyvJ+HgcFJktKQllOfFku6W6HZtSBXoEUGxX2jy2+MR1fW67Ramo1sWTNHZx97KYMhrCG2I7vNUW7Q4PfYARMBDfdTxwXVbaRSqihOLp4GpDfUSdDOzUszNLJOQuYJSl0mLjhBS0XYB6eEkY+RjoB1URfaHr2e25XLjcTVQWp3aUuSILgyJ0C6pz4DuUIsoOWNu3WmD/qS15mSuNTtD/g3EDu6BHdnH+pNesdKVhnkOtRZC2PodzwLNAwAnJs9IKbTcAYVcJCZjDoeHkNsfrhFmZ9gBiCo7BIJMUpKkMsyARaqlS0qjFTacF2RihCHmn7jhm+2W/vELlpgTQWvCskGRvKePFJy8ODaOl5hilThUyA6CFCTYgaSD34sxMAAAQAElEQVTyaPFCVGBYr9Yqq52wasGVyX1dBy5cJHZipqi9BHrqSq/fU5YOagDVRTdy97G5O49un37e0j0vI2PUah0+KOa6lDBQmJAENrb88sCR0PGsZNLvD/xejy8ukMuqBB5Hl4NeKp179V2H3/pG5jq0igaj83iy+c3Hi0x2Dx2xg9CEUpBhm+XwVfLbbrO7XbaxXaxvi1bgrS4TFDaKH7ghjhgvdBfuuaMjWXrmfDkc2DrPrFDTi0C/Zs8vWMsr4ye/tflHn4nPrWknHSWvqHIJN4vWyDFAa0kSwWWnfei73tr9we+zDh2gC+TNLVLsBrIcX7gILSGi10RaYSvw261vneTnht6RjnJl1BXFm445bbv7ucejxzfY/MGjr3v9mw8dPXbi8Q3zRJVRk7L4A2++5+PPPfXc+vi1K6FHyuAZ3KeCXJFkslIyTRE+fkL+0beyU3ERq+iuVy3ddU9+8vkzd3VQHzG/YQMW/qdHx4+fkj/xLvbAaouVsQMHaDJiru8feb3VPXSpS/jN3/xNY8X+zb/5N//yX/7L5s3Pfe5zP/dzP9fv9/F6YWHh137t197ylrcwPS/5x//4H/+dv/N3Hnvssd/+7d/+6Z/+6YvfFjvsLT249fzjsxjasnipV23qlaT7wOIGLWBSeO5AVMC+ePSYxsAcMn9ihtPtdjHzubaPrzRrhPmeRdAVacXhMHdCfTty5AiIGE4DAA7nAw5+7NgxfBe/cWL//t//+7e//e0PPPBAQOug1Y0QDW1CxRvR6j3CGhcFebOrBFQteE1yT3UCz9mNG41ppmG9iVS91Mlcj2Zu9FhuNPXtb+NCi5q0kgZaAV6jqRpwbNIPdjodoGdTVTyPJoGBLkauwTwpfAXb4yPwZbyJ1g0Sje8ajw6m02DZeAfvw7WDQ2BLwDWAJbM638T27ffer2wxSkSX+vQ7uqXvjo6eXfFYv8OnMa+z7++Nx53RTaj3ompfix6rOIgzGleWJJi2dzttICOjTUEanToAmdhZBuxDcdCSVpWXpLxW6rAMyllW9fJMBy4onWZFC/SxvMjNVynXV1kAnoyjeISWmyYFCbjysNVa6M0fWT10aPXQ0uIi8BmpzVLLTHVUaEnBz4AsWQb/0iRP+/2oHyeDOM1hroMpuR5OeL47t7Sw1PKDwPXDwLd5tbpBqObS9USAhmZh0snU0yCtACJIMBYGnS0oWBvDjyodZVMYRqlF+rJJZA3Hci5B90NJx2amTdfuQdfhwnUUNGNTXYsbr7y4s3rTG994UItpXLRcj2Z+8NDh197/+iLeboLyKaO9cVCYLfhV3djW7XdkO9vl2jkZjcFIYdvpGSQHZyxIQ5KiU5KdDZlEzhw+ZWWaR5MRBi2WxA65fcpikrQL6ZSMMhtYRt0cNVZoVdyy4BTNaZGeg5MLa4LxbLDjjLdbFvY0KUd9FobuYpL5wRamsSsr/tJSODfn9IKiG8auvTUe2nk8X6Y4lgAGTHYy2o+bW77TnvfbC2g5UoAwJBw8dzLKR0NOthlVt4KUGFD9dfQuU5mgaFUdOWaBLxeuL+Ggwg9wQ5YV0UDmY0tOvPG8aLcTsMskzodDubnhpXFQpkGZW46tHHconKjABBBM02FaebotpQcSjXsjiJSXGJqxc/DJJNWBq4Cn1J/QIgiQ7mGWMTsGeXYdEYR2dw6XxdK8GI15HLkRo6NkSmQqpHmowGblcCI7PdVbCrptuxNyr42uCATTKuXACZKdbRlHrU63FP64xDSv58KO8Es7S+0MzgUNFqw0sH1Fiz2Au0FDaUUIcIqf5Z20PFA63Ux2ctUh4klwIxZ2n/NtwXeIk1qe7froU/BSla5lZ5yNsiKfZEleOIr5SWFFiez33fHAzRLSJQk80GeRL/rtThQWYzzqVre0nMRiA5uWswvbTZK0P56I7Y0gG3syi4s8CcK8Ow/gDhycSuoubdtpYVOVdXnZc7mICwv+EEWK2JrwFhPF45LFBQULA9R3AjbOQLZzFhV4qorCq/kkS6MyRbuhgGTHKSlmP1RWkltubssSfgrfKch3XGgNDcUdHrqsraww9vuTCP17iUfASRm7JIUPx3YJNueZJVMSxaHaTdHKYMgUEA6ETWLZjLwTwhdWG6haJQRpKBAeHiicLYhzAcRANEyrOEniMOTLoSfDWFqyqAT0IaeOoFhqjgEL92o8ZPtlv7xC5aYE0AXmUGij8P3wGmbSiEnGs/Ya6WxOM9P4ZqEd6TSTgUT/08c09Gotj9JILDCT+cPsbmpE7bGn1CVeX2h2GK0xI39sknlQ+kEJvyoti5MkOwRLtH30oOiEcAJqEE5ezrmH3hgsHXCiyfjhb2x95tPp4gKbn6sWomGb0G+/6s43LnXDu25nlLdQsiRnDz927stfS9PEufUWIObasoYnzTvw5jd1jh71krj87BfS//ABu9vpHjlAOUMsM8lkdq9993/102GUBf1o7Tf+ryyKlI6CUfXqRaF/t5eWO735+MlvTT7yhxbcv5QNQNG6JJK1UiYO2hiGFKJFCwYxlqmzx095nXb4A3+MLcwxq4qRYOymC4PWrF5QjgJc1z2vuf/Tz577wlPrt8wv3Op7joyWHfnmo/6huYUz5eF89cHebQ+0QprtVzLaWhAOM5e77zp0cPmpnNAeZaDGiEOqa4ZPU5AHRpz22Un0xeeHj/Qdr7fYe92xZdlb39y+f7nF4LIUfFI4x7fZ18/wN4yd1xyxrSKyKT1EjtvauuUNlzn93/qt38Lve++99xd+4ReaN7/ru77rve9974//+I+DTWCD+++/37yPtvSLv/iL73//+5988sl/9+/+3aUMWZTu8us3nvvNkuwdndCSvD2MXEAwzIp9DegbtxgpWBRMYICiRqMROk5gKRMgee7cOby5B4ZeTdmryqKmPj/zBjDZ0tLS4cOH8frMmTNPP/00zu3EiRP4HYYhTsZAAdA34ACzNvbC/TP2cgsFGNHqPUe/fLU3xPnCnTQa3Bc9RIOzLyPvyK5bM98H0C9nMTXBhDOnSYrmgDfx7NBU0UbQBPCpWR8A0AwnDT4NdYHnBigZrXhTFzzf5eVlMGh8ZDIWGmCNL25sbGC3oM9pmmJLbLOM8b3TcT0XB5V6YeZ+yPMrWy6/yOM7uaXXFHIm0GNPqQSgX2hH9V60LnM9U9AdNNcrlUEX4JhBq+kPJ57jtVst3TrK6icv0Q4pAjrN8iQFEtF/lhpP62VtlFlNx6GRcSelVhpOZJHRsnU+SlMiznEyTLNRkgyiaDCeDCZRnGFHhLVCz1vuzd+5M7qf20G3h8MDHZB1pVOuk8+S8HMaZWk/i9fHo5ObG2e3+5ujUaIlcT3H6bbaKwuLRw/egv0sdecW5noBegBLeKRmq+WNawFsPTHS6QZN4hp9J4TJiK0XiOK4sH2l5YB+KZNfUVKgQU7gfJKNIssNhK+u9YruBjvXFsRUJUM1Huyb2sp8y5vffJlPr1Mzf90Db/j65/8TRbzosHJafcu0Z8LM966y9NquUJ7NhydPpvDc0LIAWilLMuik+qso+Mm2QXeH4wQAmsTKib0BANJSgtKysnF//fnn/dXcnV9yQ9DIPM4LHpq2aE8IQWP6j7kG2lw8mAxUmXo0sc7RNEoKMM2HSZKH7WxurtcNguU51WpnhfRDf2FpYSzKiKUba2dcVXhcuiS6XGRgu0olsRgDl5MjFqeVqizmZWYVua10Yk/Kyk3hVuCmhS0ySyhHCyJQUKsUju90ejgA5QVm3C2LCC0xm6RRRNIUo2HmeoUO68ZUWsQTEQ1AVx3tBACb7nW63c6c3e1R0tE0i8+fz4aDJEvduV5nvhv0upYXguYXgxE/e9bq9x2ARlKpBsNkCabiglSBe0eOhMsH7LBtAVpHadbfLiZbKhk4KXUJJubbhW+qlHFBkjpOu9vB6TsUR1wIB7sZ2zY/fMhdXuZJGqdFInkKWDDfk4Gd2WmReU4h5wtwyzje2slHqeX6VujbbU9pcI5P24r3StaaJL1JPpflbUACHNayXMqEBYKvbwHYrmJtztAX2aRxLKIic6MUzjy4E8qsdOPEwXxXoLsrnSLzBc/HOeV6TeO83bHaLavVwt5E0EGHlYNuSzbSmuZOjv50244HvExG4M0LSxw9p+/IwKHQZq047so8lNk4T4bRKN08p3AsgJQwFKJw5oOJdMbMigp6tkEhOjmHeyTPUxzIcehki6wYjeDAB653FQmRWAwQm3I+kVB5wakKC7gWFAV2k4A1yWKw7THbmcgMHT9FCXDKQOa4ktaW6DWgFKGGh6m5lkVLXYg9F8o2YZGSGUEaVDYFj0mEFpOholtMpth/bueSZ9K4DEUapTgRmHkWrdYGKsP9TKxctQrLtV2HaLdlF7kAUs9wntdsirdf9suLLTclgNZ5Bs1igtJAT0rRbNbN0eIwUkxjOpP0bKljHLSYPAZdnRsQIw+J7jCthsxq82YqFqGqNBqz07BZRnB5vqZ0poxSZ/TAgXai/JtPrD31rFsqdGPoG3DO6Jd7x261Wp5Rc6YjWqpzx5HOLYfZOB6cP5c4Xnd1hc3NafFTi6SwPD+45fCRI4dIfwMWxPm185/7qvzQx+SJ5yhxycEV5jmVFjV26HndO+/sHjvGhqOd46cyYXm9rnfoAIZYrfdB983yw8Pf+90sKdnxM5GisWGXoJnREVGsNb8QWs5kbd0aDlrwEMLv1+l6Bw/B3QfmLFQVMY1vh+iK++N0YzMs08nx42v/8aMHb7/Vb91HOtf88iHlN3YB/+p2+qPhG978tq998eufevxE17Pe+dq5W1uWXw4DNrmty1b8PFuIErc/KmwdIELeR52WhdIFe45a8diBNpyQJY093MFPSdl9yWlpMzfn9pFjt7xz8YE75UG7t/qqO46OTj81HMBt34Kpj3mH5bB7X33wC8+tjaVdcNvwLr2GSPqr913m3I8fP47fb3vb2/ZQxTe84Q0f+9jHwCn2aMZhM5i5MGSfeuqpy+w27N3D9aptnS8BBF2njuakiFYUxT6AvmGLp5fnzs3N3XbbbehawJ2BopZ1gT2Ehw4r+sKA3JdcjD6Akrv0wQu9iBnHBV82GiA4q7Nnz6Ku4jTuvvtuoDFAN7z+8pe/jJPBBnfeeefOzs6XvvQlnHwD3Xq9Hr74isCyhh2bP1WdG7fKkKvLnhNrQLO5t82WF93/he9fHktdp2Z+gwuefJsV1ChUb9Rq1G04YBp9Z9NYzG9UG2yDT3VeXJKpQcH7cM8AK6MRnT9/Hq+HwyF2UvlslMJrfAvfhcMJTR6/sRm+jp3D94OuAL+xDSW9v3EDDL9Tyn5LfzlKNSDtfpNYWQGQhHsYhKHJAQIoAC6lVTQIMZQZpXySOa2D1z9gCzmGNEppRZFpxCNgC+WY5Fu0Aj0t83EW96PxMIqHUQTuPBiPR0ka5UVUlDGwGWXNUgTPdFQqzimKk1GyvrUzjBKAbfXmFZYrDwAAEABJREFUN7y+G7jgHRSFRwnEFHxQaUZqIOe2tp5ZP39ic3MnTiPYXjQJ4hNZbkfJma3+8VPn5lud5d7cgeXlA4uLq4uLC3PdVkiS8DoERU87hDYjJaW84ibLrzBCPPRD8hs6EMXS+htSWMAoHPCCplJMJlm0s+MEvh14Rrf3paoI7+1zVPWrmo6peqsaSk8f4M1bXvea11zm0+vUzO+8+95vfOHj08DyupiooxcnIHJBUb0ujViOO97eYZMJS1IKtaLaTTkPGTli0JZQp+yMJyTBoZcs6wROsJxQqSk6S547U6RZMBq7rVZWAAAmKgzbS3P+4rzOLcRtxfPJOB5tJ9GA1CW4FmehhcJE5xI0I8cGvPa7odUNU8fBJpbnoko7B1bEztr2xhmbSY8ULehbcAjlipIN0lrqjGmmmAmZYxun5gK2vj0lJs22Ky1bhT7vtCl/oBRFUgrHk0EounMU10sAmrnCYxNHTrayNEPzsVtzzAs5fLy2baURH2xzdkoCqqK1BvPB0qq9vFq226S3A/dVq1NubcSTQbCy4C0u+L0ubpfIZKs7YSQbinugE0iiP2JsUkoP1nWnM7+44i+ulNz2CubaPm5yzCg7KuA89z28LSnqiQRCeJqKjCREWhwwUpKgBOaQll0SQAmtUoFoliDCBSU7TMOQDiBsRekgZWjZmYyKSQS3E8wU3AmegWtzh/OW4ywya0WWi0k2z2VPihaxFnRWFB6IOTC3RGh5MIqdNO8woXWSuS1YzFhHsJDxgVRRXrq4WBgqYYvLBStxHaDkZCKjiJaSpykDgs3zxA/wRBOdAFLSulvqbnVq1FGUjKXKJoL0mq1eKENf+l7hO5iRWuQ4w27sWObxuD/sb2Fe4Tm2KkK/7fTkKlh8yklng2Kz0ywdTvLxSBUp+n+tVq3yKInhJSykCLvSdhVzyTdHMdgK5IXlOZ5p2R+4vZZve7iBuIvJmK9F6XackV4Md1EXOLEq3DgS69eryXVLpKUzVNcIBzDKyIGhhMTPKaqSUoSRqHPGdfZbqpF4h/pgmkdhwCotnSGsGA1wG4RlBXBXytLOcx5HwNkuPIRegFYJCm0VpZNlTiqdfN/G2y+vWLkpAbRNQ5tDCxeoZ6NIARPAoFTlzp9qWtVlxhoiRywaPU8myakz5eaQJbnOMcrZTP5jXmfsuBBAqysG0EoDaEFL16ScZOlz50af+KNifRPdLi3c0QkK4XX0b71VBD4tfKMvkbQ9DS+UUTUeb23lgrcOHGCtFjPa8UQ0hebGJCNH9i78W088tvPVL4dxxA4ti9UFDaDriA6u841gt8NRtrGZKtlemKd4al6rYOiU2hRJjd5rezvtD0Nj/U7vF+2L3JYLi6ooyvUNygxsu+zWYytv/2POfffI0CXhYvICV4TfVVZxtn/qd3+/PPF0UKQ7X/nq/B991lte4kcOMtuq8hXcVAja3Ej0+wvzC+sbGwdvuf2t7/iBT374wx/6xlqaiXfc694x74cistTQmzxbZBGMA3v5tYLyKnP9yAo9PqZWtvPQ7cGxZcdlRSqs0g5zO4CHAlY7qQmQHGB+9PDC0gOv327dAe8/fNZffubrmNc4jjDZz33Xuv/+2zqfXU+VF4m2RSuI4B72YRM587de5hK63a4R2L3wI5C+i37FyEEuLi6yS5egfdSIJtLsTMfwl4TW98U3bvSCB4R+FAB6ZWUFPVW/3weQwmuYOnhtAo2v+dQuL/L1tfWTJ0+ur6+PJ+MoikDNJpOJyZNGk1td2rDCGQNEO336NGrsrbfeCgYHUvbYY489//zzqMnYHhvjJE2+NczBUEsP6AJgjTfZy1X2RECrixW2Oy67Ueowcr2zqPpSRzHZ4YAa8Ywu7xK4Ts38GsbC75cXLCbIHbUaRBhPx0SkogIYNWfU/EbT2WjaGLiMpmTarKlIYRDGSWzqJ7bHO9i+0W8xei9Kq0XjU1OHTXz9sWPH9nvvG6F8G7b0CxKy6YhjXod7XCX4evGnw0wKlQrC8UpoVotxKA7SGoYBmhb4UUAZPD1OosekmpElicw0aMgo66DMMloIDUMNGBnwiH4ogUwhWcLUOJoM4mg7GuxMxjsY7qI0TrMoS5MsS4oSriS08AyN0RJSaBtK1Osw9eGyyfjps6fCdvuue+4KgyXX84s0EU4iNeotZDmcjM5ubT2/sbmVUIOn1XCyNCsSJSnpZXGSDSbR5nB4dmdroddbmptbnJub73Z67XbgBxjpu2ErgJeLi2biVC3lMQKGOCFMZEqbUpQQfIY3DAfgVPMKivGWqFjDcdaNHMxTPAedCLu0G0NV8ymldYEv+OgSz4kEC6WsxTcaVRO2NzyI7apjaq9Yh5oVwKrxq3lXzozWNfluYq+bLVUTem/cFjN5EesTar54cTES1VS36u/bb7+dXbpcp2Z++Mgtqr5oNhN1xdm1UFCZ6wrPsx1XzM3zwUANB6goNFWXGUxAXpRaBZMQHIY6HU1fagEQraoJRIp6KIsC/p3hMDp73glCEuVAmwpc++jhji2dViAczKjkaPP8ZPNcPhkKostaTVPQTApQD9zODfze8qLbbSuQR83ucAojsNq5tr00H9uW1mdWNiYspFiAmbQkbRlO0jJ2mdsyD2wjR0MeJczZLUmBq8xylROyXteBqbmylAsC0IoU4GWi2EQIR3FPgqxbvm+Rxns6oQUPXitYvaXsLpR+ixSQ89QabGTUegfEzucPuAdv46sHRoJRhgfXDg8ecHc2+fa6vbrIW63UtvO0DArVac0FFLha5mlk406SvoIKuZ37obew5HXmlBMMJwlAe1fAQu4m6SQqaF2GNbdgdbpFmhfbO/ixysKhm5q0S6B9P2V2KezSt1nLzQAlczwcIYIQdL6Eh1v7pGwCx6VdFh63WvCuYaI7idzQ8ZUDAOo7Yc/3Fmx7qeArtlwpsnYuWjlrlSSYmpPwEB666/te6bs57Nk0aSkRSCvEb+IPPPHd+bzczuwBL/GIC8cfM8ubnxNJVOxsOZsFoI2bZW6GeXTmcivuzouA5tFcy0pYorBZZpcpL9NCZQUwb7ftHlzwDi/lnRCVR7i2o5SvRItyCMpUFtvD7VE0MAAalbMdtcMyB6kHpKU8iSC8o2T7/Ho22BFpEjoEmwUpV0QAIZg+8SVmtboSnjjKeGV7gPxZATsM5KZU0lKl5y5kk3zHEjip85PRkOKoBSU3FC7THhiaOwMyE7MulQlzJjl/OEBc+jQtVZrj8gI8GiVyybKC3I+0dl5ZtA4GNZNZlH8Aow/uL/aRZuVgOx9P8jzD6BAqFpTKSTPcDN914cGxAx8PgcRtchlk0kn21zXul1es3JQAWhkpCsrqSpZSQaMDZV8t4RxTeVHKWVE3U6ZqGto04NFk45Of6H/2c+XZTTsprXoKR0lHzPa8toqNpST2HH3mT3a5E8XXbR01weEwW+tnp893FQU+k5Ab/GaCuZ0eP3iEuR5FcWtXGJuM2HDM0pydOMdPn+22O3MHD9BQzfQAK4v47PntE88evvsutrDI4OdaXT7wlrc4n/nc1njgHzogVpaZF5DaNY4Nq2U8YaMJ+i128qQ8fwa9/9yBVUUxUFpRAr+jjA6XYJuEPfEoj/oYliiL3IwNQosJbUsszUcwZTc2KPxheWn+B96+/FN/hh0+wDwtqU2x3vX9gLExysrR8NxvnensJGxr0P/ox7277wp6XdaBg/fmYxnanKQK4QfBwYMHi7L87re/w3Odz/zhxz726Intvv2DD3RefdiedyZ+mbJyU0YninEnlEP9GPBoMUhhfjK2xufecjdGt0LQki8nUmHE2iVlb9GC2iqH79sq1vn4CZ4PM28hY7af7lC0v+XA9KGAVO62wm7Ys588m33Sz+GohRf7VXeHr+q2FtvLl7mEBx988GMf+9j73//+v/E3/sblbVNTNjc3sTHTy/0us5nj64NqzUCLwmgo8F5q90blUtkvM2UWR16IJl/+kzEYdBY/mahn8/vaRsMBn4Egf/azn/3iF78IBj0ej7MsA0fLdMHRQcOXlpaOHDnytre9bXt7+8Mf/vA3v/nNw4cPAzejxqJCPv3004888sh9992X6oLvGvVknDyg8/Ly8qte9aq3vOUtDzzwAHZ1oZhy5XO7pjfcpNw0QakmOrU5pQY0X0oGete57d5yj1I2doWdGxGGyxOi69TM94nky1nM3YZ/CPQBTBlkWZImwC4fhqlyYRg2eh1ovKblMl0tSQZQb4b38QetEtOawrOVU9X64yUFdGZGgWfPaeyXV6pc/v7fjC1dMdYIJzSd3iwlfDlrXE2f9WuuVyty7ToXxGGFZXs2oKybTKIsiZd6845lSxBlSjwIchyznKAz6HOZEoPGa1VkHCY3xUGTRAAFESoeK/X8ztbT586e2l7fBrAh2WeNXnEkW0e5cZ4LXhrtdQodpoXe5rYASSiSNmPn+zv+6ZPr/f7K0kI7DEstvcGiCHvAznbGw7Wd/tpgXPoOc2xByQzNxXEKZ9TRnaOyGI2HZwbbzrnTnm13w/Zib25laXFlcenw8srRgweXuNUBO9Z3g1eE2EBiprUOtSiHzltjWQ536IEVkpa4EXhTWRZF6WTsRqEj2hRIQRxwlxpVU69qhMzqJ39FT4oUr8lKMbEris3w4AurzC703FQtiiusYoxks4Gc1j1ZY+Ndh1Wmu5zdk74rjSBITZqnR66pNFf84mc2i78ZW11Zucy1X6dmvrC4pExOR5MhkKlphp6rboMl6rXn+pbbXVhU21vR2jmpw0lJjZCUIKRFohwWUWadTJDpu0HSMphDkjIkTeE5oG2eUHRnFle3NxOTk3k+7rNuCGTMAEa3Rnl/QJuRMDSH/8aldJ22FrOmFc5plgUKrUDoKDX4eMA8rFxgT5w5rvQo/NRYaZYXdJYPtpeXfcxSlZxsro/WzkUYECUmZUznoqPWidZKItbCnl9Y4cvL43Yn1S2EGh4XwBCAsjwH25VAkSExwTJJc0mqN6HVXUjCzthycyVCOLfkvFhYHkcUrxv6ncILlOUmnlt6FnhqBqhtLQRzbaeHKbMNL0/YsbwkYztj1/U8PyDVLTDxMimLPAJW7XSD+YXU8XLLDnrzrVL1FJuzwDALGbQ6Cz3V7RTwT4NxbG2n59c21tcGTGZpGmxvtSze7nYGSiWWgO9iQnL2FOjmwIfAWaj0vUPzy6VI0rAoYVurKMZUYbnXtR3MWVWSF70Wn7etnuA4K7dkYPedwEVXJYYRDBD0OTrnnuW7tt+xucdxz1yhfJsHDh4P5cOKC4kut+fxoRIpHFuuu7K85IEGs9I5sJKdbiXrZ6P+dshYB9wC3TAXieuv+kGU5ipJgizzAE/G/aBM8B1roXXgNfeKg0fShfmJ7U3ghk+TPE5L4sNZPhyk584U58576EVVDr8IerNoc33t2afDpRWr3UGFkLgN2/341Ck2wTMF9adZOq66TU5ImSbTMcUAABAASURBVNkWeJMF+6rVFo4H9AQSzMYjFo1FnvI+9YxpmbVCx2t5JbPn3bYQ2YgkmgCxwYyB8oGZSXSbJ6TbAXcldoz/cT8DUVi5TAZjuDnJVzPyyR3qCM8R3LdB0j3fJtqFRsKNdri00fPTeeUsi0U8dtKUNJ+0J5WSOqKGl6QZAywusgwI3C6Zl5d2sp+EcL+8YuWmBNAm+TTJzFpkl+g4XqEd5NLIsmsdstqUqshh7bjWUdLZqedP/vvfLb/0lWCSkhdJbyy1vacahWJuDGJtJc3igBkb5fJ59MyWEtYbegfFXWkFFNxMi4Vw5yX8tIL3DhwSvUWG8cucai63vvbI+OsPW/2Rd34je+KJubvv6sJAsUk0CENlOZ7sfO3rj33kw4f/q59l8wsUaODbwZseWjx29PTxp9sHD/LePLxnFCUtyBW+8bnPRt/4pp0V1vbO+KkngpbfW11Rlm3SdwFM52fWTn3sD+2dLa9I3Ycf9iYDh3KrclldIAVSZEw5cy2/29oZDcaDPlm1t98y/31vZbcfwtCIkVfq1CONEhspHsER+s7vPfeHH1I7O+1C7jz5jPPpzy3fdosLbm5zdrPNbKugGC02t7KyurW5Od9tvfP7/9hqyD71sY9++ann42xSvCm4/7A3b+UeK7J0Ix8fD0g7TE8DSDyFskKoqOhRemLKkZ5b7c20FdtLOXOZotENbnQbfuXx8yze5Na3uD3PveUAAFonMqAMlNKGbx4jV6acz3xz/clnt5mEUcD/wpE338Y6wm1d5hJ+8Rd/EYbsYDD4C3/hL/zrf/2v9yzc21OA/7AZeARe/+zP/uxltrTskP7RTUSndafIBt0ML47evmOLQUimezEMSC9yFU3i+Jf5XjUQvBEXNoGWfHe50jniFZRTp0793u/93sMPP3z+/HnDubB/I0prTgPEzaDw4XCIDfAbkBr0eWtrCxDNxGlSrNVwiG1QOfEpXpgca9geUPu5554z6tVvf/vbW62qOTSXoCer06tmev5pkq295JsPdxROAHMBE7gNXIiTaeB4Q/b3fAufNu+bvHB5XYw/oMlqiN3Sgh/XxeTzT/2pP/Xd3/3dlz/V69TM9xvyy19MUkEU1HzjKDI+IbNQwMiCm+rReJKUTsBgag6AsqgLTU7qFIUNg26qvdnt/iO+0cp+S782hV8MUtZFm9VsGtSqWScA7ny32261syTFu77rCx2NDGJGmS2KgqTGCko/SCvoC6BninqmABFlkqTriE0hBkn65Nnz31pbe357c1SCGZeFTcmolUn8VhaM3EI8DFwv8Fth2GoHGLaAl/JSDoeT9c2t0XCM9pyAnuRxXGRgeJbrUjgCF3poYcyEfBIXY7kW/bBsce9dd3d7HYw/Ozs7w8FwMqEsphiLjDGPKUgZj6I83Rj2j58+1Qs7B+bm77nttrtuPXp4ZRmQSJLirUVqA2bWpI1fkuXBfKMk4UBlYqXpEhQpIlIIhQKDngyGHRedjFbhePFCHA2bnr7Dq0dSPSRWh2gb48QcgHO225t7DY2Wl6GY9V6XKtepmQchWUdk/BiPkE6V3kyXr3Ilgn4o9MTAyVzXj4wZqSu9+aGKqNPj0IFNvL+WclHabaGPjc0KLbFJS790XcIMiWU7cHWMecsnZwLs1ThjWU67oirnSMsiOQtazmxCS3kymuRR5Ca5Q7K6BLfRMuM4msCn67p0HEVcXASBtbg4d9fdreUVp9XGnu2FOd4Ot06dzEdjNHCMjkaks2Akg879QM3Ny7nFFFenY3t9Znk4dAG+WOjaWWbA1AVpIkTw2YBQ+r5stVLHj5hV6MHaYZ7daaeBDxzqeA4MWVh7hevkjiUdbiscB/8x3vEIySeF4zqhsP24dG0b4BJDf0e5AJ+YVwRgjKStIHLXKf2Qu612qVogz2XRDntOq7Ny+EAS+LFNMUGuH+DaO2WxPRrGWebuDNCfAPxP4OpWdqyc7RhAmdwBrkNxzgpAk+6TwCQVvDUsZBe922jop3k7bIFmpJSciPlZ4btlYDOb0k6W+huFpBRbGeMO8KlrM+Fy7vLQEz6YrW87ArCdO4IETLKMQtFbTLQtu2vLBM8fV+h7jmd7gNrUm0mY+xvAx3A2hAFfWE7DTgQHoeeNJUuA5pOUx3GZJj7Y9UKnd8fBY685Vs4vDix/zEU/Sra240F/O98cWtuRMx67/e32hDQ9cHfRK0bozCaj8uyZbBI5YZtTnsKCD0be+oaIE7ssAgsTdekrFZBzkYSnM/TxaWxHLTcIhQ74k5MIFYCsL3xks6Dtz+XK1oODzgvLMdXfiWnEsNCZJgqV0oa3cjARUWbn5NpAT4r+14HXMUnj/ogkntAuHQcDR+FYAPYEoX1PhF4K3yQ5cxh3Xdv1cItJ19WzWeiyCbPHiUueHuAmUpjFc0912i8MVSD/FoFoBo+CivcB9H55xcrNGgGtdGiPKPUSMZtyw7kOaRorW1ROaD71SnPjP88zSvIOT77k4xOnsxPPL45GPSkqyWNVL6yqYJBx919kRdKscXN5Y91453FE0oPTOUgYM+t49OI4Qf7G1aNHBfiLyaOByxnGpz/xmfMf+khre9DDWCZE+6E3OEsLpBCtDYV8PN567tn+qZNw2cHTS9HENM6LKKcYQgBoi8KfdX5FDBr9nbMf//jWhz/SSVKdb4TPv/o+Z2mRQph1+lmW5NnTxx/5td+Yi4bz8BWnaQsDURVl0ERAcHx5/sAyXJH5yfPpZIKejq2u2rfeygKXuH9tjwpW5XokEwYXeuyW5Te8rn/6NN+ZeEmx89kvt179GnfloFpy2FUQn1ekNOeqzAK3IhHJtpVsvv2+uUPZka+342e+tfWpL+34b5l/8BZ4mWOnHNrJupWS25zsfe2BwBiMQbaw5yLhjYv82XVVrhx0O4cz9iXKQa4o2MVSuNmZlceiGIO2UaBMkdRxG0I/EdR2z28vx6p/PoFN4KweXlk59hru7lz+Eh566KE/9+f+3G/91m99+ctffve73w0UeKl4io2NjZ/4iZ94+umn8fqv/JW/8trXvvbye6bcC5iekI6IfqwVe2bXIJTi26I0wTqYHgCedrvdTqcDTgROCuBo9IvZDTPzb4IizYtreFZra2uPPfYYgPKBAwcsnSzWEDET0mvgMn7jz83NTeAz3JbV1VXcKwOaG4UB3DRzVkb32SjkGgCH32DQn/jEJ1C3FxYWDP81xWBiUxyYgral6phodhXR6EeOHDlQp7AHHT5x4gTmk+YSwNnxER63a6Y6dcHlYD45GU8whOEjHNQEn+IFLg03BH/izLEN9nD48OHbb78d53zfffe96U1vaqj6pcr1a+b75eUsqlYJN62jgcVokgZA4wXqP1qEIdRoHRSipJuGCY5GNcOnvi7GvdQklzMN3DQZQ7RfER/Yfrmast/SL1EuWG5ifvgl7ZFpQkM9FcCA5FqWD3bmOEmcOLC3HMuE4Eod/kwrpikDISXFKrKc1J/LQhKDLpVuZdrxKCd5uTEcPnP2zMn+zmYa5cRvadcAVQ79OBiuMPq5rtXuhO1Wqx36gN4oSlhpVgwmJNEBVlZmJEid48iUvFCRr0iPdNVEhWYwZLNTMnVKqi4wWNx7z52HDh/EKW+sb2xtb/WHgxg9BADxJMpIOYQw+iRLRnEMdry501/bWB/F4yibWK61Or/YBl/TnUEVCm1WDjGtDG/ZZOAVJamu6c5DEDUh0xSEnA1HQSvkQOC2pbU7XiBG54InsZccN+HEjKlp8Pylbcubjj6/YLmOdjvnTew3We162a+l1/Vf5TjggDBn+WSSUDJPiyabTMs+V4FepkLhqGW11pgerqTkbMx2lMgrk0wWFCRFec1NXkSttEnQOVdJrGebWl6SorksEtXVsWV6zYDOrmnhLHjcH8abfdHq+PNzpY6MydOov7U53tlhALZog0zl8AodXG3ddcf8q+5TYQe4FLwwWJr3D6wMSpmdPaeiyGMmAIwVmIW5gdNul2GX+e3CcwtQwJzJtCRJEaHsMLQKyy5zF8hhglafx7x0XMF9kFQ/te2M9K/hLlIZ7kng5KFX5gDkgLOCexZzSJ6kwF2y7So3vatjxynxFQ88kNUuea3K0lGAocynQZyge6ZylkxaAO3dDsf5Se4mRb6z49i4eGc+nBuhk2DAmGK+0/XRSwwHC0UWjUbOYGTRCYmiy3PmJ9zeyNSgoNBpkafFeJhsb7gg6I7vem3AYjvP+HCYbW/i/Od6C0lW6MRRzBknJFsU+CyJiiRJ0IvlaZnHHqkQ4fqk7QWWS+G4eB16vDdHsc94APDbDTMdRk6iRSqgyHGuAFV92w1c3HNYzx3H9paWJoVqDaOoyN353sG77t1y/R3bwoQ5cdzIyoc4lRS8VsaOtXL0wK0PvurAvYdj19tOZUq9XH52mJ/Y2RifXhPro16hOnkeMJErgQn2BD+WiPMsH+xkO4OcEfznQOpZ2c5LzPktWbQ84QnpMelQglk4UkSWxsVwB9t6rZBSteqoe3SKqAjjUoWsNR/iAxuPE3gdc5WW5bRcEQ8GGDp8x7PyzCnKIM3zM+vWzsjP4aHAqEMRamwyKcdREcWURBAOSCVzW2QA9oAvvmeFvgq8jLSsUVNdZ2XFXQ3htLBw1lZbFUsymcjtjUC3Azgvcw7apHguM6n8Igtsj2CD0mkEtDjbftkvr0i5KQG0DhusFDO0ZxTWDvkaaU2YVpbYM4/SEc48zdLADrU9hHYaCMtl3NZ67qxZ/zz9Sq1KZ1Iy7Fr9OmPfiMvaVxTjQN+kgAKhF21xk1law+2Mq9TmnWNH0bXr/ZJGFtvc4s+f7m2N51LmS253fH9unnVaFDUMPA27MYoG589agceWl6ZGWBz1d3aAtheO3m77gU6oSPlPi43z9s7OQl72SnSZcuy6cn4O7FgrJXDcPTuJxfOn2pvbq7YI01JklKdWzIJ7HZobO7x7y0GYznJzo0xiDwRneZl1aSDU2LyAF3OXeU9XW/JOcOAHvm/jK19n0WkPNsNzZ8Yf/3R4x+1273VMm97VXaqO1dzVG3IObMLi9Vlubm7k8XDjucf88TNdce6hXv/+H1j+kJ19+svrX32aHV3yDnkxLyKRD6zCtbQNncNcoBmC98ymdTryJnZwepBtJuztD7y+UE7GbanqlYUUcg4TxM65kwu7EJYyqcl1QIneAB5u723f8z1zxyKPnCfZLbccueXQkp0MZDYR3uWCKf7u3/27ABO/+7u/+61vfeunf/qn3/e+94FN7NkGLOPP/tk/a6zYP/2n//R//9//95e/MaiR1XLCZvVA7cLZxxlNoYjd8eSRRx7p9/uvetWrcNsBGfEUQEtf/epX33vvvY7pBG6MYmYlJpTyGqpwGJUAkDJUDGBZUrrTxWBoc0QTDry+vm5yrB277Rhe4KaBzwKuzeliAj8NjDaSF0xr2pqgY3x07ty5j3zkI/i6SYPZaHTM63LDDK7xAAAQAElEQVTo0KEDqweWl5eDMACJ3iN28WIrLc7cpIDDVbzmNa/B6eFPcPOHH374Yx/72IMPPvjWt751jx6IweLrG+u4LsDlgwcP4qwMJTSR0eZynn32WVzFPffc88f/+B/HUQAm8EXcB7y4/Elej2b+bTarv8FLhQW0l52xqWSBqWk6mLFarGAajomDxmvUH6b5stHiwEdoaKj5qDZGH0bNqB8oLdyBL+J9s6v9HvuGKi/YHe239AsLvyRlroNoL/Kd6fsEoF23HbYcx1Y6ItPVC1BkmpSUaTDPM0AOinMs9FKXgvIQ5uDDFB8tSQiWULGkOIHhaHh2e/v5rc0BAJXO4WHbHCx7vt2a73bne13PdQNwiMDttlph6MPGp7SArrszGCWO0+t2N9bXtnYEYDQjBAWunROEExavZJopfJpZld5FSXF5MnTdpfm5e+66/e6773Rcpz8gnzea/87OzsbG5tq584P+cDSejMdxEqfYs3DsQrHNZDR4+vGN/kZrruN4LhC2nqto+dsZNT4c0bXBTHB1JZAUhUp7milyhn6nBIufTLJJZHmu8FwdyXLV/UllWOr1qU26BHbxWUJDn1/COP4KFngK4WW/zAbXo5nHGjxpbQWTx47pNbOK6SWM09WsL6mUJItRkiItaZvnVHuNfjesIHjcLcJf1NLQHsJWe3Eu7LThUx0M+pNRn2VjPRW3FKnSkFQA1XD9NCl0y6xWNrFOxKZ1bkw64UrIQ//Wk3wOuAE0XI7PrqW59JbHyuGySLNBP9/YtjJJFVgHXxd2HszNtRYXUttKZBmXtI4Ak9vA87tzC2IED1Dha4lMSUuUKVmfkIXIIrdIO4FnE2TnfuBkoxFwbR4NQsoAKnHt6XA7H+4IoOY0LsdDNh522nOe65S89FRuF+m4v1PGY4HJwNYGOoIQn9lzAbcSmkNLCu3hKh9LzA+tTAkSmS6S7YHob3vRGABa6FXbFN4GAMI4dTxl5qnCdWjBAr5bDrldkIqzTBLXd9pwgIF4MhYq1tHK7l2urDRWA0Wp+/pDMYntFb7qApR7kbDiyWA0Go62t1wy3T3bjeE8EzKX44GHC/RcD/fBa5etVuI6XscPQoqnUJlwlD0HxiKLfJRm0U4mmZf6tuhRkDfQOjqzxMrGeAJ0MwHafULYQDSS/A95JidR0OmElt0JGVk0mDkrEpHAE1vudlJZOu3OPGArzsmykpw4DcjsJGglYZh2unnLWl45cHBpORQ4CeVR3lY233EXFrvhQieLC8dpu+PUiyIncXLUCc/K2r63tMha7dyxkzSfjCbj7b7bsnzbAxNWSVrE42zUd8rEKYGCLd0tipyzVJUZxYNHNrrNVmt+YcEL28Lzx4UMlpa6i0s4fFLK8QRMINMC52oxSrwCtTv1cQOyXIzG5U7f2hmHReGMuYsTltLNcjgh4cXJgZ4VADRuGM8sq8QdjCM5cqTv2Ax/ifaRQ5iEEElOcSOobYWBW4Z+7lhplFi+Hy4v4sHYlm1hrr61HU+icjIC+6KWA4MwS9l+2S+vULkpATRJQFhOCdtLR0BrdEzmXaGVlWkBjrHQjOE0VTXTShwk48R699zde8Prx2k6HowoEFiTZj3y6jGsGuVYlXtutwQHU3LmVC4px2mcuOTChL02ieHdCmkRiwaNeqmThOPOd9Qth8k2rU5SsfVz7uamlZdBSREXPgzT+XnyDBtNtqLM+6Nobau7tMIWFuhKtDwT2+nvbGxZsJSPHuKhp2k1JXYYbK1Hwx1LZqTTBqjhOAp7W1jQKzJoCZPEqHPyhGcEnEtJSX7pvMhVKqqhnFZBZY5bAltjFNzexuW47U6AP9stVd2hOm1Lfc9ofyRWLNhrXuve96rk3Ka/E3XzvP/lr9ivvXv51oPWwQMaqVbaKPpbUlS37cYF0Ey7H3a2+1mafukLn7vN37jl4MS3hp7TvX2FfaVtn1gfn90SBw4Ki2GUhU85p8y5lu1atKBqIr3PPDH46GOpmO/5ve4fe9fbl4/df+bEcVmlwdGVhfk7MT83svsqiG3LnXdGKsjIzqAE6YLlmGj4Lv/+737wvn6xwPuBU2B60k7O2MWwGG+4lwXQwA3/8B/+Q1jxv//7vw9A9uf//J9/73vfaxJemYIp1c/8zM889thjTFux2PgF7fg82TABRlKr5XHWrBvYZxlVofBDVT7z7DODwQDAsdfrnTp1Ck8BLAkAGr+BIJcWl9jLUqbqEzMSnLMzN1Xrw5rZHrt2xRzaEG1zIIOPkyThdWK0Rr+iIcsGKxMC0FgN1bU5YbzZ6BKAsjVqFfh98uRJEyjaXBr+fP7557FbANzDhw8D+t95550HDhzotDuWbc2eJHvhpS3Te4iT39zcBDHHJAJniCdrYDSe9fHjxxcXFx966CFMFzGlN4BPafEQoOetrS2cJNg0YCJOHi9MNDSs2SRN8OmTTz6JlrixsYEKc99992GH2ADnj31e3l1xPZr5zY6lbrpiwpPxoPeIbFAuNK1Ug4IaZRwzaDImorlxxpjtadXqeNzIrGMz/DYbmKPsWe6gZnQ59mH0K15ekKN9Z7d0beEbw7h5x7BkTaS0jKwBz2YzUYOr6fd3EekaQwOstmmJkgTO8UJf0HL6LE8AmjNKMQP6DAYNP1CSFEYAmpAzjVdlXhaUVzDHvAT8a2M4XN/eSjEvwRlYdrcVrq4sHjm4utBphR4YLZ/EkyJLeZ6UCSt4LhyhhM+EtGROCMu1fM9Ga4/hTKL0hLxZqKmhMAdTkAIMzaqmNqySUiA+Bj9unqEDcB2r1+t0usBrc0cOHxofu317e2drc3tre7CNWUO/Dzidp5njwY7M1geDLz/8sCfshW6Pg1cB4Zm7yFWtyGdkw3BMAU4NBOQpysiYlThnvbqiLOPhiLm4baHOfsPNisiLPj9jcex6h10kxY6q1ZnVbrnlC/Y2Y8Pof26WHmxtff3yAPp6NPPtrc3psk59ZyWfTmyvjj8zexKB4WK6mo0GeRKZOH1MiRjIna1tIIciRe1OOzhwqHdgtTU/R4LAO1t87Vy0dobyeVK4FQVkM1qty6uAFknTUm4eLKXFpGmmNAFdvF61WzNo3S4sVJ18MIHlWKY5dxjRwuHAGo6dXLmUK1NoTWfu2HAMuWg64MtJSdibHFHM8i2HWQ5ar6/lO0Drc07LEViR2sNtWsWgCpsWDYuQWYOttXjQ5+nEdQjvAdTa4wFPRlaZsZRbwz47d9qbT3ySbpaiSOQY2HHbjyIrT0V/x7EdmoDHkd0Kfd+TWmChJEBsoR0CSuI82GiSbW5YO1t2NObUP1HGRhDdhNkJd1I4hwRPcUES8LLwMQOFnZjkblrIBBdI8hiwL1201iRz0jwkO6G0yF+GHixxYzy10i2UaHcLsHhVDEY7wc5GONpxqA4C9kbwPwkFnD2ep8fIxWToeQ64cGlxga6MAsQ5ug3f9XuuB3dYmcZFNJTjSKa5nTt+abuYEPPCweVlWl6CZozCyx2WqTLJFJDreJL0BzYIrJjvdNxM+51AWEGm0clYTIY6csXnVgmGQPCaebrXG3EeCytxXOV5S92FJb9LzkSmKJOkzdLA6nYCe7EnmRsu4GklamdYbu/EmF/g/QPL4YEV0WllQPRFMekPdvw1z3JCL2x1Ojj5fNRPNtfzwRaLRq4qtHILyyy7APqHt8FWfqfT6y0szC95YUe4Xs6F1+35C3NpYI+l6mesXbJBku8kSTYYeQVl2vQErXYsB0PRH7lJGpSFFVPqS1c/Oycv4NqEYRdrrVmzXEbaDuWKFHZBYufSDd3eoVW0lYlW28AmqLq+4+a6JkiHmph7YFW0Wvgu0LmDoQyDVn8bdQBNMKfmkbP9sl9eoXJzAmiKgabRRUqtqWxACZlGJIykamOs0QfTy8hV0GrpRWoUNMAPHbj3L/z5E7fdFp05Lwpp7FUh6adOh11FQGuzVLGZdGpKzkhw7E2zVv2pdbV0nkRQ5MEgee5EeuKUM0zADyxaikQkWqLz6vXY0SMMoJYkrBXp+Z466aKnK1MMatIW4dxcuLIEp3G1PjBX+UY/Or91y3e9iQUBOZZ1wl65sT0ajZaWFsTSPPM0TJEkTBWniWz77uEVVch0HOVe4Bw8xHqLtJ5H51tBBzTIJq3bDguMucMRLAA1HtGAQAxamyMYnnGLwzZbOlCOE7G+iVvkdOday8vapMBtsqslwjMAWmnFOFZItrh0+Hu+9/g3Hi/7Y5DRaGdz61OfCO4+2nv797FOF+aF5M0cgGxc0dzzG61ohRGKZc4x9rD+YPz1R477t5XFQdgMpZ3H997SPXYoOzeY5DSok1oWDLAkyqmGKmVRPhI7sYIjr+u++diR4PD9d91176FbboMVRLHpZmYBhwB3C+598/now18bPjsasrb/wBuWeq353KQ9YYU2tKRvlevPfuPUM08fva1wki3GWt7Sqt9qZ9sn3MVjl78OVMl/9I/+EYbYP/iDP/jUpz71F//iX/zn//yfG54FlPae97znc5/7HF7/xE/8xJVYsSjx+KSmikLnoTRuFyb4VVqw324liiIAxNe85jUA0IDOmEUsLCy8/vWvB3l89NFH19bWlpZePgDNau7cqDw3EMpsY1BvpV9B+jrXpj0ajVpzOICwRnyj4d0mSBP10IgJYBuD3kygNGZcni4NaMYeTJj27KzVxFAbzG1COw2kNvGe+DrexCMAjMadf/DBB8F2l5eXTQDyFcKX6p7Qik5pJKfxXfw2caZgx2hZp0+fxt6+9a1vve9977v77rvhYwD4xpnj6ADWeB9HxwU+88wz2Awk+siRI91uF2eIPQBn432coQmOxg3BUUAScQh8BfT8rrvuesFbfW2buXlG++XlKWpGmb1R3jA1mXQRdWi/UdvAb6Pkw2aknA25NgI1qDCzaGZPS2cz4h5Nb8D2y41RTD98+W2+TVp6jY20BTEbjrx3O1Zvp9SuTUzALq/sUF2fd0lvkLFas9BplINZkKhZFSxiC+3H9XzP8zHAlBS3AfrkYIqekUM0x6BFoCbPAKCLNMkBoLME/LUElc7JIZSBuOG3Vr8FN9kajbeGQ7glS9Ko4PPdzpHV5TtuPTLfDl2ghDxdW4uHSUqLrIGFeGEpW1qUVUpQonIKonEEiXUII3asM2zQ6k8T4kFt3C1Bp7SftaknZiGRSSnAiK1xH6ybVtB0cKHlqhwOR8Sgt3bOn984fe6sOHd2QMslWVnIKMu/dfz4waXlu247Zs1Z3DMxIUQPKaqHjsFVTpHWOFVFsxZByWwo8jrT0y3yeKE/4tGExwHAlJYNqCOALvIs95r6F+t8tG1ce8b1LKF58PWP6d8Um0azmMgh1izIU7ti3JujqOagaoaGG0mI5rvmbcUvjr5VnYdQNZvPnEc9J5pmoWguabozOKrvvOMOdtlyzZv52dMnjTaluXmm35fcvHe13scgzVRRlkk02UQV7zPXoYkqAWgGdPSqTwAAEABJREFULwuztESk77uHDq7c/9pgcdEiYTGxmB0NNo48/zUr29okaVqXmqRO/mdCsjUg12oPVfg/JqeiiTSrBT50TkVsA/cIUTvMnUDWIzTYTUsAXwLtFXaSOyVzFCgxL4gJWGKSyVHsrXA0JzARTwhM1Z0odzDnjXNHUiI+W0+2CwWHEqFBsV5a0cDqz3ngrxLbq2x9zY7HDk1qC2BqSyi/zCklKchsCQa5VX7rcXtuyWt3caZZMsmjYWe000pj7JEXYwXjd2s773R8mKNLS7CPc8z4BXN8z3EsnzMnzfjOTrF+jvW3ZATkWCYlrAI4rJwR9xInkGE38b1cYKbet+KyV/Ajvl8OEyvGzimFKpAk7GkRF9nOMIOjKIk9luO6aFbJslBm+U5abG9znwQlbFYEWcTTKAQfB+YneVM8Ejy9UvCMFogUKbwLXhZ50cjrdqNtmQDFtvz5gyud+S4emOf07NArXWtw5tRkZ6dVJi0W+Ba8Zlw7zmx4znPiC8yDPyKWfJyMtjcBCeAfa88t8jif93uABEDe2FKkUTIZDvp9v91yFDlsgDXQHQa23SZgoVSWgF9bEn142LXaQeFiRu3haViUqQpIBT4Oe2XO6sy3pe/GMjm7sXPCGU0id3Fx4a67y06YuzxVErebLS1P5ueB3R3bt8I2xzwiHvPtxa3nno3XecDQ32eAJ5nnW53QnWv7C+255aXe3IJleei2uXA67bZwqT/PXDbO1E4kY8vbyvjZ8Tg9dc6LI88P4O6QSVpM4sDioVAh2FWSijy2igSzFCunZLdcjy2C8nPqqHbLoYSOliswAQJmkEEAByCNSaWLj5UVYMiC70YR6XK7HWd1hR8+GNGimcIrskCs2HkyPn2ipKwAuUv5yQq2X/bLK1RuSgBtMjaRW0xjVEnBvqpKPKjVORrbs7FvtOvUDP+kik9i0Hfeedutt5JYfjkT7yxnjCKuqtjnvRHQs0ETs+/zXVrBmsKSwRSP00cf3fjNfzP59BedkuKtLZpeokeRYqnHVpYZqarpBYKyjNbP87H2sMGE5XZ7Yc6bX9TrKjSiTBK5scmyYumWozSoc53YocijUyelKhcOH7J9l+nxmsE9VsjFO+5c+FM/7m7t2CDbX/16/PwpZ3GR2a7RpMcJO93O4e9/+y2vea3FHLa9fe43fkPFE4yebGo5YWSwnd6cvbQUnTqV9gcYNvjigk8hzDpkl1f5k6uJQ0Ug9XTWJk3j9kNv8G47mp86m0VRaLH1J57a+cxn23fcad19rxZtZUaWkpv1X7tDVG6goqcAOjezFgOUPE5ZfwRS1nExmpbxcth6w63O+aGz0kVnX+bcjjM1Gie08ozSYuo6Y1kPvul77jnyrsg5kqfZMEo8X5C0M1VbWrsphVVY/kjxvuXsON780qGVu96Mka++RfqHwsblN774WascdG5p+cV6wtut0oZ1kZ1/jN31fS94Kbjr/+Sf/BPwUBiyH/nIR/76X//rxrSFUfvZz34WG7zzne/8B//gH1yhDRr1n6LoCV2B+a5wov0AumkZDocApkEQGDHWTqdz6NAhQGeAabBFfHolrOEqy2xsb8NtTeI7VctfNKzKdLCaP8P+E9c8mKhhYeZPmrjOxGniHdwu3KUGqGGOzXXGQqEjFCi/H7puzi4EauYacS22Ls2bhkrbdcEGZ86cAQs+ceLEm9/05jvvujMMQi74lVypsCpuXsqy1WoBCIJof/Ob3zx16hTOJAxDnCTA8Tve8Q6TnBB/mjSJRq8Dh7jlllsAl5u7beKjsUNMKXHV2B60+qGHHsJrE9+K7xphX6DqD37wg7/0S7/0wid5TZt5Ix+8X16G0sTXSy0na3wqRnnGiJ4b5Y16RfqUL5sGwnTzwWsjJt40IiP3bPwxBjfPvm4cQuqmWsD+bVxMJ/aCm317tHQDEbk25OuYV3mRCFkzdOgAyJqUaYzMjVo6b2xQiugoyQ63DLAyRiqv8teZhXuaOtseZvXCdSzXt72F+UU/CKI4obHCtXTTAwnIhR5x4B1lWS7THPi4BH0mfEyBfFIn/iQkgXYUBmUuB6NoGMWjBHyaTtdVYqnT6gUO4ILKuLQpNKUsYoBssqAdWHVOdZa6pWKegMPpYE+KbCN8x7mjna9VUDEpv9r0v+22wo6HPkFw9BE42ThOcy1GqHRSaMxLSLMaHIYCRu3e3Fyn3VlaWu51eyTbAxudq35/aJFqgDWM0rMbW8+dOeNjFPMc3EHLdmzbcgKf5Oa5SCZjQdoaEudejbwaUBOMNuGMcHrFSdoHmfMDx6NPZljubOHT6JM9D3nPduTylVQlypmVdbUrW9VwuT4An656rfbGqx5SNTxZ1Wk56vdVpTNt9Ea0XqKuidJcFJ+iaKmmtXW28jY7bmSrFa/ZOWtI7/RQzdmobz7y6A++853shcq1bebPPvMUpzilQk+elXaaiOaGK35VXqjN48/SdcKgGw8pTIoqqqgkcAyAZsqdnwtWlgFbY9dNqUEzEhWA3bN6YFLIVPbr9Q3VsgZulojWyxq0V0FLVAhWRUXrB0g53EgTXVl5Rvo5eJIZ2o+tQ2QKSxZWkdt5Cf+So5U5C7qxUg4H7Nw50Qrb7S6tOpDMgU2+tm5v77jxxC/SUAGfS5KgplsGaxkngvofq2iI2bSOXVMdQGF0FOT1kZRSnmsvGbpTldPq7Ii6EiuL2Y6H63JkaRcpB+GF+4kSLqJ/ScsyzspYFZNyuKkckgJG56E8l+nEnnaWs/GAb2/Z0RAAO6dUqZR/p2BiZJWpxd1Oy12Z81eXcFwxKexRGo8jKxulg62teIAWbXserEw2SdVgVA53RDbiKpJCT9zA8rkjytQuE56O9eMvABEU5rJ5Rp0HI+BpiIuwspJlrARFdtD3lfE42XYjuMPDwDm0kmaZRdgU8JdhwuOHDvfAVmUy7gOCww3g8MLmbZsFtPu0yONiZ7gV74yi/jBOJqUqOovzQMtbg0H+5FOdFrgxmn6MLmWMn0F/Eg0nSZzAF9DuqQCWs7MTjfL+zmRtoxiPFfrrSLCdYbE5dOy2t4C+i+V4DjCfPHtusScjxlLmwEhXC5h1Z+vbcM5ZrXYqSH1cUlJHyinWm1+iHH2MZ5TD2fKV356bU3Pz4zQmrW0vBGP2Vpdaq4vhYs9uAQt7tuvjxsOXiJvp6nD2Am0rlh3FPc77UZINxnPD8f1z83xpER33cHOQAlFb3txcu+Whr8QcPs6HO5ONdTuNMPBj4jXMEi8vgpJFTMWoTGioANLwgBYuel2P5+7Zc0EY9FqtiSA9fk+W+fZ2un6+3DzfOnjQRS3NUuwHgAijV4Bn53LbZWFaeDJ1pOT7AQf75ZUrNyWApuUPNCMrKDbAgADiKdRzSEy49Co5Sr1KQghOY4borHz1GIt/HIt+B34V3Vw72iurgu86HBO7/2zKdLDnu75j9iO0aVT6XvDAQr8/efRJttlXhTaMMewINXf0kFjo4EwovgkXk2X9tbV8NPLglUJvbjnF6gpbXmWVLLMCi1RnT8FSXL7jGGFrrq3sPD339BMpAPSxYxbGKoxJufZkW25w593s1jtoTdEAPtFIDuPw0C0UT02nQFYG7/Wcd3xfJT/97LPDf//bLRyXEHnFsXUqYTZ3aLXV9ra31yejIfd9dmiFHVgx1ykuxhnr8BKuPJvfcuDwm9506vGnoyQNlOoOk+QzXxq95v450H+HpL4ExZ3f4IXWXlXJFakeOXCxuoFzbm0URx1OruVYpOt/7F4vY6HNKSlzYbXi3MNEgzsxpW0Btde+f4x38Xg8skdVfHljTWvXPqyUjOf3P3Tb4e957YZ7h2it9rrB1/7zx6u1j5grKVQVMRyMnnzq+OvuWTEV0VK5pQpYPJPnv8S+54quB4Pfr//6r//Yj/3Yo48++nu/93vr6+s7Ozt4zXTOk3/xL/7FlSv/jra+ptjU6GbaZidj76rDKL7Nil6GQXfKaDUYsmBWtBZ58TLEnTWhlPiNacymLng9Go2Aq+I4BuWMtDLgji5gnThJ0i/m4pp7Eww4NrDDTCQNZsWfmOjifEySRhP2a5L1gfMarOboYq4IZ7inruJPo1GgtDbunstvjm42wzZPPvnk2bNn3/zmN7/xjW9cWFi48prfxI3i6//23/7bz33uc3ffffdb3/rWo0ePgj5jJmVkeU3stslDiEcPoIx7ixdGmhMvzE3u6mK+aIBgc42GDOJb67oAQF/hGV7DZr4PoF/mYgQ0aLqr9TQaymzqLa/Vn5l+yqbCmJUBplaz2g3Dau11U6MaAD2Lno07ak/M9X55xcuVN7pvm5beRJxePN60MdAv/HAm9nn3Fy6YYRuUpV8xvZyllMrlRJ8Wl1cpMM12PRKetWnExt0Qep2+aY0YPSneOSuAnnWYJ1nO2k2bYz7iu612e2H1ABrT2vp2GQRztx49PxnvTEZ5kXQ918aR0lQ6lI6Q1kHSD6UzpChNPsvGtapAoWNYiDQLWzq245LmhbD0tdYNmLQ8hes69J9lFyaXuZQkEi+VJvKqwa6GegodO93r2EWWR+NhMh5lkziLEplSQCW+1x8Ozqydv+Xoke58z4Op6/qO5zu+h46DvMRFFsVRFkUG+Uvia0wH55GRoNApAcfRMk+e5ZmVOSZ0+6JdykzQ8WwFuMhzr6OL1WwMcV0ZmhDk3U5oxnYx4ZmKcBH6rKog6zqAWulsdmr6Mz1o/WJaDdXFTpdd9JO9b+s9f+GLX2RXVq5hM3/ska/XHLeOIZ4J2LrKMtneoksDqi1ymjo7jolU1rMnikjFzNjyW3bYtsJOrlRUUl23COIFfqub+H1mR2y61FjoJgvyWS1ZYPXTUmaxMdf8XLuvMHXVahXSBmhWSqf4oHHOQTMCPwXtRTuF+acM+wAtpvDbHMR1jRK8eb155oWkH9Lvy42NYLBtx5MgT30mCUArnWZUJ0aSKilzgr8mB6gtFaA26XMQ6tRsnNVRWfQtRqnok5xlE0Z5fYRelFHyEsBa0sICCj+zAKWdws7TfjFwGDChyejukNgxxnuwYBXHfDISacLKnBZdEDC1E8ki4RSexduuCB07pM7AdnPchHR75Eb9bLgxgQ/KB+Mk6WYVJSxKHcptmkgVw2+FroYIMxg7MWdX6Si9TJQ4M+LLwKgUh44HlevWrOgyKY6v4LiVaa4S0FExAVqWvZZcwL1JmUoZ8ChrW7zr2rHNE1x+HDOZySJ1sok36ThhC8+wSMs8SlNNleMo4iTe0Q47XXSuYNggy/E4c0DX4fob7iTROMvSkgu49uI84t057re4ZafDQTbsF6NI0OAlclX0NzYIEdsH2n7ohTbQPh6I49pgybldRIOCCwe8XI070WCEKoV6EjOeK3T1FJToEKd1lUORgPAQenoqQcOC78Ogz8q0NT/XO7jSue1QGwB6oc0depxSuxtIPybTIwx2Vyo7Vzal/lPJcNybJOjHw/l5J1XNItEAABAASURBVMCAI7aFF4cJBo9Wt4VJj2Nx6pTbvRHcE/0tNRnxInVV6bEyskCfcSYUfI62QkahZIkQKWp0v29tbtlBmNmu4MAP5Xj9fLFxXo77C3nXLZOiSCJCYaUrsw7IRBmzYhLIyCti41Fg+2W/vELl5pTg0EYYpehRpDOmvYy0QsHSvSM8Shat3OHMeLA1bS6ZENOoXv0KHirHbmyKegHPRdz0GkDPvD+7jbh0BHS1V0mraMKQH1ixW77a0oLTencYppaPHqYwYThLSx27PZykWzsyTkhbxKaEteXcPOX6KxXlWISnejzi6+fDwAuXV/RpKDJ/k3Rw8nmaNBw6RFS6KLjl6FBucmnSO0Af/XPF+U0b1vHKCqUMJkVogTGTNsMG6C9xkcP+YDj0C/IUTjk8SXCohZXlsMi2+zt0y32HLy2wuZ42KEz0QRXJsGelPt39ssS41n7LQ/knP8k2NoMshTNw++S5/n/+o/add9qvf52ikG1nGi17zUyga1uk8ZQzw7wsuEt7vYUDZx89e3KT3zk/r02TGH5Wl1u5hOsj7MvWpmwXvq9EX5LUba7Dzkm83DJEyeIwCSoHhglvx1zCFq6Q8x23d2TxQOdArFqYHrBiTJXEomVhQhUY1Mn/OVE+LZ5y9bf18jSlxqe+Ug7PWt1DV3JJYRj+/u///n/5X/6XX/3qVz/96U+bN7/3e7/3N37jN8D42JUVWUSjzYf1JagGQCs1k7Zmv+hiJj/CqqAPq2+YDt+V10rjYs8Rm1mfmpHdQFeJczh9+vQjjzwC3HnrrbcCOoNBb2xsbG9vnzlzptfrLS4u3nHHHb/zO78DlvrzP//zNOnV3cG1JVPmrBoSjUZhtAW2trb6/b6JCjdbGtwGMgtIjS3B0XCSwLUm1tjENZstTYynebHncGYbE/RtvmXiPfE+ZnEf/ehHgePf8Y53HDx48AVD0WkFhH5ktmXjPHH3cCcBr2m9s++vrq6urKzgHRP+bK7RYEEDE3Hya2trYOt4CjjokSNHlpeX8ebS0hJ+N/rOTWQ3vgVOjQeEqeanPvUpWuudZYZov2C5Js3cVBu2X172YlpHxZp0rTa65yaKn9fK6WYDPCMTKT/RxbQU8+xmufNs7DOr/femsGvdxvfL1RTjRbvCJ/Id2NJrZDi9Pxe9U6qK7pzhfsyQKyo6ux13/VanNzc3v5jjD4xEHkUpUtPIM1ZYaHg5TSd0cLZeilLEKSmYSm1C6z2leR6EwdzK0q133iEcL1zYXLjllmOTyfpoZ21rfae/KbNYZ+ZTQAhabxeIs6RZiiymi3jqWN4qupdCHPWgpgTokWu7GIsVQWS99FAHfsOqBJg2mXy1HU9RmlkOCq10JtKCkTao0Mp/RNslIwPAc91eu7W0sDDc2h62WkPXz+1cWhKsGT7egqJWLUDnFiYbeMf1LIAbsJ8iTxJgonEyHvfaXcEq0Xktz0EBEvDr0lDn+8z39HhX2iSRS5qJF1sSd0X0ud5S7Xry0wDni7srtBHK1cXo84w/b+rYY1MDdhZKM3X9IwS/9OUvnzt//uCBA1ey8TVp5ufOnX3i0YfvOHrQ/ElqvqoixNekWMLErJNwOaktmOyGtYeoirXOucyYwtgFKohqw6QLH4stSVajEBSQaxZAUG2nyaXQ4htmIg4cWxDVzWl5ng5C08mQgA9LT7GwLL2i8GTuKekwzKRBpbGdsnQSJqFZqzArnE2EGHw9Es6VMRsNRNhmji9pWp2IJAqSxM4zV4JlF6KKtaeoUWr5pOzOtTQ7ZYKyNAE3rguTTb4KGtP/6BXHaPO5ZhJcVe4yaVLnMGrI1IBUJnjO7ZQ8XsTbsX/CvRbT0Jr4tCzcsrDpYksKjlYsZ3kKHum2ypaTBXaUxWIyblk90EwhijTa8Qbr5fYaKzJpWyWZo5KCmPB0SspAp0hSp8jxsaIYPgBoDuAJhxewtEVR3LSqAx0Ks0vuFDyTRFlINtusAlQUNGxmtCwClnZUFrixD/xt5QrcFqBbpJYYK4kTC+Mkm4yiwRZb98knYdHKCgoTJ4sWtFmR6vPqodbKstvtkRZ+mub90c7TT+Qb55wstmRGEtwlrdfMQHMnm7FwUzBbRsLG6PVcnBMJdog44rmMRDFZcmU3POg63XGRtn1ruQ03GhsWakvIoVCOzcHbT+YR/G5joJV2iwmXYvFxX9OiiPJ227N8J6XMkzSj9ctyXOTDokw5b8317CMH2YHFuOdnLsEkEhTH/SuI95RcOy71/N4Fh0llMc7l+s6cZd1++LCzELCABL0P9hbiSR5FCVwZqAE+iabZTmdlde7A6Lmno3Oni8mO48nQZnGZppj80512Oap5wdKslLYjXSfO03xtA5yZ+S3yg8ZR0N9qjTYPicxPBl4yRtWd6LmmJ5g7GWPGPt45Z6WJKDKLVgxcsyTz+2W/vNhyc0ZAV5puOp8g10GFRYH+EN0ZrW2hAUYrO0i9Ifl+pNUgHvNVCnzgZN7xGv5oHytpKkuTno86D9qhNjB3Kdrukt2YPSt1CWc44GSSnzwzHvStPHfgZtSKbuiglu+6hwKMowmR4jJRx88kJzftnJZWpJK5nZ6/uMhcG7Yty+BZy/KtnfTcRtcPGSw87BndbpaprUH/6edsbrOlVZYXbDKB8aeXL4lqgI1Tdm4NXjJvruO2QzaJmONqi4Akjam/xH7yTD72LQcONWaUnaubB18icwJx5BBMWhBqdFfeYi9Ez9sJKSutJWZE++Seu0JCILYOpL77jvmHHhg895xai8C2W1L2v/KIfffnj9x6lB9YJN38OiJFcnZ9ZQheYuH6vKRFVQy4S/hha+XQbY99/bFPPrG1unzLqxYW23JbyFh7NToT1XvyHH9mbHndQ8p+ztKPgiJSKDTYgUGG0V8vi9ZhL6K6dtwFh1Z3yTLZyXeeEXHiiAC3ryUmcApk8KQWirz6Nt4fdhRbDkpyZ3OGj1ycGPnYefTI73be9leu8KpA9N773vf++I//+BNPPIE/3/zmN//Lf/kvr9yKRUnGzzED5R0ysYROJClJkJTsWYPb2H7RQYhNpKGq84kZpWOdv+ga3yiDWQ2jNGipWb9vZrB33nknauD58+eff/55IFTAzRMnTgwGAwCsJgr47rvvPnToEOnMFnnDalkNRs26fsamctIv5gSreZ3RFjDx4IDLOB/QZ5yD2WETyGy2NPHR+DPSBei20+mAlYNE8zqVYiP6bGm9AbMfVatON9y5wW2sfjTY+Sc+8QncATSHAwcOcB3SpXZL5U5f16MJXhw+fNioe+M0HnvsMUwOP/7xj992220g+/gIZBmtDG0Kv5UWocZ+DEYPggCTSfw2wtDg0RR91u+bemIkO7Al6DYcAwDW+I2P7r///ne/+90vKl7+6pt5vp+o5GUvDRmZ+qt0aaTSDXc2Ai/Np6blzkpzqFqpw6wVaLC1KQ2MZrohNFT6JbTo/XI9StONX0nZb+mM1x21Wb5vgi6r3/oFr2Q9SHSAsm7AZnHsIDx4y9HO3EIiCxvIwXOF5xFBK2BP09o3nVLbkRT4DKKbFWmu8AmwDOX6NtmzVQZUnackycFVK/DmVhb9tNvLy8PqlixP43g0HmyPxjuTySDJoziL0iydTNDFZxR2THGGxCwKTFVyirPOc5mULMtzCmTWg5Fr2y6F8AmuCZZgVUI2WsIN5Gs7nuPGIDEYBHEOOFUtOaUFA0hEy0gTGupOl2ZRhqr5Ts+xKQTGR7/Qm/NWw6NHjtx715333X3Xbbfe0mm1LFopSoN+kaQgz/F4mCVxkenEigpDM8cVc8d2HA/GQUYCC5bXbvlzc063myuTGq6eGF3r7mQ3kFbsAhmuWv5iCpubbyo2G/tcgcNme9aEi79c5uv7/8Mf/KWf/4tXuPHVN/P3//7vzM7XrnmRaUIqEJjiqmlYlqqnhVxP2ssoibeHw/NbYq7XClx6d5LFW/3h+kY+HLOUWl4li6InhTRZr+K1ecEL/Qwlxdo6ttUKfM8HfVaTiYt5U54GRRGwwlelC2qnpAHQ3KB2Ng374bwC7xT4CtqKRoi6jQkapUBEayTcySTcKGiFpf4urR2mOGcuTVqexq3B5ExtYrtre20tThOzG8t5pmKahQ/0JpF2vaUemS3aipbP6rZEtLrQ8kSF0iu+GRi8iAQfFhkriznHSfMyH03gfyqL0u9v58PtII9h8II3aOs4qxLeU0wVfsq61msVRfIYEBjBxaalSqjvIA1tWp9J6ZpssHEAcdz6XHvF0b+UlHMLMwEAZyuxbDgOnI21Nqxa25VwYDEeptlGfycZDYs47mV5KEt60nlJ6SgtI12PSyPBcOm4otWJ2n4euCRPypRrc6/jlT6JdeMKbOIypEpm6y4ZDx+AncRi8KxI8UNOSKrIyinZkhhLVKBia67TbnmezcdF3AvdkeSdljPMy400DWTBB+N0a+vkeBAX6nnc5U7b9gJMk9CJoocvorLb6wTg1oEbsiJMJue3NtKd7RTAXyu9omN1ZIlqF3gsdOl2go2nCXpf0goCmbdSacWln6iyP4k2B/l42Ol1Oz44PnAOSLVyXfJrpLRGGhzYsfyA5tDwN1i535oT7REcfej+Ha3lrzThkprqYBPSgSZzToDfpEWWjSfwieqZCWWwzTxwczyb3ElHzmhbdNr0vXSU9s/F8Va3pQP/SkFVQO6befvlFSs3KYBuCnnyNCrVa18YNVZG8FlVzlaMIlHC9boM+jFrydHmME9zPG48szOWDCnv4y/47SklHLBszEw052yI4qUmZns99NrnixdRMvnmoyc/8EE2jh3has1jMgDhUmTPnWLeF8iSA192O/E3vulublulNhRJXN/yz59mn/qU9ElJn8Maffa59PTp5dUV+ZWvZpTJQfm4wLNn3fWNrtMSzzzDMHAEjtKjDT1celViw/TRx9mpU+1ilX35qyx8kgZuuEEtWvvHC+FixE2K83/0eT+WNneaEG9toJN8lurOjeJkvLMDu7g3P78IX73WWKgksxUtUtRXXWk5TwvcxKDnii8tr6ahZ3ESzvLhVt0ZFZ/8THb7re4PfT8JHeFZzGqZ3HBFlSaUnrzbyg/8/qB/9Pa7nFb7ow+f3dh64k88NHfvQc/DAKz4OBdfefr8E1vOG975A725heEXPltSEHqQTJKM+5TZ+aJXSNMMDLs5RYOnO+n6U7k6nQkHP+PNrWEi+0lhdQOfx3kZs+HJH/0ee3nZsWSEAWmSkVpXyF2MesOv/OaVA2iUubk5IykLS+BXf/VXm+jLKyzx4Cmp40RgudEKpGkQz/5S7mkxQa9LS0uYMIAwgh+BNgIp4p4/9dRTmPodO3bsytdOXmFpsMUsVAKENVLCcRwTiuXiicefgPXzQz/0Q8CdJ0+evO+++0CicZ6Aqg8++OCRI0c+/KEPB2EA1Aucitpi9DH2BDS9hAfd4HhcPn6fPXu2yeZnVG5RFXdFi+uouWC2AAAQAElEQVRiNG2ZBm14ASa7s7ODe7u6utqiPDZMx3xpRSZb6oSd3ER8N1IDhlDPTixN0B9+4w588pOfxAY/8zM/A65tRAle8EJwDmDERtf7nnvuAYZeX1/HY/3GN76B+4yrwE3D6eF90tB0nEZc28iMYA9g7gb9TyYTE+KK94e6+L6P2SYuDSAbjBtb/t/s/QmUJVl61wnee223t/rz3WNfMiJyraysVGWpqqRahKQSQggakBo1cAQCTS9zzvRhON3DcOhmGOjTPXT3DJyZQc3SCG2AQCUKgUQtUpVqzX2r3CJjyYjwCN/d32673dvfdz8z8+ceEblURm6S3/T0eP4We2bXzO7y+/73/8E8E/5M4gReYm+6vM3b/ABAv1fl5kUMTEueM5wUFxd25YpeRTiqK5wutkouXUW/1IR/NCux9YH/xvuwvCUAzf4w3+l0g+x7rnhBKrJkoDRmxaIxmOrDsNWotdpzC0teowXABJeVA302LYQa2Fno5IJ4X2lLV7RAQztmQMYQN+Y5MSl9CzK8B6H6oiyPstRmyvQ9B5iwxPwJ6KOTNqJGMwg7o2AwjIejAH5GHEO6dhzFQlhwB2epytAjFelzmsgwBa6QIqkAKs1xEb4NrI2iTeTRQQeJoWXsL20IMAE0k2gunSYJcDNUk0hKmct25cXU9+UKgDVA5yOHDjumffLIccfxm43Wwvz80uLCwtxMveYD8VEYGsejhZ2MxyPoouJwDAAaOFgSBAC5xkHoNBumA7xJmJ7l+L7balr1huH6hlQpWubmt3JG+V4LWZS8ic2pSTHzxBBiV9i8hz6rffR58l3snV8X8mv/8l++eQDN3vZt/mu//M/mpuq3eOEO5Q6HgSbUnqEKD4p9Mi26K7MxU9vdwfKNWpRYjRoXKoILbGMr2trOhyORxEVOQVVos4tNKV7YdOsgDJBjp+7XFqdbzZYNXVq/x1Y3jCyworEnlMdyQIQofJaKZif0QxJljJ8IvRZZosCVA4+Dm5DHUjNNvf4ARcY4hy1ssrX8WU969QoGNXmNoaRYq7BVydh1fbJbORFOXL/FNqpwr86LVDzUTh54q1scVeDFKgZemJJLegBRaJgE9saRMY7cKM+cXEZpnOWjKIh2tvJ+14/HoUxCzKBaCKkMtBNRiHGRPkoMowGJ5lIr8+B2BY4qIdA2wHZIZXTAgCt5miGGBqyqgiyNGI+YAfNT4PVw69uGlZhmCru4vtHy6zWISNkwXeVuGKrNjay7w8fjTpJ5UqL2DSgxAGiBCfVMfbwSBzMMJck2NHU85sCphW/yNrcSRygbggswsNf5Jw1m4oEDu5C20lMIXEICCFsCR45yI2RmYDr9LA0429nsNjttt+aHKm3kbMSsWizHo7g7DCxobDd3xuurW/2dcZRC6MLya6brCsvOAA/HmIO23q/5jZpXtz2eu8HI2FpHsWCawL4GYdqFOg/iRsNuSNaAqyjOogDNTAypXcgR1WcsDMztQbbRjTe7AHB0zqcEmb5Esm+gsAba0WFmO+gNInChO8frj7muY9V81gVkYjIBR5xnhkhNiwFmAG4N9ZymIs0A4VhcWtAaJ7FwTKfm2J7DmZ+MzHFfwiEao76zs+KldeyFktFw+3oWbhm1zIQrPYUeRyJpOigH5T0qH3QArS0RTZ1NBD0qtKcaKddyybr99Nnvrv7Ob/OtLRM7DJFxS+KyaXv+wx+yfvzH2OIcs8rApF4Lh/lg4YbvjsJvPbrz1d9lvR4M3ah7qr6xlL9NBpAV22vAQb2sThqtksGwf20lX12vxxlETg2sc1xL1Mj4i//4FyOTZQLxppkLO1Z+FJtZiuZVnIdry5d/8zfy3/6tGBGJBLrp57mVJOGVy4+9+GyGKf4UsAprNJ7G1R6jV37hHye2AeEv6HIRQHPsYlSCjlcQEIahsHrttaeefALjnhkuzMtgVywBkUKHCYCXDsQnY2kZVl7mRYWhdirU7OIcdPHr164l2z0T1zFBwwqTYKYz4pZHLGnBFFVQZcAGD0yk8KNh75VLrDs2lGFxQyXAzcP+Sy/x3/z3x2bm2CPfB3uEltyVcPp9V9CrWv+DOt/OzPT2zvYDH/nIo9/5xpO97rduhE+v9hs2g4Yf+g8Ij7oN79Of+8EHPv6jl158UloiNtzE8aWwE9GQcMa4mNhuMdhQXNuSIYPOeLjt85Gl4P3GyPTNLNsaDF9+7cYnZqdzQFo8nDLMjx1vJ1nExiF3mrFoBLGYl06ujHjn6ujJX6w//LPsTRfgYr/wC7/A3npJ4wFE24slBcWAneAgZkPI9dLRA5zB9Fm+cOHC9evXYY4KsBIGTK6D9JCsloG6Xrp0CfDu7fS239s3Mp0eHb73ueeeg68GKgpfDaATfgP+Jj/lqampM2fOLCwsfPnLX7548SIQTwDBQDzhwZNPPvmFL3zh/vvvJ1zu6ALoE66WY8eO3acLUNE3dKu4XSErW5h/w/4sLy8DWoXDJ7pNFrc095tMGwg7Bm+A/dna2oL3wwNK3AdMH450Whc4LuLaiAP0SB9XpUGDCvE+WYip1S2kUigYJ5H1V77yFdjsz//8z8N3vRkBFFQpYPGPfexj8Kmvf/3rAJHvvffeu+++G6qr8n2eNEkIgoBgN4m44SXY7bm5ObJWAJgOJ8XRyaaoHkh1TiLof/D3/8Hc/NxP/dRPoYgkTd/StPN7v801xGQH5V0stxQg8zIbJ11IFUdmZEeWFb12pYmmt9Hz9IA4dfXBauE/hW0q2nJQ3j+FsrMe3Olvpuy7fIsROeoocz3Kl5XchFzL0D/Zsjszc4eOHmeWhcvKgcnaLtxpMJ/HxUmoI04U8g0cMGNIUxiYcgwlbKkplakoazYKFVElmck4ScMktQEZw9gahRnII3JUEFpuq93utBTPgyQYBtANDxuNta3NzZ7uQbDmMcOHXh+P4ss8iYFOAEOA+YFEwQzEZZH1GEWYnxbw4+hLQAgZuguEOUyn/CMFdY7LGTXEK8JKJbrTHIpz6Gutev3cmbN3nTztWXa72Wk2mibOpnQLof1H0Pc6AxyTJMEoDkZJMI4DANAJ8JDRMEmjZBzHLc+DzWZcNRr12vSU02gyE8UQ0FwBbIl1S/U6yFgbIbzeaGdyVlU+xW917ve3Xdo9cddoY/eNu2LVfXS0ertke9/wNlNqq8rl4zblytWrv/Qrv/oX/tx/xt50+Z5v81/6xf/96muX56ceoF0r1OBs3769vfFnkuoraI91JS22SZMYDS7gCrNMOBF9yYE4W8AqmUwGvXQw5GFiJBHHbH6KF6drYiP6uk8xLpIruN4Xplonl07ee3a61fZhsDQabz37zOD8MByMLGbYwG4lCnrRdwY1zDzT6jTtuoO8WGqQnOrVqdrB3ERsrjAZT4bpF3BZQnG16LqqPMdVMf0vHihZbJB2VhTJrLmadDUprqHJit0NjfCihvSCvOqNCKAFrqBFBxJB02wSYpe3M4BZmGCyfhoJeyRWdlpWrek6XMlkOA62t9JB1xxBlY6DNLE4zssgEA0v20xaiKFzA2fyGFPTgmihFw/iYSQwGE5lqCg3OinppFZm50ooKbIgYwMJ7JuhYheRq4IWMgnTtDcYbG75AGAdF4a/ZhAkN1bU5pbRG7RSCQDa0L7VUg9mIEhn4xIMrpOdGk6SNLIUNpebZo0bTVxFq0YobkM5vI17K3EFI7aS0PZCnC/NGTDUPMVgIvo1B9Ic5lY/Vz3ljeK824eIX9rKAJSzcSy6uHiln0ADHSRmnIYrm93l5dHWDrSXVi1i0QAGT7BvaJaJXstcBAOraziuacvMTkMnGhkZsBqZSNXe6rWaDdvz65bf5KzhsXE3CAfBbLPhQyxQLwmG/iAZBv1XX1Qbm04QY3TQzmvjDgACoAFwocRRNhj01tavm+1pi7PAwGOAe8fOIjR3sXgOZ0iYGXNCiDEwHrt+fXG+NjPjePZ4Z3O8tpJtAyuAkAFUnjc/Pze1NN+Ybls8G2+ubF8xtlevsd6GF/e4TDEDJ88aQd/Ixq4RwY0I8dIoSyCsyQ7KQXmPygceQFObzzUCg66F6/ATBjuTePDiC0/9L/9v7/KlZhTbuiPIuQ0vwyTuycefOJUm0z/1J4y5Dln76hgkto0sjG9889FLv/CPapcuNOJY6t5PTKr9xM0yi4lehgYtJJiF9hwGoLnqQJsNTaXEJ8qBMFBc3piahQYsy0Jb8LgXQJMYAYeY7bCWzx2BUbUoDaKo7jgt12XD8XCnC01NZ3a63arFEPNL047rm0myub5t1tteswkh3BA675oFcFkAvYHevTswGfcaNXSAknk4GEebW00uZubmspoDnVQsh4vtjgfxzO1eFPfjLDa1YxU6dAiWWrYzN2s5TrC+KYeRz4zupWvsG48danZYp8FEYcHB2MQKuMnqgaFGkkdf/OrgG48ZgzHHPh96MWnKHPh778mnEi7ugk72Ex9lpAB9X0bj4MhCvfyfI37He6Ze8+Fc/Zmf+XO5TiGyHQbb+DqD2OTx06d+5Ic/94Of/KTlOrF0dmLxnVfW11ZTjJAa4d0f/1Bj3mJFjmmlfcoh/sBTbscGdOcOmoqhYyd3MJsLumI5rhHk6jsvJx8/oe6fXRJRX2C+mDFED2KjGVvzr64ki1OLidFIeC3mra1v/IJ735823Tp7JwvcbnHULR6TpkBPbzBGrXWr4kBMN1GAKgInhd8wbQDISwvsgDMuLi4CfmXsDq95B9706quv/ltdbty4UenaaN4Fr3Y6HeCexDXgz+eff/7RRx9lmncAdCbUBcQT2DS8E/YZGDQwUABYwFuBnMKr8NLnPve5P/Wn/tSJEyfYrTyX33APYSNAuq9duwYUHj4OdBvwMe0h4VfizmWOWUkCYSD1Dz/8MHwQ9vnKlSuAoTnyggRgLrwNSK7v+8Tj1ITzNc7wlaw2NcnNq8ohPAdHBwwa2Dpw3jdzUBUrV3qJI9QPnNZTp061gTboSoZDmJSdwt0SJzG8jUTfULFHjhyB3Sb0DJVA+1ZpUeFTY1yqjXYclWAcng+D0Gya7/Qthrd5HLOD8j4oZCBDUb3q2qjsm4ks029zouwLa02WybuguozZQXmfFbgB9xmnvBPl3bnTS51p0RNp1KIKxlfoQPjtjYD3bwsH+lxOLikrAuF8V4FYvUI4hy5xGOrnitdc79Rd52bmFhRAHo7CFMf10AxDdxOYuANQK/pzJhI9MgAJA3hNMAeIZwvPVjG8nqIKEzhVJg0lkiQdjsZw+8HYD3oVyvghsLvhJnoASJ2yUJi23zCAXbSbjdkTx2P4mgjbd2jhMVQJXzwIQjEcJb2hb7t1xzOBXnMTHlMwMkN/QAZ9VVRGDJTOQwhA2Rgjp/Zw7XUqk9RCG1lLokbHMrQtFVBqQ7cjvuM50MEa5lS9gWN9TJFtchQ2x9q+SqCOGpfsA4VPITCbI1kP0yhgeZbGQTAK0nEEtWy4bqakc4flJwAAEABJREFUbRo1mJN0pvxWS5lWzop5AXwB7A5JiTHXxd71TNWJnjzjN4WHybaeIjHadFsXnJfholfFbs9K99DnXVde9oaX1STO5mXu6AnVtHa7Y6WLx+tsiu2ScaVnkq/z9v/PP/j7f/In/3ij0WDvZIF4///6v/49TGqHie+04XueUV4jrvMkaa3t221r1DhSijIg7T87NHpB6QAOyfBr4aKSlgGDJ8xYmKYqTnQeN7rMNd5Vk+YpWgQMVwLmYzNr7Xp7rtOcaTue5xu8UbPrxw9tj7aX166qHGNIOoaCS6BRTcVhniVSzQwy7WLBtM9yorUJuHWdHhAXSqAUjWkP9rJXLH2d9XXNy5mq0uuqiz2TJaGm2Y/O1neTUcyeaiovEEYLKXgxlZowruHaAVofc15on2meVQq9cgyGARIF5jpev7ISS+73+lCp8c5msrkmN7eTHpDRcROIM0xdgcgz5XL8sblyeG5zXHJhobkknhW0wmbAnXmQ5UGeRbhGGtoFU+hMldoHRaCLn4Xrr+HCiXDAgSvH4b9UGBm6a2S94WAMkAQmrvBiEOS9LhuNjCgKMwnY1VAsE4bUx2inCYbUsLWWKgxVGs9Mt+uO6TSbbs62w2i5t8O2N/1wlMrUk5kH+wzfplIuY9hTGzMdYhZHvK4sOL8ihFMHwEFm4zwZZikHvrG503ct7jt4cUNLBig+DPMwAeySbu+Me/0sjnDIlEQMFcMmNF8S7VvRm8mEA02NOAFGm9t5Au8xtF48TmXc6wfrPrS6RhjxVQs6zzRJgLQcP2I1PGEb6K1sobyYr48Hqr/pBaEDp24tz2xZP7TktJqAqaOt/tbKxvK1G6rWstsdf2rGMByHCU+mWX9bdjcHQT9QST+P18KAdabrM9P+Xafd6SlcCjPdhFjmIBgOBpFr2L5jN6HSajXmwAVp1DstNz8sRztZP/STsSljPAQTzmVmGMoSKGuXlkgx2vrWFk8clINyB8sHEkDLSssmdVuBvRTCZ4loGMaJEGKNGbRcTz/NLl+ZClkNAmQy1Wg4VSw1TB7I+NLXv+p+6mPNmZZ2iTYYjShgSysbyRNP5xcvN6LUR4rBUFgwMUDChIHVH9UaHAxKkhdcEfXF8ZbEFeAC9RGG2k2rDKE1ic3E4uyhv/3f86OHYeDKg5EK4mtf+J0bTz0/82Ofm/3kI6rhwtB654kn3KvXph960J6Z6X/1a8v/5jfN6bm7/oufZ0ePpOdfipK4+ZGH2dbOE3/n7/7gT/9Z+/s/wdY2o0uvWg/eKzot6E74VvfSF3/P68wsPfJ9rGbjUXb7m1/7xvYTT838+B+V587YX/36+Zcv3fdf/Zeqv9P7e/9z0O3XdOYHzcdZykQEeHRuEZCJ2evZmfSVlW73B7/5heHXvq48R7Kqc95dEygnFdAA3ZPM7A3MwciGUYXu0XHYCi1hknmD4fDJJ85Pt88ePcyOH8Xukb9fCHQReeeocATOpVDHAV2vkaYJ1GuOWRzzpUMLP/fzP/9DP/wjqxsrQTR2PWt+fv7I0vGZ1oxjOTjXMOqrA+/li1t1k8EM4EMPuh9evC8TNnzc5LjEE9MpQ2wbMw+3h0QOoNfCKQ6mx4ylAsTcXPTnjufPvnLt7//2+n/yycUHjhxq26lt5okyxqr9ze+uXQubZz77sV5vOYjrEL9QmTj/xX9070/+VfZOligaK9TzU7geV4ErbeiSY4YQppPDA0d/DzygCS8S8iP5DivZzXsIxGEHAOPO6kJiQ0DPR48ehfkG4EWAlXd23wAl/Nqv/dq3vvWtmZmZer1OIlwipFVaM3gSvnp7axseAM+F31BFMBFeW1uD3/TM5uYmPN7e3g7DED4FeBTeAwMdElc++eSTgIl//Md//MyZMzfNG4vDmTwd1auwG3Clw7cDgYX7CzZL6QQB3cLGgcMCt4XqAh5t6UJ7CG8GaHvhwgVA4XffffdP/MRPvPbaa48//jg8CTtDymj4usOHD9PRwccrpELTiApAT+7hpCyUXoWj/q3f+q1TJ0898rFH1K1W4E7+SaJUIoMVEKzsO9SEWfbu4ecZ7Q/poIksV3YKlXU1K8OrtHEhCmENhQ249pJ+S0Yc30OBr3j3b+GDsq/sy8bJSuNyxgq39+ouI7UsXJB08cOdRWewiuhU0HnS3ONm8433sKk8KPsKoeE/SHd6KSgskqsQiS7SCfI3RoST21FK3SyR3bVz46qyVCj00GhLiy6d9VpjenZx8dARu94E2OQAorUAIPBcBy9R/JjDWA9KnKexRB8MzP0KZMCC5hzYre9iv8ESrmGoxDQzRhRGg43N03EyBeNYbPUNofPzaSW0gBERJxmjNCyhbIt5bpNwFrCcJMVsVGkaA8UOorgzGnUGo3Zjqj8YAXiFUfXcVKfVqGOiP5hZwJc5tu25JnQ+jmtm2fHsROrZC8MBHC/c9SeOHJ2d6tT9umc7cLy4kAipsmFbhKDRNtrQFoSkicFuJsOj0P8LzHOV632CkUMUAyDPIqDP8DuGHg72MRiNolFgWU7NcwFPmb5Tm2rbNV8LyXnRZzKu+y2D1lqw0rSAzvUtwww3X4G8RMB6z3I1KWRWVe6YvSKgm6+QXTPoPV9SGSiwSeasdjW3BX1mu/R5zzcVf7M3vm/eSAENZXNz62//nb/z9/6n/4m9k+Vv/T/+1ubmhmuUnYfkxE4VKeopN97bL1GsL2wddKdnysotXCa06JXjmmUl4wC/HO8sFDRlAKDR+yLX9uVFve2eOQK8ODVD9XINLry6B8EUbnMI9/iO2ZidUu3GKlx0McyPI9QXpCiUTSTLDBsgaYqyWhREZyjcBSZnoGEyOnkieS/SPRULBgrcrCZlyvT6hCaeF4EzbYqhKNBVjOXILIOVNSDl3qu+ap00s662VV3WhSk0Wsnh53m5cIMWbOtdRICOWfhyJoMYGh+4id2uBzOwbNTPBl3VH8fDMAjDkZAmx5SMlsqBPvucuUKhS4nBXJN7loD64yiTU5HKgpwPs3yUpLH+OpthvAKaLAAhiJpNG63eAYzo0WmKK8Rh+IETf6zYLA2HQ4jaCddBP48gYsEAeLiB60iUhTEFtMvINc/meUrcHSoeQHCWJ92N9ZZlNiB4lkne7+cba7XtzXYwhIhEg0n4qbPcySNLRiZL4UfwFOJmeEUpNLoPmG7fYbqjjCRPVRIl3R04dquGYTCMJ45GaRhBkMOCqOFonI5DpnOSQ9uOeS/NDNti3FMU8FmYjBFFyAiAJIbiNIBWKKQeDLltOrAH23bE1SiN4NtrzbrXmR0Bf8b2VrkygxpdC0dy0K0F4wY03XBj5EErDmpTHc/1RhtbO+tb/Y2N1OmZg35tOHb9ums5eDK3N9OdrcF4MBR5j8tNgzWnWo2lBbE4Lxt+JrhTM93u9vjG2nC9z+wEegSv5liukcEVYbJaw68bM92VRpqPGyx1lXBUbElcCWrgpN3Q6XMFs9ESgB2Ug/IelQ/mxVcNIMpxLA0LdLgSrTYMYaEbQhixGKXADNeD6Ty0Sod4IXIOZCqBljbRmxBFe06DQSWhUvRCNN3nCL5nCdD+cD39j4vyFPk9FXsFI1Bc7cL1InD9Xi2/0GkUhG0GXNaPHzUf/BDvtPL1ZdFocMed7wc3RqG6717z7Fn0Bgmi0Pay2Vn73FmYdEZMbTE5c+SQ+cCDsedcu3rFn5mZOnZMebXx4cPGI4+YZ+4abe8ki3POyeNWG0KeKuoOZKslzp4xz5yRWQhHbhw/Ws/TrNcVrVZ66Mjg2LHpzrxYOpRfvHhjY2MaAnoxY5SpV0cBIfgnDx+BuLm9vQ1Nlim5lWZO3FU7XZKFl6eAV9iZ5N80zcURBRmY6JVQVWAXVz9K5qdZDpxr+Vp447p3/LAWFiiDvy+ysmoDLjUaja68djkb9cy065m4wtLCpMxGYcLCjYZvLTxwIlSnEoZY3eDKAl4E05UEp/XHT5z62Z//z1k4qrEEorWLC80Gj2R0zZQGl02Tu9AzAoofpuJ3vvXd7z7HfO3DwXWgGaIFca6a80uHH3rkrnvbj7944zvXwrV/t3yqbRzrqHZdxRl/9YbYztOf/s//bO4dS8fZt1/6/QvfvQK9+k72+J/fqf30X/w/sXemhJgIfWibmDCe8sxom5oCW+R6hR3hdC7e1YgCjFrxhi39fOfm5u666y6YugOjBGoJNBYiBNAH37SI4d0oBI8IA1HlQLSAkBBBJXWHRNAEmnu9XrfbhXpotVqUBw+QbiXpJbsJ+LoojtRAQRWdPn2aa/Nl4MIw7QYyDlVHzsXNRhMaPdIaszKrIRRA1Y899hhMd+FBlmaavKIHC3wEIDJQ9aWlJaKlKH9Cn7ci7x8plMk9GeP2rgs71ul04P3wQfJ3pmRr5FwBmwKs/OCDDwJiPn/+/OXLl4GtnzhxAjA0vB/2Aag0ZWaDQyZ1Nnwv3Lz7qqUC0JMT3SrPIStJH/wJMafP/+bn7zpzF+zV65tBT76kSmvdfTjvlueoKq+z7L1QeO3lgxV8hKkVXVHsnSmpLuygvA8KXCQUhKhCGlVzQbpINmG8A1c+3MVwYcM7HduBHgXua4jxwI1WZRMlM3Q2cV9M3hR3qi06KHekHNzpb1jUbdWoBcPS+EavMGcSKO+x2YWjJ0632zOxMqJU1ls2dMNxmii9UgbVzyl0KAkwEfgDLZmTDG1UU5hQaLW07wHIkCGjzk0LBc3BsH9jZ/Pubn/6UOZ6viZSGiZpPqJ/DFyfCeNDqVTpGKswG5VXq0FPKMngOMfs4HmcIuLWVgAwU0ngvp1pty30BMyYY3m8Zlu2dolFyj114tg9aQijTgO5tOvVPExwW6uV6/l1JkMhLATR2JUgDkLcDBtPNRqSnOxHWXFEgOABuCQaOqdhmECgNAyAj+NHszSKQ3gRDhkrAwAgDBc67QwC2GmqNOAWBaLjtKwf+9AcDgpBH1Re0QWXDYy6PZklnZG6hVMEfYgSAN129cYEXK7E0JPMusLTe56Y3CV6xyTIVqpa9fkGO/9Wy7/4V//q/vvu+wt//s+zd6b88q/+6q/9i1+DLkQU6tqCdKo73dSbWY5jbIy7SPK7oOx96JKJ0lKYgmd6QIzdmUqoJpFGa3+MvAT+5NWszSF0L6XfRbNNTkkIlY4MweYMuCe5dorA2FGKmULzmMkIgk0RppSTIeBu08sNL+cmpuTTid0wF5QwAedlGhzQVFXnziyGW8WCZiV5sUfVqedVulNNFQo3xUkBlSwNO6qiD2Z/Xe2r+yqGxkvOrIpvYOS/UaB4MuApxpp4v+FMO45TmKePTECQwHwZHHbOE24x4QIMsFVuM2nmEdRLyhSwW2bjmggbAm+OwVEfC6ReBXE6TOQgSfoQc0L3eYyXeZbhOlbTtSzXzk3M5hdLEWVsKHNMyQpNm62kZWIjEgE+TVRmydhDDRZaFccCDSU0DBBouJ1KTfwVN7kN+4/yc8w5aGOVTpIAABAASURBVOWWtb69sw2hiI1NJ1dWGIphtzUeICeWaSNLGyprs3TKyJum9I3MMWGEg2EKW9gObAy4uVIOehgp7C1NIB2RCEYwXw+6XawzYMvDkYRGLMMIhooSAfg8hXrMoEKAVrAUAHteLj+UWl+eW+iFkfM8M6B1zXMzzXyZOcHI2cqhMgUwXIh8CDO27Nyww4SlCc8taTnMSMf5eAdF3Dvb7WB0uF7zDJWM2OaVrLey5jg+T2KZRHXtySqTMN9YzWtTqWX1s8QYbSVBv5uGA8/OgNEcPdw8ebS2MN818240sJWahhNuQTdQjyPJ0yiEKI7IucOFD2M+6GR4CiHRTtN3edu16izlo16yvS4AzEMgBifKeEFDMEGqAwB9UN6z8gfp4sPRnsygyQZ67LP6DLv3QXbka93lGy2DoZOabsV1m80C1zn5sYdrM1PM4DpDB6fkoigIWJwzHjzHHp3vXriYCmx/940w9vQXitCr1NRVd0C0VkVByyUtqRwlcMioKpSADrmZZcYqXVicx2/Ns6e+9Lv333ufd+JkBPPC+WmAmtA5Xv+9r1//7S+naxtHfuhTRqvFNtZ5t++4fuPoEdaq50HQ3d72gDLDVpO0feiIOH6cmeLalctHZqahK1YrKxd+/Tc3Hn+6ceJ4/fsfYSy78sILYRrd88lPMNeHfiEch8IynWOHZ92azOKtL36pNQpdiE0qTF2iMzbmGHlt+Orw0Wx1mW1tiizFSKeiwC1ju1yeUgnrSLFutknQwnTuFr1czbi558Ws3IpbEJYM47A39OCNxvtoxktL/q9fvz4eDVZe+Ja/+dSDR2sME2fkZQRaZNxhzYW8ddRwD4dW27Jx6SN0t8jbMcekNdX2O427GvG6u/2iObrBwkS+lnDTSq16WofzeCqybHj3ULHXrgTfhSBzmbiDuj6ovgdbjXtPPvyDJxtXb2w/9o2vXe0lvQG7uIoC+kxX/3/6l//02fseygzf7JyevfuzL219bTAeRsr+p7/4zz/88U+fgUjGnS7d7a1XvvuC45lLSw1K4omL3NAgjOmUHoKC9DC80Yur3tVCElFgK7/7u78bhiElpguCYGNj4ytf+Qrw6B/+4R9eXFw0xR/kTrcS0hJsqqAqIAbUQqK4XpFksiK2JEmGc9nThRYgA7GCj0A1Mg099zmEwjNQvfDMs88+e/XqVQPDLlmlLyaPacD9p06dApB96NChQsNblsFgQFbUVGZnZzE2oC2h0XxTmybD1shGAN4AOwMkHc7gpz71qePHj8OXXrp0qd/vnzt3DsA0bPDVV18lKTFwbfgTtlbtDBUCbaR3nqyufXNXqj2geE888QRcMz/1Uz/15klcRZP3+RvcfIL2fd3tgDUvJTm32weKIlQI8g4WqKhI+w4dlPe8VGefF9E+WSUhJAE+XcB019MSB3J8xpvHwhAXsMsq3HUzXKaP0OM7yFMOyh0sB3f6WyqFmEQnG+SV+hmlgsp2/anZpWPHTs3NLcXAS32n7dWFKdDDD1dMyTxN8jRKkzjD3F1RFgODBh6cqyTF1SuCWzDHr3n5cBzzIEGbZsDF8E++MxpcXl975pWXzHbrQ/c9IBNUushiMCx0a446DIFteq6IJun7jpYnFSvvFWFb7kCIWqHyEAZWUi+agXELhs4F9OGugsBSTemxOmragC5NYSZrNITWKmeUKiJfYwVC03VB1u/6WzR9VpgjEFsSeMBxuI5jNpVhChl4GjBzEsRZrH0AgwDG6Xkauw5KqoE+42AfMI/nuLWa6dkxVB1ga4Oi6ditlfJlPCqhWSS0RdoGC+GH7vFEheBVsTr05n5QkTBFE3vyRGB0GIX0RSspC8R5U5nExuWfrKyTt1wqPq1uEnAXxzHxBlXJpatQ816uzSZRd8k3/2//978Bg5zP/eiPsjtdvvilL/2Nv/k3tZpKX17aoxvPgNRhSH27KJ2TTL3tPgCGbnjRktgIebcqeDHZQiMKxASAmARPySK9YEFrJ0XmBesvPZH5bl3BdgxUvQw3tkbrm9Higql4bOSDOApurPQ2ty3gj7aL0w8zcSwDoKgFURxuZUykCt0vc0bmx3gPoOYJMKgWjdHsnfNiaUah5teFprfF/pF9UHkycRBXsme1RxnNOGe7p5m/pf61OGpVbUvvESsvLV68BS99mA4C9mXQhMS5ACCKVZsqDJilAtc/GY7p1YTh8NiRyuPKF9xHVslcA+gt+nvoBazoNG2bhst4AhWGSj20bLa54eAQAisn12v80EhDjzgwNxJGtAxKl8jL+BUmLGSR0pE0FDxjTbJYZ3LFdF0GjmsNhVEqbKSAT8MQBgi1KTzfrbcatWZLBGGWRGEYqCRkAGQB6vLcEegZAq2IbeTAl00jQ69krA/dbGcMebIOpeFeA/9OYxUEejiUk74fXoetqTBCmRRmAwQgKwqlOcTxoIdlCtetwBWWpa5hOir3VGJLZaEwUVosQ+MKlTnA25NcjLLYNAIh+hKNrfMoiNtTbHZaNFwIf6TDXh6M5hfmXc79frcmY637z2uW0Ww1WlMdiOUFg8HW1laUYM5ZoP3Q4iY6e4CbRTBfcv1a5+yJ+rnj9ROLZqfFfB+DlomyEjXDRbw5sN2m7MyazGp5nimY7xrGdA0O3ZKO6ZuHzLNGktQMbgGe3tkyLXu8tZKG0tLdjg6sKnWH8o4elIPyPZQPOIjZN1bBOCUgYBgfusxu+B/+8AM//1fCr33N7vUwhSrGfbV/hsnn7j/b+GM/Zs7OoPWwbuKJnGJzWHOnH/mIMx5F3/oW2+kZXNy8KKm6Z4tlg8Xjao+0GDpNkm5/tLrF+8MaxJpkMS5BbzYmItvyjh1jjsWGo/H6przfZtza3Oka7Sa0JdA/htsbo4sXm0rUGw3meXIM8bFtx3Zah5agxc+jZLCyeuKec7g4ZjxeOH4c+gcWRBvLK4eOHOGGOd7YGL/0cvralebZ0367xiDoNxpDEBKGBdFOr3v9xvTJ0w3HnTl+woII3mNPbb/w3UYUaKEGCqC1hBlHI7X5WbtRG73YlaMRpjHEeDabNFPbn51DTT7g0CNoybm45cIurjE0zIlt06KwtnjfWHBApwXoDTDZ9eXl//Cv/sVP3xtOtepZuOOY2H0qDO5D7+eF0bU47rqzFrD0wfY2j3aapk5uC5F2b8p1fFsOzJ1X3M0na8kGzBWyLDRMnhj10Wgdl4La0+1m80/+mT+ZBz2HRSa8mkcQjsWhPPR9fnv26F1T80cN4f3FP/fTHzu3dOG7j6nh2nzbn/I9w+ALi3P3P3DUVt0UF0HZpx785NzZ+3MIbjNDcvP5l15uttsL8/PszpXujUsvfvvLqXASt9Z1OtNNPM2IQrgk70XUu8CliEkVpWLvdt8GlxDZH8ODhx56CIbyTz75JHDJw4cP33333cvLy4BKgXW+E9P4N7+H7J0vhTqo5FBVpjK4pEk+mcC8Wa8wJtoLDybNkeE9gKsA+8I7yQeDFoBXWmBSc5PICbZJWsuK5MJGAj3s29zcvHDhwmOPPXb27NlPfOITpLKk98Ab6vU6bNZxnE6n0261YTfIjwJ2huTh8C2wcXh/iJL7ANg04PLp6WmAy5/5zGeefvpp2Pjzzz+/tLQEQQXA2eTFAUdEptLtdpvoeVUnlQL6dc5CZYIBG/md3/md7//+74eLB+bMMJ9nb6LaldrVLL/hm/c9c7uPqNvYm1CBY/Rg9HlHL2k4F5NVd1De20KgmWIVUGJdiC9XL9FVjZJnx6HoKZzBgkGX14aaSFo4ea1O/n53GqiD8j2Ugzv9LZVdEEQjTRyNwPDEajTax06emVs4XGtMBalExTCEWpGroP8z0OcsjdM4AvqcAYOOgLoCXs7yGAiW1Om/UEVsOQ6A3phjjlmJ3WcG7+uH4cr2zsuXLs8fO/7hhx7Oc/RQxcB8seqPa+CiJwLIorXXtNIrtjB/YY5djIathAeRjAhNlLkhDbL+1ypunKVYGt5Ab23igjwd6vf5bkPB9NwkK7EoYjC641GAKElAqeEbEmgkRFqoiroTQ7sTwJghSbXwGZ034mgchQEQeRTWaE6ZImCCujQtuCA9m5H2GfG4BbtbqJ8Vn2xbdARaoVdAXsZodXi1ULaqIii+TxFazJokK+x4ZfmjSopcamHZbRTQJfidkE6zt1huZs2q/OJyB6tvY3uE1orvyqdvQZ8rkkjPEH79i3/5L/+zf/JP7iyD/p3/+B9/7q/8fBmqVKV6l+85KnKh1MYT6m12AnjCWEXpeSnCRydmRm7JWtyr0xYQYC18TgoYXWyF0aphUU3RZekTj3sLfDPY7vVvbPTnNtMQrXwH4+Hw6kq+NbCF45vKhqFuDjPvPJUqlirNzUQaqRQaPLIEf1TGMPaSIy4XJCOTvFAa67Mry70q/EkkXWu8nP4yVmQ71TU6IWRgu+JmXgrV3nToQ0u6bqWN1memPIlFFQm8mVPUbWcK0+fpNQgCDSgSkcSAUH2LtR2zabK6UDCmrxkok/VhoqZylEzJjKtMICQ29eDXEmiRaVg5+nvAN0DVYCsDmxQc8G6sVKBYDDXJTLSp4DZuybS4aaCJttAaKslFqteSoJydY93izc6ocUK3D20tYmZ6y6aBuVctmGyYC/OdmaWl9tSUMRyPTLXZXa+nrK3YnCFaXDQFr3PeMLlnoAZLIBDH7FqxZONcjTI1zlSU8wStINFLCQJmLOA8xfCd4TlWzXOdhooD2e8lgwDTUsLuaqd+AOmwJ46gLWM2WNiwp6QnuZ1Lmyn40T4kKTBol+U22likLEpSgC3AbhJg0yJNInu57qahNdXkNQuoC4T9F0+drs8vWt2dcO26kYR1y54/tDQzv9judAAA9Hpd+GR3ZwChTAtb4hhOB0QQHcDQTs31GsfuPTf3kbudpUZsiJy6sZEUo7wVZwP0RHHc1gzUqefYAvaFy3rNzUzEWk7LbUzXBVzd0KD3+6nliYxHgyAZJy6cV2lihDHN1fsGuRyUP4TlAwmglaKwbRFEL9aqQKuWAns2fa9m2C5mAJmb7fzIZ9P7z/Io4RDJQ7kAGfjn5nSbL8wxpComn+hucVOGcBbn7c/9SPbQh1UU617kplv0VkOd4qdQAksc2veC7nee3PrCvzfW12oy050SgvBQZYHnGyePM9MYXVtzALU0G7Bb22ubrZmO264zWyx9/yN+f5xceI23W8z1o3HY39i0XK8GPBHgZ7cfbmx6jgNwdxiNjz9wH7Tsw1cuZMGYzcww37NPHT/5Mz996Te/YB1esppN5vkLD34YeoPBy6+s/t5Xsq0NkSXC9x3XzdY3bnz5y/mgj70wwyR72NPIFDoxoNuzx45BUG19YyMdjX0YIDJcwr/PAIsi13xvXdCfGt8Xmg4+ucJXD0NoSZFpW27D18LZ99fcl4xlb1xfee3Sin9vzckCRyUQyVAW+kcJNLQKrTjsbUvPX7p4+cbFl54+0ZELhxsAlCmUAAAQAElEQVSYwMWYNjona6qWbF7kO6/Wsk0rHyhh2dDVqthJE0+q7kbNrN3V9o79ke9/yI7X3eGr5qCrogHERbEHt1nWdpMpNzNiKfwT860Tjxztza6KEQwmpIv6Fu7YEes9E6Rb7vx9Q/OQ47W8+gz0PamEoRWOFZ579hl5z71LR46wO1G6z3zhypf/f9yaMlqHLet0DmMbSSnOcdwiKguOjNQ9bN+y7nenwNBrbW0NoCFwSXi8vb09MwNDmiXgzrB7wDGjCDN9infXG2SS9eyKaPTvd6KWKqEx07CJFM2kKabvIvoc6gKPcQTjeQCagV4JzGiEmZHJf5moFj1DSkmaTxWqSZQ4oLCazD0qPW+VEo0MPfr9/vr6Ou0A/AZYTCkH4VOtVqvRaOCC5zgmkO37Pgk2mXYmJWQG3wIAGk4f7DB8HM7v933f98EWXn755YsXL5K9APyGr+PaHHlnZ4fcTirmPrnGfJ8IerLhoZdIFX7+/Pkvf/nLf+kv/SUm9lDgfQ1VNe0n2EdfVz15S6j3vVGkImvQTQWOkeIE7E4UqKgD7fP7qkxeTnQTTZq5s5IsK+31DDcOedfAY+rC4CWy34FPVfYd6ibvl33CfHZQ3n/l4E5/S0UrGWlErtfxc+F59bm5Q+fufgAC9kAupjozCthuSp6zlHYvSqJYy5/jPAoz6JW09XOuV+kLXAGHQj6GMmhc9B9GEfDaJJdBFI+TbJjK1a2dzV5PwnQEk3BjngyjmKPQIn2u9X8CgLNuynWLripKrFWOgliXwk8qvZ4SfVaJ0KEuhNZrcthjpNCYLpxsbHGXaOkhPovkTnvbAk0ShQtCru96+G5C0jnm1EKuhzYfqMM2bJy4QGeMPqfo+4yx3zgK0nAMAzo9ytO+HTlEtixhm0DvFWKpjGUJ1okwJoc6kycCF7djJhVuWmauefdurUxIgW8qipZcTopj1YTfCk5A+D7EPPnhUoHM3tYYS5Wy0+JxYYqw+52TcLnCzVzt7uoulGZsgj7vPrkr7FHsZ3/uL/+P/8P/8LN/4c54cfzvv/iL/81f/+uWps/a31ruz/auFCXo5KW+9m1KRzJcwEkouxDBE1EtUG5hLMH0tcToGUkvVq7JvOS3cA1T1IZ2UseSYGqK3VcmWayGG72r3z3PfReiG2YYTHX7zYQ7uEAgd1CvaohijTLcuQag1AyGrBIYJc6SQuSVKANF/SxM2VEZjZbKeEPQIgEMWmEWJ8Swhr5XqDERfBffF/igUkjvVisrDm5XsSVLTfMbFr5H2ob8VnASZeu1w/qZ4mW8P1JsllRmpBn6Ughu5inPYp7HPpcNwWZMY9qWUxavMdNDgGs4HO9VQ2ImUmyooDEBaIziWsPOlcXRiRSaCZjp4ljeBL4KGzYTbo5y0c3ZgJkjYSe2LbnDDVuYWk4vdIInFBDTggQMHSgUohuaOuNKWST8QqHiWUrgLw5KmzExlmVb/lT93Kkj80eO1Hx/iot4ur6Wh+aKaIx7c4Z0VOTAxlRmG8gooI1LpZHkIpBsIJyusncY78l8KGUESJrnKZxhVGobWDGe1zi0tHD2ZGOqKZNwtLlx48LlcK0n+omZKxM2aDKb5TWu2kLBBN7nynUEsHtX5pYCopsjP4JmUyYWy12k1TAaA0xtQFWlXMxxIzFtJTKru5VHY7np1xbnFo4sHT5xyk8yJ4zUoH/1JXTxXJifOXrqqNPwMfmslM5iZ/rk0RuXrwx3BqY0ZSIAa7NU+Uq6trDa/pFDC62peiC5ryMBNlyZ/ThdH2ZrO+rKqr89anA7U3mG6RY3gk5dTE8lDnfqwmkYObfxCs5wYXvgpwMr2DJmcp7XWGBBm21msZI5OygH5T0rH0gAzcs15hj6F3o9KQ3tIHJl2o5X4xbG5DEhtNuxZ1uscGjW3aDQSQs5LbnQ8XZeqiOoxYf+xnEAT1tzs8X3vYXOWC9j0ylrWZZbo0w0puTa6uA//LaflikMVJZwI2vW2eHD0Ejv3Fixaz53HRZHSa9fP33YrnksimqcjVw7azddANBZFu70Rt2+fWipNreA+Ti2ttPtnt+sQUguq/mNuUWeJjeeecY2cGE89CZWkrY8x2jU5Ow0bzXjEBo27vm1PhDqtTU+HoXDXoPj6Dd9/rs3vvNoR2Y6GK2Jle7poc4SaAQPHQLamo9H0AsZZe2/+eoQjGxP9osaKKqsE0kwUfPMqSZ7n014VakhjeMkzahXxVG7ZNbWmAVRNlezXZ47+dhJt1S03bu2uXXp5VPMa3RqIk+EG6dZJ1i73r/8+Klmasox9HJrI7W1lZyaz6dsbsY7rlwfjTddZ7phxHx8xdl5oR5dE1moxzAyS+xhvj3MAzFtQgibh+t8++VT3pZn9B0I5+eIBc2chYN1FW8wO6/N1rZHsS2HhpGgn5nhmm4nY/bLj39lvHb05IOfNCyHfa8FsPj4t/9G8tSvTBme6S2ENYh3LwqWUeRHZ9lBr3SqtxwFDmLPgPtdLIQagUWSjhWeAb7p6ULp+AiYsne3TH5jRYtufulOFT5RKlhMy/aJC0e6wEto8dxsVm+D+iEVOS/tZUlDDW8mdFUBaFWKnav9n2Rh1T4QSoYtvPbaa/AAggGAj8kdhbIOQgFGlupMIMRWKmKLHzctWey+hJdIIk2OpaRqh1194YUXtra2WGmOTDsAbwPq3el0iLvBZ1/PankvXKb+BZ6Er/vmN7/5Ez/xE+RMfbvPUhSB3XSWqw2yO1Emoxc3FzhBsA9QmW/n65ROd3bg+/x+K5O3M9Nawso1nm4N8mSn51HTGoRxFMPtRrczXc/kAl/dwpMiaCr7Hh8w6Pdn+UDf6Xt0l/sYHhWtQiSnV3bTEqrS52BfH0o3xi1qQ8tN0MtMElRS4tDhowuHj0tuCcsFeoraPRyt54bkwGABNCdhkkRBFid5HORJrJKEZaSS1EMdPWuASX2akQUa5pIGbA0f2un3B0EAGHhrp7uytra6tVWzHOh3kEELbmFSQmKOOXkg6HRZephUZokpxLCMUiZoZqeTdRXqDl7WHq9UpEzTNU655ATlXCzgpiyQHv6ps/dR8FhKcnjOVbEgqPjJUP0NG0mgloC+JzH6b8ClFo7TJMrTMMtToNgCs5tB6DqFURQEpeHrYb6D2u00RXEKQkaATKmeUWnSXqoSSLaJe8sB2eAieZ2gPdOsHN+JUzSEIQQaJU3PVHFyyzNP5m66OeOFcE+RHOYWV8oe2MsLBwe2Zza3LyVc9VqlL2WF1rVC2GqPRwS5mujv4MUOMl4Keqvvfp3hndrdDdKl00WL//63f+OvP/fd5//2f/ffwfCVfa8FYvZ/82/997/yq79WSIzRW4UIKu0dat95mTZeFJcYp2R87G0UNPxGl4zShqU4b5gWqeTLla8GqXkJTRckl+11WmY6fFLMTos7Hg04aMmzDONgp8/DBI0Po9AewGQqzcKcDJshVmObCk0iIDyC+nr8slzpPISMJzY6GaYK0XOGpA4IrP4T4zJKR2t0wEl7k+QK09SRAjojDTcdLJtwDJm8hCYqhC6S8l3V07erZMrUyUuwTVWjHSv09ag9bipUr+sPnTAwPGZwqX0kmGNyB3OOKt9kTZtPOWLazttm5guG/JSjCyEaV2S4RhmuAhSMCBNm+QnEkoBLYx3jSgvU6+F8zkyBsSpjnPOR5EMpYEKbCFMxy4T3GKaOstH5FOXRqtIAvBCRk/880HHTUjbsBsw+EtYwrIZjA/91G/XWwszZpempmRbsySxQ4ay9cPTwaLRjpqMZEygyHhwiaKZiplKF6HmYqX7MAIjvZHI74TupCnLM+WUoYetbXqIrq1VvN+fm52bn5rgtuG814FIIoyHi4+G0X5udbs8tdCwZy2E33lgRoyFM3+uc+QpjGDYicgmU3NBaRQhpuBbyJ6igFOYcpqtMN8GchxB1MV0078jhspwGKlNrTnt1mKUL25O2Y5yIHEfMH4Eva3PbiPM0JyuMhPtTtSwIjVyoRIT9qLe6k3QHOZwaCf1PrpKs7tlo35Hm461geHUjXN7igyDrDliaa1klhlDzJMtGUdCLsoaD4RhRdoxKRczYGqXXr+9E25HZV00k02jIjR5RB6O8g/LelQ8mgC4pAd/rhYH+GygBchnG60TxXmMyEy21+cZujLeKtlZ/6VAt04sySuMl9uZL+U3w4ZTVhHNsyTt9fFt7vwlaOwQjYVM1FmbZ3DRL4s3r1xuzs4Zjs40dK4ndVsuw/ezFF1e+9JXl556fP3O32+mw8SDdWI+jqNFsm9OzyM83u0acmI0mtP/e4jyv11kUrr388vShJRj0slF4+be+OH7ySZYkfqvJXHv71ctyZfPwuTOA51EnmMEQExolno2HO1/7mrW5BUE0aKbLYRX6c2FObAhrzsxEg37aH9o46mNEllhV6W+1VnYfY4+EbZ9rO3MzTJtxVyPt90OpZnc0IcoMGICnQONSUX/6SvDUy9mn7+UPHrdrIjVgxJIFaTrgOYxnbAf6kzTOPTYeBZcvnrd7q26nDeOZoXS/cWn47HfTv/AZNnXY43kkZCjinVq2afSX2eZzzviamfUoBCJkamSBTAE0y8xqjaW1eeUFf/X5Q62RnXYNHCo08fIH/C2DNBjHXW+zbz/76tqDh+2OH8GUQDUWR/VTF65smYMbzcv5had+YfaTPzt934+zt16Sx34h+crfVuNNz7AgEh7BDIXTXILAM9ndSvb+LpXo75Ya0nf6q9lNu7EvFd47970VS6K0Y6hvSnHBMTFZQFS0Wh+eISMOUkBTzivSIwO4J+BVLe/lpbHj5J+TpWLfVKBVJgJO6QThT8DQ8C2wZVam2KoypLFSas0nkguRopNe6vV6WYrLiw8dOnT69GmYJp8/f34wGNAB0kYwajYeU+CBjpcqvNrnW5aK1lUs+/Lly88///xnPvOZ16nkSaLHKg3U7U9uhZJVKRbjt/KMnoSAxYPXbR7JTQXI1PcmkISPA5N6p6/Jg/I9lIov83I5At1QaiLpJSszi8IDvJFlTkF6+gjd+JOrE/bpoCvL+IML4P1fPrh3Oi/WqZeDqwn5J6/+lQXn209xGP3JyW9BZ1IrtrkbnNFPFL+KlZGUDA1uEvTNWDxyfHp2KUzymmcBgJYFA5CY+A8GBjCH15bHeRwCfYYflsFgB21GcVOCXGIRQGflWiL4B3pNiItu9/ujIIAv6vZ611fXr1xbPnnsqNdoZmGkyEwD9gS6oYJDa2SOYXsNofXoScs88QuqatG5nVWlFOZF9uRCKa2JOLFdWRyu2nVy1zCsMPTFAaEkaK00EtJCaHR/RnUcAHR4SJUFJAMgfBqR8wbEsUKZRTKHQ8xsC9eNIZyOYxSEa9wFH4PHMOLFOkI+b2QiKcQ9JhMau+OOI7eTWo0qtCYbLUgkJVFTkuIHtJiOggv6Q7jaEGcdZBWt3f9YOVnjnO+9NvZqXHaj+8VLnBWG2Ueh3gAAEABJREFUDnvfw0suWM0GJ1iyfqJgipUIe0IezAtcXlhXVN9XUHG1G0N5g3uNE6Ur31xu/1f/5a99+Xe//Nf+67/6s3/hL7C3Xv7ZP//Fv/e//M8bm5sTd5vWwatCl4yVCkMmoU1vywBHkYHv7QFobmAshwGaJDE/Pak1YrxckcCKCpSMZL2CFV4WZNhYsvyCQfNC645xB+1VrhPvaXQN92yQGBz9X2TExnGWwR0cYCq4yFCewVzOLYNbnNswbcI7CN9qauRe07Bd6jUNECYCDB3nCpcSSKENclCrBow+1Z1sro3b4eIF2JfmshDmM42kWRmoIJhO1c3YnigIry40enZ3vLeHT/DdB1RTeiSqa0EU3NnU9UgXNL3LdkzDNFF+jMo7lDb7puka3OG2b/KGzRoWa5qyKTJHoLSZXI5TZmRSpHmWSJ5IQworQLjMYmbEzErgLYadcoF1ws1IiTBno1yGSsTcSg1tLs0NyjZjiuKkQuOIDSZKkCTp2ilQA5Vu4YIJ0/Mtpy58Q3iw22FSkwIYNOBymGY0pponG7W67+LaFDhDrl1rNVdsC9NSGbjqHVoW2NVYe25EsKsJHySsn/KdhHUzNcx5CFAVBjzc9HCbAK0FRsMMttCozzYabbc2SkPHMOv1pt+ZHo6AqeRnjx89e9exu+46ashosLZ87QXWv3KVd+OW5H6uPKEchbgcALCNzRcOpmyUTBvStHLHt+sty6tDaDMcRUmQuoYDoU3ALIvNTt2tW+g9AoERJR3XnF/wppyZox0ELSazDcx7BcFNIDFTC02LIzFiCRtuDuF63REyGo6ZZY2DzO5FDQev4WSUbCxvbVy8Nrqx0ciFEaYAoAGcxIrBicvDXPYCtdbjWbPpuKN6YXIkMzUYxDfW+69dWbV7o0YI0RnpoQEOy9SBB/RBeS/LBxJAy5LgSK7KACQ2fVmuLKWKcedu0U115RGmChslavZVNTipegFVteq3+u7XC2dzxne7nmLYEoZqMJocAeHemWb7yCHmu0xl3X736P33mI6r1taaQriNJrfs4fLKjSef7t5Ym/vww0a7GY9Gg14vgU5mfp7NzjLY5vINM06ZbTJTIMBNJbtwbXD5tbMf/pDlWqw/WH3uu92nnzv3ofubjTqLo2B9TXb7OuSNvSm0ay7G1eHru8OXX26mmQ1xU7gYaGyi+xBoDL1Gw2x3+mur8XAIcIhPZB0s/lF7/2a7I0RVRG5vrsRd/AMjTqNZ9xfmWN3XQhXG3j8EeqLgRSa0WR8wZu6up9Z3LnYXOum5460ahp0FOonhjx7yF0dh7PQGly5dOdvGnJhwZabCjqzpl1bWLvbE8ZMLeTocKh+GSbV4O1h5rh295kInwkQ/YoMgb7l82hM1FhrJ+mh4bWskVs4/cX+96ylMKJwx95Ub8WDIHj5rWEbo5DGLt159+fcvvLT+kDXbmoL+JWX81Or26Knfv3TC3pn5iOUMuv3Pf+f8Fx+Mj/zRhz7zk63ZQ2941MPtle0nf108809ag/MCJ2dWmJs7qdm1DJl6dYgjo56B5n00kSjwG9sdcL+P+jYiL3qZ6Xu8V2qisHesVPPxyvK4cnkm6gR8djgcwm+SwqkJ5TKhZ/oI0K6GLuTRQTCLqBZRsH3SYDou4ln0dQDFgJXQ1uCDwKDh9+rqKnyca7U1GddWLtK8dA7ZZ9Zc6bJhb/v9Ptxs8ODIkSMnT54kdw44EMJzBGjg/UClYcvwRZRBcT/PvVWlibLQYcIHH3/88U9/+tM0YbslaqeD3ZdlcT8VudXZUW9CJT2J+PkbaR5hg1DbwB8r+xT2RkXp7JT7MkwelPdVmQxZFWu/9G3ISjZNz1PQBd1j8oyVzjCVPhrNaiH2rW+66sqsWqFqgwflA1E+oHd61empEpEScdStG3HZakhxKx9URrSqSMzKSo0XRfAI8opCIFtog5EcSUSsfq01M7fUmpq1bH88GqMnBDTvUZInqcTF0Dmu3GLAoFOJ1s8ROm/k8JNpdabWX3CaPOwKD+mZRMlRlu+Mx0GcwM05jtPVzc2Xzr+8MDuzMDsLOFev6Je0hp7Lwo2AEYZFyaCO30u1Z3itOXFxdAUqRYbLJ6m81iPr9Gl7q3j3D7Fb12i9IKs/mMp1xvEMDl87j+Ql8gLkHmdxkpEJSRoxGG9qJaNpwWjTHA4GSYrrKrSVAwqtszSRcYQ1g+Z9JvxIg2SjZEpAKFafMYGmJRxoOBJEw/XMJIxGwz5KFgVmm8BhNPJoffJw2F1S/gxNsrURSk5kEI5an5ZixPJWR1JqYphatoH4WNJVOTE2KyuvkD4XKmzCjHu/9eZtTg7z1B4YWV3/hLD1tqW6OWkK4OP/5m/89X/4j/+3P/cz/9mf/hN/cnFxkb1RWVld/Y3P/8Yv/eqvvPbaa7c68N3oTxHxmAgI3anitvygO2SY9s/B+WSsXV+ABGLSAr2YVCrU02MlwpWn7Ze1ewPeI5mhT4Ms2gBe0laMWzDYAsDkPNV3j8mBwEFwhQPDQzUuz/UtC5wUrrNhzuxcuoZ0pHJN4QruK8MV6DdhcQEtJtBxnNZgEkJmojci5vpEkApjSOglk4zFmY3m6vhGqfMmoHUMQwF1jp7JLCcfdx0wyfGKxPskp9usqGJ9VmVx9rkqUwoyVs6TRdnUFVoEw6Rlw4XLNPxhYS5RVCNrHwutqSs+DA+KObaBwmLSBBnYDjIFB2hypVPqKZsrJ88trEcLbuxI30aJVAkiSDNB3KzQszEzAimG3NDP8BjDE0aiAPVCE2BmmJkQgkt6cG9ZJu4Ld9GGGPhqamW4V3Bq4XlTKYcpH/E3plBFXx7LsTzH7zTnjy4sHpufmqvVXMtWMlrrda+u7FxdgUiAqXJzNOoM03ZTcsANKesNoo31jQF0coyFaTrO4hDCg3k2TvJxnkWZGkVylMBemQGzYzjbcEpN7unGw7KBAjtSp7mEGmyn0WyczMC5seq+wbw8WZd8DFXVqf3gfcfPnF2aWbBsOPC5I/fM+i9+S3WvXGsmyo2zmsxqhkIXDp2PsehYuBHDmfTqrZMnGkeP+rNzcKoGK1uD5bUY8HFueMxupwyaM1SSGzAGg4Y6D2FWrgxWBs4Ai0N8E44tTpVNinTML8XUlO2fmDXaaNlca7R20nx5NUzXQ9jZJAyXX7s6XNtMBn0Pji1Au2vTgGPnI8VGyWAY5EF3bM13OqOZ+Wi62bINIOPDbOWl672L1+NhOAXvV6a+C7TLCvQC/GDYf1Des/KBBNC640KWpDNyKBp5qiIoDpQlwTRsqrL9pzBTyhJcSccw1K+JCddhy6oz3v2XT4qjb12qXpuXf8rK4kPS2jlE3r1x+J3Hh08+60p0B+GFPEFIw+qcOI4ZCPP8yH1nW0cOCcvq3lipY+ZeFzoT6/TJQ5/7Mefl886RI6zZ5HnaeujDh4LUOXaM1bxsc3P42mUjjfUSJyaAOMdh8vyLvDuqHTps1Hzo7I/+6B9p1rxOu23Vavk4lGHAPAs+G8MoeadnQ8M2v8iimK1v5jv9Vo4BYd3JC50kGbPqQlRtenbebjQHzzybD0aKklcXbiWMsTIqq4+/EApwWUT/SY+BramhHypSuBRdK5ndcZZCR9aY8mfmgMjrUfb7awZczNJJLwAhcp2jRXJr4cRZ5T0xSEI4Aale3akotIAj7mLgDBH0YTxe3+ofdR0YrEDE3Lez+47NPDa79jvPs5d3hjKJYGh/9yfDI+mmt3V9xhsJAwb79nM30qcvRPcfsT51TjSs3FZRPt5a3076a9fmHrQtOYSOazN0/vXXu+OAHTtcP9QwLY6Lxvpb28k4smXosiEAcQVhit7Wxur24dnI56mtRhCKzTZf/Q+//dgX/8Ff/b/+lc/VD91vLD3MZ+/hjUXD8fHsx6N8sJp0l1969fJvfOGLl5790rwMf/xe5yNHTIfJRJgXNvk3Lg2S9uz901O2OQXBbGaMlBa+6JzkqkgdXQxslXzXUS+N85aWlsIw3NjYaDabMN8GKDMajYBRxlEMz9A6dPYOlyovH4xbyXQiwkzyAVEDXLaboq8FgFSApPAbXvJ9n7KKVQfyve/n3oqn2Q4JgbnO7Lezs9Pr9SjFH2HTyUX99GYMV2UZUF2oQHhzXRcg0YB0lTadIKQL+IPIbDXFIo15JbEkv9oK4BKVhu1M5huEJnxyyifLUm22mIjqL4WPQNXBIcBOwmfn5+ePHj2KuaSjSGAKTKuYNOqki5TtUA9i2T4ozG/yqSSdNQE+4nfw5/nz59fX12nux2+j9b4dela3uQUmp7i3K/u+a9+U+JbvoUIOJITjq2PZxxwrLvnuLwg4KG+1TIZkbqaHcG3TXUzWOrRQgAzQYaKJDu9MG7A6xV15AJr/wJQP3J2uilxr5XJ1ValK2a7GdRdO728/d4lesSE2uRlWrvQvAI8uSnu5wnjIqzUWF4/AkBPeV6s1MFkeLsXP0GQtjBMgG7gmGohrILXvc5YhfYZ5hobaRqlMKfwKOBka6EFxmGXdKNwOo7HMURmXJuE42NrchO4Nz4hloAJZ+0eTjrMSbqBiWAkCzbj1CZUMqVUKQF9NUhRTJZkqCJdUk3fzxAt7hwA4GpPF9glAS43lE4jUJjAUwSBW2c4QetY20EDnE0pfaGilI4zwRhCxjhJWddOYkDARCXSaIrdsw4RNpQC+9NpuQeEFSUcgCk0KRLqQhcG24liGwJCiXBtw8TSHuQxA7kzKCUOG3X3WRgiy0BLJInZBZH4Pgd7VQezRPPPd13DzssDOpduLfmEP3y9OBBZesmI69bz8BkYv6f84qzazu4eF7LV8dVcovavYYNXbbleuXLny//y7f/dv/92/87FHHvnEx77/Qw88cOrUqYX5BVpABsPLtbW1S5cuPff8c9/69rcffezRiePdLVxVSuJKBaSqCrmzCBrurfpUffbQoc7CvMnNsB+sXFse7PRlJtEMQ1c+TgH1omCdmQ5/abGvdpfSQ0VhiZxclycvAFzZQyEnkolB9EdAkEikNtAMmeZ4coTJbTtIIQ4i4W63gUQrzFnnZsrh0kUvDulw7nIUaltcASFFimxI03XQJQL4cpoDvXVM00GMKzReyLV9jcb2MBM0EQKXMRi06cg165TlKgNV1W91rRYeyVVN6wmxttOo7nlFtF3QNSHJC0Vg4EqbiJioK+a8kN4jvVY6rZUqoLSewxeLJIhtw4twZ0e5QiaSyhHPtROfTDV9xjSMcL9D5TEBgawEuCozQpjVcgO9sLGB45iwEeNnmKQRR/u4WW6jszLmhjR5BlN3QLeeiabSQPYdYUDFugZvWgbUuW0YrmMBJRW+2z6yuHh6aeHEvNt2HHgBmuX21Coc2GCU9/oqimVubL+2Oh7nZt2JgmRjZeXKhSvh1nY+7guVjLMgzHBRcJyrGHfeSHM4txDuciwTzxVwbkvAl+rdMIWls7Fg3BCeTaLWYNDZ6fkwf/y0chkAABAASURBVAG8EYxkfzjF8uZ0/cxs/Vjbc5FdC9nwWnzWuO9cMDdnp0yub8jtLTXYsZThMAMiARpeQJNueZbLO9Ptoye8w0v2VBtOAHyhm4thvCLHmQUXS3eAExWoaJNH4bjX7/eyoC6maoESPi4ciQPW70M7ixc6c5mP65pZkrOxa4QNz7BsIMXM8VkQj7d6Fy6uOA6gHbs2PWNaZtJu8DiNuuNRd5TF0IcJ9OZOZW8cDbS8fZDmG/1Rs+ECsEhH0eDKmuqNkPLj9a1zyUi88nTk892epB+Ug1KVD6gFR9Fci8IMGv6BvoaRxjEKB3kaGDjdMvFtED3f3tl8/IlkdQPzsulQP22lHDXcVNQb0OfSRAtBLdMoW9AwBn11FDJJ6CmzTKx342dejF9+tZZVcmDsF2A425xb0Jro5PSH7zOEza6vrL7wYrvdtKHjiKL6yRN117cd15iehs0ClZ6/7z6IyAEuAq6YbW0GKzda2PmmbDzC7YyjzSeenWGm1Zxienx95DOfaSapPRxAbFdud81B35zqsDTJbqwkG1uAkex2hwFWXr7BBmOr5Mg0MMFuVUD8k3sLi2Yms/UtNg4p+CuKt7HCEa8QdhcCFl01UhSDOFKgsGocWXa9vKhdLoBpilbbmZ3HaGAhfFF3PBr/9gsOmiGQLE0IHcBIfGbhkGU/A11Fiq5PDEfuKBmnhWG6TccLAmPr/Uhd3zLC3K1zw8rGJ+u1P/LI9L95Mvjy+aHkNbPWPOYde+nyd+9RiXBzDqMzo7aWWU+upNCrPnhKeBCjlHkYDNZWRsEwacD1AOiS2cPMfXGDDcdse8yXmjpXBMM1UHpf9UnKsROiYa0sQbDQ2TTocNJrj0bnvyCViK321WzmF3/51f/ij7vHpy0I1XTtw/3mD8wtLTHjx1799rdXR+NM5bZIIbwc+AvB7Kxqn1at08rp+PUW41uKvrWYCDJWLgxTat9Y/t0osBdAS2E2BXQSqO7CwgLxU4DR169fB0ZZb+CQ/d1BMDQKBTz01FNPkWsnSXeJOI/GI2Cj8AZ4HiYP29vbjzzyCKBzdntq+Za+ujpGQhLkrQFAFr4daDJ8NbyHrDYmEeokjIa9pSyF0KrC++FAiKR3Oh1i0LwUlQtcLbuHi2F0UBdeun9Ujyt5MmywsPsQMBaFhrOQZrMJ0DDpVFsdkdKeHrAn8Mzm5ibsTKvVAkAMtUpe0sSpCbjDPgPsJirH9zpdTFqIVMJnAtD0GCge/IZrCRg0nJoKjBQrod/EWWBvu7wOMX/DcsCXP6DldsEMOqH77rXJm2UyzaB+a043vtYN7jd9Pih/YMoH5U7fQ5BLqqS1vno8XzJlTUhvEWupEuDSZSz1I6FKp9GbCmYvU2jnCpN8r9HszM0HIQza8s7UNAKeNAMgA6NoGGOFw0EUBlmWoqRXZTi4g4kDmhTDWM4gpws6AJ0eRc8eZKp0asJRnGyPg50oDmEsaAuWCYC6o94gjiLYLdMCHJFmSK2KFN7lGs3CU1rQTcklEUleSTwKPFlCy9LDuPKe0MPufLdTqKpgnzZX91naT6Bk0IxahzTTKTEwQqzVJbSlPE3SGG2e8xizL+IicoEBLYH+8pgKOI4jXpplKN3PCojvWqbINX3ODXwgM4NbqtAh6LECngucfAGMsmB2kEFgPkgHIxZEMk4AAKZB5E+3LNNDfw/t3lvYL5QTLhrRauKmJgw4JnDwbjVMejjvvwA5vV3uui4XDnKVq8LEyFVNKIZ3n1cVRy6o9O4OlGC8eJ42WzDncq9Ks296XxlvKD9+u6LYY48+Bj+Tx7LvLfz2S+o5zdo0ht6XgvCOz7kgVNGem/nQJz9y8uRJx3J2NruPf+Oxy69c7G/20CCBC01pc0wMyuk20KAV4ako9M7ormtqC4e0iqnQaYKP1+qeaWIIA8hgilOvHO7aXGkrE5hLWjYcIUyK4E5EM0OWG5jyDqIi0pbKZhzAqCMUgEiXM9sUtv5qy3Zm52Ztx4a7v7e+ZeYp+nDADc1QK80p66TuWaE9QDEsGZHroaAsY1NFgKK8TioNAi1iwBUAu5cTAmjtmExb1rdKGXTSEzYKNnGFu4/gGdPpcT3VVJImdpSblNpOSdM9tRtmKtyXi04fZdtA1hUaP5PzNSf/6xxOB5qwGzBQyPRvzBKoJ/ewczbyZVYk2sLRM6JnW0l0peDCNvANnmE0HRfRs2G6pukK4ZuiBrEkgcTTcd0YPua5nYXZ+aXZzmI7tzXGlsy3nKA7sJu1rfXNeJRARW9cuqrWhtyvBcF4e2N15dp1Oe6yZCSAn6sklRnqYoTJoAnhlmv6JoBgwzZtFyYSlmF4uA8CnrKU1EbYAld8CQaQ1hn0mpvrUzKHsHza7+a9rmnI2Xpj3lINBU02ThAM2K7vnL37DDsJ0F2ML17oXbiwHfYdBeEKuk7Q/tK0fVVvmNNzjZl5UW8yG9d32vUGm4qStZ0sCniWAjdXENAcJ9I0dkaDle5WYLAQWPlWYkyJWPBerDZ3xkkuPd9LfLsJ+y1YkLORlH0p677jCHsMGMmD2jOvrG5MTfnHWvPHTh5lWRgNhvCru7q9dX1z4/pGDl/COQQAXEDzYaIG4yCKB+ubXYDWcBGEgRWMGnHUMnlNoSxdZDpwKDFrpW6TD8pBeW/KBxJAM1Y4IXqWgZZiMO/SiTTwroKAfjhO4pHnZtghQMc0Cna++a2rv/wv+PU1CDAZZfNe9BHie+l6oWswdHeYYYuE9NkopQo5RSTh3zw3xrE9ims5N4sQaGG+5WUy+u5LuIAujbhhyjBJLl0Pn3h8+uSp6CtfGzd9NK3b2kkuv2a0p/rr6xhQDoL0ynJu2qPBKL502Vhfm/WdwRf+Y15zMfo5ivtPPzMLY+mvfyt9+WWmM3uMnn3KgmFglCZxxF67bHSmwxtr8ZNP2ZubdpYHTz2rVjaip56xo4jr3Ly78XBcVWRE0DwfWWLbW+bODozFOWUXkGpXR6AFz7yw7KOFRLII5hedcr7rSsJ150pjLhpSQsTVNMzpDkfoJujnzg+F7lDhVfJhjXjLEVExKuascCOvIhMck9ja0ml/dz35xICdg5Bm0m9aw0/c3bRa/qZxNPTPWa2ls/fd86Vf/b27ZyVm6oUaM8Rd9951bPu6Sq9HmCTdQG+pJNnpZnFIX4lfUKs3H/ho8+vfejVD5XrGinF6Oajlk5qPSpZBH6fxg05ogbk9cB7QdPO2Cw1BqkdCOOJbWFisP/Dw6sb25msXpXGVjgwGJQtHT3z24c8mteP1+tTUzFy96cixJCUMF5UcvnBox0c32dq+4wVXO2TLy8ue58FgCUgrLTknihrFEXBeYKntdpu9w4XkzwSPyHYZdgkI+OrqKuBm+F1BUt/34fnXXnvt/vvv34caJycYbw0+0l1aclvaEwC+8EVQA2QATfSZSCsraSyhWNd1YW8B7MIedrtdqjRymIWNwO/Z2dl6vU4W0uQJoJLdye/N4KDYE9SMFLkQad4LH0SZs6ktIMvESBUmUxOlOpDKi4AYNNNiz/n5+ZmZGcDQAIvhT/J9JrsVUgjCM3AIfEKqPOmzUcF3Y6IQjKaXLl68+OlPfZp2ANpAPQFhb7Mc0MCD8uZLJYKujGhYeVvBtVq5cMA9Szk/SfIPNwjFUSr/9Nf5ioOr8aC802UffS5pntp9Fa/SnN0mTcK+HqFIrKdJ9E1XL9f5xAXOrxVvTXVqtSY6t+pBP+bqjFMZRnmSZmEAAFqFYYyh4R52RpZh+jZHDa92bza01IIwJa+WADK8FTPUZURJPAiANMCbBdxpVp6H49GF869eu3r12JEjzakWR8OLBO9RzZx2k9LspmTj5QC7wpSKUutVILXAnWxi/qJUIYZUu/Wz/xF500qiz1r5xsjRFjBvCqw5T3UWxTyvfAdz7b+Rx7HU/te6YQGwhDQZxeIwE0kT5DqMTKV1sjYN67M40gjRFJYU6E2Qa19fXpxzTEqHecggqJuOkKEko4AnqS+sVMgEkA1gE1wmqtyGl2q/DWGIkt0WuI1V21IlD9b7nSttcl1dJ0xNBm73XHslCyaAzt6cBerERXfbV3cfV+ekHMaUe1WdqvL9apciV/Lod69UCvI7PenyGv7Je0585JF73LoLI6n2vN0fn0rSYLC9Q67GrFwFgTxX6osG3QmQuULfhYBVAFWWOpGlCWcWWS/gaGXUas7cdOvc6RONugdxnX443OoPN7qj7W6WZtJwHcw5l8FcygIiCZclhFOkAmiJCS4h2hTkmMMOhuYmKh5yB7aPkY94utM5fvbUke97qNFsxEGYvfjyjZcv9JdXahz9ChwcuRraiBhX9QJXtS3UTOlVsaRiqAIiuzNBocoJGKs8hvRLu/VPq2alzkfKNIJXWvLNS1NpJA0SdxkFyFqDTTcbxeD07SwpXgcEGRfj4sc1lIY7KNOtnVSlPgpTKBqcxHJooUNMGf09tIOHIUrXDrTJ5szCH4TvcLyOELaJSmNbcBc4poX23jY8ieFuwxGmb+EqZu3LwbSZF+wXNrdZAtOuUQwwgTf641EtiX3GUo52xwD34VtWlbocpBc2tqJ+5LpJVjNSO03xFZaG8VBaTDpwsjz4x2I1A5tnx7YsdLw2LMOB5hb33MS9h8YDggq25uOmzjnpm4aOFErDc4w8NXbWnfEAkxOmSTsDGJ+JQTe8sRJYvL40i99JjvMu+tcDO3KPH4O2Ww4HZhzbOeyKluYYVi6sxHJzODuRxCPBE8iCOO71Busb63aYNSwvi5PROFSb3dQwBlm+kyQwCemtxCvReuqZgSlGSm4Oe5FKbV/cpQ5PzzTg/I/jbNAPtze3j8zOzLbRTnUcsp40zVb98JnFc3cvzbRtU9k8q5mZik8d2rreff7RpwbXt9Qo6Bj2jDIDZcjESKWVQuQTpvMQUg1iA74caj4duWli5Rkm+KIeU+rsugfloNy58vDDD8NM/Hav9vv9J598svrzg2nBgXzAxGUd8KOTWShKpAPtA7az0C5rCw7odDKWbnYv/dv/oJ59cR6tjzI+YfRAUKR89BaKlsTix3Iy0OFllLt4Gb+baS9lS0GjjIuL0LRMcGiMMrT+iV77D78tvv512CEYc5pRKkdhPUyT1bXw2aczAz+hU6AktmUmpgMHjOM5bXQVW0D9xu5oyHrG9j/8pxkEe2Fn0tTe6rnCHPzzX8pM29TSxCQJYibDr38zhepIEiDdO8JIxqMmBsTCnd/4DWV66XjoZSlKx1WRXlCrkHE9XgRfdOQw626bva4e5JdqZhr06r9yPYDO9aHlXFR5FXiR4Rt6xVyUKgEpdhOVc+3oJR2bzc+yhblSmFsOJ99PRb3Vq4MGI1K2Gq3OoRO/d+H5rzy3OfWQcciGLjCe4t1PnWqnnVY0cy6unRokWTgcy6lM5wvHgcSJEyfPrhvDK1uxqGe2SCQPY38UdTnmcCcOJ2p1/5M/8KGnnnm12L+JIp/bAAAQAElEQVQ3O4DkxZnB6jcUSc6h/+PJ0gyGPCrVMgpgADPGIUwhNFMvrGMsy603mrLZnp5bnJmbtQzoYBVp60ydbKbICoILVrksuB57NwvsAXlEACGdnp4GVFqr1QCVAnHG3JvjccVi3ulCPhtkuHn27FkgzoDFgeQCJyX4C6+ur68DEQZaBPt27ty5MAiBTTu6wDP0tn2w6U1iaL5nlIsFqgL2AXYA9sfVhaqCHsMXkdqX+DJxLngV9vb06dPQZ1y7BrPpq5SrELA+/J6bm2s2m0SQK2dt+l2pmPftAxVCw6xcPw6bgu4Kvr2Sdk5ualLWRx+vjAjoDYCVYX/ocDqdDuwqVBFcA0mp7aJjh2fgT1Ya4xJZnvTN2KeAroThsGXYh5WVFdig4zp6yfPrNVH7EMmdLfxNO0cflD9ghU565avOStk+/SaxP72BHpA/O13S5LFOCeuqm6uC0fvpyUSwhx1cYwfljhaEy6xEcYX8GYfvNIzBy1sLfSkIWRjvThSldj/FWGkrwZW6FbujASvNDFrtad9vQuxG25ei9aVM0hwNoGMZRBLi01EI2DgdjYDvCMd0pA+/gXBo/e9Eg692F03qCTx+c5qlUZpIRrnnkMvAeHv5xsqVK9dOn1lvdKYAS3McSjFUY+cUvZSkzeCFg7VeMZjTVmUJMAuXhuqWZRNrzVTp/DABLtUkoC7/IEQtSRuJkSrtW4vGJBka9AA4xgcoiyzwLtRMFkUZpqmUQqcPhGYGRghxEg1GwziNtRX1rp8D9cqwBQbDWAwvpzAfMQ0zRzcDpNes7Law04W3hlk6HMX9IU9zUxb6T6gdXJIfRBx1i7hQXFBfW/ARUsTniuQepcyUMValjqmkvxNXwr6LYpcJ0yfLVu6NemoC3Xue4hOv8b1v5ZXW6KYFtmpSFMuK7y4njnu02jeNHm7ax+Ib9u8nv9XeF1us4h4kM2YTh8WLPbgzrX2dqY7jzLeazNEH6hjtplMHSKlSS3ta4ORc6Wk78lGtC1YYLYLBV2umgbqpJI0StNcw0BxX0LQdBsRHjiw9cN9d99611G7YcNmN42irHy5vDZ974drK+jCKgcTCe02VafmLZancLo2aFS5A0AtVKVEe3AIWzk7zRLGpuSO1s/daJ04w32NR4uUi2h5fu7ruSmCaOWYvRGbNdKIkZhnKzjPtQaFzkup7WJARvX6mWhwsVCkOopnQRO0WGUeVLGe+XKdfRVfqnMI2tLJaY2Wp2wb9o/dbUquZUUgJ42+YRBUhNX0QHuc4YaSJOq1bRpoPw1s9rsVdMjAZowEY18EfyxamDTVs4g+QWNsQriFg+uECfdZuzvAM4GZ4j6PT8ZlMW1KT9X4RoZPlsggGezYKA+G7QIuhcenG497GWGX5hiEXABDPNE3fwUodRReub79w5cb69lCGuZ9Ggie4soRzrY5xGm7LQGFv3edo5O0YDAYxsFfAwS3E3xa0M3giDPRiRdcUJhx0zRYEoAGao48IataBRWRGEoksEdpp1MOprwlUOx+Phuub0Aait7WNJqim66D63mSG5xteU7h1tN+GeJ1UCedwZUXQ4EOdD/rDtXVXKV91/CnP8F1jqiGmGqO0OxwNgITD/Cbl40xYI8UGkkWRSONxGrCxYYwNHgo5iEepSEyXe+12wm3TEkGYdLeHqzc2DDwas+k625vB1uYOVK5fd+pTnunD2QH4BVc285pwDqT7sj1elXk6dhG+G7YU0KCnlistm8cp7DZLAhaOjATa27GSMS6Lo14F2uwklQce0AflzhWgz5/61Kfe8G0Vg/5gWnDoFhvatQT4Jid3YqlzeWAaDANd+CkGjm+TYdC9trwAKCrJyTGtEmbqlWlvlS/uqlwZm5QlsEmxIol5VbHyTGRMhYYIPEd2mvb8jKj5AI4xujscRKtrcqffhn4zTVgUil7P1PYJVhnD5+WQxdBZuGWaW7iKSeSoGQg0gcdey0U9a5KGI1wph8HSHFO14iAntyUueUFxqN4ItM4MhsvRjl72nkOPgwNpXlB1rtcYBtD4Nep8djq98aIdhpQ8QY9O+S5DRu4MwWYeGEbSrNvzs/ZUhzkOhoSDINrZidbXvEFYy3ESkOsTVA0nudam85pnL86xZp3667eAUt/3BRr3ert18uzdX3700lee7U97tR/7UGdGjMxs7AZBEiUstL2ldCBbQCn19QvVBmfQxE7crG8mjWfWjLXQhjHERiKGmdEUOkJOAQKlXM+F0AMttyq/spp/sHJgWTw1wRBEWcOc4iTwv6uik4fQjUxKYtBSr4djGdxeKteUjoITaNAGI0bX8aZnpi3bxHVcnOQ01bVfaHdUMS95tzUdqkzSBdwZCClwmVdffRX45qFDh4B1AvCFKxCmUuxOF5h2AfoEmgyMm8TCo7KQYhF+d7td2Lfjx4+TGhdoKZDxVV0GgwG8E3YefsOrQEvhVcC7U1NT8B6gwADQ9+X6e/1KmCRKxKeIPgOEItwMv2H7UDOVrTPxbqUlw7A/m5ubOzs7w+Hw6NGjJ0+ehN8A9F9++WWgvUr7nKytrXFtAJ3poiaSB+6DsJPMS5WepPRO+CDQYXgSDlBN+G/c7reakEhT/kM4NNhJ2A3YPTgcqD3Yf8D38Bsqk/Ac7C1xf6V100SZK+hc6Z0nfZ8rNk0AGo56HIwBQDO9RvR2Nb/v2NVtGPQtkR87gH0H5TaFGlI9chHVBUMXKiuhM1zwbAIcw41ALQatM6AIE5+wBlY3oT2278qUlM7h4Jo8KHeswNXIJyxlqC+gq446Soj+VdfoPgEpm7h0tYcslsJY+Sa5K2MFfNEpKsxWc7pWa8GA1/drgJfzOFJJjK6oIT5gcSyjQCQxhIUH46EM4OJPalMtG/CEoJRiBZtTrBpyFUSJl8veyUAODsM2zDjLtrqDK1evXV++fvrcWbj1oGfAhFQAB1IUfCBSQrwkC/5E29Yia0Vi3sJ3WBX65UIpW66uJ0NcQvC36mUqkTnZyBqY+U9D4kz7imgjXeRYmj7junZ0z4AzkeNi0iRBOp+nMN2wbCvVNWg7drfX7e504TPVSjdBNs9ktJ3nOnSgEz4mMWB2rA9pcdIJaeKJKsVMwfAiQeeN2EHkBegEkJME5uU5ThAGMZwFaNlqnulYmaLVdUV2ilwbnvASfhd7oesNMRgr3qbY/suGsVL1THVTrRnUitGbr6+bKpPt8fzYU7gqGSL9qbPGyDJZzp7PlOa+qrDn3X29ZOmTe7v/i25xntUtcPNNzFvteYXGaYYobJp0QKVg0bzS6L7tMgXT7SAwR6FgwMR4lmY8CEU0dlTq6Jx+6IyJqmTK3FQkAHIsp9WpHz25FGdpt9u/cWMdblB98RuUldCx7WPHj3384w8fX7SbLuZAh9cGMVvZSYDujYLLg/E29olAMXWqPI7qLwRtSi+Q1uudC1tCcnHR7DZNDcNcWPSPHgubfmiaKTOMpWNp58qWcHiSQIzEQa8P9Mw1NYA2M0zoJBQ1PnhhGGQVrWG0oaf8VKeCrjRRMF9erFMtIjeU3ZQqv1AlIziWsmAMGPvS/hhCZzjU7Yx2tCmMYmD+lWlPUVy+QN9hcH1mcZkFQFhOjiY6LSHM6IVCw2toDfEH13U4BmZlhNvNMyxHWK5griVcG8Auw5dMU2uc0T5bp+DD70Xaq9teveqE6V3F/K1jzOMqCYzDaQ3yrBeN202vNd2Guhqurl9e29hZ7zZH0fw4nz5xtD3dholItNG78Orq5UvLfJRZysxTzCTooKeG5UCcUOId7XuOx3KfM236gbQCridDSUcDcW2hja4hJgqD0Y3a1lbUlq4I3T7qhdoQbFAojoY5B61Dt12LtX0+U0sNFnX70Q4gYsP2vGa74812LNRaszyEcRW0aCJTVoZ24yjOh9+hVGNUaWUqZe00mzf5Yse2pmoNsRiOg24Yr6xdd1iNwaeA1xhyrPhIsiDEriaL1QBwEFeRAVESuNayLGSjzbEvXJjURzB93BqM1ro95vixYLXG1vJad2NbZVGeZnGWc4nE3RR4KVqA6u084rCbsUxCG9sVvLyz2FJWwiwfQXOeiTxORz2eDrMceztBaQygRrI0CQPSSh6Ug/KelA+mAlq3qtAlJaholpxIWtnfFyMyTkQkNxre4pnT40uXxjpBgIXe91W3/5YnV6L0X9ACBopO6n5IVbRPUD9HaSuktkjIbCOfbRvnTtfvvmv+nnv9pUXWaEC7ndy4vv78i8HjT4cvn3elhHCtxTjZ3xVdFDm/6YPU/glSo2TKFw4tMtlEkfSbazcpgQNEVTAvVuTJ1W7MZapdRMFo8kwm9AYvQvV4ADp4q3A5iyGmjx22a95ga4ONR44e6/ByEKejtQJa/dwysrpvHD3snrtr7v572xBArtWRQfe73cuX1p54Wj31QrK2bSSYZVfs2pNhlwhHZHXajWNHmGszIdT3dDrerwUXEgLPu/ee45/5zNbvf+Wbn380rtfZp075HSNxWNzKe+nou1nPdGv3Qc3gwiYU0+OKLqHsTPnPLWdPvrJeMzEw3Z6ZMy3f512dulahP6EerknyOtjlz/r33olbWau8FNrQpYlXqaKMvoy5PD69hF07bFpz4wxeNFDLksBJdhx06GVaUIArMYWJCiK0AsMFpzqRCG0mY+WAWBYkG0d97y5/ZuR3AQ9IO1zhmEruqm6PBb+3AlsLw/DatWvf+c53Hn/88ZWVFeC2iS6RLnAbLixgupgPf/jDp06deuaZZ5566ilA4Xfdddd9990HVQWfhScBdN59992AfatDIHkycFV4Hj575swZeExQiU9k/GMTJhuTO0YZ/JgWEQP7BoQKTArILNQMEOfZ2Vmg28CdK4do2g7sJ3zLiRMnYP/JLeTixYuwV/fff/9HP/pR2MJ3v/td2BTsIRw1MWhgx5X5LHEENoGbJ/dzn5y5EjIDQaaYwSQFm8Rk6qZSEQdSbQP9h4/D4cBvysMGBB/iAaSqJjU6+XLQhUHQedLueTfxIIxczV0FNOVIhIAB7CTUGL9N0j81AZRvvkJu+Sn+upnlXqdQDYh339/moLx3RZLaU+1BJHqlUxGzIRF0FTuBC5hSsJLRfPV+eqBuX9hBOSjvWNntgkn0qfYRurexZZK0sor0cM1khI3epJbn1QzTRpmvdk/N4WZJsjxO0ihOxuMoGCXBGGbjeRywFAiDSsbccW0D6IttckpQUiUxKfggxwXmSFszIKdTjfrq1k6co2Oy0svZDD0wGAbjXOYmABxR2J4hNMuLxGFkxlH0cLnuBlC4uJstUE8hSiV4IYYufZXpKbk/0/MuftX/Ez5HTqQpHMr4NI/D86CXaGE2ZGDQSqtEtWk8aqJlRlwdRiK4vB3GfZxHYRQEIyarNGgai1MaNvJT3s3Bpl0RRQ6jRhjqw2yDEg/KMAnDKO4PRZJ7pmUQPYYxL1J8LdS0nDhNxts9Bzh+q6HzFZok5pmA2epQdwAAEABJREFUtajkxowR1RGXeH6yBnYrpLzS3qBxu2m8MVmnk9VbBgtKIfrbK5zdGZFGIaN9c+/cnQ+wfcLcOzMHOxrFxmvXbnzricPnzjLb2d7Y2HrhYrR8oy1jgUa+EJIwQjR2BPzpwtUG0xLTVh96+N4HP3zviVMzacqvXd/++teeuHp1ddAfc9PVeTdwZOZ4ZqNhewa3dPAD+EXTZFlDzLYaTd+X+YawLLzqdGi2mI8InBxrs/Viba4qA0mU8g8us81hcHl1w1toAfcMZLa8sbM2ylKnaVoM/XIhHkXslfL+FeyYiRLec0XImVYB86JSNQMomqSyWlXVUhWnQej1x2RuLfQygCLWzMj6B34XuXtQ7YNWjXDxJ7EBEFZkBk9NnlmmNLWMHKGkYVoCBwFoiIGCZ4C58ANPMtdgUG+uEDClc5A7c880PK1lRiSN6BxVbFoozTW3xn90w5QSWYZ2I2EszWWU5fA7hgcQrpIqzPJxkgSakMaZDNJYWcb8sUNT990zd89ZgMHjS9fWX7q0fOHGaJgNr3VvjJVf2wT2zTa347XB6daS7abosyxs2/dRG5LFNSZtVMhlvsGRKQOXQMqvTzpMQWlvtWsRZmmEGavABRYM3fslBrV0+wqxNSTxlmFbDjS6MBnD1IS2a2BG2mljcYot1AGHRNv9wdXVeBgk3STrqenQEg20eu6ubI5W1qNeLlP0JOpD+GS6VZuemp3p8OFosNNb3e4NxzWedZqWtFyWCtu66/hwo3vp0hqQdFykz22JCR5ZDMjcNgEGpzngaMAy0s3hrOV4ylLDWx+LxDJqiTUcNIajw6nhrw2T7bjLTDkY2uNxzrKNK13uNxpLbbsJoJzVTRZuh2uXts/f2IyDwOFsmITQjsfQaGNPl0q9+palMYfnxwMZD1g85jLlMMHHGEGKj/PEFAcA+qDcsfLkk08+8MADMFO+3RuARXzgLTj0VEwWK4lKBkcLWFIIaCJ0KDTIMA+zm417/tRPPrm+Mtjpw9jOgt5Ikjr0VsuV3qhQ8j0yK7ClciOZbe5YSWriCraM+iV4zdSdBjRtmeBZ3TOPLR36xMdq3/dQ5nlxmI7Wd/LVDQbcsVE//MM/wj/80Rv/5jeG3/qOMRxBPFNzZES1Bo5Wue4qEXdLJqrst6p0I6YgKi/SPeuVXQV23LUrrtZVccqxQSbNhUEVp1g9mjKVtlBAiiQ3Wwvz0HwOtjd5MHIlNPeGHpSh1APQcwrcx7HF/EzroQdnP/79cmkRuM+425cQrHMs3my27r9/6kMPRae+9dq/+x1+7ZofavcqbdCgo8LYv3kz0/X5WT1hMO7QyOf9UzAIvTg3/ROf+6xMgse++ti//t0VK29+6txUh+34EAqNV4ZdX4gZR8Vad0ArJDFaX6tPOe3Dg8QBbN903cOLR4AOx1dvVDS3GAHroqrU6q9fiku+0HuQ8kGRf1mWTNdxGAyDFJXmlL8KE0EnscJLWhaiH7mboKXI2UJbk+V8qAjB7DqxvPvl3dfrAdy8cOHCr//6r3/729++fPlyNXUhDIRTO230THhoPB6TFwcgXYDLQIHJGgLeM9aFadtWwKkkWwZ4FMfxF7/4xXvvvfdP/Ik/8cM//MPAsk3DnEw0w4s7/ragEza4sbEBZBngLPAp6Bvm5+eBxsKeb29v0x5WMBcYLuwY7BW859zZc0DJn3322RdffPGb3/wmMGgA03AUL7/8MrBd+Ajc8nAg5BlNx1ixVHUbE8/JUk32SK0M+6aVYrsOG/s+PjktnHwDWXlA7bVarUa9AQEAeGZmZgaCAZSokKoXDoppw1wShO6zey4kz7pPMfQ6xSoPYbUF9kZF7cXlr/82xnZdrd8a/juAhH/QCy9zY1KRewu9h65Yiv0wHa8i6+fK3v2WayboMpN7c3seyJwPyrtZaLwwYZxahlSLBX9vo4ErfSHKtVgAthygz65bM4QtM4mZSjKZxrGK4iyGnyiJAgDQ0XiUhKM8jmDgA91LOs4z37GAQZsohWOV40OZpg4XFCKARmDrWfZ0rd50HOQvuSx3hAVhOB6NSeJNo1zEZlpEwErlQDmgJ0NX9FOmbIHUg+rfFa9XBU0t+z0i0DcDaFWqpIsiKT+LxtsoVITvQeEO4WbMu6jX8msATYv6c1JkKpwJ5I4JzMaA90VhiHkU9DykIOeKXFDITpRiZNpsGkPNWaEExV4UFaOGYnEQJoORDCKTQb1a2lMbe2SmZQw4gAFumGb9YAxTH0yr7eE6UW4KVs5u9BHqnYUxamlJxWg8qnavgX2X22TMY19dsUJXrr1yS1ZdPFmybcbYpFRZqVIMX23zpjiK2jXv3vM8KxHk3jdwdlPXf7OQ+Q2euQ19vvXtVIRpWBmrucPtfweA4TDuXly2lcMtZ2d7m23222kONyKmvlR5wvNAqUQz4jBNgVdONTv3nJ5/+EMnO9M1qUTL9zeurQbd/ninB7BUamFWEsWjIcwyh1MwlLXQ39egMEiuMSkGbzCmorEyOdkU0yPScolSeqxrgLT7erEnV73h6MryqtWue816lGTXrm9sj2Pp+IgR9I2BCxMoeU6pwCrSApWregsSTQNyPaPTb9FWnGWGHmrciFwXXW/RR+s5udBrTBWdlUJLjbcPmjNjVkUucyFzS0I8SDpc1CzHl8wDlMmglqXFlS2UbViWgaJm+gEejVkWDWEJ7nI0N8a3cW5rl2d8gyAbELrfaV0Fh4YhS1mCk1GV5GmUxrjcPEejdsLNoziNJYtyhQxa4e8xNH1ots0B9wOAdpu12blF6/Ah9/CCafF5bh3JrOVNaHNNE5j5mOUQ+ctztx+2M8P2pxw7xSyRsGOWiSrePHNV7mq3E0doOXNxh5B6Sq820e0YGriguzXK6jKmMF0jTlhzLQPE8Be6dDioIgG4jdEsINGuq+q+MT/rLE2xaRdPl+T55mi0E8XjOA1CFXctF45P7Kyvjjc38+4oycLYkknLPXxoaerkoeZ0ywgDtdNPVrrMdUdC9SQDBJxbfGBbPccZuI6d2FaGUzWmtCQQ0Qd0Llwb0uBZYDoxpsVg72x7EKrUiK0gDYcsGrlRDG1mJjAtUzoe5tBPmWx1Y7DtbVnjxGgJy2O+yIPrW1uvLF9d2QSq5yU5T1PojzBJo+kwy+amg5drlogklPEYbh4hE0zIKaSJaMnQLivQwx0A6INyJ8sXvvCFn/mZn7nlQnOYnsCrk898IAG0HiEUsECvCCmEdTh8g+4tg/6CaQN9A00lajXrBz/5sdnZ3uXLBvC0LDe1CRtlrcXy5jtfRe9G2w+IQ7pJxre6r/765+XyGkSTDPzSIpe0dsHlGI/yHe++s53PfVYcOzJ69PHo8WdWryzDODjJIuhPpucXFj79g84f/4mlP/9nr3Z7oyeedVWKGWLRTx86UVOnis01OETJqqQ00hz5IMO+0aBVXXAsWcEEsZOl46Js0STaLveesuqq8rAJ+wqmUydiC05rdwDiq6x9/KgVjFUwAixpA0zPir5JcpEYInJt8+iR6c9+uvGxjw6Wl/N/9svrL7zAIgBBEQp06+7Jhx60P/c57yd+vJHn2//yN1wY8ZOBFQRZdbZzOACn1bCnp7XxP61f/KBA6L0juv0JubFAt27COUuGR9r8P/2jj/jR6tNPLH/+G0PBnR+9q1YXuQG9drghxptuDlcOVAbqjlG/zuTZc2f/3OzRJA7gvNShp7SsR7/++7FGYnh+yglOEUuncTLnjN1qgD25m4V5t9QXP8Y0cAlcJl0bBiIGZlFG1QouZsRrgbE4iYvlluV37Dp48NK5jv+BCxy8lQKXMUzJXnnllW984xsAYSH0R9C5opbwGG4JIkSAleF58qGmHInwDFl2ADwCeguxQeCw8Aw00wCLKQ2g7/ukavzKV74CX/Hxj3+csv9RFA1HsKYBz1cerzeXXq8HW2s2m/AYsGyn04FROnlPk4sFwVam10cTwwJuC2+Aj5w5c+YHfuAHAEY/+uijzz///NLSUrvdnpubQ23XcKi0eJk2i2mddHbBqmZuJ+ydlG8T5KVqhMMERryPXN8OQE/SdjLGhXqDGrMdm9xvp6enYa/gKCpCDVXENIC2dJlUQPOJ3I9UKguO6lgIQFfMjt2hUgHB14f1B+WgsImrhf6sAhg6j1jGJpaAVDcF/Dnper8v4HFwyR2Ud7OokqhqbeA7O3SA70nzDJr9eqNtWo4pHGWiEVyO3nUBixKVxJgdJQrj8SgMBtDtAWDBqQXcIFkGcVGR5YYeZ+nV8bzQPhZ5vXBMTo7VAMNm/Ppisxml6XgUKBOmAjgcD6JwNB7lZYIEdKLQEEyrjCeN0Rh5KCNCQxuMXPtwoGJD09aCNPNKycuqzkJJqfYN8/T7iyrW+oBCmqJ2LTi0zEF7yWpRNH6pVhVrEk2SAgoP6NGd4zqGieOW8WgUB5GL5oGEoPXX55WLN3ViuE1MachilJainEaauQSADdQx7Q/T4diBTljo8yO0/BmTrCGpht1AxaVhAFyLxwGQr/r0FHJqqxBXV7JwbVNSam14SZB3QwS7V5as5BY3ScWptngJ64kt872D6YIUE04sPlFon8sNlAtf92yViWp3Js6Pqra5V0TCquOY2MItinrjZ/it5gC7CdJVMW3QcuJCJFWUOxrW9t1GyqzR9iiMLsEIFe64RqY8v46K1iRI0iiSaYj4UkUy7CcBF86RxsLpucbxmTpATKSyTevModmVC94qmgY4euIuo1GwdmP9wqUVr34kM3wbAzocZpZbw2ynC7faCAA0bJsWa5ZEXvDyIqksL8qTxYvlwcwYDcNkeW2sDKfRgPt6+8Z6PA6Z5TIty9KzVUlzoJwuMDQ7EKWK/Cb6r68q7Yica78VylgoLKLVqpxR6XRW6MyiLaL1agFBLpecJMh6cSkOUeE2llB5wGukxTJHqYZpTNtOx7abpuFDpAZBrcQsfHCvwhAX5pkAXTE5X5EVUFs2az4LYBOaLUw+RxEjxLjQKKDnDrpKs0SyEKYtMAtIADynYZqgH3eeR9rpPkplmOYjeMQ4nKlM8RSVdzB9NZQBqNtxfTs1Pd9vN2YWnWaD2cjgpzudu47x5ZdXwrGsuU3brgu0JAobNkQkuAn3fBID9hYcnTRoRYSRJzBex9UrHGenGPDTP1ChGaY8TWGvIViIenD0GNIMXWa+Zbl43Jg3FVPcAI93HdOxUNptWsx0UsvMbDNxLNmusbrLtME47EWjM3Pj2vZoHEMcvzvYyfKdOM+DQTcZ9vLhIJAhazn1I0v1u07O3XfCtFmNs3aSTW2Hq1v9YZKuBbnPsQFf3e7vQB25LnqBREom0KEgDUc7/BT9nEyTJi96Og03CbMxGBAg0R9rkVKeYTVD8ENaHgCeMMlGSQzXYjAIghtbUa8vXbiSciOLshtr0dVr0ea6NRi4cSQgkIPu/oDZgWnDfNCGywBX1aPqObas3PEM1zABOfud3OkAABAASURBVOsqEb5rND3XMg/EBwflTpbt7e1nnnnmkUceufkleB5enXzmAwmgi8GBBgWqMNsiTqanV9pRF/saTIgLIS/0nOIfvn/q3ns1qc1LiDYRtXxLRZKpf8bCiF24HP/737YYIFpJIVHauxTHjyysef4D9y79sR8dW+LG//aP+i++4ifSzuDNHLWmKsuvLZ//17852+8t/aW/dPxzP/LK+kZybVnEkSmVMbF/lNOgjHjzwlQBu7HC0wrT3rIqylvUhWAVaK4U0NW/qoKJemwnqQqlzvWAY3SoqPmldLsrx4FO6liKHJjIOE9hLL80P/sjP+Tff9/6v/t357/61dpg1FC8Jqw6jAxTGD0Gr33tm/mlK/f8t51Dn/6sfPL5vNuVcQZ9kU7eiJljmecZ8wtspqOX/WgBJnsfF1VF0Nn+Eb8eqUteeINLGpwYAjr07vWLw53rix3/T//AsXsWja8+cfmX/v3GA3+lc6rjcRmYKuVJ385z7caHMwADu6m80/IaEN3OMtfOIUy5vD3Io20LLe7wMshL+bEgoKwHyDg84awIZO+e8CLkwIg773ldESRf3Rp1WkajBnFQWptThOthyAIdISr4da4NTIWBCT5NqVeR0kZLNj1BClVVH4wVWWreg7KPqkwuPGfvQCGKurOzA5yXXJWhUOIvUj+RYQVMzshAGTAusFEydoAPwoPDhw8zbds6NTUldeowmO7RfI6IEqBq+Oxjjz0GRBXeT+n1CB8DJl5cXIQtHDp0iDIKEk2mgyUPiqNHj8IGm7oAigXETIv0bV2IXKcJbDQlkgXvIQn2008/feLEidOnT8OxAGS/du0aUHL4IGBxOCLYDmwcoDlsAcA08Wsy4qh00LcktpNPVviVrDNItjlJn28+azezWthtMjwhvgx7DjtMlUw8jmqsct6YlDzvU4BOXi10+ugUwMaZnt4zsedwXh/kvc7zaq9c+k1enG/+nQflD16ZvGyqVQusvCNMuLQts1p4QfcjWUVXyVdpC/suYDZxS04GY/4wBxcPyjtWdq80WjfFqnaSwDS7I6XInmw7Xq3R0OnBGOZHIWewFLMzafocwOw+jcMsBsASqxzTQZMagufoQMHLJWZsl9EV8FBRAFgvDK+b4tB0J9P3FiDnIMNphoCuJwVKQvdslZQZVxBOLlsr5y1S02edVYyAKXLh8paviDL9lrKygt4nni19ejQkR5jOCuNY3D5ahtAXUTIzRongNEUutM9FMj9NmBGyCRglQJBbBlphWphf6QEG2XCQHFmScwj5wur5AmxaYJ5DmeK4Fdn3KJJRYuQ6Vw/RXsrcBhuTOY2hmTYBt4FHQXcdRgqmDH7OZBl4K+XWUpshFNMbtR9Ak564uor0J+Xt+s3d6i3/ZGriYtz/Xvq3ulwLSRIR6VuIMSZT05eXzr6N6mduzie4v9zmg4xV+pc9SHvPPux7SBnzyDN4osW/k1qSqxJgq+tbDc/yAXE5jhb2KwBkCRcZxIE0+AR8qQB39m074cwebDd3+o1RZDRcgGhhGIU3rvCd1UYyBOSYcCNBsauxtb72xNMv9hlvzU/brus7bjQI1q6vX7i+3h+MRa7dwBVejaxYJ1zVV8X/JwZ7hnbEhSF3hpma8hDI3wguYRTnc5EirkWPTcS1JN7ilWRe7db8rhKIvoeR4aUQhCFwLm8orSBjOlEgRl60Sw9wd+iXBZrcoMdNrudflMawtJswEMLCJExCw2UxdOm0Wd50WNs2Zz1ryrbqluGh4i1D4RDOPlOuFx8INH7Qt7huETKEEsjSYUybZLgQAmBuGEM0IImzPEox62MAyDUDAipjTJ+Hmei1mg/ZgtTkV7dksIOWcBratAP9QRBtA3m20PzDtmwfTjZnrl+zdyJrK/GnWc1l3a2+cXXt0CjKIuXKEY9T1F8r5aahmSe4wwBp0GrayAzm1J1aswaxwGgUbnQHAIxFbsLkONIHhrA717G5nDlSoJGIDd/OHVc0XBeTE8JAKFe2iUlkUZ9o6IyEBo9YFsZA0q0UgL7Jpc+lgwcFEw4IcfTy/ML61tbqwPNTITwODN8wAfvG3Iq4KWsNq9Oy5uaGdW/HYp6Ji9MhejA160UG62/0v/PUyzDhA869dvHaaGUt3+k7wvEkg9gLJhPUhiFwEjDChzIdqYm6kaYG0KAoibF5NJ1Y8SgNQ4jypTHEVZg5gt0Yjodj2O3UcmY7dq3Omj7UFVMJS+ESAsRshkmosqGhYtfI0bbbsCEaUbPzlpN5cG2g/tswmemayneENmkRFqp0DG3WRl3SQTkod7J885vfPH78+Pz8/OST6+vr8Py+d35AAbQqRrF6VFdkUuCoP84LNg3PpUxYpF7QnxFw5+G/9ts+ZASRUgcUpbpwno97XDcGlCOOUZ/DWSiUe/bk/B/7o8MkXvuH/zTf3p6yhHSt1PGGMnfT1EpiO07qcbjyu1+dOXrE+qEfjr95jK1v+CkzcUCmdJYBpjswdJRTVfCdOrViBCv4nrg3n+wX9xZeDpuLMX9JMmnLQo8CMeWH4rbtNdj8kbUnn0zC3MMjhTAjhDqhTxMx1HO91v7YI/7JU5v/4l9de+yxaalM2+a2OYDeBwKP/aGXpb5prt3YXP2VXz/yX/2XR++758r5V7Lt2MUoJbodR1BdraZzaIm1p7TXFWOM3X4N3Xteioi3LBLPFNgeheo6Nx9aVAnMfYHnycDxDIQ9Vrc3nn3iiSPO8My5hXo6aB6f2wlO/stXX3n0/M7SJw8BMLMcm2exkJJyoCstOoaTHvZWV85/Zzq7tDhtBkyEQd0cb6kkz+MAR1b6tBWW3oj5MhzMcZ3XXCvMJbkLartnfcUrVaTJgfEeLrHUBoUMRxPC7o7ZTiQ/dE9bBDuC5aahV09KHGUk4Vjw1Db1olWOsencMKVhKdPkOr8lna8sS3XUh8T1GN0xrEKYj/XzXpxLOIRKwVq5G988A1HqDoiweOmzTOSU1IgAZ+ExYFzSBRPzzXUhaEtUenIL8BvYLhHPKkUeyZMBHgHa9j1/OBy+9NJLlfkvwWU6LuCtQJnvueeeBx98cG5ujnw/mPbfADYN30VwnIwy6P0k09aLSCihCH4vUSrCwfB18ODKlSuDweDcuXMQ0vzOd76zsrJCMBfYLtkrw5/wBvgTvgL+ZHtnbhVlvt1jpe2M4U/YDlQUAPRitnmTevqWFFvpbDNKe+DCt5NsHMg+fBzqgWA0vA0OBx7A0RXO+KXF8817OyncpvqZVJiyWyUhhJdg49U1tg8u85scuidfrb7oDS/F6g2YPFbLxvnB2PEPR5m8UCnsxMrmi65kpi9pcoxhpbF4lU6T6DO1KtRi3Hzl0DU/eVOUiZQOykG5Y6XAbbzgr/sEmyXfKyLnbK8zwb7Om+3rDti+TeGgCkazluO5Xh2fkrnFTUChuLwcwCj0yHEUB+M0HKdJkCdAn1M0ODaIrAiO0sCcBtS3WMijR80Yjgfkoc1kF5otgqPdMOiHgalk3RAu15pGxgpnakE6AqHzuZTMUOpVjqV5RQGgVfFA0fCtwKKFrQBRZsyllhcAuhLlanMOVDvvBjf1hrXhBh48Ye5i0b3SamuNi8t8hjjnEFpIgfJkABUuAGFKf02r8DShpwQGpesz1pvOS0baba0X1xhaO0EDwIPhazQasyQzymlSIVDQG6MjIpdBTJBnGjxG8aCCH+i+M4cIuaqM8Fm5DpCWnJbnv5hGFBXCeSn+VrcLA7OKPlOPvFtnE4pn+riaUFiU8yeuyguhGNMwVq5MLAQa+ym22nONV+z65rIfOKtb7Dzbc9yKBCk3DbjLLVUzSK6T5hmFfQSv5jSFnpffARR9NZQ+y+pB0uJ2E84e3IhpBuQZvtQSOhqqua/Sl9mMa421mUO4urF56frU0UNRLns3tsO1DS8OFhzArjmMWQHPZTC7jJNwu7+2MuinLvekY6bpaNxbG8Sj2IojJw41VtP9V3EKd2tOFSKhCUmWMPA6gfkNzF9Dyx3DJRrjkDJKRTQ24sDMJJpiKJ15r5RRk8qIgHa1RcF3tV8aX+s8OzpSQgDaQNcLYSpOD3TgSmEOQEMgoxTFClNLw0o9d9MPYFiupAkb4WgADXQVuG3TMtq20bF4w1Qe0FmcFKIhEKqCcVYA0zyVomkG4GO0CUpxeQVLdCXD7yiDCBlgaBVkMkzhGcDNOWDoUKpIqRDz+eioGd7OHBUdplUsv0UULizD8m3XgmEFOngAqRW2afiOZQutvMYqZQije1FybWfAbVkTo/XtdHl9KoELQaDnt8pQ4M1yQ6eilJhLEWZQGCGsz7Vai9OdhWkYUW+v7/QupME2juyZshOg7DCh44WFPkSqgN87lmnX7fZ0o9Wp+80aTLdgzpPt9Dku5sAMp6nCQGOaQOtvJabdTYJuFIbjIT/SXqib/hSwZtZL4osbO9eHYS/KGsUEF9MdRYYdWW7iN5QPTXltnLP6OOHDaK7heCZHJxMXjhMQOlu7sS1T0+ZmsNbjo8hTuSsjn+WWyPUFgBN2YP5cYuJCnJzhVJyFmRVKO2IuJn21/NSwgiQIYgiKRpgyEp0yRBDA8eTwciPs14KaZUpg64ZMjNHIDMZ2GsGcpuaJpjAbhlU3Xd/0PGE08AoxfRNPDdB5dAeBD1o6k5ieWML/UItppuT7W/h3UD6g5fOf//zP/dzPVUYcMDeHZ25+2wfUgoPi4YibcbBomqpciCVZMTrCcR8rshEzLT+4YzcadjB6WyaPd9ZlOFYyVrqPoQJNZAS/plqNhx4IRH7j87+hNrdcywrbzfZ9d9/18e9n7bZc37j4hd9S5y+4uWwFwfjr33R+4BPO0tzYddQo1iODvALJougv5cTAqyqlI+Tuzu0JxqtbD3FUoYfVAxB9EXA8HsBAQgy46pw+YdW9br8LTb+LyB1Hq9AtJaYIbav9wANTJ0+ufvX3Xnv0sSl05FDi5IkzP/AJcddZlaSjb3zr8je/7QwGNSGWn392/vpV58TxsNMWgx4MJGAoGgg29Py5hx6Y/chH8DxJHRp+vxa++68oH6WUe11QOhdMHYGa9TRnMZqrJJhVXKl+f3j18vVTZ7wWHwvW78bGg2fu/Vr9leurmPvWEjaa2xlFty6KwTh06eZrV14dLL90fK43leM6xr7sOCpGsMd13uXC7k57HexO4BT5kuHYv3AQY/oxLwf6rMj/jJKYIpEmdG/jjG1ss3vvr3HeN8ps3pTgAe4uVD8LWv+JkwNSdsPB0tie3koFRil6xMVYEennjL03gAw4SwX4iBsS1SXyUggG0Ujmzu+bNqBLYXgNX0oYFB5DywtclV4CDApPVp6tVKCNBupKYuTKcEOVefYqPSPTkAg2UrF1ItTVO69duwaw+Nvf/vbDDz/80EMPEW8iN1jYh5mZGcrXB0/C11Wr8qUs57R7Z0pEsra3t+EjsIULFy4Ag/7Qhz5ENtZwRES4iM+SXXVxO9uhAAAQAElEQVS9XqejrjIlsokJ2D44S8kAq41UKO11zCjUTfGDySeJhhNVJ9Y/NTVF9UOnhhTQtH14XH375DZvZtx0gHQK1NtI/afehmx5cgr9drZzUD7QpWrEbr6zqmAbRVloHQC1ANC9prjmOYLPwk0HF3Dlk3MQwDgo73LRkXxCN4VaxCiEtDie16S38JQrVK3F413aVkDC8nf1R6VMnIC10MIDzsRl4XjncN3mw6M4yqMxcKtoNIzHfW2+ETCZVdnJMHWMMEg0DF1srlfhU9yf7y61LBki18m+4A9DLqJjmjlM4u5wsNXdPtlqLjUbLmrNDFrAr9fPYBItzPSXZvgcugam2vSMl2JdlBNoKXTGFNvNPMoqswglywPVKcvJX6KoDB0uzVjxFv0NJFGm49ESBEXWIUXFE+POC6BeAE2NzoQpHNvwaiYwMntgQMOCZF6UU6yCSIvSRVgLLCUabZOSk/wtYEgMU4ckjVH+DIepU5yj7lBUo1JF6+rw1CM51/JmaLbSBAL5AWYmU3l1WpWiJXa8kg2XUmhePFUoXXWqHP1IFPMLnDBW8ydVXGHFyZQFoZVVJfOqeWX60Ip+mJVfyqsNFWv+aFBMah6YDXIcdejruriY6QxSOEPtutipIqfQzffKvj/l3nkcV7vi/HJHcMuypNvVVsrt6/9xqSQ6ApsaJjIEelyflEKir127+dvsGq6PQjvKvVDOtNKWa9V4boQjJwm9LK8hW8V0cRC2wcmEYbqe4UrVi9PVq6uZ8dKJ1B/F8eryjXRn2BGi0a7DqCtBfipiuEocGNHCKDOT8IFAjPMhj2MzkR2uXXPHPbhWDTr3OjkSJxRd1AU6YcgSuDNNjaH6E8zJmQBIbLq4IBHOWTAaOcNRPh7LODYQMuymX8LZMKflxQXjRjkYQgjB1QSPRjmv0J7RCKBhX+BPD6dJqHe2TMzJCfEw27TQD53sn7W4AYiqqZcGFL4cDA2RURyGczBoR6Qpuc+5g0cCE804xJx7cc5gzpnFWYp2GZiMJR+Mw3EcJzAqzuB5ibkB42wMs9OcBeinkQFuzpkhuaW0WydaW8A1ZlrKsYVl2zAvsXDtg2dbHoSgcLcRN5vMtIXpmaZrWK5h2pblwDlBN2Fha52cgGABqqZ5Pkr7l1bkZs/1rGQ0invDWsYcYcJPbpg5GQChd4dKBabDyznsjnH4+MLhc8enjs3BJNm9srI9Drq9Vbge4MzlpiDXE7iIoYGGAU7N99oNrzNVO3LXsZljC6ztsjCKN7c3X7mQdHtw9FBv6PGfhsMo8mY6Xqe5vbVz/sb6cneUttv3N7xTCx7co+v90bMXb2xGKrNqjuPnppvaDszEgzyOXZ85Vu7wULDeZje61owdTxwxO56h7TtYFqTZIBSjPA0BABht07VrNYhzeklgqdTSmbMybQ0bZwmaaGdJlEVRmmmxuTFmTmx4AriIk0rbhZMWplGcxsykxFgK0x+iJsxKduASi9kQUL8FQRlzPLC6G1bUrfliqlXruKJpW3XM4ejZTNQFr5s6UadeWJJKXHCvjVcAHAh9xg2IScSAY+TBIPCg3PkCHOCrX/3qj/7oj9Kf8HgyHXpVPpgAuhqV6QeCF4OYMuMA36Wv7J1xWOeMxKZROIZ5H1B+M8sFLnHBLgl7M9NsnjkzNdXc/ObvJ69dcrgI5uYW//xPz/zZPw3NmSaA/MwnPv7q//m/lpevAIOOd7rQRnlT7TE0doY2aKMR4a2OfSKkWyFRlu95l9jziWqINvFM+aqcXPKIANpkPc869n13mzN+yJPUkND74Io6jmHVxOLG0cXaPWe762vdr31tGtiTZzUe+eipv/ZX2bFj2vZf1H/ks63/8f81/uJXXAjQJQO+dpWdPJd2WskyJhRmrtG3jdr3fXj6p/8T9sA9wOFYxXTeZy1hIQfb49WHvNySkctUDXZcJtBNZNqxRELXrMfmJl4CMmXack9B0w8DIugS7AYXJ1ruR+7iHegBIKApeaKsXLnwcUaZjxHC4cBjq9sdD/p8DhNSYOhbz34yzmIML9Opg9ORKJ2WQgopiryUOEiRvAz9CyPjVo4jJZ1oo1o9yDTI1umDJaaYYJdX+UjZTYyI0mhVr1DiApNUk4NgtdpTabRdTMNUdTGiZECnkyYAnb93iIwmCOT2WyHayuaY6CGyyDwz9Nlib69MCleJd5MqGX6T6pmV6JO8nuExMKBms1mr1Swci4pqH0jpTLi5mjRSIwefqmD0ZNK8Ct0SGCWKDW+Gtv7FF18kFTZw526322q14DHsA3wWvpqwbDVlzbTz4yTPqjITep4HDLoC38eOHdva2hrBaBIG/aWgMtMel/B18Dyh7cqFlk1ALl4Kvas/yayZYFk5k+UVHZs8oa9zrtkEmIMKpx0gBTc5U1PlEP2HVxNdiNlVDtS3+5ZKAU2oGo831/rT96ilOiCGfziLnFhCfvPlSi0JXdLkHU/NCFyocMHj4gxz1+f9lpc6n7BlPygH5R0sE7pNRXank2OJCjBWpSTR5cdUNQCuGDTfJyvd80tghBeAL8ziZSJsQ2VpDlP6OE6jUP9EeYyKAXILJiUomcVaQIwsk6ixrGL2WCSvvo1sofUoQCdtsSxf1CyzzlmDy/larQ64RhKT1DlZtEoAFTO5oYhr59ougKyfyYIjQ1WgJrlZyZz33v0aI9KwrALQxZQIg+s5cc8SLjNFyLnwhi4ky6qszsrBuazYwp4U7Qks24LRgusopMrIgDWfZKWguxoa8+K3KpOZydLpW2p3OHQt5LbnAgOTOqO6FlyICW1HkdRN8irXNaq/JTD6XJo4psbggaFDa1xmOi0cwTlJghtKys4ngxWSTUyVigtEqcIZjJUC5N2IxcSVVej0Jz45IRMuuHXxUnXxsYkmtAS+E9cqbb/YLbZ3Zve9Nb37lwCwam/2bb86jiJEw1F5UiS5k9pLoBQ06LSRJHF/eyONfhgbQDKZERnmTpK6QhpJYiWZk6QOyx2YVJoctZlotwL01VJAJC2WiaYaG8OLW/Dd2djs1GfbMHMJhzyP9b4DLXUUAEGYnsCIOIdhmJMygXQvUwHLQlcl07Y2oqCxM8VU9IVN2W/Q5ZhPNi8aQLMEJ1KJGcbeTipcwHc8DoHQRtJIhYMLRvXiVp0xSZQ51sssgRiS0dczakrptqGBOiZnsQphub40UfJskns6pT0i/xl9r1VabS71PFsv5tbOmJimh7KFYopQvA9VBqgWomVSYEgilSrJ8jSCRg1CPCmmC9SsUUUZSpvRO1tpE00lYH4ImBPdFKFObFxxYMCcg1sGLuBFdoytmQHU2fVdv+54vuUjfbaF41DGQm0GojhMdIFBWwYKkTCok4QSfXagwQQMbbgCw2eSWYYJwauarXzMOoj2KSyQ4xhb9zRlRmZiKqmYc9uvNafnjh+bz3nWHfXz2WboGk2oZ5sZvu21W8pckyxtuB5UHmZTNOHHcS3DcyzHNr2a255puAsem7cxD2DNlsIbr4irVzZXLy+rNB+Eo4Srez7yoaUH750/daw+CNMXLvWee3V5tStf2OjKNgQib1wdrwyErM0yj/cwxgbVHEKMMsG6RPQfh1kYZ6Gt+PI2IPzBje3DndZ8rV5nYuPaxvjq+uFMYJUAP0G4DEGAcSiDcRImSTxEAw0ZwiWaYp7GHL2zcXl+wkUqjNSypG0pPbUQ6IEIUy3oqSIryy2eGBJiNrHNpKes2jCqi34jqTUdu2HyWh7XvKBmcidzPZE7Fvcdj8GUXy+bgfhSYpmhFrwnGYukPZbWGGKvENfLAUpgsAEChfAAQjs/yQ7KQbnz5YUXXoBJN0CDq1evXrx48Zbv+QAroClwD/REd04o9sSG2/xe+/O3tgf6t+Dte+5+sdPqj0c1ppc1aJvgXIiwWfdPnBhGce/pp6w0sacW5j/7mc5P/xTrNBXKH6A3kOLM6eMPPbR6fVWFAQaokiw0rV7dzmomBIpx6catyp4wuNp9z17lHp94Qqm9Dh3FWGTyA6QL0PXWs83WRx8Uf/zH2fzcXZ/8RFcye3tHYEcGw08WZFnj9JnO4vzW7349G4wUdEKn7jn583+F3X0W+h899JTcbB/7oz/6zJe+4qG1Vs7TiE3V7Xvvdpt+jWWNduvs6ZPGJz7B77uPueiGPXlAVSLF90NRk0NZjZXhErNU6IZrP/KR/MFD9Y4PjFiGSd4PZQRcWpgV6CerOuBwvYCnEFHlpsfzYHzjs/cviHDNYRmmb5YiZX4CPYGOIOjxOoDrsSlDC4EzjU04L9wMIf5NHiBApWNPDV3JTEwogZbMAsdVBg3BsbMvcraU681kOR8rfaLp+BD2cbY1YIPUqCujPG6M6OOVnCtRqkx2Zyc6uTBnk4NzLNrVqrw2ucHeiwL1t7OzAyS03++vrq42Gg2yBoZngL0OBoO1tTXgMocOHQJMUwh4jDtG9KqrhRAqTOvI/4HILEycOp0OyYqBRG9sbJA1BOmRqyyC9FnHxszzkw4bhJ6J+VasdpJfM20EQbyVjJ7b7fZHP/rRS5cuwUtkvgEP6vW6aZjFrFNL1AmXqwltL30jbIqgM3x2c3OTvhf28MiRI+vr6+S8UdF2ItTD4RCOosLiN1cR7X/1J22QyutU6RuisUoWWtUVOVPT/jONwkkcSm8gY9zq/bT/t9s4vY0iB3hydYaByQO5HRbcdxRvv6h3oV87KO/Lom4q+95QKaApuEJPws1IPu/UvMDjfdGdg3JQ3uVSNdFVs8l5pestGd0dK9hHUlKuKIEuGMAJNv4ZgAVg0Ekikxh9n4HzSlkOkzmF7IE6QIdsunZeJPrTmysRJN+rMBWFlyzwFxibAXayXOH7tmi6LnRsOVqWKgJ9lMkZxokqQwUwbpmAQU4SRlQ9yzxj2i4DDUAIEbNdPEoVKGmHJWmMyWKjEEHnOsdg4VTByoyjjF6XexQ5lShXe3AUUQGiYpi/XZiYwLFm2FYWxVGc4rqx3RHpHquGgqwXubUKBF0VqV3FvIYdKvRhhZmNFnvud/ueENYU3gVQLfB1jm3zOBY4WjBhkJQhWYT5Ec1yqpTcZPs2sY0yUXO57dJmY/cqIxFrFcqYOMtaPFtUBysQN63p01NNObE5VnFgqRNTlkegZDEGr+g20zr34lH5tpuO/a2Vtzh8LcbwCEmJNuvzrSgn4S59vs347c0XwKACLmiRxiIaZHBHKCNLgEEbcWopaQtlW8wBdmYwG+gt3DUmpuisJ2YQctGLbWHYqbCFbxieJSIXjY8VxCGAr0lA1VCvcc4TadhwtQOAFnC5J5aQdUeJOumFiztCK81VEdLQNoWS71NcQaVkuCASjSQsXKgAPIGnpgJGDjtnkHGzNvU0tOWiKCI0hVkzonzSqnJFSXr0XYFScoNbxZKKUuXPSNpPRn3wtVArmLnOgMkTBqFUMSjXkBm5cgITQrTNzhMYYOd4ZBCc0i1ElhONxjW3jh20ugAAEABJREFUACwhvpYAvUzRc4PneraY4XwV0x+q6oQbiMoNABUI/JnFhSNsz7Bdzh3OPY5Cb5h4uKbdcGo12wMOgZ7CpjSN1MQZKyavQsiu415kygPfLlxoY2GCKyCYp7KYGAgrLKxNKe04E1Fuj5U9ZFqujQ0uRPzMTLBQqU7Tnzt2qHP3IUw1uN2NsnCYJB2dLErXCbNdu9FwW9CWIgTnjuBmgaGhkYF5iBzFZl3kyjPQHJkZyZivjvrnV25cfe0KnNJISrNdf+jYsdpdx50TC1NxPpuL6YHcGWWvbSa9y8FgFPa2k14GUXrUbadJaMgYrqEoi3LdjkIl4rIRk+Mq31hFw2wrT4w0SZzAi7Pu9f5gbWhkuYmW5nk47PUHO6PhtsxGcRqEcTJMVShFzMxQwXwfLigABQLzLcIM20LfQ70ICO4VDttUcciTwMqjmkh8+OFx084aJms6vO7GdTOsMdZkaY1xz8gBKbgGNyW6tpD+MsmzVKJN9iBmcSzhLoklVL4RSnOUi35uostKDgwagU6qNAo/UEAflHesXNTldd7wwfSAZrJYtMdyQ486JBIT3cCbaDFlaOMARk3+nRVBV9FlbF1N9kOfPTUarX3rCWOccD3o0oIIcfTE6YW7795+6slggLpVuXR46pOfYu0mMUDoBKCBgw7KbviGY8dJkgMVqjemH3xg1F0zNtYwaik5v1U6Fn4rBbS4xbsqeYHah+Q5KwOue82ioSuFwfld990782d+0jpymNn+1I98rv3pz+DonHKAk9oiyTf+4++tXLkGo0ExO7Pw2U/zu88AdWcQRtUpTJhp8UZboqJWj2Ogoz6ydNdf+79wHBlgegQOow/Pw+yvotBS0GhO3dLC7H1S0Icbuv8Ygqwz8spPPtiuidBkYxxmmlbAnGHuJspUpZ4HjtJynZj5F1fFiNsw8TGycYOldy8wGCjJpA8DlDjPr6x3+zIf5gKG5iaG43NfDqfY0LZSR5iYZ11YmTRC6PYShUs2gUJCDcb9err8kUV+fLph4FIqgJVOnqKNmMMtiBzDKEXqzOOYf1wVg2m9PlIv1tb5rznasQm35m4Mk61xfqjpqmigJfywFwwwJboiopTVoEV5VA2UtwDGQoLtdlxaf6f9YZSo7pBCzPTOlGoey/da6z711FMvvfTSxz/+8bm5OXhpe3sb+C/w0+npaeAvp06deu65537pl37poYce+rHP/Rg5RezbbLW8/c0PwSttL6FP8n2GGRf5PhMRhsfdbrfX6wEYJaE0EWTKD8Y0RSWbZuDmZCXB9oqIObkjaoOOSR1x9SpsAbgz0ySanDcAPB0+fBhmkaThhd1AFCvzYnZUesXSHLUyKmHaT7bC3/AbdgnIPgm6T548CdsEgA7PEG6uMDRRad/3AfczLcwkF2w6isqXoyLU9IAYWWXKXDloV2eE3f4CmHyPKnXQtCnYB9gOVRcZNJMsXWm3aNJ3T25wn/VH5QdCZxP2cHFxEV6tWPnkju17XFUdu02pdp5+v+GVtk9ozw7KH7JSnX1qOiqXocn7l56p7HpwMa/jVM9XVtFsV+8mqnUV7Kb1CgfloLwTBRkcF2piPVbBA+kZwqx36CLk2uNMJ1uCNjwtSC9AGs1q0iyhjAiYkY9SZxB+FkDFbNN3jWZdeJ4qxst8D3fmlIdP30fYLWsUZSoUz8EYMMP1Za7AuzUIMcuXg3JFQn76EGHoD7DLtrMI4RFAA+iTJAoZk1znV1ASR3A6VeAEymWVCYfuvmWh7+RS7jpHEJ0mrTNlHtTck5WoefJU0HNVKICV8wLMCq7NETjwG9eFpgHqC/pToFvQmZdthih+3WoZGX4jdILYTBVje1wGbjCrUbM8V6+ZIoQnqsV0rMwmT7tGjopZiv9p4oZdtm3ZrXbbg2pBAzGu5RQVgBYTrs36t5xMI4H4T5udpKVIolBklNVS/F3CaFax5PL6LF6urDgmIialMnpiplW8Ximvi0ucBPtkHc1295aCMBM6IXWLKr1lv6/2POay9OWYeOlmmTTGF5BDAvNllLUPn9gngn67KiCsfrjNMkObSUqOedUSHmemykwuYbJjQ2hIKItjKAYHwpbZNmM4u7UmTJe4mXEjUuY4tcO0bRUiYqwngK5ploeJ4UTc9DEDXo7npOHDDdfgNvSRqUBayPSlSiY1pRdLYfWyO3GhipU6ZwwmAnTQGyfBlav6+qRsjZTvHRsurJtKQa0qm2l9k7LCnLwyK9frTCmlKCPPdQycUF7OFK5E9EVnUc6RGOIPxpsw5R/jaNaMNs1ZlKWRBHKvEiCUCnXPtMoVb3ptQZpjmigNC/CUocYanZn1Ej2MKuDgGv2BMDuxsAy4b6S2/rAYKp85r5lu3XIcBg9E0zIajoPGGsL0BFBpy+YWJgCSiMFx8o4/0tBEH9dmGDwXCl5YWFiampu2fW/52rWt9U20ndaMFdovEyaEQDlTPk75ULIAsDimCdIZS7UWKmH5dM1vL807LdtxTcN1LrzyMlyTizOLZs7CQdLfGTQbdcv2fWHBTANmL3rFIqDVZBxnQRoBnefjHfP4XCs9ZGi/2TCKzr92FX421jamO3Pe9NTUsWOzd99jH1ocuSz3Tf/4wtzI7l1e30qMjc1xAP1AomCIH/a38zCAttdgpPXCNSgcmjElXMe1fZieNRqtdr0xZdfqkeIrvSTf6Sbbo3QMjDlgGUyAwo3e5nZ/sz/aieN+LJMUgjHCUXadua40PQXsHwIrpo0ptyAgYuJZhWvayOHjAcQceDxy86RlK6DMHUtOu8a85834ZtNxG/Wm5zcsvWgApvoCYhNxpmIkL6kSkVQ7A9gPpFKpEFvjYG0wTLmdcS/hfsSsUNljaUYQssBkoIUQO4aW9QBAH5T3rnwwAbSWhMI4tlr8go4BSmS5KpbD6d/YQdzxm2ti+Q6DMKLtzP34T0x/6kdwVUO5cAxfM53k4pVgcwt6Lwjai2aLLy3gehoTE5ZgywP9aBjeuHhhFI6AjjTmZ4XvTt9zV+u+MzwNtebWYPuWIpIXNI12KOHBJKHeMz7Za8HBbzV24XzP9mlpUJIBtRKdlnJsVIc26pzVy6wK2OGhonmnj6rOYIz59jzHnpmBtpUZFn6nTnzC4jR86SVMqAddUKOpDh9l7RYmb6XlR5RcW9N1XgwBJo9SifcHgp4kXEBhIYSYCE+YDZTG4MnGyUHOa6nl3hg4+eF5w8eQAvRb+L8+0lqj6XQOvXjpxgur8fcdWjCCVZWFuBTJdoBPBlbj6hZPGzPDzN4Yx4FyPJEbKos2Lx+rZfaJzmwrNXiSQJ+RmsOId0dypZc2Oo6QsWfEnXT9J7+/3cBcLXCZ+6PM6YZ5KslPGwcgQmWWDGBXbVGYRpfrHHdjKDB4a0xNrwerO4FK24Y9IWyGiINMMxMDOhOEl+1KlCZ1HHsuJBT3F0NzYprsHTg1rGQlkyQRHnzyE58E7AKcd3V1FX4DgH711VcBvF6/fr2yjDimi41X+ARrxkFiXhkyfA/uHLRXFccB0AyPPc+De4V2JooiqpDq0qq+jqglvBPeBqwTgO/CwgJBIqXVQyRthj00doXqBevcpymmzcL7yQMEHgPX7vf7lTcFMSy1t7CblvmzCcrPNE2GKSgcFKDner0OQB8ek4QZdpiQLvyG98AhE5WmPSfKTCYbtG/7AHTlhU1PwuSU/GrZWymTkjp6Bo6dOHhVKlBOTtCT1VihdlVGNar9JAcVOF64itjtz/tuVUo12XSwNxHMmDwLB+Wg3Fx4aaDB2B41dF6WCjrz0smH4jpwC8DdpHRUBm4xaBupDWR770RW5jBkB+WgvJNF4+VSaro3a+tuK/i2B4AFXGR62ZCBl7XM9RotFAcDAsI2HTEo/s5LsyvGilTTELl17HbT8D0Uaupx8sTI+yZAXtJYQyfTnlh/hvMP9HqG0R5008XIicYa6JBmOnYuQszAlaYqSVUFprQFB+ap0AC6RMl7sGeJN7Wph9R+faqK+BP01Z+irDFK3VpZXmStK0S+hSpFcEr1oSyDAaA0YWKlYp3jQed2JsWnTh3DS39hvn+zum2SRe5EXXO51n9bjmk4FiopMlR4K0mK0UKXW1RnYaSLFwf6ZAPDROeEooOmrcPQVNNngrb642REV6zwLIIZpQBaaQWGbvcKNbtipcfzRLc7aV+xx/alfFBul+qWlWdF+wNXcyw1GUrZPSUEhhWbiLaw3SMu/aAnKvHWJ2zvlFCpiTx7ey/K8v23upmK8Q01+KIwfSburDGmKIwi3kYp5EoAi1HXq4MJ2mqGbj241tH5F92QTabT8omMmTyojcf1kRv08BqLQjkeq2FkBHFdpD7H7Hy4yBIm0CEHXmhl0klinEomEY+GxnhgRaEFI94cU/bBmy0D1yUwVvo0kzYZqXChcWeU/lpoNwtUKKAnTqYz4mkvbexfVbE2glx56FShtUemqiE0o9uzEDbrcHCuk4mi90WObyZpM+YDxJd0PEXXAjyT4moFrtPw6agNeiMKDQdRiZ0BW+QmvgdzEUJAyNITMm2WiDl5oOIU/XBcUoFp/Ax09wbKrONHSPlRLOzAYIAbPrcA4zowK7GEbaP/iQNzURM9nQHew+wPYmcm5jzMMBNjTnN+aLgywRKhrXEwdsJ1GkLbAUjBYYJ7ZHr+vhNTh2eFbcTL0+Hl1QuvXAEqnDEnNQXeqPEY2Cgqc6ECLG25DRUtA5EoOJMuy9wgcPsDL7Z92JOMuWMVb42Ww2syyobbfTbIeZQlcRJlgyjJ4gTChnIch+MoxN/jUZTGyhbLWfahfnji9NFkGKy+diXaiI5MHzrRPuTXGrHjSL95eXmzX/ecI53tIH/1au+Fa6uAXWLTwop1RAJbVr32tDVtTzdNa7SxIvs9J4trnLmmsvEKClka8nHCLJUbPHDchJkpnAivNrTHPZXDxE3Focri0WAcxBAwcKQ3DfWXCZ6btsT0hA5WHYNzBSGTVGADlrLRQMjIZkmN8YbgLZO3fTll8xkXggFWyxFtx2w5ds2y0M7FsSCuknIxyPIgg+pRYcSiWOTCDvIsgLmhM3382OHTp05YNe/K2sb2+QvXrm/2x3DF+1EmYohqJDEmQMQOEGOS2iB0YpXIQTko73r5gFpwaECLHYyBKUG19yx6rMtSm7CPrt7RQhEj3bUZzHCFZ4paWw8YKgbNWKoiCB3imhS96HU8YuOh7r4AZjoszHgQyn//O93zr5pKRTXvxMc+ak3P8HrTrte0w+9NquaKGt5inHFTxHzCmqPQEpSMjqlbVgsuzUGmSuMgy9DrhaS2UhC6s9P7hKNCzGitMNdeynRGOoZZqvXYAvaYOtJXLpz/N//Wga7H4OaJ4+K+e1m7AX0WUfNigFms4KPpBmfFtIQaQ/HOnbu3WmhyDjHG2J7pSc8waxD0BdouNUOHbuapSxtb0r+7cciujWnEgsuccYyRNlqtpVN3ff3xS8vfqZQAAAyESURBVL/81Rv5Z4+eWzztsdCAwbxppI5/fjn+zoXBx37qkYg9cXG1/9CJVhP6qTzyovWTHlDm1MxCOCk5c2Lpx6a6Ptp4bjk+OjtvZSt2Nu4wo92C4UAMPDsU9de68Uao+hmLGY+THC0Gs8hKZIOHrlaYaw0M3ycSgYmV6zcSuXJpZeuRJVtyOuF4pnL0okrJcXi3OvaECoopyM1aiVLe9E4xtQocM41RCH3iylrtdwF4FH5/+9vf/vjHP/6xj30MWHO73QYIu7y8fOPGDUAwR44cAS7zla98BVAp2TF3Oh14QLJfpLT5W8gMzG+ajRIUplSEKysra2trsD+TQHaSmMNvSuhHz5CKGSZ7gIwXFxfJRYTGuVUCPRgyk/BH7UWuk3sy6UYNu0G6XRICqyJPUb6Pe6qbsCl9HT2GbweSNRwOaTk/AFmA+1CN8KfS5suw2xU7hjdQ6kJKekaUeZJzcW0AXb1ExJwwNGyB3DPYXu725gsdCGwH6nDyebpOqgPf95HqYGkn6Rn6djiWEydOwFVUvXlfbU/WYU5zkFIBzd9IzadKxfSkaPpAiHpQbi50s1D2zsnn6fakYBU12nBXkjE0rUIg5w1qyav4E910B9D5oLy7RVXub3qkXhpElMJTdZsR6lv4AlZyP46mT4KXWQ61H0UBoMlUVbMi9KvQ/Ihp9gqNvuU4tc5UbpkaTBVZzG93n2i3iCJmSQuL9JhJYVI9BAcG5ZwQWW5Qtmmhc9UIeNFOMHk1cIGEAZHTABp+ALvqbkSv0VeFhXOlu6UFjbLURZMYkhLGVD0OwbXyRzJ12/G0UtV4vDgnCHbRzFpI+DGAkShDamlfGGRaKMpKCw79duqq+L7655XymRXyZ5p5cGRmBtQuovYolhnuoVCiMH1mu/Me2qjGdQCvEs2jWRxGo8EghCoqN1hKIrg+eXxSaXNzH4pwVfB9U6ab3sQKsezE+S3rihcJC9HygRUqWfKylhPDpyqMUvFvWcimS/2GKo/vrRReVenEwIPTr4lhG+3S6467ddigMNtQlaux4FUoRQ/q32a/IItgDS571ZNKnBahygN9I9BlBu+tTK+4xGx6uDBPpEEYjYduMMAENmGYBlEepHyUOiyxubK5dm0BtAwTS2ZBL+gBG4W5aRrzcGyOhmY0MuMIbjQY7DqYMU+YxdxSTa4HLq1jdGBJA+jdoBKaYiuaxmMTAbEPAKeKFkDQPYd58/Ag9E2Zk6EGwmrtkagBNJFluIczTZ+1g7x+FZ8pMjuVH0QtcHmnknhdA3H6QR9EvAfR88LUiVEF4WUDtojZA5lho1UyR4cTmdlcuqjGUyaaNXPPMlxLOELZCKCFy0TNcHyUNgOVxh+9IbzhLSYNoJRZrlVV2MIA8MW0T6h4086KuBSXa1seaBItaTjKqY9UIhq1xuEFfmLBODqNXNr2kpivvLYWYCZRkXBgnRH6UyPFx+x3lkhtljs8t9AqVTlM1QV30jjZ3h5tWLETRsM4GmTRONsIRmkQB/3BsJdEo2447gfBKEzhcsjDJBtF8SiOoiRJswQqEmJateUNp3mdsVoyGHVXBpw32h3fs01lWhnjY269cn3LhcY4TFZH2dXr29e2+5bbErbA6zILFI+sOj96ZOZopzHj2juX+XBZxTduNIXyoe7zBBrmODfjDBrBNIYrzqpFTi3FiZjaVtlmHG9HAVyHBsyaFc8NWxkmN7DuoNGHH0lRTLTK1CJurOrUlJGTj2s8btmyJdS0LeZ9E9DztGdOOWg9A/vvW7ahF1/nXIRZPs6igTL6GR9IPsz4MGJBZjLbGwBsYerw0uLJ0+c6D551fS9Y3552Wk/tPL486Om10DzDZJQpdYApavxZubqGHZSD8l6VDySAJl8HJWghEeWJ1XnyeAk59ww+OGN37CaTk2Fo+BbSCGCiY236hM/qMR/LhOuYvouZPODltdXg0W/7952EJpJlERtn+Re/9Mw/+5XaKIqgXTp62PjEx/h0B7eGDXmhTLhZtsCrAdLuE3emQKDackw9mlUmpRopRrQ07tKIGJpCaHJNi1no9GCKOO311p9+7uRHHmanTjILV+jI8xev/n////zqVTiCke/e80c+6y7MaxeH25VdrF66i6j3D4BmWj4xSvIvfP3ai1OcJTgqwFkKY8OArfe4Met96o9/vLlwKv/uRSlY5viR02QiBChseO0zD8wfeubqd158ee3zl++dF0empWspbvKVbX5tR/3gT/5M5/BZuzH/1Iur956y2qfmmuZQZYEJwQuIVAhPmo3rA2sr8ZdOHX3y5RtffkaeOsQ/NL/I0xF0axmgcHMqc6eeuzpeyz2rfXi0fm2U8Bxi3jLKo8GU6X38HvvoFOZ5ziGQLrwE1+OEMI4JjXpmBNL0osTyptX5a93o4btsMU4NHvNaDhF0vcyKCS8znBDHcnHM6xm30WlaFSlfigrad64wVbMe2OBcw3gnSBqgz5deeunq1asAlEe6kDgXOG+r1YL53tTU1NLSErztS1/60nPPPQePT506BWhmdXX14sWLAGXm5ubgzcAogVbDnwBMZ2ZmFhYWzp07d+bMGXJMrkwh3vyOqdKAmNyfr127BgyUoDYgoUrvXMFWQrSUMhEOYWtrC2Z6pOmGw4EDBCw+Pz/PSsYEHyF4BM2eFAUavuUIAo4O9gEGuWEUEnICDkVYvPrU6+jTC5GPLlVGQfgsAOjKUtb3fdhJ2CWoQ3ieiDMZccBuw8dtTP6EX0d6zEnoTI+Jf+EDoV+1imdg4+SV8T0MjkqdFGL9fQpocieoTKtvebx0xiuJKL0Ex/tDP/RDlWUBxQD2fe9kUKTaGnsT5Xs7zINyUKpCLUMVT6I2BG4iWvRA6x7gdqA7i0/k+bxl48YPEhIelHew8MKtWJUKaKk9I2QBTw3tnkpPaGcCySa00tVWJA65lbavAA6AqSyoryL3Y0ZDZXhYQCBJLwPrQKNUEiCmWoyZk8AYHe+kthl2p5pOuykhBgn9dSnzZYXrMc0lbjEsB4yHJJXgns7CDNt1TRsXtVPMVetkZXGwqFHAVe3ApG0z12pfoVCerTCpTQKAjhTEpIAuHTZ2GTQZFOu7V5ZzhRK8y8ougvHq90RR5f+qUHQiZzLRgVUbVXD0J80Fc2u+5fsCJwPoY+J5fj6OKIZNLrgkGIEaRMsO6v7K0bzQy/+1vwYxfZ29jYCa4JkAcoa9PjBoTKKWa8BHxnBaqCw0WGfaz1CgNYeq+d7xo0c/+4M/uL652R+N0M2AunKp3bIVnkl96otALsNMD3iad8cxRbZFWVxyhUNHZbBd5nVkVf7nyQi//j+ni5QuVEYWD5o+lwpbqXapO8IdOZk7hWsESW7jRThDFU1wEVNgsqrD6vRWyQ93AzSTU0DOdv1BipOrK1MQSsY3UnVg5Zo6xTn8opWomGvchK8VKOTirBS10y/F3x6AVhpfAtbUfQ1WBvpH4IVAPBjrmBuSXLW5dq2A+EYUxsHQC+tKmFmcxFGSxxnMuRjmDFcm+VSbichj04pca+ya+j5LQjUeG6jxGrPRiKWA9pTDBTrjsmrB5757tpy/8D03BsJgIvPUeKRZlsR4TcKT+rLR4lFFuQEpsqJdJ1GOjMn9kDszHVVB2J6V8R28isnyHI8a7a6hz0bwjUahqb5F4AY0ifyjMYmB0nC89ZA5o+WxzpWoPaZ1rYk8h3mkww1HGC4XDuMwhfBMo+HaBiYFYq4p6p7tO6b2TVaWQMdnlzsuRpYAeqdMphyOJYozqPNES55TnT1Cn/oIxvymYdVdnOUznmpHSQbfY3qZ6WSWm1netowZtA9+zbNMpUHIlhDrwlzH3Hp412Y5JcDTjkRK6ryrmWuwmuB1x/RMs2aIBoxOWL61vgXRrSiXO/0hnDrLrCXSjTPZj9hWN1i7dnVn88Y46EE7kZLpNTZxAr6y2azDXKPRbnu1zmCsLl/dgW+VqlZfOJmGg51oNE7SPhODXI5Xu8NhMLyw3I3TNIMLyWk6ymewV2m/t+kb6fHFzic/duruI52WwfonF5afa7/Q3/KBKaMYHOn3IFMjPhz60TjKY6jvzqy0vTgcrQ37m8Eg5ujOZ1tM6Tgk1zpEiY/wmskyjCw6DOhzCq2eiBMzDq0smKuJpbp1uFXr2Krj8RmNnhuW4ZiFwbhkxijK4CgiZu1k0XaqthIVmF5geCNljDMjgdNr+WPMLmmdOHWve/okPzQLDWyjXjtea6dPXdhY7mGAE66yNIcfbJWw/8vZbkd2IHY5KO9Z+T8AAAD///39z68AAAAGSURBVAMAJ1PVEASFTT4AAAAASUVORK5CYII="} | headers=HTTPHeaderDict({'Content-Length': '1461356', 'Content-Type': 'application/json; charset=utf-8', 'cache-control': 'no-cache'})
2026-01-12 12:54:43 [DEBUG] Finished Request
2026-01-12 12:54:43 [INFO] Screenshot saved: screenshots\after_login_20260112_125442.png
2026-01-12 12:54:43 [INFO] Searching for: shoes
2026-01-12 12:54:43 [INFO] Attempting to find 'Search Input' using locator 1/2: id='gh-ac'
2026-01-12 12:54:43 [DEBUG] POST http://localhost:61817/session/e5c6e8d66faf3b78c96b6136c741eeaf/element {"using": "css selector", "value": "[id=\"gh-ac\"]"}
2026-01-12 12:54:43 [DEBUG] http://localhost:61817 "POST /session/e5c6e8d66faf3b78c96b6136c741eeaf/element HTTP/1.1" 200 0
2026-01-12 12:54:43 [DEBUG] Remote response: status=200 | data={"value":{"element-6066-11e4-a52e-4f735466cecf":"f.3183D857D0E588463CFD8F6298B8E926.d.F97476E77A8E6A1DFB44370760519414.e.166"}} | headers=HTTPHeaderDict({'Content-Length': '127', 'Content-Type': 'application/json; charset=utf-8', 'cache-control': 'no-cache'})
2026-01-12 12:54:43 [DEBUG] Finished Request
2026-01-12 12:54:43 [INFO] Successfully found 'Search Input' using locator 1
2026-01-12 12:54:43 [DEBUG] POST http://localhost:61817/session/e5c6e8d66faf3b78c96b6136c741eeaf/element/f.3183D857D0E588463CFD8F6298B8E926.d.F97476E77A8E6A1DFB44370760519414.e.166/clear {}
2026-01-12 12:54:43 [DEBUG] http://localhost:61817 "POST /session/e5c6e8d66faf3b78c96b6136c741eeaf/element/f.3183D857D0E588463CFD8F6298B8E926.d.F97476E77A8E6A1DFB44370760519414.e.166/clear HTTP/1.1" 200 0
2026-01-12 12:54:43 [DEBUG] Remote response: status=200 | data={"value":null} | headers=HTTPHeaderDict({'Content-Length': '14', 'Content-Type': 'application/json; charset=utf-8', 'cache-control': 'no-cache'})
2026-01-12 12:54:43 [DEBUG] Finished Request
2026-01-12 12:54:43 [DEBUG] POST http://localhost:61817/session/e5c6e8d66faf3b78c96b6136c741eeaf/element/f.3183D857D0E588463CFD8F6298B8E926.d.F97476E77A8E6A1DFB44370760519414.e.166/value {"text": "shoes", "value": ["s", "h", "o", "e", "s"]}
2026-01-12 12:54:43 [DEBUG] http://localhost:61817 "POST /session/e5c6e8d66faf3b78c96b6136c741eeaf/element/f.3183D857D0E588463CFD8F6298B8E926.d.F97476E77A8E6A1DFB44370760519414.e.166/value HTTP/1.1" 200 0
2026-01-12 12:54:43 [DEBUG] Remote response: status=200 | data={"value":null} | headers=HTTPHeaderDict({'Content-Length': '14', 'Content-Type': 'application/json; charset=utf-8', 'cache-control': 'no-cache'})
2026-01-12 12:54:43 [DEBUG] Finished Request
2026-01-12 12:54:43 [INFO] Sent keys to 'Search Input': shoes
2026-01-12 12:54:43 [INFO] Attempting to find 'Search Button' using locator 1/2: id='gh-btn'
2026-01-12 12:54:43 [DEBUG] POST http://localhost:61817/session/e5c6e8d66faf3b78c96b6136c741eeaf/element {"using": "css selector", "value": "[id=\"gh-btn\"]"}
2026-01-12 12:54:53 [DEBUG] http://localhost:61817 "POST /session/e5c6e8d66faf3b78c96b6136c741eeaf/element HTTP/1.1" 404 0
2026-01-12 12:54:53 [DEBUG] Remote response: status=404 | data={"value":{"error":"no such element","message":"no such element: Unable to locate element: {\"method\":\"css selector\",\"selector\":\"[id=\"gh-btn\"]\"}\n  (Session info: chrome=143.0.7499.193)","stacktrace":"Symbols not available. Dumping unresolved backtrace:\n\t0x7ff69b3688d5\n\t0x7ff69b368930\n\t0x7ff69b14165d\n\t0x7ff69b199a33\n\t0x7ff69b199d3c\n\t0x7ff69b1edf67\n\t0x7ff69b1eac97\n\t0x7ff69b18ac29\n\t0x7ff69b18ba93\n\t0x7ff69b680620\n\t0x7ff69b67af60\n\t0x7ff69b6996c6\n\t0x7ff69b385dd4\n\t0x7ff69b38ed7c\n\t0x7ff69b371ff4\n\t0x7ff69b3721a5\n\t0x7ff69b357ed2\n\t0x7ffe5618e8d7\n\t0x7ffe57aac53c\n"}} | headers=HTTPHeaderDict({'Content-Length': '608', 'Content-Type': 'application/json; charset=utf-8', 'cache-control': 'no-cache'})
2026-01-12 12:54:53 [DEBUG] Finished Request
2026-01-12 12:54:54 [WARNING] Locator 1/2 failed for 'Search Button': id='gh-btn'
2026-01-12 12:54:54 [INFO] Attempting to find 'Search Button' using locator 2/2: xpath='//input[@type='submit' and @value='Search']'
2026-01-12 12:54:54 [DEBUG] POST http://localhost:61817/session/e5c6e8d66faf3b78c96b6136c741eeaf/element {"using": "xpath", "value": "//input[@type='submit' and @value='Search']"}
2026-01-12 12:55:04 [DEBUG] http://localhost:61817 "POST /session/e5c6e8d66faf3b78c96b6136c741eeaf/element HTTP/1.1" 404 0
2026-01-12 12:55:04 [DEBUG] Remote response: status=404 | data={"value":{"error":"no such element","message":"no such element: Unable to locate element: {\"method\":\"xpath\",\"selector\":\"//input[@type='submit' and @value='Search']\"}\n  (Session info: chrome=143.0.7499.193)","stacktrace":"Symbols not available. Dumping unresolved backtrace:\n\t0x7ff69b3688d5\n\t0x7ff69b368930\n\t0x7ff69b14165d\n\t0x7ff69b199a33\n\t0x7ff69b199d3c\n\t0x7ff69b1edf67\n\t0x7ff69b1eac97\n\t0x7ff69b18ac29\n\t0x7ff69b18ba93\n\t0x7ff69b680620\n\t0x7ff69b67af60\n\t0x7ff69b6996c6\n\t0x7ff69b385dd4\n\t0x7ff69b38ed7c\n\t0x7ff69b371ff4\n\t0x7ff69b3721a5\n\t0x7ff69b357ed2\n\t0x7ffe5618e8d7\n\t0x7ffe57aac53c\n"}} | headers=HTTPHeaderDict({'Content-Length': '629', 'Content-Type': 'application/json; charset=utf-8', 'cache-control': 'no-cache'})
2026-01-12 12:55:04 [DEBUG] Finished Request
2026-01-12 12:55:04 [WARNING] Locator 2/2 failed for 'Search Button': xpath='//input[@type='submit' and @value='Search']'
2026-01-12 12:55:04 [ERROR] All 2 locators failed for 'Search Button'
2026-01-12 12:55:04 [DEBUG] GET http://localhost:61817/session/e5c6e8d66faf3b78c96b6136c741eeaf/screenshot {}
2026-01-12 12:55:04 [DEBUG] http://localhost:61817 "GET /session/e5c6e8d66faf3b78c96b6136c741eeaf/screenshot HTTP/1.1" 200 0
2026-01-12 12:55:04 [DEBUG] Remote response: status=200 | data={"value":"iVBORw0KGgoAAAANSUhEUgAAB4AAAANPCAIAAAC0MVXjAAAQAElEQVR4nOydB4DURPvGJ7t7d3SR3pEiTZEi1YKIDRE/gT9iwYKND0RBwN7LZxdQpKmoCDYUEREVLKgo0pt0RHoROTocV3Y3/zfzJrNz2XJ73B1ceX6eSzKZTCaTbDZ55s0zPtM0BQAAAAAAAAAAAAAAAAAQhaZNm4oTwicAAAAAAAAAAAAAAAAAgDwAAjQAAAAAAAAAAAAAAACAPAECNAAAAAAAAAAAAAAAAIA8AQI0AAAAAAAAAAAAAAAAgDwBAjQAAAAAAAAAAAAAAACAPMEjAAAAAAAAAAAAAAAAAIDsU6NGjUsuuYQ+o2UwTNMUAAAAAAAAAAAAAAAAAEAUmjZtGp549tlnX3HFFTw9a9asVatWheeBBQcAAAAAAAAAAAAAAABkwYIFC+bOnWuapmEYXbp0adSokSjalChR4uKLL1azNL1p06aUlBRXNkRAAwAAAAAAAAAAeUVaWprf78+tR2+SPHw+X1JSkgAAgMLLhg0bZs+evWrVKlIz69at27Rp006dOp155pniVNOiRYs9e/bwdOXKlRctWkTXZFFkCI+Avummm6gd9BRqnw8//NCVDRHQAAAAAAAAAABAnvDvoePBYNBSn3Mr9MswjXS/JzVY6bTiAgAACiPDhg179NFH09PT9UTqeHvllVcGDhwoTilt27b9+uuvuU+RlNZly5a1bt1aFFUuuOACl/ospC5P6b///rueiAhoAAAAAAAAAAAgT3jowz9TMwL+YG4+d/s8RrEE78s3nSMAAKBwQT1211xzzYwZM4R84aNGjRrVqlXbtWvXjh07WMD8z3/+8+WXX3o8HnFKOXz4cOPGjalKgwcPfuCBB0SRQY+ALl++/I033piYmBiejToPPv7443379qmUQitAU3cEnZTTp0+/+uqrVeLRo0e7du26efPm+fPnV61aVYBTx8svv/zss8/OmTPn3HPPFQDkS3bv3t2uXbuOHTt+8MEHAgAAAAAAgOxT+a6vj6UH/IFcFaC9RslE7553rhZ5w549e+jB+bzzznvjjTcEKNr88MMPt956Kz0QXXbZZQKAvOe555578sknhXS6mDZtWq1atTidpDwSpleuXEnTzz///KOPPipONZ07d/7zzz9btmzJcnkRQRegb7/99tNPPz1azgMHDrz33ntq9hT3GJwYpCN3lNCEnk6Xxdq1a5NmRNNr1qxRn4r169cvWrRo27Ztixcvjr0Jkkepp4U+RXZYsmRJyZIlwytWWOFW0ol/3+nQpKSkUC+WkL0FtC59xrMiHV86yq7txrlubGh36PDRQRSngvDGzO7pl124JaNthb9lqjLZbRla/ZdfftGLivPc0Fc8CfC5F+0EpvMzOTl569atnMhfcP3Q/CWJVngO2zAGsY9dXsNbp+utnhj/Uc7W912HthjtSEUk79o/9nGPn1y5cAEAAAAgn1P19OL1K5dqVK10Fn/VSzeuUYb+aCLLzFQgFRtnBUhArOZQr149kks4/dixY/8noQnXKiRA79+/f8eOHeGLYrNZIk462b1RFGG3r6f2YZAYPXo0HSA6WCpl0KBBlELpMfJEJM6jwCdGxNJoQ+pU2bBhg/qMDSmDyhi3EMCtrX9lGNrH1q1b0yI6QCLH6F9PJleKLbgsX778mWeeoYkLL7xw/vz5Sn0m6tSpQ4LeBRdcQNOUZ/Xq1eJUc9FFF9Hn0qVLh2WHyZMnBwIBUfBp1apVDPWZoKWUR80WWg/ohySuxIYNG9KVgq7FehOAnFCiRAk9ipl++EuXLv3SSy+FN76LDyTiRLnlllvU6nSX0KFDhwoVKhT0wHa9MTmEX8gzWZx0eOt0MT1y5EipUqU4hb41lEI9e5wSAz4i1GlJ93MiO5zwiicAvw9BP2DUHcVtzil0Aqs3Jyhd3XPT0qFDh9IFRLWAiuKPWD63IZ2o6i0TbkP91AXxQ9eWKVOm8MHiyPSzzjorxlc+79o/9nGPExVcr7+jAwAAAIBCyfQH2sWTzePxJCRaj+cZ6f5gMChyCRLRnn/+eRW+SrOdO3fOMpr1nHPO+fvvv0U2ocKHDx/+5ZdfipOIest5165ddGfIs7FvFPMnJLcVL16cnjX40NBjCHUA0MTs2bP79OlD4riQKnD16tXp6MQoJ9ePwgBJltlINv3jjz8KXxzo8ePHf/vtN73NSY/euXOnyFXUV5IK7969O00U2ZcPxowZQ+IsPXF//PHH4cYOSUlJn3zySaNGjegLMnbs2FGjRolTCskXb775ppCO1dla0e/39+7dWxQxCmQE9AlDJ/Evv/yydetW+G/kEXTdJPX54YcfPpmRfSRIbdy4kSZuuOGGQhN7fvHFF5Pa+9133538PSIV+Prrryedjr4sSmsmmYy0P5Jr47n5KBDQjtDu6N0nfH2gHafdD499IC2e7muvvPLKLPV3obWhrnVSG5K0PXHixFMVuVxwIbmWDk3Pnj35YNEFnG41YrzLgvYHAAAAQP6hyukl4vkrnujd/u8x+qOJOFfJctOk0ZB8ee211yq5maTM9u3bjxs3LruhzfkWfsuZbg75GZ/u1UkJSk5Oprs+UaCoV69e8+bNVdQ5dQAsX768cePGdNPLj4R79uwhhfe8884LH+8L5BHUJXDFFVfQl0j/vpDITl8i6gkQeQAp3dSDQge6MMWSZ4sVK1YIOa5djRo1Imag9HbtrF49+oKIU03btm0j2h9nScWKFUXBh57Hf/311+XRoaX6M3uhFaAjvuXNb47rb9bovgfKvkNBkpN6g1tpFvx2z+OPP84v4xu55P9QaCDRp1atWvSrzz+TLscM1VYRX3EKdz7hlCxbmO427r77bjq5f/75Z06Jtt3YixTKbCHiiXHyoXagalBVlceL7h2haqjeI+vWrVv4C2i6I0GMnRo5cmSFChWoI8GVTtofKYBTpkzho0ZfBL1w9Y2jqrZq1SolJYX6IaI1r/6KnHJyiGfF3IJ2gXbkySefDLcg5xF1f/zxR6F5TVBlqlWrRjd/XLfnnnuO9p2mqbZU5/DGjNaG3K9AnbqcP8a3w3W4Yx87vT3zj7qqf4mivc/Ip41+OY34yiR7oegppCabptmwYcOIm46z/UXmnwDdVIQvUFQxvf58FMKPe8QvY4xGUKcTPRflq0MGAAAAgLwg0eeJ9pfg8wjDypOWEVi1/dAb3/w1fubmv3Yfy+ARCw2REH1d+sty03T3QrccupMG3ZB88cUXdDukZ7vnnnv43X9lx8EmA2wFwBYBdMdCCqkrm4LdPJ5//vnjx4937tyZ1mX5jNOVt0CW3hEnAN0o0r2Z7r3JbzFyGCkT8ekjv0GHhpQ1XW4uV64c3Xnu37+fLSDYF6VBgwacX7du4AaPdhRodXXswg0lli5dqpZGPEAupw42BmHYHoTPls8//3znzp0tWrSIaOpScKEniK1bt6oXArgb4JprrlGzrSVKL+aU8EaIfRRiwE4g+lcv/o0WRLhldJfhcDggnc2gTy0+n+/8888XUpLaFQd9+/alzF6v98ILLxSFAtKXf4qOK2KsaEVAu6DfHrqgq1m61tevX19XSejaTZomT7uiemkR/c7xdMR4ySILffFIo9m8eTPJ9+o1c1Myffr02G01YMAAPeyXPmmaUuiin+V2L7300hIlSvCdB22CDiVJ0rxdOulpu6zyxFMlytOjRw9SJzkPZaZVTrIGTUo6nXt6vC2dnyTr00/LL7/8Qkt5jE1VQz36m1a84447eMcXLVrEtwX6u2m0aP78+XRPRmW6tsuhpnXq1CldunR4rUiAVs7d0XjooYdou3QsSP6jDbkcBljCo59wOj1oKX3SNGuOsVfMXUhfph1p0qRJ+CK+YXU5n1BlaK+pZ4Xr9sQTT1Ar0TTVlurseqkiRhvqL2HEPhX1w02zMY4dndiUhxdRZZ599tn8IGiy38Wnn37Ke0cTNButU2HEiBFz5szh84FmzzrrLNfXjQ4KfR9V54dC3X/rxNn+fCrS0xc3HZ+KunxMZ8j27dt5Ed3PDR06lBLDj7sa8Db8y8iNoK4k3Ah0dNTpxA4hp8RmBwAAAAD5gQx/cMWmg5P/2D5+9uYv5u9cuf3Qim0Hp8zfOf6nzZRIiyiDyAGVK1d+4YUX5s2bR3qNLnhROls6ELT0xhtvpJuTmTNnLl++fMKECRGLevvtt7/88kvKxiNh0D2PHqHJuvZjjz1WvHhxKoeeQWgTtEXaLomqrLxQer9+/XLd35burOieip7WXXEMfKMY4+lD5D/onp80XD5SM2bMoNtFasDmzZuz/zI1OCnLvF9qYEBu2/POO48efik9/ChQThKjhwwZwjnHjRtHs7qv9MKFC2mLtOjaa6999NFHYwfe0ookvy5btowP6PDhwymFtkLbotWrV69Oi6gO6uwqBJCwQM8Iv/32G8/y0SGdnWf5K6aOmnAMOuhU1xuBjwI1vn4UIsr9tDodehXnzoYq1NTqq0fHKM6NFlBSU1OFtCeNkadMmTL0efjwYZEPYBtoeoqMxyedA93at29PX1JR9CjAAjSpbKQvGBrZesuGQyBpgoUD+imi84YUh5EjR6o87IHLi0TmIQ1ZOGARIUtJTtGyZUvqXlaepApKoR8M0jhEYSE5OZnahDQamuCQUiZ2W5E8RJIr/XqtX79eOK9Tke4Tj+kBw8eIDiI1pjKLYPWKhDk66PFUicMtlTpJv+sk+Z0EAZrDKvlkJkmL9Sm1lC7BpEhyU9Cp69LlWfHnabWITc9Z0KefLmrMqVOnslRKnzQd7bJOP7Ex2tw1tme2IOmcqqF2hF+RUyr5yYT2nfqQeTovRoCM3YZCdhXGOBX1wx372NHhUGIrq+dt27Y9CbfUHL2roAqo7jraOlWezl7Vi8APBnT1i/g9UqHoMV6ZJJWW+j/UF8RFuLSdZftzH0+MtzWphfnouK5LLqJ9GbkRaJG6EHEj6PHXAAAAACjiBILmrn3HP/hl68hvN67YeuiSppXaNi638O99r8/YQIm0KBA0Rc647LLL6A6T9EcSvPSoVQVJIaR2CccCwuU2oKASOOqQFK6nnnpq//79/DQdg3fffbdcuXKkl/EsrU6FkLgWf+xnnNDzGj8KsT6gv3uXf54+4oGERZKlSMZiA+hOnTpRCin4fFB0A2h2geADx6jQaR1ai7ROytmnTx9OofOBlGLqZlBCs1Itdfk7GlQHekrlxmSjcJJi44y6vfzyy0kcjyiGPPLII3S/LfIltLN0INT3gtXhSpUqqQzUDnRclPl1+KHho6A74fBR0OV+6k7gryd9T2n2jjvuEI6FDh0X3YGaX2jIcqM6BbTlCwodOnTgCQ4diwH1fm3atEnIDjxRJCnAAjSrw6aGrtZlCYdAKomEf4pIcaCTRqkDHH/K6oNrdZJChBPtK+KG1qKfuptvvlkf8jIYDN5www1jx46la5AoLFSoUIGuntS2dEklBZlFIhJiYndkCRnILJx+IfqkcrI1YiSpfuSvbwAAEABJREFUxhz/6Oqf4Lfm6d4rniqx1wRJwMoQgA40dR6IPIbDKtX5TJt2heQr6B6LTle6HeG9iMf8iGRKPigqhaYpJWJmujLGUDAjBg7HCd2n6jo7wbYbORG1Twxd7SVxUzU7R2GLHBO7DYWUI+P8dsQ+diSS0j00n+2sw9KZE3+fzQnDnXAK1VEnnK4jl0JNs9wv5SqH9pq/9Yzea6IS2atEBXqrzj9Vh/B4+Szbn05FKkG/vETcdJZE+zJyI7hMwylzfhisGQAAAAD5hGIJ3svPrVKqhM/rNdqdWe7pXmc92rNJm/qn+7wGJdIiyiByA7rV5NBLuht5/vnns/uqPqmi+gvjsaVqJqJhMReigklzEX7Rje8MOWqBA0ryz9NHPFBbkWRPIi8Ju3Q3y81F+iPdYa5YsYIaXIm/b7zxBnUDkArJquWqVasiFshG0qSf6oGxtG6WSlk0SBilAs8880xlykGHOM6oW9qR999//95773WJIf3796fTMj8PzU0Hgl04+KymHdGX0lGjRmDXZs7ganA+Cp9//nk1DZqlXhwlQKtgdtVdRM3LLxbQ5ngVOtxUjTg3qlNwW75A0KhRI342V/FY0WCZi6CDJYokRdqCI9fh8EN96DYX1MdFSuhHH31EWrPf7xdy7MsePXpMnjz5ySeffPDBB0XBR3//ncRTujKScsS3AvEMxcviL2lAf/3115gxY0hKi3PESJepgksdUypVnFWiCzGLXJs3b6YdOSU20Bx9qYfkK9guWfkb3HjjjSKX0B1UwpfSDZweOHxi0G2TkhEV+mBxJwHdsMUFu8iJHBCjDfkdQA7KOIFvR0T4skMlvPTSS9xrkk88hdmuRIfqGW66HQ8sXqsY8NjE2f4il8jul5F+HTAKLgAAAABcZKSaRw77Dx1LC+Y45Dk2l1122WOPPUZymPK0LXyMHj1a93XMD08fcaJURdIH6K6etXv+3Lhx47Zt22rUqMEiI+2jbulAkkJ2tmOFsZ/YSIYc9UxbpLOIg3bjjyWnx9t77rmHbun79u2rxBBStKdPn06SK1uI5E+ox4VdODg8XI9HZmgv2KqbnpdpIqK9L7WYyw6YWjK8KCHDFqtXr84jhQ4aNKhfv35swUH52W44/o0yBajl1WNa7POT+ml4YunSpSIfwK/Dzp07Nz09PUY2FqDpYZA0a1EkKboCNCtQpGtwzCD9OA0dOpSEp/gVz3B4KKrYllIvvvgiadAkNnXr1o02R4LRV199RSnPPPOMKBRQk9JPI/tm8BdMNxmIB7rgUt/R//73P5dBQQxIHSa1ml+EZ/lJj2QX2piH8VSJB3+jzFQU9TGyVUL+GUY5W9bYCmpVV/xp+MBuDDUOpev26Ay71lA5SkN0aXzxaNO0Op0euhU9j9J2kjVT7udgVxY9nW0TRI6J1oZs+8COE/F/O2IcO1ZUeSgVjuPODyYPEUOJqZIRO3LoMqi6gkWUwOFoRAvGj6f9w0/FbG2aifFljNYIuSt/AwAAAKBAk5oR+H7JP4mGUaF04rrtR5/+cO0TH6z+c8PhskmJlEiLKIPIATzumSveuUGDBsePH49t9euC8uthyxHjal3oEZoqkQvJ3dG3wsexp3s5uu3kR5V88vQRP3R0SEycNWuWCh7nePORI0dSOsfesjNDDMsFRcRYddI0szUInoIHOWQXb46pd7l5ZMmjjz5KSijdId9+++10UvXp04f2lFLuv/9+kY+hE4ZdOD7++GNXUD/D7UwnFek8LscMEf0o6KMIRuTff//lgOuIOnXsjbooKC3fv39/IUf2U8M8RqR79+6UR8gBVEU+gF8FJvWZWjhaHvq+0NEURTj8WRRlAZoFCJrgmEE2MFWmnycG22BFswpVkAb9wAMPfPPNN9SvRScoqSSUIgoFPK7jSy+9xO9xkDyk1CUl8WdZSKtWraibmgRfuiKTiJNlfh5ykCY++eQTVo5YftKHAqNaseoUT5WoAhUqVFChxxwSmxPfiRODKxB+QvIdlTrNaPdJSM2yNBLIqD2pb5wVQB5oMeLhoFb69NNPqf31rhQeTo1KUF3cfDPHujzrtup4sUFExPhiqgZdndVoe1wNZdgdY8Vch3aEttuhQwelBvI4jZs2bYrTgoPPpYie5tHakK42JBDzoHPxfztiHDs2CFKj81E51GUSbQzJkwbVinaHrqjK/phujKg1lOGyC9UTwO1A54DLT4lmKZEWqcZkcTma7VI87c+norKljrbpcPTjHuPLqBpBfWWoAlQlvhDRAaLDlKVPCAAAAAAKNz6PUbtSyVsuqj34P2decFb55ZsOLdt44Nz6pw/oUp8SaRFlEDmANKlx48bNmzdPDS1IghdJUfFoly6GDx/OkiWJaM8880y5cuX4aVrHJW1zhOYLL7zAs7Q6FZKlUpZd6NaO7t/0yBK+6br77rvpzjP200c+hNuQbjWVzwOrn3zzydInpdSoUUOFsXPDukrgo0A5+/Xrp58AP/zww+eff64cvbMF10S5eLNRtXIFYek8SzGaTr+7776bHoJatGhBmizdjSuX8PwM9ZpQg5No6/LfYLhl1kjCM6ijoPaUHhDoKNBXI2KcLz3c8YiClSpVouZVvTh87OLcaDj5v+XpLKUHK5p48MEHY0e21axZk6VzatVJkyaJU83ll1/Ogwree++99Mj5f5GgJ9OMjAyv19u3b19RVCnSFhwffPDB9OnT1Sz9MtEX+8TeEGf4Nzge2fSVV1657777Dh48SJ8FWn12OWrx+MKs7wjpcktiNElFLPE3bdqULqBZlkk3CnfL10BihCLq9rL8/jttWmlbdBA3btzI7hk8oB8daK5VPFWicubPn//LL7+o8QBp9ZNgjeRqTKoA7UXEE5LFU85MEurgwYOzLJxt0eiqR5dyWos+H3nkkWiHg3ZWH8eDoJu2xYsX6/YylIeaRbUktbbqAKAGJKmRj5FrdDiuhhpNjqrB4epZrpjrcE3ozFFtzl4rCxYsiGaN7YLHlKPTI2Jgb7Q2VK/7xf/tiH3s6MQmTZP3gnVnuik8CR7QsaG9o52lmyfed3okoNloX6J33nmHvbC5/qtXr3bp1DTL1smqMen7Hp7NVYHY7c+tSpcablU++vplJEbJ+nGP8WXkRqB91yvAFyI1AA5tN98G4AAAAAAgr0nweZrXLdu1VbUbLqzV/bzq7ZuUpz+auOHCmpRIiyiDyBmXXXbZzJkzSaBkG1nSnvr06fPFF1/E6dureO2110h3phLOPPNMIYfbCtfOeGi1W2+9lUM7SeIkpZI0SjW6Gqnhb7zxhsht6AZP3Q+H33TFePrIh/DgciRm6c1L2i59Nm/evF69epxC2iXN8sCS3bt31yUt11FwnQDs53DC+jutqAa05DOBnt34XKLziquUpcP4448/ftdddx0+fJg+C4T6LJxwYzUIZDjsmxEtAx8Fekzjo0CHg2bVmIRCG4RQX0oNO2bMGFpKX1tKp7a67bbb4t9oOPm55emcYU9a6lyhemaZ/4knnuAHN1orhxaaOYeuJ1xnv99PF595keDAo0GDBvEXp5BRvnz5K664gi4v9FxPnzRNKeHZDNPMW5OpfAWJBe3atUtOTp4zZ05OhObcgqSutm3bChAGXX/ptoBUYJilAlCI4ajkk9PBAwAAAABwSjiW5o8vW2D3wVSaqFq2WMmkuMYeLJnkE3nPDz/8QE9nJPLqehkAOWTp0qUtW7YUhQXqa6GeAFLnT2Zw/YltNH+2/HvvvXfHHXfQxOeffx7+dkVEPv300xtuuIEmJk2adNNNN4lTzapVq6hKGzZs0Ad7VFAvwpVXXkktTz1hooDTtGlTfbZhw4YRY/Cpx8VlDnEyfrHyCS+//DK/tX3RRRfFY+xwEoD6HBEexjAnZtwAAAAAAAAAkB9YsflgPNm8Xk8xqTtv3nMsEAjGs8p5jeJ6bw+AfEhhUp9F3vib59FG82fL//PPPzwxf/58UnLjWeXw4cM8sX//fpEPOPvss//3v/+JIkb58uWjOcBQenJy8r59+1RKERKgmRIlSgwbNizfvnEDhHR3jX/4QQAAAAAAAADIt9z1ztI4c3qk43MwGO87yquHXS4AAKeaPPI3z4cbzTu6dev2xBNPBINB0uuytWJiYmL37t0FOEW0atUq9tJZs2ap2aJlwQEAAAAAAAAAAJw0zhvyy+7jx1P8cRlxxEkJn69q8eJ/DO8oAACgUPDFF1/897//1QNms6R27drvvPNOfnAH2rt379tvv52cnHznnXeeddZZ2Vpa4NAtOPr16xdjRIFjx46NGzdOzRa5CGgAAAAAAAAAAODkcFvHartTMlIy0oUZl7FGPJRI8FUtWVwAAEBh4f8kavbPP/9s1qwZTYwdO5ZUTtIx+/fvT7MrVqzIh0Hf77333ujRo2li8+bN06ZNy9bSAk3s8WxdSyFAAwAAAAAAAAAAecINnaqmBjwBf8AIZohcwuv1JCXiWR4AUGipW7eu1+sNBAIDBw4k9XnNmjXCuvR5KV3kP7Zu3eqaiH9p0QE/WgAAAAAAAAAAQJ5QqlTpYn6/tL7MtZhlwzB8PjzLAwAKLaVKlXrxxRcffPDBjIyMFStWcOJLL72UP0d06969+/z5848dO9a7d+/sLi06wAMaAAAAAAAAAAAAAACQj/jxxx8///zzrVu31q5du1evXpdccokApxrdA3ro0KGxM+ujSqLXFAAAAAAAAAAAAAAAkI+4VCJAoQACNAAAAAAAAAAAAAAAAIA8AQI0AAAAAAAAAAAAAAAAgDwBAjQAAAAAAAAAAAAAAACAPAECNAAgG2DYUgAAAAAAAAA4yRiGIQAAoMACARoAEAEIzQAAAAAAAACQT4j2gAZhGgBQIPDt2rVLAAAARGcAAAAAAAAAKLBAjAYA5Ft81apVEwCAog2kZwAAAAAAAAAoBECGBgDkQ2DBAUARJbdEZ4jXAAAAAAAAAJCL5ERE1h/QIEYDAPIJEKABKHJkVzKGxAwAAAAAAAAAJ43Yj2Dxy8pcDmRoAMApBwI0AEWFbOnIEJ0BAAAAAAAAIB+S3RhnlR9KNADgVAEBGoDCT5xqcu5mAwAAAAAAAACQc2IIx9kSoxEQDQA4VUCABqCQk6VeHDsD5GYAAAAAAAAAOIWEP5RFFJHjjHSmbNCgAQAnGQjQABRmYsjH0RadwCoAAAAAAAAAAPIUXTV2PZq5BOUslWho0ACAkwwEaAAKLdmSmMMTY8vNwWBQAAAAAAAAAADIMzwej5qOEQcdTXGO4bkBDRoAcDKBAA1AISR+6TlGCk/k0MEDAAAAAAAAAEC2UNJwtLgfl3YcW4mOJkPDEhoAcNKAAA1A4SFb7hl6SmzROfasgAYNAAAAAAAAALkEKcKxHTZUBqUg6+HMPBEuLseWoQWUaABAXgIBGoBCQvzqczTpOTw9Ys7wwiFAAwAAAAAAAECuYEj0FJdGrEvJuhjNK+pLI8rQMIYGABBJnWcAABAASURBVJx8IEADUBiI03MjoqCsv9Wl1ORoMdFZRkMDAAAAAAAAAMgh0Uw2XLqzmuUUTvR4PDFkaBPG0ACAkw4EaAAKPNlVn8OlZ6Uyh0+oDNGioU9Ag4ZsDQAAAAAAACginICkq6/img5XopUFh0rhB71wGTqeUGho0ACAvAACNAAFm3jU5/BpXXrWRWc1HTGDiB4KnWV9AAAAAAAAAABEJJrmGy43i8wyNKnMeqIuRusydLRQaGjQAICTAwRoAAow2VKfXYHPuhKt1GeejZZBxCFAAwAAAAAAAADIFSLGOwspKwsn2JmnWYlWGrQrQ7RQaGjQAICTAwRoAAoqWarP0QKfo0nPrmleMSEhwev1+nw++vRIcCMCAAAAAAAAACcNfkYjAoGA3++nz4yMDF6kQp75U8nQKvxZOI9+0UKhoUEDAE4CEKDj4tBx83i6SM0QxzPo06SJ9vU8AoBTR/zqc3jgswu+ldFn6T6jWLFiiRIBAAAAAAAAAODUQQ9oXklCQoJKTJekpqaSJK3rzipsiGd1Y+hoodDQoAEAeQ0E6Cz4dUPwyhFp4ek7XitWriQuxCB/EU191v2dlcmGHuxMXeg8TYpzqVKlkpKSBAAAAAAAAACA/AoHDNHjW1pa2vHjx0mMVq+rsgUHa9AsOqtQaN0nWsShQQMAQK4AAToLPFGuwEH434J8Rpzqs647q9hnEqCpL71MmTIIeQYAAAAAAACAAkSShAToY8eOsTWHsoGOGP4sNOMOAQ0aAHBSgACdBdGuvhiADZxCwv03slSfle4spAytQymlS5cuXry4AAAAAAAAAABQAOGA6OPHjx89elQ4T4JqfELdeYOJU4OGKg0AyBUgQGdBtAhoCNAg/xC/+qwHPjPUVV6mTBncUgAAAAAAAABAQad48eLFihU7fPhwWlqa/jDIT3ysRysQBw0AOGlAgM4CAxYcIJ/hCn/OlvqsBOhAIECfpUqVKlmypAAAAAAAAAAAUCgg+fi00047duzY0aNHdc8NnjgBDRqSNAAg50CAzoJol1noz+CUEE19dqW4pGddgObxBomyZctisEEAAAAAAAAAKHyULFnS5/MdOnSIY4+8Xq9axCMT6rNZOm9AgwYA5BAI0FkACw6QfzCjn3ZKdxZZqc+ccvrpp2d3vMHdu3cvXLhw5cqVGzZs2LZt2969e48cOeL3+wUAAAAAAAAAgFyF5OPSpUtXrFixVq1aDRo0aNq0aZs2bapWrRp/CUlJSWXLlj1w4IBLOyb1mcckVClKg44hNGdXg9510Pzj7+DCTcGl28yt+4IHU8TxdBOvkhc+SDQrnmiULSFql/e0rGW0qes5r56nWll0VwA3EKCzINqXBtdNcMoJN98QYRo0T+dEfd68efNXX301a9asFStWCAAAAAAAAAAAeY/f7z8g2bBhw48//siJzZo1u+KKK6655po6derEUwg999HTHxXCg88zhkR359DF5RyaQW/8NzhlSfCjef6dB81En3H4OKSTQg6JY8fSzGNpYueBwB8bRZl5RrrfrF7W6N3e1/NcT/1KHgGABAJ0FniifFkQAQ1OMnGabxCsMrusn5UGHb/6PGfOnAkTJsycOVMAAAAAAAAAADjVrJC88sornTt37tOnT4cOHbJchZ7+TjvtNNKgheME7RqQUEVD59CI46e1gddm+hdsJqXbSM2wHk75ExQpuMvh773mK9/5X/nObFvHc39n3yWNvQIUeSBAZ0G0iyuuoyCf4DLfUD3bLvU5IClTpkyxYsWyLHPZsmUjRoxQ3exM5cqVb7zxxnbt2tWtW7dcuXJJSUkeDzozAQAAAAAAyAV27dpVrVo1AYAGPcelp6eTdrxx48aff/553LhxatFMyaWXXjp48OAWLVrELoeeAelJ8PDhwzyrD0jI06xBx2PEEZFFm4OPTPWv3BE4ksoJ0EuA3f3w64bg0m3pTWt4X+zha10HAkKRBgJ0FsADGuQHooU/h5tviEjSM0/QbUfJkiVFVvzvf/8bM2aMmqXe8nvvvfeqq66qVasWxp0AAAAAAAAAgJMDicL0EFdVcuGFFz755JM7duyYMmXKK6+8whl+lNx9992PP/547KLoSZC07LS0tPBnOiVDx2PEEa5NP/h5xvjf/KkZAoCIULfEHxsDV4wI3Hmh75VrEwQoqqD/IQuiCW7wgAb5h3DzDZWuNGiaLVu2bOxyVq5ceeWVVyr1uUqVKtTHvmTJErqhqV27NtRnAAAAAAAAADiF1KhR47777tuyZcuoUaNUIj3B0XMcPc3FXpefB1V8kv7Y6HqVVsTH8u3Bpk+mTpgL9RlkDZ0kdKrQCUOnjQBFEkRAZ4H3hCT65KPm5r3m8QxLvy5bXFQobVQ9LbfFu2CaOLpSHF0j0v6xUzzFREJ5kVheflYQCRWEr7QABZ/Y4c/6qIMqXd1SqGm624itIH/11Vf33nuv3+/nWepdv/nmm+OJmAYAAAAAAAAAcNJITEzs0aNHly5dxo0bx9HQK1asuOqqq958881rrrkm2lr0PFimTJmDBw/ShMfjUaKzHgEttDEJYwdBT1kS6PNuOiLzQPwcJRFrr3nBi2kT7kjseS5coYschVOANo8fDyxd6l+0KLBqlXnwoHn0qHnsmHnoEC0yypc3TjvNQ38NGnjPOcfXrJmnVq0YRUVT7MKvs4dTxey1gZ/WBr9eEfj3cITL8Dk1PB0beTqc6elyzol+0/xHxD+TxaEF4shKkfJ31vmL1RBVe4uqN4hi1Tlh26HfAsH0gJkmP9P9QZ5Iq1yqec0y54nc4O/9s5JT1oWnt60xSIC8QdegXbozQzcoJUqUiFHCBx988Mgjj/B0vXr13n777caNGwsAAAAAAAAAAPmSYsWK3XfffVdeeeXFF19Ms36/v3///qQv33rrrdFWoafClJSUjIwMekhUAxLywyMP8BOnAfTbv/ofneqH+gxOADpt+k3M2H/U7HsRImKLFoXteGfMmpX+6af+JUuiZTD37aM/q5tv2TIxeTL9SwJ0Yq9eid27G6UjxAsbcXhA/7XHfG1WxqR5ARGTP3cE6W/kj6JyGePODr6+HbwVS8cdFp22S2x+TfzzmRX4HD+pO8Tml62/KteKuo+IYjXnbX/132OrwjOWSqzap/kcw8hpH1Ra4PAPm4ZmBFJc6bmlbhdB4gl/FmER0Lr5Bn2WLh0rFl5Xn6+//vpnnnkmdn4AAAAAAAAAAPmBhg0bbty4sV+/fjyGPD/ZxdCg6VkvOTmZnhNZZeZQaBXp7Ip6jhgETerzE9MyUtLh0AhOkJR08/EvLd8WaNBFisLjAZ3+5ZdHrroq5YEHYqjPEQlu25b62muHzz8/dezY8KVZdv09/VVGs6dTs1SfdfYcNp+fkXHWE6lTFse31uZXxdxmYtek7KnPOv98Lv5oSeV0qP1UxOVH03ev3vuZyDHLdo8PV5+JdjXvFyBvCDfiUHHQrEEnSaKt/tVXXyn1edCgQa+88grUZwAAAAAAAAAoKJQoUWLChAm33XYbz9LzHT3lRcvMj4fKs1G9Qet6roy2+pQlgce+9B89UWUCAIZOoUen+ul0EqDIUCgE6LS0YwMGHH/qqeD27SIHpI0de+z229mpI0sCQbH/mNnp1bRXZvrFCUHft1veTR/0SUZ67AJW9xWbXxG5wuZXqm58oc5pHSIuXLRzlGnm6MtP0vPyf94LT6952gVVSjUXIPeIFv6sO2+o6Rg+zitXrrz33nt5+r777nvggQd8PvRAAgAAAAAAAEBBwuPxPP/880qDpqe8GGMS0hOi65lRjUnoerNWZBajl28P3vZeeko6rDdALkAnUp930zEmYdGhwAvQ5r59R2++2f/bb7GzeSpX9rZo4WvVyteihRE9GtS/ePHR//u/4K5doRWjBEBvSQ5e8FLa/E2Rvyq1yxvt6noaVzVOK55FAPU7c/zXv5UedfG6oWLPl1GXekuI8peJ2oNEnQfsv9r3ijItRQwOzLkg4DUiHXcZBD1Z5IBl/0QJf64xRIDcILwjWk/RZWh1J2EYRvHixaMV+OCDD/Kog9dff/2QIUPY9gsAAAAAAAAAQIHjueeeu/TSS4X0g6ZnvWjZ6AmRnhP1getFZulZRHn2vGU8Rh0EuQmdTje/ky5A0aBgRzuaKSlH77gjuGlTxKUJF1+c0L27t359T40arkX++fPTP/ssQ3okuQj++++xO+8s+cEHnooVadYbRZG78e304xmZUkhrvr6N99pW3vPqZ1pn+35zypLAh/MCa3dHVqtnrgr8d2L6W7ckuhccWSF2TYy4iih+hqU7V/4/4Y2kLWbsF3u/FdveFCkRWqbsnumNqnZee3hu+KJFO0c3rnit10gQ2ccKf94dIfy51mkdciv8ecmSJR9++CFPJyUl9e3bt27dujR94MCBN954o2bNmnfccYfIA3i7N91007nnnitOLjFefYoY/qyTZfjz//73vxUrVgg56uAzzzyD2GcAAAAAAAAAKLh4PJ5x48bVr1+fpulZj574Hn/88Yg5S5QocezYMR57UH+KZN9n4ZiR6tbPD03J2HNYfz6ladhAg5xCJ9WDn2e8cu2JyFCgYFGwAx6PP/xwRPXZ26hRqU8+KfHGGwkdO4arz4SvXbsSw4eX/u67hKuvDl8a3LGDNGgRe9OZ1eeHr/Stf6HYiOsTXOozUbOcMfgy35InkybekVinQuQL9KR5gZe/C3Pi2PhsxMzi9AtEm19EtZsiq89EQjlrabsFokZkQbb90R0eI4LaeDR999oTdYJeseeDtMDh8PS2Ne4TucGMGTNYBR4hueCCC958880l2fT7LhxE7IsOl555Ilr487Jly8aMGcPTb7/9NnyfAQAAAAAAAKCgQ8ryzz//zNP0xEfPfRGz0XOibsHheqJ0ZaaURZuD7/4G62eQ+9BJNf43P51gAhR2CrAAnfbeexm//BKennD55aU++8x71llZluCpXr3E888nXndd+KLg5s1pE63o46zGIBSli4lZQ5Ke/E9CmWJZ5OzZyrvw8WLdW3ojLn1+RsaaXdpXLnBMHJgTIR+Jy2e/K7xRw1oz0eAlUblbeHLJI6ualf9PxDUW7BgZMDNENvEHU5fueis8vXbZjrkS/pyamrphw4azzz5bxSBfeumlNWvW/PXXX2mRKKS4fvhj+2+oFLp70CeKFYt8XpKIzxNPPfVU48aNBQAAAAAAAACAgk/Dhg2V/4Z67nPBz4nK+llN6Ogpj37pT82wklxZBAA5hk6tR6ae4OBqoABRUF+6N1NSSIAOT7dCm197TWSH4o89Ftyyxb9ggSs9bfz4xGuv9RpZ6MqzBic1rxWvjl8ySXx0V2K3Uenfr3YP9+cPin6TMuY85PhTH47cUSlq3GVp0PFz5gtiz7Tw5Dai1GpvqfTAUVd6SsbeNf9Oblr5JpEd/twzKWL4c/ua94vc4Pjx44cPW+WT3My/lPQ5ZMiQAwehwcg8AAAQAElEQVQOqDy0aPjw4dvlQJQkVet2HDNmzPjpp594Wi2i/BwCnJSUtHHjRl4aw2dDL5+077vvvpvqwCVfcsklXbt21bd10vw6woctFs7dA31GU5/nzJnzo/SfqVq1KlVVAAAAAAAAAAAoLPTr1++VV16hCXruo6e/Dh06hOehp8W0tDR+cuTRgNRDJaco843ZawOrdgQEAHnGyh2Bn9YGLmnsFaDwUlAjoNMnTzYPR1A8iz/5pMg+xf/3PyPMqcA8eDD9o49iR0CPuSkhfvVZMe7mhNKRhMHFW4JfLnUu696SoaEF9b/KPUS2SKwoyraNkJyytVW1uyOusXDnm9kKgpbhz+PC088oe3HFEk1EbnD66adfffXVJP4+/fTTmzTTFUpXGist7datG3XwkqK6atUqdudg1Xjx4sVPPvkkLXrxxRcPHTpEhSjlmtaiEtjWg1b88MMPSUGOWIevv/6ay6dCaPall16iQjgQe8OGDRyIzZHalHJWHAH4J0b4SMR6ut6DTZ/RbJ0nTJjAE0899VQMk2gAAAAAAAAAAAUOesgdNWoUT6unPxf8tOh6gzbik+awWf4jqQh2BnnIkVTx2kwEQRdyCqoAnRbpGprYs2dEx+cs8VSunHDlleHpGU7YbETa1PH0Of9EQsirnGY8elVkh/WvljsCdJkWos6DEf5K1BXZpUzrCImp25tXua1kQqXwJTIIOhtO0Kv//eS4/0B4ersaQ0Tuce655yrr58ESl1J85pln8piE9HnaaactX77cqtvq1SQxk3hNUrWQP8MkIpNMPHeuPQYj5ezRo4faxNlnn01qtR5YraBNc/l6ITTdoEGDf//9d9euXbSIPmn6oosuihZ6nIuE3xm4bh3oMzExMXzFzZs3z5w5kybKli172WWXCQAAAAAAAEAU6O7677///uOPP7766qu3JTRBs5s2bTJNSHIg/6Je0qWnP3oGDM9AT4vqyVEPY9Kxzv9/gwu3wJ8X5DkLNgc3/oszrTBTIAXowPr1ZiSJMPHaa8WJElGADqxe7Tl8MNoqT/3nxIfp7HuRr3ypCMHVM1cFA7n+jSsWSZRP3e71JLWrGVkjXrgzXidoyrYkkvtzndMvqVgy96OA6UdURSv/9NNPw4cPj+0BTTI0ScwsHDPVqlWrVKmSilmuWbMma9NM8+bNDx06tClsZMukpKQmTZpELITT16xZw58kPeubO2GyNIB2JappdetARIyApjtmnrj33nujDVGYLf7888+33npr4MCBd9xxBx0aNeQFAAAAAAAABRp6NPj000+//vrrhQsXkoSXIqEJmp0+ffpnn312ONJbuQDkB0hfVk7Q6hlQh54W+bFRhD1O6tNfLKUMmnYBG2iQVxhTlkCALswUTAF68eLwRKN0aW8OxlKLNmihP9K2iMpljIsbnXjrFU8QN7SJ4G5z+Lj521/Z+cql7xUpG8XhJeLA3Kh/6f9EWDFoya+NK/YsW6xO+MKUjL2r//1ExMHqfz89lvFveHrbGoNFXnLuuedecsklKvT4FEJy85lnnkli9O7duxcvXuxStPMC1z2By/1ZaB3XEQXoWbNm8USXLl1EzqD774ceeqhz587PPPPMlClTvvvuu1dffbV37949e/Y8OceFHgYMw6BPAQAAAAAAQK6ycuXKDz/8cM+ePdEy0P3/pEmTVq9eLcAphR4HHnjggb///luAzNBzGU+oZ0Ad9bToeop0PWN+PN+fml74ZcElTxZLGVtc/X0zKEmcOjo29Gx80aoPfdK0KBqkZpgfzYMLR2GmQA5C6Jf2vi68OXPdNUqVMsqWNQ+GxTv/tUGIC8LzX5Tjq8BlTTyjZkdIX7wlGPkSE0wTB+eLw4vFsb/E8c3WX8YBccKY1k+IITzn13romw39wpcv2jn6rEo3eI1YUd5BM7B45+jw9LqnX55b7s/Mpk2b3n777UqVKvHQf5xYtWrVtLS0AwcOxBB8mzdvvmrVKlpdDQnILhkXXHABl7N9+3a9hPCIaYY2tGbNGpXuKoS2Qvem3377bWpq6sUXXyxOEfprU/wWFQ8loUN3yStWrKCJKlWq1KpVS+SA48ePX3755RwtTvcutWvXLlmy5Pr166mt/vjjj4suuohuBBs1aiQAAAAAAAAoaNA9czwv9mVkZPzwww+BQOCcc84R+Qa6D6daXXbZZVdffbVKpKee4cOH0yPAXXfdRXfyo0dbz3EDBgyI+E7kO++8Q/q7mr3llltatWol4mPx4sXxZ84V/vnnH34wFCAzNRyHUjqf6UmQnqD1pfS0yP6NXq+XRx0Mf+9290Fz18FCHuN8Y1vviOsTXcN0XdzIkoDvnJD+y3rE5J48dsrzrVpZQ4DCSIEUoINbt4YnBjZuPHb77SInRDJzMPfvi5i3fb2cCtDt60ce33PHgbDr+94ZYvvb4uA8kYsE7Z0lsbhSybP/PbbKtTwlY++qPR83q3JrjDLW7P0sYvhz+5r3i1yFlN9rr72WRN4ff/yRrazo9oLuq3i4P7p/irYiLaU8lJNKIJWZBOJp06aRanz++edzhkOHDk2dOvWOO+6g6SVLlpBafckll0RUtH///fcmTZpQOeGFsOs0rUvbqlatmsgzIr4Ypae4PsMF6IULF/LEjTfeaBg5uqw/88wzrD536dKF7mXLlClD03Tz/brk2LFj99xzz8yZM6MNhAgAAAAAAED+hJ4Rfvvtt/jzU+YzzjiD74dPOfSgxPf869evv/TSS7Pruff333+PGzeucuXKL7/8Mq/LKb/88ks0tVrfNGvcJ1mAJkldgCj069ePDp+QT4LXXHONvkgpzuGfinmbgok+kWrbc5qZvDgKC0OvSCD1Od0vhn3vf+5ra1fH3JTY53wvyaDDrks899lUAU4WiT7jj7+DPc/1xpmfNBySic4++2yWdCJCAs6YMWNIsYmR5+RDV8s33niDLpXKq70oUCC1IfPo0QiJycn+5GSR2xgkQEd696J8yZxeeUsliZJJ4liaO31LsnbFP/C72PCQOLZB5CUdaj81ZU0E++zFu8acXfnGaEHQ0cKf65W7olzx+iK3Offcc0kXfvvtt39yRoYkpZi/qzEEaJKJhwwZMmPGjGeffZZT6NpEKUJehoT0gG7UqNHgwbZhyE033aRipV1cdtllEydOpJtRXuvhhx9WsdhUMbpwUMUaNGiQF8MPxjCAjvEZcS0VyNC2bVuRAw4fPjxp0iQhx2YcP368SqfO86FDh1IjPP/882vWrKH7VLrrFQAAAAAAABQQ6C565syZfr/9JviVV15JN/+///47D/rCkD57xRVX0K31smXLhIyDplV69eol8gGkF9MzS9OmTal6q1evzpYWTJrIhAkTaO90rblevXosYpLQA6m3wHHxxRezAE3ng0uAFtpjo+vTMAz+XLgpcPh4mO5M2YxCokR3bOg5TZ7pf+81WX0m7v4wvW3dYo2rGjVON25s6/14QYBzju+TqIJzdx00XfHR3wxK0m1aJ8wNUDlCi7D+eV1w6z6TpG21Livd4avoPPmfhG/remJkKEzQybZwU7wCNEk6v/76qwh7rx3kWwqmAH3kiDhZmPv2iUghrWVLiJxTpYxBlzlX4vb98hJmBsTmV8TW19krI/cxQoe+aulz65x+yeYDP7myyCDoD5tVuS1iAeuTvzySHsHnt12NoSJvqFu37ksvvRSeTheap59+OtqskEMXxuhWIsVZxTJHy8CqNEne0fLs2bOHutRil5MX6EKzywk6Ihs22J0ZORwp8Y8//uDNjRgxInwp3aF+8MEHO3bsoGw5FKBpK7/99ttDDz00f/58mq1UqdJtt932xBNPlCxZUuVJSUl59dVXX3jhhYMHD5YtW/bRRx+955571B0zPQ989NFHdEpslW9OtGvX7uWXX77wwgtVALhrEw0bNiT1vEePHioDPWw88MAD9FBBDUvbveGGG5577rkqVaoIAAAAAABQ6Ngt4Wm6ITzjjDOSkpIuu+wykqT5Xrpq1ardu3dPTExs3rw5C9BCevT9888/+eEWkapEDyb05LJt2zaazpYATTo7aTp9+vRxRTqTBt2gQQPafVK3aZodPKh8XspeH4sXL544caKQQufAgQOVAYju5kGyuC5hc8Q0h/hQnS+66KLp06cruw99KR0CesSgTav0Nm3aUINTyZSfjtecOXNUBg7ZTktLc63oqozLoqSwUr++HRymngTDYRcOEemN22XbC7n/BqnAh46LamVFvYrGE1cnKA3aFfhMi4Ze7kvU9DNSoif3Sxr8aTrL00uetARrfRVSlmuXT7rqjVDIYbOamQYSi7gKCd/6pmkruh8Fadm7D4UqWShZui3eU46dUUmEoYvP3Llzdc2HTVz5IqCc0DlcWgUyEu+++y6J14MGDaLpN954Q4UbsvUrF0KXIyqfiqKLSd++fVlI4ahqWpfL0QMZ9U3TZY0KV8o4V0DI69K1114rih6FJwI6r4iyrYyAyDneSDYeadzXvm6w2B3XMIAWxWqKYtVEUlVrwhMWgXtsvfh3ujvRzGTufkGtR7cc+NkUbuFy8a5xZ1e60etxB4FTzgU7Xhdh1C93ZV6EP+dz6B6ILj0nYfhBF/r9geuFqYjhz4S6TSxXrpzIAXRvSp/VqlWrXr16+FK6fWndujUJ0PQzIHLG119/Tff355xzzvjx4+k3gHRtko/pmk6ackKCHZtPPw/0PEAaMT0MjBo16sEHH9y5cycp4/TAQOrzgAED6EazY8eOJFsfO3Zs2LBhF198Mf26UDp37NP96/3331+rVi1KJH2ZSqCfKNoKFUgZ6K69U6dOZcqUoQJJ/v7222+pJitWrPjuu+/Kly8vAAAAAABA4YJkTTVN94q//PLLFVdcQbeFnTt3pntOur285pprfD4fLZo3L5NHIsmgp1yAJu2VdEYSi0kloftbJRnHsy7JyuvXr6db7ohPCko4Vv7R7NHBai/dh5NMQxtSNtPhOXn2tdde4/BqXpGqypmVfs3wrNKIaZbu1XXJ+IcffiDpmdfVxyTnFZWKzSvyLGWjp6FnnnmGntp465Sh0GvQ6hFVPQm6cD1C8qMlx+LQxLZ9hd8BecGmYOOqXhKXH+nioz9K+XldUBeOOzb03HqeleFIqmDFWUVDD70igWZJnib9WmgRyiwuN6xi6ON7lUoyXvw25PLB6rPaFgdQUyIt+mxRSK7hMjlWmurQrm4hH5Nwa9yn3Jo1a9gZlc5tutaRKMzvo7uEZlaZSQtmg1aVk2UcvlDobhiUn9QG5ddBhXOAIynO06ZNI/GBp+nzxRdfpHKUrEwaNKvPJC6zHk1FUcmsQc+YMeOnn35iqZr1a9a7ixQF8tw1SpUSJwvDjKw0J+eGBr7vWITESqUNseOdWOpz8Vqi7iPirHdEq+/FBatFp73ivKWi5Qwrpd6Tos6D7r+KV4msKFusTqOKPcLTUzL2rvz3o/D09clfRQx/bltjUtbUgQAAEABJREFUsCh6TJ069YSHH0xPT6e7Q7oqhS9asGAB3b0tWrRIT4ymLLvg0STC0/fu3csT1OcmcgB1NtJnDAW2YsWK9LllyxaRA2gvJk+eTLezdLNIPwC9e/f+5ptvevXqRb80WzUjeKrGn3/++fjjj1OemTNnNmrUiO5H9+2z3Nu/+OILUp/pxvT777+npQMHDqR70JYtW9J9J79ESZ8vvfTShRdeSCXQUsqzcOHCPn36kFrNAdEkNFPv5ZQpU2jp9ddfTwo4bYh+qOjuXAAAAAAAgEKHCn9m1q5d++233/IQbV26dOnWrRupzzRLievWrYux4imBbm7p3rVFixY0TZ88lHq2SiCZJrapID0I7Nmzp2PHjnqUdMR9X716NeXs3r0756RPmqaUH3/8kWZnz55NG1LBiaT+kL7M0yRVk+5Pj0LqZUpa2rRpU7pRVyMN0mx4cDevqC/iFb/66itakboW1N6RVv7qq6/WqVMnhp3jKeTyyy9/7LHHIg7888gjj1x55ZUibhITE3lCPQnq8Nj1MVY/lBLatiikkLx754T0I1rEMwnBKWOL7xlR/Ma2VmB4r9Y+0prT/WLUbD/HO/+yPvjBHwFK4bhpEoVJGl6723T5Y5Qulil+Wbl8kCp9+VmWFrfroPnqTDucmSZ4vEda1KymrdRRCovRv/8V4BpWOa2QD9B3MCWubPSNpkd7EpRJLrjooov+/fdf1ijYl4PS1dWjR48e9MUX0qBVz0liMWVu0qQJD22lv85O0nCqM0QcrVJMotalKxhN0G8BX0xIUD777LNpo7TKzz//fOaZZ6poaNo0fc6dO5drS9l4Ea1Iq+dQkymIFMgIaKNcufAg6IQuXRKvvVZ4PFZnnccT+nNmrXSvV83yhBGWLZRZng1miimGRnCdTz6aC9fffZEKqUwXlM3DIq+QcLqo94SodrPIFhlxDQfcrsaQ9cnTgpkjo4lFO0c3rdRbD4I2RXDhzpHhJZxZ/qoCFP7M9tAiN8iJmT3dEFSpUuW+++6jG9kBAwZwIt0EkO5MV0xa6hqqOCIRjTgicsSxrwkfnzBbkMhLUq/rnluH73TprlHkGLpYr1q1qnr16vStTEhIIEnalYE6GGvXrs3TlStXbtOmDcnNhw8fLlWq1KRJk6h5H374YRUuTco4tTZ1PM6aNYu6QKkfMjk5+f777+ffJIJy0gGlPkxa1L59eyF/w5YtW0aytdfrpTo8JxEAAAAAAKAwEq6lbtiwIT09/T//+Q8Prx0IBL7++uvwSAsWNU4hPPwg3dZyyDN90nR2hyJk5SVGfpZu33nnHQ5YjjH0It1CkwIeHmpDQjDJvrQheljQXyElJWjOnDnC0bg7dOigV4P09JUrV8YO6OYVt23bNnDgQD2dhJ79+/d36tRp3LhxDz30EKVwTDTpQSJf0rVr15deeomaiFqPzTGEFIvvvvvu6dOnP/744/EXpZ77jsQ0Mg1/uZY5nhHPwIMFfnBCkpU/XmB3RShnjNLFxLPdEkgCrl3emtVDpHWqnmZwCPOYmxJJto5ja5axBmnTNLH+H1O5SNNE/Uds6UmPm2aoGkdSTV6rcHM8PS6pjeVjjgKsW7cuyTsk/tIEXVtICqBvt+pIo8uIukxxThIraGL58uUkFrOlBgcFckgyKQaxO+HoIlOpUqVq1UJevSQg0OX34MGD27dvp0LUGGMqPy2l2jZv3lwl0qUvL8YPy+cUTAHakYoyEQj4ogwflxcs2JTTV1EWb4lcQqeKv4qMfREWJJQXrX+wTDayS0ZcYzOWSqzSvMptS3e/40pP9R9Y+e9HzavcrlL+2vfNodStrmyk37epPkiA7PPDDz9QJ/Y999xDNwf9+/enlKVLl1Knd8mSJWfPnl2jRo2I4xGHE3v4QUaNppJD+F4tIyOD7uH69evnWrpkyRJ+IbFLly4iB5Dae91113366afUPmXLlqXpXr16XXjhhUpNZsJlbvrJoUs8NSBJ5PXr1+dwbAWp5yVKlFixYoWQQjk9SKxdu5YeKlSGnTt30iboZp2aizZNd9j//e9/6QBRB2bv3r3pzlV3oAYAAAAAAIWJiPfSeqCoEWX4NfNUh4jy8IM08dRTT6lESolzKEKSaRo2bEgSMGm14daC7J5Mui37bJC0zcYa7MgcrUzKNmTIkPDSaC2q2GkRn+tzTAxzZ7qxF9KyY6Ik39pAk4B+9OjRUaNGkZr21ltv0QMLPZjcdddds2bNovZkE4DsEuNJMNzRUREMC8Iu6FpzlrAFMxtikFLcq3UWohnJ0y6H6HS/2HnQrFOh8IvFeUEwjusohzlT/9abb76pp6s3JKJB1yJ24aCORhKL+evPvhkXXHABW3DMmDEjhmF6jJJ567rHtIKDrEGBtODw1IwgwgY2bhR5QLTBXX9aG/DnTIL+cW3k9S+pPDvyCo1fPxH1mTi8Is6Mravfm+iNYG+yaOfoQFBZIJmLdo4Kz1Owwp/zFaRmkgZN1ym6k3jvvffoxo6mKZE03CZNmmS5esQ73Wi3vxy1YeR4zGKqIcm4NPH888+/++67+qI//vjjtttuCwQC1M2Y82Gy//Of/yxYsICEbNKU6d6LW4ZuHEn7Vnn0vkcdek6g2ywOW46Yge7qtm7dSnkefvjhazXuu+8+utVLTk6mH7YWLVosXry4T58+lH/y5MlUn1KlStEd4bFjxwQAAAAAACh0uGIXhBx1kG4C6a4yIPF4PDRLWq0rW6VKlcQphYcffOaZZ0Y6DBo0KCkpSY2UmCUkwRQrVuzLL790GVOwtTRbW7DM7bLgiAjdSFNOyq+X88ADD5D+S2JNrVq1tm3bpgtG7B8i5O195cqV169fr1eD9y62n3XEFUk6f+KJJ0hveu2112haSN9nahyXp0d+g0dW/+67726//XbaHXoeIfWZUu6//35xQvCTYDixHyc9hV1EvbGtd8+I4iljiy95MlM46vxNwXRHsd+6z2oNmn3xW3+J/sddf1e9kdatheXOrDKUvff4luRYMiqHM9OEbhJNExtfLEY1oU9lwVEEieeU4+EHb7rpphEO9957Lz28z507l+Od2eiZM3NMtFq3efPmtC6PVsXhz/z2djzaC0MXGeXjwZAkwj7RymOa0+nyQum0lOOdly9frlbhmGhRxCiQp7WvdevwxODffwfz4KWnaNLVsTQxdcmJD0RI1/NPF/gjbU7UKvlPhBWMBFGhsziRLQXFwT+iLHLXn9TnVtUi9Kam+g/8uedDnv57/6z9x/9yZTCEp12NoSJfog9jnW+h+0K6t+jevfsdd9xBt3101zt//vw6depEzBzjFkFfFDFb6dKlRXSH6GxVmO7e6BpKt+B0P3fllVc+9NBDzz777PXXX9+zZ0+SbikPSbSkHYscQ7e533zzDV2dFy1aRPfQdOf04IMPfvHFF1muSM8GlJlqGE2OJy27evXq5cqVo58cM4xffvmllLSbp9vc999/n363KNtzzz1HR4c6Wjl6AgAAAAAAFDJcAjTJynSXzr7PM2bMoPtS9oOmG+DGjRvHWPEkwxqxy9SC7mMbNGjg0nljQOuS0Llnz54XXnhBrcLj9ZHmQnIP59FF7SlTpqihtOjpgDRimmX996yzzqL6TJ48mTVoKnDChAlUDnuzdurUie7waXVed/HixT/88ANPk4REAjdVm92ieenKlSvbtGkTe9R3tSKPCSZksDOteM0111AvAvUZ8KiMQmpSHIKdn9+CJw367rvvpkYgKX/27NmkPlOKyCbquY+fBF2EPz+6Hp2KJ7AeUmgNoD9eEOB30xtXNb4ZFPIdVZry7kOWCzNJxjR7Tycfu0IL6dRBYjH9jbnJdtlO84u//7WKIimZlOUYG/1lffD71VbOamWNBzrbb/fSBBtG06IV2wv/2I/RKJ6YtQLNww+yfMxQ5xNdqzly+aKLLtq+fbu6ekydOlUf7o9dOEiAJrGYryd0caCuL77ibdq06ffff4+9dbqC0bamTZvGCvKSJUtWrVpF3VpU2sUXX0za9EcffaQ2LaQTNC0iWYOyUWYhI7hpde5vK1IUSAsOX9u2EdMzfvop6eZs+iNnRYxz/7mvM3q28p5Yl+APawIb9kS4iLep4/H5/42wgi+qtVYW/PuVCEQJ1TS84WnNq9y2/J/3UsJcOxbvGnNO5Zu8nsT5O0aEr3Vm+a6nFcsFt99ch+4R6fLRt29fke9JSEig269bbrmFLkkkfeZRAAXdFvOFlS55JUqUEDmAbme//fZbuiVat27dColaRMIuyb60CequnzhxIv0AiBOCrt10s0hNQbet9CPRSkK3qpSoD0IYDbqhbNSoEUn5O3bs0B8PqMIpKSnNmjWj7qUzzjhj//79f/31l56Bzpn//Oc/d91115NPPkm7QEu///77ChUqUJ7HH3+cHjY6dOiwefNmAQAAAAAACh0uHblz586JiYmkyn333Xd8B0gTXbp0oTtJui+lG0XlbHBqI6BJoBRS1XWls3UyPWio4f5ioyyedR8PdkxWGa677jq6yWef5TPPPFMZ4vEwg+yzzO4W999/PxWlbKCbNm2qXpGkckhOHT58OJdDhfTq1eurr75iSYg2x14frEqT5D1o0KDY4c8MrUglUB24WH1Fft1eVYa2OGDAgPjdsU8J9PSRkZHBw6qfgPos5KD3PHFiHSSnlRDH0kXh5tWZGQ2rJJL4y2MP6ovmbgzysIEf/BEYermvdDExvk/i+D6hDBPmBu7+MJ006MZVveFLY0Brta1rmU27NsojGYZ7QBcdymalUrBGfMEFF+jdUTxIIPU8ke7ctWtXWvT222//9NNPtKh+/fo1NRMF1oJpkXJkPvfcc3fv3v2hhK4YlDm2NEzbIhlkzJgxjzzyiJAXmXvvvVd5SdPVjy4ybANNigRdf7ieVCtSunkrQl6p9LjsIkKBFKA9NWp4atYMbt/uSk97773EHj2ME7JnPdK5c3gAtbdFC8/bH0Rb5e+95rhf/HdffCJt+NRXkQ2Y/nuRTxiRCszYJwLHhTf7v46b/pet7F5PUvua9/+06WFXugyCnlS22BlRwp9zZzS/Io7H4+GLUfz+cdl1mqPbLO4VJBk6hwK0kGbKs2bNGj9+PIm8q1evpjLpYk3iLF1t6Tb35ptvprulW2+99eOPPz7vvPNE9ilXrhwJxNOnTyd1u63T7UR6MX2WLVs2y9Xph4HqQCr5iBEjRo8ezc7Re/fuff3112n1yy+/XMjeSJqlm2z6AaPNCenL8eKLLx48eJB6L0lJJ9H5888/p98nus/mYul3gm7j8sixDgAAAAAAnFpIQVBunsSqVavoVpbuBklr5hSaIFWUbiaTk5OV+sw3ruLUEc37jmM4eFqNpE2qa2wnh9hOenqZLli/jrMoamd9cO+vv/46xtIY6VdLYtQhWs4CwTPPPHPNNde0bNlSnBDqTM7u+PD8pFmrvGfXwUIejcuj/5GI3Of8UIjekSEVSOAAABAASURBVFQx+NP0jxfYb42TDP3bhgDpyxyk7MpAkrEQodVpEWXuco439nbPfda9UZazRdGmdvksxHe6RL/00kvh6edKYudhukpip4QXopdPUsOQIZFFMLpAsR1H7BoWTQqkAE0U698/JawD0Ny3L3XEiOLZGROWSf/ss4j2HQkXXxyMefI/8WXGlU292XWXHzI5I+IrFc1rea5v4xWrq0Zebe8MUeVakS02PCyObxPZpEnFXst2vxsuNC/ZPa5UYgSz3UYVup+c8Gf2hufOKOpl6tu3r3rnYsmSJeo1K+5lopsq6pLaLnsp3nzzTdX1RD/AanhT4qabbtIvATNmzOBeMuL888/fts1qPerd4jez9KVnn332HXfcodZavHgx3cqQUlmpUiW64/nll19073le0bWtOMmWxXOWNGjQgF9F2bx5c/Xq1UWOIVW3v8SVTjL0hAkT+vTpQ1otqcDUMidwz+Tz+UjLnjlzJt3fP/DAA6R3z5kzZ9y4cWeddVb37t3jKeH//u//6Jb3nXfeoecEav9jx44NGzaMDutrr71GhVAGqtVTTz1FvZQtWrQYOnQoKc6jRo1avnw5rUVHkDLcdtttJKDTLsydO5d2at26dXQ7S/r1f//7XwEAAAAAAAoddAvapUuXTz75hL0LlkpcedasWbN37172nRMyjuSqq66K5rELIkJyM+n4Kib677//plt9elqJJ8y5qHHC6jOx0Rkri9pWZJ8WNY35f0caeJAeSHM8sFC+gpTfuz+MlYF16hNb/eMFx7O1Vvi2Ym+9MNGyFgZvLLQU1N/IhK5dPW+/HdyyxZVOUrKnTp2k3r1F3AQ3bUp97bXIW+nUKbYpy/EMcfnwtI/uSmxTJ95XJJ6ZnjHul8jhz69eK91/yrYReyL522560bKB9pUWcbLzA7Hj3VgZgmnCkxRxSfuaQ7/Z0M+VeDxjP/25Eg3haV39XpH3sMSsVF2aJVmZZ3mRknfffffd999/n1Rj6pJSFhwsVbuGN+XZ3bt38yytSDIlvz2RmprK+jW/rMGzhw8ffvLJJ0nF5lnq11LvU5Ci/euvv1IKSdW0lC3YaIJnaZrKYcUzt1BDFUdcFG0tusPjiXnz5lE7iLzk4osvHj9+PA+acd1115EGrV5yiZ82bdqQ8ksCN8nE9AxAyi9J0o899liZMnGZ0pA+Pnr06HPOOYcU5zvvvJOeDdq3bz9p0qQLL7yQ7d3pk6Ttdu3akQZNR1NI9yg6tUhf5ojp2rVrz549m/KQ8E3plHjrrbdSZWrUqCEAAAAAAEBhpGLFinS7SLf3MfKQAK2mL7roovLlywuQHa6++mp6HlEWHAS7dgiQq/z88888oZ4Ew4nxXNnqDKN0MeNIkRssDZwayhQ32tQtuvYjhZ4CfGiLP/ZYxPTUl19OHTFCxId/yZKjt91mRhp9MrFnT0+tWv6sBhrcecDs+Erao1MzDhzLIih17xGzz3vpL38XWX1+vGvC+fXl4agY5Uc3dbtYeavwHxJZkrFPrBkg1mc1PK6ZEW1J3dMvr1TybBEHJyf8mTRcuv8jDZcHrBDy5YWzzz578eLFBw4cWL58uUveJaXYNXAzQ7++lSpVUoWQ0Ew3PaRQb5KQ+kyzLFWTcHzbbbcpm4XVq1eTGM2+8ry0W7duPMoqZ0hKSqIUDpSmT+peVuOi8gitdFeadwNcxDkCoZB6Lk989tlnJxxGHT90E/nOO++Q7Hvs2LFRo0aJE6JJkyZ09HksQTrcL7/8slKf6YhQous+9YMPPqDNqWBzkozvueeeLVu2UE4qhA53hw4d9MFFaZpSSJFnTX/nzp2Un9VnhrTmTz75JD09nZbSJ+0R1GcAAAAAgMJNixYt6FY2MTExdjbKQNmaNWsmQPZhM42RDlCf84Jx48bxhHoSdBF7HML2dT0Z/kI7AiHIb6T7zfPqQYAutBTgt4R8bdsWu+++1NdfD1+U9v77/oULk3r3TgizcVGwX0f69OkRlxrlyhWTruHpUa62xROs8GfF6z/435njv6Gtr1cr7wVnur8wy7cFP1oQePc3f2oUybd7S++jVznHIrGiqH6rFb8czoHfxPzzRfU+onIPUaKue6n/iEieJfZMFft+yJRerIbwlhTH1rvzBzNEdFeiDrWfmrImC8cPw/CenPBn1nBJHdY13DvuuIMkYBKaaYLk46effprdOaKNrkDaJYnIhw4dYqt41yKeIK1TJdL9EOnabNZBGjeJ0RFHWU2N1HtB5ZDQuWbNGlolfITWU0jVqlXp/njFihUks1JrZNcI7ATo3Lnzu++++/bbb9+c2wOEAgAAAAAAkHecddZZdLf83Xff7Yrk1ihkmMKVV15Z8oSGIALgJLBjxw6eoGdAehIU2adqWaNaWWNTsgDgJFBdnm8CFFIKtk1V0u23B9avz/juu/BFgdWrUx591HjmGW/Llt5mzTxVqtCfuX9/YPPm4N9/B/7+O7h1a7RijTJlSo4ebZS2zC6iScYf9U28+8OMfw6F5OljaWL8HD/90XStctbXJkHKuzsPmpv2xuozvKSx551bM3et13vCkpLT/omQO32P2Pyy9VfiTFGqkShe13LSSP9XpO0SB+dHyJ9YWbT4Uqx/IIIAbcaK7q5a+tw6p1+y+cBPMfKcNPfnaBSTuByW2ZE52iq6d7MOrSVyD5KbzzzzTJKnd+/eTZUhIVsfofXkEC3A+YorriABmia+/fbbfv36ibznCokAAAAAAACgQFG6dOlevXrt27ePhLydEo/HU61aterVq5P6zENYA5BvmTJlCk9EexyL56XYG9r5hs0KpGYIAPKUYglG7/Zw0i/MFPijW+Lll1PPOCNt7NiIS820NP+8efQn4sZTqVLJt9/2OPGqKVHGID2rmufXB5OuGJG2JTnCJXvbfpP+RBxc38ZL6rPXFTPtO81SjZf+R6Tvjbpmyl/WX2xKNxXnfCySqggjIcJS/2GRWCHG2hfUenTLgZ9NEXnQW8PwtqsxWJwU9HBjFQTNls19+vSJ02GZI5q3b99+4MABJQcrk2g9ZpkXccQ0uz00b9581apVmzZtUsYOEYOydWiVDz/8kEReqvPFF18s8g3XXHPNK6+8QhMjRoy49dZbixcvLgAAAAAAAABRKC+BzwYoWKSnp/Nzn5DPgOJE6dHSM2yWP8I4hADkMmbPc+G/UZgpDEe3WP/+JBkbFSqIHJNw1VWlvvzSo7klpGZE1pFLFxM1yxm/PJB0c3uvOCFKJonnuie8d1uY+syUqC9azRJl24kTps79ovVsS30mEiKF3/r3xy6gbLE6jSr2iLa0cYX/K5V4Im/xnAAk8l500UUkB//444+csmTJElKESf9t1KjRaaedpgyXSSMmHVmtWLVq1bS0NOWwQUIwycHvv/8++2ZQIT/99BP7PnPMMvtBC+k6TdnYf0PI9+9IvP7666+5KFo6bdo0qtX5558frc5UIFWMKknSOQnoIt9Qp06dzp0708SRI0dUewIAAAAAAAAAKDSod3zp6Y+eAcWJUq+ip80ZkAVBntO2jqd+JZxphZlCEt/ua9euzOzZ6VOnpr3zTnDnTpF9Ei6/PPH6632tWrnSj0WKgDYMcVpxqwOwUhnjrVsSB10aHPxpxm9/BUV8lEoS/Tr6Bl/mO71kzF7EYjVFy68tM+hto8TxLSJ+yl0sGr4qitcOpZzWWqTuENmnfY2ha/dOibioTY2B4iRy7rnnnn766W+//TZJxkIO+nfvvfdytHLv3r3HjBnz5ptvcnqrVq1I9lVrLV++/MMPPyTteNCgQZT/oYceeuONN5QNtDLuENJUmn6kuRyiZ8+e9EkiMsc4DxkyhJY+++yzvPTss8+mlBgVptpSTai2DRo0yLvhB0+MPn36zJw5kyaeeOKJTp06wbcOAAAAAAAAAAoNqamp99xzD0/T05/IGYOv8C3bnnEkTQCQR5QuJu7vDP+NQo4Rj+lPwcI/d65lu7FgQWD9+tg5jeLFfW3a+M4/P+HSS6MFUB8+bi7f7m4in0ecV9/dM7P+H/PHNYGf1gbnbAhENO4oX8q4upn3yqaeSxp7S2QxnHIYe78V+2eLo2vFkT9FMGzUuxJ1RbHalmBdqrGlPpeoJ3KJjfu/++6vAeHpZ1W6vlOdF0Sh5sCBAyRV16xZM6JndDy8++6727dvJ+E7uwbQ4SMRC21IYp1gMEifgUCAJgIOGQ6NGjWKtolbbrmFw5+feuqp//73vwIAAAAAAABw6ti1a1e+em8SFGhef/119t+49NJLJ06cGC3bunXrEhy8Dh6Phz4Nw6AJw6Hz6xnz/uaQOyeKztDD6WDQAXLEefW9Pw7NrkwGTg1NmzZV00OHDo2dediwYWq6EPYwkKDsk8YI5qFDpEGbhw+bR4+ax46JY8dIqBPWddLw1K7tqVfP26BBlqWVKW50aBDXxbRhFaNhFd+ATtb0oePmwRTr8/Bxqyfn9JLG6SWM0jmJgq3Yxfpj/IdExn7rT3hEsRoisaLIG0wRnL9jeHi6YXjbVL9XFC5YbqaO4r59+3Jg9dSpU3Ni38wW0idh+MET60MaPHgwC9DPPPNMhw4dGjduLAAAAAAAAAAAFHDWr1+v3J/puU9kH3rGNDLpy+L57r4ub6RjKEKQFxRLEC/2QPhz4acwH2PjtNN8bdqIU8FpxY3TrKHd8qYb0Hea9Vf8xF2c4mRD8vQDx/8OTz+r4nUnzf35pEEy8dNPP61bcJx22mkPPfTQCcvHOdSv85oWLVrcfffdY8aMoel+/fp9/fXXPNwiAAAAAAAAAIACSkpKinoIpSc+eu4TuUGrMzx3XOD74A//URhxgFylVJLoc76vdR24Pxd+0MkAImOagQU7Xg9P9xoJbWsMEoWUrhKRG5ywccdJ4/HHH587d+6KFSv++uuvp5566tVXX/X5cEEAAAAAAAAAgAJJMBjs168fTzdr1oye+ETu8VLPhO9WBY7uFQDkIpXLGK9cmyBAEQCdDCAya/ZOOZS2LTy9SaVeJRLyyvQDnGReeeUVFp0nT548fPhwul8RAAAAAAAAAAAKIE888QQbLdJTnnLhyEUm3pHogdszyD3odJp0F6yfiwoQoEEEgqZ/4c43wtO9RkKb6gMFKCw0bdpUWY68/vrrr776qt/vFwAAAAAAAAAACg7BYPCxxx57//33eZae8vSBwnKLZjU979+eWCIRIjTIBehEmnBHYvOakCWLCjjSIAKr/v34aPo/4elnVboB4c+FjGuuuebFF1/k6TfeeOOhhx46fPiwAAAAAAAAAABQEEhJSenTp49Sn+n5jp7yRN7wf+d6n+/hK5UkAMgJdAq90MPX81yvAEUGCNDATSCYtmjnqPB0r5HQuvoAAQodt956q9KgP/nkk86dO69du1YAAAAAAAAAAMjfrF+/vn79+uy8IaT6TM93Ii+5q4Pvue4JiIMGJwydPP/rntD3IoxBVbSAAA3crNjzQUo3rxo6AAAQAElEQVRGcnj62ZV7I/y5sEL3KGPHjmU/6C1btlxyySVvvfXW0aNHBQAAAAAAAACA/Edqaurrr79+8cUX8yw9zdEzXV6rzwxp0GNvToAfNDgB6LQZdwvU56IIBGiQiYxgypJdb4Wne42EVtX6C1B4ueaaa7755ptmzZrx7DPPPHPBBRdMnz79+PHjAgAAAAAAAABA/iA9PX3q1Kl169ZVIw3Scxw9zeWd80Y4Pc/1/vZwUr2KBuw4QJzQqUInzO+PJMF5o2gCARpkYvnud1P9B8LTm1a+GeHPhZ6mTZt+9913d999N8/++++//fr1a926NXWkb9261TRNAQAAAAAAAADgFLFjx47XX3/9jDPOuOeee1QiPcHRc1xejDoYm+Y1PX8+U6zPeb5iCQKA2NBJ0ud838pni2HUwSILgt5BiPTAkaW7x4enez1JcH8uOjz++ONXXXXViBEj2Eds//79z0kqVKhw0003tW/fnnray5Url5SU5PHglwMAAAAAAAAA8oRgMJienn7gwIGNGzf+/PPP48aNc2W49NJLBw8e3KJFC3HqePnahGtb+x6Z6l+5I3AkVQDgonQx0bSG98UevtZ1ICAUaQxENQJFqv/AgeObfZ5EUpy9RpLXk+ijCU9SgqeEACcR/VuppnnCzExQI+CQ4dCoUSORA+bMmTNhwoSZM2cKAAAAAAAAAAD5hs6dO/fp06dDhw4iB6xbty7Bwevg0TAyQ6vwpz6hpn9aG3htpn/B5iAlpGZAaCrqFEugs8JsW8dzf2ffJY3huVF40F+2GDp0aOzMw4YNU9OIgAYhivlOr1r6dAGApINk8+bNX3311axZs1asWCEAAAAAAAAAAJwimjVrdsUVV1xzzTV16tQR+QwSGelv47/BKUuCH83z7zxoJvqMw8ehRBctyhQ30v1m9bJG7/a+nud66ldC1DOwgQANAIgF3dncJ9m9e/fChQtXrly5YcOGbdu27d2798iRI36/XwAAAAAAAAAAyFV8Pl/p0qUrVqxYq1atBg0aNG3atE2bNlWrVhX5GxIcH76S/ny7Dpp//B1cuCm4dJu5dV/wYIo4nm4GIUcXOjyGKJ5olC0hapf3tKxltKnrOa+ep1pZQwCQGQjQAIC4oHudayQCAAAAAAAAAACIDkmQPc/10p8AAAAI0AAAAAAAAAAAAAAAAADyCAjQAAAAAAAAAAAAAAAAAPIECNAAAAAAAAAAAAAAAAAA8gQI0AAAAAAAAAAAAAAAAADyBAjQAAAAAAAAAAAAAAAAAPIECNAAAAAAAAAAAAAAAAAA8gQI0AAAAAAAAAAAAAAAAADyBAjQAAAAAAAAAAAAAAAAAPIECNAAAAAAAAAAAAAAAAAA8gQI0AAAAAAAAAAAAAAAAADyBI8AAIATJTU1ddu2bfQpAAAAAAAAAAAAAAAIAxHQAIBsQ4rzvHnzFi9evGvXLk6pVq1a06ZNO3XqlJiYKE4uEydOHDlyJE0MHz68Q4cOIv+RnJw8atSoBx98sESJEgIAAAAAAAAAAACgKAEBGgCQPVasWPHZZ5+lpKToibsk8+fPv/3222vVqiWAw5w5c4YMGdK6dWsBAAAAAAAAAAAAUPSAAA0AyAbLli2bOHEiTXg8no4dO1atWrVUqVL79+9fuXLlunXrDh06NGbMmAEDBtSsWVMAGfs8fPhwAQAAAAAAAAAAAFBUgQANAIiXgwcPfvLJJzRBovOdd95Zu3Zttei888778ccfv/nmm7S0tM8//3zIkCECAAAAAAAAAAAAABR5MAghACBefvvtt4yMDMMw+vTpo6vPzKWXXnr++efTxPbt29etWydyj4kTJ7bS6NatW3JycsScTz/9tMo2Z84c19KUlJT+/fvHLofWUhk6deq0du3a2HWjDJRNr57aLk107tx5x44dNL1o0aIOHTrQ1pV1iWtFqnnEaowZM0bVmUt2rRixkvpe0LRqQL1N9FaN0aQAAAAAAAAAAAAAOQECNAAgXpYuXUqfzZs3r1evXsQMpGN6vV4hRVKRS5Ayy2MMKkjSvfPOO8MF0yFDhsyYMUOf1fVWqlLXrl1JCNbLIYHYpcnqsduHDx+++eabw4VsBS2iDJTNVY0Yq6gNuVakmkdUgd977z2uc40aNZo0aRK+xfBKuvaCpr///ntXsa5Wpabo1atXLh41AAAAAAAAAAAAAAYCNAAgLlJSUg4ePCikEhotj8/nq1KlipCCpsgNSJBdvnw5TbRu3Zo01sWLF7OlMpU/atQoV2aq2MyZM1UeYvbs2arypLeSVlumTJlJkyZRHsrJO0KZWfYl+XXChAk0MXDgQMpAm+ORA1WGcLj8aGV26NBBpXD9x44dW6JECbWheHZKFT5t2jRaly1QXCvqe6oKV61Bu+MKSKd1Wamn1VW1qXGoiVxjSwIAAAAAAAAAAADkEAjQAIC4SEtL44mSJUvGyFaqVCn6NE1T5AZ79+7laN/169dv3bqVJkjVXSxxeVYQPXr0qFChAk00adKEZd89e/awokr5OY64T58+jRs3pgnKyWHCJPt+++23NDF58mTaFq3YpUsXmiW1l6Rb0n8pw5o1a8LrRiVT+ULGIHPhVCbJxCwWc00iwhuikql82grvVNeuXYWUhl1hyLSIK8xVIgmbymchm1IqVqxI5ej5qSbcYqo1evbsyUq6qrZSsVu1aqU3hWpkAAAAAAAAAAAAgNwCAjQAIC5Kly7NE//880+MbLt37xZSKhW5Qe3atRs2bCgcowk2LJ44cWLEzGeccUa0clSosi7FKp163rx5+/btYzWZfTl4Q8rsYsuWLeFl0j62b9+ep0eOHMmr6C7PEVEx3bRfuo92p06dhKZlK+rWrRuxHPazDjcA2bRpk2tP9XryinyM2Jaaq80CNBVFir8AAAAAAAAAAAAAyD0gQAMA4sLn89WvX58mVq9e7ff7I+Yh9ZP1UM6Zc0g8fe6551ymH6z2ZumznIuwqhvOLbfcwpHLClZ1w6Ozcws1AiFtxSVV5woRpXYAAAAAAAAAAACAE8YnAAAgPlq3br1x48a9e/d+/vnn119/vWEY+tIjR45MmjRJSKm6ZcuWIpdgXwshx83TxxgcPnx4kyZNYjhdnBgkdo8fPz7+Yp+WkBquj/tH9SSZmDRikaskJyc/8sgjLPHTsRg2bNjWrVsHDBjgCoKOEy4ht2LVAQAAAAAAAAAAACKCCGgAQLyQZFmtWjWaWLhwIWmXJEYHg0GaPX78+Ny5c1988UUepbBVq1YuY+JcgXRefWzAbPlFRDS4WLNmDQ+W2L59+/Lly1euXFmcqA2FcqYeOHAgp0QLJSZpu3nz5iLMcDmiSYgLVWHairKBdsGWHfqepqSkzJs3T2WgtapWrSqkWQqGHAQAAAAAAAAAAEBeAwEaABAvhmH07t2bdc+dO3eOHj36kUceefXVVx977LEpU6aQDM3Zli5dGs2zIruQ3MwmxcrUQlkYk1ZbsWLFOMtRds8TJkzgUf6Sk5OHDx8uZMgzjzqoROqRI0eyMksbpU1TumtgQIZK6NatG2WgT5rmRLXjMQypwzdEu8nB3fqQgzHgrdC6VIIr/Jn0a1b/p06dyrWiQ6PL7soSmrTsUaNGCcdO2rUjAAAAAAAAAAAAALkCLDgAANmgWrVqgwYN+vzzzzdu3Eiz6enpu3btUkubNWv2559/UuLYsWNJ04w2gF78kCDbtWvXGQ76oiFDhsRvlEE5X3zxRXaruPnmmyOWo7bFPs56HSKKwrTWEAmPW6gvonK4BA43pgxcJrte0MTAgQNJO3ZtiKTwe+65R0SHZXQqLbw19uzZQzoybY6q2qdPHypcr1WjRo3WrVunMvfs2XPevHm0dVc5PXr0yHVLEwAAAAAAAAAAABRxfLkVqAgAyC1M0wyf1icUwWCQP5mAxC/JyMgg2VHkAZUqVSIld+fOnX/88QfpnpSSmJhYvnz5Vq1a1a5de8WKFR988AFV4K233urbt2+9evVEznj66ac7deqkOyyXKVNm9OjR8UQK61D+2bNn60bS4SbI4dsaPnx4DCtnWjRz5sw777yTnTEYEpdvueUWnuZBFFUGdr2gRMrQpUsXfUV9rWiQOjx+/Hi1FrcD6cgkN7OhB7cJl0OJeh5dgKYKUA/BxIkTOY840SYFAAAAAAAAFFy2b9+ekJDgk3glHgfDMPhTwauET7imAQAgIoYudQEA8gMxBGgzM0GNgEOGQx4J0FmycuXKCRMmUJXobqZ///516tQR4JTCWjNUZgAAAAAAAIBi3bp1CQ5eB4+GkRkBARqAIk/Tpk3V9NChQ2NnHjZsmJqGBzQAIJeh69Ett9xCdyEkgo8ZM4Ytm8HJQblmK0Nn+pw6darIpms2AAAAAAAAAAAAQK4AARoAkPs0a9bstttuoz5zv9+/dOlSAU4WarhF9oAmJZo+2bIDFs8AAAAAAAAAAAA4+UCABgDkCU2bNu3fv3/79u07duwowMmCJOZp06Z17dpVTyxTpsykSZOy9JgGAAAAAAAAAAAAyHV8AgAA8ob6EgFOOk9LBAAAAAAAAAAAAMCpBgI0AAAAAAAAAAAAAAAAgDwBAjQAAAAAAAAAAAAAAACAPAECNAAAAAAAAAAAAAAAAIA8AQI0AAAAAAAAAAAAAAAAgDwBAjQAAAAAAAAAAAAAAACAPAECNAAAAAAAAAAAAAAAAIA8AQI0AAAAAAAAAAAAAAAAgDwBAjQAAAAAAAAAAAAAAACAPAECNAAAAAAAAAAAAAAAAIA8AQI0AAAAAAAAAAAAAAAAgDwBAjQA+ZMFI68bPlcI0zSdlPOHfHpvawEAAAAAAAAAABQ0dk4dPPjTnc7cBfd/NrBNHGstHNnrtd+dzAtG9hr2+/lDPxvUVgAAChQQoAHIx5w3ZLL9m7xz6v1Dhl8vBn9yDzRoAAAAAAAAAAAFCakjV79uxGf/V92Z7bX5uhEjeBYAUNjxCABAAaB6917nCzF34SIBAAAAAAAAAAAUIBbM+13UvP5+JTe3GTj0fLFz8hcLBACgSIAIaABOLfIdImcm3reQiEWje4+YK6RHh2m2G/B+3xZi9zdPPfblzspdH3/8kvICAAAAAAAAAACIxuDBg1vfNerOViLv2blzmxDbd+wQQgU8tx302WeDdu7c6SRlMuiofv2IET0QGw1AIQIR0ACcOugnttewzdeN+IwZcf3m13oN/mJnxKxffkZy8/lt2ICD1OfX/zhv8EeTJk2aOHHive3mjX78692i6lX9ulUR/yxc9o8AAAAAAAAAAACiM+K2lovH3/v+cpH3VO8x5Prq4vdhvXqNXJgpvTqrzAtH9hr8aZ377Sfjz+6v8+lgV04AQMEGEdAAnDIWTPl0Z83rQ6ZX1Xvcf91vgye/NrXtcLuz94/h181VgxCK6r16tBGC5hcumCtqXNudeqqDzrKdu3YJUalqy7bVvvxyyfI9l15STgAAAAAAAAAAAFE4dgStbwAAEABJREFU5+Y337x91eplQsT5Hm4OqN5jxGc92PrZfgM4NJbgzqmTf6fZ0NvAlkHH78NeG9n2s4EYbRCAwgEEaABOFQsWWBYa1LP7qWvBDvUWUmgQQmHumDp06NAbdgz++J7Wbe75+KOdX97fu/cuacFRtXo1Z9WqLVtV+XLawuV7LulUbo8QjQQAAAAAAAAAABDGD3tElxqiRfMW4qTRZuBnnw20JizDjWG95l4wlCTmnQt+2y7Edpp15d68c6cAABQOIEADcEoJ9fqGIE05Qs7q3a87b/LwPyZP69G69fz77/98V/vBH73cMkjsmPbQIzvsXFWuuqb1tLGLl+3pVPF70egiAQAAAAAAAAAAhPHtS4O/M4y2/cb1bS1ONtV7jLh/R6/Xfl+wcGBbGX1V/boRoZeDdaBBA1AogAc0AKeKtm3PF2LuAn3Y351fDO7Va/DULH5idy2ct8u24IhAy+atxD/fzJy0fKkoGkycOLGVZM6cOSJfkpyc/PTTT6ekpAgAAAAAAAAAyB+MGPFw16pi0YyZeT+I0IKRvYiR+sOvqF6D9ObN23eK6m0vrCl2/rFAfw5e8EZYfgBAQQYCNACnjLY95TgMQx3BeeHIwZN3Vr/u/sij/e78cvIfQpx3Xbdq1arVEmLH3EW7ZPqu6W9+sUvP2KIl9V8vXrpMgPwAyeKdO3fes2ePAAAAAAAAAIB8xJ5/dgtRrXIVkde0HThCPvy+oSTlnVOHf7pTXHC9FfVcvcd1F4jtnw52lu78YvCwueKC+2EADUDhARYcAJw6rHEYqo/sNUzZQF9w/2cD22gWHO5BCId90r0aLW1zz2vXbrv/swd6f2b5dVTt8X/tv/hCc+1ofmXXqgu+3lVJgFNNcnLy8OHDBQAAAAAAAADkMwYPft9odde420+KB7Tz8Bsyej5/6GfDHIW5zcDPRtSQrtB27utHfBY5MAsAUDCBAA3AqaWtMwpDWPrkyQM1P2iecGardXv5o2tMM+jQtWswQNjr7rb6sVtcJQAAAAAAAAAAgEiMGDEiISFBnDyiPfxKLIW6R4T0NvpKMUsAAORjIEADUOhYvnyxZQV9jigsTJw4ceTIkWq2Ro0a48ePr1ChQnjOp59+esaMGTw9fPjwDh066EtTUlKGDh26aNGiGOXMmTNnyJAhPF2mTJnRo0c3btxYRGft2rUDBgw4fPiwSlHb1YuijVJi69athw0bVqJEifAVu3btSpUPr8btt9++cuVKrjOX7FoxYiX1TdNaW7Zs4QbU20Rv1RhNCgAAAAAAAAAAAJAT4AENQCFj6ftvLxJVu15eWPRnkmV19ZnYsWPHnXfemZyc7MpJkqtSn3lWH5aQdFsSeZX6zOV07txZz0OarNJtCRJ5b7755hhjG9IiyqCrz+HbjQhtyLUi1bxbt27hO/Xee+9xnUkjbtKkSfgWwyvp2gua/v77713FulqVmqJXr17URAIAAAAAAAAAAAAgV4EADUAho+VtY8a8+egVlUVhgATZ5cuX00Tr1q1JY128eDFbKpNgOmrUKFdmkmhnzpyp8hCzZ8/miZSUFNJbSastU6bMpEmTKA/lpPxCBgWz7Evy64QJE2hi4MCBlIE2RxvVM4TD5Ucrs0OHDiqF6z927NgSJUqoDcWzU6rwadOm0bqffPJJ+Ir6nqrCVWvQ7qxbt04vk9ZlpZ5WV9WmxqEmooYSAAAAAAAAAAAAALkHBGgAwImTmpq6bds2+hR5w969eznad/369Vu3bqUJUnUXS3TDCqZHjx5sItGkSROWfffs2cOKKuXnOOI+ffqwWwXl5DBhkn2//fZbmpg8eTJti1bs0qULzZLaS9It6b+UYc2aNeF1o5KpfCFjkLlwKpNkYhaLY9hZ8IaoZCqf7Thop7p27SqkNOwKQ6ZFyl6DMpOETeWzkE0pFStWpHL0/FQTbjHVGj179mQlXVVbqditWrXSm0I1MgAAAAAAAAAAAEBuAQ9oAEC2IcV53rx5pITu2rWLU6pVq9a0adNOnTolJiaK3KN27doNGzZkUfXmm2/mRNJtb7nllvDMZ5xxRrRyVKiyLsWyTk36Mu3LVVddxWoy+3K4Vt+yZYvLTlpIObh9+/YsPY+UCKnqKpfniKiYbtov2juVTk03Y8YM1rJ1Q+e6detGLMflZ63YtGmTa0/1evKKu3fvFo4ttb4ubZ0U/9ie1wAAAAAAAAAAAADZAhHQAIDssWLFiueee2769OlKfSZoetasWS+88MK2bdtE7kHiKW2Lw5kVJPW2atUqS5/lXIRV3XBIB+fIZQWruuHR2bnF2rVrSaqm3aethKvPOYekdgEAAAAAAAAAAACQeyACGgCQDZYtWzZx4kSa8Hg8HTt2rFq1aqlSpfbv379y5cp169YdOnRozJgxAwYMqFmzpsgl2NdCyHHz9DEGhw8f3qRJkxhOFycGid3jx4+Pv9inJaSG6+P+UT1JJg4Pms4hycnJjzzyCDtscKj11q1bqbVdoyDGSZbB2gAAAAAAAAAAAAA5BxHQAIB4OXjwINsHk+g8cODAq6++ulWrVo0aNTrvvPP++9//XnXVVbQoLS3t888/F3kA6bz62IDsFxHnuiQHC82smVmzZs2OHTtoon379uXLl69cuXJ2i1UoZ2pqFk6JFkpM0nbz5s1FmOFyRJMQF6rCtBVlA+2CLTv0PU1JSZk3b57KQGtRtwFN7N69G0MOAgAAAAAAAAAAIK+BAA0AiJfffvstIyPDMIw+ffro/sXMpZdeev7559PE9u3b161bJ3IDkptbSZSphbIwJq22YsWKcZajhiWcMGECj/KXnJw8fPhwIUOeedRBJVKPHDmSlVnaKG2a0l0DAzJUQrdu3SgDfdI0JyqzjhiG1OEbot3k4G59yMEY8FZoXSrBFf5M+jUPSzh16lSu1ZQpU3TZnS2hhXS7HjVqFJfTv39/144AAAAAAAAAAAAA5Aqw4AAAxMvSpUvps3nz5vXq1YuYgRTM+fPnBwIBUmwbNWokcgwJsl27dp3hoC8aMmRI/EYZlPPFF19ktwo1mKGrHLUt1+h80URhWmuIJHzcQiqHS+BwY8rAZbLrBU0MHDiQtGPXhkgKv+eee0R01KiJ4a2xZ88e0pFpc1RV6h6gwvVa0bHQuwR69uw5b9482rqrnB49euS6pQkAAAAAAAAAAACKOIiABgDEBembBw8eFFInjZbH5/NVqVJFyOhakUs8/fTTHKqsKFOmzKRJk7LrsEzK7OzZs/UxA0kOnjNnjl5O+LZoNsaIgrTuzJkzXQ1C4rJaxTWIonK9uOWWW1wr0lrTpk2Lrf/S0vHjx6u1uB3Y9EM39KDClRMI57n88sv1cqhWY8eOVXlUNlpRAAAAAAAAAAAAAOQqhmmaAgCQn9C/lWqaJ8zMBDUCDhkOuRKDrDhw4MCzzz5LE9dff33btm2jZRs3bhyJoXXq1NH1TXBqmThx4siRI0llHj16dDwWHwAAAAAAAIBCz7p16xIcvA4eDSMztAp/6hOuaQBA4aZp06ZqeujQobEzDxs2TE0jAhoAEBelS5fmiX/++SdGNjZojjg+HjgJKNdsZehMn1OnThXZdM0GAAAAAAAAAAAAyBXgAQ0AiAufz1e/fv2NGzeuXr36qquuotnwPJs2beIx8SinAKcC5RMd7kwNi2cAAAAAAAAAAACcfBABDQCIl9atW9Pn3r17P//883D3niNHjkyaNElIqbply5YCnApIYp42bZpudS1g8QwAAAAAAAAAAIBTByKgAQDxQgL0r7/+umvXroULF+7cubNbt25169b1eDzHjx9funTpN998QxOUrVWrVqR4CnDqeFoiAAAAAAAAAAAAAE41EKABAPFiGEbv3r1Hjx6dkpJCAjRNJCYmVqhQYffu3XpANInRJFWTNi0AAAAAAAAAAAAAQNEGFhwAgGxQrVq1QYMGKYvn9PT0Xbt2KfW5WbNmJFJT4tixYzdt2iQAAAAAAAAAAAAAQNEGEdAAgOxRqVKlAQMG7Ny5848//tizZw+lJCYmli9fvlWrVrVr116xYsUHH3zg9/vfeuutvn371qtXTwAAAAAAAAAAAACAogoEaADAiVC9evVrr702PL1Zs2a33XbbhAkT0tPTSYPu379/nTp1BAAAAAAAAAAAAAAoksCCAwCQyzRt2vSWW24xDCMjI2PMmDG7d+8WJ8r2/Wa9h1M/XRjISf7Dx80LXkp7clqGOCn0GpdOf/Hnj7GPMYqauzFY6b7jJfofp0+aFjGhfaec/Efboi2qQuo+nJrl6tkiu4csntJU5bPVsPGj2jkvGgQAAAAAAAAAACjiQIAGAOQ+HAft8Xj8fv/SpUvFiVKznPH3S8Wub+MVQINk2VvGp4+8MTFlbPF+HX0PTckgkT1aThJwZ68L/jO8GGWmv97tvOc+m4caay4eMqokVfX5Hglcc9qFXQetvoRoO5tzzq/v2fRSMfoUAAAAAAAAAAAAyCXwmA0AyBOaNm3av3//9u3bd+zYUYBcZdt+a9hHknppukk1z+6D5qHjkXMO/Syjalnj20GJZYobnPJst4SOjbwxNOv8w6xVgQZVPF2a2r9TtAsv90wgDXrlzvxecwAAAAAAAAAAACjgAQ0AyCvqS0QO2L7f7PhK2vM9Eq5v41X2CzNWWPYOLWt7dF01fkh47fJG+tKtVghw1dOMXx5MIiVX35Bruzy9+5Cp549WDm/iiDT94EVdm3k/65fI6XM3BruPSjuaJlzpOrSbagdLJ4nSkXawaXWjWlnjjR/9TasnjJrtP/cMj9q0q/WWbAnSXrhaSduuGXHTpZLEl/ckqUBgla4von25eXz6gE6+l7/N4D1677ZE1VzcdE9Oy5i9LtjqDM/bv/pdraQ3Rd+LfNOXBybdmRgeeszaepni9ixHKKta6fuiZnmj1HS/bggK7Tzhil3d3PvxfL9eYX1zvFOqJhEbJNr5AAAAAAAAAAAAgIggAhoAUGAgNbBHS2/K2OLrny9G0uRrs/zZLMBSD1s8k0bqLbs6kHRLYqLyRA6HVOYb3k7v3c6r8g/9LEOV06mRR/la6OWQ9HlPJx/XkyRgtp/+dGHgsmFp7JvB6eGOxpST0mkp5aHCWUINh2OBf1kXqDIklfYlopAtMgdKx4ZtsmmCd4cqSeow23RQlXYdNNnBgz4bVPGo6OmjqeaXSwMbX7QW3X+F77GpGeEtSSp8mWKC161a1lCtd8v49H4d7Sb6enmAigqv1V0drC7Sho9ZHtDZsvCmjZJwzxul2Ts/CK1L6jNJybSI1OeBH6dHsyKJ1iDRzgcAAAAAAAAAAKBIcezYsfiXQoAGABQYWta2DRlIVCXtb90/kYXj299PV8PW0R+ptByMLGSIK30O65XAszwRwxD50HErCFfNktTLai+tQnIqqa6cThM0+84cf4x6Tl0a6NrMyyG3lP58jwTSmnXFlqY/mh+gdJaMqUwqJ2Kt9PBhUlBHI8wAABAASURBVORFdEj8rRWHAL1yp0kSsGoWqmTHRt43frR259luCb8/nMQx1PRJsri+IunsvOiKs72mlLxdJVc9zWAdmdclLZs0XGoo1XrcFBFrxXbSnI06G/hoxjO8IW2U94WV+sVbguoQk+rNgcz6PsbfINHOBwAAAAAAAAAAoEixefPm+JfCggMAUGCoVtaIx3PDZa3AXhk8vWaXJRyf5lg6sEBMidHGnaMMvdt5Sf2kP91vgVYhUZukbT2zEmfD60l1IO1VV29pi6WLWYqtEohdActUApUTXiUVPkzScK9x6QM/Tq9ZLom0USo/3JPkcKpVbJZB0FTmhj1mw8cy7Q7J5WqaZF+S9XlayeKlihlZlqy3toIUeb2JqBAqKloJtJv0JxzvC97f2OME6hul5jXkurUcy2yVrVEVY/a6YEQv7GgNEu18AAAAAAAAAAAAihSLFy8+++yzYyzVZyFAAwCKLqwLkxAZIw8LoKx+kiLJsiNJqCdsQs2QLnw4VZwAevjw+FsTurxhXjbMioUm2d1VGaW9ukqYuzE44MP0rwcmqRRLl48ipz45LYPE1lJJ4oehluzLDsviVEB1oxrSUZi1KhBbgM45MRok4vkAGRoAAAAAAAAAQJFi3759M2bM6Nq1a/giSqelegosOAAARYgm1Tw8rh3Djgp6VCxD6vCRzK7EbAex/nnLU5gEXNKs9XKyhMOZdc8QUjANkckfw6UXszgesTS1aSr2k76JpIEq0w9XnXu3846a7XcF+b7xo79UsUyBydQCtL/hBhq0IsnNJHb/+3px1nyj2Z5kC2o99uLgWdrlcA9oSqz3cKrL+pnqXDVSVLirrfRD44orJ2VZZXMFYutEaxCF63wQAAAAAAAAAABAEWP9+vUTJkxYtWoVOz7TJ01TCqW7ckKABgAUIVhFVQPH8QQlsrKptFqSaNlh2SWDstRI+dnXWJVD6ZXuy8KeuEdL74wVAc5DxT42NePcMzx65CzrxWoov9dm+ZV1tQ5vWvlNUx12HzIpZ5c30sPdJCgzqbH6ItqXX9YFXu6ZoAuvJF7rowu69lqJzpRCuyByDNeKx5DkpgjPo8wu9Fb9dmWQVuQWIBWbdoSPCKXrbUUNwoeGdod2qtUZHhUxPe4XP69CxdLqgy6N/BpQtAaJdj4IAAAAAAAAAACg6LFv375Zs2aNGzdu2LBh9EnTrthnBhYcAIAiBMmay55KIkG2RH8rRFb3T/ikb2LHV9LY1vm57tYIgZx/4p2J3UelsVpaKkl8eY+dn+0guBwRZjwdDi2tWS6Jirr9fWu2azNv+Ph1bHbM1sMta3suauCJuAu8aa4S7cL654tt229SyaTDuurAgbq9xqUru2rKv+TJYi7LCBKjvx2USM2ist1/hY8rw83Cu0lVeuOGBNKLV+7MURy0q1X7XuSbvjyCrk0VuOJsr2oxrgAdPpbOaSkp42w/Qo2pO1ZTtiPHTa6zq51vbOfj8Rv5UEbTjmM0SLTzAQAAAAAAAAAAABExTDMX3qcGAOQi+rdSTfOEmZmgRsAhw6FRo0YCgHyP8qTOFSWXXarD7bnZtfn5Hgmx+wkAAAAAAAAoIqxbty7Bwevg0TAyQ6vwpz7hmgYAFG6aNm0qTgi8OAwAAOCkQhpxvYdT2WmEXTIaVPEgjhgAAAAAAAAAACiUwIIDAADASYXdM9hpRERxIwEAAAAAAAAAAEDhABYcAOQ7YMEBAAAAAAAAACBPgQUHACC7nLAFByKgAQAAAAAAAAAAAAAAAOQJEKABAAAAAAAAAAAAAAAA5AkQoAEAAAAAAAAAAAAAAADkCRCgAQAAAAAAAAAAAAAAAOQJEKABAAAAAAAAAAAAAAAA5AkQoAEAAAAAAAAAAAAAAADkCRCgAQAAAAAAAAAAAAAAAOQJEKABAAAAAAAAAAAAAAAA5AkQoAEAAAAAAAAAAAAAAADkCRCgAQAAAAAAAAAAAAAAAOQJhVyAHv/uuzNnzvpr48Yjh48EAgFhCMMwhLD+J0xhmqb810oy7EWG4P+sxc5/wWCQclqLDI9H5hByHZOSTblMmLIAa6nX4/F6vLTcWktmDJpBKoUWUmaZycrGi6wSrAJMWovrQitba5ihWjl1o6V2JWgiYAY91uaEQQXQtMfLWSjBK2tAS6nmfr+f607/B4J+r0dunOblXlM9qYxgICiMoJw2rGmasbZubSgtLZ2q7vUaPq9H7iU3mUk56YOaNBgMeH0+3jtDVsznNawdD5oeKsHnCVBVqcygmehL8Hm9VHKAVpHtY1iV4sajRLmKR1DV6X9rM1SUz2cdEvqj7RoiI8NPueVGrFSv3EmapGI98pDQNFXJ788IyJan7XIL0QqGx8pmJZpBn8dLhVMre5wjJezjaXh8hlUU1cU6WyxMQ1bRNBISfR6umNVE3BLyiBm0v7RB6xBTTo9hNSOV4g0KahmPdVitvaOtWxmsrAFDVsAfCGT4/dQotMjaUNAqlo8aZbPOEmF47MMtzyU6eYSVFJQnHu05lW7tqcGNIjICAY/JZy5VLpju9y9asUoAAAAAAAAAAABh/PL155Z64PEmJPish2NWNKxnUft/W0FhdcAjn3St51RLDRCGEiw8vJYhH2Eps8eX4PF65QO7JSWwQkFPxz5fotyaz5BPyl65Iusq/tSUwwf2Hzl0wJI6DPnELaFnbOHIN4Yj5JhmaBdM1nM0DccwbMnGtGvpyDrWerbMoj55CT93G1J4sBM5s7OehaVYkLIhH8xNT1AmSeGBxRNuJYXTblabORUXIeHJrrytKBj6KnL3gsIwXAfLaQZ7g87ue5wtWP95pJ5hZ3JKMJzqZWo1w9mkwUdZKlTWLgWkAEI7yitKScZSVLh9hL3bcsdNVrRM1arcwqa+l6Ypd1DqOKyC2cdHVY8zS7HLOrsy76/dtnzIpZxlnVoJvoTEpMTExARSU2xVzNmKcI6hfXh5PiT0yZo7jSRCZ7GZqX08jjponwRC7ZCZqXJ29qCZcvz4wYMHDx85Qu1ZvWat9uedJ0AYhVOAnjNnzgsvvrR+/XoW74SwL0P2iSOEc3UwtO+uSravWq4ytaurvITZ1zzr02PY5Rh2mfZ5anA2Q34ZpEJr6YoGX8gtZdO0lWFLXlSStKOD2yc4X8t5i5b8KuwrsV0teTnka4a9C/YEa5WGFDSDrKBbUrKsofW7YAmwct+tEoKs0/K32lotINfgK5ncEVoeCF0spP5MGS3h1EvzJKrKrFI6D1olckvx5TBoNUDQUL8MHkNu0cNXyYCsm5XsldKt06zcevI3T14lgta+S13dCAbtXw67DaxdE9pue611SX4mAZqvpoIvxFbhJHFLwV1wP4DT4PZl1BP0mrK21FYsame6vji/O7Rr8jJreg2Pc9Cs7FQzq4KWIG4K+wLO60hx3T5trP2WjSTUD5nHlMeEm08W7bE3b51d9MNNu2Lpz1ZmS78Wsq1pkV/q+6Z1Nnnseqp+lWBQAAAAAAAAAAAAkTHsB1cloBr2E79wxcCFCaKOwGkLt2pxSHgUIdVCqDSXBOMslHqvymfYxZv2M7WrHF0NCK0hP6XOIky1dU3icaTIkG7ipNt7qe2aKZzVrQKdKsgANSnlhDRx4RYjs8TZf1Oruiw/yDq/3HtDaI2RSd42TbWy1Hq12ghbeoq4WSW5qkYwHdndcHbDjLyikUkeM1U+FpV1UdzQD1JIOHYKklW0l5oh5d0uLKQjh4p3ehFCVReh42Pa0Ypuxd1qSU/mPQhV3tD3QCs0EqzfuApwgh+F0LtGSpYoQX/VnXy//vj9nr17W5zb+swGDQRwKGwC9Jq1a/v16799+w5b7VTfafurpa44+jnNeq59uoZiorVijZA6zF1Yzkrq0mV6VcHyW+ZcO7RAZisYlvVoYfplT5lzIXf6eUxbjJbdgZY+K7VZU1dIrUBap19OBucKj7NzppNOfVZWQV75q+F0IZnBACvPluJtaaQ+VoBlqUpSt6VzIWOwg0G/LTAL4Ui+do+ovduWTGupsRwKLXVnYUUlOxp6RoB6Lw3TVlX9UjKlWZGRnp6QkCCsqF+/pfVa3Xsen8/wehKo0IAMKLaiiS0dVkrOtKeBgLDkeKlIm2aGn1TkAPfK8o+LJS5T41i5PXwUgn4nwt1w5HXZkv6AX2rdln4u45F9dogxVSXRy0fMJ3toWfS3RF+pIVPBlC09PT0pMUmGUQf9GX4v9bp5vayBywhu2eBBbsBA0G5fI8i9uJYSbQWYB6zw54CfdspaTgfDa1WezzFHEw/IXba69xISrUb1WllT04OegMmB+Navktx7/s3wyh8b/rU1svkjCAAAAAAAAACgaGGrzR77eVk9yduRw9ZTrtdkVcGwBUZ7xZAoba3nREMZjkLC8oSKeOVAYKEC93SNRT7DOmh1M0MSsApeVlvPhK2ZGKajL5rRREWDNydXsWfkK+WGLf+aIrMIHorvEvwWuLDeWDbM6Jql06pupBqhhTjb7eIslS1gsFwUTUI2Q3vmSL626BxqVl4YuQRDhv+a9nInMtsO2jRV/BwrDB5XTDArwdxREN7IIVFcNqIVtm4EVS2Cpqn0YNNWZoRQcrMqiqVuJ+resDPbL8Sbmr6ntmlyrULHihd5hNa9YQhdv7enXAcwk/Bt5QjaUqGV2SOEuyVsKdAU4VGLTIUK5ekvPeXI5I8/7HBxp6pVqwlQyAToe+699+uvv+GYWadbwumayfwFVO9iGJnF5tBLGcJ5JcHpxsnUHyac76nzrkCoM81gywcR6khiidmOxJUXcQ62NTxqu7opBwmOMj7X7v+x5Et27fB42AfEXsm0L+2U0ec1LCFa9n6xWCw9LYKOMG3J67QxSya2FFKfR+rOfH0zg3aMNl9xueeNVvR5SVYmoTzA2jlrrxyAS9k9zm+IMCzN12d6bRVfitum7VhiJQT9ASue1+sxvF4p1FpbtbV460tOurPHUuNZUXeOiVTqnV8h7m8zWFv2yCuZ/dNkyt22LnABv8lns6PaW1m9HlNvf66xFYztsd/OMGTYtRNpbkpx3orOlgo9SeS0+7L+Qaklyx8pabVBsjWfQpZqbEcx8281O35we6qrnt0tJ1vLagkn9jnohNQb8uUkr3bOGvbLPJb2HczI8MuD65QljwgVQdWT1itWPDUfdcMxeBFWwyICGgAAAAAAAABAZFhTsKPQPPbjq22yoTI4U4bQg3F1MVDXVzxKBGFFQC/IfgxXCq0t3pkyyEwElRbDkjTLgprQySpBJHFV6hih8EMnZDdUXUdXNSLohY78qknEoULUm++WLOFSts1QiKwTnSgc7d4IhYfb5RmqcF38DFXQaTO7K0CrruHMagqXbTBhdxQIJUd7DFU3Qz88phFaVQVrOpGOSoBWRdsSkdBVMztKXZtz1DbOFNotwzEiMG1zD0dT1rJoreNMG860CjhXFQpT/E0W7YOs3lC3gBOlrV68F1EIV58jonV2FxxWAAAQAElEQVSG6DKznijs8NLMs5m2JMTZTRpv3/T34oULr76mmyjyeERhocNFHS31WWm+9nnlfMv07pygaWpdbKET1Pb3sWVo2/KYCxGZReqgozna8rQROsNNfauCT0hDW8papiX7Btk/iC80jhApA4ytcGI7CDhTJ2Cop8z5Xhq2DY5XdVIGbTGS/pUmFFY0tLWWZU5tyDhbaRBtKsFYBO3LhYwC9geU04Ys1m4707kMmrIT1JR9f1Y8stfrccK7PdJg2pCCtuFxnIjsrVs19JqOl7HHo6J9WX31cs6AFRMcsIVUPiJB/iGyO/usveJGc6RW3vfQpdMMcvyvc9G3K+f04sq9knXmQ+isFuTsAW4zPkXkLgfZ38g5FmYoKFsGHdueVfIXLWCyT0rQsU2Sgn1Q70ukZnN0bstQwzoolgW01xP6gTecGwD1rhPtst904py9Pp/6EbM7JAxbsrd8qOWPtzzIluAvAAAAAAAAAACAKBhK6jCFrqWpZ1MjpKWqsGc9ndd1RAPDidZTpYc2ZOjlKQWDCarQWudpOJMkE1NSFEYm5UYXCe2CQtXMJMKGstkaj608aMWGauBSn41MEpEqkSeFEuFFqEZmqIn1bds5DcctWhOF7e04WzC10GY7UNhQCzXZ38jU7k4jKvUr1PJmSHvPdFyUEqxqEGo3IVSspnDi3Fmh0jZr2G0XqoodW6iSQuK1IUIyfKZzKrQHmQPj1VE21R5rfQ3OIvt80IvL3C4RMZ0DGL7AXpxpP+3TRTu/MlXRpmTJEnVr15z88YeiyFNIBOjmLVpu277dFmYN5wIk7B4hw45KNm1R0JGYg6b7e22jnUKZsvDbAbb7vC1KGmboeh0StNW0upI6ZyFv1RCZzNodfdS+CpD8LJXQQEi7DAbVn3by26HSTjeiUJtjAT2oZEtLKjUSfL4E+t/rs4yhbYldfeGt7k5LGA8EVUtY4dVePkOkiiqvLjLmmmVdjsu2r8q2YE0lc8i2Fc9r8ITUQ9m72dotK2zZrrR0PQ6YfKUxLWMNgvba4BWs81O+a2GYjqYetDRqIVVgGTTsdcrmYRI8MirZWqh6Vj3ayz6OrmvYm5bty44f/AtrhTYHuY/ASrTUcBnybNoB51aJUjG2TDN89rgMPOigFRxt2Ec4aMvY3NPA/Q5sQ8IdD7Ztt1Vh64hIoZ+POUeZ85CGVuV9VsC61UnAIxJ6BR0/w7DD6O3T2i6bOzPsE0lOFZ7updhMnDixlWTOnDkiX5KcnPz000+npKQIAAAAAAAAAMg3KKMMJaw5CgjLhaFoaF6mcmYSOlWEKMcCq9DVTLYG6sMpTD2jyzhBLlzFwLnXcARsl4ho6HqMMLVpW8QOKpXG0WlCaznSkJJYgnqEogjpQoZQek2oAXTB1FAKqGkKM7Nk6shDwVC6VriT3QgLE86kA2uqlKFtzd5LJ2rQEK4lQldI7V0zQjtnagGRqoNB6YSOaJ1ZZNX2VwnsRkhEdsR3uzqGEwOq9txR67RNu4+poe1BplNM7ZEU/QwVbx+G6ZyrLsHPNCPJy5mKZhEuvKvAdHoWMp/TdpeM+v5E28DZTRpP+fRjUbQpDBIVqc9HjhyVaqRHDW1nH3f2bTA8mU7X0Glqn0O2P0bmzhGnX89jhC4toYuUHZ7MarIpjYAsaZGlQ7biNaS5scn+EnZILg8LKKVT+RqCPYan9b/PMpAIyADkBOkHzMKiZRnhJ9XVMgyWnhbSIzlgTwuWidlJQ3ozyQHwPIGg8FtSr6WWJni9CVIqJqnT5/FRfllehuXaLAVVLoVfi6CK8K7RUr8/3dI/E6zBaU2tX8u5ONryZ8AuhxvUDkCmSb9sDGukW8slmW2j7QBkYTmN0P56WOYVwnGlsMbqs9Vnj21KZMjfPJ+0oLBVYDVgq8F+y/q4q4bTdyf1XZ9Eat92JvqgtvRIqxNpoGFIyxFLoCcZWB4HHy3gdjblKIg+q+G8rOjL+vvkJdnyiU6QhikeZ4vU0l6rhW3bayHHYKQVbEdwPnNkRelIUKsUS/AlJlhHm8q2pHe/FQAekKK1R1YkgTaQ6JFm37QwjY6IPHstH2nV+yiNoixvD0vKtvxPDJNVdBMWHPkCksU7d+68Z88eAQAAAAAAAAD5CVMFadlejpnUS11BVpKurdmaurKpckgtgMPHgmas7ZqmLsw6+o1QHshOBZzMwhF95evHdjCv0N5ENzW1VUmCSsMJ1d3R0DX0wDUVqS2EelU95KhqaPKocBqE48L1eOfIKqQTHu3ED9q6s3zt2n453nlPXXg0FUu4lWR1FDQNV0uWL62HwrntPQ+vEr+x7eRhLctWLuyXwQMc6KaijGUbsYpo8NvgdtGOrK8UcI4OtIL+OFrOqWio8cPr7SQLrZFDhyNTR4ij3juNwImZdi7zIeaDEtT1fSX3Oy2vtW5ULUXr53C9DhAupLtp3KhhEdegC7wHdIeLOh48dJh1YicWmU8ID5+VbGysfdk8dqJzSocuE46eKw12rWnuK1MXHyeb3rFmjzMqNWAPn+TSDlhdE02vvIwLtjK2hqDz2F9JS9w07AKDprrKmLbJg0HfUhIlTWnjIytle+rLFGvcPyvi2GPpkbRFS9XlK6zXa4UI+x1BNigCwhof0NrfYIbXExD2JdKUvwskZAc9ziUnU0y1kA4RbD7vvGMhA5ItKw95NRRsj2FF/no8lipubSdIIixLylKI56+nVY5VYfmbJnXngNVWHuGVKrOKM7e8KISzt/Sf366kheBgc6ssn2U7LWRR0meE5Hha1+N1ApGda7e83BmyooYclFGKzUK6kPicnxfaHR9fK0zHqMRj/3pZh8wKTqaq+LzWmIHBoNcUCdIEI8hqu9VAVqsEA6QQBxO8pnR59gS81s+INcwh75EI2G1hXcStLPzDatXcOo4ePsZBK6jZbgFuAHkGB70Gr2J1A1ijNgaNgDz1fAlWipCDIcguEaqpKY+XsOqQZgpwqklOTh4+fLgAAAAAAAAAgPwHi8a2IGBogaJSXmN11QklNViGVDHTwraAEB6VRz7SsqpgKRVKrVQRqSpqlDUbW2pR7wubmZVAEXTcMm3dmeVlu0gOB7QVT1tJcDRXw4nY0p+KHWlbeiIbjgqiyZ32SF2WZCRVU1WuHiut9HfTljRlgR5bj3J0zSArGEqYdAJrbbHWkZSCdjtywJuppGxTc7pgBTmT8i3D84JGSJs3PM6b3yzfmJn3WVfqg6Zh66Yywt00TNMlHXD0pDVMlr3UdnFmBV2FYso3+3kINHdLO8GDXFJILXY24FRVCb0eI3Mws+MKYreYM6uOoJRrTB4t0AlWNJTsrGxwDedkcIq1DwX3SziDZLrEa8N0C8mmvmNO+KMUp5SAnbkMU4SGKNS7Ixo1bDj5ow+v632TKJIU7Ajoe+4ZuHXbdqcfy1RdTfZXzlAx8CHs756rb8TpOVH9NvblKvS2gbrU6ldN1S8nVGecEHYoNNfHUkstVdUjVNA0y+JyADq75tJ2wXYelr1ffmnAwUXw8IOG1+Ncc7UtyssVqb1S8jadi6KlX/u8lnmDJXwG2MOYa05zfusKbghvyAo5aF+6he0TwV9q+sHw+rxSJ7cWBuwuK9bGrT+rOHndsZRqD1/Hgk6/khP3bdg+zjIwWjpbBIN2Q1njBArSgWWEtRMcLc0onC+p/LQEctPSW60xGKXDtWlSkybK2gct2+igc7itwF/Hx4KtNMyMYDDdCvb2G6bJJh0c5c0x3Wy84RzooFC/hQ7SS9lqR2c8QWth0Dlo/mAg3Z+RYSnvduPIgywHXeQhDz3cLyJHhJQXSDso3joB7EMp3b4DluJsDYfosfvQpI5uhzErS2t59AMZHG9unVNW/DebqciOAPvsl6q5LAkCNAAAAAAAAACA6Bh2HKsIabtCqEdjITKFOvMSIySpOUGgLv3QdILcQsqnXrZHuBW+oBkwbTHXiS/l/02tNpnrYG9HL9tRdR2N29SyO1qyoRRMkSlSUVMibIU1Utywo287/g62BGQ66nlI7XXvoVA6txkSmliDcpRSLSjSrVmp/XNU8JAWbjp1cRRYU2hdCYZSODIZd+j1kSsEg5k3xdKPDPIzVbMYoWhnM1SD0IfzJ0Ugux72HnErOcGCQnUGmGamvRZK3tNdudUOCidsUhi2YavQFGC7X8PW79RpZ4uDIftc1QWi9OzQOaMirZ3zNxOuE8I0Q20jzMzneyibUp3476wmjb+eNk0USQpwBPSatWunf/2NYY/yqZ3Gwg6A5i4tu0/I+aqFxuwUTu+HdZKZShp2vqxGUOt5M1TJqotOlmWoc9/p09LOfvmVkO4a7HxsSjthWStpzuCx1X+OmBbyC286l3fVwWMLmVxl53rKvV+sKFs7mWB45OVCipsmjwZobc5v+WOwiioDckPvBwS5Nyn0XbbNM4QaWVEal/iDbCtiFctKutRUBYuqAdlf5eVXUkyqg+3tbF/iBHsVy8hceZyoNlKt9rJzNA81SNMBw1SvWcidVMpyUMjOMn67IxDkxuGroJDuHVbd+IDIKgWsmHF51C1JPsDjAgZozmf5ZkjZNmgEPUKoa6TsbJVh2fZ5ZaqLmt1E/EKMHPBP7j8blJhyOERLryfhWF7kPfxvUKrlHIpsxVKHXLn5UJrsGSKPpTxMVueDzGutb7/5I6207ZPasIOxuW7W8XW6pvk3U3p2BK0AfBn9Lc86rylEVu9/FCQmTpw4cuRINVujRo3x48dXqFAhPOfTTz89Y8YMnh4+fHiHDh30pSkpKUOHDl20aFGMcubMmTNkyBCeLlOmzOjRoxs3biyis3bt2gEDBhw+fFilqO3qRdFGKbF169bDhg0rUaJE+Ipdu3alyodX4/bbb1+5ciXXmUt2rRixkvqmaa0tW7ZwA+ptordqjCYFAAAAAAAAFGJCMq2w9Q7HccHWpo2QpBpJVuXxijweM5JebYu+RugBNXMRvAqPsBW01+YNcWBr5lo6s2YEOVU4T/JOdlseNUTmyoiYTWFmKkepvSGhVJiuFnMSDTtsnCNonffojVCpuqykq92a5JmprlLXUOqSrc4GlSOpWuZI/0oBt9XmoBaTrdRY0xDaK/BCtzhhEcqRyPgE0MRTj63Zq5039K4IUyuO5Q8hhH0EtUBmdX5lFsKF6xio4xyaCAU1O6q0Y0sbOmVU06pQeL1QKfJkanHtQBvs5qqvYJhKnzYy10YIQ39ZwF6BN+38k+l8dVGpQrndu3dVrVpNFDEKcAR0v35327YyUrATeueJhTzk7Hzu9PdwTGqoQ8KOuDf1lQxDJWinvdOl4VyDuTihypUGF7bNDqvSTjA/vydij3cnPB4lbpKea40I6PEoldnpmjHkQHPWtOUwbH9PZYCuFbdsmw9ZwwNaWqg/EPRL8dXuIZJ2FRkBadbDLs8c9isDnRM8ngQeHpAWyxH/7Jwcbm1Yocwe66UZEjmDnkBAkJzrDwiWqHcgZgAAEABJREFUz21/ZMvB2WA7oKDf8r+QAwFaYxsmSMNlIb2VfdZQfT5qbEsUJlk4GHDCoIXcDxmibZVjDUJIWyfZmMTuDNMehI/2wZ+Rbom5QUvMlYMbWk3KjUWpaRn+jAwreJhNQhybb2unaa/S0+n/gOVf4rcClWnjXLJ9RIJSqJWCtIw0tw6XtJz22D0MfDo5gn5AtjJVxpDDI1ryvT+QQdtIT+eBIqUPNu2B1Pq9toQshxY0WLxPTEjyeWTcNTWw3LrVHsLk8HYpnAelLbW1p157mEOv05tij0lI5fpk+ZaFdzrHXlvB1jzaoaw4HTVBFXGE/kIyCCHJsrr6TOzYsePOO+9MTk525STJVanPPKsPS0i6LYm8Sn3mcjp37qznIU1W6bYEibw333xzjLENaRFl0NXn8O1GhDbkWpFq3q1bt/Cdeu+997jOpBE3adIkfIvhlXTtBU1///33rmJdrUpN0atXL2oiAQAAAAAAACgiGE5AnYctPQ0zk8BqYToheB4VbKYWq7hpk72bHe1FhekJpTXaorIh390OZAojtXVN221Y2lxyui3yqRgxO7w2mFnsswtxylIBzEHhxBnqq+tbVkG4KrDV1GeEikt2Vozlam060bcse0gfZq2lQhvigpWoJOyQ4VDEtcrGwcyOEmWH95qmFnQsnKjeTFK4O/Jb21/7DXs+pqZzzCMFRnNVDKX1O+qzfczl4WXtQ6uVs74UwgzHFUDIAFFdB1dhzkbm3dRhAxO7tobq2xBCOw8yq7yON4w0M9GThRNpaqqGs8P7gvYAiWZIaWfdSGQSmMOOu5k5JZNkbiqB39RmtaMgSpUqOefn2aLoUVAlql/nzNm2bYeWYA/wxjYWkbAvlqbTF2PDpyFPOoH+ci4YsbfCVFHOzpkZKsz6XngMx7efrXAsidfvt30thLRLFjwQn5e/qBxgbCPdI4QcipAnDO0dBBWNa4mOTj+k5XljbSUQcC5RVLY/YHKCz5eQkGANTGfVyGtZBnukfMyX4oCfVVC7U8feMWmHIeuS4Wc3Cxl4bAm0JIl6rEhruTuWGE5yszXwnRAsewfNoPrqSkk8IMOG5R4EA3bEs7x4hPqI2OrJ1rPlWItsZixH/xMyjtsMSOVX2iLz/lqXO2vzlkpLNXC6rwxDulazF0lQjtVoV93wkX6bQZp1ujXSn/V2T9C0A64DVti2pRpb+rDUntk9yWvwr1ZAsBW0x5SOHyQ9p6en0c7S9hMtkuxxFb0eGYstg5ctwTrD0pmlPM2eJbRXlou0HGZQqsOGFJMtxZntMqROHzB5+EdLQffLduC+Cdk54eEeSJNjnK3xBgNCZZDR2V5hnyR0BgS1l2gKMCTILl++nCZat25NGuvixYvZUpkE01GjRrkyk0Q7c+ZMlYeYPdu+rKekpJDeSlptmTJlJk2aRHkoJ+UXMiiYZV+SXydMmEATAwcOpAy0OdqoniEcLj9amR06dFApXP+xY8eWKFFCbSienVKFT5s2jdb95JNPwlfU91QVrlqDdmfdunV6mbQuK/W0uqo2NQ41ETWUAAAAAAAAABQRsnpz1jDsYalsic7Q1E5W9IJ6XKxwBEjDEVhD21Fm0/JFaFsckGKlYB1QlSdEJttoW1RmoUCETA443dBMfpXmly2USmjouCJzVV4RVJvKtMA07f1w9MdgUA3FqFXQJbMatt+nkVkp5sBINVqYtsiuhMpn6Oq+kk2Dph2ebCr5XUpmZlAIPdU+pPq+C1cF1RF3gjEFVy7IBqRBI+uTKLQ11rVUy6kwQV2eVqtoen2mirlPLadKrn4Nfd5UnQuhmWCmA2iqHoKQXqU1fuYDxx4pZijwWW+hzH0joTBWrVhxdpPGf23YIIoYBVWAfvHFl61/Ml1mQr0ooVcDTKeTS++o0dYJ9U1wcabhdKsZfB1z1FTT1LrLtH9szdrpqpPyrccWWOXVx9JBNaMbob7f2ont9A86XyrHQlrbI4egoyqapqmuMPy999s+ETxEK1ePY7Jl55ulHdvDqwa5Eh52XfYJ9uzw2LG/Vmi1tZ7lVMwiubymG/Z1nVvHtmz2yIEQPaqXMWg6A97KsQFloLEho4Jlr5d0VLaqZv90mGambkA7ANx+C8RwusnYedprDegnVw0E/EHnR8kZiMCKOPYkWPiSrA+ftb9Wm9jCN1+SOJzYtEZNlC0UtGV9LokW+zy2wUjQGYKSK8ZR2IbcvJTtLQnYZ23Hp/9CcW+C3FOvCHV3GraYL2V6WR+PrSDLcrz2cMNCqM5Cg8Vwu21oU0KETlHZf2EFQ6ueCcMZzlL2SQhLxbfST8a3OzU1ddu2bfQp8oa9e/dytO/69eu3bt1KE6TqLpbohhVMjx492ESiSZMmLPvu2bOHFVXKz3HEffr0YbcKyslhwiT7fvvttzQxefJk2hat2KVLF5oltZekW9J/KcOaNWvC60YlU/lCxiBz4VQmycQsFsews+ANUclUPttx0E517dpVSGnYFYZMi5S9BmUmCZvKZyGbUipWrEjl6PmpJtxiqjV69uzJSrqqtlKxW7VqpTeFamQAAAAAAABA4Uc5BuhRy/zsbD9BC6GJsdpTq8cxelBPw5qCwYUqmwxDEzFDm7aDX/mxmbUE4Vjx6sKeYX94VFihbf1ghw9yjK0TZ20IPZTQcPRAw9Z4M6m8IanQzKTPKEytFiKz6OloPsIMWU4LWy9WYa9KhxD6eqZwBcZqgr6Raeu21mFblYbe6ncUJVMPCXbyazKYEJl0MqWWhSQungk6iUITZ/SQZlVNzQ3AaR8Ow8sUra6Ks8NETdVaIaFOuJvS2XRmBdc0Q3ugVncdoUjHLlIvhHbEMy+2N+m0QSjGX+sAyVyOCD+f9SNtRti0u9Ji2ZJFoohRUD2g161b7z7ghn2NtDVS+ytpCmWNE/pWh76ooeuTaahLiFL65NsTdiEi9F1Q5dj/miylSkMQOcKnyVa8ocUi00sNLNUK9cKFECJzNxPbctgl2wbVSmq007kCyrw/EJQxwvLVGRKVSQUNcJcOZQhY8byW1bLqfnOuEfw+g7S7Yb1Xdm16bN2dL+OGGboiCOfLLxzfII+6GimZ334DQ7BtvyVse+xVDduqxIrB9kqfYjm6rKNNy33xqsurHaRsWBq5z2tZH8smCMoAX9OwvDmo3S0XDnmQLY2ashlBy+aZllr+1ZZ7hiGkpO6xTU7s2stjZam0npBrkczplV5JzoXZ/hGzuxbsq6tHtrRdGp868vfW4wnIwHOus0zhY236/QGP/RaR/fvKR9hSq+12MEM/Z6woCyFHfrSG06XNBcyAFbgufZekp7dhOhYr/ItrX8NkS8uwdTPsipibkOI8b948UkJ37drFKdWqVWvatGmnTp0SExNF7lG7du2GDRuyqHrzzTdzIum2t9xyS3jmM844I1o5KlRZl2JZpyZ9mfblqquuYjWZfTlcq2/ZssVlJy2kHNy+fXuWnkdKhFR1lctzRFRMN+0X7Z1Kp6abMWMGa9m6oXPdunUjluPys1Zs2rTJtad6PXnF3bt3C8eWWl+Xtk6Kf2zPawAAAAAAAEDhwBS2yYKmxdrSBUeHCU1tC6nPIhSuGwqJtcszhKPLZFadVeFCd89l1Y79RIWtUzj+pTxvauKn/aq5/Wq7I6GGHnttQwtto4bSBA07mk7bQUeyNjJJxCFfjszBihyT52gn9t6KkETM442ZIUlbxdaF9AYuSmYy1UCBWv1FJgXTdMIchRQphIyME44cZBfKk4ZdY2eTmaUAJUMIuRem9lq/IUUjpzg7pM0MVxIMrXKOUOS0mzoXTK3ujmuHLM4TysW1VKeWGaqj4NjAUG+HoziH9sM0dUXOdMRpW+YxtLqYoR3PdLidZOEcUqeTgs/VoLO3mZrPjCitqKMqnP4AVemssbJVrlhRFDEKZAT0+PHvmupSEOqKsr0TMp8bRqgvyOmMMpwrkidioL9NqNeDrWUydeXZ19jMUfRcojd0mZEarz1qn5CiJ8uspu3U7JehvKEvqWn3+ljWGbZHh2kqxZlDa1W6/FdeRzxy+Dv7iyklcCsq2UvLgupCbu1AgKOSZVxy0OSx8ezm4J0hSTfIW7NlVg/bYLCvscfwC3vYPxY4g7ZdjvOTY/Kvl8cRttmsx7C8Jrw87CCHhEvkFkzBdsis/ErsBrO/wtLUworSJm2ZypHGG15pfh104sr9tguzFXTNjuDyqmT6vJ7ERF+SjFKWAcNe1e3qCR0gYbAxs9xRn7DCqL1cAw8fpiCPH+mMdWnFl1tRz14vNW16ICPdn06KuEfwPnqtQxpgfw+rVaVftsjwp8urGr9j5KGFMig+IOQwgxlEumXHzX0SASt2PGjY/Q08hqWlufvZEsUvhwZ2fiOtGkoPa9kAVmWDTiejsEag9Iu8YcWKFc8999z06dOV+kzQ9KxZs1544YVt27aJ3IPEU9oWhzMrSOpt1apVlj7LuQiruuGQDs6RywpWdcOjs3OLtWvXklRNu09bCVefcw5J7QIAAAAAAABQBDDcs0ZIrTOMiH4CDEcri1DEqyPqhfA4r+TGiAY1zczxr4bhlKFvizciA90MDn4OpVshWhEjYIUryk+IkMJthGR1w7FFDpPKI+As8di6oxbdZ++zLYIYwn6xOmiaoRDeUD3MUPwexw0qUdiWrkwn5tYIqeGuWOZMe2yqGtr7ZvubODHjmdvBdEK6NaVfqAo5VQx1MjgraoHAhqN1Z5LK7I1rIqwR2mNTS2MJ27DdqE0zUwOpfIYKi9Z328zUHK5GCDsNwiKh7dPAOc+1BsqU0XA8vc2IxYaFRMenO2eifPly8/6YK4oSBTIC+ruZM1lYZkdc0+6iMUMdHpnfjAj1b6gLhDCUpBjpShXqBDMjnkhqS4b0oVfBvepi6MQqs/xrC5Reb0bAbzq6ufCwaitlSNnrJONqrR2hbIYTVyvFWmtb0nUiqOveoW8babPsyGEadr+RvFx4PKZjNWzF03qkVwZftWXXjryyWZG7HjlsHeWyVgwEguqKTrqo/dshDEvplCI21cRnuSrbPV+OA4kc3pGmvdLownJ9Dvq8CQleK2iX9sjaTamWUrmk4KZLZ2dLhZbR4ixa0zR3IVg/AD5DBmw7lxbZF8VmFdSKAVuxt+KnDS9ryCS4W0P5+QyPJUVb7WoJ7lb15ZCIsnxLsRWWR3OAlWdLYPfa13Qe4NFg7wuqqUcE/Rly32wrEFvptnbaK7ctj7f0hpbO1QGqQ4I3gcuRNiSmZTlNbZjgC9ov5lA9g7YUbWnyMh7c0qlZ6beld78MbaZVrZ2zGtHnEz72j2LLbG4WQx5Yg53EZXy0sBtJhoMHAiIPWLZs2cSJE3kzHTt2rFq1aqlSpf6fvf+BtW27yjvBMeZa+7xHAg6K+WtCG7Bbcax220VMpYEWsiyKisCR3A5ESVAsE9GkLFum5ZSioEhpd1CFdNI4igV2qEKJwd1NUkZuKw00iaSHJdQAABAASURBVCIrQBeOgDKxaByniyIhYBuCA8aEZ9+z15qj5hjfGGPOtc+519fP19j33Tl8373n7L3WXPPPWnN7/8Y3v/lbv/Vbv/ALv/De9773d37nd974xje+6lWv+uIv/mJ6QAFfC7J988Y9Bl//+tc/97nPvYfTxZOLBru///u///6LfZ1Fo+Hjvn+tng0T3xRNf4LxwQ9+8Du+4zvgsAGp9a/8yq+03r7YBfE+42OKtWfMmDFjxowZM2bMmPEUjgtBnvhi8uSTNLzVf5fQ+YbrJBAEVmTHrnE3OK6L3JwiKAEYt/QLCw5bWxySYnP4rK5UBWgWlqA9UVQXBWcr/PC8ciBfouEfFzS7XfLIIeVWog1eOxQKm1IyWR13ZWQIHpMq88DCeRQ5g6ez7VhIyXOzr8GXDkhq6Pqxhs4HJPizQMxHw36RdFGI1yb2jWL3JpWOvKsLjgtk6GiIkLtID/Q3IXbWmmno/WFRfYJeDu2gHxjKy6zdmD1wFHNR95654BuS7XrQ2qZWk+jQn+KVi/sgqHRmYS5xIGTWxydD7sIM7y9+7d//e/qqr6ZHJh5KBfT/9D/9kru5j4PdDYUPuZVh2YNLmYNAD9m5pMljhsgP6HpZL6ZH5nl84zv4C3efeDuxRGhJ4q5Anhsr3B9vq5cpfOEJ7NdNbSyZ7rfC4WFZxtwickdqSWHuH5vtB+gkNUpXzTPkx/74hRV12FS3BhTM8jv4tVJR0HGmcRtaDuePyMu5HTRMkiORZhbakB3r1XfsMqhpUqOsbPsbaqGxAWMF282MVu6lKhi5Yapp2FZLtg5frKdMPL2If0S5e0Z7qfHv9gfyZ9Ocb2gs5MRuzG+fajXmPtUgb6p8xhjAmwW+z3HThBW1GW6M28iafts/CCESb6+c1pMpuNsPqsc24+gVltuYSHVDwsVdVyCR391Dwz6QiiH+8AWx/Qy1Ke1dFXcrPrfBIB8YM1ER2/zywQPoD33oQ7APbtD5Na95zZ/6U3/qhS984XOe85yv+qqv+kt/6S99wzd8Q3vrzp07b33rW+mTEI3zjnsDwi/iPs9tOJgGs2bEe97znl/7Nd3L9Cu/8iuf/vSnf/7nf/7HW2xGOlO3bsErd5MSN7T9ghe8gG4YLt9qEnIRWeF2lbSBvghYdowtfeKJJ975znfmAe2sljZoP3zgAx+YWw7OmDFjxowZM2bMmPFIBzhbrPs+ArWuNKWj6jTZC4WfQghnHcuQ+ILpzuu66JhCP+iiuCqV5CbwDVoD/V7XGTpt6CxnuFouAA+00GW9PYZWBnHob6Gkml3hrcVZCYVSR2sSwFihDW2ikwQXKd4lQl07KodveT+q50g+eiaPoez5PlzeH3UYoH40hV5cqANWHq4avX84D0JGStmzd3SnZ8lxHJ8fOuqyhTEuUZsBNydVHgk3Hcf+EFEEXaDvG7eTjBkJHm6uY/SKyqHHbqHM+apEeuS2o/qxt75+tzeemvFQAujf+fCHL8aJmYYHod9vkULy20H6Y4RZLJ48mzS4T4Y41yYMs1VmT+GNO1369MaR0qnqh2AOFfaoA6sKMjnYJ3C37JLEvCVhjUS9FsTi9Qv2XcOLH0JX2DsAXcOuwvONVjXfBA/px8TvWLiww8Sj54biCtDqgktjnYHUG886ilGrZaXkyEqSXhAGRr6DoSnLAZhhl2G18yaLO14sptcecgA5t+rFfJo0E4liWyWa8Nrnf0xUxeDyWnhlPkEUnR8b5jCNwhv0vXpsvbpaT4D/YUCyQceNnkWX4tIN98t+3rezEuiaUxIq4MlV+1PtRAW+i8NnNp/t+BDRITDADCmy9siqRta2dSDuB7tbIOtGtxR8dPmM6v7Oxfh6VZpdkYfQRLGKy/XdU/BnS5lKyWRJreeG2OnBW3D81E/91Pl8bld5xSteMfoXI772a7/2q79a03e/+qu/+t73vpceRDTc/EKLNLVIC+PGaj/3vl2TclvCN7/5zdjl74Mf/ODrX/96Mskzdh1MSP2GN7wBZLZdtF26vX6xMSCilfDSl760HdD+bj/jxTTr+JIv+ZK7VebmhVozIe4etxy8R+Aq7dxWwoX8ufFrbEv4tre9DbX64R/+4RG7wxKazO36e77ne1DOK1/5youGzJgxY8aMGTNmzJgx46kdoMXJGY+Qpf/Xead0KE0jpEwc0AqrNMhND+y3DmXUJNqEZeEJBzp6HPWBQ42G+jONBPJGLTt+uTiXXWodR9HAmwcEH7TGCWNqnJNcjgrjoPCJLUeJI1PYNQ9QGjYdEiz4oOIOtpUdwXSEpg6lqDPmjoYlSDp1G+k4p/evDDVH8dkh3KWcndBnFTqAi171XusFp05dsm7DH9vDahy1Gxh26CO+7TAZeHdU4C7Rb7OeNiA+FnzjhGx1H83bmPZI2AcqdcuRh+HNeNpnfRY9SvFQWnDs+2bOEuG8YyC133hGZuOXnrKi0NFDGSzuww4ZbuExHUJxNmZQWdLhKMvETQnjCH3RkCT56gAiLCHRffIUbBvq3Ftpa1niGopD1d9XuaEujygOEvWiDTCaATMe64Ja6HRXbTbnrNuCqritsrsbqwe0EXCDsEY8zctY2sWtVOOkVaknLByqCW436ejebDGqKXPdDBruHrbdHdtJvhVf68mtqg/1btC4mG2xLyEpLn8mbMpnoup2zfbDvl8vy6kVpJ27rqVKpjato8Ckq+ma11bAedt1H8Jg2VA98+ouKgpz963x6naMiYhbJ6vVxqK2Fqt23W4OIXaTbJuieHSvNQsqaHfDUKsQcXwcM6fPPkrTsQWiDp20K50W2x2RdnPV16ZfN7gNE2ppY93AM2214Wz9bG2/totuKsLetFutZM9u2EeQjkto6H1dC6h+UZ4NubiapFSYrZB1wNKavenhVRtQbL8GrZ9tJiD0wONd73pX+/sFL3jBs571rFsPaATzX/7Lf9k4fyO2z3nOc+gTjgZkX/KSl/xIxPjWa1/72vs3ymhHftd3fRfcKnIzw4ty8loXu/PdDQq3s15rcXPfwlYOSoDcuB2AMuF60X54zWte09jxxYUaCn/1q19Nd4/cNfFmb/zGb/xG48jtcq2qLT3QCh9r1cZiTAl84zd+4zvf+c529YtyXvaylz1wS5MZM2bMmDFjxowZM2Z8egYoIBaAM93gckxpeMEH2a3q0srAQsdzY810MWggfo5/vbav39IXavuiYHWPhBkEY6W7E7sgFOA5sdxaOUR+3cU/2HgL17CF4DJKa9OsWS5aWL39nPYXRJdsciCQvsoczTY3CgBecpkZlqRLoXS0CF7tfNIvL4Gpsaw7uogvDDP8il0ZF7S3DvBLHLwkLc6xg7yxq3wDDierLdGfFFBdAnOh2mJt9M7DDUK2mp9qTaiaKLkDeG9zvMrQLlJI+gr7DeD3i7hnSvTNgNovqYakVcBl0sH/BTijMWlywME8HAnCn8MdusZ8MXIOmU65cb1eIo/FMh/uH7cNDpI3VuOzP/sP0aMUD6UCGg7xErMLESS7+kOfFtl9hRmsGrevokls8EbhgIA/QuN9xXk/1sPjFMsofFqllF37s5RqWKuHmWksxRdwxMGwZG5/nU4nXA0C4qsWJ+w9mMWYALhA+ry3Wbm9qXJaNwquQN5oiNehvbkuZ6lnA8p14QYmlVGq+UW1M0uF4NmsQmxDwp2Cm6t9x6bGFHja2wUW38NPt/FDtxuBXuATIuatofvdXZ8blFXyvayb7YZn7Soy6IYXG4h21evtXIsZFNkr5keB9og5cdjolOWxxx5rFzSyXGEPDY8oEHZMT1otdZlW0mxQ3/xJsNmBjR5XX0KzqWpYoNtmtzpp/HZl5cKN1+tmhg0Nb+dzQ9fFxrKawwb4MwAx+rmVo+Ye69XaGHql7SyNj7fDTldXjz3+OJym9WOn9b0S/AUeHdtez+dzu0hZ4MVxQsOhjFYov23k+xm2up0ea7fDqvR8P29tOFuh2mft0lyu1vbOVSsZxi/xcS7wI7fbgOmTEI1vfuhDHyLjpHc7pjXqC77gC8jUtfSA4nWvex2kyhlPe9rT3vKWt3y8DsuNzL7jHe8Y9wxsOPgnf/Inx3JuXqv9eo8dBdu5P/7jP37RIQ0u5ykXmyim68XLX/7yixPbWW9/+9vvzX/bu9///d+fZ6EfYPoxGnq0wtMJBMd83dd93VhOq9Wb3vSmPCYPayfSjBkzZsyYMWPGjBkzHo1guiEEdT1uyl4N0gYxlYCp+hXUVkODt1EJiS3rLk3iB7qWLdS/nZkYnzb3Saz/daDjX73ZUXW4UCbbDNnhYb22YVZJ+EngrsI3WFfsKRcA9ogCb4Y4yJE8S4K43nYw1cQHqKxTZ0qaTv0XGtW7wEecBDdW75fk4lhh78rDOrQ96gmkBYvtqK2KCQUwqbLQJUf1w7pRq1mmCs5QX9Ygwbb+vkCpLon2LRJVs5GuNJ899mK3A8EY1S7TlmwISFvkHXzsL3s5eHpUZuxATmRnzCioMuWLI4s/MmTqL+e9kZheDkNFMjwO3B+ewPQXz1Oq24luvW/+wGd8Bj1K8cnRSX6S43/1JV8at2hkRTzLAo8L5tjyE6EUz56tyMA5s+PDPZDZJo4n348ZEmZ5rP0t5Ht22qQMTTCR273jeS3sYJSMm5tLgyAnVGCrbHVvz2MDjlo7Bc0+B4j5C6M9lhRURXDD1OY4EfMOF5NN41ef3iUnZLt8ztqN1OY7O/TXBYppVqfp6g97UUNirVwr83R1wjxQYMsu0b/LAudm7YRyunO+Rm3bqftZd/kz64m1QCK97Q3stp8aU23VPG9nc3DmxSyMVZytV/fqI8mkLh8Lb+fNptFiAurGiDcFwapEVvDdDlmNjsN2hMCmtY5lVwS/tSLW6B/Mig1vn/Vq59OyPtYQcqPAjT7bzoTY8aBxe+bYxU+F5G7boX7Wq/JyW1HUQDCZaYb1pKmPW00ee+zxhuG1zroXolV6XXYF7lur1FK8JqJ6cC1HzIZjNdF4673z9bXR6gWSd597zdSFrNWRdqiRD9Bfn7jz0XMj1FX3WmwNgklLa06D1q2An333e+jBxW//9m//jb/xN9oPf/bP/tk/8Sf+xN0O+/t//+83GPqlX/qlI9+c8amNH/zBH3zDG97QKPP3fu/33o/Fx4wZM2bMmDFjxowZM57y8X1/92/qd8sFCjMz+TTDzcV2eLKl5cU3BSQsQXdMmMgF7LSV4bozLWVVv0x8tVXmsBbIv3QvpCuT1LVX9YAKBVX7yvzE733otz54/ZEnyMCnqmsVNcCzEiJUV/u6chBQMLWHjmUAQvaAgIrIwR+TvNbQDhp7qR04Qsh4iQ67zDoZr2+upRt02WpklAFH00BCWDbeBbyG3VO2CLwTNYH0OVR7A/eEntohqhOCTAJ4nahjfaMmUOJlpqA42hKlw0saS2ShgCT2QslOpVAvc2QNsLxaRowqHciDXUMM2SssklyKeZR0DpL/BVtjAAAQAElEQVRRpi5n7hWiEKkzNt/yRsblHXHrXas857HHrrDDFtPSb4NQ019sThjiwoERy3A9v82kw2YtgCW6hAD3Q+tsr5TDTdOHy08fMbcBSb6Z9vjf/GcvpIctnve859GTiodSAR0PXNxBnjGr/mK6DoMhk88kHK0dzuslHYvOpFO/PW4mxvJRwU1beoKLPA2EPNahyhAXY17ICUjv5j1yWbB2psj84AGLzE3w8FwJg0d5sA2q5lYcthkSPtSmpNaJUhKwErnZM/sugqVnjvoDCRxu+D52TbQpF4ZCxqJDX+7VifwQ5s+axtXkzvn4XHLIHj5KFA12imyMHYi/sFvop+FJbFtoWmv3HoEvtURRPtXWPnzsUNnmZcf0/jkh/kmbYnkbhMjgmZB9WYQiS1mRRAy37xjFyN9afdTuxFOm2cxSUP+DPzi2iyx+++AjlRbPrMRNTMPU7KlA/cvk6jrcJrVf7PrVPsXbB4x+vNMDjc8Kf6Jf//Vfv8dhMGi+dX+8Gb8Pka7Zaejc/n7b295GH6dr9owZM2bMmDFjxowZM57a4dJQ/Jh/cSKUoClOLTgWg0O+zCmHpjyK86gLj4SjjHTAJPCtOOhDpTNIjtW+vpo5JbKjAHZQJwceRCFEyTvH0inq3BW4t+kyh+/jflqYTucPQWP9Ozp3ia5wv3hX/FIvUKJX4qVkn524XshFY4zkkmz208ZjBdazw1EHW2ovkI9KSx54vded0iXciYj0KxD1q0eFh6EO/uM86yZW67TOf41jeITEMgyEIRfftTLIiBwF1Rr14kIHspwFH9+WXqcblZS8A2O4hG7cNRLdEl3CY+ti+G6yxUcmHkoPaA17nBXepZ9KH16ByYoAeJbMtwS99QUNKIg9j5YFADGGmJrCaWfIgtjfzCm87yg6btpYQqFAs0HS7nFkaJg8E1V1IYMTYYKE2aTBxkoXT6C1zI5gGYSRVtvgbnyyJNZ6SMkm5vKNnIDZ804ScyLSU2ketCzuWjFMxHrMvm9iu9tpFtPk2zsMJmo+nr7awu0xLCXF+Fvp6o5qr6cVhkuxtMafXK1PK7cWKRVphCJILJlM3Eoxhbh2zulKwexu1BmN6C0in+XJU4ta5x19EwtD0BkmrV7cD3rfw9W6sPV8e6EarzcCvbSMplLv9USa4dzRnE1Nlwm+GYr41eZEkblvfVur2b4w1oSotroVuix2fzh9xj0Cv+y6u8BZe9icRlACoa+E2HMDebNZb2x7tR80v3wq4jsl7taH7R3Vhj/wea2V+exnP/uXfumXfvEXf/EbvuEbbgXcv/zLv4w98dqRNONTEekTfdOZelo8z5gxY8aMGTNmzJgx40Yk8xt4dLLkEMKyq0FdD9rFrByEhRMsi6uPO5vs1+GUG0to+KqxG1UlwymZ4kK6DZaYqweOZAeQlRx5+NLhzmq5JAbl0SKBHEMANzBYjHAiQ74FQuuX/GSkvjI9DEbIlYGSSJwcO5ARUnJ1HegpYA4fUC94eYq3O5A6Aszeo3niDT4lI+Pq5FtGcuysO/pk1B26frKjZKekrtkciVjCaR++odKoAs4Zq+4HDXmOIeAPILdQWfEq1MpdyQ0Fc+nILvueqB8zXi2aFHXh3gQ69oLVO273LNFFziGqz7HveZFj1SWzKqlPzW4geaTpMz2kCuiQGuv/wi2Iezql02R9BIyAHlJjWHDBlDmY4nMoB42WeCfSNZ4OERmebJZwkPaih7wLNK1LiGlBq9VSeO/SV7NUFqhizbg4ZNOmn1Vr4HVd1CLC1LFxRaBRO5d99YE9WgtcjZflam2cdj01LkmlnXwqanXcEpRU/SFRTGrGyibfra5Q9oeNsAQjtryz3Qs3VJkgN4byGMLeHf4UQK4EvXXl8HVS+rtTI9ith69OV6saROil7VwznrbPjn3bz+0/fUUMDHPjwupNsawca2SwIMh0x4Kt+7C2R9fu6AcHQw2NBTpS++zvI6/uF9b/0qoqWF0UXWGO1bYmpcDb2uAvJhw1hd7O1l4tvfXEdXsFDtd76xxpv2nxasfMd7bz9fmaYQzSum5Tsw8t2fyeYbmCvkWCt5j/tQJl6zh1FFHLENfMt3E7rafHH3vsMx57/LScMDRume2rWfQu0rLNHKRlBlo/Ymj8dq1CDzq+4iu+ov39m7/5m29961sv07FEv/u7v/uWt7yFDFV/+Zd/Oc34VERDzG9/+9tHq2uaFs8zZsyYMWPGjBkzZsy4NQ4iTY1Q5eb7ofciSlvnfm77nt6+Y+MPDSvCGZozJ7RMR310nE2GmPeUCHsNTBVNWHZtMKJGTbnvmeVng0j7RoghjU5pbJVBMC0cAl8jI44ZObg2TiJy0a2vPJfeQxzk3ZxJDp3GDnaia/yCjozcAtmBQB1BMGxIJUw54uIX9PlSVSyBwbsQ/TCezqAwQFknHwS6cQMoGCwBnSmr2u8AW8+NNeJMPJZ4SFscQ6JhlOYBjqHEIXvgKDqyhVSRA3r0oe/r7nFN79ZRs+1/CQ95D0qm/3GFdp7QZff2mxtXq3QsOmuRgybjWw8e0jxM8VAqoDNXIbmLqVkqC7nwuWSq45h1kc6mh0wRUWS7+BZZPvst41g6szsyrBqBKFXCeYPhvCFI5YAe6+xVDOyqlQSmyOJzHCnnXRxQAk/7E9/gL5XQ7ao+lmOrVdnUBLnAY0hnNK29cl1u83+5gsLX9LMu8NaX29m7Z7HsKmkwzdFfAmmzgl1MWNGDOv1zzuQG7QWnF/Mz0k33et6xz7o+Vpimd4L5dT6yoO280oI8gkg6hCzsnkBqOnHez8ZYIXxmKJ3D4seU8DZpFZ0fPLkHUyftLBsAg7ybZQMK0WHskMZoIDozEp4hJNsmkSBM1uu0Ybq+3rTsdVFXbO2DUnxfBameYnWCb87O1uS0zagg4Dq6+aHpUnTkQQ4f8zrqYt4sSu1tL9ps3Zho0zcqm4b9qkFvhgkTXKcfdDQA/RM/8RPvf//7f+ZnfuZ973vfS1/60i/7si9rTfjIRz7yrne960d/9EfbD+2wF77whY140oxPXbzOgmbMmDFjxowZM2bMmDHj3iH3p810vXCAkYFDJ/MgBzWBW2zZdy/AudyRd8Nxk0JH5a8YcolF3RznBdMLvhp0kkYdawhlA6iOQkUXtsLH8yYRBF7II3PhuyQ+ClTTUWR1TFE4valTZZwkUnpNezVcTZ2Aa6xhhypjzQHBmPn46mUTCEfl7zfSC9D1+ShRbogWZfpFjnjswCsoFuJnzVP+d1Eb7L12JLhx2UFtnxfpzOe2GPj5jUOGCnYNOd1SpbtGKE/pYjiOP3iWJX8SPqQikNdwMibj2R/zCXvKx8NqweEZr+o/IwnnTsisHgSLvYO39e/h3pQ+WeK2sOxF+KrjbomzMYtWB5JEg9uGT5zlMJt5Ro59cYogm9UzQ0O+0Dmp/mwG1gwvZXITd/GMoYp+7Wj4NFvzVEi9b7vezYt7DVOIhVuJq/la2PVNuMvBdqNhycmZ+wPq9dhNDqw+7iorVi9jQOo4qs/G8cCJ20q4Z4ighyOPF/O/9I8FdmsUF4lbvmBvY7n7h0zkDgmq50qZD4VrhzF6k63v1b2/JT+Equ9Tq02p8AZqWLq4W7P4Ihn4hKBPTIXdMK46VzSyzLEAZTdVspgtdCtw28Uk7HrOppv+iW2mUNLkBBNwNZcScl4cmcxaFwyJGnsQBOYqqd7OLuTXD2bouE0brsB8179tzY/oQJS4Z8S2YRxWf2BbYjHjFutdqzl9MqJ1zTd/8zd/7/d+7xNPPNEAdPvh6urqcz7ncz7wgQ+M03+D0Q1VNzZNM2bMmDFjxowZM2bMmDHj0zn4Xr8CISoYCQycClCOheVEriNOqV/+yDzSage0x+gy5UDXiWsFCi/Kc1Ej8IwOzofV8Owrx60GA/XjdMtwMO1nyMAaL5ocrUhMHbJqB+KUlMSOE/Kl5K63k1T+ykXpybbNcURy8X2/pntOZG/xiKQ7Xu0selBI9y4pwWSk4QivjKsG0Yqonju1EoSNSUuF07A2uXVWQLpY2ruaw62DeteYfljGrbP4sidoLPOAmIcjRxznzciOFboNN2e249YCx8tmz3dszXijd0AnyWMWwZXWwsJ3K70/Dpk1kItiHqF4SDch1HDlP0fChPssE8T3mOmh4WV/oo9qeumrDfwhF3Y1qdwyaVDMsGzZo2C6hY9rBGRMMhUQaHBkW77icmBT/prnc06wUTnfK8/8oF2YDAeMGvi1XCiO3UZJgenWiKZ5QcCfWGKL1WGRRHQiObgV09RCxQ0fEHWkTr8Ra9Fec+FEbJ8o4s2BIDjXtAggbO3zu4mSF4a5yNI/L9jnkdwZVEXTqgJ3/3izx+BqaQdTGdetNWxT+w4D7YIX0TFmDaKuGzX+YNTMJIQW3+dX73/FvsrzzQkE/NeU5ehbjk9LZ9yqtG+9em6Xxv6BuF0EImvfc7AaGafq944ldMM8BRfW67Yrns97eKDYWbvnCoxNt8A2g36/e6f4tq+UeUO1ArFT9SpMsR3x3XKGn2A84xnP+PZv//a0eL6+vn7/+9+f13r+85/fLt9efNOb3vTLv/zLNGPGjBkzZsyYMWPGjBkzPl3jJnx2X4dbDhDy3ZxoMKboB0sSGPAUYacdRwBxg6xUrF1maMns6zU8N51X8oAYQWa6EeplcU57RjTubwC/ioS8LZFyX7g9kInQEAYuEVhcOtmRKCpQEUjEDqfTLD/JNUcN+KIDHKsmypfxHZHLumUbBnIS1/Jl4QfqRa4LrIHUUWKVADVRB+msNADW2LdCvcFxJ/j7QzMlQduhdYnQU+vXW0TjKPkFwq+k4+7e01EDb6jEWIRYMbotRvcGyLuIAQjfUudolhwae+DucbNIXlXG94djZtDDasER6Y4+s9hYswgPNwLlk6c/VX+i3P/Zb22nnjaFudYWiR7zZ5bhYseUVFwFZZHkPEeGOAXeDGq6ofvamfMR6+vsDsUBohnrFGw/PXexaCRxXRkYlc0XeDtvDaUuS6BtuFQsC9q6Urm6OrXK3zmf27T9+OlqLYti2cYuvTJ2OBeK52tXvLnBPWIpDWWujM369JfVTJDVPqLYJbPRzrqLGVZsO7v5kta8XVO32zOX5QWOHJb6W0u5rtdGn9XV43ytPk6tiJPP/wp/N/hBa8FyNl8R1sqWNhitAZtN40XNjtX8WBNz+7rx/pHrjyofL2t7XTutmlGJ2lnQph7StdX9ypMBZdNrqHAYybzFpNfiVsz6KaE2yqW0bhHddHEhW47SQPGmr6i9PWj2SpoEuNYKu1F0K6XAlLmVQxXTOyw2zn7n6I3liQa7VUrV5KPdMS6Zhl/KeTu3Zl+drlpNqn96iVmRLNv5utV/NV/wdo4id/v8a32vjhs7dlvk7XqjUxtNHd9KSymfrGnu8z7v8171qle9733v++mf/unf+I3faK9cXV09/elPf+ELX/jMZz7zCRypHAAAEABJREFU3e9+9w/8wA+0O/D7vu/7vu3bvu1Zz3oWzZgxY8aMGTNmzJgxY8aMT79oXy2LfrWEDbB+V6UBxbrnJ/S0tlCX/bswFJ2x5x4VCbaYQuZqkr7ipLSYh2fK0oyNJDxslMD3GyToSn1dOAFQk+/RZAvUHSruDjOjxIE0MlY/t3d2/E4uiw7xMkFw5j85MYQs0BpmBqtmuSn2tT2Eh1xd5lXV27Qv1cY/sIYFsiGvVQU6IO6+1Vo1oB8ehM/BnmItfdSbXJFc4iokIexOoqxABPR/5y5Hcw9o1g3HSnZQ9iQF9eZBnM4Bn1lXepdEznnUoHITSg218YiDvDWW6aNqoHDQ+RkpAoUztwFV6VEu+KZk295CO6xrJxnCcWgP4XGKW7ENuiv1bejhRZB5CBQX/XwMoUH0fWR+SdVFJEF5UHE6CKvFva7ZrWhSkJrXrSL8yIPohxJAD7cFj0+7HBX/+bR7wsWjisSTgyfV36p+h+o5S15IeNi50u+fuH7mn+yIkvMA9sFrswqnO4THsHaFAYRruIjExn0aILmotCiF9CBIZe0c3b+ufVTEJ4GYhQfMjDcFu8pNDVkvkcuSnAjbM6572S0g8brVHhpqWUZMFiopZsBUhgO1PtAGeGmxzycOmTRT7GII02EgfvKHdF3VkLrh58asRS1DVAKs/JdqBTc2dxG0zNaFMPTUmOEWc+mwAtg+CUze3Gq7aBHmgbG0xjqd165XfM2iW/iVyIjZ0KxiH1x2BW60F1kq9HnrtsX6pH1Uqb0GiW4bSAwG3UL3d9RpUeG06dAxKPbJtpt3h24PeKr6gWQdUHg/7/jQUscMT2xqt+xwpo49ebEpIbadNGW03rntR0zisG2BJbcabGh+Yrf9FvWGX+yeb/Dcdm2sbMYp2CaW6JZ8yYONL/qiL/qmb/qmm68///nP/5Zv+ZY3v/nN19fXjUG/8pWv/NIv/VKaMWPGjBkzZsyYMWPGjBmfXhEqY4uOOI3Kse8dJXzx7TIgyWg8EAyP/XjhewqiQsrqp0pwFb9wSlON3sY1j1JVgFH4UIxgUXB+V9560+If+6J9wDTxvptCA+cQNu9C96BI4XTfiCoM3/SZnISEbBAGDkODg8tQ50jpoTHUhfomXePr4oTa9ruqjopTLkm+gl4SgIHwykhV2d8gGpkaRznY5cuatVd3r7BdB6scxcTO/vv4y3B7iLuBS083gPKbItNJCC6b7GjwweAbmDa7boyhJ9E7GOYOninlqezdd5+RNwrlyvJIBNAgjfbByApyvw9vNOAwwDfb8ujEQ2nBwUMqQSzxZGs2IhPRBfrUJfp2Hv5IZEU8LZFc2dMyzDTkKXBiX1jCOa26G0bmoEIB7R4K7lHh9iBWcMEfg83F8nxuGXHRusjo1M0cNMi0vW6vTJ1BRyLKMTCIcBgRozqGraH3rr5hXvHkU8kUlvLuqvwdBhHunW/KWncg0bbsyk6tswltVWSPvjfeDRcMg8qSnSBOz8nEziDJ2nCOUsORB4YVhRUzt/fMVqMCzyNTJkiD6kWq8mfAZy74ZAHX1kEtyqxX4+vmHwKnDbPPtiQgcLZUbx5bk22rRsKOvgXdFGQfO722QkyAvJyWctWY+un02OnqtFwxNnmspv+uMLFWJ41dTTo2dKz0Dxf9X454aPed3TdijuHDu07qrSZYe4QPQtQ59jDUsBraJwvgukF5S+lW+hTF8573vJe//OUK+s/nN77xjR/4wAfoycav/pY8669+9B/9zP6JHP/hj8j//m/d+etvP9PvS+Byf+CVH7n480Aq8D/8Uv2yv/rR9jd+/f/8wt4uRzNmzJgxY8aMGTNmzJjx8cYgrUM4oXXeZsKp29BdAD3XLHsxlOBkJJ6DZvZYgh9WO7MBiiZs7yV0FDYfON6Bfl9UUJI236gxH+qUSKhjWHICyjcsI4hS/8tROkcR4aHhpKqzo/w1JM7ER/7oyCobGvhzuFJvVm/UgH7zugMkG5hY5BW6snjMOVCXcN71W2XnzgAOB72bRNMSCPv180Tm8FEZ6BznXROSUpF7MeJj8iFSEvle8vEYT7pUM99s09DpdPxBxqaMZ3gDZKzGUKkbAyQ0pD4o/3l0v78/nJsQ+hKKGEmT2hZkyvzO9UD+Azci54nDeB/kzP0Zhszeb75MYgWETh09D2sDDg9x0m99s/jyg1KGWQEy/o6SfdEBNsczi4W0eF6KWz87OQ/ouwNqU9BbtFIiU5Wk3HvIKCr8k/2lmkk3f07t4kU9Q1RKjZY44lc/JkOaPsViM1jF1oppI0XYjtjz86YhXtN5q0U2aqgLOcR2DqxIqVm2L9Ni5lRhJ5pfCpc+X7FPV2RyZpGBvFttFnXtYGw/CxU3m4eGGNPl6lmrVvqCzEH1hJWC6dMKCb32v1Ls+EjA5aygVviKvJ+tLlLBclna+eoZDSy8A6D7uANHt/N8/9O4TbQRe8Vd0fMeDLMTPtezIX5tiaqtpUhu/4qsgv2o7bJbJ7IbnjvxcbfOcg+UT12kDnrbtne9613f8A3fQE8qvvgP8//8tx6nhzD+6/9y/RsvPdGDjq9+dvnl6JBGtN/x3vpj335FM2bMmDFjxowZM2bMmPHxxgEI+k+jbrRj4ovzOGTQMhBXJybFfzgQ4hQ4Z+lxManSGTT7kZ31iS1o5ip14IF++ME8gjsKxau+RDqZnxGJI3rlQTwd7TaNMZEktJEBp198y+YBZ8T7A3QffBo4/+6ACf1Sadg3sb/h/6TMMV8N6BBbl6HMUny5vrPY6sOUJ1An8Bylt84ZNanRfV4QRwpARtwFiMMxqM670eFdGd8HmnuraGiV9xr+NcW9y7VRQx9TOhYz5gD40KlWarnovjzleC/mgMvI0Uc59+3hNRJJwt2P5/7+jWsf2kxE9wLjT/F4OAG0hZNj29EOPhZjksdDMMeIYcfST8Q9Pjy/h20re7KCMWdwvx4PQmcX9udDHJjY1dWQAjdcqTCyillkmNWR8lxlrSGjlhJwGq7KKqg1OW37TU2OzW3jrLbLcI/WC7YSi87CrJYO27bHFnYwcRgzWlrNhVcIhNWhAVZNO9xy1HBnhVeEJ85A92OXVPIdaQ01t18KFjQAfLM/a3oMVo5s1XYsdH7bPku2BkzVu8PkvRUrOdrFuy0TOwIXjE/sG2u21Qq39Tc3mUKtrD8JjtWl+OIgThsTZJ5gCq2YeDfVNC4CDTruEkiF0fO7Ie+Vy9W6tH7ecbZ29mIA3nb3Wwo+G22CbX2tFFt3d5R9WXWfRqp7WRXzK3zerhc15VjJLDFMzWw6612MN0MC7zOkem+00TEpupL0xrXbWJ/02VQdOolPcdXrzfkJ1JplZtY6wsva6oI+qMbwl+XB08+PK573vOe98pWvbPT5RS96Ec2YMWPGjBkzZsyYMWPGjE+zgDLNwJCrR7sWlJNC3w2ZwdE0eK1+44UcLM0Jwu8Bv1BcBqcCMFfTqEnnMy6wA8vpzDG5q33ldybTSWSoE/s/rmPLhupftbPv4tBQ+uJ5o6DFfLAFS5ArtHaQfBn0qIelxi4DtNdZwiKbek9KeDZ3YOrvc7Bb5t7Dvf9DL91RdfZBBeFI8ukiQTuOR80lJ66mjpcLhUFFP0563/WqHCqYrN97pNcWq7Vt+TsdGsr9PuhvXBI7ChwXIsNUfV42JEmIJyZwB3HcNZytHQmyE/KB8A/JARnY31idA0+7KLD/6qz/Hrxa6LC4QHrfPKoI+uHchLA/yhZ2HyqNxW9DBsuTUMLSU3KBTXNiEtymx5vDSz4o7vs9K/e8X9R3uZg3Q6hfqzi6TvechjuHBRAQtEqvu04L4LrmFWHy2va3ejCDNqqYeTF/BnfAUHTr5/HwbEtszOjo0p5T7MtK0QEKLsPAWcgdj0B07Vc3fkL6y2i270Xon1AV9ieCjfMeW5fdpd9FX9g2qkpcG5Y9n/dWrFott4pvFYkAU1FXOErsxqfNBkMbpe+7r4iKejEBmc11XVZsltgO2xqoNhtrrf2eCaliRFdUpGxabK2D4l07WFGvGVzUMEtpl2/H3blTMa/BKGM94eNU+fF5O6ulhgmrGX1LEG2vxsrDWCVuSbxI5qCxcPGZWrATcIG7iZpxL7aHoc3itv0i7gdrWOPQhr5X2+dwt5eUjZ91SG0Ud91FkvHrbsJrRl5YNdrrQp/qeLYFfQLxq78lL/rbd/6bl53+7H++/Jm/f40Xf+TdmoH48meWH/v2q6d9xsc9eX/4I/L1f+/6Xb+iE8YX/iH+F3/lsS/+w4wL/akXLP/Pf7n9pzv0mY/R/+vVj/3T/9/+f/un28W1/odfqv+H77nTjmnxkucv//1/9fEJkNGKPCt//etvP//sv62/e4daxf7r/1Jn5ne8t77wS8p/+xPbWM929b/w/ddv+darrNuzv+Ojrap/759vtxbbjn/V//36jz+z/NDP7GhFe/1m82nGjBkzZsyYMWPGjBmPXIjIqHMG9DwqPB090ohdL9BJxfEssYw5RHllUM52gaofQaEw9sXfYf7s+xY61RSYh9akNzi140Rh33YQCMhPvtQe963sQjcLxOkLzUNmx4GAg6rgJXy1lxudF3XCGfrl3JeGQ8KLVcoio4DX9mxy0biuluehYgyGPfhylDLy9ZRFHhf2gwvXkBOSr/yn8ZSh5TR2XQ2BZqtNtb0iHaOR68oBkZL6uuYzWFaogU0d57061LbXL0YtMLK/d3DAzV493l5d6HlogW2zKJ7iSLGoHEcJAJCP6N+HC9pzT2Jw9kkcdNlXxyFwMn9xLU+ZxP3AFwbfgcdZHlEG/VB6QPvWp3mrZYKCidOTIPIKulWd9CfYTieSQ67HS+ozR7eKT7UzDoupiDJVkk8g0ZAyghDXH2nUypOHoLRGPGED7QEjhwrLZQh0G5osa6SYyDXWWNMCX/8Cp2D1VTY9NYgox3qVgc9zT+vlFc1bInyhGeQeM7zRZ7dBRsklljP4k+ZJNyuzQNJLwNV4msQfY2ujYGtdPWpRcKzkd/E+ijkS5tiou2/cCh34vsMIu+7uB835mYYRsFrATVunT6p7VKz9tBlsVt9k9oe/Us0bBnC/d5RtBShWZjFNsQ+85TdkSNWpxHk7X5+vzS3EN8ddTdfsfYKetQ/chphbCZuesVX11nChNql82U5pLd12UflzCSW9CtvNRiPQvhwyceIeKmT7EboHCxH6zO/lC2/xp0Y09PyyL1+eeNNn/Jv/5vEPfEhAYD+uaKD5P/u/3HnGZ3MrpP35419SGnduL+Ld//e/2v/Hv/54e/1Fz1n+i+9WxnxxrX/0M3ujzw34ttd//fWPv/9Dklj8E4+f+P/XV794bSXDu6Mx4qc9TrjQF342/+X//mAh3Y5pnLox5V/6rse/+tn3mslbJRvXbuX8f//qY7/zEWrNf/FzCpr/zf+7ZWz+jBkzZsyYMWPGjBkzHqU4IDQeCOGR2TlE6b8f+dlBuMOsiLYAABAASURBVHcssMOaW5Cb6Y+NUvRyZSCVNGhRRS4uju/UAZ0D+EjSG5ED5Rmvmmfnl2mXG1MwYqkh3nb6zKHDPjQkcRAHos619Tx0b2DqY9gB2LWrY3K6a2dR9/tIMaM3R5zVe1OTi/t7Q4WO5UV341fOPfSiNZEcGLIU7IeFDQcAVlBVGrZdvKwLpZnAeDNdfBPNO0lkRLecAuw4aRxXkdH9go8FHe9kooF+8/HyMuC+ZNv+J64nA4qm8fRxuOmSqeehQjdvx0cpHlIADSGsP8NwlIjHAbgQvNG4qboGS5w1stPjfCRpjJNPcNxizrqF+t2Xf/JRDCBuO92Rv+A7I2IfO4LSGYsi0uEigwG+RcnjXs3/QXkthduRujT4J0G1xR8+KRTAWzBoZ+22E2A0MlJMVm7Erpdg6HZNCpypyZhkyT2F2zvGuKEgVi4NGo1po/2qWNl2vWNzWKbjfAyPCzHD5yX2BISw2ZrTfTBAvRP4owGNr+4m/BWi2DAwLT6Mcrc2Y39HdKklJ9znA07IZnqBNBzU01g/AywufatD3DH+ROhOhvCDtgZqFddl3Llx810H/U7QtpfL1CVANsppiHnfznDUyGOc/cc96bO83UCehLANB3MsTaieOQNLN4Zblj8Hcde1kW4XpKdcNN769c/TMfriP8yNHb/312+fu//iP7wed//7gtd+FIJfMv1y+/u7/4z7k+CH3NOvAVnIgRvm/sI/xP/Hr1El8h/6DGr8Fwe87V37f/WiFcD3aZ/B/9dvPP3cv6t5+hgNWI91uB9O3a44ouSsQLtQQ8aNIz/p/QZbcyia39oChTWZUXX79b/7yY+b48+YMWPGjBkzZsyYMeOpEHxk0Dww0w7zEp/1A1OYlzq/gIrFRWmJifmCVo9lSIjKJIWEHF+WE8Q6u5G7wLtOLS9edOIz1DDhb/xQYbMRdKfKARGL3MpDR4EitHdDRUVG9dpATo/dN1DmQEkw1uAcieAP8MvwnowO7+hFhgbTEcqTdAw9cORD58UwlfRwDjpC4c3BlzU+su/sCR4Ba14yMgrH7suq9eKOIylDL16cOvRl5yGHDs6OuO0Pj0OW8mfJceHLMyhY4215Acqb/EIjPxrAzLB4OD2ga2RYcoazndtoeCbZF25QtSUTjHxWA5q33wGctjt2l+9WOMeUxbkYxHIkMjxufrtmusyLsxRezAuW1PKHXRYl0foiJKvp/rzaPnRt8jPBrxtBYGc5m7t1uzzjqV6w8tbqbLpxaubN1mbAEThnAfUpNnyq9d4aAI3ckOqEdZM7TC3iAmiig8ZWbZGVOWMuLP4Zwo5A5RoSbDWtDs8m8zkOh6RWp3q92pzZMLJ6bkD7a9M8RspU2EuN6jbWbdbKilDrmNKyKUvNLjSnsFFwfhhiEDw72LYEJCwNkr209nE7Y9VVJGp5YS4l7VK8rosZYfuU3cCwemrQambaZzH0T+bIoX3L62k98WLNagfXXY07itkbqdXT4h7iuEvc3r423KzVWNixNBKHqs+mTdpTt4K+K6FWPs1m4G3pCnUF0UwBu2M1A9/7RyOAPjas1I+nvfrHnh5dzRp7sars1Y1RnmLxjM/m+/Hc+AffcvVn//PuQALPDfz8nvcrgW1MGQGQ3V4E+X3uM+6Vk2vlNAr8I+/eR+X1Zz52+8FPYhPCsWI3f33S8ZmPc5pstJY2Ft+I/HhAo9s0Y8aMGTNmzJgxY8aMRy1C1pYRWlYJH4vUxbpgdFSbYWl2EgQXgXL/csGj88UliO5X3GmX3FIveF+8DRBu3stADcYWscZ6cNUY/YIH3wOcQl1GHeRBtXD+QiykN+jZ/TGgIPT+QGMAyqnLYkMZ63aqajNq+0YZlVqK9xlwaO0+x4O421lKjEbI2zSAiozQ59txQAhuO6INqRxoER16sZNc4RRZ58h5d5UoEOwBTKc4DuOh+5yDtZf2GF/wsr7hXrB77hmIYNndLYDAjmKEGC4idHF33B5swvUK8OY6PAVDZtwq0es8lDEWLBy1uq/IWjHzTSh+LGoU6t847JGPhxJAV5a8lziUuywJhx0t2vOvt0cxbW3kM4YkBOe92PMahrGNLvotaz44eAvS6uLJEqmUet1eOXE8bBNKAX1mN+dvBRVYcqiE21S9MKZYV9UG2z6Cajmh9sHFFbsEB4z2JJGKbI0/t9mZ1lLcBKO22fo60koGiBfVfCvFND8GnauV90o6P+hLpdHhKmeBd4do2SYi1gm3YG418Km7CGAK4kxE2p9FHUL017NKgY3WKpAGRNXWVnUoVgNjrVVDw1A4eyZOobmEG0bRPRW1t01lfVLtbvsMMnsSdcVof9yMSWxHwc3nK4ESnjD7aL+YhQmGG+4Wi2mF9Ygqi30M5NQN/fHC7NvO2u1gdh27cvmybA1MWyeftzPtBPW43X56aMFSmcrXbbxOBpobp66bznbmxq3XbmNKcm4phYbyT6dQ0WsFCrkdN9luitq/W9Xu8wSs4n4beBO3UzWTa22KWHbCLq9NvN43fEzavSclPqNO67I9FS04HniAKT/nC+7r4+B3PkIf+JA8CbL86RPv/XV50t7ZM2bMmDFjxowZM2bMeEpFUBIa5J4urXVOSF2V24FiHA/3TsUkS1/LrN+YFw4mg5MNJrTvuUvqaiWgpS4Fri68awfvbHo0gfQOelVchCADA/VFhVJW5jXmEf+5wI78WiDpgT9TRWhM0YEocCoHBIc0rfeVt9931+Kg5b7HGM6BG7Ybh6KLgsYayJWsEoV0V46Y1HEwj9iYg+pGTZyBJV/oBqiHbj8OtZP8PVxPvR9sdy9B1dFLDqCBtPTYSjk+x9IG8Or3Sr6QpNmTGG4UQE62eUwyeN6Db0HCcjwu1cpMlJYk3H2ZyYzIe9+FzPpYciQxcu9CumdI3DeX9DkwnEFDvqy2TOp8GQ8lgE6NvP0SdzWFJ4PvlUrpvhNTXKSHOE/leN5qZq2MSy6wcLADAWgxvVAmw0hiUmDsfhizG/fNEPXV9uAqxPR1GD5DhbLaMz/mDFELtlN1+a2TVVjeQyyLOtqefboHoRVvXBk2DJgfNI1nqmhl760lqz9osORAukabeLpibDYIkwrV0paK6dWsPDx95qc6iR9mBOhzPW/UGrgZDW8vLAatYc1R+FSQkCrujwFvEN0u73Q6mQx8P5/PyJGiNBgnWy0alt3UBttU1qaJ3rFn7eJJADE7EIEE3fKMtjtisQ/A4lJr8sSdVYB3JOzWZY3plq9OV+jZ3WymxbK4NuH656J2JRTKmIHtygbhSxu3VZZW5PV+3uMmIewSae3RfQRJdcsqdBbfcAA/w0up5RvakO/Kn031bFPbaiPhMzRswcncPMoibZhscYz4hr/2tj8BTELjOpcZN+O5zyj/j3+5N5T8NBMXgynfW/icAS+Ou/l+PIkA/n7GZz/gz6V7FNtQ+//472o2f8aMGTNmzJgxY8aMGY9wOMc4fMOB6g6iYLG124GT8R2Z3TrSv3GWpDJdawwgGmYG3ZogBdOS6kAJywrb1CmYqq1fdrKbymGHE4E1D+2Ib8B927fkNknGe5uD0nZBIlEdRMFHbnn4dp1YlbxlcqD4HCTeV0jzAIWTSF5wTEf+saC/+qJ7YIDgVzyQfwrmHVDcO94hR3FcdeiiqCCBHnEWZkpCvSyBqcWmYg1QlAKlZ7fMYKdjRkl8v0ScF3styvHCwZA4xtZRsTO66G+Q6Rzn0HqGrD4OklGLPbQA91uOu+QA3z2qQ0QyXWjcJNFXF1+lU91NlyUjb9EhZd5+if96H8gjz2geypXXkS6J+SxWPwwzilBkjQpnhqnmIgn2Qvr6h+NaAu6rIogPEyl3z3mO64yJmky9eNqom7YLdrsT5PgknhHCNKrSZxgEL0GXKZC6zzASvs6eUmNIik3XzI6ECyyDDSoXcttm9ovZpOA9VziNkSlcoXd4OCRtl9Rwx2dPz95ZnZxq2xRUa0xxkCULvKGLzVz6SBf3cNIO0R35tt00xbpPIJTF4MiYDK3i6sLsbhPxkebtxKKeXjvfBrCEQbLl6Qpajo0dyWydl0WNnFV7HrdMazWH1YlZn9hEaK8jaVDhHB2+UDl5LlAga1UVQJ/P2507d67vXJ8bULbFNQxH76p2HNUk6MUNt4ujbXx+m8n17htR+ia/p3U5rad1VQfwXavlzjHmKH0iNnm7VYpq3kuYhP0Ot3bRjJsBq43c0A8/3HsTv4ynfQa/+sXrj7x7/0c/4/7af/3t52f91Y9+XJv4NQT8L967wzb6x36hpjn1k4jGzRs9bzT5/ouFqXQ2vx3/ef+nj2RzZsyYMWPGjBkzZsyY8ejGwcSWE7ZqSApmb242RyOTi92uoF4esB3+4QPNlcAmKKO7UUhYWwglEukVC+CdGNYppJ9w4LPBMOLL8lgfGaBwlNCR6gCWjy31iwSKjpeHI/o1cbWRyN5oUPTycKmOuA4HBgfz2mbp/bWhHYf63II+4+CRtQxHBnNGM6qk6Lgzem9krcnS3Jkgb57L3gvONtwEt2OLA2MbKzZ0bPzjUI5o7Bq6R/iJ3bG693NkQ+T+v+GzHO4mGkqVBE/jAMgB9D1S8ZAqoGlwGPdcRB2fk+FQQN4bDy9HjoJtk8JKsfDBshfQ8JfqpeYkBYTbX8rcGjgpO9HlnN3YCGx69gJax/SqC0jM0VddIALu2pNT3KqCBsukTARxrHLxlQawoamLwVhVDldocc1+oppfh6cf4Rli1hrtdWzcJ8qrtzi3NOjZcKcDeLMwLmiOQmLrD1Yfa4qnSTtrcR8c1fauZd9MjCxhlJJZOTugXXK33N62n4sAxcY05f2KjQDVxwL9Zm7G0qCsGmZol+y2356Prbp6mHIZdBeZU/akrZaCuusrJ15pbb/eOV+3Aq1lBBitPteg1LZZop2yFXXEWKqp49m5fBplu6A7Z2QAZNrrupv6ucH2uvR7tF1lkY6eybdHVPNuAiLXaizkni2tIY+tpwauG9Xez2fcrZYqkNbD5/26VU9twVUk7klkVs/zLfInrV37yg+nw/snOb74D/PP/58f+/q/p7sUkm309y/+ymPtxfuEyGYtffUX/+H1X/yHNJ5O9x1/46Wn9/66/Bfffaf9/JLnL+0PPdkAN/+jf+2j/+Bbru6z2FbVVuEX/e07aD7d8MueMWPGjBkzZsyYMWPGIxRHEMbxFd4AXV+l7G8OB/Y1uXTAabZm2NfmHk/oOtAUbDnaJPPgCPGoL9vmRKdGGwZhMx+rnz/JxetyeWgYLjAP/PNWgNx/kcNf/bWoDB19gcW1wEW4420ZuBJfXqbXUihYUiAj5/zgX7EePwD3oTSvlhMnewui4hv4OSTa2dHkXgDutE2pdXbl51hPdqsOCvBah57AIXIrVPYyadReXxyW2uZOn10FmD3sP0hvwlhAGXo7hrenCG6NqDalxDnvs9vbQbdig67s9oHpOm+U2NWMUQaaeV9cME5bAAAQAElEQVQQ4qkTt1hof/rHl3zp/zoFz10qP06amfiAJ75tjGeUmfwJ8yMSpNbIgZjnrm4LR/nghuwYTyD0xhxv1NQe23taoLk1hP+u2ikspkpWqW+BHUdMoC3WVQ2gqcDet0JQrF7+rikWZh4ZtNoiY8fCQmbvoVfdNveHKLbf3m679MEHGcTZlq/UomYRDIvhdvTpdCqm3t3aCdpRogbMp5NaFvvyB20LvKH1sPMGfW67eqtzRTna/nLeNjMGUfZ6Pm8qzrXt8lQdTCG6XqxVKs6tu10RGuB1uVrUBLnC3Hg9nexAs6TAICiqldPVldJ8VWpvUF7bALrFtkmflbhbTQgaaBug3T8M6/64WW3cOW/X5/MCl4ziHlKZOdNzlwU6bSQCyLztW2mti1vDT8uKyb8aRK6bMt+N8KkprWoreqGoCZZ5m2AgRQdaiy64XaCwvjqd8HG1myZ8Pa3tYq0dV1enq7J+9KN3PnLnzvW+2Q2pBZ7UDbv8p9/7vUabW13W5WSm2GY5XUsD6+2yq+7UKB/56EdbGT/1sz9PM2bMmDFjxowZM2bMmDFjxo34b//ud9ky4cVXH2NBsX7LXmLVtC3QDnkpvuY7o/BV2UYVdeOiAkFb+6JqUNYYx8m+HS9Y3nyyBckrFiwDAu/n64/83n/68G9/sJ7PuvDYeGY1G0t891c04QwmuI/cBSgGtaEBEPmydgqLU0qx8SCwTUYLnR8NcJpcr2rVEXaragUezNjBq1LYgYZWENctoi31rRxROQ4Yhdp6rQH4O/Mh0Ck7sYJBgeSPh3WZtv0Ng1Dv2FRe+qp362hbiN9RmQ+h0RzCvl/OcwN9C3CZ9XzpimAkDEKFXHwTRX2nysZ0JL58VEA7TQvWZnAJKAfZiLif9FgwNNgJgPlEmwTvLkalGiZqBKn9i5Xi3Mda7oGdb1BQY0iOeaLRF+cPXgd0uH8gkGVVhApzR5O3ZW2ONB/d9bwvfyE9bPG85z2PnlQ8lBrJAT0jEaSuvzU10D2hkikhQ9BKJMld4WMWQI6J3HS+2n8Vylzyhz+OjItTiKApUmd8ua7Eb0l/zXNUusMeueLXE0mxbsDqrqzWpryi/9kGoJLLC1yS7Bst4jnEHNZO4+wT/TigVYqxUTVpqLZXnj66u27oF9NMzEPVlbt1yfeQcjP/IxUQ73s7qGHP9omxNware/RpUbxXcHmdMRYy0EwG2eGrYVC/IWT1lcZkuJj3BaJC50veFphFCIxQ2jHaBFJQTjHBo4VmE7JDsyzsgJvZiLYKluuqEmnPI2kawAeP4VBVq3/mtA++hcJNP7oXgugG2W3u0e0NloJZr/WCWViTfyQbd9dUAVUBWC9Wt9Zn2o02uItppGGiZKOCjIL1xrLk3WF0vGLWb7NmivXrvp2r2kOTWrKsRb04xOyXaFfHEtts1qC9tnjXVMSGRTGLb8vZ6PPFbD9jxowZM2bMmDFjxowZM2Ycgi8YmdtWdLYRWFMOktD0HQA5ARcprnE8aGdvsdHg+FutAGtNyW+vjyQ/DgZT88QBsFKXqwLpuZg10NCwiJnHiwyUsCurHdzIiJ85twj0q7mvh23UZC6aUdUoOddqY7W6FlnHdo90yaH+YQR4UO86n6Eg5MPrnT7TMXgE3CFJDlhmdEK3pIo3E7izDPSZ8h9nywlTue+sFpYCeK8awXUwK5JD1wOmAV4Nx91U3G0kcgaxCdqgAXVKQkN50mO8xjDCt7OQjs5ueSNaRTTw5yMIpNtKh+Ky0EWbhYhHBC+HZ4BHdvjoxEO6SF+G+cRnNuN9nl8KP5cxKzFC4g6N/S53ju0CfzEGTViJwF1bLTmzSC+Vx0xXpoL6I59zqWApigv5zd+iLy6wKcypt0FVb4lJnjnNN2L+09mu4AZGApA9MVeR/PJS4S28YJbTE2hg41yBdE2svcSjZkXsaBuk4bXlwxpsLfl8kwJo3jMNkMkyIPFaITW3eVLVyqbXloIPEdhNLyoFtjSXQWUAdhShVaYaT7v3OPC459YYOw0y0rMukDa+S5FIpZjlObJsWqJeprHcpdWvnb9aHTRn6R+QBsWXGmkt+6BFrs+E1GzgOPB6jL6lGQtVS4FE3/tnDbZy9M0Z81Y0XxD/iN3NdNtcUYySh+WVJlSL8ndNWhTQcSoxX51OJ2xI2eq+rCd8ytrIuwO2wfJV+fWMGTNmzJgxY8aMGTNmzJhxe8T31xuv4x/7Ymxb4fWjHWhQmhSY+qrbbYCDlM5cLhihYw8FksLph5skuWO+NF4NHj6oholyj7+sMY8wGj9ctuzS80Bu0PeR2/q7HUgHnzWwAfgcesFejuMhuexUl0AHlnZML9Ir4ZdNSmuOp4KtGZOYRD2PWls+NMnllAeeDnbs9IsDOudJzp8D4Y+UNo4mPvQ19pbslMmaNjhkxH9HyBrJhYRonGw3e4XGrsxWXZBm3+wrRJu4l7JH5BYGPZD5m/XKZtFdoXCnkIdzOuQTyn0YxyyC07LhKsT9dn2k4mF2idX0iHB/2jIXg3djsYP0idHeHfIueT/Hg+6/uNUOHswh3xQZr7zlsO7Ep+G43TEBZX4DsmoFiGo0Ec+D3ZYllht0x44SiyYG92ecgI3ylETKkNqR/viKy4klWq0dY+tE1KmjgVcjnDVmVBN7276qw6wsthEeBNFkimFtiO2RyL53nxWcOUrosh2kgv6z6aclh8Mcp121XX3BQsjX0XVmM+2rQsTE7JEqYiwngVoZq0MUIqsWWR2Wa+zaRxzHSLcD8s0TQa93KJH15/OmLtJKm1f101i8ZrVdeDEXaW1ODeTuiLwWt+VAyqGg3hCvw8+Huy7eP1rsau6uW/p6E0f5WvWt34Lsu/saXteP47JcldazZ1w1Bklb/vhnbHXbzhtZcoIhjRaxDSfj/yjYxok0Y8aMGTNmzJgxY8aMGTNm3G90yKwhvm67f3kvBQwNBgzUxaIhaTM0zAfO57JSogHESEIMEJiQEsNCuftHS6fBRzSIC7kUMI72eoo4Tk1vXho8GYR4qEw/kQbQ6dWXrgMG5hSov8bTOt2IqrKf6piIg1HIQDHRySElBCHS5dGFgnV3wjQim2FYUqgYBNxfPNDiQLEBpY9hZUueGR3gjCP6JXqZKBTehrqk29XqUSWqdrwQB5bGeAFpxT1xUyhNF+xYjrjYmyGeCAj6nAQQDZKuEO2jFNXJkvmirtLrf1cKPYYd5RioAzoqoIBy6eJBdGj0zXef+vFwAuiwXaF0SVY9bz5k0p/UvNuPMnvJgzP3wOYSHw+P3622UKEc1dTsRFsMKiYYzIfcpLJ2gcJRvlUSPg66xZ+93LCmQuFeJcm/TSas9NBNinHdWFZC8AUxfk2QIusLBbNeg57mwowr6kE2QSpYXotXbDGlrJ2usHVTSwe/isJW33kR9hxV7UuqgVZUI/w0dtve0JJoe2i+Y7NHO6j9vppRBqw1rs9nIOxlXa6urjSRKlvr8tPpqjVtcyk2l9Nq3Vptv0P1u/BZ3N2Y9TDZWtdd2WoNfajV9di0z2peRIu40hoMWilzI7P7dWvqDr3ztm8Kyfcdds9GpbWxDekua4Fp9Mnse9jqv54WE5wXDI9xbYmPBEX+mzmD2AaGUtZVtztEiZh2zDVbhnUsttMjq1/JppZR69JO4U0drvSWeHx9vPVPQ8wwD8G9ZmJ2G5Za2yXMbkMrZjVkNUCp5iVt1iit789m2E0zZsyYMWPGjBkzZsyYMWPGXSIXOhPzoM40ylLcQdQO5JA7pd63o0fbHKvDZSeyrtNiXzaegFNy6bktoVaaUQ3uxB549WBXACfSAKA3lcW3NYo6uOycxUtz/djFKcmpayrtcLbrA5M+d/GZOW0W28GrJrmWEINDD+vA+vJiEIhzQkuouaE252FoDlLiUcHLqbSlA5PqYunk6PpLyZf44Ccwtl/B6e5EfOgUHglt57lJ513zTEfnDq+kH1xKHCtU6705hQzXd+Ttdq3ec6nv9gQGcg3DtbOOkkXcgt6B2PjmxenWI++Ci12/zf2eS5TfeyaOPeQEmC5R+yMQDyeAhtI1UCfSLjVmOIL5gvQnlG69j/BSZd+oELkx0GZP+OWcJzwmQGLazWL4WDpktxKwEihZIvXlJRRebf+8kAb3HNzuKDYcOdjni1Kwqx5yTLLE/O/mEz4X6VwNj6ZQSUuydjNwlqVgZURDz41+1k2thveV6xV2rzOD5mrLPJQ8U3hdxFNefKsBNumvejYpVFcZsnk6u8W2dmA7eaN9UdGuWkjbK0KRBwKetQ81zyI2VN5IcWOq7gwCeI4PrBIfgT7w+qHEljDQQlqbMHiWLoCg2brAOsS2+zONtgBgM3TEi3N4heyQWa8moLbRNsZeIqUXuavIVFXZPWkn2jqw6cpVTal1/wb9d3cu75pndF+roGHuJZ08tKG0mZl1+49Oi+4MuSlv3m0PwwoTlG3bYG+tRtIbZNetakUMNFvOWEeNTPDuViDlEZvMZsyYMWPGjBkzZsyYMWPGxxHS/xKw0/zmOnBcJw8E84m+K+CxIFc941y+gGudaWa5anwqHF/wE3YbDekksdduuBJfXPRGs+CTYdsxHfGkK/vSbGIMDo1ivzRQ+BH/inMn+/4t3aQ524d30VK+C9McLxtX5aPYtziYYgjjKJyRJWxas60Sx12qI8mVuF4sZ/leqzwDx9RBucl8wV3RTrMFQRIBolCv9qXRxEW/CgWCO+i5KU1kRW7NLPQF/McbwUT2NfCzhac6gtVLF++Hk8kRbKcCGvSPO1d3PTh/LDx8wIB+Ll6rPS9wkzKPtgof6954isVDCaDdYpiMfRoqjdQF96fbcaXrlSNvlfMB5gt2t5mgt06TIfmlWIlglDqoNG7Icb6DShq/246IzO5fYb/FU8LxWKD2+8nI7m6w1Y0mYjJu9NF2ntVS4QGNxvb6cK7iyCnX260qY3/G2Pb36xpqEs8WtdatZamwaVDP54Zwte2VYgUFsTuVmJaZkdOj7BOC5JfgikFLg9i779AKyTMjk2l20q33FtuAEfUn7JBofWSEV90xPL2qWmCic0Pju+rEC7tphnWKWHpRM14NTcOGynZDRU3LApMSK71dZG09b5Jko976325SbZd1K/G103WfSRObW9VbuxRtg4s3/q29qbdbO9ok9mwI2JOiyutTAm8ZgtOqLhiYA9mSD0gUw6AIR5qUGWBc1eYsntFt6Np0+MgN6F2RWztiN0XkQ5AbAHkvuEv3PhULALpV+GNOlzNmzJgxY8aMGTNmzJgx45GOzk87MAEboVG0THhztHZIE4mkII5lD3SUhjMGnB0sV+EArCe425qass2+dsvB5zlr2e0N5PBW4spsk1ycmHbSybHFm+YldoMEHkr0t2wPKqczLtOuAlQQZhjGpkCVOISOI0QaOz7BMUiLaRQhLKteYp7FfbvC7jrqWMw2f/Q9qMgPomEfyaETO8iPBndwXHno9IGgMgAAEABJREFURkMO6jpKZrTiSApa3+QTknJIDjmoJOgfBkik07i4Y4huw+HMg3472isUaYTMKxhHUSISCk2hwRM1qyFE98FFEkdDPnjPnMFwjd6i/iY7oE/paXZoPAtjJz9y8VACaMmHxpI0WKygZrtCXXzPlI9BPAKe8cjHO59Yn6Ak9lX1lR/w7qhqadx3t8tbx+608TGyh8Gw6UKOiw0+5gwOzetimyXu9cQrh09Pe2iXMPRoJ25GrslciFXxuuhWeOCWZr8B7Mlm8stwYBLMbu1F2FwsxTuID3mVYrvqqfj4dJJN4SrvbDsuKgq1bKa2WDEruXkRmeOznlLE2bnKc/XSC7yiWUGoeULo0orFJilxTqoweNfxQaOr+VSQ2Y+ctFG7Ok0on1ZArVJrtaVoL26mahaff7RKalph8Hlp6JyNLevloFM2XN+YazvRRMOeYRO3zrZR3kJq7tOkFsLoukKust4JqmryzzqbzmCfgq0RBYBYzP8EaNmhvRLntdVtV3ZsIvj4FFCQrf4fni2o6qcBtN065bFFhecK31tDbMrcW0KASqufQnu2zTWrasM9vwc4XtE6PcD8UYSLN1MTFnXS5xkzZsyYMWPGjBkzZsyYcR8hUOdxggNDG9DhFVAI/NwdNYgHPa3DlxLi4pDjhhuqI16R0XzZiUv7Xty+w8vJBcN2ZTZhdMWX8pADcvDgC+nyEUVLoj2HvjJ6PwOplDAJllivLMFjeeCjQ+/4lRyy26pvciUZVyf40TfJIsgQSULkjvElCxXKjrIF9ND/7btkZaKNAzj2Oud/zpFQTvTsoZfER8UlayU7lDv9DUl48K7qmwwydiGL9ffse3z5unbx1fzQZpcYf3JT60v6LC4TdS5PqaoM35BIY0goTqPt7OzPhg7tLtJzJ7hM0GvQN/JkB2cu4cKJw6XRnHeLo+NQmt8MGbB+byBlp6PnD+ryW0DzI4xqHuZNCAmpJb8D2fwX4nnLKS6O9DE+ziOuHBbL6CjY83UDllHxScIcGeLhzDMjnYK5FxJ6rpTpGjhTszHKypHUsp3upMC4F/jVkjl8bgAaB9uxy2I2GgUZthUSYODTBameatsaYjo394hqlBc5M5h+tLOWBSjcJgTDvgthjzvj2btt3Mqy2xRSdt2Cz4i5z5pVZdyqCUbia13XVtC+1fNZ+WkxVXOr07addRJXy4pSe+4KnbH4J1nUH71nKuTNjKmtSzxhqkh9N9COGVWTobso6TWeqzptTWtVzD1wKlm54eOVTJTd6lLNVdkGsS5miNHKaVD7vG/tTfOvXk9mfq3uzdQ4/Om0rvGRAeCrrLmVdvYPKDGXfEFPhA0WyLzCZDatM6la2T57MOHY1oWNSNtY6eDWxtbVK3ov8NTWz1G5ahj+dNrDg2UJ+/9G4EU71jw9TutuWN0zlLjbuSw+zXNOrFWQkmisvf18LqP4fcaMGTNmzJgxY8aMGTNmzLgM5nSp8OXlTj9N+tTlwAYrCn7zF13Jp1JUV0sx4Qtz6Tz0EOJw08hs4unQ1OL7LQ8sXBVXhqO7lUaaHGeJFBLBEHAllPDKYq10LKR3juPCRHGldRqPhkjazUHkorPsmignIO+BF+GdwkBUlxLs4L1Mg0bYi7Nv8zUXpfN4JufKfeAdANak0aAt0QQZsbtWJMmA8Xdv+rFdmnEIK+foaPEdITnbIa5LD7CrcjqXQ5sJAFNItfmoucZohwE33ubovaErKtZ0Ry8DVKMiJu8zIlOl3x5Giob7Abdu5Uvym2mQ/oKD9RjAIftya4z0+e4hMD843KIzIh5KAK2QVfyRMf5cYg7pT2S5R1qhK/wPN9GwxIGHlAWooD9fkk8avDrc/SYmZS/H81c2w6lY2Ni2iVaxWaDJqc+NcEo8dQxI63YS3H0dHCJ7TtL0tCqSNZ+F4g+uJeGqy21pt+c/HnLbRdD4rYqj98zkiHout1dXJcDX27o0vKzu0A2S+ryf83H1vt50Az9dl6G6Z51o2OhqO35vpS+LcdjqMnAD91VVyaYDVz+MbTObisXMIXblrQsoPf6Cq1HZrQ2ePyXLelaouwvHp5ugeEJDWfd1LGZhooWW4oJk24HQnEYaW28EvZxW36uwYjtawQTmfaUWHksjv/bBpmUrLPZPTXhEN5hdY1KyPrVhM3YcnttSsFJJfZ2lLi3boNNjG4LlVBRzw9xa76rWgQvaBAF4gcc3hqydv5jzCZCz2lPTqp8quyc54mOTgfLt43Ip1e5J6ySVbNdKM2bMmDFjxowZM2bMmDFjxu0B4SxWNuOFFJOV8PMcVZ5d6OlWknRhnGB2lC7PxRfl4CxgGhCwMuTPFbbDnJQC/LJKl6CKuKLOpbmd3sb3/r6T3E0G1CGRtW/BAvJ8Tf8ptaR6tlPDkEWXcCHFXzV2vTpiSnaqKqP6eFy3n/JfF7OBJ/WdojJqRzYy1DTEk+TyYLrp6MFBbOlA0XvPukwbrp6dL2V/6q/mTypDq/J0dvBvNA6owe6P/WK8oqjoRWvrURvnuvik0bfB2tuyFyY/Vd7DRPVwVx7Lhrj9ZpF0a0g/L4+LLMztwXcvDGUFsJlxGQ8ngKYxwZRpLTzGlLBY4+5jjlngkBWJWSPScCnA57jH3M6F/L04rRNsilnLZK4EL2l/zg07+oZ+9pb5Gts0FK/7TJ6VZyhuD4kzcRotvtkmWsHhtxSPjwPoqJn/UI3Ws1lUc8DrOMQ+YUq/mtbT3CksKxhTraHRsM7GWVr7ZV000VRhxmHeI6rF1gtZ4o+NvXv/YKPESLWqEryaDbU5hxjgjnHFmo7FFv54ItaUx/YhqXzbLDh8o0AYjDBcShLk+2IQvZzuD1jK+c7uH7M2D+7mGV2QpaSDvzdHrs/17m7oHJ95nq11Lb15S0c/+2aJlTJ7B7+PpWC5CmrOdlaj/yo9F26I3xTeZnhi+xKSHUDq6VzEbxpJxxjtNc8UaNvX04oDzDJF6pzwZsyYMWPGjBkzZsyYMWPG3YIHzBiowxnqQFw4oXOw5+GLcxkE0X58omSnDF7eYErsqsDYRq7TGyipLznN+LN/BY8T8o0ow1WzB0A5EBu8UCWJRuBX1AuoFAy9FwH9Wnz1Zxflkhwuz1nDKHlsAfe/ZMRJdPTWyBoe9Lqdi0fL+cCGnX1wfy2bOx42VNOb3vMJtgJesimBuJ0OoSSXcbIZgtpKdlTphmaYx34bG3GUNkNwfdBKDywvju09FWALqQ+XfcY9kyR/2BVyuHVGyN27fLg5sncv/A8GQkdjX16G3Hz9oltu4eyPWjycABoPQTpj8F1F8pifpFPA4XVOE/dktWFjJOFwbtm0XjhLFinDzRXcWVLQ6wXaYgQOJeuCjQVNyLsrjizqQmzP+Gk9BYz15SpBvlGukUx7jOI/BbuetzKzisDP2SEXaaAAyqHhbjWgkg8twyRHFjPoWAj7+JkjRRGJB5r8M4RMmeye1XaMmUGHBY9Q0t2KTfwqryokR/uzn9kzpi7NVhtsZBf7xoOMDhrWeMBoyVJoKm9ezGHZhN0wqYiVIbGFroT5D4MwMwy1bZs+PZlg4ly9+cmWyXY4NLsMtbbYtq1dYcFLqmHONJlQDIIyXxdmQwKvPs9mbb2Yn4Y6WzUATXvl6Mhiy1xyJdCmWyDiPjXvbyzZcejsqVqt7J7rk1ojT637bV9KXtclXE0quY34jBkzZsyYMWPGjBkzZsyYcVvIjR/l+FenZnejZyM/ZpflpSp6VEfThdTVKUQVmAhzxx3VNWCXCC8u5QQ3VLIDfJYDrAWzpFTipgdwbJ1Hlw0P5pMARAY2Tl2DdgkaO3UCh+z70PXOKzReUKgDVpFLFXCqpo8/UncnjmbZxlfZ3wOd594zXvvgqhw9GaW6iwk27KLOqQMCRTF5Oft5B0buQm9OyDY2hEfPgbEzR1MRunXjP+AikX4fOHnmSyAcZIuys+Twdof8+ZrQMJAHCM1ylD9nRmW45NEU5VgV7r9cMOdbnqFHC0o/zB7QcWewbcBW0wlD4kHqx/kjJMN96wmrYZah8eGM9RyDuw6ANCeG7jcxERe+mc5IBx52Hxs+LeYyIbs+M7p0oZFjpafLstgmfUZRzV7ZdcWNXVoNdrKTsFpC96orNmEWm5/VqRne0KQUcjVbhoMNNDmctqcRTtPVtxastn8dqeOEyXVz7Q06qPqsY2ctkfrCWhrTO3NV8wqCF4RuwOfzU67HIXezb825WlZtkajRhzpQG1q9Wk/tPTOmYGBwE2Jre4y6KwEv1hs6+9th4OjqyaxdFwbTRqCVeudDrJOiHoMNDg2Fq19Fu/qCXRrZ9MWxqKbVv5gTB1KiS1H37arXqefz1j4vrq5OKy8mX7aJkKF0t11qzZnbp3uB69RefU2JbvN4fT7r9pQrnjg9udF+6JptT8Kq3iTmm8RmHmKfu7jzTH2+7SUE0a0hizbAumRZ2o3RWqk+JOrgbU4m5OYeM2bMmDFjxowZM2bMmDFjxl0j9E4dE6uBJXXj0tuFm0nydAmyfW0HKolzOIRxDlacTLuZJWCoxLZ4o+YvsY7UI2mUI7QcFLXRDtIdtvS7eVa/hNzYlytLiIUBawY6PZQy0KQLAO7/sbPOuLgqz9pX/CWQEcnYm87AO+8lJ5/gvFwaReFU8HaMGoo9XFBGQSQF6u61odhQKlHpZddFt+ri7HijdFG46ztrVi/OgS4yhYmDMrB2et7JrnT25B3A96n9He80UxCO6udAUYGjA7iHBwB13SlhTKPb3fElq3MBSuRgdYKyiGlwG0hMnwbUFO0eax9/ubY1G5L1u63J9GjFQwqgJbIVLPGQ1mFIj9J9O4pBjo0mh0g4/YqjLOmG++GdE0+qz2BwciB/sP1wwWZw5JmywXsXeS435K+pXTafihLuz4YdbcLCY1HJNb+gmgR1rfHdfdddCK3YJbXJhH1MGYc1WMrMqVkGgIYlfT6/AqclY5mYllupagFtnsISrTZRc4WVvJHZWCGjXbeHf3L7qCk1ZiPw6zC/sKsb2D1fX6tDhzlH7/pKY6ZnxcrLqoxcG6Q+HFV9sUObbO741TvBDPGrCYNF8bFy+HZ0Q7fg5CC11gorad+qNxU3gzpcm/uIaM1VLNyquulx+47khe7S2Hpi95lOsDeuAvhint0VdNysS2gprljHShwD32XnWDCkHewbJ6SqXZXXtqPAXnk9tTzByTaiXKSc9+0sciK4buhOie1dnfpV6wxLbhuF2Dqg2saMxvHryrsvArJugglJO3U/b+v6cG8xOmPGjBkzZsyYMWPGjBkzPpmR63FB1MxE1L5X0mFB7a3SzaCjhfuKc0jKjDXo12jo4RyzmAYswSDDY1KwgJeDUlBXzZoAK5iur6Ee8B4fmhFt8JXiXun8Nc0vApg6A0edcdXiDqjDGng6EsRBXSzUEXDxlfAcOmBdOb3YimYIurPHmEM6q71kykAQKHChEWqOtejqPknsTCKdEg8Mg+AAABAASURBVEvXdIe1MtaUOy3t9PnW/fGCLBE21iJOfmScLHTg3DXUDHIFCtR7xFEdD500XBwnlmga04ithx6HQ/axgo5f0APW08XFf8GjfbX9vYLpMIadGY89YX3IPJzAR+Wq//wxLuWm58ODcvOIRy4eSkTlUyQyK3aTHe/Oo2B+0M8PwHpMpaCg2JIuGDT3OUbyaRHocsezKMweHFgDGmfmLNdVSPgbWU3g9Q4/aNubblET5dKSZjv7WXp446OQwTrAJvfdaOASymij6AZkA3ciVeZLTHxTO4Q9k0HDBx5tHLrEo4SHOVC197VN/fte3XK47NoLtcS8ZqYQEAQzDQtPUCETJ9fWQIh6j9mBnqXTffPEVnKQjQOz9FlesCUsuk7gEV0w3ZhQ2KZYc8go6m9io7SzoW64nXi+wFN2pLsiki4aMZMMzOjFzLgJ8/6wgR9j11i7+K5bCy4cd8DuEnI2O5DlfL15AtdyAq0yZjptjiRL2ZHxUGtsTSZU9DzbcfaCGXxoLgGD1e/S1iOWHxBci4ePeKPUrZGaGsG9h/VEdHuGbcaMGTNmzJgxY8aMGTNmzEBwYrm78rB7fLOUhJJHqw5/7QbDDpDp2j04cBg2KCk6vcS8fiEHFtIvJoe6JfS84eYgnTbil4G4J45AvYL+DIUCPvGhOoPk1w/jhLNeSSchEIXHAvsA6MwDKqoybIEYaNsveriOuOCYug0HfDcdQQfo9WM5wXW0Ovk7jT1y7GFKq+u0VnFfWh4qYT+q2jwqI15tujF6bnNrP7senb0LL7oS/SDgM+Ii5t61fqNQXMcR2ThiQcU6ux/J4N2I7/Fl5uOjwMeyBvp8T4A83CreCTLSa3o04+EE0JKzjxHlYQFELD6IdEUnw4TMRdfog0cPBSqlHG4k6c+n39B+z2A+6zc/y5Ak4256Y5pUqf7sCHmOz72VCUrjfJhiBQGm4ni4zF8jto4loE88aDS0kCncGqKVhSNnFepp3exuXfF0m88DQ8OL9SmqK1bTYXbPEHQiusNd+AFbFZKC0gr5Ugs73R0/bKNcTH8EubJ6jJj7slkVY1NB27jQvLFb7Obc4RvvVrhXOG4OiI/qKXM3+wsVJ++7dqPaUKgfCWEVSbqsgDZDl82YeXVhkI2Fpxt9XJbiKztAzq2StpSkcWwzKcG8y2iXrbdoeHixfEVsPUDGmvXcbdttwU+suinm+W0dokkCBfWVQ/O+QYNf0HSGMN625aVt39h06dGXAs+Qre7eb3ZLrMuya8/suivjuiBVLbt3Mc2YMWPGjBkzZsyYMWPGjBl3CdeeBYwc0EmiXrqQsnZ4iZW4fpaYoiyUwMlTcVbSi+Olq3lRQhPMlCvCnX7iqM7Hcz13FAxCycei5XiJe8hMO5MdqyljOQZ1R9Zzm5jVyaoEIUF3iC9Dp+g+ScbPByGtuOgO79xaQTc3uQlQMUIxWGMGgClAdlY6APHQ4DEpIFktSeWjdB5OXWfpcAuYhCpfDCuPhhcyNj96ebg1eBTeBZcPDpQV0KOrVyAPbvfJwo7dyBFdx+3Hdt748XCEaxUd+hGlu7PQ2Kldnf6x6HN/YIYznBLFIY8mgn5YLTiQlihOinNPO79HK/JAeJSdHNpb9eJWpMzdkKeC/MEKAoynHVPKcJI/55L3jZnf2D53uQUfEh07toVTX4WyXlW7kvnnsO9aZ/O0mT6XrUFJg4nmoCSYWhdbu6GglszMAlAXHkakjs9ic/R+PhO4c3sRdbR7fN9xhjl+xGqLwmoiTOaAzGZ8LKDSBlrVClmFuAWFrEupBKkxAzQvXK8WnVZ0I0CdCaxKNhwNC5t3tV5bwaj23t7Q6bKczFfDTSoaDG6HtZfa9a43VVYvi9Fa2osspizena1b77dDtG/XYmfUduHz9Vm7riF1Y9kqwTaGXlEf1gqXs3axtkWboG7O1WyZ4a2BHF7r+H2rYWMU6Qt1u25k/Nwwt/Vq8VvORk59rnXXReXhq/isBNv/9epKrs+tAyMpodxch6e0bjwpG96v26unVbc73K3HFRqTtBqu2gVWfvsYtl0q2ytU0KgKVbWt0yFrjlZnWU/bnTvuZsWMlT/g9QqvH9m02owZM2bMmDFjxowZM2bM+FjhX7ldZDpQQ//XZV7keNYsGg6HBpEpEHUV25fIluw6NaQFoNORJhgjSJ99yzZ7Uvsaa4usYSUhbirKCZFhjmnf5S8p7Si9kqME9wbly9I6GE2KzZzCVzAgYyAhKw7ACYluX1AewkQxr0+13TAtGGCps1X7qi4jY+ZQVGqZC6SBJlYLispdFekluN4PleaUS4qbMoPfUBnYqIRHh70Or07goG4LwGNSYSiW3Q9E0ZqQ0yJKueKgGS+Q9Hkaw+8NrCjPq3RZaIj/ZLjtamrAnc1b4V5s9Q0pD0rTRMMwiokF6twX0DMH5O+GLNLB3nG5ec+68JHy88V9Q5liuEdou0oJZ11KMaunao6PDt27rKdcPKQAejAO5yH94DclGfPrTvZu68xwvuecK8ZbDVvPZaLDGDLFw1EPeSJ/UnT2I8/Z5GoJkwO3TAxFhohAOvFgqgRYrReUEodNs9VpcbflXV2eRQBw41rYedAmBHsIS3oBq7zYaw51tlW0mkE0qTBY20Acj18rZ4O9vQpm4WFhXhEFE53pc0ujmivcHjaT65J9ZsiiCmJDy6G/ZSWkaynXdYOBkXloYA5wQ+pWP90nz4wozFnCk2a7tb5YDyo31j7eWqWMrrIR2Ia5F/WWsDlWpd9LyewjR7dW7a5C2PZV9xeQAgq7qJnJtm0xpJgWFyyAWdQQuuzurFwzmbW2N9a1nWVI3Fy5Dd7v6gpSW8e0FsC5u7DLwtWHZDnph8Wm+wAaF1ZdNoYN4nzVNetQbWJO37zapg5VzZ4gwc5cZYUQHbedmAm32UKvvDH5ghR1dlYfFZvPtnYzLOviOvelLC5693n9EZvMZsyYMWPGjBkzZsyYMWPGfUdCOP1ePbDLUMfChDQPFN+KLtSizq+Lw1lxOSpzeA9fKE7hc2l8GswAumFzgS7w5KDcIi+Us0Y6TPKV/E6GVeddmZqss3rl5MYXYuauaAYeveiObtkab1Vy9ArWAp0gmGmV7u6cbN30jIapxbewC+Uw+musaa+WXz/dKUzeGMvcw45U5AZS59RQUoJ0IdcZ95eMkFhx3quxb5nE+n4o72CpIQ4fhl7qyCvkveJGI0MP9F40+Fpv9vyxt82h1YSIMii1ndxjGzO0S45cGFVId1oH1NLLHToq7t6UH8swDllzjirGKRx3b/aCjeXdbWpuifEqcvzh4ynmKRUPLYD2OWmYmpznekYmRhim8+CFXedvT6Q7OOsr8AE+zFqWRbLzJKXVNBRwMJoe7sxK2Ku1MGirmTXHygLTIldym41q+lxUEnvW9XSKpIGG4Wml16ZpbZhTwiEI1y5W0QaUbf2Ks0hsLQtTazJzC+Sw/BrIyQ2fGZnDE7cKUhC675saU5N/yjQ+y9D0KnW1AOAW89OwhFURN4NG7kv5uLojK9nVMvZM02njd0aGzucto82toaeK+cY+gFQ8zQU+H/uuPW2b+fmsZ3XZdJh0b0Zy+yjrn3bRqqdp/+7b7lk0rZRvemhb9tmLhvUhW/edHvXT190ziuRmggQzaPuobMC54o6Qfee4G/zDUj/zlN1Xo/jayvWkuxKKxAc5wRl62zcszMEtgk8xMl7eeqygS7ULWRtvN45tZogErGUgzFTaPkvC4lrdpLGt4u+HC8dHP/rR//Af/sPnfd7nPf744zRjxowZM2bMmDFjxowZMx6u8AXgdMHlnCMHnQt4SolDUl+KxeQMjBgS3k5rBi9jF7o69TTkDFONcH4YlMKcCJazvDjVK57CwMSLiQ+dto7l8WUjj51A7HtBAVBwv3T2CUw+x07yH5J3SrimWpVLFOXSWbD51OeKEN0UwUpsuTdcx3tAXIvdgRe6ATAW7NnF6ti8kQ8N8OJ7n4iMjenky/92WVvS2+FIOZzcCyQaYTCPjaJbGopt2nhohXdjeI/w3WFt3p1dY4rXcc5dTxQ5WnozXR5+y10SnP9CAT2kWLL1kSqIhEmA7yyIHlkE/VAC6LybYhIhSj19v1P6syyEx18CPR/otU9l/SaSnqzjnG/ErYbisnKRSjFfY0/RqBC5QMUKd+Bq2mT1f9CdSSumX9hBVN95z/bCQykuWGZoiM2dA9OJkk9oZJcQQaMotv1VreJmI+yLAyiWKrjB8jgPyDDvkHeS95waGVuWDQQ8NONilJdrTPt+lchLxecKrowUpaqiF3ZYrWQ3wTp5ns3waTHJs/hgsq/bqFE/wHZofqt3BGydDei3Ll0IkmxkG3AahOfgvGQmHpoVMI7PZtmBJJ8aWajhhs//5+2sR6r/snVjKbCQbqdY9f1+kFgK0g7D7O/rTKRGB6g2Wbiazlq15OaJ4dssqKmKDpl93GLvQE1FwHfFs8g5prjpTKstjK0O983nY6rRR7bkR/1b9FcF1iIXKccHG407v/Od7/y5n/u597///XjlGc94xvOe97wXv/jFV1dXNGPGjBkzZsyYMWPGjBkzHorgLqljl+3G9/D4gePbPnUsSYmkS/dGCECbJfYDA047tnFSiy/BIpdIhhIdOHsdCLMXFxLC+CGvQqO6MLCCX5iGX6nXNPH2kclGjWgIsPJE6UCgwNsMihqCXqeVQl3azGMn+Hty6K7on85s4hyRtK2OIyipAVFg6CiVsyuC0B5Vy9F5Cfbl0FK/EHIKchg6Gvgtahga7ANUv+i+wDs03A/HnqWh513HnFh8HIBhIMXRSKfJ3NnWjQiN+XE8j/LSu4XEcXxR635rUX8kUmbdK3RbUz/2ZZ9S8ZDuVBYPL2S+PAiix/zIkGMIObEMeTU3t2cz+XVSGc+ws02V7Joi1TTUnkHKibDGMywxa/i8ZZORbUC3QrnsfBAaZVhwYMdOv1JDhyqGtXnDWLFt5mduFvDcae+on8UOTwg4I0Vuzqwb0Pp2tdPVScWzpurdzQFaYnXCmDwynun7E+67m07grfP5Ws0rRPfNq0bN0Uxg4lAKe3O0RrY7IToKqmH0hdHeRW06GjdV0yMYbQsaYJcqcCYxpyizgNY99HZfuVPlsGQnptlKOETfqla/PAS9vpgxdGuTmSOrZ8V6OrWS6o5d+hacGGkvxi6AMEK6Pl/vatxB0C9bxqDmzrxmkbL7fMtxV6j1B51rbWeiR+Fa1cb9allPpVWmmK+V7YtY63Y+62C3OGsN12Ut8Umvwu1VYX3rGe1hs++22sJzv1XdvEQAo/u8i7uoXt+50waylXN1OsHv5ZMU7373u7/zO7/zn/yTf5L0uUX7+Z/+03/6N//m3/z3//7f0+9v/OAP/uALLX7yJ3+SPi3jgx/84Ote97onnniCHuFoo4NhauN1t2NaR730pS9tx7zyla984N3VCmyj0C5BM2bMmDFjxowdR1aeAAAQAElEQVQZM2bM0HBsxs5G2QFHfD8tjl2OkSTZPR+ctab4llLh5+Q6hYP+DdbOL1CZ7S6n9fLY/ZcrLCOSch4pI3eQyf2bMbls9tC2bFxywksQyIOabmCJ+W6vd5Yn2NyL0+2aElgEU3aAz8eSxq6IagZNcsrgrFlS7ZddANMPF/xlpUZsnKQ3uLcT2sHRQnplgvr7VSX9AI71o644l7E1hYermhzyQPzzOCfYh6xGdIWfL37tGyD4KJu88V512aT3Xo7eXYCyHJsQrz2gyPEOSpNvXNTmEaPOQzycCmju2QNfLGJa1fx9eKTiFOK+SkTq8ISrBDdzfTlfSBTEHP4S8OqN5QzUsbOS21K4g3DxuchUx7th7+pPWi3moKzMtZzKLhWgugHokq7uIY4uXqipfxvp1aoynC+YKZ8zPGWhiVZk2aqsoFPps6zGwM0jWetgBNVpNai7QJ7N2PuwYseAYvb5Sk7PZoDMEOEGtPW8HiZeCc+Kxc5cKKYRK52MpRK23CPQ1I7OcXHrHtvGr/26nc0SmqH2bsjXLDiIrNlLTLXY5U+d9NtLalptw9dQcztMG765C0cJ+u8fAPb5id1owbKV61s/O/+2z5327llpshmkKMdvVdkWG6Z2WkP8i5AZMVsDio2U8K5mJ+bOXMX8qrc2ZpZUsAvE54eaWSvL1k5AhfWjdcPuiAWju29naLjbBd22pQqcWKxHzWYaanNta0UGQVvL2LqwHVFbIoE+CfHzP//zAIitMi960Yu+8Au/8DM/8zN/67d+6xd+4Rfe+973/s7v/M4b3/jGV73qVV/8xV9MMywaeH3ta1/7FV/xFTTjUxf/+l//63ZbPu1pT6MZM2bMmDFjxowZM2ZY2DfTfTGP4BAn2vpeAFYyk0k4euq3zxI4keAz6oK4kAO6Vai5Y8bBXiTLTVFqBVDlWwijyfVEYvMpviFYjpp6K6Ix9iKg+b3IZS+LYxm7QxwRGhAqJ9uVcFQA2y3rYmabxyuk4UWS/DrAZVTQOsY2HAv/TRcQo4vQT72viqNzb3DH4+I2s7vr6mQcENdMs4t78U/A5hHYj1LkyAFA2he9BwCUL7NcagT9GDn06i1Yt+P97A0bZ79nKAXuPOq8JXF91FTXr0M6yblFJqc7uWPtm4T3VrR+zzjWV44d9jFD7n7oo4ufH1oPaBrnMrjG2J1XfKWDgd3j2oKeb6IOlylnzNTF+4+1E27P7SGNxxQm/F6cxDMu4rJ6myU1xbSDw0oqtO0BKVBbq5myi1fF7IGrTw3D7GqbyCrFrTFzYVIpMqT1qm0FOyZyGsA0o4+sOFJDqhvu6aFhkUHrq9MamyL6Tod6SdvAdaHQSgsfV+KoqFucShvAVfy8WPWkZhJK1KnZvJ9FKD4/bMpVka/qvq0qC/y2K226E6KJ0gPoG+z1VsBGg9TWWXtbN5kt/qlh+/ydoem2j4QVOQJjs+qeAXW2XXQ34bTER4MYiNfKtgZIxS6v1UffPw8qIDjMSxpahni7tUi9mU0IvtXN+PFi+wpih8NwyLBPbbPw0A0VBZslWjrBxnihhQDKt20jg/StTadlJd/1ATsZ2H1gummCX4cZfZwIdi1iaY2CYa2tnAeXysv40Ic+9EM/9EPthwadv/Vbv/WZz3xmvvVVX/VV//yf//Mf/dEfvXPnzlvf+taGXGmGSXpf//rX04z7i8/5nM95+9vfTg86nnjiiTe84Q0f/vCHJ4CeMWPGjBkzZsyYMeMQAVVhz2Dfm8NRQ1Kbx4Fh6wGgyZHRoTgK1fPtKDCOVv1ZbGqIM0MmOwLSXhMiGlxUpV8xG0LDjnp4oSuCY0emW9pPij6UCwsfGpNkXDhFvZKaRggNxfbICkyMzcW62roO1DOMNlBFByYNbYSJZy8+EFNKHPnIe5K0D5x3sENxq2k/k4hGJS6ZEJF7L7m+0gqsHdqLczHiJMN0rIkEzbo75+81SCjNoU+OGri4EtfpzJeLI2k5jrzqA/sAuSDUHQrympd1kLioQ/Qbh9yXAwcTyT3fw03LdzuOw6dE3N73UYyH1IKD4k7PNQM+H/jqDmTd6HAb9SmU8q141mW4J/2h7Osl5GJhQj4VngTkTLDlfQ9g21DqZs8Skljw/ChEaeSBZihP9CdbzM5C2DXZCaMFm/ZZqgdTgyeKvGkwo48HFGYaYSzhFFcoYbG+AKCNRrM5P6zrAoGtOhITbQ3U6t590Qk+XzgZFjeb8DY7czd3DZgz1XA7qeL7GW57bp9oimMudthuewuiI3ZooSkupWpvu5pfqGKHQ9NZMww3lPa6XbXtH7gZZsdQl7DpaBdBdxkNb2x2w9SKv6FNVii9V4PoBct+9FN2J3Q5BNq2m+JJTDqN7EG1jVsxaipTru5DsurujUu/L+0T251eCvZlXFYTLOspdr8hQbptKVH3yqvph+D/Fohdx7Ok2pZW6/aX8fu1FWdid6Pn2/X5TJ8EC+if+qmfOp/PrW6veMUrRvqM+Nqv/dqv/uqvbj/86q/+6nvf+16aMWPGjBkzZsyYMWPGjBmfrsE8cIWAHr7W1r/qdwkfYSl5CJ3JMce9YwC3+Km/Y7akVbJ0OhBgTjIgo50BRHNZvSC8HDXvaIZkvF5SVA5Enm91AD9ch4IU4SfnmHZhlg5zpLPyaJ/3DmijUKLjhOu96km0ArI6oAq0kxUY2gEyQpfAdTiAxhpx6hK5XwJX4y75k+xXoiOwjlNlOKg3O7oH0DwI2qE+dBgAoU7ghqMCZlEH7z6Yt6PaoW+NPmWvHe5H7sTvoh4XwTRWhm6pfXQiXYx3VH8sm8d+uGuk2cojFQ8rgKZRzNtfih8z4UM5ppFs6CwZjxvzDZztT7/7HeW0YoXJxYQUhVGfSKovJVG02H7cYExT+yPVJ0e31/DEWDwzYotXbPI1t2invSbjHaBzFmGi4EgeGg61TwoDy1aIhMk6eHMxkXL0nzvFUyy7YfN7aFxTYSgsjeFnkeSYEnNnapFNBtzifFaltblFg8/uDqDrZvUi6hJqdsFuXUzCrQfJpp7Jiz+yBqBNGA3E60ORK3u8Mmb3vGtneTZJi6vbDuLc/lvYkX57d7P+TscUjB04764bFaqJNLOvLdpN3KwWK1x8L0LrvdhFkLdqRic23zr9NfCtztfr2he+2PhbL+ox+i48x1uDz+gYczIxo6t2vKUD1vaLGUabmbXuhkhaQ19RhARlA+56fmvXusToaUdu+7aTfMz/N/Bxx7ve9a729wte8IJnPetZtx7w0pe+1Dys1fGAHlykyzOiXeVuTr6ve93r8rCbltBPPPHEK1/5ynuXk1bFLV784hd/zIa0A9phY/Xyuu2HP/kn/+Sv/dqvtZ9/9md/9mu+5mtGa+OLE1vNb63GG9/4xqwzSr448dZKjq1oP99qkz326j269G7F3nRzvujeF97d7nm89Filmx7QY83Hs26WfLfmtM55yUte0vq//dzGoo3IfTZ2xowZM2bMmDFjxoynejjtO/zqWisxAVmhVLq6j8YIrfPnXCh+G+5zsEgDcQSFMRmXW6RKiuooeZ9IbOR1wWDrAQZ1OBIKPjroXvOinLCa/Ks6BcNONS9A7cgkeaRKMmBUx0qxm2IwH75oe7LnAfTj35oMlWFTUrMD5QC4JVpOIwYTGsZuqOLIZ6OmvVF7rUM/c77JXb9IY9dGD3TqRQM+TnAcnW/ZBjkCceqJhOTrXjwPcDfOiLTCoWHDfSrU+X/o8+VQgB+fjc+q9nejqSnXJ+41uRdDlotfREgusT931i+Z/RAiusTOD57ZfFrHQwmg44nzSaJxx1IVdMbikIp9WyV2FERGq4542R++kDNLPhA6b8C+gp1BuxGzGiDA0bnGI1dDH6vTRaFgmtUnNvN65pMfRU41nSYT/Cjwq291RyFhFgoNdnjvsG2mdzqdrq7a30B8iZCtT6Cxtud+Vz3vbhcRk802SKnSYA7x8g5IvJtiuDbAud+5vjbzB101UuMZRpNtRQldrctVg6LmzaPvmIzXTCFisjT7oc3UwOIPLFTXZlLMOs35JK8ycBMFK7Q9MYBzPJxrWWH6LK4sxucNBzGvJmG27SGtJ8/n7c6d6+1s8mrbtFFie8joTLHVPeJJWpFVt2lcF+yXWOgs9WwjYOOtx5pftu6FUNW1u4Hw1vkGtQ2Et+o9fvX4yTY2NP9rVXC30lqpZNLy1p/XDQrrZoEVG0+SuIN2Zh5y9ne3bviE4APdPMK99Taym3ahqchNu60q6Qam9wqNeHxy0fnOebtu46kj0HC0MD3YaEDwQx/6UPvhj/yRP3K3Y1rHfsEXfAEZ6aMHFI3MvuENbxhfaYV/67d+602G+NrXvvZHfuRHxl9HuDmCyCyn4cgLJjuah3z4wx/+C3/hL9xjb8P2VjugHXZRjY+5HWK70MWJrea3gtF/8A/+Aercuv25z33uzSverORFK9rP/+yf/bOLYi96tXXFn/kzf+betL2dcuGs0kpIbt5q/uf//J8fu/figPHF8dKtzHtsSzgeNp7Vfh6b/CSaM2PGjBkzZsyYMWPGDIvQ5o3744HG6pfKYtozta50bZs4tBicEWDNoLbIZYC+7gZR2BwoWQ54Wnw/qhpssnZRnwSfllgOfUR8LuY7ChLjBb6g6v0Aco2cmwjj+sYRAoOmjrqr3rwokENlIOORBWYRviba4I4t3R5qEgSgM2XD3CqSKxQAHPxZau9fUEtfNC9xIDqykEsmh+7ohIu9LwIylw6nnUcF+s/udIFmito74wZcViZUwA8LDQv1g8mPiNroRPU+Gssi6kJSITrI3f0e9NL68n3r41ICVPPYXgGH8lF0Y17qrCXA73AVJr7NbuMTxMDZ13xoIGX/kdy4xEXdHpF4WAG0ozrqeYSlTXROoD3pkhrXzMHUmN7saSl4LIwPY/dVaHqF++SDx7qQ7yHnkBgJFzjU7wYK/UDdJo9XbOC36B+1kMgMCoGNcq2s9NBneCe12IKwwCFafDbD7EDmPtzitKzqYoxZjSTzfDEZS6YfMa1KEYrtCiNXJniMbWfFzA5WBcsNmKr3xp56Ye9qTFPqlbE1WErmcKSKYDcMqSr8xQyhfJb2TKdJVSy7NN7b/tId8oTzwZOw5ti1R+D5rO0umL2MwRa9ZoWk2IbARNImd479GE2tvK5XRpRVdFyM3GOGuj43Dry3n69OipyjOTplY8bF7WRKdVhnwOlE66XVU5duMX8RtagmM7PWPf/MsKONYkO/mgsoq402a0tNBH2uAhRM5ENIujcjo4PaC61i12fVNp81UbCbbwlfXV3Zh4lW3bZisMqZbQerNcfWXljUaKOsC7xJzLrJfLPah4FZepzszl0Kqfh6l40eaNy5cwc//ME/+AfvcdhnfuZnEl38n4EnHw1r/qt/9a/aD1/xFV/RgOPP/dzPwVK5Ecbv+Z7vuTi4Idof//Efz2NavOMd78APowvwW97ylnZMOxIk+/WW1AAAEABJREFUvR0M7Nt45Zvf/Ob2w2te85p2QLscdg7MA24Gyr9bmV/zNV+Tr6D+b3rTm/7AH/gDeaH7aVQW/va3v72dCw/uixPHlmbh2RutOReOKO1ckPp2ela7dU7rohRoX0Se0iD+2NL2IkDwj/3Yj7X63+yKNnw3ew/XbUfClPltb3vbx5QkZ8mtORdNvndz/tgf+2PtXQwl+qT15Od8zufQjBkzZsyYMWPGjBmPeri67hbzAme8FKjDeOkRBKbU1fw/He1VirXl4u7OHU4OF3CQoSy4hgtvsRPEFYLsQivjKS4XTptoNmowql5Dhiqp2HYcPDQtpNY7FN6opG896A1OuayTWpAUwGLnulXyKmgvp6KugKK6KrEkew58TeFjEXWybnX6DBIdODz0svgrwDVBNWicp7Vi195jSWwckjY/h2pWt0fJNdUE+1WnSdZV7m4qYXHtKkCwdTlKkyXHEtdWJaSLuLnXJ9m5IzpnMTLcfTGCRq7F9ZvZp3GgyNB1KFmZkuIUE6EGEI++SnlnGhl08xUM+VASHR+CXi3qd3D4J4yj7+X6OHWbcenMWTpthlRVeg0fFDZ5WOLhBNAxVuNL5M68kVVChHV65HTw07GwoaDhlnMRPt8ins/n4zCLcs+B+f3pu6/mE+d5tpwMa/WMIPudGFfD+0OuLx+2RKjwgqCL173hkYES24LPtbcAoBXya8mUnlXXIHtuQ0u9/pgxajg+w/MJ1+8dXQ6pKwlht5g3yGIwWMssi7FWbbGLrG3uW8zcI2F6zw9hpnCirXN6InQaRrmVoOgZO/8xpQe9zkNm/Ww20eaYgVaoRNitokNlzvDLJpU9Y+UMdiAUDmP/vB4KMaNmN8Ci+Hgu2E6wdeMeB1gF0d6avihFN0LE+0aTV44khYnENZBjsL0SPe9n3Ul2bs3/D2CVgwV062jtBu/AG4nGBxKf9VmfhR9+/dd//R6HfeADH2h/N1RKDyJ+8zd/E2rff/Nv/s2v/MqvtB8a1f05i5vS2pe97GUAi8997nNBP3/jN34DRLUdD3HuK17xikYkyfa7g563YdMGT9sP//gf/+N2rXbi13/916MJjXU27tkOeM973nOzbq3kVj6ZBhmFYw89wOJ7IE5cqJXcykdHtUY1sEvGUi90u+0tVBhVagi7lQ+Q3V753M/93IuN9VpN0GPZG9/4jd8I/JrVTor9whe+cOyK7OSbLcUprXNe/epX45RWPnhuq2F75eUvf3mrWIPCqG2r3hd+4Rfe2vzWUpzSjmzDgSG4tYfHyIFrozMO7pNozowZM2bMmDFjxowZMyjJwQDJBqMAIAWsKA7wLMkUKeS2nL8wD9Av1LRdS5vY2vFd7UwOtKZr/VyKzd04lfmmbjURj3RtcdCAAAckYc4gQ+2hnjZtIidUuWUrugMd7Vd1mTKB2lTpnJmIeg/2fqLBBJvpYJ3t5yVr6vTK304U6w3rW9iNqChAVbLXLFcC7Upi1aFZQnRr15Lz66S6JCO1PTbOO7fKkdt2zuY97/fakWDLAHfzyjwMZw0S42yZhhSDhIsJ9fZE5f1FPlTk8Gd88RC3d8hxrGS4ymDeca8YIabcuOijEA8lgL6QzdtNJ/0+whyTD33cCSUM9LMUs8yNDNewqoKGNNVwmdtqARDYsGMZj5ecWGtCZNuszh4uCVvnhKniW9rBusasHurgywOH4hoCWgWO62pEtT9gOSXFuXmislAcILHawoG0y21tPQzyMLvvpGeGFWRMV5ALU5WwdmGxuUBzbv5J1DvMitON9QrlDGVT6w5pNKnuW3aCy0fri2K2Fa0tuA370grBjoIVlYI/cw4BrgSP7XZgsf33bOdAzQGaTYq2eQPMdQvpClNuMx/Z71yfrUB3bXaAy7BcQjLUboxqviqWTdx9gYpblKgNyG7u3oJdASMnqUpyzTQUopQwt8vYBofanGLi+MxRtMafTic1M1E7581Ys560e2g7tCHQxeuOhXJ9PtcxM2FkX9PRUnPdzi6wdHnAsa7rs5/97PbDL/7iL5phyy3xy7/8y6CfOPITj2c+85l/9I/+UQqjiXs7C3/Jl3zJ3cpJqfKIYpNTv/Od7/yP//E/gibDlwMXSrOLf/fv/t3NMhtj/cqv/Er8/IY3vAGnjC7Pt0Zqulu7xo0cX/ziF9PAsjO+7Mu+7NZyYLh80wCkDcFFS8d64kQkCWBLjWqD2LaiGvG/9Vo4pTHlTC004nw3zt4GqJV80ZBbW5RDdmsPj3G3wX0SzZkxY8aMGTNmzJgxY4bFgZEMWA2/B8X17/cpjIX3Jw3UsItehyICwnbQiB8GfkiHi/uS6Y4EeVDCJkkMnimOVPMS1DGzkNwEi3lNduLM4gDieFigywH8JhoeWBSwDsAHd/oc6BzAPpgpcdcsUnjB8qiUTJCc7c4R4uSejuytDzj7kVIDfejPPjgUsFQOWJhvQFPgswGE5UDmC7VjfB5wvMhhAOjQ7328mUZa3697UDUmbU9uJknsoqtApnK0hksypR7ar56A7pa4G2we34hOuMXhXO5VyCXrJh510/ToxcMJoI93LBJPBMOJ0M5KJmeGG+L4HESmheiYtfPCS9+EEEw3jXwo3X4YOLEc7k54doh5AW/nDYtKCJmqeEgNSBvwBVkOVE3x4GA3vFLc3IcCLqtsVz0f1s32vxtP8VbZdnZgl1DyBtY1jLlgbYxOta1sM5dYoA42ue2u3HW3tsL3o6jpB2bvmPW07gWkFf9pNarqf09mhGFSZCZs06f+xaDPCovBXlFPDBnzCu218eB1NU8LbbW1wimqofMdUm5f/4Opux171QjueiqxbWB7zxw0TPu8Lq2/rs/XH/3oR893rqE2b3B228/memF8HP4b4l4lLlzu2ytaS9KNP2ZS3ZuQMHIN/64N1bczztuObKRi5asrV3ZjrVJum2vcvGjVNIXgOxjadc/bpg0pRTl547vnLUyjlWJfGaduhzUAjY8JtUTZqum7W5P3j9z56HY+u/4c+zluOz3oANNsUO+tb32r3Ji/f/d3f/ctb3kLGar+8i//cnoQ0XDnd37nd164ToP2fkyf5QcYoLo3o0FYKJczgEFvqrMfVOQOhPcgvJ9IfEwQfLcYdyC88Oy+iBEl31RwP9h40s2ZMWPGjBkzZsyYMeOpH0cIxkFUBgI7qJa7wviwWPvWct2uID06ojxKLL2zuBkx0E1sr+UQ+4YYuW/HdRSyRlUpwYjrteMQ3ikKtwOqLTAWN7Zmd0KNheldPX2zrzh9VEOXXaBKDCzMdCHW5kE12KERU5d20z3C3q3hy6oAp5jtq6RiHJcr1Icr5Zpuy90Aj4rodI+rPbqCHD2HHFs6RKuDlpzCe8CxiISXxQ2YDOUg9Zuj9hsk2YqT9BtNds2jjI0eKPk4AJT3gi+pl0yQ5Nr0BIFeyQOLpvuMA6m/j8OHJo5lhBzd32R+NLFzj5UexuBb7hyOxQFQ3Urkl5DWiTyczWvY405/LZ4WAvP1+W5IquBJ6BmwmMrIJxnH174yhVEatiOEFHZnM/ExZ4bhWpip+tathR0TM3Bl6ZOWz9FYGaJgFbvlOVBONm1i3+IOGwOSVuZsWxbidbgF4VIgpDhlVeZbsGleCIe5EcwGQt2VGjO+bT3AVf+HLKDtRri6l4VNU/DMAAwWsyc2D21V9Ra7Yitl4WW3iXSvmyqPdwfcmL0XdXJeYVxhFeUqfdWNbjy4KbFt5FUMqLuzhsnD/aNOwqmCzCUZPbm2glqdauPkrdKRVXA7jLJrTV0oTlCvy5IfCbZjghXWrg5w73dCzCHa+rXAaVpPO+tegbv5cjTgvMNJ3Ch/bXwW19nhBEKsWxqK6qNdyxw5UL8j1Hu73/Pn600NtU0bXnczzjaRuH4eqfN4ubq60r0Kz5UedDQA/RM/8RPvf//7f+ZnfuZ973vfS1/60i/7si9rA/yRj3zkXe9614/+6I+2H9phDUE+QKoIXwuyjebGPQZf//rXP/e5z33gZr4Ndn//93///Rf7OotGw8cN+lo9GyaG0cQDjA9+8IPf8R3fAclzG4vv/u7v/pVf+ZVXvepVFyLo+wyU8KDMUv723/7bAOJt6L/3e7/3mc985l/+y3/5VkTeoHD2TFqsfOLxYJszY8aMGTNmzJgxY8YMplGMa1+2C8PxmXy5NOPL+qgE7do1fLfmzkIGyXTtIjyHyQeh7bEW+krh24nthSCPHAj1WvXKB88JZsyht63kK+RjH76xrkTmIuoK7WiTw2jsjxUixkIU+JI7HacRYgXSRxFmQV3H2iel59zuS4I1ww2VRgAr0duBnYecgYPuQEZD5wrJQXWcFRj+vYRuSClU9pr3KofenROQ5SlE2Y3eq3B0IVd6ctI5jFrca+KcjVKlPt4heYxTOyJ37RCR2wnvRQfcR8StfZ+HD63kW16eYfFQKqBxgzEG06lt3oC49eJmpMiA+VwSM5vPPEKeqXH7aEbmhD35Q5F4y8wPZ5FKr/vUIdAnx2qEnuMa0hwS2n92E+chAxYPcKaHJIyXiTqZvUgz5gM0vkhQOpdub5zdhl0SFVIOb4lpjSumUK2DaZlNKO2XNkFzXiLNLJzWszlAELvpsnFfJLAqzDesQ6rqjrcKg2XFyurvQT7VMhylIduuao4hDrTFp0U92HmyGLetUXL1tAHuBkPaEjsFsIu+zWBDfS20Mxt9/ozHHj+tJ9wA2ljzM0Fvqh7cTESgeYYfNFCvz1jYC7Hq5onafNvyNm6PSPeBiJtGXbtVL7/aiPSRyuSDp1udrQ+bvRYfqmI7EVrPmYlHKWihGpicFgn9v+ddbHg8jftJmOtavb75m78ZjK8B6MYZGw/9O3/n7/y1v/bXfviHfxj0uUWD0XeTDH8i0TjvuDfgx2WwcKvBxXve855f+7Vfaz985Vd+5dOf/vTP//zPpyfr25DO1LlF3t20tw1tv+AFL6AbDsW3moRcRFa4XSVtoC8CBhdjS5944ol3vvOdeUC6M3/gAx+4t1vIvU9pA9F6FY7V416RDb6nafWtMd4b2UujLPrjiifRnBkzZsyYMWPGjBkzZnjc9q1x1KxS8pAkKcMK8qCNzn0vzkekDrrLUfW7OL63V0p+eTi9ww7/QwciPLx+2ZokRZ1TJuEkZ8/H1qbmUGQoMxW0h1fjhBrrpoXIv9yHrDkrIgfK3VsnoTeW3MSRegV7Z0nvRzJcMPgs+zgc9cI3+iJ/HOmzRIOkD+t4HCesvyBKAwCOrb86/kq4nwfGf9JPlBj9kGln33aVctDsi3Z5fb30gaaZFQkPI9xLuY+QyzvXUdLlc3GbJjoP638d3/cDbnvEHk0w/fBuQmhhlg7mg1GQjhmkzjLcIY6h/XwOaK2eHVW9fik22IvjJAA3+xRy4+7LZ1gyxzby4cPqEEwTmRDqUDo5skmMa27TapPLvueGcxR5OW9PPYbXCWJqkzwn04y3nOSivzIJFjM+YcFcETAAABAASURBVO9BVKYYfoV0t6SH8mBDgl34ZJghKiS4e5VIbyrRNyANYyLYYuy6JeKGJrobh2QST2m1aq531MXdkBlpxFLigw/9zfGw+2SVs69W0AhsgaV0Q+lLEZUe1/P5utVyLctjp6vTusCJ2TDuup5WUx9TgauKvWfU2veCNODc/Uz6SiHKjJ9+BsCuWtugKL26u4pEhsTOAE3G7oJOpb0MtM2NN7Riy7qo3TXB4Ro3jg2uZRK4rOuKW0WfBJN1i9uVmINK+aTMac94xjO+/du/PS2er6+v3//+9+fN8PznP7+1tr3Y8OgDYdCNcsLVIU0t0vO3sdrP/dzPvc9y0u75zW9+czLT17/+9WSSZ+w6mJD6DW94A1Bmu2i7dGLWi2glvPSlL20HtL/bz3gxW30PonrzQq2ZEHePWw7eI3CVdm4r4UJB3BAw5Odve9vbUKuWGxixe1pCN5b9Pd/zPTS4Z4wNGaOd8uf+3J+7OOWHfuiHYMw9WnInBb646BitpbBPab3ahoNsCNoA0ZOKJ9GcGTNmzJgxY8aMGTNmUCrqbnsrobBQUBaiI0x1/mzSMRpxcCLEAJid+Q5gEN+q46XhCJwgUVRnpSLU/0p4Ov6hjgqi0IsrOH6lWyrkpwzi3gHW3uifEL2h4ErdTCQxON0tJECRhOT5EmGGhDKk3IAf2INK8oh+FefnQ+mHyIEYKt/JfFJfR9qdPF+kAQi4Ny8pMroFJJgeGuE9GvjscMMxJ6PPWrm0L68p8TrdCA7onUyfblzbq0aXau/DL8fSefjnOIK3Pid3g8/jbZiny90KeVTi4bTgiOwSGbz0u1yfw4qbZ1gQYLrYCnv59gMv/uyZ/Jbcvh0uHXa0096R3dmWd7sVYteVLmS+uH04ZPrJvyVEvyoUXrDTHZTQajyRO9ux70toV1gal1yAEVnZaYlVCQYaDRarmNeeQuPFCiJtxQEIKcvF8opIIUXtNGyxAyaVVr7vjqhQk5aQL9u6mkqbyo1d/5vk+rxt6ESqnofDSopGPa2iClgbZ13Wkxpl6AjURf2XVRG8aus0X2j2RcWnFBsELUf5rA1pUSthM8LWi+regHUTo7HWj6DEi+UQNkzLeg5t5nTNPpZGgbftfH0+t+OvmE+NI+87sgpajZ3Bnitrnam6J4beHa07CBsqyqanwJS7VZlaRTC/qpe02HaKup+h2WGrBhv3TMXeie2kU1mqIGMprVG7uYUUK/DOnY9aV+vPp/UEbbfua2nGKbKb1lz9UlaosJf2DpmnSruA+YC3d1c13jjRwuocrUBa+xnJg09GfN7nfd6rXvWq973vfT/90z+Njfuurq6e/vSnN+T3zGc+893vfvcP/MAPbNv2fd/3fd/2bd/2rGc9iz6BaED2JS95yY9EjG+99rWvvX+jjHbkd33Xd8GtojHTW8vJa8HHeazDrVC4nfVaC+xbOL7VykEJ0Oe2A1AmbCLaD695zWsaO764UOOwr371q+nuAYzeSrvZG20gGnhtl2tVfcUrXtEKH2v1nOc8573vfW8e/I3f+I3vfOc729UvynnZy152ty6920C0FrXS2nVf8IIX/JrFRVdAUX5R7GhXcu/r3k98zOa06kHejup9vC4rM2bMmDFjxowZM2Y8JWNgiNz/2CJe3THK4ad/9Qe4yMXcWCoNChJ/DdEXeXcpoAnRCMVtVCXXBGPXLMBmMBeSQf9LoyBPgoSQI1T7OVRqClUO1BTKtg5JQL2xLhwUiTrIDDjD8SLYMioR7AdktnXCLnB8ddthX5wMzXdgSbzotqQX4RbMQXALCi9+Me6g1q4JaIWWRtuPgymDD4R3JNNIh8auCKklUSfRzn1TEwzxn6+H15bWXqugw+zEPrmO9wgl1abUgOLqNUaNOunm3g8J3bJVI7GWPgoGw6tLqvPqfpbLSjtyh2oxXulH8lG3bW+yX5PlJlrmuNvjEMA94kvefEsYBRqG6NGLh1MB3dcLUC57kPHGJKJRikzuzyyeTePUk5oNdMH84a4VmUZi3wgwE3vkRkFxBbsxG141kwTMokVCywywnDsV6n9LOC3ATNkuGO9FysceC8msXMyw7nsRGSHdu8/CICOb9hY7B/rp3clhmOauFcNuqkJW+mwuRQXzfckEF2yUHagydNDmBbGo9rYFrou+AZHVFjQCaqzYa9L4eAUcBwG2LQFNu6sexY7U1e1iWZcYTU5Pp2pSaNtID7YcKhdeVzhSYDCtStah5u5RN2tXJFAbqd1tRUwN+G6qbxtK24Rwx+grSb++bme6nwerQceV6qEX/GVO3tqZ15uaOC8uZOZTWU/aJTB4arVsRWxKlFfdgBDm2hjycC+Binz39EjsTciu4fePvjvn69ZWtiyCXvT63F4+Xa3b+dzOtVYvOFxiZ0wkEPQN3cxRofdZtzPc7LVPbnrpi77oi77pm77p1RYNNP/pP/2nG30mE0F/y7d8S2v+9fV1Y9D/9t/+W/rE4nWvex2kyhlPe9rT3vKWt3y8DsuNzL7jHe8Y9wxs8PQnf/Inx3JuXqv9eo8dBdu5P/7jP36xR2KDy3nKxSaKKRB++ctffnFiO+vtb3/7valoe7eR0zwL/QDTj9HQoxWeTiA45uu+7uvGclqt3vSmN+UxeVg78R5Xv9k5oxNIe3fs2/ZWK7AVe2F7grfGS7cy733djxn305y/8lf+SnqbPDmXlRkzZsyYMWPGjBkznmIBoHELNhtZHqW8DpQlLC+DGA/bDA4sL0SpThtxOaxwBuXbdQGx6KZGuKCtq47CL+sZG1k5Ib4F5joKl2N4Uy6dgXncT0u6yYZEWcaF4AC8LGTGm+y4nJn4qAT3hdShxkV7HHXnbnxePDsm4sKXotzwf+WQBGNrLtTO0JIBmKVQ6ChFkhPXGJddIqUwQvxjV0XDfd0598EKjuVRklvwscU+mqWPZ0Jj38iQZFSue6WYaEwPJKLmLpbPOnK8SHzZVSS+MWNN+13mDpbdnlxGyDu8du/oaPF4bPqr3AUyd2zvhxMNiN+XAxzLewQhNN96R36axzP+yDP54CdhzNdMKyjyV/m3j3hQ3RKG+RJ6ZdvzzSea9NOXGpNLwTZ9gkQNx4yBnFQJvom5ZDDFR7pEwhLZ1L6maYUqFi7N8KgQ/XWR3DQP2/Z5IXI6XYntVqf2EQ2JmtA2maZjcnZPfPOcKLb7nallw4tD4Juse+ItmGnXpXtxwCcCk4XCYpFVybBS5kZyHQVraafMGbaKhxWEnrbbJnntcg3gukEH0WpC5PDFJuPjbBwe7s/SEO+plLNB081612wk/BJ712j7X9t2Nh9kBnpu12r1FCW2eg1QZM8NCj4pdFu+9lrrkAZzeVUn5vbntF4J/Kmt/8lsmm2PWLk6rbAOaT+vp5PvbGj4/wrk3U4s9mHQzmxI39i66dCLyrENl1fcTK1VrSmWdyh+/7AKrjf4XIO/V8PXteJDcEwCVtsvsUHtjzzxe0gqcpqiqJXJbspo24yWaeF1U4+TLW4wNZF+58+/mz5FAR20mOL7ta99LVx6Z3yq4gd/8Aff8IY3YHvA+7H4mDFjxowZM2bMmDFjxlM+/ru/+7dWXRHcvk0ui0ms8KXUvmqvbKurC4fm2b79L9hTimzBcOwQZ3o0fNc3r0s9F1o2U52VFS8XPjF+Ijp/5IkP/fZ/eOKJD7dvsQu+R+/YcEqpdGfCA4wkSnWs66rBcYrvzATmW0dGCMDiPiEOCeF42cEKxMZJln15OgnJ4G+Nhd5OmGxN+u6aOV3BXII6uTRxxKGBkOIfj8DUA4QN8XWeViilwGl3Yh4YaIYk843CCwVrotBluxrPhJIS/RnyaD9lgPU14Ku3HKvuTVrnSDmwKWqBhfiVku1K9nsfhAR03ActhjP5BySjfnCqtt39wE+wEzO5oBjkamnc5up01eK0PrY4MUfGIZyho/vHm6JXw8su+U4y0uOA+e89s9GhdCD14OtZ5658jYxBvupFEf1v//hdt4D6tI3nPe959KTi4dyEsOub5fDTMSNxeAAsNVJsY9PM3+GB5J5PuRQd566sPNx6EkmRSrXGr7WntGSYqKjvZ+ppw77jZ5Rt+x9WgiIZj6EEC+dwIhbbgE71tUsJqhzVMb+LmLtk3Lew+tUxSVGeaOx5ibRdcGhrhaPf3WeeigQcZwLP652nxNzTkz0OgVM8zj4R5imZ5kFZWn8YcIdK3T62TDuMGXFxWN8OJN9tT+DRYYPp7YWbMiZfz0AWKi7i1s89aN8Nf9Nmbtb6ObmoBDs9RpQgVzXcaNg9Lq2F64emzdlQieMmc38Vq6SzdmirVd6tp4CwF8bqJbVTqUbD1aPZZh67SuFQUsetQcgusGvRPXWhYHzfYnz1okDaWAiA2XUxXTkKrJYV+FRF6qAbE3/Xu95FM36/Il2z0wG5/f22t72NPk7X7BkzZsyYMWPGjBkzZjwCAUhLEN5yaPryXXdOGClgqD0D1Nl30eQqoYil0LaGqlckl5QrQ9nNLBXfZV0hWMId9TadpKRGlw5iU5SXf/PNxslYplGQThE7G3SeYyaYoSOWlPWa1aqToEDZKQvHhmKDK4VfyBeOl0OXdMWx46M6Es2sy7GFcqhk9WsM+locFYv2sdzdoFLIiKmPWSq4ufeS/xm4uVD2dSe4OTC9vQnksrdulIiDag2Dgl7r/q7EYAxlSlyF8yYl6qrt4IE7RIMJxmt4H8TAH6XGN+4eurhlMm1xfONw02MEXPvIUfXon5R/y21nxi1w4wpP+XhIPaDtL/OxgIEGXiyR17rlduKBkNJg0gPX836CKlEXNZCQ+N0f0LEEv8NAEZMDxzPY/rcjEehaZo7FG8oTl36lDU/yAu+kCpGsZc8Kg8y2s6FltsOW08k2nRPoi7WxprfdU+ZstQ2RrPiaD8wv5sVcOVY3eFdY22vtM28kAL1RYPB4/rb97BsTMoiwTh/6VmSZ2gvX12f3VFqKmEa6DVBgazbOq8W2Jlergy2xqYrDCcx0h8wX9dH+WHzfP9a3QLYtZep+VNqz523PFIGaNZtdiBUSu9Eax9/1umqSca1uHZ7U22u/V8xTZDExMuZC//xs1W5vLu2mUT20CqeLrcPRn/dNYa95D1WIo60U4/g7WZ1t5tfKqJvItrV6QJneqnbe97JCyb20q+j+hMgsFz5f39GUg1TdJfHqsX07n88+f6nouaztYtR49LajT9q9sdT1zNe0az1ahbfra/qURkuLvfKVr2z0+UUvehHN+P2K9Im+acf8CVotz5gxY8aMGTNmzJgx4ykY8fWXQ2cLaRu5TwS72M2xioxqNKeBfAn1QAodvzVWACbhfFNS30ZpuDuCZWe++Y3cdW0S++9pyVgNzl2UeGzSIGMlufh9wKz9ZVxq8DIN6Vwss7YDa9ImBxDFpITe0gHCOiTtAl68zYcup+jSim4SSvY58qfuquzFMA8wPgtsvyyeLagCAaAZZJAr3iiufvIeAAAQAElEQVTq4iOJHcIODNsa4nhIvHbUifrQrprUOIcefWZAKU2RDyPSRcwe2iFldKIIuHY8kcJpmUYLB79P3eG2ugjbVPl2u9E9g/m2A6LswmU89GY+JIaj24X3VMVQ20Op/W2v/z0x+FMzHk4AHTc2klDxeJNkvo2HeYv6i3Gs/U/wv56kyAmhGkz1AkuIiIloFEp7Rfwh6+dLJm1SzO8PLlaaZGbIjB88IdauWDcFy+2cRhLPZ9g4jG7xCrLb6/B8Nv67jdkpcGoyHwzCIpTqwJYZ4lkB/DY1tW6kxz2DxNWNJnyjw91WIFTga2T4diOpqiW24LJbaD0bJMWOeakZtySUFr0CK5uzBxVY8qtN9lLI9lGkvojDTyynAqILVu6zp55Urh57PPTjkEdrfpR1f78dSmfzZ/LUmvkwLxUbPdo11L8EeylwXYhtA7/GiAUJSTNMkd0Aun2e1TsfVQRc/WNVNnWnkhhR91ZpV1/XKxDzlpDYjTuzrRiCObi+rJbUdiuxNbxUrD4S00xv27UsgPpL49PQUrearKdTte41V43NOlDvltOqomqfosuJXKm9GAzfRIG1dobC8vVTn057tgXN+H2Mhpjf/va3v+51rxu345vmGzNmzJgxY8aMGTNmzLhLjFyUBzZn0MW+fpO7d4oaT3aSGP8I3wCOgNoSbBZuHUFU2rfkRiSkcg1W4yvV8Y2bXVHbGYz/5pwHS6VLshdKVa2fO1YjuKnQXankILAVB94p0BvecLqDykF0KMX0X8PVmVyN6Ejdl91Tyv14hOve6Qah67ii33kVmlZp7F6BZo5ADrCvHRIHqLwEM+3o29XeGJIQIRvWllBxRuFDR42642hfeoD4QLiUF4vu2RuXFJby56DH2cU+KF0NyXQLtsZ7F0OKoWh/7/hXfVcZSvrqG7R547zWdxn5+2PAw7WTKPbHImrMQ3HDFQfWONS+J0Do0YqHEkCrAlT85vVhHgaPI5kzTId0iyha75qCR3nM/3jmRxd/CMWTTIfp1FM04itE7EF3YMr+PEt/rDytZ5YUbKTYoK0AR/c0jfJdPU1VwDGpKbQd9hJUBbFZGzf+a/uPYvNWiieQg3kz9axSgtyaiUFFsGZ7RBRLJSKpk5k+YF9fJ2EcGq7QBpcb38VcLMdVF9Yujhlb0brdYLYlYDyKPpHDeLowx8oTceDfqLE5bpPZKVHdYB2iDTe2ipF2PxC37vASbcQK1sDsZgiO7AFaUVYtZLfOr+aI3S6xGqj2gWN9l2F5IdLIr7mIuBy7NUGrZyp2tKLGlpZCmXCzarE4+CevDPC93ro6xnrXVLsJrNmOtXUXXb09tt0yE+tpsTyIbOdd3FQa6nPNFiDxavdoLemb3WoosNlueJ1OpxPNeFTjdRY0Y8aMGTNmzJgxY8aMGXcJ6a4OjgChVM23RyGnwYKwGE28xmNhxLcoS52ncPh0kCvzalpXdJUeEejIAcVK1o1RJ6DPJBjMcYwpyYKuxj8D7ktk5FzBrR3E11ab8o+7elaCIyUytXf6RoncL9B/PXaNuMabvGclYDElTE/wTR0VU4iDB72kDwfOc2/SfoVc5k6hE07pbo3hySOSzGTN0yXAryXj2CpqCFEmBIrRMVXGEvNnCh20j1wAtZBvmihShlajKyCd9l97uqITdQmxfqDg7CDhW5Df3QGvdK/wfstKZAYkAD3dNbooPR8eOmx1OQxbdFCcmf9EFz0y8VACaDgVBKJl57zcH20ebwfyVyTnn0hq9QN4mE0k3nci2qe+/vg58+acwMhnMfOKwN0cD4Bxas4VFpgsxLeJ80xYLu8gjidB+rHcJydrczXTaEnWbGpqzwEWX8sgfeKwCdUxfTaxSqZo+rRdoP420hqA2StmEmM4ewicN0zs3Km3i7pztuXB7ANl66eVdTtspqv7QGHzPWQUkKyruxv41G23WSmGTbN75LlEB94oSTRxajhWnUZY0tPJkwpeSR2a3WD0hk0aG0tel+hh12DHqqNWzh4pOxN0u7sP5jyXzpsXiDN53QPT70ReGPYjRJ5R5PA5Ye5DKaDKPkwo1re85Fax6NWatSKsCar9k7eSZJIan+nukCKydruXGTNmzJgxY8aMGTNmzJgx4zKSWtDAAwf8yx0iMA3SZ+4CVwcXFBbPJUqWIHw3r2rffGVUoyXJlBS8xrdnIgcwlODWcdCIf6M5tzI9DvlxljGwGOGOMcKBhKoMQNH1ro5VDgX3L+eEnb2iHuXIP72TXJ2bbY0O9pY6tjLTDVdP9/PjWh0yO4u+YKVRiIzIi8ajUXOH973fh95OJEyBuCXpUx4ilKPWWVv+Kol46eIAkexIvmjgzRhyGnZFHi0xAu+OlR/fugtClvhTolDJOysq6AJ0vrzBhJKmH18kFrpX5Aj2v+59wlMvHk4LDkxpzOKOFxbjPJBMlDy9RKmSj3lQKAwgfIa16USGsoo/Vzw8NXkNDlm9UL+zfe1D5MM4WCb+xQQ7zHqsO9slI8Y1C2f2i4PqmvY2nJF1f9gGUKstLFg4MkilpL+9WlJUifmcPGnp0D2AcK+J/WyIuBjgxWTQp01LAuqmtkRujc2OobG4pJR1qR2vukgaquN938GLkUesxa3id91OENpgJb3Lsip3VqXw7rsDhnjcfb7RjJo7LGJqVxJ7vW3tLPUGUWW879dH8C3CBoXWuPa6Dbau8zmbpQXos1H3HU3b6q7S8tjlb23DU3RPQgXijeeerLeVinM8NhL4mKyt+3paS3QX67nqZbKYffQ1nZW5m5ZcheHYhlYNQBayXRhtyitYOQJ3fgwUk7t4k7Fpo9zqcc2mpGZZnO+3TltW2y/YhknqozebzZgxY8aMGTNmzJgxY8aMjye6DM9xMLslRhCNfgCVvso6RcOJZLBCOrhz6q+GqwRy0a+/u2KL0N25pA6FuDknTgiPYEi23AwZNKNg50LneglmKCkp5IHYPgqIAhyGpbNQb3cdcHCKsWHyEVdPwggZMgcEGihryCNNWFfSA6KD4wOzHJj0+KKfwTAjHTFlcal2slqX8QU9H0kpJxXtpV4kAiRxfnZpWAK4jNF9B7gXEk0dMgfRLsnuvMS+TIOWOfV/lC9xdlHYGTDdio79er2XcmCF4lYK2J0qcAz4sT5HVGJ3rHuKU7+JgzbyeKTDf6JexeTt0sdy6AOIFIdbIf4TefSIzUMJoGtCYY5JIMwQqEtwYzAl3XN6gkVyjYcWZqY56kwcsx/ps21PTmVP3OQjd7xJ4nnTct2qwSqT00IB9dWXYb7BmMf0pWKWCUisic1tephaBoeFg9pDm7OE+NaDDWe2IRMjmytYK7s2eUn97nY2d2Pqmmg86O3yBi6dPqdWWukqg/Fq3UwdXMVcp9WDwj4C4DGNBhWzrXAXCBa0CwWC/5oHsgLos26RR25HkU+oPYza3qrbCLSKwpvazTh0Hz8tf9feWeGO3Gqzqvt00Ta0mrBoxaqJqTeTDKvyt5yurhZeNiX0bDv/sQmkq08i+gm3ndsZ1xuvaieiJ+5V9wC0VqvgevHPqVbO6VRs10Rz3miM3Hw59tYitb2IHUul9fZmN6B2Qft5Kb7RZDu1WmJgseG34bQeJT6tp/Za492ybVqIbkjYanpe1yuRZbNbyLY3ZHz8xra5+AxSc5B22Lqc2h8iLcEq79pp7NCogyKP3HQ2Y8aMGTNmzJgxY8aMGTPuO/ybOmAGYF6JVc4Qc0kXsrmmzb9nQo+WXDPANMXf+MYcnptF/FLwha7imNnJc/cVthXAsX7dIUvyYukKXEQoX0fqyXxBIwW6QnGWjXpxh6dgxsGogxiC5xQDPBXSwxS4qXCskrPLAs9S8sXaBkA6fwyuTtThfa+9I9he9xvg1fupjILqklrIflRexTgQw6ZThW5sIjmudOg5v7QJAfPSgx76Rq9mXUyx58kEd6OWlMMLapbEmfpuhpIEOphZsOSh0cIHZn5x7cuXqGIcbXV60DyhAQP7ieUWnJ2S0kDp3FMpR0oeV5Oes8DC+JDFyyHdIiOuH7IpHD3KTI8ee7Z4KAE07InJp76St3qsPIhfyR8aJLEOj3SkuPIm4bxZwzkdP4ftO49bvw5FEfWnsk8xhrUrbHn0zKWkNphCg2xVrKHClhA424Sn2Jfs0VaObDYPnv5qSBSAVG2RAarDwyGBcrZqMfdke9fmnLrhFWxt550ZYLqYoHqYZQCvxXXEtrEhCjfgi+ybHuO6bquA2HPP4O5qO735J4/N214ZlffuUlaOTVfh96xy4FCuN3h7rolQW5kN/BLE0aRbGxZFx7ZhwXpaG42vauoMb+19NwsP2uV0pfy6nbKDj5t9B1ezFWrgeNcPkZMZOqMJlocwLbneIVV12a0U/bXRbwXhOhw+PXEK15n908jK9/vBwHGFo8ZWCUp1yyjw0n4Dr94rBvi0qmDaGihG8Nl2I9RrYjJj7XncUbi/zEW6kfT9bMNn+mtl2Wyf5tU+b2ybxxkzZsyYMWPGjBkzZsyYMePWcF7M1A2FOZCJhgxuHIYxJWFiYunYtCr/OItOuawdNCw3Z5BRcV0g0Uj28CIUwPkd2BmKA5XOPQAz2SWpQS4lFMw0oF3pdTFUWQNAOnNXRSLJHiTJr1F9PXKIGOvhGlX85ax+oJ7cd498gTIoSYnCvPe9Pzt+DX7agVUKKb2R4FWO7wcm6+y5/x7qdQ7cKUlOS1oJYP231yY8p8Xb68NAFK4CwcNsvbY3tver97nfS9gTK+sfkMnFw7hBqt923UlAqxZCZ75g7EN0phdDAGlpArdBJj3czfG7lcoSO7f1V/0nNf29uKLk/waQTH1TTJLonJ4u4YEUSl6qc2x69DD0wwmg9S+/P7ivsuh3PR8THuNZOFA4MzHkybZU5WMK7hkL6hNsD+fRcdHYdJD8gfN5kpNbky/2gEkGw33BNL++A6EvJGl/6T51NiMYqMVkTpgQ0QLolM2SwZ/5nDUkpiDOpTF49CBPXldHwP65YDLlyMhIdN+QlHMP7MKUx+eFOBJkEEf7NO6OQj4KXLIaHE4RaOPiZzMMsu15bN1VFp05lE9X1fS2TwLd7hAPc90A3JfWQ8t+viZzoljXZQfTFnV2Jp8K9U9D0Tws+fEErJF0q6KNUXFrlA3OG5iHsKQEZiAK+9lToiYyXk5Lod4bnrfAx0nrDTUSiS4w1Hw2A+lWmXYtbeyi99tuuyDiQwumzrrhIu3WMxom/V64X8X0zTWdp7yXjOxbpqJVDAjcxkAtUw4W+DNmzJgxY8aMGTNmzJgxY0YPHjCH4wagPYHrqbPWICwuwiKgDgqYMRSTMC/kpQwzirDryK3l2FZ+Vxyqq72Fu4FyIDwZCN2IbYlGtSqNQDfQKR0YTh4zfEWWQNsBXTmAcO8afAEXR5tQmskAmJI+O621pffDNnqJPp2eC6XVA8ULUTXJNveNHxPFHhB1VEey/YmAiQ+cP8pQ8BFYXsVs/pq3qgAAEABJREFUTqiko+VhBDl4VvatazqdYA84N4hT52EBaSnh283N+g4i5+wjvUJNOAsJ32GkjpLkxOmSg3Pgusn/LrnI6CAdrbgouJPiARvecuyBGvZXoyp9D0/uxUjc1/wo4pqH0wPaFMEcElQJd3M8R5VSX+8e0eYX4a7AJTikUKZ1pKdywEmRERIesho+kSb2zsdU+l2X1fEZxVKEJbTYZlhhFhhixBDsFWeWZT2f71SVAJfGN00dW90A2VW2vK4LWLMBaIKhNAFE7nuyZmPWkgBa3Axa67Ke1Bti0+MryLAxTUs7meeN7Z0Y+UsA3EaECSYaDpqxnCOarFdv2HdVKBxCbHeLrrZMpATO9jwnmXP0uq6+XaoRcatvqRB625hAzIxPqUIuH97NF6TYSh9rfasen7js6Gdhc8wQsPpW4rbtxW8FAR022s7LabWe0rd0KUr19CuLe3Aj2dhOx1SB4Wr/7vrBWEvx7QTYrK03qcU/EniPTRGhom4HVsZQaocUc++oxYxXYlRIvVnqZmuQGGtZ4hbClNqYNlbLoJpoCKZM1ZEXU2ov5OYbOMWm4EdyQpsxY8aMGTNmzJgxY8aMGfcVYt9UeSFbrItv78ZgdyEsIPajDJvWUL3mSl3blyjWkYOeSKhi7Vu5MxZo/ATA2uHevmMtOAC1q5hNOBfKutitClXVL+oSZ/e9oYgOQLHYAmXjGeyWya7l9UI4SGjCXekur6EBBr5R+pBCa6Amh82hUKPuu4GOAnLQckpSepBtXSBuYdLAxUVvrgF3gNpVc3o+O+6XpFBgwBUNcEE46muMSJFKcVcNJlfIGaUV6NbQBdRX+TsAAziyXb44x4oOgt2By+d9ETcRh+Qx6bNvopjwfejtQCz9zVBRO7cNGp5phuHovGR0eVIPh9qMJfnsmvMDK89zo050k5jIIDWMt9MJmnvPOCUcsgUh/aZ+L+B+O1TQO/OQaHmU4iHdhFCcIfvjBiUrS+Q+xL0ccCgmM59I8+6Ife0i7TOELySJowPrEY2pD5QiwIgU81tKj+FrDCJcwUyBQd1KWXye9mkGE21RrwZFsbS5KYS2Y+F+D7dXwhpDNiyRyM0GfWLlsJ2OZJTqbe2Aq71sakdhHBWe0+aCEZiYUA+C67RU81LWIk2Nm+Ye6ubRijD8rIWfGj5fVzMy1nOWZTHg2g5d3PXCJn09xTi3lbNrO8zhuUYXluH5xUzY3l5P60I2TOyWI0HXi9pOnFvf1vD20A9M0Ov/hb3zALCsqPL+qbrvdfeQhiXMAJJUxARiAFlREYQVBQNrBCMCBsSIrAnXHT4VM7oE8yqiKwouJuIKuiZARIIJRHQVBB0QliHMdPe7t+o7saru625EHXcdp45Nz+v37qtbt+699Xy/86//selGZkL60/NHgdgbUcFCJ58Z2Ae6BRqhzDRN4+CTxTb+JWJ19tAg0t2qz7WPVAOyo7NJdQwnmk7zFHQRkoKb9tVwbcbIFwh9UAYgE2krYhBstudON1qaEOhdkrSkWojC8Nmqg4xAfPqgBGHljoooeswK4C5xzAfYDnle4zmjE9iShbSHGjVq1KhRo0aNGjVq1KhRY4FIFgbybR9UR1tsQBI/JcX4NZrNO0Unx6ouxbypLbPlFDkZUwYhFCJyFs/oyHaaUh4wuysH44qJ74oBhNUCTIWYZC24qc1EuKxVwWyZuBcWEmIshaoJZmt/lGIy9FBaTYdk8FB5MwhkVdtfF0zUyr2RzQUIKbB1bE0MMZVPFOvURnuhDtVRpcnauXwsbgEuGQ1XF1tCAPN+UFdl4C4p3bGzYqpxJxmHLFhMLNmVUt9SbOxMbGkbAS/QD6qyBG9gHJL0UHsRc4og1SGLlqlQvacrpPUpk+Bcgtfz0WfrYyH4ziW6+KVoFSJt5PiXs+xDannOAEOC+tqaajP1kGLvrXE+o+iyf/NE7EHFtS/WSACdMwdgzjgivfciZWXDFpcnO7XGt3KqQDeJ1uLz6U6PWWGvKRqzk3Fhzh1o+Y6UttEWLMWW3sA2CQgIhYi7NMU4MVwWUTALfvXepyfF6SFEa4e1sXLDEmptBixIxr6LuNbMl2UG895SdErDvdJwTduQvltKfNKMzSbIafEH/9DeBzQ9NgR5yVOC8TFlw0hn7BR6i4ZaagS6tFeB2p4L0rIcOA7IZJm29V2gBCK7PWG3G6r8Ry7HwT4WpKSujF5DXshe7TxEvW6G1xYNFz+kPWjCAHRgI0mVKaPayKGBMN/Y0pF1+gHq1V1ExMlgmbpICLej8oBc1ZETiJLQaCCQazYVPwTB/F7l7fahQhrnpvGWg8AHVBuwa3mqo0P1NnbiKAI6d9PRynFK5pE/11wHbcp6iOrceStF3MSBunvrrJ2uQupUF3RAw1o9tdWoUaNGjRo1atSoUaNGjbsMlcdFtQjlr7q6jDlh5WhqUuXI/CSo1Nn1IrcLmUnKV22Q0nxO123L8mswpbOpCeXNoSB/jHKNHIuu0JnHhXA++9Iv1pwhmncDH1tIfYv9L8gF6TWJrq5INtITg30DZzbhG7HFBFUmCwcIJpd1uSluwCd+nYTNeURDwggwBp0zF4cSN4+fNsbwCafzoRNrYTic9iLj4owiK0V1UNDn5LKSTrXqGvViyCDVgRunp/mMQSF/5DGMHT/NJMhDcW7HQpm2mXgbKHdjx1pejM4pLVd2rZdRKMwJdMvc8ZQhSY3m/vQu2ziGrtN2Y9dOHgEXrbZZ/0pQcFijjDVUAd278uXOiS7NcemSkTPuinsl5pyIvVunzwV2cxfPF6gatOno0q0VbUJiyOjF/tiWaAhQbITG2lWts1gvH8XzpCbHLNHnOrZSsvss9soPxnzP63Wvs7y3jwq1bOJ9K4QFUNWzyb2jfp7ILBJsClJFbTAtMFNR5wx52wzF+2L1r2xMx4sw2Ddiv89TkHzwxE7MnjspEoj8tuGaqgy2Gy0eGNhkhM2f1UFbj85WrUBOUQr65fIBgSTMcujRR1mwE/QTrhUXbZ9yV3aZdFSekTqFUJi0xHrs9FbJGTiuBimoF9jZmXXTcrlR6oA382Iz7UJUU+nGmaGKfvoKcG+8XAmaeJAMgBxCDE3H6RWnx6rHGO0f+TwR7becER/l+gly7KEC6Bo1atSoUaNGjRo1atSosXAk6JFk0EncC/rtFbJTAyRrAfwuSk7R9lVc23D9RgsZX/I8cApgQzBFrwm6YiEJhiSQS43aF+HEdyLkUl7R9H4JoOY3JTKU4PnYS6akjbk1p9WtUq+daR9N76vAHhSD9AWxzvC3IhJnqDfkLpiutgeeetD5Lr7Qxzxw0aTmgdZ2x5LAGjYBtXF2+WzkA4PiFMaC2zoz+o4w5iNhByj0SmlI71Bc4aZ9V4cBMbPgaO+cq3l2Y1jZ9ZoNIGvdQ2rSzbejWJppR2PxZvQytrtYbmdPprZi8uQ1Ar3QMVYC3Ys1VwENlhyRu9mn1ISzrBOUiYlYvJeTbaHIMcXYmxnL3aRsydyruLx480Slk1Ka+0ApLQuZLc0mv3QesixTUKE2GxsRio3QsN626/R4EmhmJa8b64wrkk5R/Ikir48xXBvA3DoYZgcn62XofvWKrWkkiRSrWwX95WKaI2P6CNChYVYqJQOiUuk0L9CPZx6Kmw8YQSNqln2QvhnEVJrcnltxlw5ijkwmHvIBgI/F5YSdPUAJMPfdJgtn4xzSQCD/ZdMjr44cQnQdjMSGWtfByOnTXGO6klrEzyx/JrE2G1HLyIcu2MGy/4ZTw2tyupBRY4rcdS1ZbzSNSLupnqRVhZVTRjJmkS5LVxuvmRM+SnwLVykkeh0sO5HH0z6WHY0MPSc2MpL9JD24uKDwiWgovdFBjRo1atSoUaNGjRo1atSoMX+Y6LTP9LLyNVpNKP2qnzRVtHrYQLAZLQMkr0uFMoKUVWtrSjLaVmonmRDPxYQi+QtuRrsAPRWwaJIZABUKw5L2lMfmFBGaWrvXVgZI5b+6Y/WYduoVIUccdLiS5g/AVGTagDyda5JphTKfxtKAkTY9D7acBzz1JcFlZiCt4y/pFOiB8iH7xDvAtsyAS42bBY7HeaAr9Fmw6+Fhp7TaWUJArgrjdCFAcc3AWC1AO0wTUIYyR6EQJph4sT8iMecGUiohFsD/Lqjv+OBqCkMYdB6kfJXYFeTGcwU96fP4i3e907U51kgAHXUSZP9ig7kgrkRRM1uSlHMyFfYLVwocZjsImzBsUgTXW2Hg0qQJRepLGfcctq2zrM6qZLQcrKhrhDwjy5VKHkN230ctFejY+d8wLguMvViFCKFVDwpj1kH+VPsOE8M6ti1mYS5BTa7xp9O/zPHJMZqIp8zb/EBamxhO0KdB2wpy9Q3BaCm+F6O4MKePIjmUKGxdTENo752Yasjgcje8eu2nqaBg5Y5V164DmbCDZSvjaBZhcNs0A1aQe6lWKONFuuMgxNkx2IW0SMSxB5OXkqlMrkVbzZ8XHYuRG3ZgaTj/F8WYBXgbXhsiZRhplmvsavCW22vYLqMBXdiS8nSieKYPUW5FvEWwoYZNuulCoEKFfK3KeiZPCueUUmAleMCDJdnzcMKTLtrxOexkVRKmlt1AWblOw3wa8F2EoclpxJPcOsRR10YqZUn1GLsQoEaNGjVq1KhRo0aNGjVq1LibkRbeuqi+zeCdS1/kIZkkyBd5YXTOvqI6U8YpYQUwAKOiPxHUyf8gZDon3DmDUCPQbtwfoZQ3K3ekr9eFSM7UrWrNqnuPLkmgky1I2bLBIHypg4RVY0waQzAWJNQ1stqMLEsTyDY4H01RzRJDr80Ea8wlIg8CQRIjAh1aPTZdQO/S8EN6oGI767YNex++ygp39Quwl5wq2/ImRaW+BJN1zOS08SjLyZajon+18JYeMxSoWk5ffikv0C8Yt+08ZhF5VC2egfl0sSWJd25HQIooBoM4BAjF1n3F+dh+D+MzLBfYp4dsqRhLi9iISBfAAH4e3uKspWEZj2gXw7wMOsJaFmumBYfe2ubHo8+BuPNCyr+kCFnfG61iaWqpTGYUjLRMvUBaGeJcSl6Z8UXxdhGzep3XTBbrXKLUNDNGW2mSEkZsWIH3DnvjMFrmDpPPceNtAhfxqzhax5h8GIw7Q5r0pXvBx/4KEL21vFZyJet8tqjAW3ZE7VKXkIGGmSi1DcVfA0JKTDp1O1ITDP3IwAMacNNCvfGlkQ0akB0xsD809bgNrVqR0Hs7kYVzXVaq3ZcKDjiZyUUMzn7YcmenQogiqQ5qHR0lr6YpWSfVHnkqoo+NnCSIYoXi1AKlkY9K8zyh0n1th1Aatx0Mmsh5QibSjcJ033Qz0/iOQTNASGyDT91CWB/5k40oPreL7HfEUyFTfMBnJ9k+xHHdW1JJc9vArLqb7WTOYyjNBQv42EbY/yK3yZ4eXCCR9PCa6dAEA+hlgH3zrW+JQQferEaNGjVq1KhRo0aNGjVq1FggFDRG6CPdqAae/LCLQOUAABAASURBVPWW8Z4XnGrMgQmFS6JXz9+gnS7ZjUZpIz8v1Fi+1waqFyXIg0sxJWFaNDIbQ6pF2OuoygGNaAZjf0obY0K3vbf2qKDTmn2QZMCZV/OXbucZijup2JQWgBdwOTUEUtxqDiV3CZsWmxadsQXqfcrZPyVxHNZqUT2XALih+AWi4J1ik8L8JyqfBeOzbkxXTbUFs3gzpQJgXIAsTqEJgyVUXbgMaP/19Hrnem2Y0D2h5AyyYobz+XeWw0v3dT163lNIV5HwtGDD3R+WMa8NB2Oy7Pz0vLxYT0v/JcHQbn78LJfnXPqc0hR3cRL/JmPN9YC2fyIUiwW8XE6khPamgwawOdX4tP5niZU0GcLYzZUXF0RryhUZusSg0ybKhXk681r0VeYeS7UVM5HOOMmIJqbEk84pVMAwcvlAlswC5PmZpLGSsiluV/mXS/PJbYecVW8Cdj8OkviStwlK9wzgWxPj4sYEkUNkDwnS+5IjhVhSsM4ZwLJqUT+HnGiHwV4hnXFUuKvTI4iZhI9MrrkabeM0m5g+oOR25dlRc6lNM9DxDDKj6G0qNDnYohiwjxpv2mIpyRq5GB/YWh/SDXv+8ON3eMtCSM95Mo54MwwHA/aul49W8Eqpyb3E50yAdlvah1zR1bmBF1MnweMtm3ggnR46q+MAYpMk9QLoYIgUe6/ZPTam5tPbyYeiJDMGvsjWOpHAK2CPpLUPMnkhzh5QvcnYmqYbatSoUaNGjRo1atSoUaNGjflCv10WFMQlMiKsggW8YJCR7TsLiKciUOUtEQrQKF/zDVQUJFj1qrGAL0JUE3XR/aXyeapCjkm5LFLEDPxMoJeYZtIRRwPXyh/0EMEAqkHSHrrRl2OI+reDscXF3N1gKMl4uOw12iGDKxmoQSvnep3OA6Pf90UWbGdA/YWNFElhw1iIjaPaQ7ik0VbAzm0JnY1JfiwCyHyutZcm6gY7nPGjTbRM1OvqmOJcDwNDeXwiOddnyhPrMn62BEb5sr6jh6thbOTzBj3JYcyn464js2Ln5mtbd+rcPNw4tTDW4DxbpmJl83ZJGPQf7OvfWKyhALoI47gJw9Id5iLkpFHQlFW0iQZS1i5do8Wdy43mzJJewTFhUnNZV0NhsMbNPkJn8Vh6oOuO7VZxLq1FASjLIPJ8zWRbJlCEv1pJT9TCPEOEAHnBhM3oecqN5rJhM2gE8ccIg8ZZf+kgGEBTBUIvnxVeOkbAufHGo9XCwmVgq1lFnaoY+jrJfjJG9WKAATr9Oh3kaLlSvpGRb4upSCTfio6V5KBlVjU/4Nj/mqyTO14CE/OB8SmIxXlUkiz8mQisuNDHKP3jZJx+/nkZJDm6tENbXMSgn1umM9gFp+ZMnpypafi8epjwiBIuZ5NtGWEu7+rkwxR31UUrYti14gwimTpWVYcoptAslNbcl/jJcHcD5QB81BMFYoQiFyvuUS9MXncDlqwAdvWIKqlnd5rKn2vUqFGjRo0aNWrUqFGjxgLhClZbPlvq8wyjmGo3swZI2xhPA+LTsr0xF/uCX+JiVdGmP4W42HfeaOI/UHhpnM5nu2YwwKJfgKXiVlRq7BSs8BMmBDP8AmPQMWNw+RGMIT1Ji4/19XzQMffEQULI1nMG99QBkUiaRFg67dTy2qCGLySVdlg9cG1/FBUXnTPensZDgFAi6QrEgjoApL5FK4cF1rVEXA1uG//O2nhnvDTJ8XqZinxOXO4hZFKTCIZsmbbqX3dKM9jaILWUfLKdKy/AcqR6fNt2P+8e7lZkpN73XLiL9pUlavah6Mtd8+W7fvVvMtbQIoR6HTg90ZyKc/nGCZpMiCIVBRW0MhQW8Br1zo+2foDAofkPyxtBisDpHafJNJ4oOp2E5KYvs3ya58npIbu5DJfKHCaYMSj/BE05pnkLEmFGikol70I0Hwzdi1O3ZxHDKoKMIgGGQYBOrJ+Rjg6cb4OIeh27B2uaKrLFh4FaWaSg8DeCmCeTSJdGwLMYWkS+Mg66e1Ybe9+R5JYMrAeDxrsBJf/YM1o/bDQpiuSUO8rC5WCrWvR4oqQL+bwIPQ0qCFZDJ57rkIanm5T7VRDYKE07PmukIB51XUNrPQZkfEEu2vTGplgCRIPaklo72OSN5H0U28C79M2QCDO7T8tumqjg2enUSvryxjeBGTo5RDfqZ4VXEs+FQfTa0uUuUI1APCNDahmZdBeTTpmF0I7LJzbMkenMDhvy3m5bKVyg553GHjfoZPWTx+OiQ9DJeNSOWP9OYm3v3FqXTatRo0aNGjVq1KhRo0aNGnc/fF4Y3LMWEPGxmGyIs2iBIHmDZCwsaCSJZKOUPRJe4OSbbKlapa/4IYDUXgqCHAQ6OwMuEWwBtDAZEFzizN0DBBeA0QH6ZuyCLZUWIuPSfpW1WMEwaarPbhOgTrUHk55O8Y63nrjcosATXuWtirtiDKMsx+50W+E5TnlpifxN3khNeNMX2nCb3tJgPsioe2+43IlEvThkFRfK0upUQtEGCrJmUk8bq+JsHHIWQHSc0Q4x2cAmxA4Fqi0P2nToYqtqlNisuKOxebCLJ52E8oQs8CQ3kx4DVymjEmD6TCxwkaHjPCzQh/sL0BK5uHPOwRV/5d1AGuro9EaQOyDwNf0nYO+1JNZQBbRd7WaZouJap9Jbny8mJ7XfijlSrjq5pTQhRnBWL0a5XW0fureY9wqQUj1ObzBbeaDu0uSVLNUHuXKeV2oJYuMLmiRzUtnPNTw5kPEFC5BDkJ1E00KzIzBZ//I/IEYT4vvs1EFZJyY5HmDBMLsW8y6tqzyFEQPNhtHSMaa60DQDNjwi+wea5dkmgjmszr5cWRC5Z8NDz2X1eKqjN3RU8Q4bGJAJsSfRtEJ9PkGN55mWHDuCoOgQplfNaLtsmU2/k0Vy24m1NHWGXKTJLRobdkSD8cA6rp1oanceH00ikrEFQ2VH3iVkvdwMZeb2dICNnjdNKwSVIQMd4bBpRNQ8wiECzQJ7xtWI16UWYNuN+Fx7meWxPdaFIyYeWR4CdEUKj+lwOIGnpxE7EK+VB1oCzfy56f2EZ303lR+kbRi0B9ZEY/87N5rAv9lDxbErNLAli3DybkDH01DH8B7mk4SvtG2b3I5wjNrRCGrUqFGjRo0aNWrUqFGjRo35gr7541daD63D757KPWNM7gkqQktEzUovuUwERQVH31z1OVHHMrYQ/iyYxYw6ac00C5YZOkgRJFk9rv8kb2nnjOOmxdWQoY2CUNAl5ObJgFwh8HGBAkGCP57bNYzar+xnaFI0akZyY6LPSYqoBLakrraAXQBwVNzugukMBee6OC4zN5BOT7GFaTD+T9/9WejXZHaq2kqX2Cj9EaL2zdl4yZLrqLgLG6CV5LrSPypKspNmPQiKldLxKFQTI27popcaj4yzncAyXvQuFgAxiJqQa3wJpNckgSoE06WSrwTDdAB9a5N0EmXgEo2HgnW74tK0s8GUJITy1KSV+z3SLKPhXLwbhFgdUeYB4nF8O7FNsW5B/5CgRhFrahFCiVikraTGqWDkkNeJ2ASRz3u+BaPl1wrzjbxtWrtg1jn2lHNuLIkS0woMva1U6Mx3VZfWMKRcoVZAtfvRiW2xapBDyMnD5H1vnRObY10S4tRWhCfQxrP7AzjJv1jeye5QXfPCAt7iPrapnKsdNvhyGxNM5Rp3MpPKWhqfPm0cycD1qG20WLbc8fwjI0Tl9kSrSy11vmN/DGfzLJkyiw0IuVKwdYZjFB8A7OxwU9Qzr2ryhqlwJHPqNpaTkHOm7A7ch0CItvEdIVnKBjTSedsHA3ieJMU/hPZCveig8+Ljwc+AWZqooYd+QvCRkE22uF4ElcnzZyhPPD4WvQIrH6mfamyhQmppcvYgJM1Ymwov4naz7YiOd9AQxJZSkDTdY16B3LhB/azkoAE3a6iTMdiRKzt3/3tm9tPT0zfeeOOSJUumpqagRo0aNWrUqFGjRo0aNWqsIZG/UkvdQSUgqh1VLW7B0GTxrW7hxjCLU+tOa9gUovLIRSvVxkJllQPmd0v7ImJLvUvMBSADGej1p39A0v8eJYaYsUVBHl0SJmaYI0A5RGvaJZqkLxVq3n4XdQSYA0Ttqx1VLICnQO3MUENSFJpS0bl8wCa3LHamvYhpCx3pPHrOdHfFHtWb1PCVAi5+xtuw8Ti43HRQVi+Yw6WDMsG6HqjZ30rfTCeYlo1DkupFG2HtOcTiTMA8oJZPWyxV5VD2lQ9e18Qb/Eon4y64r14Od0mGY5ZS57M1vpErrlSwUQCBdDEWzK1GijXbA9qSEvrL6+3txG5HNonO5dtR82c2eakTT3/9hVN8DC4tKkmvWaIsVexMrcUFkiMxxl7KJer9qlmwfGOS8QKITbneyjIxuJh8/kX1rNX2kMCmeyAwHaa2EBk3JB7uWMgsvZLMUM6e9WonyvQZ2HTYSvYJAmbuKq/KZNGQE7H43hPFdWnkGd+SULeDlCokV4kAbRsGAxlRyPg9Fx0ETsSBCK2BDY59UNG1B0s96lnlSZOTb2ZIEnVZT56muc3Ajh9ahpcAtJM/WL7suUClyMjF9RnRLo2PdwKpvSVXvUsfUsbfLb+AI+OZYouSOp9xGjGC2rZuRXuElLkBsEqSahiNuYaOwbaI32UhDo85bjjowog9SljxTtg6in0T7qiRTsqHCLlpk+lI23b6fxG4kiGQXB3+coHc+cILL7zkkktuuOEGeWaLLbbYcccdH/vYx05MTMD/Yixbtuzyyy//+Mc/vskmm0CNGjVq1KhRo0aNGjVq1Li7obzCGUk0Ymg/WdvXU+zp3yooTujPFdAtGtnVpqLJ9YCdQNUMVBSp4mEpBZWcMeEYE/6Tb9c+q2l7ULzfO3Dl39He7lR5lt4QjVLIPhWSGL12hZ9mGoPEFoWCpOX4ZZeMk8TMS8aeEFxiO0/yMlBkBfnwi0PM5yvqRgnxszRZz4YcAuhKcYOnLhWOtJOWXlItXQ9aQRpybl1LHypwVVV46pJVAGPVeXEwDjKCFQG1EBnXo2VQAPf8VktU5EGTF01K2pPbjWUxIsDdACEFWF4tYdkHMEi/QOt3r3d/u7FGAuiYrNUT4uO8jLeUj7e1G/oG3tqnbFThgiOLJFh97O1ecToDsUDZ5riCLZcXjMs3QVogYUJbZzMa7Uk0s4E9L3jq9IOBT9df1CwguUhw4cHiSLVkaS9PJkcSIGRmLiMhthilo4igZJ59qK5dIccGmxC6EEajUWB4jb1kH2HiyQRhG5c8Ohp+ScbXBzIsFrto0Z5r/7lN+TQJVrWWyDUbRoMUFezaRryVdWg5yxh4WFgLLR8CjRfQL3OvlUikRByVRiSLakTGUjYQ0qGIStqzFweLzxlqUwcsURj42OlSoUqLQHrqLqjvlIsDdqpmgXqQRSpRlpUIKWebEx9xHNpRHNHqGILyKmLH4cVnGgbiPIZdSq217BLdkEk2ZRE6/kDwnCjBIybfDYLzVAotAAAQAElEQVT3zcSAsgeyhslFMcTi1HDULWnIyZOEBx+bbVtHtkc0IG07Gk5MiLyaZOJdG+EvFVdcccWpp566cuXK8skbOC666KKDDz546623hho1atSoUaNGjRo1atSo8VceomMVvVvkFcpZ5yc8NYEIAZ0+45EIfSbM6IOVgUy0nctWFrK9SK/IthIKz4TIJbIgr1AHIxayO5HWRXOALmXWSnCVFDtV8epxAZRsNbqCMocY0u5ERgfGC8qRARgjhkmJGJNNh8n70mNT9lkJsFy5SiR23Eavyhf0jpkRxBzMbiLJsjc2rEnsl5h/AtkkvXO8/BwyUEqIOCkyY5JMFz3SdhEy+ELS7EU9SZ3psjw4msOtqZ4TSaNRaI0zqzU0uMTywCSSUA5mNHFmLDyYLRdSiMKhFNJbPgFSeiAWGZGsXU/ZEjv7GcylLftj4VzC/rEYoF5qICcbMuzvD6jdQWsvg15TAbQZrdhNxqA2eMuVAPRvZt0wVSwsXxFmalOszEGZKMecp+tPADkbVYpv8z3j5ZaLeQrjWxXJrcl3FVXj41bMLlj3i1x0YKg68ITN7xXRLjhzkmDPjS6mJSEdc21xlghyE5KYNjC5FSrd654qjr2aFIVORbtIUUdmY9Sw5jd6rXgYuQwg088hEHgVY+rOk3YaRAQtrVgqjyEv1zWgA+dJj+dftr5gXIsNUnfJoFmHmwXFdFRIaOXYvGi+o8q3Sa1NHszeKVuPaUmHmG7zH8zAmZZTJcZmEJh9RzaM1vPBgmKCulbrkIgwwuu2pSQBvt2TL7bXsYZgGTiiu51MiG44GDhy0uA+h1ybEUPsnsEmMS/u3erUrYLswH7R/CktsumOvFDwghi107PT2P6A8TkvLZHzT1UMwBql/pD+mf5Euo0hNtCxHfGp+Ysg6Msuu+zkk0+WI9pjjz0233zz9dZb75ZbbvnRj3501VVXrVix4oMf/ODhhx++1VZbQY0aNWrUqFGjRo0aNWrU+KsN5wqYrP+QGs0rT1GtGRMIW1dcvj9GqwqnKrz+y6ngnioFnZDHIM6ZJqYjfRivplacqNzWJSWpy3xZXaKTHFmgQDRuI4XvShqUtYtOjE9VJcyHE0V0rShCt7a/BIkaTCoO2ZBoElH3VpmryDcmYBnNrzmKWDk4r6vh1Vs5ZuAfS2gl2QAdc5E7JlKaST0k6kkEwEVbL500l9ppWTpukFZJqCJZMdsQa1pltzL+smhcLUaN2AA4NwbcQDh78SQiEy+22yoAFatqBw2z9dJYw7lCM62jkDMQNtyK/rXbdo5saNLWMfagc/ln6rOzNfQuAT+j2xGSgHt+nBJzXsLN89of4svR1hnE9PfaFGskgM4rIGTtQujnrfqbxjxhKBsde1nqY0ouyfVyHTGhbFdsW85lOgFbd+wBpPSNzWFMJRkruyDS6BBj8nrnOZdnITkEyYZxyoxZtk/Xv8wGdlMVtxU7HTufn9INwSizabG1hWAFCZmVDwiidqHl7hFJ5ap5uIeuECZrKUVCxyQe7sTzQUTBXiEwNwtpCnBpOMgTwhJicpvrp4bPh6OfRZ3sBX9aSrVJu1rqUSXkjZdsFb9RJdjlkdPcR/Sd/kd+1U1gmTBR6IatNtS+Wei1XkiYB+hi20ZJGphLuBQQaPTqoP9wTIhrN81gOGzYuAQ/Ldm7OjgTm8vhWwIT0jOSFYz6OUPFG+1CJKSOANo3AzwgHFuT8fMHo/SJF9uwazWry7V+rY+Ey0GOiLLNLnJZyKCa/tUat9566ymnnIIPEDofeuih22yzTXppt912O++8884888yZmZnTTjvtiCOOgBo1atSoUaNGjRo1atSo8VccmZwK0nUC/8BKS/WImivfp/ijfNEbRlQBbHQJ44LQFVm2Dqb/FQrAKrQs3CuLxMUYS/4KBiKz0E/hqb7ADDDzYtfvtCERn7tJS7+DS4zbu4yOIdFQE6MpWBZr5KgVoYxEUztORXf99eu5ecgN5+NkuGHf7w00O6nplzG8YS1daZ8GwxbgO/FeTpJ0Z44Z5TkCI1756Oh9TsmrS8C3OHHqGppOoQKOWOqu0/gmaubsSJTyJhU7WDrClM4g6mmGZsnGw4iW6+8gnZoyYqEct7+1b2Zw4OawEdHxla2Uj8Y3j/OAYufmYdQRoPDiKJqNPZ22Ky7mtSnWYA/ocT1yWvPh5uRixK8iXbZxntPsypSdzTPppi7q/WmOiVNDtle90fsXqc4KIm9VWSykCn1pvzZN6BQmmSlWxUquqWkSa+3xc7loZWaPZPjrXFICgy2NUEZO0JJn+M7ck3M1wmKIBJ4qs2aJsSMVseJk6p+X42CHZGLVPCrEbdO6F905w3Oej/NdF6WQqqq+oyqknU3ZeTLWFCH3L1hCcEA2GvRycOXnn6m5dcLhaq084NE3LC4mCA2MaAkci/+znmd2CYmWvSQxMZFb8YEGGTGmuI2YYnRBZ+5IpiLD4XBA2uQgcmmwLCX1VusoxvS5pfpxJtdO1NzcUQLKzaATZq0nWI9l0AzZ/Jvl4pwJYHsNkAKJ+rkQSZzd2DkD/rx0nX3wuNUPoL/97W+PRiNs+aCDDirps8Tee++NhPq73/3uddddd9VVV93vfveD1RFItL/85S9/5jOfueGGG3Dk733veyP73nPPPcsDXL58+bHHHvvNb34Tu7fddtu95jWv2XnnndMG2KuPfvSj55577ooVK9ZZZ5199tkHW1i6dGl6O47t+eef/7GPfexXv/oVvmuHHXZ4xSte8eAHP1hexfNy2WWXnXjiiT/+8Y/xElmyZMm+++578MEHY1Nze7ty5crXvva13//+95/4xCc+61nPOvzww2+77TZ8fpdddnnf+96HD+RVfLDllluOWVf//ve/x4795je/kT9f+cpXPv/5z0+vLlu27Iwzzthggw2wJ5///OfxsTyPB7777rtDjRo1atSoUaNGjRo1avyRkRCtqe6gkNc6iNEtrOic/yuni3P3ABlYqhg4P2ngJZpbKpSoWRW34xA3yQRT2FvmNUmY01EFR5ne6hEXjWXKG/sIqdjMQGcU8MhQsyMBG5jMtWDZ41g9GoCHjHezGDgT58TWtVPaL8EHJvqD8QO0Xrqi8fxy0RfbrTNvajvqYoPEka3BQnAchSDnN6uZbRJiMwJKe8RNG1eSeOuBqjCtez3ma3uPxWHl44KCjCfcLH/Ne/Um/bbS+ThnVIrBSmd2vJHyoFxxVfQexDyq/UEf2+FaEh7W2DBJb2LH4PK9KSyU/ie17FxOJpXv1skAoDfPpbtAklq9nUYo32QZMCjIq1JgTYfJhW0LCawZIcuN+RcLhmY/hkg2EaQ7Zo92LwXlwGkaL+p7vQiHrQofkVxrLTBjdgl5g1lCyDYmf3bmnmwzvlByx1pasn3QdlWvLGyabI55XUWn/Jh74iwJJ3N3wyGi6TxsxFvJz1iXl9Ch2SBQmUJZ2SOfIp4m46C3IvlJhNCKC7Oh4TQfezt+YHrOxx7kJvd8BKTVxoMifNsJew9UoTFA8TGjiDyqC1MQcXaEtmUgLaplBO4xffi5wWDIxiNx1I5mZ2dGbcs24paE5VlXU7ug48SrjMgXg52ceY4LEfs4HCDH9jQLd4GOHceIehoGgwny3eb6jOI3opNqKssYefkQuIFosfWA9Qr0/i8CoC+99FL8jWQWKfC8G+y///7suA1XXnklrI7AU/D+978f0e1DHvKQY4455ogjjkDC+4Y3vOHss89O29x0003Ii5Hbvu51r3vJS16Cf7761a+++OKL5dXf/va3L37xixHX7rXXXtjCk5/8ZCTR+MzPfvYz2aBt23e/+91HHXXU1NQU/sZd3HzzzQiOv/71r8sGiN2xfUTbb3rTm9761rfisZ988slve9vbuBDogoF7fN7znif0GQOh84EHHohUWugzBnYYcTNCZ/kTR+yZz3xmos8Yxx13HELnsWaxQWw20WdgML26RrtGjRo1atSoUaNGjRprUcR5uBm4zEV8nE/mCSXzdIXWM0CP48aMYEMUU8v0souJm4SktQsFmk7w14hFEnfxF179Pp+1xgU91/cXUmFtNEGAAtgkqmrUMpqS0H6DaR1hzoFFUzGm7/5yTJAPo/eTn9QD53XZodNBiBHy8aaikDoO+lIw5l0eGCvcSiVyGtSS48b+n3rcPZ2ji3nEdThd0akYCz176nCI+XAIyrD3qajaYxTbFPMISOr2Hkr2IgN0xpaKyB3VZEGv+/kYx/h0uUE/XJkhSSjP/nNmc9BrwzaF+W+G+cKuPRdzHkFLffZ/1qpYgwF07443M6F8C8be3aX4WYSvoFdATDNUvoPTjQb58nKmUO61q4rooPOF7suBLRVgD2WBcV3bIb2anZ0djVqrRkpkEYyhJxLNwNkPhxPDiQminGp0nA4kyn1JLgxtlwwdmJNK1bsgd4vgXZ3XEOC2Le6dFMFCihkTA0jxulbQLb5L2LHobRGqUo27NAUEGBAqHQBV2KPOkLeyR0Q6WLRoEXaXfS2cbKM8PUj1woZXUvDgBpUoJyBPRLYlzw3ksMPhEAeADiUKnqUgbs5oFdiFmWr7cQvkgDEgh2RHTspURJHrKAYZfGTHLf4ZO+zOgAC3QWdB8d7ZtUOjxuyXTiGOLtdLdKxnxsMkb258frZrZ9tp5MdU6W92Vuao0exoenqmHRGX5xFm/TS+hdkzdmvIZRtZL86f3FJTMUQXouYGnOsiM3S2ucaeTwwm2B27mZiY0lNBm9GJVNpPVtqt43fJyYpUD5FMq+0iVSk9PhlDgNUaSH5vvfVWYOnuQtvgaG+22WbAdBVWRyALvuCCC/bZZx/ErI973OOe9axnHX/88diBSy65BM+4bDMzM7P33nt/4hOfeMpTnnLIIYccffTReEaQGgNf4SeeeOL111+Pb0d8jC0ceeSRiLNFE41vxG1+8IMffPWrX0U0LC3gLj7zmc/ssMMOH/jAB2644QYczPPOO2/jjTd+73vfi68+4QlPQCCOu/vVr36FaPuuO49tYj/POeccGTHsxgYbbIB/4pP4kozST3/6U+CxRdyMcHmXXXb51re+hRu88pWvBKbY+OdYs9ha2Qi+K0HtGjVq1KhRo0aNGjVq1LjbEU3JpfBXEQtAWmxcItCk7MuLkkUI6GJPXuuSzEveEVPROd5FkEXP6vjBZtD0nVe5a4Y4qnjLWtSooNIkacoLRQasIjBnC4a106V6NSbiU2gH6ev8aCTrp20MFB9FVcIJqAxZvRgjlA3rEBgqCgrcIcmFlTUnlOQMP+GDRq1LksSyHEY3n7BM0ZNz6XikMT2TUWBXMKoN0KPG+bHkBHjPouaLdqZDzIMR0glJoF2NbF3ICmbySW0EgtFCdz5s9fruEmGLUirMmLUCPO3jXOKcH6VIz8f5WPBc3DzPNuX1YM6rejya0Bgj0Hep7FMEM36lAZiLK2vDV782cM2MNRlAu5RsS/pbyNOAYOokuAAAEABJREFUWmkwCxZ+R9XzbA51LpkbQFYXG7om/W3Mk20C0bKOwGvSjMAl30zBcn5Rblr2Sg5aoy/k2cEAIePHBu9EUzq7JFhmDhmdwtpOZsM0ZQgdJlEwTo7kQ+zEOJopJ8FupK1ar4+RKgTHZLoTaBtCmnock1dxVO4YTLM9ReMGDRXZA21AStzxp4UPQsNpZLz4Eoc24DQ96yIXS8xmTh2ISpdnxA4Bc8f+1FxckYiwiLUNAkfo2IAn5ImeJ4UAVMRv2Hj8GbDEmXooq1l4drQpnG2dcWR8gweAALiV5ICHRuqrSo5CigzwZwE+QmQ7ImCPYDpK3b5A2DroB25UzK3XAuHjhl1HyMKDj6jlidoJuMcjIiEzGV1HTl6yIzNfjNThgecHVLFwYjiIXRAnE84jkIkHvnOCBsXJhccnDdF/oGPiJ3Gc8beUfJApWS8UkJwD4O+RMHC+XPiagNU+yQmuxVh33XXvYrP11lsP7t7Uf/cDQe2NN94oj7faaqvTTz/9LW95C2csKDAFsu+++1KmgWP77bdfunTp73//exyPa6+9FkHtox/96Mc85jGptYc+9KGPeMQjrrjiil//+tfYz3PPPXdycvIZz3hGagEPYf/990f6jNvIM3fcccc111wjB4WbHXPMMZ/97GfvutAismZk2fhgk002SW4eRxxxhHhu3Ote95JnEGTjb+ykQOQDDzxQnD2e/vSnI4zGB0mInSI1gu3jXvDBL3/5S6hRo0aNGjVq1KhRo0aNPy4yUyz+dirMjbEQQDs109StPSTHaJGPxqxdE9AYQctDKQxRs0uhNsRoWQFKnKbgFKVEkB8KGWQXBNMXz/mmKdCVqjJZ1a5ep8sDtG/8UfGskFbny3EwYZc8Kr7acg1D/TIOJXBUcmlQWwfD2RE4rwvZFW7aWnbPa9ANvDoes4LDck/5qMTVIg+hoiX1b9YesHhP14EjQiHFowdrU0EZvZePPIi0z2dEJrCkANYuoWpeZQ6GinnZuQx5o1o6zzK+pBqPwrb1GZdqSDpd3w+iqpRijNJwotwJTEcWEMpbsrpUGpGkhp1RzSIQiItK2KMInZ048dLhMl4LCwmZ+VKMKbcg1Ljk5pCyF/liiOr0K5ec611kmlywNkoGrfgdIiywuuBvONZYD2ibEQDEoBkyLAYtlRr7f/M1Kq7FLj8BmsByZfLK9lCa1SSCrNMhvyHVK7WLVAqG9pIymiZ0NnGqUwK0LPWVWUcU095YaVSKSE9JtcAi4QMyWYDuQNOQfCfIrE5AN2qHJOcYdb7gkVC1tb5mB0uzlDgy8xGwDz9/ioSC5KvHBdNnW1oiWUFx4S/mhTQTc7XFWE4Tdp6k2IAm1gL5I9uc4nUWYgm5F86rczLlPM0ZiH8R3Tb7Y/zdEuwm7Osl6ReDnlvL5RFxZ39nyTs4cXZuNBEBWnQ2iuGyDBC/36cmAo1JGJD3MrYwMqsTElnLKeKdgH4q8Sh7rRgsmU5nIxnps1ZKPnrXiUEHjxFxfwdSBzJwMsDZdObsI0fH2rJxmviMqvVGHr7aCfT6668vD373u9/dxWaiC57XH/lPiI033ni33Xb7whe+8KQnPWnbbbd9whOesNdeeyH5LfPACMQXL1489sYVK1YgMcfO3HLLLYikRfIvgY8f8IAHnHfeeXggW265JW6DTPmqq65C4py2ue666/DJ//7v/8Yd7b333ueff/4rX/nKjTbaaM8998Q/H/KQhyRavVAgGt50000XegaPpXxJMDQwXB5rZ/ny5StXrkzjObfZGjVq1KhRo0aNGjVq1PhTQr5YKxd09pxPDxNvNoKiPFe/KEelKhGyqjYay3O+QDS8uWpLhSTwF+OkQXPRAJ9U3dO9xIR1FIXGvDOXLKOzcNq+9qeDU/CwwFdjM5J2hcpaZXd6ePqs9tHwC2hxLwUlxXA6wRZuTDVrhMolIq9OolAcXpYB52/5YIflzF022j7tvYKnSmQkQxTT+ZSTIiycLE+LpdIK2l2SX+cznlTrBriiyuSD01MXRVcoQ9ZXARvXBjcXSyQ2lqBcOr98RUUTJGs7ZdbBBtY56CcioionXT4yHR6Q86+XTT7RvY6Vf95dKpxGJl9g0fap5NBlE2oZXeOW+YhhbYo1E0AXV7FdQ668kNJlxlDRsdNDmtWcvcWQostzYkw3i+3JpbyXTSJ2cenMqXuLzIlBbzRgTyJOLgXbBZk5eNVde5m7HKigOuYiodS40VbX9et1Om4wJiGzIWB5I6Fq3btNu86mLFuX4tUc2YsA2rENsS1WUc8d6bz6VHTR2Wh3IRRybIayCbyOTSqSgIySotNnGKZrPgnf3jC4FmhLeb1OFv1INkyzBY5NKPSTRgr7sf5arKDBDq4VTxCe77pRR6piRuTByyenj+xCJKk3YsbQxnTDB64xCLxpk+cdLaqrHzNkohI1+WnTvCUjgG2p2fEosLMK7W7UjiYmhsByddz3cNA4m5CpICRLlYHKGw4CWT+z6zUfoSeTE2yhG822w2bAPi3cD00oqHJfk4t2sh1f5nKQfEkQY13dDhyk/N1uu+2uueaan/zkJ/vtt9+8BPaXv/yluB7jlrA6Ag/kyCOPfNCDHnTSSSchpT2RA+ntm970poc+9KGyzdTUVILjYyEOM3cBi5HtCqR++9vfPvdVkV3vvvvuH+O4+OKL/4MDcfCLXvSiAw888A9i6D8/sHslgK5Ro0aNGjVq1KhRo0aN1RsqttPHInvSInKuxM+uIIWQS+AVurck4FOamFTNhnuj6b0Uejiwb9o9oqgEOD0GcweG1Dwo/ExvUQ1rRjxGKZ1p/cDUi0nT1geAWdQcIUAxIDwkzGICaAPeuVB0id/EffSQVXfpAISdJ6W0dpel0PrVvkCqCp5ldItRMILltHZVBKVSUUSPDlSmrQ9BF4U7yGA4Zp4m+kkF9MalxsCu9scpA2INYTJSCDGr1Z1kFaJeP1asC6Iph6OpzBPcdpCA9zycOpaiaEtVxNiD+9GQroMShEVr3yV000ufyMjD3HYK+H+3It0PQYWxUPLnssCkvhD7BtRrW6yRANpSHnbfJNqsrzq7LVls73gGiD7lQlws5quY2bVqcWkDrzMcY9CFO5FzMXHOUObsVZQVJvxn09ALZNaAcHXYdck1IbK9smSuolclchT5M27Tw9DUQBZMy6qEQLCaXk3+7yAfGQJq+TAaxd/0r1Q7BCKe7AfCCzusLgDnaXjqCbaggzgvjw3ZaJCHRhMEo1Ijncu28Y1OwTFa+cc0+yCu1goD3CXHBtQtgloGqpJNo14rqBXC37EvBi2nEFtt+l/Hxh7SLEJaddCQjBwdF3VbvJx54KgiK1mlyAoU3E0n7TON5+tErhjscBtaPQzfjHDXXSALI3w8uwpokGkP+HeU1AKfeBpAWjSEu6QRiaMgxRUDPWw7zgoMALuD0J+KTJJ0mpXdsuMw0nbwvTTSjXwmeDpgz58qJOj2MhnKVMmOzyQFx710HZ+GTsz+I/uwsNQ3xr/EdLbLLrsggL7ppptOO+20Aw44YCyve/vtt3/6058GRtWJDv/5ga3ty3HHHXdceumlyH8vuuiiZcuWffjDH95iiy3+4HvxdNxFtUAEu0uWLFm0aNGHPvShDTfccKHNHvCAB7z//e/Hdq6++upzzjnnq1/96vHHH7906dLHPe5xsFrj2GOPRd4NNWrUqFGjRo0aNWrUqPGXjvEvjaZC9t5kbi42fTZYqoAhAZOQ/F0NWkdZBx6AG3C8vtwZrWBCknwvosFN3jVYvS1I+NjZY5e6maChWUIn9gJj6sT5QuS5pi82d4qCawMLA62VcUGzGTUk5GPEV1RgikRkGGKJXU0KzYYQqr/zGdnb4YlUMajVsrk1ZPau5g4utSrQhcCKiOZ0cbZnuhB0sD2YGwYPv2oaBZbyyWpCKIbMGVUwxAOyoF4GLm0Cxl2dAd8s3bSdycJ6SOMkkCqTvXJ0U77C/hTSA4WUWK8El9k2se+OfxBIDUoIrMC3Ua2oyauzpLq8XPrM2Gk6Jeradhf71Nquhfw7X7ea78gZiLg28uY5sWZ6QLvMjFVTSyLnkMqnWlZJbm+vC0qi3jlW7LTIsNmCgpiTZjah2N2WLhlr1iYISwCqMjk/kUyTZIEFQcecC4R0q6v8WfxoZAMhmOz4nBNHkO40uW/0xtbcpCipJf3lZLoyubXZVjvzIaLCdUFwJ6RcVAL3TuYmB2oBwVXxGGtGHUUxp9APJDaq5vCc6tNDl254EhX7KFpndlNOkwu9gYoWevLl4fyTnR+t34j7xREctd1oVgoMWt4ghCF3T2ypnM7bnigzy4q583pC2QhIpcNenYaamHKnUX15GN+qJHlAuuNGLgrJAnRc8JHFzcS/XVouI9dPF1WPbDMl8esBQU/OHGCLE/gc/kU4O/a027hj3FKmM5GTk7tKK0bivflJrhZ1b9FbwHHZSc1/FHcGfsLAzOxsazX6VmMggBbme/HFF7/vfe9DGC0fsatWrfrud7/7jne8Q6oU7rzzzuJN/OcH7ggh7+mnnw5szYxw9gMf+MB+++2HMHrFihV/8O2bb775Rhtt9KMf/Wh2djY9ieflpz/9KeLmzTbbbHJyEjdYvnz5WEXBs88+e6+99vryl798yy23HHLIIUceeSS2gDgbSfQRRxxx9NFHwx+yIvmjYtttt5UHyYujRo0aNWrUqFGjRo0aNf6yoYu9FVAkBV0mon3g1pPoQiInoE6eCkTMGJe/kcvm7KVZ4uPEnEHWK4fUdnCm8ovKeQHs+3ZCj0Xv06E4Nb603tkmJuR2vWNM2xRfpl1R4TDzURkfAT56XFpQK6a6fVmlGwsqCoYhlRZnTi7HQUPQSU0q5VQhpiPWXiQIbugr9bzUKJYQtxAgu5LEOz4IE1dnLCXoK0AoTkIEsM5E4TnW5+zPIiQlqvBZGZuzvYrTNJ1oZlP5ktI+gsEjKUkJZVnCIoycJawLecBD0uiBEfLyR9l/QwJOGyAVaSdGHuO8YDidvuRxni6GOVvK866XFbBzXjbVC1e+eS2KNRNAGw4WihjslKb5IeWAkrO53O08u+klXtQgtdZ0+sgXRzFx9G71/q3tIJXO1GlFOWmMxbzAJNfapOJ/+KPzgFNvjaCpRF9CZ+1JzDecYWvtnOzH5gZ9v9b5M0isuxEndiScrLx2yU/HBtVU5U6NoFWUDJCyYyR7JtnyqJ0Vr2ERLNtwOGG+NkG4It8T+Xh1LQ+BXP23kTqoBLmZ7eqE6GytTtD6BzYHsrW8fjBEpsNUCdEmbbBSjmMDSFcB8W6qFtgMmwHtK2cQtK9iGMSScPqIoQ55maRD0wycmbhAXoKTP+I42dmR2JlhPdFzJuz80DEGDzIbtVT7kF8il5PYaJYSGubbUlkRG2ZvBxeiVgfoWtZPs/8323eYjQvnKD2nHFwy6mY/6Z6102oK7NhznvMcsYO4/vrrTzzxxOgL4/QAABAASURBVDe+8Y3vec97jjrqqC984QuIoWWzSy+9dHWVxdtyyy2npqbOPfdcJM7yDF66+HhiYgKf/4Nv33rrrZGGI8X+zne+k57E7l144YWIkrfZZhs8WQi4seennnpqqrJ48803n3zyyfjSDjvssHjxYqTY+Jarr746tYDsG4dZyi2ulsDO4JHig5NOOunKK6/EB9/61rd25sCeQI0aNWrUqFGjRo0aNWqs7jBN7lg1tET6knwsP5k2jMXmyvfcmEwvoUB7TdeQM2nQ3eoX2LIKndFDY6NKfYtujAFYOxZbma2URp+GJM1NfNPgYzDcYy0aqnYFcMyVAft8095hwkB9pi/nTcwbEtcu+gWJnEIaZhiPCHk4YkyAJ7VuOkMwRG5izLzDJNyNJb82gByNLHV5OIQzRYjz9CiWhwcFcUr7TSg+5s6mUXWQEx8ARe4jtewsIvRyHhmJKXrWVzPTirF4NreXROjzcuCxv6O1F2Psb7PA5gCpiGFMcAnGtdLGHbVDOfOzNsUaacERy0RB1MvMLvWU3OJQA3sAWyXAp1ySPaFIaeX8nXPlu9L9WriH21VjiNXJBtaRfLUDIUiv9xLfi4FfZnJLaFFsNGQq0oPyqomee7D53nV55o2WYuJJvPcRwceZM0Lql8NzLJk2xDiwiqtU+w709patJIUF5BFNFFSGNpqmG9/e4qXTcG1VhwSZbSvYUkJ0xLI73i2nvMStumU7C1d+KtBAUvlBZtHcXWqb8wRRuD69EqGTepCab+DpkyNQq+1s25FtCUNt532RJIhCt2Vcxa+jIQm0m2XDZJkXyFGD3uXkxKRPTCTC0cTNg0HTidoY92TFfEEwONNqzil0wwnmz+zc7NVv21mNUy7YSGUSuwlsjnmx1BqUmpOkMXekgAY213Z85RC150msZRuWhtTrHam4gWg1qH10lK5wViOI5TlfeKsfQGNsscUWr3rVq0477bRrrrkG/5ydnS1r9+20004//OEP8ckPfehDhx122L3udS/48wLh79Of/vQTTjjhZS972dOe9jTkzmedddb3vve9Aw44IKmG7yJwVA8//HBkx8uWLbvooouQ52L3vvKVr6y77rovfelLJycngS2en/SkJ51++um/+MUvcBfT09OnnHIKHtTLX/5y7D8O+4EHHogI+zWveY3s9LLLLsMWtt9++z322ANWU2yyySZHcNx2223Pe97z0vNIpffdd1+oUaNGjRo1atSoUaNGjdUemZNlcAnGKV2JFwSB2N/ZVSL/kyCMyRzZSUK+cwMptJI+ThZMi44vxKQtjgWATfhGuICZcphsugC9JkU05ZwXa2IDNjEba8REmAHMv0E6zv2JtK5acIv+BwV+h0IEGZPi0arbuYLM9JiivM/Z4YKNZsGs3BywaeOUQXMm5yXLlt40ydYjIEkAWRofzZPYYFQ6k4GfiInCWxrCZJe51wDFSe0lFVwuUKiU2ul+Sz5uRxFcPsyMxV2Cy3ppQYy2nj17dxuqK8aobN/ZyNgQMb+RphVxQQZ8c2mv642+K9qRGyJfqMqLnWUyigtQ6WGcA6vHzmvMmzgdwsJpfK2INRNAi8O3uZs7q0FKr/USDWa7oepQ6IpZxC7O4jIkiMoKYlH1FlenYlORMEvFN76svXlXNN6lW8rqixImJOMeWswwBpTZnsI75sD8UmP94h13XZduqiBl+sqsms4RjkW1dJ/zxO4hZ6602YbchgUcM5WE0EaVPIvIWuZ+z+URdXecQhOduIh/eQlMSJ0v5kHy1iEMyq1RNzBjhsCUyatwatITNzJ/kCrXxc7rGOu9y9NUp7OXUGb+jz+F2qgSY3adIEKdTXeUiVO5v87jPNu4ZsBvjmO196izfKj0CcPjRANFp6ZzWioWrNQhPfY8xRBxpkNotcqjVA0UKk0v0YHSOeILMZBpuOxFz07A846MmcaQxoDeReealx3hzgauSaUG5HrmD8MmZ/4YxadUIRlGM6uWiwBhdEMYmiG1U7d7sqXmM8bZZOr/aPSXmsuWLFmCVPf666+/4IILli9fjs8gF954440R726zzTZXXHHFpz71qbZtP/KRj7z4xS++973vDX9G4PE+97nPXbp06Yc//GGpE4gIGB/stddezrm70wIibKTh+Pbzzz8fKfPixYv32WefQw89FNuUDQaDwRve8IZddtnlYx/7WNrFO9/5zj333FN28cAHPhDf/u53v/sTn/jEzMzMRhtt9IxnPOPggw9Gig2rL5CDn3POOdix3/zmN/LME5/4ROTmUKNGjRo1atSoUaNGjRp/iVDwkRSfUg8KIElJS9kd9GAgQxYXe5TNJZIZbR26EUUVhfL65shVj7QxD6qDU/bHBANcAShzb2PMfek91mdyCS87LNooQCFPVroCiovk8JS8p2/gQhd1vTiXFXMiO9Ov7A56qufUux4bTfhTinMpgVZRoL5dkH4fXRbnxBUMPHFWVyBSpcYG22NSXgqzsmP1Zi3CIkGSAObx8B4MnXsGP2JjXbD0PGgmW4zm4uqU7TIuAyFRcu695B44vWCct8ds9YhslNKRWaHGJKR0YyLodF30Vtz3h3/s5GQhfey94Pq69cT2nXlFJ9oYLRdiav9+pJRFD9P3zmtWPdsuIa5d9BkAxvMza0TcY8ttICYLBM9HwXgZIGWiIN//olMVI4do/r1O7/uYL1udI7262GfYKgRb7NYh3eDRtvWgK0c07UNv74h30isCdiMUK0aAb2nCygKKuWl2eBA8ThNuK8zXKxcllCkuQ94Cd9V2o8gi6+FwGKUWXcfpLMrbieCX6HDXkjRW0nKJO1OirPFiXCQVAvmHzH34YHT9AOtt5aCDM4m0TyYhuHcnLhOaihO4LSYQ2Bbi5wHbXeCrSHBdcPY5lW5w3HtH0l52Lk62JfhmHIKG6bYIhLEdgsN8pibJOpq36WLbxVzyNZVcBFFRd5rm5JubzDcG1B/cctX0NE2DCK5BBdKRp0vm6XTI2HP8k5w9OpA5TmxCyLKZh7QjX+jgCK9Hso2WAobYWuMGvplwDWm58ZrggoZ4fXbtiOs/Drx92EmfcaRmqUReHAyGshcp+CC5AfFlGQ6G07Mzcsp4CidLkMFw2Aw97mN2NCKDaRpg2oBMtcmKxM2O2h/+9GfwfxE/+tGPTjrpJOw8XpmHHXbYPe95T6hRo0aNGjVq1KhRo0aNGn9N8dH3vwOhwaChH8cLlrnsUeOl+hFbUjozE5bqUlKFTp1OvfpeyDpgqZrkxIlSFkw3A1mIjG/soJloJmI7u/L2W1fcfOOqlbcpQ6Dvsq3UjWJk01MKg9kyR1PaukKVq+A48x+iKDHEuSg5rVw3dOyiYRqX9K5ZlJzEhdZulAX07K1JhiHi2EzGqrR62+s7G60mxZDK9fhmFtIZv5XGQywoTQhJqYZPhtxEVCZtCYGsmCwIp6zBzrSqYbUisN0JsgMZJzb55DHVN/POmaPQQblO/GLpiOWQXUwbsZCu9L0G3rITkaUBIVlm7mzoc7dLKsxNiJhSlYlmdyqGqgVKhjmacmcNasaCBmvQTE1MTk5M4A+iEtdztXWFPDnmapl9+gwKsu16Kl7S9AT0pes5rOVogNl2qNmFRATTtiDHSPHgv38krGmx4447wp8Ua6QHNN6UAWdChoZRFMcuqYdlk5y0U01wtFUdlvhQtGybO/OFAPNuAUhpLU0WmS162pE26ezt2gBVbqU7jpim7NbLywQj2TSZppKos4rhZL5HGybWUd5DVHoQo0/3mxnJO9C6eenwWPcaNUspnwG0fiQQSuaXnORvonk0Y5OdmE7zoTGjFuMlayxNck79L2yI6D8qkEgH6LgJz6bRLG32cgQ8zvlzQaYNSnNanjHlsMDqB0oCQN+rBvsg2F1zXGSeHGIj+cOop0NTqfKJQ/O1gn761GNTjkZ++MMQN2lH7FPhNJsY6YMQGyZ6rzs0uyN2jabPTSLXE4Ps4E0fkczX5bLo6MBoM5nm+HBpJKXoIae1WP4M5u4NAbReAb7cglo4d5xCAAdpptScIgHlDkyUztL5hnMcVKER53psu6WzJ0lUz6uc+K74v0st4Xz0/Oc/H3szGo0++MEPjtX3q1GjRo0aNWrUqFGjRo0afw3hFGiCKVKL16IRWHnBlfLTgqelr69gemkFAoJqogEOeVdg0twlYw39Yk4bhQhJxRptD0mIPafftiPI6kH6emycRsWD2orLBa50L+OHm/lQzFtEKLFG2m0cWx2ukRBNUkYqwY2lohxcEuUVZFNeSL/5magWJUXBs6K75QDZv8H0kkmQKevMA2sMg+IiMC2u00pp0bTLUuhLALVS4AShmJQo3df2M9l1+ah6iDYmtpa6mgTMcjW54rjkrSErOHmJd24qxoImSTtKhhIcs3NivdNxilD+GXvNlX3KF1Xeh171EYpDKM9+PhWGJ7M0v0yGFNsWNHJtijWzCKFMY04nkSACaEgTSe+2lOuKJcdUgDO6PDvZjONS5kymEqnfZkka4spgoul0+USt0qmF+py5aiTQKh5CQf2NVEMtqJF34wGS7li4K/v1sCKXbzFmp9CUcFZhtQquS4f4GE0STolGLkOIe0E8ialEeXsUO2fOT7FclhNVfHcEJqotQ9UAqcKpzkJaapCPTZCujEvaL+0lcNVUPnJWIeuQSjtCvUmkyxxcPlW8HQ+2ysfINDnxf5eXfDgF7mxK0dFSHc8HwgxYbt+gI82OyfKBY1J34EJ/wEndAT7dtsx5ZWoj+wxoIYywbejU+UOuoSC7JnMVSeZ6XqvStm20ApLMpzXvIClifGV2drRqZmblaHYWuyv7167q7MNDao7+4kTO+eGQP1djOmcyfwlY914TzES5WZw+M4uAt2XZO12mjRto3jGAWYL/n8VOO+30whe+EIcFR+zSSy+FGjVq1KhRo0aNGjVq1KjxVxXOJVhWhjLdhBljJsvj24GtOIZoAlCXiFumxKBiNIYo9J1YXSlE6qfffpWuQEKcRlJBVz1DVpCaCFG6IeuHDfTI92j5Og0CjmLC6SCoO0PHYjSUDiXqnZixM/6euXUsebseSjReHFnjCpBIZP4Z3zMTeumqUSnlXcI6bEy0D8VZMP6V4SiEhL8zyeXF+QwhhJz1CbHC7pjYDQmm2SXaupp6Q8AldPNAV/5HlvS7NFKJ48fgkqg4Gr7W7qVBpMcG68Fgnb0nAbyS+oK2ILzJEIuwoRBjprzREHOfFxdEuUAnqZuQDi7mI+mh6P6W+uY+iTTOHMdfS23MuaX+tmON9IB2CpGlZF+EpEVNriwEEy0RE+zq0IUbzm5RMB+btKwhzyf8wJI3ztlkVd4Asj+9f6JCZL0hgr4j3WWBbYec3Qh5GpILmZZXuODEq6IVY44o1QpDzK7HKZMjt5hMUSAGwLyWZDAYKK4VOs5rKJR5MvWlaUcSWdhHz4UDyTsYEXArzvuQ1wiQxhap9DCy5JiEylnXAAAQAElEQVTMpEHalBCjagbqLVXd4/9RB8hKwrNDdUzpKELeXUdLeLjmHh3OgOrosU4X903kmJNyau7NmS7yG2nM3YNFwARiaSs6sC6mJRtBU174dBPNzBrf1BJXpyFuyPpCbLLJO6Mj12k2g3YpnygLXYJLFwbhZtIqI54eEbP25ARN4zcYECweysIk8gIBrvjnZkdL9v2X44584n0WTwFMr7jmzHe/etkXf89nhATLbWyRdZNw3+sHRZBPUS9jO+CJiQTynBEmWxOByJygaMjimmX1TMY7qr5IZ4c/CYh9D9iGfMQ+LHql/l9nl3bcccfDDjsM6fNqLNZXo0aNGjVq1KhRo0aNGjVWS7iEBmUFrQEMZgNcG4p9MBWcuLlvz08b5/AFGM7lAZ2YCgtLZdocDNkKNhSBHSNTfL5JJAHY9TIjFEMzME93YhSjDMYpWt5JOXe5PDgxH+cKl14HfRIf039Jq+oUXBet8HpleUKRC29HZaISmRZ8xUfrjWS5XNMsqX1dwSgNUxW7W4BV9ik64QImH8RaSBdZHk5CZDlVkI8lai1FORNcRIwdr0nEyQPLUsvAEK6JmWU547IikBTFpBtDZ7mngu99osK8np6fDwzEII3G3cUZmsQIKqDP+zTpqGYv8uayi+CUmKjCEuaMsGUZ+mJlV3p2uzlXoR5Yalmfc2ptHfvny61lBHrNBNAp15LorFzGdvIDFMkos7QwPS2kPFvxe8Hg93Sy216uSS9nrUYIujwhoeFOGia0SNkY8fUV8psUxJ3zurTB850Gsr6AdbVpHvem0MbHLbHFwtlCPyqiyZSdSHF5omjFtZk74MThI7DLBO9eyK/Mg1H8saMXe3VI5g1Ik7lj4gHU3X+Plz3zuY995H3us81Gk1PrTeUxmp6enllx7S9/9uNvf+kLp59+6e+MlxPkZekwL/bQEo40MXQ8m6jBMVmMWASb4iPop0FLFDjKGA2HA9AJkT6WvMjJsbnYle4oPKj0MTnbkSkzW1QTeR+NZsWKZRQ71jXzpdJxDUNypvLRriZJagA5Kfvpmbd84cqnb9+/Kq45daunH70eHtxEM2j5k3I0O7vjm48/6unb6bhMLd7uaf/8ge66573rhwi/RzOzjuA2T9gNcNFCTg4wnEfOz27XzMQ1S8lJStqKGhf/rSDwP2pRSi+WLEXRB7n4omVo3F/B+obtOKBGjRo1atSoUaNGjRo1avy1hqp1NZKJgMCDvkw6b0aowzexj4YJURo7oa+zJHzm0k6g3/HNXTj6YGuzpRibCp0TNiw9HbKEWRW7WhuuPAbxEmaLD5HoiUe1dczcLuwoXKlEVMo+LxB0uhheFmCn7cGU1AI9XbbcVA/oJBiURtJhEYYPPiFMEZn1tjauFcx1VOSN/d4pu4bEgvTkqKuGlMXTwTPSrr2OcQzfq+wbbKx1pNXpO40uJLNrJWLBlJmiVOTDUT/rYGvKi1JqBmILWw0l8gkdO1kmjpdNcMUJVkDsktA5P1lgdOOEsru5cFiuHD3pWloy2qmau2W6HDKBjH3yePeD1avl+Rsj0WtJrJEA2nJAlsSRmynlVZzdLTJjiqY1FheWs1fLhtLbbVpTQ+d8jemrMRYCfJdXO+juihSPk0mBcbim4oLIdkWkrLMDUcS0msAu5pguUSPL9nqEVBdUdwLlHSjb2t3HKFLLBjakHuY5gaxLOj1wyT5qq9xoYJ0wNYcsu+vaLXc+9FVvPnzfHZeut8D5mKLY/iFLt3/I7k995bErfv61L3342KO/+DPGoyTUdZrl01mZ6xp4+Vsd7mk4RH3NnzhktxHt2EBTmCAKcS/lHqlZdSay5RlqQeLlY0Z2Nmi4HAKD3a4z52U+/8x8PdlxcA1Fy4xSwsClMQfXhXknhqjWKXxi2ra7c7M3vvqp2031x2W7p772sKMP+PCUk5IFcsghyGcXjXlow0Nf8bF/fkL4j/1e8vlBE52Yb7h0DUgKgY1PXOz0knXqgEK/REXO7TLWd27AiVXHQwQ1atSoUaNGjRo1atSoUaPGvJG+TPeJpKEGgyDyj4HpHviT12JM2+lrrmgpb6w2wsnLVNmKaJ1NimoV+hSUJhQu34EVVtri9yQs1HXGJm5zqUBTTOAakmxZmVCfCy8gTYz9xm3ADGL3WogCaVlYFkQ6lhhRVrsxr1DMoQLt8gT0RjOvx+93T96bLJJdcQoVM9sImmYtuuT17fqn2TaMiVokwp54v+BpXrEe0zbqMcGt8lJvxsehV6cwH5MiubFiVdFk79pU6qYVawTJahQXaEy9T5eZsbvE1eAuzqiLPeYs+y2pclSTAS1amdMW5fX+h0F07if/5eL/YZ2uv45YQz2gU5pFL/hi5oh2adumlq5TI4tot+oC4cCVqaXyArFbS3biQNcGqBm03S/5XhZFsvO5MXYjCkaP8+2h0lYtLAj9Xac3x5jM4SGmydg+GMobLhQYHEALHoKWrPXOplt1qY5pQGw2jVzOtB1t9oQ3nHTB+Z//f89cmD7PicX3+YcXvO/sy8589wH3nenEqBrSJxqlmJgJNykVOGrZNYIWq2jezsyn6ZOJ+ytFB/Ow6meUFJ4182hC7OTILDlVmqiEPjOAbjR/x/V5B2xYoTV6WSCtsDmzf7mk2MMpzD9HyATPpwwhdjt6zL22mZvNGWyz/bNnEU+n3EE6223XrbrP04867YKPvni3rTawHDBP1pL/TVUKOYnqQWE0j4eePTloMVIBHVsehAEdolqd1KhRo0aNGjVq1KhRo0aNGnMjf9c1aJK5swJNA8fzfS22JdmprZiajSYSgyw15qcFeoQeu+yhD8EVBZDVTZL2z8wyEm3OGKjEjxBzf6JhovIoevB43sGJBQAq35d12foPPyd0RTFRNLwjxCIkDaMWXowFDhLloNFyKzbGNEDl584VrNOGInZK7uNCB+Ficrt2tlV/yAuJpo6UwNVgzUZdiJ2UfIqoi/EUSOvYFdQnupUumJArHEaTQObRkL/KKycxtRJepzbtmnTFtRcTs0/NAix4Xt34a3k3czdOg2ZXk+tvOP99UewpFtdhvMut14pYIxXQaT7TjIbIajmDBgoP+RWfEhTCPqUAobbh5lyQMbljFMzXEj1p2tN7RJTFBfYVjxpn06KTGoO83MCHoiKcbEj+Cg3fsAE6WxwhczToPg2Dx4TV6ea3tRP8T0oI2mxkd2ZXXNlqtCSCa5vF5VUvfsu4/0YmcHonj6UL7RbP+fBnjnryvabgT4rF93/627786P0/+trn/Ov3EPmSgJk9j70syfByykgejvhZNb5IUgmbRvHpjuQfFDWR17FqmArasslSBPaG5oUt4tvB+U0aCzbGBxY4i/BZpcIxEJqVso/Abs88DNxOC1GTqcy9TbLOHwoLUVzm3GE2xJYKI+alKHPDnEU0qYjncNRu9tjXvOuNL3zY0kHaJrILlmeNfOjEFAmfbnR+7Nhaw1MdRZKNA6va5br0fEV0wF4nkvTwnm2rK4CuUaNGjRo1atSoUaNGjRp3IzJUzdrOBILNIEFXnBuCcHNRn0IZk8yBEmNxpfCyAlsXYWvgV3ny6mCvToUp0rwXwSTzW2UyTpVlsuhZiab4Bau0zuwaFJQUrruir41uXEp8F+SxHB4Wzqa19arTjWPHzSI6Xe2uQ8ZvU/Si/NMbdhVCrM3rMZiEz/IByUYkqqKRCTEYhhb/FCgl5IXyN9Gtvr43AVz1QnbiXMt2p1TQD6hfAVTr6bRamOcqXHHu+QbrsOnTo7I1fhycVm+jVvPom/0FlM4DGdglcpVftQMsT5helQbq2KqU2c68jCbbBYjGufBxyYQN+mroscONSXttPYzFjsb2WZBETWXMuf7WqliTLTj0YgX5L3hxv+ENoqjqHZgPbsbOLpdPzZbueqnH/pUGJsXP+416E+pVY0J/8qhhn6FOszp04bMmOjQ6J8qbqbgc3y4BCamAaScqVscGGYgN27Yl0tgk3a/ekZJT0nkoJcr0eFPeLE2wonhuxtYEqAMEv9oMvJMJkj2oqRght9KGbvYxr//S+16y68bwZ8Vg6c4v+/jXtjr6oNeedr1Xm/lkmj3gYxHbj6grcOR04TAGVkgP5HlLIng+LuLTDTttkD+GJgjtpAukDzKLyGwi07rHUcUz4ZoGPw74XR1w4UNNDziE4DhYEwSkHZ0FBLjip7yABUcQa++OcTkO4PCbv/z1G3Z70Nj9NP3rqz7lYIr4OjYZeb5tH/XaD77xOY/eerLfHp2WAXN5Lk6LjweR6lI6AeZInWmgGqukywhfkpFsBc01FNnsios2unbUVgV0jRo1atSoUaNGjRo1atRYMFRAa9+o2WABv1YSzPB+Lqcthbhga80XjCSAE6jHWrykZvXOMHXRB/nKb2+GRHVjZi8ZySppjbZcWoXW3oFZJ7ueABVMXW2HDgXEVYniGG2043DRcLdJA7tg8uOoPBhsl3FsZHQb1s+pQyz1nc2zo3VVoZEia7bxcCbrTZLEIO8VUgGJUyuyNlUdiA5ScbDT3dn4xB7qzfkFg9GpZllOQshibC4GGdR7Vq4VtjCNnZwiIh7R1OHcfuh0YKMiOnonl8YCpw4XoKrMRN91e2rXzfH5znxY/yS8JYds75aF9IThYCHS2yfokrXI2RTuAmv7ehfA3MtD0hnOlU+6Be8GJ84ibu1lzxxrbBFCyVw4s6Fg615lkCC3DklD5b5Xr5VoCbOUd7L735otEi9lRPN918uS/vMCAVWfqopdns1E70rWvPh0J7zXmimaDHIbS3nAMi8neS3i5MluPoF2VVn3JkWdBZNzMHgbCp2kBNE6KgnoeKrX24utOJBxBudimonw5emlB31uYfq84tqLv/+f53/5gm996Ws/oT3ec7fH7f6Ix+/z+Ec9ePv5bDqmtn7Sv3zkzmsff9RFnsTGhI7Z+8INBw0XE4z8ARHSiWAL5ihJzaDVJBWrE10lTMzF/IKZ8DPzZ/mv5vq0OCFZ27cE8u1Dj5dsdM5LzpCrRLIhPp81grxtO0rzm2c/C0bZ885akhymsgkdjaub+O0xHzh91w8+8z5lccZrvvLeDwybiZxTI+x9556PHqfP+lFDPtg8tdMny6Ahc+egdiLyr2YT5YKhlKcYZ3M0QJ2hUoZdHLWzJJ5u1lCDnRo1atSoUaNGjRo1atSo8ZePbGSQpHnpW2SCva7Q6cVC5CmP9c/ESsBQp72mfBm/7/rQGGU0FZ2A1yD7N65oFFQq3wVjAuAy8oEsXDX4CgY/Q8x4wZjm2BGnA0wdBtWyzmPMEfM/SfIWzVdCohPFoAi9044KBJQIe5Jnp755NkE20KwgR9dsQ4GHk5y8wF/lqRA5r2ARV9JjKCO/qH7aSVhJnQtWV9E8NmRA6JXAXAIPMKgKPhoglz4zooleoFiMPZWkyUIJ9RhFV2/RJF6WU+1UgEmEwwYpXTCJBabrxzoeXVmOzcw+5rKcEG6foQAAEABJREFUCPPhnRiLZ5X99f7O+NApT1c0HlMWYE6McTuA8V27PuVeK2JNRVQOygshndhYPorzne9cn0+esUyG3WJz32XKWn2XS8hPa+Dly83aTUk+Xm4QY36b17qoWkwuqZm5FB8V5JOb349dwBHSnQ/RLHjyJ0Q+7MhW99lyGLKptCDOGNSyuhhHmkxkEQNuOzv7qHd+8p8eMx99nr72Wx85/BE77f6sF73tY2d/65rhcDgYDAfXff8bpxx35PP22fn+T3j9qVff2s5939R9DjjxUy/cFI+PJxkv5hi2ngSGZFjM1QVTGksOJIqdRpBEH+hkTwckqmSe4MXRg8bLczlHHWIvFRBBk4fFZcLZyi67ZDswC2gyA2HjCprKPSHygXpVzxPJ29tJO7jtZW89/B3/8fMV0/z6ncsv+/TrXrXs4gHZT+snqnQzztecnGGbvKzOsOb0xCEL2G2aMxppiQo213j9HOY3N3xtMTfHV9ZMg50aNWrUqFGjRo0aNWrUqPGXj+TPADGJhROjSxiih5wVL8jbHBQWDwXFKHC1/NOT21kTyjCj0ZGETUXhR2uAfSkYNDho6KYAjqDUW9FAigxYnXpySK9jIpvRYDnAeO8T/AXjRLZvSO/XZdohkR8buDlwKSbIrMeeqVX6SYJkZh/Qg/gh9Sia4Dlh9xiLP1MX5rJWQ/c2EuBiryOJk9NPyGMcIRY2zjFp4/IhRsj9DomC6XNBGRbjHeItoURsZeecQGqn8C5CeVAOihNvXSsoEuT+Rohj+D+dBX1cnPQC6OVd5X2WSGh+OhRz5qB8cm64OX/Pi4f+dmPNRlRRbxhNHajhgmXqbP5yObmmuNn15sNEoDXp1kvoRc2yWeoPbxVRDithlhSMXb0O1BzB2dKOfHlzPgw4k8NzlLYnhNGJJhqkrJwYLzindVELrK6F9yjfIpa/uuQivR47vqu9CpyBUalOMOp/IfkqtoeXcaIVCrwBtrvb8Uc/f/u5vs/TN5537EGHfPzq4WBiOBF1OU5UuE36YzcYXPm5f9r7v/7r6I++44U7LR57+4aPOvIjrz/3ie9bPkwfAy27V+DBTjR+1Dpd6ADs89QFMWJWO2bnyc5ebL47gsf4LuyHUGw/GOD2LOIGRNv8zshGK978nmUAO1o0QqfAdSYWt4+o9PHg9WyzwzIJteP8ySyZo8yGhXeHB+KXn3H0/l9+i9jzu4mJYRwMvKRgu8Cj5MGBmz/lRvruhq9NOq/Ubc5KsHtUZPcRcfJmpO5l9m+4j7RRG/RSJJcs6hG+EsNaNpnVqFGjRo0aNWrUqFGjRo0/ImLS6bkEXKPYCjs3P3CLJjx1uQG2NfbSVPmNNyZsS9sHfUhLmo3Bxp48TrGl2EkydjCSKVxR9ysFwKLxHP6WLfgGQLA1behdElzq137T8yaCnvFzoi6KjJyCk57eL8ujVacIiXcS3AiqN+NiV/zYRZP5xkTQCXR05sihPhtKyc2aQjW2YMozVuhB8AXahoI0OdPkGvdSrJHYqZ6paEAeCjuO6PL4y4veDEcMhEUrqOby6U0s2BIVntZki3F0BBVjc0tBt4r5YCQFAOmMKJ5RKw5nyuDUUubyatoBdjHEONadjKChdx0mxbI3K1/tRA/4SCrEQ7oSwc1P8Q31JaG5njGI8xMkvRZ8HIPhaxmzWSMV0GmKEqSK3BSZIt2RTlY8EL9jQayCYbmhxRoopGyS3AWFHNipHYaAx5SeclH88u0izjdiptVBSuLxjUFmRsPGDxsjyVRUjqzch74ZNgN2zunE7jkwL24FKBMRdiJw5f6qVpknX+auUa36o91/IgPWUntWE1QEtHbsyIUHgyGy2oGmmUxzzY2R/YVrGscG1qMuTD/8bcv222bugK/49tufeshHfz7REKOGLuu+eQCFq3JPmpvOOXq/V5/ys+k5TUzt9Kx3vJCJctcGhM9ibs8ni5k6l//j4yOYy3MoYXRHImSSITuWTXteiNEglJ3tuunRaLptO8luyTh48eToRmE0ii2eCXwVd4dbcapNTX1Y9Iyw17PkvMuLS+hM4bkh32cc79m2s2KxcyPMhq7tRkizWeNMxtkdVSMEPMOTExNTi6Z8Tkk0MrG1LXZrfk9pfPdoRDuEnP9M2nm6nvGlER/VCPcaAh4+HpPOyjLJI3H2rqUChvTTzuLeqgd0jRo1atSoUaNGjRo1atRYIHQdrhK5ZBDq1NXSKTnoraLuAcFoYtOgcjklkAI/WcHngoJeVuTRd/+O6g2aoCvwWt/IzETb4xXaQR0pQ2LcQbC1igwFgEAqqcVNyfPqdGodztJAISGJXDvTFrpCBc1ISBdJJy7k2Fm54f8Vx0+LyDv6Yu4zOjWCjH817CMRk2bRljmz4k4Ekr5c+0yCM9Uiejb8pIXyHWnVGFh7o8fe64802shDPeSoLNrrwecEABjxD4KDhCAFsfcE0JMPusDaicJTsLALgqcJoDRUtUqUkUTSCRAFPugghAhC0EGms5h/i+qQSn458/mW/ogPdkJgrM5jKCM1wWKSUHPpN1LrNaTeI/NZ7I7jDngX1H5W9J7BVKn9yGLSfAv0AQ1joUCYyMA512BMGvOQteDqguIWytRI2kDqRo7vxk7LWmbCsWYWIdSSmiZC1mchafXTTBIhrW0AmHNZmR+HmsE7MaGxsJSG2MnTG0LOjsRo2RnLNUGag9TxRjfjFhlFR8XEYpLRcSE9niC8UnER3jY+lVOMpsnXzwPPdQt9VIEuZW9YqIuvIJDky5uFwwwyG0oXDpBA6w0oONIyfHLv0HSBE0ZH5fjw98te9dT7zb0irv3Kq5578m8HA695I8/EGcE5A3CeMMncmXN9uM/mO295wYe2/6/XPGxMR734UQe/e9dPvfEHjeQqkdKTDjp0o5nR7GgWN8C5vGmGNMHxbMztWpFcmryl14RqkS23Mnz0HhI2J7WzMnmn5k2kIe46Od9t1466UcenDvdkRlM4RDrxQVq4IdTXNao2n/cSDDx1UlVJSVPyecV9tHhm/XA45NIHgXpHH7BRrEOQGs+GeQF0O0tPT4eAJ8yRt8mgoXqUdCrpc7fjDx8gx5IGn8VJjyyeuQP0kcQm2LhDPA0jHFIk/G2EtWsqq1GjRo0aNWrUqFGjRo0af0K48b8Yjqkueq6is5DEyb/ydDQKo0aVIbrGNMsUnS0ANwmrNqdYFMRmQr0rhTNAUMQCoAvgo2letV+EHL20FUxTGiCtPM6yYzCjhOzEoV2Xmn62ZdAv7IqRCtZuasQIBdFVXbEgYTCtrdOCdiG1E1KVL12eDqCFwWJSNhZuD4xSncsy53xqFHWADg4r+3JWQHl2MLhZIKwsKw7icuKSray0zWzbC4DpwBTZ6VwL2OYl3uUqfR1FVScrUQ2mqYtp8HTQWNbOdf7kBDHIMAcTltAruM0D75XZCeBPhxJEUBxE623+1UTYEKkIgY/5SjBfcC1uqKrudAnqInmnSuaYVM12AfGA2pmza0MrK0ougqGVKxSuqpvVoVESb2fSAZRuBmtHrLEWHMWUkSYWQ7VFAiLx59h7q/rdQLo9wDJS+rzTq1PmkzQf6y1hTbsI45r5rJHWaylqFon7WrjoiHLZdqj1SSXdFYsZT24ErT1IM7DXe8BLsU9LUIZOl10EzcnQ3jALxOk4y7YEXQeRrvM8HXSxvceyJ+08OWegb/3OJ176neGilDV0TqwkIme6VH8tNFyP27kbjz/2tP3+/XnbjzW17SMOfmr4/pms9Y686iZOzyw785pn3re32YrvLnvgcz81FOGzczpt8eYw8/xP/fAtu/UdPn522nb7vr1p9FOO7Ud0OmOp+Wh2s11edMihez9yx/ttvXjdqal0yU9Pr7jl19dc9d1vfe4/PvatnzVeEoYx2jWBTzC7XiDksqL0Kn5sNDjOr/vilQfep7/Nz/99p6e81cX2zmVf/cUzt1uwqcWPeeN/X/vG4olfnHavZ799++d/4ksve8hkmr/4wfRlJzzghR+a4M8F1wZ1/PY2NyN4XufQD35x/3uNOKBGjRo1atSoUaNGjRo1atSYP2L/D1Xr8h9OjQoShHbp796bYkaVSXVa4Jks8mTVqOIKFvgJT8l40+iLEWhB3XlXrBuMWvRI9xSkdJ5+XzZ1oEEis9cAyOrELIlWra9CRiGj5v4QcwPR3hozz+mNHj3js4VJaVCizaQOOpU9B/G0YAad2pJD0+GACHM0ZW68XYNP3GhMe2GEqxXzsg9HtP4Vp11fjCEBWii0nKDULaThpc2amA1QAOxEqudAGu7svBEF8OZe9DTIBtnkMFRTWB65EW4leKbTZNLsogFhn69Ybt6Dndfe5WAXuYoK5TVbBOD0XIMHlSynjAqkTpZ/plMr7xWor9w/9s6aQWu9Ap0Nil+7APQaacGhqwvE4sK7dEUV04veHHrF2xUrbwaXZc4uzxJ6Fbni4k536Jwbv/eUNVPMq+m2j7k/8jdfZ16YshBj8cbwtvrCyHBM/FmWlMhtmheYqN+GLg7x/CMpQbvdSNpMGlpbfiCksnG+EZ11zqLRfbbFCx+609x8xC+/9qFPTchIpalWV+bkZR9OumTpzOj99173pUvm+nAs2Xn/g7pOZxiVYM/N+ESuIavj1fhmMGCRt0sfE+Pbi+47ypqVNoCZAcVui3848pNf/8l3PnfUC/fedfuliwv6jDE1tXiL+z7ssQe/5qNnXvafn3jV3puSn0f6HEsToZvv5EP+4A36aQfzwWo6GYHXzMAfE5Gk0teecNalK8Zfmbr/I17ZcTlHbHGmG82ORvQZyWehizA7etBBu94XatSoUaNGjRo1atSoUaNGjbsMRbaqaI3G9+LYFvwoMcNM3yDBE+eSLFqxjGmkzOIDxBlZHTWUe7Bo1VpN+NVl2bWBGgOIQqVjIZ7mVdJqEpK0p2X385ZyFE4BbIyqvE1blOpCl3cHkMGSOUtAyZCi8Rso6zBl/a8eXl6jLMJntquw8oUJn/MTkEw7Er6MYz9GsvQtUVF6qoUYDYhBLE4l5NNVjI9sqf1VJK//k+7ZdaFn0wxtI6TihNa6vhcyrDcObHprV0pGGYipAUAPvCS8iz++uCrtMDlzwf3xzH/IyRXMoTf7XgQZZieOIuQggo871maGznUmto76Bms6mkQUStBncJuRvti8EPg3HwYfs0LWWd/FdcHZTyoYp0cHa1mskQBaLG6sUJ/L96VLtxlYnc0Y+ikqI9DFhJJugZRxiqaD9Wax/kdeGDHdonxHSp3PTuYCnWhjS17I6oRceAKpcbTAXHyrqoy5VCB7LwQ57pjnMfWecWKUzKbP7PxAbkTA8mRZSGAjZdO69lUTkQftuuPcA7n6e++6kO4o9aGWJ6VyadOQaLhX7JUOqmW76jj5wXO/N4eewuL77fqkkZ0SctMg96c5gf0UY2W9fb1rBk1Dkuhm3lQAI2juSBeiGkV1MzO7HXHafxz3ovs/cesAABAASURBVEdtsy78wZjcevdDjzvr1Nf/PR7DUHeE+L6V4oHzhhO/Ed5yoRwFgDhqhQ7+uODJzk9+9qzv3zj+0uSD9jyCizfSRdIFWZhDZiTkihKmH7zvg7aGGjVq1KhRo0aNGjVq1KhR467DlMuJnDknX2E5mO/FBEvGVVUmME0oFKygncsV9wqkK7QltkB+pFFBRnCZT0I2hIhsQRm6Yg05pC6KAM67nihQqY7V4YLCu1oBOiTGy2YdSUwrxhN9kffYkRroNZPhAuwqUxJLTgIcWt2K7JuNk1KDnh1ftb0stXbJpFV9KIIYHvfIuw6JmCsznvamT3RZSyzvV/Qf5wMZeswMEFRLqGwoWkXC2EnlMX57SO7L7PDNbbC3LFtIh8TLg4mJjV8HCAXEdib2lFX/UtQsik9ssTfzDeFLKjpD/QyHvZ2axknxNeRdTId8iz/edd4jdGkjjEKcDd0M/lB5LL4gVccYpNNB3EHIT7VxwUf+QcjYRK5txmJOJtievKoVWnsfHO6AKXekcmLEnYg4N5FsN9iPmsuM0dZysRMYZ8Nqta32oJ4ffKlHz+9XMeXaE2skgAad0TTLBpoEg9KuV9IKei+HkHMvaoyfpyGm1kFvDM38BE2wgcvO7Wnbfmh+yNJ0zuUbPhhE1pyHyJChyAFJR/NDYDudnL+TYBKuXZA2pRNsOtwKxU46by8v8DZIiAXWg9m72x6pNZoR6d0tv+N5O24xd5h/dc1XllMbfL97htv4W4TVjuoXNsl8Q8ec0Tm/9IlLfj4zp8GlW+7SdjJbeya482Fb58kDmQyvneTW2P6+LCMwdgpiZ7b2/LGCU87so9585okv3GEx/BGxeIeD33vCU0bOS9lD2Z1zzi2wPR2EnHE8Ye0Cbh1ypv7o24yvgYnhV06+8LrxlwYP2uWfZjqb7S15GmfbEfbmMU/deUuoUaNGjRo1atSoUaNGjRo1/mC4uU/kb8C6JDxzBI5SVQxZ7Ay6bUzbZ9hhQFO+6BIEBNX6OdWIQpZjx2jrxBlrxERpjL1EFdalRcu+lCWCCQJjqp2YlKzMj40bac+dvUH6EE0KbIhaILU3NZ+qWqHE4lGrERZ7dKouVGF3IUNWF5JScF2oYm3oytEUcJpwLHUimN64PGTbQWL0MG5gougslFpqU1P7PA7CpKMJxdP79ViLnqprRrRalZ3gLK26pxX7RCrYRalS6BKbC4bTTKsNpZIazK2CtcaSnwBnmzD/c5jNcEidMafRSg1E/uk8m2iQa+kgeGTEA3DD6IbBNYiyA3GexkMziAMfG5d+QiOYmKga8ePgVfFNly1lTYSFOwRo+MOFNAnXt1wejdMqEffcujjCftFjboQ113o5u65j4XULAbfhx/GPFSuu2bGGAmhbGVDctLGni3dpVUU/TceXqd0NlrCxxnrLF1QiD6qr1gd5gk55r/Fw2gHOyOn0aCJ8648TuCm7A3PWcFLcr6TPxQTmpfofpEyjTKmcw3Fltkmr1TEwpsp9aovBNf7EiCNI8soV6w3iA5ZuPOdQVvz6sguG6UPDmeNz6l0xrNEOXpOH+Ptz/7187ugsucfz2RKkyCDMe3qjAXM5x1JmdYGKgACpWirXTo1xl2P+5Tn3mYQ/Opbu8byjNiOTEPCWTnALKZsB7EwBk/x2Xq10QxkAP/QO/phAgE+lFJz70Vcv//WcVx+w678sbVsqR+kbKlboNekwO/v4xz1wY6hRo0aNGjVq1KhRo0aNGjX+UGT1rOETMOsB22L8m2yJWZy767Zd8cjErCIUDqFYR5xgAqjjrmHQaBX3oOfoEJNLBEv97F0whnRinwcZF85cJ/trqHAwpiMEZaKxf0DFI8OrbAHqxAVVrZPDGNRhCsXQWW1IOtEMF+0VSkooVucnBbdRYcX5MZo2OSmnVf5sI5U2nntWykFM1D+NUm9884lwfSQ/Z6SCyb6DVSWTZ5j4C7YS0bQx5xALoMZ7CykPkc4Nn1XxTPEqZDaYq14lSQsq9dG4SiJ7YTgv8uUokBfxMT4I+hOC7zr6CYEocGhdN/Jh1nf4M6KfQD8N/iBK7vh5fsZ1M7hZQ1vigxnXTXv+cfzjA/7QBg43iPgz8oShW/5NP7gvH/gxPUBIHXxYuwD0GlmEUPFwuuY5NGckK0TkRjNRbDbYgDKv5ZxLCa30JEPMVJnQbjenf/XvYJnj+s86zccxqM2JNr1dzY1ZPJxD0b20TIRuzCQllj91PQj/TyeTnN6SnTqbSZwkCUmDzMtSpBH50zcqoKa3M/JOlDduOzU1d6CnZ24yli89TPNo6fhsJ8XIuvlB/+Z/bpvb5NR6m4JlI0OEOD9/7tpuBKmGrGUUw0I1AbkL3BdaxjBqX/ryJ8zxoZhe/uMLzvrP07/2lbMuvAG7t8MeB/7Dk5/05MfvsnX/uHd41CGbveOY5VOSQYhx4U9UMfwQuyGZ8eeb3gdsG7LhW5/y4GWBlePd7W875zcH9IsVrvjmMTs+55R112nIoZuSBI1fPKR/YeKSD/7Xj5/4gh36rd73Yc/ZvP3Ajc2En2gaHzWRC3c8d79dNwFYu2awGjVq1KhRo0aNGjVq1Kjxp0RSswpTdImxqMKt0OWOo5CY9MNujkrMjW2YnjNSSSo6b5w10dJENbgryomTX3LMbUWp9Vb0LvFUE9LCmPw3xvGuSTOK06k/+M0aMadXjXEGTonXaodckuEyggCxSJVnnRO5n3SvVUtP40leJLz89V2IkUudjOXoRvZrkL06BxkYFf8BO2GY54OeD8E3DJFcCdnHz0862X1Zs4kaC/TtnDqxpH3rw8SSi/ewoYT0oePj1EuH9uXt3HoVbptJbNTTDsmYJIqq3U55Nq0mxaZcDdwDcuLwIk/3DeIRWsk+iGEQuqZzjZRhlLPpnbUsPSjUpcqlHIgxix2AWJyw+NrAXrow5Ng7BXsxYUineC+qYXCjtRF111K/zVTW1IiL8MdJFdf0WDMBtGbl8jWDfzZ8b1h1Tru2BInmFQyKcMEucWuhd9adFdwrEjD6/uju6gIxd2nH5siixfYGtZlY4kRAJJjuGrw7eVLAeY5Mlsk6GWRxQjcxnOA+B6ogiC/IjCZpM+l85+TW9KywleSYdpFUtwMt4Iq7YyKMr2FDhMVtTsbnO0jo2sM/LNlw7vGs+N0XY5iEAe5+4B2tKWF/5wZ3MBgkGJ1k0YlHywDC9bfeCjDW7OQGSygPRd3lvOd8HtA4BvgS7iWSuUYbzX+Dldrzj7u8j9d6uNlX7PGgvu/z9C+/8q5DXvnFGyfxw2F2OBjiUV/9nS9e/d3P/+tX3/vNf3tSz3tkm3s+eTZ8dJLcS5pBupbm7jHKnOqAnbBJbD4vS8cDdJzkbMSvxLt5t2smJ6cWLRryx10DNHu2UYb72mO+8YNn7fCwHiYfPOjBz14K778VTzNfMEE+9J+76/0nK3+uUaNGjRo1atSoUaNGjRp3K8a5bBaJZZ1cYid9bAKmx3NGrpVHgzHcCC6J8iS8qenEShhExepld4xd81fwGCGV7RIKLKvTVecLUtFNUKaIYQVLSiUt8Tlm8ij7oVcUWxOB6UAROEMRZUZOqaOQX3OLCCGUNN6ZLXbkL+OOHUhBCb4PDFKRkSBR6Mi6QUTcXl2NnUJR4jek1BXknQG39BOijFBMI6x6SKPAgrxl0b7W9mPHj6TOZh0iMKopldvEfjxkJSbuPYCVGXRJ5hxFtaguKfiwRdpKWwJ5VQxFysxH1OnQRrWBTW4EYh8L+oyXBf36qhm36hUnvU/CT7CzL+cd98gKTyRprvEDAssj9tggEoZcjekznYGhJxMO77omtr5jJWBnMm9nFtwK9bleIDZK5tvkreHpypQOk0EH7dPLwLpBug/kWEzOnVIcnIogUw8zz0XCJ5dUw7W6PMjp9IOBn6CibjxwOXWwNsWaCaDVHEF19/QUe8lAtJwZKGy2lBxdPHz58bXX81aI2qDcIzI9mdOQKpH5vvOanTD6bXmR5F0kyQ3tIU2cdClD2pLvM+9l4YBw4YbTPQpu2Uq9YRMOuu1blgi7xsvNaYs6eAqRySRqMtDZ3Su/vSD4kA9TODHxbCHiA7qDWjbFlywMpJKG8w02wmA5TuqvLIshnTWIvX7y5XDqI0JGH5HB64LnL9DNiG9GZhsH89x0mmjiUoSSUeJlOi2nweZrUCZxZMHD4Wg0es6Dt+urmpd/4/8d9vkb1h009GlHwJ4MewLtA2bIvacXU5tuuXmIt/EV0bKH0Xyu8OxX1EguAZExdauZf/rACdE3bdvyR9KCkmqc0EczM4iho5SA7TrLnDaTH/z2Dw9+2MP7SP0Bjzpss2Pf/nuWhXsu2Dgz+7K9d5ro8+cZ+MvH9PT0jTfeuGTJkqn5NPQ1atSoUaNGjRo1atSoUeOvM4RTkM6ryc94kZSqva8z9MkcFhESq03lq7kJUwlPBKEb/H3Xy0Jh/pJO72Eyx36jbdeNsKGG4UwA/dV2YTBoFEyobFBRiuxUdM1KfoUPm/mw6Fs9EV7moJBxsmiNE8JmiVsu0MXyNi/rzBNo7WTVtbJKMD22hCoUSQRGlphBAa6wVxHnOVJ2M810VKyLlmgT2SDInpbsA2QPVSQOpKTNg6/WHEpxy76p1FIwkGoTk/Usj3sI7EChYEZkgozdpcqi+G1HpzXP+L8uiqFr8r9I5RNDhk6kR2yEVATG0LKiXQWeSScp6IqbsgSA4xp+HVkw44CQOi9iUx6vNtY2u8GAq/0hXGZQ0yDtJQZEfZc6iTiUrhswK8bHDT2JO2yECTc+O5YYcqNDpFKAckacauldaGMrl3uEpGVlYbRWS3TkxdHwVU/pCicXbWCiLBpo5WtRRMx8NhnF8GDwwMo1SHJRMpHmRfJ4eknMKQJrzEfMEApTiMlFFGHtKkK4RgJoKBdZFOs1IvT9IOzulIf8fE5r6VvSEg2XvO/zZWBqf2eZGEvK6EqEpHl2Ov3pa5DKo8a0QkKmB2etRpAp0sx6eLWHE3G+M2MdkGki3VLyT4CYJP5gGbkY04Rks5du4w3I6weGUunQ8Q3jpYqg/9rvbz16XK0Mi5c+JcYzCI5LKo1uT82PdYF9i6JLaSQLw/cxbrF4rqp6xfKfC3yPjIDd/DxWzPppPmisyKFMpjB/8Nxpzd1+/TVXX7k+pPN02yXnf3vSYzrMajNG2PJh+zzoQQ/d5+8f9chHz/HqWLzZEyJ8LlqVgwWyUjFfWSCZxQWOBOfQBnftdQ3Lgg2mhT0M+KGRwrH4/GD4sS9c/OyH77mkt/V2Ox+0RfvO3wcvl0qIG71m5wcOoGdScvMlADvBXyaQO1944YWXXHLJDTfcIM9sscUWO+6442Mf+9iJiQmoUaNGjRo1atSoUaNGjRp/5eFKzbM8kakGw0l1crCXXSlRVeqnbxC0qiLa1Hx6F6/QFkUwo0xmwYJS2L3BJ0DLTg6inY7q8AClArv4Lm6HwL61/2AgAAAQAElEQVQHSSqo3VOpYUmEEo6B9BdkrKGPnWGfNBQwdpwhFhI+Iy3aU9AmI7FXO6RMy0FggvxnTh+uHGNtM+3dWaXGqBYPkNEV9Pov3iU9aqLCcRE8yxAHrSKmUss0OgVpT4xZFvcHJsn0OpHWEIrGgZB9kCEx32uxIYiiEOVURiBjZlo57uLQw3DAcNm5wVBgeWxYIz3gn0YU3T4aZtNUh2J1Nb1Q8qUYL6Yzo3J557LnSpLJCx/XlApjlBC9Ef90mWlug/MTJPHuRKCvWvyQYN04SEzoLkLJGalKoow2lUsEUt/LEgAWpPZO5FoQayqA5lxR/w5NtDfd9Q7MsDxPWQAKjGVDe2+6aBPO1uySiptNXl3ekmCvpMtM5f2SQnQRisvP9sN3C1FDueyidTsm6qwThN5TPs2WrpzRnE0e4v/LzvdpsnGu9wFC97sAaJu85deATSFEhO2vnZ6eM8QwNblpNA8Tp/e3Im9IZtBgOUkK8eiQP7fcaPHcJqGbFawsd/O88mLIVJvXjaQZeYHQlR18jrDlry074D9lEPjDgzN3D3z0AfvstfvfP/R+99lmo8V/UKrr5CzIspMFNNcixuZkH6a9omWxxoNm1QYn1GbUdnH8o7LcjrC8VGf0apWCqcWW1mU499WzfvraPZf0CfT2uxz2sLjsx0i46WO82+z5D7/fmP3G7y7/wv0eeQj8BeKKK6449dRTV65cWT55A8dFF1108MEHb7311vC/FcuWLbv88ss//vGPb7LJJlCjRo0aNWrUqFGjRo0aNe5mlFwXYiKzUYwKxJ83GkNRMCB4Vb71ywJpMJVxbiiB7PwiAw8xU+jYycDkfiLB7YIqTU3Q63rQRh5HYdYFFoYCoagkMSbKnOR8PZfVki4UHCi/08H4nsc3V/IDLPglpgtpbXoaG5Zm60imJvlt3hkZiAkSqdaZ6aigkJCGVB5n2aVhJyipcXFYioH7TLlk6PpfMhVJivGEcpXFiM20wlux5Qhi7ipvJPl3Z3UQR9H2SObMrPkmuTwZx/ph44ZNM2ji5HAwMRwQaG5IAO0bdidx4nxBfhfqGkBPdgiuA+vpnegNPRvAxuIyNSOLGPsXigwHXWzm+sEZkMgXoMu5hGgjIYxYR6po305uhtzRqaQZ+Yvp050gnVjkH9I1pXUGmTqL34ycxc7dlRXB32asmQDa1mPkcxUL7/WoqRybdThbJAkfr1OkJo1CTHe9zFjSrqjpqTFevBHznsZuTJ0u8rOSwNLbgC9A16tdmK4wfsLgq2Wd+MYi4mi5ruT+obsM5uDgqE6d2INI5kbvGLrvu25ictKB1huMrF8WYw8vbYpljTc4TvgSqfGPf3cz3G/j/jgv3vZhj+w+dYlLK0TK6c2BLORw+HZSc/NfaVLHfRxwzyVzT92Nvzm58YuL9TILnF9+reuC3fKSUvLzg2geGlmLg6OelofEsMVDX/CiF++/5y73WTL1x1zpvO/ATiOco527hSMrb9ywZQePjh608zfVRTfkraN8onTzHrTYIdGJcPy4CQ3OxJ18msHk2Sd997A9/vGevbdsueNTHzK6/PIBJRhmHvLiXe/d58/dlZf8+0/3OBxWe1x22WUnn3yy9HmPPfbYfPPN11tvvVtuueVHP/rRVVddtWLFig9+8IOHH374VlttBTVq1KhRo0aNGjVq1KhR4681DOPql2mRamaEkaRtLD3zSUyaBXnRJKbemhSbgqS9ErCXqSmBDMSQbQOdj4ZEyIyXhWMCubWmlvUgln3VhwnIqPAvq28NG5ZrllU1qy34HivnN6h0MO3C9UYn0V5QDWF6s9FoUGWtA6kABaZ9VuZBTDUV4QNZQW2DGxKH0h3bUv+YVuPLFkJ9o4nfuC8uZFzqTNAsJsOmiy6GQK0yEqDKj2RHvN6df3fsAi3njo+uA0H/QqK7lq1OyDcjkkF0y0ypS6J4PH9UK8s1SJqHg2adqcF6k35ygAzaTwwRQxNMacgUhY4gIP6gyoStB3WJDiyCj7S+W608AFSNT4plk/alkwMqjixPFW7eRC8MSc4LK7kh16506l4tCZSGd0GDH8YuB10D4OyssMWIN1l0ysswNxcg6HpjmkWNMdq9AexUQgAN1qpYQ4sQQlrvYSmKZEwkNgf53k1ZDFAnGki6eZ0AirvS2zzpwETIYO7oxW1qV7lToSwX4jMzakqINC5NyjHdMpzp8oXQ2RUE1lumK3dGr9qUE7OpJ83ENmHljWVlAi2C0Nygev1I/cAgg8YzSJMWXbBK1zef/uENb9tjDEDDtts9ZbNw8f805OneUOIHWwvBbryUQpM5X+ZUyX6Ftj10l/vMVRr/6pqzBvTBwgUICYbPf7/xDd0I1HaiY9ajm39zfYWt4Gkyx+a3fda73v+q/bffGO4q7lj+q5ml287ZRkyI8O4gP6r530lJPEHjLn08zLcpzsyjUUulCRBED7HBwbzH4AcNf1SxlrwLI+T3DQj6Jgeu5gfHfevH/3jPB/bec8+dn/Tw0WU/ILL9mGfustWY/vkXPz7r5uGRsJrj1ltvPeWUU/ABQudDDz10m222SS/ttttu55133plnnjkzM3PaaacdccQRUKNGjRo1atSoUaNGjRo1/lpD5XcJmPG/tBrXu7QEGnrsN7tFCCsGKEwfIj82ZMy8UN4fneFQdpAeDie7WaKWAVQGDYnBeq7mJuUJnYkPFWorTIlJJiwaW0EcQmXZ70Flh6zVE4kiJBmys2MwxBhNs5gOIu/IxKr2tI6SS4goqpeIjV3m5ZkUAzGb6EOi+mArrb1yTv6H1bld6oNyfWdoSlEXWJGqUgsNUluRdZSq5FUBdaZYCX7z3uZYiM6jD1QErpdGVIEjVTEkbSN5slJBvU6Os2vbjuylccNB4yYm4joTg0XrDKYmJ6aGg8kJPzGItDKcdNFU9I/lkYzSkGN4qiToCb84Y7+8Ut8PSkm+iD879iYIfMYaJ84rVsawuEBBPUAEw2s1RrHFBlF8aslErvXIyC4SJGMhthhbK3pzAPkC5UuqI95HpSPlFBKwidrDYB4HctY1UaBMyw2gGboEjjx7ra9lANrDGhh2CQjtZSMZWQug6wxkWjHuPO+NZekyed1Doa1NibLCFFpf0dZdum2tSQhGITVN5X0S+TrLTWlW0JWKaX2XqLID6GXuUhS5t1hMe85mOAeQtxUIS+JdXQUBZiFvnkQpYcdg2ns1hmdIfdJFP5o71Nvv+vpdKZtFKmkWAwcY+/jRTJwmNYOJl9tXPGHXuQ4cy392zrd9YPpMnyddWIBAa95PEkny4RdZqr3QCgVvyaeGDJfDw44+4z/+34L0ecX1P/vB1z957Iv2u89Ou5505Yq5GwQ9J3EB4M26cRrSyC748skwvws0lWWNmveImk6cbzMa4RFwaQLgM9i2bTABOO7jps9c/sNxjfU2Oz11Z9JNhyc/4YGb9l+a+el3jr9xwd7/6fHtb397NBrhTg866KCSPkvsvffej3zkI/HBddddd9VVV0GNGjVq1KhRo0aNGjVq1Phrj0SeI5QUxOSyokGNCXmo68aYUFi+tmeZnUuuu9Yefs8dUSU6N5yYbCYmwDXIA7jgne6PKScIgDDgmViwom3VGwt8TR0qugyQuI08k3Fy78DG3pOejbE4Uhsd5UjRpNQKZxKlUfwYZMG5vl2XdHNHrFSfPJaqYbpt2ZMo1cQyBocMvyAz58SkeKW1/ZkF6szeremkXDeEpFtDHnUdzUyivEvy68KRArTHHZF9Yr/4B/IiYhetj91wCOstGvzd+pObbrjOkg0Xbbr+5CbrDf5uHbfeRJzw3YBE76MYZpFWR5ZUG04KTeg8UfFAVftC57oWuhE26KWOYGCEH9QkVQ+Xa1LKEUplSebX3s5S0CJclMqQbjPN0p9o3jDeacXNRoSIiJQMQSky80UmBhwXSwTyrGZBqrziuOqg5wsgkELbLgI+mcKhdVTBOXW6kc6tZQR6jQTQGhm8sm0FwDiddLYA4e6DuPGpK2ZsC71ZKNFqvRRjTNMVlPhb740kkY2p09FuYKO2tmoEbPKW1Su9HEqaMlzatKTP3BGunmdzXmCHDSsY6JJDjRUltanFuxs+ecnlc20k7vUPh79wptNoWVU9hmVNlx3lnpad7vru/R82V/9842Wnf9nlcQwLGSfrDB6K8+nSc3NDMquaH3Ruo+d/8vgD5qqvp2+8/Guffs9BT9v+Prvuse8LXv7OT15wzcRgMM+lwR1rMYenq4Dm7R8l+Milip1WvIzmvBtG0WfT6e5ocUo37yHzcpXAyTNqLKpPSiepUXxy8nfvOOfSmbF3bbnjsx8WYPqAxz9szOzk5u+d97mJGFZ/QdVLL70Ufz/4wQ++973vPe8G+++/f9OQevzKK6+E1RQzMzOnnnrqk5/85J133nnXXXd99rOf/fWvfz3287PLly9/05vehPj74Q9/OG7w/e9/v9zg1ltvffe7373XXnthC7vvvvvb3/523L58O4711772tWc+85n4dtzFIYcccvnll6dXsSk8cHwSX8IW9t133xNOOGHMAjvFsmXLcBsch9///vfyzLe+9a2dOfAleQbfe9hhh+Ez+Du1I2+UeOxjH1sOIDaFDeLzJ598cmotNZheHWtwbO930Sy+69prr02NlJ2vUaNGjRo1atSoUaPG32oobS2+eJsqOBayWwWbPSrrSk6RUKb+4+x7tDEQxdVt187OjkZdh5hvOLmIGLT3XQKLzBT4m7bRuwRSMma2XsWEIWJJl4VPulLkHCFLEEvADGOrmE1SFwo0EyPAnHf235FU0iGmSnw6OMGYMz/OAFqgScdqQSOlBrELWiIgE2J02bAjdYaa8kb5i5dY/BgTNYe8x3Tcrjhb2mHBtFFkgE6UiowmjHxHOyLoiIR0CpxoqXfXeJicHKy/7uDvNpzadOP1NttkgyUbrb/R+os2WDRcZ+AmXBggsTMMzO/tCLcAQpcW0QriZo+4ObQutIA/XYc/+BgBNPmZIBWx60NacCTujl4F3lzKUi6zCEUygVTgIpN00u/QxVBibBlYUYynS8vOKrjehS1/EAqLOuTBThWPm7ySJKwpjeOE7gmqdip8jVKkLbHDtSnWSABt6YKo80rOIeQJwtJALq+mcJCSOL3WdB4JRUrL5iOp/Bmyn1CeHFwG4NYpu9bSbEY9aGw6IvwoolrGys5SZKK35Zud7/pyPkgMvDguhc0xFljbRkUi6NwmHdYZLQ+CPcjJQVZED65bdsYlcysRbvioQz7y6NFs27YyAVO6p8nHbYPH+mg8OnKED0tfdcQzt5/TUnvFWf/vTHaLZsHy2Nxd7HHxFkGHOIrUWD60MA/VdPdZsuHcdzSStqLezM4+7JUH7DauvV5xxcde8djdn37Yez550S8nhxhUf9E1kddKjAeVVYz4qTfL4B7mmxLwgPGzk7Oykaq0LpjjIJCtZ1cOpY3z3nI0N/pY5AAAEABJREFUyQ8G0itty5sfFh34APt80tcuHVdrb7XLMx83/bw9H7xB/+kbfvD586k44QJ0/08NJJtIcvHBlltuudA2g8Fgs802wwe/+c1vYHUEnoT3v//973vf+x7ykIccc8wxRxxxBHbjDW94w9lnn522uemmm17xilfgHl/3ute95CUvwT9f/epXX3zxxfLqb3/72xe/+MVnnHEGAmhsAUH2ueeei8/87Gc/kw3w2kY8fdRRR01NTeFv3MXNN998+OGHI+aWDb797W9j+6PRCBn3W9/6VoTvCILf9ra3zWv8fa973UsO/6c//ak8k9pB6i10GH9jr/DB0qVL11lnHQHB2MPUyG233fa85z1PvLbLOO6440pvE3zLU57yFOTmabSRvL/2ta9NDBpbKLeXZhFJjzWL73rqU5+aGsEH//zP/7wQYa9Ro0aNGjVq1KhRo8bfRpQyPlvqzc8b2I3CWmKSwgGMAVyWqIFiO27Cm0iPf5gc8IplZI2jdnZ6ZnbVTGjDcGJyctG6fmKKIYJAwiC6tyTFNkSc4Ixp1DJ6MSmfAmkFRRmWhIJVJ7abBXu8Zj0aSQ4GkpOMNh9riWBk70J1nJCkEGMG1FGgqIKqwKWlgu4Sig2FyBpkGnsydDIcedm4MTDrrj6phxdiwYGEVin3DqLF7hj+iijbzCJEhy27NHAUkzZYz50aUnRRW2LBM/cN/5yY8Is3WLTpJhtsvvmG99h8wy0233DJphtsuME6iyYHA/bmDqxpRm5M6Ji4cUNoGMkIEpfRne1oVTeaCZiVaEdkLc1tE2UGkZO39BNZMU14euQigWkPIx9nfRwh9WCVNKmnPXQN1/jz5JIALKnGZ5BiM84OHb6R3K3J65QX98cuHZSKuvVxSIYCMenWWfXo2TMjpOQB/SDX7jC30rjA9Ra9enVnLXnDSkn+gYGHgQNvHLNJtezWklgzFdDpPonqOEwXaJBLjRXzjs+xgVq5eMwEH0peWKTNbIFChEzu+E9zxjDjCyG2yWscks7aJmtxXOapk4hjyFOAtMnuE7qwgsGk4x/uJHLIZgjgYhLsQ0Gf08TJkwNC0hazh5QgtPQL2zVwUkVvE2Ka+OPFYYdvlKipmM4AK27TkBNTc8IHvnjVXKS29ZOPP+WFm3cjcvjx7M3shbk6mR4bM/GXj4SZ3Y85+WU7z5U/r/jO6cuum3BOrT9klnPuphV3jG+5wWa7yQeVJQD5/qdMVXjKJnN8PVYs/4XzYjOCbxm1++14r/FNrv3PQz/wtZuR4ZK1vKOyB5QQ6PDzbx5GKxcMu4RoTmxuOMkG0tKLhq034vxibko7BBGk8wRIT81jAr3uhpuCmxoMPUXkqgyDBoZO1300XBg2Tvz7md9fPvbOJffb65i9HzzZe6796fc/9RM674MGVmvMzKgEe911172LzdZbbz0AmD+58McHsuALLrhgn332WbZs2eMe97hnPetZxx9/PBLwSy65BIlw6tjee+/9iU98AmnsIYcccvTRR+O5Q2oMzK9PPPHE66+/Ht+O+BhbOPLIIxFnI0n/6Ec/Kkf0gx/84Ktf/eoTn/hEaQF38ZnPfGaHHXb4wAc+cMMNN+CBnHfeeRtvvPF73/tefPUJT3gCAnHc3a9+9SuByGOxyy67bLABZQRwA2CVcRJTI/L+9a9/jQ+QTQvtfexjH4u/TzjhBPnz2GOPxeNCQIyN4J8nnXTSXCH5K1/5Stzm05/+tOwFD+2+973vtzjkXWkv+F5sIb0lbYB7mStwxsPHbc455xzJLqRGatSoUaNGjRo1atSo8TcbAhFihIyh1VDXjAd8EMxMpYm8mBPYguyEYtloMoue2aBAkQnitoa+ySO1aOl78WyL/Hl61fT0TBua4dS6666/zjrrCisFWwduOFesLJ3gaYg9gbCAY2AlcVqKzZCoE3KouMi4sa0MN9qqf5J3acv8RhYQe0U+Cjhcwk16aEkJXfBoXuisbdFiaUPKrCZO4m31s+gdgZB9HzJB0h6yB0kQJNLqK9HWtYNP5cHob5ZMClGOqWsiNWY6KmJBWWAuw8tIu6MiUrbqPJa6cANf6jIqZs8KnYSRsZPKLCLXxRuss8Xmm26z9T3uue1WW99ji0032midqSk+0ijVJmHQdIRmlbLgUJFrNFKydgQzozjT+tEojjAvMdPOTI9mp0ejmbadDi1S6enR9B2z03fin3E0E9uZ2E3HblXoppFZt6OV+IPbtO1M186Glvh1FIRNfeOfVh8g4O5IXsg/eCF2s4FsQHADfDxi3t0JoQsise54Jbxc93qVycXn2J1cFelMb6jgWhdHJF/ENoGvPfXsxrM08M2EbwauGQAM8O2ho57g0CF8R5gegX5gbYo114JDEhUh8n1Ddi88v8kdrkQ0CZrNqSPJ6tMShryWoSSNllKKmuaLhhjTvByLpRWgbu9FwlBUu97rBK3Tt6T1JG2lGSUwht0zFEnrSDh5Igg6pilMlcGUbrKkoqUuJT9IhJgzLw6yHNvZREpEE1MzXA5R5jaatRgLN999/VvOnIc6LX70UV/6xGH3o2SUzmmy+kAMKPi9dCG1bbvp4//57OMOvN88+Pmbx735k5zaZLoOwT6Sfr7izvFtt37wC3YXu2ee8ng4yCGo6572jw9eMr719MxNbADPflJt+7ytls7Z+Ux3HY2+By1V6YXM4uXz9EfeZw7RFh8iwfbex1JbXmyEjBinErN5WYC3Oi1CQDblXhNqMBfxDza755O5UKF8ukedznCG4qUtHfuc4zNf/MRF1469ddM9/3HHsUqi11zxpeXcf7ea7+71119fHvzud7+7i80Ey66zzjqw+gL57I033iiPt9pqq9NPP/0tb3kLZhTkmUWLFu27776DgQ7E9ttvv3TpUmSs+Cl97bXXIld99KMf/ZjHPCa19tCHPvQRj3jEFVdcgYwVT9y55547OTn5jGc8I7WADH3//fdH+ozbyDN33HHHNddcI2cZNzvmmGM++9nPYk/mdnWbbbZBIowPLrzwwpUrV95000233XabvIQP8E8wTTSi3gc84AGIiUWSjAh49913l6FDZIx8Gbf//Oc/XzaOb8EjLfeCm+HG63DgUZd7wffi4/SW1Gypzk7NvvzlL8cHm2yyyVOf+tSykRo1atSoUaNGjRo1aqwlUer0yuczLeWt1IhUvgjLv773hpglykKB+RGiXiJ1SBs5pme6UesHg6n11pvaYAMYDAMDExaZqoivDUpfgwBZZnudqPyiOgNHI0NBGKtQDvVYTsppxdE9RTMkETXoS87cHEAxbqfSZS6sFaXKnplWZIdf+dvMhlUh2/E2XSh2F4UHdRHyUnKRO3aqTQ6GzlktDEHXyIPgTy3k6MxBWiTLjgfCluo70wa20mWW6uljORWMwnmtOdlgpG2CiCSlu0Kg1eTYc+E1TiIgKp5uw6xr3HobrLvp0k232GLzpUuX/N2GG64ztWgwmGiGk/jjhxOxGQY3CH4AiE3wazvhjEAlFmPHDhtsrBE7OTdI9JBKQ4ckGlnzqjg7HUbT3SxSZnywKswiaF6Ff+JPmJ3upu9op2/H3wHZ9PQdI/w9c0c7g8/cPprBP29rV902WnV7u+r2ET5YeVuLP6tW0O/p2zr8WcW/sYWZO8KIGomzd8RZ/H1nwGdm8MGq2E537UzbMQrvkIYTuQ6jWQTZ7WiGoHZAhD2Kos5OviKIs0ctbUysnME3sWZE5yNG5Hgsd3aj20J7RxytxL3gQeEz+BjWphjAGhh6vwLdqny3ueSqHhMGdiJeJoZsawd0enHmsMx5PJ+sKJI3RWlXD+J1JH/Sm72DBLJ1eUJM+9ZmOCnCQl9rS2SyYAsuqFEqHpql2MFZNTtINViFWsvmcutzPTuaBoLWI1WGHZMAOiaPHuHZabVJOjRh33wsJtx1Qeg0QuvvHv7mk+//sedvP4aQp5b+w5u/dMGjT3rX69911nIy+dWGuOscbXu/Z7/vX9/41O03nOeauvU7x7/+E9c3opwGynl1XGcUz8wZP77uPY9b2tfwbv24N73jkfscdeFATpN+oMAj3nHI7nPo8sx1PzrTuUbckfAQfnnbrQBjNh33efjxfz/6p+/5SUdAmVIDND+MNnvGiS973FxcbVeI9wvXJHVyIRD1Fqsf5+ZfOuHEa6TxIJmMGP3VN94K2/V7uPQh/3jQzFmfpePgM+XJRjlqQpdTqXgRDwbNFV+64tdP3mrr8q0Ddj0qxuPH3zz29806Q4/pNVi9geB1u+22Qw77k5/8ZL/99ku4toxf/vKXwltxS1gdsfHGG++2225f+MIXnvSkJ2277bZPeMIT9tprLyS/5YCvu+66ixfPsV1ZsWJmZgZp+C233IJIWpypJfAxkt/zzjsPSTqyV9wGj+Wqq65C4py2ue666/DJ//7v/8Yd7b333ueffz7S24022mjPPffEPx/ykIfMe/jAnBfp9ve//30REeMDHBDEvojvr7/+ekTPO++8szhQP/jBD0bge9ZZZ8mIiRpaQvgyvvfyyy8v1cqbb775GNnHljfdVEtQivuHBLJv2Qvi5sc//vFjnfzVr34lsHuhZmvUqFGjRo0aNWrUqPG3H85Ex/Y3GdRGWk6uvhuZSQsHdeqroevLXWoFhDzkb2lRVxfTy7QQmVS+iOeQQROpa2F6GlHCxBRVI5zaYDFuN33nHd3sNCFRMBUvoUleea5GxwJlYzIltbXmKuUufELVfzc6PRJkCo3JEZ22oOQE1DA58hJtl+B5smAQiIMsgfXGCTkrdFZpIiuLo0tyRgIygSrTGaOKCnr4YFzHfSYvY6EKrPj2tpadnUy8DqdTDaDL3QrJaUPHSWxemeM6r7Uag4nkolN27cgrwCt9FhRk5tQ2CqrhlJ2Ir7F6jLScBSBy1ay3/vr41XijDRcvXndqAtGDgnrRWQbvB8GRcTOJg8noeQTk9czyOC7Tl2ga8xm5goSmjwThBS/u1h3DMReC5/EVs5QAWZcJIHJwp1JDK8dIAA57BDymMg6RETgXT2RRJIvdxeiaW2v47JOlQvRNcHKxELVLpFA4YzBHBJ9AkEIfycJEO4M0GHogIarVNJ32JrIena+oZgGM9DcbaySAlkgzoebfxNwC1IDCQUFxWZ+rgDYGb9Ml394y15IpRISU07N1F7zkQpXTsgeifb6YqnhKoDvSgxUYJPteHwU4O7HVyHOF3r2k2fZ6FFFmIJ4bPeRqowA2deoUn9JmVIrPWC6opwfPIMTCPQRxLm64Pidf+5L6A8Gv2mbndT0LhZcieh4Z9LfffOh7t/nimx+z8fiAT239mJeeeNGB1158yde+/sUL/uuMr19Ft+82j3jc7o/YZ5/HP/rB2y9db94TNX31KS973r8tFz24HkBscVaiySmE91768yN23mFsV/c58N8uuucXPvWpM84453vXhns8/PFPesZLX/jEhyyZW1rwx99+r3Pry8nFo/mDLeAAABAASURBVJj4/n/feCdsO2YRca9nnPCNpaf+2799+ZTvXtW4LXbZ5+8fvt8znrHng5ZOzddhOuvNgDXeIczvJKGpTSqQ4Fhy7psF/C7oU6wFmBCFPp6Bwad/8us37zaG6Td45BvOPGHDj33yS1+65Ld+xz32HFzw3Z+wSJ0myDDqRgPfDAeDdS794Dd+8sQXPAAWjN9f9LVTpsjAQ3ydVnfssssuCKBvuumm00477YADDhjD7rfffvunP/1pYFT90Ic+FFZHICw+8sgjH/SgB5100kmITU/kQBL9pje9Ke1iamoqqbPHom0pJ7kQLAazY0ZI/fa3v33uqyK7Rlb7MY6LL774PzgQ177oRS868MAD521ZXDhERIxEXlpAOnzcccchFL7yyivFfrokzv/LIb2qUaNGjRo1atSoUaPG2hyCdw0fW22tVE3NGYngiMpCeVGxwj59nlmI4AqXFH4AopwTPweSDpLjAatxuZoOezJAnPTrTExOwQb0nf7OdjQ7uwq/Awq5plXBhr0RuYy61qCfa8EMM3Vpu8BYxjHR6I8XHZ9SckXBhtGFYQu31eMNWeadtNPqIm3SRNYNx6CuIPQWEjuLKJAJkOrYTLRINN94UiRALBUCiWMytopNEN9O5rEsFeTOOkHSJJmU3QeyC3bq8iHWGU4wc8cOG0K9gg+g6+ydcGkZHE4qOMZN9CqdBV3hH5PNNAEi9lclXMUeJbwg3YkfCAf2ZjgxuWjjTZcuWbLJBusuGkTyryAJM8GnScsHBHJkJpaBb5sFgtatIxUj9pKQNEh5RV7mzSeK/gxO7CuIwkGwEXdKnGMAk6aTMF22k0s2OjufSW1Ke/KyjJ6bYFjGIsOIPaER1XyGUClOFahYlW0VmuC9EmTlcDnd0klOhYXhdHbI4llZYqpDZxJWPkCTzArqo/dR2oJ6xOmAtYtAr6kA2snNRrdYI3/x1djpPUoRVZ/rwKqCJi0x36aZ88oDZbMASd2bLmavt6YBPdVPpzRgdKY4JmjIAmMXQrHDgmKaKJkmY+8bweV8SzC19pQBkwQJLUXoWmKWVtc0yiGah7m404B40fCtFZ3eNp6RKE86nELyXt4t85qu9mDhs0DhThd50Fua6z757Ndu+sX3veThG88z8ou3fvheh+DPG06AuxUrvv22g173bUSS4tEMopjmPpD/fOOm3vmVbz5rh8eMC1inlvz9c/8Jf+669eXfOu24CTfBFiI0WfouHnv+jw9++K6T481tvfvzj8YfuFuB89BgciTu2jnVUQaNPA4VzqJ0KfmF9MYM9UFV83J1TQw/94OrXrTTDnM6+NhXvxV/+I9rTrvnNy6nQ5CsaZiecROTw2YwHCw/5huXPusBD5lcoOM3XPKZ/+RShti/gV/9BjuIVr/5zW/ecMMNiGKvv/76/fffH7kqXkKrVq269NJLzzzzTHyAm+28887iULxaAiHvvhx33HEH7gX570UXXbRs2bIPf/jDW2yxxR98L3Zv3mqBEoiSlyxZsmjRog996EMbbrjhQps94AEPeP/734/tXH311eecc85Xv/rV448/funSpY973OPmbpz0y6eccooYkuAoCZVG9Py5z31OnDGwTfjLB+7o4x//+CabbAI1atSoUaNGjRo1atSo8QeiwCTiAcyetyQN5S+YKjdWEbEgwaCgl6wjBX0Exg4+C5aYeXRsuNx2I0AsGYkDwuwoxpXQTUxMTsb11xt1s7fPrCLtKjfH2lzidGJu2o1IZarWxNEkhywihkSho/mXKms2ia0xJEYiITmU8ltcUBCkT5k/BuEl9fbAJ1vfgfl7MCttSdkrfRTW6wovZVL5GbKkxhvRcasqMVA5OubJgriDSRLT6mphRkykxLQjAQfZnzrGsoK5FVqNYJNYgPh0i4SZV9Dzb9b30pg3ntxNR516koQE2YmDDZAmICR0bYfffVvPS7RbMlamy6BF8BubqYlFG2+0yd8t3nDo6fiprlYz5OX/A8wesN+057pbyKEpTYDMB7+Xk/UrZg2a1g0GVI8rEPZyosCOIzoj2Ak/BKcSbK5XKOys1LVTh/mYyT2kiQLy+LzRIXRc/5KuQrZncealG6JJo/lE60h6NgPQBAaXJhRzZ/YK4OKBpiPVC0ik07Hl80woXZTqoHYHulHqq1OczYpVJxcuj5NZFIQFF9L/zcYa6QGdtc3Jh0JPs16hoJeZ1PsMvXqjAFBYakTLdYERaNAFFjGvz3BaAVRl8+IFJE5G4DXF51L+T+djZ++KauMjNQkDqChbKyJyg/okVet0svZAy7uaylluNA0IsnpBO8v5FHFAp0KCSCmdzXSckAvmUCS5x2xYL2ksGQw+oJBA+cR/vetpT/nnL1y5Av7sWPzot539n8c+Z8uRdZ/m+gHPizIEvvnk6477zq3wJ8St3/34v3xpYiItk5Eh/+gJX/zZNPw54XnawylXChHMDZq0+LKinBUXDQjzb0nnh41H9POQSgMOfnvMFy+465ElV37ONWSnKrqAWkziLTrxWz++c4G3tT+56KNXcFqU/nJ/AQCNB/Kc5zxH7BoQQJ944olvfOMb3/Oe9xx11FFf+MIXhD5jICZeXRpbJN0IeU8//XRga+bdd9/9Ax/4wH777YcwesWKP3x9br755htttNGPfvSj2dnZ9CTeij/96U8RN2+22WaTk5O4wfLly8cqCp599tl77bXXl7/85VtuueWQQw458sgjsQXE2UiNjzjiiKOPPhoW9sJOdszIoH/zm98gd0b6vOmmm4os+hvf+AYUrhepaKEYQ0v8+te/FpW02HTAHx9zLaFr1KhRo0aNGjVq1KhRox8Kw8RdIMn4Mmwplp7PXRxciI/BKGF+UZmdWlIQMxyN1G5YalEx5ZxtZ2emV66aHY2aicn1Fm+IPwjm2hG+MjszM4ObBHKOxtdn+et1x/UMu1S2Twv2idNxq7a8HbvyMoNRC+nYaWk/Ib7SDYI6QZkmqJN0CMkTmZokDkudGXXiuwzJ65k2pvbxJdoLbUN2v/yWEfYWaexoZmY0gz2nmJmmx2QTTL0iL+xuBo+dCvAR4SVzCzZc9j4p0snzgn2XZ9tREeQuTO1jc7PTszQytKtZ3h3GLP+MeLez8tf0NP3oa9P0D2/Pr+kv+hPfg//SD3WVrLr5jfhnS7vADVe1YXpy3WY4ITTHDYZTQ/x7sB74RXSyMVMwQOTRuKaJDWkzg2PY3wybZtI3E9AMOteEZtIN12km1vWDCSZZA4cv4W9EJ/jTDEipybiWLx7x92jFjttHdRUQMxQ+KVzVEFqpEReKK4SQeUs1JqW4IHu60I/rOkdXQse1Cmfpp5uN7SyVMcTfo+nYTkO7Cuj3DNs3rwrkQL0qzq6kioh4KY5oexiNImZQZmfpB8/saDaQgTVVUFTf6tHKbvZOeu/MSjOzvpPcn9tpKquIjY/+PHS1psWaWYRQkwr6oJj1zJQilu7yhl8zXQZjzFEKeYL6AmlSxbJWhWwVjHM7Vy40sZnWshwgpkSarHJg/wN9Ka0jkNJ98jabyHX7mLizpF/UBUIWFahDUxqJJNgGMLOZvFRBi83qfJqFvLpcIVH5EuA6XbjiJ377uX/a9ymHffg7v/qz74jF93/G2844//0HLBEhKoFyP+AUJs0rOEfd9MnnH/7BS/442t0u/8EHX3HwSTdhY+YsBdziYOp7/3zQe79zN1ubXr58LvsOlBJsKdfKdU3nhq5U8sL9G+8WyFzxsHtZVxL0OsJN1/3sP//rd/9AB53TdCivpqHTwutS4uTEJ/7j4hvnf8/Vl/3HjUPOeNJf3v9F7u4tttjiVa96VbJ4xk+lG264If2fkZ122gl7jk9+6EMfWi0Messtt5yamjr33HOROMsz+HmNjycmJvD5P/j2rbfeeuedd0aK/Z3vfCc9iXz8wgsvRJS8zTbbYMoGATei81NPPRU/kWWDm2+++eSTT8aXdthhh8WLFyMsxrdcffXVqQVk33gyEIgvtN/SXuO+970v7gg5MtLk9OQjHvEIAdCpnOAZZ5wh1QhXrlx53HHHiXP0s571LPhTQ/qA7WBr2CY+XrZsGY4GPn/llVdCjRo1atSoUaNGjRo11voQPGI4IqvqipddlnUaNzDwohurkjhmL2n95dW5IAJbQI+IB5u0DmEswtUR01pEndOIGIeTi9bfcKPJqXWQDa66886Vd9w5s3Ia8fSqO1feeccdM6tWzqxcNb0K/8bvNyv5X/lZyT+rpuUHEStSU/yND/GPVdNKYIXBTituZaZN0JVZ7kiJLXWHmC//8FayuWHZERdRJHAs7HZ2ZjQr1FYQLjFc3Bd24847qP/YsWn8uRP/xi7fuYof0M/t+OodK/EYV945vWrVaHqmZZTMBJvrNFJnp/nwaBv9oe3vwCemdQzsOf4Hg37fccedt99x5213rMTft9Ofd1BP8F269ztpv9gMv+FO7oN0SQbzDnoJn8RdrORTwK9SO6N2emJRs+FG6w+HjorsIdtFVtEM/WDS+wmwSlq0Fp9QsuffA3BMfRr8wcf4M3SDRfSWwRAUWeDbqFYhPuNIT9k41nHHZGViFR/JuwM4TSJ+0GJZqj+d1K5MNQEDoedWCi1SzUNNHtBjJtUCoNv0Q14igd5Cf2Imo6VCgrH4CZRf4HXylOYQui1pD0yt6O6K97Y8RPrDpHtERRRHCJ0RPc8Ght34PKxNsaZacMSS96n0nRGtJNeM6qaZElwhdRbGy38EKXPqXNJCqyMGS5eL6Tbp6Z3svVid4cTUAgobD8sh8rYuT8ipN6KBNjMO2a/YSdN6ASRfUmsVWGmLtyoJ9UGd9Jm1uzQIisXFxkNXdXArZhbvLII5BZnljTalYu1gKcqgaLXxvz3nnc//ymcefsgrjzp83x2Xrnc3Tky7wDW1+L5Pfde3d971DY957ZeF3OIdrxrxSI7LF773mY//yevf9foX7L71H6aK09d+69PvfeP7zr2pGTSWsdUDwsEbDOLNn3rBE+587yff8I/3XXxX7ay47ONv+ur93v6W8UKEOGG1tOTCpyKSc8KrXb2mhhunZvT9sJqPEVJCg7ZqBr877ZAXTH3wuFc+dqGjVVW/vI06Qs7+1MxwMHHOZ694yR57bz3+lpkf/dd7fj9cfzigxTyYekPKD3+ZWLJkyeGHH3799ddfcMEFUukOcfDGG2+McBNx6hVXXPGpT30Kkw0f+chHXvziF9/73veGPyMQ/j796U8/4YQTXvaylz3taU/DHZ111lnf+973DjjggG233fYPvh1vJewqsmNkrxdddBH28Ic//OFXvvKVdddd96UvfenkJHmZ7L777k960pNOP/30X/ziF7gL/H8Lp5xyClL1l7/85fe6173wPBx44IGIsF/zmtfITi+77DJsYfvtt99jjz0W2i/SbUTnv/nNb/Dx0qVLhTUj+UXKDFw5cJdddpEt8aW3vvWthx56KG58xBGFq0Z6AAAQAElEQVRHlI0cdNBB97///eFPDTyuJz7xibjH73//+2XJQXz85zRbo0aNGjVq1KhRo0aNv6Ew5V0htUsrx4k/eKcl+9SMWY04stjZVosXbaqtQVbsseYYvyR2bBLqyQWY6CHVxmoICXTT08ghFi1aNLXOehts2M6uWnn7iv9BgDwgl14RUYP3ptJzHooV6F4Rian8SKNGB+EdF/vytqw8f0FPECT5iKjYTxwVxICDyCKrq6XYoGwuNQBJLd2xHJmPSOGTaf2CLoInW2NxRlVy5BXdyPpp9Tz2MCDdMHIMjOGgIfKjKm1S/3bJQcLQETgzGtHV7rgNuaAAr71udFzEvVisUtj7lHbAdcJkobxkAtL6f347QWKypmBpN63JbpNgHVlrt8HGizf8u79DGjAxMQzRnKsbYjBGqZSQ6PXkbdxjS+7P1MdB4ya8G+AFAN0sm2kH2zldJER1Q2eXnzidiCeGKj2jVmdjTxCXHMcjZBkpmNOBWISDDoGchFRxUa5hQ2Ny8agWFXTPPqbLXiXptq1eCiAQjZtFxCWN0pu4YljUE8VaSSAlHR2gLpB3ufDn2hRrcBFCCQGqIg9Wg3rQU81KY0gK6WS74frvV2St02m6RPQ/WYthmUApcAlJMJwuaXBZBw1JLO21f3oDqjhb6DQXIIU8j5ALTgCR05Jzklr20EsNW2tIddJ0LFZ4MLJIl12RmOV2ZM1Ds8RA/DiGE57RM2bR5MDYAp/djEzVjW9VBwmeExWZ60vNxA2XfOaN/3jy68J993jpM56756Pvs/02G09OrVeAUyR2d/7u2p///JKLzz753Rfe883HLzt056XzXFlTW+/wMOe+AjKZ82yXNLo45/7+nPccfPa77v/Yw5/27D12u992W2+0uFS4Tt8xPbPi11df+Z2vf/rzH/uvny9aZ2Ji0LQ00wbmvwTecZaUuRonr5u/8Np9P//xpx5x+DOf/MgdlxRNcW9/fuUl3/zSv53w5Z/PPP/kY/q9pBK9ol5vGk6LwTzB5tqjEW7X8imgEZ6PVHv2IC7KYOp0hm+56tOH7f2fOx906MuesecOWy1ed2pqkHs4O4NpuZbs7AObNdk1LkmM4cWf//F1e2+9ZX9XN11w9slTMMHzLJ54KjQMf9G4xz3u8YxnPGPu8zvttNMLX/jCk046CbO2yKAPO+ywe97znvCnBl6Ez33uc5HhfvjDH5Y6gYiA8cFee+3l7p5hEiLsD33oQ/j2888/Hynz4sWL99lnHwS+4lAB7BP9hje8AYnwxz72sbSLd77znXvuuafs4oEPfCC+/d3vfvcnPvEJTENvtNFGeOAHH3wwUuyFdip6ZwHQSQ2dXDhEE11u/KUvfenkk08+7rjj5JnVZdyM2B33XnLtY489toTRNWrUqFGjRo0aNWrUqKEhX1ipPpwXIB3YYdktvLlwX/4r8LfoAdkdg33/tRp8TlyJ2eUyJpNkLq3X4jffrkkLuf066yze+O8ctKtW3Xnd9b/jmllkoNuQnNa2UktPDXW8ZKKMGwWn8JFxa6MIhTEIrxMWlwv+LcCITIEbakjxhPiukpdDp0YeXDIL+0Y1+nTJOzuDkHlGFH6dVpmHBG2Ds7XtZpqqK87TAmL2zA5DJMOkG/YTBKAbJtRUXHAkbIeghLAqxV2e8RfLeUntKwpJr7todFW/jEGGrW4wkGMmg+ZOBMVBTyKIOTGVwhoQayKPEFI3K4DGnsy2w+Fg0eTmmy3d6u823JQVxiMkIpgoQILM+sVmEHG8B7IOW7slHIMwesvySLwyJprBhA9sLcI2K1xHbYDv9kioR9PkO4qcReoqUpFA8kf1tBycXU9jUKquJgdMjbXIYCwNVJksB9mQ5YOG/rsuJprntCCbvifkewBPOVK5ENKF5aNZyfD7+GJiCsksOsbGUgMiB03G0VF5fDCSmM6i610Ia0u4NfGIN7vH1nqPs12v6mjpDuyk9KhTxKv+604dMHQy8DYF6JE7rq6as0n29lTLsphvXeFDbok4e5ysQFThLFdiB5Ij490nDw36RT7zemWyIpiud9YdN5yPCuq9EAFnISpFyFm2aH0S+yOZ8QfkkkNTIc4OM3i7sr+8HDqnWCTdElzZc9AqqJ4E14POCu7hrS+pKpkdMaMnswn1N7Sz+CcDcfbXl4QXtt+kXBOXTIyb7fuGf33LSx6+dM6Zu/rkez1+GeXVeDOZg6SfgXNEDeU3B0DrGGgJBM34XKsQZ2FG5PxJQEUhw3A49PQkHRfb5EepJEAJQ9GuB8BkpOPPFGLT/NhxUg0HF3eKo+o4NUoTKuX3cL5sZN2R8edGjKJa3p4GkEyNKGHlGzXn4CUf0UXNcUoVVy7rGzCJiYlB/J9chua4TR3t6NPLmae+ZuGCVUelT+IG8EMIh5azqR3O9bSqhGu94ulauelrP33Gs3ds5ILWuO6Mgw5820+GnI1gvTwlMy664gr4PwrRQWMP8TMMAShSYKhRo0aNGjVq1KhRo0aNGn818dH3v2NIurWGkYJo0FjbxlxCeCtzWimg5mWpNBMYRsxg4LMZMtj0jCDxO31DsmT23nSENfG7a7jzttuv+dnPVtz6P0htcX9CbBqWzeEbRALcTAyaSfJaROJw2//8z1VX/vSqq6+aWTkzIGvhiQ461ssRrXAxAxivUmbVAQoGxP0z2G1SESxWdDNmJdhrsNnYiCAiExcq5SQiEcgVIxCRDAIiBR0xne6EYxALZjLUEQ1oRRHIlQmdIMiGR1MWRztmCCFoocVm4IZMfLBLQxoEthhVJBJJM06i4MBkwwu7JJNPUGEyk3HTFXLxP+ZfbKBstEAUwQKNaJvBUIcjmLKa3Ztp31xEkvBy20rVQTlM7MXGm2z8wAc96KE777x0yRLOUnSuG4XR7Gw3MyIribbpoGFDDtpNpJSBMvMYZrtVSKsdqX+JuYTRqtHsylE7g60PB5PNcIiD0s3cOVp5Wzu9Eo/Z8ZCxQQcSnzYilEYaH6jiI59eb1idh4QFyCLo1mdF16yV00SBzNCQGmv1mJ1IxKXoIRTOAlKokG0BpImo9SQNC1r5N5Z/O2PKTiXfjnce1OtXFtVrQUKWLdIlpCdR2n/0K46HNS123HFH+JNijbXgSIkKuaWLZ+SXM22yFl6NyVAjuWVYA5C8MKImOHzWMpu5h+n4C1xPF5ALulrDu9SHYtIDk0C7DKadMXG58KJM8g3TaBbx8zShl7VIkqPWuMOLlVeARJlRZJcur5rQlSRa4lDWKJCG1qfJOGXDxJ8HQIqFtpY/0q7ZtjGtxJH+8/IRnBZpJpd5MOo9m3M3+LHx+/987zPPvOifPveuw/9+yfiJsy3t9o3yIcY94dmEc5A4XQ2hwTwSztx0XzZ04KLe5kUorAXmggGBLEq4XKxM+ZzWY/4cJQvQSKe9FsuluT42UtZUEDBP0nTsE8Mhp+K4RoHZ/+NHAM7EuGEzBJ1RLING01LbyYXScLqQi+RirwduApTbW4YiWv1KSJ+KcqHhVIUfuE6W4XgZIeBDjjSD0yxNOQkqp0BH1LWjHQ/f/UED6GeOfv6Dj17W+EVySeAB4N7xkwr+7yLpoPGj69JLL91vv/2gRo0aNWrUqFGjRo0aNWr89UTM3pyQHjhzk4D5xc/6nFGOqB4WhvKUtfi0FFz2w7LaEUNbknDRq/j1WxTCDemk8Rs/jMTiF6Ymp6Y2WLzFPbe9bvmNN9967co7bmuaCSYGKgtL/MGL9FC0iWA9dvQNnTwtCgBNDfO39MabLQbzISntJN/Sxa5DfBVEztxqqUMyIOadeDledhIWOAMd80aCFTGQSTArh1MPucOM5xmpCoziWl0soRv4yeHEgMtkiRQ6svCZihqGwAPW8RJqXVctOkVn546UbGrx6pmcyHF5kT9LLUbpCTszUzM4KpDJjPIfSUPIHmi1d8cFGLVwI52TpRObbbDB+uuuu05HJ02KmiE5p4ekB6dOTs/ivkZBzj7VIpRkBl0FLe0bOQltOduOVnVhljMT6wyH6+ARt+1K8s5etSqOZhEp4wtsDOAF/7OfMwFoQzF6glxUCqSC6CAXYVR1qWiclUfLdamGGEySOjv/skyda3eZcQI/DHrtBsV2SW4qaIck0OQgw1BHyq7FAOnMKA0XKTqIPQPzPn1CKJG7e6u6/2ZizbfgiOlqSrRU1kAki/zMmgF04YI4taRZkt8tV2txAcifkBgsX2NzZ2FdUxGVOTtxpfEhqu5ft1IuDAC2SIXmYBcLFgyFjw/YvOfsCk7qaZnX1QBazGeCJFwCr5Vxdkvxehc1f+DeRy/pItmRpW3IOV2mMA/Cu/UTpzhMQdz2eULjN9AUHFBSziV0nRKk/oL3Pfvvv/vaU9//kjE7Dpc/3pzJ12mnLOrWG1wKJ/IUqzmzALZsh7g9TateuwTBaw4yi7tFkJyvBx5fJ1OIpMJiPonYuOduGxIHncDI5klJc4gdfkzx50yQJK+qqc23xfOnIKnIsYdsPSw+15Ft+WXhSVoKM5CpzS7KIsER1LeK3VREFM+PHU+sxPtD+/Cn7bgVQA8/w08v/Pfl7LYCJLWWGTSEed1D/vcC02KHHXYY0ue78EquUaNGjRo1atSoUaNGjRr/N+FsGXjGHgnjihCt95o8jlpJq3inoRf1E1baUHzp5S/ZrKtVYwTXqJ+yY7lpyyQlkBdGZNEYDCcmNl662Tb33u6WW++46ZZfTU/fGVWNSiprrfsV6Ys8fvmOTETE4gJktTcbK+vKcDAdXiM+FR6yZTMB6Ea0wR68aQaly7RamhluR3qwTpcsM4IMphwkCw/+Jwq6pUqLrS1+NqLDjUpvZMTY5Dny+nJSQE8MBsOGDThodXhE+jxD1RAJZbPqTzVwOvgOGtMeRikWxq7YDVuQKHkIQi9EAc37l2N3rK8DU0syGGE83vBwUe9I+9wG5MRk2836v8nJ4Xrrr7vh4vWnhrR6nkTkYg/eDIc0mOIeimh5lutMjth4gPclLiPY9HARAGUgZmdXtaOV2NPhcGo4XIQvdEifV94xc8fto1V30lEMh1TXi4BPR2X9ZsloG0m85A9IU2+XLY251D0Ty+XkfKGMjzkbHWtIjBBMlK3O2nKFMiGOihI1N8HkR9bHy25cZlnyi+1pMpEU6+gEatjIN6qVCBNDhmVp2HG4vLsLe5u/zVgjAbSL2R9DhLAs8mUvlsRVZVPRvoc0/4Fso2LnaHkRUOxItyg7KuslJfpiJ8YxctHGNBezJbNzVotQL0g2/gm83IHkvaLGjaLG9TLR2IwVWc1MiR3XUs6MyWODU5b2lYPXarCS9v+z9yYAllTl3fc5p6ruvb3M9DAzzACyCQiIImrkjUvc0LiBBo1GcfsUMXndMC6vuwaNcY1LNGqiRo2SqGCMC3F7Ja/iRhQhqBFEVNZhFmbpmenue2/VOed71lPVPT2oCSaMcx7antv31q29Tlm/5//8H8oVUuILcASV3gAAEABJREFU/ShwSGs8VaoUcJGTnp+scnD0Lrj9J5z/cPVG7MqJ6R3bCrAdZpCYcBNsLbShIeQDo/c8QNLOpLqJQOOj3jzgnxq79El1BqxXSbUtmKSiAhDKsmE271tveexJ//ayT77xafe/HXsw41AJ9wtKMnm4ZNksIqqTPzmGGPIawSG8V1K2AJdhil4Pdif1IfWR5L2Ohki4QRWUOsVDR/1WYcQf1WNYBRi3HCdCsTaCTDwYWgePtUSUlqIhKcKID+/UzcijEQeKqMnMSQ2CqCSFTavgv6rio4H7VwA1uzKViJVhnXiv2mTSFDteGZQK6/f6nrk/5QTxroKDaVGPG3K2cmQwXRs2i4nONzhW8W2kPv1p97n9Ev48/MH/e8u2cgbtUyQ7B6tRwkht/qfjGAqTI0eOHDly5MiRI0eOHDluawFP/Y7NAwr+27ZiNfo3GpMkbSIhTa2pmPdSGymkJoX6ciBGtqyJwg5L1AuQdHAEU0W2izXdItSy2HaOJFgF1RQX0TQ4hZ+amj7xhBOAHIxGzY9+fMUYfTXZSCJ2qDI2lPI+EQ/kFyp0IwUeufVy1TMrkFH1zAJtEQwGQAC2KlA1HbCku6DVsdL6Du1K0fAYa7JbDs8tu9BRATlIwYSRbKMRwQZloIJJYBGkgWYdG3X/IoRl4jxQnabpI4Ouep59NtFBdFiPSLws8rcmSks/5pgWZciIm4Cye+qRSMy9sI1y1mh9YFtTZKEo4WsKkngDheB2eSqko45ihTMN6fKiJWPpGp01EmKanuyvP3DN6pkZh1sdncJY7sJm0X50ypa9Qaj78M0GkUyoR83CcDSai80C0v2ywraNQJ9RvwjJhclisgpu1IznRju3LuzYsjC30xnfn5gCMh2rHkwaxwtxPIrwYtSQsA/+A9pSiESQcg64Oz3jFq9SZUmdkCE2HljcBY2P4ouBmvbWI9dKusXSF+QkpzMLyDu53cLiSDBOGK+g7l9yAqAU0nnRvdIvOhBGFelytFgajQcV+Tk3KMR18bHgBpv7U+zDCmjKRaT8AR/oaMUZQ+pIog4QVpT2JiSLXHEB7+TI2NmBeaVqnsXfXJxjbOdMMkoBW/7cqlxVchzRz96qBl872mkz0FSzogJnGdo7fvoc4jGclLlBunJKEgxHEZqMLKP1XRIoy5XkVAmsM9R/WE2NdtI8pbwZNIuELJ0HUy5ACZppkzlRzQh6KMG3uP0r70b01MGEnu197Y1P+t1vv/wTf/mM31s3wKsNBhxZMc4iNDhSsJk1+l2gxFmVwg31MSh6wJEBqVu23jCcloutATflN1FxbLBWpfGcU5WsFuwa8Qky6TjSbceRSFn8MahmxOvxZzlzEFMPIzcqla6HEJ0eIC7XYMN+iF6Jt20sEvGIv2EdyS+pcVySEaWbABo5aW9XytaaoEbhjucIdzByxTIks+b/F4BkP4SnP+ae65fw5y3f+sLfD2KJ5TnkHCU3Vfm/EDly5MiRI0eOHDly5MiRI8eeQT0CuX0eW9UaAnz0mcAGo3Cl+71k8ilV2vIvtWuzrfTNiCex1HpL3TL1HjRRW7SRI4WRimiU9KJTbmMaUw/NwmBicNwxR8GD9soVk9dcey0gTUYengt/CX1z3TTzAXTsJC6ZHDiRNovZhI3MqR1ScTZQJhARa0Sa+EWDfp1oRVGQOpX0v0hGGp6zbIH8S9JpNHGG1aVeeSjnc6QK5n0buGCa8EOF0l3LTgwOFczOass6tMVAiFsQoaYvlqgDRosPBZrkwV0wvnIu4RhcFXI/9tQJzLBBNyOhEJguWNUDO8VjUfEGJwcc2ZLgb1KkM0FBztEgJHW9qli3Fujzqn6vQjpODtRW7S4M91z0jaFejUjFi36/7LuB9f3a18PQDKMfNwu7/XjODOfMaAEQ+HC4u16YHfUGQKvndu6Y27m9Hs71K1OPR9XCyLhyXNexGRpf46Z5xCNlr4Jzk1TnUXXlzKHpxEF9pychINMZaqjm6LTzjbQpxIkoNUDydTi4VLmu53BH3ox6SloKMzTeTr5c+FKILPIXfau4GNjkGxDYXcMmwSpNi6enIp9Ap4dfUtn+Wx/7JICONhE4dr5gGsnVD5rAYPsKLSLhMc/EZJjRkc5zPYnUmXQHV8XJkrYQQwwRX0uyTZw+XPsNyX9YTrm4VIwipQGEv1V9LfyX28zKBzyqxCinJbUPZV01XvwoCGaz6Gg0oWe0mV3UgTXy0GO0sIQHXzWm0V0X+Ypikwe6YDAbhCRW9Np8KwhBhNuqoTbGxLaUhotB5A0rBiBRabWhEfkbb33y//r2S859x73Riohm5djAgmscnGnTTqwTpiHWaeoIB9t6hHUcODqjIryMQSonrOMWBMH6tOfJeCRa7nZoODlphEqzEUmbqwiC9VEIzw729D9aqBx4GqC8Iy9pzkhwPhW2T0yw2WefDjO5FFGZTknuVFjGk1IVlCTmFrVGErP0OuhZotUkUW7eRm9I5PxhwsGvetjd+0v48w3f/egXS7SRpuE+UEeCSK16vcmRI0eOHDly5MiRI0eOHDn2GiKVUsoSha+wuUAina32d5EizbSUINWYOwV6rNSTemBSfLVLEdtRLmnHJ3ZPZM6xNI2pYmPGY2cnJgZHHXXk1NQkQNAbb7xxbvecE8UZ+25acfOgB3uCoOzLQLXP1A2QtWkGn+sLQi4F8VnW+EXVxpF2uEB8TZJFLjFXFVuUR/ko6kb8xeAWi8FLQ/gY18OTik52iICbyPiYaYOjL6LOjxm1RQU3VbaTEwgJzAPhVM9IiBRxhTSBZAdTy9avBmvHI+EHx56y2ObPkTrPmZi07BTJn4SpuBUixkJwgtDOsas1HCsgvYWtSFJoJ/p94M8rVkxVZRGwFB4+pAPM+wb3sWcAbUWw7agdVom8EdtSVsHXBoXXaDfQKytvy1hUsNdg2vF45P04+pqoiG1GIz8OTbR13USA16FmwkatKimqXmTK5JzYudI28dGkTYrMlNnAFHZNU9dSDU+8uu2Xxu4E6J2K3/JGHVBJo658hyxWo1BDo/XtYh5rjZ50uB+5W5saDdApSbtZrDbgYDU+JUv41N/P+PO+24TQLn4tYmj1suHLXa8o1b5juCXzaUXSHKxjTsmquOic6Iy60bRSe2vVhRonl+Z9mkGhig+eANfRy4CRlmNEk2+tmKST/z4bfES6kPA64YViHicYo/puHtcZqoqBiKBp9Vamz4O6zvDgRSOeAHnZkVYbDhK3TJUIlipZyFOYpiw000Z3iJTQ4S8agcYuiNgXL8pSRgW85r755iedHKXfIG88A2jyF5GBg4aFRjB94axkj3B2DRWAENAtiLxH9vXHrJbVo6P42FJxBPbyxT2GI6KV8h4mupK1Srkq9gPS3o1i/FNIi1rcOmroR61+CZwbk8Tw4kwSuZ6IJuVWCph/o9GlIEsNWS0sT+F7Dw3OQvk5IcJtEZXgWyP2+ny4aEBd++S7LdN+8G8vK8wk7wLOWZALSvM/7gGdI0eOHDly5MiRI0eOHDlus9HWfZvWXrR9TyayXRKStM9JZJXmQyCA/Df0L376ZkyJLpdqlJE0fjwdq/XgyddR8zaPz9MIcxvX+GHsD/qTk5NHH33UxER/xfTUpg03jefnLaNaT1LUwpEhs5ARot2EnhFm0PM5/nClN1OLpFvtgHKBgpZtQhgBJ4ZM+4dLrXmzHZMmBtBl5XoVWhcb00r3DKEKog/YyMogmqC1leJ30cvCBFVRVFXZKwt4EVVVTLXdAum5SWJRFAn9B8vIFZVvBKCLwGq90qLfMmJo3i6nwkzb1tnH5EJLvtVC8cnowzN2R7V2KLGqGsDMxKB/wKpV8BspDJBip1pM5A24n9CpGevaPYoDyfXCcD26EWdu4P5AnG1/skQPiwlf9ouyj4tbmDNxN7zoD3rFAMvJWdCN4m12naUMACAOOBb1uEYQX4641p9RE+1+0pLTGYnyP5IVYgPDZkxgHB1RjPgjkPSTSA4hP0P8Hw4Y9Xpj31rD2QWijOyeEgVtW/LfiOzfzWBOkytoJVtoY0zOZ3SUqZTV0CJ9yvSY7pm3P8W+CqCZ7i4ica3MWTFklJNMka3S5W5EvvpsGl4Z+qYKEwW0XJ7g2m+JeldYZppe0TiNJuQtYywZDRNH5GxU4douc2Sbk1oFptWUYSlldHhM1qVHdjTnaUWMLYkfR4JcvqQ48aLKa8mw8IaKJ4Smu2JyvbHqgSMEm6A47yZrVHodxTEEDXGAdXKrPUodUY2D4FxMB2HlCvl3SBdBXEfHbtiRnbW14IE2hHh3Q0LhgoY/dOdgBbTkFyg7haYWVE0TuajCBzna2BHRB1ENO8a6LJWm8hiLPvGNFck6ryiuEg1u2BHSSbJW6iUKyVOpZzdcLgWtADN6PI6xqH1De5h6J6IUO2B32bLAah305iY7Jc4k0ClUUtoSVdS0E4NpU3V83Bikc7GHk5ER7fzr8T3Ovt+dlp7BP/72P2zqOSkqIncnPmrR7W9jWY4cOXLkyJEjR44cOXLk+LVCq8ONYuZFmuconf2s1Fa32mb2QTAdFMLfUSpDfsLaqRDInQEUSCJoT4+rQnYJG+KTe3RsUcnGFIT5kAki3jRjbE03GPQPPezwfq8/PZjYcO01BT+3k16XZHDSc4l6WQVuVdXUEfEsWmSSm7K4VNDKkx+DU4zk2fSUYEWj4Bqe5vuh5Dp5ah9lYiJLCkzg6b0AnFPZXr8HDJqxuGU3BoZGzrHFCe65oPJyfmwnrgM4pVe4XlnC1/tVaZhwYKAEj/coQSQ0LE1IynN3RBYMNuyCgdpfV7mqJJbtLPsFsB66I0un4nCixz4IrI9i5gykxbEEOqKhKDMUO9HvrZycqlyBguJA0JYJFPuvxprbNMJMXFFhE0lAuU0DxzmYhnxVPbk5z4dmRJ3Ayqoa9HqTpqkX5neNd24D2jGYmJjsD2Bu2HkRUwYGtr5pCtgJnkybtaMWV6fDdKHGVIUpbCF+I0R6S9Gko8NJw+JAcnzGKnpiU2RwiucIkaJA7s4xyfnTwWXgg37ZaPA7DjH5ylhGSUTt4S8v+n06n4j7iSUtz8iphJEl15ZK5jX7Yvew3v3tj30TQFuRz5vueGdFDS9/RWMThbZyulC2QTpT2oSljREZsuQrRORrlDMn+xatT9BCBasCZqK86JhjGIgSDbYCyDVHFaMY62O/PPXHEH8eyGWpIjcmuX4n+SgqXU9N8RLijUb/kMEbBwGUB7OomFa1obyRkaIKKwUc4pIvOnEYEtmqh02FWASNml/Ev8HRFJ08j5SoWILCUXTfuJ64HK+rZ2NJthTp8rMiT2fuzSMnD/hIw3VNiMzShJ4GUavHsihLxvLYiK/xBeUA2cyEWhZIcgFuL5B5xEaCdPC5KISzszAZbF5RlcTDyfNZqorYSklIvxXRtjS05HtmiekszLtFdtXgqo2IrQK5uy68Aak1bhVIp+Y0Z3YAABAASURBVAzu4OgKlsfDNNwxt6AB0XL9BzXbbcTUCAcsbOYrp0rAMiIap3iQgy0Nf3jW7x21hCoPL7/wLZvLabh1AKDGQhS6d3ojBzVHjhw5cuTIkSNHjhw5cuRYNlTmJiJk1nTuScWslJLH5EUg7MIVyZfA2kXzNVHUn4mGkFVxKjAXuTIVP0dTOKXbDDm4xxWKcS1qYZGEoCdnMKvXHlS6qlfY7Vu3+vHIkE8p1S4baVpFtgqkC/ZsjswK1SCiL3mepm5RRuTBBvtZsZIYyETD8mmPXQeB7TLBpcnIHDWKabY1rXFwr1cgfkZjTBcVxYgWm7ZTKsiN4CYCHfo3daZDGXVR9ao+OkqThA/Xn8grri4hCkAiTlxYCYNQ/fq4qT33s4rk1IFK6rJX8GyM2GGQbalLRrXsMsHeGQ026QpcXY7IpBdJ4YdvOHbTsBMT/ZXTE73KGm5JyGbSeg4AOsJDi+bRJdIseomdBhEdwfrXwJ3DeD76IXYvLHvWwc6awHaE27ftvPnmsDB0/Z4rJgBijMbjejSGL8MBrMdj9EG12DQLEH8Fx7wQUAOQWjANsn1L6QLk1YF5fG1HaNmNziTwpkeJYigsG7Qi+QEig0eKiFEsg3MJjHU1/zEdXFRDtkXw0aj/LDE9F1NwO0+Vj8pcHJ/f0tFNRc9RgGQnnbOfxD6sgBads9X/LfpgkeVQy42jFeEvWxGZdmwwJrFrKZewsQP70sLEdFpHC5EGd9TSPM/2NNJOgUylNX1IiSax3kl0mzBkSPOPulZWUic4dpBbcdClK3KPJvXiLNA5nhMqws0djQ/YVQ+Hd0ltWSHiCahLBk/040Hcj8kNw6mYOqFkbtkqhTOpvqCbAnCUa+M7AF9a6B/SStZpeViLgVSXVjd5dVhZQ1QtG85T8eXPy6A3maYbvs1Yocxpd1NbXEob8iID2VsH+pRbGDru0EdJ0I4Hko0J72vT27RFXGTBvkvo6aFae0lCcsPTNqcRYVAzlInVhryy1YbMmmm/wMQFy7ol54AknpTotELsScVu1rDc/uee9eDP4gTIwWlHlUXZ70/DocVbq8VbL93bMMNbYO40K6Bz5MiRI0eOHDly5MiRI8deIt7iM6Ntf7fIJdkHWHVetoafrtsHUJe+JSQlqge0SbXrRh7Gg5hPMqbBKZzYddoiiuyrCWxUiirgFTMzhx15e6CxO7dt83VdkKAsKtMh2owq2TJwvzrhGLqhMU3JvhbWtDYKPoh0mtguaadr6o9FAloSMKOkj0wqOvMzZtBHc2IyPlZcIt3CcMYNbbu1NonyYCGJfRvi4Chrg8f7ClXO5GCBmudYlOLvgKwJdW/cmEr2YcT5wIvaeoQ9qHtDdTGACPT0cIKCyNzUObXvsIKnWPqMm1k3hRcNsy8Z6XBfK9YKF2jBMTE5QG23R4cOIk2BTLKpDBwL4hFQwLER4k4QBCvHYdNhD9ajUA+jr9H02ZW4K2MYze9emN02Hs6XiIZRZj4E/Dwa+3EN3yJkQoXmKCb0ZJtRMElnmSCxdscSePI9CNT+S7qtEX32vP2BDUEoJ4ESRIuF9kC3LfPnkviQICtxDEAqVThmUETJnDoHWIHOBAEJv9jkWkMJDTGq1VOD+F4QmEXQqlVbC4AK+xe02TcBtI5sgj1tq1QVIbPwWUm1JcpqOl1cO7OxrZJYYPbSLAR/DGevYxsf05nAJsm1lpdEXRr7/tAMBIyzIUXkXBHkYYp2OOcrJVBfTfkqDbt4zrNtuUmAWMZmowpkJ7SaB5eGhdJsdsGK5ZhyK7KVJurNwC7qZ6u7IZoksCbDCjIJ6boKtxcVXzbW6mHgj60wa8kGifW1o/QfKXzl9oBLcdpM0ibyrsdQSLeJMJb7dNnT8GOEKqd0q5XhJkij15C02WypTfJm3jbxPAlaXsFbFNVNhfKUyRclMei27GhRzkoPbeFSXszS/cNg817DAJrXBsB14dojR+tPOwd2MQmXLQ1vPIfGc6IsMPUucT9QQQs7QHHLg4INpmXo0xM9tsnsHDly5MiRI0eOHDly5MiRY9mIUR90jekANWbONr0TOyQ6xqS5EyPh9ivyJr+QqSJbZQTywCAsSOqulmmHwHJWcYx2UZ7rqbTakEmEZ54zNr1etWrtgR4fk4vdO3Z4gInOtL2cHMmNA8lWY2sToquTwA/p+wQLiPAMYXEj3tEkoOaqaTSiwKJnepAnb2MUR3MHKH6071Xo/WCYZZIejh/KafOxUh6VsKqctdKEkIqqeSfzTimAIVDBNBMaEix6ACfepFaEDM1j2+kO2bh3srfRfYIodikWHDw9/Ub7DsGp4pFKPsvWAag1TUCZG7mMqFqbG3SRNBu2rldVuKdIEI7yOSqRt55gPNL4hsAqu5WSO7Vv8CMUIA/hBzA0nRUkHoedPL97vGv7eH4nMG1XlRZZyHg8pMnISxoZSDRc9h+MuIyiOSqZqRDNN9TzTzxYqHo+UkU9RqDEBkCykk6ZwqnA2Qph4+8YdoBpFPdZ9tXGUw7tDUTm7AwXyyueYrNTqlLnhpnE95HNADgnIaaVXl98rCPJz00qCbB6XdDZEvczaLNPAmh1XxZhqg4nYRFcjgkVikq5dWc2UTyfY9uCMH03OtNCxbQ8GqWAP+PAITroZJYU02Dckm1iwdyc1LRAl7znSZJruObCaTUKVTKI7ljV1kbQauTSEEPexyzd50GyMLIViD4FVavcGl3QjUzIAy9C3JajCivm9XFEPwNLgHm/OStL93zTwYwfonHx9g9ktMTXN9VbIKQWobcaSRuxsOChPFK6rmAfeU8u2+jd47GkRZXBfE3bIPxcGLUljA5DqW3IqMkwu5d0HrdppdsV7inYRVylQg0IpfmrxZRcXHTvJITMhRRREwYs5xYJOJNxJ4UzlGEr0k1WEpdpZKH0lyt6NfYqNLShBVdqcC9aGpcjg2JTFKkra/Bc6qLwXYZW8VGBkZlRPBFzG4LkB1gYDncVuivwcEtnFaQZHbW9rVy0sft/BHLkyJEjR44cOXLkyJEjR45F0QrIjGg3xTHDLJbdLRPyfN196EzqTsEOlh/2eUFtXyjVfVnhdERUqalbYFUbSmyJjgBqLEhfjQ4Z6HLgTW3sRDU5feDBt4On5s3GbN96MyAAF9p1oCJiooiJTlgpK+fucya2f6ZtDFElwTHCcz0ZUwg4wILywhkx6kRldFmjuwMqpblJXbRUO85y1sDKbv2+WlVYwdXMgMkAmnYzrSA7ZRTcMMyJ3NCTX3A0qQVYFFDEZFYwsho+OKkqd2Sh6kqrDRfJo8RpGTv5nkZxEohMS4FcoIMoaXt5RyJOYUcSmgk1NeSa/YbSAwULpZEjEW/m7lzkQ00bJubUY4+dAMcwpQUkbgpy/Bg1c9uGO7fGZr6sSlNWaHQCb44b9PUmwoFkg1k2oiggKCWsAPaxbGpuJgmLQTQW6EwR3TqCo5JMNgK513JaQVxqWQNOdMiwKTM1JCvLUrX5qLJunaa57pxaYiK1sYtYcXrJ/uPoAIs/JYvp5WjqmYetIwlLR2MSAOTDkBI0+0/s0wpoHS0Uc4ocVcTsJulW6cRh6bHR0dQYLVsQ2atVLI3DXODhyPAJukQgLBc9uxNRC0FxUUhTWS648Oo9HRWXB8fKX83AeDHTEOcNix7qApE1ESeFFTEVS1hO1FTUADBQ8Qd2FS0KXjL+ic4PnGQkz2aCyWRSTyM+WYCgwpdX0rPPg6WRw2tOUHYsOi9Tuz9qtUc7xlBRiBNtNy8Gkmyp1qAjGWZtb5ESSpIpKrjIxdBgizekYBpsAIgWzSSRFsgeqOEf5wMLGNk8d07E3qNmVI9KxLwFef5wJQzuKMx1YiouUIbU8Mp79rLAAQXGDqxmEfIud0F2zxeBN7oB0UGrKI0JYxwMdBXbLbGDUlHUNfVP4JsiC6YNvm/5H0qFjes66GlJBJ3H+9RN0dIdJfBGOQLcnDnAFCnQZy1CcjhmWdj9RhxTYpSUXWNoKOU9AxtQFBWfbEEH1Bw5cuTIkSNHjhw5cuTIkWP5sOmpmYEfi461mpmckhUOcOUwQUGRpJrFj5xRrEANN6gjvGAiGjYbsgWux4Uro/TkCkZ6SsnC4QEenqIBAAAwDAReHSpsLc6CgCo+Qtfe+tjE0bxzg35/9bqD+v3JXn/yuuuuge9wdTlSASmb5idwduAU6Ziq5VjcKp+yzYWjrlhAFJFGIrBBNOG08NmprJmgbE1bWUdkBYhIiZnWop4lwSLuDCQMkXgoPvhjz0PxYY7JrMPQ83uDnbcQfwPULipsN0hyucBdBrl1IyImD7izoW1D3htokgZQuA+so2am4UMJP8EDUg4AEkjcBj+hdGyibGsCQqzyBrIRSamMDJeaehHuRraM9smNKQkv9Hrs20HybWyA2EhRP+EkbLHIekSi+MCYuL9hbMYmNAYbDxJxRzX0aDw/18zv9vXYEmj39QJsA6wBrhJ9n4V7LIan7yGUrsOIvZ7ZPpvL33kyWAXfcANJ2JNk++1jjcvFVXJWZZtA1YkHIoynrAZax+DBsEVZMBBUZ4So5s50nJ3R3Inls4VPIbTobgLvUrIlkOp8tixPcIw18YzV2caa8hOGgDXiI7M/xT6qgDYMYVu/FWvUDEIdCKxJMmZKGXEZx6JoR0zRRy+x22+NjWzrYBT1rZjodypUEXsLtpOhJF5M3j+RSwismEhQZkakuOydFKIAcjYmNvIty/PQ1pzKdi0b7Sv11d3ColmFwDT+8irRSMeKX9qukGS8RnYXL06LBVgbbLUsIMqQ15pHGLpPRNu62MiKdYoIWqMPHmplxgLgnVgf01gbJatH/zlxqYBl0mDq2T5bNopScgzL272k7hm9que0jSCN+ZETTT2Lpv40JuIgTgUyluo/Ihkss++JkaxUguicVsTvoI2+VFaQp36UigxKuDWeTUZapG0tydUxGQCgPAjU19PVyH0d05vG0W0JhdHcNhD3tsfUL6Y/SynrsOI5HQOfHyzEDwXdFSDj62HikgYvJto2mYLnyJEjR44cOXLkyJEjR44cy0Vc7AOgJdPsEiCUQ5TOlilfKthOzham8x43VOqop5EIBBaglSWAUSAWwYprc+IcNq0KSskC9ZMi1BDVCBSRnkfs2hhhgYOqP7Vy5UFFMfLNlhtvWJifc4YYLAHnklAz+wujOXJR0NN5JBht1a9DKs9ZnMel4/Q4jY/qMYjskGS9rPFlxEoeHWhv7OsGu0OhbQThUUJP0vOJxLmR9xzLw4pCFLCFeEVICXhBikF2+oQvVg1iurppxhB1PaZmhFQnTepmEtgaqqhu0Kh6jItVrVzpXFXgatWOpbdiAA27o7SiyQ1ShY9S7nFNKJnAbmDfE6moB+bLFtO4Z5xUyAcpsQ8+pu6KnoGWgd0RWQiJEjlPhLsOZOVM4mkA6HUzXmgAQA9HeBoQJYGEAjlvIPTAmXJFO9V8G5XS09q+XgxxAAAQAElEQVR6biep7Ry5fF814NLELXKZe6RGlFzIbgqrAlUjyRXW/VtBW8K+8O8gJ6JIJ1UDikYhckGweJmtoPHAucAtwWCTee9G1oZ3DF1pfoWkczTRQ2+6QBDb7E+xTwJoAqe2Zb9GTIhEnJwGMRWM0vTC4xjPGsXEpuO2kYbQji2H/mkTfeYP2tyevhPSN9i9mcdpkUxr2OTwm5ry6VAf0uyJivIAbDui/CSIFkcRScXZZF7BPg9ojiQ7iN8MbJVO2lvVaxuxP7a2M9TzsiN3FZQ1UWsh2TZemt6eIu9CFl+L5DaKtxFvIw9iPPGi69uI2Qdfz6rbjTKYCsWWXUcNWOmy55ufHD2XxOwy0rDpflmiT3fkPcqNA9ELu6CR11D2DS3/HQ/dnSQCmjgXRJujNAlsxwse2gT+YzoPSy1Ys2xo6MYhksgv4XHc51R3YkJFZTDoAMLjIKYOiIzT7Dkfxx4kfD4EVnnzDQ4rcNipA+8NNY3FAe2w0X6DV57Xim83ttN7gYuDTI4cOXLkyJEjR44cOXLkyLHXEBsNeSpOz/4q6hMZp2ktLdtoAcjiN/npn/AuG/LSIyqSUCl3VoydMGy7BiIjJVlXoZ7NwOqAHSNqDKYBmGngkX4Ubb/fn1y54naHHzZamNsyPze3e7ctuPoYFX8wp6qquFtdQ66+3O6PjJYNlS4jP5SqaHLgoPppavsnRcXim0GupCjfBrRbIxRuAN3iDzZuAsjqWfLLhqGkJ+a1jgrnDbNg3oWuFRIiVCkLRwgiAo6EmZdFiVXdvhmNxqOmHjdoTE2V5Jb9hAvqOYhCZAQFDeusCw5X1AVNie9Q4yjSP4s5hdSlIyshc1Q/qhsRGApuZ/kxrljDbtAkuSP35sDuzPTdhjbV8DYjgw3iDsqzYp/s4McqZsfdCDy6Gc774TzsNXZSZV0w2jEDuMVzQ/ajFV2iWCdzW0hpmygezdR5kPZAFJeCqDtb0JM1bEjimGhRXoT5UBDdqjMxkTAxRJETkZ00ZGclthYlkWCEqRun9gUhCU2dTQA6SUitqqSl26VoGR2W58do9qfYNwF0YrKmRcVdvXMXKwZNVai6VOfApSEdJG105EsA1nRPhuSb3FkW+XZILrDDpKNmalLCJlFYNe/RMDq8CvnlkUibw1pnUuYkxHY+nEOUoVp12mnz2O9CtpresCJxjq4zwDup+IhRQXgSKcc2i5lwL+FaLinp3CuY+WKuTxsBCljv3ExkEeI3wvgb4SxDUxnuEyzGAVW+QaJ1qgSB0QuGYGwIwIc60tjKRTA4rlCukbyZZIlBWDfvVKyawK/zclIiS02cifhz/0ZyUqaBlrqa0p4kZbEkwQz1fo18A2KrEzmmtqF7j54i5DrtTKXFNexo7+U8tHIb0wxeQU75PHo6m4Za/IGZLqx77Ovf/acPO3rloDQLN//kK+8488/+easrC9rlgdX0pCfn84Q6ODiuZMqRI0eOHDly5MiRI0eOHDmWD9HcRYIjImKLLFtTJw6jSmGMaFWyJ+owa5fOsNXzefQ9UI01FYJ750VwR/K8VhMnmlOWf3nyGWUEQdCioEf2wNaq+EyOJJgefnv9weq1a0fzh83t3HnzzVsBnGLxMzVego97VY2qYFK5oYyMpGmOSS1WHJNlMKnzBIeSxYMoaVm/zC7LzgH24MXWwJ2xRDqM6zCqWQpdM33GxnaNIX20du8iz1cC4k66VLkOJ4ENMh6IM7AEoB110bANNHwJsPO4rkdNU1NjRKqQZi9jCxvUBHagNgRwCUCX+B+QdmkTSIayheV6b0cm1oKOyANaRNCocjOsIyS7ZaLxjGsRKXs8Qp7+4W+g24UhrTcpvcX4lfVvjSdHDia5KHcOYYRqaExEUNn4eOxHw2Y8gr0lZhtAuSPbykbizhY5EUn0PPnHkj21sjN156BKdmVIrNs2LedJAlBONOAcOJkQRR3KwmhKPRSmS+p4s1ulsxV1IB9D4UyUlNBFOyJ2QuoI0PGiBcVF0Y9HVEBa1ttr60Jr2yTEfhT7pgf0HoOclRaEbTjW5Ouoxkp3/W57rGOn4MS2g+rSxJ7hzoMEepVd6kKjDNnkiOPYRcjogMznKydG6Au+k+OzRp3jPSFo8cSIqmDVNUxDPY+YbKfB2TS50ox4dtC1QmOGk83hhekFG6x4TUg4dA/C67GhTUmpS+vSJhqm1J6cnlwnu0SXNO1kzEj5FuxqhkB/O9Ex46YHTiiJPwStZ0wZhShYnIdCJrPUOvWgU5//4ic87D53OXxm1fRAdsZw+B/nHfPoP+87ahQo/WZtu86RMq6C9Gkjm4awcun6VZ9uJOhMBYO3p/oRvtURYsc6nZIcpkejEdxZHN5sqhD0fCHXIc1oBavGUY//8PdffZ+ZRafN7EVvPfkZ/6iqcc/9CGiGmIalxBqZJGEZEd/ire5euifCuoXx+F6vfO/LHn2HPp+ngzXHPvKVfzfe/Ii3/FsZyF/fSjMEOoe44iSqgDxHjhw5cuTIkSNHjhw5cuTYSyT9p5P6Z6OOolIfLTBDH+xZwUfuncqM6X1n5Om7O3P4gzoweWbL8DAeAYp6K3Xf+uRqqLRXnZqDyuGw/JgYsGXfhUDrEBCJxljXTjRsdlAUB64/aGFhtHP3/JU//nFVlr2yQkUtcVhVBqM/BzVRIvgs/f7YeiGKMo/EcZ4f+QPiBK6ixp1RmLopUXEMRBh4MwKLCIgVX8MbaGeB8twG4axD/Bwa/ItBu+OGUYgNYIasRfbkSeKk6j2URdMri35V0hIR6aDQ2huaOdBp7JdVGFpjgsk1yeYYcHt0ceC9VzIFEeBsGLiLHTZXgZP4Nlg96AENTcRWAo4O7k30FLHUMhGWHEtUL6vrBVNgT5sW2KrEUs8yNKiO2G+QaDIZceAewT1APbpgrwK0B/QMDBoSB4iSpeqdKQj7XdMhCyyuZFEgs+XUDVJ4MFPmIDRYaJ56a/AJZTt+rSRnZvWl8GX+YZ9TngOr3dnx1GlnSnKxVcGydUnIKL2+zFLtf+y40QqpZhzFLdCMj2rN4emY7YcMet8E0Lb1IhJrDbK2iJ0DTkJZsXYRQa5+04pwtjthqibpHH6R40clmJrKYGQa1TRDT3RjRCOs1Sos/CcfYD6/nYuaRTTU0tToOWqjVGGwzjjx6STPjqaLyTWrE6RGIBbsYETmx8bBICXzsrZUrXc3zSLqX11SLGhYkNyOwG+tOGBnZGu1uibhTcOa484xsVawbAjJfz2ko+WsSHrVdYOJa2ToHHQezKq5XyKMQuse9uq/eePTT5rZ4xwYDHo9GPV6wQVJ16Gvk5Q5EOsPejOlvRrRQyjy8XQ2+FT6QKUZBa85miZJFg7N7L2JcjgRnzvukRijGDaR/QX2ASgMl+iYPSMpy7lDa3Sae+Bj4IMKzzUdx10Z+ag32GC3Wf3Ss594h/7ibT/2Mc970Rsvfq9JeTiyF6fT1XKLwmj2u2Rajhw5cuTIkSNHjhw5cuT4tcJ2fhstw7WLNXkJlNnETQQV7MHPFj0VC98VeIG97HpEDRp4eEUBc2wfo+3iNVJa4WSu4sxpuDcdCcx8j3SHIY6HxlW96sD16+9wwgnzw/F111yze+cuYqOAbLHJHCMgljw7Ce4cxb2j0OVSCSeaFWPDQPguGkmjSDrp9BrS3jVNZPUxgOFxg1aZNTX0YwYNX6VeeV7ACSnGsLkiGocgFGoKVM5y+bPgFyTdsSxshS0ICUAT6W6AAaPWD2aFVsaFLeRAWIvd9tR+s+EWfEj6HasSSW4tzcx449n2k2ysTWBPY9JTokaRHC0QyZcV+ZniZ+SzgZQbGAu21CNEb7nvIQr4vI0hKS7ZUBpbMgLjCupFAkgHDaCDbE49qkfDph7DhgnpJcEx6QkTO8Ig2uJQMt0EQc0hCj7Sk8GoGamUyNOn7M3NO74oC95THUZoiCYjxUeIrEQ4GSxY7eXGMEU1nDGq3JpplbpsJFm04TXktxMWo82JqujXU0HnqELprID+7YgWLdJf/GY6umLpzDrZqGPr8se+NTqKi0bllgcrg259YcTCQ2wlovhgEDe2aqBMY0064VomzAS47dmn68+IvJMiYXchXhxmsFyUU72DmY1tObZcDK69RwRqMku1FfQprzkNwNzMUcdL21EWy4bSVWSSijxtRSoo6FxUaf+zItl1D4Iswoj2WWt8Iq/0gWd+4DMvftD6gdnbYZZWvJKPdVRlk7JgvL/b0YTa7FIyDvuyRi2zCFr4gykBtr/g+0aDfvySGBDGq8kDo19mqbKh0XWvawnDZVnA8G2oaWFKn1Dphphp8RkZqdaJDw2tqYGbzil3OGyZmR56pzN8+Dj2HSzSrlb9tGx1StzlyJEjR44cOXLkyJEjR44ce4suKGg1dUQ22AdDCq6jWep5uiRibEvPeQYkh/XUUg/ZX1mSWiw0KIS28uQvUIXnqKSF6pNZVGhFcIVCsWCFSMLDsg3ogDCmL/YGg4MPOxSeqIHHXvuLa3bs2OHF+sByxTr342MvBGvZ0UJoT8H6Vi4kZiJM8ucKLUcFUhNIiAwkCRhYjwptYNCoUG7Q+Jm9JGIQwweL37D8eC++Juro4Ngn2WPjKFQ3e3SONrWNZNNBbMADAEYAzeXjAa2LATBzX6vkDWFYO4w7KcA6OxGhe1wCs1Uu0ncdYSKV7rNYEr1FCvKjKApf+lg5gjbk+ArLB4haD/qogCbFMi7We+OBINdaqR8lOeDHvh6ThWrgI06uz57pC6xiw3bWdQ1/8WGlTlrkD61B9idWVHsoIvbsK0p416QUiKAc0+VpitSUicuxZa9cxUJRfTN455HZSKtTbk9eaxaXkzNZ7pzxjJz4ELdwWT+Ts4W1i7LLY4cjLft6P4l9EkDHjqI5nQTRLJI/2+6kxqQiDjkpu2cPQ9ekVm2/bI1pz+MULdJVeJhWwGqZiqwPnU4Cqz1mWazTrIox3WUwOoyqeC4UQId2gwwpqTt982QmTIrbUbp7/qYkkrBgp7pjsWA3CY+zEY66UPDoLrtPOG6ixZRf0vSO7NRu9kbakgq3TVch7VtSGRuydArckY/LOHDFHdPzwDJhZ+rbPe1Nz7sF+kyzpU0neyfZMzj4ck5QRhFr0/Bh+QsR27OSAzWpmLkDL2uiPfYoILE62hHVNRfm4AAegqaq9L7MfTD5bqa213sGO+WjX7PuJbmf0JlBRR+IxRmiYwtDOkHQht8ZaSC7l02nloZwU7RqLS1JODk81MTQ5MiRI0eOHDly5MiRI0eOHHsJBQkdtqLvi9SL/4wKG+SRuAUncY8vRsWTlvRYofHj4XDX7OzE5ERZlobclJvCkRKOrUWZEsrsjVYJw0OuY0MO0rKJSS/1voNn3prYJiyroqffypmJiYnj7nicR3Qbds7P7Z5dUJEWSoQjI1xaDFlzOAYskfhskVTehJ5LYtWlaPjYRdhbZfPUbg/rxgGmkKME1k8TE2i8ygAAEABJREFUCOY9wU7VuPZMZNjz09i2Yps02VZQpuuYq9KnBE5Kb0JhxAzW4Wuq+0dHC2DWgfmGbBlhW9w28vqkQnyjCkbDyEJZVaTGWZYVdszdLVOf6ImcO7I+gZRBgxXakXYZo2fUPtfG12h0rRybqDT6YEOKATeN2ylyc0LUUZNtCeyauvHcnBEPWYLOXg+6CIQJYRujuFjfD6pRZK9ZgVhi8RyliRlJvx27qRRMrGOrPTWq7IwKBGnBVovWrfT3YnWmWp13RMoJMQoBMykxowCaERnmR8ilg+ZpCHF1GXRMtCoD6H0joo5JlAGK3YyC8Nx20gRk0znCV4lltb7VFIoMSlG8LEIyhbEtS448NHTOW7OEQNNo6dgpxvCsnDUtkjaxlWFb1QCLObldpKSWP3FUCZ1kCk7ujGtdOrQSQS9bTrHJRrE1s1MprJUenTTgkhMJDd1y9bKLBe0Gp/TZSgdSagmLAxvtMqpCcekS5pyboSwTU1p2WTKm3W8iSbZq6EGmFHwfibR2kgrEHrQNOc37P3j5M+8/Y37JmUCdBMqipP2NW4plL9ggtijF6YgcpWX10HYpEP2mYx+pMIXeDFQlE7FaxhiTBhMuzlHfn0gZM6ytgN9iv0RH1wmfX24NafTFjUXfD+yHW9HXeKeXRWXIbiSKqTQaZ2FNT+1dv6AD4r760+tfc5+lO2J0zY8/ZmKFzlLsl+05XysZV74HWZMjR44cOXLkyJEjR44cOXIsH8L/6BcBAGOk3JmckaOV1keL5HtJ5kUfONORqyldYb0UosyisIAnd+/aueHGG1evXbPqgAOqfq9CzAGP/rU+iFt1NE56L8aeYrVrbEtDCsRYBQBNeOqHZ//GAwEGWFubEXoqmIG54wnHVdjUqbz0skuRfQaBMy4W3kh5ukNGaAUX4kLYC5OWgMLnsipMaeMQH/ZJlmuxP5Njf1XgFeiLQc4M6MuB5hqNdrFK2lv08WBPa5JuY2cpao1ImxfIVNiUkSydCczA8nsVdhJkz4+AZhERHaWR4Wr7RCIGJfKKhhW4Aa1GK+v0M/LpYI9T9CFloR6uPm404S3cDFhPNpGWb5EevCzYVRuojqW2imiZ3asqUuk59Mb21FcwNqwFN8wxEEKNIcUAaQYszie5O/xHHxErRkCN/iSNp++lGnv8UK0qEA1RL0iCab5WHV7kDmEEdo2T9EQUqaVL6mmsSU824jYG23rEOJtADfmwONtJl+CngQX15PEiMFvOb5NU/OL6ytkXFSa2uJFP0MIkd2j0AHEJXidQZtIGaLAl9P4T+6YFR4wqYQ4mtIexeyaJZpiyR6pClkudXaMlTWJdGnGDklyV5DNutR22nWYt2SbbhXyaWoumc9bySMYrZ6P4W9CbJIYm0x0WIBetY4KVJq2pyWayCrGikDWhY1VjdHvEQ91IZQf+anus8n7j3px8ols1lBAQz37ZwfHLKL7vmHWMpM61mGjjRB3ve6NwnY0gOI3Ddw5C34E13Mmag9fW0rBoix4NBXKZR80AWGo22jRPP/2e65YedzO87sL3vu/vPnP+xTeMm6YoBmWJ/VHVlAdyjxEzlcEk8w2qhkl3sigpQseO9dgC0UmmS3ZkXTfoFoQEPLRZOBiiyxLvnbil4mLlpBEsDmMwFDdxWQ9odGKCmx+V23D3VVwHeA0jKroTEUCnRB35EMGQTSAa7f+puyO8ufWN7/zH+7xnkQ308KoL3veXVTll0TYE9hVkICOwbNY9R0k5o4GH+c3HcDjcvHnzunXrBoOByZEjR44cOXLkyJEjR44c+0qoUWf3YTYqvuMJmBiyatN1ZU6WjTsJGJBfZUzfJdthli7DAy488u/evXvTxg3j0RAexWcOOKAAqFkCPK0aX8BDOxYNi49pi3Xo2Rme7Qvu5Mf6QXrsRkoR6VmY+UINIJv10j6O/XhicurQw29HKrrxL67++cJwGMnZGBioUYxILZoYB+EjuWJJJt5C3YMabhhmMKIClyZ0SGxYKYy99gxhdDVzwEJly7XUgmFxEdL1UOADS9KkfJwU2dSfEACyUwkkESSGqoUl9E1zKCrcUAGkaEVqsOUg9jnERRjuriiHSHhPIPWc04J3WnNUyvmC5+64V6Ehy2n0F+15QPBIsHu9HrB82nbcSpL3wucNy3wBEnmyEkHTD1SYc607/og8mIA0I2myvQ4Mpvl8ckSdWfAnTS7p2JDAzpFxNfMtVtzH2JpX8EEMKjQ1NgnYWefYoWCpNJ/PZBZZx06HQEI+JnkqpOkZ57UC6tT2UTCzaDz5YFJiQqBzbC8vPo4dbwD9M4SQpt9/Yp8E0CkFF2NrxmyScVBKKXDeyRgV2EfNnOlsTLeghN+TNEcUoX60ae46sar1rV1MHLtiaBPTwoN2B6SxgdkxOSwpw6VV1hE9XXCBqxLInCE1lMPMieQWWZkt1g3W2jY9Qzg5iO8Q428r/RJx4UHLW9iZhlyXolhIy55Qi2dy/XBWtdwM04VT4yjCrurpOucUViTD+EiG7qyelruXNCCl662wTreX0C1XWnDu0WHlx/hR9zx+D/nz5i+99JRnf74/GJRVL8juQyVyQQcFblmQVLMlC53lSqbVFD94GttVXk4W1jHBWqld4Rye5TKJoCMRtQqUHq82HXYpOcJMJjp6mOUHDrpLoPaZbi1tFsFIt0BcKt0snBxA2ZfOk6kGvOr1vv2GZ79p4l1/+rBjVg5KM9pwyT+99UVv/85kWTka2PkLfCvjyiSsxgk2/kaLOYA7f+c737nkkks2bNjA7xxyyCEnnnjiKaecArco898Y55xzzr//+79/8IMfXLt2rcnxnwrYhxdccMHKlSvf85733PGOd7ziiiue85zn7Ny587TTToOPTI4cOXLkyJEjR44cOX6rI6APsklV04z8DD/BEu0t2ImBJrYq52O1p8XfSJZUBsd+0jy7QLwxAoAc7Z7fVteWWMKqA9YA4KReeJ4e67220ArkbOEME2Vh2oZ7zjlmlBHlxgQvhRIC2LTWN/I4bUej8cRE/+DbHXy3u90VNmrTho3AoGG76sbHBHtEVojsN2AvKNkJKiekSvXAijvaRosOy1GLt1FajKXSqBkzUYC0KCMJ31DPQGnQRfsDoICWw5MfdeDnfanJR9TDliBU7x5Zdsiw3XG1NEF9RgfsisxUx5VoVw2MuCpLVCtzg0VaitMsAqxTIThK7Dh8kKZ/yJixXx+3PkR8jybPVGY9qoBjmEG/V/VKEqx7rtA3UdoXEsEh01F27mAxoqeGhKhr5L0RENHjj2fKmwie1d1lkm+taSlwbOm56POD0qREoJIOmaP9qJ2NgGaZwIi/LkNvI7prXAlstGitrkmaowpSdbW7kIUZdBQYR8rRTp0ApTgE0bEjeGcl+euylWZ/in1TAa1ZhZgOpE0N4hTGGqOXmyrlTRRlLDss0ITkxkEjnlGJPfFYPfuNTKML5hMoGj03O50vU5IwKaZTSzzNAYpfjGYJRYzNqR9h0lG9htnZGVNVTqoHaFSKAt1ja+1h2ikYZke9PHm1qOLD8MCNRjwmiiQ5bTBhVZu2mP+RwppUe2BNq8JOIlvctKKw3ZQOo2T+lEtMeDCOWiih5hWMd2UP0DpiIYuzBXy9Pvmw9UuP+jWXfORT1k5QZ9OgvlMwXJaYLKXyHI/Zx6osxEFb9hSujOMbCA/S0SbWLwfIyF+Rd5Mk62gs4lucr4M0A9AjG6lRQdvDci8DBw1FOHwbuqtx0pNOB+vSPYPMQtj8Og2msq/oIAw2nX/OH/7jn+FeK2BVKsgXl6WeoeSIYsWXyupQG6XVwW8kLr/88vPOO29+fr775gaKiy+++Mwzzzz88MNNjhw5cuTIkSNHjhw5cuS4jUf3sdHKL9bxMuMIBEgC8wT0QSA8IIRFGGBiJonwqsaLiawtXdEry4Xdc5vDTaQ4LletXuVKtH1Aa0yWG6PLMD+EW52DUT2eojquaw7BKdIhNoMdpuA/bz08HTf1eOhs1esddcwxsH5TExNbNm2ENwNrcMkSo1B7UuquR0uVHYG+o8hQEaR6pjOGHtULFPahyYcYEhPGjWTfSt6n5PShejdeuYrU5SiSA/zSSDtBelQX8qzcxTAUEEjM0lsiumyUiuJmKpsui4J7ImqlueWuVYCeB73eBMqVq4JRBsqlmTrjOhVyzHD5MDfWDtPBD6i6dgKKm6b0ZKwNsB5gNkD9iUF/gI4pKBTnroWGFI4EcQ3bPdN2RdE4krCaCDn+Sdy5iXhkaYm0A/ikIYE7CSeF4EpbMjqfXBTTW5PEy4J2UBLu0tlmle2YBKATr04sq0XUpp1VFIF2ek016+laSJiYWiPGzsWi0EbpYzv/KM0nYQ0L5nbchk2mNWkl+VTj8+g3BW1um7FvAuhu4qHNZojBsuLlDheUk4I105H73VmyRFj+eMdFNDF05mPb4bWjd06M1tlF57YItBm1srU8S30N+9vQNcbFDmq0jEOih4FF7DLohHfILTHZxS3nIO+G+a4gfjHUsZSzlcKFqY1eEUX3zOvAjugkXqbVDEZSYFFGpMitYCOhT7qdqL20kZEv0GANdw5gvlZLFbh1YIzt0ED+ypwe6pBZth/h3A8aLuHaES/2BGUd5xUZUeOQ5fY4LrPXXvrt0lSYO23I3Z9HJ1g5TJIG5rzkzGTZ7kJ6ISaYi3zbuijSdCs5Tbj5oV01y87RDQPvNgV3w6UvOkxuwtbDyO7RnrkRsbGObg0Or8Y2y3cLpHoULwlRXLGS+xygUThKxQMW0+BUTUxsnBg1Zh7FPgs/I3t9BM01OWxb2ijcT3hvxp0FB6cguyQfqQmu4STcrR+XXXbZRz/6UUN6/Ac84AEHH3zw9PT0tm3bfvjDH1555ZWzs7Pvfe97n/Oc5xx22GEmxz4S51CYHDly5MiRI0eOHDly7E8RRd7JvflsEmHZVDZskqpUvpAoNctRzRJj0ijk2LH8D6VgyBMGg8EBB8zAY+/u3bubGAsgpv1qamqqIrfmIvjxeOz5ER0hiGeCS5Jn5nTOOVUSGsbQLHOziA8szAA5MBOfMtixHQNG6U9OHXeXu6xYseLaq36y8frrbGRoAI/ODT6ZFyV1CSQdM7a8UgEfC3uxp2DjuZ8eSZKR1kTbBIM2n6i3do3iIdb8MXVBSI2P6LTlgIvFlBmtMQhpI9RGxmuklxSsNpVqB6p/9+TULHzfUrU3TFM5i+iZZM7wm7XfkVw5YPbwQb/Xm+z3JwZYLY7wArXLoUDNnKiwRY5JxihFqT4gLL9Tga8f17XvwdaN6zAcj4sGWyhOTfQHCLVR8GdYKymNFU2yI+Fqd09iaDqXCB8zm2Y9tA98OlABPvdjkxOFSTHrvQuh8ESwGWq3p5+ILRX+ElhzyMoQi6ly2SoHVM8AnJq9ua0YFLBcu7UNSGcu4HdWairUjoLTAdCZpPhsP+pAQxatO9oNnBooBYvLGSHTwoGoBNQAABAASURBVCnVtd1I7Hv/iX0UQAtKNq3EedGHkpZL7FletVJ/dYZw4kFvl1mAWQynSbgcF4++LQhnKb+6S3fTJm3nP0XknAZEiwoEuHzZcTs7HpicWDRYchtSeb5aK1EK0AVW8TrTViXwZWDI7F9HEppTJ62i1siRtdDpkmDzJkstSnGMMLpUdMovC545GcnDtesL79klOblV0KY6HR7losZoNJuHdTGEaDG76ZnB8wARtA0j8We8vOHe88eH7iGAxttQ09CeJADtehViebilhdrX1FgV9ypf4rTTS6wlQXAfxTOeBgu4G40hn1cbygiQJt6g0X9VYl9X2m3e17AONGx7Pna4FzDpaNDcnkbJGkZn13BOkdTMyw8c1IMADzKsH6wm7EPMLtA+Y5shBzs0hFL5spYqYWmNlR4BEe4DmGKgM6apazvAFeb5O8LiCLLhZVnUaNokyWnYKebWjh07dnz84x+HFwCdzzrrrCOOOCJ9dO973/urX/3qv/zLv4xGo/PPP/+FL3yhyZEjR44cOXLkyJEjR44ct9VILNl1oUgk0ZwzrcAuqqZX3R9Vjyeq5G4YUvyx6SY+nJP3AhDSdevWTfR7m27eMjccbrlpAwCCtQeuW7V69cTUJDzLNsAfqTceEmDfMPomu1yqWldkx/4crKrm4nIhIQ7th+HhucLvN7EBnAqfLUz0egcdfPBUr1ozs2LLpk3j4YicQgEt1I5kftyaDlVl3DyONICeQDES6NC0BerwYO5Rx8yGxgBr6BnfVwGoWhHNOIQaW+3V2L4PMESBWkEkkQUzAaAG6BTCWm/0o5YqeVo0NdxynqR6jHAca54d9pTq9yrYgVXpqoKbFEq5M4oDC/yvX+EE/V4f68GZGVkWCxaydMMUjH08xD7CssRaWVYYwEbXdR0BmFSjclw7WLXJAZpwMAsJAo+iWJAG1vZ5llyTULA2gqjJyINEfobNLhJ/bgWflPKISd2H3KZhahRFSS+UmkyWheR1uS15cIt+OZF2w6kRbqjI50kktGXkVNEuiEG0pnKGdwTXNqVm0sQCHqMacaS6c8Pu1Ai02bTAIGhuEjdEy1aRJBoVQe5fjQe7sY8C6A535mNvW9ic/uVTmS16NFcmni+SMbLLpxtkXuonYzsk2i5l1VHQbWfC2CkA4C9ZueBiZwX0/JbpmUhynYATLizFGzofNougGSnzlTUgwxqnV2LrccOziKqBltsG2QfFxMnlvoAzefrHL3/d7y22Xr7qY4c96FWARutDT3vRy8568n2PXT9DveZmL3rdHZ/4d2XJ+mKW7RpyumnudL9nP+YpD77ficceMrNqWhvTNcPh3Oy1V1z+7a+8/4Mf/O5N1GWRjbE5sQT7sH7qR3/0Z/eZMXuJmQe8+sYbX93+Pfutc054+rkTcG0/+aPfX/q9n5577ENfQwDaqeUKb62DO8RrvvjTJ99h0eQ7v3XOPc88V4ahGIfDv/jKtU84btEksxe/4e5/8g8VHKM7PPEvXvLkh5982Ax33bv6vENOf82U3TOJQREaP0Kkf8LpL3j2H/3BfU5cJ9/iHXLdFd/7yqf++t3//BMLYzp6ibgotiSRMxdwRgxHr/vc1X90XKo9ofjZp45+/J9PRjXOZ6tuTqV5f/CdH/fY03/3LkcddqC5teMb3/gG3JFgOU972tO69JnjwQ9+MBDqb33rW9dff/2VV155/PHHm1sjgGh/9rOfPffcczds2FAUxdFHHw3s+4EPfGA3GbRp06a3v/3tX//612H1jjnmmBe84AX3uMc90gSwVu9///u//OUvz87OTk5OPvShD4U5rF/fJjlgn1944YUf+MAHrrnmGvjWne985+c973l3vetd+VPY4Zdddtl73vOeH/3oR3CZwP9zesQjHnHmmWfCrPZc2/n5+Re96EXf+973TjvttMc//vFspgzvn3zyyW9729vgBX8KLw499NAl1tU333wzrNgNN9zAf5599tlPfepT06ddp+ZPfvKT8Jrfhw2/3/3ut+yuSzOEpb/85S+HGfLMlyx6iQf0nvP56Ec/+q53vSttBW/4RRddlNIMt/DdHDly5MiRI0eOHDly3EZjkcBOUYVGVOaXhFLGLkYve6gB+WtSCS5ok1TJpVuxYrpfACb2dvv2+YWFzRtvCk2D7BsY68SgdEUsAFs6VAQnQwZxVFDeiBOzepXJpVH7VO6GxJXFoSzLCFB3PEa1crSDXm/NuvUTE4Pe5OSOLZtHCwv4HV/TE3cBlBc1y8GTlJmb5qlOGYuZSQQdhR0CJa/pPeqbyCIzXyPFGVPlsx/BB+xTag3AYvomMV9qqReo1aFHd4qG9MIsOAtsForbrBgKnu9LFKmhqK7fr1jdDBi4IP9N0WJaLIWvJMpeBYSa+DNxAVfw0XECoFnmphJezSigGYjTg0uGI3UxbizW08M6YL06oG04NEZqyuUAR6nxj62fBduYqEQ6UlW9uJ6myVMTP7ULtVqbzgJK+jzEhPuS2Ll7igrbMmlVgoIy2ButQlRMmFWhL44AGM66dC7rTAzxeqfb4k3KqpD60Kfyepm6BdVMu/GdYOkE0nVUBSyfv4ohMYPC+JCY+PIQ6bc49k0AHWMaKGP6tfhTkxwhRBFM/3Omo9hPlLdF0vR9OdH5bDLLC1s5+bF4sa0ambmvUQmyzjCmnoY8ghmX2LJep+zTQLpgNnGO7DefgLUV3bewcRkJ0UeC5kvi43RF4SJ4SbGdAdcxJAE5eSdxZ8JlTYNx5uuf+aFPveRBRw4W72Xxk5bdhgPunZ74hlc947H3PGKw52zKwWBmcNw9HwI/T3/+Ty78xDvPef0XNmAxijFq6+7jr1V+wNsdeChb5kNppcobG2QncPPEuOfkIcoAoM0Sl5nEj8b3f8n57zjzrjNLPtGhfJm1bMaje7z8k69/xn2PHCyzQ46952nwc9bZ3z3//X/61k9vw1aEXP7DJ7iz7di8dG188ndJab5xUx9y2qteedbvHzZRc5hbOy699FL4DWQWKPCyE5x++ukXX3wx3HqvuOKKWwVAw6ze8Y53/PM///PDHvaw5z73udu3b//4xz/+spe9DJgpUGCeZsuWLcCLAaq+5CUvAeT6iU984k//9E8By/7u7/4ufHrTTTc9//nP37hxI8wBqPQPfvCDz33uc9/97nff8pa3HHccZhmapvnLv/zLT3/607DCr3zlK4fDISwCwPGf//mfn3LKKYawO9Bb2ORXvOIVvV7vC1/4AgBZoOGve93r4P/c7G3NL6BIfwJ0PuOMM3bt2sU8GgJYMNDhBIJT67/0FWC+P//5z5eYY8AET3nKU7rvwAS/FP7C0h/zmMekP2HRr371qxNKvuUA0LwnfU5IurtWt4DCc+TIkSNHjhw5cuTIcZuLPR5ilYmkv+ySCQm3ENqwrWJvyRyIsxnV5eEEgEEngaEWjnsORu93757bypo751YfuLYoK1Ni4TR+DeBGwPLrFtWw0jRyUyuCeCGqyS/LT7lxn2lMowAFeQAA6MaY/qC/cu26UJVAaHfefPNoNCxoYaTTdmRo7C3ZU0Qxfqbf7JEKa0LG0RFlvdj/EIuva08AOtTMoj2WNcNrN8bKb9gGb7HJE3xUohgaC99xSVhIHh3aVDtvBeAWtFgbuUUY0giXGLKzvbIY9HsIzyd6pSt50xh0FOi9UfZ6iIiRQMN/Rcn9pahxoeXJnPhaWEkkOJ0BwTHY+NSJCrcB7Y4d43xYV9/EHmuqPXU9FJplGB61RhpB4BUdI5HTWYFiKlhWuCtHRs4q0TjT4RVabWKn05pRsiXAmvYUmcta156ZpOYMyYvDKGETdwRj1N00zUXpmBUz86i5GEZMOP/CyudeWpdRe0e76HxPqk51Axbrj7R9soM615TKVs2S7M/+Efu69ju257WmFKJpkzA6eixGjpKHCeIzH5VWxhZldxJ8i3pWdoG0jZ0J8bMg2ZgkcOYz3pk2kZhwcDTGpA6e7LVk05nJ7vPpGuXSBc8GH0nxalx36fyuXrSEr8Xmwuh28P5iW38veSPpWMi3hWVPhrj+mf/41dc86Mg9obJN33Xex3u/+KPf+9TrnrwsfV4SM8c96E/ed8EXXn3qoWgYwQbYPNT8esF7xi9rdYxb77lvAPwm3+impgxlXN6YgsdMGvuiW24giM19X/WF9y6lz/QJpyiX+0486K+/88Hn3PfIW9wpg8P/11Ne/68XvPnRB45ryZqElFOMblltNSfmuHMuqd+bZt0jXvfZv/0/DztqpfkNxfz8/I4dOwzpZ/c2DdwCDzroIEOI09wasXXr1m9/+9sPfehDAbM+5CEPefzjH//ud78bVuCSSy5JhH00Gj34wQ/+0Ic+9Ad/8AfPeMYzXvva18L1AtTYEL8GOHvjjTfC1wEfwxxe/OIXA0VlTTR8Eab5/ve///nPf/60007jOcAizj333Dvf+c7vfOc7gTLDfv7qV7+6Zs0agNTw6cMf/nAA4rC4a665BtD2La88zBPW80tf+hLvMViNlStXwp/wJnzEe+nHP/6xoX0LPBcwLkBeAL4wwdlnn22IYsOfS2YLc+vOBL7Fkupfa2V+8pOfXHvttb/0W4DFmYDDt4DIM32GNz/ykY8Y0mjDPGENYbUNabEhAWBy5MiRI0eOHDly5MixL8TiR824iG/Q54z5+OFU2gEmyBCXqFHTd2wHtlH/LTT2LCcHE/A0sWpm5drVB6xddcBEvzcczm/ZtGnjDTfMbtsOz8A9UvI6xh2OVXNenooNa2wdEgyxdojULdDzK4HG6PcRa19Hj/4RAINDPR7BYhaGIx9XrT/44COOXHPwQf2pyWpisjc52RsMqn7VG/T7ExMAqater+r3ez0ysxjA+z38CH/gRQUvJiYGk5O4FROTg6nJCfyZmJjq96fg/T5MUlSw3h4WHuoG8EMzrpsajTiRWTdB/K2x6yIZQ5cW+HKJfJkpclkUNlU4A2x2/aqc6FWTvQpWDVeBegzCngTQTCsJKzbAtaLf8DFvC07X76FZdAkbhMJoBNXwPWDJ+Ge/7A1KnNOgqiZge4tez1WVLUqLjtX8rT5u5CSmDOAbRSEEK6ZmfIuAW0yqQMsWpKjULshTlPpdCdkQYabwZ8bOPkQFWGTD3dLwxEOYmrOaMCburcH7ipuKeWwcKaQLjUnlDIzdpRpVMpKPaTCq0TctM7OmpdvLnNzJpkDcnNvXrQcIBzauxJRAYVTyKIic2fgy+u7f/tg3AXRSyquOmXW0elnAVhWYsLCtcp9psjXshY+sV8TDqpNdBh/qKZeSHNGqmFhl1ou+ZJ2OlOq/YdMSuqstLx0nEYOYAWteCj/jrAudr3zlFpQqiyxrxdwOX8k0HV/kkS9IbQPKpTJcbWDlF85HVilKJ1m6zLEToLy5Z8Qj3v68+64yyx0EK3384Nv3efP//bvn/N76X86e25g58ay3fOKDT7/dWPe//bWvPLGesmanOWSrAAAQAElEQVS5b9qUajM6NDgsqzB7Mcto2ExfkgrLRHX/Vz32DoPl12Mv62Cm7/nk04/41fbK4PBHvvH8v3vieoCqmLwFklsZw3nWuBfCTklTytE1TXO3V/zVcx+wtm9+g8G4FmJqauoWJpuenja39kgKoHbz5s38+rDDDvv0pz/9mte8Bv7vCb8zMTHxiEc8IomRjz322PXr1wMJBfp83XXXASG9733ve//73z/N7e53v/u97nWvyy+/HAgsrOeXv/xluHc/7nGPS3OATTj99NOBPsM0/M7u3buvvvpq3iiY7A1veMM//uM/3nKjRWDNwLLhxdq1a5Obxwtf+ELWOx911FH8DoBs+A0ryRD5jDPOYMj72Mc+lqnuv/7rvy6Zc5oJzB+WAi9+/vOfm1sMwMfPfe5zeWVYCg3YesuWLbf8rU2bNr385S+HKWEpb3zjG5Nlxyc/+Ul4E+bJInRYYSDRME3i6Tly5MiRI0eOHDly5NiHQtTK/FptE0yCc23deDRGQYdpdYDLzJFlyPSRJ0MNxLuAPwf96RVTqw+YOWD1KoClI2TQG2+64Ybt27Y24zHQUGC5Va9EcOdYMoechNrTWWzoh3yk5O5MrNZyZDqhWkRTuDKaAoXPiKcbJMDY4GkEHHq0MJpYsWrNwYcecOD63sQkEFkyT57o04qVgG+BNAN4RoYLSHcCe/oNCOgC4wXaPDVFyBlA+gQQaPxrajAJ4LpXTQwqeAEf9Ps4U6BsAENHsNzGj0Mz9vXIA4tuRmN4C4B0sAFxUOVg8eXUYDA9OblixdSKaZg7wOiyX7jKwaeW1q/ElasAQPeRiU8gE6elwtrCZ0iV4XdF8mekR7D0snQoh4Z3ewXBaoTOFaxZn1700Pyz4h+CTdjdsMRfBX4RYHRB8Bpxdh/5NSBUONbYOFE0nApNmDShs3UkzbVjY1Y8FN4z4oXP8ZCREQhbDAiras+8KOQqgSsrriAo4jax4UBsFZTwRFakR21USE0fSUQeDJtOky8GF7gze3MEP0mGzsYI5JAgcmf8LsGVaIWhs4xUcRLR/NKp+YmJJi7ZhMgKdkmMpE6DAMuY4BnZPS59xIbRYs+938Q+acGhnsttpESMte2VYMjORvwRoiBZstPX7Ib6kUezeH6LtPydvxejy8Sj1VxaSlAYRyYCTJOqot/qNFSEwivA+my+2jSzJ9lH29XniycIzRnd8gt0F9HgogNDlh1RbToo11jQ1SGLYPtzYdaSehETnLgs6DzuAQ8wy0ck2S98Z91Z5/7NE4/9deCzxOB2D33Jh9989YNfeVFZUm7U/DoVCBZvPM6EvXBOuarFHIN7KuD45EJYdnr6jLIXy/PnVSc/cNXeVsS55SEx+myYXyNmfu/l73v9z07/s+9xhUyq/lh2YvJOEcOj8d1f//LHHN2XPo+/qVixYgW/2Lhx4y1MxrrgX8Xb4VeJNWvW3Pve9/7Upz71yEc+8sgjj3z4wx/+oAc9CMhvN2UEQHxmZqkyfXZ2Fog5rMy2bdsASRfattGQOdQJJ5zw1a9+FTYEKCpMA7eTK6+8Eohzmub666+HN3/xi1/Agh784AdfeOGFwFhXr179wAc+EP68293udgvmGxwAZA888MC9vQPb0v2IMbQhuLxkPkCB5+fn0/7cc7a/Shx88MH/iSOShNXHHXdcsvyGlYFVMpQVeNjDHrbkK7Ah2YUjR44cOXLkyJEjR459KFIdd+x6b2ghuDIM1B5z2bRV7Gc7otZFs6Pf1OcO2+phQXIzDliLjH6h/V4fHi2x3Rx+cXZhYbRl000A+eCx/YA1a8t+v7FVNJ6cHbyNrbsBUwt+zueqb0e8w1AnJwQUVPGNKj14Qi/hN1eAN6YxkcRUbmJyML3ywIPjjtKNd8/H2iMrcpGfpBmshFCi6Qby1lgU0RdBfIkJeiNPsE1EVXAssBcXKrJ7jR/0ysl+b8XkBEyyMBxjQz5sShgK5LMEGhDhejZzIEzhyIIatw6Vx2S/2Vg7JoUZOadKjz9nSV9ZoCs0dfOC2ZHKGPXKBZJmwM9Inx1O5ESPW6ADtRbQp6CNpIWqkye2JCSjCiQhnpaMfiFA0Avbg71X4oIKm+BrTAmHdPB5ToGaDjYR1Y1BAa1qmUXPzAdPjC86yk4V2hs5yrgJWiXP26MCUJks6hrwrorKtSUt4rgZINm0kMt1i/yEAYoTyHJ2GsTPab5WzaOZEUXVwPJ+kLlShPQ+baJdnJMRB5S0C2Uuvw79+m2JfRJAS6JNyWzcgw+T45Cof1MJiJ7Ri4FeZBOZZZfRIlmrs1/01USuXUuf5dy3onGGszIE1bDGDqWWSgAZ1TkLEsXWo11XzMMkOTWMJlydQCMxUVUe/W07T+WVHaFvbNG1XPxBjH+E11vmyLckWR1u+sE3Pn/BJ7/42S/82/VK5TGRBXnFe73h3Jf+3p5odvaqr1/4xS995ssfu/BymPGdHvDoBz7w9FMfdd+7LFFJD479o1f9xWce9Krvw3g5+Pun3OXvPIyksHVP/Ycf/Pl9FyPF2a+97vgz/g4ycgXuLMjzWTco8FZR751bt8e6oNmS+H35SbEEhneEMbdAwmd/etHXvvKVf/nKP3zjPyQzZ4upko/yLUQz+9OvfOgfP3Ph+Rdd5f0hd//900594qNOveexM0uvv8Exf/jqP/uXh57z3Z7S573osXk4RGMpvPWe9OiTDqPus22Mbr76m589/vg3mFsvALkec8wxV1999X/8x3+ceuqpyxLYn//85+xiDFOaWyPgNHvxi198l7vc5SMf+QjAzfdQAL19xStecfe7352ngbx0guNLAv6fDuzJW4DFgFMZUv/FX/zFnp+y7BqI6gcovvvd7/4TBcDcZz7zmWecccYvxdD/9YDV6wLo/5EAEn3JJZf8KmT5l2qxc+TIkSNHjhw5cuTIcRsM0bop/TCK5JJCS+CvVoPHViAnartWSGd4FvzwbSP6JWPhNVXv1sE3rixWrljB899qZufn5m7etAkoKjzmr1izmvhpj4hIQ0/x7L4ZxeM3hRU7Batt9UKQdaYnZcSIuPKIVHxs0MAR2Ac8PE7PHABfma92jOaHABTg0zI0quuVJoRs5kAqW4bbtqGtKTzqWyPRVt+IU0NjpHMhKwJhofMLo3EDOLYZ0f7yASgu1p8blMfaCv0uXIk9BXEOBelyaYPw26TshRXCNfBqi8w/IhF2JHEmY42K1cpUO29Ldr3AuQBgCa1QUg6hoCKqr+dDamOraES+EUQpjBsBKQAXKwLQqvulVRPCmkCaFYeJwCsbWkGknC7sjsJolk4G3th0LGlS8dhQf1jDNtPKp5nUyNkmoBk5mlGe28LAGJNhOM/AdUhelP3J9Iz7Bho1bk6nPReiY4qAjQtibNlgooCe1sgpWY6dvEt0CVaadHWInlp2ipy9Zj+LfRJABxna9CSLOkRaSUkY0yXPPBYZHT/by8+INDiymY3rDLQqb6a8huWMkFWY2yZnGPhaVfBTsk0M0a2K6kXhLHkitG6HUZCuy2BE24zuGLRsb9Txl69dFwquD9BWhJ4c0LGWhHw5rA64zugiYB30gjVsmy9SYCLPPCbKDwuo8aLVPbNsbP36G854/Lt/hKcKlnHAUE4NXmHwbnx49vMfffxSle+O7/31sx79xm9SNUfV68Fq/OQbn7vyos++9zWHP+p1f/uGZ57YJcuDYx919lkvfdKHqfoAs56oDI/LUVcLoywWgODODeSlQpfxXsGvdCAM1LgUbmHsEcUGF3sGjP2QNyQvoOiW3xfDn57/gj956Ze2Diai7/UrrCKBQalGZye2nlp+PUY///ybnnH2pzdiqQtyc3vTZf/6/kv/79+++o5/8uEPv/h+axZPXR73qOf88Su+9X5JilL/3OVWhs5zh2cSfPx7RxxKbRnaZf7Hxx/1sk9Mn/bHtyaANtSGDgD0li1bzj///Cc84Ql28a7ctWvXxz72MUOoOtHh/3rA3B5BsXv37ksvvRT478UXX3zOOef8zd/8zSGHHPJLvwuHCTD03iYAsLtu3bqJiYn3ve99q1at2ttkJ5xwwjve8Q6Yz1VXXfWlL33p85///Lvf/e7169c/5CEPMbdq3Nb6+J155pk//OEPAUDDisFOSC4chmw9UgfFHDly5MiRI0eOHDly7KthO/+KjK8FvcpdRPGGmMIIflEpqFWFpxZvqzC6CePSlDZwwyvrmzheGM0N5+oQJqvBqhUr8HGtchs2+vndu26+aQOiWOCz09NAPa2diK6O9djCU3xHQSqaPdTkssUwNgfkCu9AHLkkVgLrCqwbbVIB9uKaeXwmXJhHbfTk1MrVB5bVxO7ZnQvzcy6MCgO825PODw1DrPeO7IkBl0YF7zXCHKxBRl9nsoVAN4fCFpWDTXT4y/YLlrUFNJ9uYmjCyPuxb6oKjSwAKRfO9IAJFLFyaI/RQ1Wf6IS9j9i1KpI7KEJrO45xHODNWPs4rvHJ3xUAuANWsBe9guEzeW849tAoC6mqJxRVGCeGtOzzoLJha21HySvYxEbRHeMGFCWuQA3TFD18I5LxqifE7IWyRX6Tgsy3iS8RyhHZo1GvZjKniGLv7BN7oikVUuMKwV5jMTTKxRuf+Cwtxqr6M0FiqaFPumnDngdkEg4rm1Av6frkT5K6c14kmCSqJz6GIMguqocnUIgsjgB6ZAUiS9gpUeHZVgOhU6SGmdL60HC3wiR3hitGWXhHiK6GN2Z/in3ScMSajlpdknTcjVBLDBZNrEYWMlClKbl5nHyhpc8ywhKFpL5+BXf302KDlKeJSRfdXZd0krMfdYzcnBSFvew7Ln7s7P4iPjCGW5AmctzJ3kiyJVDJRpR+dwisrbaVNTZVxxhNrciZL+9bNYGWhTPOTumo6EM0e02+/PDTL3rPFQNUelq88lPNCLyoDz3nkScvwc/Dqz729Ee/6ZtGbgBB0zyw8Kp34xde9/DXf3nT4m/MPOAxr2nYfKgg2ro3lKvdYGELHYL2hi5l55YF53ijKQveuUayWNwT0u7tGqf7jZNcw56x6aIPveSLGwt0CynwdoijTA13E+/lSC87061ff/uZz/vMpj7cDdgHBtO5mLIself+7VNPf//lw6Xf6P/Oqa8+DG8qJZk4mb2sLO6QkqTzxTJEvd/7JWT2PxcAoJn5fve7333b294GMJrPh4WFhW9961tvfOMbuUvhPe5xD/Ym/q8HLAgg76c//WlD1swAZ9/5zneeeuqpAKNnZ2d/6dcPPvjg1atXA0Idj8fpTThkP/7xjwE3H3TQQf1+HybYtGnTko6CX/ziFx/0oAd99rOf3bZt2zOe8YwXv/jFMAe4CgDCvvCFL3zta19rfpkVya8VyZEjeXHcFuK000579rOffcYZZxgy3PjCF75gCNkDeTe/mot0jhw5cuTIkSNHjhw5brOR7Ai6IdSSGQIhith5hl4ELHgmWmnNxCRI50DDAj4kL3LZswAAEABJREFUqx49fMn1Eh+653bPb9yw8boNG0bBT6+cOejA9YcddNDMium5hflfXHvNz3/+i53btpm67lXF5GCiKnsW27ghwWBPCZHihkVrHk37ZyCWTHSUhMqBcLGvfd2MxyN4dJ2bm69H46mpybXr16w5cBXwVoRE6GdRWRQVoxk0+jpXfYDUZTkoyCF6MJjA1n/oY93rTWDfvz52LEQHjKn+YMXE1Mz09AErVqxauWLl9PTUxESvXwIMIg4bxk2DjtCwFrhaAZ2pG0DTDcJKZPAFIg4Ctdj1C3sX4pTNKIyH4+EQVnlhOJyHD6KUwiOzYJ0i2T4TcrcW2Kq3hIHZtqMjrCPO4YxrYRkfXOQljiG1lU5quDoF4hvqCVlUgNgdkzHe99znL0E0aatmjO0aHLMfMzMp5CDYjYzkkUF4HcuplRyrgpixdmQTEuvk/IukRuYGaY6BjvKsxN+MUri0aUm0yvJqVLWjBYph02ejAmkmfHq+sgzaiWk1n/wxssW1lqErA9RdqX9Zq14bRox2o+4JEYZz+y5tkGi4F6LZn2LfdLyW04oxMl9GTt/QSg8+nwKPTJZzD8ZoMo+msJ0Zms53bffMte0M91gLGZRNF4e3p6OJXdG1ONtIPjGENF7SNUlkV4sB9JqRbApfm+IWFNkuh+yeo1rQsBk87ouOuDtVIizezI5aXBxtDNs47IWgXvnDP9tYyAXotLEnZR9DOOR597nrEg39pq+978XfbuC6onsMDJswslLgS/gV4sdf9rVrlyzjDvd4CawcdYJ1fGGa5cNqFQYPTiaJy5eZVDYwamJPcg1x7zkmzNI51Zrv8ensFRf+E/lr08DV0A8M71Gk6MvPdvj9Dz3+Hzb1nJPcLNnwG4Hm1lY3vOH1n7lq6ZfKk+72xIavzBD3RuPxLkBWTLhdV25awgH7xzz+Q+/4P39kbu2AHfikJz2J7SBuvPHG97znPS9/+cvf+ta3vvKVr/zUpz4F90We7NJLL721rBgOPfTQwWDw5S9/GYgzvwO7HV7DrX/wKzhsH3744UDDgWJ/85vfTG/C6n3nO98BlHzEEUfA4QPADWt+3nnnpS6LW7du/ehHPwof3fnOd56ZmQGKDV+56qr2SAH7hkPJ7RZvlYCVgS2FFx/5yEeuuOIKeHHRRRfdgwLWxPyPBqwDt0OENMDNN98ML0455RRDAPpd73rX/Pw8vD7nnHNgMnifVz5Hjhw5cuTIkSNHjhz7QCQTBf7LGBM7zgjp367Mb4n8SdlL+kvk01yyS68D8w7DZqLAWMezO3f+7NrrfnbNtTtmd071J9evXrNm1Srgu/VwuHnDhs03bpjdtg1ew9dL7JVXYTE0/i5oBZErq9LatCQxEWjxiojMfQITTWyih97OgKPHo+H8wgLw4KKspqdXrli1qhxMICRF2TD24uMfbO3Xkx9s2WcZiwAFRdUxVmcTg+73B1MTUwCdV06vWLliemZ6YuX0YGqyNwCCXqBRCVJwxgcEHJsGaAn89mOA0ohIyO6DzBxgUYSScbfBKo8Zo9DE5CmNnLykzokEh8mBg/yfXQuXRW/Jjb6M0T5pNpEcdaRwWH1uXfohGF1IeT81fiyF+XYNmvUQW5swbxRxZ0wIjdr9xbb2Xhw2KGzyo+DpOw4v1nZhdAvXNNmgiDqpUENSXppuNsIqn25xWUiQrWVmUbu6GRWyurSXTKtaZeMTbVxoW621XhRRgKPslkSTolgmqAVHK9BMWxmtXVb8+Fsb+6YHdGwPb4eg27hIOkz/yKto2iRJNB1IK980rQFNOv5iqy9X7SIK2JlSEy56xlmxRbJixkwZlJj4JOWMFqNey74Z6U8eNRwa5kerbjJU9YG5KJljO3HUtFFbYbAEhUaTChOCSSNyuxF8SYfluezspqvR596Q7LfQC4xrLsKTjj186fTrH/aOTZveYX69GNz+Hk/24bySRkkT4t7U2JbTX0YzA/hyLz0D04jD2TmTBqywV6l35961HPTdfNOHTZzCrqrB8kyFVfOC7HIEetPXz39v300VOI7jN0WyzU0xYZfD3euSl33t8scee9LiC/GwO54Vwieti3tko9PKUkaAciAwzb9+7crN97/PIjOPYuUR9/v/zG8gDjnkkOc///nnn3/+1VdfDX+Ox+Nu776TTjrpBz/4Abz5vve971nPetZRRx1l/msB8Pexj33sX//1Xz/72c/+wz/8Q+DOX/jCF/7t3/7tCU94QlIN30LASfuc5zwH2DEQ0osvvhggKaze5z73uampqf/9v/83/J8FQxbPj3zkI4Gu/uxnP4NFDIfDj3/847BRz33uc2H94Uw744wzAGG/4AUv4IVedtllMIdjjz32AXvt0Plrx9q1a19IAVT3KU95SnofqPQjHvEI8z8akG84++yzYTfecMMNcCBgT8IeO+200y644ILvfe97XcMQeH3HO97R5MiRI0eOHDly5MiRY9+JFhmL0oubakVhLDEZnLb0OS7mL/KWKqWjupq2Wld0yojJIxjI6s1bt+3cNTce1eUR7oCV2NGHVF7N/Pz8ts2bCmp4tWLN6qLqAYQmr1KLWmrvO7jAMucxgn1kDfHjwL20CjQMEd0dGitbhx4MDGlGQ9T79cpqxcwMzGUh7g71mBEk6ouDMyXjBH4sl1pwkdoyDggODaFtMCWwmrKwWCkNoHtU9xdGE8NhjSs7jNRukWinsUHklJbWETcI5mGJq6NArayaMlD3QvKBZuksScpZpcdl7YSfCyTQjIgJ+UbWMCqX4v0j3dHSgRJIIr7QKHjs4CWsYVfBO1tzkNoN94VJxNQsUb/bBELQkoIWgD4VVlhah8ipHlqZWBTkxuvLxNl1cZkAZ36BJhfOpoaDSrS7uCQaVWDyqdmmVWRZyr5tx/yD5NW0Y5OVLstCbeekdnqV8K5R3wKlz50rwCx3dcmlYwRwq4VBWCxm3S9inwTQcpHo0NdJzNFZhDw3dk42Y+SqU/4s82gVzCyJjkKKJWPSji0xzauLp/kcimkKa20X7FpJzGjeSdecLW8IHnYINl/esjYy1mtpAv0KnTmz0pkahfKV5Not4W3Q9TEpiZkIrP69uGLB7P3MT/mkghvM0tVPX/y949b9cgnqrxRr1p9AQ6szndvHHiEpJhp7qUjFxr2yasNWP7KhpNdm0+29bKcMBFwEEfc2cvA/cKPxXsYv9ADy5Na8zBdG1//w00UxibnEQi2/5SSybHZdmF5x0XUb/vikxSR/Zt3RcN9y6tm0XGAJjSGXIpjr4Atv+fQfnPfME/+bLud169YBjrzxxhu//e1vb9qEjirAhdesWQN494gjjrj88sv//u//vmmav/3bv/3jP/7jo48+2vwXAnbUk5/85PXr1//N3/wN9wkEBAwvHvSgB/2K2UJA2EDD4esXXnghUOaZmZmHPvShZ511FvtIGPKJftnLXnbyySd/4AMfSIt405ve9MAHPpAXcac73Qm+/pa3vOVDH/rQaDRavXr14x73uDPPPBMotrn1Aujtl770JVgx4Lz8DkBeoL3mNhCAlWH1gDhfdNFFV1xxBfwJK3bKKacAMU/T3Nbcq3PkyJEjR44cOXLkyPFLQolYN0S6JTTCtvK77vOXyLw6RfUtglFtl8AMbpUVqPA7MLOBhfo6bNx288LCCF6fePxx09NTWPXdNJv8tvm5XVs3YycnYBAzq1eXRQUr4dHVF3687WDnJavOHeuYlLJJBUoDncBfUmLjthUuFoUbD4cIIwcT/cHExDTqo8fo8hksl4pb4rTcUYue9h3hWkKrwA1cYSKbWDBuUa4EWzBeUU+MR0CzqVI9xIWxYU8JqYrH5ldO/CRaCoRkHpveaTAj0hr5SBzCso2rI80zypcLK+aqYlghANoIGLXpsCRMzJpIJdBWjyJ/ReitCI1tVL2dXXLOmEU8mkr8SWnMZ4PMVRcbVfHJ50aI2lcxtv6oot60HfRG5eB8MkXBzoFWLkphPtL8RaXzDIeYNTvJQAh76ZoNsH9Ie9rzihjZJYYNOQInXmTdRJEdVQ8dTdKWGqO212kNlqMUyH8smnLHTuDRjPsXgd43FdB8TuvZrCd4uqbwBLNmCVpNw2FM54Zj91zMb6VTRazN5dTn68Km6wFn6MxSiwa+tqnXppHsjhX3GFvhWBUoWYZnl8cRj8cdye2wOjrwfJ1un2mbZCZ7HU6tMEd2exS+xLS1VgcaziLFtMVC1DuhOR/JNZnldra0GSDIyhUOsATI7gV/4sxee7b92kFk3kccT/lWsew0sBcLGrN8aAKXTyxuvtdOO64bW5bcwBWRsbYxLfdygfMQFNQAZM+pLNsrOQewFc03UJ9smlDTDawo4jJOzMPhTgTENA5z/1zKYdbo7MxZNTyjvrVjuMz6hMY7SPa6vVDWiHU6TtyYbFVt/vBr33Hk255/yqF784y+9eN2t7sdcNg93z/ppJOe/vSnf+QjHxmPx8Cgn/WsZ93+9rc3/4WAI/hQimU/3RPRrl279jOf+Uz3HYDjr6Qwe1/E71PsbYKjjjoKGLT5FWJychJ4t9ljJZesJ7DaSy65xPyyNb/lmQAI/td//Vez91h2hk+luIU5LzvbX3ETcuTIkSNHjhw5cuTIsa+FYFBhLFGIxyIhKWEFq2yFAYJViWjnqVz4s2X1Kjy6o/ExgV3CEZ5dJpF/FEBJtu2Y/cnPfw5LvuNRR6+YmgprVo/G49mF+fm5+S1+I1DboqymVsyUBXb3M7FQ6WzgRcVF5IeBSdC6ZsAvhv1abRCEE2wgP2Ag2010gf2GbTk5mJwA4jJv4u7Z2SY2Bbn5Rm6cx3XPOHfioWiXQR2xQmC9WIyNFx+KAjaq3/SnYBZ1rGuPbRB9AyRgWCNcV1zEbBswNLYQZMwQsOle4+tR3bB7tWB64jHY3w8NM7DRILJrBFldYmFJGO0KUdeGJHHWY8WqcFEAK2BwVlWVJjEo+hul3fy3iN+dVaGkaDUjG22b0GJtYxVnqXxY+a0VQbSqH9WGgok98zY2LFVj2Gi61f2seHYq0BR9MjM1ZzqaUck9GJGLW5vomOhL2QJGz3bD4uYghNsw0iNpcld6yv63VlSiOGMnNgeScxAYR6J72ReLJZXUgREJnqNrIoQQjTG/mpruty32zSaEmq9oEzrGqGjfmEU6ZMoIUSO6SF38AuZJ6ALABqLwwkS7fI7C6LilC5UUCJ3OOFg5ua4FeJuo1xhfklyrgDbr+MOXgKH2o5GviDYnaDWtyPOgIRN9HiybO/N4ghQ1GDGvoXGOL13HZRhSLmDkXRrs+WIJvMZiLOHEiVqZdKqC2YsHh2Srojimc82LwfyNuRVDDyj76LvlKWpMFhasxWbh+t6027DCvLqIaj1Z4BvKKO7lYBvqldo0Me51LHCGiS9OATPFLgZNgx5QZOlvl98w/I2ZXirSKdQNmlJ4UtWyzNfKicMcZ1bxdrPsCuOdG7cqsLdHf3CCV9gAABAASURBVMOnz/mjp//1N28cNeZ/PE488URAnLBxdV2/973vXdLfL0eOHDly5MiRI0eOHDly3AYigTJppJXIWHq8TdJOxmfy2qr6kwxwAYmKUUJntkQ7WU+KVIKhZEQH58B+yPA5YNfZ2bmrrv7ZT39+zezuuakVK9YddOABB6zqV9V4tLB186YtG27ctX2bH417rqh6BVkeI4NdSgGUDTHF5PcYp3AEdgIO3CsxNOOa2lXV43o8nB+Ox3XZ602tPGAwvcJVPYAOAoCLEghCwP5+hJ2JQaA3ck/9L5AhV1IRjXq3quz14b/BRH9qsj89OblianJqstcrmEhhvTWA6dEYWxLCC2ktRY6o8IBfUystcnsOaZ3hmyiWLtmOuSBuXcFyyUCDcBbVxvPWyTejGEOw5Dpx5g7bQlzlCAhaRrX440xCx7ZIyve0r5m3W5u00/RPx0Kahduyi8X+VDBdAnidg8XqT1nzxN+W1KPTEqgrogjGrTBqVruLPDomGwBeEV5Dovf4XxR/grQ32nPepFNbuRkhuGiSDjXJ+RniRL1QYvdkNwmrs4MLv582R79j0oUllHKvJf2/nbFPKqC15aBZnPXhVJKcGZJhUUKcjqoec8sKfmO4wsAkewpj0nnG5zFGYbtLa6F0qxqOKU1jWvMYY2DokKZ2OM56dt6IbTlCWpmE1GlI9JE7/rGA2aQVDJINSuezQFvMpfCFHbtrlTxzeGQI4uMjFF3XV/NTywug261lnxpecQLiP57dYczMosmH333r0af/FbsToxkS1skYsgwBet6g8pe8geDTsiiYajsa5fr9PtxJ9hxuFq+LMVLbkvJ2MSyvgKbSFR5jKM+F7VYddjhEz6flA5KKJSb7Qtjb4jnNBvcpTC3QgXJ0I0hFGUtiMJjhEZUsS/D2hAZUPvDOt5RhjOGeM3samfjhTc5VJpq97g46N+D2QruUi3/61c//+WWPO++Yhz/pCQ+7/51uv27qfzK9lHTQwOgvvfTSU0891eTIkSNHjhw5cuTIkSNHjttMxA7PsFGFnpaFpR0GvYfqq4sPbIeKKA00VmiE4FCj+jn6TdXBliqUg/NN2L599prrrwfIcNihB686YMYWrnJudnZ2fn73zZs2GiKj5cwBtkDCW9AzfmA7D7Oodxc/+hOPYeEYM8UgHqIEEZA/wIM5PfbDw3ljxgvGNDEOBoOqP5hataaY7zfjIZIKfGJ3wSS5boBnW+kE5Zy32EEQ2A2sdtkQdEIsXhU90/Nx4ONk3dQ+jG1sTOQWgk1gOoCLbmxTU0WzQ1cPropHPB24sZ5h+aJjxM3MvUD8jp0H4YUrUfFMomc1t0CIm8S+chwTXFZeJCylpajChxQiCX5SaGqMKuM7wk9qLcbEOkbbYtclLKUVAkelZTHxJdZ2Rx9bLMZ2HIvIXWS05rgXWhCuLrS45X8C+aJV6i7aa8VZCskiIfHkNJ3O8KgneJcWCneKajbdzjnGxPCN6RIbK2LZNE9drK6wmOnS/rcmmavsR7FvekCnrFyMiUMnrqonR0yie5O08aZzQre9KemiSfJ+23HCiAipncxLz1++aph46xnVplG0PIChsyJiy6OJTRNa1VTLVe3S2nGdCuWxCqwI0CGbsmJsqYMLELjcFlfI9YPDobe8Z6wRO2xV2nq9jVjK3glWd6wl3tuZH1k4bayakcj22e9ctXlojlhETwcn3O9s+673IhXllCHiUUpAuabBhq08WsEHkCe0uE8859Awg0eCccrahVs+6HrvoPyeX27imfWnF+6LRZEYe6AbasSM4pMOX7PsZlJVS1FIhm6ZxUuSChKVfBRxN1AWMnAzhD2+0T/szo/x/rMem8k6vgdyNYsaEsGhrev7H3HI0i/u3PyzknYI7PbCLb8vCnRBYaMoylRQshFWr7r6S+e9/kvnwS0tHHjF1d82/3Nx4oknPutZzwL6fCs268uRI0eOHDly5MiRI0eOHLdKKDKzAsw0lKwp0Gs7Dlr5l4iIGBeQis61Zh3yS2rQA2lhDT/oC2DFZ3ixNI78HLt561Zs8mTjcXc4ctWK6crB43Ax3rp51+ysIRwB1LU3NWlLVEHjghuu4iZYkZYsKlXuktViHmw/KK3nvGE3Z6IJgXAQmYHiY3qccIOpFVW/N1qYr4cLKCFsAmt8AfnCszsXopckRB4BUMaqZOwOBRwZjaXZOLg0Vd8Moqk9fDs06NkhwGA0gm+wbYXzpM1tGpQxhzGuHP5N5eYCpdD8s+z3e71+BT/AnbH1ILxVlVSXLW7RakwhtCR5ZQj5sYukz6bVOydq2zlmVvwrCH9xe0EmRlHPDp5zUJGkjXww0TgbMRE7XRuWDcpErXjTKI21iu7QxqRwTLX4J4qxAfo7R+58hRAGdxZjIjFEwWPvkxDQagaFKFgHtRtp3iaLxpmGwtloEgfvfKrfMmKDq9rnoGkOmzaFloQzYrylu1lhX5QGYCYdE4JAMBPP4IuNC8z+F/smgLbSzy2SczLnDryqnlsxqpyKtk2zpNOR+o8WaSrNEwnMXfx9Z1p+HdkKnTIX3BF08Yq1mTdKrgROu1nJt+F6OlHlIhuWCwwHQSeZOi1i4JHQGTZtsEHSTMEK4AaeW0dpwxrpmkScafCCLDAfiGUclFEk9g0nu8VEIRU2sMuFrSB9xwMVWReZsDx2NbSh6J0U0eyYIKrBwRF20yd+et3/OfnYRVNP/+7Dz1n3V6/dzPrtaIO0dUSLfrriYrz/8958+hE9GSjpPzf3H//4F3//w6KEsdly8clyFyONLygqJw/lSN0CUdX9o22zS5XYU6uOgp3jrKdugY4KNgLVxFh72KqZpXOevemL3riah1ramcsPBpZar/JsWXgO61DQbTUut87r7/+YZw3/6QMl7L46jCFJKreIsuByi2Zc3+NNDzhpj6vwhis+XFYrYUJMWuzFEKQgRw8q0RFTorpugqZDIDFcuM3mfzqOoTA5cuTIkSNHjhw5cuTIkeM2FuT1ydJnq+xSyB2LzgSPSHc/RtHqhysiZ1GkIhC0bHVqkA0i5gMsCxRgZEMNT9INCo3JcwJlYYaQrW0i+kOXZTEa+81btgFngKfso488csWKFfjkXMSNG7fs2rYdvgdrs+bAdRMzK4peP7oS8G9sEBGQGakLniEp9mfijdAWdkoNVZgoxelMOQv8StkguKntCAGl99NTkzDlwsJo800bSXJdkvWH6Vcw79K6CnYaYhdvS28iWjaPUR2GM6wdYinsGmXJtLPxwxD7CA1GMJWfjfPDmpkHapejgcUDhXAjVFKT50bTRCybd7BD+n1YLgDocqLfm+oPpvqTwKFd2bNFxXiYPD3F9UKPphxDy16lSTDJ7IqmaTWMHXwhoJjoFsIoclWBv13KJQTvEFvReYBvswc3G7BIsyssucctEyV1EESC2ALtoq0AJ0f7Cl1S4WBRI0a2i0WjjA7njdpEkVCfiLpJDEkaTduK7YXCk5TRtkzOtOBY+TJlJtL57pJrByvnacWSXJTNaqVjYqEGBfwaTV5jcEnSabk9mRV3Z+KEIiSPZB7QaikhI+H5WoOZkEDT7Fexb1pw6L9WvMKjJGUSTFaCTO9ZmYDGI7MsXLRtTijG2KqUbXRd/OcI0zqnJ/XyZFAKTDSFwqlBox40mooR7whVSceUskFa60rl6jwUxPaCwUIL6YiqVu46W87vRDXpYOZOVS08wjjyoCBmK7JqYyQ3GMjp3iy3ZyylB5F3s+aXBzha6Q1//a3L/+jYJfz0Lk/5h7d8/f4v+X8959gdwqSdBZdb/YB3/vkLHn3k4q9svvAbL4ZMIe95WFxYfscaQu0FJfqQ11OdB1zj3944u3TC6ZPudfZBf/WemyXBx8kzrNMJ6151rz2B787t18c4hUTbBLdXl2g0wS6sVMRw7QS2FKxrcul2y4Hiwe+c+Ymn/stTz72pMnIcDd0kpM+qP/Slr3z0sUu/1Fx++XmY4tRWrcsGnjIFlQ55/7//+qIzTxpwWhWjrm/69htP//MLeyZHjhw5cuTIkSNHjhw5cuRYPmLCF25JW6OuonnRB6GVeqba8fZL3BfQRn36NWJxHJ2wPmIPPozqUeNrRBwF9/xzAKe3bt9+xVWosTrisEOnpqZnAtYfz+7YuTA/v+GGG3wIa0ycmpkp0GW558cwgwZlxshjXWT1YAuGcNNcdIIiCIES0nEeATkXEZsiWPzT29DUjQUM2mCPP6yldrvmFq666iqYbHJ6cnJ6sGKyv2pmZuWKmcnJyX7PVqUzVRmasm7GpOcTuhKoUBn5OkLkftOE8biZnOgN636NqsJ6jMJpWJBFR44mOCLihjWzTCNQh2jLXtXv9yYG/YnBoN8fwBZX1LGQbDkKLoI2ScnLGykJAS5aRwJrjWYNOmLJEL3Kn1P1v2AHMneVHaYKaNqNfGgjy4GDOG6ge4i36pccTXIkIGDibFmWQCdgv6J+2Uj3MSzyZ7kmTiQv2JqENfdkpaFkj9hcSIYZKmoXewyTFNvdE1Ypmkk4uvVaZkLPukohcWR1yyBdxc2AAV33OnCy50Q4zsmYEFs5KnUWjCLetHiKG6FbuCWkGGRKp2bCugnG7F8Eep9sQtixYNG0nOQoVLWs77D7r1cfej5jJEUnivp2XJWwqS6ABcSi1KVTUjKBjk+eaPYGSkMqnOC16Fz2uh5WdLayLunSSLpgRdN63UlOUi77oBPINoXUe5B+8YhgBCA7rjHhzYlWjPlljmrlbvdK1Bfta32B/xbX/dnnLxktnXJw/JP/6nOvOqWOZGpBi7a8fuPbnfmRNzz8yKX895pLPna+iLgd92m0e9urfBz5RVr76mvXX7PHSvzOU9/y/x08iuqypCvw9DeffuIeM77mhq+XPEJjJ4QY98q/DfdsDWL7Q4tPBinLo+I193/hh979uING3qd8AyS9wrge7z76zPef/8yT9jCAHn3/C3+5oTRt/4Rl56tG/bgO77vsmiWfrj3psS+919qxyZEjR44cOXLkyJEjR44cOX55xGX+6jyQxo7bKYVanra60dgpHRdWGKLQOcUcBKBR/+aRtLK8jMAMPN8OR6Mt27b94vrrb7jpprmFhanp6TVrVs/MrCgLO7drdvNNN23ZuHH37E4gfL0S/SiKqjIlQmb8sazci0nCJ+srD+z64B5p8cxNaOXwwRvWpmmaMVDx0XBhCJC4rHoza9aOgvnFjTddfuVPf3jVL37402uuvPqaa669/ubNm8cL87DAsgeMuWfKKkrVvZiMBLTmQKlsr9cb9HuTg/705GDF1MT0xMREv18VJUwNTGA4rhdGo4XRGF6MasDppDFGIu8AXgNvBs4N0w+wqSH6b6D1M+kRtc+eHgY5FGpsIdrbYNS3lVct5RpE1ivup6FFGdZ0yJP4rvK7oqcWts+YNumSDUt7WcHM9frJAUNInWKwBKllUUbtCoTjpRPLtpRPz6dAmuagOC8mCohgAAAQAElEQVTIGbZIAKrEhbcpKo6L7eKFoks/SjpSIU2pInn23VC2mBTMtMkMmsmxWsmbEqp2A9neoHOx2HSoeEcKUNy/6LPZRxXQMdm1KAs1qoM2i+Eln32pgqSjkTatU37XjFm+xjZCNqZUkn7Tqbo6nUCSdjFLF64XLU9iFSdLXoWzKEw6g86pBel0/XQ3TjdG6gh06JcVTdcwLzXoFSt5IjrzqQOhkVGJlugSTRaYunfdMVa2FLRoBfJ0bcHw9553fvqxHznj+CUUdc3vPvvDVz74Oxf887mf/ewXLr7emjs+8KkPPfX0P3zUyUfuwVtnv/F3b/o6JBB5zyw6MHusiKEupsJ8ucwBRozyO1++atMjjly/ZB3u/6oLLrz733/kU1/9h6/9wPo7PeCJj37qnzzuQUfu4b9hrvvBJy7ulT300zDUCnYvO4IMQKiXbjJl0b0R2cZq2Rgc9ajXXni/J3/lw//w6a984us/ieGwezzk1FOfdPqp9zx2Zs/rr/nJBe/5AHypabA4h1Jny80UU6Zyx4QD+U+XXfG044/rft478mEv/qujTI4cOXLkyJEjR44cOXLkyPHLYpH0ScidMTHJWwkFRKlBZ5WzMOg21PA0podqkYIxg2aQEdhVAUkrelwKF3bkE23Q32DzzVvRddO62x95xPSKaWDDKE/eUe/asR05SVH0BoOpaaDShenhgtg62fhoYuqmZxLhaRXRgmZE4ip4Fsksdc9rCLYUYTjEMuuy1zvokEMOP+qoTdtnb7xxw6YdO6cmJreumN2xbcfC7gNdaICMV71+CWzYN/WC52WRUzFtB7nFVmXpe72JAb5de1/7WDdxPPYLoYFNotWgZl3Ww/oASCdrD6TMAJx7vWqy15+ogFjDy9IBgy+ZOzunykBmQcJo2mPYMp8oGmb90Eb9WCCykuuEzIxy4yA9DC2LhRlqKawJittjCqNKPqFPMe1+USuHVhHacqhWNJ3QCqMxpybSTM2ifi/KrFjfbVpI3R5m+Z+NrZsHr0nkk4DxckLhiuGSewkuIDJBJjW2mGbrLo5M2eF89Ub2KOoUhRFJT0wr1jUhaKqAbW9bjxGRYO9nsW8CaD3MSYtryNjAtkkORc96tvPxbw8vXTp8NkX9NM3ddswUZJBKqRMbF/HJmPIolKoSPsuzlOZwlKyRFJw1sZ05A2BpgdgZMTqDuA4FWJng0ZQ+VjDuuDSVS7UDURXNhkYDtEui0b9RMMqJHqO3kiR8lsxVCHs1Qaf+eeh0Y9rRhSEsrEn17Ze+7Lzf+cRTj10KlstVx973yS+FH3OLsfXr73r5hzcUA6ONB22yztkjeH+ipN0HKorh4w/rdsEH/t9zHvKEPbwsZo57xNlvhB9zSzH80Zff+P2qXzm26oBjiP0SlwmE33gs0e7HcINXTYLgsS5uaSHlqjs84gXnwI+55Rhe/U+vf/0lfVhKXXtR4y9/WELjG+w/QKPY1nec/7UHv+q+qxdPsuL2JkeOHDly5MiRI0eOHDly5FguYox7UrAOz2Q/0UXCNRMTc6GuU0o45Dtk92mc02JueooO1IwwYm16E2NDrNgh5UAvYHiuLlzRUAO7glwm5kcL123YNKp9URZHHHbIqpUrSvJTvXn77OyOHbDQfq/vnJmYnKoqwCN2PK7h8ZiwDWnUSPybpG0tIteCcRIGskmrCPmoIxe+4eFBewG7C05YOzk5dfe73W1hVO+aX7jmuutHC344vwA/I2wm2AA/Xrt2bW/Qm+r3ZhfmiZsUaANNzszY2BAf6LH9U9Wret73R1W/LEuix7BUWF9yDoE/PPlhk7eFMVVJELpC/w2y3kDvjaLXc9h7sDCwBBdFKinEK7kgc48w2mybVJeMaUnFTAwskS3GanTAHL9Fts/0TSeNwFo0yzPEDmMOUb1R32dB0Oz4WpL423M3RTmBcN+qQDhpKRNRCyqk5uPEInYBzzZNHFkfmvR/tPiOgtPoYdYTMSYN/B4nPO8CWUjUt5hH21ZZmuYZ1fmge53IWbPIm8Ek4Tie/EzYAusmgyB0kZ3GJKiNexU//rbGvtmEULMKCTYbFSDz+ZqU+wyqC/Js0UQIdtOTHEY62ItUzfJOEGN1o3Y5bRIwqZLbtE7skGUxltGMmol8wVG6o0jpqRhbuBij5mxSDicZ2WhdAn6xSD4/UatXHLtCIONmX3Ts4ReMU/OQoGJq1MwGRtaGXGmk92tk+4ho96b71eoHZ626SNBuJE8P1yv//TUPfVr55Y88cQ8G/Utj9vIPv/CMD15fFUXoXod7E2NHIfKUDIviAg2bBUf9ey/9i4/d/W+f8uuvwuiq8//qTVtsryeDAfVaDMuqmUV2DbeQshB/es7Cka8+2zD912Lz19/0vD/7Lmw93PC4HMmw5H2ZcLzHLDWdtO6C//PRh3zlT39nyuTIkSNHjhw5cuTIkSNHjhy/UsQkVlvOYzSBDn7RVbXiw6hI2oi3Ib8TX4gO6hRRcCT9K6uhgTk3CJ7ZWFQ5DBFhMkduAM7C781bt4crfzIeD4+43cHTK1dQL6Vy646dC7t233jtdTDBmnXrJleucGUPMHTDNqWyZCMy7NT+S8CfMFohJeQdbQrC0AGJMJeNuwIAal0PFxZC7FfVSXc6tlfZQb/8ydW/aMZAzMe19zvnF+bH4Zgm3O6gAyd75TwQZnR2bkgm54I3upUNmnwSWcKOUtiBESdkj+Coe44YjvGu6Dnjy8imn2xYzWpnRA5Ul27Q1Zp1lo62NYoBhKFKeRFMqg7dWpMkzMhzyEo2ijzSGMFa5IjNO4gwGzXlQvQhyk80KDGFyO/QVNsXRH8Dyh2NmB3bZJqs4khRLsZWlk6MqiDWrx3LkJDbBMP0PDRS6y1ryYTICaYG7sU9Eq2xS85X2zpoqGdIa4wr0lIWqNKWOaOKb51VVOOO7pylDiD9VsjHLhyhpclM86T3GL/piBQllbdZjBAZo5v9KfbNJoRWszadjEH7VuwAaU6BCRpMWnyR7hs973UOnXnFjoa/zQHGRLG7J6WkaroEWRfIzgyRLRqww11ABk2fhc68dFFcVUAm5ZIe4Yxi69rhrBZEpK6gZrEQ20hHUCl/sdZ2zIGE7uIl4QnBK/bF5qN7OfcFdUcaAClTyIk20nnDLKqyuvgVDz1z+/nv+JN7rP+VT6jhdV9517Oe8b4f9y11RLTaDtGwrnu5r/D1y7c/NOtBX3zHY2pZXvTKZ7x+1d+/6pFH/RoMevjzz//FM17xTTdRUEtIIvUp47bsClAWgAYRGYsXJR72iB3XXOmPPH6N+VXW5brPv/aZL/7UFuw9iDdlbLgoi9zrd3xTQw6Vjl0cfPI5T45vff+f3Hv1vplUypEjR44cOXLkyJEjR44c/92xZ8ltjGpga5LQM7a6T8EpxKBVsBf1pwUjItiKHvu18cTUoQsbB9a1r0n7HKmeG15zF8HA5MEW8P3huNmydQd23nPlYQcftGJmhjR3xfbZ2V07tgEAhVmt8X7lqgOqqgJm2sQGEC+uXGpsF7SRV9pEkXFb0yIYRMWB3SWYmwOABXgca7Sm9s3KqcFxRx+BuCT462/YsHtuofZmfjRGtw6M5rCD1lW9flM3o/Eo1YujIzLO2QNNH+NPM4IfX489Wm167lJFe5R2LYmhEfRiZ0KYfjiuh6N6vl8X5diUBfZpRDUirHdVYN/EKBYcokwWUwohTJalzVgYb6TCnwi4oCEbYhKCM2ByrbzTGTQCQZpMojyyE4lOzVjFR4DEiQraop4hIfUK1IxFTPvcsti5w9n4EDE7U3faqEazrViTV5mk2cqzTXrfavc1I8YINomgeYGmq02ViSxvV1R5o6ygNlHEP2MH6SWUKKJRwnNseyAnWnuxRM5qWFlBMuteZN+RJM+xQxb3q9g3YVXH4iYmub6KnJccRXaakBNDAK2cYou8ibqzl3SZXB4pLxJjIrx09ttWsJyYuDEi4DdJ1M+Li1bdnmVU7kr+Y2etQ8qopCIX5cyirCbJLSTT2i9HxenkNqRZH9p8qcZAlyXJnXW7hYr/kV3EqRcHw+3W0EYGMJw7Z0mxqKTsfeetf3S3C574V284+5F3W/dLGPDua75x7ptf+eYvbSj6xvh2IVy34GyMy+eB0kpSG0g5MJxdgM2c2PjxFz7o37/zlne89NF3mPml53Wz46pPv+n5L/r4T7C6BX01vKyBiuWXW74eBKfu4HJmRLqXLveNaz/5p198+F8+63+tv6V1GV130bl/+fK//NLGXlkWOsZpmsPs5bCQjJ3SG/DKU4Zj53kvfsxlj37JS8/6/SMnTI4cOXLkyJEjR44cOXLkyHELkUiYXST5bNthET2wCqCNoo8OkbEJ07W6v6QyNQIm+X00Z2gAwTY1/KASmDW2+DArhdpUt02KNDRiHtZh09bZqtpYltWRh91uxYqVDv0N4njL5p3btzPgATq78oADAEqYWDQkKLbscqruDomFK0wwRltzGRIGNugpYUTqx0wTG08hzAYQXfarmZkVdzr+uEBOnddcv2FuYRSMvWnLVjSn9g2s6ro1a2ANx875mnsskgkF+nQAlSaUPBzPj8cLAKnhbVV+G/U3UY8HWBw2Jxw1voCvzI92ViVM2dAMG+/78Jnvx14VvMWehNSQkMG9aYEvY1jY2mBbzGRjC2bZNiPwbkFXaWJmImAG+O7Yr5V2oSe5IEv1FNKgdo8lkpbhFx1h9fg20puMCaxNTqt8slHrv4SsxbrWqrFGOudMm+mwpmsIE+MS1ajibFF7d05euwTwdiw6VBy+qBWc1XSKqD9jS/fTmS0Inek393VscbueZhE9UdjylpuWhUTzWJaatuaWxIa/pbFvKqD1BVcsUMrEyWHfY7p08qUxMSYdtAqHHQ+nRk9Io4YscqKYJUBUBtDQXoUsK04f2c4lg1c05dPQGEM5tuFTOUqhRGhBtTFs0EztBR2f2NK+VDaZgLrh9nSc73Gs/scxhnsxpktAu8qG1JZTs0OpsEDLJdp85uKdzT1Wi9Jg7YheV3DttNkj73mLyv8494WP+tgLTnzAs88469T73+W41f3BtLLoZjicm73uih986/++/wPvv3jLYGDKUq0/uiOOofxbcMutSQzJS8hIV1Z5jYe/gP1cXv1PL3vYJ977u4/5w8c96j53P+kO6/uDwSCd47AOw9Gmn17+/a//83n/9Kl/u6EyRYG5QvKewmHYSH/T5WE83Q4ZvUNyFXc53uSoowIejbCcbNv2vvnmJ9zzH+75zGeeecq9Trzj4TNTuj60Q67/4Te/+rkPvffzP4XlFehe5SCv6QK+8FaygHtTg5MWu6TdIuVGvX6/d90X/+qZn33z7X//iY+8391POOr4402OHDly5MiRI0eOHDly5Mixt9i7EpPFwlaEWoxKBFNYVagKVjDEQIDOFDJPMa1E5TA1UorY18o0QSm0x758TOFg5o3FJ314tK2bUJaAJlfdaAAAEABJREFUH9AKGT4ZNn7j1m0AJXplddghB61csQJm2TT19h2zczu2W+zPZGDywfRUWVXwiDyuR8AqXKcs3ggzkQ1FERfRVbYkRYPiBp7sXXSGZW5oJ12gSs+T5nBUN7Aek9OTdznpTiNY5xB/9ovr4fF/fmEEDHoMKD248o7lqumJquqNh0NPHsiAnuvxqB6PhwujuYUxMOv54Qhm1YiNZqG0FMmGxwJoRLfAc+oGVswDHJgfDosi1DALYNij8WA4mpwY1aOJ8QBbEg4G/V6vV5KpNOqnBX1GFt6qONN0iK2mDbgDpGqAyem5IJ9imsCTwBehtEGxIEIO2D3elCKTIxxCHiJBEgtkq+LJSMShQUgUvxUhFpYr1+mkia0rd9QVZJFlFC8Dp6vKom5SpWsugXAvdo9kfTTM14m+0qYzUXTvJh135vvRpn91h/COCsnpg+F4kBaIHXRvmM6JQa/lcwlXGhX8sg42eW7QJ3xqtaRZ/10qgF20oP0j9skNXnfw4Z00Ax5pPuq2VRI7Tra1+QlNjVgee6yUOLTcV8/Oloem9A2GbbX3qkjWBKCe6+naZkasqRqL46aN6mLj0vt0mga6sAK5M3PCBMhuaQquMZAcHY0ghnky9SCE6cfNuMOsCTRbtgxuUvoKKTZ6E+MogCmzGAr+E5bTcDvOdOVjkPeDNx01NExS4HDE54kNIem2yUvEshMxfiVg/hLzlrBEbvzqqICFbzUp58ML7ff71Kl2aUqqoE+xRSwVpji0yzFyfI0h52XZ7T4Kd8aFwriI6wlZzxKGZy+FGRHewb6N1I+UwTnVdji4F1QwUNPMYbf0BtjKDzOtPnAvQWycQIb6Bbsw05rSPQlPn4JF2o4b52JCktcQvgO3B7yZlLhnxuOxI8sfWHZBts4N0vMIC8Yxm3A/rMagLNElipLB/apHAxnerizeTAqLN+B6OK5te38qCH1bmI8tC8OGWjD2BTvRH8CIDV+G+xJsFyzgyp9dY3LkyJEjR44cOXLkyJEjR4494v1vfwM872OXI3j4JOUZP7A7Mn2gR0+SSQlztumJXmR6IiQF7FCZEj2asWUS+xUjxERt2ezmjXM7bh7t3jUajnfv3LV565Zrb9x49Q03bd6+e1yjptgS78CncSNsBL5WIYcoY+UGfXhkLmYmJw5ec8BRRxy2fu1qWKldu3Zu27Ztx85dTYiD6ZUHHXbE+oMPngQ27dxoOIxkL02q4Qaf6KXuXIWGKo3lDUPKAZwEOQsT08JojXWFRBvJLLxbVcXExGDb7O4f/OjKb//bd2+6aTPwX9pgt/qAA04+8Q5HH37Iione3Pbtw/k5gNLD0XjX3MJwNJwfjufoZ9f8HGzw/DiMxvS8D/ABgU/0SO3JBsRT+0ZbVGXR7xUT/aLfd5O93mSvP9XrT/b7AJ0Hg14fqEG/mIK1UQaNqnB2f+VUgUvaS/mXfEiQedOOIINpVSgSWyAMg9CnoJJ0J5iHAHRp4kTpV0+aHjqSsHV37WveuzVgKY9mKg3rI5WkhWRCgtONa4/mKETmqU2hYKio3hssydQQNByScDSyWyu9IYhaYB2BMhtbRGc6WRFZJWdtaw2Ne8kq1UOeE0RVLZQsiIgzgTKh6Ai2QkyW1jS/EBp2iTXEcGyyHyDnbngHT4+yjMrLQ8d/nDcByBFs+JkfuNDsa3HiiSea/1Tso36xSclrJFmBmQq2JRcenGoajKGTzCZxM8+AzptFqmPDLfbopEiY2cRUDqFhO0p85ttwssrJpItL6mIuKLFcw1CgTZHohxGFoxWSmt+wOJqt49FWnccFJ8ULqSCA0kqGHIuNKJfbzAoVtdhurkXrWTgB5YxTYx8bnGSSGIcH3aWOeDMD30AtO9VnwmjtDM0pupRcotKJyIuIch+izq0lDgWhoORaEIsL1pw3ZLxfoJdRAYMv9xN0HavugtYjyZytkbyTzMrQKksu1uLuoBweY3CDamIM/LrHrgLOcVJRDluI4r9PQnWkzWrhb8hOGYl11ato7akqpsIBhQZH2pXw/cKJl7ZN5ShIwGE0xQ6FsOVoi1HyxuCtq2CWj9tSFRUVH3leVRG5e+pPUNBujkHGT9rfeAequEDDVbhXnd6a0d+e0gJc5WIw7VgDmY+Erq3fv3JpOXLkyJEjR44cOXLkyJHj1w3bEQonnrIo9vTIJK2ea2egT+02fS7/OiwcRxRIWjd87g0AYIfej31sAls0h4anVTMFYp8MQE3jTe3s/Nhvnd1d3rgRmMSBa1atWDXD0rQdu3bP7d61aeNNpS1h4v7KadcrIzwUU8erItiEbZiTq3NqVKNfqxXvgkcQAHgnNeeNR/EYokmEDd41Kyenjj36KACvl37/8tldu4fjZhzMzTt2/fS662Gqw9etmTAuNM14NFoY1guj8fxCPT8aD0dAYD0sEMhED7BCiTrjoiDc62KDunBqWdjgD8vhmsYMCTzAPhvXYThsFnrN1NgPxuM+EPmJypPCugeMvNcrUC/OzBdlc5Y1jwzTZWMtHyzGXx3YywCacw/EeQIzbMuF1jBpz0WUyU0NRJHpqEib9p6kJFxhuc2gmFoz8mFdMztzWHZWCUKTbNfLJVXqMxkTrbRNpsz4rYIgmJ5sxqhjQYzSdFHIYEdU2j1fRXisfDqw5auT6ZM+WnZSwthGZyjmIrg1uCxG91I4L5tgRTYq7Ix9CyKZgNtF5jZRVw7xTuwua/+IfRVAt6pdHSh1vOQT0ETNa0U9F83SPJBpyxBM8rfAq1GyMPxLzwitMOnOQ03T05z1D9uSbXaLDpQ34RNRfDiiGmjYpNXXhp86Qmp9i+Pl02kf2MDfUKbFqkzbyepL6qZ7ixBduE1raEW0rRY6ksCJ7ebR+Bt1FWVQ1v3AlkIMg602QowyfqjvPP6mzJaTcaW9JxG3lj64Yv1BdBVf0I1CpuMmjUmNLaut5kMumKSqjpytUnSLGmzM3zrMznX2LQ0Y+DVg2yyKtki6LVtZW+4wK70ho1RYaP6tUeMqHmulGa2M3mTvb9kpqZO14IFVx1aC/nxssd2q7iRcA4TfpBHHZKDjFDCuCt6laGSEOwfcXzAPjHbbZW1q9shKdxPNfGBSEfMMkEkzeBMzOXLkyJEjR44cOXLkyJEjx7IRtbKboZoiQnmE70wWO44BrJqzyS+BdVemC/1oBgw2WIgaFRF6BLvYm89zSyPDKkB5llY4wZ2x4DnfA6d2ceTDzoVxs3kL2iDHePDBB06vWAkz8Mbt2L179+yOm9GdMq4yobdyypUlP2BjxXt6JGe+I90QhRKJ8tC2CD7KOlnyQg4iuPXozjxaGFUT/bWrV514pxOsN1f97Bc33rQZCPj8aPiLG1DgO14YHbbmgLmF8e7d83MLo2Fdj0b1aFw3ZLwBlKJHwL0iDS1Q24J2WYNK6OiL2BS+LtiAOjKS9k0chVCPmpEF2FzDjCbGJQDocdMP8Neo6ldVCT9YVG3ICcNwuyqiGCzOtSIAVh9vEvnFhD5RpYt6dyrettQxkuXDqPhFgV9T2v5U38QJ0WAmJbzMGF1E0XiDOLNRyEETOj0vWGacuJ2cHzYRYCMtBkmLqfJ6kWAyA5LzNOEqoeFsIp7wm9rMxhjbxcgZFk27cH3ZoXl8MtCcYzrb+Yt4lhmVbDurnEcSF7IQVm7alrrh5cHm5pr2UOLHqRMjPGc/i322CaGMfMnzhUTxmnRDFmk72vY0/C2bu9MTLjo5612i0bSw2BLmRV+1cpYqBNRlCylV2w1Z1xh1aOPUE8t2pU6Byz2M5EF4Jobto9lbQ9h6JEmukfEkastPvraj2EY7xqyyuWSRgzSYRwR2uaAcFO8M7nrquvbQTpJNurPxjwRgTQdWW3XMoGGar8+AFyVetZi+c2hgn+TL4kDE+BvoKLtwpPsd3FlgkC1x8CtYw95ZKT4ifKHq9qpxvpWurXiNk101uXEYCwM9l5Lw4Kg5q1gV/SCHxsBgTaMWqbaLooExnlavCb4w7OeP7LgEBl03uODSCdKn1eBdE6ilbGUtNRG0kgd0hm6OVGsRKjww1IYXt7EQR3qctiCeDWm9EvZAXaAXdMFj/jg0gfyDYKnMx1ExXmKz3cidGmNkqyyqHuHN9LzCDe6NwuTIkSNHjhw5cuTIkSNHjhzLRZDq61awx2jELlWRdj4zAvvSW0sE02T1m2BJVLCArCKSxQYQBDKgCMIaTSyjcE9iKyaIKo/ABTyi02fB+/lhPT8aDZsavnn4IetXrDrAlpUri61bt+/YuiX4Gh6oVxeHDCZXAlbFBRYOa9DxGZmpYghttTuvHHUsRGQTSDsXmRJiLTibRXPjLZQskyP02FSDiTVr1/7uve85uXKmDpdt3nbzHNLm/vz8eOfO+bkjbhfrZveuncOFBfLzRCcQw+ShwproHu4bT9bLWAWPu8cjuEVQUJR1idilJkSP68AdEj0CbF/XoanH42owKgE+27pv+o2vxkgIEECT3jYYKRo34hBAvNmR6g52eRNoP5fOMmXndl8l2aiip6m1SdvJnRJdiFODaroqkOsQoRWJusArIweJGTdZv+rZJLo6Qz4jRtxQDdmHerGqiGpFK3zPixjZyLeJsjiRLseEhxbppg1/JyqOY70j/SdrxSepoiVj1G0DXVXpNFfuRe4cNkkJk7pZFNM0Nyql51NClJeC0EybuOGVtCwUtUmsKisQYxc6W6NJmP0k9lEFNEdHsW6T6pgyEqrB7wyLLc2MdhGFXnz827dYRi0+HZ3puEepNVKdQAgyKhWVS4OSP1YE/lyzITJ9Hs2ocx03AKXZAlWMKpWlegcpEhBVcduEMLYrqIOyQ4UsFbXQgqMRGxHegBg7lyrlw9igObLrReGsCnVTksdqxor/DDKKoa+FyIyjegvRFGjPr4ppNdPAnSN+OkSkbeemxJpinjiVJNBqyEHj7BHuVbWgIo+VtCXRUFLQUlEJDpU0rsP76NtE9R/oq+8MJwBoZQMZd8C8Si4E4SmtDC9GvT4i4GXPTVFp5uIeRetekDkW/Phxg9ZH5CIOE/X6fd5qQdJsTGJDRWN+Q3sX2y1Ex1nc4NlamkfkAubkdPjj2zPKwK1FMyex94/kss1qcd5hTnzwfR2oByKTd0x7Ou0naff8fws5cuTIkSNHjhw5cuTIkSOHhFXcYbv4mRvAwVNt8es+VarbgU3KM6EnXAbNPsfwXoniLcd6V7YNtc6pYgx7w0XHVpb4fO2ISSMSRb/hYbNpywhobPCHHHTg1PQkvKiHw7m5hV2zOxoDj8txzbo4PTVdVcCgXT1mKBrIaBldKwWDUHe8JgR9+C8Y/eDDP9GT4ACU+yhsBdcmFNhvKSwsuLqZnJq+y0l3BnywezR3ySWXxLEfjf3cwnDL1h2DXi82NSxxol9NTlR9khgXDtBb8PCwXpiC8G3jyI0YuYfzJOrz6JOKaKm0KEODhY4ZrhaRfbGbphlFXKvKFaQb1KgAABAASURBVLWzYxQ9o/VoXddMVwBbu67hA1EGduamHe+FDFmjoIv6D5IBNkvk6Mix/JkoKxy3ZjCa7nPnwtjOuHV5tkJ+mJpEtW6laRFWeETwXriypa59LhEN03Zd435d7XloNQ9iZU2U/FleBUW5YsxsVUwpYs2CxJGpXrzoMOt05uurVgWdBPFiTRDbd+jcJkjdzgSPi2qfo1bMd2dNwkVxf9arI4F0u3g99ovYpwG08mI9dJ335aTs6vzl/JYESceiQt7Xb6ZPYitvNmqOrtMnmm1bKBxjStlZ0xokOBLFtnONKopllbaz4vGuVympha3RS4jzPUYrAdL1GDp6YN4JnNNDY6XQ5i8d2+Uw5i7YBkRCODffCaJYjlChCwNjzQYFkQF7TB5akyouWPLcwZ1RVLlq7GEkvSgMmMYhlk1zQq4gH2ppoGp4FKIBsGA3HM/roUkn2fkiztaqIN5+a5INteVNQj8pzANwE0LM2IkxhrHeR0iIQqYQBcMNK4h5nwZugMDDDO4rJcXc77BAfyPqqBA0k8X3zMLpcbE8/jkna4etAgtsQsg7y0v9i6QjiBkHsXzyvirYNppKbgLcJ1DCjObQVAgTpdFqgwpxWiLdocjtiW8eVDjDZ5hZPLzmyJEjR44cOXLkyJEjR44c3bCmrfZWdR0+XTqnotJfYSYJDfJfrXSOu8wJ+YssTiVHSiDL5aBoAj92w5QOwStBRSfshZwLCsuyLeF7jl6NRuObt23fsGL6gNWrikEfa5eLyrrxaDweb5/1pKM1a9dOT68syx4AQm/YciMg/VQoYKKCdyIU6ueqsMe2Yj7eKAeoMTpUQROIqUfDXlkdc8Th8d73gifwH/3HT3fPzdXj0a65hX7VKx1K1wajejAqVg56M5OD6apXRADIDZLtwgbeTtxw611wQoQjtavSMnXnGqUOhGsQYpWoVCv62FAQ6HltsbdWybDFU6gQWMwhopZ0R1bnqeCPKA8Ck4IojHTfQv7NfqnIKIhXmH6BleXJQ4XLzrlplQlJFilKzJBOBqM7l9kY4nPhc1YsC8SUNASemZw9wci6qucBkWmemWknTETPdv1E9DTkL0e17IimrayPrTTV3tJVYdLWSuV6kmw6JdCkc1w6qw5hTleHbfWwi/eP+dWur9+m2KcB9KKaED69pGQiajkAf9T5hk696HW0e866/aLlE58hcufMTgQ3rQC/YKSc1sEJULZGvTikl5+RBrJOXNY1I8LmDGJOlNTOJlVDyAvJXbEvB/ckxE8oDbXstkmFgUlk3vIQ0blAGF3aqL4cTuEvfpeaskbFz3KdG2q66AiViipaxwGVpOvEnV0ktyL2XJaPdNfZdt9b9fqJKg8XkxPybhZZeZpz0khHascHIzEZYkjSUutBkuCac2MB81FNZBNqYvToLx0lmyeyYsMGSNLB0LCPiWYiyACaxrIgRiW02jwkosNzwTUlPoh3SqGG3UkuT2MsjvOF0XxCYu7UARbXnPJ6gSTsIuPnFoniOUMuK1b3AanWw/5VzZEjR44cOXLkyJEjR44cOX6N6HTpMy1Dji0nk8dgw0I0s4zIaTFZYxEt1iOT5UKIyj+MdKejHnYAoPtlEdgrglu/sYBNZ6bQwZBamb+J+i4ms4P+YHJ62hblsG52zw9n54fz43o0huf6uq4bhxwAZ7RixSr0lXBFoMpiohpBMEIStyYHCLOEFyUCSpo6NAOJyq7jeLhQ9cKq6ckT7nAMsOaFXcOrfvbz3cPhuAmwGoUrqxLWzZVjOwbobCMw6WmWXQd69ndkj0pLCoVxzIXhp0DzT+43BSSB2xRymiCiqBe3BihHvyzRYsQJ+sQdHEJyTY28Wwk4UYNDOhyd4+XQaVqgVGmTNyh3E4y8r2BxFrXY6E3KPDoKJE+V+8Z2XFOMwJkQY1fh21Ig5jWUcHBJm2gNl4+z1atNuEsmZkGmHIW4+HQzIkjUd5NSMnl06GE07RdsR+a86AyWnordRbQiVxETGrVgSKpVq1ipvS4SD4ppDdv8jGhVExazycx6v4l9E0DvMeotVntaUd3qazlnNT+i52GHHaczUfJbqXdm+kD1vSbphhMLXnTKJNk/d5WjrFHRSXnI9RopqUh+zE6+hW8iMXT8WpsOUjVKJ6OSHIv1jGYzD6fSf99ekKlFoZFvaBooqgcSLk71y3yZBrnaLGtpA/c8JF00arl55GlvTLE7FlgrImbLAJ2zUuIdEVQ3zd8LVrXY9K7rDFo2+JA2QhGz3B6ijBvoUsTK6dCgg1IC0J7MkgIn1ExJX+GBud2HpBRuX/uG0LTk/rCFH1a/NI03iLCpFAgdmehmxVw6OHb/QUmyJ6t/vEkEtuuwjPpl/2KRDbbODYk1o7476I7Dfx2De6d9LtlXCHG1J9sQV0Hus2lqJt8IxOEugtbP6OKEh4VOMNp5tHKBK0GS0X6OHDly5MiRI0eOHDly5MixfMQOLxNP3tYKodNtjWM5ZKbKYX7INVGlevC4zvRSYAy9B4/v8IjbK5ywDeIq2GxJVLs4BymGDshkueERYxB4Pp+anlp/yMFHH337XlXunt05OzfcuB0Q9BhgCtDbft2ELTcT3QVmUE5OTcHTf4ON5LioPbWoE/deo9yFZs8YibdG6+GVhKLwjimHB4QwBuJT9eKKicHdTrzzlpu2jEbDn15zTY38Fh7Y4QfYr7MNyofR9djHcuWKHrpx0LeTawM2J5Sic6oJtxV1xCKogLbRaB6hvhJAndFxg/wyUJHnSPjIRp8MMwhHYNm0D6FT4g4rZRUqoabOM7EmWbgrpMDcYjNBIjcMkaPjSnIrtfm804LyH14lbNVoBPUEVSiyIM8kvaD8tMLhdNIwklcfZYYgCoCi9rXUbEFL5kzKH5iWT4m0k1gK5zPopOmqo22nlH+vJ7FJW2Fbt9oogMlGJYC8SGk4JuJIq/TZJEkrb7tNng1x6RL3MwK9TwLoNqWi41zUaxYdfEgbC1TOdPMekrTQZnmJ36axsguw9YSSP3V8YtWwWk+IzlqmS7kU9HR3JD4V0mtTri8mqqydVYX6RmnHJ5eoYc9lcsRvszG8LPXiKVT6L+RaL2a+cOmCS+e5GHVYZKomSGrRGDXLcYVrB6N2nBDebomroul+WVZ4MZMeuChTpic6aXYn2aGiLMXC2ThxAKK1E0Le2c9wF/CQ8MMBtmBHbDQMwXtD5IyfZfdngtS0FE2IoRJY2iGy7Y7uS6w9aUj5C9OTgRQ1KuXmAXI/5dmaBjcKxlvXIFzHvCOzXRRQE1fGwYtGdbh/8D6jPREoeVDo8BQMt3yMnQxpmzCV/YqNFnjUsi4Nj/gJ+z7TSla9Ht6l0HuDilSo0IbcrOlgohqdy15wGwNkd0NsfO0KuQcZuVlGrB/CgqVg/1v483A43Lx587p16waDgcmRI0eOHDly5MiRI0eOHPtUWLtIENpKx4hcFGyLkT6OHbpmlxgZRK1HRymVFXDnI1NShBkNWkraUJUoCuZug/yQW5IWzBgS8VHRL74uIrU7YtKBIqtBr7rd+nXHHnt0OdEf1vW8jwvBDb3bsnN+VHtA0lO9cr7x4+hQJlaU6wuUS8MDcxmcqIRVgGg71eGsAmZOQzpCqov2ukNYSFbw1z0+gEfTjIaxbqp+3/V69/pf94DH9NqPfnrttYXtIUbxhA8qM+9tMw6jBeDQZu1Uv4dwwFcFUBCDEMj70qgvCEVVyN4HRNDHJVVFcuDERoEl/AffQGNnkjOSqYl03woMm9F1maV+RWAb66iaYjqKaFJCnIHxCKOmJMcj2oLF1bBiZWn7ZVVyBoDJGxmIGlVYw8xMXERZCYkTnWHOTaeQx6pzz1yI7TdwebJf2URUq7k5jRE6Zxq7mzINYeyT6Bf3FlPlHaknmYTRxjvhcIGIDQM1IdQxSbBbZaryZpw+ndekHicUT9/Xk0BXJk3Em+DcHhdExzVXNqmrp93vatb3WQsOyVwIC47J0Th1WzWqqTWmm2pRJGtuIdHQgkRZlvwvpqydJFyCmjVbzr3wWRgQd0r6RxzZ+Yzn1Ii8pC6wzqZFYbIG00fRigs/nYu2TSIpjKYBQhXQkndJTNyoNjqKqYSsu9RUWGpya9IIa9WXQ5kzfcgXpI+dne3SNEavTLrMg0lqbSOC6aauCzaPxx59RUNm+PwtZ5JHRARMjUUlnt0txMfYVU6ypTRLtoc2Cq+DfGQaH2zg8deRF4UjM3jp4loVoisnCyTxlUakrNY9pBJm8Au3FVQXoy2GtDSFHC0O2YZcPnANI6JqPtqcOaAmsjKIOBqDzKKaCx7jop5wdGwJO+OIJCdLTMk3x7uK/mtCjV/n+x3qt+mOQlL2siycnLyYm8Q972IBGVRJDrPqvzXpNtFY8xtMpgF3/s53vnPJJZds2LCB3znkkENOPPHEU045pdfrmRw5cuTIkSNHjhw5cuTIcRsPLRxP4jjDj8vsAS34g6dokRzbTaopgzO2y91azRlrs5gUJCUeu0vC9yvy1kiKV3a5JFFa8FK+jhSAn+IdYejSFgfMrFxzwMzEoNo5t3v7rrnts3Nz86ORN/ONmRvWbn48VxYTC+XcqFmoUVUGa7N69erBYLLAx/jQqMWxwhOpnjdB6EpUrtKRwuLTvaOGhYaEdqh4sx67PdnogSb4ZmLQu/MJJzC5uO76m+pxQ1sGTDrEoucLW4993DZbN/21g940MGSy9EDxsS1Q5e2s1JFz90EKp20YS4iCCLQjb+mSy8fZuxltUw1bp9KGYYl7YbjOmgyrQ1QT4kB2HBELqXlK1GEjURUBI83QUPk+fbUgONzv9SosheckApNch+SBJdwmiZtjULEw7b3Q6hrpTXV4jcHreUKzc4UwZIYzopdm6MwnYCtjtu25SAuh7Uj6TuNagaoQfWFKLDMWI9OYePGSs1pP2chaapU9k7uqZaqN6nXVsooeU4rtQ+caUL2sSdpDK90V/RKT7LiIO+4PsW8CaJtk8wpoqWGcaZXOLWZeVgeapkqad7v40KtouvNGO3xaxdpyGqd8II4irCymPx2ZBSfWWbAyX+dtrU2uHIGl1aJV1qWo/3KMUlkQ0xVC201iZ65QiakoorOWMZ30ciEqJuXyC6vbIEBZixdIeGsYsqZxWYhykkbT5ZjIKc3T0IjiOe/E17vTnUkdaz2lyExKCrAfcoOaYi+Dy+KhPjkV6aCmGVLSVTMzxrVls2OLiTW+uul1VIdkI6OxHiwG0ypYjrwbuw0M4Q+mz8a290rPeUVLXh3sK4Lycct9HTmtwD0Ica9CjlVHLOxha8X3mdef32WrcNk/kAv2KIAW5X4w7PVM5Td0sGhtMb0YvJWGjdgxAJtOurTr5AbuaYeE+JsazC6//PLzzjtvfn6+++YGiosvvvjMM888/PDDzX9XnHPOOf/+7//+wQ9+cO3atSbHPhtXXHHFc57znJ07d5522mlwTE2OHDly5MiRI0f6Cjg3AAAQAElEQVSOHDn+W4IhAFXSuqUfsRTOKlYQoqGWu8I3iFiqpFi7xjFx9h2pFun0iDvA03hpFvWLQnEePSkLnuFub/gmcl+YuAIaW5arD1i5cmYaEPDc3MLsrrkdOxFDz43GYx/GTQAcPF/Xu8du16ieGwMHrmG1xqFeu3rt9OQKZ0tSxTbBynO6TY/xqgyMarpKz/hsHGosa8SiYAODvBEhdMTOeqjJq4oCsPiJJxzf+Lpyl11/w8b5uRE+2lP7Puo7VcyOvN01jo21k0XRs6WNBal0EcgWrUDQODFyqJBIoJStdDB/ltWhDQdSYWOjuqUoS4U9WqjgGDkU/CdIOureD6KSpPdxO5wWiPM5QLo5J1tJ+wVodK/XK8qS52AUoUV11cBN4+p6pamiaVTPCiOZBOIV0jFLFocT+0DqOtqlIbRyUaY0gr5sVHiny+7yuyTp5AaGkjSILFFkKqLiP6MZFjGepn5mnatA9aX8MqpLi1wDkbeJpdBsTdLqmQUNitiw3cAO5o5ttkXk5L85YnObjX0SQCfoqVySvGNkXJS0i5EB0YoUWk4Nq3NQLKungrFJNdyeQDygBptSdqaFvGlNTFIx02WjINexh09R+CiXksVBgbsFSkdZNqeIhrNpfP1bvawpUUSTi2+IrjEtLOhVZDiLaFVMbQWtx1YgbvXUp41j/+I0ZBjTpia5+ISblxI8d55TUbp1tEZtuYH8y9k9MT52nI4i2XekvCmOaY1HmxES7apLTrQ83pGxtOG+iw36JJnUYRVt8MVpBCXZ3JIQb41Odk7grqnoo48nQECyzGku2KWenZ4p44W/6RzBWXsfi8KkQQKtReTOSvc4R4b75DVFlSuofIbMJifqHJefsD1/EA8WH6SKBB1LjC/QbQoSt8DWuT5DKjhotPGN7CbhxjToYINHuFfRlAXDcWpMC4tG7xFB2awKj6FyPcu3GxzdtDyE5kOFN6T2djLY3epx2WWXffSjHzWUf33AAx5w8MEHT09Pb9u27Yc//OGVV145Ozv73ve+F0jiYYcdZnLkyJEjR44cOXLkyJEjx204GKPQ8zI9JCsITRGp+pghA2MVq7DNUlV4ICdgKxo4/diQtgsQcGCogcvAh3gEH0A2AUCLpM+I5pd0pIx32GTTGnwGp55OAKD7ruj3q5mZFRNTE+M6jEbNuPYL43puNFoYDRkLePT4wDaAC02zUNcL4zH8WVMnPmC3U4PpAo2OUWSN/hosHYuyAlLBnhA0w1QF8lEoPVeWIwJuyNYT/yoLYN1lVa5dPXOvk++Oeyte/rNfXF+PyQHVj3EnuV7jetsX4Fm9RqvqsreiKPpAllFI6RrCs/AEX7CikVRupXpxo74O1rnA+m9XsEOHI2E4lYmz0yfr8JB1NAieEEgUZPQaEiRl9imiOOnFhRtOnqhG/FfpAOEhYsINHLyqirJo0wJ4UMiblGgyt1SMJjFhPW+saaW+Vro/CrCyNmEoPOuC7FmUGBYiqw6GsxhRsx0xsTsfvIoyhawpzTJChA2fiOg0Qt9yukKW5YeJk1g+JdNKds55wVGSEXBszNH262T1aEKPjgSxpqMd5HmltpCM2DScnEKtGnz/iX3UgkO8l8XMJb0tamAaQFrkp6eUYtM0XMqbaRaS3rJ8vcU2qWJ0dI2dpWnqojNZNOlSEn0yJ0d4/CL/nY53CGefRL+sa0UnsV4jdDWxrTUJbWmTeXJuXSiJIOe0ciSKJjd5RKgTvNgcSaNUm3xzGG5H1eaa5O1By7DMuSnXE6xcSpwlE3963NtocNGQfTEaRleV46waZ5aw7AN9+CO6OiGQZ3N83qmG0mylkX6CaJXPvjlU3YBXI+f55G5E3yS6T3c5lmA7zbrixFozJEYbwYgTPemzjSjKDVNpw/tN1Oi0LwiFIxTHLByuUo1Hra5rH5q0YmnA1H3OntGRjT4s9W/FFzSe8n26KmISXAMbx9E8OhaBN9REkQ5QJAsjTnlEcrgSOTOd0xEdRzDdqUnKKLd2mAKbKjRBZNZ4wzIl3CR+A00Id+zY8fGPfxxeAHQ+66yzjjjiiPTRve99769+9av/8i//MhqNzj///Be+8IUmR44cOXLkyJEjR44cOXLc9oPNKJSaWOHNUVEgBvM36oeUdHv4iExP1QQBiFO4jhUBi23ZnSFJqbGWt3Qk1EvoGf0kyYS4gKdvnIBWwZNNBIq3CleV1eTEYGLQ75VVbBBE9MpycqI/WBju3A0r4HFFS1fBF4sG0MLccDQej0ka7Ix3JYCK9XbQmyzRxrMMDT9r0xajYXUQjSzKnrUxnBVZIuMbn9TZKI7zTMlJ/oZGHEAzgIQcMD1175PvCu83tb/iqp+5PmndUHI9wnZSRbEL1nwICwjVyokpQh2eMIPFinlTGaJGsBGuBHTeQwk2i/BMkXoBUqMqBMWw58uiIldiozQ5ogEHHxtSaSYCaloCukR4W4hbaquGNFwWb6MTZ2jlJoZ7giFxjdTlCs2iPTXKErzdkf7ClGSRIeeASoFDq4OOVl0sCNgom6ZKeiv6UhIeWlbEs/wyUNcsUZCyBpGlh4b1fdLMTKCg5T5hDJcs2WkDt2ElozNJgM8ySvbcoLeLVoHqVLlJu4C0j3rRGJesN+xy11RyhY4K/Z0qMnl2+5sIet9sQihXUExDggBieZcyQKnQQ/6JRp1fNAfS8RvXP42KfVvyrEYQMV2LnY8kU9YpLhCsLT4ReHlIZgaJauho/42YxdP0dFY6K1mpWKIMlq+zgk96nBNdEaJ85RSM0SSSSUlGXAdnkjzaJHsjY1LLTnKi1qIDIZmcMlu6kTyqJAsOuZewQQcNO4LFpdMfibzbPSMYHKcWSyPHyS9HouFoWS7NdSJEvwvi09T4kC97vixxhFUTIVxa4UqPHtWeVqngLGXXJMSkdgiqkefkAp8gZBVdyKHojDg0AAQeYSNhZT4g8EGFDRjpLox31iKwNFpKMKzpZCEKbE3r5A8hy2QaRXuvobPCppMS73m+sGSajUMhVvLAzEm6H6i7IHY79Kj+xolK3QoZw2kPMgWn1Ki2cYCVr/3iFN6tE9/4xjfg/xDAuj7taU/r0meOBz/4wUCov/Wtb11//fVXXnnl8ccfb3LkyJEjR44cOXLkyJEjx20zotAPR92iEnq2GqIRNlYhieXCW8YrSkLIKCM6q+pamTfJWrn5HNFIeOXRerKhx1ls7BQVGuDyGeYF5h30dkFyvhKtkG1Z2KoAcIzd/SYnJqYmFxpL1rsFPKz3br55e9wx6xeG+KxvS+x1aHBRO3eP3MYdaPkJhKFoVq1c0+9POTKyQJ2cYAuRdpm03kb/1GL0QBJey321lOp4gjXIYhskxEgo6uHkYHD8HY5aWBjuml/YvHWbD2TJAPDZNBHbPrndNbBlgMummJlYM1WVrJWjh3pPYKGk/QGEnNV7Vgq5GU4xI4kVwVSL9h7COQsSRyfEHDtsJIpcV3Auuk5bhc7KkphvkGBQ1G7GJPUhdfuzIemCEUMEK34ACig82X2kMnykE166OkbVAjOlUaMXboEoHs+JqTCPpwJ+x236WF3IymFMSRSOmSCvnzEmSbAT7YXVIR2iSyczG17DO6GRdoiWgDVLLZ3UuuuRSP+R7lL4lp4ssnAGVupRbRJo1LwFn0vpBfHxZDMim+p+A9Dmthz7bBPCVCGR0nHcslKOJqt526kVnNJrY9qUnaTxrL5SXbRtP7SmY97RmaWuRPoavcNXFP3F1g8FFWhE9QLhCLEzMO+xXVSlwi7u+qae8ZJdsTZtqtEbBG1gSDRW3nHc4tNotYNekyZ2S2sUFberEXW4Mu3etu2IBqBWxyL2uEit8IjIh3SlybXNLVVlxobboaprCDfGpeEBPTcM7UAaIhigE57FMQhvWpw6teyuIhvCeTk+pp16itjy56hA3kreyaYSi5Sqo5GLVdCyrJj87NFSw7pgJN9AN0zJ3KWjyhOT+pvU2ZbJPvn1N54HKB4dne6sqLdoTpCInDudYbwPhMXzl+RYUSIXtdHkRiJJAjIc95YLPn4zmbRLL70Uft/1rnc9+uijl53g9NNPv/jii4HdX3HFFbcWgB6NRp/97GfPPffcDRs2wD0DFn3WWWc98IEPtJ3BetOmTW9/+9u//vWvAx8/5phjXvCCF9zjHvdIEwAWf//73//lL395dnZ2cnLyoQ99KMxh/fr16etwQC+88MIPfOAD11xzDXzrzne+8/Oe9zzYTP4U9vBll132nve850c/+hFs2rp16x7xiEeceeaZMKs913Z+fv5FL3rR9773vdNOO+3xj388+xrD+yeffPLb3vY2eMGfwotDDz10iXX1zTffDCt2ww038J9nn332U5/61PTpOeecc8EFF6xcuRLW5JOf/CS85vdhw+93v/uZvUdaJf5zz+VedNFFXcX6nhPwotOfvC1p87srdsc73rG7Id0pl6zGnhuYI0eOHDly5MiRI0eO//5I9FXoc4cC2ERGpKNU23hNn4atuJnSI76JMemlmRzoX4w+PRc/C5xwKqkjlRjzg6r4/9n7E3hLqvLeH15rVdXeZ+o+Pc8NyKwRB4I3r15RCV6cjR+jEUQIihqJXhIJGlFRvEY0RDEXYzTBEGxU4nD938RE5V7hRnGKA6JEhmam6Xk8PZyz966qtd5nXFX7NKDRduj0emy6z9m7hlWrqlZZ3+e3fo+jidGRg2tdJIAGVTm9dzew5znzR0Y6HaC+ed4ZGx2bOzFnojvazYsdU1PUfF9636+qmX5V1mbXnp73OzxAYutXrwiLFprxiYm8QE0bCcuM2E7YxulBta/0ws4Aggr6kZepkAivOIIpNWx+gFAWfs4XzJ887rijp6Znvv+Dm3fs2FVWiB3rsqJ+zqAbZupqs5khcfbokvEiY8aMFDS3oURW7qsiN6TPM/KlNeTAkREYwBnPUsoqoIcGWUQzeyXeYFpVANUXgCkwwgUfIllgyRwLio13SryVQEflr4ruhDJpesIIS5PzLSLPIHbPzRbUGZU4Rojv6cqLmdkI24nqZm5ikH2IyNPqEuwwK9enkr4GEQxfhpZ148TcWfxI6Q4q4SgwWo4uGCXyJh5AiEfRiFOFkLX21cCJoAs1MJpJtolq6Natd0iFMwdlBMVwEuJyrHmhofwVLxDvD+WSnLLz8eoJkbmG0LIpD/tfEUPJsQipI8uNiRcbN2mjwJYiKn5DazPxviPqyu4WMfWmtNUOH1NL6EyqXiuOyUGPmerUSa276J7ROg6jvN4022oofWh+pAHEN4YnMa+G3sw163G5X2yQgU03IUMgjWSB7YJqH58zDSKWIzKCU7M8y0gHTLk0zkzxn2BqtraghxIbHlEB2CZpoCyc9xHacnkjKuZ4CHR03Craek0myljXVVfWi0FGC19X7LMs4nKSHlu1b0GLDXQkoaNk03/sorqm6gQZ1q3NODkpbbKa7zSqQ6dTadjnxPJxJuv7kgAAEABJREFUcjaY3Y+sAHfqHxMkXevi1A+rgPtAJ9MAIALJNQQoH26ZPM+XLVsGP0SK+nMG9NwHP/hBgJhPfOITL730UuCk0Iy3vOUtX/rSl+IyW7duBV4Me3zzm9/8B3/wB/DrH//xH3/nO9/hbzdu3Pja174WCOmpp54KW3jhC18IJBo+ueOOO3iBqqouu+yyt73tbSMjI/A37GL79u0Ajm+44QZe4MYbb4TtA9p+61vf+u53vxsI+Jo1a/7sz/4MVnyElsMezzrrLKbPEABezzjjDKDSkcBCg4HSAqvlXwHZ/97v/V6736644or9y/HBBmGzbRwMy8C6D9MK3Gx7p7xf2FFcBY5lll9KewHo7fPOO6+9Oz4WQMmzqlA+csBhvvzlL2834+EOMEWKFClSpEiRIkWKFL+8CPv9YBiwRkVaxCWiYzUtsiLIVhdqbZeLM3mVkcbXeUG68krrRFcmstvgCaZi/T1ArLlzncwVjokqvGaXM3v27pva3Z/pFc6Odzpzx0YWzp1YvXjRUatWHnPYqmNWrnzU8qWrFi9atmDegsmJsbEOAJFeVe/YPX3/xm133LP+/gc3bt+5szfo48t2gbOXhaLY2GRj2i/SQSVosSdEj+v5cAI5iVoi6yUAbe96gxKOa9mSxb/5+Mc8+pjDFi+cW3SygFaamQWCXfqA1RL9rn61fs/MuqnpqT76iRSZ6ea2U2RFp0Nv9p5WsjKNHGdaYwnFAoh7gX/gB/iL/3Q6aNScZaKycywVjH+sGmkwwMZajgBbsJMdFUJ0qP6ltTL5WeRvreOPp7R16uOMdRbORRGkMfFaCUPXS5BJ5D4C5xaJlYtE1HXCvMVLBHFHRrWyYo00YiDi7GJ4kr1K9LnSWAREkdc1e3SR7xBxz3h137q8WzwpNLJ+UTHaVr/EA20+bR+P/hKRoAI4jUPNguPgBNByjuRSiBJSzZBYb2eNfEZFwQIVY6IKRoBAleqweicAVuSENfnocyU+VvybNuqWm6EF9yzrc4WLt1gxNU0K0VEjPSeiTBzAYlqv7TNkeW6FaWWjDCes2EBHkoZsV8zH5ONtyttWJCy3CINfIeNxOI3pl5jcind7hNMMjkW5Sys5CUOTUCrltgxwrRnKs3FTjZYRsJRuwoqLynL1Ps74hq98VVYlfIh2E3nOrYUtAPur6ppvazhYxrk0cGTEdVE6DOkHAscicEZc61vdEumzPFCowbUPrflBXAs1piD4wLncLF4iiJUr/FNVYrlvuMIvSo9hCDcZUnMur8BMG78PNjM5HA2fRyodgDVpYYMEqcnz2smUGXoEZ/RD7qSjJcMpV11g82sd7nOaKcUN0UHdshqdn6MHNPr9Pv8wPj7+CItNTExwf5oDEcCCv/nNbz7rWc8CUnnaaae97GUv+9CHPgQE/Hvf+x5cFbFhz3zmM6+66qrf+Z3fOffcc9/1rnfBCQJqbIhff/jDH16/fj2sDvgYtnDhhRcCzmZNNB/R97///S984QtAaXkLsItPfOITj33sY//yL/9yw4YNcCBf+cpXFi5c+P73vx++fc5zngNAHHZ33333Adp+5MbDNqGdX/7ylxnZQzPmzp0Lv8KH8JUh1Hvrrbca4rxAYwEuP+lJT/ra174GC5x//vmGKDb8OmuzsLX2RmCtWWA3Rtws7Peaa66Jm4VP4HP4Frjw5z//+djU9gK8zfvvv59J/awF4NvPfe5z5qeOL37xi3CwsRmxT26++eaI4FOkSJEiRYoUKVKkSPFLDnnNb6AHkRDvTQOfWyBNRaHyhm3b21HIpjq2QK9jQao94dt0qEhARs7OmdTTo5d3Ln3FdgZSQw8JaZHZwhn4uyPAFDH0YGZm3+4pW5ejnXxOtzNeZBNFtnz+5PGHrX7csUc/+sgjjlq1YuWSBfPnjo504D0dzTH6we/c07tv/fY77l13zwMPbtu2s98bwHs1YOEsh7d4Iy6leNQkgMPmi63w/iJVAYdaxoqnR1Prs8oWdXAANTqZPXLl8t9+ym898QknLF2+FCjxnIWLuuNjsHbdn8HOsG53ZR7cU96/qz/tg8vDSOFHshoa3R3pAljGPuASUNRXeQ6EJAN23AEG3YG/IDJYrNsF/Aw/IZ61ajHqGUIJJRdQaqRcGPc542ikDgijCV4LhxfHD9W5E0aNSCtEQ2e+FniLCk5UFqdXBgnoxPrYMtngyevOtDBs7Fjb6m0r7teUm8Bt56xfJm4nXa5sXC4io9pK2AN3j1MLDuY8yH9qn1MD+Bxa9RhpsgrNlHql1Daydp0GEPQ6EKBOhjKh9k1eojkw2TCTcvR6bR0w7dUcSnGwekATyDUt4b2K2+m/jK94FdbGaEShaoFvQxhSM7u4opP6rS3BfXvJofbQPAZjxAUpaEtoINXZAkGmJPDI7Kzdb5uczqGv9DqkDYW4NauGM16EsUaGB4f0lhm2k9GCL/TamHbiihMsUgrVmpYG2csAxd3hQuPmrNDdAgKWFhpV6sbesERFvefElJQKRFidaaYHpzd4sn6GxudkNy0W7xkXF5TyBCrw5VOKQ61omPVEBHbTVssNPplU35GuCT6pRjpBbJspAVbVQsOLnCb1WBOTsTwE07akG4wMiDTc40gcSNZMlhq+hpGfjfhprcAGzXDAeZZVpkbflZYYmRTXmQe6XuMsH4eGTXyiMy10KaMzD11BbI48756vxVz9S+REY69luXeVHzAu94b9POgxAf1J2zIHNObMmcM/bNq06REWYyz7kPYUP3MAu9yyZQubZqxevZqZaYzR0dHnPve58IjhX4899lhYErAm/N+dBx54AHDnySef/PSnPz0uf+KJJz75yU+Gz4GuHnPMMdddd123233pS18atwAM/UUvetHFF1/8wx/+cPny5fDJ3r1777rrrsWLFyP2z/NLL730J7YZYCuwbPhh0aJFT3jCE1jafMEFF7C1xZFHHsmLAch+2tOeBo1h4HvGGWdw173kJS/51re+BR/ecMMNsxw24kZg+4CnARbfc889D9mGuNlzzjmHzTGgo6D3XvziF7P3Bezrf//v/91e5Ygjjmj/unXrVhZxMymG/Z5NYf6DMWst2C907IGSyadIkSJFihQpUqRIkeJnCyESJIAToaaz6gBp264GDU4R/pK1N8Czx1UULSoxw94ahhBmXXpTseUB6+vqqkLDSULL/N5M2jqPCl2SgQWy4nA8S5j5JmypGgymd1d1v9MdAC+ofKgqdP+Al/XcAcbN+gCsresE8i0uayrCZOFdfM++/gMbtxJocYCAF86bNzY6Bi93Hl7MUSYnOjryO8a3a9LGmrawiqmEFRNsxRNUJg/LkNlMpd7EiLJs5arVR+3u79jVm54uR+dMrFi2ApD49s2b1t51l6191hnpmWzd7jLPpv387pI53bEMAEbl0PxzxJDTMsrAET8Des5zlvU51iuSBQfxVZycTS4isGAgvR5JHwPDKCtGGwqFxWGDmi9CTmRImX4XlE4QXmAhcbCq9zU6M108SdueAVbPLWviaiPi5Mx6Nmupjc4/D6KRRMF7JmTKCHkylP9gmMZQB7mW4vSMtX2q5szYtzUwZ2owdE3FCVtCUstO5F4yJFSpi6etszmti6anqpVsbhDL1FjpfJSOtn5gB5cQ2s4cfJdEFu0b+XiImZoDrBn8tY+DEkBrUiU00Ln5R0mw0fEvYlZdNYj/Q3NFMWdubycy2qFrzZihFRv+2ppYIFMFxNhGkyWNvbLXXcr9pAmUJtHi2IVGbjeqHMjlOQ3BTh+t3bmRseXcTIa5TaJSBxloT43ZIlmYcl4Z5mFqwfdcopAbHowKmF3ztBG/CUHZpLy1RrJpkZTHPg1GjJvpOy8G/6ovdhmPWZLvDMLtoUl88DQk4YCAuTjYFYwMlidr0GOJBl2ZjwGDrJHaeyhkJzzNzygXWhkxHPbEKEQuHv0qnisqp6pDirW8UW426q9Z/U2/wuDPnSXXE3JtsqrmD8lgCJ+10cFfcmCip3cFZwJFIY5PVrbbsFRbl46rhkEWC9jyDp1cWVyaldJnTjXxRkX0TbqQHnoHfCyDoz766KOBw/74xz9+3vOeF3FtO4CEMq+EJc2BiIULFz7lKU/53Oc+94IXvADY6HOe85xTTz0VGHT7aTI+Pj45OTlrxampqX6/DzR8x44dgKQpkyEBPz/mMY/5yle+AiR91apVsAwcy+23375hw4a4zLp16+DDe++9F3b0zGc+8/rrrz///PMXLFhwyimnwK9PfOITH/Lw2wEAGoD1w30yi/MChuYfZrlhGLK3np6ejkB//80+QsTNxt0BQZ5FnGPMcqDmgI6CLnqQ4tnPfjZ/+BNdpx851qxZc8UVV5gUKVKkSJEiRYoUKVL8egTrmZQo6xuxTqBmiKE2A8hzBQUolqBacAJNGgYn7pwieKM505UKovELKpcVrMz4ZQUbCWXJ0NgJ1hM/T2QFjLLrquzNZEAY69p1OmhUEUxvgBQa3o1xMrKpHYqDxwo3Heq9oSx5JnVZm9376o1bdgAFLmDZsjILF41PTKBRps2RjBjf6MP4iKOejw7BCsBwEQsFMYom/2sgrB4rIwIwhkPcs3fftl1TD67fvGfvDFpl5GZycmz54mWHLV8x6FUbt23qD3qwgb0hPDBVVYDAjVs9r9txCM4dwmcX4EDIJSLX4oDMEDLECTXuEcmuZRFbiFiJteiOpceqjBSaQFpLlAOKFUpQx1E6CwC+6VR70f6RItBRQaxmqnjTN0bqXwnP4UvBiy7aYzqhjp4bzMFJN2eDtNCxG/WQQFjgUHBqT82Cv0jhyCuVr0MCY1rQsAHhwahzt5FKjKS4F2RCuBrV4tQftSf7b2caxw2jmKuh4qz1M/JbaBSirO+0CqMjnlTARRdKBIq8vvL/EBpUfejEQQqg+eZR7qrnOoTmBLL6NSJRvn7o0pHzrWmd5lJrpfZMzGhFZNlcGQybraJY+kDKXfJf1oYW+pRrsXUhGkGiThwogt4jRjXPOmoY5dA2iHUG5WWoTl68I4Ix7ewM3cbiTaL75d1VoeZe4wwPw1e9VSz3RczLKM4NrQ6NUxDkxpLCila6mw9VslT8xGJvEBmnrEJx1hj7pjc1qUDQmGf88DOCgbOVX7ykipAm44BTU0oOr+FYx4DGL8ys4fgJbJoTXzF3S+OmTKwQDbxhqEzK51pl3ZI7oDQuVkhEt18rDlF1k/YS5s7KcoTn8oANTIytqqqNMm4r43tGvUQOID5opsTTNB++PJxeccG0/b8laYH7oVwdFYM1YuMh16p8/AtJpj3pSU8CAL1169bPfvazp59+uh0eMPfs2XPNNdcYQtUnnniiORABsPjCCy983OMed/XVVwNO/TAF4NS3vvWtcRcjIyNRnT0r2C/lEWAxsF2G1O95z3v2/3bLli3wN8DWKym+853v/C8KwMGvec1rzjjjjJ+IoX/+gOa1AfQBj1kVCGcFABzRm7wAABAASURBVOv3vve9sZQiByzfLjn408T+FQhTpEiRIkWKFClSpEjxaxJB5L9CJeNsYpHOybzshsMRKInMTwhGkI8ZuuDbMXpY1iX8jaYTdeURtNYsr8WpxtbZFuy1NPnYiXKIUCmpb9UXEzEhmh3UlR3gS3XlAB0HtInGVdDio/Q8k9wD7x0bGR3vjsIumpnWIZSV27Wnl4XtOeJb2m7mumOjlm2mkW36NnjUPuED9jTd2rpZHYetYkYKNLbOMuurcvfemXsf3HzHffev27h9at+0IfeQ3vQ0/LN8+fITn3jij378w/Wb1vf6086M7Zi2AMdREp2PLZ3IRpwHtGBtXkbqycYanmTWtCMGGwyOjZE59DQDPiIslvUKu5Ep+wyvkE1nLIVk1GusIiNiQCg2JOYUnTU0QyDQpYFl4tMSlKAphzLNEmzLGkK0KJD6lUTyMyY9LKBzqLKTVlqlTUKZBeBE+aAxos8TxadvxHiKqq1el63OIMkf6xqp77zMhmfBdWMVMCSuFADEx87eti1cYxq+bDXvEi8apW0NGNSChIErKB5o39Rf8zgoAbTRxA5fHaJcj7bfotZtncjAt6TCXJ6FEL+KcNU0ImdL1e14DW9bVtlhVjt4NgILiwkF6jVIqR2jxg6yUb05gavh4Jpp4kOM2GOaRSG1kZQJtMFjtVIqKojf+KCm8HJLB9E0O0bQNRcIxOxWzM8QIjYCKGFQgYyhbcF0ZcZB3JdIRKwFBTEc1e5Ty2IudItLVwEHMLSr5+P3vEH4CMhtbZS3o9i65s1YLzbQzF9dtN0xNC+CJ4Fgr6OBh1G7ZclEsa6aQDCOsATTRY1tuUpszZ3q8yKv5LEIu2YqjV+VZUkG045qHNIUm1jqUMA+TuCBkZa7t0KzaIMmz2TJX1fw3KpyMkziwoyBRsKK5rmoizxeZig5p7E4o6wtPQ1xIo+3zcCMtWbJVh/l3lxrkAa2jivoBJKDEW2RMsVBZdeGN81uJDJM15wHMFTw0FXU3Qc2AEB/9atf3bBhA6DY9evXv+hFLzryyCOhgTMzMzfddNO//Mu/wA+w2EknnQSA0hyggJP1XIq9e/fCXoD/fvvb377kkks++tGPrlix4ieui8/Rh68WCGB3yZIlo6OjH/nIR+bNm/dwiz3mMY/54Ac/CNtZu3btl7/85S984Qsf+tCHli5detppp5kDGj+nuPg/GrfddlssA/j85z8fft6fRwNlvuGGG2YRZHaR/sAHPvBTkvHLLruM12VyffjhhycenSJFihQpUqRIkSLFrzjYVkFFpjJvVxh0xMuq52IxqBH9Fs3jpRp2+AG8mGc0P7fOqKRbQJuL2pe9qj9d9WfqwQBtEeoS3uFz60ayorZeJalB+SAjz4h6EAx4VhniazFZK/i6xJd82FlhARijUAw4iO8WBSxZDQbwgk9F9gAtZPPndLeMjvbKMKiqLMAO8QW5X1bbdu+Dd3ybFVnuisIsyBdm3VHUQQcUiSEkQOMPR+Clrn0QFqsQ1RvfoBVCGGQ9StgGcUy2a9eeu+5d971b1t63eVPlDZYK7OSmdps3bQVqYI90jzvxcSMTxfe+W69dewcadPqRPZVfV/Uyt280nwPY3GFzsWQZIKAad+0NeoQY9mzGxiMWwMnQROYzxtPBtEWQQXXPYgtrVOzmCTqT9E6kz838eeWqCG1MpnW8LCn/EF+x+SktwfpphfVBZ6iTornyIqLDa4E6nnV6sRQar8ieyHKVqXSyuTgJYdGpt2JRywkJyxA8qGe45a/Y0yMKE+PxanVEpjDKr4k8Z1ke2gJT6Ym2lhX5lMsigrdeWLghdi8oXFZRnSeSL722I4GWG06DEgXeHviJ67/WcXACaMW4kmpwgnbj12wQLfk605YSC35tI2gjF3aYDZeNjK9uf128XL3NMjw8qypbb0VyoGBVv4ymlOXj9Zg5E9+tI0wnAmxMk0LRu5t+sernYNQ1hpYXxxu8eJ0WOWTVMWNiVjzjLVKbKACnwTsmqXh3WEEPkodBlNQ0JtnoXG/oMWMDYVKX177iQQYHLHSHRu6fWR5046nge99Rj+BsmDjAyanTuRAMmelIKH+IK9CkjVbCkYcFHg/kCSXTchzX1KVR2CGWhRHO41I1Q9iaUbfn45LKktK5eEwxQ6VXDWf6gDVLLcdOp4MdXxsvQwiDc7RewnRey32Ehxz4AqF1Jdcd0X/HU1qCSLcDdbjLikJqJpIi3hImd9JDTvsQSTP9bln87tHYCU5fRqLwQAdNLJyyiTgPhko1mgMd0JQzzzwTACLgSADQ8AP0zKJFizZu3BhaWULAxICqo83xzxNAut/+9re/7nWve/GLXzwxMQFw9uSTT373u9/9r//6r1NTUz8RQEN6ecGCBbfccstgMMCTSAE9c+uttwJuXrZsWbfbhQXuuusuOIQ2gP7Sl770/ve///zzz4fdvelNb5o/f/6ll14KW3gMBRD2Cy+88JG9sP9DES0y2BLaHKDYf7PMkQGdM3cGBMzS5p8IvgE0A6M3LaeOWdJs2M7WrVtZEx2dozlglZtvvtlQAoOZNaxoUqRIkSJFihQpUqRI8auORqOpU57b/COwFpbsH5op2fQuzYJcFsXq1GXGiJ7dQ2GRquxX/X4Nf8q+CLsMWlDmucvaTWAD3naTLL/lZqyNxfdndMUMJXlY4kux69u6youqU9Wd7mi308lHsETfdK/slyVsYbSbLZzXXTEzp+i4qb29fdO92sDaPYfkvLNvOjywcbMNFby3Z8FNLHLF6Gje7eBbeVWie2flayfyW6RmeJR5TeX94JfC5UIXsHaWr+o+TsDGQk3FAxu33bb2njvuvm/Dtu2eJm+jRMwDBEdCvn3XVLbugc7oyKrVqwkcudtvX9sdsa7T6fuwbtdU4eregvHlc4qxvASGwHADsHWOFLZCVlIhkS6KXNBRq/QXgREmLYKXnUikRazsFI9FPS7bnTC/JkkliZWDVZbERJaYELuskGIQIb14kjRl94yCGoI2Ne2JSbezrUn62B4/dIHZllY7DAc3lRXFXurA6aVKDSFlnmc0HFp0m1B16yon8sNzyJmUsfqemuyjeF8uRu2e0ObFtmGJsak2y6Q/TbO02U/1LIhOD1iZ2KEYzhyEIap80e0+xNea3FFQbM1PPLvWPCRljrkSO+sbE0wk1vHaiQ2LF1t7XTu8TSO3aNApBlRrDu8Ew1MAjJVr3MpdYOKV/xB9IuU3vQ9q2GM4HcdI2ujqQaTE3CQt+hnvDzZPlg/5mDjL53nkpwVsHOtkTND+4JKjUkKAxz7aFBc59fCQoaqEYm5vtDPaNzXvl1XP7GihLdEx0kQ7DsON5b6EkbLCIn9GMDNWDHCxtzO582leT+aE1MZ8GNU0oNqvnJrg0cgE6UHJC3upTcC782zvwPNcHGV+qb4BnVPMzJYB05bkK9Ik37I4lnGruK88VU5AhTPp5h18E1yU81sug6BZF/kYe7gmUxBHVVdrnp5EC9tYSvGABzDfP/qjP4oWzwB2N2zYEOnz4x//eDg++BBg5cNVxvsPxapVq0ZGRq677rq9e/fyJ4CP4WdgwfD5T1z9sMMOA1gMFPvrX/96/BD4+Le+9S3gyIcffniWZaeddtrMzMxnPvOZfr/PC2zfvn3NmjXw1WMf+9jJyUmg2LDK2rVr4xaAfUP/AhA3ByjYahl+uPrqq2+77TZDzhgnUUBLzM8asDow3/ZmuSzhP//zP7/oRS8CLhyXZLdo+ARIdHsLsPdZzYhwGbqF6XPMNNxwww2GGPcVV1zRBtAxmFnDD5/73OeS/DlFihQpUqRIkSJFil9tKLJQrCcaPlWPqrbNtNVazdohunboKvLmTl9iUaeqN1P1euWgV5WDuioNVl2yeYbmlkWWFTn/yfFnl+HfWdbJ+JO8IOPjIif7DXzXlqpxwLHLsur1+4P+AGHzoKwGA3idzm0Y7xRz4BWl0y3ItXN0pLNgcmLu2Eg3Rw6MW4c397qy0JpBf9ueqXu3bFv7wMYH7t+4e9uU7w1QMtbNTacgZOBQ4sf6vygBVFJjTKQSCMPZJBkY9133rPvuzT/+0Z33rN85VeLnuWOxGLD4GvgBoPj+jh0777zrzq3bts2ZO3nccccvWbyMvIj73tZ7y/Leqem7duzbuLuPcrJQ45TnOpTwx5M4m+xBbV0CboD3YqQAFDSfW/o/MDGmtnkGxEJmBI4I7AnxJPIZDIKF2ldFCwSTvLgO6rnBZMmHIUmvnHyn1Jv+uBbzkf1Frb2ao7b6tXVt6Q8MuYWFyEZ8XACPk/ohAmviWZFoiWtAo7SOH7EjasvDOlI8bWvrVlGVuLMu3iuiqm6WC6bFzZsGtP4Yzbc07TuU4iC14JAkm9w3QVWmHNGUw5iHBs8Pf6ajq4d5SCSt2w/NsiKllS9MM09FfMxjM+LUBL5q9VKlLJMAyXi317o1o6RSaHQILZkpfiPW8ZJmbA0exkb1tCwtdu5NxghRLOFLznbFWzz2jmxKhpLmLlLXZ3kmWZraYUJTtM9q7cEgA7VgUym4Kmb47MnTGne0E4JqwSNCDaHdQGwImY7IEOlrH8c/75uW8hXCJ8EJEOdWZALiTcy1cWowWAHT4shNdJtgbu2di2ck8ADqJcUne2FnIxOTbpAPzKhWgI5KVmd/YMhTwBgpLIjPHMduSIamM7EG2so1wy1SvxGc/0L1KOEpy/lEfDblrjbkLm1MzAv8QmLJkiWvf/3r169f/81vfnPz5s3wCeDghQsXAqYEpPvDH/7w4x//ODxd/+Zv/ua1r33tUUcdZX6OAMr5kpe85K/+6q/+8A//8Hd/93dhR1/84hf/7d/+7fTTT4/y3kcIOAPQVGDHl1xyybe//W1o4Y9+9KN/+qd/Gh8ff93rXtftdg1ZPL/gBS/4/Oc/f/fdd8Muer3etddeC1T9DW94A6BVOFdnnHEGIOw3vvGNvNMf/OAHsIVjjz32Gc94hjlAsWjRogsogNueddZZ8XOg0s997nPNzxrw/77OP/98dnBub9aQjzPsFPD03Llz2U9jVmFAzh9A5wOsB1g8awFYC7bMADpu5J8pzEMd3ROe8IRZlQw5WDcNC5gUKVKkSJEiRYoUKVL8kkN0b62IGFFe7pVFRqysnhj0tyABp+rAIEo6Miqu63Jmpur3ABADfQ51BW/XmQMAnZnCUg0kE2m1rMZAgGW3NLPXqZUpvW178u3lqnsmZ2qqOuzCd03eIfJQw0e5A5jcmTcxp9cHtlxBC6Z7JlRYJzA4nxUFbGtqpnff5m2m9FSHMMxftCAb7wb070DiQHJiZ9QyOMIiqyjHCK6xiJWndm/YtP3u+zfeu37jbtiltXneaZNWRiSutNP7ptf3e7CV5UuXTs6Zu2r1qjvvgQaiFgrg5p5+tX73dG58141NjmU5moHUNrMVOYgS5qGCWihTQ+0iTTI3VLtRdH9MqJwJET+owFC8m6WbQPWSAAAQAElEQVQ2HosnTTwOQiXxExJyRuZFlwOLGz1/Ea1eY35CMhZyDl2wtdfWmOjGbFUp2eLLDXreD98N8684kX5oC7OYbxtkWwVQQY+Crq42mI7N4ptBkFh7v3Hf3ADsdSNOA9FlwdsWe5sFY0JDaEL7k4ehlf+546C14LD7/dZog9WbiL+VATT8pE22rhgbN2NZkR9au5ILnq9wuXua/bKBclAVNtydjYU+f+Kje00URdN6PFrEm0M4Z9Mc2WCTmzIkSjYKJuXJIbkb2iZn2+RuUfksLUhZRPK84ZG09jEzJqmx2Ag5Np1vY6RCLpUrpC95IGQgW/vGW55vS7J7xoQg/lwLjA2ZuGXTUyVOwLCxe51Q7BA7Bc2O4ziCk0RqxrJoRuGZuKMXvwli+U4DvNz5gUYE2hHWyEULJRZ0S/ZLUr6ObaFpREcpNRbaxYcjWlWVpRFnalN59rqi5w5WCigsV26lLoxPTaqgkDmZqOL5OqJygc5qopAOKdgm32ypUoM4yPCy8BkkN52cBEwXY+qTlifzJrrsSJZdk+F1LZcEC69/gbFy5cqXvvSl+3/++Mc//pWvfOXVV189GAyAQZ933nmPetSjzM8acKCveMUrli5d+tGPfpTrBAIChh9OPfXUnzJlCAj7Ix/5CKx+/fXXA2WenJx81rOe9epXvxq2yQvkef6Wt7wFKOqVV14Zd/G+973vlFNO4V38xm/8Bqx+2WWXXXXVVfD/LRYsWAAH/qpXvQootjlwARz8y1/+Mrtb8Cdsymx+vnj0ox8NULhtuAxQ+2Mf+xgzX/j2wx/+cKwxyF8B7odVbr755m3btsFi0Htr1qxp0+f2FvbfCPTkRRddBHg6HggEH0jE0/AtLMarQMN++mKGKVKkSJEiRYoUKVKkOOARWn+MqNAavDJrFrRADBGPyVKz/E/xJbWuBr2ZetAPVWUQCxh4ue7kaGKZuYyIsm/tv6UYRXaNb9dc0omRNFenQoaLn6G5JSHsiqVgVV0XVWmyYk9Z7xkMiqIY6XQ6WTE5Wvj5WbC5d1l/6zZ8q8/yomvnL5h0ed4ry90zM3esX2+BOeP7tJ9rFuRjYybLQ14DQc3IzrOm9+44Id1afvfmBofKV+s2bbn1zrvX3rtu6869BshzDrvO4buBLy3jXipdB/C7xIJNwZZh/YMb+jO9BZNzlyyev2lqwa6dU/D1SF7062pPr3+frwbeH7NofHIkH8lCTqijcrmA36zG9qAbBMEW0vxlKEXLqEKe1EnkueJG1HDaz6LjpPVDlEFiG7HOlhaQFMam8l7yXWERMRrIosM3OaTUqpfn8KwjbtSUohWVkyuQab9rT2e9R+xrW+rSuIIK9PeDACzTU6GlCp69aSiW1ZbQ/HLbKDJn+QsMg2z+yLZmojNqd7FnAtlAByVXas1Blq+ejX9tUBtoY0SA6aMxtDHmp2Ma/2liP7R/MMTiZSvpwrKtC5jZasNhHxZAW9HDulbR1shoZRHlvgL3TFQB64dyHwuA9rJhykBRA3xLrJxpHoWlthVPMTAkW21GaDaG95IeiyiW/mKjBmNlhoM1YoQRZwuQ108U+XM6kKceZKYpwcmbpiE7c528aOql1nUDoEldy9XwuDd5aoLnRwrd19QUTeKR2UXtKwLSPK4407r3vZRPtTV5FTHjhSgyqa/YGkGk7iN7gMBOSqkdx1puHpXw707W8Yx0adPey2gCO4MUofYJLppRizkXOIAHkvEZRlFVtfJoJ5t23M+qNKfOpeIFhia1VNQkMrb3NU4ZcuTq4QP8TJNRkBxzcpGsPFxVlZxtNHLMnrOP3LaocPY664OvwBzL8GKrq7rKs/iYw7KHiLTh8KyI3am7kEeLBUddUXYW7aWgMTbH6Tm33XW3+RUF66DxiPL8ggsuAApsUqRIkSJFihQpUqRIkSLFr01cefmlOb0hW2IAWbQv4Hdy8qgkfwl2q5TJuAyesWgSm/FaWhVLJNGKhCtgyb07t2y49QflzL56gP4TZdmf6fdnZnr9foml/eratDSs+A+BAa/KtrIOsF4dl9HZ37CH3GVYhzBHMXUHaG9R4Et+kcML/M7K3LFhC4DUhXPmrli8pJvZuix37us9sHP37fdt2L1n30QnP3LZvEcfvgK2tX3P9PodU5t27co7+arFC48/bOWRhx++eMmSvDsCW6jhjZ7LL9Gca2epoxD21JktSPVqe+Vgy7at//pvN9+3fv10r2cBsxgrxAlQO+umkVf4PEf/D8IdtlNAo7uAyMdHunPnjO3Ys2/Dxm27tu/KqcyT7ThXdLvdsSPmFUfMH1s+pzOni/TIuK61OUqbs4FxmfqnEnSmaoRZnhNGRuPTjCXRYgNNjELrTNJRZKqIsw5ZuaQeEOxEGWANv3ro2nmTYyuXLspMGWq04A507gDvkKlI6am8pBARFhdSITQCTdx33pcVIif1zYgaRCvFwITI8ect+jt8ebS+Yn0lFy0TFae1jSaVFidkJGq/KNNu6aSb7VgS/6nHBtdRrC1d56KsdCLqN+ouzc6s0eiDd8TVuhg9x32E4SNqdJ8q/XzV315vDrY44YQTzM8UB6kFB4Y1jdVGhOgxZcEnuq3XN5Eqx/WHI06paDIwmO9oc2q56AQN8zfBuqhONvqjbfJ3qERVBqy5ILkCw/DhBJm/oI2h3Uh6xbQU/tbK7kmsa+JUgSDZSa74R3efFwGwZrrEDYMbI3c6ZWBo6FLBcstjQ2bXcCLLiiSc3d9ZDm5ltzozBgcpqxko2qaKfZn0okGxraSEq5XKq3JQgW9Hq4UNYGSMXj1s1M4bhqHASzcbY5r0kWfG33hEtxJ8+LiAUVtMz+NYEFrXkrra63CBk4a8mGnEIcNZeFgYKrEKf1Bj7rkuA4zjuZwZnnNChJqMQWruEewcGKMHJeqqM2TYlFTw0lVUYjdOV8qiT7Y69/NZpAvE0+nA1WtSUXs5G1ikkDcGO/rV5paiDhoeSjfddNPznvc8kyJFihQpUqRIkSJFihQpfn1CLAhaxgvtr2gKb4R0AjganXKwumb0c2CBqaji8H0ZJV8WZVRZ7QGQZvQmXKOILGvN2A1CEWmbgYrX4bRnWK0WImN55rUXKSCu5Em0XHMpLBTo2ty48TyHP5t2z+zuTU2Vdvnk6LxuPmckWzFnfN+8OXtH86WTY49bvWzFggnv3FRvYuG8OfO2jd+/ffumnTuCL0MVbO0WLF6YjY2EIkeZdk3VmYQM1EJkMnwH37V79wPrN9x6x533bd65bxCQDlNROzQFyWTSurPCekgCLnACaOxgMKCCfvhl15kFc8d8WU7t3O0rOOI690AP6k27A0Frn2WjnRzJA9Z7QhaBNqqWNc6ZzKnGE1BXpLdGv+waJ9mT2wYi6qiPFP7b+IuiRNE38/zx+DzpzT2w6MpXqMGrmxPFZQaDHpLB72j2eZDTqFBXtM+8OZme3iwzFCxf9C1bZ5WExma1ELN+wnJJbohcOkbgXUPPQnNJC22z6hfQbm3UatMFD7SeDWONtdFLgDeL4n3LjMswXFPZppCx4YNqzSeI3Ms0vNL8apHNryIOWgAdHuKDeDHSP83VGYNPOA+L5qfbRRjy7gicUwmtySW84SCaVnGCoc8EBsMFWpPnAjfN6zjOF11oULMM56Y1XwGvYSdUWk3XY+NcbGOj3hbv5yh5tvqdtEsJNFUu5S00WSZHHxqrUzUC71xaJZNNDA8h0eeJua1p7ijSabs4q4D6ABdAfXhgw3vm0qaB9PqTtSq8pikhkKarCZDr7UnLauvUehqHfnGgYghLT6ygDz0skZtxlUG03qA2s3ZbDpJ3Spy5Ju8KcSbRM86VFTPpXvgZJw1RqVl0eeaSrD5Cc+puH0L7uUxpRhqmyWCjdh4zjnzMteZQQtvGXPw4Ah88gXvLAzf2XW1i4qUmGybC3IG19tgKZ+vK/MoD0mLnnXce0OcD6JWcIkWKFClSpEiRIkWKFCkOSPBbs9FJ4yhmZrWnCrAcgQhrGmsGWtTKJGUTXaBZCEbv2E4mTONbMLy9ZkihI9oDBu0rZM8ksQ0RwckKwEI9vPEjm+ZZ2TkRVWoC7rYOEV+w8UKcNMy828zJ7Yq5o/2y2rC798CmrdP7RhfPGZ0c7QL6Xjp/zmQ9smxyfNn8uXNGne1k4xOjcycm5oyNAVBev23blp1Ttn4A9nyYrxYuXdQdH7WZY7oqTp006Rl2OyjL7Tv33PvA+rX33nf/+k0zqBnLctQj1qrcc8a0ioUhxxU8jwC6go1VNMM82zftx0fy8dGinj/RL/vT0z2cOx6qPBtMD4pNe3pIs4t8ycRYjgge9X4mcIUoLwiK9Go8j9sIEpHfuBWMRlSLSbzIeNugW88Fw+gk1HwiqNhjqGr02Ki9Z22maeNc/aMeG6bhy4JArC7Bgsw4P94w2rFq2aoO1Y0g2mh6IyLgoNC3de0KGg56KRrT0lOb9lR70hpL95hGDxpUq2lNY4rQpoi6fdsm0dFiwTpGbpGTWSFGsaqZbTpEdxybZeMxHkpx8ALoRqArHwxfinaWwtk2kNeymW8wOuUjtBeRLbRJ79DnpvndRvDM+lPbXP18o7P7BGn4tSif3HIs1SXK2lLpsqA4aMpQDtPF+1cExZj4UgOcqPIOWqHVGZE/iz+Ij7ppTxjU6H2uZiLSk7R77hiLM11olCALY+LCmVR8VQYfxA+a9L/WNcbRZvhE8MBgcdJOHsQoiaTN8R6UUSkamRgjvh8VjOF86J5kwky92UJZyxvQU4C8n53qsOkHx84WmLjD32keinOxSVaHJITsbCmCNXpheLU5TTTCAYrkyN4xk89InowPFmTuWmfWenVbcTweBrUbMsMpOqvPdUvSZ31i0mXL9XAtJYfzrGh5cMfu07E8GC2XiJcNTnQxnms1ssDd8eWN9XazYH716bSjKUyKFClSpEiRIkWKFClSpPh1C4V4IswK1inddSyL8sFoybm4Cv5tG3WfkhYucxUsz8cmUsBGHoA0vBp7ZJlDrwznULXsG1sGQ9UFDQFsVuIFLCkPHCIzLC4NaBPCkmdaPiDMFv9Ly4YUmbEdF1ZNdrlg1n1bd6/bN71tV3fBnPFFc8eLbj4SYNf57l4/KzrjRTbWzcdGitFuN8tqwLv3btq+btu2ytcDU5nMrMyXFt1u7VyVseEyAANoHcCAetv2Xbffed/td9+3bus2k6G9KM1ghiU8W5YwKUJ2Ieo0lvbRZGeaS23RPLp2dQlHk1nfHSkmxrsLFs6F89CbnkFTi7Lnczc1g3wBjrIw3QXj2AEVSqlz5igBuQ1O9TZNLgHRhJP0AU4AF4RUK7Y3VgTKVpgFGWgIiQbs7NlzpIKf0GkDtl2jD4pQlChujrRBuHSTtHBUb0tZr15lUoaLldBMO2xju0EA3cTrSohzvEKjpzPJBa2xQxevaVheaOlRcba6ZS9m4kEkCSckpReveLrybq3sM/CleXsL5AAAEABJREFUGwILHVst4YuUfvFsDoAkKoj2lKG6Ze2nUUGqMaZ1JPK3qi9n8+5DIA5WAK34mTMnRi+Y1mUXMzSzQTReNfQNiYL97BOu6E+3E00mdC9meIsivA2NDYZeXrIaX9QZTV1B9/oov2Zi7ZhqklLYN+kja2OZVb608X61ApVjcU42ozFEdI3nYR6TclmU37KtBJc8lKqf3E7cnNc8k9WUEkLYuv7zr215+fHtg5z66iXHnf533U5GF4zV6oVcERG5tmGLDL65uHiei+Jf1jw79IWoebqHw+dNbRTce/SLMPHhRUfhByUA6HNf++q/u/LvuDOMGOuQjQZnOg09Fw25NAdqFFqAiFIcN4lPNej2TBKCTG/JCYnzeng6ADhHZC9OV/jHQraPjIo4zVHTatg8OooaD4I8mi1Ob2FKTkdEx8s5Q0msUalfyipi1jHLC05IYFlFg4LofWde/cN3PHVy6mvvfdyZn+jAw4QK02bcoThkFhmkBPDiwWIHJTyGC4eVCOsSIDgnfo1cBKLiHkqspEiRIkWKFClSpEiRIkWKFPtFEBWdp5nGOEta8Bl9SbObrbO2pSZtwxExE5CJxTUJbh0xRhLWAb6UCdeOKmY5b1wOlNjxJGI0M6jxLdl4mdSc02qlp5Jd/GaOVp6B2Ag6W9gCAYujQn6W9FuObKDJ5yMnl8tgxzrZUUvmLJwYWTCa37Zxz9bpaue+qY3bpxbOHa0CEI2waSw/7rCVK0Ox0JnRjpkzYg9bMg9xQta9bd2DD+7aUa9z8No+tzu6YN6k62CrKltZJA12ujfYsm37zf9+67r1m3dP91xWwCHkyIMQB9QusBm2UCVnPPuUBEZDaHjB1czgqAdl6UOFOH5gyhA6RbZgcg4A9+3bzd49e2f60/C+n3U7wXQe3DbtBnW2dHIhUHOsZFjh0bNikVCpmF2wgg7PpFOFLxN+Mi+hc8uEtDY6n90YIame8QnxZ+DQVUDf1BqtQWty67bDwNfIHHRHbEeLk6mi0FvSyjFxpogVw0yr8B8bWPBe2RJW22TCMKiz0c5AjDasUSUzKw8j/SBZZcbqQ7KBVpDEdh2EfJl608mIQlBL4J6Vnoi5WRVOCkDXbgyZ1hr5n5wClJVSXzmdzf9QwWQvQudWIufQiYMTQOu5DoKRBQCrZNTIpR1TDrQSXahBMkWErpnlmiBm7HoRydSB/VI27d95n/KxpZssxLGYhkfHgmJ1WGfbCzajsDKQUyaRrj9n9LZBWOkqlifz7YlTLLiMnRU6Teb+OJ9ChMtiE83g2qOnPEuVDS/D9QAw/cj8m3Cw3GK8YcMDE4wy5376jnc8fXK/Dp98+iWbNl6y9poVz7gIt043s9h2YGt8vM1oFklzLlgUzmCXvOppVIMxUfygyZEjWD5yfq7RTBJT1f73P/Xv7z7ZfP2dH7rSjGKdw1orK9Kp1TGOTnGraKPnOo3W0DMolGg2DcftQlnjhmk59pk25AqS0/bYsAIyqKyzJsv5nDXjjZBZMxzwyJSCpjRmUQqLZo2g2TcNzdYVeV6GUjJb7ECi1SwzmSqDu2QPFFXvB6LOGc/GyE3ONi08h4dYNwx8mAF2Tp7ysn21hImDIp5rmtBkUqRIkSJFihQpUqRIkSJFiocMwg4u2lwaKqCGvsL6kkpv+MZpaSoMNpOIJJHeSuFVOxOhNEpniyyUAV+z2TDChjwzgYRewDtMbSuaM249FhMMOPfYizIX326Lmvw6+M2dyzTBB1T9ruYJz1JaimYz5zn/QVCBiugCtXKdzC4u8qLbGR2fu36qv2nn3q07d27YNoME3Nm9+7LpymyZ2nfYosmVC8bnTYyM5HbF/IlOno90sns3bd23r3/HA+uBrBy/atW8+ZP5aCcrAFybbTun7lm34c6773tgw5Zef0CFAbHlwHPZ0DoTosmtM4ZxQYhmD2YIPGFXUlknZMpot9kxtig64+NjdV1NT++rygEsD925z4QHdlfQ9NJPLB7v5h3PPc/uodAGQk1IYvK8YDcTrJEYBLMgGeHUAjmLEmIi9kQYSIASdi/iE1Qk1vAPsg1yHkXJt6grec48ivzYk4IrQwJ6p6qDVJVRiC6eIJnLTrQHsxM8c5sXYPxKcsAMObeQF7meHAkGI8gVAMUXn2ncDmiXYh5N16mLcukogjSiafbCTCSzwjtq7gMFe6w49E5MOeS4KY3C5cioYSx39VH0bVjsiKew7a/bQsxKDm0k9SLhPMTioLXgsFHbbFsF8DCCXje2fTpb0uhYzK8td7cxzcffaCavpeU37SXi73ojttplWtpl9T6PPhg26nNbWuowNMtA9Mg8+0UnpEgqSai61YGLoW1oVrcxQSmZFZrrwoNPUHMSGwXWPDTiPTpEn9euWXrym4mIojr4sq9tPPtYY449a8O/hmVPe0un0wmCsmloyRwPLUayR3yf+lmTQUIz5EqBQKqli4Ml3dLI5DMjCdi6ft+ZJ0NTdrEaOsu43q7VuSR8D2tOLyiYZr9pRbNAcyt9MlJpRPKm9mRdwX5RVBqWbZbZFkNNNEifTPYakmvAhJYUA4QnWkWSbbmIWIdOtJgPjMqlWhMHI31UBzZc8Vo4AZ0y4MBaww5ZrODg6AIBd3bWcgTxcV4RbZweAI2tEbS/MvxQIXU5esvU/pAbyVKkSJEiRYoUKVKkSJEixc8UQ6DDGhMnXVvVQtM/tkUwWtK8RnAbSSVhwFpfsnGBDEF3VsP7bI5i65rftUOcYy7v+Ma7nBVYpDytZYovqriqijiqIzRCVg642cxmuS3ISRP4ap7RylT4cFGRdYt8wZzRuSOZ8YMtu/aU1aDCqnpuEPyufTPbd++Z2jfvqOUL54x253aLbjGe5a6TZes2bZ/as/fWe+4FCnCkX7Fk0UJg2bv27rvn/nW33UWmz/2KEGdG7fAi+lZ2EPkQOS83pFPhZ1BFJS5LuBNe6anSHylwu53O2NgoYNneTL+u6tIMYPMD4Pe795GmzSye7I5kMQlQ4GZRa4dOHZZ6DHhA4cSmO7ASG3uFq3MB76+8tJQdYnEmNzlkVCUCaJRAIxYnGTPS6JqRq2ErbCM0Lh6jaemWrTAUck5lPSKJqnn+uYgFueVW7JOtUjR2D5BuQmF1EAG1Xn0PcbEqXTOz3JRbeC0uKNBQUAofQtywnDRhcV4SHA3JsVHpr2TONN7XtKZjBCf3jdHLQDCdERBu2rdPAtAHRwRjhmaB8Jm2ct0MAeEm1SD2Fab5zyraJRFtTEg1FQqtaePnmL6wcZ+ylBXnDBM1v3HH7SUpW+dtRJJBTZzFqkJ3E5TYRttiFj5buSuaG8fGazoq+SOeZgW0fIIfwT1UW7nW5YL3IfC9A4PKZV9j+rzrxnccd/rHiiLvWBzNERBfdMrqP/6L63e8/Fhz7Nlf+8Abf/vNOWwSICyOZCSIrir4GTAx2UZYR9kzLtRnKXNlUdBLg2lonZSyhNXY96mmBqHDE9yUFYbXvoNfax6pHJFd2m6pYxjX6DNoQSInnY2QabCg2SPQZxlZSOMeKOeG+byyRp14FyeuoKe+YS/pWomz8ZnTywafKGVVwhKdvJN3C5wIRHYi0MhAcJwLSpZlXZZlkeXUPji2usgzRvScJeZygbBONagpCYydlbeyeWI+QoppSDQW3hGshgcqdQ1d2vB1b9Dn/APZP+EVl9HzmQ4EpzNBa40fLhORIkWKFClSpEiRIkWKFClS7B8iLTPDkCWCj9AY/kZPT13RROmVAIngWCGHRMCT4gpf7VEDJh7QWRawXhHhZCs6UFLompZmlBXQ6JlZi41yIHNjtkcA8Gul1BOJwVD7jCQaUIRDYWrOurjC+MXjbqLTHcktSc7yHXt29coevEfv6/V27ZneuXvv1N7p3qA+bsXCpfPHJzrFivnj3Swfddld6zev27b9NmLu0LqxsbG71627be3dD6zfvK9fZnluh+SEjTzcNJPqTcOtVJsYgo34kawbPMLg2mYKTHOq0zgyMoK4snSDagCYoe5XmRnZPo2aa4AjsMTi8ayTob66rrMCTaRR1Az0HNBKSftwWU5JAZG1IfxHDxGWDlaRmHsJEStXqAVkKZ5BmCO/cffzDH6/vzuGnDMTVCRoosLXyuXjRQLOZgDkS01pCtFSsywa3a6N8nkbKwPKDoPoK11711YLD5qmwiEGV8syDf8dgodymUubFfqJSYGcOkmKsGCZLW1J/Sg2GyyCDnp6o8RTTmOIWlJm6Cz6rhngtNSvNllw/PqHiJhtaO5iGapUst8+kXo9N+A2KH3GuSXk5yBpE8HEsp7mJFpX+2yyzRti/w8XGjLt+M7iQnntcHJdxtuAndelLKiJu5aGZ4aRabtdzSFKE3GsqIlQs80NOu7I0GCM0yICeD9bq6JnmYlgFeaX5/7DC4/FLa/91LFn/v1Ylmtuh+8lZzt/csqak9afDQj6+f/fH7zlFX9rzCs/dcu7T56cuvHiY/7vs+78H0+dNFNff8dxv/cxeJ7kvj73U7e1rTxu/9TSZ1w8MuoyeahA2/r9S//fhjOOa45p6huXPPasT+Chvucr9511LH847+R3b1//bmjWNStPuci5Lowpvf7Zn7q1vfE7PrX45DcXBbpbYA2CTIAvJAzfc926lx0DW/76Ox9zztUjaK5MD7eqvvQr63HXd356xfMvxlICVX3umh+9/WmTrca887hz1owURQG/DMpzrr4Zv73zH5a98GKkz4HY/SXX3XPmMeauT6944cXj0O3v/NLd8Oud1y55uvnGhjNgv3d85vDTLsGCBjRIBvJsrqp++d4bHnx5PPC7Pr3s6bcKRjdUzrH3+9fcdPFTJqe+dulv/OvJP37HU+eG3d989zNe/Qnrcjj8Pe/8xzteclTQ2HXjO/9/r7pmDB6RaAASBlU1M/O7f/Hl1584AjC8NClSpEiRIkWKFClSpEiRIsXDhLdsD9zStBKLUC8F1oWayMxYuhcJizWK6wTywds48WVPPg5UiE88PRCQePTgCJmra/J3DgyRW5XsqAEiyfOkIA7sZuHIeAOps/Ox+iCRajLEVAtUG+gt2Bbwal0H0w1ubm6zuaNFMdLtFHdu8Bt3hH29qjczgKWqut/btHP31F54ve/kbsXCfE6nGFk40skKePuerqqtW7av9Wbv7j3AhW+7b922HVN974vREY8iOVKAeUTGjD6ZnmSuQYs4idmqTNAwYxGniaCzuRnN5ibLoB+JycMWOkUeQreacGHGlv3a9wYu5KXr7uwBjd5Dhtrji8aAgoeynDFFwQQetlX7QSDECw3MxBDEoQlqbSqZqI4O24z0pYZY5YUyY9GyuhbTaIdFw6jMISugo+MxK5U9OU/TeaEzZCnHYGX2PW3QU3VDm+UZHWgd2vhLhZte1c+By0sizRHmy3A5tCBeO3Ryf+R8+rkw5eh7MDt4y0ZZWPO5cGHRqzK+5g1mVtIhYkUQ+bQo/LGhZF3llw8AABAASURBVHHug7o8q2h26II2+xHn/Y/rP3c4c7AGpxXkp4hvlbXGFB5/KJkIuhItGx87TdapHlr10cOoV2T2rEFuD7LSiJjHCdFjIlgpExjU8p3LgDZuNaq85vusKfxqGoTemE1oAs2SkzL/5nWkklFDbjFZxWtjyH2ezYjIiF1SUPE2VjcOY1932gnzcKnbv/+mDqd3ms4hZXJeFH96yqrlK1cu/+D6Y15tvBZvDEvOXIv0mRuPl9PMn//f9RtmGUkf//LNm2765FmelMiQRtt36XUbhugzxOR/vWTdde/eA0O52T+opYPBYM97vrR+/ayNH/fyrVt+/OlXsS+POJRQB+Z/euqatbjlp5753srXnNWryuqV1z4Xd712zbP+tICBcd97rrvv/jZ9psa8a9Od170bGK6eYD5aVGfDh/gwrUV9HdjCQy9B/5s3En02esqwLRUXky2rV1zzo/Ut+gxx9Ms2rX/jCfxzVmC2U0aksOR3f/yOk7VVZe2n+2de8c1b17706HZD5/7Xd/77bf9y0aDCwd2amRf/z+u+88e/NcekSJEiRYoUKVKkSJEiRYoUjxDR6HmIRwwtEQQ92xYPsfuZBwTHJejEGZPm7lI9KioliLJnNGd2NHuYa+EROKYKUkgsqIYWm+w6IxWWyAAT8GWOf6EwuNPpjHQ63aKT09aKHChFTtumScpoAp3DBzm5URPuLCqbVUCjM7t0bvG4w+afcPjyI5ctXTBnbhfXRBwzqKtd/frHD2z+0b2b7tu8e9APma/njRWHLZ13/GHLl8+bBLC6buOWm2+/c+v2nSU6XnRQcZ3lbImaaQk+wZ40ddvT3GcbGMxaUcwarxA/RHkjIRqcdF7V6H1RAhHvA28AVuvyTrczXnRGCzxIW5iZ0vT6dVXtq+p7du66a+vejXvKnkfwbOtBXfbKatCvADmEUJlQ+bIEfFLC1gZ9+GfQh78HJdAMwM04c7uG33CJAUqsAXHQHyTRBq2fqVqiKHnZO9Sx8tyxMt1E0XCsPyhmADLtW8AanUjuk0ZPL5jXSl5D1/dB3TsCFeNC6h2E6dlo/2obHmcb4BYvQ8td6oal/Gpj+9C3ACkkZ13PQa5mwctNbkZsWnkZOZHcepzFz7P0Tai1VSS8pwtdPamD+JCIY3VbtX0oxEEJoEXcz+c5Wk/QVy3XC1lSEnahyZ3QF61r0JqhjIky5aAew3F5Y5u8Xnt5/ksmG7Tb2VywcdMhsmI9DDMrMWOb67xNq03Q4+FMWZwpYZpcjeWJKC3FtDoxBVJlyyGEhpYHIeDHLCXSufY7byKIHPXVcWTMaLJMnhXFVRe9+e9cPKJ5xx1vb3zHqlWHHXbY4878+6I89x/uejmql6dufMeK5SuXLV++bNmyBZ9kDHzBx3+/V8OA51/9uefyMhevWrly9apVK1esuPjGKfjkmN/8C2jnRb+9etGiT96Om99148WLV61eddipb4NBvnfOJ9YS28UVYZfwxYqVC3njJ//JJ1/Vb80fkW6+8Pv4rTn2v7y3rth6qKpefeoJeLB3fv9PYKmZV6y57QzWfq9ZvWrlEYetPurwwy75+hStddb3rjm79rOAuNXuC81JZWt9+u24Y4+789olRx5+2FFHnPaOotCHDQ7DvXM+eQGz+rXXPOqwVUcdcdiRh63Gfc2bN691zRhOLc47/jjz1fcdefjjjj/25NdeC0+jt//LRbT22s896ojHHnfMY2FPR1769d3Ybb/z/719UJV1VV/0oifNhQ/u/fwzn/H05z3rNJMiRYoUKVKkSJEiRYoUKVI8VLQwh/xuWqrMtjo0Cr0aLXTDDazo5qKEOgi5zniScsbOnYYQnFXjDHZztkYcGGgD5LDb8Eai14CUC/rTKYDFAnamgoMZY72oPTRCDAENG3T2dMY7Uk17Et52XL14PDt26bxHr1i8euG8+XMmRmmyMqxWhrBl997b1m/70QNb1m/fMzNTFs4unDt6xIpFxx2xau7EnOleuW3nnn5FE5Z5jjl7iWTsEaoUlI1haS48GYdGVNmCRsOdTwLuzNBagCJhDwCJUV2GxtButJONj3bHxsaK7gjWgqoQMvcHg929ct2u6fu279u0u9dDz2YE2PjlAHAHbITtT0JN9QTRO7TWqLDGIIDp3gC4NCDpCigCfu3Fo7mNicjbOrRYmFWSFNR2RS6XeJGoPlIglRN9ZMRWEZExTHam0SIHnsHPveRZQB+5i0ApXdnYRkvZVEZrQWftbfEsaF3Imipoi0hN+w4I8XQF9VVpE2jDkntJKgR2uFaGHjGUSj+lI2PjIomLpDEkBfTBEUSfDd8m/EkUtwej/+nnbA8tl6Hg6katbIbyHbRhSWvEa8HG0n66IF+CjisFhqFMoYuzLDj5Ypr7jIu4xltxiGPK7nVU0gu2BTq1QUGYZ2traq8cZ0YYuf9l2ODCeq1jbBB+w05bYZvJL+17SY+9FVNf/Z8vu4oeAjl02wfOOhlY6h2fnP/o3/s7SZA6173w6fM+eQcg1aeeeRnOBnH2a//zMODOJ5zx944Mm+HvDz+wGZdeetirPT6WilwfaRk+YWhYD+9/xVNp4/OOe+mVnEqC3Xb/5OnzPkEbf8X7aZIHueTr1JHuhf/wVYTJx5/0gZJ7oTz3lMdPYrM//acj8Pv7Xo7bBPp8+KkXQS4Vdtbtdq/9/ROXXSva6XdDHrCVUcuIxKsxi3QnFXbVzNXaNc+5aKxDWVlrRWyeEdZ/35myr6NPe/voyGi3A8+RzrW//4R3Mu/moVnONMSub/7Pl38C86sONt47++PPQzeRr73vyGe/s1PwfvPi4+ee+F5k0Ec950MvA/7+8gf/6aSTn/xbp5x9+SFYUDVFihQpUqRIkSJFihQpUvxHgwootd5vQ0viZ9toer8f2zS6Ufd6Jirw0kzKZZYo2wY7Zwyim6BfSLIsnhqsaHZO9NPw4i+SZ2bZyKQzF7lzhIiorrOZR+MLk5nahSr4iqeP+7pyoVwyXhy5eOKoZZOrF82fPzExNtIt0CbUz5Tl+l17bl2/9bZ1mzdu3z3TH3QKt2TexIolC7tFpz8ALoxmIthV4oEcsAWZY/Kjqj8BLwwBfIhqQB9R537qQyMcVk4CimcBJqNQufaFc+OjIxPjY52xETtSAP+qy4EfwFdm+77+/Tv33bt977a9g5kyVN56WLOE1UJJYuqap+EjjJZKVEBIUGdd1qh6pj9lWdUlLUqHoZJnYjTGNJpM01gGKEENzja2La1LR44q8HkkVBZFgkOMWPagVF4k0lYE0GghHruyQVFtlaSoMGeh59Y13CbX3LYQmW+YTX5DJM96LwRdMgpHjUr8nfZQQ7GjxpTxc8bpEe0v75sNGmPaGPoQi4PTAzpEEtuYE5kQ73wT5cKRNcc7weiKxg790B4IQiPqp6s1mEb5HK9U2no0I7ea0TGaabGtbA7TZ/y8DtEsX5w0yHzHqSlzUCMb3rXYAsl2YgrGzMrkCA+Vr/V45JZzgRzpZQtkQu9cM55YOQg59FiWkDfhJRlnvOaILNcKdLrS5vv/1tiO7PQ1hy3Ff447c+eGM81DBPJl/7Hsyr/7+wySdK/6h9veffLk7GWsVrblQKBcU6bktbrxXZseZuPn1vVVeLvjccHQmsOPxceuv+WPnv7UyWN+8/11eCs0/jXPRLORqVuu//s8s/WreZt3fv9NYyMTsGpFZxceJKNvvun2M4493ixdfW4droptg87Cxx5WhI1WITQGecX+U1vuLuBhZR22WtPJmTVVeOXqJbyvC7Nsgp+s0Iu1s39//S1vfCqx6TqYIh7PpgevykwHHxQ4VeY40qhPPu0t99zzp62sgIq+5y48Cp4113z6WrxmZt58zY3PXpU8oFOkSJEiRYoUKVKkSJEixcOGDXY2R2hpQRss0qhKydxC3BFC5AxWtySeCmT3bA1rhJFCsp45+m9Y5/UdGksHqpCVaCwLYwV3OuUwDKyZxmTiZuCVecAXjnkFypSBTcOnCFwHHllLBu2Afwf9QeGqBd382GVzoVkjud240+40Yc++vT7r9Cq/eWpfPXNf2Zuu7LIVSxeO5p3e9L7NW7Zs376TEYPHcls4uTx3zihY7HQ7gHK1LWiAzQg3Un3+yzZdyUct/YmsxQax6ghspgwUuWLM2+103KgDHj0AmN6Hw0Mv58yEflZtn8YJ3vBzNW984XgxmgNvL70RVwrYfoHcxnLJRoOVDhHD4/+QSyGNYpMQklC2rgjDokYrc701ndDSVdrQUjQrliZupecI9qJXEXMSb0wzOT/sx+OJETPQdnpRIrUWPTzDNKJC5LccrGkqq5kWCWv+x3UI5Via9ECDqm3DAEM0ENHr3qmLr0UBZdbeeOsIWB/OaRDiUHpEQsuC0enyQfMjgXss9ow9xISDB6cFR1NOs6VNtXFcDK3UDKdnJFlh9Lsm1RBzOkPbb76yPjS65/ZiSqGtZv2sEltVHHtS49YNsJZGWl1Hd2ds26QmqCMMm8Vg3i/j3JGka7S6oKr6eYaFav9hcOC5J2rRxMkWWYvTjiamqjz78di1m9l04rfe730r9SNcm3/ov+pTt214cMP6H3/qlb3YZVOb78TJIGRvETykEs0jxeSyo7FOa737PdetX7+hRZ/vuOatX9vFh0+GSe2zoYd89E/a+PJjJAnGiUTLc30+9pVbcMvH/pc/R//mPz8Td7rrx9dfleE4fAxtc9eWO6hibpDUJVrI53dTl8xbcnxo3ySYOa2qqGGXJrZO35b1V2YozaYcrzFyIWAcqfvCrA8a+dewZSzY2/34+s1y7PRI4AtmavO9nU7R6eRUYPe1K5c84sGbxStfCXvs/96Hv/itf/v2Cx5lUqRIkSJFihQpUqRIkSJFikcI0Zn6qAtthK/GqOUG4TzDLr1mSLdJClsinhVtC+hHZUMtBtCmmUXemh+OpBjehy0SarZ5xjp1bKwRrS1o5rFBLSwTafojOuog7hL4Tg2AOZgMtkTv3Sjx7fd9r1f1+1VZMX/BingD4LclME107TTV/JHwmJVzjl+58LDF8xdMjM8ZGQsm96XxA797MLh985Zb7n/wgfWbqz29fTun9u3e1e9NewC/g7oc9Ou6Il6LfIZtkaElQm/awkXqSK/2HOpLIbpI5RYGDjFn3I4dWVdi3SF4p/au1y+BYnRH8om5E6OjY0XeBW7fH8yEsl+X1e5edfeOfWu379q4Z+9MObCmAvyd2zx3hTNssI0cltyJg/7x6L9tqDIaEV1WozMpZX8AstBm21dsVI0q8pogsiApL0o44rOqV7dREKxf+zCs/LSRYKvDt0b8ipkWd5LKq7FnuKZhhSbW8jPTf1m32YmJhgFBNdS+5apKVFvVnI3qmna0Hwq2EaAZ1pWaaDwg94bRPdLpw22w84EePcv7Dfm0oMG2ysAD1mmswxAXPCTioFRAG04M4Q0jZ1+uddEh84fqC2NkES4YgRgbAAAQAElEQVS4ybDYaJovZh/4VqONq2uvTgWwofnVKJmVn5ux1wa9FCVbxIOOsmYexGEvjvdhOBdj4y2qe27SQZpujDJnqyxbZP/yALB4ucMIPTSlwLPVDo8onKQyNT1X8AbFhB3l5ZzA8b/5P7dcePJT55njT3p/r36zo63R0auJNNzsl5O9hpm6+YYrs9o1Rx548IWDcXcCtD1+cteNbz/6jL8f5TQldxgT8pzCD977jZeL7fKqUy6CfcGPg3M+9QLeHHRF1kpGyaFDQ+6SjV981OlXjcQhSrJKdY2HledBMl30SKDRsHv1K77w8vvOOva453763Dc8cBKVH/zCOWu6WJugvnvTlDluct6S43CWC40OuDd4bJbVkUuVTbcOlWvA+llW9ya0cgo01mLpWxWYk2MHPCzv2Sz7quBXnDHkqIgvPHtfuXoZHzo88koY3WWrWY4g21dY4/Zj67e83cxF+47/9vaRTsdIVQDcckVPfXpan33Fa/7LXFOXe779N8/+k887e9f9D5gUKVKkSJEiRYoUKVKkSJHiIUJ9D4iJIBA1LV8FIhM+E/ErL24bv06j2MISk5Cv8AdklWSlwLSApl2jMYZnjR1WFDS15TdaKzbQMssasaZYazDTjdJUKwJS0T7XlueR06zpQHhUVK6eEQ5LZR0LVU1NRJiONTdhIi9WzhunBVAaVu2pZvpofDFdWjNT3rd5F2zEhRz4dlF04bUc0LCtmTMgRMlw0rOlrTLJITZFSmEEt84z3VSCY1pmrqrWFe6JdhNciY5nyTN+ReqKG0SUn6FsLRspcjMSej4gSi9rSxUDsXohbGEK0PM0oL1Vc0ZzS/2KjDl3NidK61Fy7qIlNZtYU+sITjmq+ccavlhDzButDkhpBZIpZnJADN5sA9a8WD+LZ3RUBxvB23juBaKYRonMO7Nsog2cioryBdVRM99n3MOpC4a8ziub1qZZpX+G5fkKjptrPIga2rB2UPF6ZH+MF43yPb3CbSDqAuddSZ3R5emid5ltzDrw6Lhbgzrl8pXrFZSbyPTkilTl9aEUB6cHNKWT7GzVM6t5yWrIqshX72pjmlSFUS8eXpyGRt2KQF+RKwdNueguwn4tUbWwZQSrZJmvTBtzMEayilT6NERwHo8nNBY1iqSjcZJ6ZeikANsWTPOsB/U5p3vCk2MOZ1ziMQmD5q5xRqTVYo4eQvF3p/8Tl+s78+5/OGemLAdUsc/TvQr5xar/ga/+PkPjf/ndv8nyNnqXcQSOzP0tOTnPO/nsyw3yU3LldwBwQ//9/7px06Z1P/7Uq+GwXsO89fZPnfymDL714kDSdGm7c3QIMu5v7+eNn/VBnIhB5k88nPUvu379hg0P3nrtq6lVNOx5yp7hys5mF37/Tlhz8oRn/q+T8BjuvOlNYkLlPrZuC+7kmN/8i/6grGoevMKgLKf//DePx282P/ixpm1LVr0OFdBk41/V57J9h6F0Zav9NT8J6EEo3tCUBvi7B2Rf74clxBEJEsRV/fun/Mak9KSvMG8rW7JqkgX5gvwOEmQf+8I1r6yBSncgyAGrqn7/I9+67Ye33vaZd/Zrf8RiLEG4+/sfe8M/dzt5cdA6vKdIkSJFihQpUqRIkSJFil90WKn5F6eGN6w5NGFMtF+QrwXImUhSVTYt+lnDZNiKrTMQSPgj8mZUpRUdLCuIyID/8Ps9/mSiHzASSKSvkYiTehVbHKyNdBQL96GcjEvtIcVgGOK5QhQaTjD+oYpL6JSMi5mqmjuSrVww8ahlC1csmpw30e0WsEv8qjcIW3f37t688/aNW3vezpk7d97kBEHvGjlLhRaZoaoZshupoCgiQeSkZsi8WDvQNlpI6lz+DXqrVscM9Qw23Hdo6ezLEk2bvSdb606edzpohu3yjChNWWEZwXp3r9y0u7duqrejD3gaUIkpcldQpUZHRQ7pB+xKIChYvAv+xp6lP5kU1eMFCGMpioqiQGZmxLzERJaUdkb9mvVcCIFhwhYaqEMnEzC/qrtbnaM2H00lv8bMwBIvduoEzhYBRjGxQDZPJ1j8LCJ5IwvZRiRo4jXMBIzPUUP4gopBjeZUiO7xFpntcDtbKM+RdYyoyPkwQ8xCmDiJgJMNNgq9I32O8lNzKMVBiaiCaV/NPDJ6RrjxgohaYtbYR58ZyefoxzJImjhu2lkpiGbFIMkq205fDTfKxu1E6m1Ma9mW90WgK1PuCs0fsoNGtJwOQ3Y1ZkhPLddxfAzELlDSTcck2Fwaxu7/tuX/H2cqwN38ppPfRfX65j3tPds2ffV9ZX9AUcJ/l924cepM0Sw//U0jWCu2FTpWwB6yt3zyG+R3cfaD/+89A7K1LwflzGX/bztJnu/84kuuyqJ79PEnfRDt9WEP/f6l//o/yAQZminNu3MTNeZx/+21NM0CUn/mwk/cyBtff8N7S/oQvpp+7//ZcoZs/O8YK2tHyyhofOdN37sdN/aMZ6D++fab3pTTyIktfssnqQLgsWfff8N7egNIepb9Xu+sa360lRo89fVPXowj999f/yNcavLkC9ec3ev1e/1+//evPf/piI3vuOnCHJ9UvrkgaVIHQn74AQvSVqHESS/12z4l+7rz//zZzEwPkDds62VXff+dTxVvEYvibzSMbl18Hka2rCiKj5/1z5ghmPeUd/74r0+fhpX7g2pm5hUf/e5b/itA593f+Kd3j+iKc4996hlwLEDUTYoUKVKkSJEiRYoUKVKkSPGQESEde/vaISMCIoBOjW+bScrK2yJNUSDIX+OK7OcbSO4scJnIM1ZUIgCNf+A9l/5BKCoOpDZyOmYYbByt08bZn0GFdiiJxaBKg56L6bXNPFlNF1qCQm9RWIzAszK1M9W80e7hixceuWzJ0jkjk918lGZnw9v+vn69fW+5dv22jVP7xifGViyeP9HJiKHWKLf2ADGQ/rLwLIptxVmCuSWjJ6+YhtmPFU8GMZVlBIQuw44Vskia1fOEhG0ImSsqKYgib4vV7aDzRjrdrOgCPADW4OppG8rdg8EDU707ts9s73vrOmOdThfIvatd7l0OO8wt2Zx0i6ILGLvI2DKUCgnyxGtHZt1SK4+6ihTLRiSP0pWeu9G0iiqqk4XyquZiMjTFW6aQewHT+q2hmesc3DW8AReFlV67lLg446aMSlEapt5OUhrqwmHk4iF77spL5kFcL1olLw1dVJj34JWdeN7K/mgJ9JLxrHnVioM2Xtu8jdgjIo2ldhqh86qU5c/JnoV9BerQ7MTaQw9AH5wWHG2leoN5rV7xtq239zGBxgJ+rUloeXYAbY6nCTzkjnihqMmXj81+ttHRpkbJOA8qkj/hUZpBMBlnWLppJZvH7YtyZfLX10ORocqI0h9vFROGLtNA5hqAcnkNr04k1B5qvjBqPgpaHI2iM5aMBx4xrS3yj730GPOZO9/5jEmEpFu3nj27N9auWX7KRTDezfqY7x8xrP74K449HojwMbCFjRuHtjB148X/7U9Hs9zmf3/mF15+/1nHmmNfvv3Bl8/ucUvJ0Tq78vof/dEzTp6cfNqfbdr0Z2jW8dtvLf7u9KOOJ5Z97Nkb1s/e+Kl/OlIUTUIsniq05sgu+u7aM44nhA5M+e3wnNPBfeIT5xx/3Jc2UoPXbzh71vGeeObHYXAPubvq9C+euf6M48y8p75rywPvau336596R6cDA6FvLg9b+eBojgoO8jjioKkH/DxyzVkfPPXmSwA3H3PWnfedZfaPLFZloFMJjB03gL/lneKSZ//ZYT94+1PnTj754vv//e2aZsS4838/9Q8+1+kW4b3/+J1n/PFvjs950p/83/93fipCmCJFihQpUqRIkSJFihQpHjYU0DqrIt22RFNKH81iH0YU01H8J/PAeTGa6EvMAqlelgN8cAzvMlRMAY7MSUqqbr9EFoGViiRVt2YVMYu4Fd+TycK4RpdL1NIhgqESh8J4a1IZIpbIBQtY0+KOpMR2KirMMxewgt9gbtY9YtHkoDcDi27cuW/Hvl41GMDqZR12zgzKbTuWLpi7YHJuN8/vWb9patfusj+wRQGv9zXRW5IRu1pRLf1DKmh2dlCFLRYuJDwzND/fNAYd/ClAFSVQRE4ds1ekPdDkqhpUZR94Ek52zrr9bFD2p6v+IA+2sp3dlbtv1z4fYEm3esH4eKfo14PKouNzZgtEf5aMSlzIEESpYBkFb8Y7K5C+pqMIFn2TqQJkM/meZdoOtyJ20Ejjo1oTL5ZgvcqaVQ8vxBYdvQ3K0VlB7bnMXyMERltR5rYuSpyZqcAmkPlrpTSUVJqMdZdGLzg+3TXXQ1P5cXAhknA7SxZKWFnUqmqN2xih4HHyNe5khoCInve/fUw0XQjSCXx7OPVW5+qLrNT2sUxhMErGkwXHr39ITkYuaKd/1HJjljxZkjEmWuC3hcNG6W54mP3YtrtCs+nZQmldQ31/TGvqAFuzszRff4g7NqrJ1/axN4OTS1EyRNbG20ZF3Krl5vkaMsS1j7GlxVYmrgVlKdXm6b5wZAHE7Nvm+ZWnP3rloiWfvH3WcU199Z1Llq045e2QJbKSAGr3cuwLzHBOXPSslcv/B4mpY+y68R1LHvvyqzkjBMtcdOrqi29sL3HHJxd98g7TbBWSUVed/pg1a9tdG2Dvo28+ddmyd83a+NffsfSEl3+cC+zGhaNunDOKb/rE16nI4a5//8qVsBg716O9lLMTb3/WypWztjn19UuWHHXaxZCHrchzIy8uOmXFrGXMnf+w9LfOvibPWHkc1BQFsnL4zIEhHYfGjCYbZfiI6BTFP5xz4uGrrr1jaCvXrHgH9wUlNMkchDeE3UV1LC2mB/KR0U+85jePPPzTdw414q5rTzzhRX8xOoo5zDz/xz8+7aR/utekSJEiRYoUKVKkSJEiRYoUjxiCVox64MpvghuMAOrZ9dlCpM+8jSC+vTIDm0w4CCWiuIwUoBmZKOD7LtBh+Y2NIRSFyJxuzzuVQnxiBKweISq+DtGzAREEoFkqnoTSXnjtzqOqNWuHWCBwyTxuau2rfq/uT49lYdX8iSMWz1s+f+688e5YN8+MrwZ9iKl901t27t7TG4zPmbt65cpFCxeMjIw4pCmiTa5rLQ/F6Eb1hVxKTOap+ygd881cfPqlUctGzK7Oq9BOnQkPALqe6c30ByV0BzRgbHx8YmIE/oyOj7p8JFTODLDQ4r5+b8PUvru27b5vx76pflXjVOq8U2RFDl2kPhuC4m0U/nK1PjhZuXQNLYmKRYNAg3TpJOhklkS1IelwdRK4DepCO6ygt/EruSxYXMzutUEXCTbCOFEWt36TNZ0olLn7ouQ0KMON38biahkJ+xouJ7kSuZyZJ7JvNanLa9Im63dyFvWGoEsxCjujt4axETI6q94gxPWZ0MebRbfJzXa2+eLQC3swSr4XLl3BP4gk3ji9MluDkrJM1u7zLTRrOzamZtjjXNNtgqQ56RRk9gitfjtTZQAAEABJREFUECdX0DL+IbpOsnXxcm190thoGLn2rV58rGuOmxBrGyN1SBu+TNc2M2jMs9V1bJSnbI/s2Nl4O2dCrclnwwYdB/ErHNEQsONNx+3jY6SpIpTWQht1x/tlLC75TcxBeVkRVb6Fc56t7JFn24wMmCpJ29GgQCnKZmaKp7KBkKIyOKKx6YbFtJ7FJwc/DjzPUAiSHS2Kgtk3eTmVNiZYjS1owg72G81b4bqovCN2u4afd7/nS+jUMfXVSx9/9tVZFnO2nEaDXcMRQUvq+IS1Bh5g5KUNiT1M5PFUHUs4G5aB0Rmeb+iyIYjfU2pXJg5RO+tY09V5zDzWhqcI1XylwaZhrx2c5YNeUzgvKUe3Z0j9VVUJObOCn51YwDCDZgxoXawqEMTJHl2avOcKwU56FWvDDmo0pYLP7rxvnUmRIkWKFClSpEiRIkWKFCn2i799/3vIG4PebcVBgrgxuRMgxjPOyEu1gD5AyJEjoUSXXubzLKuppB1iv5wmW+/ZFvZtD2HAWJCcl0t4v0aLT3L7rAaIDYJibqC58WeFy0Qt8IVYjA1QlhuZuTg2iGRVYaWtm8JeVuGgMcp31BoEaQCZRgP4sCEvSm92Tlcbdk3ft23npqm9u/bM9HoAcAPgiU7RmRwfXzx/cmy0u237zi1bt+7ctctbmuqMliKFKzIGx4qltBiXUZdhIjyWu0o12XqAZBvdAkehjSmwT7zKDhFBAFDudpAqIz6pq96g7M3U1cwAeywLJkcl32S3u2xy7IhFE0vnjc8fK8YKnJIN/EAdjANhJO6SgD4iXI6PPkLrUM8VxQB+oBJuYnx02bJFjz7+UWOjGXwCZw3+8uilSgB+QJ1IVbDw07pmhsa7QiqEUQ7Kkr4JpID3crCspGTfUa1CKWA4MNFVGaZafsuMeUQoJpYujBuhOe4NkCZqLFBIYVeUfQpDI3uC5mrRH0gTTfxO7QwCI7HQvrSITXFhtUApiYi8XHNOEbjJ6Q4o2A+tK5jjtVd91RxsccIJJ5ifKQ5KCw4UtGsGwwWj0xhEb280/dSY8fCikiNp6fzlA7HpiHMk5FrgUc0J6eTVnWlW5Kbw/BMTJ1cYXcJKhc24f92qDDSytH5om5vLSsYsMHTmuRzWU2pKfJGsukNjk5xzbj/Zd+vvxiLJkB+OZix5RgI5cmSc1qI21Kg1LtAmHsF0prME2DskaLbJ4CQK+CMpLc7lSEbIkqk0wO9YXVDHCwlHdvWOrJ8gsIyr9+gIlWVxwOUSg1REFAfcOLLgkQCmhRQe3cZ8z5uYf0IQW8eNcAYRxsH3/yZ5Ot9y/TVFJ/N8EXClWuwOyJiiqz9ViuVHEYySNOXF0tQP6sbMFeyRoXJsOEZ2ncJTQnb+OOskGH3G8LOY2HTgEgXBsDMRbsYgr/aYZoQPc0TPmKLFPs5gx0WNc2egC+ERAo1yA/gVdupcJy9U3G0gTQmDPF+6NIPGY8fSeExYPxUhTJEiRYoUKVKkSJEiRYoUDxOEC2WStDCRlpqOfw2mEdIZ1qSZlgjUegFzwUZYQP4I+OIb8pqmhHvLnNHVrhanXoR0TtGEz9BjWQAffcVv/gz7MrY1qL0NWuBKdx8nfovraJSetlAkvi3X4jdBmL02dVnicWfIystB39l8wWgxUszpdsir2hQ77PTu3rRBfZuf2jtd9gcrViwaGRsZHR/bObUL5WsZERNgxNYDh7aoDOYdO1UAok+wsBjCGkhuvDGuaTwfPIMOnCxOHhciJyZVHBWTQr4B6KQD7DnLHSEanGCdOWDRI107nU9D9MoeNsfkVd/P9AZTMzNH98sjl0wWk6NILkwNxAKpGVpBsGeJ1VMvRMcoALOO9HMMyzPrtKXU6pb+14g1gHQy5RlsMFrULIjSmyqd1aFWqCYkhifwk8mKjyA+1iJ03vHVaXWvCpTiNWpbnCniJhtZn+g4h652FUFb+Vk0nHQIGZGZZiI9XcOBiU4zPyCIul2v/iBdogpv4Xg2pj0Ei9MZdWSzHS9glhUeUnFwekBHgGuGrTBCvFWbjAJZmA/j2Zb5htU//HvQ9Ed78WY6io1XqNJkI7MGuEZme1iWwS4MtZm9pDU7F8QaCJFjJgza6XhlhjYkYv7YDBpDeYutDolMvGHr8WsFz45zcQ4F0I63jxJaE/G85dKgcsOKIrrJ43EfqFqagLWvMna6ofQoK7ttaJh4xMGcpGJEzbvREqS8AD6JyN6Hwlsqm9vsK6Am2nOGLRpuNI8VeUKGWTuFv/u//4kXIn++/UunX2XHRnkg5bkw+Ahgp38a8KiTOSmJ8JkHQ1Q9o1q85sSA2E2RlTevLom16DFOxvlYqJZGYcyMBLH+psGc+HsQOyRy+6fFkGVjQtCQOD2nk0KPsaymhBo9DGxZobMzz1ii46cHUh04sefpPMADprA2/FJGs16vt2XLliVLloyMjJgUKVKkSJEiRYoUKVKkSHGwhI3mnlL3yj7MgswWUAVlg42COcUPRAt0bjC69np6l0cqh/OB8eU3ZDQxmN6nqVKcvuMTf0TpLrFPNiwlq2A/pEtF9+E6E9LIVJLJhRALNU4OXPKNFqBm0kRmb7gmlwXwggTDZrmtSU9NRqXwQp3Zcm7HdhZNwEKdrAAS3K99r+zja7nz077asGkrbKXX72fdUbSjLqsahXQ1AviuMyoTZ3DMkBIdly07sgoH98iPVdUnLSZqwbYiWDoKGR1N+yZVnA/w4l9QtUZDOnE4ltzmJWqwvXNhBF7+53QdNGA637cXmulN7gfebZ2uzKZdSNOLzrJJ5OqO5rjXgaeA14zGySVF9NpWKCqDVVi8ZvlwdJclK+ciQA4BG4/KaXaxCB5BRhsH48mX9ASnG5CPEG7BTAByI1owZ6sCcVmxynjxBLNwmIXlqLyukNzmNEec4Ip4cfC5Vjm+0mdurXY6uYnwNdzSjRrxJJAahta2mHFk2XzhZUHzHL7WK4uvNyvKTkLOAnYUXUcuHzG3TPQX7wbq9kNNNXiwAmi5PPXibLJ0OgayFjdSWc3jsVpZ7nHHYwPz47bxzPAPwcTrFKllk2iJBU/55pqFufXWa7IulCp0LuPhhe1qGmU0tZEFzjAgBrUHYWAthQVtdA1BA3crNWFxt5nT5KGVu1bnpYgKWNM0PO46mlSTRSLM9JXXYdsfSdnpCMJTIAxqonWUbNoMQxbDTrrh2ACDxxsvs0UM+WOIZhmHfcfm2jHnw7e7TM+RNtmYL9J1PRXSxacH37c8nYYV0OyRodnUwP4k5HQR/vwVT50HP6/97kVZ3g2xtiy2EEZe6zTDwBm64PXkuCBDsOOsJbfEGZ77Y3jXDfy25DQvwncXc2cWyy1gqjPaQyFKdrJ1zoXxWMz2+igNL1yec9bBVzV+wenCQFcOPSE8G2JRI7Cf61DB//KioL514ReMn4E7f+tb3/re9763YcMG/mTFihUnnHDCb//2b3c6HfNLjEsuueTmm2/+2Mc+tmjRIpNiOG677bbXv/71u3fvfv7znw8dZX4BsWbNmiuuuAJ+uPzyy5/2tKeZFClSpEiRIkWKFClSHDyhPIyC3nh13rMV1sDf6N8qlpbluRQS+TW7iDZwbm4Q7erwjhiJEDd0XOnNEp0OjqwpRSPYzDFnU1CaSaxGpfQXkWzylea3aXHGlGneytQDa9qMCMxQV8s8mpRuQD6ADPiQ26zOszKgVnskt6vnTdA08WpQl9t31yX6dcJybt+gJA4TiAWXFUMklKO5siqB5+ZIZRzPhma+kXlbqxA4+q9KbzT8SXE5zZWmCdyenCsqg26cjmZLZy2sFKBN0AgPX0FjjAcsO2Zhiazjs15/BtZGw4uq2N6r79m6B7ZfGLNsYowNTUk3h8pzG4QVsQSQFbo8IZ2ma3uSLAv9IpfTINzFMfgxXglSjZOzgW9kTsxjJR0gdBZ9ZX3LARVPpfcCleDCscp6ee6548SFb6mIjaIY1lAqI45OF0bpnRcPaGb6JAYMmHTQS1fAmkBBmb2OASdZuB7TrnhabEwSCPYzppnabiI318QKdoT1kUJaNQwxKkk0YnKg1d2GxKf/+eOgBNBMP02jMA4hDJ220HK+wGjf6bYxY7bylW1/qyS7PcVkeMcqRFYFvoRrC6mNsu3ZbbNxNzoAxQtbIaih8p2h/ZGgSpbuyq0cPyHrGatE3sSvmQ5rFohILbmN0FEIcVbAbHTYlrswyOQIo4Yhwn+ddDw5awfHRvZCbi1DWt/qAaLCQRxOmn0ZE4kzIWb+BAcb9uE3Tb7ItLqv8dVwIWrXnXaC0GpjW5Nt6NbO3DtPO/KtZcnmVhUhcjKrJh+MIIhfnguUEeR9xKcpF2glsozPhBBimis2jCuuyoF5TsnVgcG1nnHLBkCYACB7f1iMpM1B/LR4hhG7aOODhzKJVC2VGuPknGqzDaLzEMdXvSuIw3tJXZhfTPzwhz/8zGc+Mz093f5wA8W3v/3tV73qVYcddphJkSJFihQpUqRIkSJFihS/zqFobujVkd9dm58FuvDvBCXjvGN5+SfSwO++jCc9ey8ooxAMESVYLhaWQ300AeuMdGEkzKLpzqYFaWWieyydRdiBxXvyEmyU5TDZJEKJOyaVsyLOQHOGSelds8DWsBAbzTFqeosHtjKvm4V5I5WZM0A1mN+9b2ZQIYKuapb1BizFVFqndeeQCCO+xEZkNLXaMaS1VCmLwIFnrTnhJOwWH1QSZxu1NvHKWBMPVszQo5TrXQUSoHE/4xEgJkCEj1JANuse6biORWfR6d40lrgq0WRkw+4aNjnq8rn5yMQIEnGT4V/o5mmZXeDZY1LDoIJrPyJGdS7iFnHqiMyEHEDJIUOuH01iqDiP/wpNuchgIlkjc9j2NSV0JURMrbiWBOR0hXEFSelwE01rDV131u5HPkRjKj68Q2mQeHEzoPLE4lm43Ji70uTyeGlx54glrWmyMVaFr3rLRBMaaaa2s+F0NsJG+i8B6IMn8LyR+FNzaUO0OZbPDDJaGRva64oQWrc0NOTaRhEd5a16uaiUmr71ojlWjxep4BevJ71aTdMyzwY3NmZWooENrUA4tiagnOHtRsuzZl9nBtD4pfbqShxtROcsN9Ytkjs0ucrTwdItw67wWErVq+VEMEGdL4zXO4jq2nmxsjGU2XI8WcZZ9HzgJCQsU7Gdk+5EO9izNYmcHVFb43HhqOrQ7pkOpHVG4j0qd73lIqGBc24hyDMtHnvLe4pHeouN1HwVJ5VwoMozHr5h96TPDpmMihZly96opTbaIWU5mzQ73RteA1j6T6x7DDeEVcuUrjNcJxH+gxykpcQdFVGFtcSIuZaaiHy9BrKbRnBf1uhPjYzcSbIQk7j4iMGyhGj/T0M2PCHgU6LK+GDGPVbQ1Bp7EE4H+2vB/3I8BzWdV9dY5B/g+MEPfrBmzRpDj/9nPOMZy5cvn5iY2LFjxy233HL77bdPTU399V//9etf//rVq0MjhMUAABAASURBVFebFL/qePSjH33DDTeYFClSpEiRIkWKFClSpNgvGInEclDM5BCwNnRFtMURFc5en2cPM8pFETQ5SQYu7+YdkegogGUIzcAyI+KARb08aapZV0ZEG90mGXVYnigsRgmNpo0laWwpGhgWBiHllZQwFLiopsKCFZRVA19gupqx0suZwmTow+Gr3IUF40XI5g5q2xtg43ZP9wYV4NwaWUZm2arZwT9YnspXaClde6IQWF2K90Mws8KFHR0+eahSZwWcye2p1iMr1qIIkkACvs7jfGsskYXa5wgcBKtzX5CWzUFnw7YyhjOZK/JiJKBrdN/3yqoPy++pzfrgu7azcnJuF8slYq/lCE+iYzUQkUwnrqMYz9e2IuKRIUXBQlU4dz5jK2hcpsLm6TkVBo1Nq7CcoYh6CYsFnt9ei0ELnU7yFg1BprkT4XGB2UpNs+0jJmN63QJARMuolx2fe1He0Wl3dgjnG7l45QoO0TGmvRBNecdJ6EZn1Stww9MUGXJMo9R8ATvhzpoLYXrmIl/k42p4JG7GqwLTSXVDkm/z+uZQioOzCKFt8V6esmE049KwXwG7PpLjMIyCiX06HVabPIbmxsT3nheYtW4EoSbus+XWr1trkjy29T8j8nvyhRFga1szRtg7QtIyoZH34+js27y1+dkyp46yX827aJIwqI9SkLueio/qtuWAubGeBgAqZ8deFk4GbxIA8zhgpfaoI1t41OkGAfyWxwDJVnENXdqC1cMTk6aqFHsnLwMBzbwgUixTbEI8Y0Gs6PUAcYxzyP4l/Um+FXKGSHyMtFvaLNZRdHmQ1hhygpDKy7jkKY3SeVVishMGH8tMnbZLkyhiNgsGXwfAPpA4HZ4HmSqaiWvnWOsAk4yYTeWyjEbsimhSkYdzSjla25RSROt/KoXA14nnXuTyuN6UoTLNRBP81mqCwPoI+a1UMyCVucXpObnDq9ob84j2XT9H7Nq169prr4UfADq/+tWvPvzww+NXT3nKU77yla/8y7/8S7/f/+xnP3vBBReYFClSpEiRIkWKFClSpEjxax2quopziY2UzGNlqwsiftWXdAqxuiAE6US+BugYzZypCFIgm04U6qI2K7D9MFk5oJQKfmELCG2C7hmApwnoL0o7xN9EUagv4LJwZlRnih96fA9mDRy+zXs05ESwSD9EEEhaXK7gRCjDq2aXwFLhQhdpdAGIFXDr3JFi1bw5ZRWKDBnBtilAw+RkTfOqfQ7cGcs4oY0HkmiyQ4Z99gdZ3gEugM7QyJmhR5AC0Ixpo7iS+9FGaBUIMrCTKXtpsvOGki3WKZIwEWdR1yWdFFQ713mV1YXPyYoTnTjzzI52u0AVBoO+708D6thTzazzUw8um5w7MTYXj5KnsVfYbKxIBSQhr+DYyPEDD1XFjfClJRLbzkAIoCEeFgXJSqJlwncEYYiDIJdQczlBE5o5+IqYa+FpzDScbWmI0VK5EVkyHbIye53ps1FZNQNi9hWX5ZvyfnTpWabWNqjwnnZbkFiwqhuY5oQBeaXVdZBZ8UYOnPMivGHiM4JebLShpRkCzOMCn82GYwkQEzGjTGQ/lOIgBdDWNPLXoBplAntWTFisapfF1btJdjUa5njDRLGzfmml9F2USBOjbUM9tY6xUQ9tvXzqwvAMlmH63GxCbS7EE8RqroiClNA8NMTbiP9Sw4vhfVj9zsZDIgIa1BqCqgBIN1jbSmA2CSpKP0lCSA8raOdRuTwZ0ykzJvuBYSLPeBgZ8mv2WjhPslusxubEVGBvI0o08ijCq/PcD2/1fvYsew6K+EOIh4q7ydi/iLN1NXk183DGCJbHZ8NPllom/hi1E+GRKsgJ0LEMHxwUhioBinYb/qoCDEys+la9ObadKyHiRBXULFeeR0EZuzLYGhdNzGTGiLPSv4EntmSOk3fc247rDtbUAHjeWFX4Y0M9O0hTBtipe7nFOTJVqHV4l0e2C0NJ6gMYN954Y1mWsJtzzjmnTZ85nvnMZwKh/sY3vrFu3brbb7/9+OOPNwcigGj/4z/+4yc+8YkNGzbA4/6oo44C9n3KKae0b4HNmzdffvnlX/3qV6F5Rx999Bvf+MaTTjopLgCt+tu//dvrrrtuampqbGzsWc96Fmxh6dKlcXXo8Ouvv/7KK6+87777YK3HPvax//2///cnPOEJ/C10+w9+8IMPf/jD//7v/w6nc8mSJc997nNf9apXwab2b+309PSf/MmffPe7333+85//spe9jC2Y4fMnPelJH/jAB+AH/hZ+WLVq1Szr6m3btkHDHnzwQf71/PPPP/vss+O3l1xyyT//8z/PnTsXWvLpT38afubPH8F8+eE8oGMj+ddZLWmvBb/yjmJjvva1r8XsAnz4kPvlpsZf23uPxwgdctFFF8EW+Hj3740UKVKkSJEiRYoUKVL8cgLdkMm/2Il2k+WaIWtkeiaWa8Pf1QmBcIZVqIJv3oYtIz1pdEXO5hv868Wrg/RiwiKskkTLoEN+xZUY/zGYbECL/MMV6FBbiKCZ1XA1Vges8L8a3sZZjyZlroJCHdLTUdE4Mf0gRxCPta2cq3wnEJxcPAdY85yRrs1R6OV2Ts+Ug77ph65xox1X2nwwMIOyBtickWGpr1D4jB2Z53UOWKjO0U4TKAowWHLqFPtPI2pslpQR0aDZ6R7QtqWKeeqkGgFsA+HRHyMIxADeQMJKLNKHS2coVy4KNh9G7fXA+0HtZ6rBpqmp1Ys6k2OjHRR6V9SFnsTvjtBRlnGlPdxpjb6lQYs6GkE9REFEHomMhPrSi3rQIdvgpTwbNJPe27MMug6mSVwQxGlDXmTqRlXOUn0yqKTPNl7JkaTxDgK7qQjYNe2ybiLds7EPPQsxtd9DIwzlafoKAY0SOZZRhui4a5tNs+8rqdDjrIGofo7sPfAdJIpCuVhxPc92u/qJP8QA9MFZclHvxBA5sGnn62ajN2ubW7wFm60CyDaM5R/4p2Z0s7oD08hKG5mxba8d8bbuy6paNohMu3GwbrVXM0eSETLxj0qaWwei2wlasc80ewzNARAIZXgr+xG9c+vQTBzT5D/n4rJ8bwaRaSuWdozFjSSw1AveDQPxoeZEos0kWm9CG+9trSKow5VOk5GjoweGi27WZqglhtTf/DSL+bT2fd50KxeTxQdhMK0W8TmU02lbq3it4GjZN58fjUFGUz0dNflwIPbF2TZcR5HnxeCqmOitZWZIvAilVqwOSs3haL1ey89SNozWPIR4XBkdJfWSiP+ys1bQW8L4A1+H8KabboK/gcwCBX7IBV70ohexyz5ATHMgAv6fxAc/+EFAt0984hMvvfRSQJ8AT9/ylrd86Utfists3boVeDFwzDe/+c1/8Ad/AL/+8R//8Xe+8x3+duPGja997WuBh5566qmwhRe+8IVAouGTO+64gxeoquqyyy5729veNjIyAn/DLrZv3w4ENppXAHaH7QPafutb3/rud78bjn3NmjV/9md/xnUhHi5gj2eddRbTZwigvWeccQag2Ih9ocGAYgHI8q/QY7/3e78X6TPEFVdcsX/lQNggbLaNd2GZ/1Bvw8LtZnBLnv3sZwNZ3v8QeEdAvYEXGyo52Na2X0HRXgXOznnnndduHm8HPpxlGg4NePGLXxyPF364+OKLZy2TIkWKFClSpEiRIkWKX2Awc4soJKi4T8S37QVNm4ZEkauAA+ETQV6+SeZsREQl7+sY5NIQlLp5kv6yigt/qGv+G30ohFcHAZri5uBJPM0S6sB/dEVgsMid4a2tBCpc1YE3JlBUUCC9pbP9sQEEnWcuRw9Mi38yQ7YaCOGheZmpx7N66Xh++II5Ry5dsHrJgrnjI90CVWK+RNfSvJPlI8XIaHfR/AWrli5dMHcO8GtsIbQd/3iBkgqFFJsYkfuytI802ix/Du3FGsuICDMiQHIMqBgBG6b+nuoWlpUlCt3Js25RdLvdkdFR+C8vij4aZDiUFbNgUnBFEKZlyYaUkYNl+mD0OhCQEdGQgB8S/JnG/ZlVfa0MBZ96VULHbTQXFWkEufCWpAIiqVHVXvAhUjpeSi+0oPL1hvbtz3IZQDmu79VcqIK64q6YrEd7FjkGsSQwDZqKOm6vHuP6qw++da58XF4UkI3YtaFv9uEa/Z86DkoAHWwcGFuaYSs5BaNpioc8k83d8RBfGVUE68ZNa+M6AAsa1qHX6lAclPYq3dbtcFZQk0cNBZahw8b0nmwtNG1R0a+xQ7eyGuuEeEPG3A4vLDbxbRrPPROPpn1vxR6wynl5L8FLe0NrHbmJaUCEzzLHjkBodizKXkl7hXiQlDplD2j5ZrjPpQ8brG5iDiAeuHNyUFb7Q/05xNXeR0lzPJY4FMm+5IHF6a8I9jmjygfOpiFNsUcZzyRVQRkrqR3JgzYuhtYbnkcWtO+IQyY3QesjUr0DI/UEagHtNOI2g6cct6VKqXEQ5BLB+Fik4Akb7VMqzD5ieO/FXsoc4LEM4OCuXbsMiVUfbhlo4bJlywzxRHMgAljwN7/5zWc961mAWU877bSXvexlH/rQh6AB3/ve9+D/WvAy/X7/mc985lVXXfU7v/M755577rve9S7oBKDGhvj1hz/84fXr18PqgI9hCxdeeCHgbNZEw4qwzPe///0vfOELwGR5C7CLT3ziE4997GP/8i//csOGDXASvvKVryxcuPD9738/fPuc5zwHgDjs7r777gO0/ciNh21CO7/85S9zj0EzgOTCr/Ahi4uhl2699VZDfQskF+AycF4AwbAAi4sB3e7PhWFr7Y3AWm2a/MgRdwQtueaaa9rNu/zyyyMNjwEfwjLA4h/96EcDub766qsN8WheF76dtTx8yI3hFaHxTK4B999///2P3D8PuUyKFClSpEiRIkWKFCl+YTH0yixaqaE3dsXKqoRTTZ2NzMQqTVNSgjgZ3sSsIOSgtJUFpHF7bHCJ9NVQjT9EyPS2XCJLrgUfE2LGj+HTsqxR2lzVJTJq4K0VrkILV7IF/KSqjBepM9Jk4kf4Ws32GfSubUnllqH01xHTIEPqKEXEUli1q8uuqReNdQ5fOPeYZQtWLZgzf85YUeQAtwFxe2PzIhsb6y5ZtODow1cftgJNLmCDeIhlZUo4fCyiVRmajS2uqo6FiVFwBwdJh4CMguv9qSDQiCrPt1CraUCTMU3eQOTlyO0rMrLAKdqdrMiKTt7pdEe6IyOj8EGwWTAyTTxj3KwqxUbh6fWiUKLhmiKExqgQOy5u2Oo0hBYmZwwlU9UZvUT3gRBaykqhaG10Q1+ycQcVJFP5oCIdWoZhimAsdQZXiV5U9NnQAkqGLQHC8JUfd61z8OM3SqobWN2Gxc1vwSqhDtGlIZi4oonIXVtex5vOWBtP7qETB6cCWqcBKMRjQKiUdxiqNmFlVAwtNGcVEsqGQ+P2Elmo/jJEpGV1BaJKBBtiHTQlFXgCiuGymWR6bFT0H4aaZ5V+xjxL8K1d/AeaAAAQAElEQVScSUzExPGgdWTo7yCyW3Ry0DJ6shVOI3olyqFRUUv+jW8YJuJO9M26kN4VNB9E7GrwCNTbREYulAkHHOzhqYDzX/Rzos+c2aMnQ813nQyjqBFmpw22IHJZk3njzUtCqaqrSK/Z0COQIw9adhD8dVjKLxMxtUDsSLPxbwW/IU7mkBPH+T54FuUFGl/QbAt6xklrGfByz/KBxrPHzeYpM4ank/BlRt1kqEYgTubR5C7SapqMVKtk2xo5P9h79PAJ6CstOTob+OrEM4tFCIpcSDlbkGDvUTPpAQx9RM8tPpEOs7YHNBjXQoyPjz/CYhMTE2bo/8QcgABQu2XLFv559erVn//859/xjncURcGfjI6OPve5zyWTLIxjjz126dKlwFLh9D3wwAOAOE8++eSnP/3pcWsnnnjik5/85B/+8IeAO6Gd1113HSSHX/rSl8YtwCG86EUvAvoMy/Ane/fuveuuu/igYLFLL730U5/61CMXWgRKCywbfli0aFF087jgggvYZeLII4/kTwBkmxa3PeOMM9jZ4yUveQmj2/2rCMaNwPZhL/DDPffcY366iDs655xzgClz81jUDJ38xS9+sb0wNOCkk06Kv8KKLOiO6z7taU9jCB4DPvkeBbuCwLG0rU7aAdD5DW94AzfgxS9+sSGSvnXrVpMiRYoUKVKkSJEiRYpfSpD+VCSoQ9gsIr+WtKkhgbZhlqwDDGqPgaWVMttQBsEoYrthhL0QBfW1iIXpXdiLWI19J0UGDbjZE26uBnVZVuWgGgzKQR8xdDVgtTOEgmv2l/biLIFUJEfenAsbQUgDvxQ5CoQ7nQK+tcSdMypFCH/VJquQlVeW0Hi/REV1Dgx6vDhu+eRvrF60bMGckZFObUKvh83wWMnQl4PpiTkjRxy+8thHHT53pBvoqNA8BM1AfNUIxEJUwhHiZuaAzJwZBcGMrI2YZU3sNTwY9T4mvxHuLDHWJmuTgL7OLKeGneTdLgBooiQWoLnN84rQBqMGI6faqyaPXKzrihxUDHOhzJnC2ZwYVWgsQUSIx/Q1gli5WkxDAfhS4hwE6dAJJaPYDs5A5qTOpHB2Ih5iXBrYGcPynpz0g8ocufCg7MHGhIaJM/1buk3R/2EnSQJEAukKUTNuJQorqdYigiAkWpUXROPjGbNKkRjIKGrW+0hvChu5nWEgZXU6AV3yDOCV2FAW5OBEsj9rHJQe0GyOICLkOOr5NpI1bfVrCDFDFxN1MWESZcO8lDEtaXOwZhbKDsHY1nXG+NJFq2ih3EZqlDatazWFy/zx4GFMXKwZ5NU6w0i6SDi3NQ2XDjJyS74oqBE2PxfEUsmwsb2RfKSkeOKvnCOyLW3z8OHHCQIupni8NBPuYFECNwmfWmaNtOeW4PDIreecUGgdJA1YNpp9aPogxLqFtbrKN6eDRhd5OqLRP08+EYNpHhgC+zdrtkFSa8Nq6JjAogGARmtKdzp2nGoSZZQJNWwLhT7OAUu+ehNa3h8y2nFygWs2itQa/sqk/qml5G5NPNoVRaemB6PB2TE6vHqZwkHXTTM1xyBkR0cnLF3AjtOhOR4ae+m8EKh2aAmdU7WHkhp0gJNpc+bM4R82bdr0CIuxLvgh/ZF/hli4cOFTnvKUz33ucy94wQuOOOKI5zznOaeeeiqQ33aSCYD45OTkrBWnpqaAmENjduzYAUiajUE44OfHPOYxX/nKV+BAAIPCMsCUb7/9diDOcZl169bBh/feey/s6JnPfOb1119//vnnL1iw4JRTToFfn/jEJ0Za/XABaHjx4sUP9wkcS/srxtCG4PKs7WzevHl6ejr25/6b/Q8F4+xoqcEBvQH9AAD6W9/6FoDv+Dmw4/Z5ZMw9a91I0vePtlv0/rF8+fIDdZGkSJEiRYoUKVKkSJHiZ4oQIbO1JjzUPNpGbKfBbNC05+aK+EnfsvHlt6Y3dge/ZcKh6TUedwLvuI4NFRpRHpMGjxIuKdhH79uqqHUCH0kxR6ygaZFXgSLDSazGRCibLSZMrhbSnsyIiX4aEtCRPIwob8agIQP6jK/ZSMytyzuEMmpXDyZcdvjCiX41wIJ1xuzbl5EfI/xS7xnsvWf9gysXL1m1aMmoLW6//75tu3cDKvd9OPIiLzKTs59GkEnY8FoPqyE2xsa7FrFkrZ5OZTeRYwUpuEUSZeUFjHIyK8Jt2BzQhBrBGJHlOuQh5NjhKA3fMrV37YbSD8rD5i8YG+lg6cSSjCOslrBCzMyLe/6EK/Nlll1LGMGxtbOIyvmkMhJhMKumz+hRmqFDqddZ2rVUQMNPSoZhlpGVGHcIZRZ9J9GVaGGhsBzLMOLehNmSCYilbgmqNpWrkL9mwI2Xo0g9SYUuEsda5IN4JQfBSMz3GJg1ICmeHqPCcKltZoNmbBjUWBvLSz7EfRY4VROEU1HSIwv+0FJAH5wA2jTXlOELKxDrHKbFSjpDxHZ0lVvFvDpVhG/qYLVkXZtBG5U1B6MosaHFEaZGhCt+/fKrNbO2GJpdcwLO+GZPoRnurd2/GqYNKt8OEb03bNqGKO0P0goT78AgLQg6G4LH8tk9Rf8K0zSa9yI2zLsFDKpiZyvU3OHNxU64IWj5z9Y58qG5+drnRnTorv0xnR7PdvKyR2luw3udjV0YNL8EyDXE5IH2t5Pkl6q9GxJtDOedgt7qXvaNCT9TeUn5Wi50oOUQOEclQnZKzgnLb3JblBzL5JCsXBOWk1pybg17Q2PH1ZzjDZp7NK0xkmi1M2q373nqiaTKTExs6G0gWThRSvOlgTUkvH8kh+KfIQC5Hn300XfdddePf/zj5z3veQ9JYIFRskgWljQHIgAWX3jhhY973OOuvvpqoLQfpgB6+9a3vvXEE0/kZUZGRiIcnxVwcXJFx4fbPrBdhtTvec979v+WZddPe9rTrqT4zne+878ogJy+5jWvOeOMM34ihv75A5rXBtC//jGrAmGKFClSpEiRIkWKFCl+jUNeyQNL2cJDL2GH3+hNS8gWSGKniJnRBepp0QPamTbkECLMthg0izmEpuQg74EcLhl7CLWQScYKYWE1b1WsJ2Je9TWVVongusUPrSqxiZ4GQjE+voiLjtdIzSdtMHFqcnuochcWjeX9hXPYnXqrs7t3B5Fou7Btak/hOsXCfNnSxTNVH3DE1p1TVVlmKLomDw6pPeVmzWS3rGKLnhVo7CEyO0Jc2j76mo4NG81aXSNciDAFnwg+AYQmUNeG28b/suCm+4P7t+wu+9Aoe8yyBaNddL8O1rsIj1gJj7wnw7PpXI1KagN9ECenG9UL8+ki9VwdRPkWBOwy0Be6JokBmX5PP9V0NniLqgd3QY9Sriov54+hiJSftE16xLL60MT6gXIZh7aEUTWISJ6CVjLTS4QvARFnkqqRK16iW0igy3b4VpCrIujyxKg0/dKoN2X7zY9KK0V6GtvVpoOHUByUAJqHAz1xcrGxHbig23YJTGHQ/KPAWv18SPMbty33doOzg1I/8TVuLr/QDJZGGtMCsM1e9FIzkveJGRrJ6YSIubU9tmmO7M80468dOoChR8bQSpS8iqjVNQO0QNX9WDflpqStPEzLQZJWuGbzB+DA3jdPIBqYeATgRJn6r1MZPOdkJNCu4wGCB8zQJAnkU0qgsTNOEJ4dnyutbIP2E935nq040N1EOz+Qy5CNDZHDkbwWDX4KiAMXXmTZclXHWRvykGOwz34XfL2R4XXGJNjJIdehuVJwFxlmetnHWS47puI0gSTE0+DJuCMm6MQxmrywSC2tc1psO+fpNAVojI65jJ3Z5sXwbCdvyBXkAMeTnvQkANBbt2797Gc/e/rpp9vhlM+ePXuuueYaQ6g60uGfP2Brz6XYu3fvTTfdBPz329/+NlDOj370oytWrPiJ60I/PkK1QAC7S5YsGR0d/chHPjJv3ryHW+wxj3nMBz/4QdjO2rVrv/zlL3/hC1/40Ic+tHTp0tNOO80c0Lj88svZvOIgjTVr1kT6zMeSeHSKFClSpEiRIkWKFL+u0XqhC0OYOerehPCJwEu/HeYtjNP0LZXkWTyhmUXJXmvqBWW+QYRmABcIs/oI8MSDIxagE1mXSEdZds2bsGJOqagSYK8SBWbSXKbKRkgjgACxCuuFVf6b1cR2DSlwdbJ6dHMQdt11bul4t1owgaYZqBoLe6YHA3Rx9nAMW3ZOwYYf1e0sWbQQZz8DpN45ZXwVKlNhXafMZDbTruKCg060x6KklFd/9LtwwtGDkC/mHuwjEdoadTojrBaWU+aZxuOh1TjN26PNtc1LX2/fs2+6Vw4qM9nJFy8cG+04NFn1TJXYjsILhiaozZ2lxqqCYWxka4JytG6YlgMT2GyMn2UnLmgjxCtNL6hGTE28TZV4UYps2MDbSWJBeJhtZKAPcUny7zYq9oQYYl95tZzFBrODK1/gyr/pwmTDaBuZHjMoktXT5HiRPYp0U7hcAwEFdKsDQevYI2SjKfGHGH4+WD2gjY4wWgE0KJQOUSVMMXwNtikx3eHq0RzaiwxV2hSQq1trbaP5e3bmIjrhtEcGgZrsUEyLs4GNkVGPy9s5cvfJbIuXy93CA7FnaS75/8pcDM6B8bQFdnDmpJdnGwhJQZGBv4sppKBjmAypZthaHm9NFzOFRuy25ViFqEZ3D5vnRZblEQjz7Av217cqX8YnipwpTpDhN55MnNmaGUd9dN3BmTtcZEAeTfTMYu8e5vZMabllaBtVlliNQAsPSLI0diwvGZpLgpyY2cle+pY603ECDx8CVIOA4a/sl8YGHj5hlTxn8+VmPonlMyJVGEWPjUeNPV+rqxF7kBjxeCI3JliMvblllJMrxIoOHeE4DPk46hv+HNrp+BIz3jQTcrjuANUFlqxjHcoQfiEAmpnvd77znQ984AMAo5npz8zMfOMb33jve9/LVQpPOukk9ib++QN2BJD385//vCFrZgCaf/mXf/m85z0PYPTU1NRPXH358uULFiy45ZZbBoNB/BD6/NZbbwXcvGzZsm63Cwts3rx5VkXBL33pS6eeeuo//uM/7tix49xzz73wwgthC4CzgURfcMEF73rXu8xPsiL5D8URRxzBP0Qvjl9Q/PZv/7bZr24h9AYXjXzyk5/8CFJrdtuYtW7bfnp6evpb3/qW0TKJBzVJT5EiRYoUKVKkSJHiP3+0eYkNkZkJs3goPOYFD8dXbBasCkuRole+ocD4pdTTMyxmdVS4yCF0btWgs7aRnBG+rKWQVS2tEW4iE5UDFqmT5pOJM0mJM64ziOWT8C96iZYmCJJhSl6Hmt7K2UAUF2RzBKzgh78AlxCwUuG7eJbDC3y/X3VtWDan+6glk6uWzFuycN7cifHC5XUJb/12z8zggS3bfnzP3dDsw5YuPWb1qvnjo/DFAHkFV1oM3HVUc9DLNGYy7ZQZ4lrirKHMKqUDUgKvouRoTc7FHqgAcQwylAiksa61XiPvjWdhQ9P6NSCTBj9BUQAAEABJREFUCrhrVec7pqu7tu788f0bNm7fOT3oizoTGYezeUZuqGhYkqPgzuVAzcmBg9gQ7tAIh4koiCC60UslxESFE8pGFbO46qMwL5F385/AAmqe8U2lxGryXLUZyshyo3kKy1o+xjdW7Hh94yfADQi+qelnGeAwBDcidKbMQ2D7VRMLjPG6aiJOGQijYnCjvs9MfMilOph4scdcitwHypm9cDzbtI0hG2YbvJyhIA4F1hxKcVACaLwWkBfqRYSXkacshmMgSx/XAj2tzGZQE3y+ieUPp+namxZ0qEsGSQM28l0aMfneNBlWErXR+MEY9dawlElS8sioN1OfdSW6noGjazTZvJ3Q4FFIlJk4DUHGJB9vrcAeEZaksZlpfK1l9LbSHBqJ81wOzOMjgUq+iv08l33NaDDjA8ys8FTeGgwYMPqgmJTcJNivWJqjFvh869Q4ukkRQkPNp53IHeqjCZA2j/JWVtzmZaCSXrHaNlIcxw7UgcOwwjtUlafCAeirTcUHDJdYrcsKdpuTlT0zaB05uKYq7VCSBRVOEKIStMFzlVriyvRUwLkYlDmEiwuH44yMgwj54ihJYu0Cc4c5nXQ6AGLERZZzWUh67PEjGBawZV31+gN4CLEImxcg36G6xJIK8L3nUoJOnIoMtRef5J4AMw2W8MCEP0jZuWYCnaCCiDY1vZ7tSHNAAvrjzDPPZEa5fv36D3/4wxdddNFf/MVfvO1tb/vc5z4HGJoXu+mmm376sniPHIAyR0ZGrrvuOiDO/AmcY/i50+nA5z9x9cMOOwxoOFDsr3/96/FDaB5wUkDJhx9+OFxdALih5Z/5zGdilcXt27evWbMGvnrsYx87OTkJFBtWWbt2bdwCsG84CVxu8YAEuzDDD1dfffVtt91myED5JApoiTlwsf+Otm3bdvnllxvq6uc+97mPsC6kHzivAPkAWIsb+ZDq5lhO8OEWSJEiRYoUKVKkSJEixa8+lP4Sw2hmAQsStvjujNIxZc5R5dlWdMILOOucCU/moXahqklNLBO5o06LKid5BgMylZfEwUwEDJeb4+nN6O0bELFmIhQGotHpFAVj2CKHP67IsMQemkQwgwmEjgt83wecijUGEYMQESBY67BCokd+gnJk/NWZGtljaWpSlWUdWIt4k8lo20S2M4YIBkWAfiw3K+eOHrto3qoF44vnjc6bOzKeW1/2fFUC0t6+d/qu9et3T+9dNDn3sY961Px5EzkaQCPZjLUSgaBgqUHiCuz5QK/4RvVjjcqRoAzhfISWqDCDD4AzdAhGowoX1XVlZqhpYtqKXQ6QojTEo8sw6JX7Zvb06302N9Ab06X9/uaZ79238/7N6MjRgZ7M8SgBthRF0cmhhxHIo8ow71DnI98GcIp8CDsQ2lkh/3dGqugppCWDbzQ4IfUjoXD6Ac9zho4fsCNDkmugOERfzICkhAhxAp5r1iMrtmODDAeoD46kBshUIgdCaR7PGa8qLL8omRKeh8/EjksXRsJvo0aUaROlHgJ/SaJyIIfQltpiPwCoN5ULA4seqPCz17vERI4snUCgWY/cCCUzcne0zAl8xIJ0InleuxRXJDxmDqU4KC04rBLioQkjLGC36k2gilwhzLNZnG2uClXVi04+aLVCXi60HMWNLBkiqW6ppyXzIwJ8y74acbc08MaEjOGpIOpYI6uQFxHeyN7qiMNZETNkKGNtPDRtTjAxCanJQck/SfsEwtYxlUZFAzgR1CRdWPgs01DkHuMOdw2v111E6w4g0IKZQ8sDRA7R6KwHYcdB+D6fQNvkyKwQZ9suJ8rL8dyMwAkHpM+UdvOiKo63O/tIaXexLb6XW12CuTa543sF9aGVbxBbeto+zzmJJinSq4aSY6w6NzTkZjQASskD6SKe1sMFWgOfr5g749QcnRMqFyxjYmCvKyub5V1Rvo5mnHDOka8SGH75tFHCAFN4YiiiLhyOSir+guzsV6xY8Ud/9Eef/exn77rrLvh1MBi0a/c9/vGP/9GPfgQffuQjHznvvPMeoULdTxkAf1/ykpf81V/91R/+4R/+7u/+LnDnL37xi//2b/92+umnR9XwIwT8X47Xv/71wI4vueSSb3/728BzoXn/9E//ND4+/rrXva7b7RqyeH7BC14AUPXuu++GXfR6vWuvvRYO6g1veAO0H/r5jDPOAIT9xje+kXf6gx/8ALZw7LHHPuMZzzAHKBYtWnQBBaDbs846K37+E6Hwz7Cj9773vdAns3ZkqP4hfPsI6z760Y8+55xzrrjiigcffPDZz372/gtAZuLJT37yd7/73f03zkgatmBSpEiRIkWKFClSpEjx6xIhDLvbtlGDOAW4ITmnuIrauLJVQZ283vPLcuCZ5QJBggjtWCvNSMdKhadgIsUxcc51RsJjfpGmFjkWOFsB2DxHmXEjsQjvrXILz6UOFXdoU6y0umHuygG8IhHZhLxdM4gnzuDJsNoyfxwr3PK5wNzndvIM/sCL/N5903304sBX9x27p3OTr1gwf/GSpcf46p71m7ZN7atxGrSts0DHkNlm/rihInjy7m7Vm5W/dta0jSaUQTUCyGgBIGbPrGuTY8IiXjXx3UDCPjlaH6bL8t4tOzNTAfI9flXR6eYM5QW7MKehmdcuZAKF62ALR7phL84gcvoZw/HB4AIKPTx1ZAPTgzrD4mzyoIYGNhciFNRKF3FPiNuO8I9/NI0oXymeykaDgC3tPzUKCS21qGcZfVzXWj0Wy6uE0LoQrRydi1iZmVG88m3b+VfJIp8PL+aoJjacndHJVptFkkMA7ZCJg9MDOgYjY0a3xqptjIlyZbmK9587EiJ5bjllhAYHy8bjeq3LV3MfMhSaWPGPthXp9UNQ4tDIqeV+sKat2ZeVWuzbPsQRW9vaftx2tA2RZ4O6upPlsBNDm3hcuq622cY+4KaRLY4wX9M0mA2UW72it7smlCSPZJUl45NBEnmtcp8iPTYhNJrtENtkG2/5oD0tQ6X3/NwyKgdnsBt09gTW2PXyDCSDJRlPgk5kMbHn1ZTZ2PjUCyQClyqB9Jz1otI2mgzmlojiG3N4vDGc4uKJKmfOxnZrfthQ1pDm8DhpfoP8pX4gPieMt835kf0ELsiYaVbD8hwdR1Sa82Y1/pqpV5b6hMBzDRMDv5hYsmQJEMz169d/85vf3Lx5M3wCXHjhwoWAdw8//PAf/vCHH//4x6uq+pu/+ZvXvva1Rx11lPk5Ao7lFa94xdKlSz/60Y9ynUBAwPDDqaeean86iTcgbKDhsPr1118PlHlycvJZz3rWq1/9atgmLwD547e85S1PetKTrrzyyriL973vfaeccgrv4jd+4zdg9csuu+yqq67q9/sLFix46Utf+qpXvQootjlwARz8y1/+MjSM3TAgnv/85wM3Nwc6gALfcMMNbWtmOPYPfOADP02dw7PPPhs6B1A1/3r++efD34Ck2wu0P4FDAI7PBwU7TaYcKVKkSJEiRYoUKVL8GkVQeheUe7ZgAwPjFl/BaBB1UP2fMAj13AyNIot5dCP9E/Nmwrk1vQaThkqUYUIeGBrgm3kgKZ0CCYS3hvyJ61BbE9/vEX0GIRD0d6ycRaDIcwErw0Ajlq0jhMSyNfEF8IRdaVOBX9wD1XbCJgMcwHdvm8E+oRGTXZsvGB0p8tzl/ZJe3qenBx6Ibwab2T61N7P56PjE6uXLqgreyzfv2L0bOgNe3cnsgstVBRbHAU0I7KShZbq4m02kl0JHGU208IsVnkAslX0yHEIAlJ7Dv2FQDkLNrtYW9cZiKIr8YXd/cM/WPYA/Jia6qxZNdnOS1UnxQq9wCSdjk0MssAVjG3OQEMnpMA+mRgSU++ExWSsMmpFsTTo8Nj0Rx+9otm1MC8zJZcWoig0NjDHx6KVzuD+UummOQ2SUPjT9Z6Q7Rb9oGhqj5RP1ygkKoGzrV96YtjJybdNC67IDQUZh6JDI+qXFf4x63zafHFIxVKzvYIlFy1bzqZbLi06/47GDZ3OQS4ykynCAaiUyGgBrBW9KHsO2AGWTJ9HclF5BdOUyGo4bxLweXfmZkasJ3RLiUGxMe+88Llgu6yfrIzh0Iklm9S6V8pOZL5ghMUQ5g48O+rZRN9uYMMPd53lmnNgLGbW5MTw1xfrYFTzgMso1LSzODabEoWF3DYK8GZlvVIG36nm0aJg1DiwMoEmnKyMpHRnbcURzdycMVb2S+UOZVWNDiDSdujHUjLNpxk8dfTlC7UNTVZUTpGgjAisN+n08+TmZUAcjzfBUA0HGczlIHa9sTU2BxQucyeJovx4eE9CajEE8zYahRwP6KuHwXVU0+6fAGULoKC2JM6wkS7ZBOM8HTgQ/rPCwKofPKVvVHlqofic43tJ0ICxiW5YlbMsyWMb28bCPVzH3HvuD55mt9f8EGPJ5osK0mM8sK3y6GSp3S1OX/J333G9+FXHLLbdcffXV0FtFUZx33nmPetSjTIpfRdx2220sdv4FsewUKVKkSJEiRYoUKVIcvPG3f/Fudk3O2LZTfJTRF9mp8o39la1Mq5bfDdEIrf9HUBGwooX34cKVZW/q/nrvDlP2LemnZFoxCcTYhQDeXOGdmq0alFAHXTKgmsw68hduHIRpV7w174fwp2VrXWXLLFwzUeMc3X6jOI1DqxcKdyWX5gDv8b4p9eehS5j9kFWzqbMcvnTVYMThu/+eyj04Vd22YdfdG7dt3jW1e2Z6UNXjxWiR5SPdzoLJiROOPqLfL+99cP3t99wFfDrY3OZFjjYieFjY65lDNDxElZVWsJBNeRTJ1hguef4f+X06VbhZlh1yGTAyqBj0+gO0vnAozYMOz7KiQy4b0L/loPRlf27HPeawJU86dtWq+WOjiC8s8IjKVzVRBV9hK2CViYnRJYsXdEc6wdRALQIy7hp/ArQx6PMEcU9gCX9GJXhVlaX4HcOC6EHt+72KqYsYX3Dxw8BidvYRCC6IdzTLvFUlSfJ2J3Pn2b2VzyL3CWsVEalpUbGapHiz5GqWLUJwZ07pcYgSTZJhukbljFp7VvjhUmzC0jArI1g/Em0rmnHFUxmZp5CPOV+RspTlQzSRxMKKf3DVv5qDLU444QTzM8VBqoAeguYsSaafOMmlKaNgFQBzdksur8A5lP3Ze8zzhdaWZXlJbViV7AeVJ+N8jP3yFmFWExvqbdje2JhWtsgM75WluSzftcaort/yAC8JJ8zFhWifMZQ+CcROxcxBj7XJ2ISG/GqKxkiySPAubVdSfqbR69ropOwYQMe0p+W0HDF3L6cgMNVlW/3oJ4W0G9k4mfVYKyJyEws3Bk2MauaAfC3ssBDbyNQUZewwikr1Qjhya2200RAmzok3104w2GiJAVQewLqUIPUM3Gm/NeYPTay2i5NOuM3wuCDua7gFNXY3PTN4wg9NqCjQEtqEWBM22EjM4YDygmyJ6JuqrDJ8iEmmQRyU+NzLCeCCh8Tfc1sG4vJ8qecsS64AABAASURBVHt6WFKNXdGGU49VoY7ZwF9JwHh09tlnf/zjH4en0l//9V9fcMEFy5cvNyl+6bF161agz0brB6ZIkSJFihQpUqRIkSJFE8OvjKqH1om7ikj4N35Zb8iGYVQgAl1UXCEHgDf9yjBfJB/fEL0tfcNArMryyIDU22bys3A6o5qxPM+FyIo4lWppIX5Fr2GR6EnjPWMNRhBDx6WaQ6PKWUUPcpgEWKQmItEYnnie4yRnWim4RgdoUBZdw1v6SOaWze3kdn7drwLhmp1Te8uyD6/6/TJs2TG47YFi1dJly5Ytn+73Hti0tVeSpG0wgKOypqgMbgTwQlCBY7DSwYRGmLqqAJ3K7lmxFOEihIg9anLyJPzh2JaV6hyi8wagboQDVYkINQPujc4PyC8yNzLSrTK3dzC4+b7tiCaOWn7U0nndjgtlRSUAMxS7OawsldmQCaBHFTRJnA07q4ZGSizGoT5EtxVpOYNpwiSi/GOForiSWq7pxxpzG5yNyA7WqUn66aJWkhmf+JPzxWepaCHbsJiWkt8jOhHFtOWp/LyOV9zFl7CoQlnwJ+pTwTZ8YNZIoUxV4dsSvb694wuee562pVddy4AmiHQ7CHnTzdKvbBXwK4Q2v5I4KAF0CA3PNQ3q5ZkTgloZdDIxZUk0n3kZZXi2BYeNLhpWxkhjhncQgmkLp8WYR5h02x2a/xcvIRs32tpSCOLjE8RSSHTVmvah0STT45JcoLQap5ZEqins2LUk/YGyPTplgQdWq3MYQvRNjsc0q6kyTNPdErchn1idESP3j+PSgvE4EPpCysqH6PRet1TqRn7SIqmc0hKszKk8geTB1M154dkmhr2bnVM5M0qAFdRWFSfBLKdSqUiCbIiJtlJ1rySdexiHLs4ZOqa/Mr1IzoJUOQwxtWWIOQeeASSadHZtNkZ992UqDfkWeX2+6XNS6u6aDFXWNnplKN+WpAWPbdiXmNjwNl5gks2lNlVY9RZz0zbTpBwlfGlo1MyF3S8J8kuNxz/+8a985SuvvvpqSH/edNNNz3ve80yKX2JE7TP/esQRR5gUKVKkSJEiRYoUKVKkaAczX9PAZpUiR/48G1Gri4bV1RkvkIKVXqgBQDNxIS0d0zuBDyo6CwoXUObsos+xyJzjmzX+pUXkoh6Wamnx/GMxeJj92ssv4kHYR1CEGAF0fGv2IZIgo7tB/0uSqZJXb11VAqzpjd4Cdw74ql/bgqZt+7E8rJiTTS+bg2X6gDzVrtfr1/Duj9I2t3nHrszlE6MjcyD2ztS79w3KCkFtRWbANJFb4Tjz1QiLWJfoIuonLZ/oCGWuf0QqzDVJHEdyb5y07qx4ZqA9Z+4ARluxILUdWB/BPeCEzr7+4Pb122myvHnUkskRQjkkCUcRsHfoO4pqeOAfrjasxhQ6IYbVJhbCYlQlnMPaSL3YrdQ0hIIBLZ9LE3GKXk189MRoiZCwEJyQNoAc9nHmjdWM6a1jtb6iFbl01SAmyCUhHaxSy6Hp8dKN8RpH+WG8/OVK8lSLTHCNTpWPd5ENqlFF4XOoW1cjKzhZn84ur3RY1h1i8Bnj4CxCyP8Es99g2PwQ70PbrGE18WD1ipZzL58/PLKT1Ikd2mUQDw268OxDrjNb9m8YDko2JQ52ysZDs2XJhgT2Pm+cZGKOqdVUvlf12m/coB3TTE0mSlVOzSkxa9ZnzeyGh/goah4tlkmsjUk5vjebTKLRhJR+EhoOPtQdZF4ceGRka/0oKOehxOquOaWZqbM0F0yFe58xt6FPeD0rW7YyZMu5iYevLNjotuX5SsUKiOwTgFayLn0cNKFlg1pgC+bGU1lLt1BCz1oX5epBTOc1Ayi5OFwI0omWs7WUt5RxL3a9CNbxGMSangdA9pSROUTcTvwvNNJxnlvESeaYW/tVxgknnHDeeecBfT6AxfpS/JQRtc8Ql19+eTJfTpEiRYoUKVKkSJEixeywzYuzgFv6ODzMso09r771G+YWQVSv8prvGZA4Efs1nE4kfEY0bRHYuKgx5VJHAhKl9lNQRbAI6xrmQIXxjLJrY6ISS/5INUKd/6zqNBOPVLbDEJ5gTcYOD2jDkBGOEGfVGuWuhulocCgFcwEW9p3cHb5wjOaBA+vtbp/as3d6uvQlvMNXM72N27bNGe0WRT46NjYzIJhBXh/kdkoaYSTVzCcEkapXtWQGVPQXImdBy01xDpFjZlOOuvYqAabuJssL9KXIyVAlyElGE208Lpfnua+r7Xt7tz24ncwzqsMXzhsf7QLtgE1ZySIYrmol0Is9KVjdaKP8nHCxnCuj+YmYcBDRHBMZa8Wju+FeIkkUPWZzwQXtjxa8CnSa9GvGZJQWUO5kW4ArEu3mt6ACSlXux0tedy0Uma9JWUJ0oUE4uY2eBrbVzqhTFehtWn+F1sUWbydr7cMRyP+scRAXIQwNV8agvIiYyMdlrImX336nNtBKen8GM+RH3mzBMnluXfa6fGxA1M3amLkyQ+X1mgFObjNjVDvs5MLjOSBBkHG8qSV3wwZEIdYl1GkxLSbt4+5sZN+t2SWa+NFxwIhwWyTbzvzE3g6uKebI/vHsUm3yLGdLiniXx1EjNCJqnipj9enmeHZI7A7K5/HjQTqB1+enBfokk820zGTg+RqQpwtilk2TQTB92OpuK/7RXIO0NQ2HrZJ4B5h69OLHwV5R+oikDvLyvFKZupTPhQFcyyt6rmUYyK3ZChWWY/dkPm3Ihz+edOeaS5GSYTyw4eO35mqaLN53VBSRE5e1N1auL0/4mS9sL7sQ0A4PCRRl0yFIbu1XHUdTmBS/9ADi/L3vfc+kSJEiRYoUKVKkSJEixU8TIZgGQ9vWx7ESVeuTFoyTYnIsVbOiM2P9WhCb3NAQOCdFAlV2pXrQBhPzBGV2OhazToKbnimqUBDaKb6xM1YOLKT2bRjEbWDrEHb8MIog6d2fLIlpfwJgGH47rYOIQJlJiQ0i/sU5yFgty3hEFEFcMedPdKwbB9RbFN1O5jYav2tPOegPXNHZvWfPvn17ut3O+MTcsfHR2lcze2dgP/TmXrNCHHcZS9MJuVHkGVT5J6YXIsz19L+YAiCzZZQ/s1GqKtLQwIQ8TBy6lTrpDDQmFlhiXDefCX7L1Eyvv2lvr1cf645cvmjueMfYuuoPEMPCT3UQukoCa0QQwFFgM8Q6tI8tkwlWxNEZ0an7PP/bCJFqiQ1pFaezxU1LsEwsJmqTiZs5o18pDSNjVecEENkgduFieKGUWYWBxoTYnzS3ntsYfUQa2aJeN020Lyvel3e2ycaQtbNhnSBzRufC0I0lKIosR5op8A2iPmTi4FRAW51Pwd65oZVbsE0yokVnVZ/bSqeE1ndtYtzaTVy0uRB9JKp0HbY4M6WSRHGsF1hsiqRGnJT5jAeh7bBEH2VD7QSNMTruhBou8mAydU2W1J9YCxuGsmIO4hteaTWvQjdFHXsoKJfHG5JMg5qR18gkEKcsV1KPTjYVbx5c26GN/mDgedTwbPce4o3q5RmmEy/4sYLouMYDdujO7mqZKhKcVjbgtrHGOSNzo6qupHyARU/3HI2XWKHMhh/SvzyTJlAnOC2EyKZIpD/mgdbVVQXrZlyjMOccK1leMLslkTVBbyfZTo/PBvajLrDNKGOv0TQ6YME/mh2DDzCsleiNGpFz9oPdNrB8AXxZ1ZQ4xboOVh8OfLxODI74dHs0tWa3EVY1W5240Vy0+HNmc6rrgA4hlGiW+STQRcLTU6RIkSJFihQpUqRIkSJFiv0jNEAWy6aFjDRTs5fCF2p4K3WNSBoBhUcDDHxdRyacGXkPZ+wCG/KqnTPRF9QoEmbTXZL6cXk/F1Wu/I4PL/1stcFTnFlWxw6jzFFwr6RO9kQMvIqkG9SJ22SFWYN6mIag/QEBDKvmrmSSiccpIjZRy5Jcl96zDZVeosOBX+tMhLiwXxeyog7lSNetmj8KoKPyg7Ia87XfvXe6HFShyGDrvcq7mV5mzUiRV5lDATKSYFKREXIg8sEKYWY6+I+vxc+Ctbgm0hopkxWk5GDtxQ4bPUYzVlij7JmKHQouiWpCOCKXO19i0zO0E+l2OrW1+wbVv6/flaMxR33kqsXd0Q50XlYDMyEGXxs2n/ZClUVoWTPn8Y0ujs+5QcztSR0HaCKv0UQUtXQIfiqyTiX2jy4nmaNSlDXX/WudLxeox+k8soCQiXFU2gneoU7wzFHUItVG4CVC+5ZKkipvibaQoBNf0o2KklMPvARnTOLF4+h4MGPALEfgE+tF1RMYaY6xrS5v3Uc+zoCXFtlDSwJ9kHpAy4mkhFdgc/FG0MuDjNHsg9wGoa0atlE2HIauiYY565XQKHiVDdvWJ8E2C8PfNVsuxx0LyJVrykbrCRP1zUaVvsPUOTAsJY0xGj0Q3UbFr9xIND6qW7FexNox1ulwbmod/qlf+IYxXPYzWK08asjRmG5XTj0GywNZxPI0vYKTi+QEQY8CngLjrFQdNZIhzPTAqUN4ZLH8cAmS16PMWZBRnAZTBuyBuCl68BNOp+1bUYB7njLi6BBwyOfMKvFwMlBinbT1tWl7qbDDPd/iGVZF4G9CJgk/i1ifuorQMaWvhGVzpVOnZwdpek7k2BIXRrzrQ9uTCS+8zFG1U181qQIuV4Aza8ghw6i/EU5pgcOF9lZcQhCGd8z/SU6Du5iBfVbY/kBKB0C7C5NR9cOSru1cpd3wk60CHBFy9MIIzk6RIkWKFClSpEiRIkWKFCkeIlQvyz9bcfYdepFUaa7O5hbPS37dZYEauj97Ah6IKv3AebauMFIkUMiCzNZGAggbqirrGxtdeUEPjZ5PdcguWnv6WKKpabwiDvkk6Oxi+jQIBuRwDZtAwZcLxLBpPU8ruug9TSFSQN+qwkWFFMmbWeaWE66uAbzAr+OFWTpRlGGSj6Wq630zAxK32dDJ+oitYddZ3ulUgz4q3mhWORALZ0UabhGmZyynk1nmfEpo8r6KdskLlI4b0G0lxMMyKPYEbQGqFEVOlfkIaETOKeye5Il4LvBUMPuGni3L6s5Nu7ojXVMUR62cN+JQ6c1zzC2W9bOIuJGUmKoKSksssxvCrhVimxCdnbGJNTqD0MXgRb8cdaLQapJtq2mGV5JDEj1xWiUtpBF1Pn6eMU6XK0SuH9HPO62w1ZQE5AuYkA8XT8RTI24hoszUXs2kA0lIHi/5oBLveC8IhjdROMm7JAoXTIjbJPTn2RTFxvuLr26ZuR9sOLT480ELoPEfq78JG47lQg2fWyHFDdsNunAc/0zMs8kiw+MN/xzaGTMzRKBD6/Mg6TACxOxPwbp6p0JXnl0SjGmST6pSjjdP68g40+KZQ9L9HRM9mALSOnmtrpD229atoEcuy2lGiFOUcrnTwOF1goeN0DroNAhOSYoamu4+q62yXP2PNotl8ZzzXl1A5GaTU4YDeiYGI55Si0F2EzjlGG/pIPMYFFezplt7jI+PrPVOf5nLAAAQAElEQVQ9I3ga0AD46jlXpXB8MuE4TjsPdJxiZkSDC4x4JhMGjv1DY42T55wz+rDiiTGIlx0pmr0ol608evjUcovYg8kHUTgbna0S2r2BvUkphQofOSzsdvhAjY2mc6mzoCT/Bn1GE42c50lDmLDMgprCaPYWu4JzGCZFihQpUqRIkSJFihQpUqR4xIhzp1VQp5o/fXemhYzYPijCiLyBYIZjoGZ9Zb2yAAbVVm0qI/Gw5FzpbPRGUF1qJBACHBSLs+hLdk4UguiLwuVIAJQryH4YTTYAWkmsI1dQ1vEaI8YeVsXdsVuiDQZjBiLGRkBFENeRgBbEzDTMeMctmxytSYo3KCtj9k33gDz7uqqwoB9WMSTVG1NUT6CZHDGgLzKc6+3IhZOBjg8N0grSx6qzJKiC9BlWtyKuM9QnNF+cpM+RV7Emz5norxJYrMgzxbFX8rwgPfWumcFdG3cWRdYpzOr5czpWzlzDiHh+NonIkdd73QPNRDdB8ZYWIpTzgfC3VmgsKnSjKQo+4KCXgi4kYk7BUoal+ZGXKDVp/KBtC7XFDxtyF+R8RUBog2QqFIvF0mXGqJmBXB9Wi5g1fA1Ztmm02ArhQmwEO682BcpCizYylKOp9ObQItAHsQe0cFQ955R4iaYR1prGf97MOqshNM4ZmvVovtTf5PJp4eZmZ3FZY5oJHdGbwqg5frRXltvcNOMjp0AkqxIVzLoNHShwnksz6jabMUbV1+2rmHekLea72ks5QyPW0nzreUmgcQeEpoitzCFQii/+OkQ1hdGK51JrpoAiWh7xuZKAjNS21WUk4saBltgsDXM0VcNotrMZccTNxzb8uc2xBR4T843WOgzTm+HCyi5ao63VcVOU4wRx2fyJxOXiH2SbRovnB1Ngbg8qtzVH13B+dc7w3kdGLtxatiOXTwhSvlaIufYWfeitTgHixJjTrCa6gWQZCdFDJklQx84bct48AW52PuLRGhOqCUCnSJEiRYoUKVKkSJEiRYqHiea13rZkbY1ALzSAxDRCzviLUASjXJTXCioxFZJobQt9KsbLcB62jb+zfJUYbyaSY8PvyIpCAnl9WK1XSDrguLogQC5K6H3U6UXUQG/njBgCi8Usm4RYPRYFJA3OFlAsqkKSFBJIwdWNl3nMrD2T/rGZmcjc8rkjAJpLdBFFwDLT61X9ioSJWcC6TWw3kTMPIQANDWa9M9k7CCsmZCLT2VlIJ2//FkV4vqpwW8JzGZrQHOsc+HHmmDuwBTefUGX56vFK89Gx0Tg9HAsSwkelr3bs2Xv7AzWaqBydLZvTnegAhcbGZZ72EdDNlMCOo3KGgRGzykBpD4QiBIuQK4iVufnWmKhqZ9W3s1H3yaecXDtYqq6sjnYRGnRtlL0NXZxoERNi+oDE8mpnIpxLDFejYSq6imdZxFl82Zrha8awt0am14YZuneCFguztlE/tjI3LKFmII+LO/LKZcUk9UI41GxTD04AbdskmLGlC6axZCZ+J7MFFEKH1pUZ0XEw5iEgXRiCwPRfM6LIh+rY0miMuV2WbZn9MJtWOuyjGJk0w5TtcaFFhw0PHJFJA0+UknMx09NSSrfbLBkVyiTyRBe+OzVXZdGsJjOcsbJ8TJpQ83EejVH+rBRelhHrZ/a94H94OIgje3NqXEwWxTkGpoGx2CrWIjdWGTLdRnoShrM8CKltwHO7/xHb0qNF4LKeFUnGaTQNY8cSqmYbxxFOZOVZwT3K7DgjCxEeDj25KeHnNBy5IkdXaMPTgpqCiFbHE3hy4DQeSqaisTWuz2MdK9i5tK3k7xheQ/ozh0yn8xX8T/K3nBPANvEaPJmlyHJH1igksqfpIdZW3jsr0BytnIyRh2Ib/KdIkSJFihQpUqRIkSJFihT7BVI5VKcyGabXTXwbzUxovVb/xJm1VlWrhjggAFVnAqubHUp7Tfv1XEBjcDm9wHt+XVZmo3sjSZURnVsUvcr6IoIzLIAzxrYsQ+jNWyxGaY52JsTDsPuoJXPhIK/n4jJsqZ6e7EAl2ES6a9wcv9BzwTykOkLM2eQhkHMDT9HGt/GOrRd0jJvsln7OTDkwdbkr+Ol+2RtUdV0CYC6KPC+yssQJ1MGXdVWyFhFe92n7gVyG2ZeabayDU7SFJ6mu2WiUjhXRChXiQmgLW2bTZ9HGabU9Q3AliIgXXVKpSl6IKklYOc9wXTiWmenpDbv27S43APF54uHLHrW4O5aTzyp2GfqQVlUJiyNdEUtXqqKIFbOMaZGxOAsf6UaG1iz0NR8Qz+dHH3HTVA2ks8O6P0cWHGQyLtuINJrNYZtEhlHsFCfvB/Xu9kSn0GQE/5LJ5E53j7A+hGZLVVXxfngjkSkZchHhdqn5tl5tw0A6tI/ZhCiR1CwCdphajMfmzyZ7/7nj4ATQYRh5BiWPD7mgGqw8ApBrVNBhmFNbRdjDi5thlXSzOxUOexN19oKqQ1Rmy8wJTYWYEEuZ8nLaoPb+2AqDWzWLyTLxtqr2DlblzKG1BG9OLYDIvgPLAGr30O1gQ2PPRIOn2Po4eY60dmrV69oxyHZaQ1XyPLJfGD4qw+MIwd/oi4+/ejaeoHubjC9sbDbvyss+5MO2iU9ozo/hRwyD2TrUTmg5pSCkZmEc/OLZMALCcYYLwu6a7f29yLGNDFo0ojv2tnK8mLVNJUkZmLA/cQisJa8YaNiUpxEviStioVTsJqxCq9rrQTkgjycs3ZAHzuqijUmmpV2xooPrVGUZdA7HYFA5sqI2lAig6ogxocJ2L9hveZYMoFOkSJEiRYoUKVKkSJEixSMHO2cE9qWIRdf4VdbRpOMhKhJYWRq1efyJ1/pRQSi2wGuGf8SJ5SWaavp5xAW1yj8tE+g4Z5t3yJbMulVjVM7aFsyJ+2/cNZtnWi6Zx1IyI8pqJQWWJkCzuthaE9trVFrGZhtMe0j5HGEI03DSFxsSkMkReTYE8dgN8B3Q2cludtiCCVhhtOiu7+zZvmfa9fuDmQFyzyK3KDeuai8T3gloAcygsl0WpcZIS0kUJ0fNimuOSkyVySeZhGuZhtqcsuJNuynwgXCxSONFmGvVMgIxTR1El+zyojtiqsG+XvnDuzf2Zwb9/rLHH7ls/uSoJb4CS3U6XfiholqChSuqIObNhsyVeWZ2BDdsMYKFB2tkF8KQjZkFlkNoEg9xcr6Ri1JmlDNxJ3244Yn5tELMSgQ0KBUrFcJQiL1pPz6ohlNcaOMVyj1qotzTxOsouGhsIoXnXPzKNBPzG4DsZ4FBLZvIhgMoCg/W6bR7JoTNnP9DJg5qC452BGWVpAG2cuM1mPYR6HOzidkfhp94ObRQ+NB2okY7hHiLCX2OiNvGqpjBDCWI2odkdMiwrRvVyv6atU1MKKq61kScbZ1IvYdyLEGHbtlhkLwlYmo2qYhzHFq4VfYURwnchItmF2Z4/gnvWuYj4NNF/TxEma1JAQXQzrXHmigTbiUFWlJoaYvohQmY0w6oYZoc0yE3noqG8AftKqvdy8Oe7FQn1PCsEXGsot6SkdqQeb/XGru6D5K2cylfdstyZE8l9k0Bn1Z5jq7P+NTwohKXiod4FPAopDLCFp8/IXYRjbns7OJxocBPvKqmSrxBpuhYnseE+8ptMIfaYJYiRYoUKVKkSJEiRYoUKf5Doa/A8nKNxM/Km3S04HCRt7VFfmboRZ1mHbO21Kr0mDbmCBuKdhT5M/lHWjWUMPzijzo+J/RZXrlDyLRYk+xDMQi9GfNSTmH3MHsVoG0juJRjNSybtqwYo/ndYgbMkMLL0QtDCioSpnd99fmgdX1rJwiPScHsHRwdvJQXuZtPkmIb8sEgTO2bwfXyTBvpEWJnqMBWIon9Aq/3lrTCDEAjlGWFIGmfPdHYxpGY6DNsOCNbURfqWuCrcxXBYD62jMRw8M3/n703gbfkqs57995Vde7Uc0stdUugGSwFBcyDJPD7mTCFQQIHY8Bm0sMYDwSCYxDE2I5DTIz9QML5YQPGYD9AAYLBmADC8ALY2GEIliWEMGIQkkDz3OO995yq2vuttb61dtXtbgmBWqCm96LVfe65NezatWsfzn99+1u9p7Mwwx51hyQIWAbHCNtNGsLd05m/Y1/7jWtvozOtm282rp/bsDBH29N+XBZL7UxZRBzpkqWGIZ2md36wX3EqBDU/8DyY3Ii3eaMrA7xJYq+c4ZRTtiNiQXkdM+MTVffAwZzI2xUFKauzZImHlywjn5QMzSmc17Ex0j7HpFAcjgLeYJpgosEnII3ZmhsrW10+JohTQK21ASACXiV3hMWPDYDOd3I0gJzK8P0aNpzyAN1/v9H0+YPBu5w20wMaNV4DO/Fg4bd4NLikaMwmOdYCm17381I3qXN26dArGaFiy+M5KI7xq2S2H8p+9fmGoZHPxBxUWsBpAFZ2duLMfDW7JUdhV2KvjjlJF+0ka47Ih+1zDPb1Sadq86CWg+nULWjV59skUzvObrlJfR107YO2SRw5lB47/VjjC09j2KwFUpPLhtdYf5JBs12nXrDkAeWjMuRKujk55/RTK+VuFD9qSYTKx4lMmerAz5O5LKaBOTj93anTtkPFWanKAFJtyQPJHVZasDHap2nEYJbscQLE5hVTSfrDqV5bujAFcYNyJUqUKFGiRIkSJUqUKFGixJ1G1owpFzBZl4JmW29tW9uLQerlsuIVSDdVYJ6sFl5Tlom/3modwJjPrbBEvtjDFHmMJcfHx3d8ZQs4fQKADj5bdIqFtFPhMKw4cfDBUDkNQNrrSmNgE8ao/K1ev8rT93g2sohYsM7ru/FvMuiQFCnwZXFFJ8K8BGRZJUavJsEftdDMNi3etmvfVamdra4kxwWb+Iu8Ex+MAS8DhjMPiERxewWaPkDDK6u12fY5gu5K+UL5vXg3c/lGP7oZAmrBrxMQEK+r5h6LIkietbOu6zKQYXQtCQP6ua7lVte1C7Xz7e3Lq9+49ta5ym9cv/DA47cuzNU9O2/3CpQdNL1eVdXin9HDHiOaADjrKGUEOOPeaY3qGZvBlUPuawwJiQCkJtLAw3R04l+v7i3G+Lzz5rCBA9mWwOzoTEt3qFg0jwXqAxjCqDDSfuGhJPQm7h89C3YZAydTYOdGUlh2eta20/0LyYxh85UcSXG4ekAf+NYAFV00HMv/xQwVUx4eechhLsTYtsPgYfHDGE7pe7UlK44NNFvCMIJN5sE4kuVqWg7LQapUwWg+504sGaPrIhxyc/tdus6Dfv+OkDZLmklV/cGZa1DwWgkvJ2k0ZwRjCa+Tnn4ABaeIVp2d/ZDDkeJ4o2l3ECfn+8CC3JAfe1QsTbLUxFKSaDA9kZ3AcXYSAjZOegtG18Qt6GNSBbZReUxPnDoKNgW6BKsgn5uaX6Q0ZHdzmlTmEi3SG1RwnbSiLvrSUotOyxKy7FjdlOxq0QDn7I7ojNJLxwYYYsB+hROOsl4FaeEK8NiJT4dcX8KEx9UXuPfo3aau6YOi7UdCGwAAEABJREFUFbMnbrKsXqH/GI0HyXYGm/VpLPGnnY9FAF2iRIkSJUqUKFGiRIkSJe4yDMVBTub1S7B9X67EkSP6kVYL9qHAgyH7dRh2E8WbfMtlNokaSzA6UCNmOY5SaGBBk+6BYIr+yqBklgaa1sxHI8tyAF1x7VA1zqCHasWc6qnTwNhlCTMUgSDgouUKMHdWoxBZ1C3INiTdxiTgqu7Fv9EMJyJXv/NevUaF/gpjirF28ajFesfGuY0T/53l3b2fNJN5IsYEBCpPv0zMSzoBGkoSnN4Ehpax9lWE7llKcDEpF9E0vUHcWQTWlZJl7BFUxoj7WUlhKuB5amjbtXTeruWAwprXTxNWj52wdsLKsYqhIqAdavr1QkzT1Ny+Mrvoyhvm5+rF+bkTjt3sQ726utLwrtzbsevRFS6TFu4x/jkIbYfFqLiu6AiKfNV5YTrMVOV/qhw1TtdzDwjOquWwMDlwWf49MKNkFS/5JuWifuz6DDDT9h2DMfkf9U0jLqyQBPK9CzDbiKPag2KqIDmJ1AsxBO7mleuVG06hMAywyovtNC7KjVB1jCmbkgA3SpKlTxhw4ciiNoerB/QwE42xZxrSDC5lK/s1O8qYWyN3Vd4p6RgwaqOgyMysGRA2i7msqQWvVK1u/nVKIy2+xyoBaP/zjOgUMUMYa1RcBnccXQ8eGr0oMXfHgfcfp+azI3OWk4UZ2SGdX1RIkym5lYfWim9i8o1Jk07O2RqQ0TUzMBWy6TPsDx6QmyYxzF/QB/tBiY15kBNzvACkb5FwVCE0k+7kbMGMLnnpgbW1Xi4mzST1B7SCYuztHien8758+gyfkfbhJbcmmhy7ZuMLSRiKzzLE3VgMkt2lrfFKz1m4LPMFT0bec5JQcqWyzASVdUUArp7RwvJNAC7UHp73mO9D1sbjjnpvk404JWG2pUvEUEARS/mgicio4aOUPglyDi+pFTVcv1kC7iF4Zy9s17q+jsUGukSJEiVKlChRokSJEiVKHDwEsgLDVUnlcpG/d+r6X58G6JJgrJyXZeOLvwmw5Fv8yBAB34XV8UADX8ejqsCqpJprkcEpQMFulcqZtQGQz+JrO1RXgm+ECwMaOqf6MZUSgoriuz2+kSuTVoahlQ8FwdYu4GetDxdGGrZg8sFka8rZBYMRokchQPCHxLbPzjO+7ZyYZwKq9M7PNe64LYsPOmX7rftWbrxjpW+7up6r66addcQ22AXatHwGI8RfVK6k63qu+sQCO3QfN4HuWO1DU7OpBlS13qpYCaQA8NL0gOqBxZejm83altHNpG6k8BTr2Fht7fXOE/FY7vycm5s0aZJms9hWVU2jYbWbXXbVjXNN8y9WdjzguM1zc4vsAN23ka08WqHiDHalNGK0voPmPKqvCcZJgrUFQxTNCTivu3AVR2ei7DxehK8wEApZWohBBMIbcKOhF0QnqKd3suSBeqjq7ZQh0Kc+L51X6AyGFjuwJIigUawyCpdXYTVcUdUfRGkSjy5RkOcffVZqO1W7Ds9bsmpqXr0CXHJHVBymFhyaXtEnfsyg/UgmrOsC3FqN8JrhnExJi1lNcWUK5lEMg5hhL0vOubFU2WfsLMfyxp/zj04bawYzOTNkB4rI9qQ1A1DXBdh7fiQittN5rP9I+Eu2SlhvYJ0iRW1xzoSpUdXhZpmEX5ouWy/UUGkaLSXQZxEkGlVTkW6K2o5s1eQt8TgkU6PJpHU60u5LZjwS9OcE0u3xwSA0VRF+gj9F/kxTAXleNIGbJ2tmcHlO9eZ6s8VqI+u0dQGFmFjgyM4Pq1RyAtdE2MnlnMQwlDT1iVaBoKOWIR/YW5JWVlt4pBlsUNBkz60Pmg4IPvcYRoqTPGrvkw5ndutP9jmf1IIDH9GR5vlOWsHaZ1/Lp6RPaxMzJUqUKFGiRIkSJUqUKFGixH7h84rq6MQcQNeH23fi4d8xKTD91/CN22PNtMd3WG8gUFwHwAMYV3oTxEGFtebwIzGh6rTcgCK8d9kgNBMc50baQnEQFUaolMDQQ8hCNewRDCDKzvhtACb3gx5VYYVIdKXeVIpZxy0OH8Z5GEBUYNceHtLC7VWfyxwgblioT9ux7da9s/Tt62/atTxruybMsbROBWe9MiUxZ1WBL5s098kFY056yVomUmwz3BiI+Vw8EmgELalAPHjLriecTb+o6opdO5i8yhGCcm/hIsQdfNf3wcdGjLwrOgIx6tTdum926VU3Ecju2tkJ99ux1PD+HVxDAEB4/zYpYJUqkEEZhpCQEOGWwgYn0WnT9TY5gFr4q6wZm8FD1OhljbvgJZdZh67h95nLxZQJmpOymNGvGSx2gJQxXKTeSMJf8sjyRsCVcztNdGDXqC21AWWeNfBGyU+JngyozmW5o3g12CF9lhYeSXG4ekDrvKfkLsNB79faeJutwvgdrbDnbKwr4cxjPXmVslreAoQ2T7hes3CYoYy2psHyID9F49YCog5cNrcHJklschMyLrcJN9NqhbBBr1yWZLhoVwsQicSOMFwdxmI473IBPRVsW+Jo8PzP15oykJa/o0ie7Qy2XEA7yqTU+pnhR4sg0uiqNSWIMnwp5bUvvrKSrqo7NrU3OiCZY3XsdRbo+t4bgE6jO+IxQ+DasFzHaXv0gEkn8KDqaPn8UFDMnRCTLXjBIotovcQrPsD82Zs6RvVEyUk2PUQaJimXOb5TKyLx1Ei8tMXmQjlahUlOMwEyb8qVavaRa9v2Ucw0ZE2NGCk5vXG4qZHr5KJsK6dfZZVPXTux2nLivX+ELeYoUaJEiRIlSpQoUaJEiRLfRwj7yKpNfLPVr66sVA5+9OXeJwNuCFXYmRDOvhET2Uij5cgMAk03HNmWQb4lOyjZopG/aIhOZXNySAUcOLmJnYFVTDAtmrDkXMbBIUFk7bQ6YWW+EHYder0Dgh6t8YYoTXiqgg5QQ266662YHs7EIlmlMT6pktuNGCasPRxbas5V1bEb1/3kKce3M0LON92yd5X2ntR1H/tZ12OJds3WF76q6Gyhl85z1GUOS6TBMZKYNYOoV8YbgJmiLikH3zS1X2KHDA5uRcuytaqq6smEBebJvGq9AmgRS7Nwm65z1jLC8FLZkHuobqgt1+1cbrubVtpuxdWnHLtp3VyAEwu0cQDzQszhTsrr3bmqVU9t5aP0ueQgbDeAj4I3VaEAaFNBmyLc1pq76EYiybz8PXItR2mFYCoB9tBfBogMR/r9POI9zG2hj1SNYNJshaUtsETebMrNV9ZknjHpQndzc05qQoIBEJWw2/g0OghIbd6shvmOsDhMAXTWl0q2ASwPsHicc5AtFfoGm0HGOQZJSmBsu8yagxs8MIbpdDisoto8ERuMlpFks07GhZZzgTJ13DgvLNRZdi6ZVDnnGUdzu5fJABk0D0jJ9VLT4LluqzTsZ6fMm20ZxKOhDymatZDDFKszKk8Wzia1PNc7h+PbZGz5x7TfLC+EO8vQZRFEjyPgaadJCwDa2UeIPKlcFJemwI5XlKQ61EiL4kEW7wu2OuI5vYfFRJAJqAIRTlGdTGCzlHokIhX+4tMO6SkUe5VnPYoTM6/sENP/XmYSz/ZGmsxMbNcU+MS0M5spJV9JUT/pCp1+ZG0INjeVu0fyDDc9YREH/d1rk+Dt0su94pmX50TC2VLbADAcn90d90RUyXTS7pAywlxLNoi62vFikAopUZnBclFgdJv+58XSqvDnEiVKlChRokSJEiVKlChxZ+GzZsyrHaR9/YftgH6DT8FWT+viYyUJtmI6r07ufewY/rGDb4fvw0EArkrAPL5GJ1Sfin022ITeTb4+AwGDb4ysF4TpwM/TvoYnddjlDWDU4KSAn3zVD4aenQpaY/Km8vO2WFs1Yrk7ktEEfE3v1bo6xgHyKDwUR2aQakBXjpBUoyyyM6HhSRY/z6f0wGO2OHEWvfTqG6eumjST6XJquykdeG7SLC0szk8mfd+utCwz7jvl3Z5VyMydCePW4vWQ1NBTtHU9/JPlyz+T/+i9CYf5bZY9S5UvTy9Y0VzXk6Zphf07u3eZkcmKcGa5rSC2OtAfYjWBADThkel0dv3u2e5v3XTHvtWVM0944I4tm+ebirCvEycTX3eCunuV/orYl3F60mKLhm+9FiUTYXmPfsfqcG/ECa7hInzWARrSkCIR3C7aQdTVMn26q3otXxZQOEu5oTE7ORIRHxFKJ5h/KxtWtbs+Ej7bCwjYAWwSFCNd1PX4OVVZfWjSS61ImfQ4bkh8QCWeDF4P5zjC4rAE0CZaNuehtc4VHIMyWIeBid1hFON0jsns2Sq9mrJ6ELHaYIUXh6Zi1AAhmcoUEmBtVcbAenZsADdkeU6cTbl+vKLED1fn8oBUn+FoZVqDaofpp94ns5Lm0Sy2O7xPDyNgJebeDs2CaeGb+cLVq12MoY1Yr42oYF4zkd4pINauxPIDpeujx1U/MHjWCBUWdqBuacqZxirAmUksrb18jCg+F+9qTpeJ7xQmD5lDkSKlGTSpzVTU2nsClLVSonxoRZU285SPU6MeI3C9fJ7h1nmYQUetSYrKvCriphd0/LoKlnaLDJG9rCiR9Kx+OENpLJBfxkrgOoHyaYeykvjgi9BcyySaYDHFKeDerK6cWI/YR52m+8RxSnz3a/kowKXpeiEP4w4nrub8v4Y9suNw44ihH5lTWokSJUqUKFGiRIkSJUqUuBsRzZJ2/19AwsviKykYlUIwZgHMkCu2qSoQdgci20qx973yEnjoKpFLLOo1cS4QYVIymMEDjpFspTBItEENqMFgeJlMZA1/YQj25Hs0VM4gOSGpxFadoKOt3/agkbgglpsFc6FwXj1DZC9YNZg+ENcHGKD95FRfrQQ6iCGzV/krpH7AOyG0J29bP6nvt3XTupt2z27Zt+/adrlP/caFhR3bNs5NJiuzdNvuDiriyMLxOhiHl65m82JnFbZM5AdFLuMFUBtGKFz30QMvaN08j7qQvqqryWRSi91z1FXhsGBWqo+gPdvUxRmxl0bqHLKSr6krItf7pu1Xv3vbtG137TrmwSccfcyGxb7thUrUoW5cnIY0c6kjSuu62rFTtuMzqc20M08LCOajCfUIkPsOuQMDaDZMXGZl2p+4bUDCPJ5Mpyy8SDzNo4q79dC8t/IiZ3BM26J5BvqfKPOD15HnBmbo4AftVeApXQxFYogqPfQoQBbjIHdW3G2kL3PuJILz5LODQ0pHFrQ5nIsQ4lUOf7A75/OoyhmT5NwYWFsaL+UEyXCWtVvud2CljvlH2WUYq2bNkQcbZmufNcQ+5dSbX7OJgnGXxdbDOexpNLFzvmgIi30yPa0fGmXHw3SuSmenD4mQ9cHXwq0pbmhbKKV34MACjOH8cNJJJz7iX/2rBz/4waeddtpxxx2/deuWhYWFjNVL7BfUmSsrK7fffvv111377W9967KvXPp/vvC5737nu95yGoDQbjwzmspal6XYfMZzYCWZ1j5iVMlLdU0AABAASURBVPEne+zp04XX6WDjch9KlChRokSJEiVKlChRosSdhZEwaJrz10/jf0aHFSVA6hW0uhHgRxq0gSyF4q+lUYsAKhdxWQHrhL1ldZia/gKOGBoRaZcK/yDjYwWXaMUM52nlurGoNnMbP7LUUFmqMXJnrh6gxhlGKuyOuog7L3cfYJBSRBaTGcfBweXoYoCBr/HjRe+6lFsdg/sU4sJ8uN+2dUtL87fu7a686da6X93UuOOPOfrU+x9NLbjljuXr71hZabvV1enKyury6nTadl2EGYSc1Jagy4J0CKEhxIbgT7hrgFJQ756cn5vfBzUppdfzTdOFitXRFH1e2+4UmuKyxIXas220I2xdVaFpGvrNrPP7Zt23b9rD8uWuf9jJ29fPBfiYVr5G+6QZwfXeiyK6B7+IfkD8XhkwDw9Zp++1Ltrg6FoNJqcOQj5bJQ6upyrUTqxWs/uo9gguZDyYBzbiszE0JKb8VsieqoYNB+Q4Nh/PRRbXPkPWcz7l5ns/qK+VoEsdNdGQpmSI3WuRsyMmDlMFNP5RKWieNJwKR0cPTsqzx5jJ5inVy1gbK6jT2m0OEt5lhyGXAbNlSNCIpMMs2dC2dSM+A2Ub0GtsNoZzmxVGHph2ySnncpx34/UqXnXX2h9ZXD3qIS09Ki9lFsJ0rotZMupWJK+5qeG6UT+U/j3pxFP+7b/96Sc/+UkPfOADXIm7HdR7ixLHH3/8v/iX/+rZ7vn05re++Y3/76//+n/+1V9eecUV0ZKW+ODKs6B84sjtGt0RybqG6GNeIdT3fc3Lo4L4/I/SsiVKlChRokSJEiVKlChRosT+kcb/Km72+S012VCUASDhRXQ8oAh8R7WaeJk+CyT1Y3mdskEvSlWnVMNOn7mxH8Cx7Ji5tJ7OOz8S6Ylf72hF+YjUZBGdlc4yHmgXpPwELVUZNYusueRdkJJVZrQKXTU7iKioeiwdFOipbtmG8hXRhEokyFJ7z9VsJLrUVIvz81vXh6XGbZlzy9Otx2/fdv9jN3dtd/Pte4+5Y2XnSrdnebp79947du66Ze/K8qxro8l8FeQnwFqYIZsTMXpf7gCz3qwZ1xwAZJBEDNqurSWgaSfM3KU+o5+BNnA/sMiaBW+9Y/ePuiLATDQ5RLd71l9x8z7qtsW6ecCOTRsWG9ZI+74Wq9MEi2ru3qgq0GD6Sc09ODdGvAZ9rT5kGu60yLtZQp09Bpx5hug9UWKmcCz4MQVMg01BHtB5VCqrC4DWeZSYlYYNbpdypcO0ZoR5/S3agrTMOAsyKAtHozN4n0F2OpBl/9jHYaqAxvyl01QaMLCzRSAo3irv5KTCcG91cnBj4Auj9NEMeFBPcB1pSc+UWfea1o1SHUgQmsp69Ij5NbYXgxA6Pwt2jZaMkj8wZbcLyeAc+0TL07B1smwT9AlzcAjyaZjFEx5n81LG3kiISalWu5TgB4zu/MMf/vAXvvCFT37yk12JQxSnPeCB9Oclv/YfPnHhx97x9rdd9KX/451Zq9gg8vBOkbuCkZKwWsoWA/EtC2LbH2Ti5oRh+OEk01ZXV2+++eZt27bNz8+7EiVKlChRokSJEiVKlChxmIQyZV1CfUAoG1ARr6I47JiFdd5nkbMZNKdB3ZZg0+xALypfCbBIaa2YLqWkxslCk6PsjpOyvfDgwqA7OIhS5TBB39LdU1bfSaOAF40VQ9hl6j0nZCjB34LthB1K2NFv1EBYSkk5B8NkrB3X2ooCW5K4RPsQskrRGXdk52RWhvFFM5qlPef4sHRtTXILi/XSjq0nHrORCNT8XDNXB2LDm+earesXbtzd37HS7VxaXAypY/66nKaxE9kwpMC65j14Xd4uhhzo8l7RvxiZYvG6gx2oFs3qWF69Sk2cn5ur6pq2Y0nyzC4Jt1IJEluXQrRMV9lVvNiazl2nrq+oMc3err/yluUqXkdvn3bcli1Lk8rNakarvktiVB2kAKWDu0W2bfXi7OwHUaleBtxSg1xdHBG7gObD6gJDQpqrNzE484l2pvt0PvtreBFeBzYlUck8EXUi6dCqOlP2D0Daq8xfkHeG5kP3OOfH0BhqfojMq6qKI29YeIQoYXP5aegzg9RUTigK6MMiNBWhglEZGlKbTcq6GYPOmTLLUekwVjshMdkdOxX4/U6w5of9p2Qds36taYu32W//bTVbpRsdCLd9vqjkRuf3waZIpxX5bFlBMhOclD8QhjzcYOQ0cG8/NMBhbtLFMkGeg4OF92Y/vX3H9lf9x3Of8YxnuBL3Tjzp7KfQnw994C/+8PV/cOMNN8iHJYrpso9/BSspSSGIj1YvI6KCwbTj31XsySHVBz0Xd+jvVTsh+tz6whe+cNFFF11//fV4Z8eOHWeeeeZjH/vYyWTiSpQoUaJEiRIlSpQoUaLEYRLe8J4ziwrY24Kr9n1ENSUHNCnVlJzBiwgD5pTM/zRVan3KgJC/w/bRGGEarb2Gyhbw1mejg0FI5UdNYrxqulY14kgDRXbD4uGAhnitjwhxa5Z3S3ElxdWDGjFB7ZW8GWk4lVlH1wvCjIJ7pV5ViiPfXsLTUgFL6kUZSE3Wd1wQK0Az1lS1jzXRm8pxWT86TDORN1mD7KazWe394qQ+av0iA+8w7Wdtu35pVQpL3bZrz76VWZRlzuLr3JuliDIfFiCKtQlx1j5aSkGUkFEVuklqXzGGnk5nfcf4Z06YKcvIvO+0QhXD0+jVu1V7kpBtH2fTNoS24iKTsQ4N94Xz0y5+6+YVF67fN52dfr9N29bPU1NiGwlz0wmqugq1n9AN6atuSl3UJcD+YHgLSYQIq5akd0nNR7O3rZd0QJJxJPbePvRyKLqZVR2EUINzSd0s3phRFwGRSmyvdSgZF2OLbTcoQzFm1eIjci/pYnQue5iS298hXbBjyKp+SOkBoHupCOnGqmY1krFRJvUiK6kk6alt8V7ENffZOGxxexopn7MzgYlDnZkVrREYG4S1cZLnsnwEPxpb3o2ygMPAWRMH18sPLFgsLjwsjCLnnuxHHDTZ1JAGMp2cPVlItlhNPb1Y23htY9SEQTa1RJDO2jnV4tMaMh7NvUaSM2v5s30w5A589nN+/m8/+5lCn38I8fRnPuuTn/37Zz77OUFq5kZzspdVPVVAAUOkGBzXSJRVKlHyCRGZOymCixUd99aMdumll772ta/9yEc+kukzBb3+5Cc/+brXve673/2u++HGu9/97odJ/N3f/Z27T8att976mte8Znl52R2KoMukS77729OpqXMoN3D55Ze7EiVKlChRokSJEiVKlJAYmQN4N5YZy4uUq08FJbLe1m4r4wS1yAfB+l11P85sbhAc63G9/gWQ7YMxPxR0C1Jlr2ZSp34L0O+aRBXCOj3rSIaH01Ui/zWxrJhbGvkRyG5nFBKtf/i1vqlC28ASMD2Y/sEhFSvrinZvrBlHJeQpdsnU8kr+BDl2XbEaukq+EuMM+u7eEdRlsNszCxY/Z0iz5yf1xsV6qXE1cdq63rS0uHXj+s3rlxbnJ0FWrUcBxfRPMqGu1ktET0j7HRycUaDPFOHcJpYLp77rZu1sdcr/67qO3pw0TVPX3PQAOqq9kDIBJrpKu7V9y4UCK/p5rgoTuqpQr8Rw1S17L/72Df/47Ru+c8fKcmwCHY/PBYali+lpd6YUXilVFt2HkO8nJy4EgvdJKjdKKcFkHrdqtJHZmBtwh8/veT+S8we/RuqeTPDp00jyaVYJ0LOaM7W9o6JP+zkr3Af4NjxByfVC8VVsLn/hx7EgH9BdGxAO0K0eAXF4KqC9pLSyphdZJvETGm5u1kHLDsir6VhEhmzA1SNx8mCRfydj4U5QNE6ph/UjA+WcWbNHwo6RhkUHzqWRQpqXU+iTgIQT52i8z8lCHunwORoIY0bFyeTgdmRN2Mh8HNJI/B8T5ljul354cpAsHPl+JEKKz3/+81yJH1YsLi793uvPe9CZ//w1r/4NzLS1fnrKYhOs/xm5dMgHj6NPs2CFBWBYFO+dlNoll1wC+kmfSo9+9KO3b9++bt2622+//bLLLvv617++a9eut7zlLS95yUvud7/7uRISxItf/vKXP/zhD3eHIogmf+xjH3vZy17mSpQoUaJEiRIlSpQoUeJQBVwBtC6RkT/z51Sw4gdi6PLibzUqdRARe7HFiN6vMUE1GeBI2ZqcFY9LXim0Cm+lHGAa7DRwCNt4ICkD+HaZM8cMfNyAoUHKndMzmq8ldLZeJa3GhEZdYrtbKwdWlMatggYW5DYFAF9GvnLMCCJPaFXEZLlkoHZwCLGSVkWRb69f8JsWw665cFvwRJ03LMyLMtn3O/dOO5hRQHMZ0IKoqltVfIvqWW9iPgW9YBguMmLB3nE6naJzGbI7Bs+iQw+9kH4YUPRYVJ1QoZF9v3tegV3NxSh0l8k6tWLfrL3q1n0rfb/aV2ceH7YvNfM1677bZPzbiBd3M7Wvc1ag0mVylYYRKI1S5xAtOZh/yf9VeVz5LMSkrXlteLKSmDpEpb4hfjIcF7xxL9zIZHdZUifab1JRK7jkBuiYRsM+uSwRFeU20JxXjxpncs5BJe1GFHLANGiXO7LisLXgUOsNl2+mhKFf3cQydpnColqoz3Q501kF1GumkZwXSW7/uc52TeOfkts/tef8/hppm7lcNnBekwocRrQzq3iM9qTlAJzWM41sFjMgY1V4p7U/4gG2pKXIomNyo3yRzsRePIbtjCmT+YX5hT97x9sf+9jHuBI/9Hj288/ZvmPHv/vFF3btjGZ2nSil5GCeNNse61VkhNPnTE2TpGRQA6PqeC/k03bu3Pm+972PXhB0ftGLXnTCCSfkXz3ykY/81Kc+deGFF9KH2Qc+8AFCrq6EaJ/f+MY3ukMUxLKJPrsSJUqUKFGiRIkSJUqUuMcxcqc1mpcM2Cl6gHWFYr28+FztFMwpwQ2gL4Lg+QEimwGwh8lklqCKAhX2pPpWlhnCOVpIrkqvePfeZKcuq/Fw3pQhohcrhx7bZC7swwj7yH9RZLbKTYJY9iYtlSVKYxFZjyTAgkU9kJE3JS3OzfuxvNir/Njh5GMNWRJtL5s4g0y72Ff8pd2jaKPKjaUfFifhqA1zy6vzt+3as2vWzdf1xqVFalY7izv37Zt1UWWVEWjLZ9Ph4AfzlFFJvQTjEH6zxjld37Zt12FRdahqESz7qqqJQk+7tve9IiMwYB0esqRfQPckdX0Sc+6afT3aWO/ruqtvm+5aviH0rrnf5u0bJ03l6QxRdeqqHqdmhE4WbOMuw2XaSo6ZzB5mzajPlrKGcizgVMrG184dqyMVO2CEwhdFoLlwb+kilIP0Coph7Kw5DlWquvwABKmj6JQwoj6c6jq1hdqYCIrN9SbrEKMNZEBHXSHgM3zmgddLz/LQHHuBHClxmCqgYcrjRjJ45/oO6Q1JncE6ZqiJiSyacyaiT5n8puxWnp0wsiUQnguztnBI/nlju6MpLDfal+7pAAAQAElEQVTM3pMJUZeJ4FjB2jnkCkePkRtgtaSXhlyMk3SY+nggZxgTpb4C58oCkiveam5yRqxHPsrar4kwXkvRtZ2TZQ6OnfDZ8jz2lpbJ7ZQpkA63sLD4ngv+30f8q3/lSvyI4tGPe/z/+77/8UvnPIeTlepWRYBZUsqS2Gx7KTwoWWa2neo9Sg0HSWT6cOgJ9N///d/TpxW14wUveMGYPiMe//jHE6H+3Oc+d80113z961//iZ/4CVeiRIkSJUqUKFGiRIkSJe6TodxYMCqWQgcV0gatCiik1Sd1Y4bcFHwiGFrhX1QTdigmGNHNaKu+CmYKmoh7qrsvnDas4GFS3ixyWGakvTcUKedlvW7lzewi6wO9iQXZaDr5rHJ2qE3nQk3vNICPVV3Tl2SnXszMUoOUNOQr6g1WolHBgT8The36DgJu50BAhT9i0XHPPhFZ5Agayldai2SWi4ypslGj65XXC7ytrF+jSsgE8cSqV7rEMl46/Fzd7Niyfi7Ey6/bQxiaGr55Yd5vZcnzHfuWW+pkIux9F7xUEYzJ1kerGpNBq3BSZbfgSVg5LXdr0jRMoOl7vUs1/XJuMpnMVU3NTeraiLJSkbqtTlJzETUApQhiF/vZCnVEFRrHPiGJOC1dlYDlm5bdxVfdNAl9XW3dtmG+CXSINOvjjB3EPbe6Y5JFbWSL8IpXcLeRQG+TaBPqBa9a9MTVFHkLqfEIyXgA6WVdNhTfMBqBDE8QYI/bJIpkIH9x9q4wfoLXmpbiZIKel7EbKvG9TpKkqMWcVsahj71iQLFSkepxkI9zAkEimEi8l7EqoznFzPFkeDG1J+ScUxZ9zKJ6+qlumq7r3JEUh3PJxTXS4YRMh1kXeZfTZGmsLB6AtQ5KTenFsfh90C3jAQ5qI+RHZ/a2iMN8gyTJ57wdOg266exGndYQZ7X3zcmxoVXZEtpcPXgKSDBTR8INebu8O6+YyJYM2iwYHPkMunv13MmpuOGysn5cMpB4XtPb3/aWQp9/5PEvH/HIP3rbn7GLv6Q6uZau2EpppV3J0NbBN001aepK7OydmPQzkO4P/Vx28cUX098PechDTjnllINu8LSnPY2aRy8Ord1wdnlG0FluvfXWg24Jv+M7s4ReXl5+8YtffNfHob3yBnfHN5k2oM3GzcvnpRdPetKTrr32Wnr9D//wD4961KPo7NSGbMr8l3/5l9g3t4T+ptf5UGOvZ9or68rf9KY3jX97d65rv80OvLT9DkKncwd07EHbXKJEiRIlSpQoUaJEicMxjF6ksQ7Tp/03wdsDXWGQZEpPE3mCuIjrsVQUBIIW62EWyzKxq1gpXMGdIuhLJd1iOyp19pTPZVEdhLiitHMqsFPZdG6Ax1n5DAFGGIT2JnOThr4kN43aMlf4uuydGwumM4nJakGlwYxZqL381ds0hk4ZC05VI6qqbmqYJhsu18OOu2Nwlx4sO7x1q/6OWTR9i2+5xuDC/NxRWzefsGPzMUdtWFqcr1ggONm8fmnjwnzN3/eJixPfVbNhEUJTwzvCo+LYKYX2govKn5UVQQgpvV+Jj0eiHabtbHU2o79nbcvVCWG3Da9luSNDeP1HuLAYeUSixhUbSNe8ZJto8817Vi+9ZuclV99x4+2rqe08ZSMi+3ZQPxDOamPsPBuMpophukihO2q6+E8T0Hai5pZch/hnZ2myHw1FbZ1pjelXvRMELLed9uQChBGCcof+MasNFl3rL0yqKa0gcsJ/uCf5IlnKl20yoKSO9nxgKKFMJuxRUwaAPqdHhixK1sPjdmsqRQe0OEQfetHgfToOSwCtc45Ni8n8JIwu22Dx+/mOJzf2zBh5l6sMeG2YaUvytpZhbSP8+I8mMfL0bQR6rNEeZu6Mpu3EueXqJZPSMJ9mQJ3/gsW9GzzRkWVTQ6F8QlsygA2xxiQ3JeTG5x7LqwNc/H9+/78+rjhv3DfiUY957G/97ut4epdRgQ8MfGbTJx3RZ/q4qyXLWaFSAko3iL7dHdIgQLlz5056cfzxx9/ZNvTZc+yxx9ILUNdDEoQ+ibeO36GDv+hFLzqQfhKfHTtU0I9jBk289SlPeQqB4PFxCBCPtyGkOzYP2b179/Of//y7qG1Iv6INaLP9mnF3yiHSXr//+7+PfYnpH3XUUdTCZz3rWeOuowvfDwQfGAe9LjrOfnyZTvQrv/IreTP68SUveUnehjrzOc95zvgg1JPA5XfdZleiRIkSJUqUKFGiRInDN5JzGfMNTGVccCo7FThTjur2ShUEDDo1j3ZD1T4JBc70tXXkyKzcWs1Gc72rjOj0L3wFTnlhu4W6eeRyglL1r6pr+obsa31dNdBuQbzlrUCfLWjPUBPWwU71sybyg544+/gqqVYCzeX3Ki7d1zR8orrKVQ29rZJHB6Vg2FEwzgCxVGU+8iNW8oML5W/9C/Pzxx214bijN23dtDQ/18w3YdPSwpZ1i+vn5yvGrKCrXLVPOj+qmJGxbi+XM5AmW+6f1IvDNLz0i2nXTmdTihkj6LY35xPtG1tPj6uvOJcQPIocsqlIVBePmiF8E9I0uu/eMb3s2l1fueb2G3auTBmmu8oIGCuCpU8wZsSiAnprtFCwrA40UWtmvxU/5nrKvpRBe2XEOmhxKjhvmBYTlE3INZc4NGWnGgFAmCrlD9nOVK442OhGCsSNczTIWPTC4EcdPOrimNY8P34wP8iMGgeUDjyyCPRhCqAzwDUF8zAr5nHhnB8lIQ56W0c5CZsXRvJnnZlGdjPDKZ1L+xNr/W0+lHop69Q6bry2LYyfhzG2dvo42R7IA1Z+SDw5czrX+Qli7gijJj86mrOHYZjE9Szjp9EuB5s+57k//3+f83xX4j4TP/e8c376mc/qNfOGjw36yKvmJdMYUNpXBh9LpOkzt8HHuzu0QR9LeLG0tHQXm61bt865Ne4y9yQIjH75y1+mFw9/+MOJ6l500UWwVCbG+sd//Mf7bUxk/BOf+ETehuIzn/kMXhBIJZhL5HTDhg0XXHABbUNbgqTTxmDZRGPf+c530ouXvexltAGdDpUD8wYHBo5/Z8d81KMeld9B+9/61rcuLi7m3fNFEWXOLcxvotIggWDgbNomXxdaeM455xx4XdiL3qH398PH+x2ZtsnEmTqTunS/DqTffvCDH9zvksdtdiVKlChRokSJEiVKlDhsw2fw6dcqTZ1LWT43rB+PGVmkzJITQDH/cVEBtJr+guD5ymhgli8rXIYIVJHOEB68MFM8FeIN32+FJlcKR1ilXNVB6LNItCrRz/Lv3FoakiXcqkb1Cp1xzWrZm+yqwFj7CNNhwdxOJdo4t5BuX2V1s8/iv8xN0Y2q1h3rJX0GQ26EUp2taU5SutBtWpzbvnn9jq0bj960uG5SbViYbFm/tHXD+qXJnPgHC3dmeNonNd/wfI+iupp4Y09J7T6Gr+gsOqYeCxWBVCLPM/mva9sEqBryXRrkkgDRdM1O1LxJFtkDoVbcGXTISagm+7p49R17/+HqWy67cffNy7HrubJh3SeRpjuUHzNOrFCrF/yLbouynrvr+r7r1Q46ZFOC4MTG2bicy+YBSZwuuq5NgkqkD3XwsZuGGIozracTsXUv22tAbI3rg1YaEFqOqaMmpZEe1NTQDk9C7K38IyzGfS9vxQzm0pC2wQ5JKHnWmNqjdmiwyeESh6cFh85QYuKuT0W06qJ3tkuA73HO4qhSNCf07uREaY1wei0rHumpMXseDLp5t0Yqjc3XkHJNVGklUAXmaZiJ9FL98HFgc749DLJz1JMhIRR5JgrZmGPotzRkkuxwLhPz5I7bseN3/8t/cSXuY3Hub//nY7dvT1KRlusXcFJUPk/w2YyxI/+3wInZEz703SGN9evX48WNN954F5vdcMMN9PcYs96TuOWWW6C3/cY3vvGd73yHXhDVvUjiQAD69Kc/HZrcM844A9j3pptuAoSl7QFbX/CCF5x++un0graE2JnA68c//nF68f73v5/ORTueddZZuAQCtQR2aYOvfe1rB7aNjkzHdyOSS8f88Ic/TOeiv++OOvjZz3527qjcwvzmM57xDBDwjNEPjAOvixpPl0At3w92j49Mh6XrohdXXnmlE/IOxp07kDr5KU95Cr34whe+sB/FHre5RIkSJUqUKFGiRIkSh3UEaHHXEIKUzQJctjI1sKDV7QxWiMTVvAzE3LhWHw3VJmONdRJZbpaiCnMUhJKx9gC0+TDKcBnuMVDmZb9ssFGJrQcYY1A33rqCFQaj51rNebFEnDBmTINoT9vv4HSqV+cNAxurjSnjHREYO/iboodEeo1qeRmhSyeIalCLla1Zvg7VcIDmN9mScyX5Gbk77WX0WxJLjdj72G9amrv/tk2n7Nh69MaFdfP1+sWFozZtPGbT+nVzDfdsZBNm7loBAj5V6iAiIvWgpFx1jK5i74sIjq8Lq+umamjXlvjz6pQAtEBV9AnfAuh8Y8oL9EX7lpEtU+IuSgUzXzW+WdcEP6niNHZX75l98bu7vnzdnuv3tMlVDRdeZEPpoMXRnBhl8B8+RTIqrSpxunpvUF3MRRgcu96F6FSvLmrqhLahWTzCxOMW/dfJ+BLJNTuRCDKBIp3/OC6p5pPeW8eOttTAUBNHYYk0E5dO2iVAG2kH5cyK3fPDImkWhvLsX9L30k9hkPWLeThbfMhI73RMat3IqBTwCIrDtAihSY1TXrPgvR/mTH1ALKe0VvxuiSjsvl/CQebasQjapZHc2q1NCiYYuWTubVxcs0Uq1tcT+tGEPUpz4FcoUmq422m5Vq0qG7X+arLKANqYIWcieRhn8zWeQb6MMLrIhDfS0B16Oq8gH3P8q171yrvWt5b4kcTC4uKv/odX/N6rXxmrIJk9fChE2DLZmhbAZxlfQSbbQxr0sX7qqadeccUV//RP/3T22WfTjwduQ0ATvJi2dIciTjjhhAc+8IHEWOGGgTeJrp5zzjkHbnziiSfe2XGyVBlIFwFOTXyZMCtdEWgyfDn22/3qq68mJrvfm8RhH/GIR4D/vknCCds9//zz7w6ipcYcffTR41PgxdgDBAGMftBj5r3ytQOCf8/TjSNT/nwVOSidMD71XRykRIkSJUqUKFGiRIkSh2ekDGQVJji1sTX1nrlmhKH2FZOHbIIhK7GVtITs5iFvqnhP5K1+bJJrkMR2TbnMlRJdrBtXKZ+KfMF+KmmLh6Uxw2kcB4c0WSy4tkgQ00hMaPAXZ5azRlwOvcMMMVMisbg0IXGqwtBJ2U0hZMak9IlrI1qnyt+QPUYA+iyRTtYB2r3oTiKt8gWf+yNVTGiI225YqKqjN3KP3XBH65anKWxev0BHvG33nl3LK33kaoSCayOBeu68HtUdY3CVtURoNINdAUehBgjijmMvT75qsd9wdZM8bK+1v8HanIfbiujhUo/qfE6cMmIM/D8ogX1TJy5jyLT39n39V797+8re5eVjNhyzeUE19ly2duGb+QAAEABJREFUMNSevZg79KOImuXG9/J79Cp7XCgLS6aZ9L1TtBX94FjSS91ByUckAdQQG0d19lDhuyUZkuQ2FJR48611Wsoyy1OzlFPUnilES2BE1lMHk/eLJrrXF8kUotLs/R4wHqrsk42SnhCpIosT3ZEUh6UCOo3WUPDP2WhHf6mQVae5bEQxTuqpGj+tOapLw2HstQzq8WKFUe4vpTX7pjRWE7usuM+K6ZT9i9K4YcO8ZY0YOT/DxN4u0bTRo37QbB7yhtZEfcbGC1nkN2HkPzPqLEtiPexhD3vmM5/hStwn40k//TM/+fB/wTZTlZS1tU9FG2OalfH6WR/W5FEOUYDeEq/8wAc+kA6YVffs2XPBBRc4QdUPfehD3aEIQp+vfe1r93OdRgm+u+OzfKgCSuEDgzg4lMI5UGzw0NpTgAK7H0UQmKbb7UqUKFGiRIkSJUqUKPHjGGOZ3fCOKoOzgE9RhPk3K4vGb+La2lIOtdlU05vyHmpk4EPm2fZazR1yOClQ6EWY6rRgYUBNwCCeyxX0u1YRzg+CQMMySRm0mn64bBMSrXVm4zpa9J7UPUHBMJ+griEOdGoiXZmeuPLZhNqHoXRi8IPV9druTJAUuuF7vLBmlnCrybJZdqjYmEFloPbWzm1YaI7bunH7lvVb1s0tTfy6+bB5w+Km9UtLcw0rg+Hhao6sWBidF757VRYHQH3vMmzSltYiG6ct+66jPzGa9lg2VbjrTeROG3SGntas0RfszOmASVM1DYHhLt66Z3rFLXu+etMd1+1dXWGpXE0XxTJjbk4QB2hpsnhkWIuNX2U+prdIXSzMBUa02CFkQ2XNXCTYbSQj/Xr5IryGcYgaZmeIp+7ZWShvNwyXLhcpp5belTqHQ0i3R2jEg2n4ze3WZQ7ns2TfZ1sUDNi0lkn++MfhqYBGpmRAwd6tebrtn/xoay7DD4B3xKjzPpk5G+cdjnvQQcEDUOTFw6DxxqvdcJSB04HzpjQ+3mCjoZJp29L7rM/Os75XhbbTBA4eAsuxYC4zJbjhZ0u++CGj4wYarr9SHfkvvegXXYn7cDzzeS/42qWXRNRbpaxiwNIYnvB4EpcsKttAh0oSyIc+vUQA+rOf/ez111//pS996brrrnva05528skn00S6srJy8cUXX3jhhfTCSSYDDg+HJLKkl6juuMbgG9/4xjPOOOOQ18Ej2P2Od7zj7h/2NRJEw8fKZWrnYx/72ANF03cn6Lp+sB3vedyZtLxEiRIlSpQoUaJEiRI/trEf70jZPBR4ASrUtAaqelaxskOCMDwW2yrDC0Y+wTP4W+tg/OxtDTjtHSKbIfhoYmA5XSYwXsXMQitEYOutQd4NEmU3hn0KnfVEspF4JasolpuwVpuanFGRAbyohzW0gOyS7NXtlxA4hNhJlLaAN4zLc+AyvNXl8iP2MmAopboQJcPYoU+9Ih/RFRKY9dKNLtSRuW2sfNq0MH/c1g3ijdzGNEuh6frFrmtn3WzGYmH+8t9HsGY41XqRDye4cTtbvc897xUiMa71USguX1rfMoGupOuC6L0FqBp8ZpPjlrYRw4zgRzDO7knkvqsm1PjQTdk6w7nbVtrZrXvCXP2ArZu2TqqacgtEzLlZ4rOSBc7A89Ii7Trc/DS+U5rLQCVFGR7e+HHU/mNzDC/3xSfLJWSQ5hS64c5kL2nRc7OOOw9T7sCgZ3Mj3CdOp5k5rhGk+mx5bosF8gM0/JjEQnr8cLkjLA5PD2inU423J2f0fp6A3Fi3nNaomG2TNNDjGHN2xQ9afDvm/mGHNJdxN8oA5Y0sC5azaXiwLDmTE3UMDaPOX8j+8WRh9U+zs7XP81fU7AxMzulXbLpvtBEnRIIIJuoxRj2l5HH09ya11kfE+VNOPfXsp5ztDllcdf6Za/rsuR9d+/srzj8Dvzjn467E3YufevwT7n/iibx6hj6juh6fJEikRrVToY/FmvLCdP/vjdmM7+NznwtDBgLQb37zm1/96le/4Q1v+K3f+q0PfvCDoM8UBKPvTDJ8T4I477g24PclziUc7NaW3aP42te+du2119KLRzziEVu3bj3mmGPcD6r5zc7UqO/nRuYYdzOyh8b3teOBey0vL7/4xS/+viTYRx999NgSukSJEiVKlChRokSJEkdCjGSabg1a8UP9NYN3tgvEtgCSVnVt2CnB/kHRXlTnjeTCiD7jP9HAJgV9DjAmDrs6sR9lqawTQbT4PbPjM71OtlAcWCeOIi8KVizCxen62PUwjsg02HSqYwok3h6hapq6rhvGzXJJotJmtsNG1KoFFiKuxs8i2Ta9sUrAnTGcNAigg1FTWFfLWbgOILApRLZR9LS5qbElGkQEvFrtiOV227esO3nH1u1Hb6oni9SupfnJUVs2bVy/PrDncBeJELQz1/d0RJaOR8VVWc5sdMqZNTKYLhZPs8A8NHWX4rSdzdqp2CtHVRX72MWO6PSsbdt+xs4kokGXe8Y0WWtBuqaB2XUd0sI8Maqm4ht6+2q6/Lrbv3vzHXuWZ841fCVEshPfkip52qZh726CGLJvgh+K04E1KlNpgzSotWyUjboeN92JK8hIZgmYzcbQPV9MJ6OV3xfhd6UVswZmJzTeGR2OIvPLds0y/Ly4Novo3kP47EwZ7weLBfBsLwL9Ssth2nMUVTKqen/xB6/ckRSHLYAe0+SRP4UJ7DGhhP01yLorfg428rDAI6PlxC7nOi2lwWM/580SklfBjbIbYbRzso1l+rAimn5otT4eDkk1KSsnRU71KpCn6iP/SZZ+c2IblB88Q91YNcH26lp90ycDy5aKlIdFDOb52LregKcouWrKb8EL3j/9Z57mDlFc9QZiyyef+9U1b773p70/8/yrXIl7FI9+8lM554m0IadKed6l+0fZRJruJ97jNnPJAnevxI4dO37t134tWzzPZrPrr78+P2IPfvCDaSjSm29961sPCc0k3PwwiUxUCbCizuH35UecyxK+853vvPzyy+nFrbfe+sY3vtGJ5BlVBzOkftOb3gTLCzopnZrexy77BR3haU97Gm1Af9NrvJmvOqPhH7iF+drf/e5339le9Fvg+LwXyhJ+7GMfG7fqrgNG206E2zA2oUPRVY+7vUSJEiVKlChRokSJEj9mkcFFVhCvVe0leOmaVFg2EVEs47YAFBMEkgpZgk4qgTpzhTknGumslXXwUoB2OFfNYoqZVJKXPAygBzOLLJkOYiNhQHvQSg8I3X7wYprQi3a568FwBGoK6okdw0U2kgCrIaSYmHJX7CYtlsi8qfM9k0bZAMSHDmcIManQWZydu65TFS8RyY6/oBOgCfIn96RKFEHRxVqEaTt1Fjcmwh7C2fbRHFYj+1i09NW+Ytky/9mwtHjStq0/sW3DpqUJIVuivNs3bjhqw4aFuQmcmrkSXqTu7FGpkTu8l8XTSQB61QQWL8KTWhgrKKtwV8biYsZBcLidTdvpbLa6Ol1eme1bbldW2ukqIVcfCM7XqoNjzNqwhQjcR1jeXE3qelI1NZGJpnF14+m3zu9e9d+4efnyW/bcvLwyCU0TU9ULZ67CShdnXRvjjPoO1x9kpXdTNU56UZIQKN/I5+GChFJ9kG2vhetH0aVy//CuDNa57l+HkYpsCA8wVBfsOsHRKAoYHQgzMib0uoPBNev46XZjWIqrSRwSDHwAYcxQd8I+RlIXIo8GzpOjwqlFDEEgSZd8DCA750S4ZOGR5gF9mBYh9GvlzJreWruB8TdGrQNnRzoie3Mg+TUcU0DvGrbt1h55NCNncfPaX2VnZv3bD21yY42+Lv5IowUnsqIjbzbyK1IF95CbTHrELIuWT4JBUq1pLjcSYw85SJnrYmB7fP0A4O3OOvvJ7pDEFeef/SqhdQ8678rLXnGSvPfxc/zZFzj31XNPPuf09O6zXIkfNB71uCf8+R+9EYJ9mewiT8icZvBYYYQ0iHfu3lvOsW3btpe85CXXXXfd5z//eRTum0wmW7duJV5JKPPSSy9917veRR/Db3vb2375l3/5lFNOcfcgHvWoRz3lKU/5mMX4Vy9/+cvvvlEGbfn7v//71OxxMcP9jpPPBR/ncRtOP/30gx7z5RIH1i2k4+AIi4uL27dvpw1wTJQovLMW4mj7tTDzcWdSZSByCjhm0N93fV3fM6iR+SBjIxE618/93M+5EiVKlChRokSJEiVK/PhGFrqlrO5TCwulCgf/bimYBTpSdi+IsjIXVMXUxSK5Y+Sgbwx2F8mb80Ja66ehMj/gZiUiCkVGjhbeDHQzM/cuLz0H3IxiLWy/ENQnKDBfD2ig073HCm/AxtpX5ksML4Y4tk1NSszlqKgiiLXJ9luXbUXGpxktkxcuaVskcwAZqjOCXEV5GQiX0m7EejctLZxwzOYZw/Ddt/Ur83PN5g3riX/uSSurUkmQwDsD1KC1DV3m/MF6sk8GpMbad24TS3KhPu6FW8smqt2G77J4XqOpatgdQbSooSFAMo5F2nQkKaQYmPOyF4e/fXd0s75fv2mOQXeVGCQn7Rspv8hWGJWpkAUr45ZyR/H5BS73aIs4jWQNJ8w3AlwExDslOLBd1Z3bdYpxtB9ut1QFtLGjlyIHl1GG3rOb67w5eIgjzNhbJRmkk36MNtxULTrWzNooiyKKXwsUf/zj8LXgGK0OsXeGpFxam2vSlzlpYY7m+HFNnm9tzk8V/LpmYUx89dAuT6RDvjCN/qxp5JpZW5NaKfPtYZ6Xx1VtccwrH3/UzccsRqwAnR7Kmmqz5PAAyFHEkIMfUnwyIO0j6a4UTzzxhAc+4AHuUMRVf/Vngp9PP++vlD5TnPXuK897kLy64Nzzr3AlfuA44eRTTjz5tLppeA0IFiKxwF2nVSxUsqU07l6N44477pnPfOZLJQg0/+zP/izRZyci6F/4hV+gGX82mxGDvuqqq9w9i9e85jWQKucgMHrBBRd8v0bJBJE/85nPjGsGEg7+u7/7u/FxDjwX/XgXKmDa9xOf+MR+NRIJ5uZd9iuieNflBA88GrX2wx/+cObIdAnjxkBtTW8SNIcOGkFHoON8X/1z4EHoNb1zUPJeokSJEiVKlChRokSJH4MYu26MXA72/zI5ksbplikZmcZibUFLwbTL5qDrhq+pMRMTxRVqAQHYMhh+qN45r/Z2YU1dvVG5Ol2hjnXnUjoP3K8Xd4feCsfppinChyGqyXBKw/L1qAXuEuwv9Ef7ldIXgJN8SvMe0cbYudyAi5ItlxemHNwAoRQLo4vU3dhBWY7qi7abaHylYV3k6n+ti31T+aM2rT/xmC3HH7V+89KkmdTr5uc3Ly5tXFyYbwIK40HfO0JJ0fxHsKZfkK1X1ZoVglSxJswj2CogO4jAm8TKRCa4dgSuCekEsOLeSNfj7jCQD1nwzf+6aexu3rfyjVt2f+XmXdcst8s9D5GazlgB4ErFRcHD9If15yIi9srmdcjoHTCKliC9k39wdr3mYTVwypEAABAASURBVJAaa4NwfygEqAMTA01xnQ96P5JLI5gX3QDcXMZuyTxcNGORe1gfFpHgC8ZPLo9/WCCktc/bERU+pcPvsrds244Xfi3WjbzWwPIPLvg13t4prZ1QLTOV8oEGPL2Gyydxq/Dwm7ddfDYT13KjOoH40aFcbmT227FHQSen3Ax+Lr3Pk3KEQ8eB1FqnZufHZzERNGZopeaA2941vOQBOmtZPiCBqdRxoQBuAE0JP/fzP/eH55/nDkVc9YYzThYF9HM+kt7z1IP8/qorTjrpVPGAPu1c3u75F1555rnYxcmPB0ikrzr/zLGhx+nnfetrrzh1+LXKq/n98y4+7ez35l8c5FAHHvM5F37Enf3TeafnXJjec9adXJGe/vVXfu2VJ93JxQ5NzZc/at6aZt9FjMdPGjyMdOZ902v/88c+/P6WJlhCz/zx2jlOZ1aJKxQknuF9oA9XmkA/e/nV7kcU0EFTa+u6fvnLX759+3ZXokSJEiVKlChRokSJEiXuM/G21/+XIGSxqSeC58S8MwA1KmAOVsUOZQClPJ3oRitswc4Hrpqb9G012+tneyrivMaVVSiq0jtEghpOf+Fsba/UwdNNUO0teOMfSVeKA/e5aF+NY9YbJ/ORHp8Hi9sVeDsU0BKkHdbw9MwbsSUzVih/YXNsv41wJxbTCq+2zwqxHSoyAohmSgXL1RSSXUU+o6obbT16zLYkIr3NisLYJb0MEfNO6oY26aUGGHXgrbv3ffvGO/7p2lv27Jm1bVpt29t277p9z95pGyHzDnXAbagEBTMxEP+KUNVDrxhVS6JHtu6A6YiLduNMIiy0jRBxRd/yeaBwi8XGW68vK7x5h9APMYv9jK0vkp9M6pO3rnvglg0nblhYN3H7un1sPesqRlReyiHS8GB229YYA+BdZmbNSnDzM5FBOlC+3FS25mYrEd3Sab6DgVldeSlTKJxfbaz1ztHAds5IsQhcTeytWnWQelYug+8FFwzNUeu07GGGdYIJtTAcOlvOmsx9l4aRiPz9yy74e3e4xZlnnul+oDhsFdASQ0IraT7BMma2xcBb1xC94SkavSf/usG7Y/xL/R2OiTedKaM1X6RJKz+sErEHzx9wNMud4AjiGbPf4f3BNKxepyrTXI9zM35QguNx5NUToRb/HD/kIpVcy8TozP3cVz/5kAe7QxQn/cRP4sV7f/qMg4mdhT6P44Kzx3iXflxTlvCjzz3ATvryc087qJ00vT+izziUf+73KnH43hF9lh/X7PJxPv2r1vj/Xv6qk73XSzvpZ34RAtFLvo7mXH6xNfW9H8Bhrrr8Evn3Qb/49LtHn79nnHL66U4yt3HWdpQI1aKUyTLCVvHgR5pSyzpoauHFF1/sSpQoUaJEiRIlSrgSJUqUuA9FZhKGFQyWjkO+eo5EoM4WXhtwFL0z9LTKIULNXgo+sHjX6mgpWIX5rsh6IwixKGqtwBbko7oQfGAeJuuFKLlXybNqTxUM6T5RxMKd2v3KpnIckJuBPidbWx6c4ZxcBQx8e1i2DgGuGnkkra0lVAWCQLSTXlXmgGpGFXI9xmEGPTYUyhGH9m5YWS/OzCzp5ivop2LoLAdLctV9n+gL9mwWXL953dz9j9544ub16xo/qd3SwvyxW446atOm+fkG90zctCsWFNNh2RxaBOAJldCCFlQckLHQWUh0qWUdw4aW+1C63Sm69wS/66YWAaUPasydwHhd1EsQmbVTVoYEB/FlIsuVT3Xb+utv3fftm3Z95459+zpfU9tpA+kjrqTYdvAQ0ZYwjE6t1FbjioI65hiBC/SH27aXO5NvGHUZG2Fnsbpwfqed3qukmfXwMkY6CVEr99JDivsFogWtVWiEzx6IPCxw2JHYPeWnZMhC4EjO6Zix54qNa3p3ZMXhDaA5hjuscmAlwN4mDecHibuOEZ3DsmPGQOoO6lqg/sl5E8Xc5gVjb2LKSuOsW55J3FoVfx68g4uHG65BVq+4XENW26z1ZPOluKRrNMyg35lxkMvLN8RGJ2q+EClGMdeh9Eyqq8B/uAhhG0879RDBUYqnvudCtaIVUixxxhuuuos9nvMRuYXfOk9X+1/wHkXAV5x/htLh08/7lt5oPTjbSX/8Tg+V0pWvx8Hee/b3rHz4/Auxh5qEuPe+56N4cdX5ZyrRPv31V+pxP/IcuzTh1KeeDtx++WUCqa9Q2sxxyeVyXkXSp5/z9JPcoYn7nXiyCPI9z5Kxc3DUcjDcx4SfvPd3Mpp/eEFpsRe/+MWPeMQjHv3oR7sSJUqUKFGiRIkSJUqUKHGfCiWLw0+GJdbCC/tqmdma/mAWDbChcM6QxbAGPJs45JXbdkohs84UtPksuiI8wVhDfJwF1Rq0Vfqd0sgLI5rJhIkURy4ZoiyG+YKgcZ+NL9ZwID94gKTBhtmPu0EbPX5HzCngOQKqi1MQUK2C1voC2HbWb6ZSdBlHeRMR5vft15mBEtDnjgIFwhGCnzT11g0Lp+zYfL9tGzYs1JWLk6bZtH79+sWFSc0i7j7KHRF0EMWTRDS4lV4Y+t8Akl4IuseSENpnlfBq4sS1wmc+BvTwlh7I9zhlS5J8WdwftBv9EU1zSqttvGHP6rdu2/Ot2/betppmkc9a0x+Wi8cgInTahbAVg2eIxJ1XeOsVu/Wio4/Gu+NgVBBUMe9VOc0Ka+FqUXxpbdim7KOiUr7eWS5jUIfD4sNnVxh1DBl4YtJR7UwRm8tyAVXmMShHi1ne7pAOcUdYHJ4XvGauSIOkeSRCzvhtzQw5eswzjR6OldKBmtEBNw8SZWO8bjQ0x+eLthpDj6j66bTfMfW4fpiGx3lEWZKBCXichXN5lYfo+QOm0kHavOYTYUixYfpSV2kntWV1akdX7Gdiew/jrHdnUKshquGDypaZ/6pTx6mvOE/J9SWXi7744797LrTHz/nIYF5xF3bShImz6cdJr/yaoeo/+9BduU4/50K16TjpFa/TNquc+aO/rcrr51+YPTcIr2e0fS5T9bOe+3xt8lXZ//r5z+EDffVifv3R9wBh/+RPHCr+7Lbt2IGpCgk3+8DCIh4HEyx3oPT+RxGnnnrqs571rKWlJVeiRIkSJUqUKFGiRIkSJe5rsRarprQ/lh3+cQd8xcxbx4FTjPWBg0tpRjEAb0GchoMYHsPsw62FesoxYxavmhoZOCOz2sxzTNSsBhL5AtSrQU8Xglr9ji8/v/SQR4/DmTbbOA7crWH/oKvMlcngLbyEJBwXAhsNITLOZNh2zHE7DItbTxPwbUIwfbZalHi105CWzk+q7UdvOOW4o7ZvWbfY0DZxcX6ycXFh3fwcbaOOzzGO0wDB7pMzQDy6/dyxlbqw0AsBzk3DBahq/ED/1YJYTWopWNcPQl+fdZ+GWSG4Zt00HcRVolr2fm8br92z+o1bd121c/X2lX7WC99iHxb4WtAV1g42LQrxUZPQw+0kDkJ4S0DoJQZxhMkyTlk63utgFOrcJ7slCu9suI8NpAevb8PTeAySGw8evOO0RGUGg/DbGIBMygTaQTRv+4QDBsGPfRyWANpSLJkIW0LBOTfUF7UcHavah8lvFD6vdbAtXVoDtvHLMPzOGY0eaG8cTZLj45jQei3RxvxVObWScbbKA/N1vhRd/TG6Guyc7BFJaicThqUA5iAky1nwpMm6gzS47w9k29G7fde1cPmp5putW7e6QxtPfY+x7wsHFP3Vc0++S0+M088cVzz7+HsukH8fdN5/XeMlfdLTz8Fml1+8xhvjOee9cg3kPeuZqlb+s7+6yt2dOP2ha07/ARNf/84aU+hsuwHVs7ZZcDPeec4z/+tDGZGzkvqqr19ykEPfs9i4aXMIlk7VLCVHqvRDFxVyD5JOKVGiRIkSJUqUKFGiRIkSJRDGOvPPIiDNBMXeNp1uGNNbnwEbUJx3Tj0wsh2GRx05K3PlzCu0ErqpVe2M2Mp53MDkslUFDqjC6Izz1AJCDgb2qyBG9MhQ7koEuFpXWcXqhrpz3mVwOkiBjUGPxMkKQJWd82LyqmoqOI2svYShuxxWzEeD5oNuLB9UkGjK6N5hS9mYuS0R2+DFD6P3WCcv3cwWFHR43rFfmK9POGbLqduP2rFlaRK62qd185NNS0sLcxPCA7Jrx9pnrbBneCjzaOk4AU1cMY/NmGHwXPP9wX90pQ2xcLreqvZGpbywXrAv802BHFrF2w4r+IccQE2HjrXrQ0xV6EO13Pnr9k6/eeuu7+5avn213xd9rOpYsTEF+5DQ/wRKy80KGG7Cv0LSlf1cdbDnLTHqdNjGYdgAv7P8W2lYClk/71xcC+vGu2YjFF5z3iWIQkEA+6x6VQm4Dp0gd5qNPQiyiZ21lzwB9NqqCTVhqYrHjyz2LHGYAmj9R+YMPIfyRlKbe81TIXfiwn5Jhf20of7ANN5An734GoxsWnQLhc6WMnKoJXrAIQ5oufkp5bqFDrjYSLOmDx0bmyM35LJw2ad+zVFhYSNGNb2MbyT0eIswrEjpUSqUVyhUdeBFD7WnqWNuvllcmlu3NLd+3dz6DQsU7t6Ks4CizZcDwuF7FNlm2pyXf7hhthtQPVtjLrn8Ctg9E2tWRE7NU2uOQ2cATTE3vyBGWr6XGrGSz+DJa+IbziuGKqG4aCoAukSJEiVKlChRokSJEiVKHDwUg3JhtCxTjraO+04UTcrdWMMZ9Y3KZKcqBDUn0Qg745iBZxWcCoehlTV13wjLxgzoXFYQOxPDOpXwJTeYeQjf9AOaEctkwah4H5A3AmhKcwkZVZXh6ari0nDBZ33ymAuqZNFnZxFVIEsNPuPb8o4fFJCKyXHFmUpLCS5nzVHrasBkYdtsKkHwlZAzi4+94PI+Vg6gk1BQLwzcLpxL2AlP7bu5Ob/jmPUPPPHoU47ZsFR7gsXz8wsbCEETNxbLCFu4n6IDIsrr5LUHxcoZTBsqxhQGu2zPXLVXtTESAXkRv4B8RuT8+7ZLfTQdcAbsTrqU3u7o5FWkU028cKlJ8HWqVtp0/d7Z1TtXbtoz3dd1UQAeY1z6Q+TYg2p1GEo9n177k005ImTLSqRTGpxa8EKsO1i1rEJ1lljXTvX1XqtuwpXFqX2Ky6mWrBkVcA1/aVFacxNlhBtWRiYD6LBP0TpBzQyUFw46aKirGeQJqnZHUtTuMIyxTN1ncbPMcc5qCA5y4lGOAYMnz3JOM2ROZwWvfBeCea+FVAGwM/TWdImJoTPkC6PGCf4b5by8noX/i5hvHCfP8jqIPED1LLIZ5lWvWcDRIZIqX9Ub3anxgpRj5ScVEwHM3uvKyzoJYs+Ut+J5UksmOuLRFT4YeFI6ZHHV+WeiZuDp531r8M2gOOt3zjv9gnNNJnySuwdhsuJD6WvxfUQ2ev7J0/n0T33uc9x73+su/7Pf/W33VWXNQqUvv/yyD+mm2PLQBZLJDX1QJnxaOKx84SLDwWuZgqKALlGiRIkSJUqUKFGiRIkSdxbAzGrpmY1zSdv1AAAQAElEQVRMTczqzUlXBaC6i24ShWlQsHCuEoVyLxpe0fyqwlhBDFBmUKWsMworkCPpWnXDpMksTXHSYR27d9lvlQV2wnkZJ1fRQHN23LCzRi2H5/BWypJdN/JtHdbXqwI7GQzyLls288mE4YDvJBM2Jqh9M7JPAzvKssasYzQd7RpArdDTJNiqyyYCLfJdYT8R57WTShHEgIb0dIH94kJz3NGbKl831W3X3raX3mrjIt2Ifauz1Vnbtj1roDlLIGSJ4ZHejEoAOL3JQu7KuksRLZ2lV+qUMaqaUGuPSWPthln7Xb7Hcv8Ze6eOhoco5+oeSQrJBxDM6Puwa6Vru355dXXPSrN+rlmY1BOCVz7UnnXOLEMW1an3uOWdcVwed2noWubNwWfRuoxec5DBhrC84PXiSCqk0WPgs+cBLjfgzQTJufp5QykeMW5SvinBQZ/v1KnDOmUYtH4NShQG7X4cKvJ933H4XrLcdPU2hi+PuOK6lBMR5r+c1jhvZI+bDKpTXl/ic94s1z/NgDvPO+NHbWiM/XaAfmlc/XA4T06S4CdMoJZASsNJRNLMuTjnB28hLEDwyC4iyeOQbOTEUhU4D8cPa5jMT5aWFjdtXL9104ajt2ykP9s2b9i6cf3Rmzces3XTti2btm7auHnDhvXrlubmJzQ/r66uukMTgz/G3TW+uNMwe+WvnvvbHx2/f9WH3g3rjf18LfbXVmcPjV/8mZPcD3B6c/A493fXuIao0fNgGHK6GG64yy94L78/UGl2qYaL9FprkXsaqysrNBgaqxebxxmMzb2o51ORP5coUaJEiRIlSpQoUaJEiTsPg6R+LQ7JCNhgyei1Kmd1KwjiIK7tBEAPIESQX8h/KnWB8FCTmumEbmmF+kxAjAqE1hCnIEcZjR9o8mjhr/h7mB0HlNEjjw0PRs2SWK/rzIfzKiU0v9UB9Sg1MpScCbIpiEeuDbpyHkbFI5sNe5GNkZUoZddipz7Syn/U4MLDY1MJUJB6hNqhHvwfC+aFidfBr19cOH7bllOPO+qEo9cdvTS3fm5+89LCxqW5pflJXXkV4TIojaF3ubRjGt3PMGjJXQamEYXzXNJqf+NSk4be0MUJFRNtAMGyWy9WRxlcSvT2s6jbecLJK11/+8rsmt0r37pt5Zu3rVx5++r1u6a3r7TLbex6lFjzTJudmojAaFZtx7VgZeogkI4w19D+1RdmPJL1p06rZ7le61oOxDCZJjWa+W3E6FY1tfl0aFFE3VrrXXpIQR205LITei0OXTU60RHIbA5TCw6fH95oEmaX0zJOExMYck7nlWH3nIMa3e4hPeEHL3CMiKjndEMOzlkeww9JQp2T88Cy99aeIw3zUR6BKoVOg6ianXe8rwO77IhZURDzjAqzgS7qwCDWdoSmaRYXFggpb964fvOmDVu3bjhm2+bjth+9Y9vRxx699Zitm4/atGHL+qWNNAetW9i8YWnT+qUNiwvrFiYLk4oySzt33uEOUZz0yvMU3L7q5OcO4Piq83/GKgo+86y7eSgWTcuL9/70Gbne4MfPOdlqA573irW+FuMzXvWGM85WC+kf1P7iqf/Vqh2efUZG2x997smv0uswy+mTzJKDYz8qjdc/GAG/s9i1844qVJO6njSVDxhxERk8lGXgubfr1pTsLVGiRIkSJUqUKFGiRIkSJUZh/FBVrCYxXos43EhY553xStuEPXZdyKWo+L1qECsnr7wX7sWAguqKLAK8rOsVDOJHqJOPrPjSSIpLmbF4K+XnM+9VkFt5ZTe4NGaqwgST6avVS9oZWRWThpBrA3p1dZWzmIGv6AODt1XsoDHKFsX6F6asoEPQ6wbVlWtrB9RrLVZZr22NHRL8siGtrXxewx+wwl3wuuq2vY/syCl7sneHX7c4f8Kxm0/dvvn+W5Y2ztUb5pqNi/MblhaWFuaJQcPlmXXrTgXdKOzI/dAzi+XTBngbGzi3QQLTCKG4Xt0kDKrqaAgilIR9tXdjTTiumfqYzsM2HB4eKbWrm1ixtpsw9DS6O6bxmn3tFXesfOOWPV+/Zfe3b99z7d7pHbPYRnE7yAiXrWnZ+zki1YG20JGVqAMQC6Puk1wuHd+arLcSvtLCiFPOgQg5NtQm9hhmHhOjKdY19QGzDSnvqCkYl9RMwwa7U59qx3YiEYeyh86yHfn5O4LisLTgSKivhmcf/j/y2I5SMSqPHpTOBwmZZp26FGEm8brQRI+RV1Dk+TfohINxEhVTDy3L06H+6IOqrWWq41GH/Ja8EzCX8BkDZkuZbjy7+VSwUpBmiqG9TNRdj5lbnlNcA1tt1FWztG5xaXF+fkLTTz+dtTQNLczNLS7MpTZyvkgezrbvUjubn5ssLS7O8QTUTZpm3Vw9W2huvfmm7dt3uEMTZ73nW+ddchrj5vf+tH/v2t+d/vor3/PUu32kU1/xtY9c7H/6vSxDPs2fO/7Vg8678t0HAdkHnPE5F172ih+U/p70issuvNif/V5B2/5V41+dft633pNPz1rpC/ZTWwuVBih3P3n6oTOAprj5hut4iq/YG4nGDKayKmBa5g9QmVj7Kh1Ka5USJUqUKFGiRIkSJUqUKPHjFNDliUGBsEWYEQ+WEfKfmjZDbOuyO66XMnSOAWI0eAtbXbWlGMwmhIAIHByVzlLA6TN3Aeh05mOAbbI+W1ChlLVjglnVtWcvhITqXz6aHtGZVg9uGVwkSxgj5LvZ6wN/s7+EcpiUwXs0ebbDuU2mjC6JWRQOxCqtZiNpN8gcoVRMWdA9Ao3JVtPno8hbEbrHBDtmO7AbjExMmyw/Vl44LtBucMYy6a24sLC47eijVlu3b3V23S4GQzHMeT8hJLtvedqxc0cQ8w5B/wLPhXsLCO6JRHFlMb7oPjsZjweLd6bfToOHhc/wDB0mQ4ARs5iIgOVyOAH9tFHN7tQ1XVAv1tyiXe6Yb4hgeF/Xr3bdzun0+n2rRxNS37B0zLpQE6NmlEsdPSf2oynSdVCk1imfl5HhLGGhLdP/ybimPmA3DgbQ0liQf2Rf6LyVt3qMco/MIdozeU/DyK1Vgc6Mmw5Xq/2LF+kq1KLw0sXNUtMSCNX53IYXvRu5IxwxcXhacFiWQf7Jz6FWZhWGi+fXJx0KxoPzCo68jMNn4XQallLYioiYZxVs7fSZkoNZ/sx+hX9Mby1rHLBwxCTR3jJgOpv5lNNB/ISKgw3PAD7JWOdo6nppYXFpYWF+fr6ZNPBxXlyYrF9aWL9uaZ4XU4Bwx77rVldW9+zZt3PXvp279+7ctfeOXXtv27X31l27b9u9947dyzv3Lt+xZ/n23ftuvmP3dbfcds2NN994yx137N67PJ0R//7ud77jDmEQOB6qDloQMk7pa6/8PmnwU9+T0pXnPWj8FsHflA6Clfn9NSd9/oUpvefuyq0PHlxB8crXrzHQIIZO17FGfD14gQys2Rw8qBnPvWdt2D+uuerbPEfy/NvRsGGRPHsn9bqmJiUpWVv74F2JEiVKlChRokSJEiVKlChx8PBjWXF+y5tzqfdDMTb8M3LNQFG8kX8poAfophvRtWGtbhqgSxqvITc5rm0gIlmR+46FxGsF2V7RuFChLDo2obDZiWToQ+9U5r+gWEYdGpw1VAn2iD6bhYZbAzbXdJRVsXMqIR9+50YGHH50pVFQpEdRQkXj6nSh+w59nRe9O1vun/sHB4VFMxTeXR/7dq52x2xZ/In7H3X/ozduXmjmazc3V61fWlyYa4jGc3G/1LIsGORbq0SKlrcKYAgqhkdLcmNcGi37V4MK00EriEfQpjXXaQS9jS2bULfcZvaMbSaTOS5RJndL/VJYy+0bz8Q6QNfd111b792bbtnVXrNresu+KR2Ay18l1/aiwmNOjvqKQbFctJ6NQ8W/5GC+4VA7ULMkNqjRs0JWolRZ7BMU9B41B9f4G/h8N+EoI6wZ1Q1tJAQd69wrcEhxWrYtmHcHdXYu3lVpScojKg7TIoRIqBntTTmLZasy1EHDu/0lyrJ7SoMNuENizDn90WZIv38qwhIVgwnSGl9xlx/QfBbNf2jLhslbd7NxjDqw3iOtknrR9bP1Bif16IFkMbTsEcTluakJOzN5rqrprKM/bUtPFGWVOnpwRCrtpy270/Suc6ETPyCeA+hpms5mlPShZ3d5OqWnYUIwe9bVdUsv/ulrl5/9009zhzTOendK777zXzOkfsV+7530yq+lVx646UmvuOyATX+wk971MQ/WpDtv1ffakdH5e9y9EN/62j/pByas6ymryZ5HXeXrPBTz4qASJUqUKFGiRIkSJUqUKFHiYHGwL43m6+vse6WtNB/xjrVfOUUNm2zn5AbEbCfxpnK2AynQVbGeUc3h6FlIqOcMCn6cyUmzQhCcVH8nAj9eJzwICfU4LJc1748BFAvNTVBAG7yxs1q9rqGT1jYwZSMSI54BuEdaQ/wmsrBYO1BVuHbsAADtwCgh2M4nE59rtClpMzIcR38GRrXBwYoT3RDhsEE/9+vm6+OP3tCpC4Tw7oX5riMavLwym6nzRpD2JjHVsMyBirXN5tbnu6cyTZgReOvp3CdZ5EmnZ6pMiJl+avuOohfhMb9dITWg0EIRfXAsa+bjdqr4FkArDhdp77R3e1eD69K6ZuNc3VRepMjcKRWXE0xRSySKZYkZG9it9zrk2C8hiObZi8zfCi0670zYjKFkPtGm8k44/jBgdEACz1kP6Q3Mg2qQr2oeRjINWZeqKle+p3lMHzFxmAJow71jxjyaGDT1gB9GvNeP3s9DwyYYb8sf8HjZYo+ce9JVBgOnTuNUkB8dVY+n8+IglNZRZhdACR8XhiRMMHzOJWQZQdMjSvuttlOsfuBJVOxyKJk0aSZEosUjul8N7bSdenXRpx3nxMym72VqnRDGboKknuj3dYy+h3d0xWVOZ11cnXZVHb900T+6EodJXHbxPzjcau878R1KlgvmzyGuFCtzdoiuRIkSJUqUKFGiRIkSJUqUOFik8SsTQwO9CRD1BkgMi/iUXSmgelZX49F3Um+17QbW4gZao38B9EWQbq++z8PGtolXLCNAN4CKZHV2MtIoFfrWsj/n1yiw7ajZ2lmuLwOkqI3ySm5UcQz3BncQRq9FyOyqIqrU0QtpZACO9Nn1lQMmEWrIAOMPUUBLTUChpIRf+4Rl/Ng5KMNUuITLXyPJFd+JyGX5ohMvC3bUIO7j/Lr55n5Hb4igRGnPTl/3HaPmyvX7uk6ljx7ozBv9jx52FW7oBNyvEYO2y09GYlNMNijY6TloEchZ205XZ13Xsk8F0y15X/oq4I6x4YVnR5DGs6cztS/C7hoQnO1riUnvXp32XRt7v319tXnBNcGJjtgJ2gf8hQAZ99S05t7nUR2jsn+UKEx99OrXkVzSTIC2DSUJ+WY579c8GfYDjFz0juLiMZRZF43OHga6Hw9Kk7Gr44cJqQuAvs/HaFIYnnwOP0wtwaY/nUj8Md9idAAAEABJREFU/odYA+fW3vUE0pwTO6PnbDT3rCHO6UC/aVtsoUVRhfvyOgGR7NP/mqoRQyKeLvrE/jWUJqpSRXOHb5roQjdrZ7PZdGWV35GMEfv1dJIJil3V1MgLVcFPmqapK64720faoWtnfd+61q/EmWvqen5+YXFhfv1CVS0Sr6TZpm3jSkeJr9S1NNmFSV1ff/0NV1555cknn+xK3LfjO1decd3VV8KPhZILNEhgaE9DvO97Gl80zNquZWsWXzygS5QoUaJEiRIlSpQoUaLEXQYErFn9Oah+ky43FyTq12IT+hqq+FKQc8hWGi5LA9csyx2T3NHJ9PwjdLz2NN6gs/wVBjcLpwYb4+NnBXE+C46aTOMcjGazUHhwvUgwg3ZBhax+8INWHu/267A0Or7okcPYsAE0ipXGIoQFLJbyiH5QjuvbUcr3cQtYABxS7XHJTgFUMlCuTiBe9clS1jCgVFjfMsGVnEGVBITSEdcvTE46dtPcpKnCJN14R5xnA+VJ7fo9yyvTacdWFoyeVL7OUErckQWLC/BXgk6n603WfWAILlO3iaaqaZuOqPN0tspUqhf6HADfHbrDgfdW8iYX6WMrjYo9KUTNHKFx5hKCBJl5rXfaFV27p5syY693rJ+vxa+6YzzGPgIo/BeSqaohPTVPb4HcjEuYz6OSWkhyhR5JD59dzbPTij0FfqDGAVpRukcs82MbA9B5b36+/Iq1gaLKRt4C3G88lN3g/svHGsxbjpg4LAE0YpxN04Uh+W1Z4eAMPNuCkWGhxkCKzZ55v4OPBM1ene73T3zldNBBw0dbDODyPCSPGSd/xO2dnspKNM69PAdenkFeSiDWPdN2BU7tBKXZt6eq6PzTrquk6NwKZZIITItHDTNtD1P/nnh1O2uT5JMIZ89NJuvWLc3VDY37dtqmppLtAz3idR9YT125Wd/u3burmZv/m7/5mwKg7/vx95/+X1E/VmNeBwPtO40WS4tyxq7yh6fDe4kSJUqUKFGiRIkSJUqU+GHFYHls8j1d4y0cL7g70Wn6QUHtUQyP2QdDx7yY3HMhvYE8q4dGglAvDlgG/E+YMjtlOHgcwxTCjwC1OftCAJi8UUAjwgwAWSrNu6ZMzK3MoNmAOKHnKUuuE+NJLmQoNfKwht3Uq0mrhcWh/CCAtrf19TGpJ6wbzDdE3Cr8mH+bnHaiXBUbQcRBfZ2dRSDCBVjPS+mlX2DfkGvZMfmJsZeSZfwTn4JbXtnOer107sXJ/PYtjU8Entx3b7tj5zLrIKnfdwe/b3XKWjZREquFLcr0BQGjKtCVWxYh3zb8gBswQqfoJGlc1UfXxY6oFL1fYTG+FziGUmfOlNBJbSukJCDvX7u6c6mTFsFbGS61dNDO+5XY37YaG9/PN9XGuaZmV2UaaW4t1VXyJqfjwo6SsZBClJIk8DrQarXSSCio5nqxrvbmOC75CM25uEGfirHHhRNFoo5r8PnZ0B4I3H1OR5CMc1ak2ug0Qbl3I3R9JMXhqYD2wwvMK3kqSKOlFt7niQy3Nbq1M5weZKSnxpKGYYtkGSrMw8NuGLD5XDlfYpOQ/DppKUTNjHg21ajF/SWCHYpDj6xHEPYsV8GZN5g605xCg3dhbn7DunXz83O0x96VfV3HO7PSmXJcKVXSaLZLF59zWOwQ1+ZihZNJqCd9Cvum7L1DTZVaoxVdRxtpd8bfNOV2fZp1dNL2ox/56C/+4i+6wzDutu/zj0N85sKP8IiOun7E2ZzFHwniZsSfPaliQ/AjLJlWokSJEiVKlChRokSJEiXufhg5PeB9Yxu24ht/CTkRQA1Skgb4lgZH04xIcKDoMs72w0HZfMFnp1I7I9wQnB/+p+XwAOvSqD3Zc9e7gVELW0aLRGQagXydz1wHDqns4gCILATIiwOFGY5kkeKg0GYCzSanqsNW7Jh1jtmKZAhwZTTYbFczhB68oTMm9x4g2udfoCxhpubAVmiOEFMf5fBBNduDMFz7yaNe3tJc2LF1PfVF5zoxTemJPjF0IuK+Oo28Ih+Xk1zIok4TW3o1oQ5uuLOqDx406wM271m3LE4gKXKZQKbIumsmZQaIWSIseDqwWlsEwy5VAm9FqBxjYAjM/IxIh+u7lRRu82lh34z42bom1BA2Bzdw3AQTZ3iJRwW8YnchdyEFHQLAeIoBXdaLYnNFfd7GnHJ3b8pXuw95mYCOFlhzIA8zPEW4fWMwM+QSnBlMH0FxuCqgbQinPC8OSx38+CbazKSjyq/VP9uzZczZZ5qsk6ANrDzluuzmoelBsGuPuUtzKlpH1Sd1jvEBnrysPs7tgP2zJJYqotCR/TO4NqiYJ3BeiLI6ddUszi2sX1paXFzgB792+5Znq6sElHktQ1PRtgKRBUvjusUZuKa9aes2utny6mzKsmjqgXkG0DUN8i5y0cLJZILisBVx6r7/+je+8YlPfvJJT3yiK3Ffjc/+r09c852r4Ovi5NMUH3ZJEm282kak0DTrUS7iAN+ZEiVKlChRokSJEiVKlChRIseI4xp685kGg2T4dICAzw9QBBX8Um/13CqzM80KX58dS4MfuIqyv2G9ulPVs+lx9fgjQO7tb+UtgytEHBNOAcoaqn3WlivDkSJ8GfMkMbIAC4/YWTWOZtyBjcRAQilRULaodZgGpbf1HRYsW4dCL4ue9dhqaK8L+ToyYU/53Cr4hn+EF99h1qJJZUGA/SCkmm8DLI6lM9hJgwFBJL7k1s/Xxx29fqVtp52b9cuhqnsHBXjaN+2kghRdhThgi5EEq8F5iX2U2yHU1W6+ugNkUM2Aa6gd2XUt9OBCqoKNlmROFF4MAHrV1KM3KzmxqreriimaGNj2bBUdRfBdMdFmU469rbtp32x+rqpDs05gVgqKAH2ybpN+oL/rWpTgMaIjs2pZfJ6TKNEDxqyBf4+x4X2WJ0dTuBodhF+HgPVRwgXAXM6BlAEyHykNhNHl3Ea+xz6ZCP/IicMSQGtSIQ2ZHZv4ZBFH8nnxiDO1vMwBQfNHIZi5i5quhzQkutIwHcrWms7ybrBD8hli4/z0YFTBe3Nbp/fZO8P1lrJzYnzBSmenSZ26VnTIQ1NcYqacLDL3hElDd6aufJhr5uYnc3TAWcu1Sgkbz7pudcYAum7oka5olHcMoytZdMHZJbgHdbOWgPaUZhb2a2cxNZcQnU0xHdLD3M5m1KSlhfkN65fWb1jat2/f6srqn/zp2wuAvi/HX/73d8GqH4OePtv7ykdeecKS6Mq7SsY7l7SlObkqFhwlSpQoUaJEiRIlSpQoUeLOQnW7UDVZvaoAOazzbuDPhqAzIRVwEkCua0dfTDvBlU0gEqKAlI7Su5C5pSp9B5NSoNiQAaBZ4oqOVyXPJv2Fhg+nr/avDcjtTgA3/SBcroiD8nVFI+UxY2mnTFT5pGykBD0IkEYtL+bI4m7MQj+mOBD1ZgKrhh7cYepRwd0YYeqRUu3ZrzhClEvf1nGBpiVOKhwffILVOEPdXAN7NGfEzt4UfCh+X/SN0Us9sbZVzqm+Kb0YfHj2kAgMn+inxiVi0Cccu5XFi7OV79wxXZx3tZ80Pq72K2kGA2ch0iKppAZ0fOU9dTT3YUV3sRPAzmein3t0shQqg5YcP4opKCMtRth9pN2D0Lto0FVNBLgP2R6WT0y7ECtTq+ZIUINrMcrQiHyF/HcQn1r6bdu73dNw23JaDGlhvp8EVjeLmpqP4Mwog/boO9A8XJOaMYPvtYy2k5h4MNZmIV/F/qU0gh1XNxQDbb5BbHIiFiFeOJ9S5iRAkXsfrE+AtAyq4dFouz6IzlRSHdGJMjWKir6qPWSgLBVP7kjz4DiMPaCxSkEmCxke3vjx2jBDDvVvcaONLGWV9zFdtUPazJvbj1q06MOfk1B4Ah3WSKCsZsL4YwOeFDB78JHEY8NV8hCyxwYvNuDBTvC462HE4VUUzYOxCoSf+UGn/VbbWRc72p1G58p0Zcb0uWW+zQsRKi2Wyg3p4VrjA91TRpICtmdR4LPOtNxLUa47SNnCqqqrPvWrq8u0bd1MLv3KV/7yQ3/1s0//GVfivhcf//Bffvnii+QjNKGAQUydk087h8Ux8jkFl65enIxciRIlSpQoUaJEiRIlSpQocbCAig7Wt96EdoBpSSsQpjhyHBDsa8DUlICiFo6wi1D7UjmQrPiu3NgGWkXWwQ8IW/lK9tJ1+S0oA8dnG4Cd2awm0x1KbTiBm8HDTSPrtCF5TVHXooN/97mqni0qZs9UFc8yh4SdKq7BizU15IboJWsGdItWAKwyIaOGAXbVUzNaNifqAcePxOXyl8oeZVvWCwM9yfkrryJiETD3IjWM0STIyrWCJgVop96W7DNJXlqodxxzVGLviutv3buyN9QxzB8bJjt37lmesgw6OBNvi466B+BiMlwxLSYKLK1yptd0WV9srExJ7aCPNz29l2GkzhhZEBoxALOji7CsCBEpajr6rLdm6sE3tuvi8r7VPXVaaCbrKi/QgxMTMzpyn92abTAIG5EuZhRHFF0kqF5HOy5KSRnBs94Pono4oqgPb8INNMcMWETnlAr2FsW6DlaYaOseWL8uA6xumkEZLzdKAN0RFIcvgM4LOrKRjM6ENgYOiPGbeKgg0/c2a/ns0qGG+84NRuZ4wILOZDqB5vHJEJnmKRdhkaM1ELEQwttTx/7wQop1mQJbNvd9R695LuFVCvDAYYTIcLimPGJs29l02gs71oUkrLZ2VjSUFx145OUs4SM4O0iXyGQlImse1pGN/hPmzkaDp0hi2i0xbZkA/p/zzn/SE5+4tLToStyXYnl5+U/edL46QXldzCKpvIpuc28f3JLMkBqUUae7EiVKlChRokSJEiVKlChR4sBQMCtuu87quJkMGRAv+weoT8cgy9P3ncs2uhC7OSYayeA0sQgUZTM/YadQ0TDG6PC5WaYhNCQ++o2KCLMCGpAkJCW/wgUHSJ3AxjO/cfmdpM4SBsJVaB1VaihF6wS6BLNczedTRp8dr1NmmhkrD6+VYjoFRGboMDqaOU8nbTEWyoO/Yl94VgQ3OEgw4umlFpiJDfW26Ep+Fa0DcUVRp9Wh2rDYuKM3NHF6xU27btoz9b7nNfRdRyfcO23VBRtwmPckvCsAumepc84DuIGbe4ESIQkt7sUVNpig3vpfe85QmsLagA3EQiML5MWDRRTxlcCvKDkQ/l0vPcda5K6Pe6ezO1Z8M6GbUzdywUyXRYkXHDi1GacI1gP1x82vtKqlz/YGdjssD2IvoxFE9WMZOTlL//PJ5OSKmRW9+YG7owsCahLiAkOIMeYBF7RZR1Ac1gpoZ5jYq4l4nhWH3zvcf81UuPHcNbypmSZLsgX8OJrqMCHYXOKcUmbAa5NRIzUY8+OOESaPkDhtJLbmiCxedh3M1nUNCLghK5pjwkxY07xXQ5BP27eEh4UcN80ccemGl34kmj4w7ulPz9mvhBxKZRk3cSSJkjGMkuPT63YAABAASURBVOGLvByDZoTKww+krisRYjPAbDt1ALn2uuv/039+zRvPe70rcV+K83/vv9x04401JSo0DSsf7bqEJy8lEjwdNO8XjzhDoRIlSpQoUaJEiRIlSpQocXcjGYF2sM71BlXSsE7cK4lTg2M/Vv0BVsofgY8Ogjqtnofd5QurQkgczwi3HyDumALaT5k+RxUOWqOdKY69bZulhA7r2JXUwDbCZfpswD1l8gwPDpcGDi0HDk6F4fzKukS3dOoQYnTSQ2Y7AtDO2Vd1RexQQg+XNLqUlEWPKaVclREusAZzoYiWtovqWbXU+cqs81SobdpraSW4ECGoPlWRmO3mxWbd9i19qEK9J+xcrlIbNiwxoU4rU2bQbHphvuCimmQjigpOGgPG1xsrKtAKi/u5+KADQuaaVKoWTnJ6Bs2sIxerEzkoG5LAiULF72I2LZRNBNKhF7ah2uEsRhaB9GoX71htqyZMqrBxjr00WNMpKnF1xPDK/KN0AXVWQIlBaTTQNmuhRzkRDAZpKZyiVX9dOZPmJx25liOAptnbXch3Xkt0AUALo6tUfa/DwztN9bix6P8IicMVQKtjuSW9nEFk/NKbczM2dXkmMaGzPj8596SjRkG082sxtTPrcHk8xHiIE3lJ1hFE7BKRAuOfAzYLvglVUzeJvdi72LcycyYuGCj2SpNJI7UGK0wfPRcl7bBYYH6upmb2dQwYsHUjKldeQEHgeH7STJqqaaqe9dFxNm1X2xmdOFTVhKKuGFjzWgx+YOqq6ZQx03sd0eumYn9g8fXpWvbT0TUaIrHmJ+D9f/GBhzz4n5/z/Oe5EveN+OB7L/iff/k+WR4iNudS5QCfLmxyJe71InlO9knrJUv6w1BAr66u3nzzzdu2bZufn3clSpQoUaJEiRIlSpQoUeIwCQ++BoMIWc+dsmjXm5IXTgjOGBz0fabU49JEYgUdCPOJzTEzQpAVtWhwBkiTekZn8OdH8mpDPD6tXe0ezTQ1Ze6tgmZlvziVYcTh5GmAhg4w0gli7KOaIKgxRxS5s4HjEEATeZF6qITMsqUpTuy1id6bIzWHEFjd3Q91mCD+Tebpam4iqMqVsnEGV/tDScCojFUQbgDHRBcxd+bV86jtpZYX4iXMSsOMMcVaOahPNjPgAE4V5SZG9nFlSLWwbumUmnBUE2J/1fLupfn5FBpf1Tffdvtq27GRBBvIClZPyB70Keswvbp4O+0HtoFmJi69XvG6/qA+GDKI0kjiDccCTh4kcSvhkSPdPbJ/Qc9G6beKybEw5KgiYnbFDlXv/D4iWcuzCcGxOszV0hV2w6WLiUf3WnMSBiBaXNDBErqX3mkCRMms2OxmHRiheHxXyXVypyqninIdb9QzcaD/zuVxKE9JsLNjSCTJk3DhLtGsC8KpxGAadiRQeB9ZqsHDFUBn5CwxQGKXtdDJRMguYF2HZIC8OcargboNUHtk0/jANiHksSV+4yI21qwHP/7O1mNYWgubV75mShyqWeqxHoHncxc1w9Wl1b4bF4EVU2h5upObSk6ormukr+D77vtA8HpKmaVuFucm3s2xORGDZQLJnQicU+e5RqhMmxjxvdirV45wtTySE3bdqD0nwLq+bZ3Iaen4vVgMyfzMk82rf/O3jzvuuMc99jGuxI86Pve3f/P7r/kt+QQSk3z+EO9BmoUxeyy6gdoeiTV8yNXhXixCSNz5C1/4wkUXXXT99dfjnR07dpx55pmPfexjKQnifojxmte85stf/vI73vGOo446yh22sby8/IpXvOIf/uEfjj/+eFzL5Zdf/pKXvGT37t1PecpT6BoPutett976ohe96Nprr334wx9+/vnnLy4W55wSJUqUKFGiRIkSJUrc7fDKSGB+4ATUJtDhLNNMayW7g0GpKo4jdk4+iwRhOYqf1OdCzQ6UHqeRElTbAfiStE6XMF+TLw9r3b35S4u3Mr7wRhM/j+TJ3nAQjExZndepE7QTFOggA9Tv0qwfrMS4F9BZL8zbRmC+QZFSpSuS1TOCOyuCfKfkB5gUs8uHM7Gr0abozDgjOcPSAVaabqQwhrGwoOPYtx2YtSItkflKsxSGep8106BSXrBTympeuWpePU/Xv35xcsK2jVWKy9Pp7bunDIGqpcrFW27fvTJr+9i5CserANFR2DCpu3RG/NwWoVLsCCLIPjjD0w7SZ3mh/RDTSLCNqxeKbZpiG1LyLxtyV55awhAuME4Tqoab3ia3dxZv27OyUKUt6xaW5pqKS/91rk96n1SlzECNeDD0okFKTZqdSCSiD/0oNZrLVWoDvCRNpBeDirh70JekCYGgTtMwxM7i5swFRY5tAwGeG6DhUqQxogclM+CSO7JE0IclgMbkpeNeFxtYFm3QxzvLreFlXg6hT4wRaMxRqn1OOsNiN4XZeYqVVFXMG+rcKD9DjO+yC5B4Z9DD0XGCrY+oEuolBYI//OSn3kA2PKDdkIGLcOupsIjFu4b9MsRNgyYDmnnSlGYhx2VGeSd25eB0E2WtOOPE1uw8afSEphPNJD4Qdyaejc8UmAVxYUOszYhpJkfJ+c1K5r1f+qVf/e8XvPORj3yEK/Gji3/80hf/48t+VcgyJM78sdbLkIhQQOtI1PUcSav1MqPu3b0Vl1566V/8xV8QMx2/eb3EF7/4xRe+8IX3v//9XYkSJUqUKFGiRIkSJUqUuC9HMg/o6gA/WgBV/UHJmtYTDKqENuCmq3HZWRQSZkMj3pCK2uimTAYBKlWlnDEtnxHyUB9hHZGBJM6gJw6DbQLOFtJQp6tyWi4PxJaldiiLpXWSFHcyNtW6cl71teL4nL9iZ4Ggc3atAPVBzXtN/OiHl9F6Sy/WjRiVYdZsBmKg1puwXKt8KZsWrbZZPgsED4JfvVqXSPcE9ZYAOw2ZbEFSLVUEHZeCrHLhvco3dfBx/UJz3LZNy9Fdfc0tt+9ZJijbbN5Ae9++a8/y6pQFlESS2JuFLTkGLpb8wFaFuKYIECswSpS/cUgIKMrV7IYcB9bJrJ4kKOVSzaJgdKfPZA0gndFWVbESOkqFxKTeI16K93W92zPtb1ue1Y3QMh4BNDyqpLjPSYE/EULLSAsiWpfaaAqSPR9K5MmQsTPdFjgtQ9x7c+CGh3TAmDJL62xIkuxpcVnOT3v0+bHpbRjKmXuUeoSHQrB+OnLi8FRA5+nJWWXBbKmjKwNcFjNLPkLx8WiJR87dJcV68i5yE8O6ktGD5nSG8erukachr9L8gBSZLeaAzL+XIe9EaMwHFDsdzpLBNUj8b9D6wf1HFiVEkUxjtQah56auxPrZdcScu8jZLzeTKqhs+1w3kp8K+jDQbl3XtZK5qohA0/wiOn8clrk0EWfvJnXD+0SxpZYnTMizR3pvdbr688953p+940//zeMf50r8KOJzn/2b//jSX5lNp85yyKOPWf6nT5paNjsh/RSP6jh+r1hwXHLJJe9+97udZE0e/ehHb9++fd26dbfffvtll1329a9/fdeuXW95y1te8pKX3O9+93Ml7kGcfvrpn/nMZ1yJEiVKlChRokSJEiVK3DuRspIzmQp5RMQGepIyZtNNfJbsMXHuneqMe6+y3/ylNWWcYghaaakUwFJea2hzoNnRQ1HMrqSoAygmCurxq2gzxoz/ki3/zawXgln2z+hjRr0iPI5AoSptFuGz2GnwH+aUvYmTubieU+TjAYfV7HmMhQi/VG7NJQ5+Ivm8Rpw9rC2cH1vK2pr8lPJ2udIgGinuFuKhbffELEyklF1yA+D1AO+93As2byaoWsuy90o126HmziUqvX5p8eTjJlV09Y2337JrH22xedOGLhIYjsvT1mlBPdwGYwusePNZke6kyGQSeC/2G1K3MMGsxIP264UZt3VDOiHBNhoXhr9Enslkm/+SVieujtYxDAcBxO2TW7Oa3M7VOD+Zzde+nugI0E4GYZauFAE1S50rHey9uHw7055yCiCqW7fI/JxJV00CnTWstG/wo5ugdizD84S/+z7JqOX7xaezq7fBilssaZOigD4sAvMWlPw2kn1W7GOU44nAnJYM24l2VEuKqot80jlIibX8F3wG1snEzVE2E48azBDe11z0T0T4VahkD13BQXMQv1XL9NR7K94ZeMUDUnO0vTyq0PfzZMCoWsxuFKdj1Uliihz6pmkYczsBzrQlP0s8oCUlJWsfkhgC9aKPDrNZC7Npp5MZAel2tWszN6+bOtv4UzIMU6JkYbysG+Hj71tZedazn3v+G/7ghS94gSvxw40P/Y/3vP4//zbyqXJnI7IYUlUgWKo6oaaBTzm9gmILPMCk3OUhjp07d77vfe+jFwSdX/SiF51wwgn5V4985CM/9alPXXjhhdPp9AMf+MDLX/5yV6JEiRIlSpQoUaJEiRIl7tuRIHiCEURKwQ2+HKwI1u+V3pv6eIxLRXYKowus/I4Bxhc4cA8tszNLC/URzgvO5W8fVXGcrCkJEDV1Hb4C+1zSjTgsIxBWW8EBQd72STfjvTup05fQItH1eSPVWg4OL4VUMp8NlaifIdT1CsTVNAQCQj44sKXPIkQHL4UoFDWLIeG8AWUytVJhtnBbbi2uxWwcRC+sjDcpvY5Kn5X7JzWkFgmuk7XOvYmE7a4IBnWqRgZDkgJghH1qVitW1SRBuA2rlL51zVwngH/Lurm5E46tmqZ1N6/etmdpYX66fmm17VZb6jkAbe4m4c9R1NkBJSWBJbDCnlsTMojFEn8svtdRIopgsS5R3OSyOJSTFs6ONXLQRpfSWYhciakAN18EnMl0d75z9d427lpuF0NacPOTirXSQMiVlA9UpxN1zFBhfhAVNUoN8vJyrYWo+nFGYkFdFJAhGQFmGXEBPBDKd609aQBSbM9F+8lbVdbQhDuP1EWyQZhGGYgjJQ5LAO3V7lk9bpJOEZizYnZz55AHV2q0pZQGnaimvEQFL4sImMEyzcVkQv0SqmCZLae5jcrIs6/E253GGj/LciQ3PG1pSIxJ7oR+10niihhzbCq4zbMWWcTNcDAXB2jXV7CU1obA1L7vOzp+O1vt21ns28TPPj/+sY1pJsNc5vF6UtVYj8HPROT8UOV7ccDpZdptu549cbQT6AgzMaBBd4iTunQEXXhqO95AkmZ0gnNf8R8vvfQrr/uvr11aWnIl7v1YWV4+/3Wv/egH/0KqQ2LSk+yFZxV8E/BRE1EJttJVSkkqWAa83dQVr+5whz7+/u//vm1bGjYveMELxvQZ8fjHP54I9ec+97lrrrnm61//+k/8xE+4QxFEtP/n//yf//2///frr7+eHrhTTjmF2PdjHvOYca7xpptueuMb3/jZz36Wmnfqqaf++q//+sMe9rC8AbXqT//0Tz/5yU/u2rVrcXHxiU98Ih3hmGOOybvT8/npT3/67W9/+9VXX017PehBD/r3//7fP+QhD8FvqYsvueSSN7/5zV/96lfpqdm2bdtZZ531whe+8C48l7NzWoQjAAAQAElEQVSDM37csGED7X766aePt3nNa17zsY99DL99wxvecGdHGHtAZ6toen388cf/wR/8wQ9w6v02oKCue9SjHuUOFtlm+mUve9mJJ56Y8wpoVf4tvXOgD/X4txR0hHPOOWe/y0fz3v/+96Mr7roxJUqUKFGiRIkSJUqUOLSRFGJ6+AK4wcWYWQOXHVLSyV68ho6TeUB4VK1KfcfaV3GC7KPX8m8m/M1uBSFzGCj9EoifSbBNNKj1AVV0mhiJOKEsQfx5UeYu1+ITibTrXeyE63ngZxhQMH12EWURcYKo7gziggoypAasUmoJheEi0LaYV/AZKtbi1rm8XzIhuIBFNj7mL9/ab9pJKv02/1/hPOzwEaReo1c0ymioiz57dIhsG8eBLBykX1wgsmGHGcCiECKhpE6qEwrrZqNX5qssiCR0O+Gl9FxgMEGamUQbHQkSueDUxXnjhsWTaatJ1XTttTv3LU2azRsWCUHt2TcjHhR5oT2z36CeAXSz+caLAj31nqVy6kpiFrVSQDGpR6gSJy96bh8G5xazHGABOVe6oj6snNZdhBaeUw0Vn50vznW9vMleskmUyXy6tkthVxebaZxr4paFRjk9kZGaUTTEnSKdDzwyxDyGYFml5xY1N5xMey38yG7hKdZ0lQHmAJFzFCZ4FeeB5E3/X6EQlxsjSP6dOErre9ggidy0CqbyFmNrIddHFoM+XD2gnTrk6LMdrcipuLlH86bBLVeveQ/FtORVxNuH8DHL8OWZ5WqWNMBqvKQ0ixT+1CEhJzUW7fBwifG8bGNzap5YtUgsXDX4ZcUTQuQB3GMZiByyi3B1xuoDAtKoJsdzI4/wgZg3lmPj1zHqfO1tzhXmHKuGE3eV9AulxPqu62LfsfK/os26vpuFSNkv7Rmfk3sY/pyYUy8HkVwj78fviEvOuy94z//61Kd/+zd/8znP/jlX4t6MCz/8obf9t/92043XR8oWSGLUVjjZYh8kWp1lRQKGFY0fJ5+0PKpq/tBL6V5w4Lj44ovpbyKzRIEPusHTnva0L37xi0RpiXIeEgBNh/rDP/zDv/qrv3rSk5700pe+9I477njf+973G7/xG4QviQJjm1tuuYV4MQHZV73qVQQ9/8f/+B//4T/8B+KY//Jf/kv67Q033PBrv/ZrN954Ix2BqPRXvvKVj3zkI1/60pde//rXP/CBD3S8OqA777zzPvShD1GDf+u3fmt1dZVOQYj2ta997WMf+1gn2P3Vr341XfJv/uZvTiaTj3/84+9+97uJhv/u7/5uXR9kCv27v/u7/QTgRHuf//znZ7Q65sj47a/8yq98r57Yn+fSi+c973nf76kP3ICC3vme2PdNb3rT+EfixQTl9+zZk0E2XQ5dVGbQB2JuOsKVV165X0FFNG/8Dm1wIKwvUaJEiRIlSpQoUaLEIY8RNhNMoMtt1ZrDqrFhPTe0pH4w1BAfT2eqH6UMzkGhrD4ZTBqcqkiZHfNrELvoldBp+b44WEQbeEE9OYPG8vU4Yb2vKo6VVKp0WAyT2Vs4KQfCcnNtK2/Ug6tAyRiDd8NhtEoeDIFhy0HwltCtnktI0QALeyXUaVhJb5ejnhP4Qb0g5MKlbJkZaasY2xi1U+8IQ/Ny+VEE1HYYtR+pwMSDXroSMMLPen7x2Kgqos7EiOjrKjdb71oE9RH0ydBJai4yjd24bj4ce9TE+ea7N117625RZAb+rrZv1vYtnZLQEugYg+8IKxVGXF6W0TtB+fAXcNkEJac2Usqjx6l6WTIIUIo6swc3Zw3j0970wp4ux0UVtfMX8Kh65iAq61nr6DvnfJguVtVSQww6memyVHWU3AAOJgMjBXiYJ0BsPywqVz8MQ3lRB4dg/gqZALEMj6A0Udekw/1UbKJHfhqqoWek7lWHDcE/8LPcwaRWNUdQHJ4WHOK2jqdXJ6k82uG4Y049uWIrKooKdGUvc0C6CRHZih9ONqupOH0hv+I35Vl0uo4B6S1zG1IUHDCLRJfda5I+NzJzei41KDkmOmpkaTM7ZvQjz96e7WMAoNmYPGJm5pkjNTXSR3w8TBkaLGdmYw26EKbJZqJBu8PRJ0lhQ9qk64IsPNGMU9dXs1mY9TUSgTITVM66j65i2vM8zVkmmua6So4qjjk2z1533Y2/8u9e9ufveve/f/Gv/tt/+1RX4lDHpz/51+975zu+cvEl3hyQ9IPM5c90HlosnGdnKq0x7IU1B8oDyuqVxHkOMVXR/Q9lEDbduXOnE+3tnW1Dw/XYY4+97rrrMie9h3Hbbbd9/vOff+ITn0hcEv3wyEc+koDyRRdd9G/+zb9pmsaJRPrss88m+gwcTOySSChRYwLQxK+JZlJ7Mk1+whOe8K//9b8+99xz//RP//R1r3vd3NzcP/7jP370ox99ylOeQnwZR6Cj0RH+23/7b4Skt2/f/qlPfWrr1q0Eqbdt20a/pfP+zu/8ztVXX01o+0Cra+oluJRkRXBmvp/5zGcAeT/4wQ+CPudtshr6LuKP//iP0atQH+9Hse/mqeErnWXRGWoTgD7jjDOOOuqou2gAJMyZLFOv4kT0K7TkG9/4xne+8x06LLWEcDNtk1tCyJ7eoWuku7Af6abh9I53vINOjU6gvehQBUCXKFGiRIkSJUqUKPFDCyXNfuykIKQgpgrwzd4zxpDxHL/MPspOvo8CxxBNEOvdbGqqxBguBNDFOq1oGESuGpXfgEIGyEuZTGBJsBwLh3dGasTvIMHwAabJfQSwHWC2CbiARwUU+qCF8ZwJwEEhncgM2Xs4VAKgQ8xKZDfwxeTX9l3KOFnQo0+5A1WibQJvbOfd8IbLTCs30YSCRnGVR+uXfyVccN1OPQsIWwd/bPaeYLhF0TBaRtHCwdsE7REXEMdiyqoSPNrVodq4bmFy/LaoKk9XN01HKYK4e9/Kap9aPpf0V0gmpFbnEO8GKhctBaH22F5hLmwoxhbjKXuuIKWB649ei1WOLpl3oS/pye5CDCF24uMMAE0ArffLrr9jJW1smkkV5msvMm+f0ysYVBjO2tQoAudotJtHecgjWoTkvapAdSippF1vizggRGdu4jmBMB4U2Bb+5Xn8JLNMCDr6vXdHVByeCujkzDYIfs4xqfCZrSy4ZB9B5LoSdTNPZTSUKnGTlxnMT/hpZO4839TEoBuxY5eRkWB8UcPuSMZeVOMXJOpYmZw9POgRhDG0oOcgKx48MnI9M2X2O+KnItTSYlltoaNNTsZmN3wsavis68Q6J4hDdU8AuuY20UTbs6655syVoDFKgnUs9ef2N0wjtS6qk6RQamNc5ZqCfdfVsa9kCudpJbKJRz3tklVRlUfBnhBq/VRWYsjs77qu19UpXERRDXoIcVPvfPXLF//KL/3SG19/2rOe9cwnnvXkU087zZW4Z/Htb33rbz/9//2vCz/63auu4O52KtevmiblmgNiwS+rNnpx3Ej4vKyQFYG7fXZ8RkbN+XCo57KplEOkuGszlnXr1rn9p997GkRIb775ZphmEPP90Ic+NP7twsLCWWedlcXID3jAA2hLQqv0IHz3u98lVP1TP/VTBJ3z9g996EMf8YhH0PtES0877bRPfvKThKGf+cxn5iPQJTztaU/7T//pP1166aUEoOmdvXv3XnHFFUcffbRnI62ayPWdNZVg61vf+tbxO7QXAd+sBSY4+4UvfMEJBSakC73wS1/60i9/+ct3Qe3pcmgDJ7iWNsaJaPexyvjunPqmm25yojsG5CXs++EPf9jdjaDzQnJ+wgknPPCBD6Tdx+3HraHD3nLLLXRY6luQ8Wc/+9nY4BnPeAZdNb2ZUXgOQuQA3z/3cz9HxJwOcuWVV7oSJUqUKFGiRIkSJUrcyzFSbOJvQRsuDL+X4n8gv+CiLteY80HlvU5gC+R+Y9BM71cDcaLvsUpW2aaUFcgRde5E6cdukkIzVSjqswSaTRC8LQ9PylAgqVUFakqQRoOMRgHQQNdupKd2w/pipz7WKs5W8aIDMGKUpBQ3oNiWg3krOwerojfl/oKAO4oGGd/cjU77AS4OhiIAraozS87MSbR9EPnqwnpoK039yNhYIKniXvE74YXvfS+V8Xwdam42UXM2CxHtODS/dkwH6CVdk4z60hX24qxMuywtzZ10/DY5ZBd3Lnu/gW4UYaY9K/vaEHrcb4Fe6GGHcmviPCBOsOhIbwPLyJnUKxtG2QAKcIEihxZ5ts/9mkefh/GAVoDsxKe5TS26CI7WtF/b+93TeNtquzhHaQMxKRDLEBwuDL0shitSwBCoi18i9xKEflMXc1MIcXcYBOwfzje4z6MoJh30sPXAABNH75jcuP36uIitAG6uN7KI8R693fcjJw5LAB1FKO/NVEfeSFyjr/b0uE3qMNdM5ihlU0PazHrQOqRabnPtOSdUM4P2E0a7vEstamep9pks8xQgoE5SMxUTMTuue3iZO10sIe2QJQ/w0HG27IG24771NgfJmwGLVlhlLUs+oi6bYMckHpcVW0/TT0tNbd70o3QdJ6mqOAliCZwCTi/1Oul1gyxWFSah6ru+bVuaNmgaYbcbPmbV8zWGDpUKU9QlGjJLEPnu+hk7f8BcnwG0fna0zDxlRYGYWMc4of7eefM1f/7WN//ZW/7omON2nPnQ/+ufnfng0x5w2vHH32/rli0Em/yRlsS520F3f3V15fbb77jm2uu++c1vfeXSS7/8DxfddvO1CxNe0cG3iT45KhXFR1RLcEjMpj4kywqIpRNyKUiASp1YnhzpAI4ZdsefuYda/+zc+vXr8eLGG2+8i81uuOEGJzDUHYrYunXrIx/5yA9+8INPfepTTzzxxCc/+cmPe9zjiEGPhxkB8Y0bN+63465du4iYU2Nuv/12QtJVVeVf0eszzjjjU5/6FF0IcVXahpjy17/+9euvvz5vc80119CbV111FZ3o8Y9//Kc//WmCrVu2bHnMYx5DP/7kT/7kQc039osDRcp4E11EGDf7aFN3Eem+CwBNYBcc+SEPeUjWKe/Hl7/nqeksRN7x5psk3MG8mw8a1Lz9tqFTUwPw+uSTTx7/6uqrr8aLA+0+iIBT2/KhxgcpUaJEiRIlSpQoUaLEjypMwetTyhagKstLcMB1fuTZYXBaytPRN1TPstIsAhanBgF63rTTMet+TfCLb3RRTsnwFz7DWWwM9CoeBl7KZPVZSRy50qA216FEkvLqylcqZc5tSUqECackW2Ks0lOvYFfXIOeV5yJ77QSbovnidZG0LqH1Qpb+Cn2OiuPVVdh61ATCAcDUelN7IZlQ2g4olCbCz6PSZfDqRjHcJ8I5LYHiro09xGkMS7ngINcc9HUlckle4h5Bz9XyWuiYWif3Ecv1+fobMcDuYu+W5qqTjt3CRcjidW5n9JvWUYtW2nZl1nq1gdWyfF45bOrhRxDUJcCaqHYC6hkbzC8g9snb6IIPB1IaSq4DdOhJ6/zplgzPuEf4znadWmMIpVi4BgAAEABJREFU5qIzdkGqXE5j2DXt1007AvELlam+0WYdTU4qAdZCzpmHSSrEIDY7nffw15Ar8NCxwxm8l0yIyPwrPAVelp27rPTOBsA5deL9gCw8i607Am19L/AxaKLmXoA29/E4TC04zBKeWRLPVPSIzTf1fFPNNfVcU81PJnMTAtDsXiFVUl1WLtPkFYQA14H9fOR1kMwGZ2XYtUIfdtQ3lScnwuVG9PG6NEWzKZhNvEn19UnkOU+k1FmDaqmQpNODVAvkaoIBV+HmnLgpVPC7mKtCXtXSd4OhOc0YkedBmQr50am4iqGUC8RaBzwV0XNJQhZCm100fzCIV1AHn3t5kDDt0x8uTRiRvuT29+LTlNilmqmzqqZlkUPPRk2C1/m5a26/6YZPfuTDH/3Qh5JAT+k9PniPHKHkSnvxv1aC7vixZok6u+DTtNfPWn4MnXYnfHlE1R6xykEXiYj/EQoTwHtF13cgHzmZmxPlOO9VT+jYlXwE9HyvA0zseQ0NMa+5uUndyK0PQao70r7zdFtp9uHGUGu6uNrNprNZ37VNPcFqIbi0iDyc0hh+UgdkK+lONhQ+rdKMPGXiH6TuKn8UdD18o7AaiYbiujnXVCxZX27T8owyBJRS8+sW5jYvcpPEm6hrZzP2Apf0psxskm3jTku9LZlJEPxL6YHIJlY17mJAUyXJwatQfAiHOhNAz9Opp556xRVX/NM//dPZZ599UAJ75ZVXgofSlu5QBPX8ueee+8//+T9/5zvfSVjzzRJEon/zN3/zoQ99KLaZn5/PcHy/6GRtwV3AYuBggtS/93u/d+Bvb775Zvr7UY961NslvvSlL/2lBI2lX/qlX3r2s5990CMfaH/8Q4vveepzzjmH7tHY7oN4NF3guNThvRrU22MAXaJEiRIlSpQoUaJEiftAKOiUL+aCLeRdga5Gn525nTpBHDCacEm/p2fa5+Cnq8TGnCZEKQvdrE+wMA6pAqSFTwMEyuOltAnyVecgknWw4O0FPfS9AZigZQQd1gFXzFAcHIeTLpxH64SGJ2eltEBfhcyK8qvSanPZSUMbgYhGtNXPAYeHAFt1vnxh0duuecE5thGaFLTLBitXt9a3QbBUTGraEHI/ivI4yrFkmXQvymf6XdNUInCshC9jPT8DW+Yp3JYoZIu+tlao7yc93YQU4NcKq1iv1JX1votLkx3bNnZpVoXbbtk9nc4W9y61035Pl+Ccok4UKl3W/kBNRCzAP9CJIg4Xl6CwC3oD5NaYiDiY/wfMKwaYj0ZWUtIspSlcSOF461Ilq8Z7Sl7s6sLcas8OtguE4ZMOP8XPOgRh1uwND8JZAUmPGFFlLbJhQV37tQkXybMwHMxWqaLfN9KnRQeTd96txTAi7E7i1hAApjQHI9UMD+3C8ft+HJYAOjDj5bwOPWETyJnrsDTXEMqbnxCAJhLN+udadMbElr2YWWTZskJnXlgBbhtMSW9rL5LPtkbZigPm8FHIdPI6ncmci2RN5bCQRPJmlU5lyAzl6YenC02pOXn8TcHqbbWCAWOcXGdROVTADMc+IJSAkWviy5CCAKJSRnN5glKkHupOFokIW2dRc+3ZvSHiRFqEkCcxrouo8n/+uxfYyg95x3N6DKntY8tlZZmEVuL4wELyOszVk4Wmls8eAtACvBMOmOBqLS+GeVqmOF6eQ5MfnXJa+WkdYJYktRn5UnuZTCEVj4ORkhdYb/py2cNZRpbuJHKT3EQB3vKR1In1ilTIlX5o235ucX5unqfoBfqLneRDLUt+Zr2bcRM6dnsS4EynqKV+Ix2NwLR3My8W4YmLzHLitaYBNqnpby4NQLvP+tV2FmApHqrJfDNp6o7Sjj363knKi+drPm+FHCFPxm2MVQyN3EqxIYpq76Qrc6QopeR0zVvDeStNjFUqWdk7JFsxyYbgDnU8/OEPJwB9yy23fOADH/j5n//5/dTue/bsueCCC5yg6kyH73nQ0c6S2Lt378UXX0z894tf/CLR0j/5kz/ZsWPH99yXnh3C0He2AZHQbdu2LSwsvPWtb920adOdbXbGGWf84R/+IR3nm9/85ic+8YmPfvSjf/RHf3TMMcc84QlP2G/LW2+99dWvfjUQMMTF3/nOd344PPpunvo1EvtVIzyoO/M9j+9Z27BEiRIlSpQoUaJEiRI/qhhJeR2gnFJCk42CxYLM+bwx0JwVAzRFHtsYyMLw4Ezm60YuFMYpGVqwI6m4brC9ZBq56zpnyBiILuUWRtMSc2FDXrStZxBpmtZOFKEd1GzcgDBIAlXWZt7N8sUZJq1MTyozu3CmTZaNUlTWmJQGafsUqEufRZT70mYn1f46o57Se86pv4jV7zME6VKG9MPNUDMTbZDXlf8JfJQBS481+CAhrMBjsKGC9TRQU/XucFLnrKprqXon7s1JSVVi7WCvlSXld73w/A1LkxOO3ey4ONme2PvVNk7bbvfKKmukTZNpo8WcRhKuU8tPwo4F/ZEFlYpd6RiVEgvzqUgmM0eBv6isLSmkE5NvRre0IaSBMh6kipqQEvYqcG7ap52r/VwIi8QHa1cNrMKkxsBcXgFcyBpruRFiLaAXhayI5GF8br3w/JRdRkDjlThHs42BvcZo1Juq0lm+w8NfwI8v/YiJwxJAz9XVpApzTSAAuNBM2Me5rhYm9QLT54oewDnJ/vCmGJIejsdSObNPYtWS0bLazdjyh9FaEH3YMYgMI+uc5ZMWOoR5OPvxwj0ffFnO74OJfnUnwZns+iFDnoW4nKwTx2jD4xGPvVZZxMM8HFBSXWgjr07R8p2SZ5MGQ2QdmZR6mIVwE6IkBzUJCdMN8XCSJvI+vfedLlpxwruZBNPPlUxxrDf3XurF9sDHlFMTE204ZfO9oPP0kohjXTfTZFld0EVx/FDDH4X7gRXQlWdbapogVlkszZu1Xcu7s39I7LGaRgveiiadP51C8nnGp8MGWdITalF+00zYMQRX2bXkoMSaSCcP7uXZdCpd1EeCxMk1/DETGB6HsNq3q5TbW53V9RzPxyxjr3mmE1k0RZLPR0obdpwL45KwPUoCi2NGbyNHGLon9DxXzy3MN4Sk962u9qyGrj2KRqZE45ayFW0VxHglLq/OuMXE8iX5mtQ6SRTf+PDkcUhAvMfkVNm4Reo2oeygfDYJs9bpEKPHHeogrPnZz372+uuv/9KXvnTdddc97WlPO/nkk2l8rqysEBq+8MIL6QVt9rCHPWzDhg3uUASd6Ld/+7d/9Vd/9elPf/q6deuIZv7UT/3Ua1/72r/927/dtWvX9wTQ27dv37Jly2WXXTabzSaTCd6km/61r32NcPOxxx47NzdHGxBVv+GGG8YA+q//+q/PO++8l73sZXS6V77ylZs3b37d615HRzhDgi7w3HPPPagVCR0ZThoo2XfgBtltI5fscyNfjjuL7Lbx5S9/mUAzXDiyL8fdPPU4qCcvuugieoHygE58Mw4VLD7xxBPx4hAes0SJEiVKlChRokSJEoc+1Cciag0+hasc+kNGiKLyTdA3awU6XYbLfxKke4ByKSNZ53SxOJcwMisJ+WobxKYjgcjIMncgSHzXBc+NbmSOrFJkWXiNFcOmvmLFnqBpARAJZhkoAmbIWdexJyw4hvG0GisLqBbtWcfXYS4TghFiUCxk0jgBycFWuWdYaVvwd3T9wg6VbTIZcLRl9FjtPdD5NV/bsYYbDDoZDYfhs3ArFekxI6ik9FnToNKgFxbBzIRwA1hoYA9nle3JAXu5yAAG61VNnqCrZJTeOYG8dLwt6xcDSxhrIiN99F1LWITgRqcm0nJAJCaS3ieo0KECluazy7EOEl3dbtQ+ZHG5AmRZ0s1N8BGyzoAaizC0DUkNwHl5NC9BZzMBpwNGEh64drrzy9N+VwjrJ7HxYR4WBjom1dTDJMsK69H9SldUbC+L+FnnV0kNTO/ygyGaZcs3mJsLkhyq8pY3FCMiaeNhHW7UPqGGXcoq8iOLPx+eAHrdfCOGG/XiZLLIsC80NDrYQLmmVMdEHJadPEooUMjhbXUEOxNVLIMm8ChJEfg4e+QsBMPC8kg1xzKwK5lExRxBNNCykzjXs/wUrjEqgGYtNCf+avHTcCKNFp8QGdOxr5hscqKJB66TB6rC0g2Z5lJs+7YJjbBpbhFdZ/aRIeAeQ++k6fy8c4JK4HcFEw1uR9/JYZF6kkKDkg+T+rP0YycfLIH5MhCyrO9ImBgjVl3A3aLiQ8kT7edrvzAhZNx4oeqVk/OLWwjtO5FHWcw12CSELXL60FFDJ1Gyc1jLoLUFNK1Ik4MLc9Gtp7shs1TbNR0vh3CzGZ21UrU6e+LDeQe2yMhz8mE6nSq5+6lLu8iGHi2Da5hV8F5d1yX0Kk8cLN+eb8KCrD1Zna7u62V1i8xiDPZbdlGqaupeugTPhkk08xBHp4OyNTNNHL6fUZfEinA9DDDo02qumaN8h3yALSzMi913H7tZFNV1LyuDIuvTu1knts4pLc7NLzaBeq3vq7btp23b8LkC7Mlj1+c5CS5TAVmNymFOr8SCP8gY7+C+IkUz4R0tAwLZzxBNF38Ig4773Oc+981vfjMBUwLQ9IKYLMFQgqfj3B3BaELV+/kC/2Bx/PHHz8/Pf/KTn3zCE56A8obUq3v37qXz0vvfc/f73//+BIv/5m/+5n//7//92Mc+NjfvC1/4woMf/OATTjiB7j4dmaj6X/zFX/zGb/wG8Wja4LbbbiMsS7960IMetHHjRuLFn//857/5zW/SjzgCsW+6m2jPnQUq6VFHEd4dY+JsxExvvv/974fxxR//8R/fhQE0BXXyQx7ykGslPv7xjxNfPvDI3/PURK5f9KIX0RGoV9/xjneAYueKf5ka3/MgRk+noBO9853vpJFAkD0Lru8OHC9RokSJEiVKlChRosQPIbJWl1focs1AwA5vAl7+Eh+VBZsuWsEadMD81b1KA1SWL/d9GpPsBJUeccTgtLyhftlNQo2T+ElmhbWozkD7tLpd9l0GfuUzVOLsafxOxHdelMFyhGQaZWlpsuXoDgQDVe3qypsqNYg0WPRfvRfposqII76V57NrcS/HDq7RlNqC23MRpiQSxVwqsYfoFqK6lH0fvHqaqE9EEs2fy0Ky4Qev2QHvBrLFqCawKK6ug9Q0E6SrNrBWClCss4NWYlRrD7lGxlu8gr6TFfxOF12LuUcfW9Frak5g/fzkhGM3zTVsWtx2033TaRvj6qwP4mEsJfjgX8sFCNkINgTFqsFngxKQNVFww1AAO0I6nXwW36uw0sHZhY/rdYQo0k1ySaGen6unddcz7qCTtuK9XStbk2vcN21v3ecmYT7MublKFdtCoIVmgR1jUECwKPwLOj+HPILrWaSvYkZRiLMA1MvDIaUd1XIk4oAYPOJJbWNU9oQpCpIm3p4yeXocSn/xdVfuiIrDEkAvsNdztTipF+eahUako15mi9TxPJTgbiC2EpgrgyYaXH2ZSE8AABAASURBVErDMoDAKlpNWXl5EHt4x0veLnhbZOJ15YU8/TLwo8/Tn+mKQUhZ+S++vCys7VoPKw6aHCqZ3eTEtcx5xCX58aMEjswajGyD1CIVTTTbaPAeos/lkqaBfhQNNI/auvFdz+OU8CgSW/YxITUTg/FqmZowk3OjxRM6iLdD4BlTZmzJdlXytEU1k048wwR+hn1TmR0PTzEd0evkNaHpAh4zfvz02cTKEtSnDbVM402CF7RY7bghx8fe0jT45LHmn2nTeoJObue1kqslCHUNh6Q6e2TnCKy2fYUpniAsDYHERvodMWiPaUEgrJRQxDPOgmVq9aRuGlEiy2yXcNOlZK3IzukftmroMTVX4jRC9ydK0gEJWafTiXzCMGtvuzAThToHsWdKDNL9Isq8utqvtO1qN5P5k+4Ui7sDPi18IxbY7eps2vVhT7syXVldZJIttlOBO5EyjEk/NQT46woSj65GDjNoVVtxugpiga/u6GuW8Bza2LFjx6/92q994AMfuOKKK+jH2Ww2rt1HVPcrX/kKvfnWt771xS9+8T1n0AR/n/GMZxCf/Xf/7t/97M/+LHFnwq//5//8n5//+Z+/O8CUbspLXvISYsfEeb/4xS8SjKbmfeQjH1laWvrVX/1V4OZHPepRT33qUz/0oQ99+9vfplOsrq6+733vo4t66UtfSu2ngfTsZz/7S1/60q//+q/jpJdccgkd4QEPeMCjH/3oA8+Y2evHJMa/yvX36IqIgBODPnCbuwhqz5e//GU6cq4f+P2emojzyyVomyc96UnjDZ7ylKccQqlyPhHh7+c///n5fWreWWed5UqUKFGiRIkSJUqUKHEfCF3+7U3aa+to11gsOGcCYoeXzg/WAYIW6dtxyzAEJMLIqgNjDGrYAO9TiGYZtoAmO1uEzlRB61XZ4vAIGWkaabLVtULWqMMgI5i2WRoLvODUOUGYhbbTq8yQg+1Yq7xiWHXFuMjkoKHGtfms8GVaqwvV5cyDMUOSWnjor6C8WytuMXRmWVhUFxO4v4IPm7I7KvpMYKSm01VK3wsY14uG+li0z7LonUmTr2smX9Flwiousz6peUeM0Gf3qLwFiVv00Rb/Ww3IiKXXUvtLBJp8vQtNOGbTIi9zr/w0drO+m+1c9t6al0zIrvmCBEGjg8ITNz3BdUC6P6gHt93hIbNg8mLVvksVNjjXqlDSgdvKDawjO/G6pu7hw8GqZOJwHXq07ftdK6kJfiKL1yXHEKXollTY4mPCu9mr5h/6bNBhB6+P2uo+wlQjMWWy7AesdgMbCSSWtaqI23n4qSptTia455+7nkF6pR4NKT9NR5r82R2mALrGc5kEIWJhgj35fZtm0RuqTTpgk81HaqHrMfqczARC7WR66yFR5YQWC5qjPknJDdYuALKYw6IMLcyWKqFPUg4QjyungNTxuesj8DNj3AhHG7WYYKCMTBRmXfoxcIG+IAAaGbK6aoKMVszhlDlsPIrgyRwXQl7RQP+w+7P6sUv4oAhdnDWa4FNKw2QhV8ZyWl7sIJSYjl6JWTT9wKS798NSm8ASZFugII4bCfbaPaUKJbHJ6wu8ml9Lc6UQrnqc6B2g19QJQWejBN9/NJYNcVzVti1bJ7NqWyYBSxbRrCcfbmlGs2cV8BFZ0exT8wbzVd03FdTP4sVcR9GZd1F9+rmra4brbd/S33O1R+k+zEScMug9JrmeWyhG20FX9SQxa5aFG4OTFbtd99Qobz4ofBT+MApcVHU5TmdcAY9V27Mpd0IvndnIpx39uDqbLa+uxp6rCLaMpSeTeXkeuWt7Vs4n9eEXJN8jY9rLCo6aM9SWPXbOlj85SyFqoQN378S2bduI6l533XWf//zniWzSO8SFt27dSnj3hBNOuPTSS9/1rndRm9/2trf98i//8imnnOLuQdBwet7znnfMMcf8yZ/8CeoEEgKmF4973OP83fMYIYRNNJx2//SnP02UeePGjU984hNf9KIX0TGxAY2K3/iN33j4wx/+9re/PZ/iD/7gDx7zmMfgFP/sn/0z2v31r3/9n//5n0+n0y1btjzzmc984QtfSBT7wNMRe33HO94BoTH9uGHDhje/+c3EmgkZZ88NYtDUJGLiwMS0zRve8Abaiza7iwuhI7/3ve99xStegc0I5lIjqeVZOn13Tk2U+ROf+ETeBnFvqJIPPNEPrc5hiRIlSpQoUaJEiRIl7lYkU6AG/b5uRfRU0RSV8KqPQvaCxM7GcAWzCiyA/lV5r2dxoPxs2yvrFZggKrA0rEN3+NoOXmGwz2wdkiEZGOxKtT/d0qtm16NeF2yfgzdrCKfaLVk1LGuLg1bYsu/LEfX8BJUnOF6kockOV+NkZTfDIG/I3KV8URkpwmQhquIYujVRMapyEewqJi2bqD+oojYL0kd0WzxLHSurZNm13Iwg9BmqOw9VuTJ+FBrzwN7Skqi5AmueE0El1JXQryWQA2QIMo2VXxB2XZirtm1e6nxaWV3Zu7y6e7mdtb213QnJ6TA0uKmMmyLMXaXHTXEs6k4424JEobBgHj6Goc03FpBPXDLgfQrXWZZmOohPe0HstRddvXhbiP5SLnilT7eudkuT0AQ3VwcCSEEIMkybE1uVo7Qb2LhAc/QaU5bEyQkxQggQiLqsFGfODb1ghJ05JOdy16Lp/Xvh6QHvSPpAnygrLekUZOKq7xbT+LGJw7Lq4oNPu3/luG7bwmSyOD83qcXcxjixpCxCdvVBDs/kz+YyH4LaosuCA1ay2iQhlg7e1j34IXEB/SsoYJ4UhyKCTiuCjhZisLuGqov1CE1VY7UKTOVp3mhqbk1y5pIvswi7L4vBchCLjroWmxvMHYPFcUgKrfGMWsE+bxM3dNsB6m4Z+CJVFrzJTsseizK8zFHJCL08Rn2v7JetmWVBBgwvGOha7rBnqi7668p3bcvdLlUfhf57nQzRTU6nmJxjJMLsNT8gzjqi3tUCB4GtM9hcQgoVoiChY+MF9n8Sfw+2wMfEBAQ7qSozkAezJpBMqL0WN2rxoe5R2Y8rBFKfTtupk2bKICGqzei95VO1TuTGnPYT+xD9BBBPfplnGWFjTsdt5k7wToB16nrXxU6WiVSUMyCITj+iMqOkfgO/EftJM7ducYkubWW2urI6FZYe5ppq3cJk4/x8zQLvjs2nGvHekFFNl06HkqqCYuNUpYkU35RsWseLb9hmJaAMZLQULd21z33zWvejiMsuu+yd73wnNaFpmhe/+MUnnXSSK1GiRIkSJUqUKFGiRIkS96V48+v+EzGKSjRSzAuxJDeJagrGzswJk7eicqo2U68E2AunOnXzfqXiqkVCDcWXUnavEjSnqgSNGUBLCLNOWE3O0rCoQCY6lJhzqRJTUajJgrJW+SKOWloiVebl15WR6mSaN5ErszECV+qruX6dAAvVKnpQ15QXGTNrYBaDtxk9QHbrnGJZaXen5h7GTdR0w2iiw69QYy6qCFoJUYbDhjydrbcHw1KtpLfiY4JOVEkn4JvdZkPQjcSXwjGMDcqXPNZaB/EAoYhthOVoGuUJzBrEwVXaeH/KiNqcVXT1fhdEX5hCvdL2V1x78z9887qLvnXTrTuXfaOcTByiZ1hmz1LOSjpZuFslvN9BXxdjFk33UXEWgAxU107IUlABHhCV2HNLfzKd8rIa3okrc1IdsazLlzpvspifl+NDnC5tO3ap3rFu/qjFOedWuXfYLIELifWhFTReqZEMsDT3XsXmqyFxlTlh6kHdrAHfnAxIOJnrfajrSjMk4tGhckDQdg/kjh813yA3yuX7C6H073zwc+5wizPPPNP9QHFYKqCjSO3Z0IDdI1ofxcDHkLOoczn5IoPIO4WrkhCz4IOIR4cH3cPCBNW7ppyjMIDtzKcnwR4oKV/W2UGGTpAqcdy8pGsHks8oUNYLMGrWwn1ipeTAXtkZRhYjYKqU/YW3BlHy0tsdV7HjPAyDURH08sPZ6NQpHaKzo1x6b4Bcy5lqI1LUogC4LLYMqnFufUJ41uZz0R+njxM9lamdSWVUXZghsN7J8g2GuqiM6CtjzppdlCkW9T+jgmXPKzm89QCjdWifvcwUkmKTAoay4EWMgVKCCjypObVMhDhoqtUHXnpSbIkE9EtysUttT58Nsa8wrbF9hQwG+uShl7GfZ5sO+pGvX/xFnDD6KqZqlsQ6itXgllmVf/jeTxj1TppmUmkBWUlmxapqomi6W55L+b8gUmvahU022nbG/cnLPKZdN6Uf2pRWl8UBqQ/sKd6Lm3fct9yG2G2Ym6c5TIy8XSPCd1kEk6wcpiwVgm7bRVXvY8gkdRzC7YXjjPsRBc1H55xzzrve9a62bd/ylre8/OUv3759uytRokSJEiVKlChRokSJEveZEEamMlR1HBhVEFSmASmeAAG1tvDeloiLLlRkurAGVtuFgXLCKQMAurcKgc4Kv3mVQQuWBOSO0PVJkzpGPxHkUWodqeTOq/oQW4l1s0mIiXsmdVMAc8b3/kp8RYMz+wiXxWYQHQanwmdZgs6nqAZtKr6Le2iuwR5hPCqL8mWJu4MsV3SBqvF2qnMGfQwjret4KW8KKj7XUo+6dpsBroEa0A4rmicaY5Q445KJyB6gcqETl2poy0UjnPIVOoVEeh9jZtuwu0iqWa+EG3uIHYNYxApHW78wOX770bfua6+/be8du5ejeWmA5IvWU6oIZmlzUrCPEaHWK051nimbcMDjma9U7rNgXAhJeay0HdooRs/MoAK7fwdvvSh14OCDyyEW3eoqTofeuTJbrMOW+WY+hSkdvo6TiSdGQyhbTG9T5ZD1UBlnDacEQd7sxypu5AlmBkG152a2IMM6urbv4ZkCP1QlbT4/OvogaPG5BONaMwxwlgE5kuKwBNBiSsN3l2DprAWsZDwLK/TAOll5C+7z+tQl/NKbJweOA4wY1YfFOa096Ht4z+iggBlGfm6SJqiSmPDCjQZnCVi4UCmC5Zf8mv0ShOdKATkP6bFP6ssRxUo4jLT3Hj7ULnZQZEver+/7FM3cno7YzkzhzWXZnIM/iA54egx5kAct+sr2xGIzLZML++TQz5hZNGuZ015wOKkrSR+xDJeXNQTm4bHr4AYf5PC9POb4vBKSHcQoI+q6EKe9jMmSfqhluYusmaCG8bWIUT13UyQ0K9yZNkhaBJX/IcZeNTUm65mfCVyV16ETQbfDtFbz3zBT4fY07C7NKzEq0ZvrZ5+s/al5dq8Tu9QrnE4JUwcKTRJLjkKeGWfTTI5JAqPKuYkua9G6iJK4Y/E1qh/Q1BTgGsS5SLnPbV9N23rWdXS0ju2i69kkcQqBfpSc5CqXJ6Qe7WWVCXVREnslunPUwsDXRA2hSVWKA4spE38e1w4zO39woOO5PT3MTwK7jvB48GnwYfkRxIMf/OBf+IVfeOc739l13cUXX3z22We7EiVKlChRokSJEiVKlChxn4qkRqPOqbWkU5sNwb4q1TXPZuv/AAAQAElEQVRhnjOA64wiC35g9bAbbEBTFKLihTdHxRjjUwCl9mJmINCSv5ML6jQqwijas/YwOdW6iaeoR7WvPsKDNQKqVhHuICLXFSgQdFF2w4K/GlYJWtXQ/C2cin71qz1gYUgoVLiWEjstl5fLBjp0FAvQGD1JOSpZ/wzkqnw8BWBsvx9nTJlFirNqSiM6qSLuyF4iQTAW2DW6Phk1dwHgma/OvDmdFjyUnwI0jyNNGi4oqEISBhq83h6mGzYMTILH+zeA7vDD2DDX3G/r+lN2bL7+tj13rE7pKOyG4W2dPe5+hBCThwT+yTcTAnphuWDsKpXUSogJg4418VHtLqyany3TF3Gp3FW4zxIHI+jVmx+3D/Awj9qZbjW63bNu5/LqsfOTpqn6inhxrBmLTZIqM2OmYKrqY4Gg67hiGfOjKlh2AjkCFAJTSwDu7TqpqYCYBCv6Dob89SLFokCpu9wZoCxl/j8y0eCPJg5PBbSMKfYC9n0dqyaFCB4MYaj4+/B2tpohS2f5zZxNsxqUEWsS8OwHnXI1bYeRPDjT5DnTvFtk0OgBvU0GQV3knbP8jLp9eGGdUiFU4DhM6TVlFkK2RGL9bECVPy7DSmAzOCDOaJgaxVrVRqSXlREQKQMpowe8NUmeRbBUj2fDlnuYKDo/13TkqqEEYcSSFs8qc+kOmgoqdt4A/Mc0pEkgX1fBKpMmEXpXMo+LDY+YFTm5Y1grwrNI4A8bqWDIk7KYWGCph6xoEBgvC0hkDZB41QcCy3Lv+qjWHdCLU+/V3lKtWOaArBfx66bR6we+lw8D6biql0xjBaG6h2Cbm8peFxELi3gqV+sSx0r7XpKzHj5HKjCXXIN8Kotrh4uWhqhk4VAlJREnXJGx6vrAbs9zsjFhYjGVnnY9gfwutr3rKvlkoY8QOgqlMttOp1t8zHIfqJWKXEWPVKFcToWFI1x31TEE782l/EecTzvzzDNf/OIXE30+aLG+EiVKlChRokSJEiVKlCjxo46U/3IZdhjzAHHwykyy6nisnpNv4lEBqR4x9WAGAot7+OBicbLCE/VIVrWqcuFsy6zFCcUBWUVzXnfLoRAyjYocCkH20A/D30Ewi1fO4kUwx1/Hwc29LivWZcTOuKGJvAFUoHqWo9bmvOGhcYMRKoEAqdmkJcXSeBW9ldFD55hAMtn6ZREeilBa9bMBnsYOK9RZZTnWU9p9CAEIJmQq5FDeLPtc2H3J92Nw4TCartpvD4ORIQ/BxwmR/T2g8IyaI5gLftuGhVO2b7nqpt3TG25dmfZwNE3s4NonM6vVHEUyR+Skank1ulZZp8qxsZ3dOl3WPRQQc7mnhpGKYok2YKOeb/AKtzHCP4a9bbx5dbZYVwt1DVl68pWNaRRnVHdc5AH00KIydRVKR7I6tFK9o9C8ysiXM9MN6BBF0O/NQSY/Oy631tvQtuRHMivwIycOSwCNSnR011t5ysWwpYK7ihJWuONk9KsZPZ/nteFRtJlBJxuD1KOsls8A2hZc4HVm0KMRg1lLia/N29heCDJAecR85fRB9zZuXXb5EQ8FJzb8sNEHYYUFM9pU1S6ZqbsorBWQ01wvsy7+FzG7YFUE4+ygi2by05DUysH8s4XPOu0ttgmxlvFLJqqpQjbKOe232uolwry9liUu3usjGWzmj/aZBKKqKVJJEDH7FVOdihdQuMxWqWXs1yRNrtg/g5NllFrkyVZEykmySbqQRgyBPM/RuCIuLqczkkt1hcK1jIzpmFKpwNeyVEIHC3uSBKz/8ZpkrdiMumfzKfpVK77ZdCl1PTF9cRLJNu/EBQZ7TV2ASfcJWQHqn0jn7CMK0gb7fSLC3HKpwzDrAsH9IBCf2jtr+5XVWRtbmee59TBIEu29LPagD2JZE1MNeRYT8HtL/A75kh9lnCrhSpQoUaJEiRIlSpQoUaLEfTVMlGbiuuG75KBcTmNRsPdG7sQH04hwEkkcUF9yKvozIaiQ1qRqX/F/joZLTeKXdbGZMw8iQIXSoMBAKCKLZcGXFIzjTaxOX8A69aTVkeRv/rotX7B9GKrjpQyNMw5S9GlwCOdXc9cEkixwnNhEbFv2MBWnVMPgY8Tkc98l6whI/7Rtop9UZ1eWkcNBGd6m7K8h/deDFHsD9JUUwRKNZRK3DK8HM2W6qieNOSspcrqOOqcUnGkWQY61VJljUbcICrHCPAIHE8XYMD+539aNp+w46rZde9u2pQNMmtr3iV51MeXUAnAHEgujU61NcjjlzyoJzPc3p0OSkmoMQTXtADYeQJtVc1RinfmzMr1pl26Z9kuT9ujazQXpsqoWrhyhQE3J5eSFuMAgvyBFLsXcW6T1oiHEAxBUeAqMDPUir+QX13C5ac703KwvDHbhlr2x1Inc7nSfYDY/1DhMFdAQCksK6/9n79+DbdvOsl64XXofY8w512XfdxJCCBBBEQT58POT74AQMCiRqpSXKij/0VSwiEEQjBbipfJJyR8Uit/RCAJ/xGhVLOKJJRRoykRJKRBzMBeCmpMTQshl7519WXuvteac49J7a+2093net/WxYwKeQ3LIOqu9e2WteRmjj95bb7319N/7vM+LBS5WQAiVLlBd1AZzqKUIbIvKtpxaSFKMEy8m4ETGbilu0AjBJrStE07TOQVCXiPZmIasJBCoWTiblrQOPlg+G2Yyjv3xxJ4Cct2UUyjFjD7CdEhYZRxTeB7CWDnE4GtyTQ68fpkr8PRZIbI67/AqV6Nlz+lvInA6/sMhmqwYoBnCarH/FxYbhxKZZOOBaH9CZqlwMcboFHk7W0vFVAMNb+nWE1ajcFEumLDsYTZMfEK0kgUxwtuDHv9odTDqOMn+oy2hj3maR9hUi9eEl+OvAzUkZDm1o2DkMkRwD2rtk3UjwJktwMQVLq8liRX9KGUqwu9ZJoE1lXwedtBsmovv6ybiUPlw4BuHMojZdd3CuJadRkdByo8rW55kc0nKNNhYoB4FsrUjtNFC8cNAW30h0wlyaln96+uHea4rV5S5UVl+GLZy9st2muzOHAoKd+jhL8RbW256tBWGSB6qe7Byz+OVypW5uB49evTo0aNHjx49evTo0eO3DkV4nyCWtb8a+H1WQN3ayKzyYXaCUnSLsmhUoDuYQGeT/5qQeRGwLriFzh3PAnRQWaEAvQTXRH8oZB5YHG5PyU0Gm9FBEYy2eStTsfjsZnCB3fCWovmyqLGN6pJ5w88UZtbSnquCG/mTxPnDvFDdJ0jEQFMIdNvxtsGmSUbQtnXskRh1J1kHLTYmIuOu3KDtjIJpAId6+ADtlU/IPsGGNOgnhuJzw/tstyfMaig+G9+aYUFqFtWA0BiMIFwlq/oZAKtuZBXDA1c3L3revR957InbF5cXhyTm2sLFZKDn3HIGVASrgYsNHukLDQhaHoIfvIyLtxp95ioU5RtQh1AZ5I0/QabCI6dQMMCpZCV+4iRQplxuTeXRi906uPs3m/W4qswop339SxoSJsxCp+JyMDJzsQUzckq42eVNtZXyA7XUzSJYrF/Uc+OpCpWZGYK60hZamwv3c0Eda49qCDL38e6CNnemApqXkyp4OXFzCAqWKXgPzLZo+iNL2sYXbYbqm1LZaZpHe/NZSqIsawY+jx3ndJ0kS+aeoFSjXTgMXOOwKq+vTGbBw5eL0HdBxhkyXoiWJSDORQUFjB2wLdsNkm6IeAFOK0wXSqkeF1w9sUIXtPLjtaqJnVbzsaTZ4AyvxiM0Asn0ihePnwwneqsZ4V1GbIghBdYrbwjMEbG9q9xIolV/MPOWizlLm/NQEogME2hYYQPDil3EPKOdAA5V7kc03QDLrgg6aFtDti6MMfuZhRaSbHBRLVOYJSPUFazOFMQ4jrBFYvFKRIfD2QmwLegjqHbg4gDCTKorw2rlrAkABm3kHKhDfDhMMMnHXqQs3klivISOuq6scBeq+BiLqozpnK3bQvY0KReXJgD9NEkWQRauQIepjaYQgPNX+2k/TTcvL2OxSY6+jJyXmhGwNV3GFx03o9yaMju4wkCrLCr/Hj169OjRo0ePHj169OjR41NHMQJtrhGlQROGNwCqmlbffpLVPqHoAynZsdPeV6rPBQFITQLapKCOD72mds1N8mfqNYJtlDtDYCpdpLI6UYAdhGEw/wYJo6vkiUEhj6fTJv1CAwS/R1pco89ZlbfGyLMeuDTBKyL5yhMe9aUUvwKAGSX5GUJsegPT+VQFj+5I2sgD8XCHNVk1GAgVz4EdAFn/rq4i4hUiJd7Cadp4cDgDIWzdl/0eR0HNdESLswQTZkop3dJsrEBISBcSSsJdKz+301ypwiyYeggQjif1VAaDEeC2DuFz7908/96rjz15+3x/UX+3WY3BkwkZgKYsDopz0JzYnDlaQmHh+64szIxga0kDUK4dlI2rMBkm4KXoG48AbpNaZ++0haBYNueb+/z0OJ6ObjVWSi48KQKVCa9Hwb1zoZ1yUkVh2WYKExwTGY78HOJ3NhiLmEuyZ8kVa69mV49iak/1vZwTpxpJf1S9frdJoO9MAN1WFlY+iA944bmuU6IuAXJ5Br/457tiZhdYRIs1LfWq3pdVBUuY5fd8K1ngytkKQEq7TLREhAkhK6xg/s819kcLD2fXEBxksgLZ4BplroR0QB6Om0ZnTElkOZG3qq+P7Ekui3cPdjlrsoae0yjPCJD/ZxyT528MeSNdA2RJQ2gpEtEpz96LemxZawa0gyE3wV58etRK4JmWVNMlMFEsxrr2yc9FWD0Qk0ozQYjTIw0lxD5H9Luu0Deel6UON1N+gaY7aHGIdCCvYaxfhebHWFZkWRb9MHB8EANtHNI4jFF9nh0aKdb0VKQgvoJjSta9mHaYC3XJ4ziwB+viMWJZWOlJKGhbkHORPgORVTzU2g9q4IxUpCy9gS5IODJ0MwymzXcxI+HAs1kCvf/lgwZpzhuH7XSxy6tw+7DMquTUIR+LsGcWTgtOrNmgtwoOXfF79OjRo0ePHj169OjRo0eP3zq0hHjxjFBIqFXafMpUqwo1WXDgtT4VN5N0FCii3LGhAmgr1LoJz/7H/FpBI1wOhEc0cw4iXKfGC6Cl1Ox6b134AAMoSQ3UIvrmzbB4T+RC4ifl1VGFzwTX2S0CbadC18bTzSJjKYQH6UxegPNhztKvKdvrwLgjFXMLBfe+bUXVj4rdfevBGNi4L9DuGWOfneYBkiMqGNilzOmzvymEmwjPQY4G2bJHO63GAnx2voF+O8U09FRLEoqpDQmB9xT5TFI2d8DLQ3GL9hP999z9Z8ND95ydnW7Kzcs6Hlc3pxXUVAx0SLM7GkDsss0e/yxQTLp0jCyKnrj2nb5OZ4hMK7VBcCmbaJSqS9WksmzfH2+tqG/KIbmb2/namE7HyqdmPVZB/2UgUBIbW9qlos0YSJc0YtPUhZ43bFRl+YFTg5YLTokZTm0hg/bEPWbCYsbiyubox7uQwrsm7lgFtPwbKuebewcDnAAAEABJREFUU5kTbZMDFOwsrYDhrtJDxarelktLSIhXhswxdAQsLOZwVrnhWEniWnZOczm2ojSirJd3S+cU1USb8LjQWoOJESuzcKpcJjQsNCCOjuuAa3ssum21wECyJ4lomtY/ek2BSsNAw2uJgsivmXZsx6pXZ2mH3q4DXpsNUjsxytCMmK0KWJpxt9COtJppCgTVyrjFq0gOB5bwzsoTcMOxjdd/YojaIxElGEwFTVK3oFLqiohB22UjdYuVH9PSmilAQHI/uKG+ccCPMvS/TK5Gwb81C+VXA+4okqWin7Ua4mP5qYvyUCDhVkU506hini8jCfPqANl29kftDrAJ6Q8LHTNI9BBSVgMpZMkyMloRjJiZBEtiaDkI5ctyd5KqFxyvLEoDEmUyoHAviaOL07Xd4WQc670tYc5y+dIWrVgi1TdG7+lqbVJHYPHQKq5Hjx49evTo0aNHjx49evT4VHGssAtNU6e0oTlBF5UnF/vaGDR+mZVrgg+CtGm7q2IiOe10BQGcQUUH4OFMROUchcbGXcBjPcR7xZw3UJftraSaCl9VrrG9nzcxc/uL/tQOLr1e/VW9ItCyMGHjzEqDvMoS2TMQtqIETWlKqdKLOUEQbEJA1b36I8Gi0ZbSmLjiUaNJ7CqIbohBC8INBhelnRRU+2C4XtE+By1rdb4zxqUoilttNipKERqwlTwBjDiU0lLhTi0kOogRg2VuH4pfKje1kaO84XQc7r+6uXa6qm/aH9L6+rBZDfXV++lyEgZt1B4oGzSrNBauajkT1hf9FGP2asZhQEMdXTKIX1Ldcy4LsqWxiMoHyzK5sNUgZx2V4iHenvLT++lsHa6tswksC/WC9BmBzrpoTX9jgAqgiaXV2iMzUyOOpzJM8NyA3NtRPimTIlK0XahED8YNMw2/aY5rmtfg7qa4Mz2g9WryWAHcPDlUcniK82sKTtwegJe9W+antbcMdEYANJTEReA5Z3EIVgL12fe8MB1NLTSBZauuM6t0ZjBUKEtzBMznrFQaTg1Q/TqvmmUukhHmwoCQeK2kTrCqQQg9EwPbrwO9Mljeor1VI3ZMqj9ktYgKeuH6AXjqkOOrUJKOyN7DQkNMLVgpQOWxLnKoqKgfJkvGsmaiOaC4VScIqC2lZhmsSNJcme4wWCouMoWkCUtzikDWkTBViHaUmpcy57Kby3Ynnf64HNYd2AjiHevYDC6vhvplHFZhBC8WqTI0xHVv1vIjT4qL/ZH7EByIHNXNFWszfSrFEYMMabQCHewObg8pZPQopZV9QA4D1Tlq1Q33DlbtuFGMrulAIqkA1FwMMr6yb4WiZu2laPm8YPcHFOrg7PEzkK4lAS8DBM3CrMVyZFj50zhcv7a+crbeHuZJnFnYxCHTs6MeQz7Mwel9NmmbBfncGOo+TgV1NFBYZ9ejR48ePXr06NGjR48ePXp80jBm2mRiElpKvphImIi1KNn0RttgUFCfcGdxLBC+HJShgBrkMkulsdRug/9GJb8LMnQmuPIwCs0uGz9w+DoDZ3IvRKQmOrA4jnE1uMXow/OReTkYt4hoDVLKY3lmdzCvol99S3btR2XhxI7t/RK0ztL+Sbhz/Q96PbwxQs0o9EgsMUNRXlOswaFJ4Fzzm5Z9CKw3J6R0PlAgre4NROOeJsLSPsofF83TQ7mYOlLL37WJl0XLGZTg7LXwPqWdhX0UWDIJmVRkOzYPkyGfC/xYnR8dUbQiL8fjlpfm1b2nq/uuxPXonrk913G4cnYax2G7nW4JvhDi42HKIue+Mhe0Mmy5jLqZSMICysGkQGEzwYJzymF0PkEdKbYA+KGnMhGjw53KtMNNZPLJm1JVP8hBqTkJrtoGf2OaTvfl2kqAUwKIC6DJmFkUs5bQNNXkgtwt8U0VBlVHcYgRdgOZxud1T8YKt7KnZypdyVkEEJWGy4AB68087XrcTX/v7q64IwF0aJLejBZvWBDqbPCR2tvoW4+8Z4VmflLRRQyu7FIWkL26oDuZAikWDostfuYwA4LcCil4sTq3KP3dIvbl7uEK8EOki0aA1blXlJz3k/gmc6cAf8VDSKyghR4PTXcry4q6g8hxJmeJo2jsW5N8LAKQBMuoen/okgHWeQyHaQJ+jfCLLrN8lgJxeOljcRIAHiFVljdyqYKKG6UhMAYp5sBBw2pdTJCGFHuKWY6Ca3yMqxC82WtgAZkUGdc0luQJXF6v42m9gYyoLkl5QN/X+qb672pcRciZI603YCDtwZ3ZQTGy7gdZVZ0bUROIFWNjD5U4t3PENTvgDoHui1awQS4cNOkLpJvR5zBonhHKax67Lka6sNhYwOlDp8GRzlyHgtYj5vItVTq4Bx7SQQ5uiMrQ60uHeHp6evXK6Y2bF1ksiiIU0HqWM+d6pE8IF2mdupqhwJd1x125I6/uHj169OjRo0ePHj169Ojxf2fE5bFXQulzaQXlRxW2qsgzbW+hUth77SUYKrWlsFPYS7bndDxsg6jAjYPAhDCRBcVLzbmUTuOD1bXSU4g2VGYw1r9RfY166KxKO6GHTjWJ+LTcZMdovMeibXtAB0uV4nKae+AjRkr0BIMTtCi5naZD/S9Ns/TgEr+LBHhACOJN1etmuE/wbVF1itQN1wd56dXUdpXGnNx/VSzS+oF4lRrAQKoRZo6s1qA7FWW3InxHgKNGrf6YgHntDKmiXOodiSaKFk971p6rCJml+oCseWbxdlmAGDqRAdkLb/f5nmunz7n32v0nTz3x1NO3D7t7hpMHxvX2bL2f99sZuxLr+Ujo4+fnlAV2QLMIcGKj1pTgqG3P7DnGwcqqwQb0k8QGvFylGL2e/hLplSFULc2JfgY1CyBJAuhPMcgDADR0eXXLoeyncr4PtzfuzC9NyJYCALq2iukAOmzFIdgkEPoMYOjFayZxqJtKOsGTlttICW6/1CEGavJzyAMId8zkeZ6gkXjHW77mbok704LDUlJCi+VqL1O94lMZ1KCGSSfL1qmbLycM3SRURy8MEl0svTakk/AKGL3pgIvVpagFkGuGFnQ/YJM8rgFUN4fQjJ65wjhtd+e8km6HlagQhdMhIjG5p/bRM1ctLidtJbX1n0po+NQg5RXYAlaZN7roSYJG8o0w1Uh6FRN1w3jZms7KZ8oeYlWS7QzLasbVT9dpFW63ZJ6WmfB422IXWGOAiw0dSGVBYMmN4/0lRMDYKF0EUX8wHUZH9hrktjPQqh3ydbWLxqHLgkM47ZH65OdjX7KaU8iwDsKdQ9PDh6P8GOcG96Teu+TeUPNXA5m7Gm1rFhH/YQ0inV+SBJrwLKpvZ1PB5s2tLiUYmBiiVppkOpZ4rV2hJ7Wn73ZYw/SDd1fYeuf6881mfe+1K4/fuHWxn6Z55jzC6jfJyioeKxXV17MzSvdWOzM0Q+cc8bD8dj169OjRo0ePHj169OjRo8cnDxX/KuEwRagZA/CnIohqgJMQs6FqwpGAZne+GFoszRBD5V7my9A8KORxOC8l5jCZ1KZYWZXReJaPY8UA0ocpSJ10NKOGbEJg6Ka9wQ06MkPPV1Rp5puEG6JZ/bxArMR2hPhxIDXOlAzPdNs4HA6CNZMRB/JuIh57tC9mhUG+LcpliHbpysANw3ChwM9z8CGoFNazFpr2IuzY6Bt+KeQddIiQg3QNxjgUozto2rxtnNatOrzORIjQDtvu8c3oN+Zpu+3meQImJSih0YVzagqggDZXYptbr8Q8u/nsdPOCB+570cO3H3ny4ny/r6+6/+qpe+Ce7XRIl7tplt6DkdtE7X49iQpQ9AB8O/NEdHJ8FVQ7RS7qNwCNoPT4IqHD/EqumNcJWBZaNTpIs0VrvHgWGCES6Xdl5vkwlVv7cGMvp2Ujnt1Fa+ML/yqwKAjK4+nuzHEXaK5ZF22GSacSyNspaCSOaZcT8HlZ5PcQnhrst7OoQ3x3QZs7VCOZVaUKXDyXMlXYKtd4hLGBs6nMicM2qt765lHGSkRX2WEorQmprUwJfVW9QUaVE+vStWzdrphnzZn2TeFsw0oG0/RCo5u2nEouJyXbSXHI8dT5O7YY1fQc11TeAZQ0cv3WRVSb4FkO0rG/JjFrYb7PNgJnH0nR4IaipkWawVOhtKc1Mw+DfQBDCC2d5vVWAb2wrY8y6GDHXOMDiapUl7Bzqsino6qSo75lYMoNqu4p5qxe0p63Lq9JQzHHCDqq4yra/QYLvsqvQbpTO7eijAbthczZ+QawszmAB/iWRPg42x3LqX0Hlmg00cVnFfPz1rsaPKjq7adwbhh6RxIyYJta+sOcW6AdR8XC0vPA8g96Tm32lprDBXhGatISa/XWeuV0c3ayvnmxPUCEHsU5uhTWeoTl1s0pwfPi8lJwUkq5++o5evTo0aNHjx49evTo0aPH/4kgNM7wzNUeUuTHRT0azDyBKufyLOKhJrzKOjxNnF1TuJpWVNFEak4OzjlzMy5tW/pYGxr6GOpT+jiOqEuO5ATYt2xSOv3HNTR8JI/ztOgIobl9CJQBH4GsTZ+eDfQIP5RGUiJtrIxiqn+KuD3PztpcOWk1Zoyh2Jgo51YDYoVIjRg7tuFTiMGqaBXMqopMhX0hNIKt2l6MPt0aUK0OCmsg3QfTW3pvyIR/lzbehUaejopL/FcUXkc7JUKcg/YqAyejWJM9JpdT5xdzEnil1FPy3Huu/u7n3f8bj994bDtX5uzvHZ7z4L1PXW63Kc/5kImU6H4bwbPMG/cYUlD3iN1IzSncqUNJbH4pSysz9P3y0vFLlYEtDUCPb4XTubBjGc9MQN+02bmLQ3l6l06ieAKM6syKv5X6Bc29wGbBGc221IbtO74NXpmP0/PQECRAdGYrQhI6EdbblYJJZNkA1+oL7pq4IwG0b/QVebI6m5MsFHmOKTqjfnxp6+rXFM5cQI/Os1LnpbrEMwujBvWwc279KQFtWSCiBLrogru0gQ3IHDlne5n0ygeJHeD+UbRPK234iU65OgefvIulGTjU/yVLp6meWsE0ykaYlKrHToBbvxW1c7EPxyEBjBbR0QI36xqkXhVM6bhgvvKOdhS6AgY7rGLCZ10n22WjbUJtOWx2GfVVo/Zg1dIC1pTwJjEI4o3I1YUx+nlGkQ4OXBS+esB6FiXtGcJqHKBZl++lYWOBZDrIi2Y/81yhry4Tp2DNzrdUp2b7+NNsi3vRrJ4poLFD9vXRKiOdCpm5BWpHrwDeQuryh4MbdB0KnHC0PpEbnJRkJN/66nq9HeoNwXTvSJAWJGplryq536yGs9PVZj3uJvRZxE0OwvDsNf/mD/MsXRcVxnvv2wLqm26/R48ePXr06NGjR48ePXr0+GShcFaxyKKTdWTNLLVWnaiyAUeEuig4PcVPrZ2WR+G16qH4cMqPYJ+rws+CZ/Sz9qSYgowts0T5PNY/RBX0zVUzzLJwcPPDOKrM1idhPg7T6Ve5ZEJjJT+Y8bCBDgGWlYHOlTuLo2j9u8yJvJDoli23xBzEbfgAABAASURBVFRUpd3q+MyPkaJqx7pnOARDdxy0SaFSAFHjqT2pgIXYmj4Wp4/zixrdkcMq91mOtxiXUZMRGwGjmQ3Pay+xpgpnM61AvWM9I2nKqJ8WqOQglqNolwiLuucmWM5qsKLnEaA333s6fuHD13/vCx44/+BTty4Oz2ynL3ju/Q/ed+3mdl959CGn6FUpLwQ9Jbfou5s4me4DhcJ5sc9IyamYL1LDyOHiRIQYeqgJiXo6Uk4VImUPc9cML2hqumHZwRE0vagHAq4R977c2s33rsMGGEXFqza/Ranp2YxRHTZadqKoArYckUQf1ZibP8nqUOJA2ILaLOjVhKmNecKLBXptfHTuCujP/mD+JYijeOQVhkyVmAxzMrNsoiXRitOklLzXRWhIKY8veomrythhSojtT9SGeQU2QKSrsPj1xVgmuTE6hMobFd1KMkYWpqI0ECuZOhyJXF9sfGAGTU/0lhjENmW6C5flxwdNlrU5zpaA0DhjRaPdDEltFHgtCty6TOcZDkQkuGitqs4hnjYOrTut0wqbEJBhK9Ame5hEM7ACQQQ9UErsDeBDiiuqbQcricJklB+HwRyhA/a20A866rsDh3mUGpoIB/7ZTUjw5Zm6bzRaDZAh12WFOUPYPYWxaBMCpuLgziOlJ6EuQkp1JQHhtNbBVOt6+1yyjNKgj17NDoJop+dTk2V1fxOsnUQe7wazZ/HWiZE3H10UY70dqjkG+kf6wJamgaryLMUepPTsyaBSc87ZZAbckvGTfoMTNPyUTq+iP12PJ+vhYjexnQPyFnIKsSrLFKlrrqzLkhK1KdLOWhwcjKh69OjRo0ePHj169OjRo0eP3yTYRU2JpZenYiI/R7BgcYR9weoKSR9dHPAUrhAjErOow61v4j7jmE3Pa1pcKpiFko5DrLyg4gC0faJOLsNW1KxPs/p68Ple216VBp/NxxTmB15pDZliHKJzejh8rHfwkp4P03w4pOmgthWQrIpSmA4KLMIW1iN9CeGVLLo//YVUKGfVWNcPTepkYgpnob9kzJQxym4CRjNi05ctWvPil9NyBKC9Kbm1S6Qz6KGDDSsL4m+clUgs4ZvGzjkaJ9edn9U1NmtWQO22eShkwSDvfAe0dgrQKvUR69Sh3H999eVf8PCNy/zrT54/+tQzz3vo+gP3XH/ymds3b98u7NJnoj7gtmzUVQ/DtfLw+nGTdHbzXkF5fdEMcSF/UmlQlEp3QWsXhwvvKKeEALmoXYxYTgdU8xeVSWrZenRxFu9bseFIeXuYLg/xyjquRS+Yo2ZLPDyaWVoOxaimXzxZdjG06FT1LpGoLC1qVEIYLW4KJalyVWiV1tmr+FF2NbK9ZnDR3W0GHHeqBYeZrNOAnemwnGE1wxwSs2pclnxpgnisAOpyYZJRhxSH5b5oT2TLpF4aPjd/IKt1oI+vYT+rMuFP3aKk1nxJ4JSmPzOa6kGdm2kpAYQbrHwgcP3lWnXsAoFVTg+aSSQpEoB5skxdLJSpUOaMXCL2guC4wByZ9vZcmCP8cQIvNnFX9kd7wttOwQHLzkfYKstaiXUSbs2rsDgUMSmohRLqc8zRdEXUyp7SYZRR4BdDS77JAhbLkHDEpSaicuJNDjcSNBKM8MeAt0bhShvQC9GR5YeBym5h4nDST8wFEHi3LJtWq7AGgi0D7aakJSdZs5Gu2HsGS0JC4zwoqsYqrPlJ8mspZpHjJmvm4B1NVqf7w0+f58R8pmNnQi9WULLZIZakbQ/r6+uifu3K2enNC3/z0iHniEaOYmCUYZMyOGmVUDMDi325p/i+yDwYmF/r0aNHjx49evTo0aNHjx49fus4KqE1MS68KJ3hTlVzumO3R+LjTCEpS72d0EMKnZXX6KO809ZI9uxKVgpFsOiSgZ7H0Q+BDfnoS0zgR3CtcLXQLRRl1oANzSjB8GBRsqlP4frR1Fc747nyhD1J1If0An9UR95c6XQppuOW3cuUJRM8gz95lRAuZFJ2jKyxmJ7RKsSXkdRK6gCH60DAmoyYw8Hh6HyE9q/3R9JEGn3oQTVEDdsPbUooirVQTIHnSJGd6eYyZYKEakrTAEaibpEpgtLEloRfGX8Lq53LXH82juFz77/6pZ+7nw7TU5cXjz368ec8/JwH77l+6/xievp24l4zWyCCR/EvCFquri4spocGom0tuFSCDeNWWKcKL59ncuf1ak2pJnk0+1lyGOWk0GJAAXQmNcysGhcHElExnu/92Tqsh3EV5OUOHcZoKmsBNbv64LoSmjxdd5eBhofZt+vFgVS1ealksvCVBtw9Jd0FjTaDL3cbsrkzmxC2yw0pBOBDIZiZ/eTUb54v4NT1zvgy1cAKJFWA6pQSGjjWqR9Mf1yWLB9nnaXsWr2G7oxzx68kAkVaBHpZJndae9mol5tsp15IKOYoZtqckWBSxu1tWYFGOOgKB4sHZejm8QN/YDs4wG7hztiliAnOlIteOGq2Ia9lfYMKpWUfJB8oEmbPpBHLWkocA5uyEqwDXssiGkNz50AXQ69GKMS16nFk/RK9NJkd2jqEtT8yf1RXmErKdel14LP0l5DUq+Bd3oc8r2wu32yByjoWrO48kUfeT3qMRytzzUtF3uxC82BSRhyp6eYHBfNWKjiJmrd1QaGyThyMN04uHLR175fVC3+F1qyS0urAhKJ8XpYOvHHA7aASZZyJeqbzlSsnZyfrMfrdYc6aHvDw83DG2L1zR/ehoBlEJCvy3Wco1KNHjx49evTo0aNHjx49/sej2B/3SfizQlhn5cSNpDgV31KBW/Qx1NOhQZ7OkzMkarJeLSNvvBbeE2S08hQufs8CDKIHOc1Z3RWctvDSB29R74JXe4OyzqCzs4Jt05UemwfzexW6FQDZRB+HaUp02ygEypTKmXsDFYF4zs6UYWNnDCNja7lVajfpWaDwWDj2EX9EoTflddEpD/JaO28wJrij53hDCn6BtrpfTcedtUuha4NEpWD9lOLMuEMKz+eFyxtAciAbEDgDLmdTcTotEF9mw4K96JCidOZ0NbzoobPt5dX3P5qeePrW9ev3XTnZPHDt6s3zi8vJBJ3qF9K6QS4f4Y22qMiUVNerFQsk8MxSFArd2f3RFW2UCIwfSe+z9A8TiEMXay+oyTlK+eLAj6rbGwa3z+XykM5GP66ZB2BiI9PehRYZBU66IfNs6hlRqb/NDRgd5EBm5L0SKdbWK/HPymjUEpt23V4EifJGdXNwd1PckQA6H1kSa2qGp1d9w5XrchEpzxa1+2yz32vCymldgE6r4Dixkf7xCoTbMqa6WtaYFH+05C2gUxNJjvkt2YMh0qderDnYHbYlDTUv54rk3OCMgXwg0jiyJrU7AVcGEnew0BBwIetWuJdeNb8Bi5Rnb70ZqTwC6OaiwWUMDFSMMLzeK7gkFFoUrYZBklT6IilAQeNZXdB5S2h2SF59lypLRipHdqyi5GTa51BYnYLBXY1DgZlETTjm2TW3nCGqF3XKqFsAgDaxe4Z4XI5ShMDQdju73LMMb2BvxeAXf6F23gvniJakZNpJF12nMWR4WyjBDPrZhjdwfVOPbtdU8kUdqHjPYNJQpMlcvktLduksCyI5jwMHcmh3xyJi8LoAJVUr45xAci9HcXZycvXK6Wazun15kFsRdOAyqrL/8vI6SgPmfKZE3Rlwhwre9ejRo0ePHj169OjRo0ePHp8yFED7I1FeUzkpHVwABxACPT7huRFY6+zMi4NmDpApAxxKaa4ZQGBr9MwlMPZOCUGEfWdkQzcRqRrLLooqVZ8GBS0f4dm5TwWDBJJqFOwUA6oKtfBFwbXPZau9dBDhcxIIk6nUhbtqe0w3g5CGSEqWF5OEemrkom8oyiA99HeRj+SephX4MUV/wzjGYWDROH5LBKnGHIZ7/bP3lSdpAUPOOpARPiepgNaT9gm9+0QXSIW5OG4kbhSfACuBDKoBGTgBRWFLLSX1LBNvmIv7ga5lAL255glSrIPy4JXx9zzvev31ux+5dXH79pWzk/uvX3n85sn+9mHOjXvZCKmInp9SbLxp/00hdMII0l4DvbJEpRcZ9V31E81fJKzHoXKuOgBzmpXdY18zD4yeJ9LQS6rbpeVYzOMqZD/sU77czysSssAkQY7K0wSH0cwEfrRqdaAu2EUL4YGvXPI628RCuqiXR/EcWjmYIRTTtHrtXgn1LJ1rsvd3W9X6nWrBUdinFQtKwpIzpTzU6Rkh3XXwxbWmcUkTb35Q7FzYs9KuBDn1hmxlJYuWuHCAqN6qR2S5RcdQOrSjTiQwW4KSgkE1wLQVhhpfrGrE+cYzoZJwqcxOrhDHSw4XW90qiiAEqA5iHSzHGEo2UEnG6bDnylUHcQFGvkw+RktANN9SLH+Wy0xMjDWdq6imWXKhLLi+esDaF7Hyj4MoptVISf52YgohnUZRH2CHBgrP9gCRnQCdU921x8fJu8QbPiYZGU/tczCQz9UL7697lSrnzjJQmiyCRb7j8iZacHpcaAPGwFsQHKslgcjrmHnFnMTHh2rkmsts90rvjZjjI+KwlqIaOf9jREtD3gOQwSq+cWbzWcJaGOxOgJ6X2nGVFS6JbRfhpCGLnK7awfo4Yp8jE54YwFxyo+GJaeGl4zC7UYos/my9vv/6tQfuPX/61tbNCbmMmD2GFLeRg1ha1WmHcz7TTgtDksVcJaETZo8ePXr06NGjR48ePXr06PHJQqV9jfMW8s3l6bcQj9ApFI+qURwqHASe8gQ+1z+kD1710PJwm6EQM6EvVVamhtZaavR9km5T0Q+FOkPZDbp3gOZlFexSPRqp16Lvr28slgLEbIJl1QJnBd9oTEVlYn2OngVfJjfn6XBIEOqRe8COU16UvAqnYfMRDKqIWlrYiDcHzFxsvMQgk34XdO9wgqPU+BWYQOgIgYx4GcfojWNyKIp5M1ARrkX48IFIGQLbMDi6kUCqSxYP+1ChCeQt2rZPTLtDUdPW+lsvv4ZCGyJH0cwtQrWmcFbITabtAsm4I39wDYizFyC6esnYij12dAdRsOcHrq9+b7xndbp65plbFbGXq5uH7r/3fPfktg51CigTr1y50HMZLcf04L05hGTiOIBefmaaZ4FUld2s1/UH0zzXlEEdn5PVWgTNoFlo3TWhZ1gEdxddXxLWVl8wGzfK9XS7kGCy4dNctzjsXX7mMB3SvNoMp+N4EuMoPMeB+whUHrDDSLT4JmCtMZe5Ur9IvFhYiy8eqRy/cUAuxtNylegvi1pS1JcB4KeSO+mBhp6HsC8I0d1NcWc2IcQMoLuLrhTiWp5XyFPQv8LnJWEH52dL47Q6DEeDoqJ5IM8aDq5RyyQTdlyvPUtYBE38FCx8mlWT3+Sg5tBF24Xy8qlzEb40nIAhpdm7CVcvBK0qHIaPDs+Fb+ZITdYsjengsl6It/lbc3NmxhJ9DZk9BGh2bT0s9GzyyGulQdBwfeEYgi61kcdFKC+/HfBDSRJG9QawAAAQAElEQVRlKnLV9UPArerEsaYPcNJHs8FBKa19Jp3jYa2Ro2877JpSmn8wDl4Is3wc70cg4rw/qMjYMSdK7bTsQH3DGHQ9Fphf3ypDh05+yWldw7Gbs3os5ZBZc1PcsWbce7JxnSzFLZpy+s1LiM5YUxLsUstbol9KiGwiMK+Br1ljIXNolh3T7KiZpahNTFmSDJyhmUVOdebEIZydbe69fvX05OZ+d5ik4CdLq9ci7tTSrCBEyr4de6oWU/NLDiBax4cePXr06NGjR48ePXr06NHjvw8wQBfbg+2zXCz4kOucSktN8MbnYjwuQ49FMI06bKtXr0/go6elhOEJoAV+Iqq14baBonRFxI5m0lDLGb7h87I3J1ItR2+qu4Zy5Y3gkc46+ME/weEZmgy2wtikhhVZXYPt+CnMDmaUEck8RAbHAuok5NolFbZyI1Z1jddTxsvSbW/+zhW7VMI+DDTFsEaA3hTVVpJt/IHwnspo1SkGpcTq3Sk/DiJ5TjAwxUlQCCTIZACJl31O4hYywT276dlFTiwoVrr1UT64UGDXVOZHE8NF32aCOWDoUOOHmS6ps8jpyvVN/JKHrzw+lmnYXLhVLuFyt3v86fPzbd0Pkc958FZsuKi1NZiV1MevVnVzlS+Tn3Bca3pARdA15lSny3q1Eo1jPc9TpdoytvJGoJnKW9I80f5acyfshIZMBzkPRIqlcu2hjt4Y8xgPxQ+X+WKcT2I5CX41+nVwo5xQzGCvkk0bGSg/RcgZZ3jOBjSQzDwrMvBRDQsSLwRg6oxWhEFzPCKSLMuc99n8YO+auFMBtOelTf8DXJ6clqlErbgIFBCXlq5A3s03WwTXKgvUw/1oWQhWpCH2BppVi0E5bDGvg6VogFeiLhxFTRiQ2JLeiADQWIdiloyafpodRwlHazk8hHOwLWrCLzi91q0CgtdksZVEdsUP/DnsKNTRmeJakSoD4RYYcTA5FrVtKDw0Ij2cC2xxBmjAWbAguurgm72St6GX+xM9peWogqJzDIhE818ONcWE4+X3lDDr0cKwWoB+jLr0Ir+X2YeVKwYd2iE59jgXNNmQRVXE5ElWvEAjIK9VOWjrh63KDtCxOnAdo4rZL6UnLYoley3DqiVBmppgMkGZ8/EE0nun5ikJnC2f4f1RFqBo59RPnMh6L7btBZOxO63XOdls7rkuzQjnWRbVQqjMiWybswkS6lij/EataChL79GjR48ePXr06NGjR48ePT5ZlGaI4JcH3cUjwYfj15mJgqqSs9lkQI5XKOBzRiykoDlpmbOSBHpPKFAmaXUqO9PncCtDJlxZcDgZgm96YWWmxUAuOwOaXJpSRa+P4gTQkAw7E0nzUZ4aM23WFBqNDirzg6RWJK5BJImpTPOUoJtWyKx2y0dYvf5cvINFpCdi52EcKWIs5gXimkRbR774xpJ119up4XFQfZx0dAobg/EtqheMQVthaVPHiqgrG8sT/FB138hbGvVWvqFIQYFUEdpLICJHk1VOjiGFUDlBqdzaZAGRV+QTK0kdQr5WMfK1k70bzsQu9ez88t79YdpN0+GgWQHyHflAPfWs4A4F7t8hJTXagLdJfR8gj6vsH5xddm/Ocz3EQQmPT1nlxzyUYRjULMH6vBVzjjV7a7pdl+hXrF9PoobPUyj74NezXw9hFcIY0hBLpCqTWnieI+D+AiUorTfsJPCXMsDIgSgEIxGSLILW2VPnrW4FMhje+W7BcQcEEbNX7xVHkpfLjPRWUeMdmXb8ltkshXR2PQXfWsxpKUlbEL1qpjEl5AKzVJU66+p6q1vmpysL1BWQJu7iCSG9BbMzY3nIppFtCzDZD6DPRVe+ALMJeGOwCR7t6ltOTgTVQn5BVZ3l+kjg2QcQBzxL/1g4Y4jLOt5clz75MK1/QatA+Amrd/4wmFgcJQBWyIKtFt9yULhsQtAdCDwq2QP6l5iqXJ0v7LaVW69DdVd2qlLGRYiVEg0Jo2tj3EAt3JSsNS7hcsSOSUJMzqQc2yCLHp2fZZUfoEHXRbOh8GI9+0o7Z3r29A7krEdhe4ndPgvJOVcu48M8Y+qC37bsdEVtKmdkQGzVtlt2Gw/HBae0u+rRTTDidKzX8eqVdHa6uXX7VsayhlujeOtLMZTcQSNvTOzfMKOqpu7FXJaSms9o7Gpi8/HHH3rooc1m43r06NGjR48ePXr06NGjxx0SaHZUgomo5EdKHb3xX5Uw4wlbGbOqqJqq60jpdwRk+buyCGhVjBaanFkNkPm6JjTVZ2YVnfKPumJQ4sUdsXexSZ0RCb/QXQ9P46zYlZI1ZS9NambsFWgiQJHNWmY9evCYTPUfuhbCMzoI64xRZc4i/RYlnH7j0izeIrB7psjamSgt0xJVpYQs/15UZSaSPA7TLkOAR96JVwTlwuQg8LgocEeG+Jn9qbJLwbk2vqq/BFI4BgXe5JCsx+ZYilpZPrLJHcV1Q34o0mNlLNRwCmxvn3qyCmPJY5n96er8gXtu3Lq8ebHbHebsbQ6BqLGvmbU5VLNs0ptVjUrtvT8MUUypK0dPmQ4naZ7RzcvHcXRs5XeY6hRSqxWlZJDjuRnWINrQUGWGdlK5GwFSZOY0DqKNL1N2++zGUEbvxpjqboioETMmZs+C+MhGh4DPAEVk64Dygv1ypokH9ZaY+AnF9MGXxntUZSmRPlEa+f/0uCMBdAB9ZrmBXxAwcz3iSOPHQc4/VxeZkubGAG5LtTyN7mklXkHtUeLPI/mVHe11JMcRFFNbNYfmzUprAiiTbbBMlhHNTPy9GdeQDGNlcsieyMqGHneiVhZwKD5EmaRYfl0vM1sBZH3G4iZLTCqe7LfuPeoOSrA0ZeBe+CzC5CgW6/KucRy0NSucgFLwBisjDUBwLOqGjRW4kmqf6SIUHV6DVQeDKTYS2kWQlw7uH05t/J0lIpFZgry5rrsDqkZwEWp3UllwB9duJ3V3B0icMXKZMmNZXyfUJ7hiTQhl+U+eXQIdU144O2M9ypENUmXdr0t8DouMeVE1w6hC7y2e1kfe1nfmZ+EhlJeXefV38mquob8In0iR/VHmQcs+gi5vlr9t1Np6Xdo39hnOpOHcq6ApkHr2rp7lK6drh3yZExsUj6mOxqlw1cJ0Q19G89zASLrPKH+u3PmXfumXfvmXf/mRRx7hT573vOd92Zd92Ytf/OJ6y3A9evTo0aNHjx49evTo0eOzPhSNmlBXFbBFi38d2SjFasW1Zniq+sLTegxNX8WHWU+ybLXR0FF79kNS2igUsnj1wCxtP0x+S42sX/aQe5FzA9aAyfyUrDyP1ezyy5z4+G1Qm6abge0RHToc+ibtbmXe4rlAfwmTUQNizNMkfw4i5a0/H4co9Lky0NDYiMAWtM6TzymJoFJMiXM22Th2k5+mJeEqTTZtm8Je1YoDfrsIQ1WQp7ofabD2V/N8UC2hKcFN+JxhWKGCPOoZDeqHYGxdytSd9iOz4dUvAIUBsuDzwdQBlcRyrrJn0z+ndsni8AxDXMHPU5mjGCDnIc8nJTx05fThe64+c+tyuz0cTIUOxC3yz0CKASkoFZN7t59zWpVSkdR6vVrP6/p5c5r34kWa6hmoHxcx+PUI69mo7z9Zbyp8gPlBfWV9zSSdwDJNaMWrBIpkHpfqIIWhSV4gVGI4StoA+kX4oCYc5ZzyRcmV38VpIjEb0FUSxgDC3zYxmxlA/UWOjg3FKpqp0yu4xfPE2RVRGoUjmsvsQOfhCl3ursZdd6YCmk4FlkEoesWI8p+OPsCJAVJ3SS8A8pLSWjpN9fKqfHbG7kCPcy7Ww9QWLXSGYx6wOKY8qKPne3xW1T3XElzvUdIm8paa++JiWj9oAAEnMU65pmUyexZK30Rx9PWgwnJZMUVUr0BmS8g3Az4I3gzIPqmLENJQY4Q22Q8xoD2jpYHo6Y6gK33UX3BfSMlRJEKjjrouo98dFOOQPIPeiqKaHP8oPeYMtvujZKfemNCW1NFOG7csocfcXd2Et3ylpLLmQ11b6mIxs5mBQwsDy0XaODu9LXnrFQCnioC7RFFE61SB3P7mYmuZQh4Qu/eaxtnqX/wCljlG5uKit9FoKSubG053ict9RgmF52u50ZRbRou3Urthm16axJx32WB3IctNYtKF1TBcv3qyWkW/ZY5F+HlC40I5u8wRwJYqiEl3aVkF9xmz4HjPe97zUz/1U5eXl8c/fATx9re//eUvf/kLXvAC939XvOY1r3n3u9/9kz/5kw888IDr0aNHjx49evTo0aNHjx7/YxGavafBT3dkgdHCVLLZBFXFl6PaYgjD+JbSHqD5sA7CwW/4dF/a5gXUQB8IMZgUNVOUVrT3H+SuhKh8VF/q2+1zVAUcrRETn7rpR1FUvhvICqE5K4IZi1kgtELkI4kZf0qkOud82O0r1qyEpO4O4IoqbYvxBeimIwV5Ce4YRNIsWi6LqvnoYZ8Hw0J2+zn10BwZcnM6uybImrVgnC3JgPUpkhSYItw0MYlgbrBCRSg8D9w0DVK09NzDR8KqtlXtbueOkyKg9t9a6TV5n2wtVb4eRtTWF3U6JU+pnzKUPIH/JJf2J+P6gevXnrpn98z57jBvW/k8d4OeojJClWdjUlSyXA9nP+3LZSVE02pcrev/VuN6tdputxUs0eNbeK44dqwcfAXgVJoI91fjuDo9DWgMONVT5kZKVNOUeAKQIgjDarUe/MB0g5uzzRnvlR5X8Ca9KGcwuJTFIwRN4MS9Gu7NlrsQ6EdnA/48oYMmm5GxESFeo6QQFgXotEnDEMx3rbO/a+LOBNCuXSF5ydlIH0k/pTIlmYI1KQVWq00+vfE9D5X8UQVHs6NhdYItRpbAK/5I1+yoo21h8NXKGZSsivFFUT0rbCuIn+ukHIeokt6KibFqBS6X9VtZR4jWs7Y35GIKkwxsRHTNgV7UqBSwfJsk2gb0FjTzaMiPtaFi8EaavRaIBHMa8bDmN8dqImvRGMu6RIsSZO143CG5GUNp14+NAB3xWzjNj8LNx1uyFF0GvA4k/O81wUlL/1wZdBLwXfzRIs0xL3YGfasLEgskCpLlxlCXt8jlxPmWHvW66heD3S3D6NlbleC/HN3EvCZNg4rM60nxebmzPWuPvDYK1h/aj4PNzqJsHuv0wq2bIHqp+jHAztNSmnMHW8EmWZ+vnG42m3U8309iyk3IvniFYDLAnuXobg437c9IQ9V3vetdr3/967nDX/d1X/fc5z73ypUrN27ceO973/u+973v5s2b/+gf/aNXvepVn/u5n+t69OjRo0ePHj169OjRo8dncRwJpqxYV0G0c9oBy8IeNhs4ac/qyjFN2gs0yW+Daf7CEdu2UmcjyKiurpyvKAdnTbU98Zq7JK1Q9QGfOxnMrZQbJd4rx1puKgUVJPAx3JTURU1C1RSCSrRCNe88TxUszdNhIiIUVgMZHz0vCIDwU1p2xvaEzj3TKnGVNi5658avMmmw085mgzW5aAAAEABJREFUTo9BmCi5JD6XZdZOT4XTXpD140QSDblzToqwjCIc9z2DPypgiIGLdtZxAtRKWmXUpj9Xp+4ojdbU4cQBthLi0ki5BBszZ3SNlh1AsN7No5vvOVs/cO/VJ25fnO8PmTwXkkZHEXRcPFqxrwEWJ2l2fgKSKftMX42K0eof0PYET261eaWvNnyjB36x0HzgHtEUDhVE61TgTBTfarHdQJLB7DCC2W2IklJUgIEaeaQspHEjrGoKHKCDzS55+RATdKI6elnkgRBVaobDeRM88iIoecmalAX63y1xhwJoXMdFT6qltsRBfEr5MKVpNUe1TGBtgS0RLZXnNXVnOtT2n2s4m5YNWBGKap/lY8yuQjuu2hpr0ytwjdUciMuGpHGphnEcaP4AiWygWXIUG+OoCJNpJM1EOizdMZrlxRiG+p8LbcXHygDhs9rfOyW/JKi+NVUE2fQE3gpIi9Joh9aurvk+83rg2z+hHEPJsOf17NXA32vbRuPG6uUjg6OVFloR47OdrpyTrY+lLagoelmajTreGLyzscV4F1u28LmyRT/jd+KuxJ1CpknLYez+5t2zcrgcNzkpWUcGJ5/LICt3TNLteBfB6uzKUf5v2RaPFfutu1vaLanoomyf3pTivP9BNK0FMjbOepORRosey+t8drI5PTkdhu00HdAJV+ZHpmNXzpYKUEsS5BDLIuL/tMYzzzzzhje8oX5RofMrXvGKz/u8z2u/+uqv/uq3vOUtP/uzP7vf79/4xjd+7/d+r+vRo0ePHj169OjRo0ePHp+toToqU1gV3wi01SEbxHVBlVbWC0t4iFc4LE6ogJZKHwpdOFwrXPYm3XIq5NJa4/LfKa31Q1U4J0XrWVWFxS9yYWJglf0FU5XZQekjdfP3eBYwL9aW0BSEukUlRyKYrdz5UP/kWaS1KuuL7PUH7wmpIJe2WgE9t+q76fVM8wdTIQveVGzgtVgew4GK7rK0TMy+iaN1iIoB6Mba8W/2DfaKMjrPlZAbVzGjiXYknhJGd0yWnTLwbIXa7YPbKzNL7XV4g6rfCnua0cU2eu3pWHxpQytqUDfPnE7CK1yKeXt1tXnwntMbF9efuX05X1xMM2yRYywwQ1HWbcfNOYLqcqYAUj0BlQqvxorRKn+W7ESCxHCGIL2+P/nABnCsQNfieiNXCtiAeEznJ6dlTjM/RvC6jYyfRTKahS67EUYdPNYonrI+kcJnNbAuzfzU0RiByNkXnWV+kcGSmWm3MZmu2Abh292Fnhl3JIBGhz/X/odTKSUGc4phFrG9dKgbIT02HTKzWfZeuDs49enVzJPEcol6GGlQHF+Qw/Da7pMLU7HcXFiuGW8668gv5GeUJMchauO+IDJtm/1ZjetDWIkPg9nWx6KyaO/VZhqzE8pj2QyXPHZE5NUi2l/tJlo/S/I8OFja8cAXG0flddtEpuaRhKZ/wamomYm4gE1kOjPbXWAQZ23dec9eq8EvWmWsFBnOG7rg1qWBBSOyvsg2kSeTN8qIwQY78HzGWcovprqiRPFMKvAkorMOl1N1aScqlwOtQ4rPNddjJd52D/FOxeG82RXfbm2aAVTALq/jfYJ+VPLSEI6XCdcW0fb+TxBFB6/m88vd2yhzCO32rHPEM1NnU6ZoDhaqcOPxbGRYybKUekiS7drZ2fWrV564cXu3nUbpqxvsrpPmFMRgCiU2Edy8nu1UczHz7D4D8R/+w3+YpqkexZ/9s3/2mD4zvvEbv7ES6l/4hV/4yEc+8r73ve93/+7f7Xr06NGjR48ePXr06NGjx2dl6BMvYWNT6y1KLDTOc4Qb8hBKV2LI9Yr2zSqCQaUmGxBBPD8rK8TjrKhGUSttgtHMjeLhnL6n3p62c5Pt0huY5qEF8K/hAGcUFbtOuifUkTbQZLX6QF2UZDggDm/uIsJHUjZRc2XI8h99M1D8LfR5v9tN+0PFk0E8VOH4PERAHi2HF5YwUA0dyEzVhFPEdIG2osAhiU3z0GOMPtvkrMaM8T8hPtRLZ7TOMm0kCXog2wG+qDtRBPPO+/0hTSIGJq/SAVG5uvmNwm2ZI5O1ZB9Iv47uPHlvnsSKT/QT61EDihWyEdTECxmqRyaqyUE8QCXf4ARfBKlGn4XQJGETXkra1Wul/spP52cr//DZavfA9SefPr/cHyqpE/Y1jkL2haDPst+DMCpOhnrK8QthesKu2riBQwkbkckV81go/p5c2MPwGt7XwgEJZQjfePQ2x1sqIh8Nl3jyqo0uToNDumOqaGqf1qthsx7Xoq0O9QxH2HFjwEHMiirXmajBFBpSmVHD7kIwbxXPFmeFVwwoILIIng0x/WdCNfjZHHeoAlr6CCJzZIkHrIqQ1gK4JrkiZK0rmp4xvqr+BITDWqjhmDCjqNS2JxM3aJ2HSXg1Z8bvYaITzCqm0DMZRRjUB9PuuKi5BStC6sqISzxKtmyIm2HQBqIF1xxXFhdyVAsNT9lvsM6zsmc+82ijNAk0Jxl5JbYlO2EibTBqb3Yb9WCSYlmd5EGVywF+/OJhXGTcWEqCuwfkwbx4nEJXNpDlUl7QtA+wtNAFWX6L7J+VZdB3yIvfCK2G6AKiuT5sNGIxlP2K7EvLw5CjqIuJnMoE6IySD4HXNHTWGyIb1GImwMC+OEsTUIotu6K41x+lcAsTkrS5aLY7XD6QaWSrXFuqcCy+ad8zbxA8I2x0gJWs6ODKTPK4EaZimVvTq+MYmVJQv3LPGyTSHlGzH3hl9CuRvbvxdBUfevC+x2/cvnV7y/uQZB9LmeEqVRpv90jYYYenzwyAfuc731n//oqv+Iov/MIv/KQveNnLXvb2t7+9Lv3/7b/9t08XgN7v9//qX/2rf/bP/tkjjzxSZ1f96Fe84hVf//Vf74+W649//ON/7+/9vbe97W2Vj7/oRS/6nu/5nq/6qq9qL6hY/Md//Mff/OY337x58/T09Ju+6ZvqFh5++OH29jp13/rWt/7ET/zEhz70ofquL/3SL/2Lf/Ev1sPkb+uQv+td73rta1/7q7/6q/XQHnrooW/+5m9++ctfXjflevTo0aNHjx49evTo0ePODK+iWHnkCUeq52KCZRNkwS+3EHvwN4QVBaK1PAieREurGPmM7kAmVAItWA5q4oU5U02NTZVm12Ft9ZwKv5zyPYJZ9oJi6bdXQ4aUtHufEfNCX2Qanxahpe2wKPtypSx8wNR0YrU8lXmaD/tKn6f6EzELHkZPaSB5YjwCKUKfo9lqhpQzpcSBXBwaSIICGp066gf1cJ0+03sVlmlHxwxRn6qXMYLq9+EoN9/DGGQWxaUyicLmWM+S0qJxVP146RXoVTfpqXsD+RAJMCEp5I0ihUxQJGfuIT03QjADaIefkZLP4nKMvRSCGqEqlKMLAvErbprIYeqv50M4zN6PZyHcvx7vv3LyxDPDnMb1MK5Wq9lPBzcf5ukwzxVFSXuy+nnkQEWVdjmkumto9xgg1lMH2rq3oGAyM0T/negBLVOBqkJRY89KQxp4cZT108i5MT0AKytYz8CBgHI+zuLGmtwsrs8jWm8FCkEdzDia0Su9tqmJ9hCMkiJiPLNqJFGnjnMtZ8ZpUUDhp4fg7qa4IwE0VevylWpO3dG5r7MzpFlSImKMjp+Kopfv5HTOXMkyPYJ19SulifSVtx6VLBwJfYmqYa+rU1XNh6Qew7rsxbjYLHMRpb2yENjo6A5htsmyWVwtslbX3YehjdeFCNwSWUSdl7oEFWd66SVRSQcQre/g3voCPbK+sfF6vouZQb4YxSO455ARBwJT6Q3qrBMqs2fq7eBnhdLN5t7p9a3CbNbjsH+A07KOtqeoPNH7DVaBRLZdL0j2yA3UoZfs8+KnQcIdsCFCeU8ReqZ+OKASpoFmHQKnq4x6wFP9TaV30zVr59xiSVIVSrd6HUee7u0mwV8b+mUirKgHklN9c0KWK7DLpLOCG2RdWybEcxBQpBTMFYS1J/LGuMLoz2FwD9977dHrVx5/4sbuMNX54JBjJN+P3jK72pbYa2OBT3c27fLyspLc+sXzn//8T/Wamh9+znOe87GPfeyjH/2o+3REvZ38yI/8yL/8l//yj/7RP/qd3/mdTz/99Bve8Ibv+77ve81rXlMpMF/zxBNPVF5c9+qv/tW/+uSTT/7zf/7P/9Jf+kuVR//BP/gH628fffTR7/7u737sscfqFiqV/pVf+ZWf/umffsc73vFDP/RDX/zFX+ykifD8wz/8w29605sqMf/rf/2v73a7+hGvetWrfuAHfuDFL36xg+77r/21v1bB9/d///fX++XP/dzPvf71r680/G//7b9dj9f16NGjR48ePXr06NGjxx0YBkD1UZfeC3w49tafkOCvQGjK51s+KyfwgzhWTOviqtKOQUSBqsgt2j1LYXYxZocHXD5Pey0Fhu9BUC2pPc8LFFU3T338J0PmNtl3Tqgx0E57hGcnviyUGTXjScu+vfo+i7RNnTrZLivKDgsvrVh3SqkS3nkS3VsF6qhid0tBungBK4SBIbQ5hwLKA89X5JBEYMs3sbGXJzGHKhKAk2yJqtsFPXjahZh0MoA5lWC9t2Tf54zdk0OvKKshn/rJCbI2Vd3iI+gX4Ux+pykG01MW6iMhwPRicEwzZJqOUsEpHabgFJCDM5fmuoGkG8yZNJuiz1YPT/2fJCQqvq5DWHdsKPPVMT54bfPRzeowCRbe7naigCYVGYJqQknSxfhZPnE1xHV9f51aMY5yltziVcDxxV6tBmlptt+nw+J2Au8XACw1BzcGrTkPHTU9JGd5CdcImvxT53mZRSpeibtfj/XPCnJ34dyggZjcuTTxeVSXhAXyeBoDqPA8qBzVkT+zb1v2LpRS3N0UdyQ9Ia4FqFM3eUvCoYQBpuTqPsyenLrGZWY2zI2htD9ejTwaglZ3Dm4Q2mTKUlU/rGtx4W7IdV5noLpp6OsMQEc/ePYkDCJRznkYwuJRU9rKXmivrtLX5pQECMq1T5fr4Gms762TpveG1RsvVSxezOEBgt2l0SK2Y3UHXB51YSt6iep9IuuQSH2DmOnkrFJdZcq21iOXpIcdLJHpjy51XaaQOeSi69sOM9mm2UBwYfri+FZ3olh4aRTZsLvl+nQhtfWEC63oub3T7gdk5fo+3LHsILig64FxH9relwVSyw57tTbh/SKo3YfeCnVxAfj1NKv3Qd+gqmZd3eAJghklKcch6DmADT+Ld7gCeuRNZGr4fP3s5J4rpyer8Xy3X4n6WeTVttwzXeGO3Y6C3hE/nbHf7/nF2dnZb/KyK1euOLvV/fbjqaee+sVf/MVv+qZvqsSZR/fVX/3VFSj/8i//8h/5I39kHEfu2Etf+tJKn4mDf8/v+T1/+S//5UqNK4CuJ/q1r31tBeKNJr/kJS/5w3/4D7/61a/+8R//8R/8wR9cr9f/+T//55/5mZ/543/8j1e+zC3UrdUt/P2///crkn7uc5/7lre85XkZfvEAABAASURBVP7776+Q+qGHHqq/rZ/7t/7W3/rQhz5U0XbvtdijR48ePXr06NGjR487NnyT5C3yZ4q3FE+Ybk5BnfI/PnnXB1jhhOhqpQ/oxcRcijyy8hVo3Rb/UjXgkCfuAJ6qCANP4MGZBs7x6bu1oCrwGBWr30axmzNGUfeN7BR3sCOTfuIiv4v4n2gGnTPj4Ek6ic1FrT9Ez40WeXjs1+d/bCvGJhpTYoMq/IUdKIPUP7T+IBDFLpqUzaspSEsAYNDlnRFWyw7qQW+dsWZ6ViTtpbV8eiZVLg2QYBuCvsT9o4lrGy9RzEWaIXq2RLfphI/3KtfMiqetrSS2nIpupe4ibC/qW2c3iRFHqUMnhsqzg4aQWkaHXn8+T+tQHriyuef05Nbl/nJ/OBxmDzcSOQlib0F4k0HOJClQp9NGXJ9HKp6ps065iSlDsbZqdaROvAkjJzhbN62qD6YnXLiEpj0aNjsqkdcLQUlhJqCXwZ4nCEzFcEXekEm+nI7zoj73qMh36jILCB3IpJs1QimGkpQ4lUUXf7fEHaqALmxIqSsK5aU45XVaJnSczCDNutAVK/Rg2HKBTJUSSK4LXlfeovjW4VoVVpjpuaPrJlecoi3+AJetex1slX3QZVJbCGLLhmYp083yIl0cwzjC0R5lIpLhidRNR5QvzFoZ4crR7KSCuNjKQ0ucT/Dwl4WHq3bhoOmVQsFu23lveaRiltrq50xXdvl6TizT4A9xFym84qX4JI4YQXGBh16bguVIEw/XbmBYwgINuZnRdPTfl9WLcmkh1JBaFy1i0DydJIuQgjNnZy6l3jX7E73bFTZULcaUDdzLkbOjIW+Ds+bcvFsMvVX4rnZR7IcrNhoyc8IQvYJvxd/BbFYKswL4dDRglX2rgxSDmqGwlkXzhtkpk5e7dYir0RISRrFBvPUmkNlnQBIcq3E8O12fnq78M5LwLFq4I6w+zZrMK1HPv19I/Kczrl69yi8ee+yx3+RlFcvWvz+99hQf/ehHH3/8cZpmVOb7pje96fi3Jycn3/zN39zEyF/0RV9UX/nkk09W+vzhD3+4ouqv+ZqvqdC5vf4rv/Ir/9Af+kP157/xG7/xu37X73rzm99cMfSf/tN/um2hMvSXvexlf/Nv/s33vOc9FUDXn5yfn3/gAx948MEH6xmpL6vk2vXo0aNHjx49evTo0aPHHR+LYCs1swJT2PL3fGj3rVAbLGZwlT7H+jw7hOSbig0baLI367dEo9KiIletQBYqAZo7sN0d2IM9nRO1gpGEJinL0KDCdgMsY/C2T7TW5JsjbEqdYmvfLKat5lh2hp2rRGhX2fO0F4Gak76CwziI2alJtiMsgB3aawVxGYle2wg6w8QybAqYCnwqXBPjglhyv5zg1ebtrGYSwBYpq0+zuUxEVnsnl1XonUFjshZ0s+wZ7aYoqfVDDPqWZCzVq87R0TsWA8AmZwAjrvJdeUvJ0zzRUgLOFYnNswpajBG0U1mpeQmcXu23OB/SfrefDlHtLFKoDFgGRgxlU907QSnyg/r6+09OHrxy9tgzt5642NWxj8AV4N9lVEcBh45/QkdE/lz3b4iTNIFMjg6soQmfCe1UCl3fAqOXejTTYT/BpLRAcWzF+oZGLB1hOmhCPxMxq6S1CaxpDItJOc9zTU9EWIaH1agOrqW0jnCLSv9I12+fz0/hfDD2KB8Oj9pFGHq3xJ1ZPy6XrkJnlSDLf9pMUBIxyaExZp15BWa53qtM1LekBtT5ASbjdIFgr0EnDd48Z7Z2Vq3XkjPKLBchTYBQVULRav1GlswIiAzbDy1RYQLGWUlLiHhPbvrlCp49W6rK/wITdurLbCpqb4lIPVrsGo4iN19rDgrnc6CDu0FupykYibqcFm/iZcJUsfHJDnLgooZJmcAX+bXMbJ2zLGaAWUdG4z7zHUq8AdHfXQ4F1iZ1zUkzrav1Ly6VPLBIX2nPBgTem5C4ZBhHZFzoWFaCMyQuGVjaXDCXyl3G0iPsnmt9He8UZQEORZO0OO1c0uERhY6IHDCTP1szx+aeRGNtZ+UvlCXD7z5q+1r1ttY7cVs3uGP0EnG0qiqcdiVw3ozyv5Yyw6JvKm5LSlp6RNX6MqVLvUOEa9dO7rt+9sijT3LF9cHyCuD43tZNjqyYmXy67YTq7eBFL3pR5bD/5b/8l5e+9KWf1H3igx/84K1bt+oX9ZXu0xH333//V3/1V/+Lf/EvvuVbvuWFL3zhH/tjf+wbvuEbKoM+XqnPzs6uX7/+CW+8efPmfr+vNPzGjRsVSbN+ilG//pIv+ZK3vOUtlaQ///nPr6+px/K+973vkUceaa/5yEc+Un/467/+6/WDvvEbv/Gtb33rd33Xd913331f//VfX7/9/b//93fzjR49evTo0aNHjx49etzhobgMdNdZlbRXYsCvKHRTha2WafsFUOgm2gOtlpUDUpPYen3QTp+A27xC4nDsU+wIF/msrEI565qkNg+VbNC8WD0f7DcElc33OVBgl6kclsdAar/kMbnCgUksiCeWeoO9iJex9K+i7A/cvFKIAfiHhFGFhlDZigmousMCihAuKFnmqATun1B04AQUYqPtlnYvU/zMkWUHx9DI+Cx9+hyf8QscP/mNgctCKNVOlHxWAj3KoM+g0rQCEIKenAkWx5EYXVB+pasBVDADAcnm0EoSyjqKM/m56r0i0rpZbKTniu23u/1uK3K5SitCTNNoO1OC+IV66Jtd/d3J6uRz773y6M3147fTDOZbUVUlFuMwXju7enIyVgp3OExoPhmA/GVvvOU8cNws1new0Y2OfrsAeGvB1hUCxdv1SA84Kvh4mLC/+EUK7jTzQV9dd1RGj4G174pg9ISzSMXhNDG/sBrW9UD1LTSdNh4Xmtl0+1GTVJNfOcihyXycmsOUbsHx2R/epgtXJWO0QSsXcjnUxWQOc82FCBl2moLzTRnK6eLQobL4Yyk9wbP5M7tWoyBLJyXOYqqBfwvbZ/LKHtT0meuxmTNYxojUdRQENnDJomyW/kHelmhZEEc624cFN8PFHHJnzaHhKsv2WbqT3j6STREDHTGcck2uyBMKVZxep14zMihiMfuO1icU6cdkeU5ta6ifhIxhdNaM1huw18FlVz8xXrIqieCbJYkOChm+txHE+g0LoaBCZaeSbE1eyR0hFHUUKf6ogIQnSMtzkNZDG4TCWhLvJ+0LCWuktodOvXfY07CBchedelzhLpiXxV1XCbw7C6D3uH3qAKDVqfwuqkY7aFYPS+QQl3QCFvMG0CUdMcv4u6M0qVZ/ALjr/xtIsh/Xzk4evO/ayXo8JODvMrRuttq9ksb2XKCDz5+Bao4/8Af+QAXQTzzxxBvf+MZv/dZv/YT/A3H79u1/+k//qQOq/sqv/Er36Yh643v1q1/9+37f73vd6173oQ996LWISqK///u/v33EZrNp6uxPiHpDzeJ78ykXusvLS0Lqv/N3/s5//9vHH3+8/v21X/u1P4F4xzve8b8gTk9Pv/3bv/3bvu3bOobu0aNHjx49evTo0aPHnRpFzST1a9ZYa6M0K9JVuVUwdZyK17wUKQdSVkJVe5w1iRw8OpSwFXWI1Bc727jU91KiF6ykG6Xt7MtnBcrqoOH0Yd4bt2vNnDKrqAkKWMzu+SshvRDqRW+l0tQ9z9M+ay8ugYcwUNVSY63oFo1zUA8FaJl90uGCO0NW7O75DF7a4bdRKNbaUeDKPOs7BAAAPvNYFLbwKAohlYqiTa1nWjkt/+b+FG+SXaNdUDxSAUxnUUJYMKLgnbUZrD+uaBtYHjXqxFPqIh3UegVW4J7OIIWflamlhj0K5M1z2W/lgbvEVGHZKL0oPUBImYHWD9nvs9/Oh0OZnri9rbtyZX22m1Il+PVTTzbrhx+4/4XPfe7N89tP3LjhxgEtGFXmJ73djCLD55Siaa9ThMmQoPOhwpbNakUx+FaE0HMxe1KbMq5NPs+a9JYraVDKABPk84FboFa9xlyB+Dw7H083wyi6eGj+DGDbRUIttG/XFE4XJzIHXhlesbRBB9B3QGAOMKeFlcJTP6+m7jLR5zrH4woa+EGwL4mmbyYL+q3kjIpS0aAJEmDmSASt8lWZ8uLRLF7MoM24IpGo8qVJeg0oM/skF70sZCwXES9oEebyYwk1eSz8cNgGOZZb5NKMNArTIu2mEGAooavcwsh1wYBxv2BHzyoQLlFsdJrLDEt9pi2LsefFfkIXSLsBEYrnshB7pa/LHSWoUJe/9HGpZXDtUlafCq0k4TAB8usvnFdqTXOOEsVzPmTlrs9qmdhWcMHlvrXOhZtyEkskOksVnLVsrRE9TVCGQW+iyCGwnyLSBuKuTZ06R0NtRbRVLxOamsqVOwTrKmCKpBp5E8q3U+nVGCrSx4SD4Ft6lqParKmca2U4vOkqeG8NG3mDKmJ9dLpZ33fv9evXTm/c2sIQxS/834TZ7a7kMKncpzsqgH7b2972yCOPVBT7sY997GUve9kXfMEX1PHabrfvfOc7f/Znf7Z+UV/2VV/1VdeuXXOfpqiQ95sR5+fn9VMq/33729/+mte85sd+7Mee97zn/ZbvrbtnXXA/SVSU/NBDD52cnPzoj/7oPffc86le9iVf8iU/8iM/Urfz/ve//9/8m3/zMz/zM//gH/yDhx9++CUveYnr0aNHjx49evTo0aNHjzs5yhGxo4JOZX6KBrxJb4uVGpv9MB69+ZjvmtUpnnubgovPpSoeLLT5LO1h2LGUPegDskOZL62Jqdxqojq3CKwL7Uz58f4Iz1pxsjzLZ3SF8vqMH/FQL8riSoumaapkQVRckYhxUSAGWP5GPNVzz3M7DqUj6lTKR3xTaTsVgzWZIJAvVWJUcGeqscEuvA5z8NZ+kGrK5iqM36nLMD/YavQVRxNKkBQ7c4EgDeVLTBVemiyS/QnV9zkTmMQ2YgTQVI5r18TMDepuZFcJLIyeSyqK9/00ucNuTixpB32ect7Pqf5sO5ft7C5nt0+3z+u3UzldnYVQKf68Hod7r1393Oc+cO89Z5e7CxbYczBDU1eqXYWxXRI91eMbi/KL+HOzXpHCbff7nfSvWrTIzsZUXxwXEOzMmUMbKeq2zadZMyIFbSCz6AfdEKC5lvNYlKDRlNqZqW9Z6tzdUWMxFT6bLha//wxAm8/muDMV0EqM7crW82dMtU7nOU1TmgZYMzsDpq51dcuE10MwN/s6A4s1q5RiDoqglf4hAya5lBGVHgqQi+T7qGmNSlYDSybILgOd+JmaKY0Wg8kqBmW1BesbHNXEWHPM+RdZQE5Qx3IS2AjowmfXguVYMNvFEXh2aMKoC7PR3MpoD1I4YAAa5RXtWi2toEb3tF2oevkoElUoqt+b10Y275Gj5BIat44yZFETpmoL3Zi1pUCpucbaKnZLEdw3eV6JxWsfVW8U2JJF0RTYXBCUNjtVAYOJRzV+GutZi8qf60+R80wsCIIvSnF4eNPXAAAQAElEQVSaMc2qhtb1H2Tb3O4zCyaClbPQ3ht3MhsyuEHJJ9QFKUp3WhUjBy6d9M6GuQml98hrqJXHMrF1gO0EFLowFbcZx3uuXa0r9K3L/W4W5ybek7MMmTMPErtCOJk+3VE3/Gf+zJ957Wtfe3l5WQF0/WK1Wj3wwAOPPvroce6uYuKKqiubdr/tqKT7b/yNv/Ed3/Edf+JP/IkrV6587dd+7dd8zdf8wA/8wM///M/fvHnztwTQz33uc++77773vve9h8NhJUlRiXr2/+t//a8VNz/nOc9Zr9f1BR/4wAfqIRwD6H/9r//1D//wD3/Xd31X/bi/8lf+yr333vuDP/iDdQtfgqiE/dWvfvVv7oXdo0ePHj169OjRo0ePHp/V0aTI2krPIIMVK2svNyBIB9NQe4fpkumTCTztqdUVX82sHqjao6+pygpNjdHur5lKKEaArya2rZagSehBLs1qw2SrEL0af9Cvqcqj7DpA/CxW0dKZaRhG4BcnhhMVPR8m6JNKxTUEPCjmZsdFF+VnLHlX/2jXzFXNEYIdsyBP5kFyFM0k1CB5fZlYEiezDy15kk+eUKE7jquV+E07E20XxRJETPxvARPgJU69YBF2InRMcT6ya10gzbAbv6o/FMdXNkOUynh6dgd1a22oNTolztyCKXY92AoOTdnIPOf9lHdzmXzcu3A5TxfTdFHCPufL6bCd5sqa62/3KU/JwbEiiVGtAJjxJKxcOZycrM7OTio2eezJJ5++dUsSAmmu1GZVB5/90Whpbd670mfNqZS78efc+ilijytaOdms0WUrireIURWDXEElzgL3hNloNzQdTvijiEodo6gDq8LBqADKJ2m4mFdjZp9KnbcY9tSkzpoMUWF01hp+eR0NVAWVyXzKzrm7jD/fqR7QzFXU+eCZMeMVQh8EUefTuxiIk6p8DzOHZqrMOVennPBHzUlkR7/3CKLsgpJXpGFCKEOU9oC0c8Ack7Z4quwFyLTEWiD1LAYS6xJmSRrZF1xOEZdRZlrNw/klSwquXth1FRq4ymCDcjU17/QkxSNel0bNscGjGpdmoTMSfHzmujVeOdr/TuhoXed9dIZ91b7B43ISe4qmpbVSB3SfdahdkQ2L3zUvLkJjfCJctoO6k9gKCEcIuI6sJAUA/+UMTS77zmobPt4yEtS8dUnSvgPSIXCGh7LKqeHePMdii0LONRVQ90UW8/pe3idlSLGZXKRh34BMA3/Dc4ZkoFgzpZqyU4sSK1ehHYekG+WjU2adiSMyhoh+XI2iYI/k6ZojxRAct4VE9jXBvAQHZQiY1JxG43Jvi15vCf5ICK93Tb3ziIVJoEtJYBdWVKmsVw8+eM9HHn+ybN0s06IOy9juiJmHIbsY5CD8Z6ShamW+3/3d3/3GN76xQtv6bQW7x9bJX/7lX/4rv/Ir9Yc/+qM/+spXvvK3z6Cf//znbzabN7/5zS95yUsqgHbAx+fn55UF15//lm9/wQteUGHxv//3//4//sf/+OIXv5g/rHz8l37pl+quft7nfV4drbrlt73tbT/1Uz/1fd/3fZVH1xc89dRTr3/96+uvvvRLv/T69euVYv/iL/7i+9///vott1DZd50b3J8ePXr06NGjR48ePXr0uJMDT7KQ3sFkNxPk4qE4UMbHWBi110Zv8K4oIuijR7JA2cyyX2820bT3PKLHhHG5CUHF/lJdLeGuST0srJUDdWkkuCaCVrdRg77tsVp/uLhFowWcloOnip4Pu13FDXU3h0o6wTpVPijenGq6CkYkLhl0f9DPQpG1shB0QqTJaOGBZKNOGILIloCzoJupohnBqxM8k3f1YXYYhqvXrmfpwCdWx9q6icAoNJ8TG29ATLRVhAIOIEh6EiqBLbm1MWwoE2LE+vtEg2lp2BWK2WRTzhitb6Gcd7GScNo3jRzLu+Qae3e0GBXOlsSFYj/NNy/mm7f3ty52l7tpO5eL/f7W7nBz53ZT2tehFhuRwHZpFVyPFab5mHIdirw/bMUT25c6HLcvdh9/6vZ2u81pgli9rEdqPiOKmNMyH6lvXGZf01EaYHYGqoCh63aunJ1dHuYZRtLs7eip3Me0lIGYpqNx1onHsyBj1Rx6+Ql1SsCrINf8QRrEnDtktrfU3mDqCMzZLOyHSlDffDlI4eqc8Bh1nDpNPtxNcacamKpaGN4V6qrh4ckMPFvUlECWkAoOsVJ4ddbAJQtThAqgI5XG2GIkrFRnemWQXIUlAROjU3tf/l2nVV2StIFgMze21IqlikzSimUoBnPOV+BY0DKxHkTdSL3Sii2XTX/sNafGrzFPpZMe2ah6iWR1j09Zhf8Bzfboc6QuIkwZsSSEKTUHmbfut1Nkfzy+WN+zHUSI2WsuTiXepdim2P2TUnInOcOofhAoOcmS7GpVE3S10K0q3efXmet4RbczbjlL6hAHKLBVayIE1s/kvNo7F6ZAQofrwhZtVzSfheu7vm7yTDFpks9Exkqo7YcOmdsoft0LGqYLP4XxeLG3vLBjeRHvGZSucx2XJUtrR1xbbpQyI+XGLN5xmtlZ1gHbhP6dnkZ1AMViSpxD6qy7fvXKOLJ6SF4/OWbavNS8SLPMjA4JbsnlfQbioYceetWrXvWxj32sYtmPf/zj9ScVB99///0V9Vak+573vOef/JN/UlH+P/7H//jP//k//4Vf+IXutxEV/v6pP/Wn/uE//Id/4S/8hT/5J/9k/aCf+7mf+0//6T9967d+6wtf+MLf8u31Mq+7Wtnxa17zmre//e11Dysf/+mf/umzs7Pv+I7vIG7+2q/92m/5lm9505ve9Gu/9mv1I3a73Rve8IZK1b/zO7+zAvR6Gr7t277tHe94x/d8z/fwQ9/1rnfVLXzRF33R133d17kePXr06NGjR48ePXr0uJOjUE7VnGvpKSFq2GCyMNM7lyICU0qDqecCoYAITQAAHsPpbIsn9zyz/Nk2rByALDmY/Dmrp8exxotiY8jDjDNSCEaW6uwpXuuHj/A2QQKQgDySC32e5oPgyNnL/gt5HsZBhXcUrUH1zO5Umcrb0mwetN1UcCzOFkYEe2hqDBV/GwLGvgQbSsjIhOhXXjPP4zBs1ptxtVqvVyGqo6e6S5g/BC07jLjTiMNE4qRTACCQJ1JNntUHG7REJeuFJhlZnT99BuKiRtMPaEyWTS0uPf20j5nLSU2iVbCX3VyZ8mF/uNxe7qdb2+nWft7P8/luutgdLneH3WHazWU317/zflaZYxAqhVpv7Lz08qrnoJRtKbuSYp5HAKz6Sft5OsjbEhXdKbFhZD472dTTNPiBU0O7KWJOeHOt0DwGRs3gdEARfNiUzWbauPOLy90efR9lq+AyPCmGZ5yeN3PhwODEgb3ZAkmjM3CvnxioSgRqK2ZFUGCrEjkB2EDM7LZpFeOOoI/qsIPKNt1dFXek6fULnvc8FaByKWILPdrGw86lXsvXT9bXTzdXN6uTITqv/uFROmriYqCvj7gyK6hjwYZKmP3SlQ7XOhJBYsPrzLwYyysSXD6an7FbzBkUQHOZMMRIbqudB7GMcLJ7k043Lkp4za3olKcdfaLVDoonklpB04+GkttGvHlY1FbrCRa7n0SXEKHGQJ8E0O2qckcpTY6u90uyyOv4RNtVraPJcLk3/2tducy3wxmq1Y0qtdVeidoxAC0d66ow16VBWgEkJhvVOL/+Bg5Nhd7NQt4DkwHqwoxiFFmgasJM7J7JodFa1myo5KByu3eapRSR8MjMpwnAxek7xnZG1dNbh0a14Rwd/tMQNu67romjvda8FErolzSCaw4ZsKI+2qYyemzb0pP1/dRUC9uvWcCnbt/++V9+74c+9uTty32Bk7WInlGNg0ohjr8kReu4/cpv/M54RLz3ve993eteV49uHMdXvvKVn//5n+9+G1G382//7b/9sR/7sYq867cVAX/7t3/7N3zDN3DYK1l+97vf/ZM/+ZMPPPAAX//kk0++4hWvqOT67/7dv3t6euqgaK5v/3f/7t/dvHnz+vXrL37xi+sLHn744eOPeOtb3/oTP/ETH/rQh/gRFU9//dd/fbsWPvjBD/7QD/1QPa79fn/fffdVYP3yl7+8UmzXo0ePHj169OjRo0ePHndm/M8/8P1qKBqkfQ6ehCM1WNCWEXVEfbiHsk0cKuTRNUWXVy4PIfmQleXyL/Wl0HZKTv1D9UnYlQWMBisjdvSO8M2PQsXR6lVs3yqaIKQ2EiI8ATabiqGLdflitXwuB4lphu+EFDcPkb21HClgRKFzGLhZszvmr53Jkb3iefsHqi/F8vLvrJbITm1AtFEflIHzLM4bIrOLVEEKuaiQKjrqJ02xZtgomMeHeR03AK12nc4Z9KT00GrfKYlTzlDUe8M52ougtRi1msUt1HMA8FbAKrpAN8/lIA7O0yGnw5R2u1lY86FC58Ot3Xx+yIc076d0mAsUzYcpFzQ0pGMpfZxZZR61oF3EhHly8zan/ZyGCjHmjBp558dRVO5ONYr1wOuU24zj2WZzstmshhE/Az23Rm4xqAiefSKXYcOYYLbK9Jzm9PjNW7cvL2fJO6TS+LXKpmHoIe3HEltn1XPS/ABkkqwHPQs50zNbbEiGuFptTjfDelUnTDC/BIiZsevwkMlm7KEsCb/UkoGB/gTq/s1+b/mXfvEX3J0WX/ZlX+b+L8UdCaA/5+GHkVTxz951yJKDGEoM0V/bbK6dnFQAfVbzJgPzX7K0AhrLZVaveVQwZLgGBxJWTZyooZB+jxnF7BAs6u3nkX7xyEnRVaOFtTqF17A6KfhiPDcuuNnpgqU5NLXR0EVTLGZyo6Xilz/NUuLRMm9L5YF6jHipCxA/Gk2NYbHRL/FpsGcIdChqdLVJrnlXWYx+nDdc7pllg5My3Yh0IaaRjXLqEOwukJf8qUmfFfDqvxR0Y5nKsPPhcdZD3O/SJC3j6gbh2iTJwkQzZtw/5B9prkoTFVkcYKJU6fMoSbK63NSbR6DxNG8AnifMNXkxLa5wDAF3IKawuHiNY6Qxi7MpYVLlTyDPOq4Dkp+UY1MfTR29s2Oqf8FR3G6u3m6oWOiDrKA6FSJdSgw8VxgPW3+ZHRVvjzAPv33Ib3/v+3/1137jsSeeEUeWwSWkpkc/il9S/VpE0HAtyfm/fvhx9zsU1EEXZJi/93u/t+Jg16NHjx49evTo0aNHjx49Pmvi////+356HtQ/gkbhO+mca9o+WJSqPsp0sXDidWUs0+hzlMdPOliq4stna+HG0vFskCFodTJFu6GBWtCKQKInj7+Vgaq7Kp6pk2HoonanAA98oldQE6Nq9QCRB/WXEJXeYTcd9nvSZzF4GOUQ65HRm0I8iQUjjHUbAm/EsLmQbDiVB2qDLmJdrxae9Y1D87OQY8vKIp3TYn2obhP8RTMEc6KYo6BNK8gVphdgrUDVrMLuTJuPJKaxtkGer9zE3kags9DVIzCWKX2mfXJkYTlR87NenAAAEABJREFUd2VGUr7u6+8iYKn8N6DpYqUt+2kW64zZb3fpfLu/ub28dbmv3PnykC6ntJ3zbpoOqVTcfBCcjkr+4mYxshBeghLsoFp2umEYyGrnBTubZTolNbtwivVo5B1I0uuPxxDPTk5P1hvo1MsAB+rs2GaMhjAyM4dx0EQBBn6uMNypGew8pSdu375VAXRF0eLoAj0lVKu0PEXvrsg9FPPYisL13NZRcqvVkLKq+qT1Wyl12mw2m6tXr0RYOHs0HUypGLsXll95Nv/k4Fu7MAcj2LrhGMom+mwqVuph61v/9b/7eXenxf9lAH1HWnAwgyBfBctIaclCUf198AmuPZJuitJmE4TRBfak9NS741L3FD9jUWjUVeamNfozY168yUf+Yw4zALOFFBbL47O8FJR7yltoEy0AMZdmSORaCQlAq5qka6EKckLTNHNZa+Q6ocSlTnRrhmiknOY+bPWnDV6RV+TS7Y+AvaFhVeoWp3cSK4wx7n6cheMFrgZJOXH11995tbHJPhU9P0Z+nTfOXmwtKm6p7HEs7gisboB1UmXubr8/TIeDtr5NmYA8qtuJ166NY7QdS0T6BPFy15BFtRg8P7Jtqr+ot9WRVkTMAmiyoGhClVpmTTA2BXeg8t1uNq4Z3dPcQ0yTkHvEyoWTFWBeNHCDrNbQ9CNyBV4V+1yr4W3Eeww72GLoOE84PjVbgj2r74ib9fqhB++/9vhTT964JeYmgx/l/ypIo8WYI9XzRaZ/DL+jqaUv//Iv/3N/7s+97nWvq3end77znS996Utdjx49evTo0aNHjx49evT47AnPQmdtbpeB6qIpn71XF2D6CZjXqbMiYa3YpjVooSVuCfSTZik5PRmUoqIIG2Ag84MgbQNjBr4FqsxCM7Sfnzaeyua8yW+p6lL3ZyeP8aUFlYf4wPocut1eVgAtaq0Rjg5SXCy1xWggF0hpKoaU3Zd+WaICbBaZVj3t1YCjqK7b8IbuCuXZIftWAi5gpNCeWSgAKIryB2eF4mz4RJ1fRktGCtdEMmg20AqL5CRxdJR4FxNHOw6HtURz3Lqg/Pp5Y0EPMKmbV/6FqnMopsc68IDhsyvnwpb8xS49c3u6eXt343J7e7u73O92U8W5hRLx7OJuqpRGepLVIay4Jil6l0A7vrFupr4JBKosGvC2zwpXnE4bg++qhOcQx6Ld0XLei2XG5cV+v1mN107FGprvkTGMYSUoX8jJlKbmMw4/bs+mgdAPlkpJVnUc5uIHeuHqmYO23+X6x8+ezQ1hjkvvcIHrh7z1kDZiu2upmIeAdYjibp4CGFGGJUsBpsMVJAyaGZsgRfYuDVIi4EcDQ5hvnkCegm6xfc2fkcZdn7VxZ3pAtwZ6zd9C1bgymxRmSr4iz3BMLnKpUzOtuBaIOTQjFv44qmI3h5aJ4opqGtqoPLk07M0qEUeXDr7bqZMOrzE0NMRSzowcFtNEYxtm8JQUl2ZpXD+qvkCrVnD98jOEpltXUlv0DSLjn8zmgN5NZS5mQQTNsq7UnsmlYvtL7TMSQcvY+iMl99GQiw48sZmgZvB8iQpWw1ExCkoQWJvDRcdSgVpSQ0McZ+cIe1W3K5e5ODPNh7nmJ/eHXI810CEjEnwT4NN8H5Qd1UG0ZkYphlMvDrmFSKdbWKyob4YmSSGQp1GFa4YnxTyqZC3i+reI03XH5R3aWfZoeHCCZEQlOTbzLCa4G2XcLTThVYqOtqNMPIpemlAcd8jc6mo8aoLo4iKnfhx5EhIOTMC/WD37q1dOr5xIMlCk39BNj3WN4z7aLHDWF/h3MGpa7JWvfGWlz90ruUePHj169OjRo0ePHj0+G8Mr5KDFME0TaJDgtTeW90cmpXiuz9A7Zxb2eqrTmqAtmlIOrNi4AnGx2kqoRtYpm8BDbDIbDWeoAJJV6xrVGEX9+TRlH5XvFGqkYUlKjZwodKXhoDhfiL/GMNb/hFNLA8CAMupBn/9NcehavfNRq8NFPceScQPTeMlcsuEOQA7Sc301xxQl89EIS4DuVbSSwsFFWDih8SIhsTtCyjoEUhI952bSmQlR2TKsKLPAzuYFODh/5PZZP3MQaCAAKiSco1DBaAW14Znd/tb2cPPy8FTlzZPbTXk3510S8w2x10gVphWRjbsKxyqCmqG422/FykT6C27Wm2madrvtYX8g5BCCK20b9fjdkSi7lONKcrJX7Xqowy+i6JJUiocfQk3XuliuVivMED26yo1IYyohI/sQyjJAGe1Vbo+uZxUbB4degz5ZSgFWMyt4RUvRuM8UjHr6IIhOPe79XJx2QxyiWIJEOKN4X3nVxZX1ejUIhaoEZijDKPbh3rPfWEC/yAFdLEWtGug/UOfh4XCoVL3uy0AGCAlqJVZjvLtMoO9IAB2Mjha3YN9GhZmPqid0SvNU0xhlcF5tjHDBOy6J6MlZJ0P2ZkARbOkJQZ3XNSG40F5dm5ePLq59KDKCtkBlNiTlZop1YS26cGuXPThhoAAF1RyaxAveN9990eyaxTCrP/yxtQUyiqUZ2ZTCkgLn9IJfikfc4kfkvZlQ05iYu350w7AoTpsNap6z2FZI7pl6RMpN1zh7W2lrdTlK5xiAlq+1WytUwyTtFC/nSaocCpoAeKieh0/o8Wj28vUM0oKDr5SxwhGtxpX8Qn4zBFmDrD0CSbzlaPWuoclDlbjDFJpntNjarYcmrtQk6dyclFHIqoHerKXZA+FMsgRGPjc2lTgytEyHsTBF3bdLUfMhnJDoaeJRKLpvFBy3QDhI1YxcnsbgrpyMpyfrw3xwkrqrU7wMso4xJ6Cn63cYPyNehHA9evTo0aNHjx49evTo0eOzN2ifoWXhJm9lnbE3C86GoFtkc+QlwnYGEJSg4sE4uEWuR6ygf7LqwApUw+w4aPC50KcXzgzmkWyfrHXt+ajxn0nEKtadpZwaJh4DZatiQxo9rVopZQsha+c+3fljf2XT6i6iR+ePcaqD069TcTiIhzlNZFeanykpPD2eAR4UGUMeDeUY6UpG56oGuJUoKwdXVTW30Mq0vX54WbjUcT07hh9OKRRhK6LKuXIuv53cx8/PH3/61o3z7c3L6dblPEPlXYn4VF8hMN1DLyneFTAEVc33QaD+XNF/BmwneHPo8ehUq559G6RSWq182y87Uc+edordQJnwsspyKnHmXsOWfBBlNH2cWe6dkmUjULefjZ34Z0/Ppu6PAR21HLXoK+kdJlpFYU/IfUBHrwi6DtN6nMmkK7yplPlkJcJAuJcIErq+qUha2XQoYufiRFC59APLUzkkESjSnsC7YXdIOwHQld3H9ThSOl2PbxTzmNHdTXFnAmj2WVt+oBrTUhZVbz3f9XqZxRaCPkEOjQeD6Wr5daDCNRQm9XShsEvXaYqOySSiSG2pWpguW7TDdEdfdsq3NaNO3mTZPL9sGzkU45aCDmMsjSw7vzhVwF0diy0OO+vSoyOg5FvNLngVohUdhdgsJ5AKGGYOsYJ7CIe1okY9H3j1Hi24jT5TIYzVX3XNDhdMKnpQ6lT07HOEo08NQBe9xopmCQXpqqO7gxIc9wXpBVB3TRok1gGRXpHsh6Arl8nVpR0k6LP8Ty1HvB7YelzXlYAtJq0Ho64pKlrnAGpaoDSbZxU7czXX5VtPOT2qzKEbJh9ZGyLWo7Ckx7P7p8JMQxrKWk/CSo71HukW/275jMHpEQbtEktkXb/GCDdheWaFyjRLUdOVk9X1K6fPnE/U4HvLVBPQi8A7I+XWo0ePHj169OjRo0ePHj16fNJY9G1mZKBchNyyEDPwJUY/mtqpNN5KIkCSUJ+SRTgNG2JvNhIsvFbc0OwbDA4A6Oi3qeFnr0jP2WcpVRC6Ki+YUWXOvWYNujSc2+/TdBCwN66iaFeD6tEELgxWqu0bXFBbiKO9cuYu4uEu7VyrnXZGNKyVWqE+sOQm31aY44oNkRqOiDqYW31W20E7B+1fr0I53ZOgQsOmy1Y67huJN1JiAmo9Q2giKVQsJ/p6Yk8rAT2f/K9+9JlHn7pxa1tHqkxJgC9OeIUbU6wYBoB5ztJTymxGcoVq8n2SsvjdQeygT042m81JCNNuf9Bi8SNCZ0D9WUSCVL40MlOcKe+leHwVBwLocTWenpx4eABU3DOMasfs0AvML0cphxmlBVaDYvYxIOL1pesoEsV6gHmQhASr6oc4RrQMG4uomj3sB9SjVRMkiVay9Zs6NCfjOKqTinDqjWifVduYZYjTYU6HaRIgXWId4orpd2KXnR2oVIVSu/qCWU7pRvTk8IGFtbpo89crdzfFnWnBwYu1cCEsEM0XqHmdOs5IDkdWLlmRZkdVM70Z1HgjWEtKwMJAN32FzUerACd25qKkdJa/LJqmgWIeIHdZQGEMo+Y+ShDVxBlFEpnzm5YfLTfkPuEqLV6LOzKspp0aGzlH62e5dklP5RKS/M2ycEkHz0WErATd+0WnnFJqrLnQZb8sv9VVwbbAPF5iZ1J11VB87K2aZDktTscFab1itiKuyYO5Qif9INn3+ua61NQc10hXJqlOqEtYGnBWIpMAkiyIweTPbogbsZwYpLxhqCmslXhWqFKYyN63tR49VXEHzGoVL3dELsCF5hzRhtw703nXpFrhScwwcpnZ/RStBOra55snFrqZksVnZtgCa21msa8KFEEXmv872rdwxdG9rJwZ1h25Ldg8z+KID1G49Gx1KN5gbYocs79+url2epLL07CpqjMpaPq24P8X1NtkmqPrALpHjx49evTo0aNHjx49evwmAdLpB5XiEcyqp6SiaBWTirAtBGcvMwGdlpKz5Bm+GSz/JXsm0hXyEjwVy42jNk1vfe5lhXpQ7whV2KkG2byCQYDUbpl0VKBAkAff+kQ+Hab94VBRxWqU/yrdo7klDXqDfHqwCmcR91U8zUPhwzgfw1lczRplV7SR1gJu2ogVcxUVFW2B+YQeVj2O5LTz1/ExOpP9hYbMPT0hRDwmvGUhzwuLMoUgpboqzc5w8yimQeTJWITO+DLIQMGRFkLcSnwqxQjxZB7zx57cPnHzMNdtxrqrYgeivRFdnGcnCnIR8EryYKhgIURsstIOMayoG53SPIyb05PTK1fOzs/P6ydO0uhPuZbxraA7VpZsg3EQH4Iz9bmexHG1Oj3dCNUreTUMZ5uT+tF1L+qLhyFMMDwNuvHKu9CdMgFVhaBtvZDfCBQDwhhlM9YZ4OuODcOq5iQKDQn0NM4VC1XgXWdJHQahzOuVmGmYIlAMsot6bcc2cUWe7S/nDNvVJDQ+5cMsXRnrFDq9ejr4WL/aTzXEKHqAU00uh3ou1oMosTcyKT26fQqvhnCyW3B81geTP2GpAXEqKXYt4yO/zynMyR/qhZJcaa49i1GHd+oqQ5MK2C2XAMWsLYzF03fIoDSzWV4rR5ybxBDHUbDaVgnw2eS4ZnJ6c/3CdWYLl3QMBfpUfEtUjcTdclS26HtaQziSa1o32KpP88MRtZ8AABAASURBVAmnxQuuCZn1G+/b5rIZnHN7rUQmKZDVD+YKra4SKZejhJwVOnAjeoNSfyanVTZer3q1IGkAGhUZJvTlggQjFNBa+sUnb8k7IeKwaxrolcKamYh8YXTWfRIZBJwvLdZgq8DKbGdRlENxrKidDhz8n9yi7PbA8UkwYTIxemY/Wa6h+E6245x6tdQXRI9uscLZxaW+qPbdY3xr2ksHFt0XVPQd1DSfe259Epyvq3tCNg88Wm1PEm5kcq6pnpZEiqyATsqGVnWSroZwsokna1GLUzeO4UBKQO73DtZOxfXo0aNHjx49evTo0aNHjx6fPPAMWop2E5R+es6zDBmaYmnO54s3qwfK/xpYxrOu8LgwQ/jlWH4c1CACQkHPPoRBn05zWhADnXD5ZJ6TU7sL3S2vZeVHqAT8IfBp3aNfn3gmFNGgioitPkH7MJ6uKkYQ3DJP4rsQRjFCdgE9m+aAznIZlpiibmaJ8zzhYbxxIrZGJGM3VVtRf1FUSGv5M6iBmH2I16uqqb0R9UynCL6ZysFwJP7d7/cFXRlFn6v6RdM6ZxufcmiDoWjVkRuIY0Z5tvCXoaJ0jm2a6tnLglpS5bWHHLZxuji49cqvQv1l/VhxCqgbTWymKFuPORBkKMwR4pV4ZgX910E7OTmd99ONp56ph3D96rXh2lC/2O12271rHqx2hpWPaZW3b14jQmDR0surWLRijnGF3n3gYwlMXiq85UStYt2rQD+QGBSI4ci0lFwJlSpGZZgiMgT116MIll0eh6C8SA6oouGKUkZU4VPGOISQOBUAkOo5q5RnpneuyFuFx4upQt3UjH5dhfbchG8iGRVf6Tqh5hTStBpF5ig5kDjiPYDfQ/3JWPeqvnKzHjer9TGsu0vizlRAO5MkK1CGM0YpvhFZEcOHuU4acelFPQQKCKQlq/pJeDaV8zTzoEBWbQwcCyjMMcIrol4ArBZLYGrDfd+bi4Jd/Jp18nR+iM13ouAy0sKWoyTakuaST8yadMT2CKnxgxzQPpULMfh2wCqV0Zs1FbWOKMVSQ6Z6Xq5/SyGWHNogao6xGEeOlaAGdoI1qyJN8RHhlrZoNhuidgjYsUzTagHKmo9CSpXJUjOJQEfBeghyk6g8VtGsHEtdhEZJa9Ubh1RhFKxBgcZRll1NPDq+C5Q5MU0rgwN/aNM1e2YFMVp62gqIc9ZzjESj+oHYvzxdzjkrc+ExKkNGN0rXrJncs6uWDM+3+WDJMs7UDC8gSsJTMY287DbYd7DehtbTgZYfug25PSDRuVmJBcfVs83ucu/oqS26Z4rdOWufXQPTo0ePHj169OjRo0ePHj16HEWzo6wPoAFC2GwOBkF1c03JR6sKtGxSKaBXcW5Jc8ETutpPUA3L51F9JgVYaM/abPrXemNBceVU86xI0pmrA18v/4tWps7+X+Cws0aehULAMjiqm6hsV5pzCRVim8P6mDzjOJTdOiOWKhcjWnLPfqSn/hqP/o5AGXYQBYA+09STWzMe4+jXmVSBB/gTFgJL4iTkWsTTLkyCilnLrEXwTVW5nCYareJpHyX19N72C3YAipH/Km6QAxI+NCc4qYYC0HI4zI+fP/PBp7e7CuvJ/FFur8RDDV1hkSqmp+a9AntukhoHiaQUoGdfd393cVgP+zhKK721W7kQK/SvZySZN7edS4notBcZRM0wp4iCaIOZvtSfjCa5r8cIjwpHvaNnpzRn7c2cqu9FEugVA5pElZ3QRH9Y/ECJOYGfmh6AkWOaM/2BdpAFMm7ovukHK5J6E6KKLhsnkN3axLBEeFkEpo7IQ4hIXNylR4maUZgxG2Vg4EKOZActZKMo9GOoPGe9WtV3HabJ3U1xhwJoxb8mXiYPXBZIceCVrm1lSu4wh/00rwYv5z3NjtMy084ApkQyJbPK9LEsJfbHK3R90TXXKlGiLkNqkZzYg4+WMMy/WL5HVljPZRR99eqs44UdgxreGCaW79XSwRsSN75qfewcbRl8awzo1Y9ZJbYZbh2uFYnYlkvDp2LjANCJUgLRaAfqlPl7bESWSMkHYhdzanxcsCnYN0YJh9acjxrdLmpq4WwRVkcKrAElcIxocFxJakStTOCiXNhssKB7Y46D5KzGmqwMbKUq13tutJ5+1oVtI1Flgtug5kpV+4t1KltfggJPZKXt8vokq4ui3ax5B6e9a401iwxc73aWA1D9tnOuCd5xO9GkZrM6aZ0OKajnUVtBTZY2l4kAmo7lKrBHYg3pShBkUUZjsAN7RMK2CrVLpa5W105P7j3bPLk7iEWHfEYOwVIDhbf3DqB79OjRo0ePHj169OjRo8enDjxDmsFmM2rORHaqR7bnTKvmdtrZyJProh+WPQ/zpU365nwzF1V9mzJg9ZQoDYBmEF6VCYP0qJ8p30V70mJbcOILOk/TPM3EKYIU6qOyIOejNleCNSDm5bN2ISyhL3PO9OKg5o9qNgPApiuG1I+0pZiYDxusPANcthAQeO3j5Rsy1/ezqZVtTS2hgSMAP9FyyqXmpK1WFkAPJbSif6/ktCxUnnhCrDtpfqoA2krd6wmlEWigONLvp/T4jZu//rEbNy62hzpqmbwnU9qpdfJgYuJBwjF0ZnfrtNGgkGKpTHdz3bdU9pe79enKD66iVh+Gw96JZjupXlB2T4TOSAyQbkFmCbtl2fPVMMI2IMMBBKa4PNzgBrEkVY2xc9bYzRFqg0VjFkTj7+TmBN4gvRFOMNCaig48Y646cc8QmC4S8gp/61nn12IzbY4BFXsNZN5QTUawOpldMdYN1X2WHUXvuQSZdd1+3exmvT4RU+xwSNII08GMZQg02hjxbhStB7H+gHB/EuqYOoD+rA9rwMeEByeVpHpwgUmmQ/IPcsWUKbvLOcX97GLUhFbMrC4pHmpoNeWVKS4UE6Q1ZbnwaHSjays0zkH8b1SE67wzY3i5OsUBRi7MKDPJMzlm3UnTXtYCySHV0c5iWhx9jjP9hzwuRNe8ZojDYdsvH4eqEgqKnVNvI+YJpc1mVguhipNLywz6QHiOnnyeHQsVCfuxwN5hQoZQB6+IYjibk4ZcWoKFmQVtVtEgy+I1LOhWaknY5JDm7bQmwQsXZO7p2ky27rAIjFh1xAw+Mgb2CpBVPTIrJs366mI81bQi7d+N9GLxgWpblgIsI7qyw1UfAmf1+a67VY92ljap09za+CFhgTzjBGQNEbQSdriAqPdOafeIuvswESeP5mcjbxGCL+3GSivxJnPm3Ri3JyYx+GHtns3RTPB9ZnuBpL/lzb44k9gjwRkUdzs9OrFuksOtqcLTzer6ldXTT/u5qMd10v2TmTmrhLtHjx49evTo0aNHjx49evT4JEE2eYSaRUErFb/F/DxVBVzYz8lTyivy0ARGqX2faDSpmiw0gPPNfsG5xWHZu+aNujhGLu4M2qBNzTag9jUZmitHALq+V562Z/HRhPB5oCYxZVaTl2B6Pmzf5NCEJ5koAKabwj6FCRZz/AAV1tLr+t00qzIRRJcyRjkc8lCqH4fgx3EMLFWXAyNlaBjHofK50J6VZdd1161dFh09JALGJhWiWFhuqIwYG8nZLSYh2ahFoCibm1ISm4CAUPAv1hslVfJVSegupdv7w83bl0/eug1ZJNmwMGIz3BY4lEXCLPJpjGBFNpGiOjh90jNEZNPioZHDmMVlOXsd8YKGZOO4kl5fsL8Y0IktskLdGWcW89UCn1U/M9mRCoXK8F8VkDX6IVXK7coYQxLvFOMkzjWFO5sQsqq/0BgBmArjFw8Ve1WyVI9f8NdMnAOhaobo2lUGP2IUBrHLoEEK5ZJic0r6JD/MAvygYR4r0xpHQedeBi3KJZHFFrWe0VUcVutN/d2cxIhBTFzRJLMiqMFP9VNnAc51b9KeUk2kEzwg2N0Td6YCOquxTfFlMT4oTMlwZXQ51CxSqRP2MKfLwxThm1BftIGvuEik0RkOfFa9g7Oaz8uS680t2aljB64+rKNkjNlpWk1LUmQlC2pfLD9NXpvMuUR3BSYDSwyWAeMmw7MQsxJM9t+MpKKFSlgN6x+IhS8VZouyWhx7sE3NmJFzpmR9AD39mGU9or1xZI0FmubJ1UMrd6wecsmYMhprtMSEvaNtRQyjjDFoc90a2+k5ImlzbZI+iwM8NMRhffTaeVZ2dRyiO7KpqFswf4+6CfFzEkCb5tgMsHF69B6FPFgovLWJnphNImGyVMeu3iS28MBXJ29HI2+t8mHlTPGaDoOsu6CXpLhESW4THJwN/1gsIwdT1xrYQOP+DJW3JFcxf2p+y9EnSO6zA+pKdFLw7rgkdY8CVTnFrL0LRk7+qIM+RlDOzCBDK30IaSyeKfmWm9JqPd53/eqjT56n/ew1MwAdOAl0Wcy7e/To0aNHjx49evTo0aNHj08Me1JFmyLnKaQT39CgT7JBWzQp+lNkUaGnm3OKYhNatNWSbk9bEWp9NMvOaYo50LK5aE2yOX6qnYJq2eRJW52mCa/94hNieCTPhynPJKTyGA2dVlFpIjRtQjcDDCZcsyRFlXAJqJ+GRBfOmCJ9Zd8nMuj6pfhZa3O7VD8nzXyyBorx5N11+9N+Ug3YydrBi8Fr96bstN1e0EHA8/9cXLZybJVUHpWQcw/QKxH8lL30clNSo11W0Dex+h7iwoSScdh6kJagUt054uJM9pHFGyDdvNzeutzu9ofpsKc/dWXF6/VJGOmATZl5EUFiDgdpqrWC16tgF2EtEzy1V8O4qu/ZCIKFRO5yV7e5308iInTZQ2koxz+uxvU4rNA+S2aX1vW7SpwHceb2dToMLsx1kKHhru9ZDcKtwe78MA6CzSGFnyG/nCEnDNITTKaOMB/1QyV1CTISWoYvLh9Zhztj+Dw6Z8H/NTs4UPtV/YBxjOoGm4Oj70vByAzsSBh0Yg5Cl082p6ebCL6GLoQEzDIx5ulQJ+R0uBDwDBdgmisQQFcsVvBzQU64XiL2ZyUGHd7dTXFnNiHMWiHgsmrvabsBIbuc4wg5dBAtva/zsl4MNUkz+lzn7yCZqSCcEopnrnjYoLc+pTCMaK4LqnhusNQSdEhZMKFH8KzYsMABGTJ9zu8RbDBnxZlwOvdM/ajN89I2UEmltNmkSYdY/ofW5U+2wmsquGBLFoCkT56mzHIl0DEJItysxR/kw4Ft9YqVpKjTEWXEWLKse6Aya80ssQRF62Vg5QE3D21sKm42gzqT6FFjywG9Cxw4NfsAaAdaXG/NHAO2PloUIzvHVGSmfz1uHHYi8HucJzrSC3DF1a1+RKgUkTEz4u6bb3VouNu8oYvZBoVm4gyMruJsmQN06448/4623RhudB1A1hH2H5g39CUJsxfTftlaXWica+7flqotKnZGyclRnhmrYdtJnQyu1JydL9axQVooyN4LZvdus15dv3r16tnNaTqXdQw+R1TsMzHdmxD26NGjR48ePXr06NGjR49PGfps7AhACttcZfohq/jfPfPzAAAQAElEQVTWOkIVVSUrq+QzdKbi1Httm1WeBSCggis0czCjYhEAzzPoHd9CsbDSExpNm3eHPJWnxAdq7pGIWqXOOQXwFdDDYDiGD83ke2iNJIdCWwzWvMvzNam3HQQhcNbGf8Wq5RfwQyFfPjIuFeNpER+KTYTAnTAAImZHD1DHAmgo5hK+hd1HYgU0Gj0VahXL4veshqIs7BZcu/iP2HGFoPJzr/XZxWnVs9qFGv1XrKTwHYYTOUzJnV/ub96+PN/tqFM0+uRTGmhPHIXqFKgGB/GmmKG0Lql+8tV7z05P7x9D/WGu9GEPDw9f5jrS+/rVlMqUmWcAap+mBGRSclyvNuv16XqM0AAKCq/AKrpVDGsPS4tQDshFiPBZARnQedrLqEH+l6TlX57EbiWhLxo7STrxbJbGY47l9RUrK2ISjp4IXQL8XIcinh6DtCIUvCZTTSTa0tKwHju7kQlyhoi8bn4ch81mNYrfc4BLLSDcIJ4G9ewfDod9pfj7Q9IEijTilLZzAqZ5rrPT7AlMQhIcUaRugObajrNXWF/K7m6KO1MB3chlK+zAhCgGcEWLWtCrFUy2Tv99KbvgNuOQVpEWPZrqaxUNhf7DRdcuXLckqmjd6tUc3Wn2Tr0WnGqeVQGsuTvUDrBJJo1j1GhC1gldVp1vMHJRyDpdhNRwmhbD0kpT/TVmaVOK3WD1iXMKvdXaGAUw2dAr7h2uwUxBxfSRcC0/6Vi+IgtxysWaLJoxE4Ar5LZkppR6Sw0FrtLAOhtC50XSXTNd4QjX6+ixX6JaQkmL21TMGMh74+7OWVM+dH6kkBhXOzJIROp0ayq0bkbm1EA8ckkOIJbou2hmwKuns0rZlUxj+GUBMtE4b3kR4NzxbqHvllVGx8sqiJwBeN1JWlgxP4gzgqRiG3vnLBfHCRFagZJzllTwbfUp3EW7xY2ShcSdRt4YmUle+9WV09Orpyfn55f1Jiw/j6Dv8H+JHUD36NGjR48ePXr06NGjR49PHQtlVvDqDEb4BpGVNuvDZeu9xGd50TSTE/CFoDD6pFuUOBdFubADLTS/EPGoa8/TEDLDdMJR+MwH+XLkxwmJc+WcFe5AsafK56AP9xDo+WJKOz6zm7G1oyDYmQaZXJk96CCGw3M35G4B+LrVKXtTGqoxNHw5sOtxHFYVaEaYjsJCuxjCKcQouT7fz2C9bDFmcmaaHevjPv4X/LHmkYSIKQElTmpRYk4pla6YBs57Qmgq6uhzzH0XbsoBlcZbuwqgt4db24qOp1YqXXfsMIllcUXP0j6vjBHDqtrklNYnq/VmLUrmIa7Xq/qG7cW2cuDtob7v4MSaFVQ9ARRFTIOsh1UZRX394MOVzen1s5OzSuSReZjEtaSCyDBkSQkcRA8O/w1BKDP2zGtKgL7W6F841w0mMcsVYaQTS9JhqGRZsK+kAOT7SLcQ4ECa6FLx53GOhPZIS0CIvakyp1wRqmsBPnULvALEU6XycZxc2YWZvExQ1KXwdRm0/UEBtJ4yk1aKnwJ8bHgWQKJitv5yXg1cacEh+zYfuR3cDXGHNiFcHHXJ6KyCoWiZhqPxOhqySu7B16lR/0wyh2FugZalMhvUYcclSu1V7EpHjGIiYZ1VcnWHBd2ikAAW0sHRIpirtXgHo1UcFcT1N4NayARRxWoZBnTL0FcTNTIbZmvQEmKerhURxWkjTk+pf1bHBUmuTYdZ/ZGwokN0LP9xbeLGg4mU4c0P66FMYxCfrGLF2z7HoNk3MbnwAak94M+BeT62LQ1wv/G671kA62jJLRSkFGL7BN8jyyNSGJyU7ztrkOvM/1j9klByIiLnVBcv8TVOMOuHp7tKgun7EQZPU2rJ1foR+wZLJi7JPmgmoMFjD58fz7SCZlStiaRWDLlsHvRYPZN4UlNMzSHiTY5ZWZQPCfqlUxRvADh89dlXCxft+hoWQ6x2r+Bdyr41sfYIqXtRd2y+0lsmLQS0Ilw9FcMWxwmDmKSJ6QBj8B49evTo0aNHjx49evTo0eOTRUOeSkKcGl5418itLyZsJkLRx2oQNDr7Shh/dr5hZVAOFCx71fsW6LqKVil7Gqk6lCEHlCAb0gk066gvn5Wn5nKo4PMgHdsC1brUq1HwS5kdWvCpQg9GFzDYVEkt7CqVDpgrRpoTn+KFeahoLerzfqZbs3ZuKqqXszGpOGEEBHUOhpny6J0VGRUaNovNhwiuZ/SeKqpO9hTGaV8rn7VI2jrscdeLOp4UZ1JsE745Ux8aVXKLHI+CR+6mlZFXpAIVZZzSfL6fLw/zpNiH26u/r3QlT7OfRcg8DicnFfieeL+pMOLa6t577rl2733DZvPYI4/dePLG+eXFbl9fdkhi2ixANswlOmkiBmgtdiy0MAV8ETIlsuWczsbhoY0bshf6PYQcYwVjdVfq77a7iQLDurVtRbqe1dyqfoQ+MoM7SStDGZE8109ZrcZxtRJujd8GaBCji7QkR+W9s/p86UUm7rVoeyiKyThoWTu6aEYw/KmiMTbqqvCnfvYUDvutqO33hzwVipoh7p4rq3c4w8KpJMMB02rp4AYQSPtwU7jLGE1zgv93QObA60kHRixwSbmb4s4E0F5TUcotC1NjhtuAlGn/Q0+YgSb5aCZYjMGyh6hMAKik2/oKmb6aSzA34pCpCO072OjoRa5THR3jLAJb2mUWsMDrHu0C4aijNSn0xpDlIC9Em8698sLotQkdF3zxEqFlcKjXr3Tpy8jwKcFUia6HjUNFxYmro1OcStMa5wyNIh+Di2vyVsqBAhg01JOsUUKDV8korqSZqVymI40p4kDTaoc+eGgXK3bqpKtOa24yrZ64WIpPj/ppEMbK2AxCVCPvR0t/P67Xkk8U4/v5cEBJRUGVjeyqdBeVxanm2fxqWDu2sjXIjMUEadBopJ2tKU1uLoZPcrOiHUdhmY+w+IFuHplZrZZblLoes++gq4mW9nAhkUyYOp00w+W2VXHVRktGnUimc7chWuYyUnToohvjai21L4GTKXi7nWY1AS/MqWkXynpoQ/Rnm81mNZxLs4J62iNmvJzHpIL7Hj169OjRo0ePHj169OjR4zcLfZ41dtyU0Q7YhXTBEYXQwMKx7ZQrqssivlMnUdJTSvp8axjFr6H4qg/acIEw5GGoAm2rijefaNVqQTZdn4Qj1V0x6CMz3yHvzazPDp5+yiwlp8ZQWzdlebrX3aedhnbLEi9SQZCi/JPWUHzWJ9jI6lTN9nvwA5YWe6vVsIrOmnWJKC+KlwKaNmnFtroPF5aci/FCORpSgaQwfI7hWR7ARVsN0tE0poVxOVNMs2Y+U8TIlmZsxCWUKeVWZA+1ohl8OLed8vlu2s70eA0iJteSfj2zcqD7fJCWffnknmsPPvTw857/Odv9/uM1PvpRf3F+NrqHVz6cVPKQn94ebme3G6Jbrd0sbfhEbhyHokbUhc4nAR0KLy8uz8/H52yuXjtZxzVQ0Liub6ow+nLKIcIKNsbZlYvtbj+LbFSmRnJxkCxDcCKvLGr3LfYbbi6ifx6HFM3dVE7+ULfCNpVU/sHQWvZGnDNkD2XKVrK0314KQ4cZCwSsGQkHwJ5R9JarELM4SlcQJbhdXpLodlKAqidveQHrWeZp4g1Ig0/3Y4Dqte7EvsLIHLUkIBf2lYNws06lIR26AvqzPhRWugb1UH1gwA45N6I6LfuoX0cxO3epEElzG1x8AksgcHlo2ouuv/wspi4MR2vKy7u2Euj6BSbd1L0+88JjeqvQ7zhznwurWFSr7Zdlnsk2ZEFmAPWEGT4DnaLFa+KyzgWxXnDqCeSUemJxlzzTOEbmAGF5hJoMAGCWerBTLapRMvevjoq8G1bO9YoraJVYSWjdDroI8uj5KQNXdi7IdafMI0qvQXNH0vPAm4W6KQVmSR1tiHByAsTF5h4ClDwfdvUiR56wYuhZ19dSWD5RPz4HS8w6q6oImgQIZvoc9SdeZcGBJQ6OamSn9xvVOEtODvee7LLJliXlALm6b1lhW6P1LueX0iR0MvSaXeBtD0bYRuRdS1iozpvtFUxPLXdWJCmjwn23FDjplFKCjhGe0atXbi3C8a+crK+cbW5fXm4PSWZxXaClQSNKYWIH0D169OjRo0ePHj169OjR41MGi7NZDq6qWhpIUOuWWhmzNeIKCkjwQrW8lcda6s6KeWJ4g86+gVAXFSZkcuMm++NHOjM7LkUprgMKAdiVpnhoTAfZaqHfqLId7V7oVT/c3EJIg50j1s6VcdQdhCMGS8RTUUNmsZyA1S8Yuj3Ip6U3ltCFQWS34rohXg0BrhuZz+lKq+HtiS5RUD07eGLw+PKC+NVHo6gCT9+9aAjb3vNseG9DSVG52XvgCy2Odk2caaXWGAmzS6mcy1/spgtxa876S3esiSu65Trm035f8g20MXvimafdYbuetl+4Tl/83Ov3n4STAYLClG8d3Ecu5g/c3H/g1v48Z2nLOAr/TdT/ISUguwYqMuf08Zu3r52uNutr952djm6KYaicdh7c6aacrN1hFhV63cj+2pVKfPeiGi9TKhHyR+84soJ14jisV2OAyrqemUOF1abfL3A/EE0ypk2dD4eK0+FAUCm2+KOiip2gSX4I2SdTGZBcO6mzrx9dZ4UH9wYxsgp4nUR1L2l1TRlsMK8EGGzkoAAQPFv8otUB5di1RisMBDlhE97dVXGHWnBY8qio44GSXb+QYVY4NK2p2LZIe1M4B5FSltKWRLFwznTWVcNiXrm+2OrKNah9PmGpiqxbZ1W+Qig22qqKzQca8kW0zCtivaNuP57uQqEZeuiqC1xc95OuEGqFLwdHGotDjCrWNyzqYQ1c8oLGPazfk1pyOBYLqCRYj6OIs8+wGvQO4OXSHtTbWTTj8oXZMNFew+GSb1C11X2Ye1Fj9uo83c5FdpoDZQeATNckKqUz9bzsK8A9l2RUmnnfgI273efYIVGqGzw7EZpPkuYM2JjRe3Vz19aBuh6w9QCss62jo3me+HnWpFPB3Q2DB9W5dBHUeyU6BBYtK8JHKe7Hj2iswQ1arrh4a1qIL4O3RLH3+nr8J7bNAbcPfG13H+uEaR5GbN3AiUNnmAjL63B6ur565eSZ881u3loWwLIu/i5bzHr06NGjR48ePXr06NGjx/94qO2FWVXa8yRrfcGZ9TlU1WTBPDaaNjcL3UvsQFSMhLI8mHYEimi1bNnDdYCdk9wiLjzSYBE1pNwco8EQCfeCktLFFsS34uGinbEyy5dzRjV20idjgwAoqQbd1jJmNcPwbOkE/pzpyAlLYjGbFj1r5SXjSomoiZE5epRJi6IWKjGQjOyLFaSrapyF4pTrRh5maZ4aSwU7a65ZdU3IEpxxalW3mfOGN/rRXFwth6B8uckCK2g/3+63e3Ey5gCrMs6ZUi4bgy5pml26yPvLi1M/f8E9my++7+SL7jt7wT2b0dMy1m/GXA/h8/flc6+urj/u33djezOLVIfYgAAAEABJREFUejICa0UKgwVhyfHWH005P3m53zx9sVltrkj99qoO6UpcpuOpc1f9ZnuY6n6t1uu6jX3K+ylVJL2dkoOsUEDzQV4xC2KLq9Wq7qd4SU/1iPYgRomixcpv6gmn7l3sm5FrECvaIG6uLgPuYTpHvMLRD8Gzv2YRsfNM0OMHaYiYbUYG0qqiRgx6gJGQT5mZmHxEp/hdnH/VjMPBNsCbkhEd5AC2RGAaFjZ9l8QdC6B5seZjpSjTB3bGPZ1tIBp1NY/h6P+eGtOViMTLzHjwUqcbuOJtxcKBH5WFGhtT1Esa24erRUalCC9zptTk8qszNw5k3gKJg4sqfHVsRac1FE5dhxOcZKakCRxJuUAWWxyTZm6MLNMopam9gTdt+cQFJP1AE5t7FvPFpiSXQmExnoCLfFQCLvp/8V43FTNNnn1xbWm2VoSeiUHvvVaUsNxGvJPkhwO0wGpabdlA59Twyc3aAxZi41bOggIUJAPrSgSdcbNPwbIlimyfmW1wFJYfKdDrgoIR8YZ3vf64fTg11wW+31gZkBAz74tY7ytcZVC0UmT4SKnNrIqkXXrb6mwQrTj9sbUbbtF7tDZmxGdaUjMYcV7CaQ0N5w4XMw83D9ca2SKJp8Mjew6ZfXAw92DKRM5DPt2MZ2en65PLcDE75lTA9/2xzUePHj169OjRo0ePHj169Ojx7NBHUXIU1Tp7SvMUshJS6vPr0hTPHalt8dS9VEU7p4RYQW2TUKszsTfTy9zkY8UcjR11p+g3V59r52mS+uxKVYQ/yPO6mW9Q2aY8kLItaKWFmkA95lBsLQAIbw9OsTYoRKH2WbVe0hlL4Ts6Uan/s3QPFLPp1WoALnFBBd+uIW0AHPHimMUotf4ganMwHGMMpscmrZDq7AjrUENAikqOQYFbkgKOKMobXi+mUOOnOwrvxOZipg1qIDsvaiuKsnzZWD2Si+1uN1WKmw1XK05yzdYaPEbVhCkNZfqcq+FrXnDPVzz3+rVYbpxffOjW/qldmZy/vinPOQ3PuXr6/37e6fOvrTa/9uS7b8yPT2mUZmsmR5dye0cFef2zTeWjN26vQ7gy+HLPydr502HYrDdy6scyHKZ5LuNqFcJ4SGk3pcqVw76ee6AYMRv1Fegd5MTBkLYS6kOlz7vLy3pM9RzUF85t1gV0BavARuxkYXIN+kNfbRMy8rQLWVbIVMdkdzigf5yw51UMtA/IZI82vFCsgl8DK7P4HrQmhWJmB+hIyTRDBiKDMQxr/iuPHo5knW4cV+5uijvTgsOyBMia4aJVW4WF/RXAYjrlwM5FLsq50EhIsGP9XfSWnoNZOkTEShBDcaaNF7mrZtcsleSKXadFfX3E/kDaAlJsK94SGYuTm2oeZNYlR8oKwkbqNmL2NKZnZ1dFubQNkr8KXKXrGkf3dV1eqJnGPKZEV7qNUpcsfhFF7ZZwtcPEuXJSrqajeOSvxZtIOggGNDZUMi6mE7DRqEs83aJhUa12ReTaXJ2JQcVNH5JhleJ6xdbJ0WMHTktYZbAWe1a71H2d5sVmiFe+M+97OShKqDka4kHNghq1LnK8RdFkAz4gThs34lvJozqoqfcQD8dmAu6Oih2oKeY9yTmdMILrVXC9WGN4XUukFWyQdRNKdqxoRQuFjDuzpS82JivdahXV7Ed+HJjsQoXR0ozQ2jjoVCptwplbFT7oMB9al1sSf57aejc91KUYeD1JI8eyGqOsrR6QHctisCKaHj169OjRo0ePHj169OjR45NHgSmpN0QqwDPQurM469oHsR8kTlmkXCquFbWaCwmP5tHoNaXHsLdEeNpQUOpnCBUaKxVp8W9RgyolEPOHyp1FwIy6bVGa4om4OHodNzGhcu2CAnQVP2dylQTLTREfBn3GFxffaX9IqttD1TvcK+mVSt8GCFWpq6s0ptLYgkaDo5evtckXtczKwCkhTAlt8ESr6ykeDGqekYNWtcPNVMkjPECUYhPGRwANKrjJjgAUaOCAT1azBw6m4IOsTp8eNdza+o+Qwvo7iiATvKccDuliv93Re7SiCSVmyqFOx3i2EvvVeYaK24d1cA9vhpd80XO/7L71aTp87KnLX3rk4l2PXz66PVTqFEt84T3rP/iC/P95Qfi9D26m6eqUzrdPTlsxgg5qRV03XQeNbEeGZbx5fv7r8y5Pl8/bXj9br++9cv36lbCJqzLJ6RLTkv3lnP3uMAmATnWLe9nhOrxTvtxJp0L5k0RanqwtlsIwMdMIo5wy9AOUUcpC+SvVplFAGTw8oINjGqMYEa5bC2ReiWxPu5YVuzgKzb8pFJzh/jIIfKuDnHBOK6geoJIfIrEZvA4Edg9ibh2zOaMWaMMHQUzwHZBzXumzJDbuprgjjzZ5rA5ZTW+4BhWrFKHjTKT5L+2HAQnrirObp+28Psl5VedgAJVuxSFFUxnBrmkuluaz0wwYLOvUClH4sxl7pq1RC3WvQ9Dsj3NNFiy7g06w1NU24XJNfQzwh6i/H0xq7KPXrJzx0zznCWs30jBcJQmvJZHjZPqjPISNQPHPCp74AZmWYnvkFeBCti3VBeaGXj9vOkzwyPe8Jq10xFPW7TRHxwIYGbuaf8LtCJUPcNdI2Zyqs0Je6HUd4bg33S8F5OI4Lw7cxOwOQmxTBUvFhaijxQl+HGVZwI1KUkj1cyc4Zqijk5LtOc11T0FhIxZ97b5oe87ikkCtOlOGzlyjhkhFPDE9dOs0/YjqsKTHHJhmhUML+jJ6IG+P/gNog4hZQSNwTwdqqc9IyLbBDN/sVUxXjtVf3aacuj0VmcPBW59DdYyhnxSF1zLYwW3G4epm3IzucprrwluHbHBzZiK3R48ePXr06NGjR48ePXr0+GShOls8+5vDpEqlzLqWz/ogmwEuyeLf6eBbgd6AhNReKVvOZekKpazCaQ04PQjonYkH9qT9oijiQ6/BusVpYns+ccic51a07cAymho7AgrjCT/b8z77HXIfhEtATxb59C1K4cQP8qyeb7IwA5kefQvJTCLJOHre0YckR7BjCqdnmo7g6IARBFJgT6jMtqJleP1SKMtWis6YOymx6sepIcdzvofRhCjPhGgD+KCM2y8GmyqJdqpUz24x6XCmrlVONpRwmObbF9unLnY7saeoyFUcl+eY6vjGJDD3Sx44+YqHrz/3bHO5rwy4sn9/MgwPncTPvx7LvHvfU5f/60cv3v3E9ol93hdYhY7x1y7z/Mh2cvFkiC+8f/2ll/Nj2/S/3dymk3VxKxneCuXreU5zpbaV1joRZZabu8P7P/7Mh5+5OFutTjdPXTs9u+/sTOrywZEq3dnOlT7Ps0iexVQgOTQtE4A2ezgB1FHJeQo5JLRaA25JAxqY+UizEmA8Fo7HmNSZezYiL78jJpHDz2DSZn4q8k2nYGaOBR3i5H0kLEl8ch18atVHV1t/iV+0py0rzwObboqveM1d4PW4BOTbYb0KkPNjakWoIbO7m+KOBNBcKZrjBn+mjLi9xLnm6E1n5/qKw5x2Ymqe1jFXxIhlMnC58qpsPdoaA9YbnIh1qmZVwaJVKr2CaOvDJNhRVQpJb2jrrE1l0dtCcazVGNRWi48zV8ZW2lLUWh8/ossSqCLrYxR8UxVbQEIDHD9Wq6AqZ7BeJFfI1MVk3RF6W3mHHrEnEA1qZc8D1MtQ3YicmSbr4MLsOIsmOu8PBwdmjBerrbMtlc1QIlDmm506lfA0ZtD/AqE3L1lx25CtIFkXRJbtC3/rYRxftLdoyYe6Dk0ppGKtXmVtTzCKglrakgRFxzqodXMI1oIWhvNmx4wlvhJtGUbkspoimRthDgAnlb0paeoTYC4fnfYJdG1SFq1aypao0Puj42ArnpekLu8WeclVAm0vdRkt38GUgdp+2GeF9WZzdro5WQ2XlwepqfFaD5C7C0ePHj169OjRo0ePHj169PhNgkxBbU4XIm2/FJNkQjs+Y8pzNx7h8Qib9eVmEtGgDEmCP6ow1t+WZkepZIcPyxQw09FiEFYDj1OxEh2CmVii/tirsyh1qfacDuUwnauzVpUTF8ZgNdDeKAgIsiFadZAG3AaARsOlQJ5i/r56pJ6oA4/nmYYTdmjKtSHg4z4aQCjGJTxHQ7s98TXWQlCFlREGIyrarmOQmiuHvD5r863WCg2ey0Lq3WKSojtcDFL7ip0vdvPFHgYcdMQoFEfLjtZcwudd23zZgycvuLba7t3kTurxjcFfGcJ+zu+7sfvPj5y/8+MXj+4EzNBAxA/jwcWPXbp3P76752z8/37O+kX3bh67nT58vtuLUfMoIuWaR4CVB4rh656nSlsr+b69n2/t5lXcV3pxtr64ef3a2cnJyWqsBLkelPQerPAXg52Vg4gN6cCUAIdp8EguyIu8aB8lRcE6/sgydIIatE1DqkOmRFDxpFP/g2IWBaDDkp9gjkKtXN1Sv155+wBSPCIHQ0dUEmSo2gdrpwY2PQiTHujOIUkJTWAUnQ1ukG/hA5MPk6Qxdvudu5vizgTQS/c7ZaPPps/4adMoO5Xw1kl8mPPuMG330wqrWFRSSP+dLMYZXs2O5cfS99JLoQX8KWQ7Jcy2+sBK2KvWGZ8GvT8df/Ba8lDsmTYELGp5rgfhMhd678wRJpN1u0JvkEKTkWe5KXHuOl0kC3hoxEKDizLKChJ8bA0HkaLLzPDVDA1XHCQMee04XADFOvJp4Y3oy2l8oTYR5PBc0B3bhvI2Uy+dw2FuEuOKcJ3ebDx9JZhZzFg47J5Fr3bH/qF6OWJJoXgYb1c3D+f1TiZmP2nWmhpxn5Cf1IENjq1JBVxzJ3Om67yeessMwsgHCSi48OixMT0FKK3j69udSbKlOpukTyMgdSBLDxg/bQggA8qOik4NfzAlLP3J7TLPCRpuOVpnk8VsSaiW5q3T0WWbp08l1+aJklH6JAp3UU2vV6uz09OT0xN/61L6NnJK5+Yb1aNHjx49evTo0aNHjx49enyy4HOpXyS03vpjQfCK11i/JdAJCtKyV7mubiVT1ac4ulWBBzJofZFVJnML9g2QC8ILcY58mK9fi4AUgJj+FFNOoAbs6qZF5c4p0lWokejeDBAsDZ5auXRRs1KoCbMhC3DnYHvKjzVKYNCcfDlbAyjZSYU/FA2icjoTBzf47GgQnIsqyOqPhkHVr1qtTMcT6q7Fx8EZlT4GWTr+/KvgAAJ7XCFxIOXk6JeFno+yDzkZB5AS8rAr/nzKO3GzmFWYJ2ruup2QSjgbwwOnq9MRLNfl0/V6qNvP6TAdPvB0+k8f273nsd3HLiep7h8FiQgGqV8NYx3mR7fzLzx6+Zyrw4uujF/+0Om7n7r88HaepwM8bNNewDP9xQuBUEAPNjZXO0yVte3j5eU+pbOKM043m3HcrFYnOIf1EKA23AvzdcpwYZYiJhZC52BVW39zSL6pyIOhYVbBqwjdxUafvaogld1Tnoiv4cbLin2chXHwNK4FPpL/QJACKbWU3n4AABAASURBVKJpE4VfhTjGYRwEoYuHqxiOA9AlOuzO0pxSMHkd0jTv63dpPkyT/DnI7y53HUB/1gcs5DGBWOfhVUVveTH6CzmzXBf3mcz83JQvLqZ12I/Su7SsfSwUFjv+XqS35oKg+T+AvMAWgFxfNGskMzpJWiqHAkuQocDmHYuUbFhyd7LNgR0CaTCNy8csGvRgnBo2oCcrbHwP8NoPtP4hcA6tVkP/Zr0GcmPRk0cieVOvUynQQLouosqAvFqSaaPplEEzsSbrPQAsOEiKDfw70aECRQ1OROJ+5qote0hgPdPJnSZFxaz1naSOsnrlFFont6weVgQnqa1MLbJlDHlbqW+a6ynIHGMx+Cl5wjIolSI1hQaDbLpLZ+17K0uTLEgyxtJkYJKh4QLBwgqPG1T9wTCOqxHZ2iKZJ1j0QHQc2JzX44txGNi7lsQXTB/9GMF7MTGyWG8DxGuZC/cja87W7rIopvClKZ9b0RE15bilyQkLsaVhHSdp3dCsFlRcPYOq0kvTp6vXc72FVeI8hrBZr2vmcIihjgCMQOpkFEbvevTo0aNHjx49evTo0aNHj08W+iybHJWdwbwdHPExe9kRW6K+Wx54tR+ToN7oobADIfTHJbzUhy7CZ/usYkXBKLDGQ7VjDz+pf460UC70JRDSMaipNAVWzlTI8lTOH+p+BiEDIllbulXRPZP6LUPA4BEofYaXB57JyQ2CMfPQIIyy31zU0oMOqFR0a7E94HaWWnOpbBaX58AdpyuzHHssugt8rzvWPTvDsxgdltFzpKi4DkcyxOLdMcdXpiqywUxoYNJMpRBe1JBz8cM2u6e2h2cqCJv3WgdeYU7FK7kyi+E0hPvXsQ7dB29Mj17ka5vt9VU95dPjty7e/uHzd318/9i2lGE1xvoxFbKsYlwJahVZsp9d+N9vHH71qemBk/Gha6v/14PXn/7wo4/PFUaNmwgfDuX1ZfTExJrHqHtfgWylsNunb4oKewinJ6vrV67ecyKWHBsRwIeEmSPiZRjLUsoovKnypEwJeRFpdBx53jOaVSomk6aALoxCncCyBSBFqbaPPHkV6cAmHKfeBWo4pXMhzViHuJZdiE59cf2wWo/1j3g2iwAcbgEQSyeqDkWTWBnObsrzfneYp/1+P8mknqdpql/tt9vL7Xa7220P0w7tEw+Hqb6tYmt3lzGbOxJAsy9go6c6qb0JhZF5S7mU5oWQA6s66tmdgtse4monPj0pBvVLYAM3ZkTYthD02pZGr+uBp5dxLs0qSBYJtdqtM9o68skn6rosxR1RagQqBg+5qDpaXgR/nwKz5aAvRC0BCy7YczDS6mEBtVFd1jUdl6mqBfgU/x526aSJMqwopMtmRHHKJLN/ZicB3DwGy/bU9F0UsJsnJIPQuZUOzRGFC1jhZ0k2BpZCoPBFdtRqInyr2wmK16NTbq5NHdE7MPAirm+aJGelA57RiNYZzmUCIaP1bSPNTpsTppq3m1JSe3gOe66IPzoMvlQ/xJFGzKTGMfKHAbnOFLy0xPXaS3YQtXjEzQGqZn4+cnoBVTw5WNGNJAuDGqnIFGDOIbHzbsF9wvsjOyc5HDvyoDU4QW/uiafF/DZaa0I9a0mQOsxdSrbbKs24uVGTaHP7WL7dZr26997rZ0/eqFk02Gd7NPi9u+yEevTo0aNHjx49evTo0aPH/4nQtnpO9XueWFNF0dY30FHEmsiCaWgJqkBe66ByVgQBVAtAAOOCVvrruEl6dQCh5kKpsslXxS4ZBddwTQAoEbJiIq369jBAcwdMwDZ04Dnw8NQWfKiOpsMmAAP9N6hxswd2gALvDOo4/yxfZl9Ms6ye124RifMRXpBAgQwxSGe5iId7YpzWopAgZ64EBnQ4hgEYSPcEpBTgKVUKk5XNe7XaWOr7G/LiT7R8OmtZvLd3Wc6gcM9EDil6uPpfPBnPrp7c90A6/egTT19s07QX9XbcOL8rEAKeDX7j083L8r89M//qM+50Ha6uKyMpt3fDh+eTtBmuxBme18K1DpUDhwkExldMPYSxHudv3HIfujn/3vuG/+mFJ7t8/X99dPfh8+nW5E426wrkIWsUtjE79TflTjqFaXKqKgG5uNjNh8P5eH66Wp+tT05OhELHYRVLpog4ywbkVA6JKAQsa06jqJUrGR6dMJaBiQIp6Bd9vkwUMZT2boDLB9B5HElnPGTsgU7OYtC8qv+JbfOwWlXQPBQzgcG0quxHQPZ+t9+WbQVrh0n+Q02+DI44V6e8n6bdvD8c9mkuAqBFAJ2gt0+c6iFIx7YMUCUtyMYhI2Vy98Qd23JRsztZdaH6I5PV07oik/2pGNqrMYesQXXG7CXfYwCahg+2DZOaqrMHgatT6BeyfSK4d4Z9sfwSBhZFE3wlaftCOhYnqoxhoJThPqEAWvJisSn/sS8CQGsmBGtzbIucU72zWj3QfZpCY7kokt4vkLOjbYYjNReMSntrrxlH2buan0nyDytWpAbEWc/AMkSTXQshz1yVi5mCUBuuPiWlnYxCJybWx7CExas9iTUzbEYpcL9I6jmCFYIWPPi1tTRFUiqzS63pf7ODDQc75Ba1eZeLV7x36CBdFx81cfJKn2HgJCC93htG6WI7OvW1JjL2zB/q+t1snEB2eYNU/J3ZGbGEJmXG/ovpktm2NC6sc0QF6Cxf4qHo7Q27RasnLRixro9FbTtycz1yOjd4V/P0jZK311cMPtbXr8Zwz/WrV66c3d5u93uB5c51C44ePXr06NGjR48ePXr06PGpw+ufYs+0HiQ3EJ4UwmgT7KoNp1pziszUs2GVN3NhfZb16nIpfpn0qSzWc0uf7YGPHZE0OYUvJlIG7MCzPgTXoI2wnMZzvQBGb7vqTKumXbvwrN2kw3ilmFYDhvMBmQ/ofLzWOno+Z1vbJjUDoc6RRNtBHkgVczH4ZKqw4I8UZWWRezcteVOqOY6ENL1S6+Fc9HiNQ1ihNL+2R/rSdLK6x36xga44OdNzVRm1px+Aa+rjcbh65erDDz1Uh+/W7fPt7nAxiUBYDieUscKnGPbJPbFzv3FZxv0sQCX4VIZpFU9i2kAPN815l9wk1tkTkExIUxxjruT3o7fmD565552Vz79v9T+94NrVcXzfU/tHttPl3l3OZYZoeXCZI1yQUnBq26LeGmznuDtUgLu93B1uDbv15aqS6NOT9WaEa4mQsQg7GJlngMZAw9JP0dOVFnrNQYTOaHkmhx/Uu7W+RKjyoBEodYaBRtE3h6CsUM57HY3LSpjFLSMDYef63f4w7faHXQXQKYE+V9A8Y9zlI2A7XmDuLNgZikBFWZxvBESD0HCldjZ7orub4s4E0N7YsHpv4GfOnFycU9kpoTOyW0GJpBuizi3hv7NRz1KCbcW1LWoiim7z6oXk7UVseep1zQq0g+ayYMZAXv2BmeHzUO1iYXXNgd6x+6sfkBDj0cjVMMLtAdSXeFr9f9UDWF2GvP6D1blw5fRUc7caGDJMAld+rW4kMBUpWf1yRLOMIa1vSiqw9lYYI4rcSG0zU51mOcTlLWCBC1QTk6GLhjgWp4LwhGqYejnGkFRT7DLrJErSW5UZkRRmiXBmkWS1todIUklmaiwUiPtmuo1FRFnxAGdmrsl1rSKAdvBsqYtMzWVVQl1skzzZCpbNFkr9hYr6cTd8rF8oDkYgXcqPZtbCm6OKs7uEtymhN7rAlTHS7JnzK4mmu6h237W9KXrXCcxMFFj+R+q1ZUrIq2u6LNQ3r6K74k/vuXbl6Zs3acnd8hY9evTo0aNHjx49evTo0aPHfx9Nf2XfShAQUKlaFDqDKNBmVyu9yyIsTuggZfIpNZpoyl2Tky1fQimthqIQbWVwE4MbgeSYeGCAsEwAwVzMGkRsEzKKv83E0kxS0UGwKYddI304LjHooMgre3KWqB6nqt/S6u8jzxBTgtnYkCii0tor8VEdIZ7rM5iOYB4w+qMxJWpgiytvQjRWhQe1lA12Irx5Q2eq4IzSN+xedIuO5KawCDq4RXdY2GjQwybi4NLhyun6wQfuPzk5Pb99MVxeHg5ptxMXiCKq7Th5vyvpMon7s/QRlM57fiPCSHbjGzbFbSpznfdTHcKDaHmzUOlUcwSPH8r//tT0Oafphfetvui+k3vX4+fff/j1m/uPPD5/5HJ6fM7nleF6b5JDOnMXZ3SlCJEXvpGEJ8/7NF0eprjdbYbx7GR19eTk6vqkErLVMIq7ch2qPKPGXShMiil6WnQI5RuGFWcrPDu8oOsolEo8SgPAs5TOB5oQBBVyygALrJpFunzYinnGdpouDnsBzJPYwFa8Mk8HujbLP6VA3CzEGdvnmDuewYDUACWZET4vcAhQkSgAVyKUJtW826DNnaqARuJNxMee5R9wfVDbG1yw6rOA7yLM4GGs4Gveo87cGNSmKLPRHTXStmE6SeAnxwrrY3js6HOh2TKlgZ4GQJrK4/+EHcvKGLnyAdLKJTCETRytOkOczSX9k8VB3TzTtSsgsm2O60i2JKFfusnKx2eubbamewh+KaflejSxD2JqBvwSepnCZsPRike7fRYF2UVkw0WLTjRnx78rvI/RqdzZseWoQNVS1EVE3pLK7OTqEr35YV8v0cj+oMiFiil7UpsIMGdtyZrTVD+vLnSrIMUedGeOUDvXZSdwoZcbw4SdlpU5DiME5bOD1YhfsUVgHFcjUC/tNZw4w2v+rCjTLZ7w1yTIzmtuw7F2Ro0vTNrcFntPl3+kEOpGi9hPi1jbBWfwV08ay0Oid8dFPfL+hPYIRd6VZuTVFPvjvICjh6MJ7Z12mURK2hV+UKGZt8jt1yHcd/3aE089s5WKEJXs/x/s/QmgZFV174/vvc+purcnhkaDojiiAoJTFBFnVIw4PCSJmqjEHypxiiOi0cQ45qlxiDMvKolDjE/jEM0/AQfimCAqAgoiIYoDs910Qw/3Vp2z93+t73ftU0UDCgI+ml7fdC5161adOuMuz2d993eFm4pkY7/3ve8de+yxZ5xxhnwnrFy5cu+9937Ws551z3vec9jMr33tay9+8Yvf9ra3PehBDwo3If3yl798xjOecY973OPVr351qJt5dS++Xjb/hz/84XOf+9ynPe1pRxxxxK94gXwQV8nlcrlcLpfL5XJtl6oto8xNR9tdbVdFYzL/RhMbe1apC02o5GjUIBe0p/+4NtaL5LiMYza3mc0DDjaLmAEXoC74nfYy3mzrpHNzx1muBiKHlSzkrrd54zHM+iMhxZK4PDJXc6YQayPBUBmLriNACKGB9SWcAxKhdmwqtj76ebRFh7ohAhZChQbaIyoglDqjSx58eXQQGpyuKzusWm+wvrYtmx0NvjoMVsAwuL1h7I2c7E/mAA7GPGzZgW1slVkDMPRqEw4au1ry8ubLLr3w4osvWNe1i20z2m2XNbuvXb15aeXFl27avGmrMImlPi71YVmnoPeygAbHTyFSLMJcSjMSarj34y4kAAAQAElEQVTQCPcIC+MVIa5p4ZKbdkKKt27actmmSfejdXnX0Yp77Lbz7qvD76wd7Xrz0V2nKy+/LJ560ab/+vnlp164PEnjHJQgNU1LRFYd4uptLtZrjAZAhTWyfzYtb9Xlb968aWFx1cqVu6xZs3q0YixcXFlRGmsi81g5iyJlhFKrD3LEUA+hQAupGTfysvFovCAsWrmv4G2hzP1EA5mXlMEjjnl5i/CFpeVeiJXwZkHM8pquF6bSMz4V/SJz6VjboJ9QH2uTsYTsVKu8CMOR9dbDpFQ/DXMBzOiJMNqME00dqG07nFdhR9J26oAOYI9SAmnsEtWA89zE6p6P7D5HpyiGDxj2hT6O5CyUyy5pXjnHRstDhq831FGX4RYYbfpqgLWPDTY614IX06JpNI5WZAPYxfutwsMMfh1wm1FDFtlofDpH5j5YpjHTPlA5C4ZJec4HqzvGOhuD7mZOZwmzZCKuSMcxnTNfIk50i70f3Ln2H6beFAa6W/R+BtAkaGaDQ4u90V8UMmu+U9AGn3irTsfgTms0S57fSxo5JBeydhDkla72Z2HKbYvcHfiBpZ42iqhDMpyaq9d3iO9Rni0jaWuBHtqIoG8TPeQ84tZ3QP4+aoGlm1G7gIxsJG9ooaFpWLTUxCWMop3gaeaLpMGCzDk11px2qJRybME+0pVtQH5xJLWEZkEkgPTaMCGar5lHpNaQGzYEiNWxH9DBgFH8IM5sLoCJM3pKopaQkWnUsDWCfXvXsnSKVofoLbMEad2NrWtas8vOq1avvHTj5UtLy2Zzv0lIzpD3vve9H/nIRxYXFw866KBdd9310ksv/da3viUA+k//9E+Fk+rR2cF017ve9S53ucuVn999992Dy+VyuVwul8vlcl0TFaMgZvOtIRg2K7h6oRjNWcCdkxpM5Sa0HQtLxP1+YMCCpXdafGVdchl8WInRv9a5T+1quQZJNPwcts/Tm9zAu+AmjRBr2hMFCumtZkNY33g3bd28MPmdLRNrTAZRRzedyAKEDypNbUFjgJD1ntvur/MUuDzFWcqoOYvtieqnbtLQJmqI0gwWOYJOZUghScXmW8NxiPcDaBAgYHG9OdXss3qbHJ9s4eY9DBb5EVOcrRefTMZxNYLbCFNgmCmiSSOQvfKmNQuj2+7+O+dfNvnZuo3TrtNQi2ahFwSWxjEu57Lc9103DUJfdQ2R6M3GaBowAaulJlCEvil5lBrBvssL4yYKVykL45WrV+x0c81AnmyM8TsXT/fc0t1sVbPLymbVQrPLmrbvx+s2tees23pJ19OrKOynDAGskYWMwiQO2Zwm185rymgVRQn3vSx3y8tbJ/I4hZuv2HmX1TstqLVwpJHOApQEj8tj3QVB3gPmo3ZlAVMbt1y+JGh50m1Zni4Lcpp2fddPu4kw6Kn2B9T/LE3V5Nz1eWiJacUChnO0LbJj5EC20egMQw4sYsE6yWlXRR6MxHSEvp/xODt75IjzDGLpAg3bEhuw7UjaLgH0AkpgicbSmpGQAfsam0bB+QcMMLBgCm1AF7Uq1PCqCnZhGovM5YqFJ5wOzEEoTGLAVAEAZxtDQqhPByBVi8AHi7RiCJ7JdDljmOy1O56mBocOjTeDEeO+rcRT3bDsZDq0sRuiPmK0gWw2cncckvo8vwEmuzzisE3Vlh1ntbRoVcY+WlUwW15/YIJSi0GR3QgQY5Iql80WWkF3Nich9OyB1/W11ay+SzuJGnOOg4ucwdeYgKKzJQK73CrbHhcM/SkUI8IoJo4wAHGmT1A3tNra8cK4uNCyaW+dsIK8KTzAN5+MCrrbUZjF+RC1XmF9LLEzueqhAnr7RrFuCjZkcKfod9w0p2RGbmD9zIOe7RyybyPGV0eeZwqKe87GsKVVK3RsBrc8T8Vkc3sw7ygF81Lb4Ux0fTec1xET6yT2Pwx2Wb1q1YoVmnxUts5NzdnudcYZZ/zzP//zfe5znze96U2rV6/mk+vWrXvFK15x3HHH7bfffve9733DDqaHPexhV2dP/i1on332OfHEE4PL5XK5XC6Xy+XanlUTJut8cP6MA9iAH1o9W0gSsPtZ9Xg2CexM+92hr5UAkBwNKPA2PpBqJz5pEZh0d6mtTANzq4+vzt7GC2EoLryVDoCqhQ0HLaSjcG63JiNgOnWqcQqWTWobZYDY4pxxty3Ycug2GJBbDRCYwRstdFXpdja7dBjiNYGFRmg3xQXDWZYH/5lFOKcZeQk2XVsbN0ZOXS41BxTxGljJjIBqA0fJIqDDvJHMoIFwmLYhDubsdB6gJjLDY6CcwTAGVxO9tQTorFnZ7rLY/Hg6Wb9pyyilhaaNo/HSRPMlNk0mZ/9yEtJouRekMumFmfXBrOg2Q1sxWq8hKVEqBhneQUGs8sloQgiKn9rLunza+q0XLjerN8edF/ItF6Z337Usxrii0c6RBYQ90EJfjJ2hdNALNWbeKyx62VIOIr33ulHyoV2eLKs3eSKfdqs9brWg3uPAif7TJW3+p2RZhZ8TzcqY5m7r8tLSsiZpLMnvmIBOQD9eGKsVelnn6BecBtmiVVOoVvl65IdmlnaZIEGF5nZ7GhPTdWel2Rz2ElqCG2Ij8BycKcqn24TOhTkBTkaP4Ljxa8WobeIs7D0Yg8520cKKW2eLGIBmvEpjA1IIg/s3WERRjpy2Uc2mxM6lGF3kBzN5wairKmlhxDJ6ZtQbvFnOrswRtgws3MJ9OLxO5SJG4IZebDrsMZVdczKG0X6IyQnB7NnDXJJgUf4aYyTFOzpqA74NGsYSU4UkWVcp2zhe95px6JlRmstvGrvwcEk0FkwRdSIHXpMCo9YzSkQJkz40B2cKd68lvocyTOdhO9iCuQuo9GCQTLZJ+mXWoBtkE+kSJ2RHaDYnKXQhdmFhPELvUEXbicdVBztdPYSqaGtBhcgcn1EmDTXiqZfKmeZG8cDnZIyYB9bqi4yxDrOaIl6cbFzR/BDGXyAhKFpZINTvEDZiGLCydb81Hh2HQ6ebhU2MtZYc2H3SRi44rwOn1XCRqGbayvAsipylYt+H8kVAI7dw7BUL40VNuU5WTiw3kWLaqaeeunnz5ic+8YkDfRbttttuf/Inf/KSl7zkhBNOOOCAA3a0gdvlcrlcLpfL5XK5rrOMCJQaMcyZ3ZU+RyJgGMk4XVr7qyEUMpidDnfBeoudSIuDNfAL1UlXEUaGzctaCsJZy+hifloZTMUWkmy32Ijt7Io1VcIzaCcV0MxJaSXBX7B1H5BJ9bIWhn+oDxCBnEZV1Y3LFZVb6UgDW7AkEG5Brh48fqwmCYfAzOme6Rmh4oB6u27BpjAwGkfmR8wjHXOd2YTlIVbWzLI6wb0GgQ7MIiBAFabszL57ZQZA84DJgzHzaECfHx3zqCm7rBCGVrZOpptLWZQ/tmOlyd3k8qXu9AsvH48XNgGcIMyD7SexRkwrZs6xRr8iMqXTAoCazZPGj8DGHLsUzu3yJbkpm/OK2N9x3N9qFDs5zJnmbc47J9sNNJ7Dbq/GZ/IRRsYG2+0l9gbrZXun8AEuLW2VN95qj00LciByRgbI8tZJpwkasDovaUKzxjNn9EvMGdhZD3OOPJ2wy1enVl60NBV+lUdjzfFQdMIGY9FCeKunPszYII8Cbe7BiisDFpKnWw1o4HlYpxEwS5YT5eEfHKVRM2q0eoJY7FFqyk1l2vo11PYJoMcj2pntcNsV3qRKj7VqZWHMpaJBqzcVu/DrDIYw6znKZ8qs1EMuW+bPiWHAChZ8pOdNw86s1huvxg4NfDNzhkTWU1Wu1tIVzj2ZY+iMhSgVRKaqQoxZfbNBo4XK0JSVZzbii3jVsAxH9/SsdGbVOF1aH6wuyA/UH2ixmC3POSrHRA2LUFqBZ48YIXmi6zLzmLAozvZA4bLrOG+FNSvmwfMzFdYOIyuHSh1RiFQbur8B63lMEBsVK4+15qgA2G0cj0a5bTn1xi50m5+SrQlCjggtYjFMx+xmNt1FJ7zwY9WzjJoAA5eYN9IghUeHVCsbFnw1JkJki0lRy3XD5q2JQ78MaRmfyHiTxONQz48QbVTSKRidfV2i5lvPtIJxNdcDNJxcVtlUIK+Z2Q175dKOzfocl55Q0ijWS0E/bWGs7V1l6JNTv7mpAGhq48aN2zyz11577b777ps2bVpaWlqxYgWflMcfgdavX7927dqnPvWpT3jCExYWFvhX2U/f/OY3/+7v/u5HP/qRPL7d7W73zGc+82EPe9jc/2TRsOn3vOc9P/jBD/iCZz3rWQ996EOH8UFQ+HHHHff5z39eli+Lvetd7/qc5zznHve4B/8qp8SXv/zlf/iHfzj33HOlprrNC7Zs2SLEXNb5iCOOeNOb3iRgXZ6UP73sZS+7wx3uMGzXz372s7e//e0nn3yyPP793//9P/iDPwjXXhdddNEHPvCBr371q7Ke8uvv/M7vHHrooUceeeTKlSv5gh//+Mfvete75FNkPXfeeeeDDz5YtlSw/rAEOecF7suuOP/88+Vdhx122J/+6Z+uWrUqXFUG9IYNG2SvyuvlMMmLH/nIRz7jGc8Y8kDkZbI+xxxzzPvf/35ZJSlLy7F70YtedO9733uo9wy7XT73ymvrcrlcLpfL5XK5rn/VW2bOv2Z6pOZmaJ4kGsS11fdcjJrwvhZeWMUBseRUyTVut3vNqCRE5ozkmolRqjPZcAONcLCrBb37yAOCrk48kuDM+I/CJyoNCbhfDpaKGuCT7hleip/mLWzoHa6Axe7SsbqxTiUOtdGigW9Zn5537RH8UPEDPzWS1YfBxFd3IaNEapzJcOtfLBmzJGsxWFlARLMr+xDO6wfc1Y5YuowGu2aORJFiDweNk7OxUooakoW0Mgclm687MrxbCHvMO69asWrcjlJa7vIWoUpLSwqpssLZc365TkBpGY3LaLExRsXzoPS1CyIglSaFst9YrF7zqfbkKwjUbqej0aatZdLnxdItruwvm5ZWgArchJrQapEBdfMrcWc0MifT2+EuPfaGnZjItO5jm+R8u/CX67/1nVPG6i8uXa9hzdMinEoedtlOOWsEOFXCW7gcrTwkPZ97hoBMmblB03PDvavnKs6IeEUNoOAKz+LMaDXIuRks9cKCsp1ZWqCww6PXg26cvH/UjtQtqOZLObQtLP6wW+5I2j4B9EIbrSRjQ1iokDbS+o7LAolA8rqMCARc42DVvabM5AQnrBX38NZYp56wuAbHMidj1KWzM2ka+qjWkJ5Z+0OdYNIjqEEDZgpMwuhA2JRkaLEOnghDToPbtmAE6XnNaWYy61+DZ1mX3rbBJqCEwkwPfg90GGtZlWpjOxvXbFzmJmbbyDqzYxhsrT6WOdInA+GcYcP6og5MsnLV4F2Hg2DtPoGUMwcMLQxaUcCys+tncbjnbsAQFqtlfWRD4zBaM8JbL0cOTgL6c61jYrdo6AkbCGjvUT3onXwUUv+HQSET8hfuWuRSJWSuNDXgGoN4XNXyLQAAEABJREFUYWkQHQewG1GoajUXPDJGQxM/BE+zn6yuVEazSXMus3XB8C2KgKpsp4ryYrNhx2JfsczZGB7qisXZTqpVC4bnJ+bpIyGKJvto37+2O7SaIYdIW6lq8TQL8Vy1cmXbXjaZdjeZYpogWuGef/M3fyMk9LGPfewtb3lLniSCKT/72c9u8+K3ve1tcsI+6UlPutnNbvapT33qHe94xyWXXCKsE7WKImD63e9+t9DPo48+ejweywte+cpXnnnmmYJTWzST/NjHPvbOd75TPuLFL37x4uKivODlL3/58573PAHZsgQhyPLraaed9rjHPe6e97ynUOaPf/zjL3jBC/72b/9WfpW3y3tlCfJYYKsw8e985zvHH3/8n//5nwtaHRCzvF0+7oADDnjd6153+umnf+5zn5NfhxcIGf+zP/sz+RJ92tOedutb3/oTn/iEMNnJZBKujX7yk5/IOm/dulWosRBwYdCf+cxnBIvLcrgr+CmCd5///OfvuuuuAuVlNc455xzZEIHRXMg//dM/yesf85jHyBL+7d/+Tbb0vPPO++u//uuB5g+64IILZCdceOGFv/d7vydMmRslaPvNb37zEFT985//XFZJtvEv/uIv5DjK0l74whfKwWJ8yte//nXZS3e84x1f8YpXyHGRj/vwhz8sL3vta1/L/h4ul8vlcrlcLpfrBpLeYubAdnw6EbnVu2Ezw3H6MUEAsRrnWMuNb6rMQG12DMmAoTjGDtgihGHOurUiDLh/n/P/mfMsowNedd9hki+NgzlYP0TzdZldjDf+LcjyFfMqzKOmrrMY2GYwIB81Wf5mINWs07VJj9nyj33/ioVzxhqR2udg6aA2WTvQfF2zPDjzvnB6d021LlUVUMbZ7Tl85GoipoktJFqeDatfgYGGwR6OzwyVSPRcW3IM4buKUVND7x1ZNUCMOpR5IFYvLq4aLyymppOD3AgZLsqF5f9GK5bDVuXWmvPcjoQ1IBybhGaIK8Em68T9wJZV3HeKMyIORKtm3knePN0SioYzC6DJber6KPexSw28znZ60JMeaokhsGaAs6PhthV4OO0FliqSedIIVl6/6fIFjVLRBIOuZ8yp/BFu0JgGsNQClxfkuWpiSKiVgFGbMS193IznQgaClRQAlOXHCFnhSF1NA4nmT7b+Yos1AOasedI0Xmfzi3Ki/VApUYCuuLsdtZtGIzV/KtzPbJjmAPpGr9YcpjbtgNcxfbbIikBkjFDmzMqNRUbYEIaTXk7WBvnslsVjmcj1Yg9mXrXLriBbH05VC5SIwwQK0NtoNl+wW32HheTX6Bwb4QrH9BBq/g9PdTbTSygNWpmkz8lKkIMxGwi5N4NurGN5AIUH5bSZKlZ1Gwa3ubELbNwCNWJg4sRsfMTIBTtx7TqodmYN7uBVH2246+u+rLZl2fimNHSVM7eIDRVhJq9zEOr+rH/lmlslsn4BWeR83eyaIa17Ldnlmyv5LXU/xmLfDbEuz/ZZ/cNAtGNk0wC6pIsFe+sYEuvsFR2dOO6gstehNobxMhYLo+67acdnALRlByV0BSz4hmsGikwQbwMmnOq2ccm2cihmDN0GyOj5tZHAttkHgQede7KwXGBtCfQnmljiBEhlPBotLizIN/FUGwTfRAD0/vvvf9RRRwnbfT8khFSQqCDgAw88cD6Ug9ppp50EOgtBlscPfOADn/3sZ3/729/euHHjLrvs8v3vf/+DH/zgfJa0ANO/+qu/EsgrixISKtz2ox/9qPDut771rXzBox/9aEGu8i558m53u5sQZ8HBgoaPPPJIfty97nUvIaff/e53BTpffPHFp5xyykEHHSTLJ6U95JBDZOVf85rXnHTSSQOAFow7EG15wW1ucxsBtaeeeqq8QA6lIHKhz7Kx++23n7z4EY94hKyAIN1tNvOd0DZPCs990IMeJA/+8z//c2lp6fWvf72sDP8kyxHW/I1vfENWfu3atUKcpVgtS953333511vc4hb/+q//Kht497vffVigYHHZ1fLg4IMPfulLX3rGGWcIFL797W8//6GyzvIy2Sjh6fIybvWDH/xgQfx/93d/NwBrwdOHH364cHkC5X322eclL3mJcGfZ7XIyf+lLX9ptt93e8pa3SFGB6/OqV71KVkbQ9p577hlcLpfL5XK5XC7XDSNDJKVaj9GkbzDnBbNShRCGO/DM2AfimFxhgU3Ttnt2ZqDWBAPD1CWZN5gW0lQGV5elnAKaZqQ8M4Zi5k0Ow0xlKlbvttEV4qAafQCMYdPR0carhl6mIQujhIpBwYGAbjA9vt6bR7Og0ZRms8uBKRWI9jbDO1VHsPrnEntQEXTj42YBzfNuOSyKt/aw/7LdISlNqESqJjnYYZoHApxOTROxOu+M6YTB14YV7jp1NqL5n3nNi/qF9Yg1lmRcgKoIMRoBaPBz1poBc46jobKK9+HpxIzwIeOYdr3lMs2p161NeYqdttyFLdO81Jv101bc1tFm6mdLNJiLdAk1w2DY5dyfmrIaQc4J2eRPbOJoMQfBKgR6AFJ1RAI3AXAFM9LXxlsN1wLniCacoKnhSG3NtL3XQ2XUDtPiSWHMhp/NP0onI7I+iqWVWySrubhZYBB4tJyWNX4WM941KAT0L+xI2i4BdKwZGkMNCWdEqCcPYoksrcau2d4KSqC8GMP6WBrFjYmjoJntQy11RauIpWKTOmrxqXYmzcM0EvJBUtHB3Vvq5amxDFhplnyMMuNhp3/i2QoXbrBTuQzXHN9ocTnw8dbLbxh2uUPmf8584XVqxFA6YmkO9U0CWKuj2XSZYnH4TQiW0a4Z0E20L6Iwt8lhNnmFox6yQIIxXvs2spEgVf6KWRvJALQ5uy0+X1/GBdZaaK4byBkOhbXPyGkRIdRef/XApEDzNg9XqPncwdJGUlNRb5PaJlWCblWswMwpDi3Gi4GttU7B4m0AfO6ltou4k2QzUHAyoGKczTaPxpdzdUvUH9nhNtLzjTE5zn2z11PFzrpQLGeDBUytqfUx5WBfXfwjaTz+Lh8Nz7W8YzxqVqxYWBiPlpenfbxBxjL5XCG2J5988q8eK1etWiWYVbBmuM6S3fLkJz/5AQ94wIc+9CEhlUKT/xOSb7s//MM/fM5znjMf1PCQhzyE9FkkpFVApwDozZs3C4D+whe+IOv8zGc+c8DWwkaf9KQnCY394he/KCRU+Oy6desEKA8vkK8fId3yV/mTAGg+ec4558gCGUYh3Pn444/n87vvvvuHP/zhbVZ+r732EibezRU2b37zmz/sYQ8b/peEgOY1a9Zs2rQpgNJ+73vfO+CAA2S1t1mBbRYrXHgwFw8aIi+eDM3/STZfALdg7uGoCaE+66yz9t57bw5oz4bm3yJsXf467Kh73/vesm5XDkL52c9+9p3vfEdYv0Dn+ffe7373k+d/+tOf3vnOd5ZnVqxYceihhw52Ztktsh+41ZQ8lh0rT0aU0IVcB5fL5XK5XC6Xy3VDarD0kglExAMEM4eZwa0SgEQOE2MZmDBDDpgE2tuUaGuCNSyVrKEi6codeedbalw0QEQ299bAk8uwkrjhxv14pYqaGqFiy7xYhgUpQY5gGsU+LBi5qNwmXmHyNTmwNeLimgzcF+wEzJS9mgxOACZk4738UNBqgiB6DwkpaqLysHo2kV03k5P2SweSMODOub5UM1RunIK4xJzDZcbbwSM0oTkk9mvUufXyb6K2yGLpxwpMZGPk45oSDekqS2YOKw48YUmTbN51RdqVeZdYKjKLGtHMeAp5rEEcIW4pnU3SDzBIhrTcdZun3UTzM9oe/RhnHjmWOjSOtQy+xmHfDkZTQ3q0Y2KN4ThsWSoodE4zJIa7kW4/TW0FdYGPedgIIDB1ePP0kyWMmhZvEobeKHVG368Bs7AJGc9ReaBZH33HHUw7ekZ/MJ4qPZkMwR4BdLW50v6fwWdil0isFECDy4UdSdvn7GZrVRpoLg0sSuGkipZmXgdLG0SilSVQecMpqrEyLTKJYkWFKRuEBkiMM+askwFSmcVOGBssMx9zSJX4WnxH21jpTfOFm95O3tCXWhZEYETP9GMO0+1QwQs6l8SoeP1MbKasK2Lz0V0P10Q0Z6+NkREhR5zTEdBlE3nCmOKBSS0NOpCWOmeEEHNw15qd2iZBYPDEl4BAZY6dZc5fjValFS3XdVTDeaqp2uwsSKpM83hjIUoanp3zLEgCpathHoZVC+34EusbWUachj3MtQo4HPE4fLnFOLD5arNmhDLjnnWEibWwKa+2tPtcWAFjcUFrYG3DASPXPCKEWPWpWq0LHKDmkkbLQA65qCmUOMto0YWxetjYV1H9k/UKLjaNg6VddJnVnBhd1LRozEg9T0ml7VsEPR15OvHMGbWrVq5YvXrl5s1b++4GGcs+//nPn3TSSb/2ZYJo3/3ud19fDFp029ve9lWvehUDHAR/f+5zn/vhD3/48Y9/XL4GXvrSl8J7rrryx23duvWyyy4TGP2Tn/xk11133WOPPeb/eutb33q33XY777zztmzZ8uMf/1hI67nnnivfoMMLLrnkEuGhglnlON/udrcTXiwg+8tf/rIwYkHD97///QfsS8lRlLf86Ec/kuV8//vfP+WUU+TT518gPJrwmuJRvfjiiwPM0evXrxdiO2zOsIbbbJQg7COOOCL8SskWySbLmstqCHr+n//5nwHNy2rLrhPI+7d/+7fCjh/5yEcKX94mcPlmN7vZ/GoMe3KbT7nggguuvM7yeN9995VqgSB1AmjZ5CHcI+B/rIgEZ08mk/F4/PCHP1x26fOf/3w5TA996EPlVyH7Hr7hcrlcLpfL5XLdwIrVm8VZxmb51MZLYABEmekKL2VOsDzoSUzkyQ58Dh3yQgsHHrmcdrUzq1vlzlwSZDiiYkd25uMk6JQGbJsJiAvRH0ItNPKhVe6piIcu5DnIqzAxmbfQkiJw58756hUTAFtnm4Ve6PWrK2bBDrjRThbM0CgzzhYjwQ5gIBfmkg7VQ6fkCPuuzGhxCHX+92wXaDsnEuuAmdUNoSrzPAMsaz3JeG0jRcyipN7Aga2vbTeQuB4HhEEoMZrizcKAGpiFAUmKOuMsabQIHFEaArefgCPBNW1Cr8UioJpWwjCg+GAm9xktl49ISY7CZHnShTJNcSXYb25xLEOa4pyIzXjcLE76LV1mmok57YP1Y2R2LmsZ6uirfnVrrljY8rJiJTlFEKqiKQUC2ODYtrQBWAQbfEIvJ6H+QwZLjZ6mzVBNljzZBXgvjsYCfTSdeTwqGmndLS0vb50uT6bdMqTnGKzrZmkufdJY9DJQaWPkFh/DY5XMfW21iVk5RR8gjiMwS9aqADuQtss7fM3XsKs7hCFqqFYYFLHWTJ9hLB0qa+R0jQYByzWFKQZ6RqC9GysSqPoZCbXiFfkv6xeaNROMf7P5K1bJPqlW0tCYDtUSfaJT+N0HG62GtYocuaTKxHN6qGoN9BvfAOuErdcAABAASURBVH3k4MhopmiJwXJtZXw7RLuGh1kKs6x6tCnt+UHomJcZps+cj2FQR4KzwE40YG3SVDA3Qih03ULtepdnlnL+tMR/LT81hVS4ioU4pvWjzJVTHKC2hgfhkmRGs5JxDXnS/V+vPgxqyNZhXQl4N9VSaaL52Q43Cl2Ze2n2+RxcwX0Z/JQ0H0rHU11sMzcCofFo1HJryqhuYVNm+fjcEyyWMUZE3w2WzuOda3mh0yzmbMXVFrNcLA4bHQ4xz8Lm1kA2kHEgYvhRtZjzSwPZIBpLr19hJdWEEhw+nhE8AeDz1pySoF/2K1cs7rrTmnXrBO1Nw/Wt00477T/+4z8COO98VsM2EvT59a9/XRj0O9/5zuc+97m3utWtwvUkOWlvDR1++OGnn3760Ucf/ZWvfOWJT3zi7W9/e75AsOlVvrH+r6g0tBHYRkJXL7roIvl55WiLgBaI8vUjiPZNb3rTpz71qU9+8pM/gAISQl7zmtfc5ja3kceCm4XqCnoOgLB3vOMdH/zgB2/jX95ll10EuW6zfHqBl5aW5BvuuoNX2f/vfe97ZSWZXybk98ADD5QP3bBhA19wl7vc5ThIGPEJ0JXt5EzD+LXq8D80f+06Ly4urlmzZpsnZXvl7bJiD3rQg5ivIqWFT0GyGs985jP/6I/+yDG0y+VyuVwul8t1AwkOK7n1pve5Tkam1U1uZJUkF9y9G7LVW6qAPlvouBYRUamt4EpFzCCnQwQB8zQqew3Vfdfjc8i654zIFdrIa9n7iqkGoQLeQGRJbousC1oDQx5mRQc4oBNfluOMes/YeRgsxRZtOfPkWeC0OY3N4WtZHNxXfeC9OG8qC5MZsu06YhO4s+XdHRJUjWHUHFfu82BAMmKitN3XB5t4nmha7PJUcaq54+qBCdW5ZnDLlgWwjb6RcmzU/NwT26jtL2GuOYJjFRalJqv9dppxxLM2lcoNYo/DuNGjy4nY/MShC9/MPGgHWgEIgoyTRbyWse6khSWlsnlpS7l845JAlt1Wr7jN77R9WLhsa1qaLKFfYMcsi750bJnG+eghG+C2w1M/CN5GM22yRKFEXQ3pQoIZl9HAtR3IsAiLxwsLC6Omm06Xlrfq+Y1NGTUt8yHhIeRJqDUSgc7TbgovYunk0aTbunVpaVnuzSekNBFneqdhKYK/uzg3bcBKNhZmbWd1/Rsvn1n8N05XLclEMsuhY9oOo+3y3j4rVS19na9R2EWOceWBQ0vfDNMW9L+5Tvaw8lqyKAz7p63iYm9zHLTSwt6vxqDnh6LCXP6hxjWbwlHPKnxIj5hgXjw59UP6eKjDDApiNmkgJDvtcNGgUlZ6BjMExlIUO6fNGmymXptvQBfyEE/Ul+mQl28dS4Plfmj5EYU65Doo0eQGJisX2XwSpksgLANDdGA2k7HzSAor3JlNFG23miMY1cMSZ90G6GtmvI5ltLPsyBCJYUrFzMYeOMaVjm1wQYMLS5LGZ1lDKmGIBVEAzbkYya71qBFGkW0HmgbsOTTA6gFD6pCyUisZpU7HiZjPYX+N9GunGiPOnY2DZREsunEsOGinYPVXszNkn7EnLQ2lDJkpnBgShm+cUr9t+eXKsp9+RoPI+1Lq/CaU3Lj1fbAUKvmi0zYAKCdI8U9Afpd101asXDEaj9Ly9Qyghc9+7GMf4yl38MEH77rrrr/ixZdddpnQauG5QkKFQW/jO75WH/pnf/ZngrCF/G7Dbe92t7sddthhQlF//vOfDwD66sRvfaY1XeULhJDe/OY3F379vve971csTcDoU6H169efdNJJAnnPOOOMV7/61YKtL7744le+8pXyZSYM+n73ux9566mnnnrlAI2rk6zDaDTqrlsjAjk3jj322I9//OOHHHLIs571LNnzwnBlrWTdBgAdYKymo/ynP/3piSeeKMxX3rLTTjsdddRR4dqIIVnddW6esO+++7797W+X5Zx99tnHH3/85z//+Xe961277767bEVwuVwul8vlcrlcN4QqUjRwwkAD4ABjahps2Rg6MzRZGAYJGjvpMfl3pACztZv64f7a7oAzE3WrI23AmHmwCNcoXf6wNGmw3Y63bwNh4M20JmP2Daczq92NMaDRDFvEJSFWB1wYNs1w37CSNXzZqCFdq7ESaLLXur3AztyKasgluJbP7nGbv03DsDJnUVRPZOQ0ZluLmiuK5I5eEzIykFSplkU6KUPF0qE2D6MPF4Aq2iNZB+0ppgElaE9IrJ3Jv9Qpl/vUL7aaP6ucZZrMcKmNJJXlaPCq/BgtqGV4cOVGopOAXmfTUldG/9MgxYJup55T0PXzuq40QuqWS77k8nLK+Vt2XtFsLs1opNkDa5qV4+lIiLDgZ/lB2hOtw6Vuw3SKPofZsG1NMqENb8ydLwxqxcJ4vGKBK8AA7mSHNAPtMwlG9850EgUib96yGX/XfTgaj1etWi0nKmJwO1pZp8rEFYjLf0mpZLsmouVltRiWMpffosbVYNHZdn6RMdb8WMTSwD84nI6IWjGmQ2N3QJdN7F8H0NuDGBKR65QNVq/k2S6Y7z3qZRCMjQqFjBWwhnrFRMOy6EZY8iysI3AyhLVeJYCONgbl2vzUfKrD4MFQZr6bFRu14rNUFmeAcxjRSYVjxdt2hVtstF5A/cCQzeJsXwoxzGzAdWxF8Yev1BEwZzZinBv8K7mW9W+K5UbP9TBkLEZsK+aMdWfpO5Ml+3Bzo6WSwAAMsGuB1xbgY/uowmdi+mQTXWzwR4011erd7GIOlXEzNcj6isJmzIOVLZTDSpJl9hXEGStI9rA9QSZvlcZkTNeu+bm9iHaqma1pMUqUYnsGaUQhDig6IaYj1EKp9Ue03c4V5ssi672cB8LBUx3NXY3fLtF4tSVoaNyKLdeSROZKu3aGxVpV48amkIxlD7sNmyHfPR2SVVYtLq5euWJpy1K4XvXBD35QxmF+IEn0NdGWLVvkxUcffXT4jbRKviJWrxbIK5T5jne84/yfZDU2bdoknPfqXM/zWrFihWDlU0455dxzz5339v7iF79Yt27dve99b/mgW9ziFoKVt8HZQpCPOeaYxz72scLBhdK+//3vf+1rX3vAAQesXbv20EMPfchDHvKSl7zkggsuWFpakldecsklz3nOc+aZqfxJKHy4ZhLOLov9/ve/z2AKPinLvHLwxa/Qxo0bv/3tbwt3fuELXzhs6ebNmy+88EI+lvV53eteJxsu0HyXXXaRjX36059+0EEHSZ3g/PPPD9dSt7zlLa+8zvKdfeaZZ8rCr0kAi+zzl770pVLPEHAvS9gXkiMi58ywzi6Xy+VyuVwul+uGE2MeOUUZBjNY8zIcYqnYzTxzMmmfUgQ8LXkKA5/ckFc4G+ELtMTSaouO5hAGHi02r7fMbMtl8AlZC6TeVirPCDIjPQdnH9Y10fLFjIw6V5u3/7amcaZQzbVsykW+QSdgqEgZWHBoQlj75pUBROBenj3lasgC0fOASuIQi4Hw0IafO5uRHwabeRgodKwBr8PRoMswhmEdZi5x3v4T8eRiTkFsUSQNAyAy1t0CbKNdYl61kHYat5uX0lSNg2oqDtjntA9rLEDmsa6sghi+Lt9s5AamKjqO9YiogzllKRgI/Mj9L5fKt7uy68rRtG02aAR0R8um+v1a9e2N6OeMZqbsUaVQZ7QxthmAtk3HoZI1bUetUnT4l5NO4zervNJwA2Lqbx4vL8nzk+l0Qhczzebt8talycJ4FNQDDiN2dUnKLiKA5okhOJozfe2MsoKC5oNkq6yEymtCGY6ZWS3tXDKWhBIDESADwkOtcYRgS9hxlMJ2KMv+MXCpv3XyL2rtJRMPamQNEif0VDKrdKjO3MYooSBFXVTPtqNaKynIRdeztseY2mtZpMdy5BQP6E7KdqesdeVYp3JUVl0Ja4WJsbGpGXUY15NXU4Eyzz3jstV8bN7eOnOggkkyZAsOtn56AZHqcvUiLh3DLDhsbMe9hn7IF0KZ6MyKWj+E7VfThWKU+uTCSK7cRv8hbUgfjNpx247lPzAKRwsdKUjS0VgceoERSdEgyp0JSIEEmsXQnMNg9+VsFF7MCABhf4CaqIxNyhp3jCu+WIp+LSvwUmehNFTP8zAaoQZo7Q8C+pXqphOXIzxevzU4kqJoFtkMgOHQTWhrWZQcP8nWC/nCLmlS3ffWItCm1fBU0mGpn2IwwjM6gaSbak3RSsF1qzPGMzRDLRqHNc2YaWL7g1FTenp1pb4xBCYl1aUU661a6nmAbzspTo40pIgHvsFuaDTfSI6P/muahdGC0Ofddt5pdH1nFwgJDb+RzjvvvPCbSujzox/96A0bNrz5zW++6KKLhudlJ5100klf+tKX9t5779vd7nbXZFHCheUof+hDHxp63y0vLzNF+uCDD5ZfH/rQh8rHffSjHx2Ar9Bzef3ll1/+u7/7u/Lrne50J6G3xx9//GD4FeoqbFfothwR+RmAeof/8XDxxReT1M932/sVElx7v/vd7+STT/7GN77BZ+SDPvOZz1wrAC1n9cLCgrxRmDifkfU54YQThAhPp1PZZFlP2WP//d//LR80vEtWW/46dF+85rrNbW4jsHh+nQOiSP7rv/5LOPJtb3vbX7uEnXfeWSi2vOXss88enhSMLmf/b7A+LpfL5XK5XC6X69qJ02uzNY/CLSqdd2W4L0VepIILNWphenXoesRr2ozuYmkW8wZe5Q9IZEYHPPM2A5MYWzBubD2+BnJd+0VVWm0NnWqaory/tXDnNuK+OMmNsrIXZm8kQ+YBN0eNTd02X12x1IrBitfUxduvLQTIwoZy+CTz5NKvZn66wXFWjc9gROTwgS2mQm0SVdCEDxElgS9EEymdqY2nql+2OuDMCFhhiE18DpqoEevcfXLzZAY7DaaIo1GSf+0oNvozLYzbRSUdC00bd109uuXOC7uvWdxlYbRCAAIhlE1qVwunwqNpX3NGFH3JZutK9Ll6J0OckXBdj8Z2Lj3qGi2bNUd5snnL5OwNW7538WVnXLzx/HUbL/zlpesu3XDZZZfL/fXS8kSDLNpmPF5YkFUbK99QGCW/a3DGmP/Gi+1ocTRaGI0XwKLQJU3OILlplYXI/fXGyy6/VDDBZRvXb9ywbuOG9RvlwWWXXnbZhss3XbZ586UbNq7fsEFucrupgRhBOMtLE3nHuvXr1l+6bsP6Sy+V/66X923cvHnT0tIWgdWTyfJkaXl5aWkymSpLR2psMHLMwgsbFAab0V8hn7peNWU7mVk0JGP5gWcNzn8GFphv3ojWYIPdQbSdOqB5/tsAJsewZ4Z5YItSy6ZQDd7nlNl0rlH+rJ5oVJnQtRIXsUYDsxARNSK4WNnH4HIfZhZnMzFHa1gYaoUr1IaIdObru3Q4LkM6Byo2yWZP6DmbeaXKX3E9Yc1lbfreUoZYLsHIw7KhvtKcy9gMsx2XbtJ3auaWKlaYKiCdFrP4Y3sxbEhpqgkat57sbal/s5VMAAAQAElEQVRiX3hpe/BrpG4gwchYOD5fNgft9TLrXpgioey+50rlfiLv7NGjUFMhYlOQpp2Mm3JQ1toU6n+2twb7eNaE6IBhq6YLobmiTu2P9Jz3OHRtE4fkDHtZj5qUhonUYVMTmq2KKVi2tXOg5bMGp4vuBh3yWpbPinUuLSwYZA4sOQAyDmtasmUw8/WRky/6zIc2WaMgSJwTirDqkYXIUthmsaB3gn41BJrYLcCJLQ5DZF9IFCF0WcD/PGIRX9MNs6R1n0Q9ap3GjOg2S7UyjkoZw6e9sDjeffe151+yLtwAus997nPAAQdcwxcLl/z2t78drpv+1//6X0JLP/3pTz/ucY+74x3vuM8++8gXyGmnnSZcW8DlC1/4wm26512d9t9//6c//envfve7jzrqqMc//vHyDfepT33qrLPOOvzww7lFwrKf9rSnyQuOOOKIP/qjP1pcXJQXCLcdXiBE9ZGPfORnP/tZYfGHHnqofEFxCS972ct22WWXe93rXre//e2FaAv5lcfyxs997nO77bbbTjvtxB6Dv1ZygGUNTz/99Fe/+tUCZO9617v+27/923e+852ry62+SsnHCU9/5zvf+fKXv/yJT3yiPEP6fOc73/n8888Xln2rW93qsY99rLD717/+9fJZ97znPc8991xZbaG9sqXhWkrW+bnPfa6wY1lnKQkIjJZlyoavWrXqWc96FjO2fu0SZG/LqfKiF73oSU96ksDx733ve7IEWeGHPOQhweVyuVwul8vlct3AqmyjTsXWm9EE0KowBMzUDM4IPdCp1TDbNcUIDE1WZgllu6NmNke5WDO9GOa68pjzashMCLCj9nlg30obG3XNKeZUVJJrhiczSJkemoLdpoMG9trxq1hOxqznX6hhjNraLjXJPKg2Kxu2NoR32iRtskNEfJIDoT1TIOTJOZvX2SaL52AuycwVSXVKutrBZZXUMtlHpneWZOGeeq/fEAAw5YGEPdsE5xpQWv3egEvkv7FVmBMs0aNJxTC1WvOYt6rstM+j8Tj1IDilWcrdLqvGt951cSHly6dl41LaPJ0u9Xlp0veTqU4vF9TQjmrsKZBanmpHSe2C1sPCm9FMTdhKtV/qmjQajUz7Za+BHh1WWQlNE5Q0T3KcdpNG+x222EJ5QQsi3lonQAsuIdTOg3uewQF2YqkPsAxoxWzXnLJOLmgvDtUwj+ZePQFfRsJB9SVr/rUiQLjIeyD8vlofzf6pHGeIGSjVKFntonWKui43xQqMkKdhRytWl2bEVSR/QhKBBgnL1iuqbgw/72j8ebuN4OCMBh5ZI7IlzHFEPayphi5wcgD+sVtoqhMsBq9usR6lenYkdqMMZkm2s4hXf/XSc05HzKWWnwyMcorEMEfC/lJRNpaDjAvFoDVdiNE8FXDXaSQ2TYXDfi3N8fIy97em+XDFp9Ni7fN0uxngEFAFxPbEGqHDYb2pHfQ4VQYDp6WUsFwYzB4caskTFSNC+GL9Y4td+REJUZbRbHMysoU32Q7UHn4yxGtcu71CF5qGSToaPBTmJqoUwcL8StCyobqxG87BiFYWAC8Hg5fvIv1vm2r4hX6XBDt2qTYNsIInTMNaO8N3jn1baG61WbJpc+7Yx9ZmW7C8iaj7yPpiMGs294C8QzskcIfwi4hTRQoHOfPGD7VM9HStUzFAyUu1y8YaKRLsgGVLNmms+In5O/gG7Gg2xyFAE0sMbSDjyepwq1avWr36GmHZa6u1a9futddefCxcVTipwFZGPWzzq+icc84J11lSihDC+5jHPOa4444T7iysU3aIUFRhtU95ylMEdF7D5ci+fepTn3rrW9/6Ax/4wFve8hZ5RnD2G97whoc97GF1D+sL9ttvv/e85z1ve9vb5HzYY489jjnmGMGybIUnP1/ykpfsueee//RP//SXf/mXci7Ji4899lhhuPLX3Xff/a1vfass8J//+Z8/+clPCkiV9wqvF0T+s5/9TIq014QjC1J/3/ve9973vvczn/nMJz7xCdnVAnblmXBt9Md//Meybh/60Ide97rXCZ0XaP5Xf/VXcmjk589//nMh+PIp74KE8wp65mue8YxnyCaEay+us+yHL3/5y1In2Hnnna/t0gS1y9vf/OY3yyFeXl6Wc+wP//APjzzyyGt+cF0ul8vlcrlcLtdvpivGAPDOHBkXlXOQNyIfodjNeaqOOUhTdPV3m0xspmX8ilwF66RHpkEGg+nBFTmCbWMWupqER6NWb811JnEnYEOddFgthmdqWiYIQrVRw18MNJEqeoGBzUzVnJ9OcMRJx+a3q7kYaupKhiBK5aDYESnMclQrXgSLiWkuv1duwpEZYutWkzGIn9C0sDAWw5aUZNWAkugUr4mwBCVDzgZXMdQWXD084sT80YzUtCta3yketkqL4Cw0MquvWRg1o1gWUth5odlpFHYdL27tx1um/WVLy5uWwrQXltrEkSCmoEkAmQdTeLRgK/UzJroTLXJEO1FZImpqkRSQQsUo5BSVl5AAYyP7POlg1Gs0MruPkwaxt9GmrxtGGxg0qh7cF7kSphp+YYb7ECzAdDiMYR67gfkW+jgZyVz9xtoSDi3gGKQ9syHHYWL6rHGgXQxWrtBfs3FHuJp5xRD68VEolsPBagk2pgchEuqdoplS6zz9sGMR6Cvs1+1F9977DkNdREbBXh3KLHFlm6NhcUL8QYOtVpfoONbrh4NhoPE2qMPXhkfGCaf5ZBabbADVWB9cfNG81jblYRb6bIwy4LwfMpRlIS0/AyWePnfD/ApmlTMfRMts2fKgLUwokJfWcOQKzaeaSqMFyJyNzmopUjvR9TAMt2Og2RpaYR7ehl1CZ9wcEfXBctFDoLU5ccqJZQvXscCuR0uKyDUVBKVIfscEmoU56PDyY1RIy4GwImitgNngEEvLb4463DctC0IlhTCULCPb/mUGMPfV/t0wV6SWs6I1QA21ryJJdNNiHTSigtN/gjWBVAScC2NANC+j4JvDkl04H6UCaCbcZwbI16wMluPS0Ew31PIYNiQN9SzuC0zcqZutKvU8iTMF1FkTvt+RuzKL4daFoF8sQ2h0xVE7aIIdKduQru+2TqZnnv3jD3zmq+H604tf/GJZpUMOOeRRj3oUnxGSe8YZZ+y///7CCq/8q+jf//3fv/CFL8hWCc8NLpfL5XK5XC6Xy+W60ejtf/Uy8oG24YRxRFKmRDRWHXGReZsKUksehdLmLpVJUGNsTxRY03I5UZj3+4nsr0PsZDV3Jfqj+75aXSs9hDOMUZy6AlMNRFgWrj1SqqEhGw2svkzi4P24hTUbGEwGGiz3mfOPa4w0bb0xDTh9AJnkJFxUYRiIzWsPbN3EBcViM515xy2wJcwWowglGHlgkHE1OdtEeWtOyDBiYqlcASp3Do6G0ZjK6CJXhkZZ+nzBAjATXfk6igQNY6btTQAFSJfNxrL4/33Xn3fBJb+89PKl5WlCZOskh6Vpv3Hr0qZJP82hC3FS8pblvGWaJxoUkIWgjEcj2a2aOKprUpAWoBCm6zHlvWlGo9HWpaUCSCKfoo37plPF8eAnTJ9Aw7GmVLBdRglh3gDkgrBaxpdEOppL3acKdIolldS+iGVWMTDFYQPnHaDBXou9DdZveSv1jUiO7rna1i8w1upCYOpGrkeEi2Q5hi9hojRN4ngZwmC0HyQqHDyqOVbmXQ3R6lbPRTmbrQhSYmO8fMO17sP0/1zCfMJvpO3SAW2gDmdUbkqqsxJmqgAaB7/BpTJ4bANPRhpRC52q2p6vvrNWagab/RC+MUOHuAjsMohx7lyvK1JqGlDmhVcHrnrKF5bv7FNs0Ik15bmDOzpH65sor+7kBVpU7Ku/VlEjyow820nNE6pnuaJ0pdk4v3lqJzbgTCi6IKjGBlnuh2KNAnOv00O0OsP0mhzMQj4U0AYCG+wbYwCpw8aR5GPDcxkmt8xKhJY9oiPOyIg4k63LEBrFyGrrz1ps0gRCPDCpJdQkkTi0O9BFDzlS8IOz+jQDvpzR06rJPSHcKPM06Emfi0Vd1bNAj16IPc85y3zpM74bsa7YfinLBszWwfk0jEuMmGIh1pKvY2ZUfxpO1WKdBdJQvcAGW2AQcvRnX+eWiwUKjlqbDbK6sj3Qc9TvFXVx972c9KtXXM/u0V133XX9+vU/+MEPDjjggN122+2HP/zhWWedJc/Lg5/85CfygL+eeeaZp5566r777nvJJZecfvrpAabp4HK5XC6Xy+VyuVyuG5nigOzMnzhrrbatOdOsqXPGsmCO4Flg8YBrDPQayCNFpYGXGhx8hhVhgsOkbr5Cb8MXFsZtGtlNfttwMWQZYQA8tNnSEjZMdA+1U5+tkGFLS24tMzM1pl3nUMMbZuuPe/lKrxH4EO0G35yCpcLSyFv4MLCeaqAmQU7J4CcBdJlh4bn1m3P1zv7E/yeZiBYKoa+UxXBnDHEQeGWuh4O98ODJs+DQrpt2QdmvIGQBPQWtE4sSpDxavbAgoGKa89bl5fXoYqUNr3RpSQ16Jfbs14UWfA0wVYaZUs18/TRINQJwJlevZDG0FIo1taynihFZBIkDrQyByPX0Mze37rnY8xeSoFR3XGRkCo4B96MdgtlZak5l9Z3WCeqxJr9wHXEaqQtUwRA5n9nRbQFlOJXZNi9a6IKoyzFUhoOoF7oNU+jjUG3Akkp9X65YPDZtbOz80r82A1fbYbRdAmiBlexZx4IXh5gw0GKbXVEY9x7rSGERFdZ20kIjmFAxT0/tqmc9CksdqKoND/yBayPFOYd/YDyD+ZNnxZdo0wlqL1kpLmGIM7SYOBomdhIMDDZSE7TyRNbjWIjT0bovNvsEa8T3IGS/xiip4ZuObnVAa0fBluiyB+209QjsxmcbXHvLYgKMBuXwcim1jqevBgqFLVcGmB7IvmR27ENeMrdZl1G7zjIOh5n+doSwvrrsVoOYk0busIKAGp2ueBNrToddr5xIkdAuFa5neqPDMAVDz4e2ZXGS3RKwUeprL5rJYxZqAbSd5mPrN9l4PJa9wxQLWVSjMBrzfwKKFYaeOfxZnDjQeFfM19yo1Zi5Go0VM4dRhLM2AKzl6tKthVubTSLryiAlHKkqjZYH67cndqJ+AxYNB8qlK5ZkFa4AoLW8hvkt2isWNRSk2WcEcGSbXpTLTisXw/Wq+9znPieccML555//+te/fv55qWm/853vHH4Vbv6hD31o/gXXPDPa5XK5XC6Xy+VyuVy/LQ382WbthkrwyE70pjsxjlRumLt6L57tbQh9rnGYlTwHhkWoFZjt/YzWFVis8LqmaellDkxPzv2AaCeTieBS+Vz0phs17UjYM8hOBmogXMjkFzBCBzb7qqAG98fWNxFtoGyCu82XD8DQ6A6VDNVgNYBWlAzQeqyOQ+UXunowNYfG7vmVe8jdt6Y1A9U02mIqGkQgnQf1AOih38z2KwyBhRbmAV5j+nua33UDXmo007kwVJTd3QAAEABJREFUq0TTocOwb+kXpMc2W+4FQqIRDa1Tqkew+Coqkt0+zZOlqYCXcTPqm7BUusl02k11gYu6gxcV7qtLerxmRbe4afP6zf0WeYV+rByIpPBI59YnZEkIzBkJ06IPPU+7CI8jLNpM6DCfZqiRs8Ucx8AZcEcOZ57uRxqKiTzqhPKEHVd9o0w7qG+hTbOw91axM3V2KkfD3OS+aJwWcRromUPIVSzOPPLAM4J2rmpSo3ZTHD7QEHqxo8iJ8rpZg7kQxzqaTxyRr0D29H2aPxYbpk28Cv6lhaYZNdei29NNQNunAzqhWlND2XmoDT+zphRrXrudi2lgtormOBUiEz9nJdU22NYzlzWRyqDzMAAHq6lFc/kHLgS+41KsVyAvs8gLb5YXFOz5OAx6MoyS88L+XJT8arhx0U6DbYXgNgnFyj1ZUzYyGKecr8hxh3NYh0MNYtDY59FK0GZWvTjEK53saq4/rNKysM7cwRxFjbpa2BBmEBTmPtfvkYixd6hOhVA7CQzxR7j8c6shJk00Dh1ajlQYO5hizdomrN4NFqo7sbHutDhaVnG0T8HFPUxTML5v5Ydk801y15WhAgnkiwogZ9+oQxyrmLg1006/DS2WCqFU+IbC90yEtZhtAIfRM9YxzPZVHrofJBZbuS+Gb5HAGR6RrRE5dCZzo8d6fkUbBDFkDVE4HEMxOOfqBi80i/Pg2AmDSl5jqSzRIqEV4+NtCLQej5pwverhD3/4ySeffOmllw7PLCws7L333qeddtrwzL777vvDH/5wqB4H2J8PPvjg4HK5XC6Xy+VyuVyuG5cGQy5v2cuQZ0HfGlBv4u2nPqdQErfPyvf6MEsqKJgTDIzQd8C/ZfCMxeoRHm6WjYOA4DJFMufE22LQ1jgajdu2JaWBpy0Fdq2CKxkJEIXRDdEMYWacNk9YqSGraWZZTJxvHS3Eswyg19gCJiMX69JkVjhyhCbl3vgmMpcNKwvQCMBT4KsZKDnMSH41PisktpCKK5qBaatVWgLCUHEUU0Mx6703+oHuUwRWaA+WrDvUkBVh06OVA0dmrKpTcBpyoymtJU4VOXeduo77qDPeYcUFxe+my5irLQvJO43buHJhtUDqftxpo7446fKyVAT6ONHFhayoCt49BU5NL4/jSIkV47z1lLBWYaDEgRRmsHfyeFn/MOxNQy6lzobHfimxnpOG1GgpNR9xoPXYdqOVTKoTeXAyz5mizdcM0mNliFlDtvnXWDM4AEcmgAeL6ib/Q1JCU1toxoFI2gFlmnViaznUROTfKMWWJwKc35qgGoMUVaQYsKBdzRxA3/g1oOLqlJ35k6+gwYwPlMsYBTYLDQw9Dg1rIbGabemO5gleXfYzEmpLRShMYbR4vMKHoehU5rIm1JFsmT6k0nylnv1MxRhebp1Tbe5EH4Ytsy6LdYnIsyaAbhmmgXIR6yos1mksdg6MrmFLVG27isErafNDFGowRsZaroxz8JR5RLEOx7wGbYjG/kT2chgGVouE5obJ1TXSUI1Q1xmsmTMd+NUQ6oQFPojmBAZ+ZmAUS6ExDXkchfn2oOialoFjacerIFWKQUvcCot2YqNYXd2sgSJtixwe/ZN2UGX5keEYPSuVce4QDLt/GNJK3aKI6mIJnNDBlgk21ocwN4DhGynZd04tLNNVbUdKh+dsVbv6vV9H1WBhIGH4nwRc5izeiXNPQJ2ztdwlqGaPhZRG41G4XiX/C0BosgDoXXfd9aCDDtptt93udKc7rV69+nvf+96HP/xhecERRxxxz3veU15w+umnb926lbRaXswOfi6Xy+VyuVwul8vlulGphk+UsO0NKGEAvVJAgbBKZaSBqnU1TCtGNFrLeA2EPocZzrAZ6tnQYPWV0Q1Ne2wPN5459prUBnVIkxCEIffZFgdjKZxY1eFX/1IddQPbIXYYQBGmjldSOWxhNZqFwK0jgjRWYRigbp75vGdwBtQ25zrPnl7auc81oMIp8sl2Ny3Stt+JAnIow/L4WTbJvKZ5EA/QYEcIjkNiE7YrtCFyyJbMnTQ1O+qOFvw8UQKd+06wdiuvgntRXixPTUpXegGjsW3SYhNGi6PVreLmrO2yBJ6UpWkn9Htr7rbmsJwB1aYgzFqK6LleBU7sGnsSB1QUZoWHPH/SYQNzJJIptDjzNWnuXMwMHiCsmp2fkb5jMwVyJ4cwmE7NijpzqRY7P/RI9XmYsG9EKsyZmOeADh2dw3GPjP0IXEE7R+ApBaPDyaI1k1Zd8/J/jWbGpLFgGT2XzTMN86hGwo6bRGrWpKvgmDdhba8Z0Db0xIE/o5gR7GwP9ey0CxrJQwNZrGMjTxnUxpgMY+eoTTwJoSYb1UkBYQ60MoWelZ1yRYBbrCudDUx9ziy+lcEzXMywGutw1sB4G2paTRxy6Gu5JxoqRogFVoMTQAK3K9c4YBlqtK7VYUjTbWsshlhN0BzdIy/+TM+uvqCEObxN47C8WIf5xoaz+iNiW9HQj10Dg0UcW81Rv51a/I3RIBqCkVgyapRO1waBzCLim7XjAReH0KdgtuVo0dXBKmckv73alXvOAdL1BHeeAkAHfg8xXMTCTIDhM63Gehrw7xpyLWvCb5cabBEQ2mI9BjFk6HNDaTTPeioWS1/WQ0J2HZsU67yjmQPa6q214eXQOxKYnsNY3Q4bT2P96uO+ZnQQz9Voszz0E6sfOtP7PBuMreSHL1Y2eLhhJBj64Q9/+PDrmjVrhgcbNmxYt27dnnvueYc73OGcc86Zt0u7XC6Xy+VyuVwul+vGpIow4hVyDrLNluZ9sVHkxBta3JIHuSun3RU3201IHVx0/LPlcYZClxbd1RVg1LjP3A8gQk3P6l1T0CxswICM3Ee3ML5ZDKlFDNOTN4Q5VA6TK1muG0G/WjWWGbi1+3XDSan6Z8k4A4MsKg7CEiqTMJARY30/77x1U/pMXpFSDVoA282lmpNzhZgVj9pys+WYlpnhLFWoAL9gDQ2JdnRiRRRcG+LtOeKrXmtdag/cJQBfZ9hr3uiUIEjZ6CiOI9OghS+nSZfydNJl5iw3Y8w9X2xHvTZJU/Qju3UKZ99y7rcqjM6Trr+8KZO+LOt50HXArURcoeJyO35AM6GeAjOqVoyJKYNOlvs8mJvjvKkvzFzKheipBDNKX1GDWzRY5aTEMuD8UGl+LxQomQfV8HQcqGIoMwd1NLJIJoPp7DVMRmmUWiQFNY90krt6yVvk4C6OWjyjKymYa9Q2GmGuMwNweutb9DQT+CV/wlz+HEoOO5K2a2diYfUh1hGg9sCszlirJeGvuA4rgbZBFGkKacj5DaFe03jR7GRPZsS3isrAsYmJE5ODg56E+IgaZh9t3BgsrugcOL8Kmv2AcRUnabCyjIwG7cjGQrLbWLvtWYa8XjmM3dcSTtEyjmZQYE2FPer4gKSjxuZ68IJCylGqKeeWDpFqFTDMRuaQmKEM/hzr5Jlcw47r10GKzIAWxo7qDlKXLBqZdVD9fEGmaHvYwn/NpHYdEJtohSdtaRub+hYm8OgEDoQjF3ZDxeg0lW3kpBotqiJzg/5imwFC97funC5YuZIjiOZqRFS6NKIkqUN8vLColL2Xb8mse4rG5MJEDU4xwu6oBQO2AbT1DMM4pV+cSp8bxGvUQbDWUOtXx1Q+phiwr5XZkOqXYaylWpQhh9PPTiEzPF9hEB6qK0OESsOKqxzK3DdIh5rKJ+QYfus66aSTTjjhBHnw9re/PbhcLpfL5XK5XC6X68YrowWDZXmwn5oVOA2TcM3Cl3EXHPo+WlhpVvCg9+wd72tpWEYfwaLhmLyh5a1vQrAo/6YW3YbIWAD2SHDeaCRcoZh3Kw8UszCgEmnIxCLRshIqQEGqsmWNNkqESaXz3EZG48W056lRznhLxGR53mjDV21Ee/h0m2Cs6ALMEF2bslm/CVVkxZjIEeMQrhlIbmKdDg0oHyOhMvHFbHpzGUgUVytVSmP+txKrGVxZKJt1GVcNoWLraHDBaG6aTiZq+O3LqGlXLi4IQmnbkkbj8ULsptojS/44yaO0JS1Np7KzFtK40TCOrMERmlFcBNXIsjrFxGlaZDMFn0SB2Vuni5uX+8u2LDel2zLV/d0p9e5SrFZwqzUgrtlm/JupUg566XojwqRM5HC6Q9s4n4pRYzxk97P6wYSDMjtTA6f1ExjPfJP8a87zJ3XUCoquQcNzmv/wPLx+OPaJwc8Rp1JCbzU9rOprbqplMk9lM2XPLIxGQurHGq0rF0BQ3KxXAogkErpbZdAt4rX1oMu+aOFJb2F/xiHuZxPwdwxtlwAamFlPErPqcypI7GtFhVeozWhgMgFzgCBA2mAZw/ABq7O2+qKxcA23SLROV3tpMgNyHGIzSqmUMIXKiu1hgtOZRR09d9W1CkuxTitJQ8RCrkNF0hfUelmr/QObIbmBw5FQ5ikWEnL12Orm1iAhmGLloc510XwJ9AlgXLsh+ZjMFdznMJsWkSuZbxFPg9GsQboQ17A0TOwvyHVGTH+DRxyxmZQ0tE+kOZpxGfxW6PPUKnFA3UhxQs0n65cNL+4mcvoMv6jUnlx6BP/r8YVTu4fBWYfOntFKnNWC6T19hx2EsUXXjQVVlBJ7y9zQXamZI3qFB7L5UT/tacHmVmUOfpGmdmtaEGwn6WbKkCOr3Sn3R+aJEnfdEVIr0P650aJaUq2UJWbS10iPxPpWoCG7mDkZY2RB8SEh4QktEZGL3fezoRvgHF0SuVuKon1dmgaA86vFgrgiOtKicitL6cv/AwDtcrlcLpfL5XK5XK7tQrNcg2qxqhkRiQQlWu4jG1MJuEh50pXJVrkRX8DNqDrgOnmAGcls59SEIQG62Ixwa/oU0MG+ByHW++6ub3BbDU9egxnJBb7nhom9Eam5OcwlOwByEIpo/AMmp1uPsDjzFw8Us6ltEOvU4kIbIy1mtEUT3+KG23ok6oarkRi/MnvajNsgSvTxJQtvNmsdWIhI2UU2D2KlwtirXT/4a7vJtGGOBoE42hSCPsc+50qyFMcAjhdy7mz0qtPNxexy+RxhJW2jWC/XXE/wLd1nmsqdWli4Uxp3WTGDkPqmK7HrFHrIZ64URrNi3JZ+62TalemoHbd6mLStIWzmnCuOROTUaux3n9ucx6NmVZN2Gaebr2yXu36577dMp5cthS3LaTLNU0HRWdNu2dBMYFNBGAfWI7ZaYch1AnusnlGwkFDMT4qEgNpZshhdiXaalqFagvRtQ8/oPKYMyboUhj6Aj0T1clsagbZ/0y5l5tCUF/Zdw3MTh69Fura2Wgx5cdRok8AUF9qBM8GCqbkZQQjyWNlykheMEB0AF2lAQE2vsbQWK46wGOSvAKeZNV/ZVq++SR67HUfbKYAu9ZIcKkL1GYuiwOtYfOIRLmGIdBmwXJ27EGwyxMxmaktjPEJ9LyMT5qamxBo6VIbnCpKLSpnl+pa5D2RjuhrfUOpwx7SH+ukJQRAymKvqzKoAABAASURBVPI6L3MK9bKz1IsaGWIfzS1h6JB16uQD1m3o1p4lV0dryFkjiGrts1qj8d3RNlaKYqEIiRkaX1EsXb72tCWALiSr+kDTtWXYaNAn0FB1w+uZce01m6MWFdW9LFemfB/Rd5yZMYELWL8JmKKCIpZ9G+Li5m6pzQaGvcQvlCJDQxMtptpqZaWeBsnEjebZxKpANcjPzM5WgZwvZhYbHO2lwb6qORiiJy5+xeuiJTbzlElx8KEz1oinUtsMy7bT2oYnlASJmm23WeRTQM49j3pmvbYgpMOqLf8PZnMceOCBe+21V7rh4j9cLpfL5XK5XC6Xy3X9qFpOCUCMPnNedHX/Ms9AXW7COyf98lKeLMuLl4esS9yrw+CrXLT0yXxzBClYTIZxOMD+DB8qc1MxbxrWNMXTsc5Jp8w4PY/IA2+/EezA2/gBA8QaZzq4ncvwcDZZOQ/YJMY677gghdpMbeQguLe26JHYx8HHW+/3a4dGrpXZk9GOizO5jSTYmtXVKaVUm7NtidLVhkGl3GJEY89jreqSho1N0bsu3+beB4X32vgxYCq4Yk59jCZRsszRqOVM9KWiCdDahFCtx/qCDp5xTUKNcWHUxJWLQn6Wex4r0CA9JtHWDeUF2JXVsRy7XmjHuEmrRs3KkWZ0THK/ddqtWey3LE+Xp70g6YlWGcoUpQa8N3Qxd4UxGr35mpGjQmxWTe+Ftk8wWkKNStyGvJRoEQg8VlKeKHPWPbKfxJxmQLcUiVLIjeHkq10R4VdXW1+rFmc4Jq3Fmvyu3Bn/Wtk/2Ke6PknTM5LhNZz7so9HwNKggnCmR5B/Y21Ikm3MopnsVMHGSn0BCdFhR9J2DKDN25xrElCuyDewY2UFz2YRJi8FswshzA1Fc7EHdWAqM1I5qJLqOPxqo52tUsXNHCwMEKIKFdtaEpsb+pjJYAZbS5TPtnFSj+rJNtnTMAzrh0uT7+cbw9zqMJK+0f6ABnaNbBr3DHUmhG003ctE8glDIby9iJSwpoAWYFybeXI2gZZ90ozt24wHbptNZNFCj5brbBNrydH2OEt1dSpPZtWrZ3ksa341dmQHFzlJMx9iOM9oqRh7tUVbb10dN9h0FZN5Qh39idyrzXxWzuUMFv4LSPDgt1Cp9nLuMPN312M2z6AtlwOkOKNfr+F72xsxIdplvqBhL6F/upZkdct7/Y5gBbXM2h4kFk1xlFD4TY3N3olWmUBiUh9szYt9WwfbSmYjhRtG69evP/744+d/5YOTTz557dq1fHz22WcPz18X/Xx9ecibl99w+OhJB1zXoflVn52+5YRu/pnH3L35xLPG4QaTrLz8O2gvx/Eul8vlcrlcLpfrRqdY7bkBHaTIWIZuQvRkwQkWYdbKoZ9Ol7cKgBY22fFeW2/8wQvlxjXpTSomWnPhNEWDEerdexqIIliG/rFRRpoq3TAKM09jZkB8eKZaEGe323P3wsHmpQ+QeniPrZJZ01JlRZmtE3ONvaYHDAidC63guC43zPkDw8AK4E0mNAWYV3oQqjuuoqa6FgTWAx0JlTCAjxALGSygOZrOZ/NqI2DajG5Qh6jSgsn+xQxyQbCoAGiho/Jijc5A9ywa0sH1i7Wq0vnlcWFBw0/SpBNIDcOxeoG1WRfs6bI68gFdRgOsBpEVITeaxJ1G8MfJXxfbdrHJS6N20mUF0Mq7+0mv8/h7hLNMp1F+NQadca4Uy3tWrI7kV/iELXsghj4Muzha1gDmzpODkWmVoXMWUFhIccalWvoRG+0UiGcUpstqdyDg/Az5hyaB5oJvkKIiPxfHCr20W6BmaCRCfTU46tmK2e3wdhdtgcZWmQVe9Yi0aOM9ZbANNjU+mg5IwKS+j2M9Qu6AvtGLpRCWvkpNqYgzXlzCAPhmpSRDxynM8jKAXIP1zrMIDNZXEp3MsVatMLCqMT8xA4HLTPQ+Wxc5qxfy88H/QmGKcWuDHA33JdZ1z+zb2uso0M/eDg/r0JMwMqXGUDEstWDQyitjDrNB0j7EOnDaH0ocOHQg4h5816zLVAMzLwp+DUT9GgDIBl01ZkrfMUd/zOaI1rmVOclI59CLFPw/GOGte9v2o2UggfWyMIfhVTatR+tb/SIoDORHlRWzQmzmSsGUE7VC65QTMHrYoTPaFeoeyyTRKZTZsGNNV2X0ylyyfV+xPlk7DJQZ2g1G2611AA8IE4VKrCXOxHIbT0UdUntOC+IYrskYjbnTYxi+PGanY818VllIOHYZA0bMwJ5yPZWYSGQnKO3q3IvC2vvQmzEcqVj8HtKZOyXcEF0IOT5eeumlDHreRt/+9rev/ORoNArXQXuujf/zxsVwPelet03/9oLxTiv0OBBtP+HYyQ3EoAd0flBwuVwul8vlcrlcrhudCEgRucmbe7Prse09/W3qY9X7Xbn17OSGfLK0NF3aGsYr+gYBFE1aWFD01yR9DyzGRZsnJU7YRg5o7i22GOGWQ4QF8jcS4bKh2sG5ZdPNEwIqcOutSaFIAkanwzBM7cadP99ldNsACbhJXfi8jzoa0q0kGV0To3meiRhA1hWGBKaPmMMWMdY51FaHA2gpw+9hsC0SkQJ4gK3CUMzUjlLYUgsdqrIZ6coQil0tsgFoAQEjiS/hTtPX9tlClNH2MdYJ3kKa2c5r3OJ9Oje9WVyxIHflC+Mx93CbRlkjVXUz5OMRbayvh71at33UCBtt1T+dKvXBGUGqoc/jOYG5i+NW6PcUYE0WsNCWaYyT1Ew0hqXtkIuqvKvESdcvTbtlZdBpuenlXRqzCvt6EiasxKYR5NTXhlmybwIiM5K17FJffRtqezQzm2acSgTH2tmP5AaguYyDuphHY20MaN5peh+LnLSBTcyA+aKSLwUoRRYAR3MSIB8txlf/047JzdRyrteCEaemzj3vwKaFJ4/hKddTs6+z9dOApho6CpvAUIA2yBHBjPYdSNslgI6lwlocQJ0ekS1mYeZgHS59dfVnmlct7YL5yJhrAWybzNU6THQwFsnzg8vD+aJnh1ZnSrCEYM73qBH3HAKZERTADHFWppYBRrj6lB5nWvMrheSbYxz8xNpAtrB/KF3KJZE7ZoOZ5ve3vaFzCVKseQ1D2jXSOgqjf7TRn4JVNJTFaN+kCqKR4YxkHHiug64JM6gLJ7ckM1MLfMTXRsEntniBFsFk8TQMN4yDNrgfB/JdwWgow9iaEbhRrNIXLYXZotn5VYPJCpq6hK8E+ITlIkZcPeKSUi0SYlIDDqW2M2wZgBLsMES2OMg6KsklziEk0SeuwmQLGopRbBxKk7nk6i9HeSJyoWX4Tgk8PoUtbgdv+cx0X9+uH9kzXTqWWrwtNnqXZJZ8tJHUzeL3UuLslLpcTg9BgdbOdqQoZYzlWnzUd3aaiI2YqoST5QZI4HjIQx5y/vnnX3755dfw9TvvvPPBBx8cbpQStP3kA5sTz8qXbS1E0i6Xy+VyuVwul8u14yjS8VanDfOHutAsDLcoMMwdJp73y9N+/cXrNl26QahpWKPYoB0pqOuVyQlSpOtOHV0ZllD5z6hVfy7stz3mUo9gEa0tr4IZmXFTT/Qca3YuJ2oPTmezAfJev2lgcsqlJmMYgSAiSRYCLARgsFGHYDPYEzuIZTiCNZNB34CJ0ZySbrfpIVR7bmC6x5ydmoHNcw5tMx1z92VDzvQ/q5uQVrzM9SH+hotvIECzKA/5rW3p3rOuVIGOZU4u190qK26tyTrd8wUEmXmp2rSqh6sPL+imU/n7aKTYdNWKBakcqMN5OtXcU0Rw9EAmixp0HOUgddPJwqhZWFgQkkqHdqhkXPZS24w1clpOhqDkFFusduDl5WU5O7SOMILLMeW2CeO+BZgCtFG0o2WMiXqi+2nWFohKn/syRdyqVDFwfjRdKZNJh55kUZ3FqD/gyDfa0i+mFtmoDTNmQZ9GLQNM1JSoTBmz3NXF3LRNCbIZo5GuE9g6sRvRPzhxr659AGg9Y4Qyo2egdfjSHdjn6VR2VZHnR1ob0P5kzailAbDamUm7MrEbj50aOrM1jZTXy27HqZeU0fQ0yLe6hFGK4Yaatn7j1PYJoAOTdCNJMoYDZB7w8h+me2DAyMixQNs2/BaZUk7DtA0qPB0Tc3o55MQ4twwDrOSPwd4fCqdlhJodXME3EW9TSSoqVGE2DGWWGEPlxDaIJsPZ9ju9zYkTLmKl7ZjNkawEaL5nXh209+twp0/pxZFYYLErM/F6SHWeR2JKTRxMuXHIMw4hVILNPVQ/Mxnj5xXL5Ac0AG2H+SeBx8AuwmKzRVDFItbNhp6rdztYAHQhgK4MuGAeBkM5AIMLcjvMtl4rkMmqXsxxvlLZNNomDGDY6C5rXXTFDwZt88Pj1GKYR+CYijyRwQtf5/kYj8bfCyu4POuKmfIBnVnCsIkX9m7knQz7NwwhRwDeFkutj1M9ypauwY69+IRoZ06ya8Hqfxg2M8O0sY+v/7Fs7733fu1rXxt+i5qP4HjCsRM++a+nKWeftzPPS4Dyoe+YnPJTveJuuXP8yjELwpp/7QfNv2t448/Wl6d+YPKRZ4zvjxiNq8sD4fMXbCzDG+UBnzny7yefPkWDPq5urWSj1iyEr/woy4uP+//GsuSPn9zLu7jkox/Zvvaw0Tart3ohfOZ5C/f3ZA+Xy+VyuVwul8t1HWVTp+PgdsudGvjsBr6o8TlPuy1bt65fv+G8c3/WlLzL6hUCCUdNgUcOAIYBFCBuQiUz76mRogBSkkOqt62l0A2tpK8MXDmbLysOXavACgLta0AEsXCSNW58MQkaN/OlDCaxUB2FJQz378SJwTaOxmf0F+zrDXeyRA+iwDw8jmFwMuPdCFm2yJI6dd6iL+2uf84NPZAJQzrBaIhxARi6w/ABFuIQyLvpQ2xqbDTta23LFo69rnkaEQYpGWmM5oMD9EY8BAipp02e6Ho9Is14YbEdbVY83DcKe2P16snO0K58cjSblYvCoqWoAK8h+JUi5AxzcLDGX1iYehdh4FNKq9QVtvde7cvgdDm0BpDM0B20uWIR7M0cD+SqKlmf9NNOoXaZ9mW505pAN049OMaoMUpsgaUx1W6V2quwNcQFMIV8GPmH2JAEU6Ia7dk10nJtYdoj3WmwJ5FKbvP45Y0axNHWxpK68ZnGwsjTEL3c5DBM1RTP1pRhSDthjoDmHsjWwXMas65gSyStH1fMN41NYxI0z4EbxDZ4I9Z2CaDZg5SFusyJA0OWAju4zUYfs8PW8OZoQ1kdW1B7wsmU+WuYe6+V0oLhP3ioeZZxSgT+XAeFWnOz64wZFTALM7c9DI0KDSX2s3QjxvfYpBfNDAo2OyDVVGUW4RilbCVBY8aVcZpbVnvOosFs06RqAweDbrhOAyTXl2djqj0swLNRO9RtDzbBgdW2GokMA7aGHHE+hCxbqpqcmyAcP9QJGkyTKNYBNwxxSbgqs7Uu5KBtjNpidGxmDSB1pN09BovEiPxyMpc69z9uAtAPAAAQAElEQVRKVnYgmAdiXxLcTq5zquTdSo61FUAIdUqO+dFjqRkqOI+yDTXWVLBC+yHWJMxmu8zKq4zICmG+nFVqidMI+1xUPjs2JpvipAMXTxFOLeFyEKcShqPGBWKvDHt7OMHkcZdnKR83JQl6FkorPJfM9y0ndOSzg/j8kw9svvFypcCv+uxUfr1KBi2v/Nyp/XueYgj7GR+a7rFL/MbLVwwLecknph/4k5E8ecIPetLeb56jF/025FfQ8B/93UQ+kWsiQFneKGsoHzrQai7wd2+XuHx5zfxaff60fgDKssL/eFL/ozcsyp/4LnlSljy/evKal/3z9Crhu8vlcrlcLpfL5XJdQ1X3liqXQpgXzGGHG3WYmzZv2Xzxxb/8+c/Pu/SS9TfbdeeE1FzE/3K+8nA7rgvLbFmob85TZc1gEYmzsMH+zL1mlIaIRT+wzp9OpQw3+9UsHBO5SmrwXM3V5G11GqyAoVQgEa5wN25Yp/SzrGdavquJzNxekQg62ltK7fAVLEZ1wI64JSQk0i5UMXPCN7x1A7YOlUcPe9g6fw18HCkb4CuJn5XrVHjiC0YP85fqiZ71MzQjeam5HuoTVp4azaJnf5GNHo3bVn28rYZd5IDWhfKHDrEeYFYpjsYanRKBPxD0Geh4TIGeTwDo0GRYA3VNscfG4xFYdEm9JdEmrHJbEQxZvry4j6E3UyEmfAt37hAPnaPQ56XI5JOWxK6Fm5mJA8aw4bFU1qZ/TU2qtkw4Q+WnOqARG4KuZphSr1PosyH9UWOJqfCk5zB0/dLzczTCf+y0t4CTnFntiKy0BEs26MjFAiBRsgRVXRcERQNPC6fkp0XLlY0oYER6DsHWdTZ734UdTNsngLZTjVgusDoxFJpwcleAiikVldaZc5oDEvyjykKTXsgaHhM1oFgT9EOY4UIw0Uxftea0VNtyveSLBeRHG/eSpVqww6UOnSDIqQ5eiDRHka0rNG3Xhp8hmT1YCzyB/LBBrkXdMg5z1povmTdar4e2iQMoblgJirES+Yo84dA1mFmd0/pUNu+0rGuqRSoC56LxGrzsKzK1y5xDHupmIfVdmWrhqjC1uX6DDOh/6NbHGRQMK9Zw+ZKGgl6oEUdRtz/xwOqhwd5rdE7HMMTTwp4t/ERnoLA/n26MXdVpVgpIRs2bRGStIyOjqJE8wkSOisu5hwjYK7/HeZaD+dmDffNhh841Oxg2Icx2eK15FCtkpjrbwyz0VsbtLQ+Ko599M7Icajs7oqEtyhkyamu1JLJmYdVirWz28uRc8ay3o3NT071umw7dX88E4bPCc8+6cFvKLoz4lrvEox9pI5s8OPGs/P6vGac+5af5Fi9emn+9QF4+mE+C5sLlgRDeg/dOsoSjEdPx6VN6eX4blr1xa7hgw2w1rjJRmuT6rU8wVi4PhCzLk3RS3/kWaf9b6TKFZctnCbPmR8hPefzKT0+fdEB7/oYiAJpvl235rbrQXS6Xy+VyuVwu101RBnhp3UPcQ6RjVO4v9be+dHl5svTLS9b99Nyf/eIX5y2OFsajdnEBOcAxYyKv/p+l8nKed2WofKwOq9QKGRT8yRAJvVFvGzJCrIQ50ZL5rrggeGSN5cCalizTQPOkp31g07doLa3MLIdmdrkaVGOpbZyCEWTOXGfwb027Ngs15ntjArc5AC2CwhB9mQFlRQrFgpELGzI1cM5mkNtg/Fgf1CQOzR0GdqjTsOtW0oxIIm9AdXhzSMkm7gtUZtZz0B5LfKyklMZpBG/odrVtOx6P4Y0TqtvXqf/qAWzaOB41C2MNidBukIq2e830TtqBUJZpbAEv70s1hUck0QJAN3Cf0/tGax+scGGshvfE+ey6zgp09IOFEbPhFVzfOVWLH5AciQ6Pu76qLXlFKgsL7VjXhXTZQmDQCEzFz0VfRIZTI0elLlE0HiVO1GcJhXPbE7MKkiV60NYfYcBXK3dtymVnjcEmhWQd9nAzgB2EvsL7ONUA28R48BIjHwbz1uMI0mKpR4VR4/jURPg8ahsLFyk1iXcH0vbZhLAyaJandKwonBySrd41OJ6DIdBQ+bCCX9JplrDYpRUTRpI+tgasHCdoQLXKB05gre1ls8L2gwuXHzMLTYosBtp4FK08R1yJiylhdTu9coA8c7BAH730MPRMO4WKKOA0OHHl0uoLrlV4mdEzEB+sgfGjhZa/R1r6OZby44imdUW6jq1RA7L+G5ayYpMbzeRpiGybhnNYAoc+hDpFXpAcKPXCz70sbzqdBqbih6abTkt1TefS1f1ep6tgb3Z9V78WKjjNzH2OQ5UvZ05IYc+CiCtaJ5KoGNTDcAsODENhM9OVDe7c8JBqYrVU+Ib5MpgeogOdlQ2RZ5I73R2tdVm07gSx1j4VUFsyihbiUu0PzFaNoTqcGZBdv7tz5HQZJNmzaAia3xiOB4K28A18jhw+Obw9tmEUzfEe0WSAtQye0EDqBNlK5YfiKd6KT2HvRpL3LOW9ZrK0HG5yEgj7q22/Z56fr0yZBSLzwTapHU84dvL8j032XDuLs3jVZ6dvOcHqkI+5u34hPXK/5qMn9d8/r9xmbfjuuUqHt/lEZknLu+Tf1SV+yFoJFt95xewtArLlSbl25jeKLPvIv58c+fez98oy1yyG5x3cyvMrn73V8zdcLpfL5XK5XC7X9aJSGawG8epNaFme6N2QUGYFiH2/eeum//nJz3768/M3rL9UbrF33XnVTqsEY2qXNUXLxe6ihVaoNZVerYIObJqYodAzyZIaS/QMwcx7sIt2NMPqLXC2xlI0iils6TslmU0cMi2Jd/OMKAezLUdCR+Er7PoWLB6zdoiL1QicLdGUt/4kA2YGbNWVpovuq7UxGpEHQY1haMFVSBbpgwaUxNqarZBUJJqVW5ampDIYrTIrc4IFspoM1RRJfB/NsWjUxMg4QYXmV3Q6Vx77V3aOSJEG0EMwUzbsz4KSQ+y1Y6Rw5B60QxFDGo0WVyzK+5ajzesGDFQeuGbFSjUCFpQc0F2rlS0bBf4emJtslExRkGx9m9BxUgFV0H3Rd+SzDV3sCMzA3G30IMSGZDiv4SBGpIdinrLcZY2B7np508qVizut0eZ/DHttjA7ravUpdNg7SOFo6gFnk0slzOihFvlHPRv7np0MNdJ5YaSMSAmWOd8tsFZ31UhWYjqZoNuknu8dfJU4I5s2aUUE6QKx2sw1EaEFA6ernwsMuHz6OONo+oJqt+cJ32pxoJUPEcAeLLlBz/6+OIC+8YsTCpA5kzmYMPSFeUG8wgfGxzgLPd/6ksPMKR2YqqBAOcnZktvICI6+MHRGSzKEoJkRHIG25cJMiMiLtrBWxlwfjmI2QSAH+2ymQgwebbnO0Lku1YQIOHZplI5q9pX1aWX0jT1DbuC4ZVUM6TQBSRRoiRhtPMaFYUMWPnxmAK9DH2y9o+F6SLye2Y2xTXYF42JsWIQjaS2I0JZVkuGfk3EyBggbCGWH6KCKDqbmS2fkRcKXQ285yOC5NhEHl31iXQgjNoMmbPdUtzACeXItWyb+sc5okSPZxzqxRYF6NShH7izGFYUwkUHZ0op0X9BGLFvY14aDGmCkAUER7NsmrTDXmzkj9t0YzSgea5wLCljM3UbGEQufrKbSo57DYIFGRS4ND3WPcocHA/Q6g4lRKjM6X9u7psGGXxgg3pvFG5M9CrkzCgNoCVnrbnKMymRawo6nsy4sV5cNfWXBiZxpghYY/a+n9UJ7GX8x5E0L6r337dIJP+j33SOFK+VvUGpJPmzExIy7vHJpiIG+Ol22tZy/oex9i23X8Gfry+VLlgS9zZ/kmScdsIJJ0I9467JjaJfL5XK5XC6Xy3VdpUkIjRCK3Ogdagp5pAGdOU8mv7xsyyWXrD///IvXXXrR8vKWhXHaZeWqtTuvWKlBwXHUqn+vV+iLu2DczRZMrWZvI7WxNoLbGtqzYgUOlksA16nxmsIwBCPNsIkVOl5hqItIqwyV7hh61C5fNj1b/2ZIl6mo+CgCHDOjApRY3CVdZZndxCwoNcdYO8vFTBArWKaB+5fomW2i6CEDcar2NZANtYXBMGvtpgJ7YgFOl2pgpNcRk54JNElY6MEjaQhDdig3yiaMw0RbuGShMcrh6a+co89Y89xNlkmTmtFowSbnsx/YaGFxYXl5edp1yCLugUY0+HhhsQFH1qXmYAeDR8PgF9kO8jeE6Tbo36hhzoKv2tRN+2kHVC18dcGmrffAN0HN2qnLnU6al83u8C4lLcoh1bUtoLvEZtxIoWLFyoUViyM46o3OqycvKvBV19Z4VGoMQo9+gupaVI8iETBnsjc82nR5NvA4oySCRmzJdlTQE0f+KptSWq2itPARshzAOkduSPNT9cXT+B2EU+dqYQ41GsXCTuAgtCPCeAK6n0WkzwsLY+RMxx7JJ61WZtKGpWnYkbRdAugVq1dPNm/KLKVEc/VzqkNhYAFPd9bC6tQHNvCM0ayrlSzjiuqjBdHodVhjgCN8pzWRN1uVolj6iw2daDBqUxsiZ1ygxWayfAz9Y18xqI2MAWHtrLzZojhy0cNscwTSCLnlWH2Lq9AnRqyG6etRc6nZM+CjFvpQF4iQZlJhHaK1qMiEGsYM0dqLoAqE8de8/WK+Wvljj1ESALq3WQkGb60khXkmPfIldAcqPUeGczBUjPXBgcGgyQ2ueU0E05ZEbdWAqACZse7Wso8wNtRwJoZF1665QMVVdXi0+oLapqONGsGmWrDe2IfaURHnRqZ5uk6XsKgNQ/v4kMCGiBywzNwdQm0saBFRPH6W/8PK5XwhIIaa1t1oUZeIP1k5kV+Strfs/Bxmv9i5y+BrlMr4RWnjYLZgkm6qXW21iNf1W5e7LVuWwo4nobrfPTdv3Bp2WnEt3iXsWN41kF8C4iHy4vB7Ne8+sfv2T/KV8zfmJX/6nzcuEkN/85w8T4cFXv/jSf2wVnQ6k2jP6zZr45rFODijryyh6t94+QIx9JBM7XK5XC6Xy+VyuVy/iRjGCWQ4nebp8tLWLZu2bNq0NJlsvmzLxg2Xb7xsU0r9rjut2mnl4s6rVq1ZbFcujAQXjket+vumDEEoqQKREKuTCt3qahMpS7cITap5nriTtlhRS522G3l6tUo1Z4d6f17bMBXLPo1p6CkV7Z6cN+GM6q2+Q1OFM2GWpmHQkWkYUZNdcw97bbHc0jjYz8iI6GhLQBaYVz1DGxVRwhVeaiSpxZvQhV2bFFZGVX9Y30GY1uIQpm2Hp0LgwtngDOKQZ3TXNmgkpXApWGqqZpN0jZDQtlWb26gdDNXtqFE7sABj0Hydxp7SuG3aMZ5j90BQ2lB3NFlqBloNUxYX9HgyP7og6xb5E30j54ImYUemf5Se5YDCgz7tm67TNoOKKjqlOTG1SthkU3S+vfokx6Mk+Fk9+ApnFbnlLtd4gTbQZcpwjRI79Z9j42GSJswhh++RQ60p0RF8txYoELRbw1Jtlrsc9aGv9QAAEABJREFUUm3QGNukBnbwFrAnWjYZcotjAOO2pQu0aLo4R/BiZMVCH4JMaxlGXxdhqsfZJBcMMrhrFoI5RHVlujQOO5K2SwB9m9vf4ZwffL9YCHCwASrgASBktsRmXK94iyJUULwYmIhRkLMcLa3dYn7kLC5oxZqypQ/xOg5KlQO8qyEMg6JmJifwRw4QFVbmwCsXIxFHNEBjQs8e/eECk56taGbt5UKdr8D1ZF9PK67B22r1Nhif1XRsyFRANEEordgh1XFZp1XohAHC0djo0baOeX1vofUWa8HZDVJt1BEh9IabuTCEhGCaR+1jyv3LaIs+0DENQ7Ay317BdXXyRisGILlH+43WGQqFkdaM2Sl2ANUbXthwNaApLi5am4/CxGZ1lqP3Kuuj3IrIyGpOkCGo1fh3+UR9fwP0nflVJ1tmX1b4VsR8mawsndXUioqjfROagRynzXCilIqTwdyHNqYxDqVCrH/ikajfevyqipzuYWEfWgkI9UuGL421L64dBWsbnGv9F8vqDUnnaWfBQjqaT6YT+cKZdpPJdPN0unnzjgign/mgVlAv2wAGhC8//t3L7/zjq/AUi97/te6Wu8RD909ChAOCMkh+n/Gh6Sk/zXvsYm8RzvvKT5dTNqo3+coLGdoeMmZ6aFS484ogC+cySYqHtZIH4arM1EzzOPYr3SP3s7c84diJoPCP/+n4Sf9nIkCcb//+ecrH5TXB5XK5XC6Xy+VyuX5TyT0kWwoJpdiyeWn9ho2XrLv0l+t+2U0n4xRWLYx+Z5fxTjvtsnpxxcLCeGEkLLCMWvWAjkZNRFaBOaXMT4y7XSV01QlXwTGMgAgxmN0DwWzLNN+ed9u8RzZPaY2gLHPkmeihTvTOBpoZXFlTqKvlmUDc3F6xGGkmaVWDH5aYaVOrKdiYN08CgXZcHcy2cZZRapzDaEeY89xxf5ZcndwksX2l50YggGRhnqz2s8LPA52IuNMvNUik2qzhd1bXoEFtJERoXKtsS1Z61GSD+EiDFjwtPGoU1NNoAJa4X915gqHlLYIhGI4Sbc+FVF29tpcBqWKNAmn1oBi4HanFr6mz/eUl2EYYCwGaNEJVdkQD6Is2gAqV+w4A2qCctuDLpS1qBJZFCwgO7SgR4nFvR4bGgtr06vPExiv3kQ0f638w8b5nk0HUUaxzVgEeahH6DPsiwVd12cN4ansS7cQq2WqIZ5iwUSMOjFzJpjW6z0dKtAIrDwRtCOrm4WpqwQV55XYa6cXQytWCYgBbQjKuhId29c1uGXYkbZcA+uCHP+KcM07nSFYdyVZTCjVghix4CL7o2aaNYRil5ywLiwRiUj6CG1o5j+2qmyXdKEdkwj14qIxhNrbFgcUSdCcrZenF0SNCuOGFgM6xOr9AcHBviDEgtJ3TU9iBzt4rI0LHCSlKHbvMFH/z3tpUjzQb96zAqKMOJlDYatk0j8D6DJc8JF3MdkXW4CUabNU8i5RoGwgjqW7PawgDVoXRrN4Vjugs4aibPMlAp97kYrNUgM17epZ7bEIOFoBkoyo910hw54jAwiChcxrs3PblRec3hs+clBkX0nwckmz4lokl1Q3Nk0ADebhAgngg4IZl2cbalpbaUtBKYnFWLo1amYBJnHUNVkOx43n4gp2KBaVdm1KTrJ0lTkoc6mijUoMqWbFRXgNFMhKdbIzmB+dSvyR0FEx6bPT/pxknH/sOCmvWsVyrBvKnsKzoWSD0ZHkyXerzZPkmmAH9ayUM9yvHLAgRXvnsrXxmPtFim3joIaxjpxXhw88YC6pmAPRj7t4c/UgF2QKXZYGMbP7uufkqHcfy1/n3MhyDRumD907y5IlnZfmU7/3VwqHvmHCtri4qOiDNQ34+4q3L26zhPx013maj3P7scrlcLpfL5XK5ros2XXbp5k2Xbbhs47p1l23atHl5aSokY3E8XrtqcZed5N+KnVaPxu24Cdo0sFV7a9doB7agabaxZnyWiCBTw4tyf0rT7RDSWWFtD1Rd77aZNwkX2bSbslcW8V2P+/cULDPa0ittFrC5hmmYK2ZpVUZLw7HyTnj1mMTRxJY4oRguaAgdMtZWaW3fV9thJkNPlfXAStfPDIi48ycAB3UkzsHHhj6gvVe2PA/dJewlhvnYQ8JIDdSwzyHOGpZsNNuofQiyW6q/MGryBtRAyo4JPUKZhZoUcCEwhIV2LIQng3jIzum0g1fWGoIQiL5PnMof5Pkl4dHqjVY4Ha2fYaVPdP+C6TbMwRVeJjRVeRlyOOS0GMuJwNVXjpzkc0jd21GrC5uGpo8jWVBXMk3mObO/mppEp0hOJgYGnVJkr+w7aWfE8VjOkU5TmruhnaFaltsRoEooli3d18oH3X3MVAUgxi5Os11PHs1g51kVARbphv5DnIWNzghASjUAk+VxNIKRx63sScZ2y1NwhabEefcA2xH2aaBrQYJ4nx6sNtUCA9rL0TGv0b/7HfCAsCMpDub+7Uv3v/tdE/N0a/xuz4uPdLM33+hQiupxLmMEYDUMhnhUM1LiCaiotkGWEEfCwI5xnC5iEzCCDW1YZrLmqUaB4+ANxpCGqCO4rIl9MYqMRyOOjw2GPqbGIJQnhNqLDxWeXPFyoLcX0BlVHDiWow76DUOPaqu6wHki7O3JXRG0R+poSHWQ/9f0nRxsqBryrBu1HaPT34x0MzaE9m0j/VxKdQLLNaZfNLKBykBLss6z+N7AxVswdM1lSgxdR7E5hOhlNpUjMcYd+4N1gsBmt7jkg1UH8S3Rd5gIw3alPefHBMab1KokMi4Eyo8aTsxAbIjsQe2qypxrWJHHC2P6l2uexqyqmc3pzLJWY987tYKJ480c7GJFAOzV+qWJZbKqmjAG9fzqsjaMxRarX1wdi4QY9ehhZxUa8fxWa+V2yzksoy+/KRG1Me31+5UEup/I8D7pJlN5yWSC4uc/fP4rwXV9iJHQNCC7XC6Xy+VyuVwu101Ajzrw3tOJcpLUTMdNXDka7bQ43nnVwuK4XbE4XlwUgNEiX1MpHnx5whwbDRQYj0oyl7KAZaFyGgYJb682rlK+0gBrJmvNBvSAhoR0yJUwGKQVg04bwA4asEAhAz2rnG098Dv6o8l0UqzkBvOV2fGth/3W7unlXhx+VlpxAYEsNNlCqM1yDTMvbLYkkz0SSiMmJds0aAMS1giKm0TsKsvpBK8yp8OYQrE5zgDeiQ0Ng8WCwLFrMcFKlktXAUhF3aGYl7nPI+zEAJIjvwZAA7rp1FWsIKAH/mIOiFohA5vgNa1QVDXSaeZGaUcLEcxXjZn9VJiBepLll+lUPmGsx1nxreVfYFVkubpigNp0AsJB3XDmOdgaXHcwVuNIddxjymcxoV9OCmEW+onIImGugJropjaju1cUDjSH/SK7kX5BMKGW/clwak1rZoDiY1JdWaG+ghTuXUSymG1ePoTwpqhVmdP+QzYnuNrAlctzJdhkC1ZBnmzCpfogKznBlHRlQWZuBoPjBuJAtLpiFutt8SPw/ifsHoXULSJ0ZfcS+XHH0o4p23vZ1unLPvi5sB1q//33D7+Rts8mhCHc5g57/eLH59SrmNWQ2RyKYDnPwzVcrMYQKphFP7fqkLWI52xufxpcbbJCrMm+0XBxSLPzOw7mV5sSguzz2v0SwR86J8GINgdTouI4RG4w+CEka5AZwjAs2pSVREOwWvsRohTZc0+/CawYxvWrfu9oV2+PzZWrckggihqX05VZOct2EBrxwZ0brKdsqVNbhlCjUofSYEnEipd74P7WcikATlGHzMaKe9JX7qYYZ/EUif0VCwd9i2+q+5l9aWvGP0eNCsBLtWZb+jGP45DMlK3FH0sBbWptS4dWA6x6gfQnQ/8NdwLt0aWuZP1OMV+0kmWMrTYbqAZPhyFhY5hnUUE8o7rNVK2fZlkjxWYW4RzMTLyaFYEyOxUUA/3cJn6Xyu6U7xcdxLWoXKbyXSG0GRNaNPhfebR+K+kg3+vRGeqnruuon68vZ1+Y3/MUp88ul8vlcrlcLpfrpqNuacu4HS0ujFavGK9cMV69MF61OJJ/yvhawofEFlBm0cPNeyAxgJnTum2Vnv2xgpnLwgBhc7WlmU1XMzXhh2MzK9xVaywDzIIanNmwfZTAYOGYiQ5ojbYAVm5KA6tbTzduyoajM5sWKgbpYxi8b7VXWDDHdDZgY4wkRsvJRFaHOWVpc2M0h3EW5nwYxJlNlS42N13fmY2K1PwObCuxB4zUnE9NLMTMj4FV1AnrZoyDOxuAZWRN9Cx6NFYwxSOQKwmua1QDJrCEnNXy3KdMW2XTJikbyIKmk0meZu1EiGZcjOpmdEQpTFaGWR1cjRhK3XhMBUFHya4rFrGiDss2WyVA3tToEZz59ApyK9CXstq+kbWi28fgWsRoMAylOpMTp6pHGjFZS6Djm9B5MOmpO1st2MwB182JxGi6no2akcHestZOUssPskpAYT50j3nkNHEiINtmvYN3IV8bIc40MVuQOVpZMtKAR96CE7DexWARTPBag0kjBBLgUqKvFFeBsG9NFenjrjtW/kbYfgH0n73k6GOec1QdN8wEHZjBU429uVRsWlNseGKGIZG+VOss2t9ZinMsTGuocLleTqHmUtjrh1LHAKBnaUAxmh86o+McUTXdwVbZikzcN3Sb84zwsi/dkCzD8YyFIBiMeZZHGnuDoVItujEYhLFDMMhmK+zxG0GnTmhhMMzFKoVg7lpmrTORuNT8Jf558E/j0g3m8NX5M8T+hevDBI3CkR2R0EgsGVTnmARmNCWkW2fLO2JQdV0nbIHtb366WsIzRzEkwEfDttpJtg62hqFzsfQMlLrgo67B38T8GM1JiFGbTR1IdyXlyfZ7sUGQ264wtw1hoM7hCp0P7VlWDqLFfMRhJVG/TPZYv1uxuZxiw8xx86TnWdZKRLRznZvRTdGUtmj32MlUv2E0QamfKIRWD7SGc2jxEgVLpfAIwrdJAK7rpFd9dvqWE7qjH9l65IXL5XK5XC6Xy+W6Kek2N99p9crRyoXRyrYdj8dobUfuqcGAALoI3AxGYDG9O5qVCvZkpI326M/WhGE+cqgJomY0TkaEtYdUrkglknFyOYUJHQPtxcRvy78sFk7B4E67cSYfUABg0cIx05PWkygDjSjA1h5zdep/NEQbrblfNG+3rhDu6C25lSQg2d1+qLAmhJp4OnAmpC7AKUw3nv5VWUdUgy4JkK5VtFyLWLHJQBropaMTz+ZqY7mjURzRbgy4U9iHcEafwpBBOkByeZSHTGqFyNzNckDb0Xi0MB5b7EgX6ic2iOyuGaGVbKCFVqmWyDK4LfXodeg3GBqSK1nDjqEZ4CAaAMKoa5QEGnQ/ZBtDDdfAnPte00c1RDpFbB14VLQo1BYRsslM6qwygI+36iHWP/WJrnQiq6K5MIFeP4SJoxsg0rE1sBkHVPc8wE9DvzxdzcHiCwqyVRJyny1IgAm75Hg8LMngW+ES1HFT9joAABAASURBVOysvR8Td07E22MTw4ziBQYYaB9IMzsydaWWDlAIedQfPz3sYNpeAfRBD3jg2lvscckvfiFnU49kmkzzKPlyDpXmZRbbWOOK7F4ZzNbLApgSZkxLiKiZVDSba16w/Lm3IAarilX7ciqpmqTlDznOOWNpgw36jlHTVnNykMvVhmT0zAu1X2CukRs2nyIMkzwi0jyCdY7VFU+8EjgPovLcIBySy9VZAE0qVgqLTWFWhW5Qn6cW485JJQWbEIOUfXLpcOHo2Jt7jmexZh/RKowvjSFYGRVJThVJIZY5VzXeCnu4jhAMSkbJrnYh4FWqQ4NZhRm4w1GGWUyYBNEghqkMo0CFwgDfWqvK2UCxDipGhqXMxHkwA33HJApDh0PciX2SdlbUkqgG6esolWg6NmBdEzg4kwafFDilIgxBTkj+HlJZEGhvyLlLPDUzo4yGrwUMkYWfJcMvBscrFCGw6xNH5wyXea+BzoKaYX2eooWlOqD7SddhohPCkFik0OFTisJRDk5nx9F1nfTaw0bMZXa5XC6Xy+VyuVyum5L23H3XcaP+0HFbY2yZcYC4DSSDpuXSZbbRQlM7ZSdguIVIOjXqmy16+58YVNAkvU3tgRxisAAD8DmySPpAE8OSiTxhwqPxWNhEqvzFAgvAj8EQghmcKxzPCFvomeOc2NPQiId+lsJWs+T1jE2wV8ERhvWQG3XhxK2a/tgxb4pEXzN681Yb/QBz103UXhjBRbgCOQ+xvxbGoc33qlMN87ZhH89EtIl0NloTPDsGiIsGwS2DKY1zteWFOgdaEM9EAyFHEOy0zYBTNCq7GKKPNiubXfxiQ3rbarfBkEl+bcY7bMba9Y+2xb7L5s2uO17NxVivHnbGoLm1TUbSN2JqSWkx7V7FaentDMGCvOl5oauXJ5hAP53mKY6C0HD6KafdtID4B+2FlkajBc5Q7/speYhs0KgZFRDmgFSNGoii+wv9tUawJVusK96iybeKblqQqE55NR3VqDDoAeR5GPvS2kx8hhd0wbiWdurS01mN0nrK0KMJXpeYNIAzSRgSgCqWjpTahjULmN8FmmspJ9djqus6GqsDHQ3MLo0r97/XAWEH0/YKoEV/8853P/Xxj7XLlE/lbBkc0TJ9rOclwWe0NnRabzF0q9M35LKWCwWe/EDjc0ISA5J7MYDFuaZ/c/nxhmatm2ZKNUxBl52NdusYlPrBil+0CEbzryJg1GAscojLYuAzvdU6VaJpOwvFN2Yqo0gHEFmsamK2bBmVsKSkAxyrPMbjq9070DrM59FcVYOOkCmPLxrZTI0p7tHvlIO2Jg31WjOEUxfZQ3GgwdEiki3shgeBocaYmROsdhbqzjeTsTUbtBAgHrcexcpYGLZhO0TBdqyZFdxMvpbfIxzu8Zoe+c6YG4IxVKFtg51LS7J9v2GEYq+DJiIKXgpSbaujCCa29PRuh2AHcZYcYtx5UK1KYuX5iFUFjrVI0s9TSxSysJA45K1rcdY2psirrLrLb0TuydxbqpJuLEI3tNJY96NmcRRGYWv4Bs9ye1e2HabxJx7B4XK5XC6Xy+VyuVyuq5HCDkF+bepgi0KjtaT+PkTrIuYAhETJmt5RIx1iqmblMIASs8rBJaY5yh1wiGGIog3cmO0pd7XVQqyLViCQzMCHd3fMyWzAYWgiLNWrCnShiGUaAaCzcuemzMiMhWAGw38ME0X3PJroYrVg0+yXCZGJkQN9s+pL1HtwdMjShARO7zbnWSFDZmxrgSPQ4joz0ovJm1ILtKl0WLY6df2kiXOTvckWikVqBHPItdWHh/nb0Sbqy8um0wn7RUWLv2jqypgvmtY9MwTTmUhWo8HFCjuktoAo7hYT6qNwXfr9ZMfo4VLAnEOdlh+0o54Bm0SWA6akqKRUN3vO5Efs4qVAWYgXkjr08LBXInI2Ru0Y2KcTVDXR3Gc1PqvxLy6AVvXc8wujkfXBAqLFuaOQOOm6B07frzZ0/cfsbB5q3QfsB5isp6Cg7ZSMBBVmvDS69uBzRNCITKCtm2nTMOArh7d+k8gsGeu0dd1zUZhhYrA4SLf8H3yb1XFKuyd6y2nHsYhWc+bWBtQr2aaml2jmbaV8JT/lhX8RdjxtxwD6Lnvv8+DfO/QrJ/xbGWJ4U+TBD2abDTYXINQ0hxqvXIV0lqD02ay4AKStufDZUw8jh5nvOULCQgsLPbAnlz4DlzYucVIJhgNcNbo0yytmtZApEA3TdjAiWotBZGrgNTDJMh6kJopgaO81ytnAKLcKpZ5sIRLWVxM43laLwRQyIFg4TjHzdSg1j4ljdAhDlk2NRspspKiXbwzDzBnWLUuy/HubRGJxTzHECqDjbMIGB6nInJCA92DeQiwV+aLalJjgDZwfq2UdOxWlIylhogzY4+qFRRqebeY5K2JGUVQ3rMuJX5TFJm5Y/j8PLJ9KdlCLHdR6ZkSbW2HJIbHUYl6w4Z1UPNiMoWhHLVi+lRm1i5mmYzT4XDOniu1cXV7fxzrBBMOhRmr0rLVmrRNKxRMNB7AmnU3AydUuzt6atQJLm7aueWmSR0a4XC6Xy+VyuVwul+uqhZnImrTJsFDG4RbMLzcfV1swazpYpCmoMBoZJRJRS/zNtC+XPHNBWfZmsPnC6oFl2AF9aOQTdOAiFDRaDkJlOcj+yDNizfcA7zJytFTbnDoJS+0apQiF3QXDMJHZPMr6bLIGcOaqs5DQUIk5PXY0m9mWlBreXB3CNd51CF8m841cewRcBH6owYhQwhxWwGrMT1YG2QFTpr2Pt/aTrMZnzjVvR9okkH/irPpS41sRQVKKBdIGxDqr2U5dxkx3tg6BWMukUHU65V5SP7M8auBnJv9G5LF6t+thtPBvTEGnbRuWQ5uDLSvTEcJrDgdM7epo7vDXFrPXNSl0yrMiVsTD/NIIV6BsGbk5vOK65eYsTMncpeqbp1MzIjO8IWnnvtSdZq7BCHIdaHBm7YEIrgkW4WIFgMYclDxGFcsYOlN6oySwqW5UXYcGB9c8hwiQTbXrYKi8jfuaNRfdKNvnOLFbhpxoTy940tuwx533vP1eYcfTdgygRX/z9nce+ojTLzrv54klDKZjgLUSogYLhbe+gKn2FjQ7bQ35ZcQF6TOu0EADsv6qP0riTA5DmADQIdflVIOxgUdeHYGtPAPTJziQNLVzK66OhAEKYyzbZVZ7NfgrBtWCJqJaQsJy9LP7WMMlgnm7Mfijtyzah+qJne0qkuu8Xpgw4NpkD02hiOwFy4stMQhJB1AMkayrcU5MGgzByrgD5xVYqScMyUUWDMQI9mSrxck0oU4mKTZNA18b+GbSQ1IIZ1kDLNFGGY7+rCZgog4S5vtqf2bbPanYAUBHzN2RoSX2RcqHSE3Rz4h5ann6w17X1gXqf9e5IPZ1hNkgQ64015rnDLsgWh21D2TIGFoJ3KsrnpVBLTXYfA0zMitlN3d7HeBqZkiuPSd5mGhc1g/oNa+j79hsl79qm9hO8TSgvo778p2W7DwIlhUSGF4F2zhqFU016rtcLpfL5XK5XC6Xy3UlxQFAk2uQpjRsVMSYgxz7aFN0cZ/OKcYN/J4A0EgHRfelMqN8gX41oMtevbWkJtHQpQHYzE56CDhuG2u5FeE7Y8B0nw3pBEOHASHCQgT0XjohWwGxILkMCChbAATukfu5Odbcvjijzba2A6Ips15Phnh4w89X0qhLP1oO9UOGdcMj2R99gwWBiDeNGdGGcNNSTeXmhAZPB0dGl0Xupsy4ZO0DRc+i7OqRtshTJ2IHUzaFXdiTzBg6T1HQ82hh3KoX2Fy65qBD9652oW0m5ipEL0ROk2eudzYqhP6SNXQUMKNndDRAsDnWQ+5QskjwjeO4ksNwnxmkJxcZArO1/WCJoLsR8I08m0Gow6z6UdsQIpFAG+tKlYazVIAgGIPBhrY0YLzw03NpFdlHAuUSKzzDqQ7bX0ahwhpOBmN4anxuYL6u0BCkpRnSdhFrYr+EXKFgqMEA3G8NU35ztmAUYkjsIHn3RcvjF77gz8MOqe0bQIv+7YtfedAB99p6+cYyhMqTf9KdrCelnkkdLoPGut3hVeoC7ixBgeUsFgCTDUKJcRGJMTMFeLqpvmAO1IHBDrjg+yGnwdLIi0X1awkI1Rv5xzEAn4j2efQUp5qjj3kushCOwtkKd7G3EzehY16PSygFy6awIIvh24LRDcEubx1y0zCxJcahjoe8kYRhs1fOqdUrlL/UQcxvFcu4KTaZI5VaKgzzk1zYOiDYHkxA+HXkUF82uscGC4ZgCoeFjiR81wkJTpqRjJVOtuJMdOr1K4VNETvunp7dJpFgT7cvyl/IfcbzupuyZSBFFKeK9kttE5aB1KVI4k+Ez6+3gvKYzk0pdJFH234kasCC3vcNEo160vAcBkxdQ661YFCT6w24A1bX8S/YsBx7Rfk6WCMSS/71OO5NGiHSubMWA4WcumdIv8ZaYQdrbvVkyrohxvhg02lod8c6y1uSNl8oweVyuVwul8vlcrlcrqtUbIK2e2oycoFxn96TlkRGSU6CJgT3XY+7VzSJUxfdyPy+hguAQoT3GUCsSy9IHu6D0RV9Bfo49cESMoA/YKerM60tbIFU2tKEo8FsTUqQxU11krBOf7aADMRp6vqR/eGzGkxGB2GMBMcRMBp9vRLu7Wt8ZanN4ThtOc7YrjXWIjcw0zHMgr3Z5+x5AEdamInt6TMjoCH6YAInlhWsAaLx537aN7DljeDy1diNjuGaWfuJqfTI5N7iPWOp+a3ks6Rb6iZumEo8XrHQLozY0EzhQK8gJSHeQsOsgxDq8bSbhNiG3DMgQr3HCkczfXiIEBl8dIXNqeKstJBRkdBMCyRvJJu9rhun/uWIHoxmbFdgm/QkAG9iugeM67qHZblTJeroXsZGf7E0tLEjsbrXrJVckzeYmps4RR+nX5S9E2oQim7stBccJOeonDWTyRToDPRMs1EGwK3ZAfiIXgig/ixZAzf0vEjAR61Fe7NmgfCOZCxe9lpNBWDSSzAjddaI6gCG1vK8yCCNDV3qcCLKEblgU/fit/192FG13QNo0ddOPuXBB/zu0qaNtL7DmM/pGkSlyaJ/NPlXz6ohPiOUWtPQcdeKZ6CoSGfWMH1kQzOZw5y9BI6sumScevgVbU/jMF0jA3bKmacnd8sBwozBwXpiyscoRO3BVrW4hxQcu24Ta3J8C7t/WpxPYVu7Yt5nlFv4AvXgDqnzLEsi3LiS9MT8eDPGMqW6MPUn6xWabcm4IPUDS6jB/wC6On8hJ6DeMrTgg3u3r3UgPNNzCggpeB2lIt25JNF5sKLLUCfjKyteGlw87Uv9POwK7Ms+18YDPeuoMij0csR6Jq7kMBdGHYdAoJk9mYOLtu+Tb1NNtWo0Pj8rCO47jRxqUJXrluUwjqIWclPmAiPD6HVvJ7Q55Tis4zvHL9nWVr+8AvoF9rFLoX4T2TcTQDdyVMz4TBQVcE6mAAAQAElEQVRtHF8bHQSkPxf0j+T0JMSMaEZSb8krJNraklE/VTafcFx7b7YjFl3011hn3TQ6vgLBu1wul8vlcrlcLpfLdRVCbAAaUDHxEimbNSCDbuM+mAuNHbWYCa3grRPiNjNc1djSGJmKnKy3W89p1qQoeXCbVYqKXMyGvZ9AKniLT6ddZLc3NABUp5YxYbrcmKypbKKQlSLKt5/mXpktQE6uCNV8uJhVjhBPXW9yAzyINPYZaOYEZSOMZuVTepI7mgiDYZ1k85sD8qBpVKxwmTxCVptJJZz7bDwTU/eZpqnGZ+xuBFdoQjM772kyxUiNuEPqZlOndVumLCCJshfsDnVPxzSG5Vcp/aTTYNlJHqbN018I65yi29ForLCjj4K7MTU/AJNiSr0RpSHpNlTrYSpM97ap6uqeRhoy9gc6O1oOa0EuSD9M3QeWbdXVbO0lEcytdESdhQqzGD8w/FmjaHt4JYu55nVPKtRrQpPZnAzlg6zcGPUDzmWH50+xSdM2NOZbnDWRPTZH9jNWTM7tKfMLNAlkjIhWepvp3gbN6VHjaNDoMcBM3dDUGiyLdQh+iZZoQOJHaq9XgWy3nLxkkhdsyS9+20fCDqybAoAWffXk7z7uEQ/75fk/4yyIzAxehaoWkcyJAG0yq2gYbMzAwhFWW32o0LlmcaByk1BjYba+8Wk9ISPN9XU6hrnzbUpAsDwQ/EVHAMb9BItgsAkpsLVaZ1m+tGYM5WKmbAQi1/kS2C4r2gREBuPML4zhCXaphlmgh01FiDVDo9QUjMKpBgVFM3qFm0BXs8HiUjt1ziYacBU5BWGbvV+qFTxandAGwRAbmy5joy24sDF00mc1Jvd9Y1d5YPdEC2RC5oilmjD/GGU+G66zhQJlNfomfg8inApfm8FylkCfA4I6MEVH1wTpRtrTtWexsG2TzX/R+PwG5nOrxKJ4gQOSdATR6kPTYooSK4GZw0o0UN0TRKN+q282v3Yu0x45TfplWWZDFI5yzsPw3k0n01QbJw7YHtUSHWkDKmhyYlogtfL4LifrAluYE84vam01W5I7oF0ul8vlcrlcLpfLdTUig9Vbb4ULJKTIUM7GegNb7dkE6Io/q4HXljKEFQxZlMUsszb9muYzph3UZ7hIMhY2VSpDZGUhjAbORfMn4Y/TaUcUYZEa0fIwOJ84RmsoJzfeU/Vr52bWr69U85vRgWpWS0NoZQ0PqXEVfNIyRm3Gs83qJqhINaVjyNWsGINbTsMs+hPqUwz2NCwE0t/3nU15b4Q1FEZuZGSKaIDzeIz52Zjezk8AAiUuYVyrVgdoTDdbJNi3Bnfk2EWiJNvzaqBWExuSlaOlbsMclwKfYw6sFCTMBYjZ9KFGi6CuoD22tCSBlIk4hICYBxv7y04gQ0+Z5muEOwfY/uxXZFQ0MPY1RtIGdltXjdPCY43CVT94sJTwprGADlgWw+D2TG1DrizHv4EVOTBZl25ILRhETSwBywGIS4hJCYL6x6OGKc8BwS/F8H7PbcJM+ghraqrArjQ1CDfUU1oge6pxNbrClSkh9zxcsDR+4VuODTu2biIAWvS5L3755S96wVdP+P/ZRcUEBU0DQkIwfgNNnkOyygmLwdtSZrnPydJyeLXGGtjDE7fU6liwUF8jtrEMVbMwC53oc6njp02OqFE2PaJ9uBIsZPGjSjCHbLSeeTbWsaFhrH0PiyWA0IidagJ6sQqddRG0F+qKhDwYb3WwKpbeE+z7wmBryGXO9RyMpcdh+YZGbaycMe5og7kZtK1ayKQPutFli+3FlS+jxaKOYSPGYgQbrHPt8hcByek4ZnrH8I1GU7qsHLKRzU4dja/XQdAm8SDAOTI2PuCpvujwx9JcqF8EaO4Ld3GpFa+kZJ5H3o4kdzi7lzIVJMYuWOBJsZgq7BkZwEji5ecUvVlpOA+FsddD4wM7W1D/mzZa08O3MMp6jFfhpCR9rx6dtmjVlr8O825qo1ye1vr/pXEA7XK5XC6Xy+VyuVyuqxPhgc2atvv5mnipxqs2Nhn+KPbDMmsw3inghDZYM28NDMTMoWAs6jiuCaGV8trSkAGMlnHZPHixWucyHVcZhmaDswTNldQQd5ZZroJCSWRdlNiTIIJUDniwegVnW05ME+MQZ2roxRA5ftK+Vx3Qxprt7TNammmaJcVQwAr+VGCe40RzcCeFvbAS5g5Tpe1jMjOfO4ByWWc1PzPGQUhqMd80lmv7PjKAlKihBIPIg72w5Ooc5OxwwA6EzxbEcqhPrgPWhxvOeuXRpRhqu0J65WIlzTyAyOlQFpysQZ/Bau5cJSHRjkwPG7LFqMpjhRtKMDqoQfopLcdDYAu3j/uzuiFZpgjmfcbR14gMTbVItPVpmCyNlAjLVkwfGjOi0kuJefj1UAW6qsmNRq2uR6sR2w1Sp82WHSwfl7Au2s7lSRTDHM4i3OLO1pOt1c0sPJuT9VLU1Z4IPvqdfZ7/vJeHHV43HQAteuPb3/Gjs571shc8b/35P++QYhMSwg0ik/JtRgVRpl5giYCU5SmLD2pSrcRZMVCvp4xACpBjVE0weaNOJ8BnG8qs1T+8UDMZdBIAQjpQNsECdVyQ0WUqWDSXFjEZGmDETyqKH7ONBDVRJnBaC+cHWGWoaWuRiHHplms85FewC2qp8TpxGPH5HitkBss7wnwJEFIl1YU9EhEnbzEmcu30GmpjPu/egpNnZZ9STdN5bkRmhRNpSGz0F1JN4uBcEauNIsTCAHwiDI6YQNGjcMWqKKp+rKTlkGqTPdT12CeQqR/zDu1SJ/jo4LXQLIBBF2RUsBSWMGckppZfZEqgK7EPLEGy6Ifqb8KT2sK1m/Yc+HOp/4fIbztjdLWyvklHV0ysYXJLCfwmjzWKJMC4HQ3fZ0TS2yhcN6IAQGspT2sf2Npm6AypcdcoyqHBJIqctVdwSNEBtMvlcrlcLpfL5XK5rlZ6UywUjhOVzRdrxk/E+SoJLTZPN4W+64ep5DCiBrtjjXFGG6o3mbfhdQq3St+SzKrM9lAGEDLIYQIRAbEFCeynk2nHxM46W3vgL9UupjIzLm7blTxX82CvnZxa0kNM0UYUqrWbaxCDaf2pBqDBZoYWUxxpZ7XeTUM2aajzmLPN/ja3tU12BhcojRmHLXeEDf569rrqdRY4rLwBMR1ZQDPoc9u2I00E1enP007+Tat/MmJCdkZ+tfKjnM2GODATOVJmj7Sg6mwuSABehl3I53csJOS+YlTEXahtOsOwp/QWKa0ZLRA1PSQZ+srsocf53+oy1whYbbTGMArFJ8GCquXXhlEu2LvwHJMh2YcyQbqN0UgOoXMlOoaUG4vDADJKsUbLag658jk9hVqFZszWViCGd0XtkqWsBla9jmG3gWmoyoJaFk3CaNysWFhAlquGJUwVUPV1BRVPycbq4bCwWdIVPbaJc88N/RQauNHzMAHOyAfIzpQ3ahL3TzaWw4/681vf7o7BdRMD0KK77L3PZ0/48n9+4+t/+5Y3/uS/f0TjbKjuZBRPOJDIWdOQR1cH9FATU86XMV8C0zQKZwVkBJXbyBSQHlGHWJp/LZG5JsvM5puEYJgXkJpxObmuE3mqFVDAgztcaQlpSkCWrMthPkwc1qs07PaKy7AOHJyUoRdnsVJYTa/AyjQg4HgDzMXVvVws0ZofyKSMwLUmGMeUl44x0HGmRDTMC6+37qSR6epK/TWBiW0VWdjDtnLPoK7EEZPDVajV0KFfYtRUKZatWDCgF1se6LQamzdj+7C2z2XRDB5k7Z0aW3B1LXvKML1yxQottGllbtqg0AXSi56tvYL/wpHJxruEMdlGwOm0HyYYyUdNpxYaJT8Bo1mSwNia7QTRN3eKsHt2Pk2c/qPdB5v69cwvwBa9MTGzBIFHmf1YwzDQITiLpwcC/TWfCUUFhI0weITZSwWlVBmfO52s1ASXy+VyuVwul8vlcrmuWoXosOunnMgcGCYAzMmOcZmsQacug6MqBUjmXDULtNlzk2U1lGp7m93Fk7kkEIkwTAWO/FEs31jv5ZVswg7cI5gCKckhDlPQg/mOZyZfhv8Sd9IMVzOLY65Ak0r1rpzgBHPf1f4Fk26HNapJGTZ1WwMyIj11IDfD1PDBpguXd6juMuQnW6wJrc163454Ze0i2FlfOoWV8AxXigHmAw+tWrh7xIwqO512BAKwxmWBoehJqPxgOp3Su5a76g1XlNVw11tot80L1820llmgsJ3tFqRqKOcxGgM0BqyQNNMbEeAaaDHvHUd9wbqF8ahkLMEs03nwF4c0GnFuNgG6BbRqR0Xkb4BGMdKUb2YCebJ569VYiQfA65wDr+nVWA+kcTTYqz1zRwoynQMzOxS/ITm6m04QG2InnCxmrL0dg3qfWw060SOn+dlNXOpyR/Ny044EB+VW7ehtqvkbnBaPLJEQ7bQoPNkaGNdrlUXZ3WVbplvGax582FMee/d7B1fVTQ1AUwc94IHyTx585O8/eOIXT/jpj3+85fJNQadCmOE0MgmaGRS4liwPCKZdROhbiLNSyTTL4NC5C7gIcrB4izKMTYy/sLiiWvsLgYH8CoP7yOQaZj+EYDH+GUhVr+NggUrR0oeHggqWxx81L8KKdfX/snUv5ESSYcCHx3eYHlJz/StKNbRbZ07Y5W3RFcMlH2Z23fq48KsCD3QoTLXHJ43aDMPAOIjWjmimOASA1NqRzRBJlsMdGdTPeQy2x83jbfvW8kBQ8tIWBIUBTrZxLKhFcNuEoctmZ+DLDDOGbOYNgoMYCBVqggUCthsGdvDrJ1T3tx5StAQsNU0F5UccuYiEqWA2dWtuMEzcKeaODmaPtrG4hGjUPQ5JITZ3Jc7VilMI9Qsys97KPyNrmuRZeyHGXEO5WHOlfbtWAlwul8vlcrlcLpfL5boqcV6yssZpQOYGjLkWnMs7XNznF96MKrTVVzA9mTa8UmrPpwqIB3pgN9RodAh6kDhjeAY4hvnLzPlk3jMNuZhyHXOy3kacc85M4AbPNQx2qPfwvJOOdbpxAHgtfF81UJcawVl7JGb8HffpTAquJl1yl3IFdgEEEAb7HGdk08M74xh1zxa7OUe8cq+ctDOKAw9cRsRnxSAKU1ud5N7AT9ZZsAM+0/pK2UYoJVAcDdKq4cjwXDbo58gYWdoTrfnZsKNpzazZJYDRWnoAhEjmxSSPoJswsLUhKY7NC7eDXsgjhj2Ui6EN2zGWD9202OFkajYznjs2VSPjrNljfdfgpx4sjCWW6uq0fUI7tjKZLlTWH5gSnuCqls+bTDu27JIdHwGsomViEBcz96DVTc9IkzH2pFxLjdVC9mPWTI1WnYuIN8nmHDXcYo25OJFeNmnLtNu4eWlr36xYe4s73ePAwx99eHBdSZVyulyuG43mr8rhcZnlq8yU5zRkY02r9t577+ByuVwul8vlcrlcLteVdNZZZ42qmmYWCDkoXlHBXFFh/sE2j10u101b+++/f/iN/EehtwAAEABJREFUdNN0QLtcLpfL5XK5XC6Xy+VyuVwul+v/uRxAu1wul8vlcrlcLpfL5XK5XC6X6waRA2iXy+VyuVwul8vlcrlcLpfL5XLdIHIA7XK5XC6Xy+VyuVwul8vlcrlcrhtEDqBdLpfL5XK5XC6Xy+VyuVwul8t1g8gBtMvlcrlcLpfL5XK5XC6Xy+VyuW4QOYB2uVwul8vlcrlcLpfL5XK5XC7XDSIH0C6Xy+VyuVwul8vlcrlcLpfL5bpB5ADa5XK5XC6Xy+VyuVwul8vlcrlcN4gcQLtcLpfL5XK5XC6Xy+VyuVwul+sGkQNol8vlcrlcLpfL5XK5XC6Xy+Vy3SByAO1yuVwul8vlcrlcLpfL5XK5XK4bRCm4XC7XjVullFNOOeWoo466//3vf+973/tBD3qQPJZn5PnhNV/72tfkT/Iz3Gj0wx/+8OCDD371q199TV6wZcuWZz/72Ycddtgvf/nLcL1KlvyJT3zij//4j+973/vKLjrkkEPe/OY3X3TRRfOvkXW4vj761271Daobbje6XC6Xy+VyuVwul8vl+s3kDmiXy3WjVt/3733vez/ykY8sLi4edNBBu+6666WXXvqtb33rWc961p/+6Z8+7WlPa5omuK5GP/rRj4455pgLL7zwPve5zxOf+MQVK1b853/+57/8y7986Utfevvb337Xu941uFwul8vlcrlcLpfL5XLdkHIA7XK5btQ644wz/vmf/1n46Zve9KbVq1fzyXXr1r3iFa847rjj9ttvv/ve975h+9Q+++xz4oknhhtM5513ntDnrVu3vv/977/b3e7GJw855JDDDz/86KOPfs1rXvOOd7zjlre8ZXC5XC6Xy+VyuVwul8vlusHkERwul+tGrVNPPXXz5s1PfOITB/os2m233f7kT/4k53zCCSfMB3G4BvV9//d///cXX3yxsOaBPlPy61Oe8pQf//jHn//854PL5XK5XC6Xy+VyuVwu1w0pB9Aul2s70MaNG7d5Zq+99tp99903bdq0tLQ0PCmPP/KRjxxyyCEMO5bHy8vLw18FVX/jG9844ogj7nvf+x5wwAFPeMITvvjFLwrFnn/BKaec8vSnP314wYknnjgPuAWFv+td7+Ly73//+x911FHCx8Nvql8Rlywf+oUvfEE+4jnPec5ll13GJy+66KI3vOEND3rQg7h17373u7ds2XJ1C7/wwgv/67/+6y53ucuBBx545b8+8IEPvP3tby+7azKZXOWnX/MdJZIHV7cfZP+//vWvl4X8wz/8w0knnXS/+93vwx/+8PDXr33ta/Knl7/85YLL+cxPfvKT3/u933vLW97CXzds2PDmN7/5YQ97GLO/ZfPn06tl1z372c+WHXXooYfKarzuda+bP9xXtxtdLpfL5XK5XC6Xy+Vy/TblERwul+tGrXvc4x6rVq36m7/5m/PPP/+xj33sLW95yxijPP87v/M7n/3sZ7d58dve9jZBmU960pNudrObfepTn3rHO95xySWXvOhFL5K3CIsUHi3QVsj10UcfPR6P5QWvfOUrzzzzzOc+97lt28oLPvaxj73zne+Uj3jxi1+8uLgoLxA2+rznPe+pT32qLEFor/x62mmnPe5xj7vnPe957rnnfvzjH3/BC17wt3/7t/JruF71H//xH695zWv2228/gao77bSTPCPr+ZKXvEQIuHz63e52t29+85uyOYKw55NJ5vXTn/5Utl2AL9++jYQ+f/KTn7zKj74mO4ov2GOPPWRHyVuEKT//+c8Xaiw0eX5RXde99a1v/dznPveMZzzjKU95yvr1629xi1t873vfkwMki5UX/OAHPxCuffbZZ0uBYe3atfLMWWedJS/jci644ALZvULSBUkLgD799NNlUSeffLIgaQHr/AjZA//zP/9z2GGH7QYtLCz86t3ocrlcLpfL5XK5XC6X67csB9Aul+tGrf333/+oo44SLvx+aOedd77rXe8qEPbAAw+8MngVyDjkGj/wgQ989rOf/e1vf1vg5i677PL973//gx/84HyWtGDNv/qrv/rEJz4hi7rvfe/7k5/85KMf/ajwbmGmfMGjH/3ov/7rv5Z3yZPCfIU4CzB92tOeduSRR/Lj7nWve/35n//5d7/73esXQAtjfeMb33inO91JsKlA1QAfsayG/Hzve98rODUgyvn+97+/rL9Ac9k/V17IOeecI2z3Nre5TbiW+rU76sc//rHsKNnkYUcddNBBsqvlybvf/e7DcoQ+H3fccYKMn/zkJ8seE3It2yLg+Ec/+tGGDRukfiBAXz5rNBoJKP/Zz34mAFrQthyvW93qVnvvvbcUEt7znvecd955shMOPvhgbvKDH/xgYeJ/93d/J8eFrHnTpk3HHHPME57wBH7ovCX8yrvR5XK5XC6Xy+VyuVwu129fDqBdLte1kCBCAZGC9uYDGa6sVatWPe95z7vFLW4RrrNijEIwH/CAB3zoQx/60pe+JDT5P6Gmaf7wD//wOc95zsqVK4cXP+QhDxm66gnQ3GeffQRobt68WQD0F77wBVnnZz7zmQO2FoL5pCc96Zvf/OYXv/hF4arf+MY31q1bJ0B5eIEwUyHd8lf50xCjLGBXFigbKI8Fwh5//PHhepUwbqGrN7vZzf73//7fQmn5pDDf733ve7J1At+HVwoOFp4ru0K24nq09/7aHfWtb31LCLIclOEFt771rQ844ICzzjrr4osv5jO0kwuAPuyww+ibliflkMnLvvrVrwrKl0279NJLhTs//vGPP/HEE2UDhfLLwf3hD38oGyW8WP70ne98R6oIAp2HdRPif7/73U+e/+lPf3rnO99ZnlmzZg2J/DXZjS6Xy+VyuVwul8vlcrl++3IA7XK5roU+//nPn3TSSb/2ZYJo3/3ud19fDFp029ve9lWvetVf/MVfnH/++YK/P/e5zwmp/PjHP9513Utf+lIhm3zZlT9u69atl112mcDon/zkJ7vuuusee+wx/1chp8I6zzvvvC1btggDFdIqbHQ6nQ4vuOSSSwSeCgzt+/52t7udsE7hs1/+8pcFbQubvv/977/77ruH60/yca997WtlhQ8++OB5bCrPy5OyscJqhydllYQUCzS//PLLrwygyXyvrWR3/doddfbZZwt6vvnNbz78VYoEcnT4WI6L/Pz6178u1QI5LgcddND8msh+W7FihaBqIdECkZeXl2VLhemfeuqpQqJl5//iF7+QuoK88YILLli/fr1Q5uHgBiDsfffdV5Z84YUXEkBL+WHnnXcO12w3ulwul8vlcrlcLpfL5frtywG0y+W6pjrttNP+4z/+I4DzzoctbCNhlMIfhUG/853vfO5zn3urW90qXE9KKd0aOvzww08//fSjjz76K1/5yhOf+MTb3/72fMHNbnazq3xjKUVYbYKu8gUCXi+66CL5Ket85b9u3LhRUKmwzje96U2f+tSnPvnJT/4ACkgIec1rXvMbJF1cpeRTZBNk9wroF3T7oAc9iM8LmZWf/wZt8xZBz0Jar7yT99prr9FoJOg8XBv92h11DSWrdLe73U1o8nve85699957oMCynrKvGAMt0FkotqynoOTvfve7spPlmAqe5qkltF3W5NdidNnGbXKfw9XvRpfL5XK5XC6Xy+VyuVy/fTmAdrlc10jCZz/2sY8F2F0PPvjgXXfd9Ve8WPij0Grhue9973uFQW9jp71WH/pnf/ZnQi2F/LJt3SDhm4cddthxxx3385//fADQVydZZyGqGbrKFywuLgoMFWr5vve971csTRj0U6H169efdNJJQqLPOOOMV7/61YKtr7IT4LXV2rVr/+Zv/kYosGz1scceu99++7E1nzB3+fmKV7xCyPs1XJS8RbbonHPOkWNxZX+0PHnMMcesWbNGIP68ifvX7qhrKMG+b3zjGz/zmc+84x3v+OhHP8o+kAG4XDbqa1/72gUXXCC7bp999mGot4B1gewCpu94xzsyREXQs6yJYOhw7XV1u9HlcrlcLpfL5XK5XC7Xb1/XyePmcrl2HH3wgx+cTCahxvu+51dK6DPftWXLFmLr30yrVq0SsCukUijzNn+S1di0aZMg1KtzPc9rxYoVgpUvueQSWokH/eIXv1i3bp0AbvmgW9ziFoKVt/mgU0899ZBDDnnXu94ljz/1qU/93u/93sknnxyAOA899FDZ0t/93d+Vdy0tLYXrQwK4Zcl3vvOdH//4x5999tn/9//+X9lMfpxswg9+8AP+SglEPvLII4866qgNGzZceVGCcR/wgAf86Ec/usrIlB/+8Iff//73l5eXd9lll/nnf+2OkjW8wx3uIHteXjP/AqkEPPrRjx6Ou6ywvPIxj3mMwOV/+Zd/kd04vPKAAw6QRX3nO9+RjxA0LGBaoLOw5m9961uyyfvvvz9DvWX9ZSGykjzrqL7vzzzzTFnnXx3tcnW70eVyuVwul8vlcrlcLtdvXw6gXS7XNdI2wPGa67zzzgu/qYQ+C9YUwPrmN7/5oosuGp4Xnihc9Utf+tLee+99u9vd7posSjjyeDz+0Ic+JPCUzwh+ZYr0wQcfLL8+9KEPlY/76Ec/KmCXLxB6Lq+//PLLhTLLr3e60522bt16/PHHD7ZcYaObN28WaPubBS5fnYTJPvGJTxR+Soe1PCOPhdV+5StfGQiv7AFZE0HSe+2115VDkLmQP/iDPxBW+5a3vOX000+f/5NA9re+9a3y4MlPfvKV8yt+7Y66//3vL4sVqju8YOPGjV//+tdl7+25557zi5IVe9azniVvPPbYY4cXC26Wt//jP/6jLHafffYJSHS59a1v/ZGPfEQO9L3vfW++7Da3uY08Ftz/jW98Y1jgKaec8l//9V/77rvvbW9723Dtd6PL5XK5XC6Xy+VyuVyu3748gsPlcl0L3ec+9znggAOu4YuFHn77298O103/63/9r//+7//+9Kc//bjHPU7YpSDLvu+FwwrXvuUtb/nCF76Qhtlfq/333//pT3/6u9/97qOOOurxj3+8MNZPfepTZ5111uGHH84tEpb9tKc9TV5wxBFH/NEf/dHi4qK84MwzzxxeINzzkY985Gc/+1lh8YceeqjQZy7hZS972TY+4nkJ/P3rv/7rbZ68613vKtv1K9Z27dq1z3jGM175ylf+n//zf970pjfJNj7vec970Yte9PznP1/2w93udrdvfvObAqAFvj/1qU9lusWVdYc73OE1r3nNX/zFXzzzmc+UA/eIRzxCtlpI8Ve/+lX56wte8IKrPJS/dkfJYp/ylKfIC57znOf8/u///tLS0j/90z/JPnnd614nqz1fJxAJRH7Uox71uc997l/+5V+Ed8szN7/5zQUKy2oI0Gfaxpo1a2SZAtPl+ApP5xubpnnuc5979tlnv/rVr5ZigyxH9qQsZ9WqVQK1r8zNr+FuDC6Xy+VyuVwul8vlcrl+u3IA7XK5roWE6A2I8OKLLz7llFPuda97scXcNvWIzCwAABAASURBVL+KzjnnnHCd1batEN7HPOYxxx13nHBnIZIppVvd6lYCSQWDCo68hssRSius9ta3vvUHPvCBt7zlLQFW3De84Q0Pe9jD2HCPL9hvv/3e8573vO1tbxPMvcceexxzzDECXmlwlp8veclL9txzT+Gtf/mXfymEVF587LHH3vOe9/wVn/szaJsnBV7/agAtetCDHvTQhz70S1/60r//+78L5xVm/ZGPfERWXiDsxz/+cWGpQqIFxe62226/YiGCjD/2sY999KMfPfHEE2Vjc84777yzYPQ/+ZM/uToT8TXcUVIJeNe73kW2LvtBMPE97nGPKy9N9pJ8lhBkWYf73e9+ApqFaD/wgQ8kgKZ3WxYoS5Dtkm2czxYXPP2+971P9vCXv/xlqUBwzQUoz4dW/1ptsxuDy+VyuVwul8vlcrlcrt+uoidjulw3Ns1flcNjPihXVJ5TXzWt2nvvvcP1pxe/+MXyiYcccsijHvUoPiOA8owzzth///2PPPLIK/8qEuT3hS98QfCi8NzgcrlcLpfL5XK5XK4bjc4666xRVVOV5hSvqADvCN87Pwvz6mZkulyum56E+YTfSJ4B7XK5rpFoTf3BD36wbt26gC528r9X+OAnEH8988wzTz311Mlkct555zF6eO3atcHlcrlcLpfL5XK5XC6Xy7VDyh3QLteNTjdOB/Txxx9/wgknhGuvRz3qUYccckhwuVwul8vlcrlcLteNRu6Adrlc11bugHa5XDesHv7wh8/n84oWFhbufve7zz+z7777bvM/PtauXXvwwQcHl8vlcrlcLpfL5XK5XC7XDilvQuhyua6R2rYVmnzppZcKhj7ooIN22223O93pTqtXr/7e97734Q9/WF5wxBFH3POe95QXnH766Vu3bj355JP5Ynbwc7lcLpfL5XK5XC6Xy+Vy7YByMORyua6dBEM//OEPH35ds2bN8GDDhg3r1q3bc88973CHO5xzzjkCoIPL5XK5XC6Xy+VyuVwul2sHlgNol8t1vemkk05iTvTb3/724HK5XC6Xy+VyuVwul8vl2uHlANrlcrlcLpfL5XK5XC6Xy+VyuVw3iBxAu1yu600HHnjgXnvtlZJ3N3W5XC6Xy+VyuVwul8vlcqkcQLtcrmun9evXH3/88fO/8sHJJ5+8du1aPj777LOH56+Lfr6+POTNy284fPSkA5pw3fSqz07fckI3/8xj7t584lnjcINJVl7+HbSX43iXy+VyuVwul8vlcrlcO64cQLtcrmuqttUR49JLL2XQ8zb69re/feUnR6NRuA7ac238nzcuhutJ97pt+rcXjHdaEUNF2084dnIDMegBnR8UXC6Xy+VyuVwul8vlcrl2XLk1z+VyXVM95CEPWbNmzTV//c4773zwwQeHG6UEbT/5wOb8DeWyrSW4XC6Xy+VyuVwul8vlcrluGLkD2uVyXVPtvffer33ta8NvUfMRHE84dsIn//W0PlzRzjwvAcqHvmNyyk+zPL7lzvErxywIa/61HzT/ruGNP1tfnvqByUeeMb4/YjSuLg+Ez1+wsQxvlAd85si/n3z6FA36uLq1ko1asxC+8qMsLz7u/xvLkj9+ci/v4pKPfmT72sNG26ze6oXwmect3N+TPVwul8vlcrlcLpfL5XJtD3KE4XK5thsJej78Xs2W96340RsWL9hQtsl0DmDB93zN8sF7J3mN/HvygY2AYHnyyouSJz93av+mPxgRYT/jQ9M9dol8lyxcnnnJJ6b73yrKkyf8oOdbvnmO8t9tyK+g4T/6u4l8EN/7u7dL8kaBy4KYBTQLUxb6zLUali+vmV+rz5/Wf/gZY3le6POrPjt95aensgJcjX88qZdntlm9Zz2kfdk/T9247XK5XC6Xy+VyuVwul2u7kDugXS7XdqN73TYdur/yXyG8gnHPunBbCCuM+Ja7xKMfaSObPDjxrPz+r3X0EZ/y03yLFy/Nv36gwPNJ0Fy4PBA2LSxblnD01iKPP31KL89v46feuDUICh9+vcpEaZLrtz7B4rDlgQBoeZJO6jvfIgnpDmDZ8llvOHzEj5Cf8lh49JMOaM/fUARA8+2yLb9VF7rL5XK5XC6Xy+VyuVwu13WQA2iXy7XdSCDslTM35nXm+fnKlFkgMh9sk9rxhGMnz//YZM+1sziLV312OriqH3N3pcOP3K/56En9988rt1kbvnuu0uFtPpFZ0vIu+Xd1iR+yVoLFd14xe4uAbHkyhGZ+o8iyj/z7yZF/P3uvLHPNYnjewa08v/LZWz1/w+VyuVwul8vlcrlcLtf2JQfQLpfrpqOzLixXlw19ZcGJnGmCFhj9r6f1Qnt/9IZFAcRD3rSg3nvfLp3wg37fPVK4Uv4GpZbkw0ZMgr7LK5eGGOir02Vby/kbyt632HYNf7a+XL5kSdDb/EmeedIBK5gE/Yi3LjuGdrlcLpfL5XK5XC6Xy7W9yPmFy+W66Uio7gUbysat1+pNGsTx3XOzkN//eaPSZwLi4a+H36s58az8oW92V87fmJf8Sd7O/Ghmbvz/2fsSAMuK6uyqu7+19559Y5hhhBnADALKCBHEBUN0XFBQVNQoikqMUeISf0NMjDGuCQYTIhJUokEwoqjgoCgo27DIIEsPzL71/va7139O1X2373v9uqdnpmeme6jPsXnvvrvUrVtV99R3Tn0nBpDXyVKJSGfBaCexuJPmLMojo1sDWPV7/sbc+2Vr5VwlVqaWkJCQkJCQkJCQkJCQkJCQmMmQBLSEhMSxg784G1d1fPQHnvgKRHDvX9b+54HWXO1//saf106FqDThQhniw3tu8B7eNsYCn3U80sd3PxMCEz3+JEBeL/8bW6QKJIlEhW0pAicX5xShynGpxIfx8ctCzePaX/sxf33Rte66f3J2jjD4GwdlP74L+fFXrm5RGAkJCQkJCQkJCQkJCQkJCYmZBinBISEhcewAONxff9z803920u+P4o2TihZN8tCxWEc+Rf77Pcb6f3OEAPSfnaL+9Su1794XALkMJxSSzRu3hi0lL+DX5LFCHEMESp+7SoGNdz0VwlUe+X/mBV9zRakmkoomXM0D/p7/JaephDe912i6Kam/ISEhISEhISEhISEhISEhMStAGWNEQkJiJiHZK+PP4gNrRJhAUIdXx6pVq4jEdEBEH//gcoNISEhISEhISEhISEgcE3jqqaf0OtQ6lARoI+AQ8Tf5oemzhITEsY01a9aQg4KMoZOQmN2QL/vDjR3D7Jm94ZUvl+tFJCQkJCQkJCQkJCSOfcg5poSExLRDEtASEscOpKEw7fjMj7wTPmX/+amqlLyQkJCQkJCQkJCQkDhWIeeSEhIShxUypk9CQkJiQlz9Ol3oMktISEhISEhISEhISEhISEhIHAQkAS0hISEhISEhISEhISEhISEhISEhIXFYIAloCQkJCQkJCQkJCQkJCQkJCQkJCQmJwwKpaioh0YTiPZ89Zz5g7Xtu2kxmL6SGl4SEhISEhISEhISEhMREkHNGCQmJI4ZZSUD3feMV88dw5hcem3z34q3vSOz+6mv7fCJx1OFsvX3DE+O2br32nPhJfXgDORro//57LvqPPvy05/aPvvULfURCQkJCQkJCQkJCQkJCQkJCQkLiIDErCegVH7j5uteZ9W/bv/bmj26oTLjz9v944xV3xt/Wfelbl6+QuiNHF35x4zcuPeMl77llN5mBePzee8a+7Ni+ncwC0DqathAJCQkJCQkJCQkJCQkJiVZoOYuUE0kJCYnDgVkqwZG/4J+uW5+vfyvedMUnNhRb7rj52vd8dlN81Pobrrt4HpE4iihuvPbS01Zd+LkN/WSGYs1Z68a+rD1tDZmhmMQyiH8Kw5BISEhISEhISEhISEhISDRCzBanMq+UkJCQOHTMWg3o/Hlf/sbFYxT0ze/5xM/GUdD+pi+89eox+vmN13z+/DyROKp48IarZy73zNH75ut+8N4V+GneBV/6ymW95Cij5Su/aeNEZkEQBERCQkJCQkJCQkJCQkJCohETzRanMtmUxLSEhMSBYhYnITTP/dJtn1hR/+bc+u4rbm2goJ0NH3vj13bUv6266rYvnyfpZ4kpIL/us3fvBmy87uLjyQzH+Bd/0k3t+1LvXEJCQkJCQkJCQkJCQqIZ8WyxZaSzpJglJCSmF7OYgAaseP91nzkl/rbhijdfGyv2Fu/8qyu+HxPSqz/zH1dK6WeJYw9Nil1Nv3qeRyQkJCQkJCQkJCQkJCQkGjF+tjj57FJCYrZh+7Xnzk/gig3kKGHrtefA9c+tM5ZNX583mN0ENNFWXP6tL41J9j529Xu+0Ycfird/4r1j8dDrvvidy5tCWZ3tG77x0YvOPnVZvSWuWvuKS79406bh5its/8Y5Y631zuZfN3w4/vGca7dOcIiz/faPvUJcafwZEKLxCXx4Ax5w20ejAz6c7CBO/2M3Xf2mcxKFPueij127YatDJoazecO1H37Fqavqhyw79Zw3ffTau7ZPdkylb8M3rnjF2sQxr770C9/fVPQnvf3NxY3fuuIVceGWnfqKD1+/caw+N1zBN19689jht74jedcT4N5Pxbc7f9mn7hkf0bvn+gvjHS68vn+SX8/4Qt/48ycqf9kn7mna0qpgU3oKt38gPsVFN42VyRm7ZbjcpzeOHfDYF06tbz/185uaLrjpB3//5j/9k+MXIRYvXrz63Es+fu1dOxofobAPIith9OnbvvbBt71q3b//+78TCQkJCQkJCQkJCQkJCYlGOI6jKEpMNDfMKBshyWiJ2Yc7gYI68+qnkptuvRSoq28831jfGYRZTkAD5l183X+tN+vfNn3uPV/b3Hftm99za52ey7/xxuvemhTydbZ//z2nLjvz0s/ddM/m/pjEK+7ZtOErH33F6vnnfHZDcRp1C4Y3fPSMM9/z3U39zhQP6N/wkTPOfN9NzQcMb7j6bCCCP3rtvX2JQvfd892rL33Jsgu/uLFFDkan7/q3nbrs7EuvvnlTf/yz0993701Xv+3MZWd/9PY9rY751qWnrjjn0s/dumlP4pjHNnztI69Yddp7bt1DJkDhlg+dfuGnbx0rNtCmN3/qwlMvvH4rOSSc9c7LF8UF+d7P7m/+vf9nt8Q87gXvvqRZsnneay45q/55x623PNV8eN//frvOSpuXrF9HJseUn8JpY5kM73lojE++556EB8LZ+GA88vVv2hjT1Gedtjrep3jX1X+68oWv+qtv3ptoq6Vn7/3+5y9bd+L6f3kYL9jopva2/M+HXnneJf9w00Nby+QPf/gDkZCQkJCQkJCQkJCQkJBohG3bpK6/0aTCIRlniVmO7dd+/lb4z4pP37c7xg3rYUvf5y6Ng0cljjBmPwENFPOrP3/dG2N5574vnH3O1Y/Fv62/5nMN0s9937jwzI/cPkkavL7/uPT0v9pQJNODDf/vipsOKOfeHX93xffHHVDccMVLLr1284QHbfzKhWfGdkm5AAAQAElEQVR/pLHMft+1rzvnU3dNfO3NN73nZRfdtLVhG1TOOZ+eOEdg/+1XnHHhBMXo3/RYqzrzN37q72+dKvfeGisue9/a+mfnez+5p/HXvuu/Weefzcve+WfmuMN7X//WC+qft996W1MMdN8tN9dJ4EWXv/N0MhkO5Cn0rl4bU+GPb65fYvOmh5IHPHbvxkr0cceTD9a3rltXV5Up3vnBMy79Zt9E7hD/4X97/cuvSjx2sBKe+9Yl6//pt4P1rw888ACRkJCQkJCQkJCQkJCQkGgEENBNUc/75Z0lMS0xS9D3OEYfrv/MBxaPbTv/mhvfiD/ddHsiCDq5Ar61aEGjjseHJ5XxuPOK+fs52/MaxwIBDTTzeV/+7mUtMgwuvvL71yTpZ+euj174uTgeNb/uIzfe/dQW9IT0PXrHVy6OG2bx5kvf+B/TE5ZfLBbXvrd+ld27rzl/KgdcfuNd9QO+fh429zdfGuuJ5M++8sbf8B+3b3n0Z1+6eGm0vf/7V/zdXTHT62z42IVjLHzveZ/530e3bIdjtjx1141Xnl2vkeI9H33/mOhMY+UsvvgrdzzKr7Plqbtv/Mi66Bh/49UfmkinZvWV/8uP2PLoDz40FsNLfnbL7UiznncNvyHe4SOsv6HuicLbnBC9r379GAN9w00bkoTsA9++tp5n0nzr69e1kvk2/+zi9fXP2797S4O8xVO33Fo/fPEbX7+CTIIDfAonnRYHXm96NLpm//33NvLf9zz0RHTyBzfWn93xZ53Wy9/rW6990zvHLnjWX/73r57euWPHju1PPvSzf3lzPSi8/wd/9Q+/rtTtgE1fff+XnozP3nXuX33l+luq1SqRkJCQkJCQkJCQkJCQkKgD5olhGJJWyhsHyjJLVlpipuLWWxop4PO+jizO3XVWGuVzX3J1kqVB0dQkxYz0dKOOx82XTqQljWd7x62k8WxS8SOJY4OAJkRb+w8/+czqxm2rP33jVackN/R99RM3jeUl/PRtP/jYeSvyPGY207v6zV+644b1MVm96bNX31oh04BXX3PzZ+tXmRIuuOZ/PnPeqsQB937zCzGVfP41D/zPVecdz3/UzN5TLv7Sb+64MiIjizd95XtR8PKe7301TsCYX3/jb268/KxeE8lZM7/qvKu+c9tVq+onfOwL37xXfOr/3lfiyll85c/u+9KbV/fy65j5Fed97AcPfOO8cYc0YO3nvnPVWfwIs3fdJ665MtbNGKNZDxbzLnnXq+Mvt970k7GI6ntu/V79y+LL37a29eHaeRe/o16d/Tf99LGxX/puu7U+GKx455sm5Z8P9Cloa9aNMdB9YkR7/CERvt17+QcEJe7cc7/4pe/x+snNs9eJctzzH/8cc+XnXnPf9//63BUZ/Eyzc0666Iv33PbBaMgs/uDffjggzvbTb35zJ/8EFkD2gq9+/x8vWtlrlkolIiEhISEhISEhISEhISFRB8wTYdqoKMgIxfobk1DJkmWWmFU476pPI7MyloVrfMa/O68483NAyKz4zO9ikY4bkam5+dJ65PKGKzg9ndTx4CGVt17aIg56wxeazva7z0AJ+m6+XTLQMY4VAhpw/OXXfCLBIa76zHUfaKQUt264vR7uShZdec0HmgnH/Plf/vwY0Xn7L39HDh3nXXjB1LlnxPmvuSDTsGHD96+vc6y9V/7V+uY4b231ZR+uyw1v/PYtW/G/22/9diyLvPbj/++8pmO0FZd/7OLeeb38X9uDD3Cec+stY8ecf9VfntJ0GZJ/3V9eFt2Jc/33x3e2FS8/u7fh6/nxfTujBXJoMNe/67L4dLffdntUIZVbv31DvW7Wvu+yVRMev279JTEDfe3/xve56Zbv1oeCte98/VIyCQ78KfSedna9gW1+aBM6MzY99Cvx/byz3rtO7N330CY87eZNMde8TghA+xv+J7613g9//LXjwvtPfscHXxJ9fOSm/4N2rYT3//qX8c/rPvGJl+a4GVEsTpecjISEhISEhISEhISEhMSxAJgnCt5ZcNAA8SH+SiTpLDGbsfgDdwsKOMJTV5/Jieg4JHnDbRitvP6Guy9fGu903jX8kFtv45TXnbfgHm+88e6Ejsd5X7/vM0A93XzLOFJMLPpPnk2iGRo5hrBiFZB39fD51SsWN/3c93gcWm+e//JW8a7mWeeuIz+LVIY39W0n5y8mh4Z85sD4Z9LWFCy9vW9MM6L/a6+e/7XJDu6791Hn8qVm31PxjTbxwhHMV3/p0Vc3HTpWOeAIWjb/CjIJfvPQJnJeU7y52diUeuYvHnsWh46zXn+JeX3EAaOmx/r1GeLcecvt9d9bpB9M4vR3Xr7o+q9x94Pz3Vs2fm4tBks/9tNYnnvdW14z2eEH9RRWnLHOJH28yBgDvn7p41GewfPXretd8VAvuQe+3nnPPWT9uk0Pxa32rLX8+e9MXvDrr1r49fGXYaz+6Zn7Hqm8e+Hgs2PqG8effnKGEg+tB8/zwLmdy+WIhISEhISEhISEhISExPMeMEMMgkDXdcJZZpg2NkVAx1skJGYxll5+9+7Lo893XiH0Mfo+d+Y55L67P0AE53LrO+bfOv5AZAPPi/a4+dL5N7faYys5b+n47RuumH9pixNKcBxDEdD7g1MZk25YPL+n5T69vT2J/WdC6GixcCBKINt374OCFxOHmFNzMSQrZ//o376PHGGsfeeY02nDLXc6qBnyX3WfU+v0g0mseP0b64c737uFS4hsuj3mny+4+HWT8s8H8xRQBroeFO08+Oh28tg9wrOx4gzgmFe/PCrwhoceI5seqmdW7D1vnZDyqBT2+zwSBsGOgSFKKsXkIQqH8GmPjIwQCQkJCQkJCQkJCQkJCQlCYIYYhz/HKhzxr/vVg5bctMTsw/kYoHwf1+XYvyzGU4/vL5qyb/weGz48f36CfV5/A4+VlkjgeURAm4lg5O27B1ru098/kNg/T44+8m2ZA9i7D9WGzXziEMef0oHmgUVq9/XtIEcYK972vljjecN3b+l/6vpv1rU0Fn/gnev2x7MnDne+9xMgfDfe9B91/vnVzbIn43AQT4GQzNqz6komm57s2/SQUM7uveAspMJXR+x0/8ZNm555uk4dn31aFFeeaTuQ57H52a2EZjB2PjIFaGRDCHuiXC5XKtOiaC4hISEhISEhISEhISExiwFzQ5ghxhFLpB7vPJ6JFoi3SN5ZYtbgziu43kZztsDFF1xc10JYvALJl6QAdBLXnBfvkRCAbtjj/MZTb732agyUXn/jRDtIHGMSHPvBijUryK3CS+Hc+cu+z60dp8Lh3HvXPfGXSMNDG2MCx4lyOMVDVTfeL3ibj3Jurv2HjbddNm//x6xYtaIuf9H3y9/0X3l8c3iv87OPnvHpqCf2vu07d3xkdbJyzHf8YMvn15HDBJUcJDAV4ac2/ox/vvd7f/eNgVi/+X1vWzGFw1/z+rWf2sg5a+d/fnbPn5F6+kLzsnet3x/bezBPAY560VqTPMYvs/Gum+YIvvus007iV1171mqyYRMh99x/fU89qeO6M9ZEnxauGFOTWfu5R358WU9dcYNxxB9ihO7xJxLyrNip74HH7UvnGUoYhsKwGBwczGQOhESXkJCQkJCQkJCQkJCQOOYAc8OYfU4unCV1AWhJNEvMepx/1WdW3Xr1U7deeu6a++66vM7i1ZMKvvEC2LL4wvXk5luvfsk55Hdjws0bPjz/0psxpRwedf7r15Nbb40kO+rniKQ8gLlulHsWIdGr1oyRU3d+4WogkWQQdALPowhosvSCi+Nnv+NrV3yjOWK+eOdffeJn9S/m+tfzJG+Lj18T79D3sw39yQMqt//0zvjL4jmtVT0OFee9Oc6/t/ELn98wThakuOFj55y69lT+78yrOZW5eP0742Dhjf/8d83H+H3XfvGm/j39/F/hRafzoNulr4+PcW64+trN48qx+dqLoquceuo7buonB4kVK8b6IxL6BwDzggsvqH/eeOvN9WNf/a5LpkQH917y7vrhzvXveXfMP1/y6jP2f/BBPAXA2rPqV9x8/fVi41nr1ginz6J15wm/wM031ddo9K5dXXcVaOe95R3xBf/56jsbLogGQfGuj5972ovOfNHpLz79jLP/8fewRXvxy8Y8bL/5x3+8p1wX84K/4OUe3f0YkZCQkJCQkJCQkJCQkHi+YnR0FOaG8TyR1kEaI53jjfEWIiExm7D48m/xDIT13IMcQh9j/WcEm3z+NVyRo+/qlyT2EFHMEWcd5STs+1ziHO8Yn7qQAynvxsu9Q2pBN+P5RECTxZd9+uJYVmPT5y686Isb+oRwbqV/0/c/+op33BrzfKs/cdV5ImD0jHUx60k2fuptn7+nn4sZOP33XPvuT8RJ8MhZF5x1mAJMz3rfVXUlh+LNl57+li9seCpS+3WG+27/yCsu/W5fxCZr618vuNR5l/zlm+s3Wrz10rMvvfbefq7F4RSf2vCFt134hafqJz/lqvedJT71XvKRuHI2XX32mR/9/iZxp3DQ9nuvvejPrr4n4qz716yfPGXfZBCrGAT6vn71TZv5rUxRJ+TP3nlZc6zyVOKX67ue/5r4URbrgsnmW1+/birLAA7iKQDWrmuKJF/xsrPqVbf6tLObrnHeaaeMfXnp+66q11Tx1nee8ZZ/uStqqz48xJ997DXv/P6zAwN7B+CK5oWvewnaBNaF7//AwrpxULrtijdc9YNnBjz0aPsjm3/+xYsvfFetViMSEhISEhISEhISEhISzz+EYbhv375k4HPMQY/PQ0imJgAtuWmJGQrMQLj7xjc2bON6GiivIbD4A3fv5hTzRDvwkzRKOa/6zH2t5TUWX35Xw55SA3o8KKsv7T8WUM9riXjjjbu/ft74Xfq+8YpzPrdp8tPk33jjA18/b4yq/vyZr/jXyWN18xd/57EvnRsRodu/cc6Zn4vCq9ffMAXll63XnsMXAkxY7OKGK06/9Nb95ERc/Znf3HH58fVvft+1F55z9eQxr/l1X/r5Dy5eOrbhQCsnWp6AaF6AMGEl+Pd8asVF1zel2Ivven9V0ffFM8/5SuJZLLry7vuvmoIAR4R7PrHsohuS11585V33XdU0KExUhoN4CmTTF059xdfGwsXNy3605R9Oj770f/eiUz82JvkC/rctNzSQ6YU7rjjjnfu5IFvzyV/e8hfLVa7CEYZ937zw1V98kiX0OpIf3vrWt37lK18hEhISEhISEhISEhISEs8z7Ny5s1Ao6LquJQDUs6qqSgK0EaTOMo9nqIkkoCUknn9Ys2YNOSg8nzSgOVZ84Lb7uq7484/cPpGIxNqP3Pbdj6xN5h9c/bEfX7P1FVfcNtERved98X9j9vmwIH/eNb+7cc7rLm2hjCEwb/01P7lmfVKJQltx+Y/uNt/9pk/dNUGxj7/4uu9/6YJG8QqonLut97zp0xsmOMZc+5Gbv/uxtYeUnFFbd9V/rP/hO/ZH5E4Al4aAdAAAEABJREFUzCX4lU/Vsw+Ste+7bOrsM2Ddn11i3pBgvxetf/3UXVIH8RTI6tNeRsj3468XnPUnY7/1nnXuCnJPLASz4oy1TW0of/6/3X9j759f9s2+CSLEe17/9dv/+c+71TEv0vHv/d/bzSve/ve/Fsk0wRpIeJi6HnnoZ9/+9invfOc7iYSEhISEhISEhISEhMTzBoODg6Ojo4JxjkHqGQibNDeSaMk7S0jMZCxbtsxxHDIbsHv3bvK8wfOOgAYWdfGbr3v0dds3/NfXvvk/Gx7c3C9aZX7e6he95bKr3n3x6s5xR2i967/56Hkfvunf//n6mx7r64+OmPSQaUfneZ/5zZbLH7vl2s9de8tDffVC965Yc97F77/ysnMXt+C/zRWXfefRSzZvuP7rX7j2jk39gvE1e1ecNvEhcMy7bnz0zX0bbvjqF/5rw6Y99WPmrVgzfXeaP/+aB+5a99W/vfZ79/cVBbVqTpm+n3fyizrJxmHx5YJ3vfkAtUDOuvjy3uvjkOQD5a8P4imsO+c88v165tWz1p2W7HBLX7TOJH11LZB1py0ef8H8uZ/59TOXb/rRtX//jVvH2urc49ec+5a/eP87XrbYIBjdHO0MpkMQmMe//T/vec0TP/j3f7r+lvueK/Efsl0nvPSSv3jn+gUb3nnxxz++ZMmSl73sZURCQkJCQkJCQkJCQkLieYBisbhnzx61jqQEB6mLPpNGMloyzhKzF1u2bCESMw/HlgSHxDGPez+17E1RCLP5jh9s+fw6ckyjqXuKr01/kwjDUPwVCDh8DvEB/sJ28AdmModJs1xCQkJCQkJCQkJCQkJipqBSqQAfJ6Q2NE0Tf8WHpPhGU1pCqb8hISHREgctwfG8SkIoMdvh3PqtWEDDvOTPjnH2eSKMf82PNxGSH9QEhIt769atYIUQCQkJCQkJCQkJCQkJiWMXMO+D2R/h0c3JieFEk8eWsc+SaJaQkDh0SAJaYvZgz/e+9bP650WXv/Mscsxjkjd9/FNTnuIYyjjE1gZj7LnnnisWD06IW0JCQkJCQkJCQkJCQmKmA2Z8MO+D2V+T+MZEKQfjA1tONpsgWWkJCYkDgiSgJWYN+r7zzYNOP3hsYHJf9Pgg6Cb2OclBw69giwwMDBAJCQkJCQkJCQkJCQmJYwsw14MZX3JFbDwrbGKfSeNcUkDGQUtISEwvnodJCCVmJ/yNN313e/3LgacfPLYA737wY4u/pG4KxJ/BkgjDkOckDITmBtgZ8d8YsP/u3btrtdrChQvFbhISEhISEhISEhISEhKzGjAZ3Llz58jISEw9JxWfYw6a1LMOir/i2CQN3VL3WUJCQuLgIJMQSkjMaLTMQ0gmSEUYfxZJCJsSEibTEorPIi0hmCDz58/v7OwkEhISEhISEhISEhISErMWw8PDu3fvFrM8wTsDv9ySgI7Z54lCoZsIaCozEEpISBxCEkIZAS0hMaMRhzk3fZ0kCJokHNfCsy1kv5I7gEUS7wmft23bBpbKnDlzcrkckZCQkJCQkJCQkJCQkJhVKJVK+/btg7/JkOcm9Wchxtik/hyfYZLwZ8k+S0hIHCIkAS0hMevRREMLCCEOkhDlEOkHxx8rdqhUKps3bwYCuru7u729nUhISEhISEhISEhISEjMeIyOjg4ODgL1DNM6XdfHZwBqYp+TievpuCSEklyWkJA4HJAEtITETMdUgqDHR0ATzkEHQSAMC8K1wMATLraQOjHt+74IghZ/y+UyGC6wWzuHDIiWkJCQkJCQkJCQkJCYgYCJ2yiHmNM1iWzAnK4pHX0y9pnUBaBpqwhoKsOfJSQkphuSgJaQmPWg4yKgYyY6joOOOeg4FWFsXsBG+CDyFsaa0eBCHxgYgC2ZTCbFYZqmYRjCjiESEhISEhISEhISEhISRwQwQQOW2XVdx3FqHJVKRczjklxzE+Oc3EIblTeSczpaR/yVSEhISEw3JAEtITELQCcNgh6/MXlsEwcd70MbMx2LtIRJDlrkMxQx0ckkh+Iocc4kZEZTCQkJCQkJCQkJCQmJg8Z48jdmimljkkDBO8e0smCWk6Rzy3yD8bG0EeOvLsOfJSQkpheSgJaQmN2gEwhx0FZ60OJD0ogJE4jZZzhDkoNOQpw/zmooIKlnCQkJCQkJCQkJCQmJacF4zreJfU7S0DG5PB5NO7Rkn8dfgkiWWUJC4jBAEtASErMDEwVBj98S09D75aCT0dO0nqtQAPjl8Rw0qbPPyetK9llCQkJCQkJCQkJCQmIaMRUOWpDLhE/xmojm8V8nYp8nioCeqBhEQkJC4qAgCWgJidkKOrEQR8tQ6CYtjnhPsT35VURAiw+TE9BTZJ8lSS0hISEhISEhISEhIUGmTOPSCdIDjg+CTn4YTz2TRLwRnTTwuem6km6WkJCYRkgCWkJi1mB81HPTT3ScHAdpDIVOcsriM6mzw3FktCCp49hn8XW8BjRpFQ2dhCSdJSQkJCQkJCQkJCQkJsEkJG+SKSaNGtCET99iWjn+2vSZTgDSmHiQTk18Q/LREhIShwJJQEtIzCbQqQlxNHHQ43eIUwgKqY3kUU1M9EThz5J6lpCQkJCQkJCQkJCQOHRMhfZtyR0nGeemsGjSGPhMxpHOk/POVIpvSEhITCskAS0hMcswEQfd9IE2anE0WQwtQ6FF1HN8hiQHTaYmviGpZwkJCQkJCQkJCQkJiYPARPFDyc9Jvjhmmcd/mCTqmUzMPtMJxDck+ywhIXHokAS0hMSsx8Fx0OJXEQ0dM86E09Cqqsa6HC2jnuMA6hiSepaQkJCQkJCQkJCQkDhEjGd7xTSNjIuGbklG00aBDtKKbj4g9llCQkJiWiAJaAmJ2Qc6gfIGmZSDFhjPRAu6OaahY/Y5Kb5BEhRzTFUnz0kkJCQkJCQkJCQkJCQkDhmTCGJMwkEnqWcyNd55Kuyz5KMlJI4Ampa5k2MRkoCWkDhGsF8OeiJVaAHBOwskDxG/Jj+MF+KQRomEhISEhISEhISEhMQ0grYS3yDjyGI6cVLBiRhnGfssIXEUsd8AvpY7HAPdUxLQEhLHDibhoPd7yPivcUx00wnFr+wAo54PdH8JCQkJCQkJCQkJCYljDAfKItEJ5JiTyhukFRlNDpB0luyzhMRhxSFSIvHhs7erSgJaQmJWgo5T4Wja3kQZs3Gh0CxBTI//idRjosUObFzU8/irTz6eSoNGQkJCQkJCQkJCQkJiEkykgNEUDd3ywyREc8ufyBTYZzmJk5A4REx7KN7sZaIlAS0hMVsxFQ6aJFQyWKtQaDa1+OjktZKnlZCQkJCQkJCQkJCQkDhMmDwCOvl5v9Tz5Ifv99ISEhIHhClyJhPttt8OyGabIKokoCUkZjH2y0GTSUOhp3LalnQ2mXiYk8S0hISEhISEhISEhITEAWG/LNJElHFLxnmS7USyzxIShxmTsyIHR0xPzsDMig4rCWgJidmNKXLQpFUo9PgP+73EfsOfpzLwSZJaQkJCQkJCQkJCQuJ5gkPkhiYKgm76ekAfWn7d73YJCYn9YiK6YxIaZPxPLRevT/QT2R+lM0MgCWgJiVmPqXDQZIJQaHJQQ9VBpyJsOlxCQkJCQkJCQkJCQkJiPKbIDk+uqjFJsLNknyUkphdTp573S6RMEv48UcjzzA+FlgS0hMSxgEk4aDLOV9aShiaTMtFTPL+EhISEhISEhISEhITEoWDyxamTbJnKZ3KA55eQkJgKWrIiTRuTX4MgcF3X54DPYRjGRI2iKKqqahyGYcDn8eHPk9DQM7YXSwJaQuIYwUQcMWkVCk3G0dCkcSybiodNQkJCQkJCQkJCQkJCYnpxQHrQk3+dnLCe+k8SEhKTYPIY5ybeuVarOY4DGw2OVCoFRDOQzjE5A2S0IKaBoa5UKrDdNE3YbTwT3ZKrmbEcNJWhixISxx4OZenHJD66A7qWhISEhISEhISEhISExEHgEDlociDUs+SdJSQOGlOnnoFNBuoZ/qbTacuygHomUwMcYtt2tVoVbHXywIP2Nh0K1qxZQw4KMgJaQuIYxETKGOO3j1dz3u+ajon2l5CQkJCQkJCQkJCQkJhGTD7bmiLlJKlnCYnDgSmyz0EQlMtlz/Oy2WxnZyc5QIhA6Xw+X6lUisWirutwHlVVyf4kVWdaKLQkoCUkjlkckHDzJEx0jJbMtYSEhISEhISEhISEhMThxkGoZ0jBDQmJw4RJ2Ofkh1qtBuxzJpM5COq5CRkO4KCHhoaAg06lUjHnMz7FV1yAmdPTJQEtIXEsY3JhaPFhkvyqRJLOEhISEhISEhISEhISMwwHGhl9oDtISEgcEFqyzyLwuaura+qCG/tFPp+3LKtQKARBADR0E/U8YwWgAQqRkJA4pjEV40Ng8l8n301CQkJCQkJCQkJCQkLicGCKk7IpTtnknE5C4hAxUeos8UEkEhwdHYUPPT0908g+C8AJ4bRwcrgEXCi+6ORlO+qQEdASEsc+JpKEbrmbwCQ7S3tFQkJCQkJCQkJCQkJiJuCAZmdyKichcejYL/sMKBQKQriZHDZ0dHQUi0W4UFtbG6kvf28ZBz1DwqJlBLSExPMFBxTCLEOeJSQkJCQkJCQkJCQkZiAOdLImZ3YSEtOF/bLP8PcIsM8CcAm4EFyuqQBkRsZBSwJaQuJ5hwM1PuikIBISEhISEhISEhISEhLTh+magskpm4TE4UNL9rlUKqmqegTYZwG4EFwOLkr2x0EfdUgJDgmJ5ymmKLhxQOeRkJCQkJCQkJCQkJCQOIqQEzQJicOEJHPSkn2u1Wq+7/f09JAjiI6OjoGBAbh0KpUSahsttTiOuhCHjICWkJCQjnEJCQkJCQkJCQkJCYnZDTmtk5A4fGgZt5dkn4MgKJfLQpH5CAMuCpeGApBxcdBJHN2YaElAS0hIRDi4VV0SEhISEhISEhISEhISRwVyEichceQxnsmFLUABZzIZwzDIEQdcFC4NBWhZMDIzcIxLcOzdcu+e5+4e2PVIcXCzWx0M/SphgR8GmqrC4/F9nzDCwpAxPwhDXVdVhRIctKmmaWLwDuH3IGQhU+BHRdE1ohqBaemuE1QrPgsFg888zw9DhWI8e2haJhwbhhQ2ep5LKIOTGQZcUoUzq5qqGVqtXFUp1XU9COHAAE7uBz5VmK5b4DVxHV/TdGy1NHRdhzBF0zWq+IxRaDuKim8W+KurCvg3qtWaoSlwUbgKbIS/YRh6XqiqJhxLScgL45umBVcxTTirVrVrngvXDWFflUIVMFVV4ZZDPVB06gcsCOE1pvlQfteF2zNTKdPAm8KdCaN406HvhR5UIJxBwaqCkju+H2JIv0qJ7rle4OO9Q7WpKjVNaGnMSpsKpU6tpmro+vAc5vieAdsU1ffgtGrgM8OwmO/DPcD+8Cyg9uHRwFMJ4Mmx0A8CqLRsPudDffku3Jeu6vxyLtwB7AsPCf7BrUH5Qy90vKppEc004H49qGd4fk2u/6MAABAASURBVAweOIFLKirBpx2vmQgZf9jwHS8O/6B56IaparAlVBTNsW14dHgVuKrvwQOASoJaCeDBMV0hGpwtCMHdBBXowyOCNgU1q2o6lBweKJTIMHS4kqYFePsKb2Chio0E7peXAyoZjsXRgZsOcCM+/gTPBC6rBHAHBGoYig23TL3Aw5YKN6JoeF0oPrZkRnFwiW0PtELQCQbbYUcFP+Nz17Ak8KgIi/aCC4UBg2rBHsFgBw1uFmsBmiP+pYqWNbNzU/kVVvuaTPe6TM9LyExCUIeohJkmdSTxPETUH+vrnuIthDdX7HH1r/AXOhyMbOJAlb9rsLtOOoU4HOunxLwFLq3WQWYSnp/dXNzs3r179+zZU6vV4AFZliWe0bJly3K5XLxnsj1ALcE+sP+uXbtGR0fhDP39/aZp5vP5YrEIn+En2AeM1OOOO+6UU05JWSl4dxKJ5wdmeE/3uPUJ9rOPnT3Arh6Kzg72ONhjioEmNZiaYK0Fbs0ul0t2tVyrlKul4WppqFIYGB3aozNPU4jv2GAZ+o5brVZdx/Y8MIfA9tbMVNpIpa1su5XrMLNteipvQhfQNDQhsTbQUvSEfea6vus4dtWGM7g1z65VKsWH7r8vcNm8hUsu/YvLezrnPv3wIy94wUn5rm4X9/dgShB4Dti6XsX2KjW3UoUvgVMLwSYP+byCtI7/gR5MaYsflFYbwdojrd8A++nIjSMnDC84DwIDW/wP78AuVytl2Cnb1lFhNDunt/O4xVo+D9OPEG18BecyilIvM059xAeF30C0HYsRW6KJe1RaFHqioRyeFjzo/oHBX95974OPbtq1Z9+iBQuz+byHsxReem6mRrcF9xLieMmvTsRLAj5Q/AF/UbipDe0hXpjM6i+S6AM2tiA+nSgW1A2fJzFWf6eHHDgdow1LsKH6ePtk/NJ8XhFXNRNnrO8priZOKOqw8bmohCZ3Hv+5ofZabYSWnM3ment6li1betJJJ77kxS8+8/QXkZmEZ599bvOzz+3auWtwaKhUKuOMNWH2KMnGnWxA9ZvV6ibT2CZ87mN7xi1t/KloovWSRiS3TN3EookLH6hhRht6zZSOVVp1cd6UEuckY/XWREhDP6Hwr94FSP2NAM0RuAAwDKAjwFAm7FDeZYBSUOBXywQ+IA1mAz8Wt3u+W6s5AGjNVJlg5GmlVNBcA2M7BK1O0fLM0NVZwxPnpeI9XgwCidMmxhg2NmiQFgWb4PmNdcOGGwrj7iwCTsUpSKL/EtLcNsJER06MYCQ5X4gObury9c9BYmyBo4DbyeXy3V1dCxbMX37csuXLjyMzCcee6d4yp19T+DPM8rq6ushRApj6+/btAxsGjKUmIY4k2NET4jg2CejiYN9TD/zn5ke+Vy3uhm4qxgJ4V8GbDfhZjYUqkJlAj/oBPBvk7hgBtg3sUjAcKPJyFPhp4FE1A/i4EJhUHxjJgFRcXzNIKq0EocIChfcjBf8PvF7oBh7ydMAfOnYFiEpkAgnTNbBl4azA4nnUB9M2VImW0lKhAVaxYxgpIC2BqK2UA9MEElkP3bKiwiXB9FYDF2mIWtWGxwQjm6oz0yS6ofsejnHAnxJdsyxDyRA+CpfBYgnhXEhrECBFvbBkpYA1ZsCMAm1pV0bgWIUaqqJbBjDJyGxCqX0HrE2fT0A0ooWKzjlOAsMZkMZwe/B+AbPZBY4VKlEJ8bUHxQJ63NSU0HOAfYbDoRop81zYDW4QqpgbaCo3BYHVT5uWHwD1H/q2BvY9QwMXWPXQcdGS1XRLVUMrpXqBE3isWinCsRY3LKAy4V4cx9N0fHA6Mq+BpjPiFYEexueowr6O5yInrBIdifYQGXoou66bJa/MqKNBSXVoBKFdtH0HbXuTewJCBxltKAY8IcM0KjUbnqXOn79GVSD9Pc+hqhP6xHVDy1IzJtS8zdwQqhhmL3CoC4y2hvQ7zFPgUapULZUK/A3Ep3PcqwEth/PcQBmkVRVGX5eqIU4lGOETK2g50Bqh3YDZGtgOysajzSQcIVSBdgAPDR5hGKhwMm5FU59q3FrFlxZ8hZOgj4S3WxhGkIWHChWDIzdwoaFCE1WwraIzAIxjJKVD9H0EYi94TIYOg5NKVGi2rgsPRieKJmzrkPlof3jF2sgur/zY6I4fwFcjPb9j0SWdyy8zcyvI0QP3tSCaXgbS+S9xtCBmleB5hn6E/AUfHoVhmmyWSaOTcReg2Af9Xrre2dkp0hlP0pIPUyMXZnRcYJ1DUY4mNfk87+Zwm2BH7t69G1oUPJeOjg5oGzGBCAM5vDKSBGJsa5ZKJXh2cNTIyEg2m12yZEl3dzd8KBQKcJKdO3cODQ1BewOGGt6YJ514kpWy5Mj5/MGM7OmB69qOa/t+kJym0jF2hzam36LjoSALiv8loeBzIzIg/kDq9EC0sdVZCIksqsSVmCBa4TdTBw+9DpZXZ+ecxYuW7Hx2Wyaby3d0cm897oDz7MCHyUPg+QHGdAQEOZ2QF0tMSbivf1xvo7R1F5xgK5mArTqgXszPDbQ7w8EECosTFYxBUOAphJ6b1i1npGCXykA7KaoWBenEBa1/G9vYQKW1IqAPKG0aaVYSQHMUgyMEi5/klaLmUm80+J0dYF2MhyCSD/k0rU9NcH5AWURpNbzdmiyEpg9TQchfAYBnn3vuzg13fe2ab4DD8tWvePlFr389OB3J0QO8cW7/2S9+/eu7B4eGxZa4/YivyHrWd6b1/im+JqlDTY8YDDFUjG9jyeoaO/n++OUGD1C8gzjVxMfSCXLqUEon2Rh/pROVfKLeQsMW1w0b903UW/MVce/IDUN51BT8FwzOLdu2tLV18LgxnGZiABjy1OgAC7j/RjcMMEXAWwBecJgFI71lmvPmzklnshoYsa2IXdJ47wEGrk1YMPFeanUOtdVpuTdvLMJD0H94VrFF5f6McBz93bofJTe2rPUkLxwPMzSuZ4yXi49vIqCbytDyqdbL1ry9lfMl8qKNP4PY1NXVec7ZL331q14JfDQ5epjIdD/GMJ59FtPAZHTIUQFY+7VaDew6WmefJ2GijzyONQK6Vt77yJ2fffr+66LK5cSxKpzero/e6kBBApS6mbSlAWVIgYvGeAqwqzw3qFU9GME0XQUrDE6gaUCM6hQYQgy2RT4UBmOgrIWPlo/GYLH5vLnh1XRg93QwL4GGhnEoBJdUW0dGM4DRs5HsRJM0cG3i2+WAuWDBgpXqOz7wiqaG4cxgpDJkwzX4C2yjMECAwIWmUqmwtAL7w7HIGXLSk9ge2urwmoBZAw5HJDQMJLwpUX3gLr0AY1oJ9ZDGZZ4DHAetlb1qCehFdGaS+gwEXi4MPcSKZwd+CUxO5IUr1E5ntFQaKG61Uql6FZbJWm7guE4I21yPuV4V7j5UCHeWkloF5gy0u7sTmGLgl/UMEuVwF9D6S4UKFAuu5ZbdkDpUI20dJryqMDrAVwuDVUWnPKybQuGhTs2UwXgYuAW0tIaR6nAemBbB3AR28z0H6Wbg0OEFDAxxGbhsAoSzgqQ3vkrxJeD7dtWFLdxnCxVLOA+u48igivdRyNlnYsDDVrANADEPbgP0N0ATYAFsNVKwBaOzgZTHawFPHPASm3BePmFDJwS+/DysYqbSKG4RgyDwDYovbZimQOk1cBsAj297OjgwUiacyanUwG9M0WfA6WpoOiG6NLAygRPnYQAYz54y4OFQTQxqwPUz+GeZyD5TRURQ8CBolUSDHueaob2rlEcuwweN15N4O0Lr554YtAD4GVTuVVaATyfYBEJu0+gWsv8e8M5wF3CgGpn5cLjPyQ6Kyvq77L4v7+n7cs/y98w98dO6NZccWcCtg8sdXmxEQmLGAOg86ML33nvv5s2bX/KSl9i2/eCDDxaLxYULF86dOxfov1QqJYieOOqE8DwV/f39Tz311JNPPtnX1wf7vPrVrz7ppJNgltje3n4UKSEctDmgwMBRHnmTRXZzge3bt0MjqVar8CCAfQb/BPBDw8PDUDkidj5pUIY8RBR+gv2BfQBfCOwD2+fMmQMtEPZMp9PwAXYbHR2FuoU9t2zZAr/Onz9/v3H3EsckZkBPDx3HBouWR0iFB3uaemR3A8ER/Y3/NdCUk5cq4jdZA8/JqQXodjbzTjxxtUKU0aHhxUuWwswBo635ErkQV+gBqwOdywYOF0zSkC8tVDBkGcuGqxnJzJqTowWuibiRkK+J1IVFCvagXauVR0aNjnYDTNhGKjachAY/bOChxvVGkrw2j4cUW/hqTXLovIcIe1YPT4+grahnftUG0jkR3ntIADPjWzfc8LWvffXDH3j/hz98ZSaTJUcWg4ND3/j3b/7wh7ckN05E3SrJIOVGJ4T4zCcyzSfhyxcaztPEtux3cGuijBvcYIkPygQEdHTUuKBX8RxblqPBbRMT0HzdatJQTCLB0jJ+g6KuFEJaR9GOp7zFEmo+58YYpoAvNClXK2AyQO93nSgaXeFlgAHB9z2YagqXdogcR8jnnqpj27v37BVs9fgI6EmeGh+plbFKi9wIRHDKpKlfMIWMqwc+CET7KMl1FazeciYwnieJgB7PVie/jr8djFSDWbLaRKY1E9ATXY6Mq6K41dVdXw03Epec8SUYE512x47tj//h8Wuu+fc3vGH95e97b3f3kY7DPbZN98n5dPHs4PlkMhlyUICZ4G9+85vf/e53YPbPmzfvhBNOeNvb3gaWPzlAQAFgChDwqMRJxr2jxUcfUwR03wPXPXD7x+1Koc5lqkRT3ADYQXyTAZ2G0dA4RAJJRxwf42rNtIaRuR6qJVBwEhgKQUIYB2KgHl03QCaPBlRHhYWMpXjIAAK/HCLHpzJNJ0xTRagEf8AKWp5c9RuoPN/1SsViJqMBbwsHoh8R2G3k/IDgprqiwwDuVPFSZpYaKRjxgY7GIFxU3FCYbmDQNkG2lHoMbFgftmmot8DDavk1YbiCHzw3BFrDsQOMf6XAVsMbAdd0axpLpTS+ThFIRoUHyTK+uFARvQdJWwXpbJevNYQWqAM7ijHUQKwrowXbcVyNh9PCT66DchkeDcvVomlaWKc49VU07GgBvIgCDMXVaq4NJXSJBy80wlfPpSwN7gLeXhSZUx28nyOjdsakGlSExrIZFZfLqBiDgdHHwLPjEAz1F0D9U88BKx5ZeYy8JqZlEHzvasiH4hP1GR/6PeCecemQAi6F0AFrP/DAbraMwEMlDGRwfb5gBe4cg47hPaqlTRO3cZcpOntDvp6R8QBkhuG/8MzBe4f3FnIulxpCqgW9wXgm1cenjJ0WmVrP5fWJdnuoeHAGFUlvCg8eKGWoTbEgGt4jnu2gawDcIVhkhocILZAALWf0N5DoAozWo5jxgWOdoFsD26YvhjcMnUCGHV9IITe8oQoFCQ5EGKN8hQ5Km8SvNPTIUCw1OBnwPYZUOZ4atU4wuCfheEafDfovMBxGvEypGKdE46HCA8/6n/3m4LbvLjzEsRuIAAAQAElEQVTln3uO+wtypCBIE3ZM+1QlZiOA7AP2GWz0t17y1sf+8NgNN9wAlsQFF1ywfPny1atXp6yUoEZI3YKJPwNDDc5qaNjbtm174okn7r///rPPPvu1r33tmWeeCfbHUecERSg3X1mikyMF2c1FdOquXbsKhYIwant7e4EmtizL93wwLqHNwBPhru0ARbT45ARXwPAt6P3lQdAdHR3wUgD7Ff5CrQpjVDhLAFDJcNRzzz23YMECFDpQyFFvbxJHC0elp9tOzbar6pQ8bbTxH4lCcCfYm/cIpFAwokRM6YmghxiJRD3Ecuo4anYMddY55CvPGpmIEMXltExq9SknFwb6YVDv6OrB86G1hvJwIVj8YDy6Pteqc3HBZeCj2UWE7BubqMwNy8nHPk0QBEkom7CWJoPSGFA89hmsaAUsWIaxE5qBaxA9FqoB2N41cFZVKpqVZjyqcCoEPpuoHFPmU1m9VEHI6mu3QxZR99Ha1sRlmHiS9TqMpC2iNfmJu0Y2J0HuJCECceOWEvGAlMZOC0brjLAI60jEX4d1xmislY27mzF2iY/VbEIug7FW6+7ZhIGZLSM6w1iiBTl0lcYt+ZZbb86l1de+7k2LliwnRwq33vp/X/+3ayqVqmlZE+0ThULzz2zcdtJYXfG6HyElNPYrG6s9VqdXmnpTE5vcFOg8nqBE16yyH0oxZg+TW+KzT3SUkihPxCM3BDWHYaNDrt6ME2ueeB/gW8UQSuus9BgN2vxOxxboq5rB98bIObgKTJyz+bzoaL5lCdpfEVIbKMyYE3xie3tbNpsjfD4M1eI6LjAFgQc0SqgkrtjiuuJzS0ncBF8eP3muKxlXBt6a2hycHk5Qq60Ei1r5NaOJMUcoVqSMe4iJM7TYCDwDaboDHosdhg17K+NY5vFNJbmJ7S+IvrFgbKId/u/HP/nlhl99+EMfeP3615EjheeV6c7GhT8Tbrqn02ly4ICq+9CHPvTjH/+4afvXv/71T33qU5deeik5QEAxbNsWVDibYUHQxw4Bfd+PPvTkfd9kXIOBMl65GHVOhPsOlRZURYRWYHwxDJ1AJONPKoY2B2KYVXSTKRjvCcaXgfwpDVQgqS0TmpOCMbpareo6xEXtaP7sNAw9xlOh/jKczeeyEb6we/D/QIPWHDR3NNQOhqld6PPg0wAljz2g8BQd2XCUW6pxUxloa89Np1NAUWIEcUC4MLRi6HrV9WoVIM0V+Ap7KVG4MIqHwPkN08CXoxLoJulIW6VCUCl7CtNqOLUMcLFGgNrNKI+BGh/Apyuc4Aw1HgqtMd92oOpoOo31AKQ2CiUDjxkwL/By+ZTvsmoJiHQGVZS2FDHA2tWwEoTtHRkVbt3zatWw6FWAUzZNXG7IMEiER9WywEgBeaxSJHwDgyJPjKytyhRD0UzFtf3AZZoJpXXh6oZhweCF1YGhyQEUFRhTuB0kvVUusuwHNdszDU1R+btTxQ8wIXd9VwnBQ4uRyHhzGmO48gODgsH2Vy1dhKWoGHGt2MCtY/k4+eoHSMIG2Bu5uh3xfAffuRTfIjySGnlheCBGyiD8lQjlNKF9eD62FlMXdgbcNd4JBmcAF++rTE3rmofxzAo1KH8hBT4GoHMtcIWJhUIe0uQ8rF6J/PysHr4v1OwiQxcVpXEFpIihIUJynBIDmwG4slE2EQn4uq0j7Bk4HjhxqDGwEODpQy+AyZHKnd40UiDBdZcKLySPgcH+wnXPUaiacJNIFMzD4Hh4bIqQMBRS4PDB90pbHvxgeeiRZS/6Bjn8gMFURkQe24BBsq+vDwYB4F4NwygWi7BFBH6SelzMTOPIuBx/9frrr3/pS18KdPPGhzd++9vfBvb5lFNOAfd1LpdLpVKi5NF0qHEWBIxPW1vbqlWr4K67urq2bt26cePGLVu2vPvd737lK18JtGPTfOnIA4oNXQ8D4iaePU4jZDcnfIINJPKOHTuEvQiNZNGiRfAXIxo0FSzLgYEBoJhHR0fhMzSemFkGwhp+gtcH9BpoPEAmogAuz+hAeBOqVCpAXre3t4+MjAgNLtgfLgSOkJZqsxLPHxzhnl4uF4GA5mvyDoSAZvwfFTGuE+qmhjyDCJceo0mukLOFYUK+c+wXGl+HRBSkoKH5PxaRkBj8ocxfsqhn8cInH3iou6fHMFMiY0rg8QAMXK0WhK6noNEEBLSH4c+4lI5bdPwqLMEfj1EMyVsdz92Mr4yWdTTlGE+OerUjKYrSfDBbwXV4PpjsMKHygWDSM5YDk5/RUTPbpqR1qDyoT5S7E9bmWHUxljw5I4mF6glOrRW3MhFEZCTPBRNR0PW5Pj5YRayvj88XxgHQRLjSohjjup6KcNFFn4Ogdd1ws5xFy/kjTRXCk9AIfjoSx4jvXVxurCnxWBfCWHPbGqskoR9NxjGt+62Z/TJQTZvJWPFClahjyrPYx6uPbbx3ZGDfyacdiYQuX/rK135y20/hQ3byqMAmdnhs8344uBhiItN0FGmMCx5fzw1Bza1qno47YRJjfoVxR8XGXrQl6WarP44kGTS286QmX1KnIlE5Dcz1ZEoXuGsolN/Ekiki8kZomtioaYLQ5yIbhu7hVJcZRhu8GmAHbptxBbAQMzOhYGcmjRFhnqc0phOY6BGMu53kxrDVser4nWMJjkZQwqbad8Zzvsm21zBq1QMCmi/WqAJf/0sJaUFkxyfkboVwkspJelCUROOfyFsVf2qxkZB//ddvbNm67aMfuZIcfjzPTfe4DRyc+fSud71rw4YNhBv/a9euhSb3xz/+EWYBMAu+6qqrhoeHr7zywB4iFAMmCEBAzwTGuQnHCAF9x7fW73zyJwGPidVQfxkB5iBfT4pBuGItCXCUATdW8E8AXCBxangIjAM8cx2PGrYULmtAUfgBB19fN6hYlwqstWHAu83Q0bYMXD8Ek4xiZC48VBWIR57ZDxsfKgPjWxDp6ZBnOlRQrgLlhjGgVgRKMB9G+nTGQkekCyQkug/hTHhmDHdmlYoHlpBpYb4UzD/HVKHA4LkeFAnfP+h+JIaJC+XKZReGfaoGaWoEgQPTB1XR+PsAWx1P6Uepi1LBrofhLQ5mUvFgSE+lDA8IdCBlgbk1tYAz9eC58XyG2hQ4TrqVCkwP1Gw2jQLOpIbRyoxquoZCx3ydhWkpKHKtsHzeBCoTGGddJ1BsqDMXhYZpzWMoD6Iz5gYG8Oma6Ti4jgeNNoKBvUCkwy2bpoGse+DDudF2ByrcxzhoBX/F9ChwCKZb1KnFDGGVoqHnY/ivZWjwdKGiXB/enUD/wlPQUUFEx5xeumpAvWGx4WCeJyXkcS349uDBYtyeVbj/mYk8NPjEFVRYRnVvBgyvj7HkkQEhXAw0ue6G1zOvbq6OgfrPHmYoRMoYAzgIJiFkasDTYEavfHjkmDaR8nogUXBk8n3W2M7xkgRDVDCwOZoXYewyZ43hxDSg3LQlDaETXE6RCPZZbAvr4SQacvVqQCIqXCxdFa2dBqSuZyhexJiehweaMzJmePNoaIYqMf2b/8ur7V159i3kcAIGYj+x7E7i2APYLvfdd9/DDz/8p3/6p8CRQWsE7uzaa68999xz16xZ09PTQ2Ye8HXjeb/85S9f/vKXz583/6GHHvrOd74DdzF//ny4Beg88Cswfe1t7cAbtpyKC4uto6Pj1FNPXbBgwe5du5/pewYq4brrUE7qda99XS5/lNXEBISaG5Dp5HBCdvMYDn9TQi+AlxRmEOZiGjyvLAGTdPfu3Tt37oQWAiwz2P1ARgMTDa1oFwe8+U488UQRiAEH7tu3D3aAz9CJyuXy3r174WnCoxSNEA4Ht0d3d/dBLxuUOJZwZHp6oTjiOPYhqwzRMaoq4lwal7c3xZrVP+yXzIqCSwVPhIRnFCELnn6wu1609kW1Srlcra5aeSKKbGAwSyisK1yh7uLyS1yfKDSgmwSf6xz0UUfMrIVEhPoyVCRU9UADFgonJgAd1QZZcXg43d1jZDN8kagqbE9+9FjcsTAlyWGf6NJW7Pu0X3QsSpq1ijFkEbtNRFg2iQmmcdTzTEM9Tjjc/PSmcrnwkj99NTmc+OSn/vZ3v/s9fqJ0P6Hz9eg8ImJC61UaCyNM9IwbGOWJg1jjXQiJwtt5147iAQPB0TQSkQKiAEmGWhnfyMcRPGMkZjwKsRbzO5o47djGej9ircozwQXrG8WxTdx3g0ML5sBUDPKiukL0l7k6JsrCaaELE3AOGMyAXuB5zMJKBZdsw2e+yjbAdbY8/Z24Iqvrn0wLmm5NdKhxFHZrVrllM5loV9Kqa5N4KNvfGZJNj40LaiYtyyDyjiblRxpHmKbbCye6QGL7RL9HwWssvO3Htw0NDv7jP/w9OZx4PpjubAKWP/4s2BWjZaT/pLjjjjsE+3z22Wd/5StfmTdvHuHW/p133vnJT34SLPZ//ud/vvDCCw9IwV9kIORhshpp9HVN9PmI4VggoH95/fodT94GFagbGkHOEMlK0QcwoJNXOuVKFijPG3BLiasZgBXpomg/RpMyzvwC+anrKh9LuciGogKhWSoKlplglCiOzoZqwPHYq5ERBt6Zha7jisAIMD01ZDwxPJmhAjUDZxCPt/ChbEDLAudrYMwq2qjAOQeVEEhVFWNe+bo2lXGxaaSPgb8VjnbHASpWAzaY5wHAFN7wx8ZUhMiXKhSoY8V2alDg7p6s6/qGltI0GzWhkcuNKHc4u24YZkqFWoL7VOH0hl6t2S5KWgPBHcC50ppFkUcmIogYGOFCoQz3Ylm673voPkebU6s5cEcYIg0vKnhjYQpB1VQ1DLn1fMe3sVo0nRi+D+w2kLFOzQWi2NWoldIwqbWiI3ULe0DluI5IFQIV4rsBT/Li6/yRwS5WKuM4ZSDiLZ2m0lBeChQ2j9yFmoR3J1r6Gmd0fM8lVMOIBoa63gqBh6S6TojRvVC/ONzjOS3LxKyJ8NLFNDKmmAHwPIshVAs0FaFmwbWP+Xo6n3IvMk474MEA11+refUAMWxcvF0JF3LInzjjipwG08E5YaNcBrzBQg29B6i3hepX3CRAWXI+HKAXAZ+ORlBnI3ofja2iwv/WX6Y8XAZHOODhmdCli1hvH1oLtB+ebJAJQQ0WnQGHlYC7Rbi3IBQrvKLDeZQ0Or0pX7KNvhNfCRWxgpu3vcT4wITfhnH6nXJJaOTl+T8qxEtGdt3+9K/Xn/Cnt5LDA0lLHftgBDi1Bx988L3vfS90EGBgt2zZsnz5cnAF33TTTUCctbe3g/+MzDBAbwG6OZ/PH3/88eCv/slPfnLPPffAV5RK8H3wWudzqN5VKBRgIxCCTYQLMIzADMJkAG4NdmhrawMecPGSxcAq/uxnPwMOesmSJWeeeeZBGDSHA3BH0BMPHzMlu3kScf4WYdGCPwMaGzQkYJ+BYgbfDLQl4I4HBga2bdv23HPPdXZ2Llu2DLZANQpOWQRiQBsD+xXTAnPBaPhKed45qGo+oPlQcwAAEABJREFU28SvcBI4oSSgJQQOd08vlkZc1yHTDE4RN1DSZGxJd53VOviT8/+BqdrVPfclZ561d/uuXK7NzLW5NYfwkAjMPg3msouLkANcl+eywOPm1MwKPmoBxm1dwi1SXLWperjmDhjoELNhm3qlVAZ73My3q4aKirFaFMYtjiUx9UrI9E5lBVFIjjjGCIUEm8zGPUoWsjiwWvzl064Zyz6zOJYfA7ECb+f2zb/91U9e+rI/I4cHn/jk3/7+978Xn/fbLCYkTOP6nCCaOOlwGs9dJilpOvHCgugJkgkKVj9FHMnetMP4Zi8axFhJyPigIjpFb01T+VHskYfQir/i2iwO3uVfknHkjTeNV/W4CFc+l1NxZXSkZwGGqF3DBfuYzZ67vYEcSKXMXC4P832+3KoAHsNMOsXEcgROUovCMZR5UcJm9RI20WOnCR0AWlel4F+V1refqPH6vSmkhUNjgsu1cnMmCeiGQaZV/23tKGWs4QXTao/x56OJZBtJKXPWsgyJaGiy//jx+Kqs6QdwAoEr6PBx0M9b073JPQld4OAma7/85S/hL5jl11xzTVdXJNsNhMyrXvUqIJ1f/vKXQ/X+7//+71VXXXUgZ0UOGuYRqMmbcOEcebp5PGY9Af3A/31wd9/PBZ1nmOh8A/Yz4B4jMVggH43iRlGMqaoJ9g3p3pCviUO+DSUJeFByyBwUCKZCUop/0D3Xx9BpitQbUJvA94lcf8A9mlz9p1Z18OwoMgdn0zmrGPAoWFQogHPAowY2Gchf08JhX0Sf+gGGTsNOOiafplBouJChatmMJUJiM1nTdfxMztJUXFhWq3pAc6cNA1onJi/kahVwSKXimJaazVupFNwpNDOg1EPT1MCBSbiWNbxdcrksRmz7TqXsgFUJtCzsAPxnOm0gS84I0K881hiTDCBjSZAuh1YLVQr3nk7lbaeC9eASuIRp6kDqwnbfRTkRYJlVDah503dC9IxStVComgZcgFSrrgIWLIZUo56g4/mYro84BqpV4vuEyyd5qiq0UDDHnQcst44r+4A1HRguWIbW0WlqPDbXczC1i5mGPSnw5lyxAoxkjRPWYj2dylMRcgZc0QLfdQIP2kYmndF0o1oFTtgD9h9oeJj2ADUMHgANlVVUONZzqUinAt0SduZSfj5KdxO+dhOfI0WqFsXAeVY+pHR1JKY9CoStkK/ARDO4RifgcfIGNdFVEHAFZ6jTgNuu8BaHeuXh7tg+vcBBn4GpcMobSoNtmOICR+5s4Ct+sN2p0WJDjJRUKdfXjhTJVLw0NjkNCxrg/XDNDV5GBT0elKB/gB8bv9CE30WcH2oXCkVFbD5/waGwduSm5TIbnGzmStihGmtVhdyJy4Wk4dkJca7yvp9te/CKJS+6hkw3gEyRtNQxD2jzQKu96U1vSlkpaIV9fX1z5849hWNoaKhcLgtN26OYl68Jwmh2HAd48ze84Q1A4T300EN333038MhQ8jlz5kBpgS4EDhqGu0qlAnchyi+mDGodOOxoGhDQQE+Lxe9AQ+dyOdj4wx/+8Jvf/CZw0EuXLiUzA9AToT8ejhX6spsnIfIE8sy0EUQoNDQS2A6sMTS8qLoYgaYF88YFCxYANw0tDVdzWZaIdJ4/f75QhYadoV1Bg4SpgjCRfVzqFYr4CNgZfgLnx0ywTSVmAg5fTy9XSrEmzKFigtaKsyzCMzZz5pkvhSQ8g0YL7d2xcMg46DlSVh0XxUZpxXbXnnZmR77jsQcfPfnkU6mIiwi4bY8L8UJcq4jO/4AFY6cicTAjq/Pk42+FkmkOH574bE3dXCyo55yOWLyPGU1UkS4cl+EbxPWdUol5tmZlMLqinoCQRmRHPbC0VRB0srLHfklodJAJ6Js4pLiZ2BKMW8NDZAlnQ3LPaGNY1wIOuALGuGjKSUpR/y1kjYeEBxTsHA/jPIBWEYFyZFwIZLx38sCWZ0uemEyO6GaxgWIcCY+K8mwbtU1IuH3r0w/8zjj9Ja8g040vffmrv7/vvnqKvCl4JuiEZGXTB0L2I4ix390mOpUyUSFblaHhDJPf3f5u/sBeu5E3jYp1qzCn9jE6LYx/I+PUb+Ja4XQHczB6TEEVRYxU84EpgP9YhjEyOoosA48Dq9ZsOBomsz4uIEY2A0aEWrWSSaf5WvNI7DjkMqZ4ttaLH1iSU07epsrDthifuntegGugcepKW99wi1PTA6i0lnsmRiolOcLQqcZQk1ZuEpbIjhiN+fWLxIeMeRQUpenwaGRrdW+tB8lWG6PXVyN+//v7oUt+9K/+kkw3pOkuIB7rwYVJgVUPf1/2spfF7HOMlStXrlix4sknn9y8eTM5QMC7G2ytGUI6JzG7CejnHr5+y8PfwtBOno1A1C1XHwZDUw1RnZmLlWG6P6HdgwYK0sxE51phhAeHwqCJa074MhwMbMZ4VqJYuobRpETnuQt9hQuOYdI2H86o8ZcNwQ+KxsNXgYCDk8BArYDFDpxzgAtcUAoYGDv4AWZ3eCSh2Vwe6GMkWgkRMnYBsKWo06DbNcf1Aq7PjKEFXH8fzoaJ/uBMQJ0baBEqPJZVWMVKKp3BHCfIDQNhaAQYjgtXNBiKVhvAX0NtwBTVsSuaiuoTMM5DnRimGXoqHAU/6brBw6BQh7pa81HB2TBt1wa3Z1sHSaXT5aI7MFCG8bQ9l9M1JVA8eNXpqmtTLgfMFLsCbDTl9UZSlk41cJZmoMIdx3MczbDMcrViV8N0BuhsQzN9FWWsVcpjsj3XrTnUwAhczPuXT6eqVXjhaVyHzkeWO6BZQwcymzITKrVcLfmB4cG7s+al8BVIbZSr1lHPL0BxZZEV14L3GBDV6dCuVjCHoWYaaSugqN5ddZHjdlycyRuqBa4BoGUrNRQhgbvFhYYhFAr1sgNU/PCA3vZE4kF496qmrjMUKvFFWDHjs3dNFcoVOLvBMHqGqYDhLjVshFxiRERGEyJ0MDC/eMjFyuEUVDUyOZXHR+NMhSuYM56UGMnsKLEGNl04FcHQGp/6gfCdUk6LY1GhxhReYB/e4fzqfA4ljsVJgosqz8CbG/XFZUq0XJL3GYxw8RnKVPMXYTjmdo0IaASqjWsiolrI44n8JsC6E/iniCSISKLve+Y/rI5T5xw/nTkJPQ4icUyD8Q4AnFpHewdKTHJzsKenB0Vv/QDoVz6jD1pGmhwtUC65+9vf/vbUU08V0tXwGV724K9evHjxokWLoPxAC8IwUq1WgRYUPGC8JKqjowMIQeATUxwWB+NxKLA/7HDmmWcCJ3jLLbeAb/yd73ynGEZmAkQuu+nNVCa7eRNEOyF15oIIlUaqiOAjaCGiR0CrgFcDtC7oKTANgFcbtKUyagNUob0BAS26jBDcwHwGjSvvhG0Ke8LhQF6jVtj0LaSVmO04HD3dcWrwjxxmsIgMrRPJlE6kFU0FKRwtORM5ZCaJZ1M0M/PiF7905+atOSvd3tHl8IgMFNwAz7/nhaiyFnCuD2YgPNV1ENZXpbGxwrWkscg0Y+onpJTGHDQm0uFKHBgdicYuYY5vEFoYGOhY0KulTaSreMgEX1LXcJkDC4JOxERMulczx8qNTxo2U0LRY2PjNkWuhXr6wUln46zpbOMuEbbYdyJ+avyeCc4rGZJG2ITs3f7OOGVEBDgGlRDMM+TwmQjmm3n6j490ds45ftUpZPpw220/ve0nPyUS0w3B9sKAI3L9ADvx7JYt4HvWNGWKvpCAT3RD7nUWVCeP6oBJI44AIyMjc+bM4bw0mh92zY7XN8AQ6jionslTB6mOY4OhC07rhx9+OJPNEJy5kimCT4B5hiEGE2T98cc3rV6zGkMDwwNv2BJTBnRJ4DIvvPA1ZPrw/DHd2f70N8Tng5upXX311SeffPLrXjdZusiDcNtDYWAuQBLFmyEqHLOYgLbLex/5+SeECgFOyRjm/8N4VbOzd94azep24eUK3JiH7/TAF+lNRdAxbx9Rzlz0/4kUJXUrRZgmJNJ9DjknyPNyUCUQa5cwalYYTPykcA6Pvwm4GYZOQQyU1VAyI4RyuX4mZVqm5QVgpLrpbAoP5WGrfMkekIZuyINM0zjsosADThExMJm56H5EchrOm8bzcwPRF8IaOGRnMln4W6mW4G1ipbSsotqup3AJZLAcLQc83OjkBD4WxnoohaYrQGeggh2qWbCspnJPp8Y9mXBWFKvDQvgecoymCtc0gHNWdMPQ0xnTtasq58tTOStFUXua1JcsUWFbUx5ywrgmhuenVB3o8xwSp/AYGIqT6Ny0jewsBcqg82QhwvKHISzbY+r80aSZgiL93FHPBSMULUPz+MYiKRGoTHh6XiwwU0lDPnD4zeezDvBCpTC4EChSphtEi7K/EBHPo8F1wRtg27ksKrUDFy+W2gWYiQVbRBSmSKnroTY1z4NMRI5LlUcY63GSE4wZTiiXhUokoAyeAUw5GFFmPLYeH73OX7HRdIhP9vFuhZsk0lhmGAk/5uHGuRNYAxi7zV30MNOJtor/RIa1KIP4q8QBJtEap2bmLuQ9gHG9cm7jc9OBNaxzGtufxX8wIh8eWUC8oerokyQc4hocdacJIds3frxz4YW6NZdMB0SEKZF4HoAqY52I1N+1fB2HEkZa7TMLYG+D13rnzp0vfelLYWj94x//CBz0woULV3LMmzcvl8sJ6V7RjGu12vDw8I4dO/r7+2GcX7Zs2Qte8AKTL0gBcjCNTjV8KQuxBREZ/eIXvxj83nfeeecb3/hGsZEcaLDM4QHcjsYXb5LpgOzmLRHH/YkAeUEfV2tVoY2AblTDgOki4W0G3B6dnZ3QIHfv3k1xyU4An9vb2wcGBgTR3NXVFUU2AmfN55bihEJgWqh5SAJaognT3dPDaq1CDhOiGEAexkjrfO/Y+v0JSMUpELV1Awrtt5UrX5CfM++PGx9b9YJVmCAkdHFWIVKHYxJCH0WfuadezCD4ej+uhLa/y4hJiHLEh/d4IbzgoPl/MW7G13UFiKoggLmEkU2N1sp2paLl8lyjML4bHrEXy3E0M9ISMwucdAbXCA/UhwmdiFNh4UP3/mLB4uWpdJZMB8DO+fdv/ieZDZgJ1tQBAY0l1xOrtJF/8AMwNflK4qlSt6gjFIblQiGTSXPxRiKy08O8rlAoAqEsRBlhEBgt4Bos3dCBxKhUyp7rw+sA5UJRlhRc3ZZYcaXy1Em+5x+Qy4vTL6g3XXLKK0844flJPY8xgNF/DnslQMc866wXi6Tuh47nuenOGvU3yCEQ0HPnzv3gBz/Y8qft27eL2GeYV5IDhIYhj2FctpmjwjGLCehHNlxdq4xSlFkWvjm07uC5t/Wu/JOz36Gml3BqmnLyD0lbIVhABU9HBAsaaXsJTQGxlgwtxZBFytEwhcP4hQBYVKCgMXEhRkMzLoAwBo1r5rJwTKaHm6kYH4wqBSiVVpc3ItFgQ+upqLg3ut4y8DWgRLuEdYc/Syap5rGrSE7zHMpo/0kw4PIAABAASURBVCFFDnQ2X0GjUJF7AAoPVCa8SvyAjbkjgUZW+XpEIR5MSByBIfbB1wltoh/xdGBJcx4kMjJDl4s+hDQW6G9KrkISq8kUlQidCCb4zYBGGYrjxUoi0CTihSmL1/MxOrYYhXvoSePMASpBUetnbgp3SKyrImyyMAH+yMWERSwRG6txxoWNIxklNMeZuJF6OAW3t/lhopZYGF0rik1W+WPDZZk8YiayzOsrEym2Izwwii4eq8EoeiNycESFEVMpyqn4wOONRGkV5CFmXPsfUzS9TTXaVA3IrDRVDUqFOD3MmtwgqAV+KXBHfa9Qb3nJeJD4I9xAzSk8vnnjduIPYSR8QhQh9Ms7/vB3x53+72Q6AO82dvhfyRIzDSIqM/m+FJ9njv4GgqJo9fHHHw/k4N69ezdu3AglXLRoEVgJS5cuFdHNGk8sDvciQlBhB6AFn3nmGWARM5nM8uXLCR/zhS+QRgJ/KrjEgDqEW16wYAFw0P/3f/937733XnDBBeKyU7EeYn2PWPGD1KtRsPkC5GAh7M7pWp4vu/l4sLqiHOMCSsAOY34IDdvS4OCgzzMKwE/QxoBcLpfLMOeHxw3cNOH1mc/n4fnCX/BbwOHQwIBlhuclq/oYw+zq6eA+YWzKYXL7ByOTm3mk4UcahURP/exUWGj1Y1Cc7OTVp+zdsh0qt3POfMyEHTC3aisoVYE6N4En8kxzQx06rx/wLoxO+5izDWlrjpYdbe42esNyq5ciB436b9RHct1iGMNRGhzW23KG3i52xywgicXm4+c1dSTf2q3jfFs+lfokI2rOLJJIaVXyA3qusxCnv+hFLz7zjDVr1ixfdtycOb0wqsNGGPb37dv37HPP/eHxx39/3333P/DAVE7Fp5coHBlFvfCFwbZXfez+X535sgvJdOD6G26sVat0WltzbPPQAzcCx9tLormK4ZJOQdljbIcDufrUWZ4D4oPUuqOI1QkvJbHAY3KtCNgfjE1oP+CZBsMA7AfHsQ3DBCtiZHAol8vNmTsXuGZoElbK8gbcoo/+add0hQjewkULgGu2bUfVsMxgbwTcae3zcL+p34RoggRX+qInnWt68HXBrXc/1Ia0X5unISvg9BlIjTUyFm064Z7i7wSR5C1roWHXRq3w8ZeDVgIdE7rnRz9yJZkOSHsyBquLKU3vLBUmjO9973tFjPn69evJAaK+sGlGkM5JzFYCujj83FP3X4fcKMEceiJkFP26RA2UvJpdYqZXcvaTcWZRwXgEJaZ/iTBkMPGf+K/gboX4GTeNaRT8SVWucYShuGq0AlEdr8wDhHWTDBAeGggrCbzMGoWBVeESu6FYyciEAUoi8zZKDBcFWQiuNiQiNJWI1YPRmeuXjk0wbsYCsYvUdMNiONas5B8xyEBhAtMsaiPkIcbRgajwS3iy6zBmekVxAozI4CoZ0Rk9Ipa+haQ+YNbN85ilDYMod5+gVEN8CkrDgJg4tl5CYPtFcHksv8dvBK7sCRExOiakhILLWFzWbD1wg5iM1dIkKWeiCzAeOU9jCzauWUHm8mIj74/iGvi+57HNnMfn6QRFr460omn90DqJzKJzMpGlRCFjQTjiSZP633o0ORNpMhN1FTLhAOAyMaEoLW1kh2HaUw+WVieajCmY+tEAFqLl4IjKJ2DEaGnd7CIZwtePep5r8yVVLI6irl8UilGkxjDV0yoDz7vSOMcj/Zv/c8GJf21ml5NDg6DtiMTzBpSH03soJhPE7Al8EFF4My0IGgq2c+fO008/HYoH1vyOHTuAdF62bJlYliiCmoG4oTxXDNj3sEWsh4LdgC4sFAqCRiSJdxOpR9sBPQ33Cxb/ySeffOedd/74xz8+77zz9isuBr1b52hpakRRfDy6TVxOrJ4Lw4OhhDyuDXroxpbs5pMDmgE0HszxEviaHvUCkeISAM8apn/iWUC7Ao9IsViE5zs0NCQUbGA77ABfMZSJJyEELptIzHLMxp4OLdC2q2PlFQsScYUbmwp/GAoFME6f8SiPMCbcydgpWUKtlZtPyZ8TK9viqcDYf0RqZbSjeNxAxD5Tzh5jyutKECxbdmKuvfupR+5eevzxULleuap4gc4Uz7F91yU8wQsYT6Hn8iWFqL9Bwyg6WAzvIkEHGWPhk8aVuE3c7aDjoGmjMRZVS7O9HX0OaTRxiPfHf6qw6QPGhTh4miyYwnh5wyj2D2Z6e9IdHR6fArCplXGieW/C/J+AW0kUmzNuIq4EU92g0Z1oM4ziUsh6TAdjDQETY/8du1MFU/okX7tThGh4ggvnYSZioilKyMKE/Ctppn5a3WCcwDCRKC+JpUuWXPKWN7/uta+dN7fFmsIcB7jAX/kKVHDes2fvrT/60Xe+972tW7c27gg9DMuJrVEE14SBC8xREIqZj1hs+szjD574wpfk27vIoWHHzp0/uW2axTcOB3Uy0xiZqQOlKlDHESORVdUQaeTjlUuUTsagwi8emg3awoULn3vuOWgqqZQFwzuYDcuXHnfc8uOAZgZSBDoUmA4LFix89tlnBwb6XcxEapxwwgldXV1gjahgjSNXjFy2zlMaep5/QGun4EBR/1GWCzQCfRhtyNEGJTPAldXqEU5jwaB7XvSmNyxauJAcGqTp3oQ4UopME7Zv3/72t7/9mWeegc9AQ5944onkAEEbMnzOIMxWAnrzo/9tGFrg8oUk3C4UmYrRj5bSOO2oCdIw4gHVBruZ1nMiYFxzA3Dtm9IQQsv1PVSFp5RV6jTuuAKNRebWXWdAWMNH19ciPYSAh61yKjw6c+PR3K3P4oszEWAciOKyeEcaE8mJQnBKss6Y1lnUhAXGhzJhUHI3CBGZRoRoBi4djElXBtU5FnpNInYXbfiAM54K0RR+azwHoBoVjJFm85EqekT/1iucNFQXixX3kr9qtMXuXGvDaDyaZy2gnMpXmkInaEPVUtZyxE6UO7qEsKTFTVCxB5DhcRQyblFFhkCOEMlgIkSWo9h57s8VtDSps8Px7dQDaOo3OLZase4QHStOvQGM1R6pV3F0e0LYuaFKo7Ix2tLKhRIADQHkM5ky+OJuMD9Mz3Ud20k0CnEdigsOFI1FbVLlLoxEKnCFDm/59rw1h5pvV77bnlcI+FrCBx98EMjctWvXQosC47ijo+Puu+8G03blypXTtWpsugC8MxDE2Wy2Uqns3bsXvi5fvhzYZygncM35fL69vR04aOhNmNTUcUZGRqBJgwU/f/78Xbt2JSMTx5a/cIgPQDLCyXt7e1etWvXwww8PDg7CgRNP5nk3PxC1VjjE4IBSHVwgAxx4cAk3mk5CJMYhQbsgk8gwy7wKcz9obOC9EBIcInYeINQzBjnEFBEaGDxTqFugngV7yLgQhyAuaZ3vENsFJXdw7KTEEcbs7enTL/18gFOqVvb7VKsCeXLVOH7FCZXBId/1Fi1eAt2JAoXnh0rA0zSDr9R1uBCHB2Q042m7lch4o03XquuWNUBpCmebHGyCuz/kaSblQj1hgLE5+H8VzTvgmCzdpDXHKZecak2x0gS17sZ48mQqQqyrOCRjOsDidZWEE6nkKIPy4BZlP6ssDwk93d1/eeWHL33rW6d+yLx5cz/w/svh3w3/feOXv/pVsKMafm4sKKpw+KHCxmag8LiefvyBF7301eTQcNtts0b6uR7ANCNYx6lDxClg3BhyFgqdwHsxEfjbXm3L5//khS+s1qpgnVarNfBeZ9NpsW7Gx1TYOO/O5XNr1qyuVKqYCcDQM+lMpYq5TAxDx/gveC+4HnrBcbqoBwdiPwQoI0lczDpIwEuOybdTKRg8w+dZOC07Svf7k5/c/v7L30sODdJ0J4ftCUIvu+GGG/7pn/4J5pjw9dJLL/1//+//kenADCGjZysBvXXTj+K8uuj/Q35ZrEfh4bwiU19IGaX1sNJm1PUjGnlgQUwmWTwqwl1ZM7NJJrSsYlEJXLX43E77kafovn00uYYvuljTxTlhrNbVFRhfgiH4Tx79ShmJcjjX02iMhTsHId4vrXOWLDofGSM8VZ5ajnHmkjVwxWNCECSSegij+AwSueWRx+cxyQZbMD/z4jXa/A6mGaQemD1hK26MSmlmiRvW2US0O2tdn0oTWZ+U5xg7Zcs4g8nHhcZHEjYUGCq/Iaw38Ws90bAg5euLLghXqo15ZRatTGSEJM3wKOybOxVE4ZrrkJH6tITWpUnqhzaYSI3jx1hYx7jnAdNUmDce9HADhoWG7IYDdkZiM0XSGboYpqkAR3ygKhFFEv1MyMiOWyUBLTF1YLRvufTb3/72jDPOAJoVBnSgcYGPhqb7ghe8YM+ePT/96U/f//73T9dK8GnB6OioWPkO9N/OnTthSy8HkINAHLe3tWcyGcEsCyEOEcoKxDTsA8R0nLtjou4JhBHsBicB8v1Xv/oVUIqiQsbveajdnAuACL7ygA6UBPSRATxZ8YBMw4Rhtru7GzoCNC2RXUTEOEMfgecIDaZcLkM7Of3006F9gs8DWqM4g2h+0LPilOX1YNCInYSTz9KIsOcPZnVPd70jFHqPEXxgoIm0FodALaENBvZ1CGdSq67TO39Rrrvz8d8/2NPbC2N6UMPbEfHTwNkwoGJcZJ8xJ6HvMy/AZZqJjIZKMm6knrikbu5FRaWs1eugHggswrvHDK3xbPpBtYv61SP7k+cW4SYdF4yH/yMj5bkBflNG+gdzPd2mYTFMbR3EczGJacRbLrrobz/1yVwuRw4K73j7pa9f/7rPXv33N/3P/zT9xIXJQ64bKVIi4wSMRSreZPMfHz10Avquu+4i9TinhkuT+gyXt2GFRVI0YnpcF6mEXuLhHJHqvHnX517xTBhl18XiYIJdHAUhmYqniudfuJH/jk6QkE/lqIh64mt+eZekKl5PUVi0zpi7T8J4PhbW56QKa74NJVTi/sIPDfhyBh5AVi+AEjHElNDEnC6+GTqmtUN56p743Mkz8MgowqP0sfRKPS5MJEeivDICL+SDlBiouFNETC2jCNp4KFGUOmfARCaskICvTNdVoH3hWXR1dddqtUq1pKkGvCMwpz2mhAool8jI5PKoR0rC0XIJLId0KgX3G2AINFM1HCFgBPREND2N7q2ZABD1iffAxK1BfYWMGuDTwjRdPrDoYJxQ4YSLIq0SsWIsGhYjNibycol2UX+ATaNffYm2GHWDeisa2yExesYjc5jghuJxm0VcglJ/hlFVhpTWORdKQ5a4WREIGNafqdjO+LEJzSKKayYUHr0VlWjSNUaJMsQ1yusq4hJCkix7xDFEZebtiLEEu7Xhrl9JAvqgMQnpLLxBh25If/7zn7/mmmsIjxH5+Mc//uEPf5gcFCYvzFEko2clAV0a3jy4Z6tOXC7fy6jwteNLy+eOOxyZYThTMTwzsj9xUA9II5MZU4JR8CuniCkuOqM+5hGMwl2jsa1FOVij5Th2Xv7Kqdml39y39bOf13ft0wKvzkE2jsnxmyFmSb0kAAAQAElEQVQaq9AnGWKekoBzvqEYwzFJhAIvywDsQcw7ixRxpIksBmiVn9fHe8Xc25rC0wPys4k3Oh/z8V2GrxOVgOPS91wkSzEmW4n400hsmFsncDZVGAmc8o7WDaquZbW96mWLvvS3NJKwPoRoqUZWubkKG76wpt/YOPa+4aAJXjAtkaB360Io0fX4HVOSpHbrjxBbGtCvPvNrlcreXbtsDOrh2XxVmPxb8+bOhwkiPjL0IaBzAI7SWCTqIs6N7xuVh0xzRe3kWkvawDI3F5WSSJ1j3O23aKJwN0AomNahThqh4KmUBTMRu5acPXLdc2RFdOajkAuKkPAViFCFYJMEbr/vjGpmOzlYiJVZROKwIUDjUmWNeQnEgmSR+pIcQUBJgJk97rjj4C8UAaXleBputHfTaaDMgFADuu2gp2SHA4VCQfCAULzBwUEgaDo7OoXuM7B+0PWSEc0A+Am2w85wj/AhmVlxfFOPg6DhbHPnzgUaesuWLaeddhoZR1jzHKoHEA7ZEnBOOA928wPRZ2A8hd2hpK2T3Xy/EFY+NP6tW7dC+xdaLvB13759wDXDV2gh7e3t8OCgkUAbg58ef/zxUqkEW+BY+EmokMOx8Cs8aME/iuWToouRyN9MJAE9kzGre7oPtGwwXSH240cM2uLHcbEK7ADYaCGmV9f0YIplplesXBG6tl2rnbB4mc/FT3EGwfXK4F0F/+Gxz3bgeMx3ob7gn2BGIlYmUXkKa3E52tq6JXXRuniP6E4SkQf1Fw1LTm7GQMmB0fAYe8IDoHEioSgB5gGmruPmMvl9xYJbqmrprJJS6kWLaZGxIOhDx1gcTPSFJX+iE+x/JMFYokFNfnnWcFhCJaZF7Oo//t3fHVDgc0vAaP+lL/7zySev+cQnP5W4slCbQfY5SjuPPKCIvMdilArDe3Y8N2/RceRg8eijjw0MDYiAGcrqAU9A0OGSYzNkKs5SNcV3ahouVcZk63B9nMAqio8RZUrgOwb+VURWe5gsqtAGcU0qLyfMhVGLhfoKzNRZoELjC8C3ryL3qmKOJJ4GHi6pMx6gzxMWKdBXFZxlq7rm2p6lGDBlQQEa+MVHGU0hvgN1gFmd+JVhAojJ550QpnOqFvdXytdU63DqEKUmQw2HCHhDw7kw4xSMARrF/EwKpxSE2icC7g51MphiaFAvPgswhDjkh2PRIsqQDzXY07lkCoW744FOcIMMqiaAERSXYagedbj2CxRUwSrleZlwZWrgpjDnmK9omu0iaaBwaU24JYXnsddNDS4WhD7/JXSROUcOE0Yz+ArkM5ACaJMCe6Cg/CbcAVRl1XbBcQmbdcugHrXDQKViNEP2HYl+PBt/QSgqmBQKRtOppM53Cu0vJ/Q0qASUi8RDQ9iFRkHTfAM8JQ/rVlOxtYggLZiJcG4fPvGFGGJZO8UHzXteiO0Km67OR76Ah36Bsx5+DnwP7hn1VcdUmJRAOCNQ4ZQnl0KWQ1Hqbj/hhgn5gneVr4aHR8z1nuAHsKAU3KTi46AR7YTZnnzPQ3lA36XcGweNgulQ3xEnHvrgqTTApxJ60DCJziP6oF2h40Kh0FBN1WRCQoU/CBGnwqcLIq2XoGTE+AEHaLzQvFCcRYHeRKPVk9HKcso0+Khp4DvAli26PFaxymfoQmyV0MGh4Ucf+8Opp5xMDhbSdJ9Iy3taUnk/8sgj8Lezs/M73/nOqaeeSg4WUJiW4mlHPQ56VhLQ5aFnUR4BBy9BNjIuviHiQzmpiv025AOyiK2losOyWsDDe6OgCASMdLrC8NXCJTZCkcYNXz7MdcC32GC/xn5MNratNaDD79699Qtf7n5ms+YL72jz/k3NNlS0UNOReuZ0MQnHyCAUxkCVZ3gdw/tIh8KhjgcLheqCAuNigC9WH5U0fHjnhgrQgRqK1ims7vRVRDeBcU9xPHiJWfia1UOxmq3eh3jFwQDlo7YTVgFV6qwrP5YE1XL/nb9aNPxhOj/Fa+DotN3J8lo0GqmTPiRSD/hoOJjWHy5rPgNNeDKBb6pt37mrMDSk+TU9LKhhCYZ5l+SG9LaRgcHe+Yt65vSAX7g+8keu2rolLS6kEJrwmE+50HTKGwURRqYJfMkVrVZriZ7A1b3hbYfrqAIaRKWIVh4wxXMPlYAmEocTwtYB1HPfR6SzeF0d+feTkBSYM2cOMLlAjQGJBsTrihUroISCeptZGQiRUvFFjjggAUWermwuCzAMQyjzNlVgLNsKBCLsDATQ5JUs4l4BQkt6eHh4vMUjdKXJNEGIM4hEdlPEoRPQRGIC8Ei1UGSnhMa2adMmqC5oBvAZmhzhtSfaz8jIiAiLhqaya9eu7du3Aw0NzxEazM6dO0UjEXLqQsqjra1NKEeTepYSsHTF5Q7ddJY4HJjtPR2zVB0aFLEEkAdTxNMXSoSscyz+ENZTj2DCcJgmaCqSAjzOTAiFRZKILefO0ZFR8mthuiMrAVP5fEdnW3vntr7n0oaRa2/HbVAOH+Oefa6BGnhu6HuMp+wLPSCjgYP2+NREFfOOhgA3lqDJKa0vKYwjHehYbpAoopGodaXgKH8XEW6BMBTL72iUCYZwpoTSMQU6GsVi1u3bREacJpJ6rHTIrgAXFxi6AW5SDRh2nC2E1PH1kJUGh6yONsUwgeARabqTh7JxHHSDFDJt8AfE1d6ayeD7Yr48IPYwwIYlT5n0JkQ0zVgc4n6YES7jXEf9M9mf+d10DsLEwlKmTBBrL9YFIsvGSJwrKKxnWourgrGxvGfXXXvtK88/n0wT3nHppXN6e9/xrncz0Vg8DxqCpmgY/gx+R8bTymB3GnsCu7dvPhQC+qE/bLKVSDVRBOqqnKfj03CcnQZI4lEjnYHuGQAvx5CaJhr1sL9SJUB9RR+DYy2gKpFKxjhcosF7KaCcGoR5KurCoDsLueZAFTP9EPq5yileHu5KSZTPCLnD+jpeIGFhFkxU4IJhOg2T6FAslGCcMxZPJORUJnB92N4Vzv9RLyQ+FRw9MxTD9fyQ6kAswkjku8hyeiofK7iYPRyo8vitkP8T8bOMr6IQQW4we/eB+CY6NAVeek/BC0aRcsgQIuvOkBxXeLQ3g4sSF+g+lGZW4XpeQA1V95AAhOO0AKoNOzWYCiaQ0NB1oRZDHRl+j0dVqcgoE5rSHEJcGMiRSYBa8XkaLZFlFSOnsTdTfuM8mVAIZDMOXCpuRz14veY4Ia75Awac1scT7mVAYgLui2DknwJUBvHi0QajloGggIev8pBczQXiGx8TWDU616aFDuIhoaOYGlUqns84AR3wOtTRBEaKpuq6YqkWPkyYs6gaj9jja90JDLfcHMK2jPHvhohtxycGbYJHGWMFgCGlQcsCVyG0RKRzo7h/7IYujHBAXKvIvEND5LljMWuX0BrF5SAe6mLjo8L2Goq3AtDcGtZtqBOVm7LATxsBRsnDY4TqpS6KM2ncoQD8uxZwXgeqBpfJQAWDS4ZTL4Rrx2L8FouWuVMxEUPqJ4yGaqZEmbj48v4AGSp44gY4P3lnU/gbIKKwHNeBWYjnIYev6lZIgppfVXAQ4jkh+KD64KOPHyIBTZ5PmIRtb3rBgUVw6Fa0OOcJJ5xwKOwz4bPU5MR5kinnEZ7yz0oC2i7tUnm/DDlPCpXmugGMK6pKx1OTCrcNmBuG+/bVfvugPdhPIskE/I/Vmc+sPVU5/jhmaZEnDF5GLg339Vfv+121fy9YPcK65e+V5pM3y2rUAe80/fEn2vqepQE4FWG41Ijwtk0AT9eVRYvUZUsZ+kwVfFmwuvIjY5lKadeTf+xduiTs6QBmmb9ofXS5Ok7/3n3M9U3fT9m1bLmq+zjWOIbVduKJtVyG8UriPuiIgAbKmfTvDTc/Q9vajJUnOBpSiqSu86DwgGrdc9QnnvJGhhVGEnQ7jpGYGNFzsZZCj6gmma5YlibstwNM2ee2v/0oTZ4qGYkw3sdQf0tBZ645lc19fX6tnHb6084eVtwcFraCJWJlFjjZlW77iv7trufUurp6Nm/uA95eLH0KiOjbYBXo6XS2e86c9nwbjdQ4ptrnG0ZAOhkXP72TVQEdiTCrUquQug4KLw5aeTxNDTQNzrgxqCXoSL7nlFKHEK4qmanDDaCfCoXCD3/4w9e+9rXwvhSBk0uXLl2+fLngT8kRR8yACyk60ZwEMa1wkJkEUUh4E7kcYWIeS0jrQDCxrDnWYyWJTt1yfxElLUQ5x+t1HI5uLsK3p85MHWI/ld18IoiYU3gQ4Kgol8tAMQ8NDUEbAE8MtAogmoFxBm8H/OpwwLtpYGBgcHAQdo7D8IViA09S74vAZ4BYYZDia2/FVWAjNGARGEskZh6OgZ5+6AT0FDCJKRUHnZIpgonl1hinhqm3585foLlOub9/Xu8CeCH5IRPxaZzcCpAU8Vz85wPH5TNk9wK+3l0sI+TzhZYaqbGyBo2vq0YqgXRMoDZJ8kar9ASLwPU/eKpwvuiRvylDFir18IbWU8pxUdKsVbngraNouq75gaZqnhrCKFGtpdLGyL59bQvmK1aKr8lsWHHMDozD3Q/EdC2M0quM58yPNUwv+yzwqle+8oZv/df7rvggIUK6Olb854GYYiFxgoDet2cHOQTcs2nzjiolSfeHIpw48MnjUafAu6k8yDekGGBKecwpMre4BDgITBV46dDTauDvgk04dw6YCixKwDMQwWEwqeLzW6AAwfuvEF9FYQc4oYZkN3ADxENmmSshwq6aT1QmWDvk+EzdAO8QFYIcfIV0yElwnpATA6mR/VRUKCUypD4KDPpq4AJ5DiVksEkD2hYDeIFuDajKo8QcTEWKXTDE5ddiVocnDaKoKLRi8QgKJQPSWeFeGxNuX8Ol2jbWDHLUlDPwWAxB3TNB21OU+NE4MYmhYEgPI3vO5+QYCS0C7jA4F2hXz4brgLuGaCZGpEXrm3ltIKsb4jpoRecqnh4GvfH8nRRjc4FHdTVkNnEFrw5PCNhVjIEmPHtloBhajQShqWIOUB54K1xmjBvqfBjCMHYFT86jlKKxC91f4C4wFA1nhjza3ccAN6qKNEIYP+dzXhYYbIWKEomJAEa1KyLImYikU8wO66KonM7n7Dc8Ux6iTPiIAX4JOK/iOHCEThk40FR8DPzh8iFSxKbDMwzCKEkt40w8NDFf5dflK3kDIXXCs3cCLQ1l82lgow+FIZntY1uFiX8anrfjg7MOzuSGmqOkq6pi6zDzDzg1jkHd6ID0PRPqOeAh+wrGa2FVKC66AVTOLKPzA6kfXHLCE6yKpQokirrjfSjktBM2bHwI/C8V64r4Y8awabG8QvEcHe8U/AGai74B3j4IF1kVLyNGfvf4M39BDh7SdJ8IYGwful7ZdGFa2PDDgVlJQDvVIcKV73Eg1TCVqorg4bsBeh64FpMa9zElCPynn/3jBz6i9W3Wg5C7FiNTD764C+eu+vTH9T9/JTEMzPQMhuP2XU+++0Nq31M6Dmc4ZidA0wAAEABJREFUO+NjgZJcxBZFQk9AQMNmI8A4YmCfeYI/hY6TkYoBI3fRSr3gEx9VLnw5ym/gipwEgGi+d+PeT3928eeu7j5jdRQNwUcYKNwSHHsYGRou3v/oyOf/VXl2sxKG9pyuef/yma4XrGCqJty/YtEQTzEYFG796barPpW68JUL/uZjSnsbSdC5PHokZKXytvNfZxRK6ExMFgRXPNHU3B7WlieqwSa2bA87pnxVNikHze9AjT8n2fZoIVTyVPVrhqG/efNmtzLKBh7L7PtFh70lFda4zULC0ccd5XeFhecX550z1K8NDw6EXlUnNRVd3qHI04dnIFqxYBb37c12dC1cdpyRMgPPmaiM8FbSdGHi4zhSLJU8F6leTVMzmSzyBZyq87lYQch8hTe0XC6v6YeldyN7bqVtuyaijnRDV31cq2SoONoKPo7gmynEN61fJYcAmRHrsAKMryeeeOKuu+46++yzhUoskFDAXv36179+73vfuwhcYkfvpcWXLVIRsIlLMkWa7ImC1o4eKNfVhVdPnIFTcNATjYyCQId9gApExtpxRe44MnFr55EnSsvFbkKdgxwGwGlFgPZUdj7Efiq7+USAmgGfELiIoKWI4NNMJgNddcmSJcKmTKfS0PbA0gUOEYjmUqkkyESgquHxwZ4dHR3wQTQhkX0OIB4rnEq4QIQ7RFxOhFoTiRmGY6OnB6FPDi/ChORRK4s7Wg/ZgEneKEysX1MVmFXk2tu6eueVhobB9u3p7iUiVZcHXLPQ3wiCWIXD94CoRRJMMAWRFifnpMIWF4xMzYR2Bl8KSaNwXKG8oSr18nNF2zBin1HjjS+I5DHOkR4hUnComBFyx21UD8k4h2Qfpwlaflz6LziVqjEtRFpPU1Q/9MDJ6hvUYq5THBk2cjnNbFGHUWjyIQ8keIuocqCg/iwba3tiZnfsjVP/ePXV084+CwAH/bm/+7u//4d/IDxIHINN0VbByO8opXo0W8JKHR3sJ4eAPnWOccp5qqHx0GUWiRIHMLNVQteziyXoK5plGLoJ7lCVp5PBIE2UfvBUx1ZrtqKiiJ+tGoGVCkx0wqDsgRNQN1B0Ai2RUgMaug4kYBgYFHYGzg7+Gng2pNqYCW3UxOXNasDMUDV8qru4OljzmEpCU1OrlYphaRhyFgBBSDGBKLDMGG6sAbHrBgymZB5TKi6n9SwVGn1Nwe4NbKEBJwYiOgzdQsnySVpHxcWaQWwcoYWMleIEXgA3bGqKZSDrSPD8GLnMgrLtDJXKoQ99K41LDOAo6lhpJBlwJSkjPKWT4Bw44+y7YQCcbegFQQp4Ykwv5dlDJSDpzWzOTGc8fIpAsYa2D1VHcB/KisWiamX0bI6oJidzYXro4YAAlatDlWhwOoZKGsCmU5QdhZ7thNCvKUaIM5Ogkao5NoFRzfF8QivM1/P5MJ9xNNWlSJJqpgGPCVoNuKXAroCbt0xTs9KhGj3xyGcEz8RxRvYN+KWab1fVTCrT3WF2t0GDqBDgnZmOMRlKOm0Z8CDcIHQxSB6GG3Cd43NHgSMorB+KYECViZXsOGpCe4C2RDDePseAbcF8sNRnUOOq67JKFTxmBg1McCG4MFAH0OYwthpJXOSgwXdBNCtEJpkGmhIAva6oNk/9pPKlNkILlcfDQ9vzA8eGMnvAv2vAzismtAS7mvLK2dAPR0rQrlxwI2TzQce8QjpdMDVoDwGGweNrBCVcHN/wUDCFD8U4XOPZNOKldZtg0DrOI1C1yee/wqOHQVczVGoAlSmiBGzoP7aCOqsspSlpQ4P2BWXDBCAwSyLU8/yaY0OxLV3rNAxLVWshqVLFVjQwIouuF/BYbvCWguEHU5cnySEldZem+0SA7gAGNpkZgOmDJKCnDZ5TZNG0HD1wwIhpfK0z2IHMS+ijRYq9aliubPn2d63Nm8HK1nHBWOy0Ae++5uzc/fAXv3jGK/8UF2fAoF/znvv2d7TNfVm7An7OetY+7pBsVBTeD7mphAqOIrjIBXMGTLwr/FLNpdkJxwW6ruADQX+oEv3CNaie3ZzOpbS57UTHd2xsryrRLTI2b27+/JfBKLfrr/6mo2Qr3Z3G3M4QB3OFRkabsLtRqKr8xydhqEuvXE4zOgz86DOulwRDnsGcHS2WBoe7xaoaloy5YL5mLDr9hQx9d1RtktSekaD7JaCbSOZIV4LUVcuad4dm9ezmZ91q1d7+sPr0D3vyu9NBiXsVlZDLaWtBzdl9V5DqKXb2UsUtPnePtevu49vB4R1pGhBc22X5mQVu72nFwvKnnq5AI3ZqTn1a1JzuApzc8+bP7+2du3fvvn17d4eBJ+Q88I2taIaVWrxkKbz8t23bysCQYrjUYv6CRb29c8hhg6GDeyXwvMg9ixODkMXx4wq2KLGkEcwE5xCuQ2Ya23iMwfM9cKW8//3vhzazY8eOH//4x2edddYLX/jCbdu2wdeurq5DSXX1PEGSFm85q58EPHI6kkQgU0Z8ZiHlQQ4bMBEND4zd756H2E9lN58I8Ah6e3uffPJJoXuez+eBKBRqztA3u7u7gWIeGhqCJiGIZjEfgKO2bNkCzDU8vp6eHrA+fb56XRwogqCFCgecFs4pYpeAgy6Xy/JZzEAcMz09bEg9TWJ3IkuKUXDbPdrSuPvYhrFVjGzcIrD64rUosxcTzkwSbaVi/bOwiGNFNCGJG2VyImKQFUJiqGSB3huizpkzDwz0XXv3dXR06pbl4eCN4zdDqQ0vcB1me8TliQehJn0kjFA1mfEsNdEkQohpNJO8ItSYNbwyUHePcqlUGpdWEaGEUU0wTosgyxP6omYxpBAjb5B1ZiKheBjdhbgthSUnIrHa3ASo1x5WggqTLAtfVsCFQU15btbQK4NDbd09mplSTJ20Wr3LWIs4azLx5eKjEzExLBLGZfGMi4q0P1FoYnODarh4i4sw4QqIFrRHJ2VMCDjyCUPrFk6bLiNKy8VkSRSfGIf7xgHqiVubQr95y0UXHbru8yS49K2XwKvkv2/4NiNicSzmzIy9HMmClkuj5BAwOv/U7PJ0qi3vqyhUHLBIBMOCNl2ujA4M2L6bzuWtVKZSqRKMiMXYYCDLdK+WKpctx2auVwpZkM6Snp4gl4b5pgakeaGslqtpC9oi7G4aqpmiWi4kGcyDx7SUqhg6Trx9F9pjW85qzxpGaJtumGFGOtBNX7U8Ra36wHGngJSpVYHxhC5R84DFJKGmO4rqmlqgo0pDreaWUdNXGa3ZIbCsmZRtKiXqu0Are0CUa2HNTgMl2D9gFCoZIGEN3c2lqgYy6cAkMFUv+q5rKFp72uzIBzr1SFABIhf+ug4UwBsuA2GraSkrZaEaCnGz+RShuuOGDlQW5vTDWZUJ0zwYZWpVMNbB+2OyMKNrTmFo+5PP+HYBBhhz4fx879wymPIYvAykuMtCL53B2Et/tJDp7NI7OgM9bQfMD1zfs41MWk+liGkB6e5jNB5wHEwPQ8tHyYawUGUlB6hbndlZ4ltulRSLYaXiO4GvaKMKMxYuCro7B3zfMFNme86wTJ6BW3FdDwh94LPT6SzTVZgewrgFFckDwqFkQXHvHrVzb8Zm1UKFwQ9zuvSFvbQzrZoYSgfDh0WVjlzGAP63WPOrIZCpUC+GqiuR3BCxPRdGXT1lBUpYdWsuCoTDdJsZ4AAISdan3aGShREQLu0EaeCvq3ZYLqmBbTFPtx2lVlMC3zA0TedjuoKhhrYbatkOpqeA8XY1Lcika5pWA3IXRe9QddxFkXQcHJgbBE6N+Q41DZYGhh0DHEmpGuzbmy7t7XBKRkcF2OYq+ADyncrSVYWu3n1ps2zojkZQiNNHxW3fDmnNN2BDwC1/OC20t7QxapFhrh/CfUJ8PsAji6EQJpQYHDU8NTSuUSuXvVJJI2HW0LqyqbaUnjF1E4w3DWVKgH6o2XahVAA3ST6VWtLRkTfNQuBvLxb3OJ4RMPCrVMAjxJM2qdWqX7UPydEkTfcJAA9L6OMdIkRYmPh7KIDCZLNZMvMwOwlorwqd1DANLtQDvTLgTkM0IP1QyUQa0ErMH4JFOPTctl4/TBlW6PmJKAPwz4JzP4C3GqnUCLggNRzp+rdtnxu48DaDkT8RLcGl7xP8ICXhuM6X+DUUFgl32vH8vLjOiK+S0VgUCUH5+j4YR80lS2jvXMLTAuJik8iY4XJCjA08szmXyRpdeSYCqceUMRS+EIWvxkkZ7Wf+yRYdF+zQri61oyPkUkAwkvFsisIgomHRHf7js8Q0u1auJGiqhigUzbPtCWV8zKX1h8dN8JUGPGthJKWF9+WD3xUmKif/CXjlosQSbKwuRImidLTJekkYZs37HxEcyKX2sy/U5sjIaKlUdJzaxg0/fPuKwaxfUXgKSa6ZpVF4/dMw4/XXBv5gZk/cPWr/59f/++8vNHtKg7iWigrrFxNBOqXNteJz9Lg/H2bL/VDNeCWTlbj4mEgKCX5hBd69LrNqavuu3Wzf4JBbqWWDIcvdYfhDWM9a1lG6a/acp6sOHGQ4ozl/txEMqan0yhXnkcMMIDswzwQPRME0vg0CSHxmp8K70zrE5yxfb4cV+/btA/oJiCcRazx//vw1q9coqvKa17zmjjvuWLFiBbBa5OiBEdY4oZyJEdCEh43HBHQMMmnrTSo/MsaSO4+fxlMaK5aOAYz+I7DCCy4B3OV+61wS0IcPixcvPu200x5++GGXCyCKQPhSqQQGpQiCbmtrW7lyJbiL4IM4BBrkC0994cDgABDK4Eki9RyGsD/0d2Aba7Ua0NPQ8eFU8BXOLPQ3wNIFwlr6nGYU4HEcez2dU1JjLB2XvlR5rFgYj/HjRvuxcTL+Hf9LmyIFYke+IshswdiKvXiqaG6t0GiDWNjM/YD1YC5B1/IVg5qCarOhRy0j1d3RXS2WahV74bL5Ih4NBaYJLnVHtQ2YcLoOcYCGdoA+I34I/Q0XeTMuUop2vVhDOT4EWqGRySzoVlydjS8/nsMKZafE0mkM/cOgPB6nHAjpZ550HGhEFwqAKsMK8BAWcHUi2hlZRpHFjcfWKSzSgeY1SGN7vIH2HouGpoTEWtqYcg34jcDAYMzAqYaBp4cKsCG1oWEzk1UMgyeBb2SfSaNEM23RDBqvmKiXxA4oTy/aCz+nCKQRsiO0KX0f/xjGTor6ByHB22A9RAoUPolWsfI2ImRSSOuYFcqSNxZNdHjTiRwIkcKwODu39RsqluwHPd3dn/nkJ8lhxif+5qqf3v6T3TsL2EDgTQIENJ8ps6hKokfj2RVyCNi6e4gapU7FJJm0p1E3DHRV0xVaqjpuxa/6SqBYxMiWfbUWmkGAJDiwguDSSbmE2QGpeAEwtG7A2hcEqQ4/nUcZdcdTMP9RWCpWYdKs6mHGol26DhQydEMV+pvHfIO50MqNNJCJYWCFjmq4quX6LtNsQi2mYmgusMoj5XZo0U5YGq2AG6lGQldXvRStaoqTVkJDDzxWq2k7BTQAABAASURBVKnlkHgqAcKuBtynw4qaArXm8/kb8xy1UuklXma4aO3rLwO/qCteW4cL1CTRPeBFzVSR0oqp+Z4LrLVvKC4JHIXBZN8FyjTQmJmpuDWFAm2ehoHBC+0RYH3VlAc0KFe15jrOgQWd3na9kbLmkxywkCHd9eQzxW1bKoP7dNSD1pVMOszkSyGthj4Ka8CNuDaOADWnWnB8IJ2cEIZ1G8cnNWAWkJmpVJYC002wMApfu0ftaj4Isx7wxOVMjaR9z3Brll8x3KpfKPiVCg7QmmEzUiuUaUfPCNGUfLebb8dA8DAAkpyYJEi3w5BYpShT4no1YNAtIGsVDAxUfH/UBZoj39HdVdEGy5VaBfgbkjKtNpbRodQaDDXALSgEqspmmDULSRygawMX2BuKkVZ62fZ68l2aZUIrqsK7iuqoi01pCkh522svBV7Z6VDAeUAs7o/TgHQvehYL4eTUDknF1+D8NdvUlXQKI+WhpelQZZoGzwsDyDwKLc7XiK/RQCOeQeGiIdXd0FNMg+YMmg/SJgx7tAZNwkcXmMZy4LXwRgu1cgE8IKg8Ak/ZDrxCtWLaZdWsmKat0IylwfhcrTkuEPJtJo7MfL0y3C81dZpN73FrZYrRAzzFIVM0NcDV5nzM9hiB8sEUH9MYaKFvwVCCwem6kbIywPBjmLam1HAxA/ReKIXppUw/cDxTZ6m0o6tq2oBzbB/dVTEyXr67BO8KKDhGkYPjpTziHpKGxvPNdKetEsaO/0m8XsCiFisLDxrvfve7wT5/+9vfTg4BYuKQjICmk+YcIkcQs5KAFirzOBFD52rIOWVul6CZpxPMX0uEMUeRWg1pWlt8zlmjDz6sV0o64RrKdQA7W7HM1MpVJJ9D2w4m9qa64uUvH/r1vapX1imjJCHLhkiuOGiyVWjyVxYRtGIL5+hECALGFAfx8cIR37P6ZHiR8G08manthUNDrFoj4Kb0PHvzVrWrXcnneCAGj3hw3N23b8gvWJB74YnM4qExOLTlwU4NVS2/aAHRjCj8V1HBzcf2DMFfoLrDfUO1J5+hqm4uX040nQj1KnhDjBZYoUC8IKxVi7++1/QCboqEUXlEwDVUcMZSj1uMgeMTLH87GgzzIYJOcRsfbMORkWEYZx56aOPgzoGOFRV4JzDV2u1mf7OpsqBXP2MRGPy2zlzV2ZcKh/r3FUZHq1oA7myfr6kMRMwGvO7M0LZK5dq2tLEsM1gIys/+dklqIMXD24UlHqCkOdhlPeriswYVMI7KZPcD7tDDWm1bewqXjPnw/k7NM3Ira72nVdTubDhCn71Lrz7d8+pPweMlhxl8VpyvRIZ9i2U40EWDgDEiqaWZC8dxMLuHkHDxfdQY5XJGnZ2d3Ad/NOW9mmhZMlMJaKG5EX+O2eepHz6V/ZP0tPiAboPDbysI8muKy/MlDgegPwK/DB/uu+8+eBy9vb3gFoI+CwQ0fE5xiPDYZHuwUhb4k4rFYnt7OzgLR0ZGoLPDo4SuLZY7PProo8BBg20KP8EHGAfmzp179tlnwzmJxEzCkVmGcqR6+uEbvYWxXXcEEtrKjBtb4RZ9Jw3fG18udcoa4wtoR3tHxkzt2r0NdW1yeaGkBv+A9vFd1H0OXc93HM9xQtfFJITAogAjhIHJAV+GqIQRZxldIkyWfMxQ4iVHollFk17V1IgNRykMrqxBGavz95gAEbhoILuRgA4xa5tHA0ZDxWO6qmOWNjA2CSerRRatsbsVUQKkqZJQ8DlZLiQp0fDnkdVwEt8DKkjhQdAKip/S8sBQqqdbSVlALx1uoz+68WMUf/mhD4llLocVuWz2r/7yI3/91x/i35jwo4jgeOGKqfvOD+lZOsNAQOvFlGl2dSkZCxqQrmiK55dHC9WhId+1YX5a0aseRlBR8NQAe+yCZ8P3gPlWR4ergwMKMY3ueaSjqx8IWMcLNF2nWj7fEbh+teilNFNNZwLFHCiVXQf4bZajzID+kkoxw7INFqSprVJPUQw/ZQWsBi9EFqYoyZNQ9WpKrYQXrrrFoaKeyYXZVMGjtZDWLMU2rFDT7KpfsVkV+hYQyEApBm7N80ZVZVQhrmJgJflu3vfb3BotDOu1gqIizUCKAXXzFK4Jc59MLjBMOzDKmupniEMUh9IqaoYyRVdT0J/cqlsGWhGIa4OamhsoVT9QcwrRNExrV3PShgpXCu1KdfeeynPbcppFVG337t3VndtS1Mu7VXjl2x4JRwdZe4dmZVU+Vfc87vQKWGloqLZrrwuOsXJJ65xDjAzjQclujVmZSAsIujZcF3xWJkbpOs7o6MgzT+XUVJqwVFjT3RLUlelDvTEnZDpMWl1/ZGhQ7ZpjdHYr+c4aUFqqxnQMU4MBAahhVMr2kJkxUim/7JbKFdV3tJCZ4LdyfOaj3kWgp3xg2q0czeRDM+fiWBfqONZo4Ndyg9BRUkpKB68Fc8BZ4YS2i2qTmh6mswNw6hq0HuJBbeCAFAIR4cK454ZGxW2vocwFUOwG8CYwKgbYrkLPg4EYlSlQ/hJHVGDCXcdHVt1h+Vwn3AMwwRqhaaDtgawPAzXkskZA/PqBHQTgQeHZcFSqqzSNUi+FWjCCV4XhWAV3Xz6V9UcUxw+MENhcVvNqo3v7R3SrmM1B0V2VtWVNJVSLgeMYmmdaI8Uq5kvUhOp5AGx9VdF9Q2XcCYqhZaoeIGOALwWf+zlRbxqHcHgFmKqlgLMlk0576VQF3F4KCXS9BjdkewE4QWH496llZtJ5YwhIax9JbaU3lQ4XjlYDaOcVjHM0wGODTz5jEe0IZGU4ljEJJQ3W1CES0C/jIIcGKMZE6+eOeqzJrCSghaHpAnui4rCvkrprHEWJ+B1FPmpkYNF6SpnzLn594aGH++9/yPRZUuMAnGL6SStPuPpvia6FPA+BaujdF5xf3PDbwQcf0L0K13GLl7DRViUR2M+v+N7xgpQTaJjx1xfxy1zjAv+TWbmUok+OCGGzsFx98JNXm5v6KK6QCtRKreedF8GApHFvPYzYwd6hrd+4fs7cOdmv/gP4FflaOwp8Eg1JVdePX7GCKJGxiUmHt+956MpPqXsGjCDUbLutXHaWzKfdXT46lHklOe62W2/bff13UjVX8wNztJALfBYtUxwDxlK0p8z53UIwrE6fJxBT9dzKVsb/QMnsJSRR0ioIS6WSbTu//vWvTiGY+IJLpIQP7HK+9Ct7YZf9jcu6LTTnwPkaMr/MF1ASoeQlggyqLAs/G8zRiKtRu7P2VKX8ol/e/uir5+1bpG03UL6Th6tj0gcNpj395lx33gpVXVx45v5Fw/+3WNsNLzmjyn0rih7aWyvlZ0q0HM45l3gj7c7u7hTJrZ1sEZ/neT//+c8fe+yxJ598csmSJatXrz733HOBeiA8HvZXv/rVE088sWXLllWrVr3whS985StfOYnupGFkVD3L2WcWtwYRm0L42lCek00S0LMDKCBeJ1IF+3z080uwFgQ0mV04kPJO/e6AQ5zcspnGbi4iZKXW25GE6IDwDgeLZC9HpVI56aSTFi1aBAQxWCOjo6PDw8NDQ0PlcllkIATyAmZeqJbuB7v37IZHBnyiSIwJH4CGFoKwAwMD6XR6165d8FiBSRNuJzjz0qVLe7p7MtmZIlonIYBBVZOKb8ie3oiIgJ4eMhSTiKFMrqbpnd29wKJUS4X58xepuhH6fFk4OG5x6QDyzgHX9A88TsAA0QSsGEozC+F+HvUcixzw/9Ixlo+bTLH6MgZLU4aPCfVa1ZAnp+IaBcggo4JgGEUAAwHte8zzoBCUy4BghErI06SFQCuA38KkInmIsNAUkdiEh3aLSzXWElc9bSKg+aV4IjQlDIG6CIDY1oDhw7XpOtOq5WqtUNQyWUMV4Sxs2ue0bCz8+ZjF0iVL3v7WI2S3v+Ptb7/mmq+QIMo7KiRJSD1cPRIeP7SHyEYHoOuURgfcOb3AZ8KbpsIUu2IHtqt4Duo1YOo01t7dO1wsE66zC4ybgemPmGOXlcD2KZ0zv3dAow5PSKfBnEpXqq6v9rQpHTmfaLjUVIV2l6kNDezZswcaf1vILDMdGqafSxddE85D0imgDDO61aZR03bbXHtOYLNdO7LlQtUu03KtUqpSu80w5hXNdNHDXD2Oa3qYXip0FVblJChMuKhTg3+ZtgxLpYdcG/jBFPM7qacXhoKhfcSrUY1ZwE/6frk0QnRDs9JFe8gyUu3tnSwdlFnGCa2qbrgqcJuh4TsZTXWH9qaGCkAFVgaG1I68nknDzE9jRSsHhYbhhaZwUUW5uG9XuGN7rlBSnaFaoaBVil1hzaBQuhpFSRODDY8QY29m7gLVSNWom7NgrEoHI4Xa1p2K51quExRLRDEyc9IkrYOPTGNByq4GMFQEYSrVDoSvaVpALFSGRt0tu42Rok4KKTUwWSWlhJYKpDCphZphAjfgZ3QoWnbHjt1mNq8rqgdEd6hgtDF3clFUslYC2KoCbe8buqWqHnWqqcBX3WrKdeHmKVDmHrDQWautXTHNGrDSGDhMfBVTHMIYZlipWtVBDhmcahhQbeshiiZXh0o0a2im4WqqjUMcUMY68Mu256WA8beLqhdYCrNIkAfeHuODFQyoNnXVr8Hrc8SulEKH5brmLV0CFLXqh1bFLe3uL9lhh2JoPgPuXORY8hWSndfppSyXUof5ilcladNVFDWl28wFGtwlxDWBu1YHihXqBTlTrVhGQEkbPAAoCbwPFGuUqJV0esBQak5VCclcy+pqM43Ojid2DI5QzW0zXI9i9s0AJvEakEEoJgJ8uk8Clxkotq+FXuhUK5jYFsWf0DMIfUAzdOC4ML2mHxRUty1l6aY+MFq2C0WH0ZpHgJsH56Cq6xnTGHGVLKYlsJmjlMKwGCpFqo5i1DUmt+TaKwpci/nSsD9ITEI9i1+r1Wo+nydHG1CMyV2bR5GGnpUENF9PFq9ko5HvVkHHEZhJmoFJ/ALf13gUsPD0057uE6/9stu3IygXuH59BDWbNhbOZ93tTGXIJ3JvP+1qO/7fv+A+t8MviTU3dUutKecgbTSKWKN6b/JX+K8bVJ95tv/67+Se3YavVP7MwSBEgtlQ1UULmKHzZVBIg7O9e9WHHuvdM6jw8IlCW77rhBcoqlFXuCBsqN8aHaSrjiM6bAJfHUqHhLv6wVAsZdJs9WoMoBAkMGPewHDnU5vN0RKarjBAmaklp7yQUNQ4ijgez7d+/+Cc57Zbro+r7WBoxOTdSpO+HiYW6Oww5vaIxXk8YW9TVu6omsTt1w9W2FH3s0wHeGpxXK0GztShwVE3zXh6WTDJw9Xz0ks7K9uH2W82K76TLlTpKCm+dD71+Oo8PIriA/IU41v3ehqx3vSS7k46qIZOxrVZcejB+x541fqVmDwBl9EEQk8ao+Z5Q4cHovrFfY/96MWLB7K+zaVfFNwIb0eVpP2B6s67U7llipGC95f5ondNcgvAPrztbW97/PHHkxtiPPoCAAAQAElEQVRh2vm1r30N/l5xxRWxbtFdd90Ff9euXfvf//3fk+gwpHPH4cqOYGxFrVghjis+UJdd5rOa0RBv0PgZ8YRFUUDuUaQh4vc6is7zVeGiUQmKXNDiSM/Vp8pHt43Fq+OFLMZ+9xcKb/FNJX8S2ye6HdiOKm/8kMnZ52nv5nCUyDAjcWQQ5e0h7Lnnntu6dSt8tiwLbFkYbLdv316r1YB33rx58+7du0dGRqBJdHV1LVu2TCgFY0pMSmEH8JVCg4FnDfNzeHzQZuAM8JThtTw8Mgw/ARO9cOHCM888E+Z7cT4HOWLPKEzOPh8bPV2s/CcH4oGrg1HRcJN+yroGg/BXRn94er1YxoFF1xKkW1Lvo0HPQQjleUGQSWXz2VxhYF/KMtryuSBEhToefOx7GO/su44b2LYP9L2P8Yuo+OkjAc1Q405Qy2FYX00YEdEssYoQF3XyjF0KjehzIFkUnm8LF6gzVcU4NlXXMGULkst8hwBTruN7ERi9WoUvsQTL0dWtNM4i+GRFw+RuKmUqkuB4OVXh2cujahcx0ELxg796kt2f6xtzTprhawvz7Shg1RlE99G2B4IM+CfHLQ8OZ7u6gfgDPmOyRzW2PJkkQ1daPnSWEIGuJ3wXId/hgTeS+jmjOh9TxzrokS4WxRJxF3EzS1yLNfnOk3+Tv4mPl7z5zZNcbtq7+aWXvuMH//2frJ4wnIxJhwhhSHrQlSwQlkYJNAZPre1xCE4qgfWC2asKbQlmC2GlggolwKalLAvzIWrI9KksBz6MctGrVnUSeigeTYAoNTJpVCy0bQ9aLvC8OSsMFLcaQsevQO/T1e6unF8eDAu1sFod2rvHN9Ns3hwvzJcx2WFJyXY7XjlnmRnHzpaG/a1Pd1VHe8KaVS1qtm0qulPrN7Qa65xT0S2PtFVIWAxKDhSIBp7p0dDRK6W0U3OKo+6QpneBk7adws24NdK/zxnYm6qVUT2jbAPpAF1fNayaRmzGSh4UPV0byjFvkZnVM+1dHowKDMhR2sZYh10e2LVF3bWvva3HotrI0B6rs8uwDC2rB3v94ZFizrBspzbav6s2si/tuEZAND/UA4eETuhWVFYzdQqMsA5uLhhp+vdAvabbu7OZbHW0yDx371NPMqCemc+G+7tySyqVYnW7Z2Uy3fk2u1AaemqAmlq+Z56nV3QzU/ZDx3dM187n2roWLWIjeyq1iq4Rjypl27O6F5i5nkpAdR4+vXNoMEznwqrtjBTDVNauYYA0TvdMzeeLMHQucGy6LBdQi5gM3Am1Uho4ilBNmVktVKmVGVGpZlngY3BwWXZgQFNhmGDQMM1q1dfNVOAFBgVPl6Eret4PsmDGhF65XPFRjSdjwiOmOhI2MHJpio/qTbqV14HHKJWrmkvbTE2jvlOuMqecUWnJ94ZMpX3lamPRUq+tDQOjvcAs2ZneBW7/ULFsZxQdGHMtA+4K2jGnx2nXAwvcCBpOvkOLWNqo7QQqyWVTNIXsEeZ4rGjg87AJtIzAz2ZTC4+DHujbbrVShgZRzWTdbGbYUENd7+3M5Lt04F7asvr8hZ07tg1CI861ZypVt1SomrqWa7PKmLA28B0cGLwAo7Z9pxa6VUwAoMO4qitQNCCfdUw/y5e1G/BhmHnAyWR7c216rspIbTh0ivj2hoG+GJLBim8oPpxUsdUa8M7ID+gqhW6oCA8mvEJ0hRIm7b1pQBMZHeUYoLRSqRxKKkLwLMJI/va3v/2g46ChAChnDjbAOF1HMgMwSyOgY263wY7hi4kCGLx4GoDo1pBQJZzrTVvG6pUksipJdDiGJrNAE2QpTy9NUZNf1SzjBcfj4hJhrcXMatN7Oal2PL4nJ391mXX6ae2nn7blordmRx3GKVwcTFTF7UingZCkUQIIBQbrp540K2VglhUGBqRatSyy4njMB4hlRJOhMlpgNVs5bjmxdB4vAfQMG3lqKy64mNtNFy8au27I7D37lFIRsyzAq5sQR9eVF63ldwSnwvwPBPy9T28FqxJGd43nLGEi70ejheZrem7JccTKssGiXygR8AUqjbLOgoIXzDsuT9G0bIbmswzt5kSuw1kOYbj3l/0iMztZFZ7XQq3wwVd2/f2Phj97cz88WnjDzVtgnJ5axJRd8LDADiDMg5elp5p/GPQ2bSkevyJ17ly+KBJDV8rqWJwwvKh8XOkI7wl80PBgtdANfnnnD89NDVtgFKGFqBQDfcjJzE+Bjxoz6LaTclB6irSvgLeldurFExUb7IO3vOUtTz75JOG6ovPnzwd2o7+/3/O8K6+8ktR1Ql/wghe0t7fv3Llzx44dGzduvOiii37+859PlEHVyiyJfDx1cBErXkuzSIXl+Qp4Nba1tQGHxRW9cbGXIHkLhQL8BBvJkQUwa9AIoTzw1hRyt0JnEzYK6hl8ucViEcpsmUe6bNOCQ5zXxWeYJL7pcHRzSUAfeQDtA/zys88+Cx96e3vhEQwODtpAcvk+dBN4asBKQA895ZRTVq1aNWfOHIyAxgw7PIuxpomutG3bNmCih4eHgaGAJwingsOhfwnV8lgYDt2cItXYFDwoEkcSkxDQx0hPF0IXTKypO4DhkcUC0E0HJWnAusJ0vIHVWcDoT0y9xSx0vGckPIcioR1t7WrIisOF7s5uTdeFJ5TBC9P1UPgC3lEeEE7IBeO/wGOBz3h6QJ4bkHEt5cj+BcYomlNEV2bApQVCxUzRgIXx/KAKhLKPyqcZLtmeYqgvbGCQHBASauDzjDJ41hDoG1yC7riu7WIeHEULVC10bPDPGkGQpjQNk0+0IwOd6nBzqqJTRWhLU1Eiyr3OQvCa0MZ5qYiSIZGcMTLgqsbVBgx0B8N9u6Fl6JWRglssUyOlqVp0tgmeWP3BTWX2Oxa7I1IORvRxyMjBeMbrvogx0ZVDehFHeRH5icTncckQyWRlGffxtRdeONHuh6Obv+ENF/3wO/9FuPJ6lMmRKrw0yAzz+c0hvQjUzk5Wq4W+TUoO0VNAzjLH5nPXEDlDIMYYqw3uA8dnNp/XTA24UoxiKRa80SL8BrSmY/npbKY9lxsEVjPwFF0Fjs5MW3rGLBeqAeYfNPwy8LxOm6EBtfncU9vzQ8OGT22qB25VceYqHR2GYbpkNN/dO1otD1aLam1UUcOdbqXDKXQFTrceELuIaxe2jQR7tgZGxs+0Be09Ybrdp3qNsXLJNgK7R2HO4JA7sA8oabJ3BzUzQDDYTjUdeKRade1KFfqDpmCAEbCUblChfoX5qmFAsaulEaCRDWa3Lzsh1znPEyueS8XKtmeU5zbnRwr54mh3R/ucjOUOlh2fVdxaqVo0GAECvFKGD0GKeSaGL1EvgK6O6qJWyjBCjbl2FqbVRPUVUvNKlT3P+fv2MFWv2ja86pnvKZYOo0N1pJ+GXrqtN6Xn6NCw7fQBR9vmeyngTGseaZ9TTtmOpme7OqxMj+XPUb2K5iwtbd86uGO7HtJcTy8qPod6CYgVVLegLJ/zbbivqll2mJLGmFyme1VbDTVd0zE41/FIuZqHJlBzwA+QgefvqtTzVGbqgTE0Ws20tRtKOGLXSDVMAwPqsxy1Qt+FAre161uHbaC/LZpKOcwoOtnRSlu5nKMuVcJhzw56u6t0XjFFHY15DAXuVUOFaqlaxhA1gI+F0dJF06dqOSXNLmrUtUOvoJLq4oV701mrra3o+ECDtJuYyLIzZ+YUI9y7tx18ej6Mn3TETLf3pIOcVoYBDsdsqHojlSd+QS1VqoxlWY3ZMJnX1ACasaXB6IrJGGu50GgbZQH4DMD9WCiXiJki7d1hJm0z8BiESshMEmR1lXQae+32baNlz1fBF5HttMDr4IaBYeECFx/m8zXU/sf8W2DIaeCtYNA7gNxXTJSYBj46wJhov60z3Z41i0Mjge8Z7XnLpNVRVoXHDaQM15GFfuyGqmPoPvD4QCT5geYaNFRVB19FPqaaYmAphuAcqlUI6SIS04ckGV0qlQ6FgP7e9773i1/8Auz5gyagwf5Pp9NxwcgMw+wkoJmCMmnwmEMmFpgJeyCkGBUgmBQFvGJ1OTMhooZsKc6vQsLVdxI/EHx7xF9iItlUaN1qnAbuVIciUWXR3NSaE/37HtA81McNUcmXVXp6WVcn4ZoVnJTW9u0bLOWyTFEsj6ZqNWPBAto7h9RjlJTQrxYLg235NS9bRxV4zWioMQfj7iN/MFwvu3KFEiXNFFrC/ujO7SM97YYbZGqeZVfcjE5WHSfORkOeF8VxtpTtfEenCV5i1zFrNSW6GItVROCTbaSWvOCk8Ilnnvj7z1vDg7DN56JhQtw6mV4bD6O4QkrL5dtfdV7vpRcruZQgtMMJxPlmBXiQo4qam4b53HZvZ7gsR7YaNLBU9/T5zr+8fd6//mTk/t1eWTHWnv1yI93B2E4koKkW8igSqIDXvem1T33zZzuHq2wOQ7UNRQG3tgkzBMrTXVJUPvnDQPa/futWUTScpjoq69/V9vvf/uE9b0mBZx3eGyOs7ZpfVDbuGvra2zsXqAVs4kFIq4OkbUlqwalKfsFEhQdPmrBiP/3pT3/gAx8QG3/3u9+95z3vGR3FnNednZ3XXXfdmWeeKe70X//1X//pn/7piSeeuOmmm972tre1PKeqpdp6/6S04xnhuSGc+xCjHJqaqiJJ6JkJEfyyfft2eEH+27/922tf+1rgtoDhAsZqz5490CpOOumkON72iBXpscceGxoaWrNmjQ3eNUWBzzDI79q9q72jHb6uXLkSSLdbbrll/fr1S5YsAfZtvM/5yAMXPdejxUUIuXCFCsZ8P5RKnfWIvk0QAd0UjS5kuyc65eHo5oKpPPqSLM8biAB/obAhAtnAJzQ0OOQHPpizCxcuXLp0qc+R4QDqOZvNCgZZSG3A8wJiArYAYbFo0SIgnYFbhJYDe8Kp4Cc84dAQHIWcNRtruuMDISWOFsbHrSQhe/pE2H/jnWLzRuaXptPZ9u5OqFIwXdPpPOG8RMjHdyTwYLrhB1z0GdhnD6ho8Jdi7LOPGQJ5foCQx2TDGI6hMDzlGg+CQaov9MHyU2iFsaLj9ZfK+0ZGBgvlUXDAujb48tOmefyiJS866ZQlC+apXCADno4eAMvsofAZj5XznKpXraGArqaPOM6Tu7fuLhdK4G3S1e5cfnFv77L5C3o7OvIWNRTOdqOWNBVZDmEiBXMHjWIzo4oI0Bb3HSczEDkORHA2xUSEyIyHHtWRosR8aUzzvHL/gJLPUQPHFzLdEOR8PW44emWSYwinn3baPC6m0RKHo5vPnzf/lBeexmfQAaegec5KoXeOoOSgaP6x8595JhDQg9u3Ont3Mxs6BWOuh1H8XDWGqRp2QMcuuj7t7ErnsoHt+TXPGS6SSiVDUcSmWirs3bXdzKZ0phPFDHCdrwd0nGMz4ONoSG3HsTKGAmRozYbuuKcwHDilNs1yA290cCd1y8pw1kulqpa5dcfT5uLFHQvnFT2SZgAAEABJREFU54wFbWwVHdy985F7t27+43FA65XLKaBx/VqlWqVmtjo6HBaGze45ZhYMTtWkgRrY5dERMjSk2mWYvLqlQaYA7UuBUueqwkzXFVcjBc8GYlDXTBf4V0Nl6WwAzmBFzwCLWasoW/uCYkHrXqQa2arruOViddc2qzAMvKcxuo9W+qkGM0GDaqbt+IqmAWVZc+02XTXDMKPwvJ+EVTXdAcNPUwu1atp2MsTQA5QJZqqPqx18cDyxmk9RGsgwzUyWmhpO7mt2WLbdym5FM4HPACLY8N2UaZKSHVRK/uDwMFClS5elFvV6KbXgq2VVt9O97bnOYU8BfnNe17wKMWwzVdX1dEfWVrzckoVm1StXnEKtpuqWoSoeuAMs1VQUF4Y92ze46mmb5/fY3gIvTJXKORK0Z9vAbVbxgBJQbdUo+TUdjknlUhldZ0EW2gMBztnwQjZUqflVT2FQTpJ23VS1QvfuDp2CTrw2uFm7Yrp+ds78aoaVFNUzdfDmQeVUdHWXH46E3kLLHB0ZVPp35v1ixqmB22OkYpN587xUeti0ikNDejpvhMSAxqNRq1LrdOy8Z3cDP66GNRKOWupACHS6V0UdJQymMlN6r6aVUvrewmh/MTAtCyhpGOxhuB6t1FygswM6avvUV1BrWs/6SugEBLPFstCFygFHCzZckrIMoAErIe3ssQZDcDHaDoyp4M1DphhGUWDcU1AlRDdwzSdwOhaueKdcnx2DBIGzR9GO0FfAy6B6mHWQOCrQSOGQzahNRkeq0HZ8VfF9wnMFaAoq9jOfK6MoLkHlDjcEDh96vaHhAmpgZJRiJewfAscWkZgmNKUihM/FYvGghTguueQSMPLhLzkowKXBYEiGK800w352JiFEWbaQazxEeaVZPYyBU4SoBQ2+fh4nQIRWR53yDKOYB86+xv5wJSKaExHOtOm/0ZXHlYVO7VcWuck1jAXGAYopIqEz5jjtmUsxf71YmYYJr+e96pVz15wMnDJ5ou/pz/9L90krlayF8cpqtBit95STXv6ta/Rli4iOqWCBQQ537bZ/eZfhe7njl9G0EcYubEaWvOaCRaf+CarZP7lt5z/8PW3P6F05zjDXWeZ06qxrvkThBVIYHvjqV/0/PKGHIligwQqBdzld9YLN37/F+v2DbTC4I7WKuWSVUKlnXByrAbRM8Z8x9MfNbSecZJ31QmoZOJhykePZOLtlfJYOtFelUjrxxFU/f/qP37ln8OPntHfSETX0UqxyYtr77EUL95onVBe+WOk+HkVQ8JnVQ2lQrjycP6+no6vD8wZRHCXg5L0foiRLGGkFwqZ9jvnz7dVCiJPBS9e9Zk/VIm45pVkU+SxaYqmH+mt/GGK7yuG8lKLxFOkG5ncgmaVrJyn/d7/7Xfi7atWqyy+/PN74kpe85MYbb3zDG94A9wU7nHLKKWI7XPuDH/zgj370o6eeeuoHP/jBRIYsIN/5wtGt38P7pMnOhbH9oVSAnqkQr8Z9+/blcrmLLroIPgMBDawWUA8wnznttNN+85vfnHzyyYc/IrKhgRx//PF9fX0PPvgglEGkR3vggQcEDQ1tqVqtbt68GTbu2b1n2bJl7DDITR4EIro5ELP0OIfPGCY7tr5jGEaHT3SJ5NdJwp/JYevmkoA+kogbErQKcAsBmwA9EbpqT0/Pi170oq6uLuCdwHVU44BOAeQysMxALsM0Jp1OA229c+dO6ClgvLa1tcFR7e3tcE7Y3t3dPW/ePGh5Nbt233337d69e+/evbAP9H04raChJ29gEkcMEwUwCsiePjHoJBRz6wAIGiZTtrCI5MTke21tHaaiDY4W2ts7dMNEjQ3XC2Dqj3SzH6JeLLDAbuACBwxfMRshMNHER2k7GsmTCdsIKaEQcwTSgGo+C0ZLpf7Rkb2jo/tKhX2lykjNwZX7MCNAVhrJYS0gT+/uf/TJza89//yXrD2FKJjkRgkwjFREBGPwteNi7sOAbRkevOePT2ypAmcToutJoWa423rymc5MZvn8eS9Yfjww0V1t7RZG01GevArmUApfVMcnTYomtFA4HUmEHBfPmi7WXWJiErQHMM4xUDRcVC4SlRtErYyOGoWSahjIUHOqmtHpWwKXiFsmxyLOPOOMSX49TN381LWn7dv8MFguXEOEz50xIyF3PfDnRw4Bew2YrqR7XnBiP1Gd7TsJ6v8yFRo1TMqBGRMrCGxH9b1iYbiA01Bo1VRxfRWIaOZjUrww2PnMpmXzelLZDgvYM0V1YAbrFDU1XeU54jTDhH01xbcyZsWpuMQvK4Hvl3E2r+rV0q6wxIiZrgFzetxxueVzvExuiCnAgbYvWja3I/2Ub2/ve3aualVsW9U1G3qcC8whvFa9sl8zrSy0cMwH59VIsWB6tg7MLvO5DDsuQQiYiprLgV/WgRVXgFhVAhw1jFxHfu7cVEeni0uAlbBSTY/uY+UBUq2pw+UyemxU3QSuMZXumWfVCulaUQtdP4DLsCFg4+fMs/OdVluHoaqD27YW9+1hng2eJNKWt+Ytys2dBz2/tHt3sHenMzBgeTYGvLJARfVRBXhMj2g0l+tctqJz6VIop18puf39wd7dtDySskspFaeKTuDAAAXeJl11lSBIkbZMuxVaagWmkCndM9V+h1YVmj7lxamR4YGQAWPpM03vaGPtGU8JSlBPpJTO5dOjleroUDpw9LTlUwOGOcPUgSANa5UUC9Oen6pU8i7rcB3L9yw+ZAB1Oieb2xsG7TCKaRZ872Jam6oDxQ6ONcejO0fs7pFqBhoCs1nJMeyaBT+FPow4eSVMh35t395itWoXi6S908llaGcHYzlw8zlArYNXQjMGHSerhtWR/kK5P+0DJxwWdMNIm8NA3uZy1VRat0xojZzLDQzF76FBpjS6e3Awpeu1bLqfudm5uWHfd4HOJxh/ozp2N82CHTVYKbKaotnptJXBIP2KXRqt2lzqCNqtiWy1idm9Qk8BPj2Etu0AO+/Aq1QjVUpqOgl9MgosOTwnHRsLuPNUXXdc38dkiuCq9APwUGo8pyIBIlo1tDRwMjXbDmG85iolGLOmm7pl+UQZKYP7w9QUMlQLMIm8ottgFKJeLIUXhAZuBuCpsTszE/yjZRt8GsQlGXAcaroG7cUP04GfqtU0Vy5tPFTEpHMT+0x4TBJ4k2GUPrhshIeShBBm0HBp4L6bAkrizzNh+jwrZxph6IbMw+l7gElDNZ1yg4dLZMIQjO9P7uNvDRqK1X4i5QJf30XE+5cm+NY4npcJaQ6x3K/RLcwaTdlmSeiGX3FdHnhMn9tW+cMTlhewiPwNQ1Wde/JJcA914QJuPC9fqBy3gFSrQ3v2+mk9tWIhtYBSZ9E9qYa6fCkBB6xgn2GE2r5r09/8bXrrFiB+yXGLqKnGdw+0L12+hC5bDO/W8OnNnq6p7R1mPisuxzUzKG3L6metgXrwd+7dWiwuEpw+DUnCikRVk3lzSD5f2/R0O3jZMNOJ4ZhaxVLQtGA6a7DgCfiCLc+FYS43XHjsk59+0feuU49bCNw6z8cXEBF3PquAxnlIYXo/OEjOf8Ur77jjFz94YOj49q7Xn9rdToZ14pu+u1Db2cVK+2yjprSNkjmEty00ERg6qykLLM3L67SnTQfGj6i46g1c3sKQj5vOgkVzP/DB11VoG/hF/uSFp+zc9lzo2zTUUZib4kGnnTb/sZ8+66E6LlDfDsXJAAphmXNOnKT8zz33HPw966yzmljFtWvX3nHHHUBSNGnGwW5g5oIh+/TTT09y2nT7KrAuUCqdCuHqSLJGAfctDdixFatyLAGIhpUrVwL9NGfOHMFn9ff3A1HlY4LoynHHHYdR+4eH5I1ZV6HMGWsjZrNZeN0ODw/fdttt55xzzurVq2FIX7hw4YIFC+6///7FixcD3faqV70K9oQ2CXwZlBbuQrBmIlrwyL9TBXcchIGIet4v6RwjWVRxEjI1TM4PHqZuPjkXJjG9EIHMwBRv37Z9eGR4/vz50NQJf/TQO0QGQmg/QByDVwZeSdB/oSODjWuaJjxf6CZ79uyBfaApwg5g/sLhIikK0NmwG5wcHE7wt1iECV0VaGi4UGdX55o1a3p7emX48wzB5J1uVvf0pBCweBtg3BdYktxyV9AhP9GBTOgR1wU4lCZeMpZ9jl5enFUl49ZiCeWPphdGNHTjzIJrK1ACnauzvbM4WtSI2pHNa1TxMKaZixf4Ac866HpVh8Ff3wZmGgWawRwCjhj+8QmBiyFtBCk3lXmaPmTXdheL2/oH9hUL/cWhIhAMYMmpDDgZoIHFAmpFN8Cgsn0PNiuGtaVcvPHnP8235178J6cSvqyTem6oYkmgssAYr7jhnlr1F394bIddZabl+MD2YD5AmwJ/FFZK5Z1PPv3w1u3dbW2L5s49eeXxxy2c35nJmWCZuigVkk6l0cDXQoJvfG6kqzympO5OVYUsH1iZcHEDdfdUF2deBMWnPQU1C0NvdJRk08QECtoUUys+IwoTFTz+w/4ReQJorNEdaacw/hRYGEXkxI+Pa+fHc7cWbYiFUTy1eM6haHrRafk3Ur8Ei36P1D94tm2+Q5hoZkkd7/2/9+tXG7N54O+ak04iE+MwdfOVq07c1/cwCcQqVh6MJebFmNBeoYcYedDeYRcrQKpa3XOcHXtRvwH8HNBdApfnesPegWIUgaMZegDUXMC1xoEvA5dOABNbE0XLa8Nb77srv+iEbMc8xSBOaaBSK81dvqJ73twSTI1wyhxajLojhYEdWwOvWqWBA7NsoBapH2JkFHClFUbNOSuXBW2ZIhhpRLEptty5PV29J6/Z9sQfNQ1oPhVjwzQdJzFQUBb4tVLVqWq6jiKInpPiIag85w5MZzAzMLV0uIBLFT/fRXJ5rT2HKalqjlN19Y5uP9cxQlWYqgF/mTezectwd9tKzWWuwzKm3t3rd/QSy1KBlC/sdfdto8WRFKOOYpjdczMnrC7nOhzLCnWlfc4ce9fO2vYtik67TjheW3RcQYFChgsWLs3t29t/7915OqD7fjVAyaSai0swVC214IQT21aeOMKF6DMZY878bMjA1+VrTtGGMUg1lbQJlqrJPDNQUMReUdOaVgoDzTQ8DfZkej7lEVKphUZPu+L4tdGK5/h6W6pMMB0q5snSUkHAUumUs3ff6K7ttKNN7epSu9o0kk5xygAslfnp1CKPtPUXOgKS1yyoGWBR1ZQK43qnoYOrCyPFq0oHCTsMYOV9qG2iahmqdaQ6+yuVshsWnRDHvlybsYBplSF7dJ9Vc7KeSz3PhFFncLCShyseR7vTNYoZLKgGzgvPUXzwsOGjA58gC4eDoF8P0ynDbcu6QAunVc3EYR0zFNqBljIr5epgYV+6OACMf9W2+u3s4pXza/lUCVfMY2YM4gYB1Fy54Jar0FY1xSiN9rNC2StCxYfUSofAv5uqDbPvEH5VYTi1VK023O8PsHTOImkLG3LICs1EkxsAABAASURBVIzWSu5zw+Vh1fQwl6ypKqqVNjWD2K5roz64EmJiTQJNGLyDIQYQUqgpG8Pb0eWioFITOBl8cB34yFej3xDaAzALKd3wg8CzXejNOmwuVRxw6yg0156B94haraoVl0IL9IhuAp2UM1gWWrNaK1ulQlvoEokDwfgY58k/A8Bi7+3tJUcWhUIBLP+WqZKm8vnIYFYS0LquWZaJgzxSXDDtD8CHKdS4VFXH6IAQc3poyvi740prGH2qoDqbUyP9I4S7jRLGCo1ew4SMkaSx3hxN7NZC9Dmc8NdSufDAxv5vXmeNloxQ5ZkTMTjCAwL6tNMUq8E9Igh1MPOG+56DM6lLFzAz0lYLUYIDXtlgJZq8WMHQpj/u+so11sbHUsSrZLNz5/aCO7nh0lysH0zq0mMPoRuuew7t7BR3VneFcAIebm3L1nSxhvlKMHi86e5o+4plKg1Tu3cpYHsTtdrTmXrTn/e++E+UdI5F8dZhfPPOk8/tuea63I6dwJH3bN0+9MMf9n74faGVgglGIFI9klkGjOxQKczPBwYG5vT2vvsv/uLrX/va538xsLPQ/a4XdywyChr40YkN/t7eod+Mqkow/8+hHUFlGoHKlUdCLfTSte0vW+b9yQIdw8DRj24QPR1i/nAtSgVDlK6OzpeveLGjtYM5BK7OZ50KOOJ51kdshWZKe/NFf37HI9fDOwzD/MHpSnQWami2dS2dpPzgCoOSA704/icgIlseIuQggekjEyOVXQLVosJIovBVofUsMXyOEB5jiyWPJYiwYmCj2nD5BQECK5PJABkNjw+XGwt/XojDwjS+lni68wCY7m3btgLtNTo6MjI6UiwUi6UivC+BRob/LliwMJPJbt26FZrrI488MjIyAuUcGhqCmdh99933y1/+cvny5TC/gpIDOwBl7uzsBKruhBNOWLFiBRBtgjc/kmq2QEPE8c6iVkXuxPFktKhJIZ6Q3C7oeBF42JL0T0ZJT35rh6mbS3XgIwnRhuGJnHjSiSL8GR4oUMbQQlKpVC6X8zHbuicaG7htgGuGr7ADHAI9AroS7KnrOnwQ7QoeMS69NAw4LbJmXE6d8KYoyGggpgvFAnih1q1bN3fi9eASRxKyp7cEG7Meo8VlJFoKOQGm/v6K5Px4zj0UOlI62jqAVhgdHMlbad0wQyG7DHwBUs9O4Now1nuujRrQQAGBvRZgnAEV0hyuB5f2YOg2jeGau2XH9s07d/Xt2zcc+EWkslRPA7sPOBGL83+4Ug7Hdx8YOh/mMZaBeduAvPBCz694d/z2t6tPfEFXZwclNVxErUG5NA9ob9d1VPXxbdt3VapFneK6MxQoBILLBTKYr0SEHY0ipeXi6JaBfQ9s+sO8zvZVS5edsGTZ/Dlze9raTTA0PSguM00cH1ApJFZiEO8sJHhQpZQqXBgVF/UayMZxXh2XcdaIO1wI2juAl6IapoIfX7W44vwgDQk22cOdNgszISHYkNOy1ceGjXTyszVubrF9+XHHkYlxmLr5okVL8eXBRAQ0cq+J6W14QE6C8TDb21UjrbpehmiFTU+Rqo2hYpgLxw15mCjM2xWegQj4s0DhDD/wvEEkC+N6AebQBAp32C0Ua0VjC4VjSBWaVaFY6nBWtc+f7/mupZv26Mjw5j5ndAhaJpxaMzT0DQFDJyJ/dN3IZjOdHaPAdOgqtmyVOq5nKyw7r5dl00OVSkpXUL0dkxRZ0G6hNTPsXEiO64RYhmJDB2dMQzVgi1t4DBo/U6xhL8zOWZhatLhiWirVWQ1GA3eI0RGYlaGmBE7JwL1D9BQ12kO74Csamz83XHJcId3hGRmggfPuXJpJVfueMUq1arpdWbyi2Dl3MAXsZ5jOmJn2nNaRUzryUFnessUjhlVjquoEBcfJ5duWrlyh/2E47RN0ITGl6tOiojntXd3d3aNVR1d0zSeGR7Kh1t7Z69VGvXLA8p2krSdIpZ1SMdy9m5bKUNvAJejgsHL9mmZUA6al9FAPmKFWw4A6MDtQ1fa0GSrgeVIUcHlxL40CbgtPDYIOQ6+xwISBIWWiwrfvw77zurqM0dq8QFkMLHvZz7gsTfWUDgMRELbMd20lDXa75SgBUMGGXTY9L61rGR24W7WbanNUZZddHYZd891+SofHTdryStCplzq8Z/6ol9xugvZK2g9NVS+XasWMU4WHrsONeDSoAq9sBU61UqS+V2HwxWo7bqm1ZEGts4OlTRsmynBdGFpZkDK1jO+ODu4dLexx3CIMlQ4zqqEztHdnrut4FFnC1KvEBPdEsTjy7LNBcSSXToemqUD1FquZGm/RHR3M6oLWBSMwRhsHVA/dVFhTqwXbHiVamJo3zzByQwOFWkWpOMHeUqWg+8RKQ2vyXHzPYOA0VIPnQmtF30xA1Bqndyj4K0MDrj5agbdNCiP+4WmAh9IPbXjXhKqq8aAvdIj4DqlV0DEK51Dh9VGp1nbtVDxfz0LVuJrrZQNFd3Hqlc62GdDYXZ9C5/Brlut2SAJ6utHEPoNHHwZaMNFhokqOFGDWLNbrk8aCkRmG2SnBgRrQCmZ21FA013OBycXs0x52S2q6aPIprbMoUGEZMNtxf/fgI5/5rN4/qgWCL6tzxzyrRPSo2FiMBo9MDkljzHMDj9oUAY0sa+ILjCa2k3YdA529cElDLAUE16uKEdCJ0oYiCTEj4OvbvreW60j1zBFhHDg7AA9Zf7/vBObcuRhlqqhdp5za/jef+OOzl2vPbrPb2vWunig1syhqGIpob+raOx/YmGak5/jjCS4lGqtNxlfZYTzB1p2Zag0DffFCGqoLE+EaxwV4+orl8O7WCkUVvHmm1nnF+zouu4QYVARl8KuMBfFZLzzZUNnuT/1D2nUtGHm//3+dr3glXb2S6AoX4ZhlvGREqoZUN7Tly497+umnXrrurFwm9bUvf+079w1v3Ueuev2SE/S9yMGGgeUNp4Ye7sovMaiJ72VFxTQSYBcxr6f/njevBle/w9N9QP0yYmYIRnFyDb4A22c62NNb+n2oZOC1WlQ7rbAMVgL+ymtXhSbDfN209jjtf6zAcfCeMYJyeh5Na9meSW7hhS984R133PGjH/3or//6rye3TQWAkoCdCV/uN8luRqqHR50I9Q0RNsPLqaqGbkreatbhML2lRA/a/Ozmr3/967/4xc8LMIxoYCbDLFqpBwaRxYuWwHDV1taxevUaeIPefPPNjz766LJly3bt2gWk8/bt22HjM888AxxcuVyGBgZEOcy1YKYtAjmBmDvvvPMuu+yyJUuWHLGGB0UXORJxKp4IwRYZFCc5sCkCeqLQacYlPsSvIt3Q5Ld2mLq5jIo9whBtCTwr27Ztg+YtYhmgqQP3A2QEtHZoDELWGXoBMMhALvOMZfr/Z+89ACVLzvreqjq548157uSZDbN5V2ElrRICiWAEAowBCQzY+PlhP8DmGRvDw8bGYGyCjY1IMiAykkAkBZTD7mpz3snx5tT55HPq/b+q7r534s7uzoaBKY3u3tt9+vQ5dSp89fu++n9oS+gUnsoDAQCNV3RTxBkcx+k/x62KMf0SBAE+cg1Av0rKpTvdtZ6+tWwNqb7kMay/CrjEUarziXKpOlwdXFtcBgseHRulTB2Uek/mcZZGYRJFMqHIyyyMckr8BVKVgtAKcrvntAghMRMZW+7Dp+c+/+RTC/UNX0rHdSLa/25ZjkWb5jlZ6LCawIDUTjJAMhFnkStBeAHBbSx0vIJrpPGh+TPHl+YnpidJuy1JpA3KZIE5kJ+pXTu2vpKBT5A+B3HePCH56SSKMWhghaHVfuEmNWwnYPxYrX189bHPPvp0tejsmZ65be/+Azt3TQ4OB53AKXqmpFyHW+cyLA9gotKGO2FkLMOYAx+ryJTdlxM1N2yWtv1wo14YqGSpTfmyeN7P3P4iW9SWgGa5JdaZ/Z0p45cMjnuJuvnwiF4snKVvcqV6fk4SC0YuTNd0SxMTnfoG7c2VCc9TJfwoGEX35wZtHctpwWByiivPVMiKaUoi0QZMKGa6LPMVtU6YSOH5CObm46BTXprPTbvFuL+2lm7UWCeg5JxC6YkI0pXJdRSZIJwNMmBjjQpbDAunPDVETrlp0IAcK8ltTqanwUyHWW7qFCo7tnnjIySz22isHzkaNmuObRkZpZcC8VRZgPCrEadMDE86s7tb5UqDGeiGhlUq2Q44eXOjrlh+VjAs+IfwjZbwgrwl0I3HZxqD42vCC5kBaB2bRnViZ3ulHtZPG+h4AyNtpxSATjoiLRgB+iG8U6DsjmAVj8VZ0XCGUFHLmN/9ycFqsVQYwshD+RtFbJsN1OpQGX2/LIVpe8JkHsuH8FHbWisOliYmCzOzYbHcgfEYhmJ0snnkaGd1tRAl0dKyVyryPKtTCG8JHi9DWpw07XPTsgsu5auCb01InukEdkHmZbKYyjiKbccpDQ7UmJGEWcWzh1ynwtig6zkbISq8VCoXcy6aHRvVoSRYYKC04qgyXDJLjm1KjCGOacK35whbpiIOEjvJipXSUt3PHbMpU4/S/FVcBxB6Qg6UgsNH2NIaRsgC6jxNzKhTQFWVjZrMgzDweD6QhNbKktdp48tCW87csrt6001BpdrGuGcadXg+gszpBIUwEo1GZ3kxOHGsEDbtNGCZgZW0meatY8dt1xkYG8utFM/djtPWqRPi9Enht0iq2zCclBUj6QKoZzyOA8YSa2wwsK08SWCiOVHoNtYqjXU09ITzmt82s6lScVREvMDskZLRqTWwZk6AksMYQ7RtklSnBzdMGBcEkaEwoE0JBk9JdLXTMFfWC8LwEmG4dmZSqsK8YGQ0+DsiM0jr2RZwCSRxhHGWJPijKGs2zSAq5Jm11jaiqCCYjQYaJbZluYLjZ5iEOanU0i4Zdtk7L6+VS5TzVTg2Z08VM6RXqS9YDPp5FXyRTg/DeuuI82U3XiVm3lWqAW2lqZApPEAxxrBUTWEq54eafxTZNXSajS2V3GsWCjavNI7/9M+PHTltkx7Q+d+wtU9urvb5BcxWcZFPMQWLuTbEVBYSvaVPnwRXrExPgw/MbuOuR7r9es9fKoNPfeHoX33MCSMzjrIHHw0HysbgMCUnVHcENr7y53/97Mc++YZf/Hl35ySeILcMMT3u3nhDeOxkp1JlI8ObqRTT9NgH/zi690Ha2Rj63uJa5BVLNx5QvFsdJFl87MyJ//1+2W5i3vaePQ5ebOjwVUVD9TyO+0htpzwxmS0tyHYdnr/m8MCOu1/Pi67KYqjyZ/e0jrvFMu03vTHftT07egxmuze/euLn/9fu//lzfNA8d9/j1VA2N/ZJVixQcvIoaN9x8y0//m9/7H/96q/df2buJ/9w/t+/Z+ZGd8ViMdz65Wg5mb+/kN5BQcGk+JSpqILcyzraiqZ4BtNZzibWUjcm9i/JaFJx71ZrTh79K4mphpuysM9Nx7pgXwmE0zHCTA3jv3zksKcCF6RlfPvWujKfAAAQAElEQVS37fu660vCvlS61R/8wR+EIQu+8L3f+72//du/fc7GvXMK/HU4rNPp4Pfv/u7vvsSRpllkKosJCVQJQoqZirlLKbFDKq82T8NLVFAhWLx1GX1vitIzk3wVaBnra+iv6mgHpuhukbhS14a1xcLCws/8zM8Alu3Zs2d1bS3wfYoUJpdNlqaxOmCpWCy0283V1RUgZh22iaprtVr4rNa0RVlaWsJbq6urmGix/AZWw5/4ONr2xz/+cbC5e+655+u//uu157mPa/tmwZWt7enp6RtvvFFjPo0Fdfgz6ybkPNcu2RrsrL2kOmuu/hRJxqncj/hTS4vob8ENFgqF9773vV/zNV9z6et/ibr5NQD9ihTdXHWTQBtD69IprfEKYDGgs34RXQCtXUNqdBy8jgYDEqEbG17EAZYq2pPRl3zRwjXkLKRgJ9JeuHLSrdfKiy3XevrFy6Xsilzm/b2wWizhHKWNi32wPzdw2mdpVQcH/DAIfX9ifIIbZqIoM8brLIjTCJQ4klEYBwBkMUmgwTuY0DeTXHJG/4G3MHHt+w8d+esnn6AoOce2XZtCBSllAMb9ROC4VGmPMAnXULnsDlUHRoaHR4dHQJeOnjz14FPPGmDQucAHQhYvr63qVYA20MloxNlMsy0TH1Qcx1FOENJj27NjZteOnRvrGysrK5g3ozCkYExuSNNOMROZjmmLIE+jIFx6+smHnn5619jYm26/6/W33050TZ2aM2NrtaggaD2ZkrGKb1GbTRMlFpRZDKsQw9/YsAaKFcfiJoF0fl5Y+gsJgu4JYLC+LMaLiV65gtxabvnvizttqVS6xLsvUTcvFIpbKX7XV9D9yV8k4FfeeAF+2fJb1Ymx9pFn8iS1OBgkCZhTyC4FPOewe7iJVmQpCwkOF2pOTGW1B2mDE4U27OIVEahFe06BW+g7y6v12gZlP8KEFUa07CeKbQBJ95+K0nokjfNE8vXFlfHx7T4QtMqy43Bp5XJlaYXOXC5jxY3TSrMgy8XxW24evPGGqFjAW6UoLGzbvvzoQ/7KiplzC6CBLoG6QMxEnIvq0BgbHOtIHpkWaUCTaINZLFhJlGbkGzY6YYgeaRqOZGaLiXJ1gA2N1a1SYNnoquAVNvdEUgnK1ZaD3iMM201NW9L+bsEs3k5jyzEcs+SWhOWajg8obQ7ZpjUy0Khv4EoKplUmJmoadAe8KGhHQtF1V4BNc+BLq2jZQwYHQi0NTYzMTsvBwcCxmjLBaFIqVaTjLTz6SMDyRm0jWi4Ms7GwVEZ9ZUXr9EoriAGdUYexZ1lxFGD96pheJ8rSOHPSfFjmXqdZ21h3Pcs1jFbOPDxHkFMzdh3cBrMlqcZzQOaCZ0eJE1MyPPjuHECGciUzZdEzqhVQeKo4D4Q/5M31UMbZkLASLpxqsRFHRXiyBgtmwTZMZmVpYdee3Cq0smdb6xsl2y2PjEWTk82BYjBgt4y83pTRet1cXS+vLI+6dieNytODe+8+4M1OdwRv50bI+ImFdnNpPT21lNfqrLZudWqjUctOO7kfxjkrVYc4kMv6RvPRp9KREQsXHgdhJxD1xmCtplSVMWBnQM/FVDi0T0SESTvJUDmxOTyc5jQjuGEsNpaLYQsmWrtuCJvSYk5ZFWabkZQFljlj5nIqloMYzSUJsI6n/cujOW+t1tEsio6X5BlH284Ts92IFucHap2SVwzmV6VrgcgkPOVVzxkasEpV1yihDzWyJDYzZ8iR4AJwMAqRVMvRkrDafinBw5JA9ZR4ljydaeQ3cSW57caGnRuWTOJOdC0C+nmX51TeOP9FjBuw2Jna0cJeyoJFMYx/0OdzlroXRM/8FdXfYFcpgKauS/tdIgoKxdjk0PYw2r1jYJ1mcb1u5+fi4iRNLNNSHkyWbzSMZ497UaLUJvgFvmGzXHomvpT7qJu/Q/3TGRG36NWR8ZjAw7hzO6ZSHZKRq20s8V9/2v3TvyiEcFXKwDbYnm1scJipNIlCHdB6/NmB1RqLI947NyCnH4UwCgdvvI6r0KfuPkU4SD/7hcpff4pCmem2eAMu9P37lCKeihgh3edF+4/+3PabME4NJnoR0Qo7S723kYTc2kV3amik/uD9mAlixqPpSTYzqQ12fiHfOWHSmQlxz+vDU6e8LPOiqPng4+3P3Fv5hrcx27oa17n9sBmYQLDwrCxwOvNvme7c+P+8/c//5KNzK/5P/p+Tv/hd4zurvsk6ZhZanUUjb6jKSbV0ClPB+wTcOPeFt5BUH68Pbr9pH6mPZwnMMV2ZXua7uU9J/DDDmZhYKkIptnC9QY62QcK8N5cTmzZBClawC/te+67UaF76+u+8887v/M7v/P3f//0HH3zwm77pmz784Q9fLJ4CaO9bvuVbjhw5gt//5b/8lzfddNOlz8y7ojUUxI1GmGmhAH4NZWwWTZ9BFRcXFzED6VBEvVMS6Afk6JVa9l/we3PZkySW7IrwcY29sIian59fX1/Himt8bLyois6WappGGAZoOPPzZ/B1a2urEW0sNoDb8CcANI4BCgAU8DzPVwWfxbs4LV5BfQLJ6Vo9efIkLv62227TE38/NhnvFlShoDCFhtmVKOVy+S1veQu+6IYbbvj2b//2p556CicHBAQWxP3W6/WCV7Adu28NaE4dqWJadBnwjeMVreysQ1kxvOCa8fPw4cOvfe1r0U+3b9++d+9eXDlq4NLX89J182vl5S99p4U2YdHU0Req1erIyIgOh0erRkcgxhRFfSSNI7Xshq0K2hJaF5oZWhc+q10dWtaDWJIqVq9Qippr5WooV3VPl5sJWOXWVCld/8jFjW5tb+YgLgZhZtH16XZ9dXLTspR6wAXkUom9aZfZ2V/dE/HtFfQUsl+ARAiu2pXKIDDt6sLi0NCQazupH5CjNE54BL4EVhKLLImi0MS0DoOOsg4mpANIuQlT2qOeAjAbj86d+uShZwKTq/BhgTUInI5ZmhkUf2m4tlX03MFKcXyoOjU2ODU6XCmDGtkRnKyLS3ffccNabePYqSVQBdItELKDM5PemUlp1nWudZgWppFwGXBS2iB0mOUmy7/lH3zdTTfesLS0iJl0fm4eVsf62sZGo1Vr+WGSAfXRhm9hZDIzisUgT55cXTr2ib85tHDmu7/pmwSlJpE2ZSwjJWiuKxLXbVLKbE76IpKr8GfUKcYbQDmaTg0WJ1FnddUtFyxzQLh0iReJrpNSPkfYXX4OACVVEtrGIXXm9J4YNDtP4WprjPRZSho98eX+n0y3je4HWXcP0qbWdM7Ovkj9EeXb2ByTWQ+IX4LYyi3lBdgcL2E3J5M0V2tnVa1qDyvMMcEZf3GgnlYmEQlGxZ3GWMGm/POhosqSKClxZKxihMkNC30Exh/VC14kQUKLmCrlxgFPtlN6Pj2XkBRam5J4cZjB2aOS6NClM1PwLdtqFcXWQVjkT2nOLZWmVgujI0QIXJMF8fri0vqxRVYeEeDiUUrq5rZT2LWjeOC69uBgm1Oor2eagzfsGzHYmc9/kaVKGyRN1SboPBNmmllJsQpvMCmjwBNjmBn6tmSJJOQMsw63j95dsmwZtZtpmHq2b8IE5ZFII8LdhTwK/TSGyzgpWLLkRYJizNCP0O8Sk4cJKkbAbI0k2CwrFUwZJrQHLshHPNupDEQnTiSZAdJrgvMLaVH+Ot6CSyzwy5VyabjicrsYG16nHXbaGFPKXsGPUxEnJccouI7nstLwsPCKaUQKD+3lJRq2ChUHNNIcPRqywHBaKfxWgctFe2U5bjTHxydlsRymILCyEPrxwmlzbbkwOsqDKDDAJUCVM8tI4yDiXtGPo0aYuGhNqIcwKpCbITVkZnqeXfDaUceTdtngnmth6YNhE76GVPAMEN6wYj8uSlbiOQZHu2yTm06ygkP5Jr3RqWg2nE9y4ZWcmR3B0OQq1sgRT12zBdpil1sxM5Pcs62mVxg9sH/Hnpm87EUGa4VAt2wyKZw8M99YX3bWW5U4NLKM/GcssypuO+OhZdiZiKXstDpmu1NAo0ALikOi0mHHydKitLIocHNWlIZJfhRWMrBIDwK/mc5ZRZB3GOdxZuSxo/O4JslYZcgpDto1kGAJrJwaZsUWfhYtN3zDLki0lVRafjjoh9lTR0uprJaKbslDw447Hae1IRp1CVTdarUxQDk2ZjJMQtGGyJfWUQOmXezknJwD08Ol0Ukf02KSguKUp0aKfoMdbrlxWjZ5I8oCNXTmUeIJq2S24ZSAyyRH10uiduSza+WKlnOCoLeSaF8FXb10Whw6SEvHPve/lL/Kop63lqszCSGLpIjJTsqYEmozwC8ymINhSuNJV8bqLCqq9y9jdaWUMqR0ndAwy2RhvUQ7tUVPkkMq+NzLH7hpgdAvCcavXTswc7B+QHKWLjz2eAFTBRkrtHKcvuUWuNFUOg91UKstVla9YslCI+Y6SIFLuCYXVk1hz772Dk6q90obJM/yRpuvrfMsMzHf55S1urBtmg9WYFnBfGdq+18+N88xhOfd0PDe98gefaaXU8FqpWI+NLz0yBODksOInnnDa3jhUmk96fMFZ8d7/+FTH/ozN8rgdK02aou/8L/Lr72NT46cq1J9lRQYZ6i6eq3hAw4tHi4vfWEbPzSZ125/u/zLI5Wf+HDwoceTf/ZGMUDrDSD/mKUUiUDrKapeNE3eYNWAO/WIPXhi43NHa9/1o/+6LQYojVq3hej0JiT/zeD0pe+UQi/QZG91JSX8yt/+bd9Wa2JWwuycj4+OzQwNCNnK445wLhVM8XM/93OgEh/60IcAtr7ru77rz/7sz84RCULBEPkd3/Ed2or91m/91n/zb/7NpeskTTuc836oUXfkVcjV3BLCea2gO37hC1/42Mc+9oM/+IOTk5N4BZX82c9+9t3vfvfOnTsvnVnupS7nzFKymyHwikVA8547UAdy6u3/GJDjKMUK1iS/IMPKHwuWbbOz+D4smFEhYLu33367FrelyOcsnZqaAnrDW0DYOosafmoejV9wJHoSPgXK/Ku/+qusp1YB9IZP43vR2mdmZm5RReOGK8LWmYpQBlgfGxu74447cGas/T796U//z//5P7/ne74Hv09MTHAl16tv3KQ7zU6cODE3N3fgwIFbb71VZ5nTZJykuxy30WzghL/7u7+LP7dt26ZJIm4NX/GcLoGXopvLv0t7nq+qooOUFRoz0IzRmANV9FuwNdFy8HRAH/ATzx1IWgNl3ZHht8AraGx4S4NpHWivA6sJN0cMHUf2lF7ya1syXzXlWk9/PmXT4X0OfGRsU3xDnrtT76wSJzGwF0BzsVwZHRlZWVtFPyqXylkYUwY1kOYkzlXeQdAo4GcgmixO0jikTGCgVpiiItBgoqVYh0R5/vSpU42cBD4J4KYwitOBUml0cGCgVB4ZGRoarpQKjmNQxLCpRAdkBKQQ4+vysFMZHd2za+fh4/NwO4FnKVqogRy4hUkByJRDjRJQ09xg2x4oSAAAEABJREFUUA63PKEu7BbsoeGBOO4MD1VHR4d2797RbDTX1tfX1usra+sLS6u1erPebLY7PiM9AZYA3uGuLfMrzzw9PjT0nnd8DdkiuVZy5t1MjmpHJxaMuZI3JC0OQdsmTGGkeUzTGmeuMGI/9Gv1suNQxIRNZqAGtJvKPy9ICVr2tx9eXuO8utow3NWY2S9xwEvRzQO/owm7loGWJGGrXBjd2ntRFZisrAnDAvocRJMksVsizlkKE8ggk8sGU4y5Yae0tkwpd12lRM0ribO2z8ihYYP8KRlIQ/lahOrBXIVHq4gofIVeFxl67UwLkF6+S9KL0UOB+o+RNNvzTz7lTk2LgRI3hb+xnpxZytpAlaUs8sl3ZVq563nTM3G5tIGuSykQeZKlmHEr01NWdSRfb5ApSTnoRJLHaPhpSjMpzoambkoDFWajQ2ZJa2meNdsjA4PoohRZUKuFq0s8jwFo261a2W8ODw6xjEVxp2iKohBOmi43a4TVZVZbOD1YGbAMkujpKI8a6HiW552ImW3wbeaSjqNI22lSa+e1DtxYCafYaazsSaLZNoOULa2u7tp/izNahIuINK1X88Z8VHDJGMBVDhYL0jEjP7STvCSMQYN0TuwkDvMYGLoVLjsbrTGnMGN6dckacGm5Ben7K7VGWtsox1FeKoMZY9kfLi9brdrughPTTgc+WXCW0qxU8KZGPCNhcRuOuTbwOUyJ5bVlOb8cWE7JEx2Wlodv8DstE4wiyaIWGgTcDZT+kaW85DoYleI4qlpu5AeoTCeznYzD0YAH6dFKk3vcdEaGU7Quz6tWhjqmM2QZnZS3ahEejWe6zWIlcIr4+qmxkRuv32O6jp/JOONgyXHOJsvWYLWwDOoNzAsHfCuk/eNeBWPXapSxwZEDO3YbQ6P4iL++3jx90ohjr1BKSxRKngdBtLFeKbp2lphw2yTU/HB1cRhJp+hH3Elt2opvuONTE6XBYisI1qNktFJxvHKt0YrhwnSLqcmbaVCU+WTIAYVjnlpRNM2MgYXlyvqG7YPUo1tQvLLFZMFvO+gRufQZXwdPsBwABHggMVBHzXZiNHLLDnNpVtyZ2/auRklG84EI4sRy+PD4cOf0KREGtU6rXfCMkeHqyJjNzGBxbXll2ePNsmNT6k/MW9m1COgXW7SlvfUnuwiG1locKysrMNoxe7IrV3DaRqOB81+O8sbWn69suSoBtBAAyFau9vGoOVQKtWlcUmLqjMLKGKBraghrawxmHMU0bdOh3BypVr7uHat/8bFyGhtX2ljpzd56QytpAVlaiHnLpjbMpBTUgBlu/15mdl8XeKlWj5cXByiyg2zlzDDG77wDs0z3RnKZ1OrJ6po1PW1SpDPX2SJ4ve5gkpDcu+sObtvd/VSSxfVmZ2HFZcQ+KNght4f37BLlIlcp8EikLYibjz2FqUJwWwuWcO32l13mqW8oZdw9sB9tPDk+Z3AjMdjs3a8RzqX6D9kEsJJ37p78qne2P/rXXhSysCOOH1n8wO9N/tD3s4HKVQom0zRfXFrAL4888uzO8Pjts203h3NfjlTI5rjvRO377hlnrEmxEVkk4pZFM7Sp6H4W8fIP/97al+ZIwnnfDdf/w+/+JmtwVxoEtAsTbuCeG8KX9lIA574dM2OdmaF0zmqgqm287vab0uUnh51UZoFgLdl+1vDstL1qXxJAo4/80i/9EhrDRz7ykccff/wf/+N//MEPfnAr+gSJeN/73vf0008zZcXi4OccpJJwVV1UrnbUYUAxFMKQCb2QZNdwhipoDgcPHTxz5sxP/uRPopKffPJJwKNWq3X06NH77rsPz2X77HZ6EC9vr9Cb7nXpCkfIbvbIrn7xFYqApsK7kiMawmoiDGqsA4HVleTKP5wosiw1d2YqZBgHG0qwrD9na8UAUhp0XcBo/K65G15RsW5ibW1NK+TKXmJAnBDnX15efuSRRzD933XXXa95zWump6eZ6hcv+B5x/fV6/eGHH4ZbG1+N733iiScqlQoYOr7r2LFjANC4jOHhYU3DcTtYcNbq5KnGAQDKGibCbsBNacmRdqsNnviJT3zi0UcfhWHxLd/yLeDauJFms7m0tPSGN7zh0nHQL0U3vwagX6mio/V1FH8/ThlNCF4WtDc0CbQiNGx0BP0njsQvaJY4Bl0DLRAtE60IPtNqtarjpmNV9EPXtBrHy7Ol666VV7w859h7raf3iry0CLRSLzvrzR6G5v0AbNSV7Tm4+0KpODI62vZbAM0TI6OkU5sknDKnpVJlGqR/sG2iOI2jJOiQHEccw0xWWuvAQXGUJcJy5lfXl2rNjBuZ0pC1ZXb9rh2vu+PWatH1XBMnXV1daiwtbESJ6zroqsViwbQtigGhxDYxLO1ipSRsjq/j2oVLAE+k6roBbYCdSG0ZFMowHdwIbaEDu6AVTk4Jw/Qex1zYzuDE+OD42I44atQaK8tL9RqmrObC8sqxE2darU5KGMhJkwTf+6XHHt27Y9frb7wZ3ijyfPX2Sqr1NFUhoS4gaKX2ARuVO9JMRBDFKshCmMA99XZcLHu2TZO99fxWV+cf2w9o2PQgPNf4dNU14OWVlUsD6Jeim6+vK7sdtZXpwGzSA+PKO6CGHfZiitVqJ2le9ZwRz51fXmAJOgRcMmgfDqMQ4lSaFtbwpLkxMz1x8y2je3e6A+Wg3Tr15NONQ8fyTlDgZdK0ITouZJelCN1nLawrKWUOdeGsGwKtxCl7ki95b7VM6YYyAbjKGo1mp4OVr8wSchQFiW15YKA5t82iS8qdHoUncGHZphVxC73cw59xaAtn0CuHsuOSCDql34OzxbQYGE+8thrMn7Emxg3LgfFahk27sSYX5hpn5mDRArgmOSzYjpklRhKgHzlJ1jl+0s347PSsHyUFx0hbzfXjR3irYWF4STpyfrGZMG92++D2cYF1XZ7BgGWWBbu81o4xgIDO8ygr5cbCoSOjLR8WejvMUyYdkuERMbfqhptNTT3UWjeEb3F7wigNSmGODos4DLFCw63FtIcDQ09BOKxdtyLmSFxY4qUZOvNgbviLC82OPzQzM1kdSg0OpLVw6vh0qyGDdjlsp+sbUZrbjuny1MxDDIyxz8z6mjdQbnluKpORrGg6fLGdD+6YHLaYl8l20Wp7Rrq4nIe4JDlqGzWsAixzwHHA4RvtMIFVA9xKutJYB9gUihLFG6dPWa41WHaHHAbagME1CyQP4wFmUttJkwFvZMBxgWodzksGKyU5aLsbp40kDV03Kwy7E8MTTgnuwopjwEGQYH1qGD4mgYK7bf+eYWabjcBfXGqtoHF2ApmPzU5tu/N1TcdtU/CdsGe2LRW92vz87Ow2Z6RiFdyk02mfOFo/+FQxlgOVoozRhEw8mk6WNRKeeU4nCQoDI/tuuLUyPIJmaXpOivspDxvFwkZgLnb8hXrTkNkQHDFrtWlppZ6DplzJpbO2lD/z9FinjaW7izVOmnlw28WBFWG6kW00UoM0aNrtJkZdk0LdLc9zYK7BU9LM0urgTIH6BoZjm1RTLDvlicQyyLGW/bpwjcm7b5cTY3BsguAXJ0fZIdF59pliKzVCH+QJWIJdK8+/cH4pnaI+jGZbtB/7DBpWwvr6OlZ8V0qOA2Y/zHud5YWdF092Obj5lTL7r04JDq633OEJ5yqKl2Ylsn4MSnQrtrB/lV1a+fE5GxgYUi8qZjtQnP3Zf7d2xw3rTz8t4oxd6aK0fMliEzINGmviySOltZqDJZ+Ob9X/wBoMc3B2Fk44NbNKNMzgyHEribnal0hRs5hrbz3AbJFpIxBMr90JGrXynbczu0DgXWFjDORW2zdHR9jEOAUX94IN5fJKkMZ+peDQqA2bOfH27eOurSSzaJDMw2Th+MmK5zKaXjMzCK2zKqNr+GF22v3m14u506UgAEoXMIuvu4EZl2o8XHukHct7z9dvfP5z7koI/0AxDIM/+kj6LV9nlTxmWuzqLL4fYPX+6S/c9w92B3ybUkaRYsf02Oxobb3RURk2yAePoT1sbZjkpBeqowHjs+/6gfe90dg1NLF9sDqgdMMAl6N+iDNTLefBM8Uf/dMNn6Zc/sZ3lG66dYLCafokFzAik4snDpcO/+nQCKaoCHZKPLTPmHpdvHHKHt556YvH8Pc//sf/APz6i7/4i89//vP/9J/+01/7tV/TPAu8773vfe+9996L38G8LseKRQlaJ3WHdGynq3CrlnsCvnkANXENZ1DB4gHc813vehfWmWA9f/M3f/ON3/iNt9566759+37zN3/zbW97G23tZPLlVy15RSYeTdPIUUH7wLA+T1V4JsMkikFT5fSTwGeazGJt5qmCyRW1p7EyxaPYtlZP1sGb+pyaVutwUR0QrXYKG305Zoq/sW2c+Uuq3HPPPV/z1V/juM4LjkA/fPgwWDMo8/z8/MICuaZ27dr1oQ996MSJE7hyQORnnnnmwIEDO3fuHB2ldJ34akBqNIbHHnsMNBnOcDghbrnlFnwKfFArJ5w+fRoH4LLf+MY3zszM4NaeeuopXRu4/W3btu3evfvSV3XFu/m1wNiXrZxj1/a9I5h0mNLcQLvSmQbxOh6xlnPBu+Pj42hCGkCjp4A7a5+HFoTR/aV/cn1afYD+qbU7rgHoV0/ZKmF/sfJ3tadvkcc4+z+blHJLN5F9NQZleygZvv5b/cDO7tZAfTjvZjfpyXeQxgTmHdO0JqamcEBjo1atDqI6kiDiScYUfYbjlNTSkiiNwzwKcwDoKMKfqtrorSgB7IkSiaONI0vL9SBMVHSMlNHM5MidN+3zRAQnKsBWEMLEw78Q75sqIIWc+BlBN1NopQF4K9EADCXbhtkNSAHzlAVko9KzCMp0Y5hghpaNnov5NBMUo8njLCGtD8qqBYhk4KQZhU5TvvOJydHxkYFGq7W8uFyplEYGh5559vCZxRVBoZ08ZWy13f78gw9et33XUKlsqCWM2r+pJPXANICVsyRutS2DhP+EXlrnxKSzlNAebUUNomC9BpRvGhSNgJvL1Vqknxaewi0uJPGwVd75/LU9BcbkvRjoi2tebGm9cuveZ9Uy9BfIfmvpA4KeHgvbcgnntLBLlH688AsE38eOH9/zsk/o82dOYfmsBEV0tqRc160ykfhzaqRcukyZbogOE4SLp0+2Ts9RTduOQQtGlV2EwLDIHDQOMXbXHWM3Hmg7xpKMKxOju4bffNr21p88mMWpgEkmz1bXUSVXcpTSYFookpQt1S3k8hzN8dyUDB0mzlNgSwFU26CNxQ7swYTFvo+OgUui/J8MODFltYbVDosVm5pCnOEwuxO7zcjaaJel4eWUxtOkzIlCxpHJbKzDO4efyWsrRqFoS4abjVaXC832NtvhOPvaRm7kBu4xi7CuBwFNs6R9+Nlwbc1ZWhsol/3mhl/fcILmMO4I3T1N7CRonDnZXJjvHB8av35vZtl13xdewaoUEpN0b4Qf2XB4bTTM9Q0nxC9WniMAABAASURBVPVjPOIRMymyXIqQWe1CNfCcdYcJi/u19ZPN5X1eeco115dWS44xObWNQo0zWbZstxOsnz4p45bBUpuqL4k6gWMVTGnG7Tw63PaZUMlW41LaydMI9IDVAiuzhotlAww7bUvpGyChIs3OZLzdGRsZhUehcfhQbNtD27ePF4sOlsWJHNs+Mj1SWj9oJWdO8zy1omDH+PR6GtoYGGwb6DkN8o7vD1meE6dpp5O0gsUzZzCApCxP01AYe50yqAOFaNsYg3l65vjRDH+3W51WA0NrLK3MkEXOBk1RwNq82UC7A4T1rIKISCuD5LENzmw8DJYwuZaHw8PlIatiVVJjcGDRseoL80XLHt5zU2GE9inaLMWTtmU+sGcvn9kOr6Asu/XAF0bhwO3jQXFg/snHXINcbagcP4PP0pycHCpPTRQGi2MzM4XyRLMVCtOuDlUdl3C6abOg4s5G7sla3iIRp/hwY/HM6eNmqWC6luEH+fKS12wUZF6A+7PdLBipl/uoF4eZYUrLaSyNCiaaMPkfaQ9KFGPVDcKQmq6HtU9nYMgwV1IWqY6Lf2gYFp4R5iaWz+zZz6cmTqdZYJloYyMWH58aE3MnxOJ8IfRLLk/8axIcV6CcHwR9fgR0/xWdnQirXd/3YcxvVcx4vgUngXmPIVWHYbGzifMlAp9fJXb+VQmgQRhg/nGVxklSeALpoyltOIzSABBJTpMRbWthWzbm8X5+EbQD9Mahyuh3f9tIlLL8PMu2dyCTL+IhkTwdBTEzGGdHTx//sZ8yHn/agBNKkrQTqaxy4cOc3DVD2gzd1MCycey4kSYqDBnTklWYmuEEmpXYm5JfkM+cgp05et1eZnWDODBRxKsb3A+L11/X3YLEuma3vXvXdb/4s2YUiyhufvbe2t98rDIzxRzSj6NHD4uwbO/4f76/8L3fQfPbeq32K+/PjxwnFzjXEhzaCpGZMMuve/3GX3/SCQMQI29yhoKyL7kyUuJxlJqkfOfN2cy0rLd5FAiZ8NXF4//p5/b+ws+KybHelXZXDq/2ha+6PrVCV/LYtnN4fiG/2aZtMQyezJV/+a7Bxx8L4Vmme8qwKnCaEe1tptzBaAYUrc62zU4XKtdnZoGprYgUGKMmjS2GE5zLTtvyGoK7bun1X/2eZm2JnZXsknLcfP7zX/mmEd9Lmg4QBHMaGSbsOFp6urT3Lc95HxitfuVXfgXObRiyH//4x3/kR35Em7Ywar/85S/jgHe84x2/+Iu/eJkjVGvjWZVEhyIpmB5nqd8ItSuTs2s60KpQnK9pwuGpwSso0tTUFP4EVwUzYiow9jnlfa9g6e+41/v6+3vzdZyyniwpKPLF7cS8WKHFugpq1oxYi9XqRIJxHLXbHb2TCMRWBz7rQGam9pnqV1gvCDpTOm76dvRd6D/1rXVXLCqguz8fi+4aiIjbAw88AP77VW//KjBiLOOf76yMb4EBAUZ86NAhsOZTp05p9ofnixe3b9+Od+GXnp6exr2QPi9p4fGxsbE9e/Z84z/4Rlo+qSvRSr46fBvXsHfv3ttvvx2XrZkg0YEkwXng6Aabxhf983/+z5/z2q5sN8+yK++mvVYuUbaGS+hnpJuxzsOJcQPEWb+iC1pOvV7H6zqOXrdDHWehg53RlvS2A6aepiY12ibuf9c1+vyqKjol6XMe9nezp3czzm2CsC5P5Hohd5ZCr2S9sE3Fn2kUVeG7yjIhckoBkpLM6t6aUKXI4yQmgbdIws8wYYoVvOLsjp2m6ayvrBQLRdd2YsxKsJ/TBH7RnHSdkyTwkyiQxJ1VHkK8lcFiV2mXyXeaYka3DHOu3thIUsNynTwDAgOw3TEz6rdXHRAwbwB1rDIR0lURfKYrAwcDMTANboITgc9g2guiGGYkKYXixEpdSnSNZvIdGcqziv86avcD7iERnJBFkkVhoJhc2vdpk8xxxtKcPL7VoaHq4CBOkfjhTdfvabSbQUaHxglV2NGlxcOnT915w42C9saTMK2wDMO27KJXqZTDTqfe6XhuMQGTSmn1hOWBkDjEwh3h87Ywomanvro+YDumZSvEJ7VpseVRPiff3DQ86POkuKryUmxqh9Ptnc98c3kBAC20ha1agx73pFr0ocpoP1ZPHHqLAHSv9Fqdzvd44cJlL1Pi1hYpLx2ILbdoWD/55FNf8453sOcqV7abHz9yUFlNqUHGFd9y1VdgEjjx4EN2sZLKOKit0gLFMIWHBgsgbNB6CJ3PEqkh2GB1/IbrGwV7JY4yy2y0O1NusbJtW+v0QtxoOVztluO9APz+2dXDzLUUh9TVT4uo/hKpt6zsZs1xDDPzg4JtAdWjaxlpBquxkucVr5TEASfHURJlPD41PzC2LTUKtinSnDsNfzIT9acPD9RbQ7DEKKIqJuUPkxADzihMKwJhjcJWFGJk8QxRtIwgrNsZsXEPTqI0tyN0a4onw+Iv9qVVHYw2VtrLq8xyylk44gjbZEGjYYIY4xG0W4O2m3rFZDlAvYliebpQDtthS2bD2yYL1ZKNCbpW6xw5MtquFzstGnPiJMPAZbCQ8RozoupgeXZq++6xCBWcj+aLId9opu2QZ/7SwSe9Rm18fBojSdTprC/Mp2vzReE3o7YPQuuCz8KWgOOKJamXStidFge1Z0Df4Jgp7ZHmjmNbEmOLj9qKDBs2fIw2b+U8Pt1pLi6ZhWI77MTV6vDuXR3QfgxveQpnG8AYGygnS3m+0dw4dsi1rGqlzNpBwXCFzVqdzGzlIms11laTtTU89/bqKr4vSNP1RmOj3prZtatUquBUcRodXVjYWJgrWc76xlq7VBKU09WVJi+KrF6rzR08nW7UgblzPPFGKNbapmu4VbvoOIZDjCjx2dTMcCH3rMSwSNBjiDk88APXLg5PzCw0A1kteLZpSfXsBgasjMsUSxJWZZ7nFKtMDo/t5ONtE47HOGhGneHZ0dH9O6o7pp2hciaDUqHUbKTVciEj0fDMk2aGBtJOBqtWyWJlizVb8QqgwVJ9v1flltNqt2Toc9st7xgd37YtRBeJA7Z0Ol4+ZmJiobRe1NjjNMGUY9JYi0nNVGMeeUQxNQwJJ19f5fMLldERClik5JtpJQvN9dV4aUFGiV0abAZ5G4sgyxY2xxrdKntOyTZkUBZJkcLfEnatvKDCLxQEzS8kxHE+g+6vUoGPW61WoVDA+u7yRTl0QhedOgg2v142sgvR5wsy6POvmb1C5SpNOIPBklNUMFFS8oRizEnJuZSTTYTeTxlcpdbP7UrnbhbeVdOFeeoVhHdhv7Xsw+eLWxGXLWMsxW2V3d/17UcO/kfSjiIyDScuTzgvTU5jDtZ5Nch2SjP/2Ek0LsV/RWZY1o4dzCapje5FY7J89AngYGvfXvhMGaf2Sqbw4SPkL5ydJrAue7sRBTdmpwZmJ2ku7oTLz5xouIV94yPdSAAt8OY5o/e8juokzbP5pfav/nqFsLSQKk+ETkuB6cmCtVquRIvLRhRntplNb4OP8dJokffiUfKByv73fvvR//izVQBolju57Nz/UPtTXyh/6z+g3BTKMJRXCaZUGgIqukYItzLw8COJ/66iQ0rieTlbe+OY+Ya3e64kjyIsLT9z6rKSsrMgLEmaUfWS01tR+uz8Frb/ul2/9mvvDcwBWG2GYz756LKKseasm0iS5GWefPrQN7xFKbnQLjRqLWg9wemH2eUVDFu/9Vu/9e53v/upp5768Ic/rFOl43emcp78+q//+lZxhkuXjaWHaLrlm8Z3VzdYdq38a4V1W06Xe/bT4ulA3T5RfTkLJrDDhw/TRtxmE1MgwChcqUEQYC7E9WCRg1/OnDmDuY1SMJ0nOPhiSj/8WUXLUy5ZgFnSg1YqAThgYGAAQBYrq42NDVwGZlkdtqzhGhbheBefxes6Gpqp6bwf79zPMagneJ2BTf/UVa2xjp6h8Tta/gd/74NvUwV3evkYTp8f3zs3N/eBD3zg/vvvv+eee+6++27gZtgTGkNrmyMj0z7RwaqhH6La8SeqHb/AjMBhg4OD2icxOjJaKpfGx8f1zeqL6V/n/Pz85OTkfffdxy6vXMFufg1AvyJFN+D+uIEGrxNpoi3pfsGVlDOcWOg+WjYdx6Aja8SMw9CD0JDwEcqBoeiz7nqsZ3dq47Vvwl4rr55y+Z3u731P78W6nvdqzw4V3VgUFezM9E5EyjbGCEgCQ1M4X2F2917HK2BYHhgZJeVlEGRJyhpJRpQ5TxIJr08c5TGGcoCciFQvVF7pVFKccZhl43v37N5/Y6vtl1dWnPGxXUsr8+urc8vznfaaCVzkx+7AKChxmkUasOcqjlMhzFwRVXIxYYbE35gwojjBdWlPkSkMz/EY2yLvqHID4j4wVcDPydptva4F2fY7bcMgsUHeTdLY7eyEi7F2AjYyzH3X7VtfXvbDYPvObYdPnoYNaYOWR3Gr0zp6+uSenTsGSkUP0Al0u4CfDreMMI4obqvTaTca1WKZllpZrm0btZnCBMsXjgN6jhpqhT54jlS61Xj7OdHmVivoIp5vHVHEnu9GsS5CVnkIt77eo8/5y2+AbS33feUrl3nkFezmzzz5qLeZ/1NvDuiT9xeLJBKQtlqDE8pNLMeFrWOYNrEzdDQ0d2A1SyUpH6hI113zw7xcALU1LStM5cDgoDVQiYOARPzIO9MLIWRdJR0V7EwB9ei5Btdh+NRFDCXFwXOshSj2Wag07op5U/ZDHrSLFq4nw3qtAHOR8uDFaRwCqhLHBf5dz7PHH/F27IIDKZMSfiP/xHHjxMnhrF1IY1iQJtheHsHDQ9eTpDzlTmwakVNR7gdOkrpJWWbg3WkcOYZKfQpT0+Aw/gwdkdNccS170CmDzGOhnjX9KPYHVdZfM8fBWF53Qr9mm0bB83zK6WBUmOUxHs4f8z3LB3WP/aqURT+yU0omylXnS6XR4U4dJm21IBwjixhosmfw8pCIVtv1pZODnTXRqK/VV6KTR9DmXc7jFvh+FCR1ywDflGknRzenfHwZCfvgAaYhOjGLs7gjg4RWq14eowZwGzGjCDqWk4AJXAm5k7WBeTM/jFMfjzVhhYjzNsYweJ5Mcp3FRm66rJUEXh6lrfr8wScK09Nwj6cNTxh2HEQiy1fWl1uL8wznyNLC8HB5cpJ5biuIlpfXnj14cMBxTUDY9ka4sTxgiGZi1KOEZ7ERtvNiSdhGLUva8/PJ3NJEsZTLpBNhVMrbg2WZB2M7J40RJ0zkRiNwORucqjTWs40kAuUoCtuZHM/LZ1bWAzNmWbXQ4BTX54Kbkyg3jzJyZmaEUjAIcxUFgqdhYuQXtje9ffv4TXudmQE+5BglylYI72HVspMgM+AeSaie4pRFAPhNmbWCsi+aJ+ezhcU37t87PDYmPALQx559qtPq7Nh9gy9suBSKtjEwMtapVpqnD6Z+zQQ0z6TnByWet6XUsug68xmlAsniMmdOY814+vFd+w/4hRKjdLDvBQkoAAAQAElEQVTS6tRbTz01uLzsCmsCHpwwGS64zTj2TFFE52m33DSyeGLmPuYty7i2tfHKlPN59DkB0exsBr11jNXR0EyFVWElaKrSX4rqVYAOPdHqeUzNBcViUS8NLk2fzx/MXz2m/tUpwaEqnbSrKP+tChFSaW9NS6WSPVfuTfZ9ourDPSIoe6K7F3oWm/D5Cjwpislg11+fep7sBCRNBR8qbFa7uOO2WxkBFEN5wlOWxfaRE2bWDRDAujPevUvaJtfCZ6TDkCw+/gArOWz7bBdg4rW2X3/q8czifMc0PU/eBdCbVw6UHnPr0DGjUDGGR88ebyieRO3CZfnyKvyHQgtqsV54NTg3XOS7tsPUDk6fLrA8BkHdvZORr+a5qkapU1Dy8a95s/iTP83uexQXa+RysB2f/r0/uuFtb+JTY6z3EK6iSFlLSdZWh4YPxeyhOeOebSWXBWYWeSyiuyVlPhZx5+kVaY3AT/CgoZc9ujGdnfSSn/NfVUxDVMsuyfrBgqLgBAqx1lJoyqciLdpSCvdL1KPPGNFsIQ3/9CN5c15UptllFCCJj3zkI//oH/2jhx9++Itf/KJ+EQTtd37nd7SQ0OWUPAv8+pM2ZcIhld3N+4LXQlBik1fWsn/VFqUy0e2I/dniZSt4KMBSf/AHf/De97533759eAVrSqy6wa3Ao8Gw8CK485//+Z+jbXz/93//+QD6ysTJ0MKf1qWYUGnPcJIMDw8DyJ4+fVojWg1eu0eqmGi8cuzYMXA04F1QWryi46bRYnUQaF/0uQ/UtOq0Xpj1W6OOCdUvalT3qU996tSpU9/zPd+DfvG8bg0nWV1d3b9//7333osFoQ4nR43hXlCH+qu1JaHNCK0BjSPxCJ588sm1tbXR0dEdO3bgdnB8pVLR98JZl9FrV7m2PPBFWHbCRunDxOcsV6Sba2rPrpWXpWw1WFnPz6ENTTx6pRVbROPR2s1aVUML1OiwCLyCI9GXdbyzVEkvlStGapdGf3+AbpZq2wElNoTj5+Ufi66VSxS9K+Uyn8i1nk7lglXVWwGcbexzqRWFBbhqVqm6O/fuLZQrK4srQyPDbskjTQlOAhd0FAUPpyrlYExjcRihp1GqQJCrXGXtzmHTZzHY0PjEwOyM0+oY5dLw1OStadZJosW1pZOnjuRxo1lbDv3AdSycmMJoCDp3Y29ztbUtV7wbvVOSkQAwlpimxbVQuyG8AgFo7ZPUvlaVl415jgsALVWAsIr7lh3aRWQKfm6QjLbq8XVJlpZcb9eeXafnFiYnJhaWV7PUz4HVJCsXioVKqTBQrgwOFMF3KCabdpiCPkcdv1VroB6a67WR3RXcd5yTCSoMk9sUdQ40lZiGN1CpDlcDJqM49SygvIwk/l6owljPi/AiZC60K1r9f+sl5Jl+TSesf8XGvQcefHBxaQlP4XIOviLdfHFx4eDTj9+6b8dmfJz6qaK/cylfbF4kNG80BpIzz3gmM0xUgrLeU+ohInp4RYV35X4M3w5ga5v2IlAOJLyKrpVT15OkQi42r01dn+rC0kii2HYtmI22Qek9SZyAkTwBWICRZ3YYF7FKYrkjuY22SfeTmnlq+vAnZQa8LyTKI0XSBEc1EmpfIKzlPIgX4mRjKbMdErJJ4nLg20HLTJse+jgJ4kibq1W4SjrFdex71MYwTfqZlFtRvZiB7vUC7dHRUkpWRUxfKEdTEsRZk9SkuUFSD4Iwe07GHpFDQ5ieapa53ygIS0WeaakRFodUa4JlQOEWDRF5hI9bBrmbpImbkAXDHq0ut9pWCcOYAwZbsKxKwcg3loyNxWIUArsbWdPKSbTUJkGHmPGIsvRISpfaarcTLPYlrT/xpRYWcAbJVoBmh1iB5hQETUNEyijJFvVoep6wJmyZ2WkAKzthkS+cmvQtjCOCh5RvXIAxp3EusrgetCvtVsVM8qiz1FhlNpbRqGjP5BZot0xCIwHuNcNiYejAddnIUET6ztbUdHvlmWcaC/OlPBJpuyiiFESbOq3orJ7prC0njhVj6E0yV8oCS0/VNmj7CHeSKDkFxBKPd4aqq+te05CNRmNmsGgMsEaJLUUM46mX5l6a1Qx7obVRW1rzihMbKbMxhueymDHyoJhmYbBM6uU593D7APWNWsNvmXFslAaKk5PNUgmPyDXJEYIpo0051QHvcb/SzBkQSZzlhrB5kLNaaDSjcHHput3bZ/dva2MS4VlpyLvxthvXVxtpagtmlYp20bUcVvZMu2AWmqcPGVEjkb7tZMUsjCwZoevkwszAuTizvRiWm2XtdZ36ymIQ5dbwZGbZWRwFq0vTqxumbW5k+dDywtjYiNdpNmzLTHg1ivEUmmsrTtBgcT2mFnu5Lqtr5fzynEHQl8mg+3scQ1Jr70pK9jbhdBGBjlfDLzrkeesHz/l5wRcZe9WFP7OrFEDTppkcAzOmm0SozVFxlJuWoRSdaF3FNGvQFZvrOFOlqcZIfErKLso73+TYDJaWegOPfIEWD1Pn76pm0OwVP/pUyU+FCnkwCcxaieXxm26BU5Vp9SocCj/dqTnSiqeMtTy2xODuGZ5HdOU0bUi+UW+enh+7/Rbh2pTblVOikbzlbxw6Zkk+sns7l7FMBHmFyemrswrCTylgPCYnTlpDVVYuwQm8FU7rnzzN+P0P2UGkQanYVCURPla5s9tS+DcX5gtMxpYxeetNnLIFXHpppEU4qMKN0aHB198dfeVJk+LSMzNJvcefXf+FXx39Tz/GiG0Jxq8OTKmiTihCs9VuTkzNrOfsV78Uzr57aIcHYyFUOhtGys3MsJ5cKXzykH39O2ctilLJ6V++JXZFF1U7/VgWHTWMYuWBGywadkvCXjIdI2434aqEa5Z8A5nIfStaLOft0aJh4mVau+ArPJmKLEnTx//QftO/vszbAcv44Ac/+J73vOfZZ5/Fn6997Ws/8IEPXL4VixK2T6tNrGqT5FbFfaYCi9Ta7FrRpcsf06wbq6tUHzV+1fK+L/W39x4N/Q+sE2uYo0eP4tEvLS3BHMLvgLnz8/MA0HprD5Donj17MNv1e7oOXmZXonSDoGFCJTHMR1MN37gGMNZUDVBS6xf1Oo2emzU1RgWC266vrwPXjo2N4aem1VqUQEc662/pK6hqmQL9ivYt6zjo/gH47COPPAJH9D//5/8c/YJd3sSMY2ZnZ4HLAZF/+Id/+L777sM6cGRkZPfu3dtUwe86u6DOEafvJVBlY2MDFc4UK8T3Av2rrOk1TczVdm7KmgjUCFq9uLiI+8UZ3vzmN3/t137t89JpffHdXGeuu1ZekdJ3XXClioP2gF90fs4+QUYTQhvTfQTdAT/RokCf0XlxAJw7lk2pm3RhKnpCdxb9e18k/Rp9frUVLd59mQe/+nt6T3jgbNOxp3UgLyMOgaswXil16jGtGaVe70b5akEE2ddA0B4Xkrvor+XUR7uywFzAgeM53t7rD5SrQwuLK8VS0S2XEuodSt6PPDy5hBlXsPPYxogMTyCmcHBipYWm4BBJaTCgND+K2j76YiQcpzhQFTCSczlqiMnR4et27vDbtcWFUx2/TluqY7BZVDZNShQdnNOuSMAdwrmiqz4SRlEQhlh1MqWbYVmG6zpyc1sZ1xs5GW2ENCpeyeTEoRSR45iSOK0AKAFJ9/huLXVFdfEeJt6ZqRnXMjHhlgxLOMWhsZn9u3bfduMNN123f2Zi3FaRFhSQjXqI48iPO81O3GpjuCHxDVw96ob26UvDcThIEJYfIKSjw87wEMd56RbA12hyVyLU+mI5Oy8SebMhXFgDmusA5lyrhHVNKZUB6JItrX8S2WsRrCe+0ZPL4Ixt0dlQTaZ7dbpu9WaRvjaHfnOLUhnrn/fi60S5pbAtlhjr/YmL+POPfvT/+oEfYJdXXnw3/8iH/pjkR4i9Uz2qjtdtFyqwSbIXR6DzJCIzJqV8NUoEh0L11RIHOJVkzbEiB4aWzU7tzHx5927SwUgp3AbOiubSMtoYiwDoMiF6dKzfiCUlQmIxWiWwaJyguzgCZ80sk1pYErtRNAQnShBVDEEhPGlCus0sB4AWpIRDWxboMrS8OSfGrTQ8GACo005SvyWFqbbuYvWFa4hI/0DtMKXvB4UkGqmkqXuPMlNjS6ZcQVJ7gHpZHBUpzTNOOupGr6kQrmY8BKNVf2FFR/rueWpJCrglaRE0bCX+rpU5yatDMuu0LKd6Ugn5hJLsBjAQtP6z/Ez4KVbqDFW+vt7sZGWXZNmjaGWp0FzjaQMIAE4BU8IXTd4y0prnGZ0XY4tO2ojOS3vIiZiD/1NIN+UyNUEEIsYTDnDtSIZVP7i/EhDClZuCOah9cj2ZhDZkxGU9tFdrNbtajU0KGx7AejnLW6trMggnyegOsWaNMmBpwxUmnjmFVql0qqkUDSkG99xWqw7UUxpWAK8HCoXK5HhzfYl1QiuPhUxyRgql4CM26K4Msw4GaWBZoyWzjcynzR3MznkxM2UDKNjJl3dMGwU3suBosNaDJBDML4gzdSwiUjeSVr2x3mmsRU0xd4KlPqrN9iiC3eqE4UrTqZSq+YSKODPdnJVadWthLvGb8DQwM/c9o1AwTdcowwUITwSJUAo0WlQPyZuiMSfM95NCasLp4KR5a2296jjjE1NBmmOoZDY5XHjBK4/ac/MNu1I2B93cZJ0EQL/sjm5jfrs11wbL9pT+i21Ii2rZYKlFQ67MipQjgHLeTplh7NcwFjcxL6Ghxr5rMdd2QtR3Y9FcKl83NeOjv4Mw+Svh6qkgqhXd1MLsZLLs2jblF1e2Mmh+nvLGBRl0v8izRaL1alTHe12Qa5//5/P9ec55XnGD/yqV4NDRv5zEjNXAh9kAVpQJ1mlSXI/oL6XQuzBTJelmTLRuA44FD15GCh6bSV7y3qn1Dj2S2cFIfAm1skv1XExgqm5FwmHEHl5Y/L0/wdRIOgqS9nTAmWakHVnbiP/qbxm3VEPIWNtnJ05ZWtiK52aWDMwtJn/xt1xLAWG4mlso1VujmCE++Xnm2FyJarGjx6vL62kU2Mfn0r/4W2Y79NVnS5ZJ34+PPnvDa1+TfeJzedHbcuGpDnTGj+SvP1EKaFkLF6KhMgoTQqRc20b1hr38+AlWq9Fq1rQGDlzPLYNdvO2qPYOb7J6b7tCOXXOmDecn8ViWFaN45eN/W/imbyjedRuzxCsaf/Bc5bxVEQD0ysrSrp3b4a/88qnOe38z+NffvPuGcW5ippZuM7W+/MzyX31l/Qd/6mdr7RAtL8f0enESu7kHrvunLLYPsUO/xlKal0O74K0UOglrh3GZIp+zYtpg85/9d+8Qs6XQIIk/oVZA5EHNuRk9/IHLB9D6Xv7qr/4K7Ayd5pd/+Zefrwxx0D7Buib7uYmz+VlN4O97QcWCGz722GOTk5MaKCwtL9XqtSeeeGLfvn0TExNauZVd6dKfxrQKhP5da4BgbQnE/Md//MfgpD/wAz8ApAv6fODA17E16wAAEABJREFUAbDO48eP/9Ef/dE73vEOANC/+Iu/AJIeHh4GYwW2NnvlufxPFy7akdvfN0RxACovzenTp4FZ9SvqLSzhSTOZbVmw4aeOd+7j10aj0W63Qdl27dqFozVi1hkeqNBm42yrQ1ifB+hN/wJU0M/bgDPjq++9917U0g//0A97Be8y7w71dubMGdThl770JSwC77zzTiBCMP2DBw8CMeP8qLSpqSmdR1H7HrYmi0DDwF2gYeCSNGHX+eXwLFD5qPMxVXAGQG18Ed7CR3ALz2vB+SK7+TUA/YoX3bbx4DRlRtPtb9BDu8KfaBJ6+x5+gj7rVqTdGGhvOqy+LyGtIyz6cRa6HfLejgF2rbxqyvMC0Oxq6OnyQmxLyudBvPqkWvb4HRXtWe2Kf21abVwD6P5+IwV1FEKkg8FeTMfbd+NNw2MTZ+ZXy5WB6tBAikW5Qp20qZ5kn6M8AeNIM5uzopc2mmEcWTrcmOksaFhHEQiKo8gHgE4TMCXbc4AjKKaY1Jotz3aHygOjw+Nxhs7bWa/X1zfW4/h0qwlqnVqmQyqzNsEqaYI5kF1HcZB+SKE2BgEPYBBX+ZP6ggTdOQS3kMtBAGhhaPaOS6k3Gyoyh+bbPkw0uej1bqoCkWEZZO3ZvgNUatf0jsHBke0zs9MjY+VSsVBwbduEyZBmFI0F0JdEMfh62vIxfaZB4BoiCcg7CpDueq5nF2PDCHlemRgtjY/RGoSpqZwbKqY7dWyHPM1ZahimfC76fIF3KERUZtlZDPeC2HfLybe0KdlPNHMWjN46xffoc/c/rOvq2AKs1UpQH7C5XJHnfdfFij775jq0eyP6JL//h394+QCavehu/vu/+4EdkwO8i9O7rF6F0xu6C71IS1SmQU5uFdOgSGjitRmtttWiIFOxVGkK738s87Wnnx0Whjc2LLGCiePO0lLr2PGs2WFRbJIsTcK2+k9kr8uTvHlMqTHhIEnS4tjYwM7tXqkim432ocNsbr6YJ6Uk8/LEEiC6Ge08pQ5LKzGcNWMEdUkTHstekpmmGB50cKz3DWHTLlNcIL4AiJMDyCZUMRQElitPE4VF9KOFVNYptd4VSse9G9zW63Mk5ACWnOmtq4qfE3Uk3Xkiy0ylQKQ90QK3woCTs821M9ffg96NdT4XXY8TXa1+QuRbSlIDnzSNVpY0Oy2n03FGXYwhzXbQwagVh9naBg9bYe4rHWC6cYsuJxcq6popJ45QF+OAh9u03wPGsW/KIJZRRtHhac7hVYop1okE87LcCHMGTh3KrJPyThJnpgeCQXskcGtx3k6NwvLi8Ohw6tpmxLDSd9ZqwZmlEsayJCrn5GbgtrAEd0B1Dcqaaqg4QtMub2TMGhxcM6zIMYRphgnLw6joWqnN81ASlKdQdfxMLaLPYNAUeW4K7icySJKGCDs5h2cvkllkJXXpdDb4Wr3hjAxgyDZt41Qa1uoZKmZuvZWFqesnYnl9ffWMSAPWNNc2Fnm17FSKaRjY8H+0I1azPb8OA8t1bDPN3fX1waWFAjkFZRQ2C/6G3bTGKsNDST5Vtql6BG81I0wU1UIJjhKRYokRue2Ws76eLy11lla5W8A9kWY+hnqTw4VnCbOThn4W5ZaMeQx/XdGxRTsvCbM0OBKsnUR3SSnenMMjkQo74V5uWGg1tjRsNO88Be4x0hAsyPezglsoDA869kDSXO+sLlRkbHRW7JO51VhmBTcV6cbGUrA05zkd14GrAZWKJ3bNtr+S5XIYtDwvUSE7GxBfbHF9QXb8gunzq6FcpQCaCAWcdxTAZmQWDHRytarxWnBDbTOF2xNOxs7f3rv2mc+welPqlLmKf2BqNPftnvrObxETg9LcXMZvbnn1w/rffGrt81+0OgHvCu+qd9jzkcvRYgsgIFEYPnvCml+mTCJEIg0dteGm2dwv/FJg0lYW3AamRhsDdJIKlUgENo6V5ic+8MGE4uYw6dEHXZaV02zp818K7/0KpXQg/6pw48SLQlewY7/0PwkZ05YjypxtUGLrVKj8hWaaFOJk4b6vxA89gilLbYeDhxNDd642/5j4wnLUxkxARLtn2SmnOKVFGbnuev6Zz5eDRAXt0k5BnqXSpB1VvYCM7Oynwxjr2hvkbu349YOHRRYruw3zI0lKFNbX5v/zz+756Z/iN+7j3suXfu35FJgUudAV0g2VoBtzHdcyrP1799984KavPPjQ6U72b3//6LDDNJNvRbwj7G/+tm8dnpxtHX6azkJNTm+korQVuXKskydE6S8JzFo5bQijlkZR+dxlviN92C2SW0FWqrCZWLJ7j7Ov22cXOKbqpBit3zhk0YTFyKsd8OKhDWv7GFyjUbp6OHrg/c5r/tnl3yT4xfvf/372/EtMSYA7/TRBmVrjiZ78i6G2jLzaxrtXqhw7dgyMVScKQ50AQ2sVDrCk9fX1hx9++O7X322Qn4ldqaJPfuTIETDuubm5xaWFdqvd7tD/gjDAYnDHjh045uabby4Wix/4wAeeffZZYKzXvOY1gMu4JFDR3/zN39yzZ4/Wk8WVEw+2rEqlgou/8cYbb7rpppGRkT63eqGFhNVOnTqNb2QKfmFlZZqW2haLsY3r2Eym0vTBM6ylbDdUAV/TW9Rxm4cOHdISFjp2WC+zKQ/Ilpgpxs4KidKBxv2Lx0l0QNqXv/xl+AO+67u+C9946VvrAzuQ4re+9a3bt2/Hc8THb7j+hj179xQLRYy96FxalAN8UH+j1kmgXFZBANaPPwH3UaU4Uov5Avfj960ZCPE7Hgeg9sc//vGdO3eynjvheS07X3A33yoXc628zEX2tOO1Bhx63+DgIJ6+loFjqhH2xTTwpLR4Oj6ls3ridzQz9Bq9x0I3RX1O7f+QSt2lLxitVcvZtfKqKXpAu9bTn7PwXhAD7y+yelGIrBeNeH4UkWHZN9506/TM9oWFZcctjA6PxmlscCPJIqJzRKDBXkkfCvCFaCQ4S7kQbdTyIDHRm0gFkOdK9I62pwHY5qnlWAEIteGYNoiOibdNy4FJD6RlAyKzUrkyPDg0vm1bsnf/9SsrqyvLy41mLQx82oiYYnGSh2lMDDzNM1oOkCXPVI5igGF21j1wik1R6gbVYskygMFzg+QIRRTEFPhhmqiNrqaKChToZ1y3TatcKFTdwjve9jYgeFwhvFRmzi1J2+25oaQBVJhjCuIcxXkQpqDh+BeGTM1lK4sLzWYT83PBm8TVBiyvTk0UQRItG1+MJQauRpgWKp/Qc5p4jhvFikGL57fpux9nvBmkcXE7qZ8J8Ooax06ePPm7H/zg+9773sv/yAvu5r/1W7954sSxHRN3sJes8DhSai8mWgGpLlIzypgkbQfySNB+tUxgvRTKeJGvpplTLRumkQadqN4w4wRwDD1OJopZ512/gOYomvtiTQzuLIlvC2diYu/bXl8eHinZhUKeRtPD85/9gjxx0skB6eC/Aamk9q+oNRVYhJRcT+2IRn9Ai5TdWCtS2TBwsCLkCcUBY8EODqtyHEq5NeidTiSVjojyTKiVIe8nRtWIXJucGZxKQglfa6F3kqHEX+QsMpXENZFmpdUumGLD/TrsDl90DHUllcDRUCmktIIJrfNJ6yIDXA8NWc9bnYMnJwe3D5Sqtu3JlCWrK7XFJVavO0knkqFnMI8bJqqFUfStQQggw2XYJJcoUkkc3TSoSk0Vch0lLMylCr/G9Wakr8NI6sNQ8Wqkicx5R8ogp3zi6gZpI3UQRc2VJf9UIYcTC6ZJELHFVbmxbtbbC6FfzElkGathfCWsW9cSBccqKoVsK+MborgeBPCTAfGSorVFOo7BahymEaAzNQWuPSTSAg/n9CJaGKms4PpFUk87qbQ6adrO83Ym6zxvtI1grTa2Y0fqoGlkPsvbJ1pRB46O0IHjcKPuz801G+u8Db9aIJ1Clgdpx4QxhHdNOB2xWMfJ4D+0KbeW3WpPYBxLSe/bb/jGSsMpep7It00MLtqGZ4ozx+aNTIwNDddTMrMoxYDJFo49Y5w4PtBpYviTbrGwOlcu7fQx06bMxhFRNn/qRCfGoyi3pBMK3slyi1RbiNHntpkEcEk6CTOagi3DTzA4PDo9W60UZdBZO3YkWVsZpc4An2eYOd72G64bmp0xwRXC1tqJg6tPPV6KO4VGmm2cQYUmRuyhy2UtFxw7R13By0BJDdi18uIKP1uI49IM+mInOecMl/iuC/5yQdB8afr8aoAzVyWAVh5oxevUIJ8r6SiVSpq2uFMyAEDVOAkfOXT43/zk8PKKkaU6VKGLkUEJK+WFPJ3+F98nijbbIoNF+5GSOH7m0NxP/szAyhq8XpxtRufm7Hmo4+W9DWIYSpyePxTjpwq7xuhNocR8bISyZDO1aafT5nWwEx6PDuTVSmKQUIeT5vHykjNUkbBc4d1bWICLlo2PcNd2Uh4HoVUqwBwMmw2M1WxoAD43GUa2Y0vLw2Rogh7XNzCKh6ODPqlD5BwfWd1wYExvm/EFd2tNHuV8bJSudw5r1IQ2GPWiS7obAyzL2b375M//dzcB8QQljxf+5MOT3/BOToJ0BrtgkGs3gICCL2BKBI8/vvBnHxnJ9EwvlTRI5kS+fOTxgz/+U/t+/j8b1+3izquuKWrRuv4SXfZFXTgrFItY0v/ov/nRn/1vP//0o0+1krSVkIi3ZTpDo0Pf9g++4avf/g4HBhbLGym7f9Ge84ZVIPiAbIvCqIVGijlTKkE+lZ1dqqSEygvOyTfN9fhF6tHCsSjXwx8/5N+8fWS7mzksohwyMqYjDbMjvSfX7JXJ6SnTs9QFR5/6z/Yt38GdCnspiwpHbTPWV+ZTfVGPvHp7GmfXQun6BYTx6aefnp6eRltqt9tAkECKOsUfKCRxnysaK47mevz48Q996EO/+7u/i1UiHopSm6BNgiqVPLNtt1QqYU2rV6dPPvnkF7/4RU2Tb7vtNuAtXCcWRTqTng6WDHsF149XAHzf8573fOu3fiswdD+k9zkv7Jx5Ed9y5MjRVquFPwHXdHY1rQlgq9K/HQ3dcDEgsHfeeefy8rIWD0E31OAYkB2/TE1NpWQPGzpSuL+5SaO3rbpasidrwHo8V2M4vPIbv/EbeFJf9VVfdTnch/eKznBIWRMDH092YHAANHlsbOysUGUtA6gkRFBWVlbwdK6//vpt27bpMHONoc+pyU6ng9P2L15/HW7w/COveNFR5+xaeeWKlpfZmjkQz13rgOtXdH5L7QhB+4GfRucnRIvSTFmfR83kluwJkTO1V6APo5nC0+xqAzd/H8q1nn6ZpUegee//fQDdixneEj8kSRbN3H/9gR079ywsrTDTm5ik2ZlhASFJfFliLZEq9oo1ehaDBWNJARxru4Y7VAlabSBli6nd1l02Bg9QVN/YMG0QYyvKaSJj+suVBoHJgGVN2q2fJZStz5HlysDE2DZ5I+ZWSuzXhovYb3WC5urGmlHzg7af+EEWdND1E2Bfz0rb37AAABAASURBVMUcDoarkrNRVCfpdgB0gFizvFQowizM4JSlsOusXW8mpCaZca0SrW4dpMmzHNum4aPkFkqFgkNp0ihpGQP/A91KWR7B22HSJBWFlNha5VoEVUp8/PNJ9poyqnHfb9VrjTCMRsfHcBntNC5NbxsYH0tBarQmG5Y6tsG0yI+ERznHtOi6npEb4NHPm0H3gl97D/qiZasH5Qp2GX5l7bMLlV/45V/+pne/G4M2eykLDImf/bn/0vU+speqcKAtSqSZ0mZflmrVHKVCYeSkOSFtRwD9MsBQ105XV4O1dRMQMUltCihO0R/AjU2tvk4Tn5IK0VFACuFmhEQF8VhujO3bYU0MppT80iwJc+aG3fbS3LETR6I0MNBtLZkSTwY6pXxuuKCEkrnliUA3JHSgALTaRUqMVwlmAOjC9yOzBDwVfDfX4dJcahXFvrRnD4YTFNWtszf8dHdR6/grCtnVeefpXVr69jK2U/RQrt/h6rVu41UKLyr4i75RwQ4dxER6HuQDy2gTB1ACAD/5pjjRWQZ63zmz6BsPVHfusj3Xr9Xbp08583P+Rq0Vt4osdQzmYOkqSKsav3sGLxiA4KnFmQXIKSmNlMGsWIpIuIFhNTMe6lxUQAlpKFIK5oZ7qmB5tDcxk50USMXOuU0YmwsFR8jNxuprzXlDegUBSx4D6fpG2qhjdtlIcoeghGQxBXFTvL2Qlh8ULFBp8Oisxnzn+NHxaiUvworxikm+3m7wpQW708rSqMykawgMWSYHd5YEVFlkJqmZcRoBhWxyXJEbmiJP0gjeQIBZzldX1hvPHB7Zth0U2Y/CxXo9qHcYWhoefm0jmDsTNTZEkmClUbDNMIK7wgLbbuOpwxkIkymPKDwwstAGRBqFae6h2SVpux5YS43q8LCwwvVs49HTy36ztbq4fP2evfuHbSOip+MarDDoLrksbK9MtluVJEwDp/Pso7N2bg5WYMIB5S8cnzvy2MMBusnqyWx2KnEKcJrMGtUBbq236q2gTZOyba5kbIFxf3B4z823VG/YD0emhzY3NX7sS19aWFkpCis27anduwu7d4WFouSZW7KmSzcmq3PxsSO2EVZtkuvMWZgakbQDx1A74RxOkunONXvvCpTLZNCMseeE0ZcT9sSei0Szq4E+s6s2Apor3iwA8gjf6TFcKzkJuHRSmqCy/Nif/UVpY93OuhkPeiYobYIpdzpLH/yT6X/yPaxwljlDc0oYH//t36+srNs0AHHO+NmI9XK7K+95SkV/k2A3P6DaQIRJcce2HT/7H9jYqMIheby+nv3ZX578wz/f90P/l/XG1+W2SxP3yTNf/m+/cPdP/qgxUJaf+tKx//or+ejw3p/5D2zbZH7keL3WGbrrFtlsP/YzP7P/a95ReNubZZAuf/4LE1/1VoaBzHB4xz/8K/9714HrzXe+laYqTKy1Vutjn134kw/d9N//Sz5cWfiN366fnL/hP/0H0W6d+sf/txeusG5eFKkjSlLDGpqdhUG+dur0VEqGbwmD9Ps/ePrDfy3JZDAvcu96mxBTCY/ybGlx0Icjj2dqqxHv1YcNzPXIo4/91E/f/mu/zEeHXm0qHNSYctmoN06fOgX+nHcd2PASY6IKJWZxx/1/f/THjh4+dOb0mThKLcves3vP6OhotVI1YMzDu2naC0H+7z50kvzDgt95x8QPv+0GnMMUlkp/npEOGCcdwYDbNT5IslYkq8FNUhTD5O9g2VEaHLeKx798qvXv/2T5h752cP+YsHgMOw5tKWbu0WbhI082/+E73xSEy2Hm1vOS0Y79v/kvE9/0X9hLWcIo0HKEKjBA+ch7mdbU0MaVzZgz9spMb33I2A/006+/UsMuWA9Mqttvvx2L0lqtdvDgwQMHDgDvwuQEgAZ/7O+FZ1eiAMv+2q/92uHDh2+66Sb8Xqtt+H6nv+9ewdYcDBf4GxcDsItlSZ/bLiwsAGDFpPSW1et1QCtwUiyO8RYIKevtCsdpH3jggdXV1e/7vu+bmpyiBex5LtxLbyPC8UeOHNFitWC1TCkM4Bd8C2A0fimQxBqRF1zMxsYGcDOg7VNPPTUwMABKDgz92GOP3X///bgGytrHOd7FL/v27dO0Wt9RRkqCgrQ+tkhwaKLXh3r9PdpS5X/Al77//e+/6667wNbZ8yn9SFL9KPvYqC9rIFX2dg27cRmoZ9SqzhfHVcbFyydNGhidnx/yyhZ8xTUi+cqWfp/V1EZLaugmpKXMtXMUh+FP9Cb0nWKxqJXc8Tt6Lg7QCj+05unJQPdJjdaEOWc/4LXy6il/J3u69qUpCyLPe5K4yh1i6PFYdo0HPX1vidLKKd8XZd5ipCPLTa2qIbaEP3fDBLAssE0BfEouV8tkXSLE1SYtK83NvXtu2HvzXcsbrSRj23dMA78kgM9MbbonTgRABRYN8BwmtJkgyVK8TxvunWIhGyhmeDcBGk4N0lOOWUYBy6dOnVprNiszk/DTgv2ahtpkqOIaaVsjNyk+WRipIPVkSQhNmLZbKJQHB0cwe6RZQkHXMmsHQaMT3X7La+r1FubodrNBTMaxI7qILAQRF6AvjGY4r4jTjk1P3n3zLaEhSuWi47nbpidGi1UdAW1b9D9TbZSwgIQEXYOFv2Clq6mqYFoRfWc3Qx/qB1Ug6Y5JfySLoziCwduJww7FHGQgdunq0iKGJMv2bMeJOHcHBqoT4znQEGWT0+ETylam3ynfKVORr3Ec0UYm4eJ0FMJpmLl87vg7pT6o4reVrhbvxQRtBajdloTv6udd7ElLdFWbL6QunedaG0HFgSh+KFWEbH9XnzLC6bM5UUn18f5OyM1Q2LNadfeaL3QjW9RD5Dl3iLUGrJf/8NM//d/+639lL2X5jz/9n5aXlksuLQd1v5O8q2NzBS1j3klIQ6arzk6xq6pGaaMnGr9DnTETWeLAPOu0WRhYhQKLck76yoxC7NGgOU8jUkijnq6ShbC+rIUg35BaykvDqo6MjQAoFwuOmZOcsmPwnbPT60MVOe93kqQZp4ES541pRzRpUMDSSsFwyRGktgRkhgqYEaColBqQIo7RhgGdQXd1fBUtWEnFQ6mqG6oZkD7yOav6TQC9GdDWdX2paGshuvH5+mzUejkQqaF2Sas8UbqidDB0N3on164PQrVCVyIGETVz09pcJiT5DqBNaRjxT6gEdKHfRCelbI9R6CfwHWX1kLu5ZYIys8y1Ube5wXMg6YpIixw/5YBllGz0R6qP9Ug0uLma83omYjq/tGXiJEGBJzblb8yLjqDA45gUlzu54WMswmqUtE4o5oh6dLuR1gweFeHXIvGiditJw9yCN4xFaU4bRuJcjcNKr55SWJAuRck26lkg547UBryR7TvtJFqqt/OlBTF3olJfW83CEdcowtMm8xKLS0ZiG6klIpWPj1QqgKenDSmSKDXspgQCQhOBryGVfivBwqEdYAjHYyCdok7sN2sij8yow9pNjHGkaJ1GpFWCwa2FejThLkx128V637ENvdSFDyOGayXlecxinq/UFtODYrgkCgVY8K04EI49Yri5j0uwMN6ZcVRhYr1grgUbYdgZ7LSKdqFz4lActMamp2GkrTSaKyfOyHYTS/mWvyDjZml0tuBUCqyxurbaPPNU1FlopslaMz8SRLVSeWr/5Nju3UdLTpbHHhfVndubx0+uzS8OcBEkYcUt10DPgwieSsxFZcfbvmvf0TNzpk0zm8Ezx5TwHBiUJBNjOBqymSSkhsKulStRnpNBs/Po8/m/sMsG0OyyGTR7tdJndpUCaEHey5TmJBq+WD801SAeCgMLVpbLMKpEkaXdd2fHYlIodIqhKmd+wIaq7Oz34CSNO35BsQlxhZmomuWV/JzAdU7NmLfcyIplWHO8XCrunc12z8af+aL9treK3dtoyGv7q4ePJDu2ixtuhp29uPpnqTDCbdP81gO8XDj05XvH9+839swma/WNQtF425vNffuDY0tycsbYvYd74NepXG+0MHPd/Tpz96446KCduzt32sXSoS9+gQ0NW3t2tMYnd916pzk70/yLj8ftjqsqR1cDXS9mCtMau/22cGHOJe0pyooANmqnYTq3LNmlU1Vok4bUt92cUD7mUiVvTUVP54ZMC5loHTwqj59ho4OMvVp6Rb9EcXzs+PHA77g8gju9p0siUFEp5d0DhBcH9l9/8423aqsy1xvFBFNCXcb0zPYf+7Efg3PBzAMna+/dNjosl/KkkJulWHopvLmwY4SoSeeD961+wk1MStsntAAYLF4AcLcg7nr7TQduTL/w5c/dvxD90/+zdGCHd8P2kaFisRPGjx5fPNP0/8W//beZNdDO088fL6ydogQa2Rc++Nbaju/83uchKve8ShhiOg9pqaGT6TEV1M/6Y58SSstIf+0VGel0xOsTTzwB22b37t20DywIgC/Hx8cBN1+0asQLvCQ9x+gkeEzl/nIcZ2syMR1JdaW+DogKZBY1AENneHhkdnYbFrC2o5SmJSUQ0kKxzWZTh0NOTk6iZlBvQL2EboUxNTUFYgUKvH//fqboqo6X1DHRuHIgbLBpsODl6eWsV3AA4Be+FHR7cHBws6o3IUM3bBPkHYAboBkH40X8MjExgS/dmoQBP/Hn2NiYvgY8xGefffbEiROf/exn9+zZA6CPy/7MZz5z8uRJjeTW19ePHTsGoN8XM9Vgt18tfWDXf4X1Yj9Zb2LGn3Nzc//xP/7Hn/u5n8O3P6dBoCO1+zoJW+lzX/F5a9HgO+8VrXDCVJO44FdoaHj+ZWgW+Xz1Hy+/aAVhdq28ckWH5OsGQ2npldoGnrgOc2aq+en+iNe1wwb9utFo4KfuO30NB02Z9faCLhXaEr/PzjOgr5VXT/l73NN5l+6c9RLrh8P2sPOWw1nP0BZaz1Ztk9coRx2Btg/zf3R62/WveUPLT9thOrtjJ+NmQgJ0WBkQByaWHBJ3jsIgi2JMCRQHHeNNgB7aSlkcrGw06kZMStGc9ScVfmZx8elDh+7ZtR3wTNE2ypvFlRB1Px0gow34KqwyIwZIRBlcRl23wW2Y2Ph1eKAyMiz279jDWJei4rIoay7nlmN7pSJNavmYnQubbE2WCn7Pu96JI5hlgHJ75HBS4YvEZLnKAae2gPJuCCctbTJJ6bsyug5JUTtkkpNRR/tIEw76DGYD+gz8HHRi9S+KcVvctC3fp53yjoPqkrHBp2enJchGrijt5hMjTKsmQfpDTYiW3uEEIo7TAv2QJPTlxSicA25lFxNvzuN6fxA7Z5aU/YMvAKDlVsEZJfesoTXbYh5IDb97LypxMLrN/qGspw5y1gWenQJR9rYvdS+gf2TXLBT6s3/wh3900003fffzEeJ4XuWDv/f7f/iHfyhJS5d18yhq/WEN37t3tpmC/oWXCEtVkxvd9PJkd1FQmFTBxWmUwteVOp6dxT4QMhwwSb3B1Z5JuOVVGk2YUoTI0TKFCn6moOe+FZdhTYgtAAAQAElEQVQr7ppmzLZxxUGrXbFn8jS2TNfKZcEwGkHEKU4/D+OwHnR8uJSkkUgzM1x4Y/CpjKC4VPqRFL6sQthETgHGymdCcVNMhSQLlVxQDR8qbqqbvFRSahG5ZczpXlh360U/iOus+Bve9VjI7uhE+otSZRxV4Whc7+vWyEF5iJUzSK2VFY9WHVefrsu+SdkDJ7AZcVb1Db5v0AYHeisJw6gTyU6HkKtTQhWYJAeSBKEvJAh80pFhaoHI8lLBtQtuweGAyyFIuWVjeGzHyXoQ18MItoKbh+MFXi3aA65VMG3bNUD2Y4U4W4nZjGUWg9ymcPdxoFqF2pNWgwdhVyEogKdMpiZGzoykwHMlO02606qi8JvlklYYBkEL7IbNzx1fWllhrgeMXAz9atDGsJMk/kYYV0Q2xPgAi4asqOzGRSvxuMSV57Z0OQ24nSCvZ7nlcpGSzAfJGLVaBdcLsYS3vaANJ2KW+b6ZJTkqIA5FEgtKFpPHSQoem8MvQmqZmcr6SCIlFNsN+1xJ+vEkKmSJiEKLxJdSt8Fdg0hUbPnwNBqm0YjDOJbrUdru+BbLSgbzuXm8trGwuOzaBk86WOC7STNZ5cv1eq4EYy3qfn6BxQW3sl5bg2tRlIZrYWS2GoaME2HUDFbz7LGbbpzesX14//VRydzw10mbpJNMCdsZGV5ttpmwrYIbBYlpWUkec0PCDWnzdA03W6lM7N9ZNnOWNOvzJ0O/5qnxhgIBhY2u5Voeu1ZemnIOg2YXgtHsbPosLyMK7XIYNLs4fX5VlasSQGNJhQGG6cS0JFKkhJEYhRRQKmkaQ2yMajNve/P8R//GijJjq6tcAbLA9cbe/laiz2c/GkLDxcL13/pNhz/xJR62LSWLsPlZvTvm8spz2FXcSkZGGDzRPDnxW78z9k1fX71+PzcKVrXKBocw+NW+cO/hH/kJ2Yl2fPd3Cs+RQXzswccopewN1/NiBUPzwqOHZ269jabLZtsarLjbZ0jt7cmH5GCJF2wZhU/90/83evrxZGxEbJvBPHr6S1+JAv/6f/AutdmIdzZqZb47HB9z334PS33/Ix8uJL6Sct6KS3hoiuT22xrHThuUrjtXkyiqO7G73u3s4jcp1LNJMbEbylQ01L9UTZ80AXXTINgu/J/1Bnv1lSiOnnz68TSK62eeHDz9sT3FGu3aorTEpAqdCEuWhmRlplm9s2NMxpRLkQT/mAr9oGS8nA9XhoZvu62Uniws3ecuPWYup8ZSmFlO4gyzqbvWB98Qsyqs8oiJv3nslG0wU3vXe4raqNubD1z/jr2v+Rc/cs/ixsrhwwd98MHj4ReOzxlqILNs+73v+5Zd+w5Q9VYmxm5/5+996iBsDDy4v/yRf3Pb6998w/XXsStdVleXn3zycdv29u3dJmn/GkX0qxzXea/xENGwYEzYr8DworNvfexjHzt9+vS73/3uUqnE1AL7937v997ylrfceuutQJb9XeevSOnjnpdhV7UGT/gelXosFeiOmY4m6gaGr6uCN1FRWBmCR+vcZbCNAOvxCzgXDtCoNKWIqC4KwU8g45HhEfBfkC99Nn0MV9oaqOQdO3a84Q1vOHDgwDnoRHNq8PGRkRH9gICYd8I3Ztsb6xtnWmc01e1/CscDUs/MzGzfvh3c+dSpU/feey9A88LCwpve9Ka3vvWt4NF4EVeODwJS4+RwNuiUazpKtL8avCCA7hsHrAes8coXvvCFhx566PWve71pvSTNmG8p7IUWnbfwYuT6xRRUnfaOXCuvYOmn69SC4DoJIR6NDvDXnU6/pT0Z2tdCgjkBFqAheo2WTQekRhfTWy401NZ+ONkTmELfwcGMXZPgeJWWaz390kVhz34IYndIBZZNaOc/66fvIt3UPC8Mjt755q8qlgcXljfGJ2ctt0BgQs9gJOOc0v4U2pvShvlHUAyGDkkDxLBxDMWezErBLLlRY91KY/DqOMviFPQgP7q81Pn43+648YaJ0TFQDYqyIJVo5fZV0b4Uvil0NLQKM1DXKbfwSkBg6stJZuOzqlcrAsfI/6TypsGFZNqO1MxKgjbwHABKHcAo1pi0tjIAH5P0dky1W1/zzh6npz8yFWNOd033jbtOiAsJGPkkLQvansRREvr4D+hz2PYjvwMcHyZBuTQY+3D2Ykgp4LZ8mY1MjmcWJbihWDo6SY+j8ZxoDuvGJBvqBjGr+0EAzI2xyKf0EqkwLkeOQ/Z/dgOgpdwqytFVp8rlOcsuzaXZ5RR5sZflpT4jWV9h/AWMnHLzLN3P/tt/9+PjY+Pv/JqvZle6fOITn/jxf/8T+veelvKW62dnL3RfXAGSND0nySjQyFAaFARbw1TGtFTILFooBHEkMJpleRwE3S9XMF+oPcLEXDmociLohS6r1ILLFPjM1RIJp/JbCydPDd9+nWe7JjfLtumv1k4+fSharxWizmjZ8kqVdpYBPHaSvEMelTRKBHOK3LSECV+NkXGRqz3Uat+uQt2UPNEktRBa78rU0BLq5D/iUg8z5E/SauoaOstNOMy6vi51G7qyu9CB91xjpMtBi1+SzjBjBZ71qXuf1xIdooeZMYDlStaGVu5UMWZ37Y3rJm1ipnIBUWYhGcp2J0hDqfd7pBH9yMEaciwtHS49My8axqBtlovFspE6eWTL3KEdNkE9klQdpgNTgOWJk7ISHpQrHMsqWW6Z+S6LRBKyzKSgKWZggEoSMwLvzBI4EaQlMsG0mojsSnlFVEd5Ds+eQbkec5NxwGp4yKQWHVFDk9CxaLZDjcTkkd9kJScHV+Yxy3yZRElEAnRwdQkek564zAyKfQZ6FkU4L7LIzAGPRYgB0AVnJzciRpXcVM42NEE/rC/NeaVCmK3nAYf3Iw/qGCNtpYUUB2EeJRiV4N6PKDmii0FeitjB0to0UKEY15wsM0N8c4xfSoDkcViisOHcTOt2MzZzL3GsBhNrOV/ZqNVK5b1vvNtxPBhldp6uHD995tji3l0HohMHaQsL2pJsmkbBcYbLIxNetRxFG/MnDpmxnXSCsilq9VOrfLFkeVXDZrkd5cXIYgfeePsdX3d3PuClwsytfGXVSv14YnB0jJnrSyve5NSUU8TNj1piW9mGo6AwgNUTE0E0eN32vbfsdRyzvb5mRelAdWblkYfixhnpkRJOGFMHbbaiAXatXJlyfgzHVvTMLgSdz6fPl7MevEwGzS5En19VPPpq1YDOVewl7dYTOj+c9pNS1gwDLh3DgXtn6B33ZD/5r2qf/Fy8XlO5d2hYzzA9eE5l//WD3/M+ZtvnOsxhhYF7vOnuyX/3Iytf/HJa2xB5uuV75dbJWV7gQW6+Czs1WV4prjWKfsciWC63HpQ4xtCu7Qxe4jhcPnR4u3KDyuVla3qMeSaGxmh+qdQIuB/N3Hwjd0x5ZnGg0cblT915M3eMfLGZL6zYlCbLhqextHefUSywND7+sY/t+P735WbG2lHz2OHRtdrQnbcJl+qptbi069abOPx17bZVb4ZrK2WZ7L7nbmG74Vce2Xjo4UFYkL2daNo+oXjlwYo9OuB/7gkjpnTB3bSDXWGS/GKGitZOZl2TN5dM5wRjvRCUXtyKOo5mefP5ScK9PKVeJ5G75fm5X/+FX/rpdxijbJXrmAvDojU+40noho1nzPq8mPnqursn76y6Gw8OFy3cXWQUotKMb055cqW8+LmhtftL6RrXeZJjHkdn2tFSNWw3xt4uzNJ7/uG3hL4Pp0EhqTtJS6ZRLozMLreMgQO3vM50KmnOfvRf/asH7r/3mfv/2uqsbBs0xioFyzS3zU7f/NpqHi+0rbEwM3ffeNuv/MZvkrmHpVfCjhw5Njw8CHOWXbnSWHh28cE/sY1JP51aWTFHy72IZ2Xpc73kUM2D9qu9EiMdLqgO93Ke/8AP/IDOKbe4uAgG+s53vvMP/uAPQDlHR0f74sKvSJE9wYdz/rwc5+fzLWBPnucpIpypPcSBmuBILhaLzyAMNLfSghv4SWaiCt3ViNlU0tEg0aYqGofpaFyud9vCldXpgF+gSvW7Wg1Df/WRI0fgBhgcHLz55ptfc9dr9HfhJ84wPz8P+jw0NATyNa5KrVaTarN5mlDq1FgVXS346iAI5lSB/wAM+mvf9bX3f+X+w4cPAz1fpwoOWFlZ0RvJl5eXdey2RtL9MNJzNKDPr/C+raCDl9///vffdtttRbN4Oc9Fh4fr3/XHzz9/3wHeNz62vnWJM1/iANy4Vo5mV67o5HXsWnmli2aOKP0gfd3RdB5LHfuss3HqnouWoD0uxVKRts13OvgTCx8cg/6F4/tOHZwhU5nN+jkM2cviFbtWXnC51tMvVfiW/3bRjUJBvRWgMrEN2Pd20b3z7nsmJ7cdn1senZytDA4yWheQ3QsQK4kzg3pEcQSSE6ZJRPHAMVFmLC+IMgkKXYyyZHBsdHVpLeuQKHOUEdlYj8K5RqNx/OThw8cnRycBb+GDt2AuKl6V5WpeUKBJanE6ECWuPcF5/wZyCsvkNNeSsgfpv5PWHa5cKWR0M9nmsSB1CyyDjNTQoR2Ysm0mdXgHA33WihF9b6sKfdZb/AmYwRbQ6d0o6wgGj1SpHJi09EjIIwVLwQd7DoMghhHsd+IwSqMQrumRUmFlbTmGfVkUWJi4AyWr6LUC3/A8xzK7s2rvSahNXV3KTgknUtJM9FwP5+34fsH18E1g3FtX4Of80v+zj5h7ksD5Vm4rZV9q45zPKbv01R0Fdk753u///g/85m9eWQb98Y9//Pv+yT8xjLPiAHoI/8p7HC3XiOKO4xZoEUmSLZnSbdbJOvm5O5JlH+WSR4XkNXKSyMhU4j7FrilekwJa864YC5onkU3uZknePnri2MNPTO/YyR3PD5Lg0OHGybmyZQ/aJTNte4aoMiNlBrBikIKBsyDjjTAP4WiCUUyZ9ASJKJOuh2omlNCOvpZcs8DTeZ6oHIbKg0TrmlwvZrfGtPVSD3bD/kUv25SeTGVPkoZttkLRD3/Xq6fNc9HJRT/GWR3LNyEFJ6TPMl19QoX7qHhtlbxeCBOjAfhpjDqDiZ7jD3iiMPoUeDpg5yNFe8i1x1zhycjOfTtPAI05qQzlFhF3QY6sKB4rlArMKAlznBkdGouEyXIrzWysQjOMe1RjkWGj6lLhRYzYse26TFgkJ0QyJlg2WHh8OaWdzCk3PT1QYglJKi3HS4CLbUPHuVuk3EcDnWPbfhLZJY8PlW583Z1j23fg3ppzZ+buvZ+318dEMmmLIa8w6hjjlihlfkmGlgh5EpvkFzCinHVSuZHGG7ER5HaQm80wjD1LuBaPKcVjsNHAwC4KVWPAM6pcrq+FnQgPFj1C2OD3pl2tgl273Cx6tmAxsI+VBiDeBW45UnhM2iL1WF4wWNHjedRyRGbBj9ippz5vyzxIsgqzbi5Us4NPY/CsbpvJHCMM/UIn+M63fdVgs77zDa9Zu/+zTtwWWHsahZl9uyf27M9s8cDmBAAAEABJREFUM0uaZsV55qFHXcORcTzsuqbtOfAFxPCyWCW3/Lo7brj9a+/JB0ju2inAbSJ2TRTTRqEUy2KYyHrjwMhQNWMpXBGNWrawPDk2I3EmNI+iM3nHdcT406QwOrx6ctWLHW+8U/eTNumM4KlkCem3XEvVdCXLJRg0uziP3vr7ZU5VF6PMVxF9ZletBjQ8oCLvSS8pUTdKKEu6uJKVK0PAsiTY5Llj7/u2kfe8WwYRvaE/wFJYahzrtEKBifP6Hg2GTJS94e/79oF/9K2MhG71wk8/tnMEy875+Fl4msbcemf5f/9a8Gd/ycOIb/Ew47e2a03t3omDspWVdQCXwWGMj8vPPJ3t3E6htNwYe+3rhv7rfzr5n/+rc/tN3ORZbd1rtSIhnZv3w08nNzbcZtOyHNx8Iwj33H037i5dWFo4uXADZbHIuWu/5j/8WPy7f9LZv1sUbWmKA299szkznqyvNz76MXO9kdSbuKeBHbNyYePw+3+3FCaY/JSt1lPaUjfDB8vOyID1zEEzyXtKJ/KiuQfPrQja6sHYJmzLu/EL/Q16pMwBbyarvrQZ815YUbFm2TNPPzO/uJZmI5zTxhxF1MmCgO/ezHwXU0/SjkuzC6b9q//9v/x/7zLLJbyVN81hc/btyUDVWH/UW32gnANeJyrMgNoqvMwiPMOWPpeO3Bw4lXe+4+1Osj7UPiqXa07Q5nmQG1Zu29nwuF914HcOpDUxPPQd73iNcUPNXf9KNWuWMftKWCKnOvN/GSRLcuLNmZigfOiY3qRJMTEOrC75wCMP3XLjjbPbdrArURoP/+HyJ34KU6A59jY+MYLFCStTNL1SX+/uLNSWWtd9oST22MteTpw4cdddd4G2YHUNKAlkuW/fvt27dp85cwbcc2xs7Plq+17BoqefPoDuT0gvIHzmckovbJn2vWJNTTEBSYLfNcCipWxPABpgCzWmfxaLRWApjat0pCTWvTrXmb5yLFnxv0yFoeBsWqOWq0R8fUlZTWPx+sbGxuc+97kHHngAMFcfgxfxvXgoCwsLs7Oz1Wp1fX1dXxW+YqA6YFqmhmKaQWs1ahC0qakpMGit+3HPPffgmKeffhpnnp6eLpVKuBEcr4M68aD37t2rg6D7NS/P2lorNbM7p8Y0g9Oo+tFHH/3Yxz727ne/+xKb37ei5K0uaH7ZSl79cok2cGnnBBASIOOV2qGPp3Mt9vnVU7oNUsnIapyks5jqDqIlNXSkP37XzUBvU0AvbjabaBt975F2FPVj/LVDKFWl7ze6Vl7N5e92T986RLPuoHchlWBJMYh66tTT6QVHTkw13QTP+jjSvbPBWvbdeNuefTesrjcHh8fK1YFcdQXLMjuddpJQ0r0kCrM4BG9F9SQhUHMCmoLewlUiNOAvZhp4yaUtOjwEoYYTKMtqcTS3ttGOU5GEG82GTQl1KcUZPmEoeS1MjToMhWZImnZI1E67RQUdQARY5wDXM0oWp4Ze4RCPo1kMJ1SzKi0myLZSEmg64zMtbNTUTFHSeLKSUp2pEB3StM1J7lh9NVzRpGYA04yUT9M46Y4CcYKvzaLY9RyanYFvcOP4B39wEABLpRElKoC7yi169UYdtgBtwciS6eFBSukWh7aK6LZdx1AhCcLUhoDRB9B0m3Bdq/t1bPqWKI49jxSuwjDgF/LXbnngXQi9pW2cFTjc59N8k6d0G4fotpNerPQWi1S/RQ2AMKHQfFs1HSW1sdVdnav1Yy+bXi67Ghs6Jmmz9M+8VYKjf6KL3WCPrfdZ8D/+/u/72Z/5mSulxfHbv/07/++P/ZhFMuCCAmfUNWhvAQ37JgXk8/OuiL2IkiYh7LzQbzGKKiVlGZC+zCWUTHq7tD20B1GpqLAe3oWyegeDTtSXd1f46lDKMqL0jzmRzjwI0yC2S6WknSw/fqg5v35M8oIfDfqdwUzCdk2iNstTz+QOV9nesby1AGZFIkVSLPi56CSRn6WhzP0sC0h7HU3AZrRf2sI6KpMcVRULIzFs0t/AxxVF192zVz+5upluaP6WFX63YcrusVxXunrEjOtlpNq03T+cd5U5u61XbR/WQilKllp2VTHV9wotvkEpRlWaRiX0JhS2pjyPXClIWJJCj62UuRkvGknVDId4OCzNSpwNiKwspG1wx8DnbEEeLqUHQYF9RpAwAVRMPgMcY+VqCc8FQK2lEIHt53Y7sxrMaHMzxdO1PG4XSLUbD0X5ssmFRskXuwHjGLPoug0bDc0yLS4SPEAskvHTQvPIWMVy8iQreIXAkAduvWXPdXvBrcuWGL9xdztuN7POZFoczhNXJgWeFWTiYIlLTwQLchMcPEittjRqUizF5nIkljPRSGmDfJqgsSfkMMiExFhaLY6/4bWTN+x2XDNcWl586MnVQ8dFJDGKY7kBf2PZMEp5WsmFx1mRlKazomN6wPdoEDRaBjgLy1KHp0bmOxIAWliumQozs4uhdPOMR6QN3Q4PH0wWl7JKaWLP7n133u6ZhhOMDCRBy5SHHnm4VB3Ye9NNs/v21dNkrdMCpdr9htcVxycPP/SEl/GC5YlUDlhe1fLwIDtGuu262emy8C0RGyZYVEEwF9NAO+Dr4dqx4+mxY0X0tYxeD2qtzqnVzvhYoxmbQ8bgkBuZoEIJOo45VMx9UW9z5o20jCFpoluAQEs4OKW8ZvVd4XKx6KJz0DPbsgyUF9KAls8Vn3R+eNMljn91mvdXKYDu7ibT0yZlU1VBeSmJzrOBoVE1GlJsLTdtUbVltcR7lgdp/WMaJrUrwTYVw/rQVUsgo6PacHtx5vbmCL7lMMYuQ4iDJtlJOfkffmJubiG5734n2bSj8VvdNdm+3TLJN46f9qYnWLGYR+npJ56uAkAzlVdgchwzYTBUYp6F6/HX10Wn4w0OsPFx2Ephbc1stUyV4L5lsNnr98LKWbj/0cxx2eC4SJTa4+13zP3P91d272CuzeIoL8DTJ5LDZ5b+6m+dMIzW6jTX5zI8eKT0+FNWpgObz7oxipaoVI3h6tqRgyVwK26yK4TJdA6GXG1OCnDNY6Ps1Vd03ASlmum+oDMZW7EswIgR3PdkwCVm3YivHWpG7MzJmhk6RTuxJNH6dtpqra0sf+Uvd4y0KLSGiVg4ISt4zLdZgAqworrcOG6NTpp5XFm9b/DM3xQzX8iIrCyYAx0WNp/eGH493/b2xJq1WVh/9I+uMw8N81VupCpzIWzk0M5b7mId66dk/C0Zc50soF1ttG7jPq9GzDn4xIPRxvyuG+8yzBce9ivDZvixfy0f/J1RJlNuZpUaliO8Xy3d0Y2kRzZzWynb6BXZz41Vuh4QNGTRIc+5mYN1djqdPpF8pco5a2z2UhYNmzSQ0mGSsLZ0sDOjGH/KMTgwMAB6qzGWBsd4V//UKyN8xHZsjah0Qr/+yZleWCpxAA1z+yfRP/WD0Ge7//77d+zY8cwzz6ytrYEgLy0twRkA+qxzHmoZEM1WdJS0vgyNgwcHBuMkXl5exmlBrh988MEbb7zx9a9/Pd59+OGHQaVtEr+jom8NP8Gph4eH+2HUWyu8H4m8NRR9KzXWv+BiPvKRj7zjHe9AFV2shuV5+o/nO7cv+FzOKZeWheFbgqYv2GZ0QKtDe2JeuJ0hVQT6Nd3nV0/pkw0uuo0EL4Iso+fSXgHlN5I96Rt0GXQlHfiPMRCNQavl6G0QJVX6QRb5lsKUG0mrQstXZMi+Vi67/D3s6flWoaTL/hQJuyqupUmPJPbKRqa27b3xpo1mWxjO0NCQ8sjG3URjkvRpYz+IQj+lIOggxayESTAjSqu0/rqQiNCuSQEAKk8f4DPDI2lgemq1EkN0gs7hI0eW19cGK9WoEzBhqKVIb3GhuhfIDze6Anb52UrEF7xDfp4nX0c0a01i/YKun17mt1y9kLH+rEFrHoqiVgRQxZlS1sQEpIlk4uPYILHbPMwzpbOVgL/HYRBjaqZd6iFlJ8FyyHVQpRsbNYwWSRY7VjlleRBHZA5nmZGSpIcK86ZI1y1Kx90LpvBthX3tnne51W4XCwUdEy11hKxu1flZboe+bPIW0vt3fJj6sX/375544omf+smfLFNE0QsscMn/5P/3U7//B3/AVI2qZH669voUVU0u7AoXQaHDmTBslYpQyWYwFctrqLUfJfvrgtyzP6fdM0Kphqt9ATLtGj5aLISrXHxwF9mksRkGURKkwjNYO83sMMYnOoEdxwVursapG2cjDt5LLGDjnLSkHUYrWJw9YxEMYrh3Ym6EnCSl41yEqVJjVzG7URJmuZHmOIAQZqJaIO2foN0PeqhQ3Uqx5Ez3Q/pFS29swUCb4c1dCWjlI+nu91Um4tZRrZd0Sh2qdywwFYwteholqubI3sYrppIIUTwbv6S0GxE3mJuKPgtb5naaOSz3zHzAMkcL3nDBHrKNQVsUZVY0gH7SXAaqOfCE0p8CApMWPewIQHtLSpv2Z1g5t0gyW7CEIo3sRLi1SNYTVmesaRqRaWfCyUh2B9Te4BpAJxHFkHOjG7Gn8buBMcPCV3gFm8nM5GDXWTFjVcMsJUHJtO2CHdri7m3bJkaH8LScPJs2ReH6vcdOHbWX5it4wrRNJcbZc56EuFjK5Wh3MqOWiVouVjMxl4n5JF9ORVOySAgtRkS69rhIw5m6+ZZdd9xew/JF5uWxqX13Fo1A+KfnQYNsR+zdPjtRrXAM4BvrRqc1lIuBLC2CO/stJ8stjnE9MniGWwR6LhUMCzdkG7lj+sxMbNsHGkZrT2W1WPQGxlqmnQwO7dwxUxlwOlEqhFPITXdiW3xdcv0tN0ztmWJlXkzzol9ihKjsgYHqHXfdmrY6ReGGG/WFZ47Eqw3aOS6ztNO2gQRc4AOs8rnRzpvHluYffkpstLN608sSU1q4wyiREew3bq+nfDHOKniGJm22SVHrOZyBbMkx55pBstaMm3mFSUftg8li6k6vZdfKlS/8QqHQ7ELomV0eX77Yi5fA0Jd+8dVQrk4ArUApeXS7FBrdNOs6FwV3S2VG2vFKiUwqqf6edhgN7IJ8hMoxf76p13dI9pf7jOm0GmfNlN3NOJe2gBSR48y2kgMHxIOPOqTMqw0xmnYKO2f52AjMgeUjJ7fffJtwnLzeWnjq6d1vfwuHS+303CP/+scLy+sDO3fShQAfnzgJ56O7YwelB07SeGGBhR3mWhjmB2anebHAgGe+/ODYnl28DGdX9NTP/qL95Qej5eWp4cGcpVhtPPyrv/W6H/sRd+/Oyu7ZaH05abUoJUDHX/7TP7HaNdoIw3ryalQothGr2/G9e3N481otmymLkr34Irp1qGoDLoPhWw/wgvt8VhYvXxFbjSRVOyE3P33C++j9i9/wmsrX7QrVxi3YOmtOPpGq1IOkHEaJI2JYOJ/8y49/3x4Lnlu8E/LyB+4VH32w9tPfXn3tpMrtIBPRPO2N3GT588MrnytnKyLNVPQISaBhweCxbHDjK7ldbsFdZLQAABAASURBVE2OHn/iS3caZwbluiETYveGl6WUAtjIMy9veqv3O5Wbv/CJT9w90R732jnPfaNsbP+GuRUWHf7ktonawueq1Xv+WeW2b2fPvyQP/Gr06Z+W7WWDMtAbWGrQGsxwdKArqKaKcs9NoEMJ86UfxiHU0u/lfqxbI010wG9/F2qm1lp8Sx6Al7/ob8dV9cFlP0XeS/R1/W/RqspY9QFOabgM/osKAZQ/ceIE1io6HBKvVyoVfBDQCr8UKJIrbXfaGnlostw/OdqAjqnkPaULTcSEKrKXak9r1+InTnjrrbfiGFwD/gQg1tnS8Are0tepQTbRZ44OkergzZTynjNcEl4Hcd67d+/jjz8OBn3HHXfUarWjR4+2222dbE3fBa5ER1XjsvXN6ms+nzuzLVS3z+B4L3/gyZMn5+fncW1CXHSrWv/k+q7Z2bz7nMZ2CZR8/sG9Nza/5RJ8UIeob5VZeF6FQtKUgAm7Vl41RSUfy84ZItB60V90I8db6Eq624I+6y6JHoFuBddOP7ml67qaUF/wW7QDaasD5lp5NZe/bz29L1HFWH/X4taLvyiOBDIxKBCafgdusQqlfTffXChXVxbXxiYHKCQ5S0SW0h55uFEBmpM4ivzQ99OEMhCmpLwRq2zTdAG8+49SLgssnXLaCRRTfDTvRNF8faNGuw1EEmcPP/b4U4cPv+HuNzCVa8/gOuGntoa4RsaCMluZ+iI1qVEb93l+0WpgZ0XLaOuUsKKGVUqjQEvlcp0AbRNnd+N54UIm+qx28cHUzLMegKZdUjkncQ8wtphSaSV5FBF9pkyMAR1G6rysUCy2mw2/2axaNqieYVs4MewJg3KTmwlpABBZxsQpNNaUOhFh91l0GbTK+oVrR/sF/A+DAADaddwQmLtLzy9zFPo7PlX9wR/90d9++tP/6od+6Lvf9z72/Mv/+Z3f+W//7b+vrq7qP+WWotCc0E7Nsz8kr4jFnsnUEBYaFVPtgVQLTTMVJGFDsm0EcXVaNzp4C4vRl6kU0hWuNUxLBSkpEQsdP0weICNNMtuwHAuQmbYCWBTdkysfqtWMO522b4RJOeax5GVuFoXpwN3UdUMRt7XBN0kbmVGoMACdWsXloOPSUnHHgkStVJAPBo04zwPlmInyDCcEis24iGlDEqUwkkoAOqM0gPioCfbLeklSt9xat+cT7dVuI13Pmk5rltDfN9p9Criannh6d8zrjnKk8GFQMLejVOs13lVyedwxQDOZKXP8w2Ks5FgeFy6TVSMZcrKKY3iGKGAwyhP8k3R3JtBzLFmcsojE8cHcLT8VibBCTmrPqWFHGQ8kRw34uQxzIxSskfI2577FY9PMSBPCAqdWeou4GFL9diwKZoHnwZBSexzIsCYhIatjZEMjlZLLyyIt5uFgykZSYyznGIuxOtlI09e5dsXgtYSD7VQ7SSFhTcoCmHp4zjKJSAJERpKljtdJklYMt5+5FvHlUK7nfDU3asxqcSNDa6McRBbToeEGmqO5Z+dOEhuhtTEtYAtWcXZwnEfc8pKb7tj3ujuuHy55rN0++sjTz3zpPmNtdThPKpKBlpOCIb5cJLbBC4DFdtEmLwJovF2XFBljDU+nppsFnWClXsqZHfqOIwG1pywL12vDIyDMAcetrVduuOmW6b3jskDC4lhOjZWwnOGhn5eG7VIBwNiTvvQmPNOVh+99OOik3HZXV2qVuY3BwojniixiSSNeOjRfP7VWjFOL1PvNKM2CKGel0gK8Aqu14mqtPWaWWulMJXdsESQkmI7Lf3a1/cSR4+zU/ITPx6XjoK2TdLgts5xdKy9N4RdK683Pjo/m58U7X6YR/pwk+jlffzWUqzMJoVQmTEYJQYjUEVbStinsG1vNAUJvuVOlb/epnVW852PcfCj9JqIzyPU+pqImdAqTCxT5HGYSfZQMwkS0MEwlOZM9ZE2fHL1hnyjYMpbhqfnr/uF7OJjLeq3ox8Pbd5DB/PRB45lnZZTLr3orMzlQ4/rRIylmmZ27MZSDJmeHjggZUWizYANTk1Ql9ajz4CM7v/97hG3ma/Xgvofco8fZ8KA5NIppJHjyKC8NUMbjLFs8fWbA9tyhMYa6Wl9dfODBbQbTIQX92VJdJet4zuT1N6w9/JiRMKU4J89THblo4Zc0ZLpmJqYWg29702t5wXlV8uezinZiwLCqcefeOTZUid+1U1DWdDKmEgsuaBK/IGOGEs0IE7bLs88eKuwDsJXkeucWFiILMVvzMS9a+BztTItrIllpzj0x05kzlQ5gymwYAfg2mwd4pZRsdJonysOLJx/91FsOtA20GM4j6ZxolaThbi/ASdsRSVburP3VJ//qy5+8753fMV30Fyg9jVlaXT/x8z/z4X/65uGBwQ23cyj8yP3Hvvz7B72v/YZv/MbSyNRz3m/UWOk8/uHsoV91Np7iynKERZJwG0Q3t5xcUFIcTsxOs0bFJbesBFU64VdGXqqP9rZGmKr4mm76u5d/RO4jHnb2dbKXuPQW7cRS9WZ8HQ1dKpWAZZ966im8KHtJ2vvzpQ4hbzabc3Nz+AX4dWZmhikoDJLVD5nUatGEm7foiOkalkoHg/WQLj6ojzRU2bFjx6FDh4C/8XoYhsDKGpDp+tFnACLRPFf/0sfKOAnIy5EjR6677rpnnnnmwIEDr3vd64DeTp8+jSNxSVrgWyO5er2O79IKA+fUydayVbvZ6Dbobuw2bvZv/uZvdu/efbGQQ9Er+tbOYc3s8sqlj6Tto5fXaHFrqE/Ual875XI+kqhyDpS/Vl4VhW/KxeinieatvT7aiaXVbLQTCO/CDaO3AtiWrX1I+gAdLj06Oip62gXsvDB8dq1cPeXvQk/vO9RkzzDu/i43Qx36hjr1AalpZrdHUOhhrqNjWfeX3lnPAkBkulDmaMuZ2LlnZtvu+kbHtBzbcLIwAskCc84oBQKcl6YMwgTe2cjPoihPAWcTWjHkuY7L6E1yvWBclUgbjlH85sfydK3hk2lP4OjM3Pwzzz57+x13eAUvarajLC0YVq4jHHVwcK7DZYQwKVZGZVbLtA4B3yKIcHY0JVNCAL2YYqLMTAdl9+BUynWyGbX/nW3GjGt1DwLQWsaaXs5S0tCCLad+yUkOV/llM56EEeokDQOgZ/oH922eYV7MDWYXncUzizzJDFvQ/n8Ltm2aJ4EADAFTMYk7cTBHzIPS5P3r1I+C9ZYYRD6x8JSY0R3bCVvtVm0JaLsEBo2ZGt+l0ofQv55ZwvVD31ypqSe+Ka3L+huXzm9h5/zei6btvtRrbd1/vRe6jedCFlq/ffUCseVmc+X9Rr1VguOsT2/5tu6f3f9dsAAf/9iP//j7f/03vus7v+Ob3/3uyclJ9lxlYXHxwx/5yO/+/u+fOHGil25ny3fTKoOkw1mf6Oo31JZUnQKQvei5wKlWwkaglDGBITETmWhitLFT5DpQVx9mGLpL9epMC+bkWwICLNF9Liowp9uiYV5mEgjYsmxhKEwcJrzl5yaBaZDULAZxszqZ3QnyggRylUVD4F/JFC4AAc9cWsqQkjL6o0ilrUKulZhGAlcKXZNNwdb6eWLkAF+GGyqRPCHCCu4sME5IJV5Nviml3AJzM6Ddsolu8alS9lHwXYeYawCd55uYqTecbNV4NrrDHW4bs7jW5cCAYnJD7wsgAxMEmX6AVnZzvgvl8SENaC4c/E5SIViN5pZJq3Yjzz3KqAifE65fhLSIFTIBQ+dhakS5AM8lWWcwfLpBKzC9ADfI0hDmRMIiQGdpRJwFnMW5AM/EQJnjuRgqGIkbpqShTXF3SnEk8rSEi09TeKhcxlyQZfgiTLPolbhpDW6f2XHDzrHJwmCZu1lkNqLO0eX48HG71fIEGxSZcfrU+MwkTBzcQSEzm2v1Vr1tShGlObzrgTSaUdpKeIezZsIbsWglsgnEIi2fOT6AqmuXiImTqghpi9D1GSrzEhtar3lTI6lrC+HCf2aE7ZbpMMea2jX81tdfPz1egIvCHiruLNw0kbaf+vwXhqQxkLBKzgYNcpngOZJWBwde4ZQK0bB8w/JK5am77hoGlrHtKIiWH3smOL7oMIyEQNXGAJwiwozVnFXkvNPJrZJATWUmqSCRDDYgQCTh7zM8mSqHZGQnhmvJbcOFA7sKMR8aHvbz7HS9fuTJeGC8EnXSpaPzayeWRMpLwkqCDrwH+D1JeJjF6659YnUjeOogmx2waoWd6djESBnPyTLY0mL9wQef3VhYm2LmkFWA/7qrTsV6rspr5aUp5+DmS7zOz959e7GPXOJbLv/1V0+5OpMQahG0VOmawY1DaQNEzxKAnyygsVZliu1nmlTmWUZpsVUUtN7PQ+fiWwwE3n9P66wxJs83aLY2i0vwNbU7B3btU4fyz33Zw1WpDXd6RoHpNrD/Og4vVMYm9u8ztm/jwMnrSxVLiulRUMxkdmron/0T/9En2M4dDHMKLL83v8n2KtH2WWY4edtfP3gozxNWLNCWHNxdGEcPPOwvrw3ecSspXJfcifd9m3H42JnHHmfDw9KPzjz11NDsBKZVtrTqdkCDxMSuWZJdO3q4GLQps7aaJXNN7lXtwAjuFApy33XLv/vbxSztbfTb2mHYJmSWW9/iogeYe7XUx9E93SttctDGHNu89QB3Xo3tUPZuqxv5oiM48IimRt3iYphvaR3kA1epf1V6X/UGvPLG/PJqIxodsfEAczOP3nPP7g89sPaRp7NH5z0B04wbxZ3Bayq11acfuGkypUAfw3pgzvzDz7TeeKv7nlsKIu/QHpqktXHy2dpyk98QSZWuJsiL/+VDqw2f/9z7hvYXQ/QEkccibaOFwx6zKEQaNlYhT+NOJ6C87VlswOIAE1w//b/+4GdW/vzH3/sNrynufI0xfQcfvY6Vp4RNadZk1JKthWTt2OHl8Od+6ddPPfzFMZF+z93Gm3ZiCsM6yzzRlB98gFnu4OunJymNNOlNbz74jPqXMqaUvUVbQ1+J1JK4guHhYdwO+KmOxgV8BJfBW6AwIDKG8bJeFi5AAyC95Zn3NDG09CJT4V24vHK5jNWoo0R1Xoqi5Zt1jCR+AVnWSf+0sIbcsg8I7+q0VP24s42NDVRmtVrV2tn9IOh+QLSOe9Ln6Qds6nf7GqOa7favZHZ2FheD40FPCoXC1qhkNBxgAR06rc+pWbYOntLnAbA+ePAguPCRw0euu/66/fv3r6+v68P6lyHVNnN8Cw7W38XYhfcr6Yvvi+rq37UoAcp99933vve9D7j8YnW71cnRP+HFDr6E1+FiHHDrRV7MOtladGI6FKNX9K3xLZHXuvmdH117rbyqim6K2gGjG5hmjjpraL+HSrWHgDKLZhl6K460QKBtm55ymuloWU6ZSNP+foX+V+gu3F/zXytXUbnKe3oPf+WaxymWQ/eksvJqEKVMeEqUJ3WSMpmqTeOEKYFm4NBUHKcLI5Xpoe1YFf9BTEbBY6z0heFYjaJWAAAQAElEQVQUtu/cF6ei1Y4mx6cdy8OsbGAijuKk1fI7LTJhqL6SuNMGllamFl2GTiom1EqBc50ILQdJU2M9OibHtdT9aK5WjzFlmBaOAn7qgFGlqVtwnXJBtn0liao31dPKAMuMvCd9oCA5VwhQm8Wbi5JuzEq2WV8Z7a7bLGf15SzrOqx6ZpnOKK428asYHQLQWa6kOFiWSzUR0xaxOE7SWEFeCiPNkyjTKthJSAokMqPVFaoZuM9z5+dOGcBteZITghJJGokMlWDz2MjAvgg+g7+YguSqWSbIZ6zQin4+VAydvJgR+mitrvirG3CMtNfrg5NT1XKl6bco95xtJupp6Fas90LBbiI1bG1bUjXk3dPqSlCTZJZvVpbss5WzQPSm2Z7qA9QyLqNs80orQnblnvUD2LKs2cw1py4rZ11PSVenWytKK8abS3aW/Jzs+yx0yj11jH69j5+V6cy3ouj+CY6fPPkf/tN/xr/Xvfa1d7/udbfcfBMsn4mJiVKpxJTTcWlp6eixY48/8cSX7733/q985ay73bK81caUUIrMkiK3UtXIlaQEtT9p9G7+Rc4FRrnEWrFbdKd37x6enIE749Szh9dXl4RaA+tqYCrUgOkUTrpalRXGu4RasJ50RxdAqxrSiThNF+0N14nVoxWRvnmGXow1EBZhIuGJtDKjmBo8yhJXAI/mTp65mSykHODUZrxkiILJXfhxYX/KzMm5bRkJBzymTQ0w0LFIcAxpMW7LzMoTVT/0vTTk6PVswdB9WWrsKnFnGClMLWNJVC831PDRXUHqPsl7maBU5W5a0ZteAlP0AbRKvEg/SUtCBYwrRxJpypPAOl7PSd6+Wzv0ZSQMLyjgVWlPC9qnmqlIID8TSSba1F0pfwsdi1eYFUkbVD0C3uVGLChPY8zNtUiGnJNECax3yWJupcKijeM0DFOAhQuuja6DZWZGu8/tPHFgYEjuCAmvt2tkg0xULaNi2kVhFE3Lc+2C41mmi9XpTa+7bXjvmD3ErWIqs9BJ7Whq6rBfbx/aMLLMZWLp5Ek2PGZNzYQJm1tbO/XUkfV6wOEUTMP1NKgnaTvOOrnZySUuNeNWQvIgRm66puEMCtsyjYIJAo3L4C6AMpdYfDuWg0WwffLU9pmJwtgIqtiN0/Z6rd5qmiy5ZWpob9UoGkzdVF4ddqzbrhu2ZBnVut4IT89Z9UYJIJ3TyoWZFpwMwrJSw5F2aeLALUPX3WZUHWYZBWnMCgdzAG+1qAMFobHRMm3XtEjuOphvdU4tuWNeHg4DTsNAw0Ae+bxRz6KEGS4YPTV4PCMMQyFq68Bel6PaeRFek43gc/cf3HjshC3YgG0Xx8Z8S8zVN3wjxYBup7bL3SRljVhusGx1ZSOJA7lWPLXijw9Uyo7FZLo2t7x86Mxgyqr4eBbbuXBkbqGh4GPyFVak/PtQLuLLvED48/lvXfq0L/jdV0m5KgE06Y0apjYSVMCBjgPgxByybHXu+K7bYnWgsuXwo9mOz8zL42dk2FAzxjkEapMjS3m+jb6VMueXfHfzNExlCUmOHT/4x38+Pr+IqU0aJtMpsPEDDsHpaUZBB2L6695Fps1GvXHf/dvGSWIX7kjv+utmR6ceWFye3L6N5hVhzb79q+ajdGB4hMVMrjZah454FDoheRzR9zX9I3/655VikY9OwKzkBWf2PV9Xe/DRQaGiJjr+wiOP3/Ed7+FJIA8eKfhRZMnB7WMsiYITx4qhshwlhU/wXq4Dpuaw0o5ZzMz8xGm12YfLc/n7ZuH9H70/NzNhn1tLmyAbN2YODYqhAWa8WtthLrl2wHevmmJpBsvFcslLZdA1Lmjq1/EktFIgs4hCbWmO70TZvc8uz9xiF5jv8HgsWfi/v37mv39s4dPHDKmEBf71133tl75y751wIhvKh57LJ9fE51aFfzj8+pscU7lJMO09+MiXKViApgp6KUytZ9bhrGaYglgh1Y4Ty8iV6aGXYLQ46Eqkd4NkyBYyVPw/zIf41L3Wqb+lHVPMXknL/9f7N37qveO3Vpdxs6EoRtf9i6/9pvcs3P3WP/3131gPlzNGyY1hXQXO4ProdGHiZmvHGzATV6pVnpKZJSl/h66vbkNQw2nOzw7AeHkKViCgLQ899BCM8q/+6q8GS33qqaeAOL/85S9jRL7tttvKpfLLNjRrivqhD31o3759wAQPP/zw6Ohop9MBbj5x4kSxWDx16hSA0ac+9anrrrvuwIEDoJw6HQi70kUrNaPU6/Vjx47JnkyzrYpGw31soYWewY61tixTu7bX1tbwWTBoukjFi/GWzkCof9FfpDExnUfpteio560hnDgeVaFFn/ET3oI+/9KB2H1p2j7V1S/qq+K9IGX8cvTo0b179x45cmTnzp2oWJwW14xa7adWwwcBpqenp/l5gclbl+5b2U0/AhoF5Bp/tlqtw4cP4zrPz1i4tVzMyDi/yLMFOs7B1vLi+jCb9PnylofX+PLfgbK1F0gV/q93MGiddN6TZddbHPS75PVRy3lAmzAKdRvGGKj59fl+DnHJDGDXyqu/XJU9nfeokiYmqnQDonuzQNcn2uN36j96kpB6lpS92IetI2I/oFDqYTmjYJWh4fGBodG11brneCWvkEQxixMY4TymZEw8jtvNBvysRhE9SAJ36vAwnQSNy7PDLTiZGRSOrAKLE8GX6vVGnHDHVsGIIgjT5aWVRr1eLBdUMuTE96Oi7VJ6DiZ0NkO2ZSLYvBN21m8XzKGx1arq6lzo37uzrtw8JcVuE4siJAp0JVX4c0YXTVLPMWVWTJMoVyocOjaWZKEjPw6jNA7yFJBPvc5NvOEWSq2gtb6+alqG8mrop5TJNBZJTHtPsyTLjCxNRGZmJCVraLqmQtd7mI13FwciThsLK0mz6ZHKoRFH8drpuZGZmWLBaYS+YvWazipTUn0VZT6mh682Y0rRH662Os/6iQovd468qgrg8n3337/5xF8IJu43uc3RXvIrbKcnUWoV3De86+23vf5mr1KJ/PTQ/m0PfOaL80dOcSVeISyytGjlLg0KpqXVUkrLJmprlt6zR3IZQsZJ1O3F3XbDVeuNhWsl9KGYxCOJ3eEDpAGIPyUaKC+As4Kikp8KpiNtHM5NvJ3lQO9AoYVEgllSpr5MeqbwuBPwzBupzuza5gi2Pj/nL62MmFYpScpqY6tqi/C0JIK+rztVKqDc9XxgvWWoIUnN1hSu3c+pJLtOpa6vibFu8LwWSJY0gxu9VbGG86LrCJD6yahBTz9uyu5Hyj8c30YB3Ezvw0h1v8/JI6fkRLCc5wmlLsVoQ+HUjPZq5MqlQ4IhqJxIymYqKYJWGKkBEm2mDNVlBBbpVpiUU5A+aVHALzNBTCUF9aHnu1EMeuowOJ1Qh4Iosy2qjl2wDRsgVaYDllViogCXHxFrkl8Bhk3yPHDMmRGsVyOXuXnMDfi6DO6MV0b375g/dsyPeT1I/VZ48JFnWoeWO1ke1NdaS/NhvR22mkykbTx1Ep2wMlKmhsvAK1guKCqu17Ndx7IKpmUzuAZMRwhSpCbGSltGTErbyJJ6bfiZZ0c2JlzbTP2gsbwy6geuY+/gbiXglkUABD42DDAD00PV4ddbKU9b7dqTT81/+T43YQUwbhkL2+MFg1tGanuFymh5ZMJ0POALuBvIZ1AuOmUvqtecLPc7tUZ6wl1rGG4JrshGrRHVm37osNFyZceQM+DWO/LEyUY7yo2iNVRyhogM8cgw61G+EERYmZdtC24VK2XWsFfzrENnVt9414137J0cRKsO/DAOOn567OCpQ185kia8lPIKl1OCV1LTr+cdLIU2NlpGk5mmzdOq3x7LjYrMh5KgmgUF0mBRfpMs4ezaAuHlKJeOHDpnfXo5hz3nd10V5eqU4KB8eZxylzpEdGFDbXlTNhprMvFzMSi0hRon6x/92MbP/qK1skYZ1GiyuhiAlvkVBNDK7ptkNFFI8rxi7JaUkJqE0izzyafafpNmYvgsW8HCZz+fP/z4jrtuj/78kz5wEBNuLWD3P1aY3eGvLmNStoOk9tnP7rj5Roxu5uFjlVbb8KzoLz6e0mzNrOV145EnqoaZfeJTQcXDdGUlaeexpyew3vz051jbLz573D50NFpc6Xzm007s44TxE4+lR483P3e/F2SG8tmKXqivjgDHlDiwbyeXcXF9w+hGXVw8rK9rnneDns8OHM8vVkUZLnh2WngFdjUU2bt/la5R6/WRM16F4ffW9L2eL0juJHVLpT9/LHjLDZVZK4D32c3q37y7sP179y0NvrbmTFvuwO7du/7w05+4aye1ImGSbfaGN7xhrixPP/pxhXHJ4IK5cPL04mCBgpS1cJrrOl/91a/96799QK8mTLH1Gp+jnBU+o1ZSZSN2SGgm7kdcYMk0Whx1S4NewbMtHblBsm3jY9P/5M0/EFho1GJ2ZqpQLCb1nvnPz95LwtkrYv/roNcHHnhglyogMsAuoJNAh9dff/38/PwnP/lJoF728pZKpXLvvffu3r0bQBP0Gfz34MGDO3bsACqdnZ3FAYDjDz340A/98A9RmO0VnTv6QRYaBIN3gyNTGnrHwbf3gx/7CrAavOKtwcFBgGlwq8XFRSByHcgMDI0/2+329u3b+1kN8ZMSGCZpL4CrS7LorTDro+1+VLKmw/on6/FuzRr065uh0Cr2WWNfzab7KRBxGK4Zz/rkyZNAz6jhPXv24Nbwrr5+HSIqlTCuxnNa2UOfWStm9P/cCqC3SmrogHR8ERj33Xffffl1/nxXhpqws2vlWjmv9JuT7G3mQI/AMIIuydV2Ct1zdWS0ptJ4sdVuYSRZ31jvJwjd2pt4X4isV67R52vlZSh5Lx8D07RFh4vmWvuOcWVLKYW9rD8RnLNy0/R5s1PkXbN1cxt7LxxWQysDeCXJsQyf3LYjzlmn1ZmYmIZNnsSRTNI8ibM4zGKK+U3bftxqBqtRcaTKPSvrGsR9irTZZ3SII8Uj0z7EPOT5YnMj1gHSsrs8OXL48NFjx8YnRjNHcM/JIspFYau4RtllUvk5XU7FIG+mLevi1/Nmki5xV7925Ue6uz+74gXqLbXVM+/NxUScVD3n3QqnUGgNoEGZM1JuTeMIuAhgGuyCEjCmsQqplnpiBO+tVsvHT5+K48QhwiMSFRVKIB4zcpIIM6OKTvGfRKQWN3G/JHJNehpwFui0hEpHCtgsj5P24lpWaxYpqxtLCFQJI0rWTp8e2b6t4DmtIABYkur4XOVZVMHxqr3Ic5fxW6fOv5Pc+SUpL+V4H4fx3h3b3vDmuwZnBjKhxDMKuxcXF5bPrKTtkOv4b9oEaghl1im7C74Oyi4ouaGkYijUIMmIStumLUy8SMkE0YItm19//Z69N1yHnltfXVtrNRfrzY21lilKVqGIIxTStrggKeQ4JziAjpGoGGEC1ViNp6yRSQ6vCUAq1l1xzNJo8obdN7zzbdv3ztomXzh08OFPnA6w4gAAEABJREFUfqq2sDphFpqhb5CEA0XuY2luU2pFsM1EdIVadNZEig2GH4en0qA4s27mKb4pPNNbQXdjmdXeJq7XxhTK3HOjqQDqrkQ0U2MFEWp4w1LWk/2hSF3cpQqAVgFPOW3Apd9x7pS24sqEkLT04xT0OaP6pO3fqXbkUDSITEn83sgtl1sOowBnK2NmprZ5WIwD5MOPZNG+BtBbktfwOPcAmjm3mRxx3SKFgPOyZVYcfJ55JLWh1qGCPAAY8ED5k9AHoQHrCFM/8aNUmrFRXvWbIzsmUgurTZLwwNHgo3NZ+uh6I2nlYWZFgR0E7gpLMjDvHGOqGeamn9k4vePagNouMy1hO7YH1l0QFq7EFdIVwsElCdxDassQI5AhDYs2MQrLJv0SrELwYIzVdbfdtkySB5piuB+HcrJvtNhGiOU3rVTgpMCCFzcDkp1x0zGHDuwPV1f43GrZKJBUtmmkqGmH547bQjMO4MXMWVG5AzgLo85iYz1v1gaZHYR56uettQa3PD8lIpwbVmCKpUOr2Yqf2GaQufPrfj1s+bIzvlK55Y7dqHTpusvt6MixubGhysywizZbtaw4YLUoqk4MXX/brtGKOYAKtwqxpDyMM7vGRcYWHz05EqNpxdWckDXqIDTsyLRkYjnwimahGYRGq2aHdTtuWWlC23zgk5W0SUXyawD65Sv8Mjawshdhjb8azPg777yzWq1e7N1Go/HQQw/1/7wqATRlWzUFT+G2IucWZrgojDA/6QSzcEclScdVe9lhT+UbreU/+vDQ8jLtQqGxlIQ4tpyMnz0Vnx9Lcfnvbj1O6+sw0Y9lACdXf2EyEEE+98sf8EVKPmDK+5FbGDZyvvQ3Hw8+9alUyXDZeTaVsYX/eDjRiaMZycWf+cSn8MjsPCkmcd5JT/yrfysU6zVzWU0xoPCjP/ETKXF3Oq1NhjBr/P6HMc2NZtmpnzyM0cZNcher0CQ/+WM/nXFRpD9z1qOrffqc4npt29i7O458ub5OExzLL3a/Ws8opc1LNEvT2fLMVKrR9LAuhPt1jGxkGsH0DHOdvJ//99VeyP4VtpHrqGgKZ9G757qF98J6yDY3zNndux+9/5FPPZt8+00DRVmHkeBkzduL+XrhSGvHvoY9G2VirZ2QjLTa2MnIyh84cMPQ8lN4hHiqmMdFnJK+2WBJIW+1IgMbe/3dr/nEZx+mdBSY9vMXPIXAGklcFt08KW0W9hm7ShFDm15h6HgORX3rjWUwAXJlP+3ZuWN4ZAj+WvhP9a7ZrLvI6CJ6AueG+QJI3IssXMmebtu2DURSb1TXP7UCAwDlgQMHdJzgFR+pdejN1vvVayGYp1/zNV8DkvvMM888+OCDALu4GFhGx48dP3369JnTZ/bu2/uud70LJBov1ut1XDAur5t5b0tk8Wa01PO58j5mxSLtxIkTq6ureKVcLoPLa1al9Ze13IQOakbBFaLSRkZGQHXvuuuuubm5p556amlpSWNowK/Dhw/jggcGBnQyK0pBqa6zH6fJFCPWK8M+NWY9iKZFSPQxOOfExIQGx5qm6SP7EdD9hI067HprZLSWHcAry8vL09PTqFt9PbhBnFbrnGiFk6GhIa123Vdq7kc6s7MBdF+CQyvt6rdwfs3ZL/zoVdG8ux+1162IfDPA+fxPbf39EkkOzz/+Wvn7Vvoi4NoTo/uL7rP9BoaOjEaIoQ+9AB1c5x3FAa4qurWjeePd7h4FJq81qmvl5SwqcPjs/R+kn9pVWNIDe6YG7a2Hbf1FbpbuYRo+a3XVLWrA2hDVNrgolQbGx6cbG03LtEugVHEsMTtghgj8uOMnHT8OAjBoHidZq9VMwuL4kCg4KZdqsuiHLTJ+9mogAXJFZwSDjkPMoAkp2BIRxlyCSfPTn/ns3r27p2amSaUVZwsAXrimSF0N6O6G/c1QXhXG3Et4qG5Y5n2x476F3uXUfUlfvSjJu6Il3ZpmvR2LKoQyU8wZYC+ViuMBQeWpimEmIQ5AFQWgBSUmxC9pEuNoHEb542DIMW4XQHjEmZOnLQpNxQ2aKhqV69hq0svO8M+SpJ1l4M88E1mqyJyO08Tlibyrxp3L1tJauFGvGg5XqiD4djx1E8cl2dKJ0+M7t3m2Veu0C+ViqhQDiD3rVD9arjjXfu7+c9g6k24+nwsaSudMuxf42JZ3pdwal94/UF5wHdS3Ukik+Pm4k7XyRk/O4xJX9KKKlgLXFykUHCUlW/WtoqskfsVMYsMPto1Ux8oOFuMdtDlmlAa98elJr+CGMWxaS+UORGMBJqW4G81lLdtI4lD7GUgOx3EpEIr0o6nlCosgH0zjN7/5zq9+x2u2j5ddkhHPNqL04OLGZ774yBOPnexkPsX3ol2Ca/Ii3jd7D0Kbguo3rduOPkEB/qGJvy3DMW6589aBW6+vYWWQscHb75zqsL/+rd874kcDphI8pqUtLsGwDdMTokTa7V3BN2UxCgwTjslNSwlVqO7Z1ehRSs06/llVvHaXkUCQBs5qH6oWdVELMgqmpd5LQIPSJAI94x8BZXqR/tG76GBhTINPrvSm04wQOXAzpUlUu3bR3yy7oJaiAveXO3qfOGlDCxIVobUrvEMU6Cylhd7HU6q2XA5yViKdDVkyWcHiBYN5glXdAolpGMIG8OWk5YmbpUh1dPIcJ6TIZJWTkQajNAL4dGIWtdOk1qm3cYxXSnhxLW4cferQ7qHi6M6BzCIQg07c2og++eyZL86tGzFgNmGMkmfLYhn1aMUdI7NKRsmp2GVbkIqHEEVu2QJLcMOS3KO9uaQbAw+BKeMyzBuZYfSxTbNg0yKKhhu4sUzKwYR1MwYxAPEsDhzLiPN0o93q8HyuNReIePfN1xtFAF8w5tgcLXOPtjEzfM3QQHF0JFlr8tQwqcUS0Y6yJIow2Bsrx08P26WyMyscixK5MrmRxXCedbjE9dJ2kjCIgzgURivO4PBsG87KWrTakGtpFuZWbtjgxo3Av2lmqOKLeqcBSh9l7PRyu7mRTlSG0MbNmC+daPgnV/bfsG37kOmmwOPc5Fi7oefIgWHvDbfu+6v7Hy7lJEfiUE4qM+d2FLvg+HAwkEpV2Mr9dR6scdnOZJhSixMkYasycGbXIqBf9nIJ5Y0XecJXvIA+v/nNb37Ow/oM+qoE0KybMCGNwjTHgJpk/bmfMIJBuQ645pyYd9LYX1wYJaiGsTvraRxvnuvsP8+xG57Xu1sLJdPVUwL6uqES5oJ/x6YZul5cLAYqfaLTaZb9loNLozkYdDyHj0xNXiRfYJC5lsGXqd2kQn09zsEUccT7pSAw1BYgRQg5geAg1QRZ9ATSlBYUncClF1Nt5Bo5K4WhYtdGprKEq8BwpuPDhUp61bb5zMR4dnLeCqOeldLdkLj1PunruBmzLHCKnUo5tEj1o5jzUqNph22LcoX3E/turSt6DPDNDt10HXM9cTWFX53zxJWVsRl0041uwRPH5PXWN7/pvvsf+4VPrbru4DfswVSaGyz3suZQ/Wlx2pHbik1zAuYVzd+9lRNRNsNscudUNmXKJqjvUlqUpmbMXf4Fg9+xHc74Cxi95Hl/oVXccZ10eNxtNL1CcmOUJYbJXrLmTGl4eF5heHhY9M6EHkcgs9tKe0WtTPJXIsGuXpiCaY6Owu2SaVS6fft22AcLCwvFYvElYi5Yh2E9myZps9VcX18HSl5fW6836s1mE5dx6tQpMFAQ8O/6ru8CG8Lq9C1vfQveAtm8//77H3jgAQ1h8SmgIvgPp6amZmZmdu3ahbsARQKVZi9imkGF4AJwVUDbuAymUghqTWc8SnBkXBK+F9+iZTFQUWfOnMHVPvLIIzjgDW94w2233fbZz3726aefBn2OVcEJ8djxrmbWfTjbr95+fLQG0FujOHlP8VlDW9w1kLE+ph8QrUluPwhOLz71OTXv1m/he8Hx8XxRmWNjY5oUg8H5quiT4K3Jycm+kLRxdmE9TN8vGsf3j8SfGxsbz7nDfevT2drGnpM+P6/SnenEVTRgXitXoOh+1Ncl1+gZI4NupXC3aMl79FmdaA4dCmMdujxcX+jXOjPn1s19srvBvesguRYBfa28DKWvWr7lZ67dILppdqEs5+fgw82P8P6pZG9bDDFchV83oSPXnkUQVZWZfHBk3HKL/lJ9uDoELJH4nZy0j8OEsg76MbyVvg9YIMPISvOw0QlMo2ANg3N0EXHXluabxFL9nsRgDlJlDEP/CsgWyrShK8MkPnbseLPdGocdZQjLcwxuJGEsdJoVQfxPYynRjZFUd5erUOV+nLVU6FjB9c2sZbIrQtztwCoGoFs/7AJEtStLTGnbU5kqoTeS3MhkqibiOCWFkixVLmF6DxYA3qWUcWrulZSaTFZK5dparblWc3nX167nSh12TWfHmU0waGJBWHPJFMauUNKxFimYSJUjjSgzC9ZqoM8FwyIMr6C5QcGbhlAqikkQLR0/NX397hZWTHFMKl5KxCPTMtZa2EBuueNLNbYLsOazZt6zMXF3MNzye5dB976wfxh/LvHNF2KZS3aWsMgVL7yrz6K6DOlFsLzb7q4getZlJovaR5/htXsGRrdhdY6pK46jNuamsGXSsjYhFXHKHUK566iPKUG4LOoUS+72fTtLlVJ9Y+PwM4dyAWKo8WYmAHeFHBkZeNMbD+zdNjQGPKqiyUYYGxguoauuNeOTxxbp3jIWZ+SxwGxJSQfVA+Tdjqd3+ya0lKb0eJLAoDSrwxV7cqzlAffR0IGVqTe7t1OcyC3ZCmPiCKqGiCYnFBxms9zU236JOaifgpkkDC/NrnYzUwtzZgmAaasHnLr/yVWiUYrJVop7REl13FKivGqcguoy/ElLd3QdUETSmM4UsM5I6Jw6ccrACjJamZM2da5OCzpbzHABmdrQLOh7DSLgkoQ/hbQBYQEZmGlRQJsEE/CE4ZqmZ5jgy65llw0xLIwq6tY2PBNHxrbIHFxgSmonCltrQcYsi3VeKNrVTR2XOLiM8HLOQg7vnqzFYT1LC5PjwzMzB08vPvTokdCptOIoOX365nteP7N7tlrxrJidfmbp4WcWUgvDMmrOdk3Pk8JJpJ0JJxNlu1itmiWWlSxuycTOpA1qii8lKRVJIVpwiBmcVEPwWYp7d22BPw2THggtquFQA0QxlK5J5De9YrXt+208iYIzun1i5/SYMVw9cvrko1+4d7gymPlRcXho8pZ9rOqB5tKt+nHqJwJXBNyf8kTwRhi0WRigvs3MHhx48pkj6fr8HV/1Oq9ql3eN31x+56HPPvL0lx810wQreZLVZqIlpZ/wBPBHWoFbXRfuGj030+F2TMO93WpljXruFEejMMkbvllLG+sLJ0PbmJgUUdI8vTAWyJGQyXVZHKYEomiiKTlfYiMRNiaV+gIAt82wEkcfAaV3jYyeW2Z6qbCzFF4ZX0p6fJh3OqTAQur/KZb3ERZF1zSgX7HyIkn03wGj/aoE0NpCxQjwIcQAABAASURBVGiboiMlsq/DpDe2aHNOW6oYr4XnVffsT04tmVnUC9DUPnl5kXNvFnnu3HzWuyT7o2wo0d9fs3mc4F2HNoXToYs3qhXzthvd171+5robjOlJVimzNGbLi+sPPtz67BeSJ54uhz5T9hlTTk7W3VyXbQZEqBy5PWio9RlYf1eguleVkrCbiEX09/yw7rafnPeQdO/lvjAb0xar0PrFRKIlbAGzPLD62XtVUIdm3GrHjwq5pqsixQge2q6/bab6ptdP3XKju2snGxrEuMpq9fTk8bXPfWn1U58bqNdgkDLZ+95uBdHvsclHbz0AD3Jf0e/VVmQPusv+E+ZaEfAcH8bW8AH1lkoHfOett731bW/79Oc//8ufrBXsyXfsDEt5A3daYJ2s/kQqyvnM1xnaxO1pGZLvP7cePZr+i197Wq/IRqbDXBSN7jYtSgeD5QIer86B0jOLqQ9sjQDaciln3c7ZRZuf8qadHlzZnAD3pkWu1hSZR/kuEpU4x6KEujllNGZazJzrrCC9AIpeng31TTqhdXblAzmeq/SlJHiv6GhiHfS6NbTqihRNRYFrP/rRj8Ktd+rUyXa7rfQfctrKmhCZBUcGDH3rW9961113fexjH7v33ntBeI8ePXrLLbcAB+Oz+CCY6U033YTfdXwujsFJcOUgvAcOHHjjG9948803gyg9rylHK2zg8mq1GlAUEDNYM86A75qengZ9JukMRb0BWHUcdFWV22+/HcT5xIkTwPfz8/Of+tSnbrzxxnvuuWdwcBCsXKf7w2lPnjyp5WjxO65WyzT3EYOmz3q1pi+D9aOKekVHYePbtd6F/kgfN58VStxbB24F0/ob8RFg8ZWVFdwduBsYHHAb6q3RaGhgrfWmlRZnChinmbJmeVqaYKv4hg587r+iSTQW5/gKz/Mu2AD6v8jzotS7QqXnLVnl2THdsqd/zf5OWBXXypUtsieJy3qBov3xDQ0YTRrtE/0Xh6HzosVq1wvGFtqvQ4v/uO8E2roHMJebWjf9mFJ2rVwrL2XZHMw1H+yN7OxFlLPGzJ4NpBOgULYYxxgdn04UV60Ui3lMsc9ZEqchpdpLoigN/aDdCjptMGgwUNCWaKNRHChZbim/0HCss4lr/WXwNDtlkwPDT6/XzrmJMPBDPwTaNQ2HJEldiqME8RI6TyLTjh+ypFnPCFT2RL7JVnW3zzSjF90v7+Vj7E+JvXqUvZ+sm3+vR6W7s0xG0FnlUCSpZ/wOqz5LUpXELUuiUGpzJgUGy8CwFIujXDugGUaxsHj8iNG77XMrhK4iVSrNZDXmBqqXyFAuKLMMswz1LBioUFZvt5Y3CiT0S0oMahQTOr0ZTYARc0yz1mwtHjs5uXv7QmO9UKkoJQOpNxfyrn1HFkV+IXE/ecEA5wut8M95pV99rBtYJHvZAc9qoXKL7+SKl5dh6tdXToaN+ndpgv+Cy1sH7VZj5eQX7xsdGp0cdtaa0eGHjy08+rhZrzuWxW0jM0FXDXQ/2qYLoibgGfGHR8tf/83veuObbylV7bX14KMf/eSnPvYlElszC+gBCQUQROPDQ4NOcUywQVqF0oLXVm6EncPDE2Ojc3PrXEXS07LEK1JvCxPefWLd/wjKlwPynIRp4hTgHRE5s1tJcmp5ZSTdzTzPMnknlI+fWIiEjYWwW3CYIq8aM4D0xlIx0C01pxaEknYOKxogen2Vq1WZXnefvZVa2F4BzqZMvZMq6Izi2BapdFLgMzF5uHCYSqNCWu60nYAW0VI5okyZebhtWLYReC/J/JicNLBZkgHqF+ByxoiTZy4zbbzOY5dnBZMXDFG0LI+zommUhDnseiXDchzToFoDoYZrIHGwuMyx4ovQoyl7K0B3mhk0GlAN4iWsbWLgTPiscnBnI8rSIJftOPGztBOn4JuLUdwx2Frk33rP3W/7xq8fnhkrteKNTz/6+3/ysTzKB83Bzzx60jm0OF0dlKv19NRKeSPf7o4MGUa1VDC8Em64bAAso04t10hd8ifE0vdLpiC5Dy0IZHDXtBwO6K+8KZS6EvY8jByVZJUZQaIH1TyBp00FW9sFQPyUx5E7OJThlocrlf3bjW3DzLOuv2G28djBM08cGXaq+XKn+exKefcMKwKCtM888eTGs2emTKftU5jYfNLoOHJy746CVTh4dG5tfqEwMTUyUPU9MzRYknJrqMRu2H30oWdbG81qsQofAGg/KHBeNBPDjG0vImnAyIbhloWe76dxs8ojfnqlLextO3ZVU9E603Y3uJcNyKfX5p5cknHHNuHRyWqPHz0+WDZfs92uskzl/vAsF6Pz/Q9+JYiDwBERaXynMaUvSOPMDfI8EGlIgz0mvqjd8I08NmiHilRDfiyzgGURXKXsWnmlCz8vRxG7jDCmV2EBygCpACi42AFgEVe9BAfXrltlu6jIy77yMMkwYUymbTgE6YiaGtXyzPd85zNHj5aCFkhwtrmd7UJ+37Od6pJfdH6mVLSwPpPUDHw3jlnXQNo8a++DPDKM2nB1xw98X/Hr34HxMq21suVVubrCKiWxbdvIdXuHv/mbj/3ET/pfvL/UCbRxqewCbbNp/Y38nAsRm9/Q55b6dW3H8nxzyqOQjEypErMefd4SqteP4tbf24s84byN6QEA+sknxrs4W/RO3lXSyk2r6TrVN75x5od/WFSKWdRIN2r85AnMGmzHrDn72sl77h664/aj//W/jrQ7LIj0NXc7Es36cNG51k03cgU02au19Gu5G6/SC805a8WzCdZ7hxOkxhzpft8/+T4/Se7/0pf+/Z8uWt829FXbS67RwbRYko1840G/vB+zQs50Js3uozBMl3kDR5KEXNpC7LzhjY25IzJfFrluGkLb37L7Rd2B6mJhDJtCg+e/zbna+S+GXZXs4myrWtNAxzINWFwSX+5IYWk9N8WduzHfOMjoBtbxrWMml6/MkLnJ/nphfRpZbkXS7MoV3DBA7W/+5m9+5StfAVbudNqSlIAIdqe00490jXXoMajQ0tJSQxWMwsC++EXrXaDg8vAiECf4NY7X0FND3vvuu+///J//8wM/8APf+Z3fOTo6uhVTPmcwjsa+4Nogs+Pj40EQYG7Ys2cPcJW+AA1hHdvR5Bdfje8FU967dy+g8759+0CctXjI8vIyiDm+Ea/gUnWg5bFjx/bv38+UPDTOo5WX9VdrBYz+s7igoGf/CsGgNRDXTFwrDPRZtk5juDUGeSuPxr3gRlB1+IgG0Pj47OwsalvLbuCDuNmJiQnN9LUkrnZLgDVrpQKmPXxUHUZf7kDLcehvB4DGFV6sDZwTYHU+iT7n3a0osH+bz2tZ+5yP/lr5O1D6jUQ7z/o7APq+E+0K0jI1XClB411gaPzEWAGvTNrqaqazLa1Rf2pra5S97QXsWrlWXrLSc3Rs2q5XqmzO+6xvw3JCrgy+TXdgaCRothwKiTSStg/6jDU7kCtJP0dYv4cA0GGrhcUD4JGJGTzN43rDAp/ynPMtJ2UNUoeDTW0qX/v24ZGJ5aU5PxDolco8B+RqNBvr62uZ2uKWpIJbllMqxfUW7yYRkUqCU6pYaM08dSxzruuHXtJ6zapbSr0LTmoUKnsxwLkmpeqdTPaFwPqzkNJP7gpnU6rslP4iKY6EVDhoZEhUdj/wvUSZlRRqqdTlVBiNCnRwKyU/T5aXVy1O8aibtaB+SgX6SYZN/aOUhiYlN5SpSZGKOhAI1ZKkMCRrc0tFRnvjtSC1CoMltCbUvcZJgpoAI2uvrKcjw65hhkFgu17fvN58BL17ZIRTL8LE+5PylnCjzeX92c1P1ynvBZ53d4ecVZWbJ36JJt6XejrvX7bytHO9SHkpCPQ2x67l0YnPP+QaQ97E2NzS8pkjx0frzWrJRk9Lgyw0cnBTM6dsR8IoAW9Kj73mzuvfes/1g8M2KVcMeu94y91Hnjp+/OhiquQf6cGlWX1joxWEzZwEf0GlQR4TWhEZpByfsNRPDHQ3FVKfK3FbyzJIv3xzZa9+zRJOuxsoCpU2UFAaqez4sQX76YXpPbOwC+eOLD959CQvDzkeZVSUahmVqS6vd3UaepjpR54RG6ZFEkkgd8Ofu9FKjHWdTeiGhtFXKRQ+BS1z7VqRvdVSrLLEd+OjmYrANTjGLEtrZQi1X49ELqSThNXMd7mEHWCluZ3lJdNwDe5YzBW8aBtF04FBTPkVDbNk8SKILRakQrqW4dLoxO1MijAyWGTA7UMiHoAYJKKZ004Igq05KtUQEWkNsxQ+uwz0WIYS/0Q7QU0nfpS1g6SZJq0kroVRGz6sOA0kj7xSPY323HLdtnveEo6PnAbCLtk33/P6g/PNowfPVHzDKw4wn2VrteFYTrrDw9sKTqtRkQl4aBY3yEER+ASgWWplsSMz1xZ2yTOZMAn9w3VBmbMkCXzTRhOepwZpyAvXLSqvYgTAapmuHh7xZBzHdVwTI/NAsWx4Bek6IWaCsUFjcogNeST3nMvy+BAt1gIMQWHLn7NXO7HFo6C+Mb9gh8bRZgOtqW1Jtn3ktV/7turMOJ745Fpw/1eefPT4qbbfmuCkK51YRFs2Bsv57O4gXjQAiCmCxVIR2yp0Jom8ds0w7DLuJY2LInF4YttmnnB3qdVYeroAh0q7abVaBcPGvJUrP0Dc6WC2SqulRw8tPRGmcsisTA5USm7aas4/8czBB5+tWpU1v0WK6XD8ZXHCo9SKQKakaZECQIK7CrKoY6WRmaZqbM/hwLBYXLJ5wX71spe/5+UqXd999KMf/Y7v+A69pj6nYHmCd7e+crUmIdQ+fW7wbpxzz5ignQWJ2hanEsvSCGSx4lffffsNv9M+uZAHod6ZcfGV/rmB0fKibUDSdpv12umf/jlzaRnDtehlYuvxXAJRsWXmu7bt+KkfLzrO8f/xa+ZXHopOnzZpcxpL4MscHhVvuXvXj/7g7n//E6d/4qfTL9xrkKYITZwqqlpkShZB9MJwz7uGc8YOfu69XPAGmex/tk/M9UuZmkhNugBr6s7b2foGWHl3CayMAFV3sBbijIvO4ODEP/unA+/6mrmPfjT69GfyQ0dNPyRFKXjYPCu7cd/27//ewjd//XjQXvuF/zXw/7P3pkGWHdedXy437/a2erX1vqCBJhoNgNhIQqDJkShiuEoaahgTsjlhzYwpR1h2WDGO0Ad7PoxkKSwp5KA9ihgr/MHhsWWPPdIoNII4EkekJJAUCIEQGzuBbvQOdHd17fW2u+Yy52Ted+tV9QJAbICAUEmw+tWru+a9mXnyd07+T4bDZn2RuArE47N33EGCUDNGKXlPNjUs19a5jVwhTFLUV5oW2S/+3N/7vY7693/07f/psY3g8+HHbxchQxWv2Az5+ktCJxM2Mb5/h2+/7Zd/9Z8TnQs7R2k2p//v//20FdfWb3HK9gaVCq2kPyKthgqIdKspJ5+DtpLAoRuf8M1W6Hs3Nh+Ncd9UsTYWoplr18xakEfeDeX/lS/qAAAQAElEQVQtob23VKCSnn/++SeffBIeIkBbmOHifwLBpQshH43w+QIMBbIM3LYOy83zHJAuYFMgm/DrYDAATNzv96GPhsNGtgC23rdvHwBW6M1feOGFPXv2fPGLX6x5JR0LGZPxWDU5YjmpZfgGzgi/7t27F06xf/9+4LDwDQBZNS5VeBRYKUXhSH0cx+fOnTt9+jTc0Sc+8QnY61vf+hZwdrj+Y8eOHThwALaE23GBz6+99trhw4fheoD2OgRGxkq1ZiIhYR24dG0dwl1AbcDucMv1jsDItkRrToSuU5uu0H12Ud5ZlsE3UJOAzoEvwwegbwCj4U7djnC1Dje7AOdaykB4wikbuHO5+nSX7cKf68qE2iNvoqiJ9Fk3KfTGmY5vssvkjjv0+X1VnD/GtTgXqu9keSbV1cGPBW8+tCPYEn7ClsvLyzVcroF1HUw9GWqx48/YKe9AqayGLQIRNm5CO3086PM9jC3U5lqB8uu+n46gVVyb6NqdYmEuJtCD17rRmQ4bU2srl1pRAxgWik3gmhgMgs6SUToa5qO+TEdMFbjA3Wb24ABnNkbedMcLw2vNKGYVAAEq46JDA6CGzPr8w/v3mgsXLmeFwXQIaPoA1EmKlGCYHkAku+AGUFIjSjf6PvMQAVZWE2JbZLcYiGwFmq1Stku3Z1u9NmZi0jKuQAdIURG5QmvjDH0IdqWVdKjk72zWQSejjGENjhW7/xspXb9CkQjj2cbBLsjScPrjsdZUd2FtORkOhcI1bdSmmam0eumm+eFObBkudjkaRVEJGLFoE2niK7L82mW/NL4PXRl61Ai3US+UuscG7gKgLvB8AiHy4fDq2Qtz9x7tDzf8IKrvw7gJ2WZ08mTMz+YLtb1MEGhLmSe2nwjkoOPf6gh6Y2rgX8fqUDLWS6nkOq6JpCY3LmOmbcjk/9w9XDMtnQDo2wn4mzmX24JuPxqtbJsqjfpmpAYby1b+4FEaftia9Rttf744tTw4sxQQdY/2ZCMuSSqDMlfJhiyGWq/mMpcJfBwC+2v6h7v+3obvU3x344B5e2f2754///JrboksUlqPL6yu/9Urr4ezU/lU2LaR9YnhG5l+9dLG+lKfZ0SnOb6cTCH0w5vx0I9C3Spl5joMbGWBpykuzUVRCuu7GazI57575vIy5uTsL6+liTLcz7MkQrVhfM1tAFYVZ6a3TFldaL6xjbYSwGTjUPqqqbop01hp29h0rFjjDBElPA23LZqjVSCSW2KKUyjwPHtKCVRqVlzDbWGKv7Ysd8t0t89n2s0OZ02Dws0B134EcEEFHgWK78MumHuvxHx/mtooJ2C8uY1jQrVpzFmoVV4WVp0TEDP4sRV8myqAyybVJNF0UKpBrlPNRiUdFHJYyF5WjJQeFZhXtUABbabgZQo6qJgco+aJiJodYByteclE6HtcoAB1pyBH/aBBwv2iy4owEgFg6E6Qi/VVkiaBzn2d4lpbILNMigbQG+1xFA71rVafQXlrVoJrywAHJ2mpC+hepfIMFQSVkgDQB1IJKjia9PBcTeT7AUxfOdQqjyIfe2CGCbXgvgog1q2YtANbQdZnMN1WjXhlYRD47dIEqytZL0/zdFAOSd7LkkFiGiKNwzvvuUcdPZD7RGgTh82P7/3o4Y37/vLkmTPrvf3NbkLoKFWvXO5fyQ1vT+UA9QtJ0qGPwiwmYsC6jbBuPRRsISnQZ1PmhAW0MRPTcJRKJiU4SIt0gHoZIlJCSF708j7wfTY/v2zE5auj0dDPLw0BE5Ubq2RhUch2ubTANQtpGFCXAhMHMa5lLAHfl5FOBclCP4tCGXtmyuedwLfh8GYqFBHfsfp2yq0sq6urzz777MMPP3ztn+B7+OvkN+9NAG3XiVHHNVy8Q/U/DPNFIuPalIvShO7FC9jBg+19+13w7q2DnUq/cKocLw6jWw5Msavnqrz90OHf+PXBqZOnf/v/CBYWY00CcCZiwjcaaqEWF5LHvvbSuQvH/tdfn/+5f3TpmRcaGwOOqVhxFUlR0cwbRYvQrZrUmxBzXK5l1vSafelW641pKwBSMrL3kR8xVy63R4ld4cQxy24VH4Dzg1Gjveuf/rfRXXed+ae/qF54JUxTYbMjYDQDmtEsf+aFc7/yG0f+uZ77+59f/oM/0i+d5Fu0howEh+T991mAtPXS3rXFWarWmB/DV0rGvMxZhbo2YBEL0ouvnjg6evKucPjPHpJf3Lv/3/6V+srXlua/1L6nm1u9sEwkFwMDBkFg2T7HZLqUx4HY32Wzcq1htcD6KolNj2960+nWK7q2uGfKtsfiX1PFknjnF9Ttt5kmePStz5tMZIxUuHRHwZiGyart/TEBLlnSaraIS2NiC0r7Of0NsoWLWeuJ/tCfq0t2R5xraqwyTN6GAgcHDBpFIXJhz/jCD5oBGD3tNgIj4L+wjeNBd95555EjRwCDwi4ARhuNxgMPPODwKBSnFwFAFq4cDgik2GkuA1oFCnz58mUXWexQFGwPmBX479E7ju7dt7fT6VTR8WOiBAWw1Ic//GHYccaW9bV1sEPhyHBG2N4lD4TZoDugC0CGjQFvAfs+efIkQOfjx49/7nOf+/rXvw4Y/emnn4YrAVLsOBecBaA53Bd86aragePrSp2YrXHB28LS4ThwMS722QWA18FHDrLXXLh+iJMYFyqK2hSULs3a7Oxst9u9cuWK+6vLQum8ssidhahmWXZ67CLPiE1oXhYl+A9qDZC6PgHtXfe5m62lvp1KWENpTCs+0SiM3h7y/Ibq0tfW4Q4rfL+V+m2pW5Zbc+AarFt5AD0JuI7g3Yb3H9qja9rwK3iw3PqAWpPHbF2cXh9zB0PvlB9CsabzOA+bC1W8/hhN6Y3WJI4tMrLJ7Ow/Bqztme408QMYMmM/RN6K5ALhBRDkAsbZFAD0UOcFAQgrMfMX2rgoBGtIqQE+yS2G1kTr0MrFLnOmm5ze3u2Uaj+7srSUjGBSYJB2GAzMs3q73AoNoG0gkMeayo6jZkyMrRPYGpMu6tkKZ+AAMtaAJrXmHm5XKWwwO8hs1oJy+h2WMRuXhMNWi1XdcBkITRW+g4vVSXV0qaUmVSeg6woELobC82EQxFG5CHMCZmuGIjCzMcvMLtyzybPHqK26H5vxENOnoauY0dxnQX95xYyySES6KGHQtRx0zD8RlmN0BWcYy2gkCSlfW1vvpInPPfAWUJTYJnoMfW3g9CYBnNR63va2XNfYM9smSePnOsF4t0y86JatyBhDk2sN8De0Lc34xzb6fOONJy/omlO8KUt2q7PHTg0qJlvlH6POXzJeVMwo/UENjPMqgLc99jpxMDXdBgI2jPKhZBvQXDCVIOdZGOYw/6FkiDq0ZqRJT6dTG1dbw0EQdsGyhAnn8uKaXFpsmqJh8kKZHN5o3zOJfPK7zxdh++DBXe2mF0/50MBXFvrPPvPqpSuLmKUQzDlZgBlKbGIlRZwg51hFsoK/VpRBKrvqrRKdN2B4Kr722rKWZSuOS0VLhZq5aZk65UkrE+mm+RTT9VnwUE0KaZUVlBibf942SRe5gynyMCEOnFIzx/itX8kTwrN5FZEUW3FNPEaRAMLgdoGwZ1dw+5QBfQaQEACKRalnBeZkw+MzTH1gvgl+r+kwalAaKh0C5cRzJEDTcVKNjjFjuztteTj0Z8A7SWEVfaCxgXmdawW1N8rL3KhUywH0g3k6MnpQyv4oH5Us02xYmFTREcBfwkrDpKF+1KQAeWPhZDkDj/s2abqH4sssBOuZCOazlhT+Un8qKeOWgD17C/2j2sxyNj0YkmEO1Q4EXJSpyEe8GLYEBVPGE1z5NNEFaXnCj4osHw1SqGiqWSF1SoBBg8uAWdkIjuSZqkDplhWw1oxKn8WRB+6tlkdbXEccuhnrZoOdCENtDkklVxk1I3BP+JTEgOVNqSR0MqwRr5by7PlLU53deZAPlaewm/ZkSkewtR+RdqecaSZz8yuClJzETMPLCF3hTKtxZ3z3//fvv3no6Afanfjyhd75Z0/mV1enpRbAf7Xx4Ap9cGLAEQtuZGjF1/FqFHhLUIFZsqhk/gYMPlTAqJSmvQxlp00B9+/5JS2urq9sSOMNembXnrI7bzot36O8yEIS8YwOX7uiSOGZAqY0vqIBI4KbkNGYmWlft5kCmB9S0wnCVkBbAQ8YqpqEwotgHoQCNDuL3nbKLS5PPPEEQIldu3ZNfrm4uAjfb9vyvaoBjdFp4B1SJRfMOHFjOmmJOSlkaw7ZGAlcSgYtX/O3BsRutjEeulhZ8UcjlMjAsI0tqlAlo8kdR+74jV9e+cvvrP7O/9tYWw2ULMFL12gkTPqlEYWCQbqRZ+bFFwd//LXO3/vC8Pbbgme/z3HtEEYjKBR8chY5pRNk8MbFpbavC5u8AV19s+3+ak+uE+jA4bNgGuiU/yMfufJ//k4jS5lNIWLzcxvr++Wp7+372Z8J5udf/R9+KTx3ronOAJYBOxOYMsTPoCstvLxsXl0887/8iw/+3r++4ws/ffHsv2gPSjpRd1kr0D/yIOHsvRv8bG78BwxLUcVjv/+Hv/lZ0uxfhFfwnumZ78z433hBn1pQ90wL8MICgRYm9zDR8XhHZwvJ4sl/96/+yb1loEYKrDS2y0vXiGhgyAnTk491IvSfkHrVF3lT2NdONWhq6Okr/t37AIFvz0WAMxZZBqJaSWCz0XDnZKHVAewED4CdVO9nN2qNEat17jZyBia4XGIIPEzxXOI+B45dcGJNfNxqevcZsBGxsg+1PDHAo6mpKfcNUCTY4OzZs0EQOMTpgh8B/l64cOHP/uzPgETfc889jz76qBNgctsA4N6zZw8AZWDNu3fvhl8xgiDJnRi0W9dv7wEjw1yUJVBa2Bgu6eLFi4CxAGmdOHHi3nvv/djHPvb4448vLCzUyf2c/jIU+PLQoUNwtfAnYhm0Q8bX1lJd6FbRK4r5hxRgcRfXWesMkIlgarcxHNyRtTqK00a6oe4tUDYXAe2uEBh0TZAdsoc/1YLL7gpdkPiWS6KbUaV6nCnRXR656QtAtqbYqv5EzDZkPDnrNG89/xt966HTO+VvQTFjTOUIMvQnzjFTv8bQBABAQ9/itNRXVlagH4DGC20KWjQ0DbcLscHUTi2nRs+1PjvZ8W3slL9FBZVLGevOzEhUmCiDwNcFqk3A8GzKssgzcBoXaV4kKXh7x1KndjE92GbQFAoJJrrc9OBvNg0nkEesLQSjdVEWzSA80p0OmVjo96/0ekujEdPg52RV8kDqso6BecD9uCFHqV0HiC0QoxCxSGP/QWKiqqZeZVpUW7y5bjAjxAlfkMnFkVrpimHbZIa6SsJBHeC2aLsk7iOczqgqAeRYpcM4kuaGGNRBgFrgohUT4YV+CEAP7g4pjhuxHSLHEyESd/MTR4fxguHPXMKkiystqSpUOlhZazJhXFoIe3y6aUfafRFAM0QrpnCLonrLa91DB1aHwziILGh3u76+RgAAEABJREFUyRjJNtN7C5I1b5anmGsil80YcG/6M8aWx6QWx9s3/tKbrc29FccnY+F1N0cwdbSzg863JvwZyokhaiW3aTkb6U6mGlTEBAzaMAqbvtSA5HxSSECgYPlGOMuVmo0KQk6dXH3u+4c+8mEahOlGdvG7z5oL5+9gwEFXckMSxksdZDzwM/r6pY0rhSh91pzuUlnmK2u9vvLgIZVpiJ6UAsXfkVtiNqNqZuuUOOzkTIHzpMSFetg2VYk1AhNXWcZShmGgKYsUyqCPVE4BhpKC2ghmmBtzJ6+Da0CVSwtq1yAoOzmyL562+hs2MSnH8H8MwPbgW4mtG2XRiRM9UUwRX4nQCwAJQrPiGp3DHpEeVTZVIAcfjI8K1wwM4gB1nOGvGN0M4LQRkA7Xs1y2PR4YpJlU4ioChQoQUlNocRhFji42TBaITR3mHkkpM6mHpcrgP6VGUm/kalgCDZYjbRPVlckAXHLcx9R56Fxj1AvhPy+KtEAejjIWhAUiQNCMTiETEQzsbfmiJYBs6gieMechzGtxCsTNC5d6NOZ7WmWmLz93kp05sy/THWnAC8UDD1C6DgC086DRVNkAHWLCGzAV7pvf/8Cx5lSnt9x74bsvLl9aBfeVJF5O/IJy1KUmVj0InpMsu5SAlRO1WnN7ZuPdTRGxfLBSLF6WWQK4x6DkMdw+g6czTFHuvmTeIOGruTe13omL3WAsuZRga+vDvz55djBI1oByk6aJmyKIfZ1JCVcMAJqWreYwis5tZLty4/nO4QDYR+YapmZelpBvf/2ZbjQl1/uit7G3THaZYprk4F3wBM7omQH6kaPTA0Yebb2gSP9hWuEnRgJ9LuNCMT+RepCBAzPJ4HXxYxWEiulVY0acxqScZtCj5jz3WEY8cOr0N/TKJTW4NOevt1U+K0SLeN0waASsG9DpgHU83RDgEsDQNnDL+JgX1qqLW1RlgxBRTpvslJ1yq8sf/MEffPnLX66FOGC6Ad9cu9l7EkA7A4YYlxVgDH5xAZ42DrTiGGrblfM42vTVdgmOrhLy3YKCZx4tLkdpMR6uq7AGY1UzRnE08+OfLFb7G//Pv5la78P19Oenokcenv/RvxN0W4PLV1ce+3px4oVYFa1Cnv3qHz/wmc9N33e3fP5FX9sBrZLdsLm2KHNpE2l96voKtvjza1WNyXvcFgBb0UlardojWz3kaICXnIWHDxIYIXobntWxrVEn+mi9QN51V/Dpnzj/a7/ROXcWRtbUF+SBD7Y/+WPdo7cZmV3482+X/+HxRr8nioK9dmXj299pPPyRNIrbw8TFOcCh8jDWx4+1H7obvHW16/jdSaI3a60KiLBxktVqLm2/BTMfvAX2LdRoexCUC4O3Qb5y6px+9ICgOBnwzOjRH73r/39q4craqNR+4Ew+96CqNJNO+U9fvnRu4fzJxtEwNj2o8JEAV6+yii6VCUmI/b1ysBAXlm4V3fDFu6bchJOTktILV8M79imfZNsfgAafrRQ0cLMy7fS0KGY1tysnneAMzJUwPnpiLR/dtOPfcZhRSz3UoVL1evPJmYPjj7f26hzHQRKkPEyNoUkySsBPlqaZEzV2oslOLMLRW4eYgSzDdMsJbjh5YgeVJumnm1M6lQkXvAyb1VG6Lm8h/OnJJ598+eWXARY7sWYXRwxMdn19HWgU7Oh2Afrsbl8r7daL2JAI9NKZsfYFfACeBcAajgCezOeee+7uu+9+5JFHvvnNb4In0+kAuGtw9w6ngM3o1vjrbfUz+evmezIucECYc0INOP7rrsRt7CI3XZi2I++TMZvuaFW+wRyjwjc2NqA24JbhaHDXLh4ZbgR+NRPZEd1hycR76g5Sz8FcjHQpS3fqmzz6ySt5E2FQ5ibHucmfrsX6O+V9UqCX2Ba5PFlQkcNDzw20INdq5ufnnbwPsbHSziUDXcG2Fud2dy8tpT+UPnun7JQftIxjp6t4DVdcyk6fh53OVJ6MAD8QF/iLH6Qq87Q/LJIE5vuyLDCUWFe2lA1lQW1Yg/ktxsEs1ysKBxHUmkWBDU1awru925lvxLs7LQDQZRTt7gApwuX2MNG3UrYSmpyIQplBO9VMV+sPpE0PCFdo0bNCSjtmxrgSbSuAtmBZ0cr211TXKWBIFUBtLRH3sdrFYWwtCdrzaLPVoBY5yoTflNWiwNRKSgvO44gLzwY+c2bVq6t1S+OI2eqzuwB7IDgVDMi0pAAZAz/wDAVbCDzwOcWwxUD412Wc7gIwBwNhmZKxH2ysrOw+fEjmBbOp2IyVwr62BzQTEdB1ZkJK/oYgtarXsbn4t9HZqyfXzuKsogonN5vP9gcriwV6PpaHwzU/iHUaU91QiV8WsdFd5jV506faR9lchJBWI4NEnh6M+CvfOTUctRtzsxtXlgfPn/tod7oUG5wWmS6HusyVHGAcaxFkZZbqhIZ0YIokb2dmygNcZ4ajvidzbJcIgoHx0rLWB68i7p3aMjNjE8/GK2vDPcN1tOEHxQioMryDdLgqRhumSAUuQ3VAmTmBA+wQypJam5mhCrObIMONACOuOhDHmqEyAcCgeoYVXhDwdqNeNSow+L7nM+MzCVuGmOkdJT2hnXE4IJzLqIBY3m3c+gBjRTMwMg1+55ldqqflUPOUeVarE5M0AmvOlMmUzlWZSjlI86xAseZUFiOpAFRkio4KlSCVLjJwRlEhjYehzZhdUBFomGET/mFeJMBZx3wBrNnzUSWEqACfEQBeLyZeA3oFTzQYjwhpAS4wuingTqFTgskPo3BogjKd5kq6VlzqN9soNrTcnzN+K+JtEUhw9XFvZFSvyEtg/MVQM5kLhdkhZ7r3f+rHugfniCCto3TNb5z+s7/O+opyMcIYeCqgTzLKN4BWRbfV2tduNQSdPjB38ME7+WwAVSbTPYsv095zz4OvkebAeFlPy0uDgYxaB24/WEj6wukLL776Wme4kbTbd99/pBlzsJKef/bM2spgfmqfAdgNz5/74IKAaiy5V0bN3OM9r7Gu+PdfXUy7U3fvj2+fDudDHlMTGCqvJlM91eWdjoQb7FBw+Ze9tu77ZZ+gFhJFpyf08aSUHhsoMizhcZT9Qo4kzY3ISJg3uPY84zcKmMcxXTinosmNzQ5bsAIttXSleO1UvLEYhXGkdZj1W6OVcP31MOzNxXKambmAtTlKasQB941seVgZmMYS3xh4uXztQuNoUBi4O1YQnmiSanon2Sk75RYXmHE8/vjjn/70p92v8NlFp20r70kAjetcLFDAfzHJiFVQcomRXSIP9FYStpmWhJDKv6t/IMq53RjhKs08hlYltU42Zqrk1orRtU7rtof/zl//yq/tW+sBwlufbu/7hf+q9Q//AWt3FGdTad6678GXfu7no8WrnjLe0gpZ783s3XMVrVntYi1YtaTNwefNmAvihk33b4WSJ7XLtgXAmhsYUS6QYMtfNbpPRRbE5iP309AH8kICTEo7Zt9gALJB1Jj/whfk7/4R//4pryzy0Kcfe/jQ//ybbNc0CT2wPY985tOXV/87/e1v8zIJS73wzPO333UfmZ4u+0M4REZ0KVh25NAHf/WXvL17KmljHNL5dlT+LijO0UmrRaKuqoAx51ApMSeepc8AxkriaeYbUmuAW3855RmMOZjzHNcpCiMPtMWPPXAwEJe1fUEpikQH2i6Is25YB/nVaNRPgBXiiiuNQ4dmdrGcpXUWQlN0Y+qJSjJWaIbc8FlTQ24QFg2s4vR6KEl5nb8qFWLWzqAiufiGW7kGIaxvBD2nxinH2cANuybBQyeGsqE3NoTmHX6WjqS42RcuepC6hpXwJ6dr8ZYUD95SscwUTCvlQpfSNAdsVEc9w9mhCwY8CmDUkaBaWcLRVQyF1mDZIu4sMRsPnUTnDow6kWIgv07U1cUs1/G8Lvj3xIkTQKIBvMJed9xxx/LyMpxRlhIrROtWq+UILJ7OhivZR6agonzhu8pxsBt+wgHhSi5cuHD06NGTJ08eP34cPgwGA7e7i9121QtfttvtWkNj2xxmW1gNHaf4I1YQw92Uw+jVsxuHV7st3Qcn8TFJ0CZhN1yqEyJwYc79fh8qeXIzp1hSV7u7+DcMaKrfKHe1N3/6ZCvLM1uFDsj16N6129zk4DvlfVugObsG4voH1+rd6wRvNbptUFMA02mC3wi+BG+WawsuStp5jGonWb16YBJDu7Lzpu2Ut69UvTe8wJOjcJ32TZs3D/zsIGtbgRn7/LYCQyTIFKCK12y2lheXcWACi0qWmDc5zZJ+X6ZJmaakyKksCKYrVJSBG4dbHWqeg0kqPGnGa+m3dt1o9VsuDEaPNYYoJ9Kz8K5FYH+/64kyjppKE+AgvApaUDYWBnYJGnFS9GwIgZW/rpLaYD5RTKsOhosdB41tsYiLt9YLtYnKYHtmha/puG6dagdmGxyPlW77imVradG2Jk5S2u5grVV8AJuiaqiLK4jHC4BljchvNXCOBeiHARzWTpvWqVBUw/oYQ7sTAT5nhrl5GKArnRXAknzBxf75tcuLtKAAoFkle8DGzwvBNjApikIFuPITPPOB0Ru9gcpKAHlgPdlz2KgPNx+ZsGc12RzEK5tqQhmrejEmnMTmBuJgtqKNzfE93l+PNWFu1CuaLcc0pnIG6K12hfve1FmCTK1gXc/C3PeuLm5ZD2zM5pvjgXFltSuZNSNxlR0GBaMIhU1J6J5kteMPyKDXh31ks1IlwgthWgig2WS0SIM8jbO8aXSLiwZnDSraQjSFQBjte17YycruuXMjcZXp3mjW37W7AUYsIGBZap3DnAKAKQuGpjQjOIrKwqCUgFB9AiSgkPthXhl7XOb4EqEXhMFsNpe1UjdGCBOLisfjX3W12GigR2JpsCrFKABrFFxG00mSFwPAvCGmk8I6FAgamJ3V6DAgNlUSdhYBIgDk3REn/viN9pFho9C7hzIaUNU4UfJs6lH75gKtRkliW8/SSXzYVN3U9gfYD0Jzs60JCCaRxqZcxPUNBEObUYQHWkQCOLyUqkBUatIsG+SypylqHCuDAsSK5BKXfOTMFMyTOrAUUoDjS3M4pLLOHg99bXgpMImQ0Ew5PAo/jqMw8sNmGDZ8ASg8BKBJaTMIGtyP4E4JCynOeElZ+KggycD1DSfByzaYFxKF56KGB70gmVIFTIKAX3dKCrw5XSvzBJ+nTn2ReH7po2P8jrtv7+7vLo/SM1eu6t2zJbgDULuaxHvnizhYWVqJRYsKGnPe5axJTIuTTuBPN+OmgG5Kzh2dZofgjDYfpWp25KHLJ1+59PprcpgNsvJ8MlzrhJ/60s8ceOCePNfD2/e/+o0nLy6uP/vixZH2W+04WctffvHi1NwhqoJSeRJOrbIUML0uwF9XcpEZtprr9dIkOXnhlaW1y/TytLhv/+yhdkNubLz+9Lk9g3yu2WZpHmQYR14O17VcyzRqMY0kGWHaRiDO6UDTdc1GRo80uE94wX3tYxw8iw3/hLkAABAASURBVAPwy0kOiBqmOrhWxieaqxyXjuT9QOXQQDplo5uvd4edqajR9VhHZzMEfDVpHJFp4cXatAX3OebgAWcKvP0BzIOMX4Dzz9BMs9x4qUEPRC5Fkgt0RRA6MnhtnyE7Zafc+vLSSy/BtOXQoUMXL148c+bMdbd5bwJotx5mjNtkqYgLozVW1N+mJnwnQsUoaR2+7XSz0+qPPKPqQFYwoBKP3fbTX0gunN/3+hWhZMJJ+8v/sPWPv8QasXEiW1FA77pNPPLB4qsLKNmkOEwxU2YysLwMmRC6Y7pS5JrUmLaDlal1yMZ2zcRfJ37dBiVv9ldJRCHC4J579/83P0/bzZnPfEqOUsxerWxiGLDcGQ3DqHvfnS//9m/PDpPSC4rbDx759X/GdmEKAhtE6ZGQ7fkvf+7MiWeC9Ywbhnr6QdT40P3RvgNw1eFMp7jr9ts+9XHv2O1g4zphEPouYs43LHbRILjB5VR55fN30Xt2NxjgdIDBiq8lXMYt9BkwF7TuUsMAsSXnrqzt2cdxsRExzfWTP3HU2xfGAe2BoaGo19ftgmwgsDMuDgGd3r7GLBPcBiRgyAgMI2BzwEhihGuwgPkjWcRgTSA9dPMPXJKEXnptJp5wHZp/oztCn/Vra/2ctE0taFb/VUsYHPHN086q8gzK2XJaLWhzG7k4evuFxizrxIXboB3PbpLB85YXZ1IOB8PVtdW1tbVLly45+OKIM/SDw+EQEPCVK1cOHz4MMNHRUnKri+ObTkzZCTrDBQCche+dCAZcDDDixcVFF5kLFwmoCJiRi/91d+EkOOpYWtjF8Vk3uZrUTYYNHIauma/DTHEcA/s+duzYwsICfA+/wpGTQQIXAPNwh5XrSiM2cBKlk4vcIeCaSTkeDRufOX1m3/59MIp84AMfuHz5srtBN0erNalXVlYOHjx43WR92wA0Gaf7c3fqrt8Jbjh+bbZGEzvCXl9VHdVOJ7WVLcQHnxncHXyAi3G6t/VzcaLStTyIQyH1HNWYrVPWics2Vjx6amqK3Pih3/wbszUenF4jP0LeRDE7+rzv4+LAsRnLbtSeJ2KbA7Qj57KCdx4aPnx2CTnhvYXuBXqeCm7ZpkrHQurOdeS6wUmvDNkpO+UdLGarZhH5mxQnJmHq9Bx1Ac4DmAXmCE5/ALWxwBOMiQeHBQDoAuzbAg3biaBQzAPuMdGOGlNtjIu4wRW5ZczaJu6gCExwOR9AXgrY1YiAk0STfL0HNADjGq1csnPK46JCwWHA0zJj2uYKBPNOWU85QFBLw9HnaiUnrOCztloblViWG6uw7Vs1Z7qJL00lwIHK0ZsAulKTxvyBVttvosIxoNNsfmPNtsq4U7ZriJoNY/Mnygz1wQxjdXWwKjxzU3nQ8WzmHmJNz6EyUd2L88if3rerXB0qPmbPdg3r5LOq/nFwFqAcMP68aMZxKiV0TUEYoKZQWuZpSnOqrzvHo3r78HpNKDSdSL665YGi9K7esi+vJpKYrFFfL3CBVqFPdILd4qH0dmlVG6uBwRqmCpCyz/SHVLjNQeii2g219JkRa4M5Degf1MzIJWazw6yidGNY+IZiWAYHEqloiHnnDZcapiohqtMqn9vJUYQvVIO1Q2+qTNnu7oGYhWE25MXIZz5QbCELzwSctmZ5QAtTZFDJvlEBSmDIfpakmpaiI7jmCJ0ZSsVQmz/QLXreFFGh1oCcuEX8jWEgMMV4ZGtdw8Q0osSL4dICXrlmKmsQ5TgMAEFuvQwcV4R67iXxEClXYja1I4Q61Y5qdUWlegPvEpjtuBADKonQnACzhT/BM/Exy6ACyqyhDvOyyMqiMJjQvkQZDZPlZSlNXkiYkxc6z6UNqYHuw6raZ5heL5IwoOP6b/CJARHnGpVHobF4FOqbhkCcKUdILGjOSBkAR9ZQ7bzBvcjDeN5pv9mMGnEjFIw2BNSoCMGfbbSwMqPQZ6G0PfZGmlop+bLIhxIvPwxEIwiEzTta6qI0KRzfLnomBeNDVKcGJ0gEXr6sOTWM4hSccKIcyfV77j2655EPxJ0oNuXrT8uXr7728F2HjA13CtVwlxlOh7LD0xBRuGoBHlfKTkQLBnevPd2C/wiJ7cQYKtrjiaB/dfnKi9/9XsN4gyxbkcUn/oufOfax+0QLpt7kvn3HSSv4iz99IUujU2dz6VG4hUTM5nEPXI8DqHShC4qaJCXchy49oNAl9M4GPCW757rdtZKnfLBuLq4ONvR6cuVStrQ8k+sGG6pCJtlgbbiRZAl05GmuVwbpyqjsSVJ4XspJzkXh+5iQQIArBVoF08BAmFA2XokAS9fEyzORDv08CeSgxfMuK4Hiz8d+O1Ad+E+ojidng7AFz05lgN8ReBEk2YwJeFVY1OrnOjeslN6gNH1JelJtlLpP+MDwEbxaqJsdgq8gM7qAWefOlGKnvG3ljC032eA9KsGBrlxiMy5bBFebETjK+B4CCOzimce25um71ZdBo489OPPf/9fLf/ytqChsLAZaYwU4fGc77Z/8fO93/jWXI819tW/P7k99ljaamrkcpcRxpvbcnMRuloF/krSbjYcfLB/5kSTJwGRzEcc21IE7vjLRUeCI6MY3LID+tgBothU4XwOgJ4+09a+lYP7xY4d+4ef5nhmwPqc+9yny6Ccseq0Uf9HYyszqn35DlAkw974I5372H7F9BwmOO2PzEUa62a5xdjnlXqPB51tHfvOXMAOCQYaJw5AQxBO61gp5L8x5bRoKIkyxW17+zx8AV3eJDwhmLowvFu0BnbVPwolzoCCYYCaMwr88lT90oCnMKiNFI1/++K5Q0NSzUQ6lYSfOj4ZGpFkBNolN7ghjwlCYaKbtoUWIDm+TwzTF6CwrrbWDNeUZ2U3PHWnTXW0BzACHeMr6YIMYm1uZGzLOju6eml1BNXa9TxR4GRudxqWNtZJM4xo0m9izLqjdh3aRtmgawAQ8L3Qx4wpKMs7ojEsmUWjN2vLaJvmrNHBwfvUOGtiOyJw5e+bEiROPPvqo0xDs9/sAHM+fP09snOD9998P8PS3fuu3vvSlLz300EO3FkC7CZcjOw7xgGno8ge2Wi2HRE+fPg181uVCJNaiDW1x6HlmZmZ6ehp+BUINuwM5qo/mTkHthGHyst0Z6yhd99nFDjvkTSxUctIfQJ/dQWoUa8ZTWZfKjI6Vjt2fJkMsXTpE+AZYOTBouBcA+g71wtGcerW7WSdzse2y6Xh1v/MKuOc1GfvsvocNnESJu5dJiYDJW56scHfjTrjDhXa6L+Fq5+fnXV25XSaTNzr+DoeFDSYZdKXiPb5gMxa+gOPv2rXLXC+K2ZHB+plOXhu9RtPAfVlPTuuzbAPf1y21JMu26t0p76sCjZFaFZq6CddvAjjeej2YRFFAz84BVhbY8MF34lql26x26lzryNkpO+VvQ6mRqI22hl6+yHGibRDVSFVg8kH8WRYqB7SAwheVEW2tJIBTLPajmSnSDEpSKeXe6DQOcaKQFappgpOeoeSokD6n0DiHvR6gGCufh8AGnfLM6gACrPKBFwD9LiQgJUzahzQHBygYnaUNWLYmlb5GA7pSWXacy6YbqSNRdPW9E4meML9sgsPKKBxPAIwxYzXDyoSoVlBaOxFFQ0Lfa4RwqboshusbYJ3a8Z3fqLtwjM12KRjFTLiSqsRYaI0sDCZsfqfhg7WzMULJgOsGnbgB0bJRiRxOpoMBn5stchSIg8H6wIED8NC0tLEZ44lOnWja1QAZ391mLge0DKrvcYgf12UpZW2jcOeTs6azi6GYBNRmYlUTbOW088Y5I5QTT54cxLcN6GYcAa2soaGvl6L5nSwoD8Edg8YFmhivhfMYzr1bI0zn/B44ISglyfBdoqakRZaUGZd2ymStvygQOB0utQ+kFGWS026pG5pG7c6aVCQp4pEOEzrNRcOjoRcLI3wSMcV4khVrvYBFxE9MmYtkJHJcfxDB/yVnUcQFKXP4RCecDXauWy0GZS68x/0J+TPGAIG9HYC1VxjJ7F+pxfFuEbKbPJkq/N4IEThhaDxsqSybxUWiCJRtwk/w2ijbSnGttq7yi1qtDJz7wVQ4SVH1GqZsqVKJlMCgpYYaApgOky6YW2pwScGULgN/mSE5IAJcBYtzaHhysoBORSkPniKgY41628L6hhhwaqaZjeoA45bZnJ7U+JzZxZJgBHghEnOJmQ85bwS8LcKWF7WI1/G8TuA3oQpKFoHpEPswsWNlESnMpGeK0t2DchHaxNUilVTFu1sHj94OvrrBxsazTz7Z5IEPT9gLRwQaakphWkDDUvj9KB7AhMikkomEiwENesqAky0K43JmpmwHIwo2P7/37juf/taTd3Sndnc7+fooPXtxr0zaDQq8VeoE36oSfO0mp54EXktoQcnVxdHZKfaR/TPdToQPwpgri+vPv3p+Nct5M5rftbsd8g8cuytshBlcNSqq8Hi2G8zOJ7w75DNLaQ7wxnjxhlmnPMsE0HRw1GWA1nWe8TzpFOUsh8oJ/Yh3Ir8RtcLuLBM+PPx+kRh/16hc1fnw6sYwLYveaLjSW1ruLY+yYY6Td6/gTRXHOozAe1IA+MdgeM8GSjr8gmLbRGY+DBkwd88SurbaLIe7fXKwyfdEZpfvtUkxG6tOyBtNFYrc5yk0FmAIpc7gdSqMGAGFJ3F/JDeKopdtGNHsFWppNBqyOGF+SsWQsMQLM09AvZXwFpX4HAsCTg7wE7xdC4J3yk55w/LejIDGglSUW1kmRr3xMjIrBODjYhfPaqvfYgJGN09OrBYDazT2/ex/tucnf4oWuY26Hm/hC50nC2denbPjTdpoM8yIZXmyi1MEI6c/Wnzq+V3amq7zU3TvXGPX0fv/t69QbeMUTJXA2mqHsPqk48K2KGdstxkmYwOurYMb/xXqrBGzZky4QFs5gmHfSWlX949ivywrl9c4dmGSNEPv4CHjgjWdmY4+yJI89WRYZGBwp4LsfvA4a+JKE1yXZ8MFxgIihtSyFnSsEvFuLGOzvOLwVJhSgOWAMwq4o3BRd5v77y/ThrS6GmCccmNXSBozu3fvn56++FOPBMcbHkpp6CIihQvSSA29MBJ89gMD8uLF1UV1GLO4gPu83X/+LtU88nCTqSFuycxAlutErS6ul2SXsWu0IjI4lD7zP/50MOutawXkWoxKvjQwML4azkidYMR+GieaM2M1kc0Cm7S7M5d7Kzk6rQndKnYIN+D5NqeGdOovMMj5pn5022po/I0zzeFkskR3uX6nzGxn8R8/fhzA6FNPPQXY5erVqwCgX3nlFaC6R48edYHJsOXhw4eBCDvyeEus7UnO6JgOHDlNU5gXAU2O4/jcuXNAbGvCW4NdN0dyWhnwc2FhAa4ZdpmdnZ2bm4Mj1CIbbpU97AKWu7TRQPDrJCy2E+0KItcq0k44ot1uj0aj+n7NWKKETEyTJqMpyTgQstYqcQdfWloCJn7p0qW9e/fCFcLlEbuU+15jAAAQAElEQVTSH0qdXxGw7549e+DXWlLDlTpGm44Vq+uo51oLu/4GDkLGOLjWDbiRZncN3Gv07I4D9emkQuotnWqTk5muwXRN4esKmeTm7gNcEhC9KIxu+haQOoi7Tkd53avdNi91TJzslJ3y5gq82OAEgg4B3uRtrz18CU4X6Nyckwk7n0a8vr4OnQ/sMtlNGRv47JZo1CrzhJAfLhbZKe+Dcp0XzMWQVkp5leQyvV4otKlE6ca6CJvByeM4CmdQajd8IE8EGANTfQ9os3CaHQqzMZhSUqAfGClsV2sRF6eIMcYKSJQv4pmu12ln8EeMCB0fefJSxkIJNi6B2tkAYjxuA52ZDV/2YSfAJkVJrFu+NrvdEjEtWM4B6WaelDYOGgxqQOE2dBSjmzFam1opAVM5HTerwTJoY/fRbAIoV8rPExLPpApMdpW2xdp3wcFGVxswa5g7eWD8ADZGI9KcCUY3ltdXlpYxlDyAHSS52XO1tUyqSjM2URdcJFS656Nd3Gg1hR9k633YwbPr/CrlOavjVpN0hfti1HGRpqFVUoPbSkcjhVEZKOOrpVUPG5+lMnqJ5jZe1U5GiDOZXGfnEDDZ+v7BuzCW0raeXXtSfH+YS85o/z+OGVeVLet+Og89IWZC/6PGymasCjIONHdSJ2ziiRAXEX+dCnyDQseZCk3lKhgD1uua2vT6x7XxzvCDW5ka1DaxFHocL05+0Hw8NuyYoylk4OXnGD5FuQban2uVoxS7O0Ea+NSFKHMjwgDMyY2N5Va7BTw6UpiiROVED0msy5AWPuYFLXyq/JAHugcPKUZJGwbINlRlq1BTrBVRmLgChS4Rz5Fc4DvA6kuykTrjz5uTIewGLBCMOG0AEc7KzC48VrZGjBPHcBNybee5GgUnlBWSBsYOn63LgtJCY0JDeDGlVmmR4MIGYgpNMuW4rclwuC0R5xqYBzLn9oI9tYWQCvX3cMakOAJ7FABG5wYtMS0TqqpbnQ9wEgTc5yjVQD2ky+MY/9JmHBUihIfqI03HaGdUoKbG00VodDvUba6mPa/FvHbg+x7BGGe/EXtRoLlvqI89oQairRjQ+xxzG2HkSi4z6RkP1wfgS0P90MOHw8mIqDTihz5+354P3UNjrwVMfN/Ut/74zxusDQx0jfKRH6SMrKt8KLNBkRQYcR3Aw/ejIIhDEXD0iuc9mfSF2tX1BFjYcyQ4vWQuP36Bzs4unD/du/zatKKhLqHBD4tkRMiwIIli6xlZG5ar/WQtTeH49NKl9am9n/nkfbFHLp9f+ovHvjFLxEc/8sgUOCw8sazk2vnFZFW39rK+Ib1Ufe/1wYtp0RfZerHkNbssEvBYiibJ0l4AgDgpwlE6q8ouUdNG7eV0iirYohgCWs+575lWM2tGfcbW8KZ02YwXFi6srA6UNHmeDQejomTS7xQC/Cqh8BuaQ41x42H+S2MfucYEAJRbQXOi0ybPaDEMimyWqSMNfmRPsDskLZ10hZlrBu0gaMKQJMAX6EMnlalykGYjCS2DDmm8XgQbig5IPKRqRPOPf/Zjx49/cHkw/No3nzp9bnmkwiQrtSdS6EtzeLcLDOYGtl5pPmnnE9spO+WHUt6TALoCGeDE87hbNWSsdhJYKeAmRw0x804sWEZLAMbtMOR7wvGyM/s9sypTVxLsMK2eXFhIkiTWRrCqpjC89LPsz5+IL74O111ytvvH/hPWbVFf8F0zeAhWSw4bs1VI9229Jef9R/NkbD2ZKlNDZclYx7GC2S3eA1CqApzWGebedi8ShvWq8uTZc//Xv2rlKer3z013P/ogETAm8vEkwS7wo5XNOFGb5N1XXOpFtDMSGg1JB30D1K28BF+0l5D4wjp9ZoU9dPwudtWuZeHMzpw0sW6FY3fd/W9fPv8v/7z/j390z+3TRdMMfAOefS8x8VXZ/Oqp8mM/+2j6F6efe133HgxmTMa0auRXGmBENeGs6IdQRgxUk3Zap186+f1V8pG5OIZrMVnHLDQaxsP1oTwn4dleoy+jUUklEfayldCZr3otbub8HKcAHhgomAqZ2EyczFRKHVEYgmXzyoWl/Ue8sJp9VJGn8LZGAh4bvA/KJuFAhRbwtguO+eHttI2QLYbv5MpHB/PIm7ar3/QjcS8m3QwFdQjGZfmDn8Bbgbb8yZ/8yT333HPs2LFnn30WaCkw0+9973vARk+fPv2hD30IwPQTTzzR6XSA0bRscYQXAaIhdWTEWy013Kl1mYH+nD9/PkcTtVqU5+jwJIh0ast0nGnQpRkECAsMGu6FjGOWHd80VmiCWNGMyShdM5FSz23sjuYUSOCD04Stz7ItBqeOrq0viU7IUzhtWbiqK1euHDx4EBD//v37XSrCKIrgZ24LqnzYXGe1qkYdkV0HOLtf6w1qCQ7PFszTIoQT8TAThWwNQbruW+EOrsd633BVkwDaoX9XGy6AdNvuZkJE8trYbZRtEd4bPnR3fLOFFmyHzmRr4PNkIOrkvVx7lrd7ONsp7/JSrxhwbxS8w9Co4adbfwCOLug6fL+ScQcSDe+/6wpqxXan1GEmAvmd/2MymyjZKTvlbSsWC299zYwTLaMubwa1knOYqtqSmYkdnRrF1kHBglpnrzrkiftaLmhtcTRxuAfsBSCBJoCCcJ260nb5P1Hj1CbUiklYeQlgAsoLgu40n5oqbQiLdajTmnm7Ys1gix5R05XB0ABDLLVr8nHVmvKMZCUukyehHzIrc+Gun1l0jDAVLgMmLq1I9jbMMPdgVIJmC/vkmbHiG0RZcov6AhZGqzqIskLwbvSw6rHjqNtKsAPjpb1JPTUMs7MeXMbqiIDNR4ApPHCtKLfRvwXmN7QZdBoN3ukUFBiWsbtSlxnZYUrshLYKrBkXH2oNP2bJNkZLeNRmxDEeSo4A9fRKwGuhJ+Y6+cZIFzLAbZkjvxhcoatAYUDDPudOn8SgfFbebkbCYxurwLU8rasRcWwbVKGtUAW409gpR6rEc7SWX6A2P52DkHQMc111osFmUZ7Nyjzm2eM7cvnmyESABbFyKUj27ciMXhM3b7I3M5bacIXaQHPjluy6k1fuACvmPQ6rJmTrNIiOw4MmyDmtLQF36k1PA93eddtboONE5zbKfbw7uGSEFwA9hZ4fm5yNhbYOGIsY6eZef8OCVrSl7sCBFbP6fkDgMIO55jiTcLOGMqvMMDhnAbMTOuCNtXyj6amclwTzd6eJystYE2BvmE4NrpsSORgGxguYaUQsL4sQbEgAtyvL/nrPT5JA5tAcowCcGHkgPE4nqrGagpoAGLZ7vLaa4ClyFFwuAYnDu46ETqPSsvMDgfnsFr9mdn7hPqfgWMIXAzuSEhEe9lvSsNJQiUyvxPBn9KPgylZFPeVikig6LtAfg7NoeHYe9kLYF7lXDad8bvkkrqnwI5zgeUwLRNJWMhrHfw+IAjRJaDscXToeZjgExxBDMRC4u7wQWgqqI0MblDVgKim8mUZ3yvebHm0y1uEmkAqVNCgVYYjR6UWJqJoLtF/LIlNZZuAn5kWF2/e1zV4HrAW1rD0lRAnzEcZLytY9Nnv8jvmH7x5MBSTAqejMJx8Ynbnw0plVwNh9QxOpMPuorzJLSuJWhPeQZTpZK5dTJtO2ZzpcNRaaUxuHWzFe/oUnT4dDrxTR6bPrsT8t2mV/Y2klydf660v5aGHQXx3mwKD7CdShgDaZoYlDZaH+9PcfX35l4fDu2ZWFC8VS+tBtdwcFEG8jRdical1czn73ayem7josY/Gdp5974fTrpL1LTIW8syuDx1Pmw7IP7rYv/f3P37m7u3Fu5ey3vslfPz+nVFerVpHwfJSZTPOmac2sDdYXF8TyIBk04tJTJPI2suRCbxBE6Ckj3MsAjdC2BqgN7B8GFBsfadEBPH8Fc3wqFSsMByxcpCwb8GK9LZIjs41j+2f2h3RaD6b4qMGKeYy1xgyQ8O4XJe2VMhnpXlb0iVzXfEPTZcVWFR2aOPPjgRf2ysHnfurTRz/50TCk+wj5xMHDJ/7l719ZGA0yGIqSPMuw78PhAkhAgStF3CCofmhCQDtlp7xHI6ChTaPNRDFfrVepqIFPiaFP3Wj+tuNMe3hWu1Pd2rPap0qd3BcPwxjXwxDtLVxJT70a758iIcdRKKfqqede/s2vzA3WJaGjub13/MSnWSO0EcjumG5pnHGKa5WdbI/9hhNEetObN29wBGr5ZOUj3nYoC46hG6Uq5JgYGKhzkpd/+Jh55BidmsaLBcC50Vv41a9Er18OpFlrxAf+0y+SPXsM91h94jHbIXVtvVu5SuUnBzejJF89sfhiAwX7qhAcQkYFO73Ye2md/+Kv/DKdOkIXX/VQdou5ZIK4HIt6n/nUp3/vq4//4cnRd08nf/c4feQDccsHSyN4bbX8w6eufuJL/0BGu8JW95nT5SujAw+GV2JWIHeWGUY+28iAAZ3/3hl29N6Pf+OJU7/2e0tf+fLeOxtgBQydUQUnGWl/nc49vRTS1p6lEU1JbMWqARUn7dGrn71N3TPV5+De5Tqn/mpSYmORVaQzzjeKYn5X88SZ5KOHuz4v7WtsTVsN1mEaC2bfBhjoceFiYR0jmDKkWn6GtVQ5Xeh2GXLuUebzW/t0HVsBEpqm6cmTJ0+dOnnxtYvLS0vrWIDZ9oDFAGU+eODgB+/74NLSEkDS559/ft++fYcOHXIKGLDXY4899sADD5w9ezZAb7wGhAoAGvZ68MEHgU0Dx3HxxYS82ZXpNfl1u0CVutyDZ86ccbIV8L0LhZ6UOXZxuPA9fAl31Ov14KdjSXCbgMiBH3W73QMHDjjuDIaWL3xUet3WvumE4IOZuGaKjiFcZmzVgeCA09PTdUpGV2rBZYfLJ5lv/Q0ZByO7LH+AmJeXl2dmZqampqB6AXjBYQFJw5+MTfQHFAxuikyIbNTF5U6EK4S9akJdA2iXIdBTWCdwkJqVX/sgzDViF3XENxnDdEfDJxZgmpo7T7K2bYdyP91jcrfgAud//Md/nDF2o6c/+cFMhJabCRUOM7E4twbQdCzHUQPom9DnSU2SnfI+LG5xgwved0zZyXFAe4FfoTeDb5wMDnyG9g4/nVMN+pZmswkvv9Oa30aZzXj9xM4LtlPegTLZMW4rNVx7M9J5dvxCnyIMpHr7K11LJdvoCEM9mBpIDKTF/8AcQrqC/yHnVZbTuTWUcKxuK5yfNoFn2Baf37ZY0nEjqryV4+2MWwvoduAeD6OIWPWJCkBZ5KWc1jMMboyIOExX1jUu+y5lARdWElwgTYwaj9PKZRCcdBjbCrS5BC0/qNZKmnE0gNV13kIQqzWKxiU2r6rIFT0RJYA9DIzyFMAkwClfo1IDGKQG+waOR618yKT6WYXdTKA94ki0Ne7dJqbS/KPOtnRScJ4vwm5L9kdFoYQmW6vZvgAwocOsqpJYGg290x1Hjnz2U3/3+6dO9frDsjJjrLQG/EDlEtTVdT5gYqXqXOy4urGGrgAAAwdJREFUVWh0ce7OLUHYhOu3vutaH8NB4jpU3KFtYmmvsvDd9pC4N6d16DMbP5MJc8Lo6ylwmInkhKaOpjAT/g1KJh7HNY3AVHFOm8/L/TM+4JbQZbptMmg2o5o4p7gwQAHd8mwYFcai04o+s1tmtCNqLokD5VYIxQY02aTr1Ak5KGJdOOg0yUp4LdRopPqrAYBVSUerq1l/yfRX8zLDUF+phBcyEcAo6AO58I030CSKKDYZnJrg3AtFJxjMd4B9ouMjt4pq48nOeMICH1JLRF1z1M66gmulPK/q3QYGFGBswzirjMuBo9zDw+tFl412sS/S6bDbOZLxpG18ys7fNUrF2CBpVdgsncyGUbv4JWgD6GOzSyYYFTYhISJhBfAyYDDv8kuorkDQ0AecHQi8MWJ9yTDkN2DqzZlAmQ8VKNXQZdOQ2JAG0dMtD8b4VuBHHu9GUcMHDwO61uCcno0b4vCkA49wOIZJCoVa70XeyzYKmH2UmUDlwBwmGtD2glAobhKasyZgUE/ZPPSJLrypeSNa65naaAVrNGwW2S6Y7zBSGHJyLf+6JMudKe5PgR0Nd4tqHtS0lKT9QZRncZm0ZDrvlXtCtqsrOuA80Dw7c/HMetKa3bW0MVheXmseuGNlanolSweDlcW1/sVXz68trYzSUQaPGZ6swgAoU0qu0obP94benu7M3v1HZ+YOBOueGgzmvO787J067ffATeCLgRcs5N55yhfPrK9fKYemzNTItKYbcROVr4silkSuLoSrS7/wT37ykbvimJJ4bm6t/dATv3uxvHRVQHVkJeCOHmPnk2zh8pWNNk9NWDamVBgWJB1uDFdWeyX1U3RtSgHPsx3bOC+Gc3lcqq7wzZclxU4eerVEaIynDtJhJAf7YnbH3vj4rplZoZtm0FSjrlDTM40g6mjUa2YpUOaB6km2Lvma9JdKscaCvheuU2+DeakXEy/WIsgEaTQ70eF9vAV+CNjR7N8VHz489/QzLyEYQ5+IlFmOwZrQqTo9IseW2C1q7Dtlp7z18h8BAAD//4zSmMoAAAAGSURBVAMAwrWqXwaPaR4AAAAASUVORK5CYII="} | headers=HTTPHeaderDict({'Content-Length': '663904', 'Content-Type': 'application/json; charset=utf-8', 'cache-control': 'no-cache'})
2026-01-12 12:55:04 [DEBUG] Finished Request
2026-01-12 12:55:04 [INFO] Screenshot saved: screenshots\locator_failure_Search Button_20260112_125504.png
2026-01-12 12:55:04 [WARNING] Could not click search button: Message: Could not find 'Search Button' with any of the 2 locators; For documentation on this error, please visit: https://www.selenium.dev/documentation/webdriver/troubleshooting/errors#no-such-element-exception

2026-01-12 12:55:04 [INFO] Pressing Enter key to search instead
2026-01-12 12:55:04 [INFO] Attempting to find 'Search Input' using locator 1/2: id='gh-ac'
2026-01-12 12:55:04 [DEBUG] POST http://localhost:61817/session/e5c6e8d66faf3b78c96b6136c741eeaf/element {"using": "css selector", "value": "[id=\"gh-ac\"]"}
2026-01-12 12:55:04 [DEBUG] http://localhost:61817 "POST /session/e5c6e8d66faf3b78c96b6136c741eeaf/element HTTP/1.1" 200 0
2026-01-12 12:55:04 [DEBUG] Remote response: status=200 | data={"value":{"element-6066-11e4-a52e-4f735466cecf":"f.3183D857D0E588463CFD8F6298B8E926.d.F97476E77A8E6A1DFB44370760519414.e.166"}} | headers=HTTPHeaderDict({'Content-Length': '127', 'Content-Type': 'application/json; charset=utf-8', 'cache-control': 'no-cache'})
2026-01-12 12:55:04 [DEBUG] Finished Request
2026-01-12 12:55:04 [INFO] Successfully found 'Search Input' using locator 1
2026-01-12 12:55:04 [DEBUG] POST http://localhost:61817/session/e5c6e8d66faf3b78c96b6136c741eeaf/element/f.3183D857D0E588463CFD8F6298B8E926.d.F97476E77A8E6A1DFB44370760519414.e.166/value {"text": "\ue006", "value": ["\ue006"]}
2026-01-12 12:55:04 [DEBUG] http://localhost:61817 "POST /session/e5c6e8d66faf3b78c96b6136c741eeaf/element/f.3183D857D0E588463CFD8F6298B8E926.d.F97476E77A8E6A1DFB44370760519414.e.166/value HTTP/1.1" 200 0
2026-01-12 12:55:04 [DEBUG] Remote response: status=200 | data={"value":null} | headers=HTTPHeaderDict({'Content-Length': '14', 'Content-Type': 'application/json; charset=utf-8', 'cache-control': 'no-cache'})
2026-01-12 12:55:04 [DEBUG] Finished Request
2026-01-12 12:55:07 [DEBUG] GET http://localhost:61817/session/e5c6e8d66faf3b78c96b6136c741eeaf/screenshot {}
2026-01-12 12:55:09 [DEBUG] http://localhost:61817 "GET /session/e5c6e8d66faf3b78c96b6136c741eeaf/screenshot HTTP/1.1" 200 0
2026-01-12 12:55:09 [DEBUG] Remote response: status=200 | data={"value":"iVBORw0KGgoAAAANSUhEUgAAB4AAAANPCAIAAAC0MVXjAAAQAElEQVR4nOydB4DUxP7HJ9nda/R6cHQFPUQ6CFZARBEVPf6oWFDUp4+iIhYEn6IiKvJ8IhbgWVH0KU+Eh6IeIgoKCCq9SFE4EA6O3q7ubvL/ZSaZzdbbK3scd9+P55JMJpPJzCSZfOeX3zh1XWcAAAAAAAAAAAAAAAAAQBjatm3LioWTAQAAAAAAAAAAAAAAAAAxAAI0AAAAAAAAAAAAAAAAgJgAARoAAAAAAAAAAAAAAABATIAADQAAAAAAAAAAAAAAACAmQIAGAAAAAAAAAAAAAAAAEBNUBgAAAAAAAAAAAAAAAAAUncaNG/fu3Zt+w0VQdF1nAAAAAAAAAAAAAAAAAEAY2rZtGxx4/vnnX3XVVWJ5wYIFGzduDI4DFxwAAAAAAAAAAAAAAIBKwcqVK5ctW6bruqIo/fr1S01NZaC4JCUl9erVS67S8o4dO3JycgKiwQIaAAAAAAAAAACIlvz8fI/HU1qv0iR/OJ3O+Ph4BgAAFYtt27Z9//33GzduJEXyrLPOatu27eWXX96qVSt2uunYsWNWVpZYTk5O/vXXX+k+zEAUBFtA33777VSG9hAq248++iggGsoXAAAAAAAAAACIigPHczVNM9Tn0jLlUnSlwKPmafVrJDIAAKgo/Otf/3riiScKCgrsgTTYNmnSpAcffJCdVrp16/bll1+KcURSS9esWdO1a1cGis4ll1wSoD4zrulT+NKlS+2BsIAGAAAAAAAAAACi4vGP1ue5vR6tNN+jnaqS4HK8dHs7BgAAZz40Snf99dfPnz+f8Y88GjdunJKSkpmZuWfPHiFC9u/ff+7cuaqqstPKiRMnWrduTVkaNWrUY489xkAU2C2g69Spc+utt8bFxQVHo4GH//znP4cPH5YhEKABAAAAAAAAAICoSL73y+wCr8dbqgK0Q6kS58h6+zoGAABnPs8999y4ceMY93Txv//9r2nTpiJ8586dJExv2LCBlp9//vknnniCnW769u27fv36Tp06CbkcFIpdgL777rtr1aoVLubRo0ffe+89uQoBOgR33nnn4sWLV6xY0bBhQxn45Zdf0hDNHXfc8cEHHzBwWglZQQCUB9A4AQAAAAAqNh1GfxdVPMWw+6N/o3fWsXbSFSw2kLySlpb28MMPjxgxgoFKSVZW1rXXXnvRRRdNmTKFARBL1q5d26VLF6/Xe+mll3733XcB5rH5+flXXHHF0qVLKXz16tVt2rRhp5UXX3zx9ddfp4VHHnkk+r0aN248cOBAh8PBKh9SgKZa7tGjR+TIS5Ys+e2338TyaTZ3Py2QQtSsWbN9+/bZA1966aUqVaqsWrVKrB46dCgzM9MeYfbs2fRL0lLAjsFQUtTVoKOwokACN+3Vs2fPU6dOsUqAOF87wZUSAVFBVFZUYtEXNcUMOGhRqykkdC72xlOWiBIodjEWj8jnG1CzRSphyjk9gaI5ih0qBLowWVkRcILB16z97iHuBvJE6Owi1E5Jii4CdERqFZQTdjoQJ0W/9kAqDSqTQrNU7Jzbr/RobqoBd4aA3BYbapYlv5+XSiIAAAAAKEW+eKx7NH/zR1+U/o9L6Y8WotwlygyQmnz22WenWCxcuFCEZ2dn/9///d/IkSPD7bht2zZWRJYvX07JsrLF3iuO/o1Avhie3t4vsyrIXhFUR1RTVDuyMIPjhIRUY2ErGhlKn1KjNIM3vfnmm127dpWTre3ZsydyhUZ5xDMFebFQOdjDxcUSUCklP4qk0Jqt2EydOpXU56pVq/7nP/8Jds4QHx//ySef0KVdUFAwbdo0drq57LLLxMK/isKoUaM+/fRTBopCZRSgC+WDDz6ge1Dnzp3tgTS4Qb/0VINhYynyxRdf6BZUtnSnjkZ0C1lBUdK0aVMSB8URaYHEnVLUm04XNOh08uRJOiP6bdGiRffu3WOtQYdEdPsGDRpEA1yihCk/u3btirLXSHFatmy5d+9eVhToTGnIdOXKlSz2BJ8gQb3batWqyQ6uvXHSGY0fP37ixIkihOKkpaVFmXKRig5IREnSeKEoSbrGd+7cee2114bTcIUUTkUtriCCdqSKKPlYIN3KnnnmGVYySiURAAAAAJQuDWolRfOXGOf460A2/dFClLtEc3SSGvv27Tt9+vRMDnU+qcMQIK4F065duz///LOopq8kopHOwsoW6jPbe8Xjxo3r0qXLmfW+Rlpkhw4d7FKvkP53794te5ik8+bm5lI3NUI6JGtedNFF+/fvZ6VBcnLyr7/++vnnn1Pvl5XJEcsV33//vV1opsth7dq1rFT5xz/+Ia7K9PT0+fPnV2YNet26dYzPTde4ceOQESicVAvGbaXZ6aZbt24hXRgXSr169Vjlhm7US5YsWRseu/kzgwAdPddddx09/+B/I3ZQ2ZJU9+GHH5bZYDWNJWzatInUW+riVAyZj8YYH3nkEerZUDGyMmfEiBHUp/nxxx/l2ADlhx69NOQ+YMCA06KJly7BJ8h4u73jjjtIaA5uQsIO+oorCv+UssIXXZmxdetWKkl6URElSdf4G2+8QY+9H374ITgyFSwVLxUyFTUVuAikHakiKBF8oAoAAACAkMQ51XB/LqfKDK8bLN/t3fjX8SlfbX8nfef2fdluMWOhwlzh96W/aI5O/ZYLL7yQVEKx2qdPnxtvvHHGjBnSxPWMhvTZb775ZuDAgbJXTF0yel8jHfwM+iaMFN7LL7+cxBdSORk3tiX1MyUl5ciRI9JImeqxUaNGNDDAQOyha0RWh+Cnn36iX6oUFgOoWmlogao4pE16ZUCcuN1TcDCi8ZcHc3un03nxxRcz/vKYGQX33XcfRXY4HJdeeimr9JC+vCg8dvWZQYAOCQmgIX10BHzNLULCfeV9/Phx6RtBWvXKRCj90v3KvmIguhdTp04VhS8+ngr+Lj64gkRMey0Eh4SEVCcxqv/aa6/Zdwz5MX6ETSHjnHbzVfn1GTUzkZkAlx1S6xcxH3jgAZl5+zCA/aTCtVhKfPbs2VL4k4gSPnTokNDEaXd7pUj/DHS4Ll265OTk9O/fP2TZCkvVgIKlaNRpIMF9zJgxAXkudcKdIOMaNPX4RfdFNk46UzoXOiM6r6ZNm9JLAmWSskrRAlpvhKIT7qSFeBqu+QlfJfRrb/DSp0TAsQIaQDmxJYnmyhKnOX36dNkMojRSFmOH5557bvAmapPUMql9SvVZQBVB7wl33XWXaGbhCk2E33DDDQG3enE6lDgJ39WqVRP5DHfpCew+QCIkwgAAAABQvnF7tHU7js1a/tc73+/8fMXeDX8dX7f72OwVe99ZtJMCaRNFYCWAuih79uyxG9ISU6ZMCfBHN3LkyAA/ANRZpUF3YSgt3DVQN0M6DQj2QiDif/bZZz///HOrVq1kBEohpk4GTp48uXPnzl27dskTFF3iTz75RMYJ7jiVQ84555zc3FwxKiCMbf/xj3906NBBzHIm6pHeEUQvVJR2gE8VKuq+fftSInSOMjBkTAkdRdRpSHccAR5agqsy5BErBtS9r127thCdmTUkcNlll1F/W4SI0rCfcnAI83e1Ec7nSUiEDxaB8IgiqsPuHSU45MwlLy+PfpOSIn3VUb16dfo9ceIEKwcIR8b0ChaNn6LvvjOmAaCBwMTERAaKAgTo4iCkBJKTZAhpBMnJyXa1cd68eRQolgOseimcOg0hN0WgU6dO999/f/CkkRQyfPhwuk+xMx96AF999dXChS5d/N27d6dyFt9effHFFyTnhdPLaKiKCuHXX3/dunWrCAknLQVDyhSVnujlCC8QlJT9Y3xRQdHkJyAODd3TU60sNWg6BTpl6srccccdMpAaKuWEnmd0puIjL+FtgM5u/Pjx9uZHJ0VyJ22aOHEi7SXOTpSJ/aToxIMPTXdhElvPO++84E30lK1bt+4333wTQUF7/PHHKT/0iBJeWUg0tG+lnJCM++mnn4o80IL4EI+iUVOh86UMUzglwmJGhBNkvOkGOOchVZrOhc6Izouu9+XLl1MmhQcYamz2yJFTppi33npr5OZHu9PNgepOvHtQNFoQrmYoMC0tTdxwqPztDYDyE+GaKjMiXHQB0Gk+8sgjP/74o3BRQiFt2rQJGCmkziU10WCDdHoHCEhN2NdQywxn+EDFSKlROnRvp76pPXv2Vx3qTdJFJypF3M+pyqiK6RoUvnFEpYS79MTTRNaX8AskusIBiRR6KwMAAADAacer6ZmHcz9YvOu1r/9Yt+t477b1u7Wu/cufh1+dv40CaZNXi246wjDQSPzTTz995MiRjh072t1uUDj1WMQyqcbU8RDeOWg5pHcOEhmfffbZuXPnUrTt27cz3vOxy17CXcONN95IIgtF+PzzzymQ1LEZM2asWbNG7EUSaqmLZfLzNRqAt3dTKZz6QqLjJJ2nCZ915XOcngqQxCkhN1MRkfp50UUXNW7cWPjloAxT/5xWqeLk3IB2nyrUwxwxYkR6ejolQiEU3qdPH+EfIyCmFJSpTkmCoDhUNaR033PPPRGqhlrFK6+8Qunb/UUEHzHkvldeeSWJ6SF1ibFjx9LrPCt/UPuhcpNeOMSQgP2tlt4gGjVqJOqL8Sqjpk7t314IAd5vaIFWQ8r0VAuUFFWrMPKlOFRTolQJyonwEDh06NC9e/dKFZteGGm854UXXpDXsp0zsdjPIKQb6EInl6J7zo4dOxi/ZzJQRCqpAC3sEBUbdjW5UH744Qd6KAppSUgGpCuROCKtaJnla5geimIsZfPmzdFsigDdE+k5MXjwYK/XKwM1TbvlllumTZtGN0dWUaCSFAI0aWfS54kwI41QVsLRgRiMEtIS9YdCmj2GhEbaqUaoBmkv+ek9yU/jxo0TFtnR5IeyTaq3VBLthrExRXTRqBnTLy0HeConDUvouXQKb7/9tlSyhPJuPwUSAcWOtIs8OyoTEulIrBRxKCm5HABdESFPlnLVokULVlyEqi7PQuSBVsv+Qzz7Cdo/gAhp01rslENSaPOjnrqoO3F3kqv0O2fOHDH4LCxKSNwUDYD0+nCmwaWOMGyXCGt3sSnCRRecDo09CDvxAMt6O1RKdLekQyhBBH+UQC2T2mf4jAe2f5G92bNny3TkJ6K9evWiW3rIe1SESy9kfYU8LwAAAACUfxJcjis7N6ia5HQ4lO6taj9zU5snBp53QctaTodCgbSJIrCSIbw5U4fn+eefD2m/LFUz0rlIPg5n0EfymVDHpKhNPZwIxw1Qx6LcqxiIz9eEqUSAmTN1nEgWlzZGokNIISGdrZ1e7G6gSYsUxs4kOwpHEKQ5kvIoDBQOHDhAEaR7bqoUUkJD1tq7775LQvYTTzwhVqmWSZGUfh5IOKYaqcIhZZOqJoIATelTUqIqRYuiZKOci4+y/f777z/wwAMBusSwYcOoWQYYEpUfZOEz7n+DTp8qSG6loqDrhRq5KDR7BQmocOiSsUvSwvsNBcpyk5ekMCS3724X9Clc1I6oa6l6ugLZnAAAEABJREFUR/bKcoYW+5lCamoqvfQxLq1EjikUJ+Lyyy9noIhUUgHaPhOdIJymFhLxlJW6gxinZXy0RIomQgQUJr2Mj5NIsSzCpgjQI4FU8o8//phucx6Ph0Lod8CAAbNmzSJBZPTo0ayiIMS4Tp06UR3Jz+2Fp4UIewnLR6FbCT+wjzzySPQ2g6RD0ZODalCKuXJkQlhkR5MfIU4JdxDC9UGwYWwskJMQCuNKap92QwApiLdq1YryI30dCLU6QrIkkFEiwqzAfhbhbHXFyEFwuNA9WXERtUl6nF1JpFUxZsDKEPsJCvVWlnnkz4uKlHJIIjc/u35NtUb3N5Jf5VZhgc6sO5UoSSnFBpsGxwL7dKP2EqNrJMJFF5BIgEwfPILCLM8V9kkFxQAhjVjQcvDkpZFbkcheQPu3j3UFE/J+HuHSo6s1oL6EA5CYmvMDAAAAINa48/STJzzHs/O1kpk8h4PELDndGclqAfbLduxT4UlIrLRbWQq1NPK358HqmNjr+++/ZzFAdrbFR2bi7YY6TsLBXYBZQ5QWXWUJdbYbN25MPXbSl6kKSKuiECo90j2ppqioZRW0bduWQqRjh44dO4aclZ3ikDxKIqm94kaMGEGKakjJUjoACYlQselYdERhI0/JRpic0M6DDz54//33z5kz57777pO6xD333EM19fDDDw8fPpyVS0Thk/Qs/G9QSdavX98egU5BDqgEeFpnltH0Z599lmKDVu3+cOQkhAQty9lB6Wq1OzyRAypU5kOGDBFDCKJ+aTWk+TM7o4pdWuqEOxcBVYdYWL16NSsH9OrVi36XLVtWUFAQIZp4DaTXQ9KsGSgicMFRXhAjvZG/s37xxRdJmpk7d+4NN9wgvOXOmzePQp599llWIbB/FC+8LpCea1eRIu9OAjQ9AEjbopsCJWLXdCIg9E3ShsQTVwhVdoQVc5T5EV0lkrRI0aa9yt4NtBDB7d5IJAHONKQNfgSi145JlSN9MGTnTxiG03BLSXwICCcbdjZt2sTKkMgnKO15SzdlSfSXQ+R0xH1GuFIRfffy4AY63EUXzb4Bgm/0vnfsDn9YjCnGpQcAAACAM5E8t/fbVfvjFKVutbgtf5165qPfn/pg0/ptJ2rGx1EgbaIIrFQhWW369On2D/mLTUip+rQjvr+UbzfBlmREWloaK3+cc845VC///e9/SbgUNh/U/6T8k+BIAjRp9yQ6M8uxA2mIQrhcs2YNCf0sxggXK8KPh7DbLZJHb9KvSQylN/e7776blG6STRcsWEAhjz76KCuvCBtnkp7XrVtHNWI3TxbIARV6/yUtWIwZBMSxS8yCcB4bqExIwhZOP6hspcMTUeYympjFjmRxun5J/o48qd2ZUuzDhg1jfGa/66+/PkI0umwpDi3QKbBygHhBI/WZSjhcHKo+ahsM5s/FBQJ0cSDthnHLNaEt7tu3T1wzAYZyRULMxlaoByvSoB977LGvvvqKHkt0YZD6TCGsokADg0uWLBGOIIRhoN2XcaEIvwSkPU2dOjXKuqDSfuSRRxgfUaT4whlrwLf/woq5SPkRc2XQ7Yl08HCWkmWPyAmdafS7hCyTkBJnON+7ooSpHGTRBdicFup9Qhi6BruQLhvrckmEExTzWMYiZTFtHd0com9+chhGhogBgIBo1O8RMmipfzVZJCJfdAGRA+zExdBRlAMbIc32qTypZVL7DGhaYsZL4Yg5OHviOhJ20FES4dILri9x9JjOqAkAAACAGOFUlWb1q9zRo9mo/q0uaVNn7Y7ja/442rllrRH9WlIgbaIIrASIOegCPC8Ld8PRzJ0lCTCPFdadIRU3CQl2ATK33IuVHqIjFPBSTB050Q8M7jgJyuaTvqJCYiLVy7ffflu7dm3p7YSK6zOOcADNLNNyoTBEIMBHhIBen4s0FV4wwpSedNWAlAuFxFB6badebseOHUlmJT1E+gYptwgvHG+//basETuidigCvZcFa8FSng4YpLG7Xw/JgQMHqGylP+gARLJz586lzr8ck4hA+S/2GTNm0DsaLYwePTrya36TJk2EdP7zzz/PnDmTnW6uvPJKMangAw880L9///8LBd2a3G63w+G47777GCg6EKCLg/D1KT//EZ/Dk45WJGnPDt3FhIZF8muhHqwmTZr00EMPHTt2jH4rkvp85513kp5OkpD49pz6GfbuBW2K7IKDWVMRUhmS3BZNXZCo1KZNG4ovHcvSXrTvLbfcIno8UoeimNHkJ6DDFFL4izWUB3pkhvR/LbpuUhAXcn+hCYoykU7SSQwN5zCdEqTj2uddFLPe0RNozpw5Qk8UvUbh31ZItzKrwlNEsB5K8iJJhJRV6SbYPlojHExHnuGwtAh3gjt27IjGBUdAEwpOWcysaE+Zio7iX3fdddFfDuLuRH0RoZnS74ABA4SBtnBPIdozs8zbq1evfnqnbYlw0QVHHjRokCj84IENQYCmTL+UsggPTk04XKZCtk9mSOlTFVN1bNq0iSIEtH9xfUn/SxGgKpOmOhEuvZD1Jc/LnggAAAAAyj8up9rhrJrXdkm55dKmaRc1uvC8OvRHC7dc2oQCaRNFYCWApK53332X1LEXXnhBhNCL5LPPPkuCWqEKZgBDhw4VwmWEFEjYlW5zhUdpUruETFns40aGulj0akY9JTl3ojD2ov5SLw4t2DuE0lyDlT+osqh8fv/9d7vfDKFKM5toLgylpYhMNStdcIgUpI9g4SNCVv3ChQuff/75cMpmZEaOHEkvX3ICPRq9qFGjBvVXA44YmSeffPLee+89ceIE/ZZ/9ZlZXjgWLFgQ4MlEQo1ZRAguVeFZm6RSeaZUesEe2CWkw1JkUrTr16/ftGlTqe/Tr72sRLKbObQQjReU8lzsVBTCNyyNr1A+C43/1FNPCZWA9irJJ8WlAskOIs8ej4feu38OhXjHpMunVatWDNioU6fOVVddRW2Y3sTpl5YpJDgaBOjiIOxb7W6j6UFIt5JCJYlw0I1G2OGKJ2uh8SdPnrxixQr6ZWc49qnJhMmw/CCFZGj71BPHjx+P5qN14c0gwvSD9vknaUF8FC999lMN/vHHH6TKCY+0JAhSB2jXrl10W4wmP7S7eK7I3ceNG1cGvlztLnTpoPTgDOnLhU7ziy++EC6qCRJtI38UIxBlQgmKvaj/N23atJAxxXVBJSb9slGuSEm0O96154G2UlF/8sknIqt2D8UBnUjaS/i2FslSp5NWxTnKuUcotVgbjYY7wZUrVwony5ERcydSEwpWV0XKVDKygQUUXfSXg0iKGrZo5/Q7duxY4a+DSlh49JabaPn1118viWuUkhPhoguISZf2V199RbdKUT4UIjRiexxaFb5Z5LScIaPZj06FLMtEZkBeQeKipvzYt9q/mwsHjZeIQQVKnO7q4S694PoSc7uLDNsTKYfTuwMAAACVk+x8T6F/eW5vo7qJf7u6Bf01T07yeLVo9orm6KSLLecIf7JCB6HuRGQzzABIA505cyYpyJFTGDJkSIcOHfr27UsqG61+/vnnFCIcB9NepDFRJ7xIx40G0fOnIX/7K5vs+dOCdCUnOsz2t7lyhbBZZv4G2kLhpfKXBrbU3xP+gkWFkrBIQr+MTHKz8DtMcmdA1dMu1CmVsxcWCdqL9pUHpTQ//vjjFi1aBByx0HSoCZFafaZ4BJU1Eux/I5oIffr0SU9Pp/MVhUYqG63SRSFVYzkJIUHLVMJUubSV3nDpdUxcOPRLDbhWrVoyWTEVYYTpB4Mpt8U+a9asgwcPMi5YiYGWyND73SuvvEIL+/fvnzNnDjvd3HXXXd9+++3dd999ySWXXBiK4cOHk1IhtDsgIfGNHg3nn3++uBbol5YpJFiUU+h+zUAUkLZF8gGJPnSpn169BkRAWC+SQoR5YAGoSNCTngYefvzxx2KP8wEAAAAAlArLt0T1jaPDoSbEO2ghL9/r9WrR7HJRauE2DSWHhEXSzubOnVsMy1kAKjYjR47cs2cPScZRTslYcrKyskjvJrVOfu975kKjFzSaQgsk0UYpmtGIizCspEGRYnsUAGVM27Zt5XKdOnWo9YaLOWPGjMOHD8tVJwOFsW/fvu7du4sP3ks4kRqINa+99lr00w8CAAAAAAAAQJG49+3VUcZUucdnTYvW5GvTv65kAIDTxPr16+fPn//www+XmfrM+NRihU4/eKZwww03PPXUU5qmFXWSpLi4uPI5lSgolMjiG21dsGCBXIUAXQR69OhRAUalKjCrVq2i2/fAgQPLcm46AAAAAAAAQOWhhh63Lzc3xxOVx4woSXI6G0bxxToAIHa8++67jPvpZmVFVlbWjBkzopl+8IzgvPPO++9///v3v//dbvRaKM2aNXv77bebNGnCTjcHDx586623Dh069Le//a1NmzZF2lppadGiRfRb4YIDAAAAAAAAAACIire/2LYvx53jLmB6VI41oiHJ5WxYJfHe/ucwAACoKKxfv759+/a0MG3atKFDh06fPn3YsGG0um7dunLoAuill14STtUvuOCC//3vf0XaWqmwu+Ao1CO23RweFtAAAAAAAAAAAEBU3HJ5wzyv6vV4Fc3NSgmHQ42Pw7s5AKBCcdZZZzkcDq/X++CDD5L6vHnzZmbc7hwUzsofu3btCliIfiuIBjzkAAAAAAAAAACAqKhatVqCx8O/JC41pxmKojideDcHAFQoqlat+uKLL44ePdrtdq9bt04ETpw4sXzOrJaWlrZixYrs7OzbbrutqFtBNMAFBwAAAAAAAAAAAAAAoJT57rvvPvvss127djVr1uymm27q3bs3A2cycMEBAAAAAAAAAAAAAAAoL1zBYaDSAwEaAAAAAAAAAAAAAAAAQEyAAA0AAAAAAAAAAAAAAAAgJkCABgAAAAAAAAAAAAAAABATIEADAAAAAAAAAAAAAAAAiAkQoAEAAAAAAAAAAAAAAADEBGdmZiYDAAAAAAAAAAAAAAAAAEobZ0pKCgMAAAAAAAAAAAAAAAAAShu44AAAAAAAAAAAAAAAAAAQEyBAAwAAAAAAAAAAAAAAAIgJEKABAAAAAAAAAAAAAAAAxAQI0AAAAAAAAAAAAAAAAABiAgRoAAAAAAAAAAAAAAAAADEBAjQAAAAAAAAAAAAAAACAmAABGgAAAAAAAAAAAAAAAEBMgAANAAAAAAAAAAAAAAAAICZAgAYAAAAAAAAAAAAAAAAQEyBAAwAAAAAAAAAAAAAAAIgJEKABAAAAAAAAAAAAAAAAxAQI0AAAAAAAAAAAAAAAAABiAgRoAAAAAAAAAAAAAAAAADEBAjQAAAAAAAAAAAAAAACAmAABGgAAAAAAAAAAAAAAAEBMgAAdc47n6rkFLM/Nct30q9PChWerDAAAAAAAAAAAAAAAACo6EKBjyJJt2tWT84PD97ycULuKwgAAAAAAAAAAAAAAAKBCAwE6hqhhRGZNZwAAAAAAAAAAAAAAAFDhgQAdQ8IZOcExwhoAABAASURBVOsQoAEAAAAAAAAAAAAAAJUACNAxJJwFNARoAAAAAAAAAAAAAABAZQACdAxR4IIDAAAAAAAAAAAAAABQiYEAHUPCCdDQnwGInv379//yyy/r16/ftm3b7t27Dx48eOrUKbfbzQAAAAAAAACg3ONyuapWrVqvXr2mTZuec8457dq1u+CCCxo0aMDOEDKP6cv/1H7Zoa3ere86rB3LYbkFOuzqKh6qwhLjlJpJrFkdtVNT5YKz1IvOVlNqKgyA0gACdAyBCw4Ais3OnTvnzZu3YMGCdevWMQAAAAAAAAA4M3G73Uc527Zt++6770Rg+/btr7rqquuvv75FixasXPLHAW32Ku3jnz17j+lxTuVELoSMCg4NKmTn69n5bO9R7/I/WPWflQKP3qimctuFzoGd1Zb1VQZACYAAHUPCjRNhqBCACPz4448zZsxIT08PF0FRFB3DOAAAAAAAAIAzlnWcSZMm9e3bd8iQIZdddhkrNyz63ftyumflTo3evfLcxpuX+AWVCjHk8OdBfdI3nknf6N1aqI/2dfZu7WAAFAsI0DFEDTM+BOkMgJCsXr361VdflUYBgrp1695+++0XXXRRixYtateuHR8fr6oYegUAAAAAAOWUzMzMlJQUBoANTdMKCgqOHj36xx9//PDDD9OnT5eb0jlXXHHFQw891KlTJ3Za+XWnNnaOZ8Me78k8EQDxApjDD0u2aat3F7Rt7HhxgLNrC7ySgyIDATqGhLOAxi0cgGAmTJgwdepUuUpa84gRI/r169ekSRMozgAAAAAAAIAzF3qjSUhIaMi59NJLn3rqqb17986ePXvSpEkiwnec4cOHP/nkk+w0Mfoz9zs/efIw2w4IAw1LLP/De9Vk798udU660cUAKAqQdWIIfEADEA0bNmy4+uqrpfpcv3796dOn//rrr8OGDWvWrBnUZwAAAAAAAEBFQlGUxo0bP/TQQzt37nzjjTdkOL0T0ZsRvR+xsmXtX1rbcXkzlkF9BoVDjYSaCjUYajYMgKiBshNDlDACNHxAAyD54osvrr32WjnT4NNPP7106dL+/fsnJiYyAAAAAAAAAKi4xMfHDxgwYMeOHaNHjxYh9GZE70f0lsTKitmrvJe8mP/nQf1UPgMgGqipUIOhZkONhwEQHXDBEUMcxZL3D53Sdx7Uc92Gfl0zkdWtpjSsobDSRctnpzawU5tZ/n4zRE1grjosrg7/rctcdZmzGgMgxsyYMeOJJ54Qy82bN3/33Xdbt27NAAAAAAAAAKDSkJCQ8NBDD1199dW9evWiVbfbPXTo0CNHjgwZMoTFmLeWeJ6Y44GRHCgG1GyGfug+ckq/rwekRVA4aCWB6Lm53tWrPb/+6t24UT92TD91Ss/O1o8fp01KnTpKjRoq/Z1zjqNdO2f79mrTphGSCicbB9/cT+Sx73/3Lvpd+3Kd98CJEPf+do3VnqnqZa3Ufu2KO+Wo5yTbP4sdX8lObmA5fxYeP6Exa3gba3gLS2gkAnYf/8mrFXj1fP5b4NHEQn5y1Q5Nql/ESoM/jyw4lLMlOLxb45EMVDjs6vOtt946bty46tWrMwAAAAAAAACofJx77rl//PEHSc9iVnbxrhRTDZrU5yfnunMKGADFI6dApyZEC9CgQaGgifhwL1hQ8OmnnlWrwkXQDx+mP8PJzZo1bNYs+pcE6LibbopLS1OqhbAXVqLwAb09S395gXvmz4V8trB+j0Z/r33Hkqsrf7vMed9ljnrVojaLzs9kO19m+/9rGD5HT94etvMl46/BjeyssSyhyc9//fNA9sbgiFXjGg7p8KOiFFcZl9n0nli44xG3NycgvLTUbVCu+OKLL6T6PHLkyEceecTpxO0IAAAAAAAAUHlJSkqaMWPGuHHj3nvvPcY16Nq1a/fv35/FgNmrvE/M8UB9BiXkVD6jhlS7qjKwc0lFIVCxgQ9og4K5c09ec03OY49FUJ9Dou3enffyyycuvjhv2rTgrYpSiEb8zDx3+2fyClWf7WSd0J+f727zVN7s36Lba+c/2bL2LHNm0dRnO/s/Y8s7UTqXNXs65PZTBfs2HfwvKzFr9r0TrD4T3Zs8ykDFYsOGDQ888IBYHjVq1GOPPQb1GQAAAAAAAABUVX3uuefuvvtusUrvTbGYk3DtX9qQdwtyCuB6A5QC1JCoOWFOQhCZSi9A5+dnjxiR+/TT2l9/sRKQP21a9t13C08dheLV2JFs/fJ/5k9K97BiQUNMd7xbMPITd0HkBDbdx3ZOYqXCzkkN/3ihRY3LQm78de8bul4i3/MkPa/d/15weJMalzSo2oGBisXo0aPdbuM7nZtvvpkEaOpjMQAAAAAAAAAA3JRt/PjxV1xxBeP+oOX8hKXI4LcL4PcZlCLUnKhRMQDCU6mtDvXDh7OHDfNu2RI5mpqcrKSkKA4H83q9mzfr+aFNiT2//Xbq//6vyocfqikp5o5hDKAzDmlpb7ozDoW+3zerY8w6eDxXzzzG6JeF5+0fPX8d0eeMiAu9ecsjLGtu2J0dSazmxazqeUy1dtfy2NFl7MTqsLsc/fGSuP4ZTNVZ4LgWN4KedX79W1lxWbM/jPlz44dZabBq1aqPPvpILMfHx993331nnXUWLR89enTKlCldunS59tprWQyYP3/+b7/9NnLkyFq1ajHAmTBhwrp162ihVatW1K+C7TMAAAAAAAAA2FFVdfr06S1btqRlenuid6gnn3ySlRKjP3NnnYD8DEoZalTUtCbd6GKg0pCdnV2lSpUIW+2rlVf60XNyTt1zj7ZjR8itrl69XGlpjpYt1caNAzZ5Vqwo+O9/3XxagAC0Awey//a3Kh98oNarR6uOMGadt75VkOv2C6mRqAy6wHFjF8dFLf32IX159irvRz97f98X+luG9I3ev39Y8O87gjTok+tY5ochd2GJzVmzkSz5/5gjMcRW9xF28Gu2+3WWE6JkamZ9kdqw7+8nlgVv+nXvm63r3ehQinOvMcyf94Uwf25a47JSMX8mFXjp0qUPPPCAEJ1p9fXXX7/99ts7d+7MQNmyevXqqVOnimXqUVUL5TwdAAAAAAAAACo5SUlJP/zwQ69evWiZ3qH69evXqVMnVmJ+3am985Mnz80AKF1O5TNqWqRrdW2BT5wrCzt37jz//PMjbLWvVt5mkTtmTEj12ZGaWvWTT5KmTHH17BmsPhPO7t2TXnml2jffuK67LnirtmcPadAs8qH97/VjrnZufSFh8iBXgPpMNKmtjOrjXDUu/sN74lrUDW1QPfNn70vfBHni+GN8yMis1iXsgsUs5fbQ6jPhqm1s7b6SNb4n5PYLT+1RlRDjFqcK9v1eXE/Q67I+yPeeCA7v1vghVmLy8vK2bdvWqlUroT4TV1xxRZMmTZYsWUKbGChbXn31VbHw9NNPt27dmgEAAAAAAAAACMW5554r/W/IN6kSMnYO1GcQK6hpUQNjoNLw22+/Rb+1klpA57/3nnvx4uBw15VXJr38MosCtVGjpOefz01KKpg1K2CTtnNn/ocfxt9xR2FzELJqCWz28PhLWxU+DDCwi+Pqto77PiyYuzqEq+Xn57uva6+el2Kl481mR38MkQqJy+e/yxxhzeP9OGcicx9mWf8LCK5ycmP7ZneuOTQneI+Ve15rXe+mohpBe7S81Zn/Dg5vVrNnqZg/5+bmnjhhqNskNyckJNAC/T788MNHjx6VcWjTK6+88hf3A967d2/pjoPCaaj5L8s/uDSaFuE1atSg5Y0bNwZsDUY4+jjOXYTT6NA999wjQqpXrz58+HCRq+CQisePP/74Hf90IDk5mYqLAQAAAAAAAAAIz9ChQydNMiZ2ojcpep+67LLLWAlY9Lt3w54Szd4EQGSogVEz693awUAl4PDhw/Pnzw/p0pbCaas9pDJaQOs5OSRAB4cbps3Rqc+SxH/8w9mtW3B4/jvv6Lm5jsIE6AWjolKfBVXi2cf3xl3ZJsRl7NHY0Jm2QcwTa0In0fheQ4OOnlYvhAy+gFWNc1QNDs9xH9x8YBYrIuuzZoY0f76wyaOsNKhVq9Z1111HIvLYsWNXrVplD5c6Lw3L3HDDDZMnTyb1edGiRSLajh07nnnmGVKZJ3MeeOCBzz777N1335UpCOlZbCU59aOPPqILLDgDpDt/+OGHI0eOpGjjxo2jnJDYnZiY2KVLlwMHDmRmZopoy5YtI12bslFR1WdixowZYmH8+PER/AQBAAAAAAAAAGDcfOqNN94Qy/J9qti8nO45ic+AQSyhBkbNjIFKw9atW+nWRPqY8PhMv7RMIRQeELMyWkAXzJqlnwiheCaOG8eKTuKECaf69ye52R6oHztW8PHHSto9EXacerurQ9MiDwBMH+xq/4w3+JnxW4Y2d7U3rROXpx1VWIvHQuycPIAVibh6rGY3dmxlYHDOri4pw5f/NSl4j1/2vn5e/ZujN4Lm5s/Tg8Ob1+xVL+k8Vkp05pA6/BGHWWbIMsIll1wiHHRcfPHFJEbv27ePln/44Qd62A8YYBYaRaBoS5cuJWE6hc8z2aRJk9tuu00eYu3atbQvpRAw32B8fPwdd9whAoUaTnnYtGnTeeedR6lt3ryZUhZ+QurXr59izWBZ8di5c2d6ejotVKtWTUzoDAAAAAAAAAAgMtdcc839999PC/Q+RW9VLVq0YMXijwPayp0aAyDGUDOjxtayPjxBVxYOHz68YMGCQqNVxgaRH2rYMG7gwJAenwtFTU52XX11cLh70aIIe13QQh1ycXHU/wY1lCeuCS3vzltrfUpTvSNrMTrEX9JZrKhU7xoiMO+vDg3uquKqH7yFG0EXwRP0pgOf5HqOBod3b/wwK22uvfZaaa1MAzKvvPJKOB/QWVlZR48e/euvv0hitqvJJBnTL0nGYrVGjRp2a+UOHTpQgnbPHgKKY0+E5GbakTRuWmjVqhVp1rRLZmbmgQMHevToUYHNn+fNmycWRo0alZiYyAAAAAAAAAAAFEZ8fLz0BC3fqorB7FWkPhf2mTYApYDCGxsAflQ6Adq7dat+NITiGXfjjay4hBSgvZs2qSeOhdvl6f5Fc5Rs574ezjpVQzw20jdq3lK/xhNCifJ5fznU+O5NQmvEv+x9zatHNakBRVsVyvtzi1q961Vpw2JG586de/fubXd/UVrk5+cfDdW6giGNm3HN+vjx4zt27CBRm6RnOU1ihUQOiPXr14+VBjRCsHjx4o8//vi999779ttvt2zZwsqKL7/8UlEU+mUAAAAAAAAAEGMGDhwoFqIxMwzHxz978tw6AyDGUDOjxsYA8KfSueDwhpqiUalWzdG6NSsujjah1VKPcaxLgsOTqyu9Uosv/Se62C0XON74PvB6PpGr/7Rd63lu1CkXHGSe48afN7wXqIL9IQI1I37regNJPj6WtzNgY4774KYDn7RLvoMVxqYDn2a7DwSHd2s8ipUeJO++9dZb9evXt0/u17BhQyEWB7gQDzaCAAAQAElEQVTLkFB4kyZNSOK0xxG2z8IOmnHnznJiQ2Lt2rU1atQIFpGFWbRMhPJDO1533XXMsoZesmTJiRMnAqytKxj79+9ft24dLTRq1IjOlJWMgoICGvlfvny5DNmwYQP9tmzZ8rbbbqtZsyYDAAAAAAAAgIoCvUaJBXqronerBg0asCKSeUzfewzqMygjqLFRk0upCYt74KPSWUB7bNPQScIpyFGiVK2qhNS8tm8LGb/HuSUt9j7nhU7ht4wwJtBaPjuyhGX8i20ayn67iv10Dvu+Hlt6HltxIfutL1tzQ9i/jFdDpKYbR1GYenHTx0Me7de9bxZqBK3p3t/2vhkcflatK0vR+zPjIu+NN95IUvJ3330nQkgO/vLLL0kGbROx3nv16kXa8Zw5c8QqCcdLly5t1aqVlJgpzY8//lgsr1q1auPGjV26dAkWkUnp/vDDD4VldMChKTLtQunQgehwrOLyyy+/iAWqC0Up0UOI1OeXX35ZqM+qqtLQApWn02mMpf3xxx8TJ04ULrwBAAAAAAAAUfLnn38+9thj+MKv3ELvUEOHDhXL8t2qSCz/U4tzVnw18KnrXMdeT8yZZv5lTU68tZuDnT7o6JQHysmqcRXW2WZIqLFRk2MA2Kh0FtDarl3Bgd4//si++25WEkJ5E9aPHA4Z98KzSypAX9gy9D10z9GgIc2D89lfb7FjP7NSRDNPlsTi+lXOP5C9MWB7jvvgxqz/tG9wZ4Q0Nh/8b0jz5wubPMpKm86dO5PU+9Zbby2yHHPLSQhz/WePtENC8zPPPDN16tRRo0yL7Ntvv52SkhEokQ4dOoTbKqlRo8all146fvz4gEMLxFSEFXv6QWL9+vVi4aKLLmIlY968eQcPHqSFdu3aDRo0SLiT1jTt22+/XbhwIcn9H3300SOPPELaNAMAAAAAAOCM5e233xbf+QnuuOOOLl26iOXffvtt1qxZpEieffbZkROh9x0Sl+kdRCy/+eab9Hpy7733hoy8f/9+FgMotx9++KFYjo+Pl9mO/ixKFyqQ6dOn04uDWLUXbHmmV69elG3G36369+/PisgvO7QTuRXcAppE3tYN/UT2agnsnSFxt3XXrpmSz0AZQo2NmtzAzlGp/yE/Ww8gLy+PxBm6fdnllNPL0aNHp0yZQnePa6+9loEoqHQCtH7qVIjAQ4c8hw6x0kYhATo+RHidKiUdeKwaz6rEs+ygW2jGIdsT5ehStu1xlr2NxZLLmj09e3MI99m/ZU49P/lWhxLa1XU48+eza19VO7EliwGkJk+cODE4nIRpUpnDrdK97+GHI02H2JkTIcK1HFro3bt3hGgVe/pBYts2sx2W0M81dZp//tkYTTnnnHPuuusuGU5yc9++fV0u1/z58zMzM7ds2SI9pRQPXdd/+umnxx9/fMWKFbRKz0I63FNPPVWlShUZJycn55///OcLL7xw7NixmjVrPvHEE/fff7+cX9Htdn/88cfUnHbxQa/u3bu/9NJLNBQhDcADDnHuuec+//zzAwYMkBE2b9782GOPpaenk7xOx73llluee+65YnxtBwAAAAAAziyEQpqcnEwdSNG9FCGLFy8eMWJE9BN6kz7yyiuvXHDBBUKAjgBJwNSzZTHgyy+//PHHH0eOHClUZlolyeY0ar5CDW/btq1Q4Sk/Qhwv/xp0y5bmm7J8tyoSq3dXcPX5qetcZ9cz3qR+36d3Hm/YzN3azTF5UBxp0Be3VGnrc19GNVUVKC2ib3L05ksDQmKaroo9M1Ylp/IJ0CdPsrJCP3yYhbJqrZnESk6D6sqfBwOv57+O8G8cdC/bOYntelX4yih9FF+zaVitc4tavXceXRQQhRtBf9S+wV0hE9h6aO7JghATAHZv/AirZPzwww8VfvpBYvfu3WKhhA6a//jjD9JtaWHQoEHBW3v16rVs2TLqZ2/fvr2EAjT1RNPS0tq1a/fOO+9QBX3wwQfU+6eBWdKUSeYWcWh41uPxkEbcsGHDN954Y/To0Xv37p08eTIpyKQ+07vB22+/3bNnT5Kts7Oz//Wvf1H2qLdN4RSBzoJeBh599NGmTZtSIOnLlMLAgQPpKJQgRVizZs3ll19evXp1SpDk76+//ppysm7dum+++aZOnToMAAAAAABUUKg3O2PGDFKf7VozqbdDhw4lDfqjjz4KZ79cDsnNzd26des555wjbZyvuOIKCiElvU2bGE47HwHqZteoUUPO6WfPT/TK/mlBOnuU71ZFYtfhCu4PoWENJY4LFSt3mGf6n5XeS1p5h1zsoPDuZ/k+kLUbSmce0/82o2DxVl/hkFT9yJXOOEvzsEf4amR8r1S1wMPe/tGT1smRUlP5YYtpWz319jg6kExkxjLv8I8KAnIodo8QoYIRZZOjOx4NC9EIEL3Fkzxi10aEZbT4WEFes/Pnz1+0aJH8AF1YRjP+er5p0ya6Q4po8tNzik/pt2rV6jc+IVyTJk2knbUwYT5+/DjjX67TOJm4ykSaf/31F+Mfbdx3330yV6tWrRKHoPAbb7yRgaIAC+hYEuZYbi8rOY5QDgbyxcSEW0axfZ+wKElowhJSWHxDY0ENMsLN3soOfBEYqPvNf3hJ0ycyjv6gs8Cby2+Z08+vf6tDDTQCp5gr94RwLd2y9tUxMn8ut9D9lG6ydCssxvSDBQUFqampIzkBm1auXEl35zlz5nTt2pWVD4TTDMaNylkJoOJiXMUOWWKqqrZo0YKeIqRTsxJA6vCsWbNIViYZunHjxhRy00030ROOnme7du2SpgckBC9cuLBZs2aMm7qT1kyrhw8frlu37ueff07qM70bvPnmm0KwvuWWW/r16/fss8+SDE29WxrjnThx4qWXXkqHoEcd45/+0YON1GoKvPDCC0lopgft7NmzRSXefPPNdCDSoKl/XHI3JgAAAAAAoNyydOlSkj+GDBkSoIcKI+WNGzf++eefAbsIS2cho0gfF9LxxUJOnz59SGwV8aVzD2kILG2lr7vuOuEZg5Z/+ukn5u80g/n7r2jatCn1UdevX//www+H7J/TiYhckRItTod+H330UTFBjmDnzp0iwYADCYchUmwNMJqmXjSdlFimbEix3u7uwx4ejuD8lC5XXnkl9ecnTJgQMBEOvXE88cQTa9eupW5/lEnFxcWJBfluVSSO5bCKTbM6Zgl3s2nNJPIO/8gXJ0BcJkhE/t/98f/61iPso+0asYwwa2j8qE8LSM6WgXdc5Kxmvdf2PFd9Z0hcwGx7JEZ3OytBGGILSPK2uwe5tZtj3/EKbpQdZZMjVYRuFPQKTO/FdP3SxShuJkLq7d27N71rS0WY4tB9bNu2bXTtCAE6MzPzwIEDpAXT2/pnn332wAMPkFgslGuSnsX36HQXoh0nT54swr/77jsKF8uXXHKJiPPuu++SGE3qCt0ThK8P8TU8ZeP1118Xerdd+7aL1yBKKp2bVKVqVVZWKHpopflQaWjgh7NDBNavprA9b0dSnxObsrPGsjZvsy7fsks2scsPsotWs07zjZCzx7EWowP/6l3DCqNmQovUegOCw3PcBzcc+Dg4fOuheSHNn7s1HsXOEIRrjpL7HhKOQYqXDvU/GjRo8NBDD1G3zB7+66+/0j06Ozub9FNWbjjFB2Oo11VC18zHjh2j36rhr+Jq1arR76HS8KhDTxTq3wuDaxKRqRdOq1J9ZnxCRaE+E8nJydRHP3LkyIkTJ+jpOHPmTKqdMWPGSHPpevXqUWVRxhYsWMD4MCwtU2dXqM/iENQSNE2jTSKE0lmzZo3Xa9xGqOiee+65ffv2QX0GAAAAAKjYbN26lV43ateuHXLr+eefH+AxmSSbp59+mvqir3FuvvlmkkVInyW59tlnn6XeJknPFE7KsohP0nPHjh0phCRdWg458SDJwdTxpjgvvfQSdXRnzJghJFo6FiV+2WWXiWOde+65QqQOBwlJ119/PYnIjz/+uDA/lOFCF6YDkZA0fvz4gAORzD1u3DjKvDgQqULUGyfdXOxOC7/88gudndhK0V544QVhR0nqM50XBdJW0oboXSlg1p/LL7+cutmzZ88OyGeMzJ9J23r//fdJFBO9egH1+YcNG/bBBx/ISokG+SZ1qlhGdbkFFdwFxz/T3ZnHjHMknVdOQjj19jgZgZTiOy8yrKFP5rG/zShIGpbb79V82oVCKJy2kjx9cUujkH/fp9NW+vthi2FmR1rzJa181s0Uf89RM8I1U/If6+sS6jNFtu9F2bAfvcDDXvzaI7dSIjd0PJ2zI5YB0TQ5uhiXLFki5sQ677zzaJV0YRnepEkTMWxGt8S77rpLvDvT8jnnnENitLhXbN68WXxTTncSObcW/dJyVlaWOArtePHFFzOuwLRq1UqE//DDDxRHDssNGGCIWsuWLSN5ml7qxSrjblfprkuZ2b9/P91haFkI33TToFsNDZsxEDWVzgJaqV072Aja1a9f3I030h3dGJak27r8s1aNcIdDrooFJSiaLzJvhXqOzh4JMTnhoVOlcOs/HCqR5BoK2/mv0Du4arGzn2Ipg1mRcEc1FNy98cNbD/1P87eMJn7d+2bb+rfZjaB1pv2y97XgFFrVuaaymT+XHBrzv/rqq++//37qi1APhkJWr15N/csqVarQzVSY7pYT3G5jaFeIuSWBVHXqJZMOGy6C2FRCJxV0CVPH/dNPP6XirVmzJi3fdNNNl156qVSTBU2bNg3YkR5U9BSk8t+yZQtJ1SQ627empqYmJSWtW7eO8cek0+n8/fffCwp8H17t3buXDkGvHB6Phw79z3/+8+9//zvVLz38brvtNuor2z1QAwAAAACAigrJJVF+OEjq6uLFi6lfKmUU0p3XrFlD+uwll1wScpe2bdsKU+I2bdrQjiEnHiRVhTqfjBsI9+zZk8TfI0eOUJYCjkX6Ke0e2SNEF45wtSxsk6XZtThQWlqaEH/lgUjZ+f777+lw8qN70txJ9f7xxx+F9fe2bduoiy5trinaK6+8snTpUpGgCKff5557Lti0WTozefDBB1mowildDyd0FNKL33jjDaqpf//73/QKQF19OsSCBQsefvjh4cOHs6Ij3q2KilbB9We2eKvWcmxewDyEQy52DLk4UTjKuPQcR92qxqbPV3mFOTPt8sFy7yNXOklBvqmrc+l27w1v5NvdcazYoZEkTWKxNK8WSC8fJFuf28DYREI2KeAiUE54OHtYXGpDc9iAVKCfthkH/XiFp0vzuGoVeQYok2ianLRfputdqMYk9dKtia4XermmW4e8E9Jdonr16mKZpGq63kmqpph0NyCdmq73e+6559133x07dqxMXBp7BUBDU3TjIgnbnr6cD4wSoQg0KmbfhZIi2Zpk8Q4dOshA2qViT+VV6lQ+ATpkE/R6nRGnkitd5N2q2PyWETqFy+stYe7DITa46rCuCw0nG0XFHZUladW4Bh0a3LV639sB4XmeoxsOfNyhwd0yZPvhr47nNKHDlwAAEABJREFU7QqIRvr9BY1GMlBESI4kDfqaa66hjgv1tLp27So0SroXt2jRgpUnSFctXj8pgEaNGjHjevVS35d6qAFbd+3aJZxvtGvXjpWM/v37r1y58umnn05PT/83h07h+eeff+ihh6QMLQZXg9E0jbqVDocj4Ds7CfVBKasUZ8yYMcFbDx06RA+2jh070vjqhAkTPv7441kc2vTAAw+8+OKLkKEBAAAAACo2JH9QhzAam1ySb0gWIXHWHpl6khs2bCCtNsBWOtyxAmyEg8nPzyclt3bt2hT5ggsusB+rQYMG0bgkvo7DLBcZL7/88ogRI8IdiKA0Sem2u/UgyYkE6M2bN4toUs6WkKJ0++23b926dcqUKcySkoMdgwjfHXaHHmKaRLv3j9LliSeeoF/SoO+++256raBckbx+//33P/roo6xYBJjFRImqVHwNmpBeL+xKdK9UdertcSQiC+cbQpUO2JG2Dv/IEIiDvXAQDWr43uwKPGzfcbMopah9PJfZlWvBwGkFt3YzzZyDI9RINPTr4L0qDKpSeJwffviBLuePOCKElA26rUV2Uiqk6rVr11I00q979OjBuHC8fft24YJDOoYuHnZ/0BJhmg1KQqUToNUmTbzc3ZUdb8k8xoYjjPrEFv3u9WjMWQJXBN/9Hvom1Tv5e5YXakPrV4ujPhMn1kUZsWujBzYe+KTAG2hd7m8Erf+6943gfWH+XGzo7vzNN9/cfPPNNNxH44F0Fy5vts+CqlWrCusDEmdL4oWD+p0NGzbct28fdRMpHepqy00kPX/wwQeUPnWIxROohFCX9KuvviLdfN26dfQ4fOutt0aPHk2DqyHnP7RDGXM6naSSh7P4JgWZlHTqwdNQQevWrcOlQz3g999//5133qFB3c8///y11157/fXXaS8xMAsAAAAAACok5557LumhwhCYlScoSyTrsJJBfWzqzNMJksbEikuAt2iBeN0Qqq5wVP3ggw8GuIGmOL/88ou0AS8zSIOm9xRSxGhs4MSJE6Q+C1W6SFAKYqFqsdyKJsYp2fmVQIG2EEq0dPp8ZRv1wMlIp08SM4nFkwdVCtvksoGaXOQIdD3+9ddfwsuzDKEBJNI0brvtNtI36EWY7jnCyljYRNu9cNBo1s8//0waSJs2bURSl1xyiX0OwwjUrFmTXu3t6YtD052hQ4cOJGRLV9QSYe8sfU+LXUp+S6xUVDof0M5Q07Jpf/6pleD5F45w9o/Z+WzOquJPREii1qcrPaEOx5pW2R8qHy5Wty8rzpE0dmx5mE2B+Y9zVO2SEuIDojzP0fVZ5ljWn0cWHMndHhBBYWr3xo+wcsmmTZvK/w2FBsBnz55NN2gaBly2bFk5VJ8Z94AsFkpYniTsDhkyhE6Zul9z58595ZVXPvvss3nz5lH/8s033xTe0GgEtYSDkzSIeuGFF15//fWUWzoWPYReffXVTz/9lHEj60J3p4diamrq5s2b9+zZYw/fsmVLTk5O+/bt6c7QvHlz6sGLORUlpEeTvvz4449nZ2fToEKnTp0OHTrkcDhIpH7yySdppCEpKWnnzp0MAAAAAABUXEhDIZmD+roBhskkqj722GNPPfWU3a0EvQIkJydv3brVHnnNmjXUIy11e96QxwrpwSMgzy+//LJ9l4YNGwpL53B7kdBDwvHu3bvtcYTt83kcuRqwlxSaxYSNd9xxR1ZWVjRKdwSn26UF9efvvfdeUtDotxjqM+Oz0IuFAEd/UVIziVVsvhoZL/w+04IM/GmbV3pA/T1TL+A6yoxlXuGs2f5HgvVt3c2pBaU35xe/9hR4Ih1Upi/MmRmwUWiTE9MPiitaQFcxvX2TlEx3jB49etDCd999x7iM8P7779tn/BM+nUmDJiWarl/hoEMIyowrObRv5KP36tWLXvxF+sScOXNEsiRnk6j94YcfivvPqlWrRo0aRcoDHYLytnHjRgphXH2mOGI6VhAllU+A7tYtZLh70SJW2kQY7nnuS3exv39ZuNm7LSvEzhe0UJ2eAyF2cFZnxePAPObNDr1JCeEvv0ODu5JcdYPDf8uc6tXostRX7JkcvLVVnWtrJDRl5Y93331XzBdX/lFV9aOPPvr999/pRsnKJdJdsphFsCTQOdIDQEyxSA+V5cuXL168mPrBjJtCCG2a6k6EFA/qfZJATI8i4a9ZQHox4yOlhe5Oz7/BgwdT/MmTJ0vHIwcPHiQVm3a/8sorGZ/igNRk6haLZBn3y/Hiiy9S+dCDsEqVKiQ60+DqItt9iXqr1OkM58cKAAAAAABUDEiCGTJkCCmnYmI9EShMekn/Je3SbpcnfDSTVitlFFJkNmzYcMEFFwh7Peo9BkjGxSb4WF9++eUG6/PikFozCcE333yzfRc6o3nz5tHbAak8EY4VMFUgJf7jjz+S0nQ2hxYWLlwoZzV8++23H3zwwS85YkGEB88cQ2VCJUN5lvvSAiUlikuGUCJiwkN7guIo9qkUi8qzzz47f/58+mXFQjaG4KlooqFZnQou/ny8wnOSGztd3NKYTlAE3tTVKWYIPJ7LZv7sEWLxrd0cMsKqcQlyukLpZ2PXYVNvuaGjIy6i14DFW7Wt+43IdJTH+pppSin8jxcTpA/oSkjkJkftma4sOW2gRExFSHJw586dH3jggaVLl9Lr/9ixY6nZN2ni+6yfLlhaJQVA6NdilkJ6ZaaYFH/JkiUtWxbykf1ZZ50lJkcdxSFtQbjdoKSGDx9Ocvb48eMpnJSW22+//eGHH6bwa6+9lpYphMJp66WXXorX8yJR+VxwNG6sNmmiBQ2G5L/3XtyAAUqxnKue7Ns32IDa0bGj+tYH4Xb586A+fbFneK/ilP/T80KPwf29h5MpoRJ0H2beXOYo+qy+OyYUKbpDjb+wyaOLdgS6teVG0DNrJjQPY/78MAMVHeojik4nDXKGc50cPaQ+P/LII2ISkr179+bk5JBkTIcgbXfPnj3UNfR6ve+8887f//73Qp86IXE6nfRESU9PpwSpG52amkrHoh4/9ZLT0tKiSeH//u//7r33XsrJ9u3b6RGVnZ39r3/9i3re1CMXXe1OnTo9/fTT9MDr2LEjnQspzm+88QYpzrRX7969KQI9Pv/zn/+QkL1s2bLLLrtsy5YtpFaTfk0nxQAAAAAAQIVGGPBSZ5J6jDLQ7rbYDgVS/FdeeYWEVMZtMkhGEebPJBlT95X6sdTt7NOnj5w8sNjQsUigoQTFsdq2bUvJ/vLLL4zLSfn5+cHeqwN2YdFN9Ef5J33nzTfflFMF2k+fdrfPakjK1EsvvSQOSmqUPFZITx3XXXcdvU3YXUgHFKyQrYVrbGHfTb+0LKwvI0yHHg30FsCKyx+W41B68WFFp1NTZXlMPI+WF/6z0ntJK++Qiw3JeGw/J/3JTSRM/2uBW045GBzhhy3a8I8KSJU+u56xNaST6HD8M919boM4EqB7paokOsvw3/fpncfnSR/QlRBqchG2ykn/AiBdeOLEicHLwdxzzz3RJHgtJ+Re4XYhrZkUZxaKzhy5Kl7eQZQo4byUVmDc8+fnhPrmJe6mmxKffJIVkYL//jd3QgihlhqsdtuQOg+GHWpOdLHfxiW0qBuFY3YbD89yk3IdHN6hqbp8bDzbNJRlfR5it/OmsgY3siKxbQzb827YrZcfDLfl4/VXBQvNia7aVeNSDmZvDAhvXff/rjj7nyz2kO751ltvie8jqCNy3333Sd9ANAot7UxpDI0Gu6h7MWXKFPl9hwike1BwTDnnqT192kR9oI0bN0q/9atWrZI+9e07Uvhnn3124403Uv+patWqiqKcPHlS7iUc59MgXrD/+zOOL774gjp/tED38WLPthElpNWS+kwadFxcHBV1s2bNWLHYvHnzsGHDaMRV0zRSfqnN/OMf/xAT71J99e/fn05KTKUiuPPOO2fPnk1StXggud3uf//736Q479q1S1XVCy+88IUXXqAxUumZh+69P/30E70MrFixgvFPGmm0lvRlOakIiekkf3/++eeUFAVS+vQGUj5drAAAAAAAAElmZmbJTS7OFEglp/cmMaMg6cU9e/YsY/fKlQdS5ElbpwX6pZcRVkRmr/Le/7H7RG4F1396nqu+MyROWD0LSFy+ZoqfnwT7/ISkTY/6tIDEa7EqfUYLvl7vvfQcR7UEU00W8xMWeNi/vvU896XbnubU2+NItparM5Z5SdFm3Npa+JUWKdhDMo/pf5tRUFEnIayeqLxxm2tg58qrv1dgaBCRFYvKKEATJ/v31zIygsMTHn88/rbbWNRoO3acGjRID+XWttr8+fkNm0YQoIlGtZSP7427oEW0H2U8+4X7pW9Cmz8vfCT+4pYq2/se2/p4iM0JTdgFS5izGouSvR+wrRFVwp57mBofcsuOo99+tW0oiwKFqYPbf18G/jeE/it92wsdWazSMimMQo+WM6UKgfjdd9+lvpQUi2lVfpQRsBoyfTlxqpiMVUre9lWxo4wpVm+//XahYAasntHs379fjPY3aNCAziuce/TSYtOmTe+99x4JxzTYQDVYvI/UAAAAAAAAKAYVWIAmuXnDhg19+vQRdhi//fbbhx9+KGyrSX2m95pCTZtB8SDdplGjRmJ59erV9FbFigjJneePy8tzMwDKgAQX2zg+wT4SACoMxRagK6k/msR//CNkeN5LL+VNnsyiw7Nq1am77gqpPscNHKg2beopbKLBvUf1npPyn5jjPppdyDDAwZP6kPcKwqnPT17rMtRnot51offP+4ttuJN5jrNCcR9mm0cUoj4TetgH11m1rqxf5XwWBal108pAfSZZecmSJU2aNJFfnJFMfP7551NviVTRFi1aTJw4UUjDYirVEydOBLtI27FjB6nG1M2SlsgDBgyg32XLloVL376jfTJW2pEO9MMPP8jEZbIUhzpta9euFeG0QKtRzuJazqEeUvv27RlXonfv3s1iTJs2bYYMGUIyd35+/qIYuHcHAAAAAACgEkL68siRI3/88ccHOaQ+33HHHfQ6k5iY+Oijj0J9jh179+4VC/RWVQz1mXEnxY2gBoKyghob1GcQQKXzAS1wduuW8NBDea++Grwp//33Pb/8En/bbS6bm5gA9MOHSacu+OKLkFuV2rUTRo2ihQJPaFk50cVybfrtqws9b//ouaWb86YujktaBQ4JrN2tfbzS++5PnnBjlWmdHE9cY9VjXD3W6E7DfjmYoz+xFRezRkNY8gCWFKRpek6yQwtY1hx2eKFfeEJj5qjCsoPmc9PcLPy3FJc1e3r25kI8fiiKo2ujB1jsyczMPHDggJhLWgZKvz/08H733Xc3bvT5BgnpRX7z5s0kZX7EsYdnZWWRWk2adZcuXezpJycni0lX5WTNcpNwlk9bxSQS8fHxUtQWU74uXbqUZGtapjjCYxqrEFx11VViTr+vv/562LBhLMbQoNzdd9+9ePHiiy66iAEAAAAAAABKA+GfmoGyRWdvtyEAABAASURBVM7HSG9VrLjcdqFz0jckLFTGj+BBWZLgUqixMQD8qbxtIv7uu71bt7q/+SZ4k3fTppwnnlCefdbRqZOjfXu1QQP6048c8e7cqf35p/fPP7Vdu8Ilq1SvXuXNN5VqhrOLcJLxx/fFDf/Ivf+4776fnc/e+dFDf7TctLYxUuTi8u7eY/qOg5EeD71bq2/fGecXdPZThpScvz9E7IIstvMl4y+pFauayhLPYlo+KzjA8jPZsRUh4scls45z2dbHQgjQeiTr7obVOreo1Xvn0UiWp2Vj/hwZ6WR53LhxQuedP39+uHmNAzxHC0hEJg06L5QVfPEgqZoEaJKtGzZsSMnaleszneuvv37SpEm08Prrrw8ZMsQ+M0mMOJ/DAAAAAAAAAOCMJT8/X7xJMf5WxYrLwM7qpG+gPoMyQKfGxgDwp1IPSiS99FJe8+b506aF3Krn53t+/pn+WNSo9etXeest1dIocwpCR2uToi4ZHX/V5PyMQyHu/ruP6PTHomDQBQ5Snx0B17WzhqEar+7PCsLOE8hytht/kanWlrX7D4tvwBRXiK2eEyyuboS9L2n6RMbRH3QW2qG+oji6Nx7FyoSUlJT69etv27aN9FxppCw8OKelpQnj6EKtjKUuHCBA044kpAanT6p0uB1Js6ZDN2nSJORBRW43cGihIjmPa9GiRd++fdPT048dO7Zw4cJizJsBAAAAAAAAAJWNr776SizQ+xS9VbHi0rK+2q2FumRbxZz1DpQfqJlRY2MA+FPZ20TCsGEkGSt167IS47rmmqpz56o2gTLcty3VEliT2srix+IHX1jMKUGrxLPn0lzv3RWkPguSWrIuC1jN7qzYtHiUdf3eUJ8JVyhx1nMkcgI1E1qk1hsQbmvruv9XNa4hKxNIFO7Rowdpvt99950ImT9//saNG7t06dK0aVPaKrRjxv01k1gsd0xOTiZ5OjMzk3HvzK1atVq0aNGqVavEVpKwR40aRUmFS18six2FVw0RMmfOHDpcr169IuT2AIcW7G49KgBDhgwRC88+++ypU6cYAAAAAAAAAIDw0Mvj/fffL5bl+1SxebSvs1qFesUE5Q5qYNTMGABBoFkwZ/fu1b//vmDOnPy339Ys1/5FwnXllXGDBjm7dAkIzw5lAa0orEai4Yu9fnXl33fEjbxCG/Wp+6ft0Q5CVo1nQ3s6R/Vx1qoS0aF7QhPW6UvDGfTuN1huBoue2r3Yuf9kic18ITW6srw9rOhc2PiR3w/ODrnpgsYPsjKkc+fOtWrVeuutt8R8dPHx8Q888IAwSR45cuSUKVPGjh0rwkmVltrxFVdcQdr066+/3qRJk+HDh99zzz2kLEs30BT44osvCoE4IP3zzz+/d+/e0pUH7UiyNaUjVmnHZ555JoKyLKYiFAusYnHZZZdRqZJSv2/fPirGoUOHMgAAAAAAAAAAYZg+fbpYoDcpep9iJaN3a0fbxo7lf3gZALGBGhg1MwZAEIquwweQD8+yZYbbjZUrvVu3Ro6pJCY6L7jAefHFriuuCGdAfSJXX/tXYPE6VXZRy0C75a379e82exf9rv24zRvScUedqsp17R1Xt1XpSk6KY0Xj4NfsyPfs1O/s5HqmBXkrTjqLJTQzBOuqrQ31OelsVkr8ceSbb7aPCA5vU3/Q5S1eYBWad9999/jx4yRbF8OE+ejRo6SJkxR+bfhpMM9cVq9eLc+L9PrWrVszAAAAAAAAKhCZmZkVyZMeOI1s3bpVfjs7f/78Tp06sRLz607tqsn54SasAqAkJLjYglHxXVvA/0ZFpm3btqxYwALaDxKU6Y8W9OPHSYPWT5zQT53Ss7NZdrbuNQYJFUVRmzVTzz7bcc45haZWPVG57BwlmuOe20A5t4FzxOXG8vFc/ViO8Xsi1/h4oVYVpVaSUqLPZOr1M/4EnuPMfcT4YypLaMzi6rHYoDNtxZ5XgsMVxXFBowdYxYLk5o0bN/bu3VtIq6tWrRKrxXOgsWzZsgo2/aAd6jORLj916lRavu+++7766qvq1aszAAAAAAAAAAA2cnJypPpM71Cloj4TJA7+7VLnjGWeU/kMgFKkajwbcrET6jMIByygQUzYeuh/3/75cHD4+fVv7dViAqtw7Nix46233srPN5/ht99+e+fOnVnREebPpMkWz3r6TOHqq69et24dLQwaNGjSpElOJ0bCAAAAAABABQEW0KDkaJo2ZMgQMc9Q+/btv/nmG1aqtB2X9+dBaEGgNDm7nrJhPFyMV3yKbQENARqUPrrunbmu9/H83QHhDsU1pOPSJFeszK7BmcKGDRuuvfZat9v47uuhhx569NFHVRXDpAAAAAAAoCIAARqUEFJpnnrqqffee4+WXS7X/Pnzi634hGPtX9olL+ZrUINAKaEqbOnY+A5N8F5f8Sn27QiNA5Q+mw/ODlafifPq3wT1GTB+w5KzMr766qsvv/yyx+NhAAAAAAAAAFC50TRNqs8EvTeVuvpMkFA44564pLioXIYCEBlqSNScoD6DyKB9gFJG0z2/7J0SHO5QXBc0epABwOnfv/8LL5hzUZIGPXr06JMnTzIAAAAAAAAAqKzk5OQMGTJEqs/0xkTvTSw2DOzseGGAs2o8A6AkUBOihkTNiQEQEQjQoJTZeOA/pwr2B4e3qX8LzJ+BHepaSQ36008/7dev3+bNmxkAAAAAAAAAVD62bt3asmVL4feZcfWZ3phYLLmvh3NCmgt20KDYUOOhJkQNiQFQGBCgQWni1fJ/3ftGcLhDcXVtNIIB4A/1qKZPn+5yuWj5zz//vOKKK/7973+fOnWKAQAAAAAAAEDlIC8v79VXX+3Vq5dYpfcjekuKtfosIOlw+h0uFRI0KDrUbKjxQH0GUQIBGpQm67I+yHEfCg4/P/k2mD+DkPTv33/+/Pnt27cXq88+++xll132xRdf5ObmMgAAAAAAAACouOTn58+ZM+ess86aNGmSCKE3I3o/ip3njWAGdnYsHRt/dj0F7jhAlFBToQZDzQaeN0D0KLqOeU9B6eDWcmasuTTPczQg3KG4hnRcCgEaRGbChAlTp06VqzVq1HjggQeuueaapk2bKgpG5AEAAAAAwJlBZmZmSkoKAyA8pMPs3bt39uzZUncWDB8+/Mknn2SnidGfud/5yZPnZgBEIMHF/napc9KNLgYqJcWeFhUCNCg1ft37+oo9k4PDOzS4+9Jmp+0hCs4gVq9e/eqrr0qvZ4Lk5ORbb731wgsvbNGiRe3atePi4hwOjLICAAAAAIByCgRoEIymaQUFBUePHv3jjz9++OGH6dOnB0S44oorHnrooU6dOrHTyq87tbFzPBv2eE/mMQACqJbA2jZ2vDjA2bUFvClUXiBAg9NMgffk+2suod+AcIcaf3fH5QnOWgyA6Pjxxx9nzJiRnp7OAAAAAAAAAKBC07dv3yFDhlx22WWs3LDod+/L6Z6VOzWSjPLckIwqOwkuhTG9Wwv10b7O3q1hDVbZgQANTjN5nqNHc3c61ThSnB1KvEONc9KCGu9SkxgARWfnzp3z5s1bsGDBunXrGAAAAAAAAABUINq3b3/VVVddf/31LVq0YOWSPw5os1dpH//s2XtMj3MqJ3KhHVUuqicqBR69UU3ltgudAzurLevD6hkYQIAGAFRM9u/f/8svv6xfv37btm27d+8+ePDgqVOn3G54JgMAAAAAAACcAbhcrqpVq9arV69p06bnnHNOu3btLrjgggYNGrAzhMxj+vI/tV92aKt367sOa8dyWG6BrkFJqnCoCkuMU2omsWZ11E5NlQvOUi86W02piQmZgB8QoAEAAAAAAAAAAAAAAADEhGIL0E4GAAAAAAAAAAAAAAAAAMQACNAAAAAAAAAAAAAAAAAAYgIEaAAAAAAAAAAAAAAAAAAxAQI0AAAAAAAAAAAAAAAAgJgAARoAAAAAAAAAAAAAAABATIAADQAAAAAAAAAAAAAAACAmQIAGAAAAAAAAAAAAAAAAEBMgQAMAAAAAAAAAAAAAAACICRCgAQAAAAAAAAAAAAAAAMQECNAAAAAAAAAAAAAAAAAAYgIEaAAAAAAAAAAAAAAAAAAxAQI0AAAAAAAAAAAAAAAAgJgAARoAAAAAAAAAAAAAAABATIAADQAAAAAAAAAAAAAAACAmQIAGAAAAAAAAAAAAAAAAEBMgQAMAAAAAAAAAAABUTL799tsZM2b8+uuv2dnZ0cQ/55xzevbs+cgjj1SrVo0BAEBpoOi6zgAAAAAAAAAAAABAxeK1116bOHHiNddc079//zp16hQaX9O0X3755YMPPqhSpcqcOXMaNGjAAADAom3btqxYQIAGAAAAAAAAAAAAqGgsX7584MCB//rXv2655ZYi7Xj48OFbb721atWqn3/+OQMAAAsI0AAAAAAAAAAAAADA5M4772zSpMmECRNY0Tlw4EDnzp2//fbb1q1bMwAA4BRbgFYZAAAAAAAAAAAAAKhYrF27tmvXrqxY1K9fv1mzZuvXr2egBOye2iMlpcf0DFZEFo1ISUl5cBEDoKIAARoAAAAAAAAAAACgonHs2LFatWqx4lKjRg1KIdzWRQ+SRDqiBBLp7umXF09jNcTZHlN3sxLAdeERZaXvbt+wPap4uxcu8jurjdtLdJIAlCecDAAAAAAAAAAAAABULNxud3x8PCsuLpeLUmCgBDQdviRzeFQxSdAfvHHcij69+VrvNzMz32QAVBxgAQ0AAACc4fyalzQsN2laATuz8UwZl5s0LG9KJgOVjsz8TtSGx+VnMHAGUkFuQeA0s2AaPQJy7/qVAQBKF0VRWHGhfSFAAwBKBQjQAIAyYfXbowJ4Z3XUO074el/hEbNWr85ixSHrqwmjRr0dXW6iJWMevY3nLWAgAgV3DcvtNM/DQIlZ8BufT3i9VhpNzqiX0yMBZHo/OEj/6B/8Wgqtgl+DlVbQFJV4Jkn5Gb/qW+ifg/o8I88xyn+5v+cIFT4mzw5jdCd2F3X5vwWZN4RKIG6eyd2Pgk+5m9lZvxkjGUKMLqMLNgaXntnkynZUBp1PEA6Pp/iXkqqqmqZFE1N4tJhu/Ar8vFvs9oWnpFw+PYRbiYzpxv4LfXsY3jlsMbm7jxApi40jfKnbEwlxCEGw+47wObQn7ufKOcwupl8RsdXIzMIRckfT78dCW5KmBxLjKINnM7ZlfHcztUD/JH6HCwwPW/IAlB8gQAMAyo7zBk82Gd2nzqaZo57/uniScTCr3xk18Zv9DIBKyVVduGFLO/UqdiaT4rizHv2j3NkV/sEqHc27Kqn0Tz3l+hQGShuSdN1jD7LYUd5vQZn5A9INifzmuxPfL+ZEXKAMiBvUzvjn5i5xDABwpjL3EzYz02BmGps72NJkSTvuPoGNW863ZK4Yx0hjLdKkfIYUO3h2mkg6M3PAnJTBc+VGQ1YevPHJFebG5eM23hnKPTRpvheNZ1a0mWxw9wk+r8w8h+db6WfOPJ/pOYMJAAAQAElEQVRyKGRc0oUHzx1obpk5cPv4i8ycF3JSswcP5kXxZp/g05k7+E5mHWtm2uzBXG42HG7MHMhY6jgji98PbRpUArYcrhi3cbC/0By65AEoV0CABgCcDhr269eGsUOrV0Vh2gwAKISuCTnTEnOGnekv7c6R4xNzpiWMhARZCUmJX01teHx8cwbOQMr1LcgzZbpm2Ne3c0B9LudcNYweARgkAOCMJm3ccCGc9n78yVZsC594L2P6+Nms1ZMzhzYXcZoO/Z5E0u3jX4naTnfhS+O3sLQP3uxtrvd+c/m4VtbGRa+M3546buZwS7BtPnTmk622T3jJP/Xd01+cy2zRmg5fYqi9Ap5DW/qs92uGjDueVOyM7RsZa5Xaygo3FN5+0ZyUPUuBtBq33HYuH6SxLeNfCme1HboEmg59j0qA59AkVMkDUM6AkREAoHyw7+sJkxYeNlfq9Bn9ZL+GIWJlfTVh4ndWrLp9xvyjX7LhpGPmZmN94cRRC63AkDFDHKvOFWPu9SUvkgp79FB4pozzWZYFWlf9mpf0Hv8wmSlzpyVcFSKcsXrqZj/NpeCuYd5ZLESCGfPyzku39mrnCHrVFzsqN7djs9b7Dnquby+/PCyYlpu2ngWnJsJT2ylsPf8inrpPfV2rry/ZwyLS+WpTxuWKAvQ/UKSC9SsKvwTtpae8+JSflGntxcshM7/Tc4YkIQ5qloZVDuHSN8PbKTev18VR+O6aPKjfKViHCMyMGU41pc8yq8C/eRQdM2PBWQ06BbN++zruXOUde9DKla2CUvuq7f0T92sqthOJQVMxq89W3eEuB7O1v3i38sF72hbzBO1tRnmxr3/aftVha/MRqyN8Sysefq1aFldwuwq4wMNdrQHlEy6HvrMwI4QpVaso5t7N0qg98AOVcglEKG159KBrITD/4a4sO+XjnlN8bPmPOics9PViS2rWe7mz3hMlHLopFptY3oLCNfIQj7yQ5Z8xz8PPVJlbevp40Z4FhV1xoZ8F9jYc+hlRfrofRSJSxVnNI6hB+q56M3L4u2KJ2DIvLy1UlynSdRfNHSnGT5OY1j4AJWPj9gzW6utPtpPk2s+uxsrp9aKy091tiMBpA+ymxM1bnU+pG0uL5sym3/HdU8YH7EWH7t3ct7ZhC+nFfpmQsvJuI4ds+50pcwOS2LKdDSc5+5PuE7qnTKD1tJmZJAE3bdqc7Z5a2Emd3yqc/Gxsa25b6zOAxO6N23ezPmH3WPTl3KAS6HdL6vjxs7/ePXxoqD02+p8+AOUCWEADAE4H+77+ehPpwp06C52XhN9JC5Olg47ByQsnhfDKzDVl1me0iDSmDynOhhOPTvfSHm24ykzBXGg2PHJ855feRJkePxa7YozYdC9726dTs0aN6tLv4b3R2mXzFwCmbp5m2Oxs7qvQ673Nv6Se9ptqGIVNc9xMy5YvWsOt4XvsxacS+abEuQ2186SrU8MLoXddX5fYlPOUuu490wEif3Wx9npKTV3vDeNYULfe6HgGhuX6Xnho1dzFcAZqkxQZo9T8nQZusSRFYzndXSKnmfyFh15mzKI4qJ1nc8u7JV1jQ83S8x3IKAf32IYOeznI86UCpKKYO82vAHnm+etTO3Ovue30sc/5+ZBtfr16szhopuVw1ljWqEC28Brnn/0ahWMrNMYO2irILC59lq1wkmzvbFvSPWZMOmu73MkoMwG+LKXiYCynlaar4sJPYUu61/c9vp/MYdTILFta/uoz4yfin1QpNpUAjGnNvPbMzHovwJ+mPvY9Wch+b+PGJnsJBKjPjLd5/6SCq8NPL2C8GEvkzTMgh0HFZWtXlD2rtUS4Wv2FOZHD4Ib0q3kWpOnkCPW2sFJNs9pDaZeA7xBFaPwB+S/8yipH95zi4qsCxivI3hjCXtqFXy+SwppiSSnFW1ChjdzvkUflH+j91ud8Q8jupepWOJpnQRRXXIjLwb9MQl0m5bD7USQKqzg/Cu4SVz1ppsYnMoX3YYqdq7H2LpOt3CJdd4XekWL0NCmT2gegnLB9S2HmvAOl8wwJt1OWcEPmiLSynGnYeLjVbm4rbXq9SJ07OMgNdGlR+DkCcOYDARoAUHZsnmnNQDhp4eE2gyebVslZX3+zmbUZfG8nK16ne0lQ3vxNgIforL0NSWqWtsnJnTvUYYf27g0+DFe3z7On97fB57HNX3+VZR6rbp97rzHtoZOvedIQr02S+/2Dq9KdWHRoa+kVuqHSnK80v974BvnpRrLLLu2t4p7uq7CD+lZm9PLHGtY9Tmkgc9Uw4w1h7Dw+5c48w5ZzjjT8SYmfY0gkHnqt2prJJZgUM9z4Vv16NSNUnlLFK8Td5mzXQoWh9xNjRcwQ9Ss3B6tnvrrkTHO9aDjepTzYXjbMrQ6h2K7LLP57SIbxeqN0aCTW4t6nZIc6bLk1i0Kow+JARjnYrdV4OVDmjTclXoBcSmD+Behhmfo6o4hUK5zy77zeLy9qB36ma/eK8lRSaXWfniHqkSmDulqFYxgxWeoVE4Vjf1dU5vrKLaCsxAR6nilfmv5Gzdc5Xh2iKiV+VSOaR6kQzSmYeaY3+YK7hMxhiWhmfkwKWBfrFGxJrbVfdaXXVPwxyzAwY6IZWJitfXw8mxfyrE0y9ipzfGdhJWVUvY/g6hAXnU/HZCWcY81sZnNtTULMtWXh16740EjEq/VXNsh2UuYlH9CQ9uZ3supXWBTyi8sqNyEnBZWqecrD4kq7BAIPUXjjD8x/VFdWebrnFBNZQXO5S1zzBCNd2uGvl0YJ8nLg5UYnUmhTLBmleAuKopEHPPK2+A0AxNr5RqHPgiJccfbLgbdhuRdP35yfU1Ieux9FImLF+Z3plHFCwVfmCovdaPowxSXErYmXm+96Ma9Kv+su8h2JxehpUia1D0Cp0LTfLa3Y9k++ths782n9HgzhgsMwBLbD7Yh7X5fG2Nw5dicVPkG594CBjM2eE5SWYafsw7AXZttn+2VCar6hcij2amqzSW469HvhYdmIWaSTCnGWGba1hXMM8+brekfYIVQJfP3JFtZqYL+mDIAzBgjQAICyw5iEcHSfOmLxb5bKu2/V6kOMbZLitMHMTSxIXE7u1Cl59Tu+ODbLZT+yVq8+bBe7eXqbGTu8j9Lbu/cQq9Ohc7ItfqOGdVgxiXufXjYM0xtj8nTxPtk8JeyHzJbhbcAca3zWHeNVhM//bljW5CZZf8JkhnYUrwppw2zWWynO5iEOYiXeiM/oZakw5gRfnAW/8bd934FMUzhT8OKkdnY0l3nz31RUml/vfLGeYRPkmw4+dM7lgXg5+E9mxfNvvM8Ly2XDgsxXSsarqbGj+crkTvLNZe9s7vclrDOVj16syywwTJ7rKS925u9mXEWi1XNl4bRTrZc0XsXM/13RzJuZmvUSaJaVQab3A16kvnxatmy2d2yud9uqZkspGE4aRHMKVv0yoaAZUtH1pvTG60smFndVV242ZStq5q8yl2JT8cMsw+CMmbIOx3cpidf7EGct9u0axy1//S4rfxkrRHVcdb0hFVmVqHUw1DTnucWvJq4FWFdx0pfK5gAdx2pX13f26eORrtaucVcZ9qER2phlIe77Pp1fXKa1Jt/LtN2zDyqYRUGUdgkEHqKwxh+U/6iurHJ1zyke1OzNhi2qQJxgpEs7qutFUlhTLBmleQsqvJFbN4GuaojhMavBWI9p6/LhVVYKBp6FPguKcsXZLwcxOmLt5V57XfDYRjnsfhSJiBVnz7lpLO9zJRFNH6bYuQquC+t7Ket6GWYZX9MtOro7Eiv9e2nZ1T4ApUPzoeMGsu0TBluGw7unXz54Lms17mF/yVVoxNJ3s/B6LGTZPo+PS2Vz75Rz7i0acdF4aTDc+2HDG7Jv2j1jTsIU/wn6mCEfjzVcLQ+2nCbvntpj8OyAHHYfYSm8ix7kps6GD2iemi9xS/iO8qRCs338RbZzudNwTv04d69heAXZ8snXGUF7BJbA7ul3UwlIv88AnBnABzQAoGxp2O/JwXtJEJ75/NeNbH6Z61wx5slrkv2jZmX5ucLI+vr5iQsPkYhtGigLjxxhCOXHeR8luCqLlSpdE3L464rhqeC53LEld5wXwpWhhxtDxb0/jb3PxJe57qR0d0mdHpaez8TCcI4c7xzJhBsE432pxN4PQ/lYzPRkCDsg4x3d+DqV3hWDY17VhTsszjSsh1L7Oq5KoXdp/dN5zHi95NpBqZkhh8unkVV25hD4qf6ZSuD37NFh2PrJT6cNQXOsIYIUX3nh7dMqUv62zy9DllHoniGv1mC/IuHgwp9dXQ19mwpumaVdAsUkMP+FulouR/ecUsKQ51JZqRGuKZY7om/k5Ztorzgf/Ilv3biE8+4Xn+KtWnLmdj+Kg/7pr+wq+9mVcR5C3kMy8/k/YZyP21dK/V5adrUPANM0TVVLarbY+7XMFak9ul9k+WlOHbcic2iQdNp06Pcr2OXdB1uumFs9ueLNPnJTZqsHU+SmtA9mpt05WGrBSzJbjUgZLN1Ap32QuaRPUCb6vJm5vG2Pi4Q3Zz5J4JOfDJ7gn0PpBtqXQ0q83/TLu8vEKVdLuOwb3UmFJG1m5oA5KSmDxdrAmZmvmbJ10+Ezx83uPp7SpNS+7+dfOJn9pvbonmLdbmiv76MRuwEoR8ACGgBQ5nS6d8wVddihhRPf4W6ZG3buVJcdXhssDScn2xVkbihd54r+hbrHSO7UqQ47vHp1UHoNKcEQx9q77zArMfzja+M70MgfMkurOluYNL6T1igB+JvUdU0wvw8t7vebhgjLDIswy2OgaV8Wc39/4tPdu5WgT4kDCFEO0ngnVAGKxO0vciQ/md4PA2MKw3DuuLN9ilOsCk+U3AG0LBz5fbT8PFwtwiSBKY47xRfB003fi/TaabORjC1FO4UUhc/35fs63pqwiyPNKp+yf+lcJsgyDMxYgA2XybkpYc6aY5lkOvw+5C8MYfo9gDntn11/WnxXueJC8wgHxFF+hR3hajXt8uR36E+pQQKl8uLdIlBPM9ueaZs56z2rKf6aZ7ehC6C0S6CoBOW/qFdWebjnFAefMwHhwEEYZka6tKO7XqxvF4rTFKOnFG9BUTTyiIgG4Psz72DC+UNJJ9eNiqJdcRKzYZuefIVHiLBN6wzqfhQDGioWtSbdHJdxH8a0hj6oDbC5Yje/roj6jhS7e2nZ1T44kyH5mERkVly8Xq/L5Qq3lUTYTGNePgPuK/lNqYny1SVDm9tXLb6XQi33a/Gabyfu5sJkib95Lz+WyZt9jBn/bBGMVdvWMNk1pGpfHnqHyHBwDiPlKrqT4tq3rSgCM2yPKY9lpBaYjt/hAsPDljwA5QcI0ACA00DyNU8aGvSmmRMMv8zJ/a4+z6dHMz5PIPG8vw/ohg2SmU073vf12zYXHIYbjUOrVwmL6Yb9+rVhh7+bKKcxFI477Md6+yszmayvJhjuPvwOPOHraCchFK898k2D29Wy/k1I5wAAEABJREFUiPaMKfEvtrNNT2S8lhjTwYuvj/lHmra5hkynAUb64u1FTjJjOByoV1xb2q5O+Trn86tgd/9Xqoj3MflmGI1BjVkOcooeMYuU+KDbLEDflFmiZIz0RXH5Sk982e2PKXYw0zmJ+fbIfB5jzcKxvt83nU74Pg+PDufI64QHSfOb1vN8s2DFnqKdgvw63uvnnkIgtaHn/L50LhOsMgzImO+7fj+kwwH/szax5GlvwFfSkREfTctv5/ln19KzcDEw/R745ZA7folE+KvVlAbkd9MhDUUbxa9+ytJw+aVhuXSwPid/T8zv5wxZqqVdAkUnMP9RXVnl655TLPzL3Kgg4wQjXdqRrxfLQ46RLD1QitUUo6f0bkFRNfLyTZGuOIk5Za5/mbT387FwZnY/ioM6crzLug1y4b5s+zCi3JjNI4rpEmRYXPTP+tK+l5Zd7YOKQXx8fG5uLisuOTk5VapUYQAAUGLgggMAcHowZv/bN2rmdxNHre0z5h/3Tm749YRJM0eNmsk31ukzenKgAw3W6d7J7O1RMyeOWmjGueK8hd/J1O7ts3biwkmjFtal1Pp1+tvkRl9NmCjTo8DJlruPTuJYE0d9Z24afMXqmWY6jRrVZZsPHd5LAnRDFgXGd6mDpuXyL6851jeMGeH3McxVjGnTjU8mDQzbLuu7TsNci94rvOdZCd58d+Jq8U2l2Mv4Dlds8flDLDrG9+mp02yTyMfyU1bjW++u+Z2e49/tGkTxibpRDsbn4UnB5cALcPO8vPNkUfgK0Cn2kqWX2tcVZONGQkzurPWG2nK9kQdnakM346KqOcMSL5zr7RPWF+/j/a4JOY3sH4/H6MP8kBTxFCirzOahop1yM7cQ51ALL2BSzK2nvthQG7uelRHGJ8bG5SCl5IifGNNZM+ZzGKLc3M60bWe8EW5mvgK5ua+6Lj0KJYva4VOlWYkB2ZD1khFpp/BXq3/FpfZV26drs1j4s+ASiXEpTYu6VEu7BIpDUP5zCstSObvnFANqvfosq8ZtFRTx0o54vRhufG2bwjXFUqL0bkFRNvLyjPVYj+4+JvG/94bY6wztfhQPeXvnzivoTMcnllkfhsk7QLjrLppnfSnfS8uw9kGFIDk5ee/evay4ZGZmNmwY1XsRAABERtH1ontFBAAAAEC5wfQsWcoqUtljyjQl9WUJAChbKsotCAAAKiDjxo1bvnz5N998E8GTRji++OKLkSNHrlu3rnr16gwAADht27ZlxQIuOAAAAIAzF+NTXGGZldrZ0ZydqXC3Cean+oOgPgNwxlBBbkEAAFBRefzxx0+dOnX33Xdv3VqEybbz8/M/+uij0aNHT5gwAeozAKBUgAsOAAAA4Mwndh4wy5Yy8pQNAChdKsotCAAAKhhVqlSZM2fOXXfd1atXr3POOadOnTqF7uL1etevX+92u5977rnbbruNAQBAaQAXHAAAAAAAAAAAAAAVE03T1q5d+8svv2RnZ0cTn6TqSy+9tGbNmgwAAPwptgsOCNAAAAAAAAAAAAAAAAAAIlFsARrfygEAAAAAAAAAAAAAAACICRCgAQAAAAAAAAAAAAAAAMQECNAAAAAAAAAAAAAAAAAAYgIEaAAAAAAAAAAAAAAAAAAxAQI0AAAAAAAAAAAAAAAAgJgAARoAAAAAAAAAAAAAAABATIAADQAAAAAAAAAAAAAAACAmQIAGAAAAAAAAAAAAAAAAEBMgQAMAAAAAAAAAAAAAAACICRCgAQAAAAAAAAAAAAAAAMQECNAAAAAAAAAAAAAAAAAAYgIEaAAAAAAAAAAAAAAAAAAxAQI0AAAAAAAAAAAAAAAAgJgAARoAAAAAAAAAAAAAAABATIAADQAAAAAAAAAAAAAAACAmQIAGAAAAAAAAAAAAAAAAEBMgQAMAAAAAAAAAAAAAAACICRCgAQAAAAAAAAAAAAAAAMQECNAAAAAAAAAAAAAAAAAAYgIEaAAAAAAAAAAAAAAAAAAxAQI0AAAAAAAAAAAAAAAAgJgAARoAAAAAAAAAAAAAAABATIAADQAAAAAAAAAAAAAAACAmQIAGAAAAAAAAAAAAAAAAEBMgQAMAygJN0zweD/0yAAAAAAAAAAAAgDMWVVWdTif9MhAdKCkAQMwh3bmgoADqMwAAAAAAAAAAAM50oHIUFQjQAICY4/F4GAAAAAAAAAAAAEBFAVpH9MAFBwAg5mBUEAAAAAAAAAAAABUJaB3RAwEaAAAAAAAAAAAAAAAAQEyAAA0AAAAAAAAAAAAAAAAgJsAHdGmwcNEiBgAAAAAAAAAAAAAAAMCPyi1ALxyR4k+PqbuLlADLmN6DdrtzDgMAAAAAAAAAAAAAAADgT6UVoBcZ2vOdcwNCt0/oTir09AwWHbun3z1+OwMAAAAAAAAAAAAAAAAQgsopQJP6PNjUngfOzJR8kMaDto+/KHoNGgAAAAAAAAAAAAAAAEBoKqMAvehBU31u9eSKzNd6+zb0edOnQb8ivTov8vfTMcLcYLjv6D5+i1iZO5g78PDJ1n7OPYLl7N3TL7f7/Zhuxr58+u4wcXzHtWfpwUXWge56xIo8YqH9TEMEAgAAAAAAAAAAAAAAQNlQCQXoRXNmi4W0ccObBm4kDVpwHTMEX0PeHezvp4O05sj20Vw49nPusX38RTbv0obbaKlc880Txge6AgmKIzTuQB154/ge5oGS+o1NM+N9uSjwTAfOfLMPAwAAAAAAAAAAAAAAgDKm8gnQGds3ioXUtq0iROvTuzdbNELIu6njVvj76Pjk691cql4xLlXETuOOPJYMbc52Tx0shOO0D0wpe8WTxnG2TxjMZWuf22grgkxEsmjERSJOq3HLRZyZ4sBz7/TXvrewW8wIb/buM8BUoDduN6XuhXOEOJ12XW8GAAAAAAAAAAAAAAAAZY6TVTa2bzCnDTy/VdPIMTNaPU7Krj3EEHnnkqq7fQulEXLv3V/P5snbjI6bDp85bnb38VsMtx5DH97+ibBr9kVoOvT7mRvsdtZSOP7AULQ5vd9cPm6joUob2vfQ4VbM1Fv6NZe79R4wkM2dTar0J19nDKUdF31pJjMA5s8VnWXLlnk8nnBbnU7nxRdfzAAAAAAAAAAAAAAAKHMqnwDdqm0rNtcQiQ1L4d6RNOjmTY2tC0f4+9PghNs342tTX549OGU2C7GXJX/7WyW3apvK5loONyzhuJWfhXbzVueT8E1/s7/ePdza4K+h974ujc2ey0yRervwv9Hqycdh/1yxycrKmj17duQ4LVu2TE5OZgAAAAAAAAAAAAAAlC2VT4C2lFy2ZUM4M2aL3dMvD3DEXDK2WMbXMaLP4+NS51KGSaRexD7hMnarW/o1ZaBCQ8rywIEDI1tAQ30GAAAAAAAAAAAAAKeFyidAS1cVbO74qY/3DpiH0GfvnDbzAzbecpeR+ZowI140wm9OwqaGmG1XqJv3uyV1vLGXbxd/MqYL++u5Xy56s4+MsH2DLRFpyGzI1c3ljqbr6lYDSVEOp2M37Tew1fgJ29mW8YMn8AA/Hx2gwgIPGwAAAAAAAAAAAACgfFL5JiEkhfc1c06/7RO6pzy4yLfBpz63Grf8zVbWbIWtUk2XF7unjg9wxmFtmjtnoQgwJGDj39mDe0zd7UtWQMcyFGomIowwd9k9/fLBfsla0wnaphz0TUsY2aK5ab9b7H470sYOhf0zAAAAAAAAAAAAAADgdKHous4qIwG2zHZIfRaz/4WPkzpuxfdc282Y3sOUhuWOYRx3hN6laHHSPsjkUxdaGQthZ20/etrMzDfhABqUB/Ly8hgAAAAAAAAAAABABSIhIYFVJtq2bcuKRWW0gOb0fjMzM3P5uFb+oaTwZmYK9VnEMW2lBa2enDku1X+H5kOXfJDmH9R06PeZmf6BRrLfW8bItEvmCls6JFvPDEgiKA7jarJQnyNjmWATAwdAfQYAAAAAAAAAAAAAAJxGKq0FdLkigkVzkdk9tUf3CYbxtGUuDcDpBxbQAAAAAAAAAAAAqGDAAjpKKuEkhKcX6SJDOvpgix40HX2kXVdyk+XdX8/mrjtSxz0O9RkAAAAAAAAAKhNut9vj8WiapnOCI4wa9XBKoyYOV+LR46eq16yVWCVRURVC1zSvVyvIL3DnnvJqlIbb6/UmJSY4HKoqYiiKSFVRmMPpVFWVjsJsh6BAisMXNcaMXVQOX6ANxufXxrKiOuJcTgMXbdXFPrru9Xp0zVuQn+fOz8/OOen1eOLi46pWrVqrRo2ExHiKRH8US+TERUk4KD+e3JxT2SdP0pGrJCVWrVY1KaGq0+WiHRXVpStOt8dLJ5STl+92FyQlJVZLTKxZIykvN2f//v3Vqtd2uhIPHz2anZudXL9u7RrVXC6Hqnnz8wpOnDqVfSqHTiahSmJCfIKms2bntA8uSZETOgXjTFwuFksKrdYpL49jRtmK8jeqxYylW//pqqa78z0FHuaol9wyPqFWntt74tTRGjWqO1SnylweoyKMGjh19HBuzgmHypwOo+68VMl0srSuex28Nnniot7MvBhLzDy+Q3EYheJw8OR0o1XpGi8t5ohzxsXFu5xxTodLdRgtwCpCSsg4NaPVeTxUQfl52bRzXJwjMSGB9qC9EhISHQ6H04hJTZVyYByeDuJ0OhRG+2pHjhxRFb1qQgK1mXg6iMNx9PCRGjVr0s5x8fGq08V44VB7NpogZVJRU5q3CVnaZVmzK5Yt3rxhze7dGcePHRUXlCjTgF8BlU6+W6tdr2GN2smqGu/VtVMnTuTlnapds4YrPoHaPNUTM0pb1Dz/1bQCav25OQX5ufn5eR53ATOKy0hTNS9r8zo1qoGuW6o6psiCEKVh/KoUyq9U4wD8clTMTVSkTDQ55hXxXUb9O6jg6R+XUYTicqcLjIJFIzKajGitdLehS97tMbKZn5/r9ripfuIccfF090lIiqfKM6ovjmrD2EFX+VXgplxQZLpRUV1SwlTjBM+8wygouly83mNHj+Xm5jpdTgqhmwJloFq16vWSGzRtctZZLVMZKHMgQJcxTYe+N+4Tw7/z9vEXpYy3bxk4sxQMljO+/oQ7gG41sB+mHwQAAAAAAACASgJplAUFBYaGFRHS7EgCIg2QlDuuExoYG1Sd9FcS8hQPCVvM0q9ISDZFZBKWHIoh/OlM4yqS0CKNaJYO5RB6Fheg7fqzofgZaemm3CV0PSMDiiEqURSSKUn+0ryK1+3wkjroMFQkh4NnknLrFIczVFTGNTIn/cePb8RwGiqkky/RP644LhqSAE2npCteJ8XxkAAlRDAeT+Diaw6eE0MlI1lU0VSvU6MQ0s7o3IxIcXFM6nH+CE2QCpykYSp52iUWYmWU1WqUgqLY8sZ0Wz6Nb9812uoleU7TzLEBqnZRj7yWqECN3ansnaTt5zsV5jUrzkGCpVAcqb4MlZnZj2MTw/lAgyqSFmqmrhhSsaoJBVNxSJzm/5YGSrkVbYn+NF8CXPoAABAASURBVBrd8BptUuH5oqOKauI78iZHYyUUlxLltegwgnQvHxNR4uPijMp0ukjQJOnSFWfUpcvYmZqEkXPfmIga1iFt2dTsiuWL07+ac+zI0cByLAwZWTElYl+I7ht5sARoxqRSrASmw2xNxhxUoIEApvpFFGI/b0T+wQHpKWabE6HWEcM5XZAZNg9hjFVwzAGTEDuIBqL7J2AeTg7M8HEyTVSf12gnvgEbCsrJPrVn1459e3dv3rjm/Hadm591DgNlSKX1AX36COHfmTuJfq0UzJ+n3y2mLmx1C/RnAAAAAAAAAKgc5Ofn5+XlFSpTMiZMTTUhKNOqw5SgHT5ZTsiMptKn6dL+UjMNJ+1aj31VD4/G7VvFb8iYlhm0ZbYrDm2mbCpTdi2JR9dI3+TSqs41MlMOM0ytFVXE1W3anEjAPIqmm5a8lrkr10D9sWS7aKDsUflTLbBSJfpqVXy2z/LU7ehC1qNzMoQ5r5d+hTjo1Txis2bZNZM0TMlRFONPlL1u/e9fd5r1Z1jFyormUXkY/1fzVaWVNTOylVsmsyz28TsQzxbTfUqlpbLyQKFX8rS8wlSbKWKdaoN0aHPsxBBH5ZCIGAQ5zTU7+9P3Pv3o7WNHjrAioljnLy5SU+i3XVahdrGaeBB6sLW1qSIrNnHaXlmhDyGiBR43lMQflIDuh39mAmJYh9EDUjKuZeYXX6jZ1M512wiZPdmc3FO//bJ07eqfGShDYAF9WjAmKhzKSp0YJQsAAAAAAAAAoJxC6lhBQUGUkYUWoxo6o+KMMz6T594VDOGPq5O65ihQvNyW1felvK6oDtPemYu9MilpBM2YdMsgNtnsLrnabQaqjEucwq+HylNWuaam8XBSv1Wv6fGDDqOpTApnwpTTSIhrirrKFWTamx9XmmnzWLphb8ssO25TybSp2LrPP4WlpIszYJawKhwUGJ4nVBa1DC1qIT4+npUGRapWiagRURB2VY4bmquqYULuNdeNkld4yZveFYSNuivOsCvO8xRoui6sWFWd2SuaWT435LKAS8IyJV1WneJnhCudN/gsZYX8b+2sSMHQaKWW9b3iE1GFkathTilMpI39jMaiO4UtPxfZNa/mSnBZXknsmVX5XGjR16pB6dYsqc9Lf1wUYkMUdtBiQMZaMypRt0ZrLMN33a41K8xWeEHnbAw8aJpwpyNNwn0Xcthi8jN/DhdLF2bqASG2Q/DLTzoMEVelImaqs8eUu9NZKvKKtkZGdMUhGrxvDMO64I17mvnRhWrToH352fHHVtrUrkM3BsoECNAAABAaMWoqDARkh9V6upvI55n0nCVNSBgAAAAAAAAxRrhoiD6+oTgZTlyNz+qNfiw3febdW9XwZaHpXtXh9plMUtdX5foO6USGuid6wgFyFbN0TwoX3jP4Fk1s4foU31dYqFomm4ZzBkXVFUsFFqmo5nf7QhKm7b6DaLqfVTIPEWKVoa0KDw2q2S3XuWpp66JzrdIw73b4OQdRhA4ufknL1Mwg4+yMfOtKVLKghOqC9i25x4YiV6utFpjPStRnXCzlda6ua6bTC6Z5jJcdr8LculHWVK0Kd0ziNPxtazoXrHk6mle1mcRqZuLix7Qep4almtKwKryl6Jaer1rOE3zGzKZwaTYWEVMxF7y0E/NZuxvNjx/DtyMdjPs7NuqZ3tm4lbyXe3ox4ng1jylhcwt/VfG1A8WyHFaKpECXXs2uWL44QH3Wi9LAFOu6YpZpszQFFqNDqm8QSLpy9rPl9zmx0PWAQhAhxlVsfZHAh2bsCepmjfvlSfMJ/IqpeDO/kBDwxM0FXfe54BAjFwEx+T/MMuTXhW5uWUxrwjOPSINGJcQmwwm0V5OfVvglxXzH3fnntlq16jZpdjYDsQcCNAAA+KDHlJjig1A8BXGnDubs2Zl3aJ9+8mjOwUw995Qn51RK4yY169XQqiZf8u1neXrcmBvuG9Srv0uJ8zKvx2PsferUKXrsmb7luLsyBgAAAAAAQAwoqpEsN0vUSWF0OeMMPwyKpRmphlsK7pnXmFXM0BL9VSTTtFYJdOpqN0y1LwTAj63IdAJ2N+arM2c4FAavhsalWpavquU7wZ44rZO+JHRwxfTaYeiWpKcqXlLRFWPNq1k2JcKUxCtkLqFVMW5pIjxTCPWcGTuYgphld8t0VmSlsuQyZVGrVVFUa8GyXTXXzV/jjHjVq3yZSk+z7MdNHc/QeY1CMwzUXcYkgfRixG3MzcSEMbHiM39VmE2dlC4yRPUppjsMvqz4jKDllJS+xmJlWTFts3XRBHw6pmXf7hCm7xqXtsW8liJLCiO1UWROjC54vR4+T6aimOa0pkir6cJwng+qsCJTKjW74Os5oTf4BHclQu6kis/M0laZ9ITj31Tl1RpgBG1P265B2w4qbed1a2CIMen4wj8/wUbVYqpCxfrlCrlmKtfWCIioYV0P5YDD+sZCVBuTgxP+p2ZesLqfLTbz9+Ahx8PsMrTVGnw537ZlPQTosgECNAAAGCYGApKMk5KSqlWrZqjGnnzPvoL9q75uXK9JfLz+++G9BTnZihpXvW51plbdoqo7s49T5334+xOe+uS1Hq3a9e7Wu1rt6o48/eruPUmPpg5uQUF+bk4uadkuCwYAAAAAAEApQd3XaBwE+6M7qEcb54pPSCC5lfkMG7nUqvjERTO2ZV/J7Aa23FaxqN/8KTYljDE/fw5+OpapOloW01xndHIhSZpDSzcNYrIxa0chxplH0TV5XH+RVDclTtNCm7sb8cunn6Sl6EXTnw3Zi+qlJD3/YlWr3cRVqof8V8qJlv9gL5UYlY9XFzVo6HTcXFl1qNxrgWEMrzodbk+BpgnxzlTt+MiALzEWaE7LhCqtMJ8nBCsPAfPdMT74IdyoiBnudGmlrQg9nHHF3GbMzcyq0eTRFeuQ+fkF5mABj+l2ewwJ3ZoV0z4IYoqpRXHwLSl5za5cvvjokcP2EMu8twh6uO2KNKVVc/o+w7rfpiMLYdpc9DOL1v0MgaXCay8m8bGCWW2icm0pm/5SxGUkakPWteKzL9eZz26dq8lWZDkSwHe0dGRe4UKHZj7d2TKT5mq7n5cc3bTPpzi07rSyKpIV3zHT270sNN/ti6egqOa3Grm5uX/t3tGk6VkMxBgI0ACAygs9lgo48fHxVatWpc6EvSOi06h5SssWw/+56/Wx1eOdXne+V1GbtDjLoSapDRr/b/XPuupU87UklZ1Ssudn/PK/339yM62qEl//3ZrfTPygWe3GakJSYmICPSupp5LDiePAJhoAAAAAAJQcj8dTxD24iahDiUtwxbm9uXluS/Ex1EBLuWVCIbTLxFy+0YRXCsXfzNAyZPX5Z/CXKEVEL0/ZYc+GOdWhZWYpDWINDUu1jGMZc1heMrjMpJlWtJa2Jexa/Y/OhBvZAE3WlJu5n2szw6adrl2hFgbSXPxVhXAbaGIZDcIAhRWXYlRrodgVW7vgqFtTSwpf3LxeDE8lJN9SORnm5Cr3sixkQObv8dkWZi9DYcIqlU3r+JGKUff9q/mES+6HxfLtbYrYljsGTWEOyzZbKSjIl62R6s9rlH+8wxlS7/JZWLOiU8Ka3bRxjd+630CMiV6YGM3L1RyfkAK0GJUJlZSZnPA5Yx9PskfzDxRjDab1tKgFm2cM8av5F6GoOBapVP1Ef93uekVi2T7bfciY58n8hsQCnWmY7c4XohW4C0w7aK/m7wM6RBkc2L8XAnQZAC+lAIDKCCnCp06dys7OTkxMrF+/fs2aNY0JWAK+B/S6NAdLSKqZX7VOxrbfC/JzSX2u27SF1qiFqif8b+8Gl0adYIcWF+ehB7pbjWPOJNWlqXqWfrLf2LtylTz+mDOedpQ4HYIORIejg9KhKQMMAAAAAACAElB0O1nmdBmWgg7ua8Pr1ZhIgWuP1qyDiikFKZZ9op9IZk0a5u9Gg/kkSKlL+iQka4Yxzc/QWX7Xz49jKsumvq0x6WZAmk2rhith1RTEjFyqlkMIqS5pUha17Chl3mSGTYtp03euLrx7+GfYZ3qps2KayrISUMLdQ2Kqbja3u8K+VbgpseQ/01CV5Genw6WIyf6skmQ++1ertK3JcSxXGSJtFkrkFBF8htAhS1WXDhJ8ltO65VpD5lymxmSu8vPzLYHVsDGiEKfTENFDyKFGeqo1ulFkSlg1u3ftCDDJ9rN/ss5ct7mesC/4xg80q+BVIUDrdNZmZFszttJlLMj2WQ8ygg6Y6ygAmWd+keqKv9cdFvEy4deXL5HgY/D5AjXLuFnxzzg/lk1i1q3z122tUvENnXFv0l5djOJIw+3gs7OvHj92hIHYAwEaAFC5IOX35MmT9CsU4YSEBPvD0u/BqfKPhByOc28aql47eFpifI3Olyn1m1HwAT0v63i28VGPYvTYXPyDHjf1dRxO49Mnr77He/SN/7zltfrHMnE6nNC7ZTYYAAAAAAAAxUIvzFgyGNKdhRTjMFzlui0jX2Y5M/ApSmItWGhmNrtFFkl48tOgNVt831f1ZrKMhUzEcAMd7IratIf25UQYa8uQcLnRNNOMWni+5p4pjFnLOMwnqlKYXYlmxaCYu5Vg95DCol8EXh02fwaWBbSuCblf1qjGxyKMgQpV1XRZb+b0c74ENd1exXYdVXpQsEcwo9m0QtW/ufnOxDd4YEnPikyaMdNfgzyocS70ViWmmaT/PG4PH19xiWZlk03N8RUzI8XRn0tasyeOH/NPjkU+UPDFpfj0aNOi3xRd/cVrK3nddpXZrpFQRtC+Q9jFccUnPTNmX7PF8Y1A+MJDpiyzxYLkdYF9KCQgEdGArRhMRjfldZt9NHe+4dX4DIS6HlriDyAvL5eB2AMBGgBQWaBRUGF6XJvjdBbug8iYf4UxV4PGzyz94ep2vbQCT27e8Xy3Z9O+vwoK3F6n4uHO7+gx5ilwO1xO7nbOGFZ3aOzDpd843fTcC/GEo0OLPAhD7Fh8ZAcAAAAAACo8xZDDuLdfw6yVNEZud+ixHLOaCpXUGRU/z8iRDD8jatB8Z4E0plbM2dJCyF42g0rVJnJx986mc1nVJyX6uRTQ7EafQqVSfEqWZpu6jZnqsy7cXlsTHPoi210YK0W3gC6hTFnC3UOimDK/USKaYS2riekBdZvXXR7Pspd1OIWH6OCsSMvjENn0aYpy2ME8vCkPW/46jMTtciYLsM/1O5oq8mW9WCmWT2mjAXBBkiRH1SHmNlTd7gLFwQcVjKM4bO5ebDXpU6KLRgmrRlhnF/sQYtJH3ae6mk5JRFuVXxQEJsh8zrKDFVhbmfup1dbFqMsKkp5wFO5tXbUmhxQ2zQHCdKQTtGnO/vqzJaCHEqDtEZnlOEZYRvMc+O0hTKrFjrZc21JjPrE+uExAjIAADQCo+NATRbhgrlGjBsm+Ubpg5s9wTfF4//PtvJ/2re3WuJGuaK64qq74xE2njjDFxbyaOXovusKqbzpleiRn5Gat2rqfNyjsAAAQAElEQVRWC9/HoGxQZihLIm947AEAAAAAgFijKm5N9zJddboSuILjVRXDtYVpY2i6PCCBiQQ81ZhpkHGl0FgWVrMOY5Y5Q/Chbq6mimn/dBI0vVykNq0OuRs6h11w4GaJppmjwj1pmAKWFHlVc0HonsYhuXRk+FEwNokJxzTjWNL7s1CQjM2qIaprph2m17B2VnXV8lfAbSWNPDlUYSDJjKypdKaGBTTlxauZjnUp7wpF9VIxGCdgTGKna1rhomE5QLH5UdYtmd86e8MJt5cKSvMqLtWleQqokLy0osTl5xsTwnGLaE3nsrzCJ4ijio1zxVFr4L4dLKtjhav8jM8TqGk+JVo4gzDM6hWnGLfQhRtoo9YMsZKbszPRJHgEI1PCdJc7fTYnnOS216bBNR1Ek4KpeWyzmYpA7kuDKsjjcauGsbyDtwjD+jUuzkX5obbo5S3Sa7RXxZdPIxvKaXn3UiwvzP56qx4Qx76q67rvojA2acyoOE34PjeKQVXNSQg1s52bO1q+OqiRewxjYWN2SEUMKthEZ6Ez86EI0xbePIrvchaRNXGN68YlQxcQFaIqLjzDVF7nIYpu/DHd+qrAOpBl8mzmU/edpubVpeMVhf+JW4a424hZC726KSX7F5xHsa5/nklF3J28vB1Tqvn5+Txc4x8/ePg9xPBqLkuHf+egar4pLUHMgQANAKjgFBQUnDhxQvh6LtKUEXwo17njcOZjM1/oVLdZE0dVGktXmIN+l+7ersbFO9yaw2WYUdNztCAvz/iKTHTbeMedHr3pG392FjYCTFkSvqEpk5RVBsCZxfHFY7rXogbc/OYZW2DKDwAAAJR/FFN6UQxraAeX/8QH7FwwMo1MffpU4N6WhaMexrMq8/8SX7EmSSMMKVOTCpepItu9MPhJb3rA0RXpvcF0O8BDxYyCQpPi+plPctUtQ0fhUUO3ZhfksQxVy1gwzJ8VMTuibreFNF1RsyB5sNyiRLFJEeaqomC4ubChD1tG0NI5BeMG8qboKVxt+EyZ+a9misJmiDAfFw4b+KIp9yq2fcxoirnZsL+Wkw2a5qhcPDVrza8d2lJRpO2yZbRujCg4DEtnQzc3pEZFdzkoQHUYNtGqdOLB/1HNcmCFG+qeLkKaJdkC/e11RZVaTpyZptk96ASmoNtrWNdDt2xeNaL6zQ8OVHOsyDS6MiR8a2pInYUpRj3IE4ht7EAMCRlWykKTltesZq3SXl7rgg1RU1Zacs2Ss/l/dKvxeAIKKfBk+eAWn2XT+NNhClYmQIAGAFRkcnJy3G53vXr1SCBjRUTnA6MT/vtaXpzSkDnc8TTUbFhBeNzen/ftoc6NRzUfezT07tQVKT2LhQQlYeG6pSy6aSooe5RJyiplmJUP8ramTxlxdcfmhrZoUKt5x77Dpi/JymOnj0B9M31IokWXKRnsjCUva92Hz6Rd3FwWNpV284vTnvlwXajiLl9nvXhc2pR1Ri6zvhg29K0sdprImNxRlsqQr0JGqSitBQAAACgZhkgn5EQ+FaH4UF0Icpa8Z9qjikDd53fXh2LKXiGkZxbgQ9ZCs9AD3GTYEpQ7hrQJFVtNYcxSw3RzFkG7Y2ibpaQpaRp2u15NeBoxVCohzRlGoaarD2bf2XgJMB1Gi6/3zwDZxJd54aiX+TR9P1HfjGY2AHHuZhvw2aUqwqzUoTh0OcYgfT4IbVkTar9f0orpsNvSNy110u5GWP4xxSddWwnoli9u3ecyQ9HlaIU9ss1u15huzuF08JZA65rTqTqcpn8PVdjRW8Xg8xTM9PKgOQY4jggQhe0Cqy2WYhtbMc7H6XDoljG1bMVmVMWv/nV5FMvkPNRBzd0MCd9Um331JGvRFPMVFuAW2pdLa03q49YF7zu0LUNBzjhsYZZA7YdUje3tW+jZuvjKwcxGoEJunaxu3708NIbKAARoAEDFhJ46J06cSEhIqFOnjhi9Lyr0sKReVa6nwJNf0LtTZ3qYZWfnUuCOwweOKZqSny+8SIvHlSdoeNajezb/ufVIzvEon2eUScoqZZiyHY13sBji2TLjhua1OqSNeW/xFqmA5mVtWTJjVN/mtXo8s/I4K3PyMuYM69i74umG/LzqNe/+95fSV2f55Oa8rKzV6S/9vXvzes0HTd1yOkX/QshYt8yXu5Wr1jAAAAAAlG8U7lSCLxgTzXm8Hq5bqUKzVC0TVoX3ThnzM1m0p8Js0pVdjw7u+spopigZKkvmkmpTrRTTHYcIclrSF/Pp0YYWR91mxeeLlmfD/NjfX7fSuHMJxZhVz9ArVYfwh2tYQqo+wdR+RtymWpREOTWVjR5FuArm52O4suB+GZg1DSDzt65l0u2v8O/LbVWZvWaFb2fNboQqZwtUpLKs2CyqzRiqv0hpauV++RRW7PzoQiJXfC6fzbEQMwtm0kaFurnBrnFAr9dD72gKN+NVuU20FY1Z2VVYOahRs6XpjEW0dw64muR1xGVWM1CxvHOIwrXEaV1nesgUdMtHix5qmMdctnvnFjbRvjEEKlbDa4vO/dSY81oaNa7JnWmZqo/7iuZeNMQfs36Fa3D57YItG77ZMM27jfn9hB4kTeu2PeWiZt2jvEFGzb49rQDDg5B159AhQJcJEKABABWQgoKC48eP165dOykpiRUbzfj4yOjsaHpdN9M93ho1atBTc92pI15dc3BTCKNfrho6dWKVJPtzy/ieR9E9Lu/S9T+zokAZpmxT5k+fO46sGdd2HLYgvCnrLy/17DelLJ0tHF8+ZVDLWq1vm7Elm1UoPMfn/T3VOK8IhenJmvdIxxb3zDteTr1bNO/eI0GudOvckQEAAACgfGPYWHBBh0++5xDajrXFFHzFqmn8aBpA60EKjl+acjk4WoCapushzDMtwVO1LFUtC0pFM1xAS/HRULJ0S+oyBC5N1ywTS9N2m5kKGZMWujq3aNa4rKkbBrMadzTMnTsrvswHnZzhqlrXzxDryMIcSih+4j93hqtrPj8KzKcGChNYY4CC+7Gw/Pbqil2mFu4RDPeDps21Ko2drT+f/mwpl4qVcrhMCtNsbqHvtXt3sO+gW1bqcoPHGoTgpuue+Ph4xfBHbL6sySkrVaGUqj5xnZVL9PADOYwJ7zM2DZabeEvhVZob+12Gsg3br0Tfsrmj/VhmGRmFpyv+Ns6q7YMA8xiqb35Iv3D5r3D0zd1WM3PVpyTLGUrFfUkzHbzwdPgWxXSczQI1aGGG7+9hQ+czUopxKUXa4we4BNGDsgoBukyAAA0AqGjk5eWRetuwYUNhoVwSCnTvhi2bXS5Xx6Zn0QMsOzvb4XAs2Lahqu70quYMhMbjSlU81heF5uOfzwmhxDt/+OXHoj7SKNuUeToFOhFW9iyZOGqJtXz2kE9/2380lziasWzy9clW+OoxaS9sYWVE+sjeY+btZRWOvPQRqYM+9An9qXdPW7FFlHbu0T1r5o7tK8v72H8GdR+/jpVLuo1Lf/wiQ4NO7j9t+n3JDAAAAADlHs3qnTocqtR3LNnZ7yN6MXe3lH5YgMWiv5fVgKPYdTTb7uYmIUbaoytBXjsURZrM2qRqLqdZiqZhMKtajhuCMmPpTrpp9SnOVDPmcLNiMp9zW+HcwOckxGdvfWbIJkHvG6bhr2/N9NzLhKDsMGVZhVm+gX1JmKKjapqHc3nQKjPL364sKEsYZcJ7h89gmQl3HYrNsbjIk3Sq4XMWIZsDt4C2cm7Zn5spM2bzJmwmqTCSG8V56dzI3ekU3iMU37iKZXzNK1q1WlV5EaCDNdAIL48+VddXWSxgx4Ddg5VsFvQ5gm5eU6ZDCrEsxgNkuM93ChNCsa1CbU5yFHMaUiszljhurfpuCJbozPhEl7oYKGL+Nw3dz2bZ2mRZ4TPbZJJmbJ6C1+NzwSGkaquofFK1YpsQkoEyAQI0AKBCIXwo161bt1TGtHdm7sw6daSGK66eotIoetWqVd06O8ZNnpnD9L/BJ3I2enN8fnCmcgdk1KFzUiQlbvORPSo3zOBPzOgcQvPHIZ2CPJ2yZOUXMyzZO/WZz6dd36YGN3BNSO409NNlk7tZ0TIm/3slAyVg+di7PjxmrdS8efb+NW8Oad9MlDZLqJPad9zcjLUT21sxMv456JnVrDxSo9sziwzZPGPWkNSSjvgAAAAAoCzQLa++DtN7rM8EmHGDSiHycBNp1ZpVziZX6YET80ktUrdEXj28BTSz2XIySyw23DFbhqnMZk5pOia2RC+hbYpZ0LihLjOsmC29lAXaAXNBWUhbmlDJFGFeq1i+rX2iG5cvpf5lGpoo3NZaL6emsn5wC3C/07E5rFAs6ZmXsKnHcdcNPD6X5y0zcsWc2obvY3q+EPqdVO25Pw8SDa1JHYUjCTGpoKgLa5pBxTKKFjNcit2FgxfFGkvQxQyY/GVK5EWR6TBLzuYtU1V8Z8vHMDQ+/OD1eugVjPtX0V2ueN4yjPRcTpdR1w7D1YxiuD7nlt7mYIQe0htM2eAT7kNJnwHXjl0k9QnvViT7RSSVXyXAqN8UZjU5FmFP0PTaYdtR93m2MO2LzREaXq2GcTqjl11GOj+VuqoIVxyKMRWkQzgDMWvKMJ/XNWOmU113u90iROczkeqGv29VsYZ8aFkXLry5I01bNuSgkSbkal33+7Uy77v5iEvY4/HI9m4vkIBBB8X2BQYDsQcviwCAigPJtU6ns3r16qyUWLLmZ6+mdWzULC4uLj83R3UaE5j8vmen5vEqLofx9ZBqDqIaXR+P1+Fyatw6gLo8Xl3xau71O7e6dY+LVumJW8Qxv5o1a544cYJOqkSORIrI0WM+s+uEgEdEo6Hpe9KkL4gEipjAQLHImj52upSfU8f/MOOaGiFinTvy0xdmtH5CGJtnvPTSrDGzbkaRAwAAAKAkcI1G53KP4WAhX9OY3UiWd2uNrYZwYwi9FIdxrUyYmDKbtuUvV0UScfwUNP/MyEMrvk/9uecLLmwJe0rTH7ThvNpuCm2aZvsdSFO4lOqb/o4bWvJJBY0zU9xu48NFhbtrYJa4xmyKnjlDIy8HhyoMaaM1Iik/6JaBMeMuv43KEqbOotbExG7M3C7FaqFDM9PC1GgDDid3ls1fcLjFqmkVbgxMGKbkHk01hjF4jRnuC30ateI7li7co1iCtmJ36Gyg+SpK95pNxah9c9zBMqsV6TJL5vYZbRsKJt+QX5AfX7WawxnP+NTxmmEy5DRe0zRdFdK7eXa6aFbsNBJmVCawPQddZcyaak8xh4VMB9/+SjXfl/np27IumE3GD3aHIgZ3vN4CUphtHrQ1fmkpfApT3dzg1cQ4EmXGycuZGpXXo5MwTZtJAlYdhiE6LdSoWaNZk2ZV+Sttgbvg5ImTubk5eW63l0aPbKfv8Xj5qAa3gbc+mBCnJEZJdMuRt+Xi3bKVZ/IWowt7akPF5iMWZtsLtnY3hXljhEKXHzGDGAMLaABABYGEWpfLVYrqs8aUz5emU2+lsBTx6QAAEABJREFURUISPcPo2Sn8Ux315JG0bLcvYLZPeMxJEjSPMdiuqDlK/uqtm5jHy0xbkqJBp0MnVZZ20A0bSS8KWya+EOh6OKFOsqRGgBR6eN2M8WndWzZMFFRr2PzitGc+XBfovPjPKR0TLe5Jt29Jv0du6DjlTxkzbZaMsWlMa7G9S4jZCPMOr5x+T/fmtUSMWq37hnPckZexYMqQi5s3rGYerGHL7kMmp2fkRcxnXsa8Ed35LjxvLH2I3NplyspNM8b07WglGOHQFnvnfvqLXOk7ZlhquIjNH/h5f4bFK31ZoeRlpE8e4l8LQ6YsyAjtzOXUlnn2KqOsN+949egZ6w77xQqoF8Ml9/m1ZPVlTPaV05CvzF38Ar/IWkxZsiomsWH3IVNDT2N5fL29GHm9TF25MlT6pY9RbsOu7iBzWat5h6uHBbcK/3rPsG3ICJdPUSMy4Yg1IkrAlokQ1QEAAACUEGEkaNi0Koz6mVJ80c3v2S0l0tKAFFWxi1u6ZeysKIpdjJaJB+jR/rtqNiXaL0uq5bHXslj0pWDG8U/TtMfkoqjslgfblYoFzdSqjCN7PF4WYBEpPQz4l5Kw91ROn51sSbDNBmjVpaXiGR5yTRN4c3I5s2gCfOwyw0rZ6XCSDG9Wnpi7UPiD5kVkyIWa5is53VS9lVByn2WR6vP1oljG9b5oRkVpZohQxn1/fHjB5lyFCXXdI6abM/wsUHZycvLoRc3linOocTwhRbN8efhGOHwW86cBu5Qsz10Poz4z/8Eb3ffWafNTwotX8/ouroBEbG5YFH/jaPOyYH6XsK8l2KR/6ZTDGLiqViWpUcMGTZs0SmlQv07NWjWqV1cMfz4OEpCdcU6vISV7jGbFfd3Uq1evY/v2KSkNatauUa9u3aaNG7c577y27dqdl9r67BZn1albl2Rqakhi3EsTDjO8XhZq1Epe/nKUyFelNqhNeo1Di3uRr0xEer5ENC14XxBTIEADACoCwva5WrVqrPTYsXvXz3+upydv62Yt6Pnk4BgmEg413uH0MnM4VRhNyAWKY8y8LFzpeekh6tl37KCIULyHG50UJVhmGnT7m4c0t5aP/WdQg1oNuw8c9sxb8xZvOp4Xdh68vC1T05o37j7sxfR1ey27Xs+xrNXpL/29e4OWadM3xd6Z9aFPhpzfc9R/1mWZh8rLWDJlUMvuXCy2cTh9TIdarW8YM2t11jHrdI7tXTfribTW9TqOWXA8dOKedVN6tx703rpjIUtg05ieXYZNWbLF2hrm0Dbyli3wOTDpcX3PqmFjMmdCDSn5N6oR2fz5+IIxHeu1Tntiln8tzBpzQ+taHcak++uYx78Y1rxex0H2KqOMZW1Z/Pqw7o2bD/sqdFHs+2JIau8x8/4sQoXOurn51ZQlq2LYsXWzHumZ+vd0vySM+RibN+hmL0ZeL4/07Ds+g8UYq9xmLN4qc5mXtXXxjMitIhq2TukpakQmLGukh/9Mnnlbpt9gloAtE2Z1pE3dcjr8wQMAAKigKD5Px9RtZQHWfxToMLwZWNqiXw/W5/bXiixFIqli66EcCDB/Nc2m//okLnNJNb02+GHFlQlLoVPntr22uROZ7dN7xS4/eflX/ELqMtQuIWRbElaAmK4oyhkpPFtYLlO4swtu6i43mQqmJmxaxZnqpobLdHsN0iZ6DXFyx4O8OViOVqRsyqU+bmLucwwhyt8vM1aRSvGY+Y8TyHimXwVxdBnVd0a+BVndefl5wlEM/cbHx+tMzdy/f/PvW/dkZubm5Zum1IYHRWOuQhJGGXfcIUR4VubocpCEMbsyzII0aPu1YwvXpdsTOZwjikKEW5H9zJ/tdsT2YSHhClziuw+ovjjy8uMGzoalc0pycsd2Hdq3bU+/XTp3uaBL1w7t25/ftm2LFi2qVK1CzUGIv8K9Dy23bHl2XJwrMSGhSlKVxKQEp9NFiSQlJtWuXbtx48Znn3VWixZnJSVVoboRB6cmpXKvHfY7hu1ceLFxA2jrdM3RKq5cG2Ui713mZj+VWQ9QnKE/lyUQoAEAZzx5eUa3oyS2z7p/R5lpzM3cn/70hSPO4dULqqguXXfHJ1QzZsKmfrpHdbuMTmvA91AOh0vR6Wmp0JOWT71tOOhQVdefezKY6iqJ9QSdGp1gGc1J2OaZuS+09616jq37asZLIwdd3aVBrWqJzfsOm748UI/bMrlnx0fSs8IlmJU+qkvPKVtZbMlat+5YcOi6MU/M8pXa8fQh56eFzYlny5QbUoctCFXI/31mTJH9L/sf2p/9ezN8K80alMrMfce/GpJ6g7+maWfrlLTzh6Wfslb/nNLz5hlhq4xlzbj9mcUhktoy5YlZx1gpcOzDURM3ybXA+RjtFKPZzxqYGAqbKb2NQsqNt4ohXxVLg/asHNVzzMpwKf9im8mTjtK746gF4SokK/2Rjj1fz2AAAABAaaD4VB2N+2xVfMoe3+6KjyfxyO3xergdIne6LHq8Qvnx2hUrXf6ZNrKaUH90m6tWgS8H4b8KFDqyEjQ9nBSieQTT50DQXn5WzIoUMBXfp4rMkKG9uqGwOUxRVBVGJJZXYHFewr7SZ1h95mnR0vyZLxsvJU7VKU7E5XJw78leWTx2pw3mgvTPYbjhIPHaUBKZTFH3qaWa4dLXLF3dZ2jLgpZ0/1oNNtTlzjT41HaKYs1baA5M2IYIeDyFSVceittdYAwncKPXOFdclSpVatasTZnKOnB47doNi3/8cdmyn7ds2Xri1ClnfHyVqtWE62F2utHDGDuHDLTL0B63lxRWbivOzYWNS0GxLH11n6Ks+ZRlOchEJ+5wOKVHdWbZR2tmbD4kw93vSL809kuAlhs0TO7atWtyvXoJcfE0NFE1qUqNmtXr1a/fvFnTpk2apJ6bSuWvcplRDPac06ol9cLj4+ITEhPiE4x/E5IS4xMTXPFxcTRcEJ9Qo0atRk2atO/QvmFKI2oiopl5LDFat7c03aaVy/uPTZ/23W34dnEKiuFFRw0uc3EzMd77Net7DhB7IEADAM5sCgoK6BFVs2ZNVgJsjxwaFVfcaoGrwPXZz9/kGx1up0v1KCwh59hxt9PrcTkVh+EKzvDy7PXq/mPUIkQacdBqXFzcyjW/Sh9mxYZOkE6TTpbFntRRK8JNKJe1ZMao3g0aXjvdZ5C5d8aoJ9ZZK8nXT1mRYcxIl3s0Y8XkAVJZXTdmZAS5Mwxnj1xjpDT3ZhnSZuLvuZzfRjYPit58+Fx+6KO///t6X2v44tN5luq6cvxdlnpas+cL32Qc5Ekd3b/mfyO7mSd7bMbIiVtCZMUWP3fNyLOLfOgIpKamspLjWfnM33wnNzE94+hJ8+TmPmDNHHlsxqhXzJNbOfUZ6zTbPy4jZ3zzeCcrwbzpsxaFOtDZQz79bf9RURLvRuEShOdn8kq+x57FvvRZxoxZVrPZNHGUbT5GWdSUn4lXlYo4Hx57uTHW7YG5a0QtH7SVGzs262/PhNWRI/DLpzPMpFNHpovLwjipZ3qYhuxyJs+sD0fJEY7md3y6RhTwyaMZyyZfbxXAutFjZkXRnAAAAIBCMawomNfryRNStKarXk3RmFdRNT5xHAk2joTEJNKmPVxLNvQpYzYTEm49FE3oPCRgKrpXNVRFjYk/Q6J0e71ubgztk6HFQYVcJBaECbZd8DHlacqKbmRPNXVHc44yaYwstSZh3swsvcmpOvhUhMJntCFjGh6eKbe6oTVrfG46TfM4HIrLqebl5irMoXHLYE2kpnI/DSTIasb56bqYJI+O4tDF3HhnAtLsWJY5lR6dEHe1QlXLvLriVOOo6Dxet9OleDUPn6DPpTidXu7jmc5fOBzR5ayARtEbkqVRVhRF2JwaEzPqusNwz0F7uanSNQ+1EZWZdWrVERNOGAzTHoU71jDEZZX/mX66dcto12oPOvcB7aF3LZWbV5sG2pb9tOGnRSiuRqvk8wyqjtycPNWw1HZRVr0eDyVcQK1bcbmq1KrVoFlKs3MTq9XdkbF/9uz5Mz7878JFSw8eOkQ7k1R9eiYhpDMz3JSrhrmSJuZ9tPvA8Q2WCIVUfmsrItD5upxOasxcwTc1ZR7RaTReo1yYritSd5ZW/ao5oKAa6TpUft2Kzb5xA/O4TDFN0fkGftXr3MBcSYhztT73HHdBgabzone46F5BV1Mc/eeIq1WzdpWEKqmtUulOoFDNej1VE+NbntWCBrni412GQ0uv5tZ0j65qiktxxKuueNUZp9EZ0bhAjdrnn9+hXfv21atUp5w5hON1ngU+iqVoCm/MuqKZp60IZ9G+Dy8M2ZmOaSzm5eYZjYWufCpnr+JUnOK7D4c1FmUMQqhOo4HT4Aq/zD3eM2+Q6UwEAjQA4AyGnmSnTp2qU6cOKxa6bTxZQM87esI6vc4T6ql92fvj+RMq1+Ogh9cJd77qVnYcOlDAh2QVPm+4w2F+zkYL+fn5fBZmL8nEst9Aq0m1qvJhaW8Jezl0mnSyXmGKEmOS+09bc/Tomv9NHHlN++Qgbf/YolEdbzAF5XX/fmaxFd7zzZWf3tc+mctrCcnth368cloPa9uSl6ZtYjEkYei0l/ryQyc0v2PGq9fIDRn7RUZPzZo81ZQDmz+W/s2onsnC8UVCjdSrJqa/e70ZfdeUfy8PSrzNmGkyfjEOHZEtW7awEpM3Z7I1p2Hzx7/6ZmSPZDGBJJ1c30npM/pbGbIUz24vmRpybu6KZ2Tk5J7PPO5T+1dszgg+0M0vTbu+TY0iTYTY7akZQ9vxPep0e+b1x6WinLV3n1hY+Z7PmXLq+B9k1VB+Rv7P1oRiQN6ciXIuyJrDFy+e1DdV1HJVKrfFi4dbTf/Y9Mlziv79QUINa2bJ/euWrNi6KyvrcB6d1OPpVuEfncxF7i3TJi02I14zY8W/r08VBexMSO409NOvHm9ubps3479FHsQBAAAAghFuKzyeAkPXMQwrHF6bF13eg3XEx8XzL+5JRPaaU/CRnMPFLSEiSnthxgI/ktfthoo25KZgC2iuLXLVjGmWWa5vEzMdNfuFCEVSZ6Z4p/IUVNvH9qric4LM57bTzO/2De3MwRxOkQvV1OB4zm1vBzpTWMnMR8oa/8wKFxyiPIzT9xg+J05lZ4uz5BamVg0qws5UC/acovLCVi0bUl6E0gRZqPRcMybZj88mZymoqnThLUYRhC8Qn2sOKwXrUGLB1jx0U/E0T0VaPMvBAKuNGGbPxnRzZspCrnW7DTXRyxSSO/PyPc64hJRGjdu0bVezZp3Nv299f8aH77z7/n8+nfXbqrWsHKAHed6QC3YlmvkEYrHVEHmta9AyDbearx7gZIPv4u/PxneIgMOJOrAuLq/4qoEy4Ha7GzSs73W74+KcXH12GBqvkLy5lEs1lpBYNTExsUHDBnzAQatarRqJ0ZR3j8crbLP50JSRKDNen+No/CMxoWpCQqLTEU9XZUqDxl27dmuc0oRZg0DifK0iMj+eED/bj3UAABAASURBVONmus2ZhnXaJoafdz4Ewo3dFa/vojZVe14q/Fcz7yd2oR/EDpQyAOAMJjs7u379+iX8ZEZKxsbKqZPKgT0eh+JYlv7dxVd93vmiu5o3PrR354Idv7ed8+bZ017o9dGrNO6s2z7zkU/3uLg4lT+Mnca4tJwig6lxDi/zqiXuwlKCdLLZRsexTHAmpF41cuLsFRn7cnMP7v992TSSNX1bl4yauIT+yVi8SIpifYfcFGCvmjzobmkkm5H+fQaLHWc3b+4z2U5o302aFWdkiAwuWzxPBv2ze4B3hlp3yo15i1dmBCbe/tzmrASHDqJBo+a+lV37Sy4rLl7kO7mXLg48uSFfWBvzFq8Qnql5hvO2pk8Znda9pW8+xsSbZ0U8TmrHoptrN29maxXtOvaUy3vFiWesWCG13Z4j7wg4QPKQ4TezInLz7NxQzA1OaPEiOQ1m8t9v6xawtdttf5dZn7doMSsqnQYNaSaWji1+cVD31ObNG/PpBRt2vHrElPSt1lnvWpC+y9rlqyENAmqvy0sZMrfL1jAAAACgxIjp/rhNA5fxVIXkSN1nNmsQH5/gcrq4tqhZbnkVu1zFfKqt7ue3wV94tilatl8zsi1LUuI0FXDVb5pAm+JsOw8uQ0kja5+DDp83Z8uXhymUcqe0pE66FWt2MqGc2ZKUCp4QptmZ5YLDXj6GZxGmyqrQDZNlNT4+jk7G5XKQhmg0AK4xqqopwpulzEtG8001qQqX2pa+xyzfJKJwDVHf4/YYvndNpdjMCx8CcFizSirmuAN3P84nudP88y6SN4cf7AmZ8xH6n5109aHxBqpYXjWMmjVE5zydSTt6wxmxh3RPj9cV50pKqpJQpVrTs1o2bnbWlj92sLLH1sZY1E1LfE/A2605TqCbCqxPv/b6fKFYExRa16Lu7xCZsRAT98kQMZIgrhHD/Nk6bnx8fErDFOG2glC5p3gu5BqWynxkR+WTmrLatetQNNqzZo1alHGKRjVC1x3jV7rL5UyIjxe+U+gQcXGuhPhECqxWrTrVVUJSlU5dLmjW4iyny6Vx1yA+fy/ctYYiPYro8nTMs5Z+OehYFIkapZs7EjIHUZhtCESk5l8XoAyAAA0AOFPJycmpWrUqqb2s6MgnzezZs7u271irbrWnxozLzj118os3Dn/17/wPx2k7Vp+V4LygRu2XUtsPrd9APZql6S53UryalGjspiq6rU9sDZzSo1d8qqipTtMymro+/8/emwDaUZb3/+87+5z97jf7TUhIAgkhbAmrKAJhF0RBqBRLW0ttS62o6N9a21+LKCrSVgFXBIlgUQRk30EQ2cKahIRsZLs3dz3r7O/7f573nXPuuVkAkWwyXy43554zZ+ad933nnJnP88z3cXkgTtnpn17jAHYWdnmXFSQcVSbfc9CFV9y7dtm3j60/5d72kLBQ8BoL5fPb5Ahb6XzjsfcuTAzerazRSeEOD4t/Q+cdvnfthj8JCG9n09suc+SJo7DzsdsffQtrhdAt9jVU3GEW7jvt2zoTL/7h6o/0tBx45mX/c+9LG/tGdtnQaObo44FiPCSjU6hrO37YKtmJGt3xlpb8Nq/mW1q2s+Q716yvPXT9Gdvu0cjyR39y2ZkHtsz+3KNFsWbvHa5vY2+SAp0oUaJEif50iWRFhSEYopHIbYyikDRALp61MoB2umUDuYtQrHE3v2Bbo6viTcy5mTWTZj9Wxrby4mi8m8c309MGFJNraJRKG6XJYwoMjqphLV2nS02V7sagJS6wKQLZIAyUUaxcr7EWN1zSOt5oFVArhVKyVyGqGJqLjFiZHFPPn2WGpsUJ4birkaxdp6kYkoizlDlpGARLpszjMnQ4NCGT2HN0M4roUpEoj6xSwEiZJU3rKDv2kaij0hg083oZSSH5WKTJN8a9sTuxazkhTWUn47cgxAypsPnl9YAEPALuqCqyMKUYcd+HF2UNPdiwYWWCiJipTC7/Lm+i3anaiorGvuo4GEzeXFs3nGCNnPXGkMXHYhNaZVtVDa3nFNPRSqSkcczGph/x0SEGEl0u0JoFenLGjBlWCrMjNF0j4sBA5xr0sRHWLPIOBKJAMELVTTFOSjqTYyIOoak6kusw8j2vVi3DD2zb0DVNUZxaDUi0YZi6YRZa29LpHMyjqVP36ZkyNZ3K4EeQvPmYoceL8F5h6AaEVi1su13H8II8xPuUNaoa0BYNGhNy6XdCSGN21T92JLoeY1KfaKcpAdCJEiXaKyVzllOpFHlXapyhPvjgg6+9vsKrald861v/esGZeq1iwSm46xvw8ch4fKZCeOS5oiD4W519wpc5cGf4gQcQd20kQZdcB63Pmup7/CmCXYYd33lm0C/95OKLPyN/vnbvxq1f7TlxUSNDNbZQGCWKxeI2INWtjlZvM99NpOC9k2Y3HnZ9/mlnxxr+9gKyszXhzHMPa/xx7xXX7NCFY+3/HN7dU9c/3bvDFY72bdcXn3yrnbvqCII1Bs859rL79hiYOTqF+rZDWHeq5cxovw0Pb1tosNgUQXh3s3fCOTe/0fv0TcLKZkLXVtYla79/8VWv4ZpHO+CU64ffYvTuvXAnW2InSpQoUaL3kRjWMRN5wQigBbxiXGJo4QOt2Jal6+jcKthX/C5aTw1uVhN2HjW0Jc12FmNYcPM7xTrrt8DXsSO2oyn9Wd5ozxtG0A08LdEniQEcJ6PstdnYASXTuCkmbzLgWVRRGihdifNz+dicbFLP8N2LJNxxhQV247fM/QYiFwaBILcRXNAIdwTRbzHup4Q3jVF9x1mcjh5zSVL3u0C7beH/IBJLkSgx0cFY3RGhID4U+JLIwRLjipYKch2E8q28HxpZz/Ek5NvmBcvgAOejUyum1/KSkIriddBKaB9ajjBM6xZMHdPeFcx85zGIVahlmbad0nWD7hnDu+3R0QCpjXsIfD9wak6I1Yj02FYlrvAZB1FIs3cH2eo+hFEgXefRO9hzgZTr7ib1TGscz6Czo23cuM5MKqPrFsJmTUX0TNDZJpKLRMzDC2DMg4YF4PzdtK10NiuiPthGMXkYgQFiGCGolCuVUikMQwMHAvPUgyDSMBk6k823Eqp2j5swbdp0204raEFeDxcRtHkmJKSENX/UxEGsegwJtyQdxBUaROIzQrL0uu+17OXRDic7+IBK9F4rAdCJEiXa+wTfEEBjWprSE9+F5DfWNddcs+X+66+8+PjTF077j5MWum4VQv+abTpRIG7Tq8fS0bgq5G93miKX1zRN3H8UK0NNFU9tmfIeneXAjsPu76SvyW6y9vqfXC9+vvHZ617a+uXBzQ0kN2tWDxLpE3vqT9y7jUdt380/GbU4WHRkz9ZrKzan9PatfYO8jQa2AwnfqY48tuEG0vfD67eqKffO0ozfQ3X93df/ruGtvfyrH7zwru3t2etXn/vlBpvu+eIXz9mR+fKxx43u3HU3/WHsi9vs3Lqbr32s/mLh2C/+ZsnaellB59Y/2u/iT1bPwoWN3Xr06hu2YvF913//FrLTdOxxZzQ2tE2/kT/cdN2ov8xxx2795rGzce3atVsvUBEdP+h2H3nh125+eu0bslBl75Kbzumpvwl9aaYcu6jBle+6/uaN21uJHLykCGGiRIkSJXpvxIVRQQjERpUGBYHPibR7bmBcCoTO0E14XQBoNpbXxARQJrwS0mSi3HD5FcxRLMfE4/h52lgutvWNMxFlPmMdA8cOAGOTZJt2gI9Ct2bo3Lxw/Wl55z6TVgywCDAv2pzKXcfZpAlYk/ra6knZZM+XNO2l9RRXlAC68FhTNdMyZCfJFBmgsyyM8JZN2S2ik+o9wATfjEaT0NE0WxVW0ZHozEhkxWIJStmxXBBoCYIJbww6E3nJEVwB5TLplG2q0g1aQMv63IhHrsEOSVN3yzkTr68R4ohzemKfaGCysSlEDLGRMwpbldgWOYzErEYjbCay+SPYF9syPdfZNoV2F2hb1rztMo1bAUTsBHMxTNMwLVPBcppsNG83tqCJ+Wt93m69OUmeedOtCfWura9nLLiGAaL1wIVSN62Y2tOTslLSkUWEFGQwIU7GltsQdhcw3IrI1Ob5fN4yLZH6LuIhLE64loK4APxZrVSq1Yrv+XBUwudNtVoF4pzO5NKZPLzLTmV6eqa2FFpwx+uZ3FzWWGRjjtN6x42mgRdAre2z958ze785umaqml6fXPJdsr4h2z2FKN/Hel8D6LW3u6mLndQ1/vaed6/etPXjRIkS7SECjJPL5f7EWgHy7fA7c8zHLvn2jZefegwjoaaZLGTlkaKqKL7rxTesUWJbBpbGrruJbVeyWIKsKUwEhoZvX/g2PXzfueJUSORzvBeCVsHuQyeQnaCuj1/SwJxrr1x00n/cu1wS2dDte+Hac8+4uo7kes44GZOhZ130xWPr7330MwvO/cFLfWJxt++la89fcHEDdH7gaxcfJB7sM3NhY2N3/fOFNyx3MYztLr/hkn9/pv68dezCfRoLjesZrVt39dd+svZd8uHMOZc11ZQ79rivPbpRNrS4/NcXz2+kGR94xfJdk6l9xNd/ekEDQY/ccnb3/M9c/9K6mH67g8vv/Y8zew68rBEB6Pn8zV87aIcrs866rMGzR75/7LH/8WifgJWwc7d/umnnvrkcx7bZ82HCvGPn9HRh1Tu3+Nq9n718J9LeHWnBX13SU38MLP6kq+qN73v06o80TaGdIOusz47pty/cu1xC3srye79w7LHfbxQo/LvLzpJHxaz5jVHo+8anv/qomO1u32Nfu+wHo07Wxx4i/l1x1YK447unnn99fBxpZktbd4O4j+vqJmTexV89tv7Eoxcfee71r4lF4Yh77OqTZjRG78Lb3n34JVGiRIkSJRqVJEiR4DFo0SAsOGS2JB2lxMAcNcM0gU7GHrJjSZU0623c3i/M5qTtgsRaIkNW0EZ0GRYnyOJHnimzGBzHIEveWh/RBhiOXYb5KImOs2J5MyCWZ9rygXxr/eqANqh0vBbcn5jrAYNU0HRCaaQ9ynfHCLMZgI76fpA9XwJNKqPcnDQGi8fUUgQZJHPD1GBd3bRp4/PPPdff3y/9dmHkxGTASx6IPZA4zCDLMVKRnSwycgSAxtxnyjUNJw+yXeCkMLHEAgCr4bdC0SrB0BXb1BcuPHTunP3w2ojIYEDs5yLynVkzs44TXTmhjegDHx10mb/KZN6vaBxMAHSEEGYjnMkJwA3DlJNL7hSXhhJizsPTKdNC5s4idffVnePNO7W9Jxv0X1VUYQUDwYIxlygikCA6hMbHQj27ecw6Y6uNxsDXNxQfrA083eSHg7AexjSKNE1lYcjCoKOjQyR+xd3L0fpZ3o8ARzkB1uzU3HKlWqs5vueFUQCfHZ7ntbe3w6cLxQ8Ytc67ZaFQgkGPWIrvh27NcV3X9wNdN4FiB0HkeoGqWbAc52q+0JYrtFJ8HPNuUs8ka2bu2A9iAgS+b5rWtOnTFyzAhvMpAAAQAElEQVRcePiRR48bP7Fn2j6wZpmO3+iBJsOfMfnjiXaq3s8A2v/3e8Uke5ndRxIlSrTXKBSybZu8R4IwuKKZ44480S0PBYpCTU3RlaDmBbaxQfE3++SFkeLkrimabqpc1biO8XyiUq4QgaRlEgH8aHgXWnx3oLzTDzDTRYef9vdn/BUWGCcKf+9OXmH3ZT+Q91yZRVf//JwGlHv062fO7xaV07ItPUd+9vYGkTvvqs/uLx5NuPCqy+fV39x3+yULe8TiLT0LP/vrRv7ovCuubrgHLLrw70fBK+DRliyufP6nG+smPf94YZMLxryTPt5Y3r33M7Nx9Rft2Ixix1rw1Z82dow8842TpsuGds8///q19d0650dfW7CLrEKsRd9bfvMFo54Ky39y8cJZsq/tlonzz/z6vY3u67rgtqf/Y95brUxb8LUfje7cH75+Uk9HvHPn3rA2frZwzk+/Kvp1n4UnNhZ97eq4H2DZQ8689gWyG7T/ZVc1sfhHv1xvfM9JO90nZKt++58z54tN2x3zz/yfRkJ086zoOfeiYxvvfunKk8Rsb+lZ9I3RmwVOufBMOaoHXfjZOq0euePi0eNo0dX1NO8zzj0ZWXTXBVddMcq1b7/4ELEoLnnZo/WjYt7lV104gSRKlChRokTvhUTtOGGmAH+owkAXziqFc4Ikf4inAA6ZpmkYunSeRVsDOG0Wtq/NaoY4pMFqm5ITtwVtRALBUd+HqMEa5S8eI+54/cIWIKZydCwMjqKo4ejKm7AU43GyZZyhKTwZNMyAlpYd9Y4QaE+JV0s5HwMB9y4mhXZ/9RTTMEJnZJnyWke3RAyOIi0RANr29m258eeL733g/muvu+6ee++pOQ5FqwcPesnzPRbnzIo1xyICIIe6RjWFBL7LAEZj2ACX03TDA3AYedDHUejCrOGRT1gAP+O62tKW3tXRsv/sGREPMLE2tvKoJ8Xy2H+bNNKi5R7RxhwZnXOsvphA6kx6sMQsVRhOw/O6psv5IMsryrCKcICI4KEO0tQwjHR1p1YaeRu9xezidd9t2eatl2zMUhYbxzQfaM23AjTMu6V9SfN6tkbVvHFw4ZOqpsHyeKUJMQZV6emZZECXCYNouOoVKyMxtGbMh0kTeAHMmcDnYcDRUB5aHWZSGVovDirAoyKKFsIcFKbkAq6LbGm03AkCz6lV5E4MjRRDEdCIGPUjDB2Ylg2DJppNGWlMmuYbKWjD1RpAdi6fy+cL7R3dEEwpVWqKauqWLYIXGAvDSBWPP6MameOJdo3exwD6WXYLIeccgMfYzc+SRIkS7S2CAOmfaL6xleBbj6tG6vAPth57XhWLBjKHmL92+hc8fN+h99998GO3P6NamZbOOa0dE1PW1Fzq4MlTPjBt34hGCkV4FARBrVarVCrVYskpxzfJMx++MY0DO2d+52//o/59yel7mj4BnQBdQXaC8qdcv/w3l8zaMYed9Y+3Lb9uUaNm26zPPrrk24t26E7bteiq5x69ZOboEwu+8cgVh+1w5eSwK2776hjYuuD/awLHf4ryi65/9bbmloyRNuuSe5dff0qe7DJp+TOuW77spgvfoquJ1nXGt5c09/aO9DajNvOSe5ZfX1/Lgi/d/Hc9212sq+s96ek/Uluz+CYV5h20c32P36bfYFb8Zsys6Pqrm2+7YMdN6rrwth+fU1+655K7b9uxbXPP39173TmZ+lYeWnLViTtatGvR95Y8/dlZJFGiRIkSJXpvxCWslGYLMecC2NTkQSFv00dXOQ3PY7cqJMg4G4VgTTBo1LyXjppAjEVFtMG5xLOjaYz1hSVeJHVf5gbgJk2JipzXc6/9wBcEi5NR2swaTSP1FqINLAespkZIooWhRH2jIhtabp3JW/LH0GfJtfcGQiXrScastpEBHY9L7FjBxHUPQ1CrrnxjFVVVAMe6Za14443f3H778MgIVqRkDAYdLnCIjBOIsYgr05Gws6N12tTJhx5y4JTJEy1Ll4baAcMU+gCpd0R4kM+mgDUfOG8/0wDAGFqmYhmKqZHWQrazowMzekXOTmyjUE9iFSh5246OkbRcsG4IQUVuO6Z7YwSCjAlLwGNNU2VGcH0zjKNJNAvRZIZqhq7iDoaqmNu7Xm+NnklTUKduxj2WHUtrlaZKg6QBUkePy61yq+MOFP8r8YvxTQtjYLR8LwxrOp0Z193d1tqaTtvt7W1U+ICrGMWBDwWDC4OOMAiA9vqBhyUoOd5Y4AeBbZmlkZHQ9yF2pcT0HwYcWL8i7aVFnUvM6K4DaCoz0WEoK5Wy69WgWbAJmA4hg6YqQchdN1RUDeZHJI16mnytG/sorZ5lHSbTMD03MM2U54e1mgfX6YZuYxsbS9O4h0mS+7xr9f4F0Pc9h59a516snEPILXd6a0miRIn2AsGXCnz5SaT7nknBrzJdzTtzDz/6sYe7nr77oN/f/y9Llg5gGWU9UtUDWts609ZvP3Lh78/+x0fO+pvbjz/vhg995IpDjqtFZfimVFXVtu1MJmNl0nY6TeTdUmlVZ/7jm1793YrnZC7Ge0ufQdAJeJORODt8z5U/8Yol/ctuu/zCY2eOVk6zumYd+1dX3Pbq8JJvLsqPAXbWrL+/be2Gp6/50qJ5E+oAUyt0HbToi9c93fvGbX+3/1jvYsBtjw0v+80V5xzUNWbtH7jwit8sG35sGxoI4Hj5o1edN2904XedpNy26IoX400X6ispzDz2wstvW9a/5IoP7EL6HMvqOeuaJf1rn77ui4vG9obsvbX9a2/++1nWO1tXfdTOaR6FuFdfvOLYpp3Lf+CqZRvGdKnVNW/Rl25etvzaE8nuELL4tb1/uOaSD8yKxwVbfsnNr665+ezRaJO9c5LTtzfbra7GrDhxq1mRX1Rv6iitH53t14yJFeQXXfNGrxzcxiAWJmBXwxavap5v1qy/+019tWMG5ZqnN6y97a8S+pwoUaJEid47CZCHGag8PkcVyCkataEgsUMvAkoNTjjVBmhusL5mSjua/kzGcMAdbb9BoWn9zyaW1JykSbZ6RorxUXYZBqF4ewyy6xw8fhuPK5LFqF0VO6KIcoeN5WjdLLixUrmq6L3OHdnZgosCx3Nk/rJTqzVyigW+jak0kTCdKq4f9A8MwPAC18NEV0Xp29L/29/e5bkevEMam9Tzk5m04ID35jL2pEnjFi44pGfKJKC4QJPbO9pCtODgjuehwQVlba35Aw7Yf+KE7pZCZtbMaarCDFPdvGmdpvKOtkL3uG7Pc0nsRh2RMQXzIs7GzAHpQiGf4NI5hPEmnI7mD+hEMVpmh8pJo6F0wkcjKiyuyAejTzXdBPzpw8xRd0OFdD725oCtnidj0pa5KksoChcO0nTLQONXjKrrh1szqh6Lp3fUnFGz6XqQKW5Jd3f3rFkzDz3kkHkHHgCXuDKXXFpwiKgNuofDPHE91/c8pM8KfFrg6wCve/s26eiLEuewC8ysCFsYUeJQ1KMUXjxxoUux5QjaAnPYdRwWAdcGgo1eHKJsIS4WhGgHIp2f5SSIhLEIaZpAIOiwIAxEt2nw+SXezv0A3oufd7TufC17iDTctMey7EQ7T+/bhHP/UxdHtxyg1i427rvGOfNl+vV/tS4ZH7+29nZ3v3uJfKb5caJEid6d3sNE3XK53Nraqr6nN0xx6V+FX5DK927/6b/e9n3Pq6YyWY2xSs0/ccacHy78sJWyqUo8qtoQViVKSELNzJ13x42P9q4WYWLhZGfp0kyu4RPNVLagbdbdV/xc2TkWY4C/h4aGstksSZRo71XoFgdj82sr3ZXPNL9WvP4j3RfHPlnzrlj+9CVTSKJEiRIlSpSoITg3Jn+krvrGZa5PAm5MmbG/ZWc9P9i04c10KpXJZHUTznhVQbQw8RdAUK1UHBrq99yqijAa62yrmIo4mqepCDSlNIBz3SWjmaNJXEaE8Z1lWalUSjdRsEJFgxWq0k5BeAiHvuuXK0XYsOd5mUw6V8gW8nnLMOVikagpp2BGJa5/zZo1sPKUyAXRDN00bFizIIx4yz+c37t+VK44pXLR0JRJE7oBj23p6+3o7FR0E7ip57qmaWTStqXBxQULgrBWrTg1rLOiarqdztq2JRI+wolTZv6x/fynnKK/i2H97pVfUURhN9dxLdwhtUHTxeswFriPwIu5QvtHKg8+9jTRMsWyFwQeYyFWEvTDgw8+5MPHH4/smfIokHbP+Nv1nGqpOL49vWDBodOmTSsVi1Wn9sKLL61Y+cYrry1ft34TDC0wx0985IQTTzgBehUG1vddp1oZP37c+jfX5fOFbDbT1T1+sMpefuW1YrHCI6obhsitFgEBiu4fmKoO4NFz4V8YPx1mh6bqimbBMKTQyQz+5FiL3vN817ZslZKBgQHLMjTEtKoivIVNK0V1s+ZHVS8C0CxrYMJKS+Xy8MgIQMfJk6a2tbVtWL9eN7RzzzqL/PH6U0b2H//mE6Q5WDLWCCIGymP/JHVXGTGIMILMC1gq29ba3qVoJt7NEEU1p1qr1TLZDB7CVI0jLA24DBEFhvgWkDFA3sB34UEUBYxjP6Mzi4L3B6AtpYYHpK7S9va2nimTx3V35rIZQZZ1wMGWZePnAlwVEw2ufl3cZi0MfTgq4XBGF46IabrmOFUgzC0trSk7ZZi2phpwyErveZii8CEiql+imTPQaqxACNfXnMOgwsHtegFQY0DGTAaAMM3aDQO/VBqBBwi4fR92ABC1H7jQ5Gw2baBTENZeitA/Oty8afPUqdOmTJsx76DDYL+ffeb5Srlcq5UHt2xOp01YA0xUDboI3qwbSNLr/f/xT3yKvFvBxxp5P2nu3LnkXel9mgG99nZ2C6FfPwM+8siJZyizCP/ZszvBSjVRokTvqeDrUlYrIO+pxDmyIusLfuYjn1r1vw899IUbVv3vI7+8+MpIV65c+CF0b1aVIFKMgBA4VVL4YN/gg7/5eeHJV5kHL3E434XvUTgXABJN67F2PCkO6VMbX3vixafEzYDkPa+yK3tjJyVBJ0q0i6S99LVZ9Wp9M066+rE+V3whiwqKCy9uVGk47MJzE/qcKFGiRIkS/enCE1tFGFOETFhSaJopvFuZzEgUQFCiMQqwxtANFhI0WeBKJOrDKVQFGBaySDDmSJUJjliWTuNoEy2KeG+bVCju4m/G0+I9WJdOwlGJq/HEWzxShFW1XECuKU7SFAnNaKvASeD5cs0RgzdqkaDcaPGKL6qyfB4m8kahNHoG/qZixggj25hKC1uD0YRu3EmRQdLsPbInC3Z54/rN0DOmAUjWFtnqikj5VGTXUlHmEZ0rqL5m3WYvIoD8I8rRhAQ6k+HoP/fss48/9ii8z3c9aZSC6+Vco4qhayOlsmFnQkV//c3Nl3/n+1//9v/e8+ATAaMTJ020TT1laktefvUb3/zWmlVr2wttLel0pTRQKJjd41tSaSOTyVOitaeUaePbVR5CoxjB6YRpqWKotsv3MAAAEABJREFUMO6BCatASbHIIUE3jwitwKnMlCVYQRDzfFQskyiwKmBl8SqXTdXElRHaPajc0hUxzniVxHDFCmZ1MwJPG6omZo4HHJLscsHucQJkXGYDR6LxVFQUjC2MMXDCZLVFmLOqdE8WdtZaPFcpdgQAZViXItxIIlnZUyb7Y++NunM0knuxGKgoAyrmCo2LhTJpMNPoZJlXjcuODA++8vLLa9euDcJINy3dMDXbgM8AItKxhZeLrFooPE8UAuGGbDo1rqu9kE11dbYXCnkqak2iPQurDx26zfMImijotzgK4SMAAlqqsGVWg5DAMAU+XglQmVItb8LAWoYEmLPE6ZQKwxmYCoJQKyQQbuO+QkLLUDo729K2yUOXhxV4SeWBoVKnWlZUrJjIhfmQIksjCnP5xicSSbTztRsOuT1A4e3Pc9KhnCGTmserf9nBvvR8tPYMrYckSpRoz5XneYXCzrWohe+0QjZ32EEHw9fjDx/97fRCy0Qr7cJ3XMA1JVi5eunSZ59f+trK360tvjZQ2hJEU3o6S8eM0wicvamGoYr6LUzDGs9UpoRANPjf/+/aB+ctYHi2R97zUhe5XG5kZOQ99iRJlGiXasEl/zHv2i+IMn4jj162qOey7SxTuPDLF+5cN+hEiRIlSpTo/SEmLZwJEmhAYBwZkEJYA1XJ4ma8XtmLIqkR5fuYfEFUtwNoGfgsiJhtjDkLpZJx0phBb7v1saBHgmZaT4vjovYgrwNivtWSY1Yk/H9Z3XuajToPKOLOekW0VuFNLgTSeASgHhf1BuP2kGa7atbISG12GpF3+u/hsky7u7sbaR1VAixU3nAbqFchFPnjQPLCiG3q64VO84LAsk2vGgGUDx1fVrt75rnnaq572ILDbGIJk14N/X05pjjDulPZ/G2/ufNnN/68ta3jssu+vHDBYdBRtmUMD/YHvgfg0alWq6UqFm83gYRnHDfoHj8RYWmo1MoVhXo88jgPRAV3HCJMag6DQNxPivGJOPoR5/wKWMgbzgsChmMKPEdii7UWcc+aakoKtweC/gspIyJKueZJ6wWBe3GNpmHAFiLAnEBE6W5Lx0SG3qSGo7Fw8Y6f5E1mGqTujE7IqP+G6B9ezymtz1dMatZ4bC9BmiF0k29ybGzSsKsRvFvAZGEMzcLI8f0pU6ZA763ftLErGgfX4BDVCDA7WZiJC5sMUSkQB0PT9Y6OPGzAdR0YUA1YL1asxLx0/AsLgCrSRVpWNxW3TUBIIBLOGOhJHjtsIKkWi4l7KhRZqBDAdEA813McR1xkAxNAEh1GAaBvaA3Ms3w+l0qnDE23RLFBVdUZCzdtWBeGQPPhaPBqtYphKjKSIaJrTFB4Rbi2cP6ep4kl2oHelwB6U/SzfviH7Xex0/Qs+/dnyU8PJYkSJdozJWslazs5Uh2DYwrfgsHDLz1pmNyFQHoYvbR86d0//9HrW4q/3xxuiEiW+fO68ud36K1p5eER77kCfKPB9yfe9tU4zRUnEBiLfuHNpb97+Zlj5h3x1hZc707QISKBJVJ3ax3nRIn+FPX84333rD/2pP9Zvv2XtVmX3ProFSe+v25tS5QoUaJEiXaapIsqbXBVVdMikUos8mTRSTauHYbQSFOEwUHkB3DCqesxpCYiRdF3PQNeF6bKiJEZPoknwfUaX40TY9KUbtxw54hdmGUyJh2FwgI1jtrRkrpV8OiLQhEaRMRZmI0N8bpBsCx1R+p0T5BJfKwqWgM6i2UIGQXN8ZpjDLpXJUVCs207hVUZ44KBTZ1fx+jQqY7ruBGvVsqGka75gWYAstb8yMceVmBKcD8In1uy5JXXXps7Z86+M6a3tbbAIkAN+weHNTX8xpVXPvXU70877fR/uuSfCYtcp1bI56PQ62pvK5eKQHZt24beH6pURoqVtu7JXqCaPnGqDkye4vBINmsXWgvjx3evXr8Z7RjQ3sRRKc5ALwxlPUnpVy0jBjJBt1FOEp5jUcxeibg7toFZZeBC+kHDrFAphZaETKl5sHMhFtnE1GBuAIBWNZlLu1uGF9oMl29c+DvDn9AqlcZwtp5rP9qs5jlP6k7lpO7IIR26ZZRFvik2MY//pHwbP+j6M+K99XXK0o74APm+iP9A76VS+0yf3tpaACQ8MjISBhEwaNO0YRl4zLACoe97DjQgk83ks2kYYnjCsi3YhOu6IQ/SqSzsFhykqqLLTwMZzpKS4whvF9f4MEAo6dWuiP9UNHHGlmuqnrJbNXSfjoQHSSTXBD1g6Nq48ePHj+u2bBuNRODJSCY4oyOM59WiEDeFANqpmHZWJIvDfkIMQ63HM+Kua/avT7Tz9H4E0PfdzpYTets1VlOpJWEJ/Zz/00MNkihRoj1ScKKQy+XIzhfFLyVWhiArqZU8/bLf3fHdD5z2pR/cqHfv+/gLj3WlzfM67f1a8xBZ1SMv4OHxfaXNFt9g53WCN3nJE2vML6gnQVOTXf7rHx01b4FCd8pHLnQLBIThHIskSrS3Kn/sN5cMf/re6y7/2lV3v9Q3Ip7TCl0HLDz37E//3cWLehL4nChRokSJEr1nkmmTyH4kZNV1LQSWhE4MTBTnVhp5ysiKhDtsAG8ROYqi4BhmpWqKCljR9byUWEjcTi8IoDBEaLBmPrbe2lYZ0MJjAZ5VeVOCs6hPOJqD3EjcrKfGcnnjPNbKEy1swGLeqEWG9QbhbVQmaoj8EuTR0tCvXt5OFkKMoVvcTDZauW57Dd6jhSkpisqQ0CkRj+L853jPCDoKBh78hrEG9gsLmKYJKA76T9c0xTY9B01YKAA/9FggLyx58cWXXjIBP6uKMIOOdJXsM63n//2//zz2Ax8AqIcuBpZeGuq3LB3AbntrS3F4qBZ4PvBiRc20dsGVTxj58ByQakqjzu62aq1arpQ6O1tbOzrXvbmxUq4IKKnWPIcJgxbW8G7hskolbZQplGi0uRCf73nQOMyFh9moKgLHojm4jJDoum7bCkPLjpqYBUzk5GKBwmq1rMT+JLtasJP1Go8Mrw05pqVj3TxhbbFVzIZs9zaC0dzmRhZzfLiJbGI+mtUch3lGKxaSRg1HGk91yZ1JTJ9FaSSOTwDB7R8cgqHJZNJtrR0wwIquw5Po5Uyhv6HBxDKhzQReQj8c2BlDD1lUc2qe6wGJ9sMQ/Z7FfboaWqMospVoBUKlyY88WJkIPskXRVGmOAse+kfJ5LIp2wiCsKWQ7+rsGBzoX7duHd7EwP3OzvYZM2a0tLTCNKSCVQcBukDDxwVszTR12KglfMZhZd3ldterAf7EoAYLRfDBiKNNlCb0eZfpfQig/ZtfJuQA5cQxTxrnHuDc8jK7j5ATSaJEifZEAYDe2f4bRBYkFDUJ39z4JodzV539bMVL60s1M5ue1lqYNXfC1DTzAh/PlZkf4MkZRFWdszewn/XoZRXOznQCZ7YioB/6gS6yRCCC+9SqZ194/bWDZs7dGdUI4dyxWCwmADrR3i5rn0WX/HjRJSRRokSJEiVKtDMVpxNzAF8STAGviQTNQmQrHXXje9KpuAleEUzSBQSJFdDgjFcVpcsoPK8CBAREaeiUIGIS5QQp3k0oM1kFNeb1NEMmf2SFNAmMaVOxNUkEqcxGrBOhscmbY5JD8f59XJuwAZbYjdaXZyxk0iuAxYml4iXYAcNIyUxM9HJomFSMzYBueFWT7ZpZ75GSKbRU2GHzutkvqt72KIgMXUdbZRbqaK6hYPG4KLRsM6DMCQMrhbnu5VKZqHhrJ1Z2g4shDZdHomfbHznj9L84/xOFfBZQt3g68J2abenZbK5cLlVD7uvZVN6OKhXMYIVuREvi0DYyRDErzohumSlOal7g+uG47m4A1qtWrd6wYQNgbJiMCgQ5QpHBIwYUASRBC2QZHRBzk8mEdyYiCjAV/cA3jIzMd48nFM4wDqAUea6qGiY2IYrMaq0G78UKeBrMZOo4njSCILtcGMsJRYk94KTCjyKMsBAfolrNkHfQNhbmTeYbvMmbg9RjLZKgjr7CWLzkaBglBtWjivE1E9xa+Ong8gr+EQdj8Ljo6ZmastOO4wBsrlRr6XQ6x1sgVAEzQsX/NYZNhd5lAXJfpmhK5CNKh6dqjlt1HMuyW1u1VCqj6bhfwnQFO1waxnOCWc+wdAj/RUQ4WOLzXuRD21RVg6hGKmVblgFzDzoKUIDvBW1t7bDCvr5eANCTJ4+37ZT4FDIwi5rDxXkAIQ1Fkzcw2CnbhKYCibYts62tdXOvS2RlQ6XZhp6SJnuTRDtb7z8A/Sy7hZBzDtk60/nEQyh5mX/p9vDEM96fvtiJEu3Rgi82wKy7KAFBnHRm7RSjWM7A1q0HB9f+dbZmr3qhFc6dsIxBczNYRLV8GJ2+cejWzi4f8zR1E75P8ZxHxbNAVYEvV8Mwrv3tTT+adUU9uvteClaIdYeDIHGCTpQoUaJEiRIlSvTWEtxKkffwC2JFRb5wPaOyTmVZ3fYCM6A1pHVAlxiSHsB/WHcQHgKADn2OrgJiCSKcLoiomBY7A8S1/mIf4qbT4G2JD5OcrZ46TUiTdx1v4tQi/xldGYDcNQhdzNbq4FgYClMJ23hs+CqrGaL37qgFhyIf0MbKY1uSBppq2voeLnn/ZcQw8TmqF7UbdTCBQdFU6Cigtq2FlpnTpy1fvZ6wQKOq71QLudwF5527fOnSN1auTJuqcKyI0LlXVQp5zDw96OCDjv/wh6fuM50FHoe4BVDC0IOF8rk0TA/AiLqVcp3whlvvhlkwZ7/pPZO7W20bphrMnnQma9iKVtN8Fogh0qLQq1WqBWzGPjVA18WSStCrQVNEqUBSn4c8Jq8ifzmUBSgFjsZ5G0boBEHqPiqjwyXfKpL8gZUGuqaj6QW6XhCRzQ8vBr4nyhXuBgNDRM9ERHCkB3YEiD6E1gNyFdUIR/2IOannMhMZySGNAZUzlTd8apqsNrCLmizL48XGViUcbQ1XREyI1r3U5TpIa2vbvjNnMvQtCYFBAzEvlythyMxaTddMaLwu7iIAJhyiyYUWiWgTpnL7Qa1WCwLfBjacTpmWqQEeNg3000BbdmG+LLxB5HTFnPeAeV5YZ99EFJJUgR3rENfSFKDyqsDeKnZZYWhoCDY3YcJkP6iKzyUd9hU/lgJBoBmtOT40xLLMyMQPKvhw0lQzk804rmvoJlqvIH6WVVNJc5CJJNoler/BVv9TP8Fv1HO39Xo+VDnnJ9Et94b3naHNJIkSJdqzBOe1mUyG7HyJU2a892d8V7eiG5nQ97VI52rgK151uNBpmDUWaqMEGb5vQ0ODU7HuGj9wZf+L+9m+kgsgyhtxYWoG5zzihJ4od7/06MbBzePbxpOdoFQqValUEgCdKFGiRIkSJUqU6K2F98vD7xA9nUO8Td7AKiaYEB0ahoEIK8JCYGJRCaABA2FSaQjgMQrVUIkAJ2GhMC4MWylQJ6xPp6hMiZSY6tBGNZR6Zu5oEgb+iSQRUJQab9ZpAXoAABAASURBVIQzzIoe3SaXhr8ypbk5S5FFTGwBawyGwjVYrrPZu2C0viBBIItp21GgKKNbb/hNx/i5yQaaNFKepQexQOp7BZ+SPSBTWqnwSMFnG8RS/GbiCgW43oUX/MWDjzx53yOPeb5v6fr+s2acdvLxH//Iyb7r9fb1bert9T0vlU63t7V1drS3trRYpgW9HbguZ4CeXRoFKUtXbR0YrhfygPGqF91y+90reyuRX35j7ar2tPLJj57V3dqWzubS6bQXOYpuujUv8jCHHthjzXGjaMgyjGlTevq29PX2D7kB2qUoBMvbwahDKxE8hxxtKmSNSTm4YvbCxPU9CIPE9sexrUSc06tII3AZzNAUVbJOWAxmqSjYg/BaUNHdUUGHU13DbMhqrYrONSo0jxmGqSNLZdIFW7JmInZKDisTvhW8+aV6WjNpSnCW6f7YK2wskm5sHBWRpnqGseUFQPnAt1STYWOMlpYWeE3TddM0RSCHWLadyaCns2nahgbLY/0hz/Nc+A/mUK0G0wOAsWVb8GQQENd1oSVhEHquDxNJMy3EyVRF5qzhfRLIjjlJwSYs0zV81/XhwlnYkuAuomG3+PAIwtCAiWZiDjU0JpPOFEtlaKyqaZVKFdA9PAP7B33oej5cd+twse5U/GoV4TXMuRTma2tMsyBCksp4XpEI2xOKufWiUCrGSHZbLcr3od5vANr46TXkp2/70hlW7Yz42Z6mx4kSJdpd2mXpvY0MZVPTZ+bGLy2v1yDcThWfujO7CrQSBqarcL1xGhpoPBUyR1FLgbqf4u+7Sbl5YsQ9IspJKCwOy8OJoOJy55cP333J2ReRneAlB50DXUQSJUqUKFGiRIkSJXpLCcSFyYiYeil8dYlICmbC5gATRKOQcqXuqowoGS1+DSP0HMS54qeOblFApf3ARQSNJ8kRLE7qr5KmxeRjeRYtzWDj/Gg+CsTqvxvAV2Z5juW/gqlB+zADGh09xMk2jd8TYXo0Zl/Dc4jjMGM7lLYeTFQ8izcRA01az4WMnx2bH8obz5K9RNuaCTQajz4JAGRVLBpp6dq5HzvzmGOO/sUvb+3r23LKiR8mASBAB6ji1Mnj99t3HwCEEeJgNFgOQ9dzPFhxSFTOAkPh6ZTu+w4gQT9kIdcdrv7uhSUrNm7x1YJmWFrkHzx3/54pE6OIv7F+40ipMmNGj65pmzcPQozCTqUjrvUNjpi6XshmNVVrb+sYP3FyX1//mxs2VCsekGHYJCVYLhLoIUUjaZhgnsF0g2lySmBCNI9EvTrMeccJIeexQnm95CI6xshahoRL7wX0f9Z1dLMWdFXRdgMNazil1Kq1IAxaWlpN01KEN0VzCKTxm9Xn/1b5y4zLbOk4a3mrN3IyJpoyGpuRnJpwebyIK1+YGIFlmuJOCGLBI8vobGtxqxXd0JlKgf8CujUsU4XuUzXsfIaBI9f3oA06jAknehC6rmdZNjDiwWgQ/S/sTCplA1gHglwsFolaNdDRRafofAKfFATWBRewkbiJAYYlm9WxTCT+cGmKXXMBa9dc12ltLYzr7rIsS+Ww2hQ0uVqrlUvDLa15zw+Gg3I2k4VuhbfAXDBMs+pUYOK5ju8bvm4Z0Lc6bBZIt5EmpALXzViAsHHvQ0Kfd60Su4lEiRLt6YIvIWELtSv8N2j9VBu+gs8+atH/u+sHaGmlwtk02TRUnQBx/sggymgGhxEpNZXpIXVcb2Laoo5z6ubhX00omJHmKQHEWuGkV+eqpzHVSN361D3/eNanNHGuw99TLw4M72saFh7ZLZH8RIkSJUqUKFGiRHuLkNHh2SPAnvqpL9YPFPewC4cKUbtPLCmTfzFRU9eBW6qhyJtWMQ1Zqbtk4DJox9yoFYi+zDFnaNRVG914s7mFvCV/u6fEtNnumZEmfEZkDjUlgR9gygfdfoZyM53j9XYCPEc7Wk6lcS7SSSVuoTQkifl400pE0i0je5Ma5g2Nv/F/3HHGQ8/PAGVER5VoQlfHpZf8A+x4a0vedz23Wiaq6onsYgVLNSrotILwNpJ5t6ZtqxrAayUKHRa6g+VSprXLp8qSpSueeOalSEsrACe96pz9ph179BEwrn3F6g9u/lVI1dQDZO6MKQfOnoGewaphF3K1IcXnrOgECndtXS1u6YOxSRmankuXK5WKAw1AK18WiHR1uBgTjjFMZMrjP8LkW9f0eohD7KYwdlDi20/l0zLOQeR8RpxNFVmUUhV5uGSXqwGC29vbRV1EpVE/kDf5ycQLNz2OF6hPReGJjU81Oa3UcbP4t+7BEqdLN9bfOOQbYR40KQk8GPBMJnvYgkMB8qqcuF6NRQZVeK5Q8H0XSDGQXDudAngP7wuQFcuSpNzz3SAIfT8wdRODSYwV8nkA/iHsnucCz06nUwTmDQY+0EoDgkdhEJRLZXnQwTWsqGzKxJSUpjo0CNDvBytG6saWLf2trW26LnZcEfEwTbft7OBQCa58TdMYKRYN3YB1+74HwwpzLPAClypeKkjjJx12Mmxf0zV5ZwOTWfRN4TGSuHDsKiW8P1GiRHu6giBIpVJkF0qeGf/loo+3GClD3MnWHlBLUwOFKWPPVLBaCpb9DTsyRgBn2zyaVXRP7CsGGoWQcRA6lCs1ndjwPh68PLxq7dq1jbRo8p4KuihJgk6UKFGiRIkSJUr01pIoD9AcnDryuBoZ0hgAcwiCiDSNFba7UUhkQjIlmI4qsihEUrFkYY1CXoi3QrTv5Y0TXGkvgE67jUpfdXw81gl6NMe5yUZD1ikkZDSFk43ND0VEDu0XiJQ0rU1IelizBuxj8u1STfi7sUJcWBYrbO4o3sTzyB6vphzzbbOgifDfwGsQwzCE4QkLPScFfyg0l7JUHrXk0uPHjwd0CHjedaq1WtVzHR/tFAAUR7qmZTMp29AsjUaBE/q1cnmk5lZL1crajZt++8DD3MwwzdB4bfrE9rNPOylt6BXHvem2O/xUbiBUBmvBiy+9xiPiBKzkBGs29KZbO1It7T5cSukmXEoZhgmtam9raS3kZ06ftv+smW0tBfRpkZ7gWO0uasyfSCqUntdxijBr2CHH8YrG4Iq6hWIxgJDwGOgnpXFi9G5RU0oyHfvn6DHCCW/QZ9xNDAr4sa3KqC/HqPmGPMrqUHo0gbqxxTErb5h4iBfhMAf6DMB/0uQJpqHDKEOzTEwV93VdDQPftoxcLp3PZw3MIFfxbgjLxBp/pimSyg3LstqAEWsapjAH4cCWAdiEZdn5fL6tDV5p6+zsgn/zhXwqlRGuIxzrEHK0zqjV3HK5LHYBIwTwgaFpimFCLEKv1hxY0rRSnufjhxNelFN5mFIFNmxHEYVl4A/HqUZh4PkeR56ONQldH6cuk4VTeQgBNkVFJk6EQTyp28En2sVKMqATJUq0pwtOZ7PZLNnlak8VvvKxv//8jd/VmZOOCLcMxmrwnRg2LRNBDJcrEY10EsH3doBWdsGhQ5HCjfs7bUVXA4PpYVQN6IyOnktO+ERPT4+88eo9L7sMZwLVapUkSpQoUaJEiRIlSrRjCWCHScosCoTLrARYiixtJsxmRbIw5r0qkeBUCt6ej4YIvignCExH46q8fT2Gy8JOWsI+JGHCClqkF4sETyx1JgsCigYIACQbQ3lTvnFsxxEbcTQ9LVrG6kmduAyWMgtgi40M2Jg+shg/UgEdmYTtkXgPWi9gC4Q1BzQN9yvO0I6pOtkaNI/BdnuTtm0wFl+jEFVAECeqQpq6Fvg1QImEhSyA/yIKKNE02iwrinkuOuSqmHOqirhDCNSaMH9kuA/otaJr6Uw2VNR7H3pUs9IOVwLGOjL6+WedktPR1uGOu+/fOFwejLRAt2jVO++M0+fNPXD5+k33P/LoCy+/ms7luzraZ+4zZe6s6bapc18zdKW1kBsaGoDNtbW2dHd0+EHg+qFTQxzuBRjewELvhPq+H/jATHFOwg9MMTSWxmtGeIbrMdWtzwf0RFZwfKMIbTcUxQsiOe5kNyRAkyZXdLSjaJ5dNLYmb6QtN3Fk9E5WxAHH0HQm9naOGvsZv11iePSBpk2zl4jjPY4DyThE/BaxTCaTLuTTc+fuP2/e/n29mwHmpswUoRr1ealcMg0zn8vC0a1b0HuaTqEDA+bjAahByEEzTNNgQSR9UWC1MCSVUkkpWsh9Yb6pumaaisYQGauYgw4HKAxgqVIyMJE5petaKmUB+JbFJOWRGDKlUvMBdUeBb0LIRMEChgCYwyAkWK8RLr8BcKuA5RkPHMfRdPT1gFUBhoY2BDjavgTQsAzHg50D1w5hxSTCtHkqreBhLN7Lm5ITva0SAJ0oUaI9XfCFt+udJfCrSOMXnnDeCy+++uTvbyUK10QZiG0XU4gWYs0VlRJRSkUhAYlmjZSP+/QXf/LI3dO6x82bMvuo2QcfesBBWLCB4HmGrMry3n7bQRcJI79EiRIlSpQoUaJEiXaoUBQZREwFICn0Fd0WyFiVwE6hGheV/+CsFT06ZNkzQWuAOQICwyeZGrFAAxjF0QUu8FXGo9APQzOEJ4FeUo3QiFhqCoCRYpFq6AHrNBVTmHtEcL7sR4FumoCEVUUDWmRQTVA5JIjMB8YUAsLE5hkmNgN9h3VxEg34IqI0QFIXKgCZdMuAfQHehnckAr9SAmRYcK5NdBJ5gMdcgJPMJ8xj3GPMhbcDxwuiUFcBQ2E1upB7XqQh+OIirxathCk6kmDNN6Bm+Cz0FNnjJTyQY7Iv00tjv4bYkIOida+qA7/0KfVYpBGmx0nA0CFYsUZFOuorilJPbKdcAFJpnA2r8Tkb7tugc1elYdUzCp091/7s170VQHumxnyvsuVjHzmtu5Cj3Ljrkceeem1dlMmoMN2KQ2cf/8EPLThI4Wz9QPHh514jVqZv2F0/+AZj3pHzZ+t+FThyKp2n1Mrl2qIocB3XD0Jd1+2U3d7WYsDEowSr1AV+1fEoCQcGQtf3IubDpZepm4qKrjCYH4yzSIY6eOzUwYjrejCuqg5jrsGSvh9iMEVB5weyywXYWfhAqPVM5zjSUgfNMmV7q5xorJNHdaW+lLgDl+ARApNWQdiMxwJRtTB0cd6Kkp9wvIhCn8IMm2N9P5nyK6I/MK0xrZzwoK1QOOKIBeO62idNHA/gOKg5tmHC9M9mMzXgurrRNW68Zaa8MChXXSxgqZuwas8LLNsKA1/TVcC9wuEjELGmCAIbXV1dPtNqbgScOGRVL1QMA0sRwl4I4w705oAhdb2KYWZzhTS8zQscjA34YRTgnQ2qZsHAGYYOOBl4s2nYnhciPOc05ATQNpp9Q4QMGQEadQQw+2puPpfPZtJwDV+rVGqApT3Hd330edagfyBOoWEgDd2fEeKL2IVGxrjSJ9rpSgB0okSJ9mjtjGThd7pp+Iri5H8//1///Y/Lnd6nsF4BV0N5nibOV+AMXUVvsVDlijSGlvYa8Ec633rRqRf8zUf+gkW6cJ4SZbybvth2xpfTDm/xAAAQAElEQVTcTsqtTpQoUaJEiRIlSvTnIzRBFoUIgQUzRpGAYTomgL8Ye2ExFHwaz2xlMiUR5AyZjRIxKtKdqa6hja6Ckh7KURgEHL0UEHSqaJXgAfpxgEFT087YrBbiLfaAfyLfQrtYeF6HTZiG1TC/AAataohPAamhSy/A4jDI6bYAbboAZxoAKArsjCmCr8I7AUnpgrspYUANTPBV/DAwdBKEIVEMqmSpmuak1XEVP9ABZAF8BqAWuIAyiQ4ISxC7bW1gEdmFmJAp8mv3CvH677iooihKGNuZwJjAEIkKb5GuGvJZ2DmA9TDcWMQvjHCAVenvTeN3jzqb8FJxiGIJOA/YX7pz3N0PP7150FGzbTQMtdA/+6Tj5uwzhRL9uVdWPvnaciWThdVrtdKHDt7/lA8eFUX+2t7Nt993PzFM1wMsSAB9fuwjZ0zobGdVTVUND90MgXgSoMyAOaO0HfsdMx6EmHkPsNHQbMtOdbS3TZ3W49RqQyMjQ8MjjusaBmBPQ2a1U+lXLWxVOMYxMFcX9tsAnKlpIsiCVXMUUYyR7Cbxbcxemp7cTsb9VtYZOKYysRkOYQgd4Z+jhjPiSpU2bJ7j+xvQgyVEGouxIQ4AHqG8QqftMyWTNl23NjAwAD0PDLdcqdimFYZRJp3RCxZ8XrgQCoqYplue5ztuFT4sNqxfN2HCRNs2WCStUSJBe11NU9raW/r6R1pbW2GUAVgHQeS5oaHbxZGiYagQUQBybUCUQgZ4qDhwISCkmV4AMS0a+n7N8aLQs9NpaEbasutdAENJQogdwY8wXsEwiyqvqDHeBJy6VnUC31eo0tnZTXgbBLMcz48w95rArg8NjuiaXqvVctlUjOcpl+GWvfIuh71TCYBOlCjRHi04SbIsi+wO4dczxeByl2qvxpu7OOYGwLeVosH3JJZmxhIuzQVS4hsDsX709Okc71aD70UmXbnIzhd0FFbeSAB0okSJEiVKlChRoh0ovtNfkDgsgyYSRdFnVrAkQlmMHGnMvJjIb6SiJh3egi/eFaEtbYh31SuiuB0Wh+MAdZmwBQh8jjfK6wrQP9vKrVnbV6kGuXSa+eXJPa0k8nXFYKGvmYAjuOc5ABAl7tQNNXQIwC9AkZGP2ZKAFoEwplMZWU8OTrQBiROq4aoFYEQeTUIGjeFZikwb0Cpga9e0Mt3dkx793Qt3/PZ3xaLT0dYyaXz7AXOnd01qcYOKqdNUKiV9RXQVkyI9392aQ1FFFibca/hzg0BL44X4YfxSGAbo4iDsByAIoHAg+gQhrCJgII8A1DHxIqlXqGvU8hO/+MjmzXgFZKYiVd84FD313OtaqpUC1XTd/aZPOebgQ6hfXTvY++sHHyjC4OuWO7B537bcJ048LnTLQ5533S9urkV6NpsCCpjW9M/+zacmt2f9atVWdY9FXNMwzKBQ6dQAcwEtyGFiKTFRxlAAtBkmBhqDqNlsLpPN6qa5Yf0mDegzAayMxsAykR+XocLrWlwcwapMXdfQkZxAVMHCP2Dod0/S61iaPGq4sa3zBt/Gx7luNVO3To+doOvL430NEZPxA6rW/WqQPuPNCnBdilnfMKd9OH4yqfSHj/vAjH2nrVn9Bhz2pVLR0HQ/ZG1t7YZtWaYpE4ThkPaDkCq6QlUdPUxYFAQTxnVn0nYY+PCZgPUCo7BaqQLhb2lpSafT/QPFwHeBNAOwhtE0TY2xAHo7m83YtoVuGLrOI2gqlVVPIUAFpFgMtQFzwPdYpVLJZLIpG+mzD4JXIx5KwayQPUCJMIAX+yhiJqqGBiOu78Az0FKYg9Ay13U49YaHRvr7B1OpNMQsspkUfqCNvWROAPSuUQKgEyVKtEdrNwJomT0AJyo64abKvEjxuNE/WNJJ2NbWxsMIALNBty5fAKfvQRBkZszDL0SGd67tsjt6ILDvui6cGZC9TfdeZJ+5eNYVry65ZB+SKFGiRIkSJUqUaCcK8Q2V/BlNddEiGU9hgSqzOI8Si74RkVQh6hLGRg6iShhQPkVyL3TJo1QTVrzC+iCUd+ITYlp6CjBxxQsH+oeWv7Zm2bLVVccHlFzIGXP7Jhy+cE5Yc6yUzUNfEbfFA3wyNR026CKHgpWZ1YDXPJbVDMeNWq00lamdQK0EPUX3DATdgCtV3DZsUtND17fTGd/z3GqlrbMzne360Q2/uvOuxxWthRBruFRasarv98+8vM/0zlNPPW7S5M4o9FS0GsETdeGzEW0FoKVRL7wABIzs8ZK3W5J6abumRNr6b1F3j0Xh+jWbVmRz8w6YqwCsV0NxYybFCIIiC1By4chCJaoUWdDYS/Biz4RxW4ZLG4YqVkfHD2++g5hZ7oYq8cdljEUfPIoHbqUW/PruB6uKyXQzqFWntLVf/ImPttlWmZDbfnPnIGBm4IQ86MxZF5595pyJHdyrQAQjhNkGTdY4CyJFJZiDLfLzFVWvI1QuPHwxUx8GSgfQyLnjudDa1tb2NWvW85oDNBKwJgyZjWV7OMQOKIZOqOSzDCMZJonNwoO0mTI1ami7IWtnR3x5R8uQZhfy2A4ah1lYljctHT8vIgkkkmU8xWEumHSIERp0nGZRyjLmHLw/BF2mz5iWTac2rd8Qel7KzEHAyAf8HHGIHKiK7nkhRIPgMpyG6IUD0BmuanXDItyPSGAaeuA6DAsYwuCFAHmhHYZplKs1x/UnTJwIcaFyuQJIGtqgUGYaWhj65VLR913D0FRfB5Ds+aH4JKHCC0WBNlYq5arrQnspwG4NIxFYStAL8Dd+VsXVRKV/tzhyqfh0wrdDTAJd6OHTxLCiUEBx+GEh2rbUnMBnnd0ThwcHHceDhRnW1dxRZdREO1EJgE6UKNEeLfhy3fUG0FLwfa2iB14UGMSLsNhgRqPp9pTIEAh9rPVN4LSNjN6YFn91QYMPPvOT4nbFaFd+zMJ2Gdt7MjRGde/Ni+H38uvvWHvJZ3tIokSJEiVKlChRop2mGLjw2DcDkyIxX1kR5fowJVoh6lbJmI1US8TPuCieJ0fizjtNRfvmoA7LAiBFCK+j/uGRBx5+rFQsO8WKU/MotYEOAfGcOGlcWqf5LBBjtVxzlr+x+o7f3pvOtR628PBDDjqYcRPgJ5zOLnnx9dWrVk8Y13HM0Ydg5TyBgjnxGAkZ8QnAsFDlWEIMMJJKiRYGkZFSgqi2Zs3KgxYc3NY56b6HX33o4edVNR9wtP2F9gOa9Dlbv6n8gx/98h/+/qKJXSmgaUCxAGOL8oR8WyDICAXuVas5ZC8Qbfo9yi4b/wKSxJiBQkrDQ48+9OC61W/st99+02fOTBfyCJoViET4vJ5bSuR1jSTaVNpLM+inVGtLZ67zpjsfClXNdatpy7QU9tEzTrUtFSDyHQ8/2TfiaraNqfJc+cgJJ3V2dFdDZ/Edv13xZr+ipFQOYxl+7NRFsyd3aGElIkAzKdato9wPfA3LVcbXfRhcELNQ2EeQeloz8kfh1Y1WiMAWl7++4sUlL86cOcuybGCWURRETBVZ+9J9Av+HOQnvwuxdLMMIURNu27qhK4axmzOgxajEz/BR32fBVcUDPpqCzpvnpzj6RI1N0ggZNe5XEA4dVNweIOxXGN7lwIA+hxBxIWz8+O5JE7p0lUa++/Iby03LNAzD8zzL0iB+01JoxUtvNOqAa90Ijl9Y5/BICbaVzeUNw8bYBMQMAk8apLi+hwlbmjJpyuTevj5DN6miuZ6bTqdbWnIDA8OAlVO2oatpHFtK4bFpmujSrgIjBjyM911EEUEPa/Sy1kzDRDpsY01UF4IMjgttC2At9X1HC0xxF0c80dFCQ0P/HYwV8cD3cYUhurvDNqCxQNTTGTMKIUgB6/PRXTwIMhmTSZbNZWclGdC7SMmd2okSJdqjtRsBNJVVV7DUsqJhLRXPoxqX5X1ZZGrENMQ3Ox1dHk561Ciae/an2ydNE6cU2q48r3kPAPRdF9rNOuTqtWRHunfsovaFdzW9dpF8bv7Vq0afXHvV/PqyY54nZNG558HvWRee3tO08q2W2du06mrc24vufYtFZC8191uiRIkSJUqUKNEuEY1TJFmc/RcboQKTibBIWZxKKUgfQU9ZKtAfwhpFOEET9JTljMXvFyRMFS7MLPDZq0vfuP3O+w486FA7pU3ft/OEExZ4wQi8qVQqt7RkLZuYapSyNMNQJozrmjt3Tldn9wMPPPz97//oqu9cu2FjcePG4h+eWe54ysBg6Q9/eEHTTDRTwBToEBh0xAEnA7zyOYkwKxsr5WlYCZyEg0Objjr2iJaW9qFB9/bbHvFcrVJxh4eGB4f6ypWRweGhiuMNDtV6N1cefuApDU7wRQUXuWvy9yiHEkwQdtF1g1K5TPYCUZECTesBg8Y1SrxPIqEb/wjRrDtY+fqKu3575w+uvfanP/7Jww/c/9ILzwOS7t24frC/tzQ0UCsXvVrFhx+nCj+RVwPmGGI5O77kxZc2rH+zVhnRI8cd2vShhQe0Z3WnMvLIY488+cLL8IbIr7HKwAcOmzdzek/F859e+vqSlWsizVRVwyb85GOPPnL+3KwBZNTFZHqFBtj5zFQUA00VuNgN4UVNpKkEZyHaoMDUgkACYMShoWEITvzuyad+/OOf/uyGG1986SUfsKN0homEPTAnMYAWP7C3BBOoRaHLMAAEL/03dG13Jr2Oie6QsXOvaQGytRFH4xlxuLLRN8sFInwKeazsBehZYM2FXKatJdvemjn0sLmnnHy8qAXoOk4lkwXiXGhv7xg/fmJ7W2dX13hF1cQRDwOga5rBxYGfTmUKhRYAx1EcqMHbIyAwMzQ06LsuRA/22WcfGME//OEP69a9WXNqeOdEFMEnSld3+5TJEzPpNHyWGLqWz2bwVl2cmWhUbdtAm2ET3PcD/FShajqVzmZztp3KpLMwBzzXcxxH1sCk8aeUggiaKvgxpMYW9PgnuuWgSZBhwDTT4dOh5kYj5VqxBAA7qlR918cE6pFiWdUAScv88XqYhdLRnk20k5VkQCdKlGiPlrz3jewu4Re3omcLjIcKUQZGiuMycdxu21aFDGL9lppvP+kzXyK740aeRhXEnS7g1GffstVzt5xt33Lebc6PF+3oLbO/vBwf7H/Fsucu6Rn74qIfO86PR/+896IzbyGz5pNEiRIlSpQoUaJE77EQ3HCqESXAGoQsLlmHxU5oTGHxKZkeiMsL613pMCurFaoqoN8A74cHNuT5njAWVgTsU0KurFqz8ZFHXzRThXVre/3A62gvpFJ8woSuSsUE7rV+Y9+MKdMxbyPwDYXahnLEwoVctfOtr9595wOtbV2/e/KVkZESNPDU0047/kMLncoA4Y7vVAQhj0SD0cc44g5V0ZHDC5hhWI7nvrbipRNO/JCdzm/YWLvyOz/btLlUGqmUnUqI2aKwTyY39Eo1snUj8qOaE0hiS7bKSK2fw8vsW7lJ190LLDikJKeLcaT01kBLDRxEaZnCw1AU6OM6ooDFtwAAEABJREFU+iyTarVSqlXXr1+vGcAGTdPAf2CELdtKpdO6YcjuEb7Mmq4rPtVfWbkuTbkJAJEE2bxm1oZWLnm2WnOe/P1zmp4LgnLIhveZ0HXYnB6vNlT1owce/x0mG2sq94ODZs088YiFeuAoADBpEGKBd3QrVhhRokjhEdHNUNSmE8Ut1SBgtWoNQghb+vs3rN/Q29sL0HNkZKTmwIAHQRhEMsNX+B1HYaRgIr+Mo7A4TwiL1zGBKeU0F0U1WSjK+eyGa0w+NpG5UenxLZZv5D43Kg2Ko1AT133SA7ruJiG8nqNQOpAQDLCQqCWf2X+/fdNpo1oZHj+he2RoC/pg6Lrwx+B2Kp3LZoHcarqh4t0MmuO6mKFMFXQ7MUxYxjBFUxQIL/mYsSzulBgaHNR1LZW2gQRDQOL5F1448MADYdYEQQTxgFQG6LIBCBuiVcVSZWRk2Pe9cePGm4I4q4YOsBjrgLpuuVytVt1JEycrmDavB1GoG0roBg4g5LjCYWxoCbRZ9hWOpug8GQljcR9g5rvnRxDlgnUy0rgaD8W/tAYHf8gw/xo/uohIrEdAT5Q4xZ4k2vlKAHSiRIn2aDW+cnbDpmMzNWX/Qxauuv/nlmqW/dp4mtnRWYLJ4evWO/ycv4xUS9sdbR493XzXOuV6x7leJCCfecsOF7r3wpg+n3Obc73gzWuvPmT2Za8RsvhLV3950XZ8nFddPb/xlm3oc6JEiRIlSpQoUaJdKZlLSEU9QZknKZ5GV2jGVBJFVFY5YwSdnRu5wUjL8J3ou6zrEYIuoqkGrETVDWG+Qdev2/jm+l5OM8WRqDLEZkyec9GFZx944Nznnl3+7asWb+kbeuXlN4894lDGywCC3cCD9zq1WjprF7J5RTNKZW/p62sCP2httY8++pBMTleoUS250JKIq0iOmE4Z8tBKMBRRRI+mnXlz/frnnn/ur//mU+2dU1xf/+a3rhkYCkeKI+XKCEDKCDkdAGusXRhwRceHTORyEukkiymWfFRx/yCWwtshYe9hHWSPF21yEpCPY5MBBSFlFAZAoP0wNBQVgC+jSgDkDVAg0GaB4himiPKa68oEV2l+IdwYBPiMs0QB5lLowhSMfhjoQLOHw0dvewO3QTWqmjnF54qXyWjO8s0/e+2ltJFT9axS8bJ466gK75/WMX/LujWWwW2TMkqAc0dcI9AKBvEIj0XhiDPgoIl3tX9gYNOmTZs39w0NDg0Oj3iuq4F0HRqCadgi+94PYKaEqo6lLDGfXRFp8jJBt+FrQWQdQjSZwQUi4M6YQyvdkckuF9+e+/Nb5T6PPm5arJ4HjZEimL1UGSXUjMOIaqpGsISjr6KhZGgZlIWeaWgjQwPQc4ZmwUyAgEI2l+/q7A4xPgPBJ+L5gapoQG/z+bycQug4CQeOiiVHsc9ERc7QDxzHTWeysHEvCDXOyqXy/APnC3cOHY443dBhGeDamI+sACgntRqacsCfsAxAZ+DLEJrSNdOtwViXX3tt6ZRJk0WGOq7Rd9D1mdQHJ74/Aw3ocTdFLIE2+odh7AtdOMIwcrywWCrXqp407MCEdyKMgxQKzL1crgD+xkKF+LEX6Yo+yhkS+ryrlADoRIkS7dHajabG6IUGp1lwjmLZIgdEcSFUHxf3QG1Fxl1V05iy/wnnYloI2T3QfFd016rXXxL/zrr8a/Vs554zzp91mUxw3o7uvXDOZeK1WVe8ev12E6RHixAub+RWL79sjn0ZbmXZEmkMDRQ7Xg/qnFud60+p/yEysmHJr786+8zFYxZYe9X82fWGjXnLmLXtuP7hWy82tkmjTd1RP4xifVzVTJIoUaJEiRIlSrSrBRyO189UmWSv4jG6LAtnWQHn6g4bdfpMmnOEZTYiEGGGpcEUBXFke8eEpctef33l2nLNd7kOvGlwy4bu1vGTxk/0PWfBgrmf++cLv/PdH/T29a5Ys+XAfVs9zFc1TIt6W4ZCNgBwyTQ1oGflWg1oUUe7kcsaus40HR2n+4eKrbkcMEZM8cTycmoQwPKF/oHaqtWvr1614vjjP9w1fuK6DaXLv35N/1C0ZbBUrQ75XhkTbQHHqZYisrqRXmnAxPjrb6wA0GnBBgXOkkmUYzggWpRI62Ee20Hs4YotN2SNOlJ3B8ZnIyYKskWwr9qWgYHBkWImnYKR1hH4YQKoIvOmkedjYEKVBd6EYSuaHtC4NxS0244g/BC5VUGCQ0B7VDcZgmkeeg5TPFVjQ/01YMI1qhSrVc4GFdXkkRZ5wL3pA7/9FTBAWAEMpcisNtDdJUR7Q+4DFIVRJb5QKCihHBANiGrajjPzI5F37/lYNVK4/RYKWdtOhSxUmMoDLv0VGGY945hGWIwu1BRVQxIvsqQbxhdsN2DHbbOFtjq4xhDq0Ze2fnu8B5G4YBWSbhSchZSrURAQFmRTxuzZs8Z3deTzqfVvruvr6+3sardS6UKhzTQtgtVCU4iXgRGLTQAmhvGHzg+8gFo0Jr8EnZpVTfU9D/6s1iqw2Y7OzpSdenPDOoge5fKZzs5OOEaEJbVi6iZMGPhYAOCrqS4MDbQ4nUnbVioS5heGbinoaanghvzAts2ZM2cwdOqOSEB918OUdqJiZrysq0jj+prAwfGDR8xRdMGWZisiAQvePFKq1mrVWtWRDi4wMfCQgMlMqee5lUpZB+Bt2qWRgTClQASLoW200tzJJNHOVwKgEyVKtEdrt38ZUB5EqQLnMjqvwQlTtAO4rKrRuGkHpju7IVq8uxz2d0l3nXGbs1UW871fi+01Ljxja4y79upDYup6zq07gLzvQM0cWWpbx4/lX5595pgF5pPzyC2Llze/hUgGvbWFCMLuJc14WuotF9u2SdAA+6btGIzsaFUkUaJEiRIlSpRol0uAN0U4sVJ5k3u9wBeVsLle2Ews2ZQXTKQxBxfMVjgaWJrleV6pWtmwYfOiRXOXvHwbVYyAeblW84JzzzryoPnTJ42zUkTX6VNPPbr//gf/+9f+5Ytf+a/Hn3pu7qzTw6CqG4YShC2F3OYtI4Coxk/sXrl6kxOQlG23FlrSKSuKKkxYLDz7/ItHHXFYwbKdimOoFvOjKDRXr93y7LOvViojLe3GvIMP0K304pt/FZH8QHF91asEbkWhTNWUKPBxj6gWYWU8gFNAI9WVq9ds2bJl0rg2eWsjE2yMjHVIwE1HLGTRXsOmOG0kwVDpxiFGUtSrY0Bxh4eHV76xGsltpWaZRsi4qWk6en6jXwVQOTQmiEva8XoOuFwbBiRC+BWGWGdOwQp1WOGNqjA6KdtirmtnDF/lTqmUstNh6PuweV3VVSX0AfRbaBasaxBb8FQVU+sp5rMrooIlj4Tbi4h44CSUttyYa41WIVxk3UtHawXIpoiJoLUIEmimiLKYGzdsmj1736rjZLIZFodN5Frgyg0BNIYQKPotYDa07Cr+Nt4XO1V8bJVIzrf3ZzN4jsek/jQR/YVHI6NNC/B4t3xA9uPGdRx68IGFfKZWLo4MDba2tGTS2Vw+JyCyi2bL2Ty8o1qtwRSAjlc1XSSY05aWVsOwMLwQiYgAZzAx+rf0FkulbCYDPdzd3Q2RjNdfX/H8C8/MnTsXU5OFQYtpmJ4TQEwJBg+CGMLcQhXgWEmnMq7ro2+zpgnPdRh0INF2qIfw1tz4cVGEhQYj4fQtwluKTE8W6c5y6NEWRNyCQWQqtvRpidCl3SkVqxXHgU3AJIIIExGmK7qmweec51Zd1wXg3t7S2te3kRGcD7LHdqfP5/tVSRHCRIkSJdq+FCIDp/qcwxZmzDScreQyWfg+3dHyekgmH3UMx1v0/qxje/v09NQf1usKSsS8HXuN688R1hwiO3hrvLtdoQeIc5uoSXjFq/DQwZzi2D86fkbotnNgkcVnblXB75xb5avLrtgf/loO9Ln+jFwnueXX9yIT/7dbxqztVlzZLf+2VcXFt1ysbmndWH/cpNcum72dwoN10xIg5s6Y9iRKlChRokSJEu1ieX6ApQWR4wCeCwXHY406dXHic1ynCwkgpkWL0oSESCcGLiqMYRmwStVRtNSKlWvmzD3whhtuCkNeKLSed955cw/Yf9686bNnjWNsuFoBOBTsN3u+pRuzZk7/7D9/plSrrF6zMWJYK4xifivxvHIUuB/84JGplA4QTNeVfaZO1SkWiosiUnWC555bUqlUw8ilNGDMo6q6cVPpiceXjgxzL9AOOvTgrvHdS19/4+VXVm3qK1adYvf49IIPHJXKZIFVwQqBeqnUVyk6/1JEbSnDzK5bu14gSkngOaUNNiKNeanwihW9s9tuyPwjxBuEUvLNmEBTMYgI9SqlysaNmywrlUpluKLWPB/AbygMRoCyK5zA8AFWFgXXgW+qjFHho6wqFLikxqkaAg00NSdwQpUECgl1w1ON0LJLsApN9QAehkHWzJuelQoLBs+qSsr1Aw3YYcXNMd10AAtGLArQNSGkNFSIG7Gazz0/9HwvCNwQVhGg2wNHlwwi6s1p0nNB2HELdMiDwPdDP8DSgiSXzeVy+ZVvrHzid08CiASKGWDOcyTGLi4jCQKEKsozslHXBcJ3b55TPdQxBj3jA3EBCpehfOwP5v5z+bvRbFk9MxKzGv5FlxXoqO6ulsMXHHTEwoMzaYOHvm1b2XTaNu2WfIulpbLp1q5x4wEOw9DAmOqmDYchx5xiggEhQMQGGjFD/+LtEQL4Dg0PlquVltZCNpft7uoaGh5e8vIrFbd2+FFHtXd24jtMO2WngE7nc3kNoTPFicSYCVEOK2UacLjBEik4xMo1h1EVgkCWgTclpMx0xsaYge+5vusBhUYjeVFaEB1XNFVYgUOkA/03ZEY2+v8Iew6Mn7GwVquWSxUYeoGkkTojnCbwGaKLmpOoLELzTuGC7re2tAYBegdRRSZWU0LrDxLtfCUAOlGiRIm2r/isB77OVcPhWsBZWje5ukO4HER00mHH4uvv01t4bvnSVWvHPrN8uaDPAF7f0pvibXTvr5Hejk2gXnT9q1fMioFyXefdVmfcPZf8O9Jgsv8VX6tT70VfxuXJS6+vrbdtSSN9WVBv55Yztrfx7S8mmzSWqi+6PsbiN29NoO+6+RbRmGVN+dqLfiwpeaJEiRIlSpQo0a4VFdX1KKaHeoHLBbABTgdcNkBLaBpx4aHKgfMoCqBKItIReaiqNALIxSJ4wo9IzVOee2n1K0s3rFk7cuPiO9es21gpDx1z5IH/cNHZ3/n3fzn0gOm16hBRuW7qUeAANiyXR4aHNh08b5/PfeZvnnj8hf5BhxHdDX1iUMCKAJFMM/uBoz6YT2fGdRTOO+dUgqXIfEKMZcs3bu6rrt/Qy1lIDDNQ7GdeXPnrOx4dKJaIGaXzxtFHHpG20r+67R4/SlXgrN2gZ5754ROPO/q0U0/IF9KAraOoEvrDGitZ1NWYY0R8YsfkFcs2MqajwwDB/YZ/KGJ56AHgU5iVS6QnCUewSvYGxUGtfcQAABAASURBVMmhaE4Q4g/6q6C3L+Vateo8s+SZgZH+Uq1UqpaHi8U1a9/s7R9yAVrClQ5VyxHxosiHHwYg2AeIi5AX9jzyQyYGHZE8YRFgQ8MPYQpoFMAuj7TQNxFRKzRSdKLDrAkBexoRsGaVhbaiIW7WNKDNDHgitThDvw3sVRZ6HK6fEHQTFmgMlvcFYKX1YoqYACvcP6T1CrxR8UOVEdPzKaPmhCnT27rGa4ZtWmnXDZ5/7sWB3gFd1STZxdR1mHYhND40DB12AS7sAteDtbJIWirvBubIBDZmIkTA4iqEYn/FSMlAj7B1RvNxIoyMicDT8mYFrDlP6uYwuA8B9jv1eFgxiL//vpMXHXfkh45aMHVih6VjNjuyXtWw09lUGih0zs6kAQqrVM2mcl7NrQEPrtRkbxDps0JF/AmCEGh1EsKR77m1wK8ZGjV1DZq+dvWa115+taOtZUJXl6XB0yrWj0Sgq8FvYMtVt1qqVAYGh0ZGyo4TDA4MQ2gBbWw0A46rzb1bXC8MmcDMKnBlRdhyEAgpUMGd4UNG1dAiA6NPiKCBOHP8wUx3WInKMesZOyEU7/I8CDqEjEmDHZz9sBQ0VddUHWZo6Kctq6u9FV7Y0t+byWRhFVg/lalijrE4akPVBI3uGiUWHIkSJUq0A3FFnHrjfUVTDpi/+dXnU+hMhadd25XV1jF97qGMRCJi/74IovZ8donzWdIoQrj8y2deffr2fDYWn2mTMXYZf4zWSs9p9NzY9kWgvT9eJNc7a86s0ednzZ9Fblk+b2bPdlaIePqys28Zs0Lh5tHzThdbezs2adaFp2+1+kXnounHS6+vIs27unaFWPr8M7Za/1saZydKlChRokSJEu0UAZkRFs8IucLQj5DTobGyKDKGN6iruoruGyxECIUGFAFwKDi1DUIfCFEQ8L6+Ym//YG/vYMTV11dsgJUVstbf/c3fUlZtzdk6rcG5cFDzqaBswKwV2CKLTNNEp2C/dujBc1pyf3vP/XevejPqHt89MlJdtXJ4pOhVn3rdTBsnHX/kR886ZeKEthGnXPP94nD18d8959TIihVvHjCnpxKS1Ws23PvA065LzJR21kdPWfry0+O7ulwn2rh+ICTpIHD337enPQOwfHj+fpPGFU4aGuhryefSmTTsONGsUjlYt74fuNjqla/7nqsZ2A3o1OHjyT8mYI76H0gPB4SYZI+XgLpMJvmKCAMa4EK8AHavXK489eQfAD0T4Y8bIF5mruu5bv+G9b3pVMqyLds0LUMH/gesNs49VeEyKNJB6NeMufEUIR32EUJRhciKgLhO0VHwFpF3zZgApGib3UjKpvE/sF0ggOi0EIXSW8OPAphaOtYPZIpk6LAvojAmsEhpzN3IE0ZASZXBoeKm3l4YFzcIcvmCZRqZdBqmmaFpjzz8SM8+PYcuWJAHNqpjujWVef2EAfyOwgCJNhcIWKRGk92h5kvJhslz/LfIfcJGMmww3n8QRpLGq6oq8vEjKq1JgNfTyDb0DLDkbKa9rRWgcCaXstAxkiuiaBGm+UIAAEivhiOrqhrya+xY9MHQDWDRth8gj6WKcD4B8Aw9huAaPhmCSq3EmA9r6uruYBFOGFh3jfNsLhPCQY1zAasUwhB5rpcFtovVD7VsvsBLRUq1QkuLYZqu69dqHicQzIhczy+VK3ax1N7WgpOGM2HyEaCVCtVoXVgtUtSTVIRREFJtBfdc+D8rorygGnmAnn3H8XwvFGQ60oiiC9MYhNvwgcWiarVkWWZrWwG2Mjw0hBURVbVWq8rceXmYiAxoRdwlQBLtAiUAOlGiRHu0duftMOLONXlC0DXn0E0v/E4xLRJtXaQYzaeiCL7PZn/gVEZ1RkJl99Hn3dRdPZfccsX1WI5v+fV3rL1kNNl51hW3Xnj92aJM35/EoN9rYS7zuU0lAUXzXtrGvnmHi53xlmsXSdOzSKJEiRIlSpQo0Z4orsYGG5wK62NgPMiXVfSgwExChWhc+D9jFi0PiDCYAzgF8EtTtf33m/+d7/6oXHKGh4csW4+8aktLauL47EfPOM7QQlvHpMUA2RJXRS5qiHXhPFgDgCZgScCk/MCduu+Ev576l6+/vvrhB59c9cZGgGnjOifOnTv7qGMObmvPAF8qV0oVzysVa88+//ILz7/CqbVu/UCxFBnZtgfvv8sPjZAFE9pb33j9tYnj2mxdL1aDas0n1GS8lM+2BJWhSZ0tgVfer6cQTbQ0laTSFlCtAOFj5oD9ClFkbOmrDA5sSuc6CQ8p0ZH0YU+I1Mi6s64wUAZw5pE9XlRcmIzWjUR/FQ6QsVQsP/HEk5VqlVKjnlGM5iu2qWmKysLA94IoCEeiIsX660T4saDFii7seu2UJSkpmuoCdNbUVMqePn2fTDpVKRd1XcWYgu8CssaLJCaopHA1kIUN64URYbtYTFLTNVEOMfLDkAiDamCHaP3LCRBwTPJFAIowEihiiEUGGTJUVdENw4KmWKlMSxuQ81/+368CxjZt3lCuFAv5fHFEtSwL9l7X9Jdefm3V6rXHn7ho5uzZAjTDGqih64jOgUFjVq8hgGMkLCZ2v6TjjXQ9FnYbXOY7w9Ul4HbxBPYQ/ED74blsOtXS2tba1tbe1tHa0gZxA8M0YDABvULgCMMAoryetJSBI45jGck4O0pmGUPfIo5mDNPDI6TPAvQzaTcDs79Wq5VLZcs2MpkM5kIzUnOqxZHi+PETuyd0dLFOGGvf81Ukv0qEHauUSjAZDBiFCIdMBewLe+E4PiwCgw1bhBVCQ2HsbcsMfJ+K2SVjANLPpwGgFQGgxQcSHomi/iVOP+nozdBKAwIYsFkmDWIoUUWGu8wWxz2F2eWj8ztva2+Fl3qHivBqJp3zfQd5NzpEx33RSBrbvX4s7x8lADpRokR7tORtR7tR8sRp+hEffvbnV+vcwXvLWND8Kp45qarv+5MXHAXfj1jsYPfdwrNzuitOcJb5v43ie+dsW7UP4Our8FLP6N+zLlnyKpk/J2bQ8+cs++O9OHpmziPkte1v7k/QIqDL18eP5Q5ef/uqS7ZJ397+YqJJW9F20L03L4bf55wL7Vw1+mzPvvPQjeSm29d+thlwr739piT9OVGiRIkSJUq0qyXu7FdFKiS66nJRgE8YbgQkgh+NCUAFJEvUggsJCQPXy7fkxs3Yp7trwuJf/Gbzpn5VA5qkjOtu+fu/+5fx3S2vvvyCbUYaQtDQ85nI2lS5dGUVlsQhutNGaG0BFFvXfaxhR2bvP2vOAXPcmguEy7KAoalhADTT811gvqSv3/nd08/+6he/8SO897+vvxQx8777nxgq+pGPDrb5fKE0MvCBw4/UFcVzQtdlIfUyqWhKdyGr0bA6Yig0ZaWsTM5QqaoT0zZgt8T9+3rNI/lMdmBky9JX+yZPnmhoKSRlAWZXigxVNIJAcoeZ4gzO88kerzAKJEQTXS5sGlQ+NDzy+ONP1FxXwUJzCAphd3TAxgpiPc910awAXbHVtGIYKSOdtjOZbD6fB3JXKBRaW1u6OruAAz7xxO+e+cMzg/0jMG4qEkx6xJGHH3zYoZYBANoDkgloD52XPUCEzMcx9OAXNEkaMsO7OGY9s5oXDhdHYITRR0JMM2hzLpfN5rLwwFIVDf0WsHIdoGrbtgxgmqlUOp2xIYBgWpph+hHf3Ne7/5xZGzb1Og6AbyUIQ8PUYQMAMQEuwt7BpP7Nb+6Y/+bGQw87TFbmE+g5QPtymORUFzYY6GxOdoO4rOzYqBkIMBxJKz4pLKqR/itI9iM4RDSgwKlUqpDL5/KFjvY2GJG0bemGLpgyvE0VgDaEIwwTh2EHQ2C+ukikUuDKkFBppKxiDEARBFtF0wxguCraa2scC3qKJGtBcmG+B1FUdapVr2plzFQ2HQUQovCCkFkpG3pM1aBtpkIM3wikfQjGKnRDuGeowIUhqmETJWL4OQNHuvSLh31J2ZbjOPvvPxsmhK6qEgSTmD4jLpeX1aQeRxFZzHFuuKgPKrLiMQWcC2NnFkCbcA0cRzZ+H164YyxElJ7M5jKplDU8NOK6rm2nYU21qiuLHALPh5kjMvNltycG0LtICYBOlCjRHi35VbTbywJMOXBBqrvHG9yI2RxjX5IOXBDvnXnEsVTeKER2jwPHzuqou74mCwli0b+znOs/+/VzvoxJwbecfeG5zvUipXnt1edcJmHqOWdtk+O8zyiDXv7l2fPJO2TQo3h30VnnkMW33HL2/Pmvjvp73HuRfebimImTP073yqTmtyPab7WYbBLszoX7Nl6Nlyfnnbt1g0459xxyyy1Yn3Bmo7X3XhSXZ0yUKFGiRIkSJdrFahgbAK6CX8iio0DhIWEeCwEb2cB4AAulbd2y85m02dXVkcrkMun8C0teeuyR+0zDmjp10rju1rSlnnzCMSR0Z08bFzpuwDAtQ9G0+MZ2Ju0gkLIBt4In8WZ/CqjUB0IlfACAbfuGYQShx4hbqXqBHwV+4Ljs939Y/ut7Hlm1Zl3kUa6YwA/LldrAUOm5F18iWpoyBfjZM889P31yavLE8UBfAaUpqgn8S9d5R2uawloAsFkWcGpgYZheqxmMGUD2KNWiEIueVdwRoFm9/f1hpBw4d37ZLaEJNBd3+nO02mUU/Ucizry9AUBLlwb4F7DsSHFkpFgaHi5u3LhxpFgWXc0pwl7Ar4g7FRJOHD9x5r7Tc7l0W2shm0mnU8DoDMC+mkhrBWIp14kpsZSceuIxxx2zYMkrbzz+2BObNvb2Dwzdddd9jz/+5PTpPQsOP3jKlAmMY806lSFf4qJkniiOFxNW6XkMv0JGh0dGVq1Zs3z562vXvQlNpYoKbHXixImzZ83cd98ZhayNlBz9monwQY4kVBc5siosrKt0/PhxF174l64XVCq1dW+u37Rpc//AYKmEfgvQfNi4EwSWbT///BLYxCGHHDJx4gRglJqK6d4EU2rj+c/4brBdEP4fo1UE4+dEnwESh8OEhTxlmePGj5s8eXJLawuao1imaZj1i2KuSLcIkSss9oQJhKti3jrabaicou2GqGWkijRqNN8A9CyvE0WFSQpxByzj6GNqfz1lXtZrxOxr09JbWiZ5INeHFeimlUXfntCHI6dSTadpJp2CsEy5UvExzMBgG4Zptra2miZcE1seGmNElUoVmpGy07gMFiWMTN0IXAdaG2E8ICL1vGMq41TCkkW0EYkw542MaDQkwdxnzBaXb0GLEVqf88KoHdg5zjSMMEWR6zowgQuFPEywUqUKswamPwS6ojA2qFFEUjh2HURpeKMgZKKdrgRAJ0qUaI+WvB1p9wJoUe0hOuADJ93/i+tySkgUbatX5e8oJPDtFlFFY7sNQO+ShPFF1996zi1nI4I+c6wt89iifE36Ixl0A+/aX8Z1Lvns9csuf2n2l5dfNse+rHm5sWX9/tj2b20qfd7Xx6Y/v+Vi+8RN2vrV7Tep3mOLz7QXk0S8J1yFAAAQAElEQVSJEiVKlChRot2oBnrTFUB1IYt8oLepjJ3LtipqO3BIjeq2ZaXgkYX5sToiSUCHRFd5Wy7b2Zo74dRTP/bRswq5bLk4RAAXV6uGqUVA0zSVIAMFThRiuTq8l54SzGlVuOBNinD1JbC2kPheAGwrYrRWLSq64pfhiYCHyprVG2677d5nXljhEcv3FQLn1oqhkIB5zobNm4dGRgotKSdwGTzlha0tXdlMFkGe9IZFt1sNbQsYoE7dCQOFMouqbtFRNd+yjEyuQBVerbghY67nlitOb2/11l/9Yv4Br5577lkKBT4LjFJnohQMpogLKgX4jOzx6u/vHxwc7O8fKFUqHtDZkLu+D3sAXRKJ/VAw4Rf+VDAhmYWpjPHB446ZOGFcCP0Y+RwzSwORSqMg32NiknCsYgcTRjcM4PnHfOCowxYufO6Z53//1DO9ff2VmvfsCy+98PLL0/fpWXj4YdOmTUmZhsjhRaYnfUyoSHKtXxpRjdFx6cyEKZM/9OHjt/QPLl+58qUXX16xYmVp+YpXXl2WztgzYFULFsw7cB4RecEapkgLQElV6dWLhsAwx7A+JFz46HMOOBB+Dw4Of/Xf/q2/f8T3MRmWol0D2kmY69YtXbrsb/7moimTJgLf9X2X4LWaKmEuJurvBvGtXKDlZS40xjANYLgHzz9wyuQpqXQKXSZkIUIeF2UkssYkgec57gWhwkUE+0ZgfuS4Aq/qguViSrMi7J4jhrUKRRI0PgexiABL94XyQpuhFTM6o8gGwdVkS6EAHwBAcltaW19+6eUgiDo62jQITNkmLFBzXMcZsCxbGF+gJUaxVEql062tbcC0gQZrpsXR1iUslyukTUEvFwhOQIPV+KLed104UAVIphI/C29rmQZN4/KKMREWx6FE5OJ5JodWUHjpVUIkQ8ePHa7rpo8fJEEqDSzc3LJlAJqhUsMPIEDmSvsOhUrAPWYsEgC9a5QA6ESJEu3Rkg7Lu92IQyWsY8Fx0TVXRq0tcCIsnxTfgZzoRAkNzJbQLYw64+1kuweX76yOOuVrV+x/i7TgiPnytubIZNYVr26v/GBDYxm0/eVzbouzp7e7xetvO++WM5tYLVY7PP3q2MpDbu/yd+HmMbr+rdq//bW95WJ/XJO2t6qvvzr7zIRHJ0qUKFGiRIl2rTgXd9wDx+KRrmqZtNXVNSGXTVuAmzWiKdRUdUWaBVOmYvlBIDj4hK6yufvN+PRFn9x3v5lteYMyt5C2Iy+wTAuQGAVWqHAmDIZFATs4I1ZkDTrh4arJxwiP4FQ6SAEF8v0oiDyuROVKRVHNTX3lu3/7xJLnXx8cKKm6zQKmaCYmUsMSYURVo69vQNdtzhU844aXGZ0wcZKAmyyfS+XydnWoBmgpiDgzFN00Aax7fugCEcPkWeLCW2pF286ohhIF6BnLafqll9cND5PeftcNia4B1kZzCLTeoArQqigIoJuAt5E9Xr9/6knMYkVsTDPZvB9GGtBYQS6l6QMiSBl9QPzGevsGrv6f751z9llHH3MkLAIzgQUiN1hUwiPC9yDGgDGc4zXmtenmpEmTF5102rPPvnDPPfcKJ4uwWPEffeyZFSvX/u3f/jWELoAiBoEv0snxnQqpW0AQkQot6yUS2jV+0gHzDzr2g8dd8fUrRooVHnE/8F5bsWrjlsG5Bx/a0dGO3hSCPhNO69OoIZExi5Xs8PJr3PiJZ5318WuuvUZBc4lAZNXixj0PgiOA412CjtihLGmH7iOcEL57mCMTthVEFMuTwh1kPJ/Pf/BDH5w8abJtG1T0kibosESxIg+dihKC6KqBWUcC6yuqEa9ExVx1RVPh+KLC9Fm4QONSKmaF41a4eCpikalZEMLBxnDhpAyxnBCIdGBAnAFLUAIy1nXd8PyqqA0IcSJaKdc0Q0vZppUybd0K8cjwgTUbhglIt7t7XFtbm0jAVwA686pHNa1ULI+MjHS0d8AlKnxEeNwNhJs1x5KDWLdSsmZhtcEUmfws9lbEK8SICwfoRtcJ+ow58cKIA92g40CC9JIWa4DRr9UcWEcmnSuXnFLFkYYb1aoDlJ2JNeim7vphOmXKVH0cCpbQ510kmpD+RIkS7Wy5rkvereC9lhDZrcITIM/7z2P3UXlEldGPTarqHM6bIxIpxhceWwtf2mTnWWG8nVyh3d5XiRIlSpQoUaJEiXaNyuUy+SP1H1/5B44lAUMAUrNmHzBh4mQLqJKumxZiY0PH9FFdUeNsSWEkq6DTbqQoOkdbi5Smq+jsC1SLq5pqBGGIvgCKuLkf69hxg5qExanWDIEb4mgBjhi6t2LWNXdcX9EN4EY+JwGn9z3w2E0//z+Fpgwj/Zd/+amu7vx/X/uTDZu20IC7bqAooeKXjvvgEY89+1K+0OU6PuOeUx744mf/6oSjZxdyVrow+aprf3XvI8+WS1vOO/2D+4wrFCvDfhAWWrAYWjabIjxUNOBleiaV9gCt1Xwn1F99dfOTv3/N83lHV+ZTF36ks93gUU3XAMJZWIxNIQCzBgZHfvfEU1d+8xvkj1Q2myXvVu9iWD981IEhInNMZZ66z4w3128YKZYUFd0YRJItoES1cYWiEKD4xLZNwJ3f/tY3DdOAkZLV+aSaTAniez0Fk/d9P9A0WJiGAf32d77bt6UfQKQoecjDyD/hxGNPOeUURdZDFL4b6PaBRR2JxNqqAL9YahDXTiNONE3/5S3/d++994cBMM1QMdVquXLyySddeOFfCogsM6gpiZExofF1lnCTEFASNgGzSDfsiy++eNOmjejHIFsu4GQhn/viFy5tb29BbxcA0q7T3tGORfuENcWRx55E/nj9KSN7wflnNEZB7gscFLl09oyPnNHa2mrBQLBAg6NKuGPLPF+RwhznP4lUYAnRiYSuAHAxl1lVmMgVV4T9jabqaHMs0p+pignIgv/jdmHNnged4Yu/4HgMAg8OFDjEFFHLUIUOFbbb6cHBwfb29pGRYUM3y5VypebAojDFdMNsaSmkU2kqroohjCRMnGX5QDR3DqOo5nqmaRaLxc7OTln3EGYOvIAp2zKrWwY5Ru/fjf2g5W5i2ALzukcRM4JrdNqgSMrFlAsC2H9cLUxK2HXYLsUoF4GW2ikb2l+plKvVKpBqeIvv+ugLgm92cjmjkE+n06ZpwKecBkeDrNz5l3/1afJu9X67AJ87dy55V0oyoBMlSrRHS9b32+2f6RERAWfNVMJqfC4mviDh/EnF27/IhH3n6VheebfRZ4Jf/76IPCdKlChRokSJEiVKtH0B/BMJyrS7a/y0qVNtOwvnrrZlmliaLgLwpSniXn0ijJxRJOSRnbJENqoKCAftXA2LsxDoIbxENGkQIHNlESShe0DdZxpQU8hFwmJ86zziNMIDzaIAhSJijJSCa6772SuvrfIjM/CdRcccM2P2pNeXLZ04aeK69b0a1qNTo8AFNAbMC067FSwiF6gAqLg/rrsVszjRfdj7+EdOeHnpsje94ouvrHzw3jWVsgugO5tJwXp6pk2YMaOno72NqkrVgy4wGQ9GyrWhcugxLaC0f6h6/c9vzaXJOWd/pJAzpCmtJKiA2mt7QwY02hQwjp4VhPRv6R8ZKUZwUQIDLfNh0UlDlYOC0BOTbmmlFlad4PJvXv3FL37esmxRN046G0jHZqmYFCIiDEJV0UIIRagagMEzzjjtym9927SsCGMLEQzQ73739PyDDpkwfhwMNUDUuruuBMby0kkmHyuNTMggiI46+gMPPvhoGHgwnfyQpdLZp5959sPHnzCuu5vUrQ4lg+YyQTtuj8CXlIZo9gJQ1Tnq6CNvvvkWkfGN5FoRCwDVBV7MhPkvVr4U+dRiVZTtBgtovAMgPqjEDsgDYsGChYVcQVU1zqiumviqsNQAgiz2kUGYB0YQpjqS+7qJdf2yj+u6gcblRGYTc4gzhFGIbshYyk+NxGN02MAE4VCJtNAPJX32PC+EPwIIKigajhfenQBDjDnjHCI8zuDAllQqBQgX/bUBjkesWq1Vq5VNGzel0qmOjq58vmCaECLyRDa0gbbdOFGoqsJRpRQKBdgEfLRgvUBpB47DKUeGSXre3DlycnIZZ4hz78VtEzhUVGbvC/sgKvzB0UomwF9orIEbYKHnBZphpNIZ13GdmkfR5EOUUQxceCNEXNS0kU7pIoW6UbhQ3nK9F9js/BloN9/VnugdaM235+JH7vl3kkSJRnXn+Tgt5n57DfkzFxDVPyWB+j1rBkSSTXP/Aw8SdZNHRUmoEbyfTS90kd1Kn4nIgE4AdKJEiRIlSpQoUaK3EFDJEOGL0tnZZdsZy7RaW1qz6ZxCFNtMWWbKANiEP5ZqmKphKYZp2WlASppmAOexAFXaKUCOmmV63Few7l1EST1bNlJIpALSAb4ZBMx1gnLVrdUCDz1YQ9cJHfhx/VKtBk8zYUL9je/895KXVzquyiKbcy1kISfAjKJVq97kgMsCzKsGuqbqaAWgICQLUpahESWfswsFvBkRKBQJ3cnjsp/42MlpU1/3Zp/j29nWHjMzaaCkPvvS2rsffO7m2x657/GXnnp+zaNPrLzj7ucW//KRn//izudeXEo0o29oqOJ5b6zpfebZFT/9yW82bS5TwNyqLM6GuZEBelns6YLLEE3XDNNIpSygjcCI0SchDAP8jQnr0LEQOsAsaUwn5chtDQNo6NLlr9/8y1+5QQjPQc8zHspKfbJQm0hNRacNXL+G/ic4DdDNINxnRs8ppy3yfAcLG6qY8l4ul+68/Q5Z9o5JB2MeJy8zpKfCwJgReLNMaBX+gbS7u/vss86GThblCpF8Dw8XH7j/wVQ6LasX4iCEMavF8pCikJ/IcwYiGpoG7KkP7Tn88AUQq4j9N6RjB1Xa29p1TRf0EzaNKFYmUIu82t1hwSGzbeMEczR/6OrqnjBhArBY6AExwTExGgItqqpjAEGBmIIhXR4pXhlrAIiBv0Inw35p4k/TgOiRpStw1FpYq1EDVmzDAQ6xgXoZUOy9UFTyk1fWwJQdx3G9ahQGmi5ylGM/Ch74fhSGlXLJMLSRkcFqrRxEHhY/pBDe0FJ2Op3KdHd3Te3pgdWuX78e2mqnUvBWz/U0vJEC76QwTdMw4Nhk2Ol+2OjqeueTxp/NqmdSj15Oj+ZEix2JRKwD1yDyveWkItA5hHpY6RCjW7B1WKzmeKJiIYG9DAIPWtPW1trW1pIv5CDCYVsZKiF3XAUx8YDeRUoA9DtUTIEbGouD7xYskO535TuFgWuu3K8ZHd59Ad0hTHzj1z9+Ff9d/H93k52rsfs4pjF/9A7uDGGnNekdNibuW7rft98gf066+/+Ed+yrP/71n9d+bStRB3l3hKfHiorCHZFpcQXPqQmeUkXoOsaVUCE6V4taBksPUy7qIJDdInT+2t1m2YkSJUqUKFGiRIn2ZCG4iUgh15LJ5pBv6Vr/lsFNmzZ7bkAiaugm4i+gXrqhGRZFqOGXsQAAEABJREFUP2gzInD+q8PzgKLh7DzESm40Yr6qEaYAIQ6ZKJHCI5WEOgk134sQdiJqxDxTP4hqVQ9wl4vlwViIGDBPlJwXaHfd9cDS11aGEfBKLfAUlWaefPy5//p/377x+v8b6q/oWkZVLVFVDpCWlstnu7pbKPF45GqET5zQns0anPuhH4Suq3F/0fFHXPeD755//rnTZ80JVd2H1mcLSqqlxszNQ97zr7z54GOvPvD4a089v3bFmsGRUsQUiwM6VUnF8Vwf9qzw8ivr/ufqn7740nIfjQREJT5Ro43s8dLRPIV6wIMdz6l5IlVYET7OonYdB0YcKloEP1SNYMhg7GpumcGljKk8/MTDK954XSOqBkvB2IZEifBHZVRjioa/8fnQ48D3Ah97Q1XRdWPRouOn7TNFgeUUHoQeXCS99OKLa9asaW9tS6dSGBiILX2JUvfyEP8rwqcYjVkAGsK0OO644/bdd180dAbIGIQqpY899tjypcuQEoqqc9KRmsYsHH2AuaipKNJ4XbxVlQXjujuP+9CxADxlDjSm6ytqoaUFCTYOItD3UBPJOrE/yO7ygOYythHXAu1o7wCUDHNYR98MhhedTGZnK3G3AX7GA1KrW2lTyaAR74rVoQsFhniCGgR5Iqy2V4PpHPrlSlXerwCsGQ/RgAnkzXzfq9Vq8Bbg3Zom71+QFszS7SNCuwrPhWNY11WnVsL55NVkWAIYd2dnZzabB0wNsahCoaVULEOrdF2HdQLdhs3pumHpRuB5EDKCsJUIgkRxPUUmDbBjstz4je4dMuKBj+tFK+voXJo+i5KDoXzsQuthvXhowvyB1qILh+e7mm6YulkpA1jHsoewLHDw9o72zu6OXC4LkbOUnQFeD71RLFXQOgjvBcFYCEm0S5SgireX4J7TLn11zJOLT0cK/e6QMCDRaV9Y9k6Xnn7WRXPw3/M+djLZeXrj2/tttY+vXjptT4K223basi9Moxe87QjcfdON8eI/vu3PKlf45I+dh//Mueis6eTPXvC9KOvb7k6J4ilMnEMFwosjoho8UEQAOwiZX9wCUWGsLI03tJFdL+gi6CiSKFGiRIkSJUqUKNGOxWjICcu1FLLptKB4UUdXy9R9pgDEWbli3drVfXaqhai2i9aumuSXwGhVLEsYwY+mcCSVWJJQVbhKGUAxFW0ChAE010kAUJGGVdcZKVcqVUxA9EPkRiL3WiOKJmzrKAt5uVh98IHHLTMNAA1YGlYWJMRx+ebNxXKVRfg2F9gnYPBUKqUq5sbNG+ftPz1ySjolquJP65mcstJ4p6KqVhwXGxDVJo2zL/zLU7/3v//fv33l7xceMrO9kMlYlk5NyoxalYehYdk5xqOA1xyvQkLYBQvaFAWUMNMPFB/oeZB76KFnAMBHyLaxoqEXemSPF5C4ABOT4brE5QrwZVlGUqNYZA6tOHikQB9TjCXA9QoF6KYDx4R+96LA8f/n6v8dHCkCWg6B5GlKACMmspYjEkYkEkQUcB2Sa6xmByAR6B2EIFz31JNPRothkUwacH7IgoWAkte+udZxajjyaAFOXQg7UHmZRISLRIhziYcK5tUiSg1D98MfOjoMyoz6AfOBuLpusHjxrzwPlte8kML4uNyrMTfkYSTyoYE4+gx+qBcBkobLNGgzO+usjxYyaYiNaOjgjdC60N7hRcSHhiuYQqSwUJoqi0Ta3QCgKdE4xzRnhctMYJ7JpARBBvCO/hzY13gDgSIypJHJcvFT5/YqutBAWEgzqGbAgQgPRIo00mlh7a3gq/CMqsPhBoSZoeGJIvK9YYYAl/Ydt4yW6ISrwp1dE7cWkDqOFyiYow1mAMMEHWmEAXcd3635nutWKsVScaRWBdbsRyHPpHOapg8PDnte+OaGjSMjJfT4DhE4q4qOzu94swVGESKRnyx2WxRiFNUxGYwkF2VJZUY6q5vGw4zVVHivsI8W3YRlJCMqCjPCJ5Xv4yag02R+fgizEUJYVEmZOhzcUeArJEyn1Y627MTxXd0dHfl0JmXamDau68VyZeOmXscLVVPH0AUJRWJZchvxrlACoN9Od54fc88531rN67pDsD+y+JRdYYAw9XOv4DZvOo3sNK359pmX4k6O7uNdYg+XXfofOzvt+h2qzpE/eZds3+pvzsY/b7z0bRD5nTctrj9c9oWv7CE7897otJuwI1753FTy5y/gqvAlQ3a7qKgCwdVypK/YMFBhBjyAc1M8SVC13tee971hT9ynRndHDBW6KAHQiRIlSpQoUaJEid5aEdYlI9VKKZtOeb7H0ZoZcGPYM2Pq3IPnhCRYtfrN4eFavtARYiE+HTA0MC1MTqUaFgFDDoROCcCAueA3ogSdAkwPKJrjIHh0HYBNiqaamm4q6J2hYaIlMC4sOxf5gkWphvnII7/b3Dfg+iFVVQLn1AZRDFWzDN200plMNpcrFLJWygQiBqSpXHVXrV0/b95chapAEa20MW1qjyhwqAGIBPRZrlYiv8aCCmXloS3rj144+5tf/9y/f+UfDj14XiaV4YzaplGrjUSsmCuwefMnt7ZzQw909Mh1FBpRGrlhJaK+mYJuAfSsSvsCkTG6B1yJvK1EEquKhQaRyAmjXfT7xrRiMcYcPTEElI19GUQeqkgrhmfKpfKPf/IT1wtkhruqayLHmAvbDMkFWZy/y+sGGJxk05l9p+971BFHAhO0DDOTzp5wwgmDgwNP//73KdtGGw8VuHBkAOkD+hnAyAcAnSH4AD86JlFjQR0GT1C6/wFzp+87EyAsrNv3PcCYy5a+9PqyV1jgcQY8HHAoltpDcxbMfBX+HSKvFhqC0xeLZCotLa2HLVio6xpmCqsqRFlc3x+pVH3GAvhBuwm1vhdcugDvYklfCHnfKvxuyeW7OjqdmiPycNEsRZpMwE8k/FDE6OFYxchaEVQaIbFKADmrivQwpmh7olNhiCP2Snhlo8+1SKASjuYuHJq1que7GDJSscwolYBbZGTL3GMueG48neJalSr8htAFUmXAypjUrApnEIxO+R6MDrGslB+GHZ2duVzOcz0xPaT9d2zi3fD3qKPnONeZNnKv6wvLlGcuZ6yA0hFyeSZN5MWgC+8ViECgpQimPwdBqGkqiwIDPj1UCvGm9rbc+HEdXR2trS0tMC3h8wbaWUVV1r35Zm/fFlHlURnc0l8tDdPQ1UgEE4sk2vlKAPRba823vywAJpDZZtIH7E8y6Fcv/coOrJnrzg9b2Vmgl8UpkqViivHWthu/vmD7b2k4TtRtKM4/f3T9WyViNztp7PftK8/f3jLb1+wLzqrv48k3SdD7MTL2jb8+f0cOGHee32yPsQ0XHuPvsdV7x/TVdpOa31i2RPzbSAOf+vlvSUT+lnnN8fDN/uR5AlcvvmmbwXrLTb9Vm0XO+I729+7mvhjj1vJW79rRnGm8C5aXa8Y3NmbC3X9ik/YGyTt6yO4WOmyoesjUnOLOnNBS0PwsdeBMCL7RPc/Lhs4zN/7IwERtbbd8skIXySqIiRIlSpQoUaJEiRLtSApRoyDavGm969c0SjwvrLlRxQlHqkWP1KbOnNg1rtswTIDE6UzOtIQLh25qZpqrdsjNkBoB5R4JndB3QwCPnut6oRvRQNEjwyZ2SkXfDFUF9GxSqlOqIWEkwJ7RzBnwFfxZqrJXl7750OPPZPJddqZQaGsvFFpT2axhG4DR0ISAh0HgOp6D3hjCzcOw0r19/fC3gk4FeIHQ2toGSFPXTPjTxXZ4UQig0mfwO4Q3lzgr7X9Az1f/9eID5s1SdFKtFllUUrV+O1Xr7kwfdtj0dBrIZImFFU48rriqEShGQLQo19biR9KtF1cZ7A0WHAEKULnPsAIkFy4UDCAjlmYLAddifnQYu0ALAgtdHEXyJ0J3imjJkhcfe+wJ07AZvsS4tG8mo4YIkewTUR9P2ii4LqB5evoZZ44fNw42oetqSyGnIe6M8vBAUwF6QntqEBsIYa44msIoC2xTz+cyqTSwQQOAM9F0zc6k8u3nfvJTupYG3AkYkYXVwCu+8tITKTPQmRN5tRQEMyLFVFUDM/NhPkHYAfYq8Gq1SqlYKRaHBwZ7N2+eud8cuGYrdHZ0jB+fymSfXfLiD3/y08d/9yTV9YhilrSkzg3/310sSmUNRZGRzPmkSZPa29thruNR5LlAW2EUw1DYhQi+Xk8LFqYdIjMaE9K5iCcQ1mRiLHPbNfSJxsci+CCds8PQqVbL5RLMDg2OScNEHo2cWlZrFG8Hci3os/wTTW9EqURVCD4NUum0nUqZFtpN4/PobsHElEA4XK3VgOjm83nMROYYiMIc89g9nEnvDkIaZtSRDGA09z8VJhyy6Kl4jHSeCjguYwyCpGPJSs8PfJzocIRDnAJDEQSPUh9iYXbKyOXT3ePaW9qypq3DwpVKtVgsDw0O9/Vt6evb3N+/Bbojk061YGjL2rRm9WsvPr/0xWc3rF5WHtxIEu18Jelyb6m6/3ITma0L809vgn/XvLEtAAXYd8ri5ieQNf/4WyuXfu6t3RJevXTUBAPecsFsfsOObDcWL75x9PEpcw+q8/GtNr3s0nfk9TF19nzYojC1eOWuMRs97eTmFiz7wqXLRh9PO39WnJcN5PSUG5tXuOzSGfTH31y99POiUQBGZ1y6bMx6GhsCyDvW+uPGUyi5a+sdRx8S7JzF/3f3TafJl06OB+AtFA/f7Iu++p9kyeKxbyfbGSbY9I3n3cVvOnlHbb4hjkMA/B3rB4L7+8Idoje2eePi0ymRLwGjP33x2HftR+JZ8Y7mzI/PPGVHw/kum7SXCL725JcZ3X31/fAEjGsk9Azq8UgVhXsjzAjBu4xY0eetavTMr354+F/+g0ZUTg26axm0KOscJhUIEyVKlChRokSJEr21eMh6N24II//1pa/OOeDQRx/9/fR9D2jt7AQCHKrcJNxQiUFpFLpu5GqajmmUgO6IKHqmKRGPAA1jqTr0dzXFzfvArhTkZcidmACc3AvQKzgMFd8Lq04N/hsaGu7dMrh5U9/m3oGaE5VKjkrbVMX13MAL4uxaIFpoy6AAWvQYQZKmY5U1lQJLc6tBUHtl6cu5ltTAlgpjFiMi71MFtKg5ro8Uz/OwAprCx3d3wZ+cqJ4fmun8Jz916quvL3Ecxa/VeqaO62ob/9zvX5w8Y5JlZpyax2NbXh2AVkdbO+dqvqWFqpQyBRNtEWfvBQBaFvRT0eEEk2H9kJYrDgBaLNKGJgwizxkuYIi8pKLS0UHkNRN5EQE47xeLf9HT0zNtag/0IhNZsWLdkpliZxOZysqlgzHmn4tUaH7qqaf+8Ic/BM48NNjf0dY674ADBgcHN6xf19HVXS6XCQuLgTcyNDh5/PipPZNVVak6bqVSW7OhF3j/xt7BVavXDg4MQUdnUlmXRCpxjjhqwUfOWDR3v9lAm0dKZM2bAz/6wfUjIxXfq8CgQEwATboZhBuA1yKyFVUNIYAivHgAABAASURBVBJBzXxbS+c4AKguTD5dhWgE7MmjT/2+XBo6euFhum3L5FxKyW65tJTJ54BruUhMtkwLnkxnUoHjArivMaabdsRVlcGRhmm6mKSs4OAhn43L5UUivZ3GgQFhUSEKGorcaswd9omwcxZHBERSMENKZD2rIqQSYPKyeF+DhjeaJ9LVlIYts8iuhkMemqDImof4p0hRxnZEYmtwwCh4tQ6fDmi0olAIPECYI0bM9YxmQZMl7aaNbTV3y9iLfbRlga3KwoKhKFmJZhkRF1YzLIYDYjdVXQU83gIxjUwaloWZVSqVgM9Xqz7MPcdxxaGhGLpmZdOqpmbSadiQU9qiI7r2uecN9Rb7/KQI4a5QkgH9llr2gsR282ft0Odg6vStX7r7AkkSZ39r5Vg7izO/vUZg07s+KZaTfhdjLBTit8QL3HjTW6Qtn3dHkxNFvRLdmisv3d6m314n31BfEiDsW+TJxh4d8cJxXcQ7z5f0efY3YwMP2f5lXzhFJuHe/R9IPxuvxm+/8RRcf8yIz4udNVZ+C/dnO8YaUz93m3zpFLoDbdvaNbf9WPiKXHTW9KlnXSAtO0a7dOu+kpsmiy8Vmc6yzaMNG5PwfvdXEPU2Ojl+dfHpmIwcb3SsVcjiL2M6sywbOLaXYpOTt5wzDS1bNl+udttIxrts0l4kXYcY5m6+LwZCxTVumaqx0fOHffgK1JVQDxl+d3Z1tBkK9UpDf1h8bagAfd7VHhzQOUn6c6JEiRIlSpQoUaK3leeUWOSpPHz+mWdq5UroRVd8/Tvf/e6Pf3bDXU89vWZjb1Sr0SgCpBu6XgQAVyAg5gPJ8gPkQEGkKoam2PCjUDuK4HxY94nuEbMSab0l942NA8+/uPbhx1699VeP/OhHt1519c++9Z2fXPmdn/7vNb+4+Zf3PP7ki6vWAIMedryw5vi6bmRTmbRpZlN2PpNqyWVbC7nWQr7Q1lFobU1ncoaeApyqURUWgOVsnbcWTEMNXITargqn3ZhWrZmmCRgSEGqIOBL9dIMIztfJFd+86hc33wOryhXaRPZna+/mWibd4ge0bzMbHqKqXohcaqgZQkzTyAMbrFZLD91/T61WAfYsM0LZ3gCgLdOEH0ODixIlgjFCh18uzCvQNAUBrSDQItkZOykQqbaBL/pL/IahHhkpfv971zz55FOPPvLYo48+/vDDjz5w/4N3333P7bff+Zvf/OaWW/7v5pt/edNNv/jZDT//6fU3/OSnP/vpz372/e9//0c/+tGdd9zp+36tWhno7+tsb5swYVxxeBjmzJa+3mVLX/vRD6/r39J70Px5ba35Fa8vX79+XbU8EnjOYw8/9I3L/+vGn/3k0YcfevHF515+8XmvOnz4IQd88/Kv/e1f/UV3a7Y8vAWuvjrbWqdP62lrbVu2dNmKN9asWr1u7fqNGzf3burrHxgeGSlXKzXX8XzVMAvtHZad8cKo5sEv7npBJExaTCv14qvLYHk3qA/lbsprkow1FA4ixZHS5s2bYRwAQ2eyGd/zGBM2zRjMwbx7zO8VDjkicxjz2qUfCkxMAdwxtx04PI6xGEAfs4JdOAycarVSLjlOjQPNhyiOij44GEMAQK8b28UpitJIeVbEjyh7qOqAkzW0NKHCvAXzqoGIi7RoQ6ShRyJKwSBOBJEajmbK2OLRwobyd10N0CwznRvbpuhgDT8aJmKLTC65pIgpKGLqAowG+hxBZMvD/GfsIdhSoZCbOL6rs70D5r7jOJVKdXh4ZHBoeOPmvs2b+2o1L5VKtba2wmJtbW1dnZ2TJ060bNOpVaPANzU9whsmfMqDlJmg0V2hJAP6Pdca6RYx+5t31SnhyTfdcd7i0xcLTPy5t0qCrheUw/pyNwKQXLLsDXLy9pc/73yRvjr1zItmY1ayIOXT1/z6BkFNP/mtrTf99kIy/p9js2gXn04Xf3JMMnI9E/zk8z9JMAV7yTJA6mS52OE537rr8zFLR5x9IxBV9Mf43OeXSftmzCD+wphNYj7yDZh7vYwsPoXGcHYp/9x221cnwu9ccW/EbY47avFNd9508mlNrzaGafrn5KbX3Hn3GhK3+bw7bop3vp7wfvedd9d9pTHF+NKxOwQrv2mW2CFMpiaCCC/ln6+/Pnc2QuS4HwTaviFu6tvMmfoKdliI8l03ae+RdOEQ33O7R/i9GgUHffgjv3jw1112yoSoNQkiynQOcV7t9XV9+ZTdnTOevfVnC/7iH4ixqzORE/+NRIkSJUqUKFGiRO9EEXNdp9SazZeGBn/zfzd//Ly/3TJQeuSJF1es2HDf/X9ob2s5bP6M+Qfu39MzOZOxbYsahqJqeDIceKGick3Vw1CVaYmuH5SrzsBQccuWwTc3bISfzb19g4MjvhMGLlaLAwoKCBfAEfIzJEtGFDKAxipgNNczbBtXw7AOm7j9niAg5aGwgAAsZegKwC+sqqYoHveq+82aUepfn1bV0C1qStZ1axFjuornwIZhRW4NK6f5AVBYN6xRTfGD4PDDj/nfa2594umXK7VI1TA9unfjwM9/fgem7hoTFJKuVQLVbuPE0HWaSes0ckZGhubsN55GLqG45sD3i8Ui2eOliAxToMsiLxSdvhXCAElXql7gR5puAMqUKJCK/4RJA4sfxJ69WNJ80+bN3736v0WyswCFMhM2NhUWuBDtg8XFDpaCVGQuqviTd7S37b/ffrD9bDoNI4eezkE4PDQ0b85siCvUKuXVq1Y98vBDxxx95KxZMyHYcPHf/pWq68++8PKgM4K+Dyz85Dkf/cS5ZxoqLw31AqPs7OqC+AI6grcUTjn1lIcfe3K4VITtYjasbDr8gnEF6pzNwtUQzDg3YMDTdV0VZeuYpsM0CA0NgKn1xuq1hx48P649yHnslrxrJZwlsLNhdrue99IrrxxxxBG2Zaegx1StXKlSkc4MDQe6qzGmaaoYBPR4xHtvifRF4XLcuPTyEF7luGpRhzL0XQC6mrADlxuFBaAzYXCFIUcIk0EmYiuKpK5iiBXpxCz+poIIy9mCucMG9hbm0VOcVwrCaGkQomAECFug4vK4hAhY4acEiY01MDNLadp9uY36pgWRl6nSsU8HFZnswqQD850hYEAxmhREnofp7pjTjTbZka4puVw+l8tAF3me67qe41Rdzx0pljw0G9FbWlqAPkMHwc7BYum0Dax/ZHgILpyx8iFWNDQwq5ozFc1qkgzoXaEEQL+lZh80mywGTrlk+Rpy2jss9rbshVfJblK86dlzZ48+V9+Fd6Kpn2+gybozxo2XfvurJ7+1c8iyV95y9XX75u0I+fXnmhF5DGe3ctwmo0nW540aR9Rb+Mm7tm9UcudXpLPHVuB78Ze//Z+nwcp3OExTTzuZvPHtHbX55NNOXnPlpWRHOwTz5PM33fXJxXVDkpgIzxZuJFM/f9e3bmj4jcTMXezRnzpn1ixf8u6aRPYeSQC9O104OIZ6O2fO1bMpHR21Inn+FcDpKmE5S+nOaRWflje8+ebLT/Yc+AFlF364cqwF7OXzeZIoUaJEiRIlSpQo0VsqYgFnoWlqhkqrxc2/+uW1Z3z0k1N7Jt30y/tcn5SG/XseeOmhx5embCOXS7W0ZDIZM5e1UylDwep2zPMCx2MOploGjh9UK47jBYCGEDSj+TAPIsX3Q+A9NccHIiRrhqkakikFixDi7fzCFICgjy3ldsqmsSEAkG7DUE1B1YBxK4x5YRBEbimX0hYsOJSz/jfeeD2TKrRYkQdsSvgdByExTEMQNy0Mo5QBp+rAlgzkYAo/bOEhHx9hd933eLnsWmaK8WBc96yUve/g0EaPAE8P9JRppXNBWAm86uRJ4w6YNbM4sOWoI+enDRXWgIbJEZAvj+zxkubOIjCADsKMU9PCQoKa9NQVtFWmndYvqaiAsPF/Cq17PVMKNFQsL/JYJX0WhFrkmwsqLRwkpKlHnKgKQQlNiQIfcHNrIQ8LmKbZP9BPRPigpaXwzNNPptOp8d3jTz/jjJSpb9q4AejhxJ5pl1z8N68sff0nP71+v9mzjzxi4f4zJlo6oHPeWihAa10HqDnPtGSobkydMe2DJ3zo1ttuJ1QTTUAQDqOum6YKQREi/RlCHgB4577jU2iurgK7NCwTmqoqRv+WIafmWxmdxiYku8WCA70kgAVDj1mp9Jo3Vt173/0fOu5Dne2d6XQ619IaMFYuV4LAV1QDgDIEVMSOQixGl9AWiziyECkw4txQlJXEaQo/+BqhwIsbm4shspDE0DAuolZhXAhRVgkUmf7xWIu3iEmjKvKdAHzFk+h5QVVpFY24VhXTAA4SEfyQxDiSudRYPTHeX07rNQdFMEORmyYCbcslqLxyFpaS0DNw3MG1P6ei3qAg2kjVseRg5PseJoBHoW0bbS0F6DHoqJGRcqVSrVZrrqh/qGtWJl8wDIhcccPQstmcZRsRoOeRouPU0GpH1x3H8eHzg9NawDRT03XN9feCuxz+DJTkmb+l0HoY/112w6+39iuo19zbujYdEN85ZDcp3vQYIlx3EXlL1SvUjVbhq1tevIP3j+Hd22o65jiTumfIGEnKfFpc77BugrGd0o5r6knW/3naO9269LvYjmK7krccpnqbt6ups+IdumubHZJI9+QbeLPZBUEI/hXRs1M/9wpv8t9ACSuMP3XO/AlN2ptkGMZWJ388jl+zpp+dJYwyh6R1n57uCfvpRFOJytHyDM7UWBSwCW15Hnk5laXS6jO/+Jmi7dKzGeiW3ZgbnihRokSJEiVKlGgvUuADJiKGphQyWlebzp0N3/3mP6f0LT/8368cdVgPCQfS2RTT9FpENw5WX1nZ++xLGx763Yq7H3j17vuXPvDwyief2fjSsuFVb3ob+1n/MKk4wPgARGkMMHRpKKwMd+X1vzj3+Cu+8S8nn3yoogzysB/WWStuIMGQX+sNnL7QGYpCN0SrAYeFTrU85HsVzynVamW3VqmMDFdKA2Fto1tcGdbWttqlj512yGf++rSRvpffeO3Bie28qyXomZjlkeu7DkXgFRvLAroCHBlxTI4FPAn0MZ1J60Z06qlHf/2Kf2przZmm4gelvsHe15avXbexVK5VqR4MlzcFvOT7JacC5DR92sknzpwxef9999EVYZGMbsPhXgGgPQ/CAW4QeMjfAQ4q3NSprgP4Ywg9eewPjJCQN6ra8QZC5gJeywRYQbEjWYORiRKF8VIiToC22AJyA0B0XQgwhH7gAcKDi6LBwQFoQxgFQ0NDW/r7i8Xi2rXrdMPM5/OnnXbaggWHFdraJk2apJtGuVxctWplrVwydeXgA+de+73//tuLPjVz32m6rlSdqm7ZmUJHx7hpXROmt3VN8SKFUSWXzwShmym0pfP5bEvBzmbMdNrOZA3LhvGGJvoIKENgtswPYNwgbgBtFbyTS9Jadb31GzdiAT3A2grdLTYcURBxkaws6mraPuOPPv7EnXfdA/i0XIVQTqisyxkOAAAQAElEQVTrxuQpkydNnGhqGkGDC+IHQUVYasBPqVhyHBfwaaVSA4oauD6gWRgc2E1DV01D1dEzQ0W3dk1T6wKULKoKasKKQweKjP7TaO8u7DR0QzUgHmXiAxhIAysNApQlOP/luGPNQ+G/IxzRo5DiS5zUM5rFvGJxhwqXEJhBeJEMbxJHqDCtBm6M1BeWwGxpvN9BHLlKTLSxxqKmBxHTsTQlGj0La2+MQPloZu16nqDPgVfIpSeO706l7WJppLevb/Pmzb29fdAttp1ub+vM5VoMwwIA3dHeMmnihJRtjgwNDQwMAMu3LAt2G2g1AHAIXFTDiKk6V/SRqru+d5Ak2vlKAPRba+rnLo/Nf6fNbfLMbVSTa/KdaLxF2g03HJAR78YLxw4bMTOtGze/h62tOx1fuvWm67r7AgGa527l/4uWGmPfWDcOFhnUb7PVMy/CRV699JQ6i284Gl905tTGyqUfMeqNb+/X4N31x+jgjCYYq7+1PRQbA9ZmMF1PcN6BPffddQ+NZhgbGyv/+LY12xmmRquwc7Zpcz3egG0+7XyxnsWn1Hn9miv3a/hQ1x/jGzGjvEHVx3Y+EuE7Ggbdbz9n3kbvtkl7l4Cxlkql5meouOmKYy1g+ChT0NUqRtI7Qwy+EiF2nps0PqJ+SH2mBJz48NXpUmPjcAm+WSPiQEevfOrOoc3r+C6sqgzdkgDoRIkSJUqUKFGiRO9EVDGjiGiUdLZmuwrmtIn5Dy3cf8mTd974g/88fH7nV75w/oc/OGNSF9H4kE6rOg1F8TOFcT0ilhfpfqi5TlgDTFip+tVK5Fc16rQX1IPmTvzUeSf+22UX/ddXLj7x2EOWvvDE3b++nrt9Gb2U1kba0tWCVRxXqOT1/ozWl7eGFx7Ydcwhkz589PRTPjhr0TH7nPLB2ad9aPbpJ+z3ibMWfvKsI//y7AX/+KkP/fNfn/gXHz3UiNY9+fCNGWNwzoy21mxka25bTs+mzCh0KGbpIiBDRqbULQTQooHpGvxdXbdm2Wf/6TM/vOam6T2TN7y5hjO/WB4ENmlYpu9hPcVs1kintJaWHLDMwCX//d1rq+WawK+SvorfYUT2eAWhD2wQxgoQo23otqmnLD1tY3a4MFeQmTq8nrnMZe064bwh8XIjPzp2RJBv4SQ2ZSCIFplMAJJe0jWnpgpXB1iypTV/wQWf/MEPf3DYoYe1tbZRRd2wccOTTz390MMPPfb4Y4D/1m9YX6tWfczoDeDKZca+M2bNngWTaFPv5s19fW+uXz84MuJCDCOiqVyblW2zcp0+tQJqRIrhwoD5QS6THt/dCUQSgKoijEB0VQNS7qP5Qg0IJXBKQXYxwR99u0Ng8aFM9cZkXk0DFLp+c6+sOUnHFt/bZYLGy2Ri0Z/csKyRcnXZ8hWbtwwAfS5VQOWhwcEoZJ2dnRMnTOjq7OhobS/ksqauiXSryHUrQeAAkoX5LQh82k5ZMMw6Vp/UVKqhQwoEYFRF/gB2VrB4oMTQiug4TQdAC8NgmvBLjrv0gIZ/xYSI0KCDUuTYKv6o0hMa7dg1dKuhCjxLMOs8JKTh90xI/IdC6+UNmUDIMOwy4Rq2qAhvEKWe/kwExZbRD3g+QJNu6kMkAY3LIbaB9BkLmoaByJvm3d2d48Z1AeTu29K3YcPGwQEAx7wTeqm9FVgzND+VNru72seN64TtbOnrHRjoAxqesi1Vo5VyGVC+rlvQC64Lx4vPKRkcHN7SP7w32Lz/OSgB0G+n026qF/q7dFrDJT2muufdtZVThNDUz38rriA3Qy5dry93W7xwTGzlAhe8l3moO9h0QzGW3ZZ914sQNt5IYzPoUTvpHWv6574VVx2Me6hekzB2ND75q3F9v7iA4Azh5jznW6tvOLnx3sWnx5sVWDl2uB7Vaf8pwXR9MdoIAGybE42KPZG3Wk+MlWU++9Z9NaNedVCM6dZtrm8O20xO/k85JeoVEWVfzf7m6ptOa6x27M5+8vyTG+tsTCSxTmlR/bZz5u30Lpu0dwmDt8JlrPEMwxuPOPxSsawGk6dFOymQTSMlUohKA9MtqxoEpCFaj3cIwvmcYWipVErFaiyGqpqWpjxz00922QkN3swo6kWQRIkSJUqUKFGiRIneTlGIp45h4OfSZls23Z5Od+VSB86aNrFVe+XZu+/59f9MKdT+64t/8Z9f+OQHDp7cmfGVYAv3tpBoSOFFzoajsJ8Fmy2t2N1GDp0/8S/OPf5Ln//U//vqxf908ceOPWrm5AmGRoeKvW88cMcvM9Sb1Gq2mF6r6XRmvbw+1JWpdWcrE/LVHNtQ2/Sc279Er7yuOyto6VXdWapWX2UjL0VDS5wtzwSDr5U2vbh5xRO9b/w+qqxrT0cFO8rZSls+k7NTXe2A5FIAtxSKjrSEculQLEwA8DGgJV0llqHOmTXzqMMOLw/0v/bi87mUibmdhkYUL5UyLM0OvaBWrgSOXy6WLTv70ouvDg0VOzq7gHZpqoF+ypgYjI6zZI+XZWjZdKqQz7e05HN5dLwVng2MUhayUCQ9M+nbK5ExwmQe31IqmWw9EzoSVe8wAVo8EGuXKdOCABIBoEPhoQvE2HXdhQsXfOvKK88779yJE8bDmzds3NTb17d0+QoAiKeedvrcA+bBMlv6+zdv3vzUU08NDg22tbXl8/nVa1YDDRwplqhmtHSMI6r55qb+DX1Fh5lLlq5+bfX6ohepqSw1DPRh8H3gr4fOn8eBUQOedDH/vVYuVYsjtWLJw0F0uOdR9CEB6CwSvQm6LVMVWTWnSoiIXQXYDTso6CfCWLLLFWL9QSbKCnI/YJad8iM2OFJct369qLanem5QKVWAQQO1HykWYV9hxrZjXcfxE8ePA67a2Yk4Op+zWgow4DDsmoEeErqq6IZiIl0F1CouDzVN5kEjfaaKrC0Yo+HYzUM8lrOikQcv05mFQzSNf/B+AkUi5dixg3Faz48W3Fr8xAibxiGMJgdqOetwQ/VtCUwdG4CILccEG7YciMqKEUF7eM/zPSGA0JqmAJCfML7LdaobNmzauLHP9cNCC8ymNrFZks3a48cBiS5AOGZ4cEupOAxbgCNB11TA+tCZWK5UQ+ttz8fZP1IaHhkeKpXLaDqdoNFdosQD+u0lnJHrjsN1NZkRbyss6Hf+BbTuuruNqfH0zy294wX6jmoD/rGCTa8+aLSp5911BzlldEP14oFk/uzpb9fmt9nHsW++gfOPnd+0R1jpbpRcY2rzWc0d2GxADO9dPbep+OG2BtAoNK+YPbZ5O3YxrqcPb8NY4+qOmKx91tLPb7PLzXbSb9lmnBJnfnu/GY26iM37u9UQNL0R1zn7/KaoQFMPv92ceTu9yybtbTJNs1Qqtba2yj/hVIKRcFXfuiUrX9MV9aiDF1rU9APels2S91qhyjU4j2H6m7Qlu9+xonxE/H0Jv7JUV1hAdNX0mKMpb765aZcBaOgQ6BaSKFGiRIkSJUqUKNE70PDQiB9ElUpRU8YrYWQqOg/1jKobKWKNUyZ1sc3Lfn/Lq7+fus9+HzthYeH8U0OqV72oWC27gaubum0Z7YJ8ZdNZW6TXCtthn0fEddN9fZuWvvLqkueeyRmuPS4FXCifHcd5SEmoKxSNWUVaCeBfNJjFqoOOaTFBogIqEioVrhKFRg5W+k5rVDj5WnoqE+Fd+TWvBiTK9KBNuhEGHkBnre5rrGJKJqZtauhurdmWrWq2RrVL/uHTG7dsvue+R39wzU2ZdMeAO1AotBSHnda2tsiPnEqIVI1rKVv/l8u+VCtvHteV9UM3jJQQSSGH7bG9AUBnc5ko5CHmihIN7boDF/pHM4G+UYLVaxq2vJRu5T5B0W0Q08YjRZSeQwQpKw6SuGqh/EVFBTwBsKUzB9b6+/j5n/jk+eenbBP+3NzbGwqjg4pTPe200/oHh4A1AvTM5nMjw/3pXP7whQtHBvtLxaKhK5lszs7mCm3d6zf1P/b751esWAnkGnjgZ/7hM7++7dfLV65Ipe2ZM6Yfe/RRRxx2WA6mGknvP2PfjG0PjxS5KKgYF7TjogAj2jyr0H4ui/jxEP/QAcWiLzKjyOAt3SiWS4B0jZQhruZ2A3OEqADQZ8Sq1bBUrlRrNaCilarz1B+e2Xfm7I6OtpRlSjbMIuI7rltzoNeBI2PCMhBmzGwmlo3EWcOdRZ9uzHpWFC4rM1I4NJApczGorOmSFI4lSZll3jochjIrWTM1eW1L64bRHDOgY3AsDDRiZl2/s5zAGiQ31vABaVwXqwQHJayXeWyssJEsBW+UdQuhhTL9ORKpzzg10V4jwPKDQQCgOkD6DNw5FFbQ3LLMTkDLhXx//8DGTZuGhosQMcpmM9A0WDifh08kG8bZdSoQnRA9pliqBaR5qFJCSq6qtp2CsIXv+WKS83KpODjQRyIXPixIgCVSSaKdL7pb7jtItJO05kpBckfZZZ2bN54R5iF7L39MtJcKgt7kPVK5XAYArYhUB8crX/yjf33ouSfHt3eWapWSV9t3Us+iecdd+pG/VfHsSJGVEsR3LwkVpmAcV3wxC7MOPI0SwU4u/sEvaTyVUWW8FmPmXIGTZY3hSQ3eIiVObaTbFZzJ+PDtHsFKMQ87wsXElzycx4Qhhwg0wbC7iqfVBDfPFXkSAF+vuHUq7LEUGvtWY3sYmmNx2YJ4Z2U6N5VNwbVEeEYObcFX8KQ8YOHI0HB2JwD3RIkSJUqUKFGiRHu+4NyY/JE6ZL/p7S32tAnZQ+f2tKSwjhieaWomcNb1mzbaqRRHNgWnwIoXcdXMmKn0rNkHdE8c3yIyDYE5EsypDVzXq1XRnBb+27h+3cjwEKC9crkICLKro9WpVbF2GJwnByGeWfM4ewMlsm1F3iSnMbzCGnopO4XetboG3Au5YZ36ou1sgK7DAf7DPY84LLWy3xs/cfInzz8vn08Bm4t49OySJbphEob5nrqiA+MLQm6YNlCv4eKWwaGRoRGntX0ioKnrb7ilWsPSam0dnbVKDfYhcCrTp3VffvmXn3jsnmOPPMTzKnit4fjFYmXVmtU//cn1K1esJH+k/pRT9HcxrMcumAHXFIZpea4bsQDNGFQFxm5wqDpcdCIsDqfLPNbYp2S0BB+N6xRGTIN3iacRdKqyNiSnAh5i6io8p2iBH4gcV6SIXZ3tX/u3/6+7ux2uY4Dt3Xv//ScvOkkVjsO6Zr7yysuwtp7JE7u7WhUSbOnr9Txq6aquUssw3lizfuK0mZnWjq/95zeefOqp7nFdkyZO2Kdn2sIFC2uO++xzz697c93adeuA0aYzuVNPPe1j53zc1M2LPvXXr7z8ih+EEGYIg8BKZWATeKEEcyPwNYCqnGLKOlyd6YaVzVjpDEw10zIct5ZJ2RoLP3PBOS0teQ3mCKHHn3QG+eP1p4zsBz9waLVcK5XKWLczwgtGAMhwpBiW8fGPf+yIwxfmTGDtpmVbCtWkJ3cQ4KW0U6uFkc+i5aT64QAAEABJREFUsL2j1bZxmdjIQnp7i5xvDA1ASMbAUUbb5ii2jpH5zlwWEVQh6iSuihkSe4IOGPGfYkkq0pHhSSLYLmsuXEmxICEmMcOWpUWNgNajdQ5J3WgcKyNiwcWQSP8XzuEgBepumhbBNPCAxDhbuIrA54yq+xAWC7HcIfpviI+OarkMq/EdH3Z3ypQeQNEjxZGNGzdBYKOQzxtmSsWrdtY9rkNX1WKxCJ8QMD9Ny0T7FceBDyI0wzYNeL7quADzdc2Ajy74vAKyveaNF3s3LIMIBXw0qYjY1V8/8Ax5t4KgC3k/ae7cueRdKcmA/rMSmi184ZTFaPJwafPz511e59FfXgx/fSuhz4n2WsGHO3y7AIOGb6N//sn/u+e5x2/88v8cv++CkJCbHv/Vl268cl7behWDtnH53oADGvYdFhiRid+nqjipohjlhHOOqhKmmS5OukLxZavjF6XCVEDHoRJqRIsYUUkI+FrRKJ7KUayrDV/08M2OpaBDFe/WgTNrgoUJCd4q5OsKngIrBF9iaN4BX+6EyPPuSOOarM4A24+igKg6fLnqeAOT+HaG07qQEVORkUHhDyZOF8U9QYI+M59HBlElwi4XS++3b7tEiRIlSpQoUaJEf4qEba5HaKHq+q3ZLNbxE2edwI/a2tqK5YqJCBjrjGUtvbUjvbm3b/2KZzeu0oBdjYyM5PMFOHUeHOw3TbNarQKF7GxvB+SYgdNcUx9X6ALq5PmunlKDgAMiZKoghEQVNI2jPyxRQjhZpsKpVmArRVjtyZRMoHs1pwrrkBiL0NhfI8QsD0Be+ISmBFQRFAyQq2FxGi55acn/fO/7jBmEAyH1gsCZCDRznxm9fVtKpdKa1asRxzHaPW7qX1/8uWrNa2mbQFXNc33g1FHop7Kpqutc9oUvTpnUftLxHwB+BStB5Eq4tEwge7x0dGIwhLsx5oArmii7V6nhxcJIBVNpRF4qj/0O5JtobAkt3B9E0UWGNsAqpsmIjFquYe4qokx0ByZwIRQIoMhEfg4bGRzYtGF9HlOZ065TPeqoo3RDlxk2MK8621rhvRPGwZTAaEW5Upoz55DeTRt4gI7AqVTGttJwQXXa6Wecc845M2ZMbW8t1KrOa68tzec6v/zFzwNefXP9pjvuuvv+hx7+3nXXLXlt6Zcu+9KMGTNef30luvgqOlxlaZqGTikCvGK6Os5bRcBNolk2hB9gVsHLruel02loDIxrtVbL5XOwSBOC33VauWIVwQwoReRfy26HxsOhwp59+qmeSePNiT0w3fyA6TowW1NFZw0LpqGRz2NuL2HpVFoYa+ABI8og8fo/cSFJVgfNIpxARQYxblom8sdFAxnOBGE9IQMSigxLwC+Y8DJQgWBaJIkzWcNSUGZppiGzz+vVlxo2GnIFRGbYw7ugEVwcsTJRGg5wLGIZhkTYdBCRlS/T2D0PDzeIbUDTgQ5Dm30PjzxYXyplT540EXB3f/+WTZs3V2pua1uHSL6mhoqfVNDESqUCHyC2ngJIXalUIU5laKqVSsMqAD0HQQAHO4QxyqWRwAsYD32v1te7UaEiQwxvq44rIiba2UoA9J+ZtjZbQBcOfpP0lVhz5Snw/Hl33LTXmf8mStQQfBNLE6iAs3uef1hj5PipB/NI0ym54KiP3v+HxzeXhvAUCv4LiU+ca+9cfNV9N5oqH3bLM8ftc9GiT5y34BSIhN5w3823Pv+gpoq4cRjceNl1aarf+eI9P7znFgOecMKbv3rdp/7rEt/QYFOEB1hWO0Ab6EiLrFC/8Yvf/ffF16zY8CplWmAoC7tmfemCf/zJ3b+44+XfwbcqVTQ9Itd/+aoXX37hG7dfZ6ZMOIM2Qu6LfGumkAuO/siZh53+0Ss+jZRaUxmQax6axMil2i44/qyjZiyAE4grfvrt53tfC6n5Vx8884yDPgjnIJzyf/z+vw5VBqp+dOlHP71w+oFYX0XXSaJEiRIlSpQoUaJE71BwrhsFQIhq1WpqSnfg1TSqwSlp4PmDI8VUOgPnpxGRXq0RDz2NRCODfaqi2piiTElQjQjpKGSBAbXl2pFLImMSCApAVRiJ+/qphMtYqYxTSb7kM8KZVodf8gb/SHg5SCuAMAQw5JMsCYJI3p4okihJyOXdf1QmTlN4FGks4irVxf2L8BCQlur7RNVSeAu/GsHZvm6qLW35SVOn3Hrrr9PZLGZVRkQzMqvXbCoUxjFiDA9swcxZztOplEoQox95+LyMDTCrhPXPELqJdJbAb2SS7snSIWwgUmqFOx+vuVW4yogCNmu//QDBDQ6WMWUmZoQ8dtQQEsXf0L2XC1KJ/SzgoixJh9k4igp9jgxaQWtgGCQqnBNmz5rZks9mocsIGRwcqFVrrheSKMznsqZpAMQv5LLjJ0wA+u+6FRgmQk2ggZadtgqF0PUnTspBEyql4qTu7mlTe0x0NAyhLYqqWSk7QANu0tXVcf4nzj3yiMP/9/vfW/Lc05+75DNtLV0M55Lm4TWa4gduJLKDBIFVhTmxSOmHq0NNUXQ1ZJFhmyKIAJGXQNe0e++9d+KECfMOOGD8+PFklwtaJiyUMRBEhcEFAFk0SXHIpjXLbvn5T8//i4smTZjics9Op2uua5gwsBospQprlHQmpWMNQOwlANT10YxtlGMfZxLx2J2E1L01cNPCn4TLxGcE9JpaX4bT+p0IVBQQFNUKMUpEZMFKsTZp4RIDY5G/HDtvSAMXIu8qrktkXCmKhklW8DmgamEUUkzAgt0NNV0TCdcKHGdMHOe+H8jdCYIQRyqMfbK7OrvaWttKpWKpVN60aRO0AQJUMFEz2TR8nMCECcNA1TWLW+VyGUIL0CZDB2yPefp4Ezb8aVowW+A1+HTBpLPAcyrl3z3xmBI5tkmkh7XI1k4A9K5Q4rT95ye0S27SKG5Gm2D+Tm2dEyXaYwVh/OHh4YjyAM4ZTf2/H/oVBI0Z9QH7/vsnP/fxI04QBlXEU9yL/vvL//Wb//7SGZ965b/ve+Lfb+nIdVz6k8v/6XtfYZQfOeugefvM/P2qF/+w9Lm/Ou7jqqhteMCUuQdOmf2711/51Ikfp8R6avUrppn6/MkXkEB9bu3yQFU+e+oFrUbrU+tfge/FMw77UKlWhcfV8vAJhx4NJ7RH7XfovuMn/mHNyy+sWHLhB8+0I3ufSTMPnzH/idefee2NpX99yie+eMan//LDH1u9ecPm6iBT/L8/8fwVfWufeP25kw/50FWf+s+jDzj6jpceO/Pyv/7DG0sUxk4/4sQ5PXOeWvX056//+sqRTVhCgyvnHn3Cc+uWT++eOHP85OLwcJL+nChRokSJEiVKlOiPEiBaN0DwU6rUVMMA7iMBK7CclkJLOpMxTDOdtvO5tGXq5dII0McJXe35tJa39ZypplSWszRTI5ZBFUBdkQcgCyA0oGlDRzysaiqsAWC1bdn4Y9uw2s5OALztLS0tmUwGniFNFhDy5n1JysTt/lRkSioEeBnVAEOGglETUTZOGOqh2YDnsCjEYuCERphDreiMAYGFqwAFwJXr+6vWrXvokcd+e/c9lWrNcX3AWrWaBw/vu/8Bw7Aq5YptoidA6Lme54TMP/LIhSeccFxrawsSsgCTrRGCM+o4HlX2grw9AJmR7zPfd2oVz3HgOinwPEB547o69tt3hoJ3akayNF/s2UDiHyzpTgSeBdSvcFFgUEBAwaPhoev4OEEAM4YB89yWXPrIBQd/+bLPfumyf77ym/85Y3oPC32n6kC/teSytVJpsL9vcGCLW6tYtgWDmc23qpiaChMtl8q2AF220rmKH8CcyOSyMOBOtUqhtwOmEyVlmYCGJ02aDKMNABFiJJpCZs/Y52c/uvaL//yPxKu98urLgC9rTtWvVf3Ak0myuEuqAlgafkdcGAjzyMSCfJppGzW3ppsGXACGwnq4UqmsfH3FLTff/PMbf052uTDigqm9AYs8hXimEuZS5rQJLR9YOGvRBw/LW+S6a7/3h+f/4AVepVqB2I0f+BVA+75XqpQVFWIKGnqiCKsaRRQWxMx31VBVHY4akTSNVQl1w9J0U8EndXgTRRcVRf4mIlW8XhWQSecNHGgmC00KX+YIEXBsx4FgX5WVBml8sI56bgj0LHyiKaFNxuKIpxUZFFB5EyXHe4kVRbBlKisVik2j6Y+PCgR9hqkHISU2eeLklkKhWCyOjBTffHMdPJnJZGGb6UwatgSTHJopG1WuVGHKAmuGyFPVgb5yYQYYlg2fRCOl2nCxAp8PENGCy2eItz37h9+5zogR03uZup3Q512kJAM6UaJEe5nier4BO3TC7Od6l11+y5V3//6ef/nYxSfuf9i0jinTuqfB6ZUa0m/+5tpHlj5x6qEn/s0Jn4Qw7j4Tpn7/r7961P933m0vP3jG848cd+AxCwbnX3PfYjhVOWH+hzCPmJLJLeMP7Zl3TfSLkw45Ec6+fC/80tl/N7d9+g/v+xV8L7Vk7KPnHLNg30N6Ljrc15WF+xzQmmtR+td3a20HzzwETpr2nTz9g3MX/PTRXxXMluMP/iBVWWeh/Zzjzvzuw4trCjv8gMMyJAVfcPAlWvYrcDZw3MEfsn7xjYipHbnOiW2dnz7hE3c8+8CLby59avkzC2ccOGv6nAN73wwDWtTcs79y4SPf+lU+23LUvkft07PPh+YdmdOzbuTKu5kSJUqUKFGiRIkSJXqHAjIUsgCQrO/zUrGSMVXTBKrFWnPpiKpeEGopRZTfQ4NXoDYqEGgW6mkb6JShq/gKCWWZFXwdreK4osrUSKLrKhY6wSxnXWY7CoMN9KNjMfQSAFnkVTbSn2XhO5lPKRwDkIRhIiZWPUFmAcSZCquBEKuuMUXVJk2axJBehWggwQVfDQFIe65bASSlKWoYKpWKHwYOpTrhPvoF2wZj/uGHzf/lr+62s21OzVGo6vouFo8JopRpVSsV2LTr+gDtgG2JrFkga+qUadPIni8eBb6nUEwvV4QXIXr4EvLaK6+0t3erWJ8GO0r0MQ5enblxUX4Qu10k8USxUQdToA/90MPaflQNfOT9ps5PPO7Y4084bvy4zkppxFB57+Y3h4dHCi1tAHsVdN0I21oL0HVADw1dE7mtZOLEntbWTqCug8PDMCi6ma06fsj1CMZFo9mWfEQ1mDAh474XBcSHoYK3Vco1VdPyubxpGjA+ECc464zTjjj88Nt++8Bd99yzecsATBAIJ+BsxHI7SNdjJKqpQGEzuZxuaL7nAnou5DLA2X1MgCXdXV1ksA8r9SnG0PAw2eVCYxrObIPkC/b4zrZxXS3trXkYHYgERV6oTOnqL67/2fU/6Zk2/cgjj5p34MGGiaAZjlg4wjQNpyVRDEU41lBFbTgvq3gsxBCY1l2bBV2uk18Wu21wWRFJujXXjTPqUyH+BUdp/Ezs1yHCP+L4xMNdFCOShpFU/sRIGt5I5RbrOdd0zEqEpw6aUIfw2aLKtYpDHmmHC88AABAASURBVHZNdxyXY7Qp9Dw3nc50dXTqulYslgYHB/sH+jUYTl33vaAlnx8uldGzWcH4CSbmE0XXTYgj1ZwAdh5WhRbYUVituSJuBdtQquVSFLhDg1ueffp3TmW4pSWn0Gg0iRs+WxSVJNr5SuBFokSJ9j7Ztl0qla695MrT/uOv17PNS3tXXPjNf5i1z/5f/+g/LNjvEDjnDdXo5w/9xom8kw45ClMqSKRSrbOl67DpBzz+xtM/fehXxx90rMLFvWd8a/8veRIMp83X/cN/zRw3Fb9nRYBWVm8AVH3dP349xXUuijagMXPKwO92pouCy/Bb0W2tXhFYfFUrHD3zfPzrr759yfe/8E34/lS4qGiIVVzgPXDGZBpROFQd0Rgbl+vE00OhgmGZirmJ1S69/nLYrmYYpsfgVKxcLudyOZIoUaJEiRIlSpQo0R8jgDTAeAECBunUwMBQ175TglrJsAzPCw04Y0ZTAKYYsAwVuBjreOPpMZAnXQ3C0DAMvAFfoYEf4M3rIotRUzXTTAH6ESex2kip5HkeYj4dEzAjISwshkCICp/ZoGFGrGmqIFwxChP2HYrwn0VEhnQYNs2xKGFA0I8WaKWqW635cYMjm7nKNUP3Kj40nEQuCxyFeBqxA0/RNdt3A6roPAzgJNw0kIe2FDILDj3w/279TbU8LE2TTdMKPYdELAj8X9y0eN68maw16wShqakUCx9Gru/be0PFb+hfy8IMUMwWp1jnDSglXNg4taqCyek6jK+8NuF11wVpAC2Ku6NjL0HvBkTT8uopIj4soamKG3gpy5q+T89ZZ5x8+MJDAe5lc+nQBwiIHTRuXFcYcmE3rGZss6urnaqkv7+XipxZTTNXr1733AsvthRabcteu3bj9Bn7mJbBiFmqotdvb1+/phlF14fIAgB0Q3FhRHTdyKYyrufXqmXK0xEaUCiAaDva2//+4r8588zTb/7lrXffc6+J0JsCuQ6CUNQdxJmTtkzV0OERzKTTPnJ6R2fndT/4QSqThnkG/XPMEUc8dsevpb2D9HzYxRpf0CdMHD91yoRsRgeeTHmgUtw7z63CVPcrpbStFfKZlSuXv7Z06ZQpPaeefvrMmfuaupZJWdClhnBfZKLInxwpLotIYrqyIpwyMJsYL11VRadaEKCXhbitQGl4f4uCoBSDQ3Ag1806ZClBLo5EMSvQEkf4umD3Ujom9zlqagKpm7rEs6uJaEMIIRT3GWPWc4A2O0Qc1AJycyYcX2D7YhkqPiSY7/stLS2TJ02plMvDIyP9W7YMDw9nszkIn8C+iOToCGIb8K/nOvCZo6oG7Fa5UoXxN0wbFqhWHHTewOMdZpTj+T7FxDL3xSXP/OH3j2VS2sTx7dAcNGsR1Tdl+3eLIfj7UAmATpQo0d4n+IYABh0EwZPfufU7t1xz3aO3Rla0cv3yM777z//60U9/5qRPuUGtxgKNKR1mQSRFyG9Ucuy8BfcvfeKFNa+RuM4vVnjeauWNIr9nHHoCWlMR1vyFBN/oZyw4GesOUkYZnNUpq/vfvO7+GxziqCFfs2UTVbjJdPGW+NsXTox9wr53zw1L1rzy+NolBtW1yOCynDR+b7MK99f0rnrgyYdW9K3vaZ148lEfpkpcCaEj23L5eZ87/38ue2DJ41/96be+fuEXuW1MyXTD7idfk8164AVy/EEkUaJEiRIlSpQo0VsrBPRGtZGRypSulv7+QTJ9MpAwnaJ9BYBHOD2OhA+wyK7UJC8m1GDC4VlXdaJSyRb1tCWK1AHINahwxmDCexZQpgVUNwql8StyZ1kcrW5Kiy60BK0SEFgJW1j0uxAn55ZphkEAYDgKQiIq3clzYpG9y6jwsQ0CPmHC5KdXllUAkLoCm0gZGVs3Ve4cc8T8Qkth3aqhrq6ZASfVmqvpWmdHR6k0snbtqjdWrdIBVMPZv4YFY2DFPtoZ02wuG0XOTTf9vL3FPvTQuYC4BHWFf8W+y2TLPV6A0rHiOXBjRkLZyZrGaRQGPvSfnTJHar4GFx5EXqSgFQMRBdohNIA5tExUIhQIU1DNSNOUjo7W2TP3nTNnv1kz9wXQnDIAhGJpu1q1xEV1dkyVoaRYHLHMFNGRZvqeZ6WtVCoLr9mZPBB+O5WFR5WaV6l4KdN0qkGxWGvrbOdU80KnWHVyLenb7n1wY1//4QsPO3ruNCrGGtqftg2VcM9z0cfZskMPAwncqbYX8v908d984uNnv/zKqy+/8srKN1b3bu51XFdWx8llspMmTZx30EGHHnZYa3vr5s2bp0+ZvGHj5pRhnHzCicIlmgmbY3W31J077UMLLBuOtogTX0EnbQh8+HiHr7hahdHQ1aitNWPZxki5tnHD+mu///3x48cdNP/AT5zzMXRRR4aLlQsBu4sCgSL9GPaFxlntVBg9E1FxEraBdjaq2qgPGEd9MAOKUeEBTdGlvWFEga7nsCSGc8Rtx/J527aanKaFQzhuTG3QWyazqrnInBfNgs8QVXgrQzgJAkZwMCmqJjOsRVq2EsUX46of+PC7BtfuQJYNs72zA65zh0eGKqXy0NCQ63r5fB7WYqjYik2bNsHuuDVH7DjEVPxUJhOgVz1F/3EvkhQcwim+H2JqdegNbOlbvuy115cvLZeGutpz0LfAzxUuU7zj0ouy/CZJtPOVAOhEiRLtlTIMA89nq9GXPnbJRad+8rrf3njtfYvhNObyX/3vkbMXTOnoCvGcVQ/gG5rK70B4U9ReaINTGt+pwcmZKnypNEVtdqAjTR5VRBSAlm5WzeFcOFlWRWVo8RfeDVhx3ABvcSOeHxFFE99lspiDWJ5HSqhM75wM57oPvfwsZyHBYDJ+03E/tHTjpgduuyb4+UtrVnzk8A/+9ye+klczwipLfC9G5EPzP/CdC7986Q2X/+zJXx04Y+5FR5yVtTOGsXMj9g/8iJ/z2uif+36YPn1K/Y8XeOuN+O/Zn6Q/2AOYr2wqtPB48meqzXzhN8mKbZ4eMyiJEiVKlChRokTvTEAQSRRVANgw7roBkLvxHW21SjGTTjsBo3COqqCZA4CeiMepGUCLgA2lgGKK9Gc/8AIfz8TRG1bTgXlJ+hxG8hyY8rESrhoiY7IOulThEiBLw8m3yHsNpYBco8WHyNElIicXMZZCQt+nislIVGjr2PD4i9NnjRdn2/i6jsUN+T77TPD94PAFh5VG1InTJwRRVCpXOzs6S8WR1kLmqad+P27cNFO1TC0VcYOqugHYGihgGKiqdeopHz7ooJnV8gCS55DBnvrs/2fvPQDtuKpz/z0ze/qpt9+ralmW5C7csOkmYAMGHAjEBB6BkPyTR3gJIYUXhwcphDjhJSGNkJdCCSk4EMAUg22CDTamuMlVtnq9/d5Tp7f/t/bceyXZhmBjyYX9IeSjOVP27L3nnDm/teZbCSV5cq1SrbCnvERnKgTLRQFIjaue38dvoF4vWLc+a9TrU/MeuaMsZauysqBjliT4SaSrahQnTMlXT4xfeOEFWZ40GrULzjtnbHyk4tgYQK2MOhSqqKKncoQwwP6FH/HCwkLFraqaHoZxtV4Db8ZIuJUafkolcW4OVXXT57pZKFRhcrHV2qxbgyPjQK1JmgBX7t6z/8xzhu7ZsctqDPzbF65tOq88ee0aAxERSrGPwGUpCqKYh6enHbdKkD2MDNNSM96oOs+/6IIXv+j5GHnQxr7nIRRhWbZt2KZldnvdXr/fmptNw/C5Fzx72933XPyiiw3LmpueokklpuiTkstTt3Bx+VwjAA48qhF1Fk/NasDK5GBDcDqNbK4aAw3bsLJc6XY63771u//jjW+g4FCeqcwoaWkm6hlqIjoisqfU8vJaei7hqB+wpQPGinVzLh5rODpVWQQslj06RAyCiXXJT4OeFy6zuUTsglw28AuaCasNpXRxVrkinLgLQrvictZYWcYUFFuP4ngJluflD+AccynPU/FJoCRJgoZ12t3Vq9dUq9UkQ3yi43v+7MwMfvBScCjPqpU6LsPJQ5OiwCZZjwR+wLmBobdMu9vpU7K2wSM/iKLANC1D1/ygv2PHQ9++9Vv79+9DY8dGh9atHUVEg1NxUzJDV6TnxpMhCaClpKSernIcp9vtGoY+Uhl430//2ksuuvi1v/9zUZHunt972qoNJu44lWwxWNAKNdcS+pZVtNsfvF3n2rmbzuGa4kV+micp47izxH0N3V/S92E66Fa1gtKexZeSyJ9mOX1VabGoCa0K+pzibjRXEl011tdXvesnfx43Efg+/vK2G//je1/IcHvGcESTiQg7btLwJf6S81/oanZvvo077u/tvPuCDWfnao5bizRO/ufL3/TSM5/zwt9545e+d+NLNz3/zRf/VIE7ipznGtna4fv6Z5736kOtqb/88j/csfv+33z523Di7Pjp0XDnjq8VA19jV3/oqQd57zwGlP9YiQZlii3+gkyEl5KSkpKSknosAg7OC9wIJwkD+5lb6A40G7pT54Zp4/aUzC7iXCBjVVMFpgGq1XGvm+VEOQGMNEI/OjitSqXDknzJTFbwKUqUJpglMiVzYbtRCM6cH5NESWssLSnRc768F0oQ0XmZBCKe8hdZ0gnBYKaZPS8eGJ6oNIba7S7nJ4skafK/1S09yYrP/Oe1hm70O1q1MsZuScGjqFUqby0sJlFUq1VxOtR4VS9yDqre9z3CaHns2PoZZ52ZFSFWD+PUNohpluAO8NtybfaUVyqqJqLLMC5xEqPlUQpejwABlbqpVGtcm8mFu4JI/CzTySlPRy3yTRtPefYF528966x169c1GnWN7BrIugHcOU1jdFTp24uu1DlAM9Ub1LkF6IzuaTQG6vUm6LPjVEDqOaXE4+eVOju7MDQygeUIS7Tabd000PEs18M4amoaIhjAjrZhXnj+BSk3FN304swZGP70V2/8mde+Zt34MCAszzNDU3SN+aG3fu2ahXan1+8ZBKZTshXnHH+n2I9wQ7ZNHfwW0NP3+q3WfJqkfugD3WICvORFL7ro2c/u9zwg6cDzREijtKJgJ15KFln0rGxBzhg0YjhBA7MuExbqjmW6lp95FPnIMzbUqA8MjyZpfuZZZ8RRRFelopGLOhUSxGgspfEy8chCeW2xZRgt3jriLKHShbx0Ca6EiFZaRbU9c9qkXJ4yQYfVEmUXjB15tJecxY8sKMsQLq2iLdUQpVBFFEXiulbCKBYUW11ymKaIkir8eFKs0Gm3cNoIG6xffxJ+1PtQ6C8utnCyDuJdTkUhU3OOz5jF2Vm8xqdJmiZev6/rPC+oWCbB6LDvBz1Gv5tZmgRTh/c++OD2Xbt2zi/McEUdbDq1ioM4ikppaUmWFqJsIRf9xthR1VClToAkgJaSknoay3Xd+fn5sdFxphUXrTnjJVued91DtzpGzSz05z3rOTfe/91/v+lLr73ocs70VMm1jN3zwL2JUrzqjBfifvn01ac4mkWP6KQBbsEKDTdnxb7WoQudXnEZAAAQAElEQVQ2n50b9IyQeLhIVWMqDk0e0olFds6KYNK4k8VNqWrEuG9PC15QeV+splPMV83DUGFmquAOgR5kxF2+btCNBW52f+fn3n3Pvnv/4Oq/+uLv/IPGjDCJE1Bmuqmz3vKC17zvi3/9x5/+69e/8JVcMwvxnWhi37i94Nq7L/+FLIje+qIrcMrseOqGLy/R5/e/W3nHOL3Y/+XiWV+jF1f8YyFx55Op01dwc/GL72KfwX/vZx+eYuUwPYE62GLv+0Lx6y9RzlzFpKSkpKSkpJ5hwr2vKsoAgrGqrjWz0Nm0xbr7wQcazZFVazaEcQY+1G61apXaQH0A4AgwCHSsNNOg8mNMiZNE1/XS9jVLMkq6Le3jyNIV5DITCZciSZPsNeigJfMScIpcYGl18Qw+5XAsg7OlaoRiZVBMsoXAunEWRUkYJ92eh0P1/OzsCzbPtXpkdFxwRsZ3ws9DVUy70fcT3HKnidqZnwWALQ2Cy1bhbjuKEzCsRrNOXseqlsSZxvXA9zWlSJL4lltuicL2C15wAcggmCnVIczyBKeHE+BPAwuOvu+TsQT94Yx8GJhtO8TblLzb6w0ODatcBZYlVwS1HKaU7Edc69d+9R3Pf86Fjm1kRYKNsyzI6UFQlWvCTQF7VDhGjRvcjxKv29U5og7Urxo3MXDN5gCODsLX73sYbvxUiZPUdWtj445pVeMEnayZtjk6PkrIFcOmkdc0ebyARqlqs1oDqvSDQLcqmaZ3vOQTn/niW376J9cPN+hB1iKNfG9uelrR58dWr7VtOwrCIIjiwCvII0IXtsJKXpR184iGYsZhNH2fEqIHmw3TchAjUcuoB9qHqEtONTOLJ4k8oi/F4wKZSl4mekq/9MiAW5iOFKahjw41kngBIyTaiFFKXMc9/9xza5VqHEaFKVLQC2HDnglMzJcSmykDaulCW6n+t3zQJffmpUqh5Be9DKBXHlkQVx5bekJBKa/JpauSHbWvJROPMrdaHLDMrS6WTCzV0mMHL8CIgyAUdUwpkrTsw8NS8VGCCEe32wVQHh0ds0yy1vT9oNVqIUiADqnX6zoZ5aiGaQZRBC6NyTw1NYm/w5Bsc2JxLXMDIYeo3+/E4M6HDu546IHtD9zf65A7eaVirxpuOK5tmbpGxisppZSVtTlFZ7GjJ4Bk0CdKEkBLSUk9jYXgd6VSmV+cGxoe3D194OsH7t44OP7yMy7KVfUP3/Qbr/zdX7xzz50fvf6f33LxGwym/uM3Pn3z/J6LN57zlp94Lb57Nq0+5dknbb31wD3v/tif/dn//B0tS+45uPP/XffZv/6F3+FFGRmn++OeGXRTH7cJM71uS/PrzBa1olmH+22/i2/ULvN9NbYZKHS+c243vgrnw95CtDBsNhE93ju1FzvDTdD2/Q+evv7Ue+6/78+v+5hpqIj59uJ2GgWWouyf258qyZsu/akPf/1TU8H8x6/995+77I2KahxenNzbn5v05yasEXzB/sJL32SZVllG/Phpx4z4zxB75TLWXHeZ8v5txXvnCXfewNjRSdAf/oBYLvTw/Ohlp45SR/tFrBDt97+ZffKTR7KtV5D3I/UwS5ByzaOPXuZoH4VoH32TY5o9xO56G7tCpHuvvHvMVljhPco69n31wxzi6q3siq89Sic8UkefztEn8mhS3vOS4jNit3dPMbZ80JWOPfZwy7T6UVv4aN2+b4Fds43d9FDx+V9Wzl7NpKSkpKSkpJ5J0slYmSAUgKxpNf0g3r1/asOmM//16i+cvKl10voNFbOoDYwalrHv8OE0jgcadcs0FcI3OScsSyUHsR+wWa5qhsHLemWlAzQ9WU8ocOmpf5GAXKIvtlLBTMDqHGCzEMbPAlHl4sl6rUynTNIsAvqlmmN54IeQH4E4ZUGcz7a8wZFVD+ycwtHiiOwIBBIvAKyjFDS7gtUFFsuYYokUa0q05lqRZTFVf+GMWwLdZQkgN3ZimrgZx3+jm278+gtfeCGwYBwE2G2aJmg05W+zIsky9pQX55zq8FHVG0HYMMoaVW7UFK3r9dasPxlIrt3pgTxTgXUl4xqrVez3//57LzzvHPwkAbPjGk4T5F2UUBdjibFGn2q6IcZRS5kqOpMPNAejKCwtB03LQsABh2q12+iohCIDapLm+C2TJDk3LJXr5513HmB+rVHptLvo8LxIl46RprZhYIhrbnUBsQWqY1lJ4+DTX/zqz/7kpeM1ozU/zbKo4lqzi62ZKWVgaES3bB28Mk0BN6MoyBBGyIR3hKhiV1JRREdGRka4Th7H4JVxEpWngx+A2Cp/Mqyfj0jhGAJF0/Jy0otLKS8SBA8KAsrZQNVlE+zQ5Hw/SJLIn52Z2rBxkwMIXXECz8eJRknMGbljq7lWnktO4Qb8LqbKgaUlzdFwma3U9xQiJ5WyCuGyQcejrkPcWcykQimO9qIsd06my0tGlTgufjoTXyZHlywvU5uxJV2/wukZrSgfeqBoFIBxkqRJrArKXK3WsQL4suf1u90eIge2bVVrVRw6iRPHNHGyCDhgH4uLLezcNI1epxUEvmVbs/Ozvt/fufPBu+/eNj8/NzN1COPbbDibN60yNC1OY4GbRQiLaD4TjSqzvAmIHx1+UGQe9ImSBNBSUlJPbxkG2WDddv9dP/2h//Xskzb/+c//ET2mx9j6+pov/u7f/e6//tUf/Mdf/J9//SsL34Sm+q7n/eSVb/51SiwmD2b1I//f+37lo1f9x+1f/vQbv2Dals6L33/Tb/zE2S9a+s4Wzle/+Je/fcf22/EldevO773xPW/9ygf+Q9xTs1/683fft+telqm37r39f33wNz/6v//qL/7zIx/4/F/ZhZ2oybPf/op7P/rNr992y8//1buoVIKevv73/2em5EEeO5p+/pZz0jg79/97sa/Qzv7kU3+z7Z67/+k3/vzzV/7duz7yB7/z739q6npzYOz3Pvkh3TEuessrdlx9S9RKDN043tbPOLG7SwY6z750VGrtO96jvOMRq37mk8VnjvrnFR8oVnDtw8gsKwHxtofz3Pd+8ph13vvB4u5H85U+hswetebZ7PuexQpyPXqTTz6C/15xtNnII71H5tmz3lV8Hyz+wx1i/gh9ZqITfnH80Yyzj4X1pPvZwLuK7+95UnxgebdnPwIoH3240qNjhVZ/8k72jsuWTvaTYmVA6kee3fM3sr99o/KOfy9e/eHi829XnrWWSUlJSUlJST1jpKtaoVDeZT+INYOZXA+jxLZrF1547ubNWzRyvkgCr39g7z5d58NDQ7qmCgKlLD+3ngFMckUDRqalYE8gTXFC1Qcpr1OkcOQADSpAkyaIT2mukZPFHRCwkiU5GVHrBsCTBuCbUjYopUgC97Lc6/UsN+sHxKCjMPH6Ybfr4ebH93zVtGynMrxqLNl1OFHAFkNwMjoVQ1NNnlPCbOIYRpxGJTwTZr9arqaFeH6Rcjyz3LUqtlMLuzHjukpl33ACsWu5v/gLPzsyXO+0ZjSmEVHV1BQdoVBmcRT67Ckv9C8NFJWdUwT6z03DIo9gVVOyVFeLWrXWB9SMY6ZQdm3Ntf7kj/5g61mnFVnCKduZlyYOZCCtYItcxRjjZxX9U9TrU1WLqbZhg3TjcFw3AXPxIlc4cT1VHR5bU2imDzTJja7v79u146wtp+V+18QebKtQLPBVXTeiKEnDHlfUPEnqtSo4o+s6z3/OhV/8+jeKDAOXYqDmWv6nv3jjL7zh1WHOWrNTps4sqzI3vU/TWL05HieprpuqY4vieFSgsvQXx9kjGKKr5BsdJwnIc5wmURjnwtSbg/nmWQxuTl6KKZXTfDI8OLhlkZFzloIuFyJigAFSOUVMqMoQVejLBqvcWddodcKFXtEJ2OLifBT7RVF1bd3QDD8DcM5B+jP0O+dxHnMBlMUcKPBrUVQSOmJ3s/LwgUIVBpVi2fqGLQeEyoY9EkMzJmoVLq9WPqDARFgmJ0sNRbh50MVOIajSUQR83TDjCMy3EGnONDVwTgloNLlnIJ4VUwBjYBBBAiaqBHp+0G61gjDQOR8cGNDIwkXnBl+YX4jiQFjWa91eD0elaIrKuu1uFEc7dj30ne/e2lqYQx/qWuraxoaJxtj4KK3c6SDaBAaNvQvmLDzklxyrhWUIWzavFp7UdBbaskWI1HGWBNBSUlJPe1mWdcr4htv+5ItDzWZG5RfoPggfb+uH1n7i1/7Mi7w777+r0qieueY03FGpS5ZY9NUzOrL6U+/+68Xewm0P3OW67oVnnmcoZvkdy8T3Nr69P/GOP1t6HpBKOtAzRGSgpbJP/sqHjl6O9d91+S/96it/QdyhUT6HoRiXnX/xwY/eISqoJLSiqhciRK/SM1d8xz985yijLnpm7uSR9Z9/7z8m5VONRXHoE3eU70Z+hK9/xz6e1s9LUv7+zcVnBAwFTn1vuez7JQIvL19Cn/PsA3cy0NX9X16mz8tpvEuZueC5jzDxWGKsy/AXUPv15zw8k/rYRN0l8vuZO4u/BxZfRrdHJxd/+ANLaHilTGLZwofz33l21puV75xzZKsdRzdpeav3frR45SNO/4c9xMoKy+38zFeK95zzsL0Vv/jJY/pz5Rwf7nkiqPTRW2LnKzYpZS89rD1LSevnsE1fo7PbMVV6trH9dy6d7Ju/TxnJN5zPDK780r8Ur/7b4j9/SbngJCYlJSUlJSX1zBB5sCpklOGFCbiXZuitVmf79h2OYwe9tqEyLwyHBwcW54vBZs3gWpnKTPe9uMPNyOtA5USywCaJ7KVZksZ4X9cMYV6RE2TWtSDwQZKAorihU9UVTeMqVij8MPb9EORscnLf+MS4YWlxHBGfYkUcpvR4PjC2ks+3++1e3/dCruquXYnDWDeKEJibF45rAzSmKsgjpbuCmAOIaVQSj+UgX3EuDBYowzpdyrAW+bF5YeoGXhiGpSq647oB5cbGeRKoRWwovDnYALlThZsAzgrANS2SIs3mpqZ1Q2dPeenCj4J6MksoZ4VKDDLbNNGdaRQe2Ld786aTW4uLeRLrlKmavebyy845+3ROj1ZS4jn5AnJDuAmSXwV+q1AtQ41+VFEWeJkwm5NVMUFGzAoyJMyxgsZNKiWHo+Z5t9c9NLtwz/aHdu7ec8pJJ5+25bSZqcnhRuOhXTtGxsdApXFcz/NHR0YzHE5hTsXmphll6QsvPH+x3f7u3fcEBU+ZXnBrx1Tr7z91zVtfd0m+MM2UqNNdxO+n+++/+9TTuG1VwjSjWIiqlb/aNJH6qxFhRQwiTSjNFjERqpRJVtZ5AUgN8g7u2+m0FIpFaBh6nT8JNKzX9WzLRPiFkfFLRFGbQmBeVujoy4JTdEbJLZdX7frQcGX/jHff7v333n8ffudWLRs/EpsVCwg+xOnkeRLFlmXScwdJwsChCyVF5EBlojIhsWYKIIjX6KQlJk2Zy0u/LwRDXnLAEVY1lJS9YomzIpENfYRoL62fHzHxQDdjeKpk/wAAEABJREFUeiQpXbsaZR+nyzbwOdUmRSRKvGWYZqPRME0TQwISHQZRp9Pp9/sYvVq16jgOmspF3Uk/CLADbGdZNhm4p0kQeGjs4QMHvvOdm+/FPAk91zXw+VSzzVrVHGzUxkaGp2dnWp0WpgU+gzAfNWXFeqSMRS0b6SwZhrCVkpxMmnCcKEkALSUl9UwQvrHEwztBtVo98ogQ3TEVFcN9wdbn0mNCj/hiKYskDDdGXnHhJfR9SaWEjzysVK7Al29NynCpMMVSyuUr8eRyK6qEQSWC6U4oU8rn3wrT1KggMCWMFDpZyJnl3rC+CFAfee6pXEiJ2ubSOqXbRq/Xw3f28S08eLTOURbHj80FFonA7BEmG5u2LoHUd7z8mFzmL20T/wFOXYan6y5Trp4SVFrw0E3La4KWLu1wXPnOm5cQ7afvJGD6SC1n7yp//yH29/jvFNuPPT9yvaNye1dA8Dvew+5ewdbnHJkGrz/n4VsdaRK2ehv7JPphGaz/SIc4R3n/Vx6eobykO5f9Md62AqaXwwClxTP7vgKvp5XPEaN2bHL3K7ey94qs5x1T7KXjypuHjjFRWRmjV35//+jXPosY9M99vPjJj1AetGTQUlJSUlJSzxiVd6DAQtywge78fjQ9M1utu0PNhmVbumXu27vXMA1O3gvgufQ8Poh1AupHT6/neSyewgdbEs/WU5Ih0CeoEiAwp+KEIL9M12MBwxJFjXIlCCJFNRYWWlGY3blt2+DgIO5/Lbemev00CQGboigBm4ui3LGrulkHsDI4zw0Dt8FR6OMu27UBo6wcbdJ1tIypvA+YHYMwpuCPrmmesuHk2M+xpqIrpg2QrqZ5oZuOaZkg0hqAWJI/9wWX5EnGNS0JInSDqeuUQY130vg//v1TUdS97BUvNQ1VJadiOiXgwLTTZ+bxfgbxCRB63XaqAOtUPFBRcbqIAWCgwyjE68OHDmoLXcfmVWfQ9/qsMC5+0fPjJOC6xamUX2pY+hJnFDYORJY1bSlTVhWprZpKZrpgnynxRIy0Qd2ieJ6HcaafPYri+f2vfuXaiLLZi1NPOxU0cc369SyJTzvjjJSxgVHO0PlcT0REA7/TkjRSWIofPJnfvewFF6WB/417dmHQA6oqWH1oevELX7v1Zy574c47v1WpVJMiGxoZ2rNn18aTN+u6iQaRpbW69OsrV4vyKVXEHFJAzyzFhExFjivV9xPOFEHo44cVsLRCmB2sNmUnXJSCnWeu61imCQKOX6AU8MhElxVk9iJK5IH108kYPEcf9/udm77+jdUTa8887XQtp0x1p1KxCgoFkA1JROUcdU5REypfhPlPIFsRe8w5OkfY24ifp6IGJXpeW3bSWALSS/SZEWsWSdhMeM5QZ+Yr1Ln85UvhobIQYrFk2l6aROPAMRlrqGSWEyflrsuEetMwHds2DBOvsXmIAFQYYSBK9Oy6Nn7nAqxzIQwKftRjhiFKFFO904wuxIRw9dTUoRuuu25xYabm2qPjzUbNQsgBmw8NNqrVyr59+zrdnjD9YeLENWU5Dfzo/j/qlz5VXFp6vYyhpY63JICWkpJ6hqhk0N1ut1arrSws1OVni77PUzWi1EkunONU3KtolDy9TJ+XofORvZE19NLX08rjSCvfamR4pghHPJaqBe4NKDKvUBGHlGdEpRNV1Y86LnuE29QjETkVZziR9LkUcPCHxItjXSmONtmAznoEu7xn6gicZaPH0OFN40Q/meDL71le+Pqjqe44gekd5U6O1jK6XXJ5Lvcm8p0f1Z15Jbf32OYpZw8Vn1kmsEsaOoLCV7YiX5FPskc5rx/5EEuap22PbvkNdy69OJJyfpSOtng+xhh6JaW6zBkX6zzShWNlDys8mvj++DJtf/nSaN57mF17L3tUPWsNu30/u/xvi8++XbloA5OSkpKSkpJ6ugtcWPi6siCiRFLDsVppEOSBH4WbTzk5TMJOuxsm0aq1qw2g5yID4sqzDFAJKDMj5fT8P9UZ4xlwJQPy1XLKtaS7lDjpmpaekOMrEw/qG3sePNjr+YcOTVartTCOVq9effpZZwEbcSo95ydB0lpsg2FZjq2blcZAtd/vzc5Pd7pt07BrVdcD1Ox2Ko6ri/xl4GdNUQYGBoCUF1q9rh80U62i6Y1q5c8/+GcDzbEoDMI00E1NyZUwyVRKJVHBsA1VM7nV7kZhbtZcNy3iLFXiyFNBzOPYsd0dOx46+eRVGlcFUy+iOFTSwut67/rVX9+/fz97ymtgoAkQj2AAxtT3PHRp3/Mok0YpdJ1sHtIksHT8MMlcRx8bG1m9Zsy2DPyUAbEUuTP4QyuT5QHtqHTLJY8I8ayn+DlVKI7t4JdPGMUi+T0us91N0wZWxvLm8PCrXvnyqz93jW05q8bHQYCFPwM5RpBHYpZbTIsjjAp+eikglRamShoH/d7w0LChaFe8/CXtfrJtzwHVdr08Axz/xl33u7r2E+edtv3e7+mmgujDyPDq22+/7bzzny2cu4XNCv0KE+4SIis3LVRhNUylMDNKMMYsVELPj6IAf2ZnZ0RaLk6YUvvZCZcGtowJF6LlFqAr/lAicwEWnubCcFwAZEPl+DdZZTcbiKUUu3bt+Yu//Ls3velNz3veRS45b2iIxuCnZ7VWj3BZRrGozBhTKAiBgtzIuPgZSuMnPGoohLBkPkG/b/OVE18Cr8WRpGeB8HOKKJRLhZ1LscKaCUAjIEXeFWq5kKIRmgagTOYtXInC0LQs7Mg0EEIig3jKwaeoRex5UcmXgZ6xYaVCLipYh+izLoyksywIAgwdAgy9fkRPV+gFGHsYhvsP7P3Klz5vasUp68cAoIvYqxp5pVpds3YN2nffAw96QVCg5xQlK62fv7+lxhKDFnUXl9OiFYpiSB1/SQAtJSX1zFHJoFutVqPRWHbCEt+vSlnDV1l5EOfo1GP6XqZvUBE8p7tn4VW37HK1opVtRY0F9WHJyysvciW768F7Pvjpv9F0ft6Gs371p37xHX/27vmia8Ta7/3s/960ZsMxFQ+ONdt6WC2Idptux080fT5ayyR6ydO5zAVmx1crNhEresd7lFceW17vUR2lT2STTpjuORpAH61zlKvvXLI6oRznqUe4SB+rdZex131tKUH79WwJoK8EAP70huKLd/+gzaOU/cPNxUUbZGqAlJSUlJTU016qgI64twnDuNP3xoeHFxb22jUnjqLZ+bmRgSqgTKVSP3zosOs6uCdNkhhb5eDOlDFK3htpTjkVVPaNWE4eCk/eIKYEzDhR9x6cygq10+106TG+JIqS8fGxNevXVqoupdEqGhBzr9/p9/qGYQJ6VmpDODRBqiTlGshc3mhU8jQB5QJWK7JkeKiB22VN11iUg0d7/f7gwBBYZK8fzi601qx2yeI3LQxTDXqBqtOtdZwkLFUInYm6dOBmYZxkVPhN0bmSpV7ke4wyQXMw6FM2bvj5t73ZcXgU9nfs3D40NBAnEX4XgNSjEavWrkmfDFL5WMUVJRKoLk0SUSpQMw2QPV1Rl0BhEoca5aeTT8rwYBM/eJI4tl1b5LSqwtECYFMF6FeWbbtLZrmULQvoqGpUz03jrusuVW7T1KU0WkaJxnHon75502WXvPS++x+quQ4jQqwEQdjudvGKWiWqExacG7a90FqoVR1dZb4fYkJQClGWvu6SFwTXfPneQ1OaVYuz3HVq1996u8mVi865YMcDd6ZhcuDgwcGh4f0HDkxMIFpgigxiYapAARAabbJNyfOlrF2atFmCyVDkUeA/9MADrYWFRsUuy2YaT0ZiOzpQuFFjJmP+W4jEGIYB4o+rJ8sJ4ZZVIjEYhlYoLK/a2tBAZf90sNDqf/JTn1EN44XPuTDqdO04sWwnFynG1UrFdRxxAaVRFAPc5vFK0U8KSoiqlNpRP4SzlSxg8bdScualfwoSvJwZvASgiyMWHMIDmt5cAtMiHV6rVCpMxCrwotwEQ4OeJ7yeJAHxccxOAtCYk7V6zbIoARxTDO03xIMOIdWLjMgkPlf6fY+qMhYJkDRCSnNz0zd9/frBRqXmanXHzGJ/dLRRc63h4ZHZ+YWDh6fDKEFP4GQzUV6QAinsSBnGH1BgcKUXCvkr54RIAmgpKalnlIBr8e01Ozs7PDyMb5zP3f4VXmj4Go/SqKKYL7/wEh3f7jz/8vduuOCkrcMjwxpTb3nwu3P+YpKbRerV7PrLT3thaKbX3vo11cStWL51/el37rx/ojl24ZbTEVH/4q1fVTX9FRe9WCvY9du+de/u++uNxkDVfdU5LzENl6LWTDtn01ZFt27eecc//caHdJX/wdvf86zffNn73/Cbm9dtREj25ttu/Pxt3xyoOy8+78XP2/isQ53Z7z50e8H4uRtP2zC09oZ7vu4F4fNOu6iIMtw0nnD6fKS23tGGG+SJcf8Pt4MVt4eZYywydiwnERP0/PLS62PcNqaWqOjrznmU7/91lx2xmFih4WWZxE3smMqB65b9jo9NW14urng6GVDseOT+l7d63aNVQfx+Kz+mQ3w/rfTt96l2SD3zg3X3FPvwV5Zer+xk/7HIHvdXrz+9+IxwQbmCHWlnqd9/lfL/Pe/Rd/7HXy1u3c3WNNn7L5f3ZVJSUlJSUs8ElWmQwImgQb1epOrW1OzcpqFNGgcGyqenp4MgVRW1OdAIQ/JbKPMZAZpzwpFU1UQRBI2gb5Hrpg7G1+n701Nzvh9MTs91O163H27etHlifEO9UdUNNY6DTqfT6/cAgj0vAFRat3a1oZthEM8tLADDAT6qiklGr74XBn2Ta6LCnBPGQZYbaRzRo4oJ4JQOoN1ptcfHN7iW5fWDqblWVqwBUjU0Iw0is1pP09gwOFCsqhiqsFrA4QzisEUQhtxwFF0rMj+NWqJwYrb17DN/7dfecdJJa/ud9p69O0EAgygkW5II7CxDF1mOmxZPgwJlnXYrTSmFVhE4GWjQAaCk1Jms9PA2dI3qwmWFydX2wqLX69vWQAYsj84RABookKq/CRsEMgbUNFFkrpQi3LTLVGgi++IpUirquOQrLCCfTsk0+bOf9azxoXFegCx7VrUKAIqWtDtdAN8MjJnq78WNgUHLWk3pwFky0Bz4xCc/eflrXuM49qCrvOV1l/3lx/71QKenmlU/Kmx34PPfuM2p108+6fSd998dRZ5TbW7YeIrX92IMKNcVJpJYi9KMOM0UlpGvMnH2hMoQgj6zxdnZbXfddedt3yvzXTGrsSFIOjvh4oYhsrKpu0Fmu90Ek5McY8jBmlLOKf280DmlSlN5zLqp1xxdV0M/8Dsd/d/+4zOjQwOnbDy52+0lFPjRDcvSyQ1FN00TvxxFQUZKQw6FWUqelGQZaDhD3Ik8c45KDS7Jcpl9RSh/OQsqT+OVFfB3SgnjIk+L3CsVAH7HtbVllYQ3jmPRsVRmMBb+1CWAxmvf97Ec66B5uKzLoAhFwVQFnwalJSYlUHPNsu1+v4+L14/X6XUAABAASURBVDDs+YV5x7Gi0Cvy5Btfv26g6VQM1dGZrqaNoerQYAM/9nft3ntoai7JgfUpfJKLQJEqyg0qywy61MOcM4/OISsT4WUJwhMjlUlJSUk9s2RZ+PKycfecZem9D9zzlr/+9cWZw9XC+O2PfVDN4oIz3/Pf/o/v+fDX/wXfVIw8wayf/7+/dd/2O11m/crfvfe3P/OHVqzesf22n/nL/7Vvzy5HMb56702v/r+/sH1mN8uV2x984Jp7b8D31s9/6Lf/6YZPvPo5P9Gs1n73H/+qUI5KqRalozO63eF5plZNVwvZaH0kz4r//XdX/tEX/uE33vi2izZtfdOf/8p/3Pll3IP83Zc/8ddf/icbYfssnWm17t2/K+mHlom7fYudaCnvecnSqyv+8cgX8QrfPHv8v9/FK7eK/4iSg+WSo8sSHu0i/ZlPFktuFVPFhcsJvK8/lv9i24F30Z8Ll7H1pvGjXoyzs8TrHduKpWcjiYCLJV8rfnHZ3eJIzcBzvg9FXd4KTfrwMvAF6S4PvbIf9qMc4vvpHPY68d/3frBY8e748AeWDv3h70efl9OfGfXYMvs+0jnFB7728C0e5qz9/suOtHP9IHvexkf5A/SMPyNV9sX/paxqMCkpKSkpKalngLjGdDJSpqp1u/fs27fvsKZbTAEQM8CsqJCbKlKF1TJdFSBRKxgnj4BMTTIVrCfOYz8OW53+nr2T11337a9//fbvfOe+nbsP9v1k3Unrn/2c8y6++KLNW04GpZqZXTiwd7Lfifx+BMZTc9x6zRofHWzNLnqdnsG10aGmbbEk7mRZT2HJ2Mjg+jXrx4cnbMNMs5ie8wd1NnSqfEhW1GTeMDV5aKDuDg7U0MgDB2fipLTPZQTJVQaMBfjFQawVHbfiuHvnipYnILMZkDYQmaZGP/fWn37HL7/5/7znf33kw1f90R/+9qaN41nSTZI+3hW2BQXlEJNRAf1OOHDoUKvVZk95IQygqQoHVYUMMncAN4yikEqtKSpVOCdWrIA4M7LkDrfddTdFEDKRDgvcqVAFuNIwoayXLupMckaGwRqmhEp/lqVxYogiuZYtwWdyfwBB5UVhqdrE8EgWhF6nOz83nwub43q1WnVcp+7aVWd4aJAlqZYWaopN9CBhkWp+6svX9xUgct/V8je/5tWjponARVJofc3u2QMfvebG+/Z3hleftn7DxpGxsU63lxFjVEWKc4bASRglfkCGyPhPFkaxH4S9XnthYf/uPd/4r6/fcO21226/3ev2uKKUhfLIHRE/1k64+kHMcKFlLMKc1JScFQjkhAFCPQmuSMd1TQNAmSoH4vKk3GglO33LyYi/cCUL/L7X79x8y82A+IZpYc6jhxBI6HU7XajX63seTqrIUts0mtXKQL3WrFfrFbfqOuQ5bXHL1G2LXGy4SoQbf5ev8cfgKl7jtzHLM8SETEBxsG2EX9xqozEwMDg4PDQyNDQ8NDQyOjJaq1Rs08SEyMUzDqHvR0HQRxO63U6r1W235xcWWu02OW6nCX6aDw0NjY2NNZtN/Ein0paqaopyShi9MKTSlFieJuniYkvkROv9vsdx5mkU9Du3fuNrYXexZnHXVA1eDA3UV60ac2u17bv37js8S44rjGMyCJ9vzGB6OIOqkLKlpxaKozysV0ah9NXURHhGROMY+pNJHX/JDGgpKalnoAzDqNfr7XbrDc9/7d/d+vlXXvyqHbt3f/yd/1fVTESSP3rTv7/4tAs+9fXPXflTv4xv4XNPPplp2aaTN15y0SXnfuvTM61OrKhnbzrDukW/9MWXDTRHX3jGBV/85pdf9Sfv/K/f+n/PWrthLJm49a5bPrvty199z7+eMrZh0/hJC71WUORHf2tpuZ7r6jXf/RK+J9NCCfU0yoPDrUP/9O1r/+ntf7Smumb1+avf9sBtv/XRPzvwl9cPj0zgpnB4cHWcs8u2vgSBY9d1ywqEJ17rLlPev22pYN3Au44JBm96iciu/e8Sco8uOXjMHo4qS7iiK449xNE1AB/WnqM9oElLLHs5sbeslChcko/UAzzW0PnomoGP1FLJwUd4MT/qVo/vEN9HyyUHH603junwR4wIW+6xTS8pPvO1R9nDMQLp/uQSJf/B5QdL/cPNlP4M+nztryprB5iUlJSUlJTUM0O4x8yVPE5TneUzs/1v3bptYqxJ0BkgRwOYTvpepIA4J/SkfZYXmqHFYSRMYQ2Arrm5+X37D/Q9H+BvzeqJkfGheqNhGLZp2SnZ2OYd8t7oHTp4YHBoyDKMQmMAyBXHmJ6eSS3XqVR1xeJ6AmiW5SnA08jwMAgi8aiCRYFPmdYu8DHoGCVtZumSQV0cxeDhwKUHDu57gaWvXTU4dbh14OBsuxc7JuMG2bkWCuE8JuwkmMJtUw1DjymFoaop7SkBi/WDzmWveLFKnDqNw1BTtTTzsgSgNu60F4HckiQFfaZU2jxbnJl572//tmNbP/+zb2JPbZmOXXpOkIFGjn6grFVVoWKKYNKFqBqXYYwVDQMbBPG3vvVtx7Gf+9znUvJrkWnc4DpnRa6RPQVVngTKL3JhkqssFcApD7Ryr6kc+a8YIUZDhvmFrmNpauLXzdAQtUBVk25v7569cRo7Tbvi1ip2BczPUDnaNDe3UDiG7jbu37fvY5++5pdf93IENxpu9Q2Xv/r/fepzqW4uejG3bG6pX7jhlre85hWrGg00T+ccv5gM3aAEZxEqQOwkjAJg0MjvtTvdxYXFhfn5+bnZbq+fxgnmbeD5aCFZwAiQflQdnxOqPYfmNm7YYBoIjWCixeDP6PmMZRiwOFZ0Ys+8dL6g+p8KpfGPD9bWTwzumeyGedxpze/dt7/V7tTrrFGr4zdvEsdl6ncUx5T6jQCAiY4xTAOMF0RZwX/LqAFbqj5KonzxXFis4KoplgM4rDTdQDCClx4aJbctywyWfy+ZwKdpmeyc0DWfR2FIuecih5rCE5pWdV38vEVXoxmlA0z5LhfcGa89rxeGYV46Thd5u9vDavV6Y3Z2VjdMtCNJQpzErTd/fdtt3960cY1rq1qRDQ8PDA00MeF27N4/s9BJRb0lkeKNIAn9dk6zRFVYlKbkPK4I/w12jONlKaU0iVboVMt/I0TDpI6/JICWkpJ6ZgrffLVaDV9y17zzwzfe+533/dPv3ft3t5LRs8bv3f7AH77pPVt/5+XX3nzda198eazqPOM33HXTt++8ZX9r6jM/+z7cE2u478p50zI0tfBD/3fe8K6/ve6Tr/qjX/qVl72x4Hk3zU3TPfuULYrKv/nAbQPN5te+9Y3XPP/lVOhDKFcodwB7ULEnhJETTWf6d+7Zhri8EsQJgsxZcu6Zz/67b1x9MJjVC42efkqKTreFr8Ojiyg+KXrHe5R33PlwT+GjHTn+W730F5TFY/dQlg18mN7/boV99EjdvO/nQfFID+ijjTJwrPc/vPie8vcfYq//xyM5wj9g50ckDK9vOHar73/Wj+sQ30/nKIvnHFtCcOiHcrheaR4w/V3smC66+s3sioe7Qi/DegzH1v9m5//8bfa/P1sMVYg+bxhiUlJSUlJSUs8gpWlCdbepYJlO8Ao3yGQEXGj9nucOgtYCQHEqHUappcXCocOT01Nzc4u+F27atHlyehpkee36aqNRNy0jzcjjFSyp1W57nodNB4cGVbVSrzu5cIiN4qAQVcUGm1gOmq23FhYsW51YNWKYYKaUcuv1gYK9WtWyLY2sYY1C5FYWCfhiluaJqH2YgUlRLbvDBw/FsX/K+ok7btvV7vjtXjLYMHQN4DVVVHIwYCkVIicf3AxIlFwHANM0KkympUUOOgdYR6XB09TgVAhREMys3V50HRs/Fg4cPFypVrmmAnljo0a1cuDAAfaUV0oQn1NS6lK9OYWLrGf0IeHovAAszCkXmRKiMa7tVvubN98yNze39ayzB5qDAwNDuami3/KMcpsLUUAQ48VKhLdspLtSob0oM0yVsgzgkYWEdnOim0SxAb5ZDvQfRqHrOlE72r//oMGNdrOloCVpBpb6rAsuGB1ekzIlTIvtuw587tqv/8RznpOnvZGa8fqXX/wf134tVbTQj5M49PPoPz79H2961Qurrj3T6WJyxQH5Bntev9VuATH3PTLliAMPZJd4KFlwJJifpSWJJlJqua6RV7QoiliWzTzBSgp31/7Z9Wsn8CMTYZKSz3JA55ylUY44QbViayb6OhOlPvNC5bgGzz59w8zcHVEfiFmbnZ355i03/+Srf9IPcGXlpmUtOUsI3xVSRinVgR+Uyek4cfxPXeLuagmdxR8mtihouAV4LgphBk1EOBb7yfLlhwtKSw26nulTIVvB00wQZ9M0bccpM+Q1UcJS1EyiX8F0PQqXbp3KDBZxHCVieMgtulr1vQBjiFmKwE8UhfNz87btUP66581NH/763bdvv/f2jetHXSO3VDY2Nlqt1Xq9/t79B7pelKmcfKKJbjNhRJ4JxqzS7FO1TLjGHG3+fDSDFhnRoP7LFjOU6/8kGIL/GEoCaCkpqWeyHMc5be2mk4I1p/7WJxY77WatcvN9dx2am3zvRz+wtjn+j7d85rUv+knhD8defsGl89Mz/7V3G6hxSvFQlmp56mdZVYmSeLg5+tXf+eglf/zzV33pw7/zml+Js0RJkv2zk5vG1iPS+kt//s5fuvhtr33BK8Q3P30DqoWmxPErn3MJ14yoCN/10ffiXu+80860LLuwDY4vRlVfbC/g3qduVDnXX3P+S+YW52ybylCwp4IEEv1h33rUlX/AHo4Swe7/fq1jPKB/yJ0QBH8s6/+3Wz2mlR95iP/2TL/vCsulIH+wHtlFP6D/3/wDh+aWXezX/qMYcNmX/pekz1JSUlJSUs80aWqhK2rGFMPQ9SwnOsV1wCXHdDzfV0dMgZsAihhwrcLUuYW5ycmp0bGJUzaNgFSOT6zKVUp77Pe9qZkZJvDSQLNhW4ZtceCh+bnDURzXa/VKpQIIFYdprxukabfeqBo6q1R1t9oEe0uyYnZ21q00D0/O3XnnrjNOHT7ppLPTpJ/nYYxtMsp4juk4DG2jm2tK5VU5U6dnpqanD27euErTWBIX27fvOeWkrSrljZLvK9W6I5sRPc09XVfjMAKGxE66faJ3QOfkMpGkOnnXqh5ZFqQgX/2+D/5Wrbg4xrXXfnlwcOikk04aHx1MkmhqerLTeRpYcOg4W1WNqewb/RpRiTnqXuCR1wR5ccQKgJ1KGcBAj0meAkzPzc4Evc7BvXuHBoeedc65E2tWD4+N4scIJUqr6HBhrMFVwfEUkSp7dNpzSTCVgq1UaCQnD6yCw2EaAAnbFde0gVjNKItHxkdbnfbM4WmMYezHJjFRdbE91+4tTmgbsFkapUqh3vrtO2xVu/CcMzszh5tFfuGGsW9+7656ta7yzFBzPY9uvP6roKb9Xg8YFLhZOHBkpflvvlQjLxd8kZWLMcxpjhBLHiO7NHAmAAAQAElEQVSagvCDRsYetmNinSiM2AnXptMvuO+eu75z+30XnHu6rXEwXUo8Z8TCEQFSGQcb19E5OtCqSn4pDL9N8/WrBp530enf/Pb9i72k1Vq84/Y7tmzactqpp4Lk5r6vLfmuGFyn6BGd+FE19URtQsRcCPxiZKmHCjFoypFRzMunDIrSN7lIhIlzuXlpEo3hxxFU4fgsDmUss+YysXqlRGFZrhB4mvKjTZMysb1+v/SDLmMknOxhdIxCu91h4rNGDBqweQGODaoeRVEQ+rfd9u3bv33LxpOGh+r4XGFr1467bnW+1d65a0+SgzJrIm87xeyknH2EGVT6VELjPB8EO67VXL5kT14abtCpleGT0g96xZmDKqNStEYC6BMhCaClpKSe4TIMUQFa11u9duHW/uELH//iVR/XC+um+7/1+j995/apHeuHJ3RKf+i87aWv/5vrP/mXN3/8A6/5LYNnZpYf7E2tHlrdC/zBerZ6eN0nf+NDr3vfL2SWdsnW5444Qx/87If/8Zf+5LzTz1Jz68KznkUHU6hWR4pvbj3nqp5phZNrc4mv6byT9NcPrXn11hf+7Vf+5VXnviAt9E989d9+6qJLbdX5vcvfUXEqoM8/oESvlNSPrOLTy07cPzhTe7jCXrSZKhNuGmVSUlJSUlJSzzBRDqii6arhUKqloaZAcjEA5fhwI/EXwBnD0KfCdLpKlsFFtmHDhvUbNmSZ4vtRq9sFSmp3FoGMLNNqDtRYnkVhWGTgvInne5qqNRvNNNOCMJqdbQN+DQ42BgYbBiXnUpZiGAZghoWiARm12p0wSZuD7k+89MyhwYEg8pMwBLH0/UQYgFBSZl7WFSNpTNgmgBff8s2bXvLK/1GvuVOz4QPbd7/4RacBPlWqTlakmsK2b3/Q64RB2kXTRoeGpycndQNU09Ata2BguKBU09gHvkzJFDmNMyoiXjCAUpy7YVpo54Pb77/77m22baDRc/NzT0qq7GNVlhUxUeVUN3RFFBTE//uBb1s2iCAGNCeCr2voearZyKMk0nkRx2x6+nCn3dq7d69braxet/aUTZvXrz+p0WxquqmRgQojPArQKEAkeYMvV70pj6uI/NlyQVoUoJRxFmkGB8zsB14v9BrNOqPKdSJzFj+TtIKDYwIEU2QgYjTFkjQMEs/DGHFFv/O27+2977vMbyMsAMI8zp1gfjFM/AT4OU+6EXmMYA+YGaChIgG2KJOZldJLQiF/CdFeJaayjDm4a5KlfuRzwwScNg06p7wonpQfXoudaP3G07/7rbnv3vHQOWesHWq6lLqrMLJOoRYVfhGhky0VU09RFY7lQMq6lp28ZjRLtRtvvafV6R0+NHnLLd8aHRkbaNaJPpdGGVGUKDFOXLdshBlE3jdlOJu6YYnggbD1oG7CLCE/GgLSor5mIRw5MDK0FW1Uq1boeQHsGZ8Dy+iW0LYIbqjCepstW1sUlOyslsC6ZLuEm8mZO8FFHwb4JIhFUrJmYRLmBRl1xwl2iCsODU8TRKdSnRvduC/ytwtEtu69Z9uuh+7fvHFto6IPNiurx4dNrhyanNyz/1CcqmFCYTO1SEWXqeg7/B/0XGNqr++nTPHjtIZ/kcE5W/KMEWO9VJawOMKgxScK/RuXBpM6/pIAWkpK6pmvsuouSHTQ99/z+nfuOXjopDUbvnP/vT9x+gX/cu3VQ27jwq0XfPUbXzt96JR/eOcf/81n/vH2Hff/2w1fedFZz/vXaz639de23nff/Q/d+8BrL3zVBWvO/JOf/51Bu2Jb7rV/+LE//vT/+7m/+Q3Erf/6V//wsvMuKV2bcZ983/33pUl0wennfPQzn/jF1731D/7iqmdvPue6G756zsipf/c/P/gXX/i7d/zdHyYs+/Wf/pWLTjq70+sMNAZWvDukpI6X7vxhyyRuHmOf/Z8yFiIlJSUlJfXMlGlaaibQS5JGoERRUqk4eeaapjo/0y7YKgBH8CAlp9RCwe+iTquraHxufqHRGDAMYNyRIPDjKF6YWzCJ6xrgOYYBYob9ZL7Xtl13cNAyeJV2pZNNLdYP/RCg2+v3R0ZGDJvjvnl0eKhSdclruMjjsF+mTeKggReUzsLi4fqCEqDBiHST3BzAuVR+/Q03Pvu5lzzrzDMPXf/dPfuhqWeduqnf88HUVW5s3LR58sChxTYgl9XtdnXTAmgDNl0/cbJjW2Gc4OS9IMQhUnIUQOsijQPJc0M3PT9YNTE6OzOta6zXaafkB73EsZ7iIjCoqLqpA/llLEZPmJZDtQcV1bacOCEImOXoh0Inh23qatW1QWhVXQMRtCy13+s8eN89e3c9VKs3xsbGx8cnhkfHh0bGGvWmadk5fukIM2HAXcH9ygqEoqD7EoxWONbIeRZnQJf1egPjjY7L4kJXAffJ9AV9TIaEYJo5dqOrqgF6DPLX0DLXm0so8zaaT8OFLDY0Yt8gsACWOYUgcuKMANy0lSpOV6XohEpGC3hTPIbKygR4kTIv7GMYZjEazPye3+8FzaatUo07DXyU+LX6JFTcue27t5159umN4eGhgcpd9+9fPzF26sa1edHDRYBoCGX4a0oYZ5iZlUpVt3SW5bZlYIAGqvppG0e5dtY3b9/Zac1979abB5sDL3/5ywHtEV1B5MYVyUzAyjGVkdQ418rEanLz5qLkKKg9XVRkhM2wY0PHIbmmYxjzMtN5iVmnZABSGkOXbLoQJs7k4pJgT2R9kam5SFtmdEWSV0fpklNadtD1qqhxknO9sB07Au7OMkS5ECChi0y3FM0IAi8OY52bWcaSBO2iGpdB6Lfbrc997j/377xn85pGo2aMDA6snhiLkvjuBx9qd/phqpIrvUYuKvgAwybYq8YNjDLmYZQU7a4/vnp1QsY+TBMJz8UScy7EyYlpuuT/nRfkSp0zrmcFIjQmkzr+kshDSkrqx0WAvJVKZaN5UhiG/Xbn13/q/zPw1YuvXTX/9ULNWaqK76nn//b5mRpf/bv/wJQEdy9azj9x5f9VoxDRYtzo/MxzXoMPTnxbrW6s/vD//AC+LvHVnSm5uvx0D0KvW0874+ozPiqeUcN3sPq3V/6pltGtD1VCKPLf+um3s1jp9Lv4ojYMU5cVD6ROhIpfXLaEfv1jLpMoJSUlJSUl9cxRkglIBAJJiJksXP0g0MidIY+iEEBSPLZOt7EK3RyrRZoSe+S8WqkC2c3OzWQJZdSOj44lMW6rffDiJIsAlkDELEsvVMrH9ECokxAAsdfrez7BJt/v1yvViYkJ3cD9co5DNJoV4ldJRMCKYJagRYpGvre4CyebWqA0lgvX2iRTgySem2vPzC3ML0ZfuubLz3/h62/45ne8IP7mLXetX7V2YqyJW/ksBj5TR8bGgMvAykzddBwL6A00FpArjEIgMCBIozDTPOFUkY5u38FmyVFA1UxTX7927bY778rTlOqjCS+DpwN/JvYai3p0lO+s4geK0hxozs7Nlh7OZJZQZML4m6pQKmTEwQI/cGwHKFhTtCiKdZWqxiVhspjMdxYXdz70oG4Y9UZzbGxi9Zq1E6tW1wcGHdcxdIOsG8hCgwsLDiasoamsn5Lj51OiKhqCDxrXXfyaiinRth97JmFHAqCuaxfkO2EATwtCSp4R4eJsMHew4piZqCFJwyISgMkDhEpKCudq+qNkKc5HAGhGKd156bGAZmTkASzSeTFuYrmqicp4VBVzdnYWE9zkmm2aeRaTRzgd4UkA0L3u3O5dO845b6uipqOj67d99zs4yTO2DOYpuDwxXIxMQfYguarFtq1SdrCo5heFgc7yzetHFjrhd+7c3l2c/9xnP4P4ymWXvzqM4nq9huvM4FR7kJFbjRoEAdFeVU1EucBQXFroUvKxocKboufIIloYQ7NlrwoyM8nLEohlvjDlvOPqS+gxCc3QhY9znCXCZDtNy5PCTCgdOcqKhXnGohRIPDFtfHjkYRjl5FVtmo6b0nMSYZJEusGdSsXH1ZvRCqZh9Dqdycn9V3/qX6anD529edVQVZkYbwwNj/aDcMeuPa2Oh6EXVivC0pvcxlWqpGqaQYwPKASZlPnWwmlnPKvdaamUI8+JoosrY6nrl/+LUAY+9sj8RBU/1sUzFmnOpE6AJICWkpL68VJpx4FboW63je/CWq2mmlToQVv5PKRquCZlhTC9Nb3QDxYHbv+447eDnJvrTs9POlM/6TxNw701lZjW6Sk0bKvSdxllAeBbVfn61779wPZdL93a3KxHsc2LnBtZeMgz7lgwXnX5i3GjUNZq0B2H/VjqBxs6Sx0fUdXEv2dSUlJSUlJSP/bKMzIuKCkfZQFnURDiNjaOE59QUQGURI6/ZLms5ZRvyOmB/TTEba5uGoODg3S/q6iTMwdAuOrVSr1WA3y0LDMFbcSfLAeh6vZD3+tj57rJbcsaGx/U9WHwngz0ukhAfLIMe9ZSsm0g/9bSr1XTOW6pAZ9TRva4mm5xXel1e3Pz89Mz3U6vHyc53XNrxTVfvOEFL//Jiy469eZbHrjv/kP7Ds8YVjZujluWkcSFbVdO3rgRhIwyTTJiS4Jog0lqS+4BSgGsl2YMJ8gLVTBP+i1g6HzT5lPwYwFQbKVq2dPCJS9JgfLSSrVKlr8JqKVmWyY4MHl+5wn5rhSF4VjoDQyspZs48V7Po8RkpgM9OpabZ4pIYE0pQiDYcpxEs7OHFhamtm+/y3Yx0MMDQ0ODA4MuYhHVmmO75FUssDLmFBHJBOQxXrd+vWE5aZ4CduJ9kEdwfwompFQ3LiHvk6RquuCAbsVBW8VYkAgaA2qLuVeaatCJERotyip7NJCaJmocFksl8Ci9R5TfY4wAdE6ZrphaKWXi98E0RZ3CBGGGes3mvIgjL8PsVWm4FeVJCCw0a9b0oQO3+r3Tzzp940lbnvu8533jxi+eemoD52TpNrlbxAkCATo9UKDFUUx2FnEC6I9rDYMZB2m9bm8+Zc2e/VNep3XttV/YuXvn6376irPPOotqP+ZK3ws46H6mcFXPU1xsVBZS/ErNFYGUM9B5jUdhhJAS5TUHiWiXUpaTLB2c1WVDZ9HBIsuKcqszznFxJUSaqfdUTqVKy6RnMvSgsoRlRpawN7ENcnjRKswydDDrhAy7c5UQOSYjoyUx2saTzGt3QkzR/7rhyzffdH3FUs/dvHp8pD4+OtBsNucWWrv27u/2/Cwro1NLlyJFrMgXXgujDJ3V96KZmYV1Gza2Wq3du3dPTAzmeayypVMQRTTpSl/eWsEnIBfQPSGGnpoWQXkmdfwlAfQTpus+ErzmHnbF2+yPnb+86LbQ+WjBhtUH/sBcv7Qo/cv3JVfOKZ/7iHUpk5KSetJU3uXgaxLB4U6nAxzsOI5IRqbAbWkJdfW/XfvXf/Vvrs1+9wW1c9dSYYNs37ZibkrbeH75NSzuiujZI3oQjL4Cce/F3/eeP7n5prsV1Tj8Lf7rl+r1SI8Hmg9VTs+GJ15w5jocUymbTQAAEABJREFUznXd0qxDSkpKSkpKSkpK6gSryMFyyEXX4AZ4MGCcHwY9IB66pwX/ZeWdKhEpEFuVQA8wLjccP0gOHThsgztWXds2V68as00rTUR5sSxrtyNQLeC+w4cPj4yMY8/NgXqzWQfXxe1ymlIROHKfJsis5VmSEx9K0RoywM1yQGWR+wmOVSjcss1Kq92dnm3t37d/Zj5gmsh7VAg+5mT2q03NzX/s43/7hv/xS7d976F+oN51357xifowdpsZOLN+GCiEZOMwCqiaYUKUDbf4wKa1WpMsa5PMBPEEc1UZ0UiRBkosLVNXjY/bltHv5SVae7rUaEHT0WulB29OWD9dmJ8xLb0sIkf14jQtiaNGvQl06HtRr9PrdP0sZcaIrXGtT9nQOp0//RbKkzDFQtOyFMUoUgWUrht63ZZ3cN9+yprVVMOyOOWSA0JS7wlDhiKMM7zXaDY3n3rapi2n1Wp1wGOuKo5jAziOjA5rplJxHQQkwKo931+/cYNhmK1WG8gVBwWuFq4PIgG/UIWBgkh1FuSUMmsJUdOwUIJ+XuJo8l6gWnw5QeckThcWEafoY+RxaqaFiIJecYBusUMKtRDmplmoCCtrlZ1wnf+sk7/zve291uJ3vvVt12ggCLJ23RigvMn1jC4JjX5dJoDzaSEqC5aAPUnI48J1K6KsY2t8rInR2X9wdnqht/3+e//kj3e/8IUXv+LSV6yeWFtxq0mWgrljP6apx8LoWeeqaRmayUvXY6Bf7I/sTYo88APLMHUukuPF/8oqncqKVYUwg8bRsSvDoKcHWJb3g0AEgpQy65mJR43xg1o8WlFQYcgUkYjA4G5GftOZRuURyR4E04zc3EUJUHxcYNM9ux/6x3/4f2oeBt3OqRtGhuv2+vGR4bERvVLZv//Qzl27M7relzLsi+W5jk+mhBypFd1yOn2/F4aVesPz+vv2HzDJYjzTVY4Bp9/qS87PS47V1FpBonOR4g0ijovi4K5dh6ZmmNTxlwTQT5guPU9h9xR3T6YrvXrd7eICmSuumWTvnCiX5dvmGDtLlfRZSuqpIHz52UL0ddjv4298d+IOSefmf376K3/z1//OmRoU1u9/J/zERL3Oo8xU9rPmFrqzUsovMHFHhy+/WFWM227b9n//6J+nJzu4SR8bq9ubNt9krzv1vDUTq0ZP0pfEpKSkpKSkpKSkpJ48mSLlApwoSSJGj89TEbc4TaM4DsIwL0rrgzIFUngfCCwFgNio1UdHRwEc0zwuGMhSCuIDitTr9kAqF+dbusHrteZpp58K6gfsSEmKSpJSamQudkpesxrjBWVgC+decvnQRBY27qm5qHnIgML7fnJ4au/kzHwUxgBihgXurKTkMwv6DLykxwUZMVz/lf/aeMoZZ5y57rZt+2+/68Fzzz1jfChxDRblUd/rG1wVlhq2a7ulmYMA6wp2owmXAywj7IYWkQsf3lZA47M0d12nXm/MzMyWJtRPlxrhXHB00DTDNECi0bn9flcjxKqA+BOAVjXHsoLAJwiZq34YOo6F5bv37hkeGh4cGoxSn0q7qVohMoQx8nGMHi80YU5CDhjkcpEL7+w8ifulQUMuDJhFuELNmArcOT11+IH770PIojk4NDwydv4FF248ZTN+Zw2PDlfqTpLEBueWZWHzTrcHpslF7rNCjhmZIjKfi9Jcmuai6H2ij4IgCrdh7Kog2B0mIuM+AnXG/wi1kn1iwTTMTKxrWaptmRhzUSUPY01p9tgBzk2kTBdUEvGESy3iC87Zcte9e9u93je/+V8bT14/0DC5YaUhrkjVoFhPyjWC+kwkOolZrEXimYOUUozVwUa17880646qrRoYjA5Nz/W73S9f8/lvfP3GkzdsfPb5zznz7LPXrl1r21aIy4cmOcd1HISxGsUqzQTQKsx5gvWcZgb9IbPspXALWU2uENvyuQR0ODYzDQMfApz6UbUsOyejDuG3sZwFzcoEZWEbjdmmG2aS5mRwo6hBEIligZhZKhA1Bg0xp8mDe++663s3f+NGJe65pnLamWsmhusTQzgzK1OK+x/cOTU1jRklQlKK2HC5WiJaT77gJjD2YqePt0dHV+MTbM/O3ZbOx0eB9cHQI9EYuoCXM7vL5hWiY8XUoiKWLImzTrvTaveZ1PGXBNBPnM5Xr/hodvXkinlM+uAUY8PKlrli22HGSgB9W341Y1smnoRQm5SU1A/QCh3GN2gUxZ7nv/DF5579rE2HD89NHpqdmWl/aqZ74Zr0wbtbn7zrjg+fvefU005Zql6gULXnO27b+b1v393r+5e/9kXjY4OrVo80mlUuJEy7ZL6zlJSUlJSUlJTUU0NFkQkMx3VDvE6TPF9cbIdhpBtWkmaazksPBMqAVqgOYaVaNQw7irMwAvZLgRn7/d70NOUMuq6LFR3bqp20BjCR8lIBd1imktl0QtxSocflsS+ditjpwEnk/qHwNBclwHLcfiuKZuSKOjk9u2//gbn5HvlCgzwZukKF1ICeqcGAUJwyZPOSysV5ojL90/9+9f/5w6u+d/f9U3Pp12+8/ZQ1rxobMJIiaQ7W6ZilrW2eUvYk5WWm5XkBmuEOHfBNIeKZq0vcjIlCZQCwWrNZB1ldgp9PEwBNKa6q4lqVTNRW0zEYlhkGQUlugRmBaL2+jyW1esO2rIpDDHF4uNnrd2Znp3q9xdVrRqvVarGEk1UyOhFZwvhFk8aJmBD0Hh2MgOPScZcwNIBikVItOa7HYYioBaXV+/2dO3e4FXfduvWLiwsN/ECq1trtVhCEpmVzTa84VTJFIVcQjuaZjqkoucjXJmCCMc/yFFQ5jCizPkR4BBGJJKb6gZxneGc5J1ch/s7I8ZhSuWPVJFPjWq1Cs4VsoFPODZOb2BUCEIhnqDQpi1zMwBOtLLMt+7xzNt+2bXu/6z1w373Pf95ZoZ/W3fo1X/jGKevXPOustVkcCXCsCoftTGQlUxwojkNcoRXXqjm2wmK1ig6sDA01AGF37drX68zeefv8ffdt47q9ZcuWl73sZeeff77tOGGcirRmupQoJKSkFIABeMV1gWADXqRkZ1JkyZLnxgqrPeo1ObPQhaqYppkQ38/FpUQuHGUquohX5XgrTinmhGUR1aJkQRxj8ukm8zyPHNgpMqW0W61//5dP3HXbtxH0Wb92pLFmdNXoQLNWcW2jVq0iCHTXtgda2DJlVCSTixlSQmThAS3mnIrISKfTMxzzlA2nzM4v7HpwBy7e8fER1wJ9DnRDEw1Ty3KmwuhZ4Ohlsp5RzEMF3I6pfzT6t9TxlwTQT6DUrcPZ1ffk1zFGCc6T2Sfm2BVvUxmo9O3xx843sGzfJK139sRKt5eOHEv/2PIy/c7Ll98S9h1XvE2jzcslZ2n+241914SnfbW8Nh7u41F6gLCjVv7Bu2JSUlKPkCZUvq7VaqtWj2XnZfmyTn5l8XIR4J2amizXKQ3y1q0fPmnDJeXXcLkHUZ1ZSkpKSkpKSkpK6qkl3NNSFmTByH6XgRNFSUrGrWB7luP6gINcAZTWDENUhFMpszVLu512q93BOlGE9RPXdcZGxvC3yKEUtghURTBZugVOCO5oqkaOzyznigoCRCw7jTVFIeDFADfJQDYIk07Pm5lb6Hb9CIQ4A0i1vTAGIAaRBBhybDtJ827XA5ZiKqCzRhYTlJYLJFZMHZ6++upPvO1tP/WJT1y77Y7tOy88f93E6kKlgzLVxP6FRUMOMlt6H+diW5F8DZpWcMrTZsv0uaCyeoJmappO7iPL9/MlYnuKC1TVMvQsTxwyx+CUtQpCzzWwY5xb6EXk753lXDPBCHtRV2GZZepevzUyVEN3BEFwcP+0abQaA81GcwC8ViQLk1l3kseaQTYpRe7k5TOgeWnNzJb4cyFsMcSLjHJTQX3Jw6GgKpdLSbHjY2OMLMWVilNL9FhVuPABpzxndHue5piGPcQdsoCK28WYkZQYlBIVZYZueb43OjoaRh6iBoZj4VhRmLtOBcRT12jUkoSawnUdEQ2ce7VWpYBDSr/juMYpS7sAwsX7vDSVJiviJ+Ph1CQEDSeH7gvOPfmee/YtLrRMw8QMvevu+xuN2v6D+zaePFx1TcxMoHbT1ClpO49w1WSFwKR54hrm2lXj07OtrhcFSc4zVW3YtWdtCsOk2+3PzLb9sH/33bffd99do6NjW885b8uW0zZs2DgwOIRYESVHaTriO0WuEI4vYuGnnesG1eNkbMltg9wuBHReQdK4FjCmgMg0siI+IXx1UpH7LAD0Uta0Ii4gnTx10jyiNGtaK4wC/Jmfn9uze8e2u+566IH7on67WTHHhwfHh6vjw7XBZhUXn1trTM4u7Npz0Asx7nTlqpSJT/OM7KrLI9CzC9Qbi60u1/nE+Nr9+/ft3nMAzRgdHcHpUeMpzZrocy5ahQ1x+IX57sTEEP1WZwXZAXEDc0bhahBFlHyuSjR6IiR7+QkU3zKesDn24CS7dIKxw8WDTHnLKmPLWcHVU8U+xtYz9tAkJUy+YckkOv65t2dXD6sPfKR0iMY/E+eO7CjDaHb1R/PPfcT+GMg1cefMeXsASO1/hJfbvuZ90fLKD7OWpnedI+8+yq7OuSY9ArulpKQeTSVQlr4ZUlJSUlJSUlJSzxgpGjkeZEWWUNm4jGx/1SKOCEHalu37vts0wabLFEhKJQVgImbNPL9frzeAyRzbBcgqUySzJCrSTKXUxILSDUtPZ6VIAa+VQuMaGI9gvAogYxiHXDOAnju9fqvVnpmfB1xWNNMLQs2wwDXbrUWg6wSNIihOhrjg4+J5+aVKdKDOCjkyEIZiSga0eNPXblp/yuZnn3fq92594N779lx66XOzyMdpBX7PMsxOh+yA8yyxTQNbCVZO9LnqOtic0iEFZia8RRYfxLjIEsLQFI1yo4uSrRZPg+xIF4NnW6I6HPVTgn4DKxS0LiY37FhVDWGmoQaBBw5r6kB7CcYPJFZYXKB7co3niwsz+w7sw0CPjU9UKq6uGNRhSUYdTsnjTLDn0hp7yRAhL20RRGk4vBKZy5RqiwX4JYX/OI596PCU69bcan2x0221FsGjwbjR4f1Of2Cgcejwwf3791crhmnSnNG5nlKUIjMMPSb78DDNYt/vr1696uChgxgnnAhoO8aXkaGKqDCXJ1hSrbq6ySOcrMISyoEHiEw5FmkcEw9njRkPhI2lCKSUcYcTrMOTsxtOqeL6ME229ayTD+6dtHUji5Nep796zbrDh1I/SlzHoYlYFFEUWlhPJOOnRYZpanCEhXJTUQarVYD7uVYXg2hoVFLPcLSaMzA0WMOUP3T4cL8fTk7un5+fvfG/bkDPDwyNnHzyptNOO23t2rVDA7VqpUpTW0VsRsd1bRfE9KkoaJqSZUeRi5lfCPRMvBm0GX2GeAbmFfloiycLytUYGWKUWc9LqdD4r2HaYeh997vfUTTV0PnBg/vv3nbXzPRhlicA1K7B160fHls0zBQAABAASURBVBtqTgxVB5uObYCtK5Zd2X3g0M79k0lhRJmmZCKmxcoSgkq5c0rDp2CZ6ntBtd5AS+YW5nbv3gcgNjE2VnFt7L/dbtUqNnkHcQ0diwsiipNOt0ebMlGYkJ50UKmHOT6Ieq1OT6SGywzoEyGJIJ9IlTbQpeEGGUAPq5dPsPVY+NHSBnrJlGOzWPm6j2RXM+VzRxix8bH3Rne/P3/tUWh4y8t4meO8/nL1iq/S+lctvWX87svCq7+65C6975oU9Pmq964kRBsfe1sI4vz7t7GViogP39Xk0yCKKyUlJSUlJSUlJSUlJfUECmAnCEH0Ml0jZ2ZdBX/MmQqGlFb1Sr/fXzVSiQMP7+Uit1HkQpLR68knn6QQrVUJ3AHiJil5BZNFtEiCVJaSJbM8pWxCLCVH4CKOAc7UNAWnVKOIL8zPzc7M94I+lYzLMtupcA1kU+90+3GWW04lztLcj0qiCQSWxClx4SW2RYcRtsYagW4OMAkybvznv37qt9/ze3t37P2vG2/UzOS0M9bWanaeK7t37nrhC1/AuV6pVyxTX34UvyCvYfIzBicX5FV0C50GGXUQtyIgRRnTlOZZPu/InvJq1irUL1zvi/qJhJNBbWP0cVbWuRFMWEnTyERXFBmwIKBsDnAYB1hSdYxGnRJXC0UfSBtzC+1777uPc7Ner9eqVcdxTAPwk+gkoymUi8JwgjcvpUNjIYC+yIUvuXROuC+JYsLUee46wKoO2PHgwAD2qCplwjK5nWBTQGbs2DQ1XSevCT/wqcCdqsUp4Hk2MjI8n1P0Ym5h3jRMcmghXw0ETjTLtAGg0zjiBNfp7ECZKf1V+AVzkQSukx04oiB5TE7KhUjqV7CwLE15oqUb0zOzE6uHMTxV2z1t8wYRo8lMy0TUZMtpZ8RJ0POjimtx8sjRyApGREkob5eeyAXA5QkNH6s5pqJWgyj24yjNmR+QG7arq2bTHRs5HRdUp93D30EQeb2Ffrd1YO+ub950vW2Z9UatXqkGYdAcGNi8ecuadesRD3Bc13UqlA2tY4jpwhDRChVDttL2MAjK533xXmmsLAygs6KsO5gm/V5/fmGh016cnZ654647du/aJYzUiyyOHEuv2dwy+PBgc2SgPjpcw4w1DY28U8j02ti+a+/B6YU4VROcM0UfMppdSukDUsY3RMRDzC00anhguNVZ2L1rp67kIyMj9YoLeo7J01rsNxp1yrtOqaJqnOY9L7DdChg5Rj6lhwCEDVFRhHGysNhDqIsueakTIgmgn1CtUrawQhhuqGDNW87V1i8tzIlKMzLlYGcptJDFn7rnEdUIJ7S3DOdX3pHtu5yLdY426xD+HmwJXi+rhN3pNXcswe4jKg2pl60/HmVXy0nZUlJSUlJSUlJSUlJSUj8mCpIEYIYbVKckjkJd1dIkS3gMrmPaptdd1FQ9TVLBnnIqOZhm1WolAWdKKdsUNFMR2YJgevQsfE6ATDgll6ax9B/V1IIwBgJSVABFA2hsbq69sNBamF/A3kAiFU6FEDWV+1gtSIDa0CSgtCyLCXDpGqgQ1RzURFI1W2LAZCadl4mKZMEBhASKGie53+l8/O//9g+u+rM/+4t/vO6mr+v2S5915mmAzqeeetqBgwfPPG0L4CZImY5TFdYBQKnEqlhZ2a5QlgwECqYpoNIm5ZwS9GPLSZHK08IHusj6fc+2LE2hlOSMcpbJ4Jvyx4UVN6A6eKxmUEZqnha2baRJBP7nWi5osG1blbqt6ka740/PdhGbaDQaGICeF87Nd8k1W+Omo7uubTuWBVxKltOUHVsQrGTC6oRsusM4xsBFMZk2YwK0O93nvCDw+j5o7+zMTN/3W4uLndZir9ednZubQSxiYa7bWZybOlypmpSUTSNcYAiAIMnumSkGiO30bL1aE07QEUaDcyMvfcw1PUpjh5vVRj2JI8wYsroOE5w0WoVmUpFD0xLAVM0VsuGwbVvBEFtGvVGPAcdPuDRDb/e8YjJdvWoIkNXS9STpYGYODFbbXS9K1JnJfSZXXvDcZ4tMf0NlGMckIyJbiAKNVIURo2Ob5LdetXXL5FbEu16Qc8XSnSShuA5GtmkbdWswHxvGxr4X9sOg2+4Hoef1el537mCKTjD37dlx7z13NRoD2Au62rQwfSyAaF3XLd0cgAYHLNNMyUc78/r9/fv3F+TXAYTdwIBiOHyfnJ0BpoGzfd/HfyNEnGJfTSNEHE5ZN9bvdYoiHagNGlpec82BujsyOFBzdcNAhAHRHs0w3G4v3H1gF1hwmDAauTwFgaYogUrlIikMRqdPQSCRcE1BI0yAgwcPTM1Mq0U+NjZQcY08iwyuz87NGmhwJmJU5FudLLa7haIGoY+PMnI01xgWckRisqzd8QDtTcuiqMnTxOr96S4JoJ9QTShnM/Yg2K4wgF5iviVWBgtmxYOMXXGeIMKTxd3siVK+jVyk89PeHjz8HUmZpaSkpKSkpKSkpKSkpJalUg02Aj0Zy3XLqFUqWRJxjcUAcnHc63ugeMDKRLsyYaxBqaOxIvKciQkTC86ZePqeHH5FTTCRb0omrfRUf64EnpLmdgzmOLe4d++Bdrul69yyzYIXpsULLQO2UpXSdrYo4gwHTQRiI+qr5HFM5dHysnwhoSGF2lyURQLzMhGSbJwBkxTdNshLY9+OnX/0B//nTb/09g/9xT/d+u07xocnxlS2YcM60Lpbbv3WS178wjQtwEZ10XqciMYVluLXeqaUFtClj4Si0omTSS7QuVJkrMx9flpYcIDAVisOWXtnifBBoMRz0zDFwDFhrVAo5FZBud5JEeVpYlIYoACcdmy3XqsVKltc7B6emvXDIiFeS1PFsnXNYGkcCzOSpNOJWm3hrI3xyjPDMGywaMsUwYykF2RREImUdspqpiFT1E//x6c//vFPen4URrHwH6cZA6CJdShpGaQbYNLUbAMsMdFNR5xLkmYRVzkGAESTLK0JpDPTcihiEacUNVABx32RYIugSKwqAKM6+XszmlXAsMNjI8NDI5PTUxzAnTLbKaUdc8o0dExbr+9hVrMTLj8OnYq7uNiyDH3D6kYS9YHT08gfHhrc/uADGWuNjQzWXOu+7TtPWjsOzN6suuDJGAqdTGHo8YM8RZCGTHQaVQcRG6BnFQEfzk3dKHJEdCIAeDIhUdWIUqLjCsZHswYbLpsYxbwAlPf9CNfXwNBwEIUHDxzu9VuMHngQ16O4lrFtRpUJM/HPXERilDxNwXaTKAKnFhnmFAtS2JI/RmkbjcvLMrhJsYzqYLOJ4R1tGKahVSytYuvDjYqlKyZnnNMFWCgG0+2ZVv+hPYe8AHEonJWCEBRd1QgFZcLjg46fkwEPnbJaLGVCsyhLJifnDZ1NjA9XKyZ9UuW55wX9ru+gx/KlK3dxccF07V4/wHzSTS7KnhbCnFzBZ06n5ykaz44UNpQ67pIA+omV8YazgqvvKR46zB5kylVL9hfCG/qe/C8pQ1nZukosK1E1e0JUJkerRzs+S0lJSUlJSUlJSUlJSUk9TLpW5AoIXc4p/dAQ5fhUAMFeLwC8A4VOi7RQyRSV/KHJzxdIzwS04YSHmag3l6oiCRFwqFDVFJxK5VlaaJoBBNVrd/dOTu8/NBMEYHwJ0A8ORAmt/UDXVezA9wNN4YIGalEc+jH5/YKXUu0w8WC/zrG3zOD4Z6aSywd5AdCz/inaSlw0FeXtwJTVnDgmOYHoxYPb7/3W16/7g/f+1t/89d9/9bprX/f6n+y0282B+llnn3XPvfedc+45KqssLs7bNpnqarRb8n0m5xCRAs3IyYE4e7vbIduQsrIaE+UK2dNAXNMjyjrHoBXAzaz0yy5U26kARwJ65mS3kaBLRTHImFuq4zqGYaJ3OdcXvf7h6UWPzE/UMAH1V3XT8MMQ71YcJzX1IPTVHAjYIAcPRYljhBAUy7bxb+zE8wGKI5YrhkHl2CkvnsrBQXzVxOi2u+9LySi80DD5shRDECcZyLWha7ZF+wCyBlhNqLxlitak5H+ik2fCsgVKaUqOwaiYDmZgnESYQSDdmE4atZ8blkH18TTMqwQYHNtMz86ccsopdreD5TRTMT8NLaOdEp9HXyhPhrOKHwa27VpObW6hn8X7168dJ59u3QaPfc6zNnOztn3vZD8pOovdPfsPPPc5FxhOjSsOLgVyhUkjKskHEq3RrCRmrCbA0J4XW1xr2EYQRoai+Imqa+SvrWAQhGc0OUwQQE4wmgP1ykCtmpF3RlgxlM0nr4kwLZKsH3hkbJKk2H8QhgpVDVUI67KMbDdUtTZQGxsd7Xbwvy5IMS52YcuuWIhjUOEk8nG2EUnQwMrx2RKbelZx7ZptO7Zp6VgM9I92ZFgH13qmGADQU9MLu/ZN9vyEqZTQTc84EAvOxWVZum3QEhwdYRMEIdAQ4fSCSzV0TDY2OlivVshKpdB8L+p7fqXmqJookcjUxU4PqBs9oKn+ULNCZvcUzsLk1DEKC20fHU8TT5hrywToEyMJoJ9gbZ4gG+jXfJSxYXXFLqP0hr7yq3ipbFkyyihRdX4d3l3ZWORNb3mZMO54DOKXn5teuewHLSUlJSUlJSUlJSUlJSX1qAIJAqXTORAsBzwEZQ1Cz+8HpmaCTLdavThKFALNBGWBMzVydKZcRALQVPwP/AtAMNN0HhPuBKpVgdCCLF2cW7jn3gdm5uYiplmOHUYR17jlukkCMAqGSWXgwLpM02YZYDJlTQJ3h2EMnFWIJMSyHiDIoOkaGXFDZhmcauCBnVFCLuXvUt1C8G8V9A0gi5JhgdF1hfeC+NprPgt4/u7f+OW/+Iu/vvkbN1Ze9lKA61rVOemk9TfffMv55104NDg2NXPQtoDncgOgjNAWDkLQFhgOAIv8A+Ko3/PIR8TQPJFjKzDVU13drlepOECxQRCapomzME2r1+sXeQKUDxqs6VY/TgSJTBr1Ok6KG0alXtN0c+fO3fOLHcDqTLX8AHECQ6XYQCxsonmSRFgZvN7RuUaDXwAlq7raaDRAn4GS291uv+9RZTfKS1aF/zPZdhMuTOMHtz8AfgpajPAB2qkaeq3m6rzq2IDGvEpkPGktLII2rlu/vt315ucXQJQpBV7AR4yCbuhpQmEStIIBvOrcsQwafoLJZJBM7BL/BvUklpo4NOWIMyeErdUwDLFDUFCy79Apux/t00SQg51whX7GhzjArq4703OLmsFXrx4yCorMOGbBtZgr+e49B0bGh7ZsPPvzX/7Oiy/eumHdmu/c8o2Ln/9s19GTyEc0SKHymyrLabQxFEbVidMIoYV6tcqGm62+3/MCzwsCjTzAKT4k7NTpOsbFqtDpK+Q3Q7iejHdoaLXBmsF1g7KtybyCHpJIE8o9x0WXCc90loP9RsMNc2x4DAORxBFBZVzFWJ5iqtCTBQji4IVbMZsDA45pgKpzhZmYNkXBTSNOY9N2cbEpmpUX5t79hw4enkoI/6oUGhEuscDGAAAQAElEQVTPQAgzHKLBpQE9EwPMKPZALykUkWGDwjKKocEhItFJLMJjymJ31nZNwGhVZE73ffK5V7I8iAJ81NkGTp7nwsoDn1oz8x2KPVEmuYhwKNrTwuf9GSAJoJ9grV9GwEsG0KWENzTlOx9l+nzp27Ur3p695n3RcuZy/HPvzx8cVh+4/DEPyvrL+VV3JFe+P9zykbIOYfqX70uuJL9pzX+7waSkpKSkpKSkpKSkpKSkGDN0gOYcVI/YnB+AUeVZprA8igLKnC1EjiwjLquL0m2MZeTKKjwwwKc0bkSJxlSyO8hU3up0Dk3OzM4uzM23AaOSJDVM13GIY7q2DawTxzHLUiLdeQo2Wq26xLQUvdvt9vrdtFB0oqWZyEGknGrKO86yhGW6ruPgKfEzSo0EC0ODDbJzjW3H6XuBsJ+m5SyPwSabdRw0+8qXPq8y7Vd/+Ze+9a1b7rzjO8957rOVAgetTYyN7t218/TTTx8eHA5DL4qDMI0ot5rSdVM0MgijIIh9n+jz9PSUYfAw6Om6tkLEnuKyLTMhW96Q+jyJ1q5ZMzg48OCDOwHWwKN9L6hWHdOkRHLDsHXDqNfrYNIYuOnZed+PwzhX9ISy3bkO3hcnMfpfVBTMRI48SKlOGccCCjuODZJrmWav7/V6Pti9TgbbepAvlfUDz8tFLIESUBVVuDZTNqpO7hfMdV3bAUUtEDfQNbXbDmzbRnCi1+kBEFq2TQnLeaELHlomp2IMdFGrTmMA4gnwca1WxWI/9AHK0aQEcyjLqyCwtpuk5K2BMd23b3+9US+KShRR6UVBnslKBKNeuqywEy7K+1coT5xSfV1ndm4WfTI+OqTRhamDu56ybnh0tL5n//72Yuuc80+dWeju2fudqlVTdSvwezpX0jTWCuoBlSW4UIW5OTqTq4YpnHDU1auGQVTDMAKDLp1PcN11PQ+BpYw4rpprSi5MdLgY4lwlek+RpDwUzxyQEQeax2nupybes9SylCW55lB1wkw8plAYVJEyN9Fu4H00wtRdyyqNcgCxMVssXTOFeY4uKiraaiURlTCDuNi5d8+Bg5OiTilLczq6UhamFCMkjORpdBTxuSPKWKLVSpGRNzRWqVMEBUfHxat6vh+QOXhumVY7DA2aNog9ZEWKGFY+0HC6ET4fqLIo2HVWFIuLnSSmOBpNZlW4oyuiZqrU8ZcE0E+0yup/xxT9W7aBnmNbJo6Oqxgf+0i69X3Jinfzlpfp/uWPb0T4O/+Ab/lI8JoVG2iA7I9IRw4pKSkpKSkpKSkpKSmpI9IU1XRd0LrA99Mk5USUeKoQrhEGuhooLCVMgkqD+VLVM4JWjNwoMvCnIM3tynDPC/bs3XfX3Xd3ekG15p68cVPHy3pdT+WmZpher18B77StVmsRJNt23CjyTV3TgamIQgJbe52+n4MfUTamWqZSUh6rIHSqSrQZrBIgKhMgE0SLo5U6N22HsS4ImQFklhDMsk2gpcIwjCBJbENNkwIMesdD9//+7/9eq7Vw/33bNm3amKVR1W24g1WvD4SnVZ0qYCiBOd/zu33QSfIeSNJKxQU4/d73but0WvgnEz4AZDJgmewpL9/3wdNtUEBdwxmNjgxNT8/YFu90uoCdQIWKmpq2qnPXtlzDtOYXO5PTs2mqeH4aRAUIM86VUmqjKI8TnDLNgCwz0OWmRdyRisMhuqBXXQcsGBCZygm2O+QVTJGJIk0TylAmkfMDE/mqoMOWaQuTDx1xDt0gF2rXMW3bRPejkyOfkrJN0wrCEIcLRI42WCdiBuTMwow4ijBHTPJ2IBncTrKUvCeyBIOOHWtFHi+5S2uL7fbI8AhgK/FTw0iSuNvpgm6blgEoj2YbaKJBZQlB2NMsZydcCPEkEWaaHUceGHJWGLt3H1AVfXykCdBv6sVABT1sJdHAfNev1Sfm5hbtSpMeGFAMy6wmSY8MMTjHxahz4FQqDqkwnErEciPDCGpKGvZqIPFNd6hRQXgpCIMojBMMT0qv4ygLUypOiVgFLu2EgK8o85dkcRbrwksjIlML4svopTjOa7W6qquFhpAArziOYZKtc5ZmhJgR0wAIRwSCUxKxJhLS0c85K600YjB/x6GqhlmBk1Uw8YIoe2jH9un5NjnwRKmqm6oIeJEtOD3loAn355wcPRRFxAtEyrZCNRjRcLLxxllzXdGsvfv2Dw2PHDg8xcl6Jcfnw0BzMC0yP4iwT8zXkcFmGHjNZgMRFOwflLvd6fR6kWnj1BBWwVGo3YoqPThOkJSnhaG+lJTU01r4emNSUlJSUlJSUlJSUk+oer0ee4x61QtPj+O0pK5iARgrsww9zZKLLrxw6tC+5563RcmTWr2ZiQzEgmwQbMqHzIt2pzs5Pb9jz/TM/GwYJk7F0nQywFh30sn33XufKA1Y1Gs1YIZutyt8nQsqWEeGDGmt6qqiNliv3+96RP9S4ScNBJSlxJnKx+F14fsA8CWcoyn9FvRKo5KA9K7l2IWoMAaMROnYmmbqhqoBmQFUJppphmEexQXg4ilbNv+PN78R9JmsGACX3Rr+2LYDAglQRW4ewueaCvQBvUVpEASLi4t79uz68If/Zn5+Pk0j0zBA2dB+8LW9+yfZYxRl4z5ePY5h/flXnhtTLT4GyOvYdpqSHzTOFPiRuK0JtFiYloVgAGDc5NTc7EI7ToogSsMYI0x+DIVCdeewsigvSXYrwiVcB6Wk1GMVtNFyXLvqugvz8/1+H3sufRHACgvh1kKjST4tNECKyFTFERXC3yb2SZmySq6bhuOQ/XO72yqEC28SUcJynuVeEDAqZhgRCjcMjDjYMRC2Ru4aeiG8m8k3QuMiQzrDHEaTCjI0T7yepxGFJP9iQooKJRRXq5V+t2uawhCZHCswj9Q8o7xXQFRMrc9e9z322PWjjOw5GwZHhhpDgxW0OiU6jL+KLE3Wrx5bvXrY0NIKLxKEQwrj0HzHro5MTi8cOHjorNO33HPnbWefufHUzet0jer4oXNNbqaJh33qulmoLKa6gSC8QMKE+egFAg4KQjhFFIcg0UmUhKEfU4U+zoSzNq4/MrTQ6DEFyjLOiA0mVPAx40xXRIFOkf+O3WIGUPcplEecqIwuRlBsSm3mlEWsUT5yQRUvRfVLVo4Tp1mUkhkLBhChkUoviO/adv/sYitX9CwX9iCiyCh2JeqA4hOEiHMqjOmZANClE3RZK5Q+D8pFqjm/6IGs41Rty0agC59VExPjaML8wkKa5oNDA7MzM5jM+NhBNEVMzqLv+9MzPY3SvdFUmqVizpAVB15PTi2yxyuLUr9/jHTmmWeyxyWZAS0lJSUlJSUlJSUlJSUl9WMhcMMsTVXhf8wInZiAt5kgNLZjNwYHwiyxDe406o5dGRwaTTOgmdk77tx2370PtlpdkGjdcphmunUHXA/01g+jhTvvAtuNo9gyDODcXrvN6ZF8U9S9i3EIIE1DN4C7PN/zgxD4CbwM6BpkCYQxTVON7BqIeWGXaRKT5azGiHoCE+eCN4oU1zSO6BQS8C9quaYSiwRHEo03ex5OjTxGALx3PLjjjz5w1U/91Gtf9epXbthw8tzs/PTMVK1WAwszLfIGYRrLyIgAxC0Dm2u3O4cPH7zzzjsnpw6hYYxR0TzwsJSo7tMgPRLUzrEtcnhQWZrFZNibpfV6DSgfwNdxXK5rAHPzc4szcwtJpsQZi6IsyZluWgCXUZwoZEysJWlmYSAYuRyAYgu3bUpcbzQbGEEwX2B6nxQA3NGgx2kJMQ2DYyhpLKjIZemfoJRQktGeeVGkIJIYtCQBI6aaiBhxDESiqmmSRkkCygjoLHC5CRiakxNIIuwXiiiNMSgEDFUtzVLd0DWyX8i8wHccW+dGwXwwyp7fB1JMsALXfcQiilzX6IywOgIVYRgUqqKDhrMC8xBNYidcuOw83x8atMnZBs0TFReZru3ad1DV2frVw4WScuqdbP3EcLufOrxQkmhhbuHil7x0164Hu6HiGGqhaA5YNaUZ48qKcZGhQzh5ZDMF7JpyhbU8SYO0h2vQcR2cfUSGHYVaGDZTALixja5i16zQyPbCtMjZHRcm5QJjEmgW+hyDJQZUpwx0A8PHRCiCVIgL28bHhKYLz3YNG+LCpQuF9kR/LItMfjKENCgAxTRuzbc6dz+ws91G9EkFdSefbgXTxsC0BB8nQ2qMuXBJKXuKlY7w4gVYdVl+sFyIMRV1LxNEFyzbVDqK6FolT4sgwKzJmmkeRmx4yAAapjCJiHMsLPYRrkrw6aGJvGcRqADLJ68YaQF9QiQBtJSUlJSUlJSUlJSUlJTUj4Vcx+11OyqROOEAS/CXeFCc5lNTs6tXT5iu0xxoBolyaGZm59fu3Lt399RUCxynUq1WB0ewhyiJsBVZcxSMG0YYhEwkPw826mB8oM+aADpx4FFyLB1IMwwbh2q1O6BOaVYkZEINzkVOAlxTqEgeJVeqwExgaCDKYFEAprkwSRBJl4zSamkhcBjBVV0BCgOR5NgfUCMYNtA1PbPPyEsEBCvNiyBM/vXfPnPfA9svu+wVz372+Rs2ru/1vE6n2+62CDsxci4ArUviNKBkyrDX7X7ve98DERNmtMJsl0CVlj0ZXg2PVYawaLYdJwj6aDAAoWlbYRTVm03HcUAkWx0Mew+QsVAM8NwozmKCvFqcxiB+pmXFUSD6n5mmjuGmjFT0s2lUXNeyrWq1MjM3H/g+hhuIEAcCDcSByEcbg1JQJUdy+uU6+p/yoBVKWCbCR2YO5LxhObZJpepy8a8CYDQmww1yfUEYAx0O7ly6/QpfFrD/nJHFikUuz1QnjsoS4mhKUYQRTTkykNE5zhHN0KkNBRB5mKRoNpppGHocRbVKxXHIiDiKaCeF8LQW+dlKaflygoWYRpqK9N6cUYU/TSf7l7SwnMq+g4dNm68arGkigxzxkUFXs7VmZ65iasrw8Oieg4duv3dH2Ok/78Jz79x93zlbT7d1KjCZZ2EaU1dQj5NzSq6KYIMwVY8QYnExglUrNhNdR2+FLldwxcQIO5VRHp2Lqzmr2CajbiEbaFxZcRJUHFvU6ENsohChIFHHkEJBBgJMpSkKZT1TQrHCxedJafyt0JVDbBszAlGiMM4OTM7u3H2w7ydMRSAqKRAAMqjWZUmbua6KmcDF+JAndJnwLjzoSSJVWqU86YJmHa5wz4/rjQrai5GtVCoU5RLnjs8XIGY/9AYavFJxkxThCjNO8qnpBTL3oJqiipiVRRkd0chgSJHGECdGEkBLSUlJSR2ruz9+5aceWv5H8+Jfe/clo+yZIzq72WfaSUlJSUlJSUlJ/XACgCVALFL+RJU5VmYYW5Z9933bF1rddWvWXPOl78zOtUyTiXxhXh9qUGaryrilR2EAelNxrH7ggzymcYgdNRp1wLROa5Ee22e5oDqshEdgQ4CDURT5QSDcXRXgNnJqUMAEaVtOz+cT5AJ1C0U+Jz0YL2qQYUkmCptElwAAEABJREFUcORSJqSGZYCShUZsmpXP4lOmb0Grkm8sUUpwSTqMrhvAlTixbXdu2/Hgzi2nbjjjzNPPO/+8U7echmP6ftDudPIMkDkTTgLK/Tsf+s///LTndcFx4yRsNCosz8C28K5pGewpL9viIIBpEqEnU4BjQ0efuJWq4xCD27FzT5QQa4xTNUoxNEbO0M8Yi7QQbhVx4gMyooddKjDIAaMBtG3bqrh2s9nEqM7OzPY9T9TuQyQAYJFjoa6r1PkKAU0ijwZHjwquRzXlclFS0rIMUQGOUTm6gvLb0TYRVEAgIQf5jJO0dIQgowzMMeGwAX5acVzA8SAMbMsWBQkzTJM4ScrcVfBTIGy0B0NpmJRsC7yOyUPUW+WGqVJudZJ2uj3Q6qprG4YmiknSEdVC5TQnY3bChTiBbjBhoAyB/BZUHbHAlKVLYfv2Xfy0Lc1GxVZVXQG+zyoGe+75Z+7cPz0/N7uw0KLM5aLYds/2+bnF8863du07NFCzR0bquAyVDOEZXEoq+HZGCJcMavIMV1SE8UDAAKNpOW6akPU5Jonr2oEPHh1jcCzbRp8iKEHPInC9INcUVTcqog8Tg1OCNSNfzUjkO+Mo2kphTkXlZbp7Qb4gtFijCANFC3Ch66o532rvOTQ5M9MKI8BfkwIYdHUTsxbO71RkUBMxH3oeodynqAtI7uJiabkQVzVldtNcUUIvpigUN3y/h4+RkZGhhYWFgYFBwGdL1zlIdZo0G1VqjKolab642MaMKgtjMgHmS9tnlaylVTKY1pjUCZAE0FJSUlJSRzR73Qc/dBO7+NeuKvks/fMvrpx8w1VvPZtJSUlJSUlJSUk93UVJkwoDoWGlky6lqapUlI9Sk4sHd+zdueugyrVKxQZWBtABnQTzDaKgoKKASb1ZWZybjyh7MkvCROF6vV4DBMzpAXzKmnUcB3AwAQlV1Vq1Rs/LJ4nn+eR0IcwaDFNPyH02V1VGzsT0ZD2ZObiu0/PDdqcNiLWUnQ1gKSqSkS2DwQW8M8BYFcArg1MRsyACyCMjjYTSNpfMABheFwBUeJ0K52iv17nrznu2bbv7ms9/ftWqNadsPHXN2rXAl9h1miQHDhzcdte2PXv3KgoORFzeMPTA9ysueYzk5Dybsqe8DE0hjpknpm6YlkmVHbkBOrzvwMEoIsyMP0GYgPaSRUFKRtoZORvQKGRqmkZxo1ql8nFFBkKpqYrp2mCUtUoFxLDVanmep5DPr2DF6GNROxK8MQ1jDcSPFtCEovAAuGmeFklOlQd1ChqkWeSQ+zYrhBUvJ1DKMwpIkB9zIWykaVeIBBjkspHGKTHxNAZ7xC5S4RBsGiZVRSQvhgJNAuxGbGNhcbEsVRcFIaaLplDGbRRGTMQkNG4yygXP+p7v5KbtmJQvnFPBRuymWnv8Vs6Pf5gsnRWUfKw7gOaYx5lK5tSMUocLHZGVex7Yc+7WMzRXwYAC5ALF5yxes2rohptusmqDvdbiW970ukMHpvfuPdz1vKm5dpzmTr2iMY2y2QHoU8QeLHSIyGsXJuwc0YU462exblUqrkH+M4x5FHaq1cyEzNMJxGNQbbIOp7gARYSoV2nmE8CNY1x6hmGWXsyqyM9W6BmConTlJkYsQkiCHFP+NCYY2VzkDC3cuXvfYtfHREvIwjmhIJEoJJiXxsxkAZIrS+EkcoQuWGn7LIojFkXpukF52YpGsauCTU7NV2t110FYKO/70ehIAx8VgR9nNXIWsl1cvq6hq5qugqirqtHr9jv9MBc7wlkTldaUo0oP0hMXqiqrEJ4ISQAtJSUlJbWi2W33ttipV6xkB49c+taL7/3QjTdcP3v2JSNMSkpKSkpKSkrq6a2CpUSacyoPCKKrkg0Fi7MM5C+OE8MxVXJjNqIsBhcEuUryBBiRC6/YJApA9BqNauhHrmZ7YRCHie/1wRM1TlXIshT00sfewUAtywKKCsMQ9JlAJ9fTGAC6YCqxIOAfg/IgM66xasUxTZM4YxpTqTPyEaaSZJT+TA/JU81AHAJ7EMnRBlahVeNYrKvznBAomQgQ4GTU/iw3hd0BUHbPC2tgUqYWhIHX7W9f2L793oeo7J5GOdOUrEmWsjE5DBQA7+CnwshAUdAbtm2FIRXxY095pWlM1geMvLDJh5cbMzNz7a4HFKhSpUgLMHO+s8C5aVqVgsrfhQqRSDpNzIlatWqQFQMGIa5gPDB8tllxHD/wDx86rJL1r64IEwwaOkYJsHEUU9VBUcuOiWp1VE0uA+wmSmiahuu6YJhkLc15USRcNz2PTKLDOPbCELvMiqjMhGWCQXPyZChw4CRNkzRB2yyDfB7wGhMBy3xh9sJKZ4+swEzDCv04jfyIyGmalibRwl6jAGvXKKu6wInkLPOwLUFVMG5LJacQs9f32AlXliE0E4a27doOOTDTCGQIw2QRLkgOLK5o1ra7t2898xS9YXFOWdC2ZbKoeNXLXtQLk6/fNM2LcPrQ/jPOWNscbARJbtUb/3Xzt9evXnPW6VsKFbTdy6NI1zlZleDqytEv6lIpP4YrkcoJWobRbA5iSbvdpmiF7QTAt3GKK9iyLRD/OA7LTVJhxaxQIUqyFKc5UFozlwnDZHpDzjhkmqGQ87N4boEswE3XjeJs74FD+w5M9vwoy7UoyRD8wOWLCxpBDiYah30Ier00B4ThjjikuARZWX6QnqTAznXyytb12bmFxU5suxSLqNYctMhxbR8nRvn4vNvrYHZWak6exdgDJpUXBPMLPZFmLYgzoD9aS/ONpr9Az0tvMKnjLwmgpaSkpKRWNDm5gL9nZ4Gel5aMXPKbV10yQ0sY2/bxK6+efdEVW++9+saF8t2HGXTMXv+nH1p+i20+kjctlo9cfPHsjUvvnnrFVT+7dek9yrluLW1z1PL/bm9XvGv0emy4tHzm+g/+xY3Le3lYq6jZD63sX6ZyS0lJSUlJSf0Yi8gO+AtXCeolsaZy/DuI4gJElnxplTSPDE1xLB6lvqIWXGWOyYsMLC+n5EFF6fe61Uptbm4hTlOuU70y0ECAHMc2e93UrbsawaXEMPV+t9vu9EH7ErAq7FzXAQSjmIi2gQNzRScWqJoGlicAgl4QY4EoNkj8EbQT8FkpU2eXTGELkWPJXNPEwixVkgQYtDA4KDQIF5gTs7hOlQk5iyLwuLzqaLV6NUp8nAJVKWOAznacEHAv1Iz2r5B3MCV7aqpwdaAEW3BMXVMBa4E4gyBgT3lVay4IrG3bumn2vXDy4GScFZS/TXmj+dzijOWCeVphlM7OzFBusGkJbqyChSK+wMiqATiY6ZS3rBmWASI/P7+QEnbkhmmqVO+RwDNBfpG7So4feSb8EUC9LRDtJM3wGhDStG3HdsjmhfJNC92gwoN+4CkYds4RscAgDgwM+L4fAWPHlL1u6ODddpYSYsa2rlPJABFBxxEUMQzEMPCy4roxOUj42Ds273Y6Yi6zTNh/U5XLokCYAawUfJkmM3kZa9iDbqiGYYcRGL2mCxuOtMDESdgJVz/oK1ke+EFereq6KrhohheIePBUC1KCoZj/d26754LzzuC6i3kYJgDKNNsbtvbS559vsHhueu6iF5yHQE4QR4sd76775letWX94ZtEylOEBB3vPKZcfcRjMcE5PEuB0cxVRJ9DoIFITcvSu4SjVeg39CXbv1mp2nvf7fRwLUSka2TRBTMk0zDxfsslwLAcTjDw6qN6hkpLXCj1kgNiTwkTwCaibUVFBXHsLHW/X3gPTcy0/wgEYLkMxUJq4fsmuA03CVCrZb6GIGAZbwuRkLk95yhRJyEV6u7AJwlRTpqamVEV3LK0sS2oYequ9EMWhQfNKGHqkqWWgWynXGvtOknRhoZuRt4yYipTAXYj0Z1VU18RnANPKgoSyCuEJkQTQUlJSUlIr2vrWN2y78lM3fujKGzcfbbsxOrKS/ty66eptL3rXVZfSgmMMOkoEDML7m4Ig0z+vvPLuo4Dy9m3s1666arR0Yb76g9dNvPvSkWMcP2iTq6/8Z0ab/Pd7u/rjo++66irRLmFajQa/u2ww/vnIVpUbLtlbN5mUlJSUlJSU1I+lFPEcva4bBGFVJaBk2JhSGkW1QE44hrITi7TQLDOKA6dSyZMEb4Dd+b6X5+SZ0O17umkxLc+SDMiJ0iwZULU6ONAA9ANU1LkdBHG3H4FQh0lCOZMi/xQCzqaEZcDjXHEqVTBTsEXA5yhJq9UqaBGwGq0uElbLJ+Wp+pyy5N8K/gxkFsYRYTFVy2klkDB6jh+ITVd0kVsNYp40KramUwozpdOS84OWpwU3sEIO5EemBZliOiZl01L6NJl3pDEYpU4NTcnDQONkQUB+yk954awnVq+Zm188ODnT7ngp0KPpROC+UdrzqTJfP+3TeoU6ODyIGAB6T83I0JloYJ4AHSKMYJgYTMBnIwojL029fl8lPqfYlk0W3hSAUPJMUGZVBSZMEjLsptpxGcsSLMgssmNmjm3oeqGK1FvKZo6pG0M/VLWsMAyMhS7IJmWhUjFJ8EaGAcUfTIwwioYGh2PKes6jKDLIy7sQhe/IYiUmmmzYltPp9shGhqlkGSH8pjGlQZ9NrEX18XgUJVhMp6WhXSlmIwC36zpULFHXwyCg3NcTLs6tXEk9zMksE/2TlzndmJQpBULUkOxRFNNu3rVt93nnnl5xtXrNypMQEYE0zEealTwLTc7mZmbXrB9HiOWhXbsbw65TG7rxlttOWTsxcP6pqjmo5i2WBTm3KdNX03TFyOM0AvM1OCC0R07cabPRwGCZOscgZkWepGm9Ucel4vd7jmmVBjVFkWmMk1FPluITgUITnAu2iz429CI3DQ3cOY5TfBrgE0O3MeXyhZa3Y8/B+cVOiYFTqoco0DKlOFMci3w+SpeNpUtbEfMXnweUaC3yn2lAyegFm5APCZWunJ1rzc4FJ62rdzoe11iz4SA+0W7HrmOqFj0h0ep0XMSL8LmE2aIaYZIvtoMgzDgamZeVTUWONVU9BXsGei4QZCILaK6qMgP6hEhifikpKSmpo3T2W6+66qp3vaj50KeuXNI/bztmhVOvePelSziaDDoG2UM3XD/L2LbrbmyxzVesAOLRS976oibbfv31MysbXrKUlXz2K7BVa2YSLydnWtjNyOjSJu/GsS+d+KH2NnjxW5eaMXv9DQ+hVUdw+dlvveLU79Oqs9+KU2NSUlJSUlJSUj++EmhX1Oby4zRMQSK1Qli7kokzKwzy+qWCcRXbskyd5Wml4hg673bbBblcZGmcBWEIcqSp3DYtrlAFwDRJut0OyFbg+0mSzs4vgEBpupkCAarkzZsrohIdpUwCgqdcZZWKCylc9wKAr4LIp2mrxJ4BuYCzcoEr0LTC1A3K7eX04L+u60zlBhBZpVatVYfHRlLRLBAoTh7RRp4RGBVZurmuMcui7cqER93g3FCoClweaFpWrdpDg42q6wC4K8J4GnuKglDXuXv4tAkAABAASURBVGVTGTvgMN/3nx6P56vaAw/tmJlfXFjsArPrVtWL8nY36ARxhs5XOXgcXmIAQkp714CaMRE4QB2oJ9mPpIC/GB0wRiBFKhrp+eTVkpOVM/oTsE8EL0QSOsUoyCOFssgLlsRJGERAhcCTmDdU8U9XHMcs8jjPYtPUVeGsrVDuuer1exgLTCyRpwyMaRocfxtAj416LYkQKlB6vZ5OBfSSarWC4EHf61MxvYK1Wi3KzhaOMI5jWyYodprEEdqP8QKsJJdwHANTNo0Q2ojTAMEFOoCmVmkDkNwMyBFMvMyfZSdcGSPvcoDzRJTeA+ElKpsSize4YhpM1WniAsPqvH7rLdu8IPfDmBs8DD2dF7pKxQqfe9G5Vcvu9zxca612d8uWU+YX+rt2LZ551tnT072vfeMOxAhcx1YULYjpyQZcfpaGkIuKIIHIYqYLpNNpU4BBUdCNlm5oRKqVeqMyNjqCccaAGyYXYSCG7sMokQuP8McgmxO6hunzIgh8hQpgWghJ6KaDqTbbCbbdv2t2sQeqHcZku4HwRk7XV1ES/7LqoHC+UMREUoQlkJhXglIrhIgxZUCNMyxCuCNlxdxiJ45STtYvBT4FLEwxinuBq+demGRM6XshILnp2MJTHmESZbHjdXoBF4hcoTgWBbHoqQtORiCaWuCccaVjznBFyeInoSLlj6FkBrSUlJSU1MM1cum7r7pUvBLZylf+6ey7fnPJA7o5OnH0ilvPbN540+Qk27ZtOxDz1q3HvLe1edON27bNXnLpox1jlmw9tv7sFduuvPrqK6+8Gnt+0bsIbVO29bZr/9u9jSwnZc9s27bA2EK5j6OFVoljPGw/Y9hulklJSUlJSUlJ/XhKITtn07C6XaCtxATFE74W9IA60Z8CfEancn/0vLzJid4BR5IVMhkaqFGcMFF2rADzpYfcY+ECnJgAvboWJwn2AiiWZbkurGOTtKzgR6bO4rl3hv1wKiooPIKLArQRkJeOnDO/76fZkvEsPS9PBJpaBTQG1MiFO4eoYsejJM7UIupHTsWtVGphEKSigFqu5JbtgJsnUUTJ3MQ+Fd2ygblDkGUyxiWK2mw0AMbBsqMgAC4H08zFY/6mZSYx7Ye4G+EuWjmOngZw6qGdey3LBcG37EqSKZ5Pmd/E4NMMwwniTjEH8qPAWIN3FmQ3rLCEahMSmDOokCCB/jROen6HvAkUKsaIPjd1M8kSTIpCpL4qyybL6CUySxGUGrvDcAM6Y7zAgvE3pgxaFVPuPNn+Cs9xDT2MrlbIKTgPsQZGxCCS2PO8eq3mC28NrIPphyNiqzAkM2LLtPycXFBc10mSSDe1wOtRGygYkjqOVVBYJAMsTfJU+E3nwqwj52gzA3EGbuTVqks+D0URUsNym+w+noTakrheGLhqmnS6nZozQrGfPKM3RHIu11WzUCJAf0bXDjer3/jm3RddeHpcN5sVNy1ScXk6A4NJc8RlGg3WqZtOTZPwwb27tp47Dqj9xa/cXGj6S5632QtTbtsqpatnSRpjOHVDJTabqTHmh5Ljwuh7CCv0atWKgPOW5/dTump4s9GMaHgSXaf4gDDeyMimQi+HPqfMdZWL4oROQdUIyVocBPjg5OTe/YfDME5x2YMf09GpGCS5c2hqCZpFunMJnymetJLengkbDrrihPEzEDniEhSYQsAgKQ5PddatGV1oBZhmVsXA0TudVrXGGzVbGIcEgOWNRgWzGpw9zZWuF3Q7/WKpuCETXie5KJ4I0E/eMGRrrhMOFW7jUidIEkBLSUlJSX1/nf3Wd01/8EM3bds2c8lRrsoP0+zsDHu82vrWq1bMMT505U2lDTR7rFqC1w9v1SSxaVk8UUpKSkpKSkpqWQk4bxhZbuE4bpL3AWlBjtM0AY9T6In9HCgKPNEgH2DdbTSmpif7/b5jOa5bDQJfU/UETBMrFrRyKh7nx6qaoYVRCtjjeR64k2FaAFBRHHLBKzWRMKlrqkiEBA1WbdsGbOoBevU8MipWNQLIRUmsVLzkohogULUNnMzFQ/IK+cyWD/NjrUq1lhbdABA9Scss3ShK4zirOGREq5umJo6cZQB6rFKpnrTh5L179+LgRWlrSwazShxHYGKceKtK9FyweJBrMrwWldLQZhBS9pSXYVZB5bq9wPMDDIQXhJpuAPrXbAtUL+pFIP8guehbYF+ig4L6pXEahalpGbZVqbp2Qo7MMc6XC1iMMcNkoFqNVBuuSMEvKTmVslZFsIJelFntWMcV9Llaq5iG2et3gSAbjYaqeRqRygStchyHsubR1TRzCAliIDqdDhinhSNyNQiyocFBtBBMsNtpM2EHHPqh5dimafW6fWaZiBKEgchJVykOAeiMQwOfRnGKiYf1MDmx3LYdz5sfGmxiP1ES1qrV0pyaCX6aUaQCgQqbnXBhfpq6algmXhSiEh7xW/HkAU1JhHwoXz/HoChMZ5o+M+d95bo7XvGy52RJMNSwgjh0uKmpiR956IRzz964at2am799++LCws/8zBu33X6fVRuwHNBlfbHtze9bPOuMk+PMF3UiQdsBb/U4yxAqwlXDlMxkWprHWd7DuNfrtXqlGvpeSI4pieNUbJuCQ7iiTBPQ1xCxpASDhaBULqIynOw4igJ8n1uL7d7+w9OHD88WCEqBcOeMLuasRMoi0zkXJtFlEjSZuZAPMz478BrRjpzGumCiI3Ky58g1Q42iTNFMRMlKqxhh6M1wtNGxEc/zqeIlubgUVP0yTybGMHNoV1lKqHl2vpXRZKMzx7aYapgsBn0iAEpnlAKtltEpNcmTvLQEkTr+khYcUlJSUlLLmrn+g1deeeWfXn90hrBIGW5NTi/9s7TOWNbstntbbHDr1tGtW08ll+dtx7y3rcWaW7f+cAB42fpD7OSx7A2HHmSte7c9Iqt5ZORRWzUt05+lpKSkpKSkfnxFT/TrIFBRpVYr00VTkZUJ0mpbumUbQMoV1zV0ngEiJjF4pes4gDVAkwY3wSKXcDCVHUvygvClrnNy+00S3w9yUWyQYFWa6bpBDIh8XYGBgH5AkhSs7NiuhjYEAaAhADJ5zYpKZzrH+rqohcgFtlIIMqoa8SORI4k2YHkmGNXCwqLI2MY5KQGgakIV3LjGQVejiDyOgUZFyUIyKQ7J6jqs1xtlJ5CltWHgpABYbcfGGqZp4qyZqGgHfFmv1x3HJu8GgWLZU16qihOnXrJtq1a1164a27B2Yt3E8EjTtbR0sKZXLNXVQR1Dx1RtUzN0QH+yceYqM8nTgso5AgiS6wox4gLYkRKgyWSD2GhZBpKMDApii8K7WMmA7CmBN7Mdw3XNesPFfjrtxSSOy1qXGJRIuLUY5DlOOa3lH0pz5nxsbPSkdWstck3JgFAxpebmZjGUOKJbqWCmYe5hYR88u9MZGR1xbZt8M2hM6a2YnKwzbC7soZkt3jWpcKSJsIYm3K1xtKrjYIaCf2IqhhHtXLjNqN1Ol51wUXVHhF9UinYgQiPSw5UyzV8YvRQaPXaAacxwKWA8wKCDRLnplnu9QO37GTftokCfFw43DCU998yTRxqGoxebN25SGX9g++6feOmLYpBiVd8/1b/nvr15xotMZwyo2aDnFtRc4zlGlyOWkyboDapEmueeH3U63TiMda4DPOOiiKIAsRmEbfA6REAjpVKQhqnnGa7sUM1TTlGHwrArulFZbPd37T04Nb2QUonRtCAvZ5F4XJS5zhReEjbQdJrlG0u2NsKLQzxCsbQ6+XMU5AYCPI+PiNn59q5dU4EXix5CpIGe3mi3ujlTHbeKiRH4vq6yRrWi6/R4BQ5dMH54ai7NydokF3n3FK1QFYTZLLBzvSw/SDEnypXO0jIRHh8RTOr4SwJoKSkpKalljV7y7jdsZgs3fvy6FUq77eOfeogNXvyKFYfl7Vd/cPnd2es+fuMC2/xScufYeunFTfbQ1SuG0TPXf/ym1hHf5++jbf9MLtMfv3vpn2QJPYhtH9PeRi55KbX5Qysr3/3xK5cx+sP3c/fHP4T9SElJSUlJSUn9uIoMGRQlDOOBgQEqHkhJmIXOQWA5mCNXlVrFBaMBjpybnQOWatTroD/C4IKSGm0bTA9r6hXXcV0bL7B9AhKZpGVeLRAw9g9+BH6Mf6eUkapShqtGVf6wrQPk67rYWbfXSwlS62SVIKAUOTQzAF+RIVvkVABQB6ErsIc0S0BE3YqbUIojWQAQYsaJRJFumNg8pdTWXFTJI09okTOpijqFXNRX1KMwxpHBOnXClOR4zCiDUhXJp0ThY1HyDjw9EDm2KlnEkj0xGs6e8jJ11eSKY/GBmj0+0hwfrg9UjYmhyuqR6vlbNz/nvNPOPevk0UH7jM1rTlk/Oj5U2XLy6rHhesU2GhWnWauCOgv7Zko2diwRU1BVQ9PRJxjXgEr2aSUrZMT1iBdiaNHRusFtyxgcarqupbLc93ogm45tAWOCGtuOM7Fq9ejo2Jq1a4cGhzBAGdU29IIwAP+dnZ1tt9uIW7RbLRer2jaO0u11As9fWFiIkoQgt6Y5IMiO3e12yDXBsIBuyTUFbTR1TE7HdfqehxlbcWwBL8l3AfMNI4wlmKyNeg2z2uCU5o9JUXErI6OjeFGr19gJF6XoIm6TpQiH+Jhm6FWulWCWcrTJgQL4n9tkgBNbjpUULE6VuUXv81+8dXo28ELy70DIgGWqrRe88JTMu+i80599zoZvfO2WTqtz//23g/hzq7J/anLDxlMwdghJ5IrF9RpTeUD2I7jkyYEdHZWmked7YeBjebfntXq9CNEgRTGBoG2LbDGyBBdgo1EPSQEGmpOVNGWdA+Ialo3L7PDs7P07d00vtFMqMqiInG46U41iN5wefhDPNAgzd9JyAAAIPC/fog8Wkf/M6GLUmLCMT4uiHybtdt/gRhAmmJ2YaavXjnS7PpqapDkiVXEYjg4Njo/WcY0q9GmATxg+t9AN8UFFdTIVUV+UnpkwqJOzMgt+KaSF+Bkmo3jogaa0cAuROt6SmF9KSkpK6iid/darxq7/4F8IN4xS5IlxxEW5+aJ3vZWB8JYYt3nxr111yZESgluv/9MPrXgxb37DVe8++7852tafvWormW9ceeWnlja64qq3ioM9lr0ttXnFBvphrRr5+JUrb22+4g2br/6UTIKWkpKSkpKS+jEV6GKapQAxvXanalugr2XqpWvbYDSmUxH2CkXsh4owbgYWMrkBclBQbbe4MTDYA7XyfAAsIMX5xTwWaDoK04KSjQ3wHqBDDhakKOTMq6q6KqAU4LVjA2waltnv+612mww/VBVQkUxpNd1QeJwmnAyLRU6iqtm2DfBk0L6oXB74VBgl9Og90BErNK5naQ5EHAaBYVhRFANRmYYlzHN1ACxKpwQm0w2DrDbiIIjiKB0aHg78Prk76+DuukY54EVi5QCCWRCiheP18cV2K4liQ9fiKAACt/QnoVrdY5Wl5W4NFNdGt4NIKvXFAAAQAElEQVTJivzWAEECDHecxgCRVVedGFmtcdMPYqqSovJTTzlr9969oHvoOoyuSWnCKeWpswIDFWOzJCQCrChkaaLrSRggDKBSZboymzWzLKPRrICYgkxGkReHZORSb9TQ8WEQk6MLDqMb8/NTINa+75cp7ZZpxmFEtfYY68zNYXzcqgssmAk33kRw51zYNWCyYKDIKzwvEK6Ym5/PyUmcK+CJjBAkZgIGDuv7Xp8qHeZpxbajOM6ytFaxAr9bq7porGHYWKG0gABsxZEnJiYWFxfZiVcu3M5zwp/g5ojg6Kpm6machhp5ziDwwhFIQXBEV6hypmmpsz2v6rhBEn79W3e94qXPpmqBJtlasyJUgKG5pdXsTDUWZ+Yv/YkLH9qzt8gMMOvp+bmtzzpD0VNg4q9/447RxsDm00+iRGRc3llu4MrT8Q8ekTtK37IsIGIvyHEpm1ni4LPAJi+QhOYAQlFpvV4FjPaCAGviBOIgxNhkTD1weHL3vkkvinE95ikZ8ijCRgMYGvOnTHPGSSFAlQvCvOIKXXZGyaNpfcpXV4UPO2t1umDJzaHq3n0HJ9asPbhvklKYxcMNiC5FKbh0aiSpSv4wuNx1MnYmgozdqK1Wt9vtEYumVH30psh0BtRXmW2S9w7+YZhUlDTJiyiM6DkOyrnGh4lEoydCSiG9TqSkpI6zQrotkHoGaBtI7uyjuC1LSUlJSUlJSUk9Cer3+4/1F/3zzllvmgZQk1txgGVVSlssOGivcPsF2g19v9FoAtYEgV+tVKH52Tmu84prg0bFceKHgQaGUxA7DrEkAdAu8IKSObne9wPCRQolFRrCdxWwrTTtGBwcBDPqdvvtbj+lQn+KadoJPQVPZsJJUpb+09M0E3CTHqrXuWILxwagT2CqCOBJI0fmnCrgAUixmAxnyR4CFNXUrVq1KpKamR/5lJ9rGhW3liRUh03kYCtpEhk6J3vaglIjU7KI1UQRu4LyfDWIquT1+x5aji2qNbBR9TNfuvUxdTLIWqVSYY9Xj2NYf/8Xnld1nSiJhF9GZhpGtVaJo5gyV0M6rxQsWeW+F/b6QXNgFNhzodVpt3oi8xOhA55jIPLU1A3KSAea1zhGKqeSbkCLBf5JtirCWgWTIY0jQOmRkSHEJFzHzvKk7/UDP2g0m+hJxCGazQFEKbq9/sDg4MLCghimDLMpiiIgY0PYUGDgsMT3fAeM2bFnZmfDJM8AoAEcNUQOyG284lZwRl5Ap4F4Q605kCRhWaQSjDRNYsrWj2PKdxZp9ZjDntfHLMIQOI5T5tUqigb8jR4NxWTFWYCwOo792Wu/wx6jfsSRPeOUMcw1FVeEkp16ygaHTiHAOXOq0ZdQ+j/eUXIGtI71FGPvvvkDh7oYLFynA41KkSYvf/Hpa8cH6w4YdGSTjYzFNM1PwzS1U9Btzf7MF25+8Uuf97lrPv+zb7ykoYeKWf+Xf732rC1nnf/sMyO/6xpKkfYx3dMibzabmPNJlmFwgGFtizKfyRTe1pq1unBfyRGzQZcmdJVmCAohgADga+kmlu47NHX7XXcr3MyAmMn+nYpGUnZ0XgBIR1FaWotQuIgsdorykYWyH8h1Z9nPHSGPFE3HZavqU5Nzh6fbmmGs2zB06MDiurWr9u05NDjYIJMellfrlYOHZoMwrrq2JsIktmOCZpM/TM59Pzo0NU+EH8EMSq8m7qyTn0lZeFAY0HNF+MpoaDA+uRSqcIiPFLKkv/ehQ+zxSnD5HyOdeeaZ7HFJYn4pKSkpKSkpKSkpKSkpqaefyhTCx7SJpZNnAnhTGodgXaCNyzasWZwmoIFAPaDKQHhY2fc9sCrLNFzH7HueoavkDWARizSo4FuexClZXuSKoZsEJ+PAsa0EUCfNAHywa6bkYIWmaTrCWxaIqt3uMG6CTYMD+l7g1Kp5EQFVUQVCahadFGEupdB01TSA4hI0pjkwvLDYSZLI1jWwyNJ1uiiWnugHb6IU3YScaoHKIlFMjyw4YqCtLpEtTtmyuoFWm+QNXOQaozRMyqQFI6PMXRyFe77POTnzorVFlvT7nTyP+GPPjlwBbY9Pj2NYK7YZBD2ih4ZOlRRVFlChNsolrlWB4BOTc0pKLRjwW2thgQoV+qFlYWBNRpbEKUi8o+OsqbAbMD2wHfhdEkdM5cKgQM3JWDfnHDtNBhpVwyILcVX4QqO7uaJNjK8Cvvb9AAc6dOAgOrZaqwN/g/i6FRttioD8mLJMn6kUoDBKYcSEEz42OnZoaipLKU/WAEE3MVgqGTdTQr2KScZ1PQz9ius06tXA64aBp6sMCHZ0ZAAxFUQXgM2nZmctnY0MNZlw+DUsxw/CvhdSlq2GGRIII+MM59WOHk+O1I84sqOjY3PTh3DWhspxITTWrQrDnlIo5JXBgfVTReMUQaEZSpYcZHdjKCC8KV0e9CDBDd984KUvPGPLyaNkYQx2m+R5gkBLgXkbh7nl1HWWTU4eNu2q7VSLNGx3e5Pz4UvWrrvz3oceuOfeV136oqGBeuB3LNMKgoicnYscF1mni5hLXyGTXkw9S8nbAPpg9KbFMDVyRWO5AnyvZHqlWsM/5+bmt923w7BrYRyhecSXsR/DxiggWlCklP5cZj0fZSHOVmb10dObLDJMM4ozXH2TM11dN+pNp9PyTAuTJMGlUK3amGT79k0hUEF20gVLosy2uWubiiiAWVCOtDY918J1jmsZnwAafapRCjmmsfiEo9xydK0uTLeF6UfGDVzX1PO6wQeHhpjU8ZcE0FJSUlJSUlJSUlJSUlJSTz8JcPzYSuRZ9Ch6ArBlOabOjTSNKW80S2OBjcEubccOgkBRQvLkLYhgAuGASJqcJUlIdd5sG4Q4ivIg9MlzmfxgtTTLyHmD42WhZpSEbOoGQJpaFLbj1mtUzcz3/U6nC1zEFZ7EicZ1jRsT4xOHp6ZK22WRr0pmr1wrgJDI1RcwiRWawtCkLM0tywZRdtwKUDf5cDAqMkYP/KsAX2qmpYutFniUTc4TZMWQi7pmmUjKBPXDVg7ZP5PLBNm/KmT0kWc5Du06brvT0YS8wEP7K6bRbDQGBuptcgt5zOPCfgQ9jmHFAFbcika212DxxHlwIkEUcd0iA4oA4YZ07dr1OZvuB3MIA8RpVm82bMsNokCMe2aaGhlfKJghgPkGFlarTrCwiDfJR5sVINeYJ8DPlapTrZjCloOznPf7/TzJhweHNIN7XgDEHPhU648Le5OMvMHTwA90U4+iGO8iBkCGJ1mGCZZQGUNyQYiiiKIahknF+dCOLO11Y0wGqmVJEZGMSuBxLY6jAPGCsF+rWI6lVyy95tjDgwMsp5Z7vjcyUEtTp96odNpdzDPM8fZiiwBkWvT6XqWCaAd4ra493tqSP+LIXnjRc7/21WuojGMazc7Npkmwbu1q4PAEw5Om3NDTLMGcpZAO5mahVp1KnrcHBisLi12gZFxfRZpf+/VtQbTl7C2blCKm4pzYELQ3pWszDVuXvvi8b999j+9F3V4yaNpTswu9qPjqf31jevLAxrVr+1HSObSwZtUYroiiiDTyxkjQH8PNRs8PPK9vmTY6PAwxJTyMjGDQppIWUQpo7kRRNrMATDw3v7hQcEs3LESaLIMCBWlCzuCU6t4PxCDmS/bK4gEFVhxDn8vXuCRpcUajj4+FfXum16wdrlRqiHTsPzhpGGx+fn50rMLURFNM7CEKM87NPAtNRwVGLx9iQHdlBZs8PJOIf9WqVVy/nD4PcgyVrlHVQYXlGqcHGmjc6bmHjGIzBeIfqmnpwNenn3kWkzr+kgBaSkpKSuqH1Na3XrWVSUlJSUlJSUlJPTUExgdu9Zg2AX2u1+sKlSAjKwCQS9ArL4qpgmBaGIahck1V9IygZCHyI8n6GaCo4ljNuot3cw6ymS22FsCCATcVMLEkT9JIOCdoYRzpmunqOgAP+V2YhmNbaGff8xYX29ibcHsAK1JBqcCO9+7Zl1LRMGLBcZZQtrLObZsIkm7osU9JzaqiBgGQZQ5ICWYNyEX5uVwX5htgXlSAEBBZ1wwqjqewft+zqy6nLGkljslkIkozMpFmeRrFlk2msVwl02Dy/wCA5qrtONwwDh0+hF05lqUqCpgg+Fi9VgMOZ49R/EezlH0cwwooT2dSMHRLEESaznWVV6tNbgDYFZPTrU4/Xmzv8DwfIw3G13BdAF8Q20IpwOD0XOUUVAgBn6ugtClVp+z7vm1ZYZJ72KFmgABS3MLSG3VH1LIrgH1jIMkkG2gOev1+SD4nehDGNHAR5a2HIbiziT2DbZq5Rem8AJym5Qe+zjkws6IqlWoVq3V6fVpNeHwjnIB4AOU+g4NyPSGX8RBLPa9nGFwpMks3ay6iI+nIULPuYDgLjWlZHM91FrjtnLJpY6/X77c7Q0NDc/PtlAg6j8IYPYPpQinYhhGF4eNzo/0RR/aCC5/7pc/+uw2ky7V6vYk4yL59+04+aX2Wg+yzNANzx3WnkkW3qscJ2C55Tfhe36lYOCfHqfb60aIXXXvDfUVmnHnacMVSVMxzlpOxTBFHcadW4S98wdaZz9/8zx+/5q2ve9mhQ16YJLv3H77kJy646LyzOOP/8NHPj464r3rZxY7GgKExjIg+mbrarNW6Pa/b93D0wtCoNKcQN5xqfXBxcmFytmWZtSBlbn20009Hx5pocy1HCCGbm1+Yn18Io0RR6MkGIsuUFk2IvxAJ+SIhmv5ZguliufDi0l+MLbZ7hqkMDAxgCodegOFemO+NjFi2w3XhFI2PhbnZRURNHMdwcLVSNILCIfjf4kK360UaxclyhDdSfO5EAQaKzDZE4UxVE/UNRVwnThOaBcKWvhAI27acn3jJy5jU8dePFL2RkpKSkpKSkpKSkpKSkpJ6UqTr+mNNyRwZaHAyfVbEs+uM62ac5MK0GXsDy1LjOCzy1NI1rjDy6FAK8OOKY2qcGbZea9YUzZyba/W9MIziEBAoS4PId0BwTQvgkmWFwVXHMnWNVVy72ayBFkVxDChMqIkb4MEJZSACR4F6qgnZOygJ0FGegiRiK8fkrg0EnEeeD/RIbq1pEYaUsEyifFmCWAHk+wkoHXkvGI7rZjmlXudFalpmHEdYV2DcIsvI5jWj6musT6wTLaeyaEzRKPWXFXGaLrYXg9ADoqKUUmBuVbFMvnHj+qmpwwvzj61+taie9yPVLXwcw4oOFG4ieRwFGNpaxc2zlJI8s8ypVAaHhynLHai4SGt1t1avAMSB54Mmu45lkyEK+W5gShicF1kaR2GOzhQ2u0CTVcdkWejaWsU16lULrBMb5Vk+PzeP063U6lFC6aemZQNq246tk/k3ekFxK46mYaRT17arlcrw4ADiCv1+r1avAnwLtwmaeiCA5FCtqIahI0SgczbYqEyMDjiG0qxa9Yo1PNgwTd2wLAFmTduteH4AjuwYumvrmJuOZYTCd8VUMq8z26wZp526vt9bRC/WajVF2077pAAAEABJREFU4ZQQm6X9bidOUssEtdV0w2CPUT/6yF7+U2/ccNJ6x9LrtaqG89d003IOHDpsmk6KCapwRpcmQkAUv1GKHKeGwE8SZVEQcs0M/NigyAmuWuN7dz30nTt3L/aLfpQp3EjSmKWRoaSuqVS1/Kde/vyzTtnwjW98a3Zyfutpp568bl2RJOS7zLJu0ts32f74v35+36E5zLVcwSWpIXiAS8a1zYGak8QBIhMJ/h2GnY7vR8VCx7Ns68xTtxSa+vkvf+nWW79NruHc6PW93bv2PfjQrkMHJ+kCF5Y4ingiQTwbsWQwzkQ+fsmgSw8TAsc0OzHXsD6uOaPfj8cmJvCZ1Pd783OzjYo1NOiMDNUBismvPUsxScMo1LVibLherRhxEmEXiB31vbjVAX0mtM25srCIwFis6wrmLcIVOCzaQnZA+ATIyeUcVzc+QBDDMHSTquIxpdpovvZ1b2RSx18SQEtJSUlJSUlJSUlJSUlJPS1lPEaO5ojifkkYg9tGSdz3iAtnVNNPTcnEOTKAbETZQEeYaJDTr0ZZqZVqRTfNOMv27zvc6QVpqoRJplLVQZ/oEoFEBbgTqJGlSRL7IMjAgo5N6a7tdjtKM91ywZ9yrKiB/TLyE2D0FDyokyK4lGMaoM8mB2VkRItxdroBtEmF0BgIcllSDjiJgZKvW7d2/fr1CdXE04UBdEreuawQZIkshkGdSjMH7Bp8NibbjjQtGJAXduh5UT8MU+G1K8i1EoVRWTsRCBDoavOmjZrGGo1K6Whx/EbkCdkJwgVJEoK7jY+PgJsrCgbCGhkdHhoe2rlzx0M7HiLwlsUjZJes5XkEAF3kCdYvKIM1AXcGmkPPgd8HvifSQ6nzojBwLb3qGPWKDQBdrRKqrjg2YHbohxMTq6u1OnlksMKwbEQjmgODnu93e12sTUOsa4gggB1jYBDRQBPqtRqgH0IHNqaXZXR7nYWFhU6nY1LKPOOqOjQ4gAlgcrZmbGh8ZKDuWiCHvt/rdto4jqIZmCsL7Y4XBAsLc37Qr1Vdx7F27NrZD0Ig3LGhAVMvbBuTMXVdEy0BrAXe5RhEJecGgdEgDCuu+zgKxz0hI/uLv/JuHJxSggnUcsQBFlv9nbv2atyKKFtfz/PSFgZdSsnNmzdOoA+SKEF8gUoHpjSSfhjXB8b82Lnl9gdVq9Hux9zgVIlP05VMKSK/oacvfdGZl132E922t+Wk4fFBZ25qxuTGvv0HCs355V/5pXqz8U8f+8r0QpfbdcWsFCqny7DIq7ZTwfF0LQx9eq4hzlq9cHYBnZ8C+2ZF4mNRqqyaGEU3apre7yMIRHUpSyt2BJLQyDgmQ3hgaCLOy6GUI4nPlIFcgKOL5Gd6GkFTjSjw3EoFCzutlsKygYa1eqxuYbyEhzQOhIkHoG2ZKoJTuk5tZZrq+/HsfIeCUhQdIOtzSnYG0kbPqqX1M3oS+FvJKNxWxBHFpcrPOjRP2NTzX3nn/2ZSJ0QSQEtJSUlJSUlJSUlJSUlJPS1Ffr2PhYu1O/0cJCunSoP4JyBMWfYM+3Eda6DZoBeuC+rqB16v3wWcrQDXVaqWU+370b337cAeMvLcyEzdDDwfmBoojcrIxbFtmBmlJDMwoEoFcLIG1uR5fkpZh0SBk9JZgjIlxUP62RKWElnMmm7olmUyAaWExTN5eogH58tn8HUqS0ecK8M5d7s9yLJtACaCcjE9/g/giJbjnwWlSEcZJVAneJ1mZNOREoxW0tKWmGBeTnBdIUwW+H5BxRJtQ9gf04P5tgUwCpj9mEilIayR2Y+sxzqscQT422wMDHDOO52e41ZWrVkzMzP7zW/eMjk5ZaKbHAswmsrB5YDvHvp1YKCJ3sDZpWS/klcqFVOY+TpOhYlk1TiO6vU61gTBNS0DfFDTuO04QRCiZ2zbRj+2FlsYefQYeh7TKCQoqdog1BmVlMQ5OLaDoziOjf0AU/Z6XTovkZod+j55dZsWNk/Jn6Egr40gBDA0DLONKIeHA3UBHzEuFk4BUFtlURCkceQjcJIVo8OjOHav7xmmHSXJ6MRE3/Ndu5qnLM2Y54c4kcnpKU6u4ugYbpgGlZskjwhVVFZ8DHqiRvbll7/hJS9/PXo8jMLFVntufgH4vtPzJ6emLcoEp7xelSsZI7PiokhAzk/ZuKpWsdA9tqkZOheuJoYXRo2hET/OPvel67y46IXAz5WMmYpqktWJgSs70M34VS8/ff3awU0b1+zd14qTbOeOvX6/h5jEq1592Ssvf24/SD/7+Rs6XpQyI8oUH2EihWH4arU6+iqmoY0BdDvd7sLC4tzsLK6LCy541gXPPgMjdfjQwU6nTZYa9JABiRKNhUWJiPoQDyZLeJETLUb4KAsOQaULkRCNfyEMluZ6QknYKWZXo+aQDRDXMMSYRZhXBUJimlq1NINcsBMyfqY6lsUiFSbNmaqUUFt4dQB5E2Iu91yIoxHCBpkWbvH4kMFkyIuMpm2WvuGNb33d69/EpE6IJICWkpKSkpKSkpKSkpKSknq6Cnjwh4eVlEqcFYqmF4paGg2DEg3U61SrzrTyLNW5Qd7KxH9zphVO1QLfqTWaM3Oth3YeDEJm2pU0Z7pphzFhJqAo03IAqoB4gH3QFhzEdVzwPhCeufl53wtKu12wINBkkOJc5HKCCacC9VItQa4Kw1ZyHwA4AokCcKQCg4IgKcpSBTOsIaqOgSQp3W633abkR2E1QXXMiH6qZEELWilyouOMyGpeMmiAO6pBJoiYMAfI0d5MVLyjgm8Kj6ME0K3ZbI4MD5926pbDhye73f78/PwP37dYE2PBniA9pmEdHBp0qxWcjQ8SPTSMwbz9zm13bLs7CCO3UgNlrlaqIfloU8XJRqMBItxqEztut9vo3tHRUeBdt+Kih+I4oV7N86HBIUV0NqAt2DRFERSl7/X7/d6qVRNgiwsLC8DzBPfJ1JvGEQSxWqlxTac5JvxMgihUCSEb9UYN7ex2O4roKLSnXmsQ2rYtBDhsy04yHLTwwygGzu56C/OLfT8At4zCBKOGEAhwpMoK8EPMG8vQAdARg8AJzi60TMcpbR+ag0O65fphdvDQlKZbBYUw9PmFhQH0T6WCKYJpAk6KbqDZ9UPriR3Zd175gRe//LV9xHOSGPtFx+HvTq83NT1t2ZbKKX+fTFEYQHmmqanr8LPOOKnm8iTyqWggFdErer4/ODzu1ofWbTj12htu7sdaP1IKs5pkCgUUMmybVqxs9URtsK6PDLleL5udXdy9a99Q0/nXT37xv/7rhpM3bTo8u/i9bbv/3z998cBcWzMqOl3aFKLApVKv1oSVcxGF0cJ8C/R5amqqTFTv97oPPXh/p9MKQ1/RyDJa1Pksa4gygZeJ9+MiLZ03Sjx9JP25RMNpptFbwsadYiCFYTm9Xh9XZ71eVckdowCupjRm8nUvLMsYHx/QVHJ2pllcKKDPUZyAxjP6YFEEuy84ELNGuc30PMTyZwUTHiDoFcQQgLMTwuz0SfKGN/3c7/7+HzOpEyUJoKWkpKSkpKSkpKSkpKSknsaiFFXL+mGMg4EF4zQBhwOF0Qj6aiJ3OSLXYzJbsC0QsZwIlmHwikv5xc3BxoFDk/sPTseJEkSF58eFwgNRtzCjZOoi8H0ASjQA1Am8d2BgYHBwANhofmERRAmHAJGibEOQM0qXLEpWWFYfK21hycODklQpFzsn9wxwQ45NwjjOqW6hCowUA03GCeVEA23HCf4GrSupFkB2pVKh+oGOA8aEsyPwXIin74UPgCaeyMdrcttQFLRTtFYtNzctU6f8ViPwg8mpw+jMIAjThLgn1Gq1/ttexc6xwyeQUZb64YfVtE1hpZKhHxbb7Yd27m63eq5TqzcGwJXL3o7JG1evVQAWNc/zCNExxXEq9UbD83zfD+fn5hUyZonACBv1BheVJJmAd5gj6IwoDDBbsFNg3yxPK9Uqet4SaekYC1BayqzPEiyvuJQ2j14V/V9Uq9WFxYVKtVIXoQ7XdkRRwT64cxSEJX4NgiAnhEjgenJ62nawuQmSiQbEmApZpoqKcmkcVyvOKSef1Bxo+EH44I7d84vtTpcMiIHQMeDTM/N79x/qewTSs4IlWQq+OTkDtmsbaCXxbgcM/Ycs83icRva3f+/P3vfHf7t6zUmUGiyuBM51nM7kzIxGRtNGmiUUsmEUKWnWXctQT94w2mxYwOYqVRDNMQReGI6vWqdZteGJDf/xuesPzfVa3ThnZRAoT+MAoRxbB7H2sfkF54/MzMwdmk5f+NwLf/4tr5g8RJGVXQfmTjtz86Yt66/+9I079h4oBBouo0RgvJgDtuPkxKBDsP6FxUXEeGZmp9EGjDM+HxCNYMuXsFomHTNhpyOgM80lMhPPy9cr/bkEoEVgSREfA+DIYZIcPHBoanpu1arxPCVbGDIxR2iKFTjfPEdgTKlWbbzAZwQ+czq9/kLLJ8cNMvQp6TP583DqH1pQpmPjssaFzUWwAS/KtuH94ZGxP/ijP//99/9fJnUC9SNV8JR6mPZdE572Vcx75ar3Wu+cOOat6z4SvOYe9qhvSUlJSUlJSUlJSUlJSUn9KNKXrJBLP4N8xXH1Yer2+8BbhfA+BuACggbNggCewaFTorF2xBTygLb0WtXFCrv27Gm1/DAswgzoBjyRgGCaZsC4wNiUeiiewVeIFBdDg4OAQkHokzwfIAhYKEszhUqucTSPUiNF+mHJoUCE6Zl4ctogwIj9xHFoOy7wYS6yn5ngj4yIEtd0DhbY6/Vsm/Kjk5Rylr1ewHVe5rQCOcVJgj3jQOXJ01Eo4TlNo9RYXo2SNDUC06BUOGlsgq7DwoS2ZWEY7N6zyBllUmOHzvfhv8qSja+KM3pCzBl+lGEFUAaDc6uVPXv2Ts3Maaqhg5kqgPo6ek7XzV6/b5nkJYLB8no9jQxPTDQfHbK42MLaGCzA2Xan4zoOpYtmwtuZ4H6CfwLihYGfi5RSNKXdajmO7Qd+rVanfFKVnLkz4bEgUHYELIihabXaANDN5kAURZgNCwtzjm1HcYT9zM3Mj4yMYsxBqxcXFwEKAf2jxAfWFDmrWqfbFenqjEAy04TVg5IllDbfbAzjb78XoEl4F80O46TmVjEmswsLQRj3vSBI8v58r1D0nOxc0opTPXTo0JbNm/fv3489ow+73e736/MTM7Kveu0b8eeL//mvt9x43a6H7p0+fEDFWbf64KkT4yNJHJkGR5diAF3HZuRooegnmTv3zSmMjIzpKvODtEjrdZep1oZTttz6vXvP3rLmjJNXpUlk2zpanyaxYZh4GaTZC5733NnFwHWLBx/Y/urLXvo/rriMa+rk7PQLn3vB1rNPi7LiazfevnHNeNXGRcYpIkVMmRuargQIXaTNZg1UenL3bjHUTFjlFODyiCohmFXGSJZmplKItGNi0EwERQhqa+WTB8LznYC1JkxQcDFystPgepqxA4cXVk8MOJZVJAe+cgcAABAASURBVAHWLeuN0rZMRRQBa6bCNQibpUnWWvTEZwLaqFFtQZql+IBgGsWc6FEJMoOmJypKS5BMlCjUR0dHN512xotedMnrrvgfTOqES3nUDy+px6dlAM22vEy/8/Kj4X78c2/PrqYXEkBL/TgKkVImJSUlJSUlJSUlJSUlJSUl9QzS4yho+bTWmWeeyR6XpAXHEy5lyzB78I5s39HLJou7QaWHFSYlJSUlJSUlJSUlJSUlJSUlJSUl9WMjCaCfeL3lXIXNFddMHlmy77biQaa85dxHrHpb6Lw9WP4TXnfkjfjnsOQj8XUfedR3paSkpKSkpKSkpKSkpKSkpKSkpKSeBpIA+jjofPUKVnzithVL+/SaOwp2lnr5sWvtuyZ0Plpc8Tbb/wj9+dxZxWveHv7lUdia3ZN96jzx7nvVLax4zfuifUxKSkpKSkpKSkpKSkpKSkpKSkpK6mkjCaCPh4w3nHWUC8dk9ok5dsV5xjGrTEav/Wqx5WX6x85fWnDp2zVg6yuviY+sM6z+bvnuhHnVWYzNFQ8xKSkpKSkpKSkpKSkpKSkpKSkpKamnjSSAPi669LwjLhyl/8Ybzj9mhSVTjvOPLlRI2Jrdkx+x2hhX1i+/3DxB/tEPTjIpKSkpKSkpKSkpKSkpKSkpKSkpqaeLOJM6HjpfveKj2SduS995ORP+G9qlgM5Hvf/QZIG/r3x/cOUjNgVlvnSCSUlJSUlJSUlJSUlJSUlJSUlJSUk93SUB9HGS8YazgqvvyPadz8h/41XGw96mjOZ72FXvtd4pWbOUlJSUlJSUlJSUlJSUlJSUlJTUM1TSguN4qXTh+P1rHsV/A1p/vrLlmEKFUlJSUlJSUlJSUlJSUlJSUlJSUlLPNEkAfdx0vnoFK66+p2BnqZc+8t0J87MvUx78avJzty0t2HdN6Lw9cN4eXsekpKSkpKSkpKSkpKSkpKSkpKSkpJ4JkhYcx0/CheMedsV5xqO+vf5yy58InY8GV3+0XKBc9V5bOnJISUlJSUlJSUlJSUlJSUlJSUlJPWOkFEXBpKSkpI6nwjBkUlJSUlJSUlJSUlJSUlJSUs8gWZbFfpx05plnssclmQEtJSUlJSUlJSUlJSUlJSUlJSUlJSV1XCQBtJSUlJSUlJSUlJSUlJSUlJSUlJSU1HGRBNBSUlJSUlJSUlJSUlJSUlJSUlJSUlLHRRJAS0lJSUlJSUlJSUlJSUlJSUlJSUlJHRdJAC0lJSUlJSUlJSUlJSUlJSUlJSUlJXVcJAG0lJSUlJSUlJSUlJSUlJSUlJSUlJTUcZHKpKSkpI6zVFV+1EhJSUlJSUlJSUlJSUlJST1zJFnHDy/ZU1JSUsddnMuHLaSkpKSkpKSkpKSkpKSkpJ45kqzjh5cE0FJSUsddiAoahiFjg1JSUlJSUlJSUlJSUlJSUk93ScrxWCVRvZSU1IlQ+enMpKSkpKSkpKSkpKSkpKSkpKR+nCQBtJSUlJSUlJSUlJSUlJSUlJSUlJSU1HGRBNBSUlJSUlJSUlJSUlJSUlJSUlJSUlLHRRJAS0lJSUlJSUlJSUlJSUlJSUlJSUlJHRdJAC0lJSUlJSUlJSUlJSUlJSUlJSUlJXVcJAG0lJSUlJSUlJSUlJSUlJSUlJSUlJTUcZEE0FJSUlJSUlJSUlJSUlJSUlJSUlJSUsdFEkBLSUlJSUlJSUlJSUlJSUlJSUlJSUkdF0kALSUlJSUlJSUlJSUlJSUlJSUlJSUldVwkAbSUlJSUlJSUlJSUlJSUlJSUlJSUlNRxkQTQUlJSUlJSUlJSUlJSUlJSUlJSUlJSx0USQEtJSUlJSUlJSUlJSUn9/+z9C5gc1Z3neZ+IvGdV6YrAFAhkWYBaBtkDaEzPztuSmzVSe9cS8ngsvLteBhncqD0vMO3pHaS3wU9Dj0Q/054xfteW28ZiWE+vLQ+NLDzjluyHsejZ6bZHmDZqUAsQWCBTIJUudc17Ruz/nIjMjMzKqsrKyqzr94NcrsqMjMvJyMyIX5z8HwAAgLYggAYAAAAAAAAAtAUBNAAAAAAAAACgLWyF1jl1MJPckXm8J3BTT/bGHenSjbm75PeHs6dGe/xReXj6rqMKAAAAAAAAAOYAekC3k6TPjzonltnHH4mt0H+6LykAAAAAAAAAmC8IoNsnd5ekz8o64KXPojv24l4FAAAAAAAAAPMEAXSbFB5/uLhfWXseim+s3Ji7a0dx/9pQakfUv+FoJrnP9X+X22+umsXhvemtx1Tl3vKjAAAAAAAAAGA2IIBui8N78zt7dfp8f/eo05w6mFlzyF29KfLilrD3ZyWM9tNn68Bek1/rUh7F5N4cGTQAAAAAAACAWYRBCFvvqW/onsvbto+VPiuV+6NDrlob8tJnsWJL/MDa8r2FE+8qtdb2e0/r2h2J1M3qsAIAAAAAAACAWYMAuuXcE70NTHXU2a/UtpurejRvvNkq/RrecpOljhVvPFio3L0uulEBAAAAAAAAwKxBCY6Ws/Y8ZP/y0eL+fWmlEk+uqz/RqZ5x5rJiSzzVnUnuyycP5b3Z+uU4AAAAAAAAAGCWoAd0O0Sf3BvappRk0FVdmANWdDcwm3Xx1N6E+Sdzc7fuyFCCAwAAAAAAAMAsQgDdJpJBR/YsUycO5etn0OtsnVC/kAvedviF8iCEubt2pJN7c5W5bbeUcr93VAEAAAAAAADAbEEA3T7h+x8ZI4OOfmlTVZXnUwczW4/V3ntXKXE22bR1xzoFAAAAAAAAALMFNaDbSjJopR7O7zyUTx4q7HmoKu6vrfK8zD6+Xa3Z55bvPa4ya/al9+/zbqAGNAAAAAAAAIBZxnJdVwEAAAAAAAAAMIobbrhBNYUe0AAAAAAAAACAtiCABgAAAAAAAAC0BQE0AAAAAAAAAKAtCKABAAAAAAAAAG1BAA0AwEznlLhG+XbLsEsUAAAAAAAzDAE0AAAzlGTNRSMYOtdMICSYViaMDhnyiwIAAAAAYGYggAYAYMaRWLlQKEj0PNGHCMmgw+EwMTQAAAAAYCYggAYAYGaR3Dmfz6tmeZ2mI5GIJNEKAAAAAIBpRQANAMAMItHzhDo+jzEfx3EkhlYAAAAAAEwfAmgAAGaKXC7nFXRuCa94dDQaVQAAAAAATBNbAQCAGaC16bNHZiizVQAAAAAATBMCaAAApp9XMUO1gcx2MhWlAQAAAACYDAJoAACmmTdsoGqbds8fAAAAAIDREEADADCdXNedgh7KsghZkAIAAAAAYGoRQAMAMJ0KhYKaElO2IAAAAAAAysIKAABME9d1xy6Okcmr7/xMvfi2+06fSkTUJ9Za/8tHlG359/7dO+rwK+roKXdZl7rxKmvrP1CLk6POShYUDocty1IAAAAAAEwViy/kAgAwXQrGaPe+0qNu/7p7frjqxk0fVE/+M2s4q/7gL9wDf1t1V2dM/d93W/941WjzU2FDAQAAAAAwQTfccINqCiU4AACYNmN0f+5Pq09/U6fP/+RG9Vd/YL3zJ9YPfs9adak69Ir6zBPutm/p9HnlJeov77Ne/ENr91br2svUUFbf1TvUzOKq5e7akU6W/+3NqSmVu6uyxMLjD6eTD2dP1Z3waEZW78aDs6i0iGnYqW5PAAAAAJhOBNAA2u/UN9Z3j+63v/F29eRvf7168vueGzHHt7/x28Ep1n/jlGpqmhrPfaFqwV94ro3TzDze0xRo7efu617/9bdVM8ot0EizN630FI/YhWYLx3HG+B7SV55z3+1XWz6svvVZ6/pulYiq37pG/eQB6+ql6sir6hdvqWVd6kf3WR95v1qxVN37Wzqk/ser1HBWPf7cqPOUxclC1dh0qlvcvzaU2psw/0LbjhWTOzKH1ZToyd4oS29s2lM9CgAAAAAwwxFAA5hRdKR4yx+/XnXb05+tynB/ItnmLY+cCE7x+iP/qDqnbmSamgXr1PuzB6puOyALDiawrZqmPK3OT2dsePqTL3z2adUU2a6aFkB9Y2fBf/Gi/vml/7mqZPPChPrP/9z6Xz+i/tk/Uke+aF3aVbkrGlJ/8kk98bMvqaYXKg6/IPm1dWBHtDzjJ7fLbN2dM6+j8YotcYnIX9xCUREAAAAAmLkIoAG034p7n+8Z4amt/r3XX3NVecqf/ImfGn/qO95UP/vDa8zfBx7xA9znvnCnl21u9afo+dnDq80NT3/2Cz9RDU9T7dQ3Puul3qsf/pn/kO946/f6H3/W78Pbqmnmvtf/7kS5BZ6/d4XCaMbOgn99US3p0L2ba3QvUv//O6x/+0+tyxfW3vUbl6uuuH5g0wtVqnDi3RG3rdM57zPrKjcc3juyQIdXtaOqo/Spg7pExl1Hx3hUFT39o45+D9B9rqunMdU2zL/M4z1VNzY+/3Gm0Z2v03WWEtgW/1+gJIi5XSau3vyqWVXWsN7cpqprOQAAAABMEwJoANPi7W/s8TLiax7+/VtH3r31E/6NV338M9cEH/b1R/xo+amvlR521b3/xQ95D/zwuQanqfHcv33kdW9l9t1bSsNv/dpfP2wW/fp3f/R2C6eZkOfu86pY+LUmKun5T74wRnUR86iRBUy8mVTXAzHzGdE72xTQMCH+6398S7DGxShzrlm06f584pFbqsqPVFdEqer3XV4xr3DHyKodNdVU6pU0CTTIiM0Z9+HVE9RuVwNLb9bY4wAvTqoLwyrfYNFm491+NZhRC+Kq6YUqFb7/E7q/89YRZZdXdHsdjXVR5q3HrANegY6H7NUSFusk1+8o/b1K2Fo4+AtXLbO/tG7Eo7yyHiMXsSWuZyi/eQVAyr2we501L9j+A5W789E6oa0ky/XWquFpjursW22KeIVHjm9SOx+tirbXHFJ7HiqtvKxP1crLKjl36LviG+vMytq/r7pQ9bHiJ1XYX4d6TQ0AAAAAcwkBNIDpUOnp/HBVD9mPfbImJn77R9/1It3PfPyqwHTX3BCMpeVPr4Pzy6+/PbFpalx/zYrAXyuuud78/+snXm/DNBPw3e1V5UR0yHtnsMSFri5SSl11WlpVOuPpz7aoysck5qyrS1dXRNHxdE3Q/PIj9Qt3SCpdU03lwGdrHitzCzSIhOaVpH7kok1FlOoov3qCqpIvDSx9EsbOgj96nf75f/5UNe6P/7Oe4Sc+pJpeqLbOpMCSsY7o7av1FJ/qVas3hTd6f3aH7lwmiaqjE+F19jal9r+Qq5ryptAK3eG3sLPX2vNQ3H+Ul1b3On90VDWmXBIk+qVNuszIidrqz6bj9lq7tFaxFyXevVkdbnSa3F37XEm9y9U8VmwJ71mm9v/Q2/bc947pB97f7a/8HWslE3cPBtZh2/bypo2cVfzAWnXiUKGyMsvsZ7x7u2N7zKxeVQAAAAAwZxFAt1jVV3RHfIG3Xcx3kG8cvzqn7oBWHSXk7hrlS8pAO43R/bnUX1iHgJpXD3rrU3OmkkNwfEKTbPo9hcfoXfv66yf8WiJf+5iuMW1S4HJ1kZ6muu0LAAAQAElEQVQe02J+iQ8v2f9U+U5Te+TEI3/ykwmt5K1fK9VIueYPTSGN/3LvVY3N+davlqqO+CU4vnarbPI/Mh3DK4/t+c6nlMnNg9v7+uuqTtWOUn/20vaO0p1861NVdV0O7PGS8dKiZU/766qKKAfu9ELkUrWW2pIpBz5733ONL71N/sX/aIVs9eh/dp9+saHp//1fq+8eVbGw+v3/0VKT5IWzXhddP4kudTo2dwXKLodXX15+mElmjzneZ9+po+4JZd25LlzqCm1t6Q4soiatHtsy67rSryv0TNxfvlMzRXjLTZY6Vqz6KFwX3djgNEed/RIi3xytndhPmaNPBrtjK3Vdd00LWx++ovRrnVmpjTukMcPXlQ8JLrdWVM/qBKMpAgAAAJi7CKBbSMe7ga/o+l/gvbH9ozadau7EVVeoLO5XwJQbrfuzUapiUaWUJ85TgVoib//o6ddNnPq1SnK/4t7ndfAaSEUrvbyvuve/6OD0X13TovZrYs4/eUZnuJLwfrWyypJTmwz6wDOV/DpYt2Sk0pSleuLf+Xjw3q2f/Jj5/4/9K7/Yd3DRVRcwqiui+BNUl0zxUuynHwl0cx576e3ywW61Z6tOJ+/9D+6hV8aZ+C9eVL//H3XX5j/9p9b7L1Et4yXRtZUivHrH/r+txyqTb7xZV+F46mihOnR2ftlrymgEHpX0PoDedU+p1tDlO7ZbJw7lx6itPNo03sfo/n3B1ZMPdDeQdJsruFV31Tf6J3J4RbcCAAAAgHmIgeNbp/St5NJXdM0XeH+R33mocHhLeKNqI31GvUUBs8SY1Z9/8gW/yMOnvtNj8sq3v75ed4I+8chnv/7x53/vKjXr6c7FX/N/f/sbv33LI+rhn/2Xe8fcsGAtETO+n6m58ciI6V5/+kdv/xdJYA88ontVl++XtFriV1nC5DLoj40x57G8/frLetJPfbxmuls/sVU9fUAH2l52XFO3pOSq33t46x/r0hwH7uwuV9nY+lTP1z4W2KLV1dVWxIm/k5z+9R/6e1rV3aYiyuumub53vTdB3fZ8XWZx71hLnwp3/2OVL1r/vx+4/+xJd//nrfXX1p/sJ8fVvX+uI9F/fbv1v/5D1Xq6UoQEzbpSxIqjmeQ+Xdn5+COxFeZOU1i5NOW68J4f5nf+onhqnZLPxG3bvWnsDy+TuLnykHZZF0/5IyVKRF7cuiNzYG98YyPTmA/ubdsTT66rN1u5XquHRrTKczt1MCPXm+siZQYAAACAGvSAbp133BO1N4Xvf6TyrVtTnSPzeE+w49iI/llHqyp4jH1vpb6Huf2uQCVNiQMqU9YrsqFXRp9O66GQzDSZu0Ys0ZvJXY0W6AQaM3b3Zz8x3PqdUm/Zq37vO16fVp2uKoxLd0z+2R8GA1edrn5hYiU4pm7ODdTF1pG96S5dIXFw3SEQW8v09m7v0i1r/FoZO9arP7hN5Yrqjm+5L7xVZ4K/fkN9dp9bdHT6LBNPeqHeh1RNCSlTPdnUwTj8giTd1p57R4uS/coVf3RQ19+4Y13VjQcb+b5Ot/Uh1QSz2pXPu5EjIo45zZj1QEwtkWCV5zHVm5X5PJ2qqlwAAAAAMMMQQLfOOj1g0YlD+RGJbfBbt+7OR4tqu1+j48Bad2vgjFSHwvvcbQ3fu/PRuumw/prw1mPWgXL5TomYR2TQutO0/kq1UmtDerIdcTOsU/Bc3Yy5tMz+Ut3uYECTRnZ/1kPbaRNL9HTv1Ko/vVD7+muuanAaPTadKbpclZ++/PqpwF+nTN9dWdfV17RhmuZ4QymWKxpXK/Wkvur3nq/caApKlAd1rFm3t/1Va9SYcx7lIWYIxpHXD7yLDVs/catqgCktHag9LZ5+Ztw9Rney1qr3hPLT8amP3+FPUL89yz3u6y5dtUIjAbTY+Ts6Wc4W1Na97ivVIeYvT6t/+k1X4mkJqRtJnxtYaPTJvaFt+tOqcknSDCHoDycYKLJhHM0ES3CIFeus1crdf8ytDPfnj+kXnGepokWdS6T2h5c1UZrDDE54rFj+WPSC8jvWNTiNCaOD5aH9K776U9hsUXBwxewnD40xkGPtrOTjW5oo+AUpAAAAAJhXCKBbSPd3PrC2UkSybt/h1Zsi5W/4btxhTvK/YapqmhPaOvceNGe8de6NSN69/4fBEQWNUiUQ/7S/O3TnMj0k1GE1jtoTbG8YpU+0+evSmG9Gdn8u32JK7pYSQ38IOKVLcHz2kUBwrAsyeFPcWR6/TiLsz/odp02a2cg05UrTXnXpW3/frwv8yPZysenK+HWfMdUjWjXN5Fz18U9dM2L4Pj/EX//1t9/+usnVf7tuyWw/Cg6u25+YMR6rcvtq5eB4zDmP6WOf1E/HiUduCVxjeO6+bm8oRb928+hkyu6qSwXeVtQruzHaoitDDqrap8OfINiepSsi3fohYyxdtYJtN/op/K9vt7b/D2o4qzZ/zX3tjH+j/HL71910TkfPElI3OKsGFioZtHzEyEXQcsljPbyBP/DguvjxTYEyyj+0DmyqXrT3uTNiTD/zEVmeZ36nso9Xj+xXmfJef+TDCQ2iIBdWZcXKH8HmQmxtn+Wxplmnr8uq8nb5V3zjOjXujr1oMmX/rkfdPdvHbO3qWVW1HgAAAADMP5brugptUK6JKamxd9rplYzc81A82AfKTGbJjVuOjnqvnB5fV++xWk/hVHfYq8g5WvHK8kw26h5n5pzfq8LpFbVcGyqf/wemrPodaBFT8linyV7tYHOTV+JZlW8sT1Nj63d6SsPu/eQL3XceqDP7UtnoBqYJLGW1X4I5sCZVrvnDn5V7wrZqmsaZoLbSXIEb1fibFli4P4dT31j/j0aM8VhqAf/eSjM+94VuP7U303z8R2PMuXqt9QNXB2pb111u5bHeOgee4pFzG3GraU/lb2xlWeXNL82t/qK9Os7mt1F2ldIEYyy9BWWgHcfJ5XKNT////Z775z9Xl3SqnzygA9CPfcU9N6QkmP7TTzWaPotoNNp48A0AAAAAgOeGG5rsjMUpaLts3OEVyqhblKPium4/NXi1xzUFOgK1m3f4EfaJHu/eeiR9rnNrsMx0uubL0WOt882lKhw92Z3yqMC3p4HJe+6+W0ZWfy73Vi7dqAsNe7UdKiQSDUaTH/tapRKCz5RQ+GogvRxnmqvu3ekvYuvOYNmK71QvWELMnmDO2KppJklXhKhuIklLK5tWW6lZll7KiFfc+3zNuq0eYwjEW79WtZQx5zw2vdzqp0OW2+Bj61Rh1k9lo+05ctHm6fhauef1yF1Fr1t5gsktfTwSBDdYhcPz1W16jEEJnTd/zf2f/k+dPn/2lomlz7I40mcAAAAAwFSiB3SbmV7GynSCbqIHdNmpg2Pdq4I9oM3valmpm/NEekCb5Lq4f23oeLcz1uKAlqrbyXcKFlvbSxeYDgWj8ekdV21/yn32Jf37P71JfeN/nVCCrcKGAgAAAABggugBPf30IIEjx1N6xz2h1Ie6y2f7gYGbNG+gP2tLtz9qU/W9FfXu9UZwytQUd/aGVNpzbwO1m7utD9XeFL1jrVLHimsOud5aAW136huPPF3VJ3pqvP31Rw4Euj8D0yUUCk1oettS3/7frYf+J+vh/9naO8H0uYnFAQAAAAAwSQTQLeMNbRQc+F53KN6n4+A7AqWZgxU5Du8t7i+Hxd2xZ8ywTuV7/UTbi5hH3Ht4b35nr9q2vbZGs1dGoxJVH82MXoLD/vAypd51TwUfvsX2vom++qbQCgW0mzci3NbvfPVWNZV+8gVdpvlT3/naeCPgAe0mEfJEQ+GQrf7F/6geuFWH0RN7YCg04cQaAAAAAIDJoQRHq3kVMMoCBS5KZTTC6hs6OzZGjPJX9XCrtghG9b2Vx1YPQmgWVJpsmX3gJnfrIVWnBIcqVeEIjJSovGl6GX4QAKaIfBBns1nVfrFYjAAaAAAAANCcpktwEEBPnXHqOM8QdQpDAwDaq1gs5vN51U6RSIT6GwAAAACAplEDGq1x6qguWr3tZtJnAJg6IUO1TbvnDwAAAADAaAigEZT7Iz38oP2ldQoAMJUikYhtt+VDWWYrM1cAAAAAAEwHSnAAADBT5HI5x3FU60j6HI3ypRYAAAAAwGRRggMAgFlPwuIW1sqQWZE+AwAAAACmV1gBAIAZw6vFMfkxCRl1EAAAAAAwExBAAwAws0hwLBl0oVAoFotq4uTh4XDYsiwFAAAAAMB0I4AGAGDGkfg4EolIjlw0GhmwQR4SMoieAQAAAAAzBwE0AAAzlETJYcMpcY3gBMIuUQAAAAAAzDAE0AAAzHTkywAAAACAWYoAGgAAAAAAAADQFgTQAAAAAAAAAIC2IIAGAAAAAAAAALQFATQAAAAAAAAAoC0IoAEAAAAAAAAAbUEADQAAAAAAAABoCwJoAAAAAAAAAEBbEEADAAAAAAAAANqCABoAAAAAAAAA0BYE0AAAAAAAAACAtiCABgAAAAAAAAC0BQE0AAAAAAAAAKAtCKABAAAAAAAAAG1BAN1Kpw5m1hxyq25aG0rtiDb8WLXnofj93QoAAAAAAAAA5gBbocWsPQ8lUnvNv+2WOlZMPpw9pQAAAAAAAABg3iGAbqd18QNrlep1D/YoAAAAAAAAAJhvKMEx1Q7vTW89VvqjToGOwuMP53f2er9bB/bGN8r/H80k97nVE+fu2lHcX54AAAAAAAAAAGYeekC309GMzpqXWVv8ss4SLkv6LKmxKdDxkL36WDG5Nxd4gLvz0fwvP+FX8Diw1t26I/N4j1LrwnuWKXXMOVyZs7NfqdWbwqTPAAAAAAAAAGYsAuiWkxA5ndxh/u1zdUnoe2MrvHt6ik/1BlLj7tCdNbGyzpQjT67zf9+4I7RN5vaN7CkV3nKTJXP+3lH/rsMvmDlvoQM7AAAAAAAAgJmLALrlAoMQml7Mkkff5QXH3bEX9yZerKTG4dWX1z72znXBTDl6R6mE9Iot9jal9r/gdZfOfe+YUmttuj8DAAAAAAAAmMkIoNvL9GJW+3+YPeXfkLtrR6l/9I5AMehRXNdtlX41YbTpLn3qoK6/se3mqAIAAAAAAACAGYwaDu1mf3hZcX+v+6pSK7yxBJfZxx/xi3JUDUhYz6s9utSG9/vGmy11zP3e0cKHf6Fn8qV1CphjHMfJGgXDNRQwC1lG2IgZtj2lV3xzuZy8lORn0eCl1Dh54kJGNBqVJ05+qqnFczdzTPvOAAAA6uJ4aRrN1aNlDvzajQC63Zxf9upxCK8rF24ul4Suw33qaOH+So0OU2qjPIbhOnvbvuL+fXkz/GBohQLmjkwmk0ql5FMkEolIYBePxyWt8yI8BcxC3uUTuaYil1KGh4f7+vrkICaZTMq+rdpJFpcy5BUkLyV5QZVfTQqN8Z44OZbN5/PpdFp+TxrSnqqdeO5moOnaGQAAQF0cL80Ec/VomQO/dqMd2+vw3qIul/EJHTqvMF2YKxHz0czI7s8n1fTLkAAAEABJREFUDuXv6g574xCaxwYD6+iXNmX2H3JHlIoGZjEJnQcHB+XNXeK5RYsWceiAucG7fOIdGylzNCOX6AcGBoaGhrq6umRvV60mLyKZvxwqycxlEXLpXqEpwb4P8qccg8rbVG9vbyKRWLBgQTt6svPczVhTvzMAAIC6OF6aOebq0TIHfu1m8VWFFjp1MLPmUE17Wnseit/fXW+CZfaBm9yth9SBvfGN/l1qz0P2Lx/VmbX3WO+uip7sjY86J9aGUjv4LgDmgr6+PnlPlzd0vt6CeUJiaO/ISS63qNZJpVL9/f0yW3k1cRWnHeRgSZ44eb9auHBhMplUrcNzN+u0b2cAAAB1cbw0883Vo2UO/Ea64YYbVFMIoGcTL7/etj3xJAWgMcsVCoWLFy/K1UWOITDfeAcxckV98eLFLfk+l1zIkVybb4dNAe97f3LBrFXXD3juZq+W7wwAAKAujpdmkbl6tMyBXxAB9HxQePzh/M7eEd2igdkmn8+fP38+btSd4JVXXjl58uQ777wjk0lU19zblOTakm4vXbr0iiuuWLVq1Qc/+EEFzBgZQ/bPSCSiJkFeI/Kzo6NDYaoMDw/LT3nu1OTw3M0BrdoZAABAXRwvzUZz9WiZAz8PAfQ8cDST3Oeu3hR5cQvX/TCLycXDc+fOSTQ8sgyu5HF/9Vd/9fOf/1yuLqpWk6umH/nIR37rt36r3aPAAQ3KZrNyfeWSSy5p+nq+HJPJhRa+Czb15D1KDp8mc/TJczdnTH5nAAAAdXG8NHvN1aNlDvwUATSA2aK3t9cbr7bm9hdeeOEv//Iv2xE9B8kH2O/8zu/cfPPNCpgB5KJLPp9ftmyZmri+vr5isUh/kOkyPDwcCoWa+xYez90cM5mdAQAA1MXx0mw3V4+WOfBrOoBmGEcAU0c+SOTNemT6fPDgwb/4i79od/qszBVLWZAsTgEzgLwW5BUhrws1QbIn53I5jsinkTS+PAVNvGvx3M09Te8MAACgLo6X5oC5erTMgV/TCKABTJGskUgkam7/3ve+97Of/UxNIVmcLFQBM4C8IryXRuMPcRynv7+fbyNOO3kK5ImQp6Pxh/DczVVN7AwAAKAujpfmjLl6tMyBX3MIoAFMkcHBQcnaLMsK3njw4MGXXnpJTTlZKP2gMRN4o2XKq6PxhwwMDMRiMcYBn3byFMgTIU9H4w/huZurmtgZAABAXRwvzRlz9WiZA7/m8JIGMBUymYxcIYxGo8EbX3jhhSnu+xwki77iiiuoB41pJ6+LjNHICJmFQiGdTlNtdoaQiwd9fX2dnZ2NHCXz3M1tE9oZAABAXRwvzTEtPFret2/fc889V9PvWILgu+66a/369fL7888//+STT9Z8tdS27VtvvXX79u2qpTjwawItBWAqpFIp+WwI3iJx21/+5V+qaSUrcP311zeS+s00p7952/rH1K6f/vjuqxXmAHl1yGukkV3ReynVfJMA00WeCO+5W7BgwbgT89zNbRPaGQAAQF0cL80xLTxa/tM//VPJEEbeLhGzF0A/9dRTf/VXfzVygr/9279teQDNgV8TKMEBoO3kKqVch6zp/iyfDU1U7t/whd3/7t/9u91f2FB162celNt+b315gge3NTY3WYG6H1EtcvqJTStXrrztibdUixw58lzwz5Mvn1Szz1tP3Lay2hePqNYwDb7pidPlG547cmS0yVY+UHOXZPojb5wy8uqQ10gjdcRGXsuZDY48MOoTPcZds4N36KkaMDufu6k0j3YGAABQF8dLc0+rjpa99PmKK674SElXV5fckk6nvQm8X+TG8gQycfmBLceB30QRQANoO0nWIpFIzZXMn//852rCNqy5Qo9hmFh1S4MR87iaWo3GvHX4+6/J/53c/dUjavJ0brv9B6W/ln/+x2+++eZXblWz1KoHn3/T89Ndqw5sb0fkpAPle34w+v3Pbp9JOZe8OuQ1Mu5QhLlcTq7wh0IhNUk1lwGCqX3r1Gb6r5wsL+X0c0eqlhi4a9aRp0OeFHlqxp5s8s/dkS/WXDipuSLVSiOW1T6njzxX/eTPg50BAADU1ejx0nMPBA5kJ9PdZ8RxyDjLMsv75uQPVeofxZkDsHrHYKV1eKCRY7/6XXBqTWXnm9YeLX/qU5/6bsmaNWtGTiA3lieQiVXbcOA3UQTQANpOYrWa0kivvPJKM1cLP3PLNQl15uwZpS57/2dUS8hqyMqoNjjy1d0n1ebNW5U68IMjCqO4+u5duol2t66feMMObG/F4WPLyGtk3AB65EupCfrQ9qO713zrzbJ9H9y9vsEj2iZt+Ios5tDdy0srsP7fnKx71yw1Zc9dRfUVqVnryAMr1+9+o/znfNkZAABAXY0cL5leJsd3/dQ/jn3+QbX7o80dx9Ych4xlc/nI+VubTz62flInEeMfxT37g+rNOfKjZ1VjxuuCM22m4Wh5SnDgNyEE0ADarlAo1HyWnDzZTPGIbSsuU+rMr/b8SifQK1rVB7rJlRnPkR8cUGrr7V/5+OaaYwgd/1WViXig6mp2VddU/3q+PpL4qMTZ6tl7Spe+9aOCV/uPPFC/F4C+/bZvPvFAK6/Yt1HtpXjTGnqdTStVrfzIWwKzeWLTyvWP6QbbXrcTgdi6b99WdfKxz40afAc7O5Sfr+qFmk4K5dY2T8EkuhLLa0ReKWNPIxfYJ3lYJi28/YA+hg52n9/w5TelNZ6957ZpuAwwJ8iT0kifDoYomQ8a2RkAAEBdDRwvnT78zEm1dVd5IJzln//2rmvVs//miSk6ybn1i7K4k499+Yhqj2s3b5bN+dGRwE36vHLVtavUbNbCo+Wnn376MyXHjx8fOYHcWJ5AJlbtxIHfhBBAA2g7idVsu+rd5p133lETtf73PnSpUmd/tV/t/9VZpS79kFf0efKaWZnxnP7mbrlOvfnjG9Stt+sEusFDIsk3P7pblcpTeNfzJe7UBTd+umtV6dp7beUNnYpuP14uavGtNd6jyveffOzl2/0ZrpIr9u3s6Dpxbz2xWyf1u8YZTdE71HvmcGmrTj/xb55V1+769ufr9pVcfvchvbHSYPtMg22oN9GGL+/brE7u/t06T41OlgMdK0wHYRPOeqvxqtdTwlxjUCe/763UWyfl8GfzHzTfeVNeI+MG0MVicXL1N458WXL5rftGFm+RDPrNN7+tDh/x/66bv5euEDzxzfJVkupwP3D5pPragKm7rWue6JheEnD1mu5zbeZcviu4iDr1wcdZ9Jg+8YlPfOlLX3Jdt+Z2ueWhhx7asmWLmhx5UuSpGXuaST93FXWuSGnBq1DBfkC1V6FMq3qV0GsbuZGFVx44otd81XNXdTGm6lH+vmHeuJ7Vb1DrSzc2uDN4kz3R3CbMhJ0BAADU1cDx0hsvv1ZTsEsf+b/5ZxtLf452rOIfZnhHFw/82xHHIf5x7MSrUtTrPzTamoxyFBd0/e2fXFX1DdrnfvCsWvXpT1bXmqgqDOKt8yhdcEZdvZr5jLXhkz98asnRsjdgu5y8/7xkcHBQbkkkEt4E3i9yY3kC70x/tJHep2a7UEYADaDt5B28pgD0+fPn1QRtuP5K+Tw5c2q//L7/1Bn5fLny+g2qFZpYmfGYK/Nq8+065ttw+1aJ275/ePy+pbWhquTOppfu2BfYR0Sxt36l5lGrHvziBn+GuyQNP/7G9HeC9g71NHMEppP6cSzfKIdi5WY09bVXfXLj5L6qv+Er39osSejnarpRm0x81YPfLmfiflSta3mb1fCOCPWx4OZdkul7sbgeEnLV9ZPomiCvkZFHPzXk+KbmWs7E6HVWq677wCh3L7/78xvUGPm779nvq29792yWA9xg9/DA5ZNvq8+ZI+AausaC7J+yxz5fp9iCd9y8Zl/pK5W7XtlefTQ8yqLH8zu/8zvf+c53fv/3fz94gOg4zv333//nf/7nH//4x9XkyJPSyCH1pJ67gDpXpMx3OY8HSqsfv6f+Vag3ZZ8/IK36OfVnlT8b/WKEXsr63R/cF1xKOfzVlVUeU6Xd5vldqrzbyNO6frfa9XzpUcr74uqtXzHPo18R/se1F5PG2xkOfL+ZTZgZOwMAAKirgeMl/wC+tnzc1cv1kcSYxyrage2fMweTX/n9EcchV68yEe/xk2OftT335d2vVU6vvAPgSmk70xPIrFjV8c/zD66SxFluH6dfkfGBjZ9eFfgGra6/ce2nNwaP32Wh9zxbrgqyb6skznKMVK8Lzijdm0ozenb7j25v5NB68odPLTla/pf/8l/+5m/+5keq/dZv/dadd97pTSC/yJ81E8hD5IFq+rYLZQTQANpuZABdHqm2Yd7wg2d+9V3z13d1FY7EFWs2qBaY+MqMxxt+cOvtG8xfG3QVjlI/2fEeVROqmn6p9TvwjvWoEXU/gkodeKdTZRDC0gHZuPmRSc/9ER1PH/7+SQl/Pz/pUrF+WF9ViMPMfNWnq1v09lIt7+UfWOMdmJ5+47g8xXfLAaKJxf1Dw6tV0xoJoEe+lJqw5gNjtttY+bun3PIbvijHuK+9bPan+pdPJsYc0G/+VnmHX373n8kB+rO7K/tG3UWP7/d+7/fuvffegwcP/vN//s+9Y0T5uWPHjv/0n/7Tfffd97u/+7tqcqbsuRuNrjgfvAp19d3f1l93qHMVyvtORuU7B1Wd+htYipzSfHlDcCl+Affa3UZOgUq7zVtvrPqzwMWGqzd+upEljrszNLUJambsDAAAoK6Gjpf0NWz/DKLmu1BjHat4Rv0CpfLHonjzx3W/l1lZ1j26O0fpTMEcAAe/XGhOLsyXX01P7Q+u8qbzBpD/4qrGrpebg6VSFQ5Tf6P6XO+Iuj0YXptTv7q5+bjdm8ptNc6h9eQPn1pytLx9+3bJhb9b7d//+3+/fr3/zWj5Rf6smUAeIg9U07ddKCOABtB2LXhfNsMPKnXZLf/Oc8tl8lfimltaNBRha5lDH2W6GZYPU9pZKWyW8wq3BcprjKacAnul3/x8f5I2fPn5XdfqQhyNxlc6v5PLCUdkHXRXYt1X4uTLJ0+ffKVyiNmctgaUQWN3gR87f687P3O8qw+yaw6OP3DdxDqEm/FVvO8NlHhh5aj7xnhdVAL+j//j/5Djy8OHD3/+85+Xa0733HPPT37yE7nlgQceULOeqQbjVTUpMd3PJ9A+jS6l+nW3XPfQ0VfX6u42+ixOzmqu3rDh6mB5kPWSLI+/sInuDFVfxR3HnN4ZAACYF7xIt/LtLt17d6xjFf/vZg/XNweH79560u/m7PU6Kp/0GabWnCS5pqe2f5f/VcLlVze48JrvXNYcYqkNt26oKlN2zyhDFE64e9NYh45z9fCJw8KpxHg4ANrOC6CD4VoikUilUo3PwRt+8Gf/4rH9gdselBhaD0W4X01OuWhUi3iHPvveLF97V/73pH7w3Fc2eHmKubwcOBQwpRt0vLJ7t8Qrn6/UJTjyRTmI2bxvjE7QdR81MruZTV+pwQAAABAASURBVPShz4ZA14Nyj119ef/Asz/4onr2NbX5Dzao1tA9K7//0d3bH9OLUt5x6mO75Tj17kr/iODh7Aeuv1Y9++oPXn7NOxZcLuHs9n/zueOTXqVGAuiRL6WJ0en5s8++Wr33tYQpgT3DyfGl4zjf/OY3f/M3f3NgYECOLOUW1QpT8dyNq+Y9Rzt9eiaMKvnWE7d9dPfJyup530idZtO7MwAAgLqaOV669SvPP3h8/WPfP/zWLjUl9LcDD2x/9kdHvnKf/nPVg8+PrCSmj8F0T+2vKO+E7qMrd6vaYcDH4J2PyMmj0l+y3KW/ZBmobGfOEFft+umbfmdtfaY5FUfikzl8asnR8r59+5577jlZh+CNsVjsrrvu8jpBP//8808++WQ2mw1OYNv2rbfeOlonaNX+7UIZPaABtF04HK75nFi6dKmagG3v94cfDPKGInz/NjVZE1yZ8Zgyu7VFjb2hCM0Xqbz6GKUvkntfjPJKNyy/+w+qShLLle3tB0rfnTdVyaoHRPbUPkoOQSqPmg1Of/Nzu0sX571OCuVqD97X6CpJuvmu/bMH9HHYF8c7ejO1MkatQ1LF+3Ze4M9d1XU5jnxx+7Nq1a77NngzNl0Snn22VHBDP6GvnTw56cRfXiPjjvscCoVqXkoTZL5ed2D7yAFPdN1nMwBLbT8Rc+fI7iS16vVOfePVk2pCKzeydExrin1XPPjgg3L0KUeW8rNVgaMyz924AwxO+rkbw2hd1Jcvn0RNmEaWUu74XHe3ecB8JdabpvTyaXhhc3pnAAAAdY1/vOQNqVddrdgc9p98+eRYxyqqHUb9elbVMZjpdPz8rmvrnsqNNednf/TAyPobpSPz8YZwH2X1zDH/xAdaLGn68KklR8t/+qd/+jd/8zc/r/ZXf/VXTz31lDeB/CJ/1kwgD5EHqunbLpQRQANoO4nVCoVC8JYrrrhCNWzbzlsuU+nX/7q2p/P+v349rS67ZedkI+gJrcx4jjxwT914NBD8ycXwb20ujcK3fvdrm/eVq6PKXWaErtKX6PWIXqUr6pWvcdWmh2YsrzXlYf3M8HE//nx7DrNapDIIoakVsPlbpRW++u4f/3TXqtIX2cy1/WDvbxP+qsZCKK8E2z0NHWN5ZUDK9GGiGULEX41Xdj0fqAdnsrbAN/i8orrXXv8BNSnyGmkkgJ7kMBde6beaotumG4Xyn4Vx8vdRZ1z38kldujRH3WE5vQsM95Sfr9NP/O7u1hT7DvjDP/zDZ555Rn6q1mlgxPZWj5FdfUVqw326PnJl6Jimh3Efk7+U8kg+bz3xucdO+uc/tbvN6Sc2+buNd05Yzqa9C04l+vsE9atqzOmdAQAA1DX+8ZKcLNSOIl45/xrrWKWO6uOQhg+fzLGx19/IPwBeX17ic6bqmKkH8kDV3Ey1OjmgUWP0KwoqdXmpk57r1Q7k7Gbzyw+r6oIzZvemZjV3+NSSo+VMJqPMyXt5gMGuri4VGNLJ+0VuLE/gnel7Dxxb+7YLZZTgANB2sVhseHg4eMuqVat+9rOfNfjw/Xv+Rf0qG89/fdfz/q//4rv+L0e+tuuImhhZGdUyG/yvWo2g65R9vvTHraNNZQ6q3ry7/l1Vj5LfG1nuhurpNoy+4KkyxgY2OMGoIZQe+jn4SJ0jf3n8yerfOIHnqDWtKgF0R0fH2NNEo9F8Pi8/1SToZrnvids+un7lY6WbrpWEvVLCRU/w8QdWmq8Kjrx3VPryyfWV2V67a9+D39/+WJ0Jddz/zHrJ93fLnA9tDN4jz8LGb94mVyf8G7bue/PQBtVqH/7wh1VLyXM37pPSkucuQF+Revae7SsPeF/nlH1y1QMrt68vPWn6csJki/A8u31loKSgrqEhS9n4xKbK8xNciuw2z1932/qRu83VcslNrbynsmPs2rq7VILDL4Ajq22+vhpc+lzeGQAAQF0NHS/VHHOqQCGyq8c6Vhmh5jhE58InRxQD9Dx7T/CoaNWun5b6pvgrow/JSnf5lTHkBOH2L66sHE1VypHVHMWNsnKmCsfJOoOcyzHS82rT+vKcNz+4a9Vj3y83zr6tz27Xa2uqONa2VaBwxyQ0cfjUwqPlT33qU/fff7/3+2c+85mf//znNROsWbPmu9/104HHDdWYNm0XyhixEUDbOY5z5syZRYsWBQskPfrooxMqA90myWTyoYceUpgdjkjE9mydWreznnwW9/X1XXbZZbY91jeTcrmcTLZgwQKFmWRgYEDe38Y++uS5myca2RkAAEBdHC/NVS05Wl5pLizcb3i3eAH0Rz7yES9xrvlTBQLoN6t7b7XK/Dzwu+GGG1RT6AENoO0kU4vFYvKJIj/LN8oHw09/+lM13WQ1FGaJ09/cXae+9pzgvTrGTp+V6Rcgl3P4qteMIk+HPCmN9OnguZvzGtwZAABAXRwvzUmtPVp++umny9+lPn68zuiLcqMk0d7vv/71r1XbcOA3UQTQAKZCMpmUy4PBAPq3fuu35Prk9HaClrWS1VCYJarKmMwt2Wy2wb4estPKxPJTYWZo/OnguZvzeH4BAJgkjpfmnlYdLcfj8Uwm844RvD2RSAR/GRwcrKnLIQ9UbcCOOlEE0OM7dTCz5lC5UIm156H4/d2qjY5m7lLxJ9d5f+Tu2lHcv8w+/khshWq1o5nkvmABFuvA3vhG1UamJVXbGxAzkrzpDw0N5XK58hVCueV3fud3/uIv/kJNH1mBNn0aAY2T14Vt2w3uinKU09vbK0dXwYI2mC6u607o4gHP3Rw2oZ0BAADUxfHSHNPCo+V/+S//5XPPPec4TvDGWCx25513er/LL3KvLC44gZxn3XrrZIdGGYkDvyYQQI+t8PjD+Z29EjonvMxUR6iPpp/aFHlxS1uazgu7t20v/d3jvqTaweTaSm3bnigl3erw3vTWHenVbds0oKurq6+vLxKJlD9Obr75Zrl62fhohK11yy23yAooYFrJsUs6nV60aFGD04fDYTkmk4dwvX0mkCdCng55UhqZmOdubpvQzgAAAOrieGmOaeHR8nZjjIevN9SU4MCvCbbCGHqKT/Wq1ZvC5R67K7aE9yxTJw4VDqsp0R17cW8i1eLuz5KqS/qsU/Vy+iw27kgc32SdOJS/66gC2iFmyDt18MYtW7Z86EMfUlNOFiqLVsB0k1eE99Jo/CFypV2utxcKBYVpJU/BRDs+8NzNVU3sDAAAoC6Ol+aMuXq0zIFfc0jrx/SOe0Kp1VU3he9/JHy/KpzqkXS4XFPC/uWjukOxMaKQRVWli6p7qx9u/bNl7r/v1bfv35fev8/rnmy6Kq8NpXZE/W7La0MHVHHrsbrL8vs1e3ft2W49tc854T82uD6FndWpetmKLfHUFnX4YPaUKkXePdkbH3VOlOdZWz3D6yHu/zGy93Sweonc+4yawGMxJy1atKi3tzeTyQSrDdxxxx1y8XAq+0HfcsstpM+YCeS1UCwWlyxZMqFH2ba9cOHCoaEhDnqmVyqVkidi3KEjg3ju5qomdgYAAFAXx0tzxlw9WubArzm015jWef2dR3YKDq+o5LDuzkeLansitVf/O7DW3boj83iPf58ksJI+byvde3yT2rojXT03ebhzh743/vVHdB9kZSpjyMTB7skVx4rfu9nM7SF7tXK3PixhsSFJsVcteq93r0mf683g8AuSCFt3rhs17d24pZQ+S3T+qKM2RbyVT21XOx9N33iwfCVK8u78TlVa4t7Qhw7lk+X1MTU9TDkRf9v39OQDpbRN+lx+7Hbd8zowZ8xlixcvltCtpjCTxMH/5J/8kyn4mpUsQhZE+oyZQF4F8lqQV4SaONmTo9Ho8PCwwjSRxpenoIl3LZ67uafpnQEAANTF8dIcMFePljnwaxoB9NjC9z8imbLukpzcof/VLU+xelOkHBZv3BHaJpnyN0wO25P95CE3eO+KLXEzt0ywgse27RMZ+m+Z/SVvbt2xPWuV6nVfNX8dPihxs3WgXKyjO/bMpro1+wsn3jXrPP4wgLm79rlqbajSMXld3NToKHjx+uG9utd2ZYkq+qRk4r3OJ70cuSe781hNy0QkzS9xftmrVt8UWlGas8TQz3Q7pxTmvnA4vHTp0nQ6LdFb8Pabb775D/7gDz760Y+26a1cZiszl0VQ9xkzgez/8iqQ10LThcO8stFy+V1hynnN3njl7ho8d3PJJHcGAABQF8dLs9pcPVrmwG8yCKDHt3FHuXezn0RX99Wt6U0cvcPkwgd71Kmj7okRfY033iy5sPu9SpBtffgKNQGXWytKv17XrSPmEzoOzn3vmFJr7WCQvWKdtbqB+ek+2jvS1f9MPn7U0aMU3lxVvsPM033qaKHuElV36M5l6sQviqdU3W0Pb7mpnInrVqrpWr5iXXSFwrwQiUQuueSSfD4vb9+uW+4Xr+Lx+G233fbQQw/9b//b/3bLLbcsX75cUuOmhz+WB8rDZSYyK5mhzFZmHiz9AUwL2edlz5f9X14F8lpQkyD5tcyNviFTTBpcml0aX00Cz93c0JKdAQAA1MXx0iw1V4+WOfCbJKruToBOok1lia2SnHaH65fI8HJhU6P51R5d7EJNgR73pZE3dlsfkni69tbw6svzqlfH1htNJ2iv7nNJpS7zqR414SUGjLvteszDg5k1ptq1tsw+3uKxFjGjhcPhZcuW9fX1DQwMJBKJaLTqUscHDQXMOblczht1cKJ1n0cjB0De60gutzAKc7sVCgW5eCDvVy3p9cBzN6u1dmcAAAB1cbw0u8zVo2UO/FqCHtATtnGLvVqpl3pGLVhsslfN66E8FUzWXGuUjNjrgm16MY+kK2N4VnRPfIkBjWy7zr73lupZ9zprAvWjMU8sMiSSkw+VbDYb7A0NzCWyb8seLvu57O3ebq9aR+bW2dk5ODhY85UCtJDXb10aWZq6hU8fz91s1KadAQAA1MXx0qwwV4+WOfBrIQLosfjlKfbmqm59xz2h1Ie6y5dfasJcU5timbWlO1iwosIbA/COUXpPrxi/NHNdpu7HMSdYWtoUwajHH1mx8PiIPs6nDuqyG6XJ7G1K7X+hatsDhTXqLFH1FJ8qVXaut+2Fg78ovV/oIRMDlUy8itWmbgnmm1gsdskllyxYsKBYLMrlzaGhoUwmIxcYHcfh8AKzl+y9sg/Lniz7s+zVsm/LHi77ueztss+rVksmk5dddplt27IgOUKSZSm0iDSmNKk0rDSvNHLLi9Tz3M0i7d4ZAABAXRwvzWRz9WiZA7+W4ysMY1mxJX5cZdYcKkpUWhqLzwzNV50gnwhU5PCG5ttzr6kmoXNVeXjlXkm0tx4bc9TBK3Rua7pXT+yp0f2yjzlbH876hSzM+IejTBu+/xGlHs7vfDT9y+2JciERXVrkmLVasmm/E3T0ye2Z/fsC235UtkWPqXi/Scn1cIs7ipUlSss86pxYZh/3JtZjJFbVKjm81y/uEbi38Pi6sJmbyaaX2VufzutRAAAQAElEQVSazN8x68UNCeyyhpdBu4YCZiHLCBsdHR0SOsuBi2onmb/XQcC7RC9/eksPhULye9O11Och7+KBHHEWDPldDjfl4kH7vvfHczdjTf3OAAAA6uJ4aeaYq0fLHPi1G+04Dl0mojuT3JdPHsr7N60NpXYE69Vaex4Kq2+kk/v8Pw/sreTLpYeXKh3rexMbx1heKbNOHirseSh+f+OBbHfsxb25u3YU1+xI6z8lCH7I/uSjjuquG3lIBh2+/2hwxcxD9sZelRi6HBOvi6euyN74aHnbZUsTgVWKPrm38OGH8/4SlZJsOrWlskfVVnleGzq+yVlzqHLvAVnWo+md5aVTA3rekw+PhKEANEUOjxYYuVxOruXIT7mcI0dRXMtpnBzChoxoNCqHuTUV6tuH524Gmq6dAQAA1MXx0kwwV4+WOfBrN4sX6mSckoD1kJpYUjxleiQ7dj4U6OMMAAAAAAAAAE244YYbVFOoAT1HeOWqK1WVSwUxvkT6DAAAAAAAAGCaUIJjjtC1PtYFy2WMLBUCAAAAAAAAAFOKEhwAAAAAAAAAgLE0XYKDHtAAAAAAAAAAgLYggAYAAAAAAAAAtAUBNAAAAAAAAACgLQigAQAAAAAAAABtQQANAAAAAAAAAGgLAmgAAAAAAAAAQFsQQAMAAAAAAAAA2oIAGgAAAAAAAADQFgTQAAAAAAAAAIC2IIAGAAAAAAAAALQFATQAAAAAAAAAoC0IoAEAAAAAAAAAbUEADQAAAAAAAABoCwJoAAAAAAAAAEBbEEADAAAAAAAAANqCABoAAAAAAAAA0BYE0AAAAAAAAACAtiCABgAAAAAAAAC0BQE0AAAAAAAAAKAtCKABAAAAAAAAAG1BAD0ppw5m1hxyq25aG0rtiKoWKc3f2vNQ/P7uqrsO701vPabq3jXG3A6ua3RiAAAAAAAAAJgkW2GyJAJOpPaaf9stdayYfDh7SrWW+9TRQvUtue8dUxMigfWaQwoAAAAAAAAApgwBdEutix9Yq1Sve7BHtY61epk68YviqeBtPe5LSq1eZikAAAAAAAAAmKkIoBvQk71xRzrp/8s8PsFw+fDe8mPTyb05c1vh8YdrZ3XqYEYmuPFgYeQc7rzJqgm1Tx11TyjrzptGTHo0kwys6mH/1txdO7x6He7OR6uWW2/dKg+RW4JrNfrEAAAAAAAAAFAHAfR4JNJ91FGbIl6RjeOblGS4dx0ddWKd8y6ztvh1lnXQvPWYdcAr0PGQvfpY0US34fs/YVUX1igc/IWp9bylXlXudfa2kROvtbdUT6XD4n3utu2J8qpu3eGtavTJvQndNduvFuKVga5et72RPe8WA5m1caz4SRWWe1/cEjYlp0duCAAAAAAAAACMigB6bLm79knUG3qxlAuv2BLes0zt/2GwyrPXrdj822dC5HtjK7x7eopP9arVm8IbvT+7Q3cuk1TX0SGvzpQDhTVqpqwVvWNt7cTbbq4e6rAn+8lD7upNkSfXqdKq6nog+/dVZ8olpw4WdvbqAQxLSwzf/0hIYu6twVh5mf2Mv+GFE+8qibxLGxJ7UWLom1XdOQMAAAAAAACAhwB6TEed/aom6g1vqS2IERiEUHc0ditdpE1Q+2KlU3N49eXlR0W/tKkyH7+kxrrwaCuy8ebaie9YVzVB3TnoRyn3e3X6a5s+1JWe2v4qSczt5+Oey60Vwa0+VqyqELIuOkpcDgAAAAAAAABaWGF0p0zgu39fev++2rt++Y7ky3UesnFHaNuO4v4fZr+0zusHnbtL/qwzoVqxzlp9yHnqaOH+Lc4fHZI42N7SrUa1zt62r2gmVqb+RkjC31OB+1/t0Z2vVaOcX/YqtUw1bsWWeKo7k9yXTx7KmxusA3vjBNAAAAAAAAAAxkAAPZYVJhHetj3x5LrGH2R/eFlxf6/7qjz8qC7KLMny8Uf8ohymknJpQl2Rw9n5i+Kpblf3s/5EqXBHfdE71qb3y8TrlK6/8Ylozd3XdVvqmJrYSqoJWhdP+e2gU/WtOzJk0AAAAAAAAADGQAmOMZlKzftfmNBoe17nYus6iZtfqC4JXcur5uGsMZWj7xgv4/aqcPzRwTr1N5TXn7pqoELNWwFvYp1Q1y46WEhE5L53LFDouYokzunAqIPRJ7ePVtwDAAAAAAAAAHwE0GMzSWuw9vHRjBlvMPN4T/0HHN5bLHdn9kowV0Lho5mt1Z2UV2zRAbdWP/atptNwd/8xt/7E3bFnNlknDuXvKoXCpw7qxW3b7ndSNr25XV05xF90eM8yd+ej5SEKC48/LGtuHdgRrbdsU7H6WLE882C0DQAAAAAAAAB1UYJjPOviqSuyNz5arn08siKHHnVwZ+VPa89D8fu7/cce78msOVR67DL7wCa19VDwsaawxjFrz5aoGp83cc2giBWlMs3litXWgb2JjYENOfBCequ+1yvfHL7/kfDqvemtO9L+BGtDqUdGXQ2Z+XGVWVM1c+pvAAAAAAAAABiL5bquwrQxQxQGikQDAAAAAAAAwExzww03qKbQA3paHXX2K7X6ptAKBQAAAAAAAABzDQH0NCo8/kMzSuEWngUAAAAAAAAAcxAlOAAAAAAAAAAAY6EEBwAAAAAAAABgZrEVAEyNU99Y313H+q+/rabc21/31+ULP1EAAAAAAABoEwJoANPs9T++pfu+5xQAAAAAAADmHAJoAFPuU9/p8X1nq3fL049845QCAAAAAADAHEMADWAa3fqv/vAa88vrf/e6+f+ffKFcGeO5+8xvpc7R5aIZIwp3POc/5r7n/IfUra1RmnNwngAAAAAAAGgrBiEEMI2e+5M/9oLna264puqOl/esP3Ci/Nfb3/jtWx45UTWBLtxx4js9X721ctPTn/1sYIIDd66/4a+fv3eFWcx93Z99WgWnvEUBAAAAAACg7egBDWDKPf3ZUlfkzx4wN2x9yk+Ky15Xn/mZV6Xjq7e+/fXPeunz1qe8m3728GpvPs9U92S+5uG/NneXelU/8m/N/T/5gp8+r37Yn+dTWxUAAAAAAADajwAawPQ7cGdtxYxrPvXxq8p/fNyvGf21j3l/X/XxT3kR88uvnwo8ZvVnPr7C3P17DwcD5ud+6KXc1zy8715/nh/72nc+pQAAAAAAANBuBNAAplxlEMJKZ+QDd34h2J35+msq+fNVK64yVTgqNZxv8Qt3lCpHj3yM5+XX31Zvv/6y+b0UT3tu/QSdoAEAAAAAANqOABrAtKp0Rq7uzhykxw+srQENAAAAAACAmY8AGsAMUd2dueLtb+wp1dD4a7/bdKnKcyOuuuZ68/8nvvujU5VbS3U5AAAAAAAA0EYE0ACmVXmEQLX1kx+rO8Xrf+f3fb7+mhXeL8/9yR+/rhpWqrbx+iPbv/F27UIBAAAAAADQRmEFAFPs6c92j8h/tz71tVvrT33rv/rDaw7oxPnAZ7ub6rasq3wc0InziUdu6X5EAQAAAAAAYKrQAxrAtNv6nZ6er31s1Luv+r3nq2tubP3OUxMbQvDWr1ZGO9RWP/ydCRTxAAAAAAAAQJMs13UVAAAAAAAAAACjuOGGG1RTKMEBAAAAAAAAAGgLAmgAAAAAAAAAQFsQQAMAAAAAAAAA2oIAGgAAAAAAAADQFgTQAAAAAAAAAIC2IIAex6mDmTWH3OrbrAN74xtV43J37SjuXxtK7YhW/96wo5nkvso6bNueeHKdmsAKT3RxAAAAAAAAANAKBNCNsPY8FL+/2/9DJ7w70lOW6nqB8upNkRe3mCdLh9Hpl3pKf6rxVlhPX0w+nD3+SGyFAgAAAAAAAICpYytM0Iot8dR2Sx0rJvfmVNsVDv7CVcvsZ8px87r4gbXqxKHC4QZnYKZXve7BHgUAAAAAAAAAU4ke0E2RVPeF9NZjzuM9qtwz+vBeuaU0QYP9o6tqazRa2WPjjkRKFU5JoNytmjTmckfbENMXW+15yP7lo8X93qN6sjc+6pwozSfYTxwAAAAAAAAA6AHdpI03W0q5Tx0tmL8Kjz8soa1ksomU/hfZ824xuSMzTidlkwJv2156yDJ3a52HhO//hKV6nU8eLNTcvqLBqPdoRqfJy6wtgRIigeUmDqzVy33c7x9dvSEP2atrO3q7Ox917tD3+umz2hQpz2fno+X5AAAAAAAAAAA9oJt2hbVauSd6HKUj3cLOXt3/t9SPOHz/I84vdxS37s2N0Q9ad2FW1h3ryg8J369yh48qVTPA4Lp4SklknE8eytebTd1+x5IFp3cGp7m3VAC6J/tJU1G6PIzhxh2hbTuKOw/m7pdV7Sk+1atWbwr7G9IdunOZs/OYI7F4uYv0tu2lzXzHPSFzXhcuzUf3yz4siXw3OxUAAAAAAAAAjR7Qk+eVaa50MTaid6xVykS3o1mxTkfYWx/Ongo8auO62skO700HOyzrf9stpYNg78+6VS8kla5Mb/omp+86qu84dVSnxneuC9df1e7Yi3sTgeENw6svr53zh68o/brO3qaT7mCv7fDGdaTPAAAAAAAAAHzEhc3S/X/V6m5J8J1f9iq1TE2YTntzd+0ortmR9m6QTPnJmgC6J7vzmAp2WG6C18d5/w+zX1oXe7VHl36u7h/tO9GjNuosW6/S/oZmHH1yb+HDD+e3ltZf1jMQXgMAAAAAAACY74gLm3T4BUlyva7EhQ8vazCxHUkyXPWkN8O96a37JMmtzqBNzL1tskUtbL2Gve6rSl3XbaljatTRAr3BCZfZxx/xS3ZUDUhYh1c5RDNDFOZvVIoMGgAAAAAAAICHEhxN8Ub2W2ubGDe85SZL9boHq8bfy33PTLBx9Hno2hqBUQd1P2Wl9r+Qq5pIV5pWL/VUjUDoFY+ulMIYn9dH27quVPejNHbiiFUyqXqlYPSY9GCGldEL1Yot4T3L1IlfFE8pAAAAAAAAANAIoCdMB6/7XLU2VB5g0GSvwWrIhccfLu5X1oHRRyAUG7fYugb03lLifNTZr9S2m6sf0h3bs1adOJT3KjibyTJr9CiC4fpdmOs5vFd30N72CRMrd8ee2WQFZ2hyZD8K33izpYLxtJezj2LFFlMD+hulGtbeAIY3hVYoAAAAAAAAANColtAIt7posnVgb6K6a7OuRLF6b7pcDVnH049Ex5lrd+zFh7I3PlpMjlEDWveMTqR0ZYz0/n1qjMnGXuFgzY0VW+Kp7uAM9YiF/r3r4sd7dCWN5KG8/nOZfWCT2npotKVEn5T0PFDDmhrQaJVcLpfNZuVn0XBdV00Vy7JCRjQajcVi8lNNh2lsgabRdBM1Q1pMtbPR5sM2zka8Wpszc/ZnAAAAYHax5vk5GICZo1AopAzbtsOGnOfL73LOr6aKvCU6jiNRSMGQ35OGrIxqv5nQAk2j6SZqeltMTUmjzYdtnI14tTZn2vdnAAAAYHrdcMMNqikE0ACmn5zGDwwMpNPpmCFhhJoZJGjIGolEYsGCBRKRqPaYsS3QNJpuoqascCA61gAAEABJREFUxdT0Ndp82MbZiFdrc6ZyfwYAAABmAgJoALNVKpXq7++XMELO4WdmDzh5n5TERFKGhQsXJpNJ1WozvwWaRtNNVLtbTM2ARpsP2zgb8WptzhTszwAAAMAMQQANYFbq6+vL5XKz4ivM3tfGo9HookWLVOvMohZoGk03UW1qMTWTGm0+bONsxKu1Oe3bnwEAAICZgwAawOxz/vx5+dnR0aFmj+HhYfm5dOlS1QqzsQWaRtNNVGtbTM3IRpsP2zgb8WptTsv3ZwAAAGBGaTqAplwdgOkhkYRlWbMukpAVltX28pRJmqUt0DSabqJa2GJqpjbafNjG2YhXa3Nauz8DAAAAcwYBNIBp0NfXJz9nablMb7W9TWjarG6BptF0E9WSFlMzu9HmwzbORrxam9Oq/RkAAACYSwigAUy1VCqVy+VmdYc4WXnZBNkQ1ZQ50AJNo+kmapItpmZDo82HbZyNeLU2Z/L7MwAAADDHEEADmFKO4/T398+BDnGyCbIhsjlqguZMCzSNppuopltMzZ5Gmw/bOBvxam3OZPZnAAAAYO4hgAYwpQYGBmKxWDgcVrOcbIJsiGyOmqA50wJNo+kmqukWU7On0ebDNs5GvFqbM5n9GQAAAJh7CKABTJ1CoZBOpxOJhJoTZENkc2SjGn/IHGuBptF0E9VEi6nZ1mjzYRtnI16tzWlufwYAAADmJAJoAFMnlUrFYjHLstScIBsimzOhQp9zrAWaRtNNVBMtpmZbo82HbZyNeLU2p7n9GQAAAJiTCKABTB0vlVDtcuSBlStXfvGImkLN5TIKs6TpTn/ztpUrb3viLTUTNB3OqtljPmzjbMQbXXMIoAEAAAAPATSAKZLL5WzbDoVCqjlvPXFbnXz59BObqm985eRp/X86jL7tm6dVm8nmyEbJpjUy8WRbwGdy9pIHnlOTZ2LWB46oKTUdTdegmp3n5Msn6083xe02oRZTLWw076VXtumJ9r2upnwbzRtI7RbVvXGkKXqTCRjxdtf4Iye3r071q7Vml2vTlcXnHmj35aWJ7s8AAADAXEUADWCKZLPZFgxIdWD76JHrhq+8+eabh+5erqaUbJRsWiNTtqYFvM0U39qsZrkpb7oJW/75H0tLf+VWNUM03mKqRY125IsrV35095pvvVm274O717foykddU7+NaMTUv1pXPfi8v8/9dNeqA9un+NstrTKh/RkAAACYqwigAUyRXC7XklTi2XtmSkkEj2xU4x0DCcuCaLqJarzFVCsa7fQ3b9t+QG3+VlUEv+HLb+7b2saX4RRvIxo0na/Wq+/etVWuPu6eUe/8DZrQ/gwAAADMVQTQAKZIsVicfDWAzd/at1md3P27db8dP+r3083Xz0vfqa/6cncLQjTZKNm0RqZsSQuMzmx+ndIcfrN4jeDfHmiEkTUE/OaqrbfgFRx44oHRHzhRU9t0Ve1Ts/K6n2+p5Y4E76j5kv5Y7Tbq/Kvac3K9OBtvMdWCRjvy5cdOqq37RnYA3/Bl8zL86hH9h9dE33ygVa+pqd3GcY2/2wee38C2+3uOKZjjv4jqF8/ximM8UZlJ1R5Yf+Z17h1RM2TM13gTZswbXd22HftVFmz50fZP//Vr2mq099JmTGh/BgAAAOYqAmgAU0ROwm178u85G77yrc3qtd2fazhSkWBi/WMnN3/LVOeQ5CJYT+Bba3Z/dLL5gmxU47lMK1qgHh02rd/9wX3lb6wfv6c6hTmw/XPq2341CdMIqvT19m+rz0n7lCc0zaV2/dS78/ldavf6QLB18rGXb/fueHDVycfWz56mk0Rp/W616/lS+6jH1pdSOR02bT+wudR2t/9g5fZn685jrHYbdf5V7TnpSgKNt5iafKM99wNph1XXfaDefR+4/lrZqX5wxP/z5O5X/f1i17Und390UnWxp3QbGzPGbi9/eq8sc6+qfj+RpvjB7X5dIMlAtz+7tbSXfWvzs/cEp3z2+/5MJNl/dnvpFSfXRQIvxm+r312/+7XKos29a/ZVlUYptfyYr/HmTOcb3VtP7D6g1NZdd19dvinYtvolHGiK53e9sn1lsClWbj9eruZh3vPrXT2SttVvAj/+vAq+luUZr36mJmxC+zMAAAAwVxFAA5girutalqUm79av7Nsquc/nGuloWU6fTS/O00/8m2erenSaWT37byY1qJpslGxaI1O2rAVGOPLV3SfV5n1f3uD/ffXd335wVdU31q/d9e3Pe8WxTSNU/tRljqURSk6/8QEJwn5cCnqWb/zkKvXay2+U7l714Bc3+I/atVmp429Mqmfl1DXdW2+s+rNAffCrN376WnXyVbNZz31ZQr3N3/rKBn/SDV+RmLjOLMZst9Hn/8arEvytWeW159V365LS931ANavxFlMt2t/WfKBuTfXlqz4Y/HPVrvs2eLff/Qd6vzg5iU7QU7+N4xprt9+678eVXeLbu66tej+p7FfPKZ2Wll+ht95ePZ/Nu/yZbPjig6VXnEldVz347fKL8e5D+yp13829gf3W65b+7G6vA+9Yr/EmTf0bnYT7fifkj8r7m9r88Q3BewNtW/MSXn73n8lLuH5TlD4+vnykMqdy+uzN4Y2XJeX/4CrvAV4V+C+uav6NbkL7MwAAADBXUTkRwOyjo5YD23f/7hMbD20cYzLJL9arQAXbtw5/X5KF17avPFAzoY57pnjowpY68gPdPfD2DYGblm/89KrHdn//8Om7P2/+LuUpXryy6sGNwe39wHXlxHX5hlt1z8rtVU20ZrQFm4x1NrTc1Rs2eF1QgzeaCPX0G8dlH7k9WGXi6lWywcdrZzFmu40+f29f3b5S37Pqwed1WHn1bNrXdEh668gVPn3ylTEedPJlyQuvVnNVcLev7iGuL9jsfqz8frLq+vIL69YNG9564jYTpJatGnUJOsHfoFtx1a7qPe56CbjNb6cPf19mdfKelbW99c1ljzFf47OG/3ox9KXEe1Yer9xSadsjP3p2xEtYrgDt3v3M4dMb1fdHNMWGj29WB579wXNe3Hxy90f1p0QpfVbel2yevcf7mFi166f6atzyWfWaBQAAAGYgekADmCIt7QhmuqnqQhxvjDHRqmt1RPHsj45U3Vj+LnbFFz8wiQ6bjXf3mxFd4d46eXysu2vqUehvoKu2mbqm0yVKAgUQdKUI/x7TQ7mROYzZbqPPX++rpaoLfo/OSZTgmFDf0sk2muml6/cTr2V6iVZf82iVKd3G2q7cLVGvA3h1TQxTamMc5tLI2FaVqnME3PeB0+O8xps0vW90Xu/yk5Ipq9ZatUq/VCWPDtx2q/+S3bdV4unJloGemk76AAAAwAxHAA1gioRCIcdxVKuYKhMnH9seLIpa65PfltRPlavueoUR6kQYy5dPorembFSDI25NsgXMKFt1R9DacPvWYEFeM7HuILnq0xtHdNyr1wiVENZ0Ei8XHGi3qWs60xqlMhFVdHfImvipbn43ZruNMf8Kk2rpQP/AD1SzGm8x1YJXnCkHcWD7yPTtyBe3Pzvu9jZrarfRdA1+7fuHq15WVUUYxlYd0J8+/MxJde2nN454P/F66e76/AQ60uovMaiT36/e415+bYx7javl3WzM13izpuzVOlH1XsLmfeyTG+s2RU2P6U//2Zu6EFO9Qs8bvuxfTKq5ijkhE9qfAQAAgLmKABrAFJGT8NaOxeT1iRuHpH6VDNoUqH1t9/pyF1Q9PtXKlZsmVQNaNqrxXGYyLeBFTru/esT85dc2/aKJUTbcp2uebi9v11tPfO6xk9VjdlVm4zVCeRRHybUrBTdM9YlKXuPNp22mruk+oDernNad/ubnKtctbv2iDpjuKY+bd+SB6joJ5XmM0W5jzP/IF6t6UOoccNyddnSNt5hqxSvOqx1ck815FVo2f+vHd7enyMaUb+OuzfKy+t3Km4CJ1wMV1cd2YPtt36x63jf/wd0jY2ZTAaMSkppFjOfqu3dVFbs//cSmwKP8eysjInp7mlmZMV/jzZqyV2tdXtvqTHnkfbUv4dNP/K6uiW/i/tqmkPf87Qdqr7FJ0BzYz4+YT4Xy3EztHdW8Ce3PAAAAwFxFDehxnDqYWXNI7Xkofn938ObcXTuK+5fZxx+JrVDTyKxG+a+1odSO6PgPOppJ7gt+N9Y6sDe+UbWOmf+27Ykn1ykgKBqN5vN5+alaRg829f36cWGAzqDVSl3TUxf0fPOn19/20XIZaP0d9knmaIVCocGNmmwLXH33j7/18sp7Sit/7a7nK6Pe3f3jNzc+sWn9ypX+tJu/9eaPbx1lPtIguhHWr3zMn8++B7+/3ftd14vYp1ZuX79yt/lz1a4HN+9+TLXJ1DWdvw9UNnnX1t27/fuW333ozVUSqpaq6W7+1r7N92w/Xncmo7Xb6PPXnSg//sDKSq1eXW1WNavxFlMtesXp9b/vids+Wt6zzI735t3tq4k75duoa6Tc/sWVpX1+Yhu46sF9n36m9LyP/n4iUf7zSlcx9neDrbt2Xbv7+2q8Nfvym89fd9v6j5ZejQ/u2/XM9t0195bnGVztsV7jTZq6V2uJLlkTWOdKNf9a+iW88Zu3Vd7+tu5789AG/3f9zYPbH1g5znOkM2h545PG1M2o94fyG4KeW4NXI+qZ0P4MAAAAzFWMzT2OmRtA92RvfNQ5UVmHRlbJD6yD6fDhvemtx9TqTZEXt7ToagQBNEaRy+X6+voWLFig5paBgYFFixY1EjHM1RZoGk03UY23mJq1jTYftnE24tXanAntzwAAAMAMd8MNN6imUIJjtjp11D2hrD33luPm6JPbLdXr/NHR0R5RePxhSZ+tPQ9VRcMbdySOb7JOHMrfdVQBbSVn4I7jtPyr2dNLNkc2qvGOgXOvBZpG003UhFpMzc5Gmw/bOBvxam3ORPdnAAAAYK6iBEerSLyb39nr/1HVodjvERxS+0rlMkytDNO32ut+XlsEw+uVrAITq0asi6fWqVM9hfpP69GCrN7qTeHqrtzaii3x1BZ1+GD2lPLj7MC6KRXoVV3qD27/8lGdZfurHazpIWt7c+38R98c0yN7beiAKpYmaHU9EMwwyWQym83KTzVXTHRz5l4LNI2mm6gmNn/WNdp82MbZiFdrc2gEAAAAwEMP6JaQIDW/U9nH9yZS+l/oQ4fyyYclz63Yv8+5w9x7fJOljhWTO9KfVGFv4m3K3VqZWIJsiWslh/VntU0mrp6VZ8UWWx648xu1d63orn9R4fALkhFbd64b9ZLDxi1+yix5sUmZSyvQ66ypWgF356PetuikWCJpSZ8lcE95W9ftVBeYbmBzjhW/d7O59yF7dVVTYA7yUok5U/lHNqS5XIbaRzTdRDXRYmq2Ndp82MbZiFdrc5rbnwEAAIA5iQC6ERK5piUyDvwLDP2nE1vTHfiRQDUMyVJ7nU8eLJSnWb0p7HXsNcGxsPb4XaSjX5JIutc92KP/OHWwsLPX2vNQuRfwGIU1os5joRoAABAASURBVE966fCOmnXz/90YWLoEwSfeNavRrcaT+94xpdbapY7S0TvWqvLqebZtL69e7o8OuWptqNzde8WW+IG1lSkb2pxl9pe8kiDdsT1mWa8qzFnhcDiRSKTTaTUnyIbI5shGNf6QOdYCTaPpJqqJFlOzrdHmwzbORrxam9Pc/gwAAADMSQTQjbBK3YHL/0LbKvf6iW1V4Yju0J3L1IlfFE+VbvhQpWOy/eFlkrpa11Utwv3lO/KzcPAXrty1JRgTr9OB9f4XcrUrdTSTNPUrateqdMvYgwrqnsu1mXXmsL5Hcu1EsOjHdd1W9UOtD19RXgdHD2l4c1WFkI03l6dvbHMut1ZUL+tEj8IctmDBgmw2WygU1CwnmyAb0sRAW3OmBZpG001U0y2mZk+jzYdtnI14tTZnMvszAAAAMPfQL2PSetyXVKs4v9RVpHWn5tp73nVPKbWi8nfh8R+6ujpzg+WhVXj15XnVq7PdjSYO9uo+V+YWKGA94k9h1Z3pqXGS4sY3B/OIbdsLFy4cGhqa7WfmqVRKNkQ2R03QnGmBptF0E9V0i6nZ02jzYRtnI16tzZnM/gwAAADMPQTQk9ZtfUipE6ol7A8vK+5XlUH/Rmey3bXWeJNV6I7Jx9ynjhbur9Mz2kuKjZ7sjY86JwKDAXoDD9a1YpyCHo1vDuaXZDKZy+WGh4c7OjrU7CQrH41Gmy7uOQdaoGk03URNssXUbGi0+bCNsxGv1uZMfn8GAAAA5hi6ZkyeqZJ8zDkcvK2n+FSvWn1TaIWakPCWm6yagsujMHU8TD/iwEJ1X+zV3aM8p+vCe5apE4cKj4+Y+amDTrmk9amj7omqKs9jqlcexIx26Gl8czDvLFq0SJk+YmoW8lbb24SmzeoWaBpNN1EtaTE1sxttPmzjbMSrtTmt2p8BAACAuYQAugU27ghtU+7Wh7On/Btydz3qnFhmP7Nlwh3MV2yRmNjd+WimFGcXHn/YFGjeW1MDOnz/J/Rofmsqt4+70PD9j0TMzNN3BcYAPLw3veaQWr2stALrrNXBTLkn+8lDY4xib0ZQPFYsD3h46mBm67EmNgfz0dKlS13XHR4eVrOKrLCstqy8mrRZ2gJNo+kmqoUtpmZqo82HbZyNeLU2p7X7MwAAADBnUIKjJaJP7i18+OF8udjx6k2R1Jbm2lZi4vDqvemt5brJy+zje+uVsFgXT63L3bWjmCxPuTaUGqcktJ75/UczyX3p/ftUcP6vyhK9KhzdsRe3ywTl2VoHtltb9406R11LulumzycP5f25bVdr9rkT3hzMS3KW3tfXNzAwkEwmw+GZ/nZUKBRSqVQ0Gm1h17bZ1QJNo+kmqh0tpmZYo82HbZyNeLU2p037MwAAADA3WK7rKgCYPnLS3t/fH4vFEomEZVlq5pH3yXQ6nc1mFy5c2I6ynjO/BZpG001Uu1tMzYBGmw/bOBvxam3OFOzPAAAAwAxxww03qKYQQAOYfo7jDAwMyDl8zAiFQmpmKBaLWUMSkwULFth2u8oWzdgWaBpNN1FT1mJq+hptPmzjbMSrtTlTuT8DAAAAMwEBNIBZz/sKs5DT+LAh8YT8PpV95eQtUSISiRUKhvyeNKbma+MzoQWaRtNN1PS2mJqSRpsP2zgb8WptzrTvzwAAAMD0IoAGMHfkcrlsNis/i8ZUvk1JAhIyotFoLBaTn2o6TGMLNI2mm6gZ0mKqnY02H7ZxNuLV2pyZsz8DAAAA04IAGgAAAAAAAADQFk0H0HxnEAAAAAAAAADQFgTQAAAAAAAAAIC2IIAGAAAAAAAAALQFATQAAAAAAAAAoC0IoAEAAAAAAAAAbUEADQAAAAAAAABoCwJoAAAAAAAAAEBbEEADAAAAAAAAANqCABoAAAAAAAAA0BYE0AAAAAAAAACAtiCABgAAAAAAAAC0BQE0AAAAAAAAAKAtCKABAAAAAAAAAG1BAA0AAAAAAAAAaAsCaAAAAAAAAABAWxBAAwAAAAAAAADaggAaAAAAAAAAANAWBNAAAAAAAAAAgLawFcZz6mAmuSNd+pd5vKfmrqpb2qgne6NZhxsPFmrvOuqvYZ27AAAAAAAAAGCaEECPrfD4w+k1h9SehxKpvfrf8U1q56PTnPOe+EXxVPUth19w1bR6+4L7H18oKgAAAAAAAAAIIIAeU0/xqV61elP4/m7/hhVbwnuWqROHCofV9Fi9zFK97sGqPteFE+8qtcxarabNvv9auPPbuRzdrwEAAAAAAAAEEECP6R33RO1N4fsfSaT2hq+rioBzd5VqdNR2jj5aVb6jFFvrjtWB2h31/6yfcd9kbVPuU0cDSzEp+babrNop6y+6NP+Hs6e8Cfbmxpt+fEVH/3SmuR82AAAAAAAAgJmFAHpM67z+zvm7jtbcEV7RXf7d3fmoc4cp0HFgbdXEukL0Pnfb9kr5jq070ube8P2fkLzY/eU7ZjqTIKtKrOz8Uv5ca2+sv06hO9ZWVeE4dVRScuuOdVUTjb7okl5nzQu2vndHdOT0B9a6W6estjUAAAAAAACAOYoAemy6v7PEyvv3+V2DRyTR2rbtcS8s3rjFXq3USz0mR+7JfvKQu3pT5MlSNLxiS9zMynQuvsKqTKn7WVvbJFbuMR2Je9yXlFrdPepTs/HmYBWOwsFfuLVp9diL9lkHTPRcd/qNO0LbJFg/mFMAAAAAAAAA0CwC6PFt3FHuF+wn0dV1NqwPX1H6tdv6kPJzZK9j8p3rwlWzull3fP6epNjdoTuX+R2Z9RCCa+0n5a5jzuFRHlhlnV2pwuHV37g5Grx/nEV7llnXjTV99I61ylufuvrT7qe/kdv4b7Pev/1H9QiEn/hqtnzLd/87YxICAAAAAAAA811YoWE6iZa8eG9666H8Xd3hJ9eNNfGrPa5k06PfH159eV4dc181Qwhu+0RUXZFdrdwTPboHtFpmb+keY96SDqf3S3i9JaxMdrxH1qSn8UXXXVW189H0zhF3yfps7FYAAAAAAAAA0AQC6AnTdTaOOaZ6xlitd123pY6NOR/d5VmdOFp8qte68wqvT3T+qaO5O99V6nJrhRrvsfvcg7IOuv5GaOMEF113Vfc8FL+/4ax5YcL6/r2VbtcPHch/+ceFH94Xi0cUAAAAAAAAAHgowTEWPTTfjnRyb3UpZF2yWX2oe5zsfsU6a3VlXEGfrrZRHjDwCjPBD90TyyzT3zm8+nJ14hfOyJIadXhVOA4W6k48/qIbmB4AAAAAAAAAJokAeiwrtsSPb7LUsWKg6HPurn2jJrlVumPPbLJOHMqXxy2UOHvrscqIhX4Z6F633N/ZG13wRLCo9Kh0jeYTx/TEddZk3EU3ML0ZdDFzWAEAAAAAAABAkyjBMQ7JoFPdmeS+fPJQ3r9pbSi1Y7weylWPTe/f591gHdibCETApgx0sAvzOnvbvuJ+v0P0OEwFDz164cZmFj3+9HseSjRekSNkLmTYE6g7DQAAAAAAAGDus1zXVcDkvH3B/fmbzj+9OaQAAAAAAAAAzDk33HCDago9oNECVy2xrlpC+gwAAAAAAACgCgE0AAAAAAAAAKAtCKABAAAAAAAAAG1BAA0AAAAAAAAAaAsCaAAAAAAAAABAWxBAAwAAAAAAAADaggAaAAAAAAAAANAWBNAAAAAAAAAAgLYggAYAAAAAAAAAtAUBNIBpkM/nC4WCY6hpMjg4qIA5raurS00H2wiHw5FIRLXTTHgnAdA+U/Zmkslkc7l8sVh0nKLrKgBzhmXJO0lIRKOReDym2mkOH5a4k3hntOQ5aGz+XtO5JfoDwNL/Wcr8Z6hJc83inMAWBecsK1DU/xVlt5Hll9bOtfTKeNPVroSrXPOo8Z90yy3NznWHjYGBgf7+fvl55fIrr7zqqvKhuyzCVpaspF4ZM2dZcjqdlmmHhodkf5bVScTjHZ2d8XhcprStUispbx397VKjt7/XCHpTHcdr6kwmc+HChb6+i8mOjmQyGYvFotFoOBRKZzSZUGYlj8rl87lcLhFPLFywIBqJnDlz5uzZs7IV3sn1Nddcs2rVKnms12DBRlaBHaklT+UUm7JjkjmMABrAlMqbTyzSImAO884f5BxMXuxy5NqOozTeSYD5YAreTCR6TqczEj0rAHOR5F1FQ95G5MWekNCuDTH0fDgsqcmg2x0gmpzXD1JVOxdVZ0O8mNjLnXXkGlipsWZjjR3TW97/3LHur14Ltzy1Dosl45asWP+/E0zMg61U+b0xVvlHYLESS+slFYqFUMHbKPnLNVcGLL1Ornwoyw4vwXQul1XeveZqgSSzIaNVlwpmmik4JpnzCKABTJ1sNivv1wrA/CBHabrHhOPEYq082eOdBJhv2vRmMjyckkBKAZgfJCkbGhqWnx0dSdU6c/6wxEs/vZ9e+ul1BW15zuj33g3+UaJaze8dbH73+kRbyl+8a/oGK4lhLbe8/MpqlVLhymOVqnQ9Hnuhrp7S6wGtzA7ptadEt7o9yym/yZ6t0v+LfF5Cz2xKPrRSKdnfvE648pzoedqWbTplW5YVDKDH7v7s3SXzt0pdpr0pZY0keU6n0rJPRzzhsHcJx9tq2QmGh4cH5YUUjqRTqVg0lk6nZbUThnxGL1y4sG4GPav7Ptdo0zHJfEAADWCKkBkB85P3wm/VIRrvJMC81do3E9JnYH7yXvityqDnw2GJF5h6aWmhULBNTZNx881mSA7qBiJUu5I+N74gL+gcK3g1d6ty11+v+ofp7Oz97XUC1uvhmvof1aUkRqTPpeWNu4au8uJtvZUmWy5Xa9ElNUyGrEo1Ovwf/mpahUJeomeJn9OGfA7KTPRjXaVrlJSi85oe0OMH4l5ybdrD6+ws85SwW/Zpr1OzDqBDYX1vqRFkgsHBwb6+Pvl7eDghAbT3HCWNjo6Orq4uL09Xgaej8VWaRVp7TDJPEEADmAreF9MUgHlJXv7eUayaHN5JgHmuVW8mXuUNBWBekpe/RH6Tr8Uxfw5L3GreLS0ME730s5yf+n82mz43OrHukux6XZhlEZKte6Vahs31SW/p0WhEctVEPO6GdKyqgumwv+qqwRIhVqnkhVdGQ/4wpcmjshQJMRPJpPxZnr9S5URY9z6WVZNQXD7+ZPqQ/IzF4rG4kE/DUvQ8sWzX8ettl7q2FyUH15svM5QQWXbsbC6rTH9nx3YkZU7EE7IMr/qE1/9agm/5f68ShUgkEl4GrcPx0tOn5rpWHZPMHwTQAKYCmREwz+XMV/nU5PBOAqAlbyakz8A8J28Ckw+gOSxpIb8iRCnMbVPoXPPIYNFuSVcz2ezg4MCFCxf7Ll40/a/trq7OpUuX6qRYJi8FxKUhDE1wbTe6ppZfvsP1OhrLw8xVkLhEt/K7xL4h3WvYT7dtM+Oiqcacy+e9gQoikahkvjKbmA6gzQiBkbBXd8MavWXK6xf80/R0zuvwubQ+pnt7Uea5eNGi4dSwzFRib9uMdiix8sIFC2XyLud6AAAQAElEQVSytMnlZYW9jvDJREJycK/yhl4lE4jX9H2e8zF0S45J5g8CaABtpz/eGCsMmN+8I93JHKLxTgJAteLNJJPJMuogMM/Jm4C8FUwmg55XhyXlWsxtqv5cXkowg263mty66DjZXHY4lerv7z9/4YK3pY5TlIBVp8OhcMTVRTRMXCvBcKHghch6qpDXMuMsr9RL2VTtcL3uz+GSSDTq9YAur5prKjLnC/lcLqs7Isvd3ih/4ZDOnqNR2yuEYllqzAS+bkBvelUXZOZyp2M6OjtFvTny2So5sleNWiZQJiVPxHULuJXN9+uAy+0JeQnFYtJEXrdombj56wGz0+SPSeYVAmgAbac/vQDMe/JWMJnjM95JAHgm+WaSy+UVgHlP3gomE0DPn8MSL2726j57MWvdUeZatazy7+Uosx2Zplfao7IIEwp7KyBb52WpOuw1nzUFU/9alcol677Amczw8LCp0WHSYHlATBfTCJaIHi1JL1fQ9uJaL9DXabJuW/8hhaIuj5HL59LptOyosgAJefUDdclnW+fQdqhUe2McXtWU8iUE70ZzASaTzWZlwwpO0YvRTe1mXXVEdXXKZslGexucTCbtkC2bprNp2eRYtCOZlFXWmx3WDeXtFXqgQrM55Sx+PlThUJM+JplXCKABtB2dFgGoSb8V8E4CwDPJdwO6PwNQk34rmFfdn71IcYqDRSsQELd4zoFlKC/g9gsvmwA6HJJo1XQ1DkvAqnsiFwquHvHP9Qb684pR9PX1SbskDMvuiKioGUPRLc9HjbJR5UC/vHV+uefASjnFYr5QkIhYQuJcNieZryxFUk7vIV6BDm/MwrEbyEufdQfq6qEUJTOV9Fky9LzuB12QCD0Wi3nZscTQEixbHZ1eNRDHdcsRc9R0kTZ1ox29DrYeO7FoKPOK8FfPtudJ9OzhDKVxBNAA2o43ZQCKABpAi0z6zYQAGsBk3wrm1WHJZIaVC3ZkLnfCrZssT3T+o8XTOghWY62tW/5ZmoVMGjY1MaJmWD9JVOWnYzum8rPuB627AOsKIf4jbNNLWgJXb9xCSW/17GyTQFu1VUTcUgysHP3YkK3/U6VA3y3Vkw5skF/tRLLgeCzu/zQpsF9Y2Uxiem2Pk0D7TaFq29zr5a1D7WKxUCx6xUBisWgoHLa8XtaWrUxfb9s1z4vZIL0CypV42VUhy9tc183n85lMRqbxaomMX4pkzuEMpXEE0AAAAMDcN09GpR/XPCtQCaA+3gomZKw8t4GmLPfDVV5tCrf6UVb9jHvUhbp+t2VXjZpBj12dIrh8q9TxOa7i6aiupCGZrDLllWUiSX5jks/aIT+ANt2OI+FwIpnM53K6THMu7xSdUs9nf8Fe8lvecN072BTy0OWVQ27EilQ2zRsHsFQDxI+XTdgsuXY0pjtWS7Ar8bOXO5cqRJfTZ9dvvpoNdEvr4+XP5dYy0+nKzolE2HSpdk2yrIt66MX4lT0qSbgK9Bgvz035m6dLeaQzA4MDOiU3BToqKTnHGxiBABoAAACYs4In+cHuVQoAgPYrh7Aq0O03+Nk0bp/lWtZ4tSfGWBlVqVxRGfPQ1MSQn3oovUjEHxgw7P0ViUaidjjkdd32ZmJGBAzLFhWKelRbvWluJXSuhN9uadu9Qf9yOR0Vx3XYbesOxKVJqjemPN6jt6BQqU+xnoUeANEx4bgyw0HatjVW1O66gZm7lSjZ6wEtm+AVIfEGM7QCQykGWqZ6jqUUXE+iS3FIrl7I5XKyHK9CyHwbhBATQgANAAAAzHFyKikniuUv0hI/AwCmjJfDqnIhjsl/Cpm+xqPOxxrjcf7/+9UySqvnBb+SNXd0dCxatMjLoTs7O3VPYb+yRKnqRSD99jalHJ37xS5KfZ/lY7foyH86os7lc7pUhYS/4ZBE2l61aKsU/Zo5W8HZ+jG0+ell3LlcNpVO57I5ScNNXQ7dQToUjVqBDShvTpDSZaNtv/6Jn7eXuiqXome/PUs1Uvwu4mM8S6UU3+v77NWP5iI3xkYADQAAAMxlwQ5fU7pcvocLAChFohKkeiPUmWh1UsWCJx9il8t0BFNaiYY7kx3FxUWvg3AykUgmkvKrWy53URb8gKtTA8MbwU93WC7qDtC6VHTW1EqW3DjYU7iU+VrleXoZvddO3nB+MqdCsZAyIx8Op1LemIFOR4esom3qhHgPKf9UgV7nftFty/VKO3sL9cJit1RtemTjlIpNj9m52vT61oMWmrolFN/AuAigAQAAgDmlMuiT6dwkfxfy+XA4UigUBocGQ6GQnFTbZkQju1wEs9VnjMGBp9q0CADA7DJzRiMoV5D2PqTk81Fi4nQqncqk5T/5eEzE43r4QR3plpJnt1Qw2owQWB5WMRzyg7UxBlfUFSoScZmbxLVeCh/8cCzIh3S+4JYKUuusWBd99spl61LLObm7UPAW7a9twVSVDmS+5QEevfTZrw1ibtEFRsLKVna5j7Mfe3sHCSOapfIcjdkJWiaT7Uomk8ovJK0pYBRzP4Du6elRAMbT3d2tAADALBQsZ+k65lzULn8dWHNMEl1wimfPnenr71t+xZVyZmrpm8OlM0+rgbIcTvC30nef5Vc7uCYqMCM6QwEAZpTSV4Kq0mdlQl4JniV/Hh4aHhoa0jGxKfQsn2FOVays42FTAzqiP2xDRWWqangDKwZnWPpE9HNeU9NDD/UXiUTl4XpYQsNLbAv5ggTfTtGRWYXNzGUp8unqVcHQFTxyOblXFhyNxcrpctHMxR4lffZ4f8rCq6NnvwO5d2P5EEKVSpOUP85H+wQ39Tl0Au3Vy1aB0tV86GM0cz+AJlYDAADAnFQ+JzZnvPrbzcVCQZ8ZW2FvNCQ58ZSzwXwuq2xLsulYPHZl15XJeKL3bG8ykejs7LTNsEvKL/Xon3E6rs6aK6Pfu6Vl+GG1d5ZbNB24ShNInl2qG2n7naf0w8pfuFYk0QAwT1W6+nofCFbgRuV/Xkz8A6JqfL0Ka8zSEVbwcaryTZ2iY8YJ1B2RdV9jHQ2bHr3K66pc+jxUfg9oPYifHbK9GhdeD+jSgH/+tljKjDNowl79jSP5ZDb9l0Pml2C9ZpmJLDKbyeik2Ikok1B7iyqVLjGBs/JKc9iO+byvNINb+hi3arbUKo+LOLIVSh/x/oNcv+CG2VLXPK66Ea0Rc/C6sktTeNe8/eS9FGfzeY+RKMEBAAAATD+n6HhnceMGteUOVk5pREG5pVAsvPfuu+FIZMnixXKG67g6jC66heHhVCaTvfTSZUXH6erojEVimUz62LGXrv/g9QsWdMlptpwPF3WvK8cx5SdNZyp9Ahnyk+bSuEjm1FruLXUbM92g5YecJxfdfLHoysm4n0374y7JqfaZM2e7jLpfTAYAzH5WYFS+kW/1pryy7Q+5Z1vlHrJV3YrVBLlusN6FW70811LWGJ+k5Qurrv/5aQZINOtnujaHTf3nsOTLulC1fOoFVtgqdYGOWFbEDXvZtA6XvS7Q5vJtZTg/V/+TDbZd+bgujQNoil+XiyZ7XaHzpsKGYzpEeyMC6o9iV5UrafjfZzJkrUIRvabyWe8dAsjqlzs3By/6Bos+B4NvvQTbT52ryj37DyxdcLYC/xvZjFbl8rTeEK92h15v/1Cmts0x7xFAAwAAANMvX8jLGW8T9RNzfqetQv/ggJzlJTs7Mvl8anhoyZIlb//qnXwut2Ll++1wWE4VnUJxIDU0NDC4dNmyxZcsdSR6NqetReXKma9tvmicd4vemWJEf79YRfV5telDZen+VpWQQcfWRTlb198BlpNk275w4WI8HlvU0aHPQENhOY9Pp1NKB9Sh8thEAIA5peat3e88G7zbVX7XXa+ysY5fg6PwaaOGnGMt14S9peoRQdY4naD9whbKD0l1pqvLV7k6pTVBrRmBUJfL8BPb0gCB5a7aIb86R2lNvP9KG2WVBxb0U3A70MW70o1a92U2zJeX9Oe4PDzil7NQdmndCqVSzqpUXkPSZ/mAFrKKOuV29GVfaVerUlTD8m+XINkUfi61sFXTRKV1rlTjKlXmqLSsVe+58Qp3lJeufyhdAsx2zOAS1V2ySZ/hIYAGAAAApl8ul5PzwCbqJ8ppsJy7vnHyZDQWTaVS5hQ63LVgwfBwKpFMZjJZfYMVlnNcfcbs2gsXRRYuXhqLxbz+zgXXHUxLZF3MmzGYMvmcnNguWLAg5lpRr/6ldyLq2nKGGTZnlrb8oVRRhwq2Y9lFcwb67pmzV15+eTEhs5Tzad07LR6PX3rppXI2XzC9t0JzoQRH0zE6J+AA5oQR74IjqjxYtbmw7lFrckrdV7fc7bh8r+2X4XDLxZb93rg1SXJtoQ3b7wcdHM3Pf4zfF7kSogYLTnjpaGmEP9frshuR66ZRXYs5Golmwzm5Wz4Q5cMroj/uXK9stImKHUmK06lUOp2ORiOdnZ3xRFwX67BDZuv0ZoZUyPTB9nJnPzf2Cy97YzX4oxfaXt/nTDZbKBZ0d2Zzo8wjm5UPZD2zvGG+0FTw+j7H5ZNeFhyV/4vpiLwUp8sSHC/ytUpFTfSmeTVBXHMJoP7HUFVU7wYKlFj+XzkzAKLS1Tb08YVV7hutvPoiXsduPcKhH0lblc7U/ly94iSlEiVe12yrehhG1WrezGvGorDmwnHILEYADQAAAEw/v8uS6070BEmmTmfS586fW/n+ld3d3RL7OoVCMtrx0sk3Fi1e/L7u98kpo6Tb0Uik92JfNpOJRCPhaCRVLHTGYhk5q3WKQ9m8joxdVVBWSn7P5fuGUzJ9Z6Jj8cIFiWhUUnEdjodCrteVy1VFxxt9yRrOFXJOITWcvux93V0LOuSMPWyrcCjsusWCcnTPa3vOnO/V62rXEKvJCqcAMBO449xS6fQcSB3N254fPZoRayVQlc+D4oi3UsfEmK5bzpL9zNCW7NdyS4ly9YO8oNkE26qcW9v6SqddumjqlrtJm+66ld69qlKpWJnrsObzV5fciBblv0jU1HQ2AXShYDpCh8zcdGfkbDaXHk6dMzo7Oy5/32Xh0BJLHiLxsZevuyYnVrbXBdjVq+fVzbBM72/X6/TslcSQ3yTdlU9w04U5ZK5AhxxHFQryoZyV5euK1Hm5TFyUh8maRMxQhjH5mI/Fw2E9qKHeMNdrZcvrc+xl0IF+y6Y8hrJVYGSHyhNX3bhVNU1MKRP5JZvPDw3p7zPp6DsStfzGV167hSRulw/68sgP5di7em9x/V7mujn82iallSsn0Q0e/DT+hSqvvIlVPUijCiyoiSMuTAYBNAAAADD9YtGYOf20J/rAQrGwsGvBP/4f/j/RWNjRhSZdCZgLTvE3fuM3bFvnv/lCYXBoOBQuxpMdg6nM4MCwnNr2DwxcuHixkM96p+ch3W06LOeZco4ciUe88+FoOLKwqyuhT3TtSy9ZJmfaRTkF1SfWSteqLLrFkPXGr0//P3/zs0Q89lvr/uGShZ3hkOn0ZYZLSSb/LQAAEABJREFUklmqQJlOdy50PmquBzTpM4A5ZOQbYZ0h6vziG+V8s7YohlXKqIN/Vy/EVH/S2bVrhrQtevUqHN0T2av7IPFsLqd7B3sPicdiyWQiFo14xTRK/az1ldNANQi3zrrb+us8yvYyYv2lHl0TI5cPh0PRiIS8IS9Ddwq5zNDQxQsXTp/61alTpySAHuq/OHj55YsWLVq4cFEorCtoWf63htyqQLe0NaqUr3tDC8qnczqdHhoa1hU1whFT1tmrqqGHhSgU9D89lq8Or0MyRTQalew5Inl3WBcJCXbs9T5pSwMB+r+5lhfBO6VqIbYqlxRRlqqulWI6apte6F6MbXmzdSUBz2Sz3jpLhmySbNcLumVlJZS2wyG79DQ6gR7p5WLWfokSv9pIURrKdmsHY2yZhj9vy12kyaCnDAE0AACYBUb2d+B4EXOMnE6qxs6FrOq6imFbF2tOxOWs0NH/KxblVFbOzuVUWk71Muns4OBwwVHhuLpwdvDv//71t3veicTi8UTsfe/rvuSyBa6jz3FD4XA8Fo8lEhJDy0l4sZi/cOFiZ0dHMpk8f/78L15+5dzFv13e3b10QfLK9y1bccUVCzsSRcd+7+L57x545uLAxR1337N8+RUhCbIdV38N2LXskMoXi3KWKSfOcsKpz+pLm1WJpKu3dMLROwBg2lnj3ekNuOf3i62kn17+5/Wm9SphlMpi+PWFvR7ERZ3GutlcPpvNZTOZjPlfsZDz0ttUKpXOZL0AdenSJZe979KlS5bINdFQLOZXOTadg/3Pzaqu2pWazV46rEteFIr5vCwoK+loyJKPV+VGdR9fr4iEk02n+s5f6On51d8ff+mllyLx2Fvdl3dfeeXV73//VSvev2jhAomkY7G4DpH1ItzyuIUhO+TfYBojFNJj/0rEnc5kBoeHL/b3d3V2RTplSWEzakIorCN0uX5csEP5cEE+0vUdUYmoozqoVmZQR39kYK+iRTnwLzWwH0d76bPfE1ynx2bwQbtUIKOq+IaO3Yv6P8tUwrZs7xKyNxBi3tHfglIq50/tPX+6J7NtmeJefqESU1Dby75N/2jTp1sH2bZ+EnP5XCaV1uF51PTl1uM9RlTrDun9Wh/lzt7lQRcpwTEzEEADAAAA06q5brWBc0dzTi1n2JIA62/7FvQXeB1TvtLN5otyZihZcG/vuYHB4QVLF3/k6hVyZhuOhuT0t1DIRWKJaIfuel0s6o5O0ZCdzeT7+y/m87oqx+DQUCKRuPEf3HSxf9ic6A9fGBw++9IrnR2d3cu788q+rPuKdTfdeNnixXKCrs9WTc+oUu1Ilc3lBgcGh1LDCxYsWLpoMed+ADCnWIGfnppSzX4UaQeCUf82XQ+6MspdoGpyaUZmzD1VLOpPtFQqNzw8NDQo/4lBCaFzufTAwGB//4DcbrrequVXXSkBZDQalZw1FovapSLDflUKVVUoxNSP9tbFrIwsR4/UW8yJbCZkItNYxHILEduNeVM7mUy678LFnl+/9eqJY0f/e9G2Lrnsfd1XXzWUSoWjUfn0i8ejHcmEH3uWx/crlXs2HYiVV2cjX8j63Z+Hh/sHBiORaGdnVymA1t9IciX2DoXtQqgYKibi0URMD8rg9ZD2ehK7/tXcStVlVa47YmpgO3qkBq/7s/mik24G+SWkguWZrUBcLbM1Xcol6lamLrYZ7kGZHucSmBfL39ByvdrbjhOyLUmS49GYa3qWe8VGvNjbNcW9bRW2vGobJrHO53OpdCpSlIvk+gBDd/aORlULuVUdVkYeckyo1gdajgAaAAAAmDZO0fHOiHTBionyTqVKXZl0jyqnmM4WrGJWD08UDmVSmYsDQ0PpdMEK2ZFo1+KYRMjhsKVHSXLtaMSKdnXqjmd67CBLF9WQE9Z8MeSqWDgesYrJZEc0FpGJh4dSHSE3HI/ayfj5C/0X+/vfu/Bq/JW/37DhH2/+n7csTUQ6lB3VfZ31UIqhSMTxxkVy1ck33jj99ttXXHFFZ2dn43UbAQAzSE3hipoav1Z1R1rvp192w/woF59QKlCi2AsCXVOkQ39zppiXz0Mnr3s65+XiZTqdMUP9pYZTmeHhlI6dh4ZTKX0pNJ1J67H5CrmMvi6aymQzXiZ6/sL5M2fO/OqUZMJXXH3V8gVdnclkMh6LltbQC1v9yNWsiLcllg5rC0XTyVpmJrNPSepsReTCbMEq5JXMP5dxs1n7Ym9k8GIiM7jYdrq74v3ZfG548L133oknErlCsX/gWlmNWFTXx4hGwoFmMT2sddkq0zK6DIaS/DUvS7WsWDyxaNHirq4FelXjUTM+nz4YMBmvFZHPaseJREyX5JBVyep1fRFHJ+b5wqA2oFslI8m5rhxdyEuSLtedc7btJpKxjo7okqVLLrlkaWdHl2l0x4TFpUrO+tpA6WmTX2xTw9n/p5Nr2aBO/Z0nXYTa8vNxc7ji6sLWsVjEDum02gxQbKpyS1qdz2fyOVm9SMh0d45GTMUQFZPDg2RCV98wabple1ta7ok+2YocXn0RU9VELgqksoZXu0WZEZtlyQsMubLurYXCFKK5AQAAgGljBkzSZ1x6sCM71PiQff4Jm1e30Tuh1N9xjqpIaHA4faE/3dt7LpVJRaKxZGdnJGTrjkmFwuKFHdGwJM9WRJ97WaauZiEUihZNv+VcsSgn+HIuru8Jh+TsPptOm05Q7uXLlsUTyaMvvJhO5a655rorXfXfXjj61H/47u/89oabrrumoyuZy2XkJFNOquVUONGZkNWJ2qGiU+zs6lq2bNnCBQv9UZDKYwEpAMAsMaIvad07yumz6wb7NpsyEDpqtq3gAHmlMQHlM8x1VL7gZDMFiQ0HB4fk34WLFy9ekP8uXjA/5ZNlaHhQUmn5rMnnc6YYtA46c4WcBK7ewn/9zjtv/OrNy993Wf/a6+XT8YrLL5fgMxGPlbtAl9Nn5fcd9n7V118LRSeXy2f0h54E0MPJiG3FI3Yxr/I5lbfdwQE1NGhd7A0PXoxlhhaHnMu7EsopnEsN9qVSuaLT29fvOu4lS5ZcesnShHwAhkOlaiLllpGlmHECzSILEkAX5YPXkg9WSWg7dVYej0aiqqqjuPKLXVhlJsmXWYcsR2+/XHJOnT13pqfnnQvnL/b1DQwMDGYzkstnJQHO5bKSr16ybOHSpQuvvWZlPB6SHNkyiXPpCSodgOj1NB2lLdf1O6N7Qwnq9ZAw3e1MytK85y1iKoJ4Qz2aIwXJo/3BDV3XzLngFDIZuXogGbSOnyPhjkRCLkJHQzqJDlkmPjfDF9qloSe9gNirf60mt5fKf/IM9soB0Llz/f390iI5XSZcVwnXYzfGYt3d3cuXL5dlye8E0FOM5gYAAABmpdL3eyVcVnL+XbTc4Wzuvd4LgwOpTDotp3ILFl0SjcXy+YJOpqOxeNJ2i4VkIhoLhUx8rU84rUhYn8dnnaIrJ5ahjngsbzo6FfP6RDIcD3kLunihr2uBc8s//If9g+mz587n0ql1/2Dt373y8n98+pm+9Rs+8qE1H3jf0lQue/zECTnj+wc3/4NkPCFrtvL9Kwv5vCxazi8tmyLPADDbuapm9Lryb+Xo2fEzXkkaQ3446YWxpi+wowrmCzu5vOTHEpPq3sy5rI6eh4czQ0OpgYGhvv6BC5qE0H19fRf7+vvTqeFhuf6ZyxbNg01FY100Qq6sSnzpDZs3PDzc1y+BcKqzUy68JkK2SiYT8k8P72uH/DX1Bwi0yvG3Dl3NP9t1IpbqiIYK8WhHyIq7xXA2rQYL+bRd7O9z+y/kL1y0+y8ks4MLrcJliUg6ZfUPS2hd6LdDEvf2XLrsbM/V5y+5ZMnSJbFozKs8UQqMS12wLX/wA/2VI1OGQpewiMUSibgEu2H/o9lnKX84QNerMGIKMuvGtfRow8Wi5MypiwMXT7198vjx1871nh8Y6B8aGpZbc5mcTuYLuVjUvuzikv7LFicS4SVLFkkQHI93JRIRr/q28oadUP74iDqaNrU/LDMecqlotqvLfkSiuryG6WYesfV6enebftKuJeF90S3mnUI2n0kNpYdlrfrPD/QNpVKm4rS1ZPFiyeUXLlwYiydkW93SoMR+/Y8WfTtK5iNBs7SqRM9vvvnmW2+9pXedixe9G73EWTJouZKhq4/lckuWLIlEIpSHnkoE0AAAAMD0G//kx/W/1lz+kqrpraRPUovKGcxmz8pJ+mB6OJ2Rk8cFixdFzHRWMbcgrstxRCKhSMhKRONy6miZWtHmC7y64GQqm4lGQ3IaKkG2EyrGJYPORwp5N5PL6tHqTR+ljJ29cLHv/Pnzi5csXr780sVDwz3nLty89oYlXQve6T3/Ny8dj8ZuWLp4wdL3vW/FB1YtTHQWigXLciOhcO/Zs4sXL451LXBtq36XOQDALBBMcKtu90ad86Jn+Rzxqh3Lz5B8SJU62Zbe9i3JjLOZvITJfX623D8wMCjZqeTOg4PD8k9S1OHh1KD+P12DI5PNZjMZnRnqwQ0Ket5eR2Jdv8NxTX1jO2TqQrhWMV+QpPrd996VyFVC3SWLFy1c2BEJx2JRb3SCUrfs8seRiVBDjo6e7bAdkjB4UdfisBt1nZgqhlODTn8mnc/k+y7m+i/KrK1MOpEbXuDmlkatgYjdH7bSMot81hkeHjx3/r23375k4UJZk4ULFttRyy+E7Pe3VnK7qathehfrQs4FXV4jFpFrtNGw/v6TW+pCXmqqYP9pXcNDqYL5WbSsQq4gzXbhvTPvnHjt5Z//9xclq9epaiFnam/o6s/S7vG4bFLOVdnFixdKAC1LuuQSOx5fGHgOS7/pwh92OBw2Wb2tu0ab2FuOM8J6+Eg5Qgi5JqeW69l2vjymox6jUMkFgVQmN5SSJ++8uW7w3rned8+dvdDfn3UkCM9f2d199fuvXn7lle/rvuJ9lyd0GetSAu0NvFwzVGBzpEUzmYzsOm+//faxY8f+/u//fsBQpm+1HOtEdSmQiATQw7qa+NCqVaskEzdZu10pCYN2IoAGAAAApp9dKoZoVdfTLP3iut73Y00hC5E354IFxxnOpC/2D5zvG8wWHTnDSnZ2xqN6XrbrJMNWVzKRSMTk5EpOveR813Q1Klp2pChnlXJG7uhT3IQVsnKSF6t8IS8n+GFbReMxN27Hc+F8Xp9oWqFIoSMXLYQlNLg4cC6VG1jSufj6q97/zrlzavnV750//8bpt0MvW+t/8yOdS5Z0ReS03QmbEYwk7F6yaHFXZ5dsVVHWtpgP6S5WIds/4eVkDwBmETcQQ5dv8q6OSqiqxxXUFzLN13NMyKhsxwznZ4JK8yhd6UIHzQPpd3ve6+l59733zvT2XjjXe17n0X39ptCzTp1lsmwuryqjxulZmh7BllfCoVTMyXQptuQjVNItR659Smx99sxZJRnxkkVXLb/isssusRO6I6/X/dg8xC5XuvAiVMspRnUBCSWXaxeoDidqualhJ1xkUu4AABAASURBVDXkpPpzF8/n+y9kB/rS/X2qkJe5JIrFBW5+Sdjqj1gXQtagrSRjzaXTwxcunPn1O4sl1Fy4qHDF8lAobNLn8hCB+ltAXlllxys7UZSY2JWLvPGYrolleVeUy+WzS6U4rNKwgjpideVDPGcpyZQL2XzfwPC7Z8+deuPN43/70gsD/YN2yPSYNiMAyodvJBJOytGAlXfd7CJJ1RctTCY747GFlyz1DiKKlQzai19Ddjg4FoW+hiBXt13bdGOuPPlFc5HBH4nQkY135EChf3D4Ql+fRPBn3n3n3ffefu/dt95758yFc3J8MpweXrlq5dBAfzGXjyUSl11+uS4CYlWupU+m9LNb6sctZC0kXL548eKpU6f+7u/+7m//9m/1dYxUSlJ1yZ2juja3ljJkerk0/v73v9+sgX8AxrXxdiOABgAAAGaq0tBPpvOYOWe17KKrzwX7h9KZXDaVy/YNXMxL4BuJLVmYVKGIrU/BM53x+ILOjritYnrUnXDBKcr5bbZQtEMhp+DYkVAxnzl/7uL58/19fRflNKz7ysvj0ZgsIRTvkHNjOVOTk+VYxB4aLMhJnczzsqVLJBMYTLuhQsiKhFzLCdmFKy9f1vd639KuzqElC/+f//bfLpx973/ZskVWNKTsolUcGh4+f/HC4MDAVVddlezqsi077+SjoZYOeQ8AaLMRJRLc8piCyh+MwJSZsC25iJnNSHBcKJokWo+cF7Ll10w6nUpnTcfToaHBob6+gb7+AQmdz5+T3Lnf9EnVubMkg5I75+RaaLEgYav5+o0qlSn2y0TY5l+ly6pODy0vW/QqVegurUoPhZfPSvw5mBoaDIfCiXiHGXLQW3HH+xqQnoWkz3oo4KKVGbbS6WJ6sDg86AwPujp9HnSGBtyhPjXQF0oNxVNDypFPQ7foFDuKqUUqf2nETifjYdcedEPDjh1OpwfOnOlJJBctWLRo4eKFS5Z2dC2IxhPlARhNl2JHf6YW5WpsLmS6YodtN6Qk0tXDEppg1hsVUHnjFuoPfVW++ly0lFwqzhXUkOMM5opn8s4ZN3Sua3HmyqsjF/ui+bzE7zrvN1un28AK6dLWmWxmYGDoXO/FxYsuXLIkJZeC/Ql0D2QrWKa63P/adH+WfyE9BoRjunLnHZUtyD83lVLptATu2Ww6Y0aKTMnz2j840D9wsa+/t+/C2YsXegf6Bof6c6nhfDErGzzUN3Cm572k5N+dHV1yRXrBQvk/XZtL+b3n1Si9j8v5sgrk1F6/ae92b5hByZ29ahtnzpx57733/v7v/76npyedThcKBbfE1GmxvDLTZpREn8zHDtuWZY2WPruVSyCYLAJoAAAAYNqMfVbjn/nowYvcXCFvhXUHp1Q6L2d/w+n0cCYt54ahaDymK2xEZGLbdiIhu6NrYVdCf/M2bFlyiqtrQNsh13HjkWiuUPjVr06dOPHqz37+81++9FI0Es1kskuXLvmH627esnnz8uVX5pQeaEj3Uw5bTtFyErGcbcvJWiykYguTMptwIZcp5qPhUCxs5ZzC6veveOXka8svvSQZWfuzv/6voXTmM1tvX5hIhsKhi2b8H6W/wivrkJMzPzlRjHZIRO5/65bzOgCYFaqqPrvBCg6Wl0F7XZOdopPSmWSmUFRFx9FZccjK5woXTffms2d7z549I6HzhQsXzl/oG9QFEvS4ghIWF+SfKdarC2wo/4qrKVZRSgZL/YLlU01/i8asg6UXoMtvyHVWWz4fTXUOkz9LpOzkshldzmNoMB7vdL3y0375Z+VXqtYds4sSKVvFvMoOq+EByZqd/vP5vgsSQKv0sDM84KYGrNRgOJcJZTNK156Wy6/FZD6zUBWyEauYiMbsyMWsczHnunKN9r0z71r2okVLFi1eKvFvVJd3TpaGPDT1soq68nU2nXYky7bckG3JpkgiamqJ2GZ7Qn4aankFtR3XK/qsm0JX3tBVOCR9ds5lnbPyz7HPdS7Odq+IxM+Hh4ccc1CgU+xC3s1lHd0j3M3lspHBgaHe3guLFly4qjslt8liAyNE+n2t/fX0h0nUPaR19FxU/r90UQ1J9J1SFy66Fy/m+y4OyGWE/r6LuozKhb6BoYsDQ31DgxczqT5p9UJu2C1k3XxRp+DF4b5BCaAj4VCXWNj1vu4rYno8wLjpJu/YpfEhag4GvCMExys9XT1EofeLV3ND9qF3333317/+9dvGW2+9JTH02bNn07qRnXL67B11eKMOmiGZC14Fctl1Km1Q8xW0QH3qkXehCQTQAAAAwPSrf26jvxzsyAlpJpvtGx5UITvZ0Xn+4mAqk01lM3Jua0pHhgqFrOU4iUg0kYx3JRNhqxjS8a6c6xaUFbbtsDmld47//Yn/6//6v47//fGXj59YtmyZnKRdeeUVixcvGR4cPHzoL195+e9+//e/eO2118iJmR7U3vQjC4csiaTDYSubG44nE8VCThYUtWxVyEeSyZhes9zKK7vf6+29ctnqj9xww5NPfvsnR458avPmvON0LliQ7OySGKDgOBfOnJH04fL3va+ro7NYLEZCoXIADQCYsYJFN8rRs6vKn1h+iGmSaCubLw6nMv39g6l0Vq5u5kwn03Qq7Q0oeK5X/3fx4sXBAR0+y+daJp2RTxy/hke5L6zXydn7zx/DUI9155hwWQ9coCtFeAG0KVlsebeYJNHVdS50R2yJg/sHzvf2nlu8KJnoVEsvUbbld93WvYr1RCqfc/O5Yjbj5NKuRM8D/e7AxUL/xeJAn0oPWZmUZNC2/JJNyZS60LOjCx7brhN3nIURWbIeO3BhwXpvMBsdygwUC8MDfecd5+1kh3zApYaGJU+/tFiMJRKReNyMlijrlZd2yUucbVuRsBWJSHCuTKdqt1CQoDkUlmvJsg1+YWK5eluUz25bjzooWy+x/nDRGUjlz6Ty7w2n38sWzqnw4MKl1lUrF3Yuigz2Z9Ip+fiWy9DR9GBuqD+TSRVk3ulMuq+vP6TOxiNdl13y6/ct65YYuKOjKxqL+RGzquTOruOVfnZVruiaLs+FdL6YyTsD6ULfYPHiUPHCBef8heH+voFBXb+7z8uhh9P9qdRgJpuXtXWLCXlSwrGYrIabCzl5lS6kLgycDYcTiYTrSHvnIxE5fNCFR+TieWVPqzkkKPVX9wqReDmy7E6yw0juLPny8PBwrzy/58719PRIAC0/3zWGhoZSqZRjmP3J8mpAez+9Sh2yP8oDz5oxKhYtWiTBdLlXNUFz+xBAAwAAYM6oGRzJVjOeU+mAZM6K/ZNt5X0FVvfUsq1MvjCYSWfzebdoD2UupLKOHZWzN0viYTlZlZPhTl3eMLpQomc5EXedkB7fSE7pLflLTtXO9fb+/Oe/OPL8kddff03OFhcsWHjTTTfpr8F2LTj15pupodSN/+DDctp69OgL3/zmN//1v/7X6VwmmUx465XJ6VrTcp5YKORT6XQiHlemNKfMWs7/uhZ0SQB+qR7jKSJn14uWLtz+z/73//C9P//AmtUf/MA1MTm59b5xrIeN0iNRyUqa9DlsBo6q9HsCAMw0I4YaNJcyNb8Sgo7qXF2D2fTV1f+y2fzwcPrCxf4LF/ouXOzr7+u/KP/pnFL/0KMKSj6dSZvOp3ndL9WURtapnzIfeK7fl1qn0CYwNN1e9YeRoz82dBfhkAmd/Vt1uGhqQiszrp3+ZxeLjqzGoCpeOH/hvZ6eBZ0dixYtdot5WxJqvRRdc0NXN9b5ctpJDeUH+3MD/cXB/sJgnxoatFKDVnrIzqatbNrOpaxsRn6RC6luIa9/SozsuvFQLJqId4YSSyMdQ044ER0IqQGlC4mk+4fTpxzn3Pnzss2mmEh+6aWXXnLpZYVcfiidyuWzXm/vZEIuH0cjkbCJVosyZUbSXvmUdGKmNEXIbKPuh2xbRVuPOljMF4Yy+fOp3Lmh1K8H0z1D6QuZfL8VSi9cGg3Hly25RHJ/CfQLkVA8Gk70nUv1nu27eHZ4sC83OJBxChczKWnA8IKORbFox1XLV1y9fEUslrCKlj4KKT/fXo3qnCP/3FTWHRx2+oezFwfTfQPZ8/3p3j75mR8YyPf369rOuZRE2ym5hpCRBD8nyW7cseKRxJJorBgNFyO2XBjvyw5dzA4X8o4cxPQVzxVz+bNnevN5J5GUw5Z454KuZDRqOnt741z45TUq1yK8Pc32D5Hk+MEbP1CyY6/ahhc9nz9/Xq5qyA42bORyufLYhqZHvOkhr8uR6VbNZrPycDkaWbp06ZIlS2Qn7OjokGRc1Uuf+apWaxFAAwAAzG4cHMvJhq5ZrOS0s2AyTdt8EViXj/QmmLGN4533lcsgmpN4ffpsBkbSHcokZC44VsG1cvlwOh+Ssz0rEnaKSpeMVK4kuXLqFraszngsIUlwWPelcuRuK+yaphgeGv7LQ4effvqZ9959T5ddXLDgiiuukHPFd37969On3vrAqlWRUOjka6//1+f/ayymSzP/7G9+/ud//n9/5Df/Ub7gxhKJWDwit4dCKp5Mum44lRoeGOqLxhKRcCStu62pgeHecCSUSHR0JpOdHYmz53u7r+i+9dbbnvmLA7F/8qmlyc6FC7vkzM62EnKv6ZjmhuyQV4oxJJtWKEQCvZ8AADNKcBxcJxBAm3DUtkyvZN3RtKhHxC0WHD0W3YX+M2fOvSvp4Htn35OQ8Mx7F86fHxwcGhoclGhYVzvWjzSxsXweyFVTPTafGeDAKlWE8ANoHRrapXrPjvJySVN1w3SStkrDEfr9Y00PbcsM1ZfN5J184fy5Cx2xmHwIdV9+uVxCtdyoqRLiSN6r8gWVGnAHBwv9F3MXzqUvnCsMDRQG+63McCSXiWTTqpC1clk7n7HzebuQ1dtWLFiFos6glYp2xHTtq2SXnVycsaLSDsV8XtLYc7rf9fDgQH/h9Kl8PhvxQk/LXti1UHLP9PCwXL9VuuaGfBzG9MB4kbDOo3VBCAmoM7pfeUiFIpYZUFE+2+WatK65ody8/CsU+1LZ3oFUT//gOwNDpzP5wbybVaHCgkWxBUsWL1qaX9SfzWaceKQjHus8805fSHLrXDE1KCuWlfR5qD9byLqJaIclxw4qfMmSSxd0LfQPj7whI+WfbJwE7JmCky64A0PO+YvFc33pM+eGzpwbPHt++MyF1LmLkjlnh1P5Qs5E8vmcU8zr59WVywgJOxRPyOHAQhWPuNGwNGJcRUJFa6CQGsgODwwPS0xcCKlkR8ell13etXChbGeys7Pc0dkyNVL8ANoNlAZxVdGRRch1hazXc/n06dNvvvnmr371q7eMwcFBOQ70x0wulYq2vQsbhlciPGS+eiWHQBJhyy+LFy9esGBBPB6/5JJLJINWoxwrEj23EAE0AADAbOINnm6XslWOi4vFopxXmAGPCt5pgpzI6W9TzobGsQKn9/63X/V3cXX47Cg5ebTScsY5kO0fTKVSaStsWxI4y1NvFRKJRDJPewIcAAAQAElEQVQRy2VSEdddsqhLzqvkEZYeBb4gKXQhX+jr73vhhRe++x+++9rrr0tAfOlll8lDhoaGz7zxxvDQ0JmzZ2OxWH9fXzaTed/7Lstmc7Ls4dRwNpOV7Pj1N968auW1+UJh8dLFl126TNJliQ4S8Y5oLLZk0aJMOmclE0UrLCec8Vg8XyykLvbLOWNiOJHOpnLKWfMbvyFrn8tk3XhS4go5UVy8eJGk2aFQVLYsX8jHwhF51tL5vKw2X3cFgJnML6Kr/I6pXq1npYNciQVduSxq6mkM6e7OF3X0/N6ZM71nz3k1NwYG+geG5ANsOFfIKtt8Kcn1ek+bXM+2KjfIRUmdSpt/JmGWbDpkl7pZu2YkBD1knlcfOWQqfthmTrYXSockyHYK8iGjHD3KnCTiA/3DZ0Nn5QLt8ksvO3/pZV2dyXgsFnKLRcmd9eiCA86w/DKYH+yX30PZdCibsnSt55SdS9v5rP5XyFv5vFuQTza9tforSbapGxGXILfTjsYkSo6q/OJk5MqlC9P57KDEvYV0JqSyITffd+70q8cLkv0O9mdTw8mFC+MdXQsXdOlNDFmJuFz/1R/otnx623Yk5kRM7BqOyoYrO1TQhaFVvqiyjpvO5QayucFU5vxg5uxwqldi6GxhMOeki05OttNk4tm8RMARJ26HOpKRzkQik8r0XYjJVWQrFJKwXTa6qPIDg0O//vWvnby7INF5+eJLO61oLN4Rj3eoVEYNZ53hdHFI/qVkUdmB4Xz/kNM3mO8fzPQPZPqG9C3DwyqVs/NO2Ao54Yijn8+Qm5UL1jnbCiVDkWg41hlf1BVfpMIhWfusW4iFVEcsfM4aCMtGFoaGHGnKfO87vcf/7hUJuq/5jeviHcmoPC4S9moxVw0z6PrDDEqy39/ff/78eYme5bKG1/fZK/QsiXY6ndYbJ+Gmqe8cPKLwxhuU2+VSt5c+62slhhxUvfvuu3KjHAt1dXXJXZJBJ/W1djf4cIWWIoAGAACYTQpFPVJPNBYtFnX3We9bmmq+Ko9vLq1iykXa3oB7mUzGq/8ww5WLb5QqbOrT67wpvVFUbjqbOXvuYiqdzxUKlh1280U5SSuYMXOKxfyFcwOLF3QsXbJId/eSk23XDYXDtgoPDAwfO3bsu9/97muvvbZ4wcJrPqCj5BOvvdrX16dPRsO609UHPvCBeDwu0YD+7mw6nc3l9deSHScScd99773s0cJNN39k/Ud/u39wIJ5M5oqFpbmc+VawOzg4JGdvfWd7JeNetmzZwHBKbpS9MZns7B+Qc9vhZKF49aLFN6z+DTebW9TR2dd/Qe+ustBwRGICPR6hZUkGff78BTmVfN9lly1evNg7aQQAzED6sqirP2ZMX2O7nEDLMYgkn4MDqffOnO/pee/06XfefvvXvWd1UV6JBU0d3mF5ty84ed1BWkfXpiyU17fVzxm9fq6mi7PuzRzWtZxt77hGfrX8Yee8us2SKzumZpUuuGFL+uwq84sy/aFtHTMqSZ0LId2X18kV8s5g/5DKZZO2ffaySy9ctsxasii8oNN2ioXe97K9ZwvDA4XUkJNOqWxaZTNhpxBxCxI9u3m5JSXRs13MSfqs+0oX9NCIunu1Lv4RtiIxHUAnO+xQVF9DLRYXJyLRSFcmN9w/GM1k7WGlUsrJSQCdHr5w4Vw2ncrn8letWrV8ZefCrgVWWHfulrTcxOuu6cIdkiu6UdMJOaIDaD2esAmgs44ayssHb+7M0PDZ4fR5+ZfKXMzlB3OF4YKTLThel+xsUV+AtqxIOBpPdHSGJQNODcU6umLxhO5NrQPogiMBtDswKOlz3/n+SxcuXfW+5ZfEFy5cZMVVh7qYU+cH3HMXC70XcucuDJ3vH7pwMdM/lB+U0DlVyMjlg5weUFD3X5d1UzqAtu2irUtUO9I8eSdiR5OhZGe0c3F08eL4ItccrGadfNIOL4gmwk6omC/mJX12hoel+XvOOLaVLRZiHYnLrri8I9mRtJNy7dzyy7qUhil29GGJ5MuSPp/+9ek33njjV7/61TuGXN2QHWxYZmaoUqFnb48tB8fe1628AFp+enP2HiKPlRRbfkr6fMkll8gVerlXAmgV+FohF8hbjqM9AACAWaBYHnHetcKRaC6XN7Gd/iKrV8YhpOaRYBcVHbyGQtISoXAolcqYofOcUCgskazp76LD3FKvLTVDmc0p6g2xc4WissNy3vne+YsX+waH0xnJn0OhSGdnTOkzYCX5r5PLOFH70qWSPycsM3CQ3CNT/+rNX0no/Nd/8zdvnDy5ZOnSK7uXy8nluz09r7766nBq+PLLLo9Go/19/RJhSzp/UXdPk1O44Y6ODskI4omYnE3mshk5Ix4a6H/yiW9LQn3Nmg+eP3+xoFTngi6Jt2U9o4m4jvmj0aHBwfP9/RJmS34tJ7aXLHMTHV2LYrH3enps9W48EsoODTqFfPf7uuWkT5KLQj4vz9LAwICcdksOHk/EL+/u7uro8L4k6zUDZ3oAMANZXlJqPkeLhWImL58VuYGBof6B4ffePfvOO++92yMfNfLzPbnS2WdK8eZy2Xw+a8o267ENdOIatk2U7L3Rl8o8lzo+KxM56/RZ+T2gzW0mfrb8T0mvToMps2F6PSvTl9gMLxcxlzklJHdsiUQtXae5oMfu04dIw0P5CxdS772bzAzFhzrkjvy5s4XzZ51M2soOh7JZlZegORd2CyG3aBWybjalcmm7WFDFvCpIym6CV1PhWpYl0bMVS4aicUm89YYUC7bj6DH3YvYlnbHuJR2ulU9ZoZQKpRxrWHLh/PDFd0+/rotU5GUVJVXvWriwc9FCU4LLcUtj/8kHbNRco7VDBVcSYyeTd/SAjlmnP1voG0ydHU6dTWUuZLL90vD6GShmdVUKyX/1JWiveHHEDqloWD5h5V+oqzN5yZKFg5fkznVlOmMDVigUtaMRiajlqcgUMr19vW+8/V4xVlw8aC9OOWcvFM/o9Llwob9wvi/VP5juH8pJ9JzNyqJkNUNe8RVLLgLYYcuvc+YNSmnrgFcl7PiCWNfCeFdXKJFwI8qUOYnKA63/l70/AbfkOuu70bVWzVV7OGP36W6p1RpaljzhERuI8bUNMZgQsK8vTsJ1nJA8iWN4yMAluRDi7z6CkC+XJwTMYD4mYxswGGHhEXmQjWxjZFueNEstqefTZ95zzavW977vqqq9z+mW3BqMJXW92jq9zz61q1YNe9d6f+u//i9zYcjczgsuuWlYuSUy6OiwydZg7eTZ4wvHPBc6A4dWDh7oznVNQsUJXFtpGoVRGIbQRdnCOpJbZ06fQa+NUydRBb21PZmMkyTJYWyeaz9wPQhB4xjViD48MSzsBdq2Y1DlSlW7uFDHA9afZTng7PvvfwBrUsJgOfpy2ySXFlVNwvp6bfonT0Jc6gAarqqPfexjf/zHfwwX88bGBryyb9++K6+88p/9s3/2Qz/0Q6yJJppoookmmmjiKRaQzp0+dRa60Zdffpk2uruUzTgo6RJJmlmG+aUvfuXWz34OslfPca644ornf8fzDqwcIFFMJaAStduhqhQuOrXgfy+H7/x6TpXDIc4sRkUU5MxZrsIiO7exNZok6BNpYv7UaregncOdYZ5mgessdDvLC/Mtxxzs7Dz88MM7W9tf++rX7rnnnq3NLUa5lmU5MofkNUcx2ubW4uLStddem2UpEOcckmqlHn7ooSgGhpBispemQeBD+lywrNPpDno9yGJ725t/9YG//A9XXw003PO9CG0rBbZZiHGYBIEHSfhwOJIy3+r3Dh48ZDrO1lYfFvD8diKl4wu/006iFA4/laFXJgGFVtDS5YAgx0Nd0gx9bqKJJppo4u81Zr99+a4XZu+IZLSMU4yoOAFLk3Q4GO5sD06dPnv6NOC7c8CdNzY2R8PxcARYME7gppKmqJjWG9EFBgVaamiKTFAPcbYhTBgtLhk00yjRqEgfGQJXayhtgWm8HZAnK604YHH0ibbgAavHGwqV7YM7VVEYee6Zos1EAM/Ho2RzLQz79o6ZQ8MmAzUeGHkKD4GeEACaM8LNKT1ilicIh0v0rDSHRP2zaRtuYLQ6cA/DLRUIqbmU0ApHGPOBefly2wusRFgwbjyRfCLZKFU7452H1jdknsI7MplfduWVrbk27Z0kBg2AHtZQcE4+1yKWLEnzcZqN46QfJjtRuhOnvTTrJdkwycdZMclllhVZUVUt5iQKB5YPRwAQt4WHlcP4dLG8JEdGfyHaam2bhdeyOrZwGTDbnJvDePvYqdPbqexuiO5aurGTbOzkvTEbRyyMZZxK5PKFKQuzYHhoTQGHPOcKBqRTofBagM3D4ZEIoF3TaNmtrt/pWi1HWCJBz2Yu8WRAg4D+SrctPMOVnp95XuaFPI/SYrSx8+Cd9/W2e8/9jucb2HLTgzFp0xxPwn6vB32XtbX1jfW11XNr59bWNjc3trd3er0d4M5JHOcwVM/w5POySKEQpX8LXTfkS85IEW5jeQwT0Dfal2kLO1FeY0Du4UI9d24N1gBrhVeCAIszdzptGGZnpVR/6kbdMOgnHpc0gD5+/PhP/MRP3H///bMvnqD4zGc+85znPOf3f//3IXthTTTRRBNNNNFEE9/uQGEMR1C5trH+t1+87fDhw4cuP4T6DkztLuk+Mew/JBgnT57+jd/+7TTLWkEASePHPvbX+1f2vew7X/rd3/M9QOo917VsS1VVbvI81+8FplqVqakm+upFHkczKnkWp3wFVV9VJRxav/63nM6pi+pUhd4LLJ+oCsj4cqmGk/jU2sZoMnH9lp6N2vIDSOTSLGk5Xnt+3rddJbPbPvf5z37m01+5/fbtjQ0y1bAd12m3ulceuXJ1dfXr3/j6kSNHAFtvrQGC3ti/f98OCp53IN3KUvwPtuw4TqfdjuPYskysH6SU7weQ10H2FYZjyMJGo+Gp0ycPHbmq1+9N4gS9MizR2+lBrhelCbS+1QoK5exbOQC/9k6d4UrAera21jud4PrrrnEcdKKEixYSQQuhM04nho1y8jFnpKBi7Ikc8m9L8PMGEppoookmvv3xmL1r1Td5mc+8hDXq0HAjx0J4/cH62ubZM2sP3H/s/geOnT27ur620dvpYyEGWUyVytobAwkeuT0DZgYArcqCu6XjBsBSA203KhE0ipqrfSmrCuo3lHdM/VSxslwhgkcOcBEr8DKNrhFBW7xAvm2IeVMsOtaCwd00VP0tORExThbLjTQy0omhpA04UuUKugQZldPLE5UDUCYYrVTdBNyWwC0I27X8luW3yT1EIYKFJQFwi8JkRtfhaj5odbzctKVhTgoeFmy9Hw0ePrt1etUARm7DUtz1naUD+4CdGibsAXQAsPAfF9IEkq2iVE2AzYZZP4z6k2hnEu5E8XauxtA7yGWY51EuyXmjyEmbazBeCoABQAPD1fJdUxgtGIpfaImJ3V8e9Oe3HBW07QWX+UVSFHHhcP2P4AAAEABJREFUhXl4cm1rdey2d7xgM97qx5u9YhLzrDAyKchjG9fJsE6kYcEhtgs0X4HzKzlaf0OngeMQg+S2wK223aDjBHBoeKZ4KrVBuMGZaQoHzr0tHMvxuO9mjpe629lkJx2NB5PV6MSZ06cd04YOhu04LRgOl20YzFhbO3fq5OmTJ06cPHXy7CrK64fDIXRXgBdrixZ9hdYieSHKqpbaM5ycN/BF6Bw5jktmLrpSJQ6K6HEO7cUBIHtra3s8nqRJBl2g+bmF/Su5bdnA8EtD6tojpoHPT0ZcugD6K1/5yo//+I/DdQzPocv+yle+8uqrr4ZxDxjCu+222+D1u++++7Wvfe2f/MmfvPjFL2bfsrjlpw+++UZ29Bduu/Vth9mTE6d+59Uvv+E+9vp3r/7W97MmmmiiiSaaaOLpHVUuqFOvXMr7Hn4wztJut4tGhKgEEpdgr5hzPTVSoXsi2kIWn/3bL4yiCfBTyEzyJF2cX8iT/G/+5nOf//zfzc11r7ji8NXXXL1//36A0ctLS1jayMA0tChkluVaRwWpJNWoESSTKapNlclw7UtYmwPOZvilLEuPBXCWZNlkPPJ9H5JiXhV2x+mfNIO3XjmcPGh5QfKwncFgEiVhlK6tb1i277k+pJUWluXhaL2ZZSxJz5w+9dADD9x7z92bZ8/t7GzCVl3XXVneD6lgZ35ubm4B9md7awve850veSmg3iROIO2CvC5O4t6wF0exoio9ru9BdurYDoD4wPOHo5EBDXWsOIogqczgiCSZYmNIzj5x880/9v9+sxSi0+nA8crj1ITET/GW6wM5CKN4Eo5R5FRgaSZDqCuPHN6/svyVr3717Ge+8g+++8WpI800bts2R9PqnJuihg/10XtaXb+aPjdpaBNNNPFti/oeVD6f+U/fT0QV57/10VbL9OCoJr2Ms5K8wv0JIF2a5lGUAKrb2to5d27tzJlV4M6rZ9F2YwA3r/GkHtatasjRzZPKDOJ/Bto0ACDV6y3/gCTQwNoAitf7RiOyrOK+U1yN9wqm755oBoLSZ3Rjhps5PIH3S6ChMARqFbnNU9fhHT/oGO5SYC0FzlLbWW65iyrz88KR0kZn50hkoaFyXuSskJyMlLnMyXYDn8OLeuOKDEQKaL7r2U4g/JZwPGZaWJRRSnzgILhE9J6lBlO+IYFU54bMATRz0WGGzaz0QMtUi6mVbp1+OJO5EjlscnllYWnfohvYBUvhIeUE+HIiR1HSD9NBnMCTUZKO0mySFXCfnUgVw0g0bFVxiXrnWQtsBhib2waQ7SBwOp7p28yGmzwHktq1i0NHOtc5IjKtzDMSQ0USoLuZKTNhfqqsOEx6hZokJnQQJDqiALXV5iaoSKcXoG8EiD1nKilkwooQLoYsyeFKUyKAw+GgH7YHiBo6A2mGOL0oyLEDTyUnUbqDP9B/y7TbgWXNs2Couj0Z7STA18dbZ1bv/Podq+vrXrtlBx75uaxtbGxswdW2vTMYDqGzAcQdLgH0ca46EGUpzCr0y/rKFSiL59jPQ99nQd5lhb6cUcdOcmm0hQEMDceRiTyTMLh+7IEHYYDl2qPXFnmxb98+6MK5rlNffheeHdDEY4xLFEBHUfSv//W/1vT5+77v+375l3/5sssuq/+6ubl5ww03/OVf/iUs8G/+zb/5/Oc/73ke+1bEid+54Ub899gv/c9b3vZbr2FPRnzyfwJ9hrjpf/zOf/n+tz5ZVPu8OHXLJ9lrvv9btvommmiiiSaaaGJ3YGLJkEVubm0NRsMrjlwBRA/zS3FJmT9fINIsi5L0s5/7LKQFk0noGNbpk6cOX34Zcl3DOLByIIyiz//t5z91y6cAyAZB67rrnvVd3/1d11xzDXT/APRC/qqlWHmuNIaWMtMGEfUmtEpaAv6HTLVKr7XvIFOaApQAQBNKYM1+0LIsq8DagNIyrRzeXEBuZyoU4GD+E2eJrsk+GIf90XiEjpn5Tm949Oi1kMjjxFVYJo2+/tWvHnvwwZMnTn7pttu219b37V8+tH9/Owg85wA0dXFxETjyHXfdOZlE7bb0HA/StpUD+13HO7t6ZjyewAUTRWGv34f8vwWZqetqqVSWpnBF5XmGxpW2DX1jC2VFhmXhjkPSCsDh1OlTJ1bPvuwVr3jO854fZblhCEjHAsfZ2t5mRT7YGaV5/tCJ49c861m+37YN8+zZk1+8/e9WDlx++PA1f/vZL44GE+UV6KrYCpa6c5CO2s+EzKNJPZtooolvW+hB0Gl5NKLFRPvKYrwaQMPd55FW8Aiv89JlQpcaIG9iXimO4Vs8nESDwfjkiVMPPXj8+PETx4+fPHP2LNy30IgJ6G3pViBKIKhlqZoRokUz2S2hCTR1V8rxXF0/ufS/0mpjNv2GJfTLajLNyfKBUcU+2grelnFiDa4VXwV2nPE8s3kecDnv8EOt4FDb2d9y97WcOddwhLRZZuapWSSGTABAI4MuSOyMDLp02xBKw1N64AHgEugkMwogmo5vduZMN2AEoFmaKrRflngOOCyPKmagtb4pHENkoshFrgxTGUbbNg3VChx2bGN87OzxczubErobPL02Pxq0hBt0FYsKFifFTiR7YbQzCrfHk50kCZMslDJRHMaDgTsnhYoLlRUsAyTOyT0bBrF1JUaFTssAoB3fDgK35RkIoB0DiLk71+adg87hbFn28mJQqFGhDHTlzkZxlscsyswsjLMQbs6mEoZ24SY1NU4QQ3MUg5mwPQD80II8zlmUF5M8HSeRwQzXAPRsd+zWXNDBUYC0UHlKVySj6wi7RMC64U8WEyYzXWH6pjVvBqEpJ6bcTEZ8e204GGydWRtCJ+R4YAHH9hzgz2ur5wbDQZIkaZJmEjtfsFK8mkyrNETR3bBS9ixmr2wcaBcGFR00BakKSKpOYzOwLFm3CILr+kKEyztPcwDQWZptrK2rvOi0Oy7ppj3Xm16TpSMHa+KJxCUKoH/lV35lfX0dnvzAD/zA7//+7+8ZHlxeXv6N3/iNV7ziFf/hP/yHc+fOwcJvf/vbH3llt/zkwTffNP316Nu/cOtbj5S/nPrtV778l47tefFCcdexE+w1j7bAY4/77oQNfysIca3afs0TUVh/Ofb/EL8lrvsB66s/8m24Dk98MH72zfgd8j/+m/vvD7ImmmiiiSaaeIoHwMosl2Ect4L2d3/31Y5lw68t18Fkaao4uoSCPP6w4KBpWg/ddXd/p5enme/5kIHv379/MBgCme0N+sPB0IZnttVpd719nmU7Ozu9G//iA2maGaZYXFiAA+u6zuWXH15ZWfExvIXFBXilTUaAQKJJAyRK1whSMetMHfIZzG2q5lSmGgwyGcz/DWM4HAJ69l0vx1JIFrZXIidAPRGWkoe8kW/1d9a2t4bAyCfRcDABAnzzR24OJ5O1c2v33nvveDSCXYBEzgv8Kw5f/rzrrnNMEY1Dz3GXDh2ElYTh5OSpU/3BYM4w1tfW8wzAcrK9bcLeQV83DEOt2O6026aDNh3aGBGyLUjM0izVOCBoBfA6lbVUWYYqNsja8kLmRW663qc/8dcvfuELXdOElluMO55nLDBY89L8vOW6QLfD8QQO43g8Wjl4sDM3bxme4I5rW3NtOJaY1cOQCaT3i3NdSCFRt8V542HRRBNNNPH4or7X154b5CQAX/9ZQQFf9fVi07kmezsIu/ScqqTP5avaKAPuceEEbkeT3s5gc3NnY337xMlTJ46fXF1dPXdubWtrO0nwjkOFf4UuAIfqUlwZeRKXVRYqFs20pbN2Xipbxyp3jbJJqJMtvZl4qcku+TQwTYH3TayMgMYOwFvhIYRtKMfg+DANh7GOaXVNtmiLA4F1wLMXXDFvMZ9lIo+5jIVMBdBn+FmkvEiAEnOF0mmUMytSyGqSX+hd0OUNbRIxu4CeDcsFjlogC0W5NNJneK/KGDxYzgFAK1J2ayqKuyuRZxt8LhBSeL00WQ95T0b9/ukHHyzctuwsmcpekDwpeBSmO2G6HSXAoPtRPMzyKMvigrg24zkTGUMXq7zALRYlesYqhgjlAT3DnbdjznXN+YB3rNy1ElPAu8NEDZTop25U5JNcDjNg0DxU8DDH0oIFEuTrQjJyQjGxrCI5SSssNohcXwqE86mUaQGPLM6zNM/gJNjCsQ0rsDzf9nyAvbA0FkPUymcixJzqNuJKpKo0ymgSgkTbkIKneBINANMWF9EkHBSpHPSYYzLb6GGB5F4UxRIrNxbVZVlqnLm+GCr5M6MX6guahiUEzXJDe3E9xWrqpKLrD3L9mKkBAhg6y0ejcRLHx0+cCFot6BFdccVhCwtboqsJ4v7qo8FZMxL9+ONSBNCQDPzBH/wBPHnxi1/8zne+80KTUzB+7Md+7Pd+7/fuvvtuWBhINGQg5y9T8eXZOHbDdx+84Y3vXX3HRQiaj7z1vb/wPljD0V9476Pi6ccS3/9b733jTQCIX//uJ0lSvSc++ZNvvpE10UQTTTTRxCUY51dLqz0ZZnK8b023VHd4DQFpJiQJB1cO0DRDdC5mZXd/V6vYJRA6oZEouEk/99nP9ft9tCtUClIh13VTrFITeZ6X5Rkcn431DUCl+/btn5vrTiaAZfnRo0chXY+iCA0nkuTee++HNFsWEoA10FXLtlZW9h06eGh+fr7T7RxYOXDw4MHl5WUHq9lYQRB057rQOTSVrnCIAYkSibo4nCDImZIMMlIGOcyoD1jZePj4w3CxDPoDyGttx9nc2jx16nQcx/fce2+q1CSK+9v9LMkhQ9JqsrnunONYi525yw8e8lv+YNBHJ+gCssDs3nvuvuLwFY6L8upz584BJ3/Os58TxwlAbH01nj59BvYL0jZIwzwvwDzMMiVZH6JXhoCstQAADUfIcvD4QCYGwAL4BSR7sAeO68CmmWCwQkgV77vrzu3V1ee/4IXD4QgStjAK48mw0+5YrhPG4YGVfUCskzRKs2R538potLpvafHrX/36wpznuWJxsSWjNDHszY0tOMiu57QCH86OOVNdqokmmmiiiYsMXuG26nf8gaQ4DOE7VltwwDe5mImpWUeJoWferjQV3lVxkEq44XSrLC+2tvuAm8+cOnvixKlTJ89uwq1rc2swGE0mI7h/UYHZep2VtZS2ogKwi8pTUsIqKq5Hzhkl7sMCdjgWqT0+pntCSLo2HkPnXqGBI6JnQXXt0MdBFA5TDkOPC5fzwOS+LdqW07LEgmMuuMaCxecNtSAKn2duGlsqUVms8kgVaVGkwIsNDpsvBFXW4Fqrq9teCsBRe80NS5gWsz3TCYQTGLYDr+DhpflDeg24uMxgtVwUOFGKfFBwlQjlmWRwe0fnaM8Wc7a1T/oDURgTuF9uHz/Zay+J+RUrt5aZkSiRTZKdKNlJ8kGWh7mM4GYvCxhRgJ/IuA2AtSYWLNaMlxTqStcENAru+n7Hmp+z5rti3lctFXMVs6yXhjtpuhXnG0m6kcidNO9nah2Q5oMAABAASURBVFQYERcx55kyUgbgGJ0qED9b0HcSpoFeWui2gbuWK2xBVsg4S7FmMdBnmstlW3bgtXzLCUygzzAEwFWa43mmgo0a9hZ4BVDRSjguAk8+Xg6iPOiwziTHUpWwLGw4zLPxKIlRxA5jBSpFr+dMa/nJVYOpGVtwKlZZWnDQmao6wdQVR0kCepeROYsuSVjZytBbqg+F4NVb8cSTyABG3eHQZ2fOnM1lDiMv8Hqn0261WibZTrPSfLy8YBsp9OOLSxFAf/SjH80oJfiv//W/Qv9av/iud73rE5/4BDz5h//wH/7Lf/kv9Ys///M//+M//uOw8F//9V+/6U1vOm9Nt/xPTZ+ve/ttn9ZmF6X/MrvxzT/5wxdlwXz4bbeuvo09ufGad6yuvoM10UQTTTTRRBMXGbOOihS7/H8Zm6qCzntjmQ3oiigIQJ88XUQ1HZVXbaIJrmjWi/YOWQ7d/QKoH2QM4tLrCKuZvBUSsePHj6fINwN4ZYIle0LHhhzEbnc7kJZDktNutw8cONDvD86cOQfvnUzGaZYePHAQsDXg1jkyUA4nIeQk2f4sTiJIT4Dhnjh56sEHHxxPxrBOOMSIZSkXhlykjdEBHg3JSVVOvbBMC9cgc1hVmmVUMCeJw8SxHXgOkHc0HuHyhgGtYpTz+IEfdOZgeVtYnQ4gZmZZllS55/vAyiGJOnP2dJF3lxcXw8k4SwGWY7Nhv8+tngMADSsE8A2wezQaQ8PCyQSTLs67XXivUU/KZlOLTfRGhFegPZCBAX2GP8GhgIVhXwoqlgirjRLgF9A8BvuThOHffu7W737ZS8xuazQcz7eDhbm2MIzVzQ3IsrnKNtc33FZgud5Ob7i6ur56dn17ff01/4/v8l0jHo26rS7LlOv5Z86s7tu/RNOlueG6Te7WRBNNNPE4Yg+DxpJrCr374Vtdf+fD97me5nIeep6NGvPqXkaJ+ai6HKwtj6MEbnynT68+dAxugw8fO/bQyRMn4ZXRaJLnWmqtynWWW2FolawVoloBTZ4JKGouyJtqarihqxIim5xtR71DTGNF3TZ8ICOGMV6jQLLrMsMXlm8wz1S+oVomCyzesY2uZ8155oJnLboogg5k4sNByBMji3geFnlcZCErABbnjEt0/zV0eURFvsBaQlsXKjawZqJpc8sVtm94beEGpGk2CjTiAnya0yLwnrwgEw+SCxNmx36hqsAnWjMDObZsN7DNReGNXSFH4epgsDHo98dzW/2O0RozA2BwFib9KOlncqJUUrBE4amAsewcRdBKmlxYOGMJrSTwyJPimOdC5MDInTZrLxiLXdVtJW1XuekgS0dZvh5F6+NoYyJ7ab6TFrDuQcYmhQk0OxWmskyc7ASXCfSVbI5PgT6j17MyuJR4jhOpgDgneY5dmSTJcedhqxw6Mx0n8C3Xh46DsKAnimUqVFH7dqMyWyCAJvyuYGOAybGCISsS6HJINcrjXhYOkzDOUykU9GHCLBzJNAYwrXIxY+5cXxy11YyW0td9Y6UpclWoA+XP2E82S3it/1wNcpTmadNRGey56RqG0LgMLnyZb2xsjEaDPJOddndxcWHf/n2Oa2uvNuoBVh+lph7E44pLEUDffvvtjC6yF77whfoVQM8Ao/XzW2+99dChQ4Ch4fmrXvUqWAwuyq9+9asXANAnjt1F/x594+sqp4vDb/3Dt7/vu28ALH3Th2/5re+flSDPOHWcD6zLV6pl3vje97I3T4XGM3rqqafHu//p+95yQ6W+nrX4mK6E3nXhde4pUbhLyn3d29/+3BvInHqPc0jVWopjv/Tyg78027Zdf4UtvHf1MUqwV5MX/WIxXcHzjfDf2fQs//W3Zz+3ydiyuOet7A24TOWbsectsMANzpHZdVZGHxSN20YTTTTRRBMXCG1Wx1jN6GoYzbXaAn0TdK2/0nVRoJbTxQJugkQTbCqO1iIgRSSazSqjH3ur9AoLVc1XhR8yw/mI8/MLlmGMx+PAdaMwNoPgklJiVEdG0OHFf4bD4ebm5ng82t7c8n2/1W4vLi4y0l0VuYQT4lgOcGDTELaFHhQAmzlfgXfdc/c9qOeNk6uuunJ5eXk0GsEJBBoLPLrT6fh+cMhz4RRMxgim8yyN4gjSGrgcev2dJEnX19dkLiF5Q5F1gVIdTPgFukhDAuS5HkqPhdVu2e1OC06c77Umk4nvexbNj+7t9ID5YqZkW20vgOXTOI2i8Morr9ja3up02kAT+js7p06c3L+y3zbE+vpGnMSB58NW0HhSFrDw5vY229pG80cH0sEAkyQTu/fQDMgXAZRnaeI6LqSsKPBBjbZgUqHGydSXaEG0gOcyg/bnWaZ9Ej3fhr/A64PeEI7nZ2/9m3/+5h8/dPBQy7MBTMAuwyfC8S/rDQdnzp51uFputw9ddngwHB1Lh5Zlf+8rvzOY82D1cZR2WvAJyluuG/vBJAwXlxbx3BVFWUBoTzTpXBNNNNHEI4euOogx820J396uC3crpGnQS0Dr25lJ3hdy4ZiBZ2Vvh1G5OAa3tjDKtrd7a1hg8NzJEyeOHz+xdu7c5sYm3CLhr0CnqZKBotJu1epm4DKRQVGJRTV9xoeu1Fs5Qwsy2xDV8tPGlq1DYK3I7AKrDAMQNaT0uHAtPmfb874957qBZbQs0bbNFjwcI7CUx/Mgy4ICnkhTxjxPWRGrPCG3jQwdn7E1aCNt6krGpXi2rC5MJiQw9Ar3cZsLhwGARv8NpygEyyT2Nwy8wZsAUvH+KQk9Z6j0RVFvdXoKbbvB4BhJwQtLFCYvHCbtAjjm8oJt5H4nCfYnC8sHO3YAo71bUqY5g1vrJM3DVIZZFsED7TugL4HNgYdA+64cG4ueHBJuonBHN33g4nanbXQX+dJCumiPTDXOw/EwHSRpP4p2omwnlL1ETrCEIQulSOE0CIMDELegc2KiVRhAdkvBsDS5PBdYb1JlOTzgSZ7CUAM+sB6jxW04+JZh2obl2LYH/SkY6QA2rojpk2d2QeYgWuaMP02uLNh3oWyeGUXC80jm4zQdFUk/newkk14aDjJ4RJMijQpSVei6heQcvku/z1l1ngottdY/S/SMI+ta9Aw03dTVNWr0XAcTjO/tZZQjDtpPGikzxw9RFMVbW5vHjh2D7T/rumuhqza/AJ0mizB0E08oLkUADSkK/Lz++utr+fPdd989uwD8qgE0xPz8/Pb2NgyDXGBFx+7UyPbYjR879baq3N+Rt966+tbzF73hu988/e2+G17+00cfzaPjxje/efevB++qmXW1wrfcsHv9B+9896Nqrnev86a3vPJ5JVzeA46xebt+vZg48Tuv/O4bdnuR3PTmgze9/t0XJQPH2EWKKe6Q/tuT3UBZveEXVd20ysR5JjaLZ/+7+KZ3uq/FXypsPfP2n/vF6N3fJsvpJppoookmng5R3lYgHaor+UCGAS9ApxaSA+zRYm9XAmlMEpxNBVQaEKRlmfqtUua6solEnGfoAkG74vHwtXIV2m9jMhl35+ZRipKm3HNNzIcuXWgHKRKkCp++5ZYzZ04HvptnchJOgCzbpgUBPb2F7gKk4lmWuZ4n8yJJY4CnwO737dsHiQscxv3790OWFQT+1tYWrDAMw8Ggj5aXfk+bVNi2BSD4sssu63TbAE/hLUCxW+1WEAS9Xg9WlWeF9laG8w4bgmTIgqw4aEH2Brk6tKHdaUPnEy4qYMrACDrtTozuIDGsCp7DOuEXQxij8fjYsQejGJXRkO2cPTuAFKjVCq655ip4sra2BoQd1pni++LeYAf23XU9yI6gs4pkmRJ+WRTheARJEhwAuGIFlyQ7w+uZU4JM/h6ovAbqTWWWUJSkJdKwPKwnTVNI5OBYQaIFeSc0TOb51ubm8YePH9i/ApcbZHeaJNgGD1znikMHnn3ttfBRQIdppv7h935XCmszDDgRlu/DEYDT4ThuOJnAng6jcZqkLd+HrToCNW0NcW6iiSaaeAyhpm5gNVmmSgauvgdB1Npndp4T9N6Y2tmWTtBRnPUHkzNn1u+5875777n3LNxcT58aDgcpGjAkeJNRUquceTUJqYLZMwJnXa1NVb8WVFVXF+vVqBpH9FFQPPOuXW3S+ykVAM4cxk5NiXYOrmnMmdZ+VxwInP0tr21weHRso+2YAcBULi3gnDIVaWrIBL2e80QVqQJiziQabnDtAoJGIFjKEKs6o6MyFRwkja0wFJBPwxJ2IEwPDYoBQHMD2i9TuCcCcUefDdQ+Y3UD6DsA2pbotDEdEygUeTRjUUNYPwxYm6ZyhHRYbisvMM3A6zjmCi8iuI0anBlxkk8y6JvIFMFvkaVZHIbjKJkwpPzStE3Pcw0btQ4ohkboDVvgCH8BCjtu115Ytpfn5cJ8Ni93ssnqOF4fx71JvDNJRwk88jBHk+qcsYzxDFqOTs8WslTHMh1B9FnB7R7NPmQCfYA8TRA7w3g09GTRWxwG8mEU3zXtwPJa0Jey0UQLjwHqoTMSaBe6FiY2EOXfAh/A6aHZjsgt2H0+ZvlIZYM82k7G2/GoF417yWSYRXGRhrABct6QpQ83AWi0cqaKiFTRsrr48RLCA48VoTWPr4A1oHQLun6mQRbQqhxbIEZd9+21yqRE2uUnSctKSHGtJzLChwgLHxIz5MMRjqmv7D8Y+C3mCRi8Z008sbgUSRz04OEnJAz1K+12e3aB2V87nQ4AaF2xcG9UbssIlA+WOPjoL9x269suVPlvjx75xht+5z+95lF8n+v16Ip/sIk3//brdq+5khhX8Pemt/zkGx5NdFzKmSux87EbfvWWt77jNad++80lbq60zBcyttZx+K2fXn3rJ3/y4FtuYrv29JafLOlzrZgud3MGcz965L/+YfpeqFTPJVzeVB9cZVPN8qb6jp/wvvpSer6avOjmC72FqT/7MnvtS+HXXNPnN/2E9y56i17gvpvzX3+p2eigm2iiiSaamAm+x9AtSXMthigkJ0gnozCCDilwQ6xoZ9s4ZU9w3/MdCgNZs0FrQFteYNcoPqKJmNNpONMpexcri9aGdzPlhlicZmdXzx191nXQS4euNvTLob+NNb3VJWenW080vu+++z75yU8uLS4NhgMAm3lmwbHIk3QSYumkrfUtIMiu53e6HQ+rtduQNDqum6YxJKKHDh3c3u5BsgErPHdudWVlZXFhEXguwOWzZ8/CiYT1w/L9fg8Smv7A9VwXEsw4ToBWP//5zz908BAAa7R7jtONjY3FxcWg5cPlcvLUybm5ORgngItoe2sLkqXJeALrcR0f3x7FkD3BE8jv1jfWYKVAlnd2kHfDm+bFXBhN4FqbjMeCahUCb+4P+lmaZpAXEllwXRtaCIQdrkCtsocrMEsyyB4LKvKuszIDh08KXT4RkjVBGRqgaZ1yZcTutelzdTCFaRoAL2ApoPc4L9fSwn/UrN14443Pe97zAj/Aia0kHTO50fH9bqsFf8/I/7rjuoFt47aMSFcNAAAQAElEQVQMo28AUh/BxRunSac7B6uFxgP33tjYXF5c4DTR22g8FJtoookmHlPUwuUZaEuF1wzsjeC3t0Xf9FMLgvrn3rXwKZoDohel2SRKT589d/r02vGHTx67/4GHHz4Bt7Berw+jpGQFnNPoI8mdVQ21qwlknAr3Tae2kE2CtuNAWSnceADvSvpVaCgteL0Ym+Xg9BLOJzMUmhw7grVcq2UYi7YFj32OvewZS6ZqcRmooiV5kHEPSxTmQmW8SLnMABhzRM8pinHJdlhoIk48XFENYCzjhySZStsZxMQBXCJjdBi3CwBlykQdLytr1aH5Be6+RHMMlsoiKZDpwr1VMaLJaDpiKDKHFtIGAiuUazPPZrbFHJPDmK0HHUdg2oUl0JsiyWMs4ijhkQDzxUKSKDoG+JkA9tWsvDSYAKxLdFYUpg33amb5RsvlrS6ba6ctO7blWI5Ho2wjSzYm8WaUDRM5yFQkWahEimRdafCOvVUYXLaEsLCaIrQTeG6R59AINNxAtJvhA6g8oljDRB7PTeYYlmsig7aZYeZkg6yQNqMpBwB3Opt4qkyF7TZx3wuLFRacjzyUMorkoIh7Mu7nYT+N+ulklMWjLJxAp0bJFJogyLkEOxzIglFagfhZKzoMbY1CHi9MF6nETghp/PVFrq9/fEPlOUM996KWQNNimmUzgta17p4+F/VL5OBRFCbVapaDQR+eHD9+fGFxIcvT/Ssry8tLNPBC1wM/zz69iYuISxFAHzhw4K677jp58iSM4+kSsT/6oz/6nve858EHH4Tn11xzDfyqlwTufObMGf2WC67qNe9Yve26Xbj2PGOKMl7/w/rX1/yXXzh604Xx7kxc9/b3Vqz5Ne+47e13oUJZ66ynK6xrDB55663vvpOg8E0f+ORvveaRFMfX/dPXHcF/D7/t7a//pcoMhJ362I26Ma9/b9Xgw2+79b33HXwMlQY/+YGbyibVrPk1v/WFt9+FVPrY+z526q0XJPIXjDuKjzP2WtinH3HDH4Hf8xOrs3/m/+Sl9XPjA+/c5bZx5KX8uptRH/2NVaze/sGvlHj6XdVbjvyI+T++kv3cpvq5D6b/vjT3aKKJJppo4pIO6Fnqaapa72xCvxrtDxWwvvFkvHp27fiJE2trQCbPQX9ge3snimJGY9gA/iBDgOdLS0vdue7+fSuXX375wQMHrrji8MFDB+fmWsKwoQcN3XjHsStdEaVVglWCi2/SaS2xIKtcQDj2x9c31k0sxm1kMdoKwx/QdJixS8qCA/0uiZxC9HvD977nj3e2d9CgGZ0sLBgqQOWvwxzXKUiqFYWTcDJO0wQOV9AOABl3Oh0YTnBdF1YFXBRONylcViCF6fV7Hmql5XA4cF0fmDJkfq12q91u93v9B88eh6dAtH0/GA2Bb0dwMZDzhpGkiSQlThjGo9HEtgYyx5xnfX2t3e4eueLIcDSGK6Hf39FFog4ePLh/ZR/A6JOnjsO7gM4CK44AAKDoSI5GI3ThzNEJEa40SBehVTDYML8wb5LDhp5dDUuSYBkn6TKdiTGmB0ggfUUMQQbQCs2p8V0aPQuyB9VJdUF2kloKDUmtbTuWnU0mIzRQNE0aTJFZlkDC+tcf++sf/uF/9KpXvVqnbYL4gyFKqxkLEztcszIg8zQhNV8IAgN2wXVh3YDUTdcO0aTb6/V62zuDpYW5WtivTyprookmmmjimwVn/HzmVbNmbf3PZ6JeZqbjMWNhWzFouCkMB+Fmb3js2Im777n/5PGTq2dX11fPwbd3ircnibARGaPS1I3XBQTV3u9vpUf1ay8NrJxHy+McMm0MIvEeIshXQaPmKX2m6n9ITJEaGyw3edExjSXfXQqcZctetq0Fy5gXoityr8hdlbmp9DJlwzpVzgA9EwjF5yiozYALC6CoQruBMFXVG0QUqb2A4YESAgOtLlABbSpu5QiSKwm5gN4cp4KJdMOE48BTyVM4GhIAtFHgrdRAAg9vUtAjszmzTOWYyhXMdZgP3RGLA/JFJM2kDWO80ERg+QB84zgPsdwe1vdLE/K7QGkvNdKAI4R3d6zZBywd9wan2Fme4ftG0DHn2mbXz1pO6PAJD9cmo/Wh3Jayl6khoOdURYonzAACLzlqtvF2bSKm5SbNz0MPEpSX5zIpSCUO3YlCbxvPKRw2LMHI8aDATwseTMCQNMM+QUp9CbTLAO4seQH7AhuRcLZK2w1R2CKD0QChYpUBbu5l0U462c7DgYwnRTYp0hgfecqkPhTkmY0nSdtuGNp7A2f4YVslnThW23TrsoEU+uKnhTmNAOB/Uvtk685N2cVQeKrLQoJlJUP9H9crLQoC2bhl6C8J8lWPoE+WpidOHKcqzRl0vxdh+FxUHyvVMOjHE5cigP6BH/iBT37yk/Dkfe9731ve8hZG2eNnP/vZL3/5y/D8pS+dMs7f/M3f1OUKX/va1z7S2uoqgruEwze++ZXXzUqhjz7v6J73kX/HkQuvc8ZUGrdw9LmMAVi9D99Rreb1b5gFzbj6m+Cvdx07xR4JQD/36F4MjEuzO0v58xtmefnR62A734ySV3HLh2+qGzGNI9jqY3v8SR4xzH//w/nPoQWHev2/i6oXOZppzEqVl/mz6ucHzSMXdOGA47RasFX1bm2+cYf0pyus4pw6wZpoookmmrgEo6pyrko1kK70oN17szTf2N46duzBr3zl9mPHHtrc3Fpb24CkIIoT6FtCSmCTZQH8hF681r3GKF6R51bX7/zG3a7nQOcWuqdz3fb+lZWjR699yUtfdPTo1cCmS1ZYSBP6ysXe1LEu3z2TKJJVAs5tRF0K5CNBK4CVT+J4dfXckauvBjwKf7R9i2a0qksT3sGOQ9b2oQ9/6O577gHSGscxHGHI4eBPtmOjsEegg0SeyjlyLIGTnWbpaDTE17ZSfQEA1TWQ7boZVeHTmZeEbEixyy8/TDoyEUWh67jwF4CwgR/gkEO3C/1D1CbH8XAwAGi7sLCwvLScxNG9Z87AuTl8+WH4ub29DYga8hbY0Gg8ATLuuDZO/CWLwxMnHx4Mhp7nj4ajjLJOLAdfYP6jHV183yO0DW9nwMr1RQLjGZirog5a6CtEY2KaO0pcmPInTOJhoELAEAgeEILLWG4J9VXkp0nJlUKRP3JmMpwhC0t44qDliAlAPOQhNMMkS0TYBUDwH/7wR77zO1/Wbuuii9rPk9VTuDnaXkqiDsrEgRbe8v0UK91n4/EEkl8YIJhEse24a+sb7cB3bCMrmEkJ4XQWeBNNNNFEE48SFYHeU4dw1vS5Hryuf9VvUhUXZjPfuLq8G6DQ7d7w9JmNhx8+dd99x86cPgVDhcN+T1LNPTRXIGeJqe8GUzMMutRYs6ryHjlRiEokqgsKCvKlYCVl5mj2q8oh+bLQhSpl3VzgS0CfC99kgSmWXOdg2zvQDhYMsWiILletIveVtIvEyTObdLdC5UBGGd7yqDwf1s9AqTLDW5jJtPsvbb1C4yhXxjsnOlIQaMW7pAndQYmYVWARBIkknXaywOFatB/JJc9ynuYiJ1/qHAd/DVgTNRfwNfQEATe7qBlmngU31MKzc8fMEaWzDG1BJFDXBNiryuMsnMQTGL0mn2WqMZzBcWYlf6VhBWgf1hvMuSGB7Bqe8lui3WbtjuzCwwwtPuDFjozORvAoBpKPFQ+VyAqOviPowoVm27BruFJAz7CnhqLSiJLsVODUprmEMeOMHD5obIH4NNp04MNGRxLTKFC+jiQY+p/a+gINqlFzLuHQG0Cf4cHRbcPiGZwPo0hYHqlskkfbMXpuAIDeScORjBNRJECrGfpnA7ymq0pfFgqRO25dGz/zafFvcnquDV/qq52Xxwj/V6WdBtZNwerIigomkskYr3pHszU5kR4r7JHhe6dVCtEpBlXQ5GYTp9C1jFZXV+HAwLFYXFpcObAfOoSO4yAbZxWDZk08hrgUAfTrX//6d7zjHSdPnvzFX/zFV7ziFVdddZV+fRY9Qzz44IPvec974MmRI0fgLd90tRWJLt0njv3S/7zlbb91lD2JcdexE+zRV3jsvoulxk+5eKkbvjT9l/9O/vn0JYTRtYHGebFn4ccSm+p+xp7FmmiiiSaauNSi7F/mROUYdjQRrsVJ8vBDJz/60Y9+6lO39Ho7ACvb7Y4hrCRJ5+fnGR/alsO5sb29Mzffxbdnme8HOzs7nus7rgeQGpKXNEFYvLwcnFvbPHdu47bbvvyud/3hNddc8w/+wfd87ytf8cIXPh9IH6QZ0GEGhshnuqvoxlB53pX2dJAUUT8aoGGaFidPnbnq6qsN2wij1HKc/fuWBuMIHX4L6dtWNSvx0gqdZ5w7t3rLLbcsLiz2B/00SWu1F8peJBoxA2+1IG/CYQMbYCsMAHDDRx1Xnmt6OxyNgFDDn4Dpo4em58QxzlbV1BiWhxPtutZoPEJFjGEAaAZIvbm1CZmi7/uQMcJphRVuwnjF9pZjO0kSw1seeugh0svksE50clvbgDM0Hoc5pvES3gVwmNqJmR4qmiw7AN7seqZlU+6DVBh+wqXISOaD1tIK9sgigFxou0OtpJbod4EJm0JvZ6Y9NQocL8HJXpLhhYUAmhTQBsFmbQ8KXBi3ApheakiNuRyAeGgM5FdAw2lCt41tc/zRaCQc8fnPff6B+x944YteIEj4zHdXwtLV5VmVTFqYwzJH2EZsTNgknISuG2xt77Rw9gAm3NBCrUaaWUcTTTTRRBMXFY+pxDHxOzbTYeCqlH9ynOci1WgcQtflwQePr57bHA5hrBA1uTm6J+eK4wN9fasts+ourNfNubZ8ZuUGENeix7/StFATZ6b9eOmuV0mwNZEme4XSkJfMFfDPMAzrCrY/8A903BUfH8uu6UHvK4/cPHOK3CyAeWYcKyLmUltUoEuFhJtQQZ0pxYghA0TOyISBqGLp9kuWDRwfJtzpGTJZxN8Sy/tSs8kdhEAmCnzR3Rju9MBfobMgisxA3a40C3TbsKHHwAuTFbYoLA70WXgWc63CMuAVALLU0DTlLGUqlTJmeVJkcP+NcxjCDsM0hhtiQQpzSTWnK+E6GV2RctxEL2q3ZbV8o+WrwJOBF7vG0MhHWTbM1EAVvSIf5KpfFGGhIhicBzbOED3DwdRu4EJgvUBSPOBQAhYKxJs+HXS058bigjiJCU+uoYEu/URWDUug7TTifDwAJIHH8QGUmgNKLoA159CzsEUG6NliqaHGMp6kyTiLR2k0yeNxHo/yBF4cF0kEPWgq2ijZVHoh9F4rGtDQns2lsTN0d7DoivajY5pK0yWClin1p4AsVZi+vKo16oupngbARal9xhERNWP6onjtOq0/UOUgCfWyoP8DRwEg9MbG+vHjwfzCAnSKDhyEOOAaLmviccWlCKBd1/21X/s1YMphGP7Yj/3Yhz70IbiI9ixz+vTpN77xjVr+/Ou//uvQ47/Aiio35N2GG695wxvZTRfvX3GhLTEZGwAAEABJREFU2K0aPnXsLvq38tCg2O22UZVDJKOPW9hjiKPPu47ddB9jN37glne8pt6HRwPZldq6jtf88OvZjTft1XSfKFu9W8396GG/653sXfrpavKiXyygXX9+e/qul4rzFz3xwULT5+vqooLVWzAOGm9ZLtADunKIvsAaWBNNNNFEE8+wKPb8rmU1tcUtPSm03Ic0oeapU6e/9KXbP//5v73rrrtHozFARst0AbsBoJYMK7wNhyPogCL1k3JxYSmOI0gVPM8LJ5Fl2o7tAujEjjCANsd0HISMraADG/U8CanF6dPn3v/+v7jprz5w4MCB1//o67/ne74Huq3AtVHlaho0KxU9NGSeQVc3wzmDmMTZpqCacjwH/Fwow3YKYSpZbPd7Bw4cxFmTWFLPtYTQfWR+yUig9Xkk4xQDEObHPnoznMwoigqp69Aox3HglzyT8CQjhMpMLopKY45zaCH1UTYcUx99KtpBBw5dhr6LOaSjcJaBAiuSDMPzNMt6/R4Knojh5gSpISEXZE+Y4tlBHDwtAkmp/bbY1qVsdPBKm4zmGJDhGcKxsPwPrgIV8xamTDTYAPkeDHXot6DuHS0gMW+CJ5AYohKZEkcH3TEsAOU0Q9ZGERJ5O0u6qhWVEySAjnmUoQ079B5BU0kHrbMsx8TOLR6iQud4sLwk1U/qug4cEXgO1yruuAQUwMfjyfz8wkMPPwQAmiiC3nFOKTLtfYWS0eCTly6JcJRgmGS5Ozfg40mSerBq1+0sLkInvOW7HFNe1kQTTTTRxJMYs9bP+HuNnwk8avJcEmgmyO4JhmOjs6vrx449vHpufTgYxxE6EcsiBQANA+VAn0uJMqurIKoZCbbWlupN6CiYRqiMyg/yWpRNN47StkBVdh2KaDF20LSvLyxiAIDmbF/gHl1auLzlLtvGAqxklLIwMpPYlJmlMoMhyYQW4pgzkuKC8Kh2Y+BKj5FKlcFNTpHlhIF+HFSjzhSEnrXzhiKHagTYMEKMdg9YaVBXkSZPB7jzpoi54VAZ6PEBhAjuynBjzB0uXVbgT1HYRuEY3LNF4DLXlILnBsOFyaEiJRl5WuRZkSdZFsVRmMQJ0Oc0RsNlze05yXF5eWdFbS3qd2G813K42zHnl7xlP2+7kWMmZrwRxmfCfDvNB1KOCmxQJgoSVxdZoQ8tIlQczDYV0d0c7+bUn8WeQoEIuUCLZxurEdqll7Ku/kf7TjiWli50OT99DdB5RFNtniKAzhNDScvIXaDPIrV5yOVOGG8nw1406k1G4yxMWQEHIWEyhd4W1h7WqJnWpu3Ay12mHhoV+mZsyqfLZtFwPQnZqYm8MtPQl2NRVD/IaoOVXQt6Gx3UUvau1K7PyPSCpXGRcpQEaTUed+D+qJuOong0HsGTVivAUXshlpeXoDMze7k3cfFxKQJoiJe97GU/8zM/87/+1/9aXV39J//kn3zwgx9EiVMVW1tbb3rTmzY2NuD5z/7sz+5RRk/j+//L26+7CSv43fjmn/zh1d/SOPjE79yg6fN1z3v88ueZkoO3/PTLdZFATXJPVYtMSw6e+J1XvqU0YX7D9z/WLR1+3RuP3oDOITe9+affUBchfDQD6PO9Nb7/Da9nN+0uOTgtS/hPL4o/13Jmst2Afw/y7yDfkesOigu+4f7V8uP+HQfLa/jjH6zoM4b5Iy/Of+5mxe6QL/pgXhLqL8f+H+6qW9hEE0000cSlEFNNBHZwjTiJgE6ur6994hOf+KN3vWcwGJim3el0gTxOJmG73QXKfO7cxuWXH5pMcEmgmdCnBY4XoZcw1rXT1U4wbRI8iSBDwxKFNhb/EdDTX99YD3wftgVglJIueJFvbe788i//nwcPHvq+73vNj/3Ymy6/HEe+KxErUkzoMfeH/TNnzl37rGdtrq1Dt8TkHLae5MCafQ5bj2PHczrdbpKgK8ec0ylgmPwClYWeyaFBMBV4ZJ///Oc/+9nPwmBAkkIalwhRTsCEk8AsJLISXThIOIMWiuVkTEg6Pd/Tq2JkRgELOMKCcQB60UYX41I1I9IEAGwauC78ozXIRLILFDIrBSgV8yQpRZXtM8yb0QKDiRltDk7x5KVkR2twMJ0t9MRNuK4KQrylZ2Z1KrWzodbgoPKMM6t6hbxH8ilZ2C0eVlWkaabzNr2QvmipRCGHIwE51J66lfWUbUEbgnERYMee59q2g9aHpgUHIwiCL37xi6973Q92Om0k1IYg/1DxCKcLSwSZyNWF7/m27ZrDcXduIYxCGOeZjIe94XCu3bItY3YfBGuiiSaaaOIJRcnlWG2KoWqz50ptzCr2x4CDDofR1tbOxsb2+vomjDWigBn4LE4RKye6kHS0fP/M7Y0xNmPgPGszXYpMOZt5t1ZfK10PEF9GLygCf4LmozE0HsY7lekK3hKqa/ClVutAu73iW4sGmwOWnJoqBVRaiJwbBGdJ7CpQU4suxHgfrTgqyn6ZITSPpjsgukroZ9iLoLIF0KFghEQLpuUJGkNyukHiqC5Bd4kPFBVTXWqTA2guXAH0OXdE7gKGZhIetshtAdSc21i8EL0pgD4rmRUZcmeq7JeSzwZaPmPxiRRuo5L6AnpYGM0nyNfYRG5sOviwPNMLRCsQQUfNe3nbGJrJVhZupvlqlJ6Ni74sJkqFSt/7kcPnehaSLrYI0Jm0wXrvtBIDyCqnPgbVykYROB0X7aOFwwWV0Yr2tMC3Ukk/fVVRpUmFR4TzzFCpwRKuJiqNkijMVBgDDE/7yQQeoyQC+hzBUL5QaBKNds+oUaeGlQYa1RU5vchUeYmV1w+vLL5EBaG10bPeLR1s2thSUF+UCurSrIN+PKbOhSqF1OhzJyQ1AkbNz5w5A90e6ENi6Zf9+4PAd11Pj52wJi46LlEADfGf/tN/OnHixF/+5V8++OCDr3/962+88calpSV4HZD0G9/4RvgTPIcn//E//sdHXsfht/7h299HpPWmtxy8adefjr79D986y4sfa5TFDOuYKUtYxU1v3r3NaVnCxxKH3/bet9/4co3RD16UcLuSeN93w8sP3qDV33XJwRu+G16abVJdlvDRw37XT8R/vtcDGoK/5aVwiebnv+G1PyKuu4Mk0n8Y/fkfXmCNVclBdt/NmX9zNv3Dsrinoc9NNNFEE5dM6P5ooYUbnKdpsr21c999D9x++1ceOHZs0B97nm9Zzmg4FjTbDhDbAawleNW9994XBJ7Q3I4bQJ/9IFg5cODYg8cA7dkWkDUjTVJGNd+Wl5dPnzkDve+5eeiXdrVzQrfbtSzEi+vr5+DVxcWlrc2tD3/4I7d86jNv/H+94Qd/8LUrK/uZ7uAKE/r8/eHE9YPbv/r1P/6TP/3PP/ufDx88kAEhNaxRGMLYeIaWBZCSWMPhiNgpilLyvLBR08qe8VHLVmi+sDx16vQHP/Qhy7IIEWPhHE1v4YzoLITcjQ0pc1VUvn4G0F4LchYtMMrId0KXndE5iqLElZGvNsf0swBOWtNbhwYY4CzgqEOW6DRbj20YpcSekaU4DlcIKgPFKl9O4MsErwuq9I5l6F3PJZF1gW1R2DAt5xFa1a6dDVFyhg4bjHi03pye1gzv5NrxUJVVNBlpzGBjBZk7a70zvgvnFKPiTKdTmjvrsjyzAzOMJGepzOEjAAMqsGm4dHW+p1eFLRT83Nq5MBzf/uXbv/eVr8CWYB4pdhPwXWkYp7JH0Ky8yCGnho9GlCX9YWqbsH4RRxPeabEmmmiiiSae7ChFz9puo/qen9pwEAzWvC+M4p3eYHNzZ2tzGzB0hgOi0B+y0bIJb0xC1W/b4/jFd7n3X7ggBVHGWiyt8aUi0smZLvtG1fY0JMb6bzDYavqm0TJY1zYWW619rWCfZ8ypvAO3LMfmhccyuKkYvDDRHgSBq6R6g4Xmp3hHJydhlA7TrVPficlbuPRjKP0tNMMssNxgUTYJyxWS9FihcBkXIUdphJAF8moDS/oWnql8Exk0PGyWOUUGPwE6W1xavIDFsLAeVQ1UWSYTuLcScYb/MxjOllmup08RKhY0TEy4k9yoTct2LLQZBroZeF5gBi3RaamWNfKcsZtuZ+PTUXg65JuSbeR8onhMUmTkxFKLiuk/tFNGZwrYBkqfFVV9wIMM29BCZ+2FIhQWXhTkxs2VViCrKQqeDjgQ16XJZgpV8SrnLIUtmyw22CBPekkIP/t5PJLxOE/HMkkUdJVkRjUGc1UN+OvOiK7CUo44lwSZlfLnmv6WvaG6VKT+n1zFZEHonu3SNOsrrBx50Z2oUj+t4TVdCRelWa4F+qRGwPItzErSZG3t3CSctNstLV1dWVlxcc5cjcGbuKi4dHUGcDH9xm/8xk//9E/D8wceeOC1r33t3Xfffccdd/zgD/6gps8/8zM/8453vOObrOXIW29dXX3vG3e/CEx29SLB6yMErOHdr9/166f31PE7+vYv3Pb262Z/rSTYjzkOv/XTq7f9wlSuffQXbtu7R7vjNe+Y3TQFHoc9L74ejsJjaNJL3fCdxptmXwFS/E733x98hOUPOl/9b2J2g2/6id1vZ+a/v8ELf2LXbfBNP+GFNzhHWBNNNNFEE5dC0BxM9ADkwA1ljrjtK1/5+s/+5//vr/3ar91zz70PP3Si3e4IYUv0C7bJCkO96lXf57o+sGNAyVic0DAgXYji8GUvf9nrXve65zz7OS/4ju/wPQ/+jr7AluX63nOf+7wjR678nu/6HhNxM74FYCVsC9KIa6991vXXX3/NNUfH4xA6w612ezCYwPPPfPpzv/mbv3P77V+bTCJmYGaTSjkaT4RlP3zq9MLy/q/fcSfCRCbGcQKd6I2tjVzJztw8dM5HkzEqo1O05EOvsIvrTj+tQ83oXLSD84c/9JGd7R14hbREeBDQnpFzOCM638DJp5BVFbrUJJkqGxYqoIBBU3Fz00D7Y6Ztkcm5WOcp2kYwz3HoGn7FmpPAYonGYlNKP2V4zYKBB5cCBi0c24F32zCUYTuGVlfhwqQ7poVxFiyHtdm240CCqbE4/GkqeSaPaZI+0fxgQ5haBGWa6JWMintVzkU1BK3Q1E4yev6yNoaGtzhk26zryOtDZxpU1ZAKaTIyQNfm0fCkTPNKkk5lAm2bTD8y3D3HzihPdhwXNtfpdOH55tbmhz78IbI9KZiqbRTrx97QuTV8uhhHoVe/1x+PB+PJCFYOuXYzf7WJJppo4lsS1ZcrfMnDQCYWU4OAf+KEvthLCg2PMIxgYH59Y2t7u9cfDGMYWedY/9Y0Hct24a4CWJgEykRm1YU3VItP69u1xtbauaHQMlrNiaduTVqZjKZSwLvhpgMPvF3hndL2oCvmeG3X7boODOa3TRFw1rLMlmu3PBdrJuhicPjDtR0femP08PCnQw/61YSH4xmWC/c3uAkzbsGYr1LQPRCIrLXpM9wc8Wcpg+ao0ZacADJT6DFNrtY42qxMoRyLtVw23yq6Qd7xs7abek7iWPTslykAABAASURBVIltxZYRGXzC1VjJcZGPZTbKklGWTtJ4kqAtcpQmcZrgCZA0iQ6HeuGejfvqea3Ab7f8difodNpdfHTm6DHfac21vTmP+UZoFT2WrctkNcs3pRpyPjaM0DAT00hhhBy4vDAKtB4jf2u4xZrIcWEMGoaqJXSJDIvBUYBjYXuG7QkTHo4wLKT1eETwLg2dAegKa8U2iralljsUxOL14AE8qOIiKqATU02MYqiSrXSyEQ02JoP1yWArHvXTcCzTmOWpKACPow8Jx3KFRTnAzipvcM5qy5HZzgTNGiu5Mz3RRtG6x6uofCI5pcmiitKOowpeu3eIGQB98Z8eVSr7qdOFvTjYVr8/WF1dPXny1EMPPXTmzNnBYKALiqgSmzdxUcEbXP9Hf/RHP//zP8/IGxquXRicguvsV3/1V9/0pjexv+8oCxjuNpXeFad++5UvR8cMIM5PjHE/ejt++iC5cABEfjyq6iaa2BOj0Yg99eKp2aommngSo91us6dYPJEmDYfDPa+c15ss9vhRSCRsQNyk7Vhnz5676QMfvOmmD47Hk7lu9+SpU4cOXp4kkApoT+cQuF5BcHN+fh4ytbpetu4Y7Nu///LLLr/tttuWlpZ6vR3U6WBFuBx+Li0vK+o/QE4B+R2WxuY8S9OVlQPPfe5zv/SlL4ZhqDvKsDxQveFw/OpXv3I4HNz/wD3f+8pX/ot//S8vP3z5Tr93+uxZoNOe315b2/jCF/7uv/3X/wJJ1Wg0XttYD6PwssOXz83NTcJwe2vr8gMH8iwDeGkZwrFNW5jPbA30rLwEjvNHPvKR97//Rp14QDKdJinlj1hbD/LXMJxoEwlyNi7VTnUIZdAKcdpvlibacYIE1MokeC21hJmLcoskIRaV/QUjAo58GwGuzjqYgWy1lDjD8hnZSeNiNGkUC/1pRgwpL1X2YdqtnPIrPYqgcvR40TiYl5IboXXKevdpWnE5N7jcEeTL0IZCS6TLLEmI+kDppAiCChoKqupTaEUzHivcWVp5oaABBXFqiW+S9EYqWkj+2sAE9J7isEeSOI41vzD3G7/xjuc+9znwbrIKmZWzlD7stB/6OY6jFPQxVAIGVCK41NM4mWsHnVbbIZTOSuNoWppdbDyRL5OtrR3WRBNNNMHY0tICe7zxlE0lphYcFNB96vf7YYz9E2EKP2jBFzCMhgo0ZOB33/3gPfc8ePe9x+6659h9Dxy3XRhIBSqSx9EIHlkK1DQqskTKpJBpydqq8oPVBnlpmMBYPYmHsRIvktWH0AYP6PlgoMYZb0ymHpulkgjCYPUNm4u2IZZsY59jvmT/3ItX5g5arJNHQZbwPOMw5FxkcEeBn8SMiwpxl3U/eFl5gRdkNT2tN1dZkPByfhIra84hUS3RKpWgU1XZRD2dqsDbkkBT6tQVqSPkgs/2deVCMDbkxJARz1MsrCdzQ+WCfKkFuk5nCHEBNKd5nuRIcgup8L/S6YMUujC0jfYXph6mtmBcFs3c4KkuEWHjAXKZ5+ctL/HZGc5O8+RUFp2Kk7OxNeHmmAvon8J4Qc6mdFjbHUMPgYbYWVVqkqbblSUYWWnmXGLb0vtYVeJnputmqMqZWh+s+qBhNybD+op8aModkW6zdD0abMajQRZP8iSSWaLyBE9SUYiCQD45bwgq6ij0CkRtC8Jm6HP9b9nWsjoh05UllK4yTcbUunjGLPUtrx2mbTqYnn01i57Ln5U3TN3bqv86vXoFn72KdQcvlzn0P+GwHaaALtCLXvSi66+/Xtdqhg11ux12KcXznvc89rji0rXgqONf/It/sW/fvp/6qZ+CHAZ+9X3/937v9171qlexSyMqoo3CZ+06zT75k6UH9Bvf0NDnJppoookmnhZRmgsyPccPyaOWR+hiJV/84u3v/qP3fvnLt6OnrhCTSbRvef/OTs91PUiDJpMw8IMkTW0Suvb7Q89zLUKZAN1oDWJ7c+fhh44D8+r1erAV1/OjMOJo9Jysr22QZjZ3HQe6w3EYe4EPuG0wGH30Ix+D/MH3g3E8Nk20cYAO/ny3/Xdf+DsLS44bn7j54/fed99bf+ptL3rJizzXO7e5ORhFBy677NTZs9+48+4XvOA7lMHDeLKwtIgi1kKO+j3XxCeOaQDPdkznEpnLpvkygNp777nvox/+GOz4OJkg0k9yND0sFCRb8Ne0QPMTXcWcKrljkoPjBKalCXFe5MCqOZX8Q2cJqjKtHTNgYUkV/Aya5ll7aDBe2ihXiphSsWOiszRdZEq7Rpu2a0CSCRdMKXCmQA6O3h0ZmhKa3CytM5h2a+RU6UfrwCSaZggS0QuqiIRUHc8753BxWugfguki7VSBKmcDmo/JclFe8Lh8bXQIFxi8EQZFSNUNf8r1xGTXc+g5kvQSoMOlqd0jM2TZlmEVlNdB5syQ+GeaQcNWLNuYm+vC83Pn1p7//OepWe/PRw30JzGQdbQcN/GCNM6KjLvo88maaKKJJpp4coNTObdSMsrYZDJZ31gfjIYmYk5reZl5buDQeB/cl8ajCQx7nzu30R+MYFAeRk0dm5uG7XptIKPolcSslE3IIQFFzAVKgzWcnHHkoCKEesx0qgMg1suF0lNtiP2S8QJWx6NZNrZjkueGtpyiW1VR1mNmmlWiJTH8jaNIOWe6qAMgLFMPcZq8rCxdTFWVuCHctVK8q6p26DYjrEZIK4Qu4VzPIsNdI2Vtrm2SUXXLy9oO0BYYiFZwx3VN3m6JxTm+v8NUkqkkBSwp4ZEBaUXhNKFn4PRpliUZ0mcpsV6xHhAA/A/7ij5cuHoDZ01Zlms5totibhe6np4DcF67XWigzHP0ky6AbYeq6BVsyB0YF5bQWzUsh6o7CqmyEraX1JiXBFezY3gGXQ9T82iyucBRaIkebnhjh73WZ4b07aU7OP0q1dSzRTN9HFM3aFKZbShXFDyLVTKU6YjlA5aGQqbQP8U+B/SPpND0v6xXTCdesFqTjESenMBEhYFZ9aRkxvSaovNMjan4eCWtZzP9D16VQq7KIIta+8wuOqZXs5pCcWwPdZTgsEE3BvqTW1tbYRjC+Tp48NDllx+muXdYwpE1cXHRAGiM173udR/96Eff8pa3wKfpPe95z9Gjj7984NMuag/ova7T7PXvfUfDn5toookmmnj6BZaGKySZGFhxnH7m07f+6q/++sb6ZqfTQWmqRLeB8TjqdLuQnIxGk/m5eaw4h24OSRC05rqAnkMYlu505nZ2dhYXF1DlxNni0lKK5s7ojTAZT9CXwDKhd5okMXRJgTIncey4ruFZk9HED/zxaAQ/oWM6GPQXFxf7fbSMgK57nql20Nre2ep02wsLi+vra/+//+P/+Mmf+qkf+KEf3NzqnTh9dmWF/fA/+sef+9wXnvWsZ62eOwND4/ML8+h9nOfj8fjI5YchHzP1pELK0NgzPbTIN0mSIis+fvPHAf3DCQL6mmel8pgSI4MUMYXOssjQmWqhcyEZOSYXEiE1pIfloWOY/1p2BmshN+QyfdWKKT7V1xfEpgUaGUtFJRA1qoarCwcesrwW4aCnM0PdDaRVAs+1QWIjATkekuiMXBip9A6ZTBrIi3GmM2ZiWv4saV4uQzk2CYO1ngvSG0zRBTmZS0LVmFrLoqzrZJGLiCSdMm6TGpPnGemdc0NYWHzTEFUjc72XsEs5lUAC2kDknUFmXB4HbUhCTtAAoGExNDnJcy2YmuvOffKTn3r1q1+FHiYXl93VTqE5lam3bHccp3GatlyHNdFEE0008aTGDI3FH/ANj9USktSgexl8C8P3OptEUZjEYXT6zLnTZ85urG9MJmPkk7JI8wxHOvGWA3da12cchudl7sA4O9xBpMxw/FSP/c7Uf5tO4qkKxmmgyDjcKUxeSaEr7TMaSQEDLshMilWl8vBGBmQUblgmcmcG46BZgqvPUVZLBFy7QUgNSOmOvct+AYWyukIB+maUcuZStF1QET3yg1K1YQgDAosFBukBN25F85PoJkgT2sjBgkuDFZZgrsVcW/m2CmD4XwAId5Vj5JmNQ83oYYFVB1mWKRj8dTJAzxI6GDlNztO2EoaWe9PREWQ+gs5gJAhHFTSyeOjsoaUzq0pHKF0EkcEtPWMiFSzDXRfQfcDDRPUfzIrCVwyaxMal+zbdfmUhy78QgNbacXQhIUIPb5Q0Gj7rp8Urglw5YmhDM4EeYdKCQXjo6qRRLidFijJwQ2VohoZW2VrujHO/eGFqxi8qyXlljUH/CKVmzDd4dcmWqu3Ks3xG6lw9U7PL8qmOeVfVQT7TPa4W4TP6/W/yCeJ1OUQKPaENem/waYIRnc2NzRMnTsCQ/GWXXX7ZZbYuHN3ExUQDoMu4/vrrv/SlL7FLMdAD+nWVDrqMR/YAaaKJJppooomnZlQWhFpmgtVXJuHkxhs/8N73/glkBr7fSpLMtrFbGkVJu9MBign9fc9zgDxDbxb4mh/AMoDFEs/zWcLgSavVgo4mUOnhcAArhpTJ9x1Z5MCygUqHkwkKH7hwXReeu55XVE7E0L93HFgz1p0BggzgWFfJA24YBMFwOLTJNXjYH9quPZlEv/G/f+PkyVNvfNM/CdrdL9z2xUMHDx29+uqzZ05DnnLw4EGZobx6c2sLVmWbZpGnkH+R1fClwJ/xbALih67/Jz/1yfvuvU/K3LZdOAu1tsVEcY8JhFrndQzz7bKCsU5E9GUhUFqM+SZwZzjdkArCai9m67hCVZpLFIh+qaggQFuyvaiTGS2Irt+CZfqA6po45oEbtW0yLgTga2Ro4V2GicyaZ7nEqokFJJQkxCbll84LBTpdlIbO+oxrb0TYXE6GGgwhgU7BUQ5dFk6kzFkUZTlESHPRBp0z4A7lvFOafV1nTaoSUNc5G5ZPRDkaWsd4nqtf3+nt4PBMEm9ubh5YOfBNjx61qVQTwaHZ6O9sD4aqEI5pbw9Hruc0qUgTTTTRxJMY5zuswm0Bxkrpfsdx4oxiWZonUb6zNdjZ7p88eebUqbNrG5uTCG2pYFySp3QzJS0pjFDCUCRTgJ4TKX3ofuQylTkW1pBlfV0cmqRhVFX6KyCi1KxblNX/uFlWvUOGSaWdRbks6p2RaKOxsDa3gnFdCagXGGvBOUDnDCcwqSxWMkHqjcOl2ql56gZSy2K1u0Xtr0Gqa3pBcX0z4qyypNaq6SKHGymgZ7whioImvGlyjo5d+MQ0oK+AtBtu6JYB9JkBffZs5WJVCcu0oa/plAbEyKABPacFjEvnWCYPfiMuzZi+d3Oiz6I0iaBCgUYlVEbqTePHBVV3kKU9hobFAJBh/BYANG6AkTE1zwUBdlidoi5HoUs81sUiSepd6J3EwfPSkFtXGSz0PC2qJax/Kep6lap2rSgp8ZQZk/jZQC5vCmXC4DqLVT6Bc8NlarAcuyVUXxCLPxKFRiKtKkhcoe1yxqISZe9JzfikTEmzqmTOZZXCEkfXQgFVrnWm1CCrwPZs6PUpfqT3AAAQAElEQVSVYJok/+qbAejpArqwJq0DnfeEBUMOWZbFcby1vXX8+HHo50MWsLJ/v2oG0y86ml7fUype81urq7/1qEscftutq29jT3p8i1bbRBNNNNFEE38/oZWw5XOGuVYcJ7/5G7/97ne/t9OZGw7GCwuLfoCmsdEkDFqt0WAEHLA/GMzPzUGXOokTSY5yOWHone0d3/cgu6LqhUjl/CAwEXHGnU5rZ6e3sb5p2RZmSZYybRtW252bo3wsn0xC6OV2up3Nza1WK4DkIYoiz/PiWLquA2vs7cDKfXh7v9cDkD0Zh4HvQ0Zw45/dtLmx8zP/+Wff9IY3/Mmf/unV1xxxTOPAoQMWFULUU0e77TYAQRv9eRXX8pSL80B4+gYcVMKtJqDnv7jxL6IoREUupKi5ZKXRBc7ghBOHAFdmdeVy+JmkiWXYZSJDa9PZMqP0i1Wv6EBHDuC4BtOaaMMwIQfUzhiKiDPHUQ2csgphU8FJcnNk9dRL2KYWa3u2BQ2Di8ekkoLky0GTSakKPUN/DOyBw+toKUjWzJgoE8A2bUubaehagTZdXbAAXIkaHOvJybnUPtJllT+4gHXGD2siwbUg+w5UVGFqJ0ghjhk06q8gfYKhFI2wIXdDexDaVi3uJrqOpYgYCbqTLKkOEVzDLgy9APGHy/vggUOlDonX6VwtiK7SSo2e0TmEA3bvD/qjcbS5tXNg38pcOyguhSu4iSaaaOLvKy4I1+DmAF/dcOs0bQdupkBGozgOwwyg89nTa6vn1jc2t2CUnapmoAg5T7EKMo1hoiTXgPsFMwA4FsqSeSryBO7LBkqhJc3rwYFKMTNDSItk0eiKV6AZ5bD6iWCi9kvAWygWus1RT43kEm46ecqyzMDieFZgMQcGUYuEw+ipjIs8piFRvDHpe6aa8Ygoda3l9B1eFxYoJ4qRiTGVF0RTYi2OpgeS3bp6gUB3kLJUg9J1FwyUEgPyTQFPW5y5JnNMZRvKRghrGAq10mUTEONCl9BUJgBonInHpK7bWNZb1LiUzyhzqQnUHaGuia7vp2aq6tGoNdo74wNRMw0zo4EYCrUL8jTRnL3EuDXRLf1GVFFOFNPa5ynYVUqfiFI4zBSNHuA9XJDi20ANdTlYzWtrDA3QTYNDz8KAMQKVchmj47PMBNmXaN08nQGac6a0JQtR7KoXpvXF2n9MW3Nz7UOtWzJVk5RPyl5d2dsoV8hqu2demVvXHtcVeK5Xyhi/cEej/rDwqkmK1VcnbUjV3mu0IWgEVXJW4/H47NlVyzSXl5ePXHEFvK3bfcrV3XlqRgOgm2iiiSaaaKKJZ0LMIsVer/ebv/nOj3305v37DwRe2zaDOEksCydCAvlN4hgtNRYXi83i9Okz+/fv9zxfpCnkTe1WJ8+zgwcPnDx9yrWdoI2oGjvOwJGTEDD0yZOnXRf9+pI0Rb6sVBxFwOOiMARWGEex49iQe21tbQH7A7RnO07UC5MkAXJNWNNYXFwKowkkUb4fACjvtrvjySRoBa7rf+Fzf5sk6b/7d//2R//xD507d+7yyy9zHWscRUkSQS84nIz371siXkkGgsYz3/8ZOvp6IjCc0I985COAWclbg6cESeFYlbMkjbJDi4WMmPbTYGp3gRodBtkr1rYb9BZR5hhohVjw6aazghTBStsfkp4L0g7MpE0DBculkwd6KKO4TEoHSzeRgknroA1Bf8owX4OLL8tQF2Sa2mmaGlOWslRUAlE3NpdlG4Rp8qqRDFXehnZALH8tNdFY85BVtTcRGpPDiC4tqDMo9M6msRWDYDqtytTIQAeyA5KOS12Fk3w2BWVawjQsFMRJ8pJG85k4if3Ahwv49tu/8uxnP8cmE+1HiWp2NnpJw8W/vLi0unFfOJnEk9AoDWS++WTYJppoookmHmvUoLPVau1fORBMJuj8W6gkztM0hIH51XNrp06d2tzeipNIolOENnKGr3yc66NrEwCyxU6H0PdauL8aTDjCLDiwV1WUpLPinJr8iVKVWsNWUY5NahOIHEEt6VBx0FXjVoZGzzk+ZGIUqSucOZft6zpzHvcMaamMF5HKooIU0NgSKrWnR4537TNZJ6iSyRKkRkkvq/EnkVaCwlonrfcCCTEJklH1rGvdURlDWkvOioTlCcp6lYHWE5ymGslan1sCS4TahQAGjewV759qt6EF9TRKLMxmGKuqyGspVy4Pi9R4mtAznAPyrTaMwlAS750IvgWXvLLqqP6Z6sGL6onSWmSlSt8KTXP1sdC2G9hAE/XItFJFZ08fo2noEsqCjJwNpM8IoGFIHqt9Qy8EHxnDC6eozMenpSpVZdZSmTfrDtoeMwxeLaz/qWTtqj7EZdeoKqTIWe3yMlM0sPxTuad1j07R0d3zuWCMzSBuXvqvqekSNX1Wpbgc146jIzZ8QFS/1z9jmGfOrMKjM5ocOrTCmriIaAB0E0000UQTTTTxzAnoL07G4a/8yv/6m8/ceuWV11x55GrItSDp+sY3vgGUeXtrG6hxmqYrK/svv/yKlQMrd999N5Di0WjYCuD1eNAfXHXVVUDhrj167alTJwEawvJRHPm+PxgOXc87eGDl3nvvnZuft22rN+i3gxZCwCwDnB1HyU60Y+eO6zmtdru33YMe6xWLiwDpzq2dg42SU4QxmoyAnK7s2zeZTAaDQZbksDwAwOFg2J2f//rtX/2lG/77L/+fv+Q6LiYejG+ura0cPLi+sWnapiykSfRZT2N9xrM7SH/xuBnWXXffCQHnEbg/mVQUaZqQGsfQyUKZJ+i8EYOS0l2SF1ygQHNwE+f2VvYdKGYhRRVqmaScnbBZ/qOtCCnRRRE02iYry0Rhl14SoC0sAq8wVuYrqiruR+tHO/IojGwH66TDFQWsOUozRvYgJr0rBUiN0uaC5h/nJhVFJAuNqasgkmtA1bI85bUCGg2gCYOjYg2l1sxEBxhJq+R1/peTIFq/3cRVoeOHliUBdZdFOYuatiuYZui8dIUuwlBLp+GVTqcLWwQMff/992dpZtNs7jqbKzCF33tRwu9Zmo/CcasdwOdo3/xiMkn2LSxojtDIn5toookmnvSYpWww2m3bThglvcGw1x/pihdb271z59ZOnDy5tbUZRiEOPaICliS4DMZBRUFGuoXkOBRrlFYMjJtMWEihUd5MG5raJtTbrp6UbJaX6BmnE6GlRE4guWCSKuhqCSz6SrAiM2RqyNjnxrwn9nftOaPwzdzKE1GQ2QMNnGoHKUXThmBNtEExhatkhYxa57LwIbVClKrpssBDCS1ZVaiPVa4YjO5jBpFGqn3IVMqKlMmYKwdetgXqoHFgWio1RayipKkF095W2sWDi/JwcH0o8C5Pdf9KZIysmcmydB70AQhNo+sz+ZLgmtAXBAXP8DBw8FuQaRcMuhcwniyAkLPaU0MV5bQspWbpbo1j+fSqKNk80wZZrBwLJtEyr8yqNZjWr+OeoO0GnvUCTbGRPiMKh1ELLjNCz/qnVHrInkpNTq8L7TRd4fHqVJX1I+uLhc08L229q4WrHSgHNErxc30+OZ+Wo9D66PM6xyXO3uXLUf2h3n7tQjLTrSnRve4HIopGbT/ObJO9fj+O47Nnzpw5e7YzGr/sZS9mTVxENAC6iSaaaKKJJpp4Goaquo0znBD631kmf+f/+t07vnF3K+iOR/HRo9f97ee/QO7MRUzWz0CZZa5e+cpXPfDA/ePRxHEsw7DgzWmWWpZ94ODB65/z7Afuv197HRhU2q7VagMpftGLXhj4LXi9P+gnSWJbdreDolTgcS//rpf3dnro7PGFYdBuJXEMnHFpafHFL3nhqVOnjx69+uTJ40uLi8BMFZkqvOhFLwZ41+3O/d0XvoA9ZyxnpwD2tVutpcWlLM9++Rf/+4/90x8b9PuDoWj5bUsYySTcv3+fZ9sKy99hJZSyT6wUf6b4QJ8/dzjPCkOYxx588H3v+zM4LDLDQjo6ezBNSyILziAzVvXFUE3urSZjFrqifY7ekZjuCIECZG3VXU3cxaSYygJhNl3Q8VTEmg0t76U1AxfmKDHGbAjGHtAuWalqmifib9PUa6ZU1yibgT4YaNWSE3rOLSo1RJro0tOZVEXKc11WeRTCenQamQLeta1aKSXRKAOfkr0G5phWaQOidEIL16EgL2mA8wZprslUxKjEzmjaCS8a6IEeIWiW2GBYAD4ytuXkRUZ6rxpbYCmhNE7hmQkJN2TGOaNlQtfxIOWHnAuGbfzAxwXRfBJnA0ucp80NTesFCqEwcUYFWb62sb6oFqMo8S3rhddfj0WpLIOmbOtDyJpoookmmniCUQ/Hzgb5MJu2o4KgBSwxjmWcZIPBGG4XMLIOd4SyakJdEk7LZ4kYI4sk6stExWvZDMBlVV03etuurZaDwrwC0ERIC7LqKAFjbRWhhBZBF9I1eNs0FwNrKbCXA6ddxIbKRZFwLHGXo5pZSNpPvXnAsnozBWlXaydoXX5QVTc1poXZjJdclXE2xc+sks7SoWKV/YaWTiNvNeBhKhtAvi0Ch3sWWlRzws3anIoKI6ryQaUYSmuMSnWtH5UlRrX7yJrxSWlAoVXapWMyDXED9ofuqWVC/wIaASO2OZYf1ARWPxCS04EWNFOrIP13SXvL1ekt71Uaq5lSf1UDMVR5oOoxeEL3JAImGTNKrwuTZ5wsUYoskeh5naHhdSl/pkKPojoRiu0x6a6vlrpxF76MWT0gUGvIp7oAUb9WEvKZ4YfHH1MSXXlx7ALV5MmhPyOC0YWF6pN8c3Pz2AMP+PDJYv+YNXER0QDoJppoookmmmjiaRiEm/m056mrqKk/+P0/fP+f32jbjm0HcZz93u/+fndubjQcYv0Qywb6DAlYng0/99lb1zfWC1ksLM7HwItzhH2AlaGH/fWvfQ3LrEWxbVlRHAFW7vf7rutEYdzr9cJJBKvyPGCG7k5vBzvCSj308MOFlHfdfbfne8PBEBY2DCPNssOHD588eeob3/gGcDqFpeQQzW33dhzPgTThxMmT0NFH4Ai0kTa9vLQcR2Fva+e+++5dObD/O1/+sq994ysveeELw3EE2Ug7CGBXDUug6Mfg/JkuHsXUl7PRaHTTTR8Y9AcFKqcKbSVMxsfoxiFJCAyZaCZzSrFFnc9QmUGhmF6AJo1SoILLMBkpjiFlAuJrUSkcXc9Ra4a5dt6o1sOoeqQJLHzG9gThqWlqo2dtD61NLeBPtiFmKcDUJFoXJ+TaYRLdM2B/ENVWlQBNkjMDs0bDihkVTr02aABacwAKple0KBtey7KMfmW1g2FZX9GYyuTxAwIY3bL0RwaGQ2gxaZkOGmqfb+iimBbaSzlBG3QXcLih6787jnPy5Mn19fWl5WXDqK9EQhQ6VeVwpIyMF2GawjjOTn+QZCl8qJbnFuIwwrmwUrpwOIlN8Ge+l0wTTTTRxN9T1LN26udUPg5AptVqCfj2DqMsjDNvu5/najgaR0miK+VykewehwAAEABJREFULdSt8KW2piLBMVlBFLVdQ6kinaF/U7eEaTMY00YXpXdBqdQtyBy5dsnS/yKYhQFbGPv1bT5nWUu+vdxylgMbxvOtJOVFyhkNkQqCnFzbY2jFrprR9dZe0GiIoS00NFPFmsBc36A04i0PlN6PUqTMK1Ks/xUaYDMYBlc2Z57BfUe0XOZZaIet7TTITposRGSJl4Wmz4pNVbi8ZqhFUdZAVKUnMx0RXui/i4rna8NhE7qH6PkBI+Fo/oFS6QyOktJl/minqrJ82mOEdkxbSc8y3lqArlujqkGEmdbRL3WxQbGrd6k7VZIuhcLADo0CAM2KqMgjmcUAoGF0W9Pn0ogFtyn1hVSeC6bh7ZQ+84oWK/VI13DlqbEHMuu/TgetK4k2f5S1XXSUsoSyBWqq76Cd0q0v1Q2iwI4LdLQ2N7eEeADyC9bExUUDoJtoookmmmiiiadfKDV1UaAJfuiMfPPNN//u7/6B5waGsNMktS0HyO/O9k6n07JtezIJLcvU+Oz0mVXHsbpznTCcwKoAKAPobLU6k/EYEBuQ4na7k2NFOzYejdrt1k6vd/LkceiCAtk2LUtmOSzvuV6WZwANT5885fueZRlY3s0ydZfVsqzf//0/gPfCkuSeJ5RQWZq22+2vfOUrTAkgcQ6gatPOssQPgslw+OUvfSloBdBNX1hc+PSn/6Y7P/fy73opdHejOGy127CPaRK7rq1VNYIx9YxD0LrDr2pnxEJ9+jOfufee+1A4jO7EWOgRjrlAKoqVi0qUS6MRhqlhq9LGzZALwXnU+RBdKlxbHjOyiiY5syzy3LIdZnAqwWdQMoh1mEpj6Dq30c7KeBaFzrDK1pJpMtBmXZyQk6UGVa8vZsdFSrsMuEAxc566haDe2TL37D6lOQUMh6AqP0mFKAsi6Tmmqkzg62xL2UhxudT8gHaQphojKdbVoLQaSjeJ45J4IMsVcpGTATSCaVVtX5V5oglHjw4jDObg2nBGtoQTQRU7ZRAEVICqYCU9L4VWlcclFnAMU/nwmdWgNcdhVVwtLy62bAcGZ8bjMRz5VuDW+d4zRsXfRBNNNPFUDFLImiaM+9lpBjcvuL1kURiOxqM4TtAKo75lsZIXl3SYl1LeojRP0LCvKk1XocoLKKAZ42qqgGa6+q++P/BCk8ipAQZDwylLsZZpLLfMfS130TW6FvNyaaL2GTpjOcf6geizXDZCWy2oUrZb8cESQ/PZFmgvDsEqKFwxa65Kz64pka1L55a/wM0S7mXKMXlg8ZYDDFp5NgBoybTZhba+kOTIUfppkAK63GlWHsxSaF0Kn3dxYTaDY7V5RblvpjJtlD/bhjQBv5NDiVQ5rsVglcM2baku/KdPlyK5ck2fGZv6H5cYlVcbK9XQ9XmosO+M8lhUGnc67tCvYplgsZRhkYR5Qgpo6IphqcRyXIG6AVPoPQOFa8WzUlPSzi4UnNfGztVFUi9aNv4JsuYLR3m961bv9eKoZ80xqqSJXTg496PRUGcNrImLiwZAN9FEE0000UQTT7/QHXTN8nKqxH7nnXf/9m/9X53OHNLnVLquJ/MM/tBu+0maAOmzbAuRYya5JdrtAMAx4GBYiWUBAk6x8LeSAIIhiUiSJEszAJrA6hYW5qF/GfguAGXX8akgWwr/AYaOk7jVao/HQz9wkRLmykGhdKQN/oaTQafThlWZpuUHXhxH2nIBqV+eZ6kMfB+aNx6POp3OYNCXqZybnxuPxpZjT8YTbvC/vPEvn3X9sxiKTjis2TaMNMf0RlTUtcoRniExg55LEHv7V27/2Ec/msD5gzNVpSuoGZd6YmjlwkywFf6WVybOOjGunTFKRw4krZAq5QqTbcwWDBhLoAnB6LBMPLp0FtSZm5SMVgsLAFmGIMPoQmdn6KpBTsrwXhQsC048VpGbM+R32BIsGYSlnFB9pn0DC2phhtha1BkLIGuDNlSQBTOsFvkzLiB4CdN1LcFCK75ZabNYtkE/0evJac2MihYKkhbD/hgMEnc05WC6riMdZ9txMWui3Bgu0TSPKXHVYi7yiS7Kika6nOYkDC3HsIHXO6iggveOJ2PTItKNfo+044zAAhrXYI692RtsDMd+xjz49LguN8QkGjsmDOEI2wqwrGKpgNt1DbAmmmiiiSaeWMx+lxaqKvVHFsVRFO3s9LY2t3r9PgyxS6oNQNVrdX28WRRdlHbCU5pZOTeo0mJ56n9wvu+ups81gy7/qQBsqfdFe2mzYDbPbS7nXGel4620va4t3CK1ipwXOdo4wa1F1L4Nta2Exq16RZotT5WwXCufGas2vOfmwivWXDWS1UJajWnx/gcAGm7PzLVF2+eBp1pO4RiFCTd4RQyaaepaTOF39XMKoKvN4ZA6mXTMHkmj0u9WSmytOIYOgcVsfBSWyAyW8CIpZKJ4BkPB2I1EAltNyeJcVb7OvB5GngXQZNGhKvONqgIhK8fYpw2s6XNF9AWdHk4IG+kz9F64SkQRZtkwi8cZ+c1px61qYEKx2q5i13WoSxNW8uJZqfmFrl5SAbCpEQjfdUHz6gxVB5g/Ue3zNGqJgFLsgl4c9TK6kAZ05yaTMWvioqMB0E000UQTTTTRxNM1NFuEfura5uav/P//1/b2jucGk0noecFgMGi1/GgSO67darUAIgOIA9AGXUbP88IoNNBXz5qEESA53w8ME716+4OdxcXFVrud5RnyQgMYdWrbNiRs0B+GdzHqCjuOAxAaXo/jWJv2ZknS7c6FAOksS4NFWGYwGPu+Z9uoig2CTjiZUJ0fbHa73cZVFdxH145B0GpFo0kSJ34rQIZoQnOMOEne8+73HDp4cP++JXhFGFh4B9rDTYKJz0RUB715dFsmf4wHH3zoL97/F+SrjN4RxH8R5sKxiWDAgPCuLjZITwUVGLQV1fEzCBhnMsMEUuNpClLpFExn44BfLYvTVUTuFbtMqNEumWyUEfKWaLmUP1cpEdblw81lJX3WPh7Fea7cmn3D63mSFqRf1tpnXfxwNrC+IsHoWqzNdLNQUSx1Xllop+lqkjVVCyxlYOQzY5UbxaNSWnPg1WRZJNOWegapNjdnaAsjyBEbCTn8yQQOwMnshPyyy1QWUDjybDQ8GY1GrgsXf7Kzs3P84eP/4Hu+Z7o5UkehGl3xMXxgsmx1fcPxWydPnzV5cc3Vh3aGO74FgygJDPmYhgVcwWAXqBXURBNNNNHEkxh048CvdSqWJ6DbgwB6a6vf74/GYxNvlxbcvACqsmL6pnpODN21pjOuNDFVlfeBepSuiCoZdLW01vsWtRaWBLY4F8cSzC4Mh/E5zznYbR1ou3MWd1ViFKlQwDzR/RkrDGBrdCMIQc76b3A+FcWWFfTYLr65925T4thK/swr4spnldI0QM25b4uOx9ou8+3CNSWDnpysBb9FKRBWlWicXi/XUZJ3vUWaVERPS59lUVtp81nRMerBhcksW9mWQgCtElbESia5yOAmjePVODqujGp4oNBKc6V0cUZsDJsVO7NCzfBeVdFnVQ23s9lfq5YIkmPTTy4ZDZFzlguE4ZMiHaXxOE0imdGwvCoPI1d67P/8Oztn9YjB9Cp6JCs5UUmg6/fuhcC8dolhjD3J/YjZruBUB10ZnaPJN/nAkESAQ+KgdSesiYuLBkA30UQTTTTRRBNPuyBlDnXkZS4Bdr3nve+99757c9S2Ru1ONxxP2p02pFytVgB/7fd6sHC740E30XXdyWSElhcTnHnabgcAhcfjEawqy+TCXFdmKSBFyMiGwzFgOc/3gGsvLi2mSRIEbVhPGE4gYSNPj4ltW0BFg5af50UUxQA9+/2h49hZKj3PBfBN2RKKWWETAAGLDPgh2heMRyPUtCqWpZntWMCmO91OEsej4dhyLNtxoji2bef0qTM3vv/Gf/Wv/+XC/DzgP0sAckUt7ews0WdMSLKD0AlVOIk++pGPra9tYC4nkclCLx/ZPR1PSLckzefV1FV7UJInuCJ3DU5/wiwuzzNac4V6KaWBgYdc11yit5GImGgyIWBVeWswKhiIkJqz2TyckfCGVPAmqaqlduxArFtKkstmaZjOmS5Pz4D/GuSjgbbRmMwxgOXaOkPqicSs5OOwZm0PKaqZs+Seof0VuUbqeiVqxreEqdJ+RJVeH1iTXidyiL/RvwSPA0mkhar8JwslseIRFnci72oE00ildfpOenOp00pYHIZzUPcthGO7q+fOSW1dgg0sFKtNS5TvuYZleJbxtXvuhpUvLXQdx83pcLi2Mx5NOu2OURpGV2em0T430UQTTTypoVEgfPWnMKiOJWp5XvCd7d651bX1tfXRaIwvlcX6RC0u5mzaxSAdaC2f5TWirGS77FHoX1lyrgKatZmC4rUGlrAnDO8y5QjeMsw5x1r0nK5teACdk4xnMS/gJi4ZVfbDdRiM7R5+pyJ+vBLBTj00yq2zcqd2tbJUP2t6Tjfpyke4fAJ3UhidNbmCsX7PEr7L2r5yrBRrASqsBQhDrbz0JEGZtcLbKjqZ0ME6j4qWO1pruJWu6CjqPdFAGFEvPqA3UcAosWkUtkhMFrNiolRSqLSotOCVsYjuMrEZe4tqVUzbac2c0qnSuXqZzx4cvovY81qVrX/SmH8BJJwXoZITmQ6zKJRpDkMWVA8R/0yKgIJrcxHt2MF3H4Paf1tvQfBH7Mju7RGoPU9LP4xvVezx4qiqa2ixtSpV0aXGu+m9PLZoqn400UQTTTTRRBNPu6AOvMDuP9DYr3z16x/72M1XXnklAECgw4yoWTgZA2eEnAs6wvv27UvSGHIt13OlzOGVnZ2tLMuWlhYfevjBcBJqurewMJ9mqWEa+/bvJ600QsnhYNjptGEZIM5Alofw+2BI/U5l28Afue+7ANTgr8COd3b6gKThOeBvWRRAqH0vgEXX1zegbb1eH2mqLAY7w6DVnoQhUM4g8IEBdrtz0FSgq/tW9uWFTOJUy2kEF5/4xKeOHXvQQqdhZWLFN6yMjhV12DMtEIVKaRpomvH+9//FHd+4E/Y3S1JUfmN5GzQwyYnC0u4rzHN46excwmu6KkjvTKRWcBL/2jhTsny9dOigV4TOX+C0CjLE0D4dGh9zkiGjrUeacZIAT9M3TYpRly21MBm3XhlY8EoZHSdwElVpmqE3jEtKzawZSaBgAWDcJFYmETdBZAS1WW6UlQxLaVdJn7F4YEpbRKBAK+EGQWd4U5phaJcPLMmIPBx+mHDwUhRfQ0JtWCa6e5TGlbB13IcMQDiqybH95fRTgYbVaGpJ1CI3TM3ZUQQNQzjwM8vy7Z0duhRhWT3/uZx7zHBqqrAt88Dy0lWXH3res66d67Rbntdpt6HNClkDc+Gk6NS2CtZEE0000cSTG0pPlEHrMBhxD8NoPB5vb/fWzq1Bt2Q8HGHRAkkjpOUdpkKOpQ+DVhmXXg6CgKK40IOT8fDeB6se9Oe6HiCVNsAH3kCovqGhCtcQbdvquvlq5CIAABAASURBVDYA6DnbcIucxxOeA/DM6EaIFhBIXgWvH4Q+lSabJDquflaq6+lDH4xdv/LK3lo/8E5b6DcKDoPehWEoCx4m3K54yzVarvKszGQpJ0k2U/WtXXts4Y3fNDncLA1TO26VP/BXs3wKPQkYXjZxDhC+iPdOUdpRE5vFYwJdPLiFFqYpLTOzRGqqSKhIFREyaJYrPeGp7KiUR1PLlHlFjcvBArZbAF55nvDaQbvSXlfv5JXwuNInlygbnhk4cwoOC+x7pOS4QAsOwNAZwzs6dWHKMOg5oyZhB6R66L6ZqNfNyXfskR67Gz9V46tKZv6tpM/lRndbwpVlM0s3G+o/lZ+Xpg/z2KJRQDfRRBNNNNFEE0+zKOfDkRHBTq/33ve85yUvfvFwOHKd4O6770niEKsIem0tVX7+854PbwnjCPlcmqJFBpr2pktLSysr+6+55qq/u+026BV7njVAK4wAlrFN++DBA5ubxsbGZqfbAUzcarXgzZC5LS4u7lvet7a2bmExQhOdoKMoCLxOp2WaxubWVg6IVEa+70EDXdcBbjrXnYujuD/oz8/PJ0nqex68KwrDI1dccfbs6mg8abcDaKo27kjTbN++5TAMB8NhIdFqw3HEb/3mb1939JrLL7+M1MCSpldS6vXMCm1AAcTzAx+46VOf+pRjO0Dwsbwe05UDhZ5VmqQJQH50XykoWzNQoQyp9d75thSoSKK3US0/TBKoVJAkCFvkRWGRz4bS9twMry1Mi6icO/zAooK6ZP1MXUEd2m1DZoSS4dzRUpqDY0FCLRjCUQNW66Y1fS7IURq4rs5qypKJCLsNncYoRlppiTUAcT2C6zXodmrbQbiALTpcotptvH5IB60TI1ysrEiviInj1aWqDBMbA2kj+Ypg0kvqbznjQ4IKaybSHNg0rgrPAqJ2QOTokA7b0x4yiNSLAgZiRlE0Go2Wl5f0i5BNw0GEde9bXFpe3nf27JkizQscP6EhBImm282E1SaaaKKJb2FUjhCMZLqMphmlaT4eT7a2YABxJ4wScgfG3lQhKv3zjCUDQlpVOW2wSrasauknq40JHrEFM6ubkT3zGR8IGEqWtmBtx1r0xbzrtG0RGNLKc5GnQmYCCyoUfOoMMQ0+3UqlVuV7/roLYu4xx6oQLVdEb5Xgmj7jw2DwyC2jcAXzqfZgy5W2kQqVo/tzieTrWof0EzXQvNy13fJnVUHhinoX5f7TWLYG9EqbamMLDGUacOOFzecWBwKPxFexWPGUvDCKXSep3Ds+dcdmpWtx+bvSPiN8RoVev5Ff+NepZl2/goMMQlkcTgm0ZSSTcZ4AfY6LPEP5OifjD712XYBQTYk223M91JvgM5t/jPHoUwDVeT5oe96pLm4KIS8H1adnkO9dmT4+uhfHmri4aBTQTTTRRBNNNNHE0yZqLYKWQQDFu/nmT3zxi188d24dYPHJk6e63Y7tQLhxHAJgXF5efNGLX3B29fRw0Ieeouf7cRwDAk7T5KUv/c6DBw/lMlteWkYT5yxrtdr93uiyy4786I/+yNzc3Pz8AtBn4G6WZQN6hrf/wGt/4Nqj8N+1fuBpmDgZT3w/ABj34he/5PDhy599/XWdTgAJBABl2zFbreBVr/rea45edfXVV3W77V5/B+i3MFgYjl7xin8Am3j2s68HSEem1diwTqfzspd953XPuu7wZYezOEHBCWQcUf7cZz/vzjvvQySoDNtyMDFi3yTtexpFyUwxMc6gL3/rZz//yU9+qtPpRlEMvB4AscwBfTICqlhkD1LlKELnbrIwNuDEJXEiZa6PByx8XmKhtBSHyvqZCK9JY4yWJpVjci1y0XkbCpmpBA66Tldglwkt4UExMqtcL0qTaLJaJv1xhqyWSC6MTyCJJsGPhWYdaOdi25ZWCWE1S2xGrtku6peTBMXLqBnCbeOqygVKP2gyDzE1SrZsW7tI16kW/Ml1bNdxYNBCW0WXa8Zhl5TWlOuEEl4HiIzTfw30jKbtGeRSjYvrzJo05eh+WWZWaL7hkMAcpUywCIzEZGlOR0LlRLon43GWAI+H5BxPE5ww33Fd2yoyuX9xGeAG+ldylgDyoLGT4plyATfRRBNN/P3HjDrzmwR8bdPcLBduE3AzhO//wQD6RMMM3cbglmSw0qxDaSkxfT0X2nejktiKSrbMKvGsKmfoaBh7nvy5skGu6v+V6uPdS+BEJmmo3DPZfGAfWOgsBFZgKotlNstMlZtMksJaVfrcvVpZHbyWV++R0dYxI7uufqfVkVaXJM8chnOlIaTBc4OngsVCZTYvPFvBw7eYY0lLpKX2eXrQ60NQNoScNcr14hMDHyT1pp8G1U+ebWNZpRhnEiny0wCIXcBtHm7wtpnaRmSysSjGSkUcADC0krw/qDIETQ0rtAl1ef4q9+uZ3Rflf9PjUP5KcmQxXU7sOl6kap5yeeiNQpdGsLDIBmkEAHoss1jJfOYiYFqYXOnov12aYG3O8QjBZn5+syhqo7Ja9Sxr4bPeEupgmJ7BZrAmLi4aBXQTTTTRRBNNNPF0Cur8FcQDzeMnjt/0gZva7e59996X5UW71QJyCL34KAqDoDWZjB8+ceJP3/e+8WQCtDcOozRLWu3Wzs7OgQMHH3rowVOnTk6iyfzcPPA3zwuIJnsPPnjsne98pzDFoN9vUUnAOE4AII7Hk4eOP3z2zNntrW3XdX3fh2ZAUjcajQDx3XnXHaPhaDwejSaj+e5cmmXQBqKN7L777oWOOPRa5+fmdEnDdrsTtIL+/X1YMzQsTeJerxcEfpKmGxtrQNLR96PdsUwLcB7gw15v+LGP3XzkyJFnP+dZpjD5M077rLXDAEZvvfVzf/Zn74PjkKUZGWWgVAJ69yoHZoq1bmBsAfr68GeyvwDWKRnlCIR0c5WXFfZ0Rk15lBY4F7pcoZYSa0SrDTF0lgXvyMnRAgAv8V5FJQ2FTjuo9iCKx1g53Zbl5LlRaYaAL1taZaxlyDjblPA0+XIow8TGQIKiqw6ibLkoZctoaqHdBLX7pFJ7Ty15jGjOXugVco7KejLB0IJohfblCL4F2XbgFmf0ONr3WTNmLLeY53qXGCvzJcxiGVB7shyh+ob6dc3WtQrbME34dHBLp664a2fOnOl023rNwCzgWu10uzt9uIwD13Ysx4YTmsSRLUQ0GcMWFpc6vd6245qOa3u2I3gjgmmiiSaaeJyhv+EfTes5EzjubQLPzGGsVqk0jtMBuomNYBARAHQ9rq/NkNlub93aEIGpXWJZ3YpHGUbklVBVldLRsh5h+bxUXcMjN1juCWMhcA7Mt+f9wjcKR+UW0GdUG1Nph1q/u+cgPIIiumo5v+BbykXxj0JV6JqEz+T7LADzks+GoZQtlG+zwGGeozwrFzLjNAFtl7dxZVDCdq16t+RbL8ErSstmNeQkfNai8EKbKENTTGWjBUdqF3HBwqwYMwFDt3BPRjl4CVj1HCemZvBvfRh4VZKhdofm2n2bzxyfsuogq6yed/2VTRXvcA4A0CtTwAjzRKaDLBpmSVTkMfWKCtJv1/oQNbU8+baFepS/7JGnX9S6Zpj6tO7ItFZhXea6iYuJBkA30UQTTTTRRBNPq6Bute7w3XrrradOnkZZq23PzbUBSUKiBT9d1wP+CwQNOC8AuLn5+TRFyafreVtbmwcPHBqOBnEcLiwsdIoOUGD0a44mjudmcQp0L8uzZJLAXwEoA2suihiWAUB89113M4RxRohw2S6KHL0+2u3BYHD69CnAzQD4Wn5gWXYUx5Zp9vv9v/7rv4a3xEniuUEYIpLe2t5eWJi/5ZZPkwIXe2LwLs+zhcFhs1/+8u2Li0sp0sbCdpxROG6123fecYeU+Yc+9MGj1/4HpixY9PFNW3xqBholY+E+8aUvffmv/uqvUPKbyziJgCTDYVcEcGkYIBa67B4CVgMopjaGhuNcJIlpmkSqBYmJpaxqDHL0fMh1dT6Gebgl0X8D3TPQ1hn4bJbBSdQEOU3SPNdl+jgwcMt0tBhY82dGbs7o1KyRdJVywPZg64CA4eSiczT5b+icpbTgwB0qTLK5oNKFFtkxC/gzXjOkctYZa1EXSywbz2mFEsYtdC4N5N2xHWinFl9Ds+HSYiSI1ubRSpR2jHXdRSo5yGYzcW3QWP+KnxqA0RxaiKMbKDOnoydo07Uptuu5TFSH0UDkvbS8DK2AxgNwhqt3Hj5lWY6DLlj7MY+jGIZjXK+zsNA6ceJUbwdLF5r0UW0H7WfaEEoTTTTRxN97nI9Y1a5aBdoBA+km9BrgTjsaDdfOQR9kZzQaJ0mi74ba51npd1SreZRtsscdJZ3UVlNUSzjPDC59IdsOW/DNfW23bcaWStH3Oc+ZzIF8asUv+1ZG5Q2tJDwEhzZlnGcw4Aods7bHAk85FhJYvHNKNmM1cd7+sd1mFrvo8wyTn2Hnu/aMa/8qQ5mmMlGGHTE1UfCTRdAggYUYS8NtVm5q9u28pM4z6L/+y4w/B6/fx8//td4BVl0NKMjmKlUyydUkT8dZMk6jGM6cwHFsWSvhNQOf9QF5GvZTL8ZORs9Iq+ysy5lw6lt8iT6ToqH1TTTRRBNNNNHE0yZ0uiUEIDy2dm7j85/7u3a7axg25yYQ5ygMAQ1maTocj5hA10BgwdAvjmOgmWiYC7Rxfn4ujMaO56V5tr65kSR5FEWdTheVpED0CCID1nQddzyemIZNRsBmt4uOENp+F8L3/QLxsWOa9nA4chwsKVNI5jheHGeTSejYNmzODzxAyegVTSXefB+NO3zPJXsErDIXhpMsS0zLEBVn7LRb0J4kSU3T6u30PAeYeAKNgXXceutn77jjLtcxi6dnT3fvTEhCt6VPRCG/9OUv//n73w8HBM0o0lQILILntXxOpfmEZVoOlq1TEuv6QSadIYTF9AfrBuED/pJhZb4sMVDsJRQtmsvMpPI3WhPNaO6pxsq6DbbtoP46zwv0VCEBmFJAn+Gk52T9AexYWylr/42UdMc4ckBaGKDY2s7YwKnN2voQr1L93gxJOuq56eRm6H1Ml1mpNyuKcBJmWG/QoHm0KGeGJfVcTk4uHHDFavcMKrHILK1WqyiDbhqBXVI3kxFHQZ4dHHXisH0J1znyaLg6udKHRaf+aZLh7OeCw0UOrcZ3K6xJSH6UQCtwyjDTDBreUKjxaFIWQqRDgfJ/xyIJtlapm/ixYXwcxSkc9FTSpwMreZL8eR6e+YFfpBmcREtXLWSMPw0T1CaaaKKJb2+oyi+K86nMt76xzrIwLUklwyUYXMyHo+G5c2tbW9sAoKMIBlxLkyheijpnmah65MfjbfbUn4E2BDeUPDVV7grZtdmCZyy37I4jLIDA2v25kMSEFf9WskxVt42kvlKwDB4WT2xR+DZv+7zlEoAWpMQuhcylvcju9ZSu0LzUNJ9Hn897qN3P9a/IuQ0E0IB4Q4aPCQJolpJRCBOP5G1RVxSsPThK1a6xllNvAAAQAElEQVQWM/O6siSvfmXT5cvTz2cKA2rFNO4XUGbovsQyjbJkksajFOXPaM5tYDe7KC+LXQyWf9scOJ5YqEf15ChK1qz9OOp3zP7axDeNBkA30UQTTTTRRBNPswC6l2Xy4x//1MlTJ+IkxgyrQB1xELSGgyF0BD3fQ11zLqM4cl0PqBwAX893dclxeGU4HECvsdOdW107C7gOsrLJOBxPQuhtO55rOzaQP9fzAAWmaUKF42S7g4YDqJYFCIiojSVo2lu0220AfbbjAGGM43hufh55ouKO7RCGQ7rnB20NKAHzAZUDwmzbbhhG2tQY+ummZUoStI4nE6Zkq+UCuYMXR0S3kziGNqyvr33607dEcfLtnt345ATV4jPJqVh+9rOf/dM//VNIieHMAn/XXX3ycEiA5sOBgkONstzK5gKOBiJghQRW81adHKRZylhZak9bVpbboj9zHITIpSpL+ek2VOZ+aMehyvp7/IJ2frBMhliZwHbJkDHqDLL06lDltGidfqmZtETvrE5U0PHRJDKOqJfpQn9atqyNQRKSNhPtRXtBZMoV5tZCaXgVxlo0tka6TQUJ4V1wEPRuoWF0KViGi5a09qR3E3QEDcPUR0CWD/i46CNQWXAotOAAQE+WJsKFoQ/yJ7Fse2FhQTtZkyFHuXeKiTPnzsG+ZVINhuPVtY0IPoTwmYBctZDzC/NUttPyXU+VeXZDn5toookmviVRQ2pW3YlgNHRne+fUyVNbm1twV6WCxtUybA8v3NvJqFwjHs+Xtka2ZYU9jWYVlj6EfpKpVMsUi5696NsLrjFnM58XMJgPt0OhzTfUo21Sr/YRNnphH4jdLLvE4dXeMQTQHLlqbhvSM1Vg847LA4fZRiFmBMUzK5xSeb7rFXaBZc/b/hRS619F6R+tYKzY5CkvJkUxLljERMxFRmbVhO/U+TUZeVVosCLP+vkMbdaD41M2XEJnPmXSghYn0+3qZU7W2DD0rmSYpaMshsckTxJF6nS2iz7r/54ZHdTzo9pNNfupYQ2AfuzRAOgmmmiiiSaaaOJpEFPlLKQHMt/e3vqrD34wChN0TkhTz/eBqo1GoyDwUTOaZkGrBQC31W6HsFAMi4nxOITVZHna6/V8z4NXAC4fOHgI/RCA0Nmax6mdnZ5ErNzd3txK0sRxXHTvLVQcRbogG6RtfuBrEgqQLkli3/fCSRhAtII4CtNU+z9g9xS9jBnr9/qT8SSKYvRkKBi0Lc+zVisAuOx5HvlLREmcSnQLmZPEVLMMcTZ0ahOyX4A2zM/N3/GNO7e2dxgr6wM9TaOslYNCY4jsppv+6s/+7M/g3MFuwy4jYC0kFuTRFs6WpQ81ysBNU0NPhhoh4rZCVEX7yCbCceF8Qc6kS0SWHLmaHarVzYyclIGE4uaiuKjq9eXEsfdoyhi5QgPHtS1TkLOzvgamAjQ4xXAu6UEnDjEuPKXSf1hF0KzqHNKqTF1FsHSFpqKCsNWULhJk0ASwtWuzjWUG8b31jqCQmRycSZ2do/CZgpUkHd8ILYKDoH/V0m/LMKvdUWgPUlUY0j4b1BaDljRIUT4NXmMJmqdbIntZAI/2/QDaCR8iCyXVqpprLGA34qzAclcejPGMFpf2QXOjMDTJagYucjg9tmE1U1Uv+eD1pHf2xNSNT44ys4kmnlax5yalb0n1i3yXz6++Z8GwfRFO4vWNzYcfPr65uZUmyZRIPmIQKtYP7TRM9QSnvsnf7FFrezV9BqxpwE/6G/w0Gbc577r2gU5wsOMt2CJguasyS+UGTs9hQgPZR9vAIzfoQrvDy53QzBklz3rXak8L+Btib1MUrlm0XBW4vOUyz1aWoe+Oj/Jt9Vi+f/gFH7pQIRUkRADNEEDLYixZqEQC4+dcIAWfGmKXGFmfKA2Wy4ug/sFn4HP5gpj+oSxBqEeSBSvrJOIT6p+UxRQNrgyeqGKUJ+M0nqRJCN0bGMtnNERQKcFVXeDvGftNrD8Filc20OdPPmjiYqIB0E000UQTTTTRxNMgAPzqitTofWE6X/7y106fOm2aVp4VwH/HoxEQNOC/586d46STBbgM5DCLE+Bllu2Ylg2vTELAuTlAsNF4bDv2eDyxgeVl+c5233EAYgO8zgAjQ24GHBlQJlLRgo2HIaA5wH1oKJzn0As9ffo0CVTRJAG2Fkdpq9UB7Li1tQ34WwtaSaVrdTpdPesU+quwXcdxGFLpVJtCwMJhGMFeyLzQ9h7wJ6DbwGHhT4uLi4HvA4hMMwSUk0l45513fuqTn9Kppi6t93Tp9dbthH9lrlGv6PeHf/7n7//Up26RuYrjBF4kFCuyrNBOxSThLTurleSWa8EypcOcLDLy0jmRFtOVynPkwBJOI+RcWNYHEwYDXhL0dsC4MLQAxw/OCJBiPQJhkrkzmYKgIrhuObxFFmWFH22yAUuaBKMNNOUoKTAEJ/GyxtmFUrWiTF8MpcszVT6EERHYU0LetCFqFV4wJHCGi0S7rBRV/UBdhxBai87jtGZS2WN7FFk/4zWPRhzl4eJE5fW2GFl5kARcaboN1F+hhbVRziql9cDyNgzCmOiRjW3GUou4mnLXyEobfnFdF9a2ubUJqSpcnzrphZOBpIAL23EfPnkS9mx9Y7vgWF/RD9oFrS2h0RQ/CCR+kC+qcFYTz9ioq2KxJ0Sf65U1DLqJSzOmA/PsEToDBMvw3prl0OHZWN88fuLk1vZWWVeAP+onUKNN/SDgqR6BnD76Qxs74EOVD62AhlumK/gcAOiuf6DjzTvCV6nDcqvIAZkbePMVJUlllYB394Nd6MXyT1W5w+ne0EHSPyvZcTkaPj2eJOlFtw3XYoHLgD5jBUIA0EKT1vMOl5Z31/7Aj3gc97xldk0zbtGaA5PZR2GohMmxVBPJIyagz5hrCw69RTV112C76DOb5cts19P6cYE/I4OeHuQSUpcKaAGbTQoJ9HmURJM8iXLoP8kpgOZq13XInrlRGVzXdQh1TOUOTVxENAC6iSaaaKKJJpp4GkTdS9YKi3vuuhs4JsqTBQcy67eC5zz3udc967qXvvQ7h8MBQDSgaVIi3rVt5+g117zgO14AiBkpMPDcNFtcWIiA/BrCdZyj117b7XaBU49G48VF9BZIqTDdc57z7H3796+dO2daaIAQTqI8z6IwXlhcWFk5EEex4zq+H5DKFf4zr4I4cmW/3wMgDisZj0Pok65vrAPXvv766xjZDesuK2SDSZJ2O23P96I4Gg5HrVZbF47DqoatFiyfpdl4PEK5d5532h3IxKCdhmH/9V9/vD8YPF0Qnk5I4OgBtayMHlB4C00/e+bsr//6r//t5z8POxLFMRBgOCbIl1UB3JnExIUuCWiS8JmoMwb19am0IM4qlpREFlIvTwBYa3LRzhjFzmTdLOpMj96M5hUZLFrWDMQBA6F11noTxkxNc1obq30+6F88g6RWRg8QUQmIeM3KjdJ2eroGzk0SOFd6tArHVxe2tuDQ9Qx1ZqMNMURlO56jPDyBHXHR7CXluwMBuoWOzBkRdJoogFu0bLuywKbDMJM1IViXErXbcCxyrf9G4w5eZVMWFkuUURSG4QQGZHC4BQ9aTv7RSZ7JpaVlPf22qMoz2q6TJNlgNJlfWvJbHQDWcIXDiYC3cz2rt5yB3XDCJppooonHE3rYsMD7IwZOtoFx9TyrK6FpEqjNn/V3bRhFm5vbq+fWtja3+v1+HEaKvrGpQzWrXX2k0Dz3wqj6gi7RM+YMWl2MoFJwBdDZUIVRSFMVnmCBJeZdc7nlLntW2yhsGVsyM5TEwoOczWhMH/fBmrZae1aUKuiKO6sZDS9Vk2ASflqG8F2rGzDfzi2RGyznpICoHRjUrn2v5Mgzns67njA2VZJzteuwapdlfV8USOcBfgN+T1kRyyLKZSSLWPGcW4yotKppd606Lp+yXeeqfMJ4rZTmU8zNpwMDu1l4RZ8rkI39Tw5tkZMiGxZxP42GgJ6h74P1GFlRWnDsvXCeqeZaXA/m8NLbDbtbFNDDX1lZueyyQ6yJiwuTNdFEE0000UQTTTyNgvPBcPDgg8e6c3NJDKxYOo4zGg6vPHLFV7/6NcjBLrvs8HA49LzAEKbT8gALH7788vvvf2B+bm4w7KOC1TSjKG63Ot//D7/vnnvvzdMcXgSmBkS4t7NjO86zr7/+4KGDDz983Pe8hYUF13XDSQjcGdjfP/7hf3z//fd7no8u0sRVg1YLnr/gBS/IsjwIWvfed68QwFJj13UAUr/6Va+G3O+yg4dWz52TyOm4ZZnjyeQlL3kJsDxY50PsIdKoporA5ate/erV1VXYbneuTQgbViY833nu8563vbV5YP/K6tmzq2fOLszPMaYd92hKKX8ShIRPelTJsC4Xj0UgsWAdZrzF179x10c+/OHTJ09Bf34ymcBehpMRIlOqPQgJFLLkXJJuGOkx8FAypoBDnhfkoYFGyYJrDm9ZDux8ISAfSDmv9EEMBdRaHA1HSIuac5nBr3ABWI6dk/GF67nwFm1twSq5sZhKixgMV+gCgLgYeSvLyn9Di6kLaCXpiA2tgqHkTZIvoGbQskLJjHYA6bShiTjSXmwYSohJXE/7hRbVZKwB64HrG/CC5svoOU7VBUsdNy05m/zNKq/h8DGy1FBaVQVbh7aTBg2rcSK+NyiBLbA+p0KgTjJt3fwSnRuiFPXQwZHasztNcvjEHT58GMZ1JFVHhJ9AqyGRnvNbKyv7E2iwZ27t7MBWOp1AH3yyaA8q2RrGMzNJbaKJJpr4loYqbWdprk6hn1K/ZpdDFHlOlTgQRhE3N7dWV9c2trZ6vR7cN/WEGUaTcioHAVXByj3Ba+LJL9CWCw8nlgy0LMmHgeYRCDexZAf8Z/LCNVjbEPOeta/lLAdWhye2TK0iEQoNoKngHy8dnh7/kCVnatpuVdo90/SpCtRqgqzdRYA+S8ELUxi+ayKAdqVtAA6HuynWPqaWq8rgYw9Nnm6D7aXPs0LpGWat/1Zqy9H1AroJAHdhe6kqIgn0WYYFj5mVw9i4wBu6KqY1iKuzMrO288TZM/+qKc2n/efsPHBdaZ4rnS+8BfYaiHPIsmGe9NJwBOPgDAF0gWeGHlPbZzWFz8/IIebdgnEcv8cZkFiTfOXAimM7rImLiwZAN9FEE0000UQTT5fADq5lml/76tfvf+CB8RghMudGFEUrK/s+9KEPcTLVHQ4n+/Ytw4uWaUMf8Y6v3/G127926LKDWDAwaIfhBKsC+oHM8i/93ZfiLBmPxu1WG5YMJxPbtiej8Zn8zKlTpwBSLy0vwjqBIxumEUeR49h333P3yVOnoCmeiy7SwN36vf78/PznPvf5q666cjAYLi3tg3TQcTzgqpCunDh+8uprrv7039wqtS9wls3NzQGqhm57Eidnzp6F55A9wpohMwP2/dWvfRXSnMkkJFl04HgeOuf6/pe+9GXfRelrNEnuuff+Zz/n2cQwtdJIhtcjtQAAEABJREFUq8LFU0cTPUtFtY4J0CjqiwssoPe3f/u3f/mBD0zGYxOPKmQ3Ki9SVCKzHNNT8kR2XBeNknW+V5RIWVHNPAKkqEFRaJ1h0iuCBNAFlXxU5I9swZrQNaKWThdIX+F9uvCjNmK2SCafo4olJzkYHsQ8k4CuNWvWsmhW6u7L/dGKZo2qWUWiUTuM/s6CmLLStdIt29YVBfVBYVPREqHg0riTlUpq2BC9DxbLs9IVmlXOnpUsOndMFwZLtPVzfahhjxTRcza1OtGSZjhEAnedbEhoH2WBYnSpVTzImgnoq9LgWuiqgrRCtOkwqVYh2Vrn8NGx0N7ZT9MExnWuvPIII+zOqFIisfYCqDZg6zTNXbeFBikwPmTZnmPH8aQTBGJm8mUDoJ8R8WScRlVDqukrFTRRF1y8iSaeXqHLz+pRQ22ppMsbsMcTNX/GboUuIstI0QzfxIom6OiCuPg5wpsl7w/GZ8+unTlztrfTh04IlljAUVA+q12dYYfVkxL+akJaW15Ui88symY/lXXxPyKYpW0H8l60c6YbAIDU3BWs6xj7PHuJyg+2DeUV0pKxkJkock43/uJiDIUf+RuoHIzlM22swbF2qkDNMU6LIu2zkHgfNJltCc81PFcEnnRMiYpkvGGr8iDpHo2aOWy1zpuzur5uXSJQzSiMa5TOdzVfl1JEU2y4LgrTzA2WMKTPMXSGpMgEkwq12cUs0Vaahiq6YavKZZvP7OesSfjM9nj90p5TWE5Qmp5APFuw8ZDJgcqG+EjHCgb5laRxgZl90rUgp7R9th17zo+qRNmPUkCSMXYRvdnHe+vZ3T3l32zZ2l2dVwJoeBmngqGUwYCe6oED+689em0Q+KyJi4sGQDfRRBNNNNFEE0+DqDqKPE3yT37qk2mStYJ2kiStoGNaFsBiyOXgJ4C5brczHAwBJaN2NM9dzwWk2+/3IUmD/iLgM0hrxuORHwSD4TBKYiBoOzs70H1EFSfnnufZtjMawRqscEIaZNSBYh90c3NrPB5DfxTAZZiEFuRL8MyxkjRut1unTp2Zn5/LURPBkmRi09+2trfW19cFOvYCYRSOsAFzw8J3fOMbpmVWRgcCCCjsIXDn/k5/Zf9+YKKApJGJRyFs7uyZM5AL5rDPWWrZ5hdvu+0f/aMf9ADR8qf6ZMe6Jo1lmbCPURx9/OOf+JvP/A08gZMCBx91zRUrLSCvKURRCodLz2K9noTUypT1cThmRIoNZSiaK2roZADVwRfMuKgdWhpGZiB5bX0Ix5kTR67TEO2zoTXAeg4wU3tUQtiCKnsVpe0GLaMRAwyQAKtV5L/swCYoUzOo2KAm2gUJkyXWkJ+6dhTkviLJ9JlVKRKSAs3FZ47nnl+LyuQEdxl5saH3JZcZXGCA8sluWxMLvXKF4KMw87z0uYb20L6Ub1TT+orlr1oA7rpOQaWjAOCblvFDP/Q6+MjU6VkSx6ZtMaZ0bR60n0afaXMShZ3AC6NIZ6xNPIOCPyFZ4t5VqQv+jUDRLgy9Z5sNjG7iKRv1/YvuNXlaBTwPKB43gKa5NIUeO6VxRkkDohZBW6YL0pLLlDLQ3l9sbw9Onjpz8uTZ/nBY+yCp+nOlLRdqB18+QyVVXeOOl3fg2szh/C/0mlzOAFheP6H3kw4aiG7qGcZiYB+aD/a17K7FfJ47KjNlyosMBjxVAXdO4JwFr1b4SAeCqUeDmPUO7kGtNC1IKKp0QGUORc54zgTcHYXnCM/ngQtPpG0VMIJb2olodwpWCcuVZs+M7zGSroXkeoZWyWAr72ZWM+jqwOJTAwG0MJVpKVRccwDQE1lERZEU0CyVI4Nm5cFX2Ax9sAUnWbk+l7Xm+oJHS/GZb0te9lnKA1Pe8jVfrw8tp4lZIg+V7Mt0oNIByyZcJlwWvAbtdNXoQhC87o9W10y1j9OTwHedHcbY4+3C7u2YXXzoiV8lMFczLdE6g5kunyoV77rEBRx0oaev6c8d5BqQXMzPz19x5Mh3vOD5nU6bNXFx0QDoJppoookmmmjiaRGKKrln2zs7d999D0DnSRh22l3IImSc5AxlrQFWEUTfBuRwpqkydHJIpXKJKU/GQ8B0aZJCVtZqtXu9fhB4jm0DO2t32qPh2PMcYMbjyUjmEpZP0wQr0ymBZsHo0iA7nQ6KmFPoelrklospgCpKPSzQ5zCcMN2zRxhoxEDl0DvBAt7qYCFEdDAoUOOL9hGwkjRJgIP3er1utzscD6AX3Om2kyyN0xS6ubAsQPAcXQ4gfS0gkQSqDtnlmTNndZNQSGWWglz2VApeSYZ1UgPM17TETq/353/+53fecYcpbEiWkjgN46iQigyaFUFn2E1JwF9kaa7POJBrrTCi1AiJL9o+K633xUqG2pYZ5b3kYqHr5pHQrEAai6RaIPqt6gqiIlgWmpzC5uCaSXFdeAC1ZJiGBIjJYrbBSZ6sYOgCHVcIExvk1q1LGmqyoF2qc6pAmFPSq200yF5D2a5DGQ8kkrUdB6TY6Gihzaal0lUZ0ehZGzZrrZyucGiQebRWUgd+kJPfhd6Xojr12uW69A/RJtkKNWSiPBF4YLMcIb5JmnHCzUJP367U1SV/0GbY2uQErvXyiMHgjW2OxqOg5WV58rKXfef3vvIfaNEzHH9af46ycabgEJmOgJGbSTzxAidPJWTLto0OIHWzm3imxJP4tTOzqt0z/c8XQTfQuYmnftR2zPrbFb5sYbw8gkFyCj3UzR5PlI4RuEqsd5sT/dT3roL6I/jIcokFlzP4SsZifptbvdNnzp05uzoajWsuOOvFX+LHCzLo8llFn7UUWjtbVHX5VElG2awKlrGqGiCrUXEhWGGyzGR5y+CLPgDo1lLAO4byWW6p1JTQacvgzoy3FaJ/pPF9VNb4yF9Ciu/hm6VWWIm6NwFoUZACWkjFM4Z+XsL1eOBx+Ak3blvAbR5BOCvNQLiexFPZaZSHYVdhg8qUYkZKzqv6jaUkmk3BeG2+gQC6MOzC5DlH7fNEqliytGAZrxy1tZxc4IQm2oFpSxQvCwLuOg2zx0Kdz6BZ2RCtFJ+VM+izxQuDpUxNirxfJEOWjngWCokKaFY6o+i3qakCugLQaoawT8cyWE19qyvqidxBHud7a2lDebD4Lii+h2uT33rBUOuhxyzwUcoLHKfTbq+s7Dty5IrrrnvW3Nwca+LiogHQTTTRRBNNNNHE0yBIN4o88czps+trW5wZruMCTdb4L4om+DOOHccjDRDaAQOEhp5iu9MZT8Z5lnu+T/4bCNTG41G32x6PJ4FpOJ6XZ2m724Yu5iQcw2Lj0chmNqDhhBJFYIKQOjquOxwMXNcly+lRqx2MRpMgQF1tmqbwYhSGwPXmF9q9nd7C4sLW1lan24EWxklCUlkOi1lYKU6ahqWogB50dSeTse95URTq7nQYxdCpJerKNZl0HHcyHvuBD511WBsch4319Y31zU67VdtBsKdwAGgGhHv64XPv/eM/PnH8hOd6w/4QKGeUxKTgmbpbABeGswYAl6o1YmE98uUA/oulAyEPgBMKIB4ZLmMWDDAwmoIsK4TKURStqSgsKWUi0de4aoemq0IXCxS65CMAYCACkirvaUNMTXKzSnpcoOJXC7TLOZia8KJumiokcjGltzrhRpmzBsG0MI4ZFOUeIiAmjbPOWXWpwgztp0uVMVxFrJSjcc2RFRmG1HlRCc4r3XHt7wEHx7ZsQN4JlgdMIWUF4pujzwavLKHxWiLXbKIWhbRMl5WUpJjNuWAB2CKmW1SYEVYL7FoL4eDah1fgI/CWt/xz+DXL06paI7dsC0s7AqeGUZYCYHfR7nSBQi8vdOG983PzvNRfN9HEI0YtCdz7upqKK9mU6jTRxFM3eHV3rm8QkqIopqOhj2/FevYN3ONsB+sZoOKZK9MoPZ2ZqosQ8jTLR8PhcDQ+feYs9Br6/UEcJWWTSq3yI2xCXfBjxtljIoY1jdTNgaFiJMu5I1Rg8CXf2t9yDna9eSu1WSpkInKSP+OIZuV4YWjzLf54Z1vwii+W4+H4iuCzKuGCpjrBkCx0PHI4rJ5jtHwY6VWuDaPBUjDJiLdWthblQVFTWlsC2FJkPSXyrFy0/FV9s4aKQhjSMDODJbyIChUWKoa+CNln6Z6JnFnN4/3642r2HM7QYLpqylEGcueiUogsUvkwj/tZNCqyRCjoCkiuPUyqWo7qGfRNXPmhl17Y2EszFQ4OoL6B0opMZXglOK6zb/++o0ePXnv02iNHjrRagevarImLiwZAN9FEE0000UQTT4OQKA6FdITde+99cRwbwrZMAJU2pGFJHAG5i+PEsqALiH1EYGSAjYEILy0uJlkKXUMuDO2zUWAlwMI0he+7aRrHKbp2APA1TQNStcBvxXHk+z4AazR9th10zFXSsk18PfCggxon8BYjiRNYAywGvW9TGLBRVM4qtbPTgydAujudTpHLKIw63TYkfgBeddVs2JGkSAE6U0cXASUsAw0eh5Og5UM3FzYEOwW0Gl6ErZCjtDOZhK5lwe4DcY1iduLkyWuuPkL2Ednjncb75McFaLhipmV8/nO3ffgjH9rY2ETL7H4fIDM6Cmc5pMy6pJ+g/BItmw3TcfRJLCrPTFl6HRasqumXaVCbpSlD3lvMCq5zoqsGp/KF8A/Hg0Oa39KCQzNoRMlo/yw5pRY1gi0IH+t8I6fQ72LKgoZB0p/jlGfk3IroMDy0HbNup9YgazMNuDizDNgxtDMTGjYz5Nykxs61T4UiHl2gWNvSq9KFDVVVWCijKn+imkoMf9LbwoJTGocT2MVCglQSh44V7im5Y2daDF7qszij6oc4Yxc/BVUScD4NqVTVaGqN9jP4d/zUwLsnk8mP/uiPvPzlL9de0XlZvBEOs5HRJzTCGLfnulEcoUOig2QaPmC8EOIpc6E28RSMR6TP9FPVqjn9K2uiiad6zN4NNXfWDJox9kSwHa1WwB2Ayipoba5W54oZ+owfkiyV29u9M6vnYNh+bW2j1xvQaKuoxKnl+y64kQt9xvhFy05rv+jqxkr1H4wiU0VqOUbHNhYBQLedQx2vK3OnyHgec5kC4SwqOwlW64qVUo9H71ry71mhd02fS78K2gr0LBBAw8M0bN8x2i3e8nLHUlRqT5Z1lPesdi+DrnTHFzAFuYgzjWvDCoQSehgmS1geZcVY8RjG7hkNgwtDi6VZVfXvCXwHzk4pUTU310PoqjLOQByvMq7iIh/LtJ+GE5nFokA1Ni9F18/Ib2Fd4JNk5rpoCNcdNxrvz9M8lUXuuh50Qffv23f99de/8AUv3L+yr9VqUce1iYuKZz6AXl1dZU000cQ3i4MHD7ImmmiiiadwAH+E//JMbm5u+r7HmTkZx2hxaGDSlUaphZ7KyJJXz655vtPtdAGHhdEYKLVpO2mWep69sbF2AL7ulJpEUQiADOgY5+EkPH3q9P79+2ENAJ0hqUOTDctIo6Tf33Ec17rJZR4AABAASURBVPNQKzo/Pw9wGYie5/syy7d3dlpBAN1QIMhhGPqtANAkYOI0TWwLhaKOiwgvaAUA+zrtVprFYRgBAYfeO7RkPBlp0jocDpASFtnC/MJ4NB6nyfLSMtWpVyYzZSahI5wkcStwbds7d24VXnc87/jDJ/NXFmgQUolr2bc16nSaZjfiE1kW00s/+fFbPvThD6GZhrCyODeFCfwdybBtqcq/WCq0ZqaBATgUORoKwwlAhIr9fsu24K+AL1MiuUEAIwfoJgHjDYhckXHb4QRPtIatRV5Yrl3kufbl0C+ShloR3DdI3mugUB5WbpmQw+OkVvLy0A7L0IycvDKmEjbOtQ+1QcYZWS7rujR6T1H/C41BympoBg3nnSi2LJXOVOcQCDKuQdiFLrDENC/GApUG7iAq+kmebOljWJY6JGE1vA6MHnekLI2jTCDdyNzp4MhMW1TqubAZbAkNaEp7a0yWIYU1MZuyTRs2ogAJmxzyKVT4ox0HvgFLM5qWVgCZjgHnArY7mozCKHQLLAt59Og1//bf/hsYeoFkDLYOWfMkjQbDwdziItYejGEfXccBXo9sutPyYIPz7RZeEJBZcxgNUKJhh8+ceJRz+dh40SPMG9+zzC7mwS+w+af0XJAmLuXA2SS2XVAxXvieh+dPYOrSjN8Bfgmr2jUDR3NxqBVtjeGmlGY5dFpOnjh1bn19NBqlOGQrqMCBrhv3aAR6NrRfgZoh6t/04zplsxWT1dYT0F1rmcZyy11pO0uu6JrSK3KzyODWyMldS0NRNcuPKw7NHuNBYrusLqblAFU5MQj/gV4A+X2wwjaka6nA5R2fBR78isbLhJYvhFr5LpON3d9GuwjvrnddwE0IT0Fd5hEGrBPBgDuHXIWMp4iB4UbNKyqsqBBh+dZps/juHX6s19VUB10eIoHbjJkc5dkwS0ZpPEmTiGNl5LIUItMY/Jkkfi6DOlH0H81008dSjx5RWWZh2d4Kxv5nXXfdVVdedfDgAaDPFgoCvs2d8KdRPPMBdIPVmmiiiSaaaOIZEBqjAbRbObBy9dXXQE/5jm/c47mungBpc0CQ4Ytf/OIkTefnl1ZXT1NP0VZMDgaDbrd72aFDQRDcc8/dgJht23QcC0gxQMYrjhyxLKvbndvp7SiUTjtxkniOu2/ffte14jj50pe/tM9cbnc6/X4POqTtdhtI9PLy8je+8Q3U8AJWkzm8kuX5FVdcMZlMzpw5iwbUWHMvJ7LH9x84IJgYjvqTSYQ41bJGo/FVV18V+P54PO73B8PhEI19TQUwdHFxodPpXnvttffddx9wZ8vC+ofQqgMHDwEKnJvvHnvgGOzyZz/32X/+z/8p7DrQ0KcIdqlpMmeCJEPFeDT5sz/7sy/+3Ze0TUUcA13FukgFuQaTQ4VEfIxu13h+ISdHeXiSsOn8ZezTQ9oM5BX1s2gALWsvBzJTRpybwonzfBhjMAjAIo3NMpInkyO4Xl019xQNqbGMjNTphYbLuFatpK7QOaNJr1rUnNPadMFAbTqBr5ANCBZXzMsGaTsR9K/Qkm1W6omwXo1loam3tpYm22hW6eOA+4rKJFT7cjAyxdD7qU+tTn70AuQJg+7SyH+RwiMvTtKEU5YK70LULLS0nOw1aB0C55KammGTtbQxPYwoC8dNAdAnOg+Lcrqwk6LAIpF5jk7Q0AC4wv/3//5VSLoYOZZIlEMZXhCYXgCbWd/eVsyAz1aWRNEkNKENSLRJhk5lk3AIqUGEz5yYnZN+/h8fg2ZxSp/5zIqnm1FsqjGc2gNMp47z85ZtoomnQMzKnOE+5Xs+jCxmVMHM87wnZepSZdrMq/+wtB5KNyUVFUjz7e2d48dPbKxvQAepLPA7Bd8X9SGdftwqylp/yB5tAIr+Vg6Hlvdeunlx1nGtg13/sq6/6HC/SG0YkJYZK/Lp8HW9eq5KBTN/bHrbWQ0y4WZV2m6UrcAOCKuqB8KdEtBqbpsycFXH411ftVzoU+YMb5KPlbHWMFhVgHrqga2/5PTh4xXApVKFWpXNYTw5BvTMWcjUWLFY8By9obF2Y/3esuShmh7mXYrrx/ftRx0uos8ocIabu8nDPB9kcT8Nh2k0zpMEhgigW8HrzZce5+wZFHU1Qj0Jjq4b9GDTVQeFif5j7U7r6quufs5zn3P11VcfvuIw5A7QCeTk1caauLhoUH0TTTTRRBNNNPE0CF0zjVyDTXJSVPtX9kN3OY5i7ed74OCBV7/61VvbW0TNckEWHADXPM99znOe/R3f8YLReAj9Sc93UlSbiqDVAgz3hv/n61tBq00iTcvGUnJB4ME6Dx06sLCwAJD6sssOArCG/me73YHu9mte86orrzqytrbuOC4WErQsIHqbW9uHDh181rXPAjx95MgR9DowDM/3AEObhvnK733FJBwDBC+oXF6Gq2qNR+MXvvBF+/av+D4QPB/3zxBhGEEDDh++HKiibdlpClzViyJg5tFVV10Jf0qT2HVt2CNoIdYaAtr4FJNdQHuA8MJ/q6vnfvudv/2Fv/s7QJrwymg0gX2H/UJKCyeP8CfZbyAuZVj7xy6oBy+q9Bj5MuWK2iMCpbuWOWvjQNeDCqNQIORNtbuzNnjmpDhjukwfpNzo0w2QFl2hC+2bTPMrkTsDXgV0naaK5M8GmW8Y9Bak2wi4DS5qpTnaX+Sa4ZLPhpRT/4qybTTGgApr8hDBF0jFDJswaD05GVeX4IAsnnll00zvxreTzNrQU7bJO1PK6i28rHxIcmzDiJMY9kvgMURLaPSEoVJUJLtGQXNtQgpb1VbWbLftBg2XWDhgQ9stPUrRigR3MAxDNEB3HBi/+eVf/uXrr7+eY0nMnLxBDBg9UIi2jThPd/o9rFuYxNtb24PBMIzHncBvua4oFDmaX5TUromnW6gLPx7jqeYz7+V71zbd1p7FtBnp7jc20cRTMXBSlOP4vh/4AfQT4DnZGz2+ULv+KX8hZa92h6Y7Edx/oO+ws70Dg+Lb29tJkrISCleu1OxiY3beQSmSfQQyW+NXMgRh+lG+yJkpuGPwjmfva/srbWfO4l4R20WGAFpi1cHpSmqji71fAo8tpt8UBHhL7TPXjSIFNEMFdGHwwjFZy2OAntuuCmxpCyTij2vTGpvz6dFQ5a6UD77bvKMaWYPGwZBuTPQ5ZCzkPIWuA9zayTdEVRC7PLz1Y+bpE6vpp48PHIrM4InJQpX3s6gH9DlLYpmn1Gmgx0wlCvZMC/0R0sIERtYxRTVbzbHsuW730MFD11xzzfOf//zrrrvuwIEDrVZg244ezGjiIqPxgG6iiSaaaKKJJp4GAWgMOObm5uZ73vPu0XCChakNiwvDdmw0Jsjy4XD4u7/7e8BwofsI2R2a8NrANCWAvzvuuOOuu+7e3N5otwIEfGTaG0UhrPNdv/+H2zs913HhRc/zsRigYpAjfvnLX0aNJ8BKU5CzcJGMh7Dav/qrvwISjcgySYHEwfLw18XFhfX1jclkcvbMWXgRqDEwQVj5ZBLOdec+fvPH4zjq9bZbQaCte1OM/kc/+lGdCJKPhEqiuN1qjcfjO++8CwBuvzfwPTecTABPAwH8whe+ACw7zRAFJkkWjSfjwWhhsXuRIqZvdRASJV/jQgHH/8Y37rjpppseeughx7Eno5AOIJoFxwnaQuiSYpLJguoyQW4OfXeS96ra14LYLKZc2rJZKgK4HrpVoGGFlGRrIZI01SUBAYVqYJ3JXL8ZMiXTtnMiy2UdJKV1uyiz0m7LhqHF2krb/OGJqMIg9+RMShhjmE3VUVRMpFiX60mpAeVBoLKBgkBwQfxakbEFqYklXcCZHizRMuoS9JLsSz/RTuL67SZZhcBx04I1QZ7RCJTJGNqxHUEEHH4FfsyZkErqsoEQpJ03+UyBR539EpsuRT2W6WgJuT7CFk4PR49yPCYwVCKzlPzK9Wm9/vrrfukX//tznvucUtyt4PNoAbAv9ORlKXv9PiS/kk7NYDi4/PDlrTl3cWHexUqgOpPjpeqriUsiVCmb/CbfTmrm54X/qqWUiu9a8fRK2s26myGOJp6aoQ2NyzkuXE+vYY8/yiIBxDmrT48qXRow4ijZ2emtr29tb+8MBn0YsWZ0U2MzN4XHvE29I3sGhVj1ai0grV6oGTROBJK5xWXbFPO2t9RyllvOgmcFPDVg5DhPRCFFaS6hKs8OXSOjYE+QqlZS6rJlBKC14liD4oLsJpRtYe3B+TYL3MwG6sugGyEfD9Hl5238Eb7dtGodtyAMuA9DZ6Sg8oNjWYwVMGiRCAF9B2ycQQro6dp59b1aq9+VYk8E0/NSJ44e2Tm0wlCRKAYq7eXRMI9jGByA01ONJGDvAXtnFZ3nz6B7etX7LEgZQPPicEeDADrvwcqBA0eOXHHlVUeuuvrqAysr7XbLpros+tp/JtL4b1U0ALqJJppoookmmnhahIBkBPqENkYeTtBJQ3spQm8YEC10ELc2tzlH+oy10WQxisfttu95HoBg4HGtwIfOpO97GbK1fHFpcXNzC10RGRuNRktLy2hPgJpYJbMC0kPXdSeTfnehiyYJlnBdL5pM2q325tZWtzvHqB6g5/tRGPZ7PdjK9vY2wGKBc/FQ6osg2/dG45EsXG3L6PleEsdUIA6pH2py0xQ26HkutMdCm+Bsbn4uiZPReGxbAO4UrHZjY6PT6UAbhoMhLIl2E463em5tdXV1aXke66XwaXeuFsle8Ndv7emh9sPx/5vP3Pr+v3g/ZLztdrvf68P2oyhCV+U8Q/KpqAIeY6VGCBl0aT2xy5iCxMVajkx/JeOLPENNMOyyYGRPLAjUmtpYWeuF4adJ2mGtQVb4LnTbIHNMdOdwYG2Wxcn7At6Vo/c0NQdOeTGdAqz1y7VSGHNhKXftMM1YBRxeS9ApW0ZkXh8QRWUCtR8Ip5J9cHEi+y5rD+Lh4Nq3WW90Rm6ze1OIyG1kufgu0kfju+BK1hkTKqALjseEU7lO9KGW0/0q03kyyCaVGbmPFKxyTdETkjHbIol0LjNy4Sy0/Pn1P/Ijv/ALb1+YXzDJ5xrOBdZdxEneJPHmxnZvMByNWq0W1tjMJXxw/MCbn58zhZhNTnnDBy+tIOzzaF4cqqQoj0Ropj+rSfy1MrJaa3NFNfEUD15BUHLXxe9ePcf/8d+XZzTBejhwiiOLcmwmjuPeTh86D9AtgcFsKocr4F6pbzrssYcW7lbEc/ef9tDnUmGN9xRDO1MVWIHQEjKwrcXAWgq85bYHg5NeFos0MmTKVc7x9lS5P5MTNI3Nov/x40ernE/VxmUjtdeFQDsvRQCaM5I/GyJwzYWWarm5bQCEzUq17+P4iuGz/6hHXKi241BiCqCZnBRsVAJoI4PXTaGLRipdbLIclSNLknJSkZodnXscwafeE3AoCEAXYyGHAKCzaJAnEYyDC12/kQYFqFqGqgslM/b30sH8+wheIWgskp1RQQ7qqi0uuSsrK89bOhgXAAAQAElEQVS69trnv+D5z372s7uQAMx1IfVAmw5e6hP4M+YofOujAdBNNNFEE0000cTTICRCMd7r9YZDQLrKxAJ0KalKtUEwX1/b8H1fIu9LAfNht94AyAu8zNQFfwCOua4DTA0nw9oOLM/I+cK2LMDK4/EInkDn2nMdnJhJ6wlawWQ8gYQRVjIajX3X7fcHAWwlz7RbLvRSodOqbYipxJxMZGKZVk4qV0hzyA2CDYfDVhtXZZqCCuhlgJK1RpthjUHUNcPagFBvb+94APBcB+i0bdjQA7ZtB9YM65+fnwdQDk2N4wQSWKDtuqKROs/cQO3Vw3xL3A8qVlvl1wWDXfvEJz55880fh947JNi9nR7ieJLZJkkKe2FZDh5Yie0vgRLVFiflsLAdF30wBHpDk/xZ+zmTAj2P4RQQoVZKS34Q1mKxPl2jDwcJ0PySmQSsdRqhipKxatMMTrmCfkIKHsxx6TXK3PNcc15JsFjzaNJ0F2oKaslkpPSn5mx31gGXgaqOiyTorH+D0QidyRi0QJ6mRSXKNsiRs9Bib1pYkh+2IivqgiykcYNk6wnHq2L3qEKCgQ7DNDRzLxiOnhhmqXrWniG6AQyZsnavNrUZiMK1FCY3aeWoTEZ/DxjdkXjWqNJhDu+AAZL5ufl/9a/+1Vv++Ztdz4c3wR8074BPFh7ZAu03FFVInO92owTF5q2W/YL9z+60A9dCrxWNx1Hxp5P5Ji6ZqNAY2/VVpGc3qN1wGS8Q/BSg1UyWwwgcDNThNQNfrfDt7cBXoEPGOpzNsDz8EqgYtJqtyPUozKeJJr5dwfWIjEazvJ7j/0TWxmbZKtFMuJHQDUH1doanT58+/vDxra0d6MnQjDEqkVA8ynCQqmwipgYRF2gk323eMYMgOa/2jNZHGmO8T/Ei50XWNtm+wDm82NrfdtsWt7k0UVYraXaMpOJ2RT1Xp5Rz643V5tMXbPbeUfa60btHPPUKsERFSZ8LGj8uYDTata1WwNsteOSunZkc+hnYrF17v2cgrYSO5/+VT5Xi02ECdoF26z9gB1FAbxHuvakg62epJozH3MwNQ6IBtMADo421VHlM6itpjyj9kRhoeQwv0AReDmfgUcTTYPBEFMMi3VHJjox2ZDxkaQTnjwTq9b6U371TBP1tiFnFMZ8d99gtv5hZbJdGueoksgri08BM1XOGP0DnvNVq+77XbrevoLjyKvxv37590D+Hv+qpDI3u+XFEA6CbaKKJJppooomnQWgLBW13IMhwwDAs4BTa/ZYEoZBUFI5jAziLohB10hbgXeziR2EStHzP92H5wEfWDEh5rjMHXBjLyBnmsD9Eu1wP/Q2wSD2a6hqW7UwmIwsZMcLHuW5XSWVwM4yiTqdDcluJBBCIKsBi2Jjjwsp8w9je3u60ARNHAvMvQJHp3NxcFI0ByCCqTnPov+bkzGAhRs9tyxmORvuW921tb3c7bY35AKaPJxMLldeO7mDDapeXljY3NmzXi6NwY3MTWs5K02Q+68gnqaoNKogNTV1ZJZt5cpKFqbGDJrNIRfn6xvqf/un7vv71b2i3bqCVRYZqcpz2S7JggJyIoyW6QOBZI+sJ0oYXpAhWmIRSAyX5dcCpgDUndGy1ZhygrtDSXKVzBE2HC2LTqL2t/JERRiPPykkQbRqwMj0SUJB/h8pyUl7LNFUwEsAq3KxrNGVkOmFo/2gSSpe+yVXFIEUr1y/a5JhRHnayaVaVxAwLS1KFQIV+yqiGRuk+zuvU04qRvDN0DsH6hngsiXSjBpmMKQtJVdcZ0VtsDoM9hAMFV2aeof2LPgOkE0c3cmEK8sPQM7sViZ2JpyOY1soeg+oTipwOGnlSG1TdEFOxLE9zrKaIRtjwCMfhi1/yov/Pz/zMi1/6IjQhQYd0S1VSn0LP2RW4Qlh/p9XqDQZJjDp3F4ZzfMMzsR00SKNmZ2k3KqFLJCoWwGaNQkvkxnX5rVJcSCAAXXQUqs7ycDLp93r9nR46xpqG67koN+Nd+KRRWSjyzOEVBSlFl1jfUtMDztWjCa4bBt3E32Ps+bqb/rqLGz+O9VZjyufDL5pRlKZye6v38EMnjh17CDoVcN8gObJ2P8av7yki3U3r2OyHiE8/YbXMsyysdx7XZZV3Lt4+mNBAE8c+VQEfbEtmlsrmDONA4Fy9PL8/EL5ghsoMpp03yOCBy6m0W9V8tsSsfHZTu3Z3tivCqyEqXjdJa4ULzWD1DmrzDegnMJWhG5dlBr5qt0UHGHSQ2zw3eMZVMXO0+V418wx33sWg63/pi4/vWbg+UKVmGbYB3QIDxnNzQyQGj4QKCzUq2ISLmAt4Ee72im7kWLuiMErUzqpBAE2B670trUvY+VEO+53/um4vVSuGIXhuZILFXA6KZFOGW3m8U8QAoxND6fEBvWecRgJFoUeUvz38VV9eM0KLsnTI7MSCuks80zeevkVfrvUIA3YXqSOq572hV3sQLC0tHjp02eWXX3bkyJVXXnlkeRmrkQOSRss3bWVTfQwb/43HFA2AbqKJJppoookmngYB/UXTFDs7O7KQSQSwDLrviJXRqDdLPc8ZDietlqnnzTkOsOOwFQSAhWEBP/CzNAvDFIjG9vbO3HwXupoEqRFqxHHsOBZw4TzLAAQHvu+4LuA5oM8AC5HMZVkQ+OPx2HVdWDkAEUCH/d7Ahnclmed7JHpRi4uLGxsb0DuHNaA1MJrxcttxcnIWjlHmjPwR2hDHCfRi4WdRTJIEMKUJGHQSou0GQGdYDHrA4/HEIeE2R8kOQFXVagWbm5tLS0tDVFJbWOkvg3wBDos9e6B0VxgoOaCc+fkFXZHvWzFJsuzWK2ibPHXq9B+9+90PPHC/5/nwKxpkM05+DiLNUvIJIc0y8dMizQx0tCg0RUWXYBLswgnAyY8oPCply2SZjduCM1XIWcFLndvxHA2LS/Kr6TOjPKSu2qctPur3wvFI06xWu2RYtU+reWZZ2TQgIzEJf0utaGZKK4UpKQTMrnhV01tVU1MZgekojoA4a4+XytASXZ61m7N+i5aKE9xWtdSa7EGrvAj+ozKEdKx4OcW6Op80JINDJpD4l7YehdQ7m1PJQZucRklXbsBHAwY80O7ZcjKsYYi1DTkzUjROgcs8Kwhbm1zAlfZv3vrWN//zH19cnJeyxPp62jgdAVYSDKyqKS3DitM0iuL5ThfGeDq+h+7VqizzxBrX50s1+P/N3n8A2XJdZ5ro3unz+HPKm1vXG3hPwpAECRA0EI1AUaTULYjqbnUPhtR0z5uYiY4XoceJQOvFjN54xaOC43pag36S+g0lqOlaEgmSIAkQJAh/AVx/67rydbxJv2ettTPznLoOF4YGRC4U6ladOidzp9/7W//+11AdNgJupKaRi3Tesrx5wjkKN4pOt9NqNFdXV9eXVxFAIxqynX4fMkVYqjWfgyyfQrSapQuWp6aQTE6wi2O5ZO0Zg87iFx1vTRLuwtOcfoWHXb/ndrqDldX106fOnj1zrtPpUnWEK2iBEMk8nOQdSc4wfdyMrOpS7eLDnDc6XERKFJgszKlizFCnC+ZCtVBTA5s7augpIiBNcvoVf4rcJlIV86im+JIMmscq6fSxw5MfWMpmSZMNmW+4++BkKVg3dFNUk9yfywVWyImcJSBjy+G5GCVrTLf4PPnzedz5vD0qUgW0uESjpeAbBc5C03xNyp9Zj0U9wftM9VWk0hFyXsk3MT+dKLvTw0HGHLG+Od5jlzy24qKHXSQ7HZ7pAYs8yD2zsBW4G36vEQxawutx7AGE8i6dqMoT5TBB8F/kE3501kuigt6SHhnt0Q37dyl3HuHTtHVYXBoNTyqVKvS0t23btmfPboiFhW0LCwuApAUbFVRfXpqfxSUjA9BZZJFFFllkkcXbIGKnYE1xHRdoGpDJZrMFGNd13VKpNBj0isUCGVYYnU6v2WzCi/An1/PK5VKv14OP16pV0zKWl1cA3MIfpL2GyTmwQuC5m/Wzul61LQvos+t4jufCB3VdP7d0LpfL+0BAcrbv+tA3Bb5cG6sddg8DI7ZM9PTIU3XB02fOQHuAQQP1LpaKQDkLBRuwIHlSu4V8od3uAmhWqVIcADsC5flGo2VZNnw8l0M8jVP7DBOW027Bf+1iMdfpdouFAtC/Uqmsa8bKyurE5FSn3Ww1m2jpwCOpmY1nZNIwA9hufbPRbNSr1Sq+QuXs3pIY7c+jJAdhuvf9x7//6KOPAseHbUSO7/mJGyV+ICC+CU0FzoyAmAgswFGygwjSiZPJWCCCkRmOAVQej2AVHOY4riffBmtUpPZHREFAYhWE2sPplmQigVP5STEd6JoKJFY6XcAXtI1qD6qcFOwMq/xRSUMR1z+MJLZGGh7IgZY03EBxdDy2EZIFI+pVkCDrmnnePiIL5ghOA/QaDwLdMLCWHzmMY/OQd3NJiuPjRUUYmaw0KLdI10m8HMhWAddWAQ3DHhTI4knZTR+nnQapCOT2LK7eLltBum9SiMMoV5c+2poshAhnGMBoGkQqwMdJbY3iavh57769n/jEJz92//3z83OQX0FpuxLbTgq53+RglTTdUt7c7ffr9c2cBVcSsw0dBXCRUJMxMhNvroZUFm/XSB16BN86E11IoiTliYpMlmCsr2+sLC+vrqxswE9r62Qdw01DL8KNr1iamJ6amZ6u1mr5fMHO5eUlSZMDYp8jZcuassjiVzcSvDvkntI+Q6AL1urq2pkzS4snT8FlBPlsuLFj6Vo5iScS4s0lYEZv5ikgjlsTUblfBemu5L8Ig0XIQj9v8SnLmqvmpgp61RB5EaiBy0JXBK4IA7S6EgnGTBg4ewtCEGsWsTCay5uEEqAEnOEjU1VClas5Wy0VeCEXmHqg4CysEOXPIiXwb2jFWzOvIoXhw5lqmKOFHoRQjEjTPA25bydiA8FcxqHHFAB6psoVEWbyqSkjYJUS/zwxjHjjFJSqLEaxB4riceFEfle4Ta+/4XY60COAHg7jUqYeyVNspAvIf3H0WT49BE8VzTxRG4Rb99OQGI9MxOHSGi4VLggq7wwDAchyVquVWm1sdnZufn5+anpqcmJicnKiUqnohs4u6kiTLJNlccWRAegsssgiiyyyyOJtEEDNoJvYbnXK5cr7777n2LHjvd7g6NGjwOMY+WZ0Ot2JiYlrrrm62+0ePny41WqPjY2bpo9iZEW9/rrrXW9gWRa8TsXoFHgbdDQ9z922bVuxWMI54AT/fM+3bLtSrdz9/ruPHz9WKBbOnjkLAzfXcUzDEmG0Y8eOer0+PT195sxZ4KE50yQzh/DGG2+AloyPj7/44osAmoEADgYD27Z37d519syZ3bv3fvvb36rVamgAoiiw2IVt2wBDL2zbcfLkScCC/f4AXizk8wvbtsOWbuQ2AKPCEkrFIiz/ve99b6fbg/ETjCqBTOs6YnN4Xeo1mOxqJ9NlgXHDkrl0Q36rAaCIhcM+gPTNzcY3v/m3UYpXTwAAEABJREFUj3/vezBO6nQ7uGYOMBiQKNo7wNsCqgsI7YmQcLIYucq6QkiQQyUmUGjGKA8xHBwfiSqwYJRKaugKEU8MJgWuFCtLThtwGkhsaRvxXLRIJvsRGJCj5loI33ElF5YUmJPVdDKFPwb3Uv2lJW8j0woutdKchMnSNxp3OUPzaPJpMUJ/2ABptQEr8lGiD/Ddwy0KlFTaTE0PR0RbDE7QFBwn06AZiyG1IIGzZsAOjPwwIucQKs7OqfBgFNAmJAP+RMU99KemkRWZeNAqqMIhmm/AijRVd92BYLKifTQ3N3P/xz722c9+dmFhGyRFFI2ruhZIZ3NAGAr6h4q49hvHX2GXhgEkBjY3NlQKGKTBSang6CIDge/0SCbyM8ZGkdeQREsmJK8IoM+QxtvYWF9cXDx16lQDbivoG+AjmVJU2zThhrx7zx7Kx8BZr+XyBRHFqjUs4DW0IuVvFbvKIotf4ohP/tRuQnI24L+O66+trh06dOTkycWNjc1+r483a02NVbTy028Ulok4KcyGUtz0bxGLpEmxoPlL0gua8rQ89PKaOVW05iu5qbxeNZnuBVrkMt8R8OyMAnSOku7GYotm+K24kOlhSMpWer4rspRCSAA6gBytoYmcqRVzrGD7BKAD6RsiZdJvaMaEGPk+miFg0iqN/EAwR4tkmauRooe65ivRQESdiPcY95A+81DWfBA83quCgOt5vTnB39yOinc28mVYJ/N51BdBN/AAQG8Oum0eoPkGAGjaIQl9Tg5PMp/kF4Kh47OLyT4JH7XauAgL3vpMoMlcHO3hsOhAPPlMo1IxQJ937twFsZsCRhCWBY8fA9PtMvvOs2fMWxAZgM4iiyyyyCKLLN4GAYyXCTWXs6GzCF3CZrM1IC/mkOAFvJ7PcQDK5XIZEIauGfl8zvMc6CnC+AswR7FUChr+yspKqVRstFu6adiqtlHfnJudGRsfP3TokKKpWM4Q9apoLQ39zkajfvjIEcklpRtGF8XI+Y3NdQjf9wwDCa/jDbB3qqnbd25//vnn+v3exMQY+h0zbloWYOWcbQOvW1w8adu5waCfy+dbzRYgFQkEG41GEEo/aB24NnR3oVMMP3Q6aEuN1Qg9H5rUGwzW1teglwyQGlXeXVTBEmGUJeawzx0mNfdghOMHfrVWE7IA3M8goA1Ai/7iL/7ylZcPYxVBlNcaMAzxyVlYDlSksJfsmJFxAoLGzTSB2JLVBiqz0TESSL2ioJ3IqLYG3g/vhUUF6IyCjhnCx/0Ag4uAqDaNGkKkqyMhrZlpWIGGiXjgyYKEivwxLBSZTN5H9z8V3ScAN6efxY/DWjUk+4Hnytp9SlpfCf090LmCkJfQND1CeEsDbhoWysqTcS1EVYXTUlpwBOj1nIBz5NeAp3Fj0bR6y9RoJuG4mjSJqDfqluEvLrBmRdEo64By5JD2LvpEkwg09SSRMm0qV0iL0mAvIW4n0ue6Dvy15zpwKvb6fcdzK9XSrbfe/MkHHrjumquBpldrVc/3Dh959brrr4cdAZdOiBbbakSHRDYMNdURHA2/3qgvr6xMz85UK1U6kOjrrXBlyA94Jn/+1Y5LDsRjhVoyxTl9ceQ7qjUdx+mjgr4ON9vl5eWl5SX4od/rwi0CLvuILhz4eeA6586dhY/ASTs/Nw+ZD8uyTUrySZtplpYnFOfLAUf0ellk8SsUI77McPK7rtfvu6srG6dOnT169Njy8ipcWcOincll90bQGY+h8xDHJsYYQz6bTsKKpzPJ7JAwNcVWzVrRmqnlZ6t21RRWOFCDvhK6SuhTcULpvKHERroi2oKgh5Oj2OsCraPWDFK2KrAjh62UFQ9DTYlsQ+QtVspHpRzLm6GuYOHg2Pl6JCH8+kPwtD7f6F2Hj/yEEzc0Dl0NTfMUpaeE3SBohSrkC1wF+kYsSjTtIuKxYnrUNiJdoEi38w3ooEVsfcIDlfkq64V+y3Obfq/tOb3A85Qo1IQsDRlJz2XpAb71lvqLgbGxb1pigLIVOp8vSkjyJvLdlIXHa0aDvqep57A6TG4MYPPY+PT01OxcrH2emJiAzrZGyXWWVh1gWyp6C/aL2v63d2QAOossssgiiyyyeBsEzZgLbNtqt9t//ud/Dp3BcrliGHqj1wWk2+l0gKmtr62dPHkCWJhJhftCqiiCVQS58uRTT+bzeaIertTcuY6r69raGqBk6GsjxVZJXuc5Piyq0+78h2/+HeBg6LRCNxQrCnJeLBWcPsqu0SpXUwVaMwelUnmzXi9oub//+7+HT1UrZYKQOC+80+kWi4Unn3yqUql4Xt80UeG7ublZI2cMoN7ABzvk40F2ydwyzMWTi91OF4FtiIrgIGI6+VkfO34cuAywSATlgE01vVQuSZmRSKCzpiiA0IWihoEfKkyHnUAGxRKMsiueJyhkTZo4FDbi7CFoGi8Mr146+NK/+Td/BnvPUE0gkwEO3eBPARo6i1DXVVgpgUpBhejQc8OyseIiFtBL9EAALaXQOAjgIzr8lZC0KsdaClWVRDpPYmYs/Rci/QSQDWQ1jH0PkUPDINb3pNGHKohBA7h3Bo60kAZSb+haaqkhp17Cn7BWIe0QRVG2nmYhWXmoqLBG0w98Z0SlDqWgOECSruGeAaoO/zGSEEfkWK2IMArg0Luuq2gsiDwAaNCutGRlhKUZ0W4DfjWQp+O2k1iczD9QcIQGIrTjI8NEdb/nD+IBPXqJqHITNM2SWB/ao2MhRKy76Pmu7wWFApyukEEx8BOBb5o5gHmwOtdzI1KjO2j/Es1sm/noxz76yU98Yt++fcjoWaRx1fEDGHG1253Qh5Zbjuu1W42Z6WlaKc4FlsKjkBRRAAH37N4DuxouBpJFczk0I9+OeH9m1O9XN15j5M3jYoOjk7bjBIk8USAdUq9vwD1kaWl5eeVcs9Fst9r9LtJnTCxFSoBXNpUmjILVtVXI/wGqHvT6cOJPTE6Nm5OqZlLpzkjOq2bxLICtTRzVIGawIItfgeBpTbnhXBPoz9TrTbiUTp06ffTo8UajCXdv+cySj29UATMebbkcryiGMJezLRQ0UYPyWFUquSqP67NRatbUtJKujBdzs9X8bNmoaIHpd3joQEaVR75C2mfqC6jU04ikmpU+zFiM+0hWnah9X89eirl53NlI1MOCih6G0FXImawC9NmOCpawjEBjPjxiaWMUagx7g8GHImEuG76Fo0ssrUJvhWs6PG9dlfW5aLOwGfCuqngoz5ZFVbmISTQ+eZM9cpF4oy4cgsw3UPuscl9nvSBoeL260+vAyYQyARYKaXOxRfucSrzF1hvszzNkFdsk4XFBv5anVifigkeQoAMLPSgDhgbFYnFqagq488LCwvYd26enpqCvXqmVbSsHowAt8a4ZWXK60uSBknVxXn9kADqLLLLIIosssngbBI5sIpbL5wB4kW2g6HTa0BtESuv5gJKBIJuGCawQIPVggG4bIhL9wcDgvNPtAn123AH52KKuE/qj+bzVd1CeDO9BLSo56noBLErvDwAWm4VcHrCdbupAfsnYAVohACIPHBc4sEIzW4WutbvtXN4CAgjd2XKl6Ic+Fn/TjX4f2kC1EAt5lDZbpqqiNLhSLgPgg0aSyC8o5gsAHOH9EdVjn5qeQnaZFNoCpjkYuPDmtfU1LIHoeTr6PvN+t5XL2+iEzYWU90IAwOz0+gCsB74LJFrRtYh4jKa80Sm3KH9RWMp5iSjBvv3Od779t3/7t81mS9dQ4SsiQJ8Bw4J4CkAlHHKRCjai8oAKCaIBtgbkaIyWDmF0UW0RHMrE2hg3HHYX7FUYA4RYn5xJXws5nVaqlaksTxy491SFuD2WOgzIH9onsXRE+YZ4N5HEGNoDzYbshK7FPeHhMAOV1j6T1s/k1MHkpGLUU6M8muyPATRzDyXS3E8oNiNlDWw1tBaAGRtxSJS6aZ6IrBGYJUSAVo27CofgGqqd4lbIioY0wiOT6/OPICxTQ9G8Bu/0fTTIBugM+9bC8wrLHpIKHHam4rh9GE31+z04NHDO1mrV973vfR+45wN3vO+u2vgYliWkudxKhLsdLgff8+5+33sB2cPBg9Xmc7b0zoyGXopocg0HyKCESmymwPmoHCop4ZQ5I/7KxyW5R+LOuUWwhy9FkYezGrzNjfVzSxDnIOAfuIGjRTvc3EMELngph3gBC9LfOa7TaDS6vV5sKaDwQrkIZ/vlGsBGAR0bVXBmkcXbOxKeGiuN4dHf7S0vr55cPH36zDnI5ziuy8lqirLA4sr45KUxZlxWkCffKMSWC4rHXwJnANHcIF1lRUubyOuTJXuqaI7ZSiF0db/HAo9FPhOBgonMiB4vXOLW2Ew6bsnrkzzzi25Q0nj5SCL6zNFqAxqXs5VKkZVyYc4ITS2AxL2s9CdzZ+I1V3iZu0m6o3hSATGu2Cd7BWQFourQZ4Gm9BXWE6wLhzBijsKhsxCS7zNpn+OveN/yi27sFdHnC94k6TzaYSvCVcRAgfV7dbffcHtY9RVy/8RXI3mCjZ5FIym9S6zp0iF3wJuO2HIDV6bwEQY96sUhSOssS2sKETtvYCeOIl/IFwuliQmsNLiwfdvOHbt27NwxMT5uYhUYM/aOFiM9mAt+4JkC+o1GBqCzyCKLLLLIIou3QVD3EfivBT+ZKArulsuVwaDvuR79GfmYLk2ECVACU4aOZAEdbFFKDP3EXC4/6PcAHPtUfa476AFEa3U7IhTFQrHX6wDdBqjn+b4O0DNAWwlGBbJgjQDmqOZhqd1E8hv4yDmlMEc3NBwboDEw8m5gItB3DcKgVCp1Oh0qkIgMGrCyYZohldsqlYqAcdFUDskpeTL4PowYdRLbol5J48CmoSscDLx83gZaihpqtLNG+WzOMmGl+UIB1h6GvkDyiz06L0TlICCbeqMBbyvkC6gECUOuvuH+Hg2WEgMHaBuQor/8y3938OCLUiYMW6EpwGQBoJuEegPTsPzQg/cCq8UKOwrXNB3QEmBb+LsiqWsYXfwIM5yVD8cKwCpLSpNJXIVGGUIB6orkE0g0DRWRbtM+lLXLGSHbkPybcX4l0nnukfo7pBKCjEiWdNiQvBRVydJWgpYmvVDIh1qVhtMKT0bCCPpRwkyGGMCvYbdH0M5EQw2fQ+tqhgroYXnAeMOonCCWMRSKnP4JzcUdGEkTFUTMqPKGTYm9N+LRL7wOn4W14GA0DLYqSRlRuriKDiwe7QgUBS4HqqmpAW6W9uiwrLX1VXjPrl27Pv3pT3/8Yx+fm5+Fz/siVA292WofXzw1Pzc3OT4unUrg5Fd0FFbDBkKixTLLXMQKsvRKlCcDek+Tt3Q8XfoSpxDL4lczUqIrzntV6tMSZwxFS2cYYCIrdH1vDWN1dXVlZXV1fX2t1WrD7Rdub74H+Ts4MdGeE4XPcJWRczwtFKFNr9teOncWcj+QXatWq7Zpw6kOQRkyITJzzizeCTFibCTQbgsumnB1bSNavzYAABAASURBVPPwkWMvH3wZLirMvEaxXlkk6dUkU8255MgXuTO/VoKGXy7dJEEfliTA2TshPAmLqjpVyO+aKs2VlbLBTOFqoaMEDkNrHYSs6FotQnrcpS7VYlRcm36/FLRM35cKnPloc6nbGEFzZCU/4q0eJI81HlqaWrC0apHlTc9QQlUEPCm1J2StRjGykot95xci8sSlWRpEJKh1+OgkyM7RDURVI+hl6opL9LkteI9rrqr58KKiQm8lIslDbMRBn+V8ZFO34Hmxdd6HYOcdxpjJjr4o3x2SGNwj6+d24NeDft3ttQLH4QHTqJnxJJYL6PMWSTfbupWXiYs/Mt5AxLNoOIu9oGX7oigxf4tE7O0sC1NzWTMDum+2ZZfKpXK5RMLnmanpKamArmJUDMugHmByefAkix5XIbnI9mQdnDcQGYDOIossssgiiyzeFoGdSEC3tUp1Y6MBDHow6EIH085bAzTb1TXd9l2XkbGyRtFqATK2ffR9COBXxxmQAleDXjWAZh9onefBG6CrCj8UCgVggj2nb1pGv+8UCjkgG57rAgSEdXmOa8MaewPDNGD5qDNFER/QUgOgiWwfYj9dk2QZhjLAnYEJIpy1TCAstp3TDWhMBzrBvd7Atk1ozGDgyMp4nBg3GnEwjgRcA+qow3YB1wYsA40HHgMApoii7AA4qWGYtVrVcRxorSK1LBzALgB6sz1wAh9+sOUuQ5X0iHbmCnd0FJstwFAxFIrwSFT73HMvfP1rXz9x4gSS8WAAm4/gm6ZokqdzRJppGLlASzUYAVMtQQb9eXQOgX+AnjMcLtMBUpmc6ipHCchwOZUrVGmlAQmA8XVgvpzYK+xwRjYssogfKpGBBUNTYbCN70e4DB9M2o/1+0ICuHIVqq7T4I/DMcX9SVUMRYzL5PhMkC9zoCLPijwPTS0EVnJkCpZWVEk4H6loDMJjJ4oARnBEuhUOuAz+igyaXJLx7+gZQhqcKKADFO8ozFUg1I8nR1NJTADZQMlRER+bbDCh4YmKammAcuhMAocXcgu4KHmQYKMC1PMQtJYzreEHOI0h7UEafK3T6ZqGOT8//6lP3XXnXXfccMP1MzMzpMDGQTCcYz3HXTx9NuLq088fvO/97/P7nUI+D1BAIm84ZkA2lHi6d2y+kZ4huA9ZJI1AeTYIe4fGxYACXVQ0/EeLcyzfpCU26zQzwXUGqytLhw8fXl5ehtRIq9WU8wLw7MdbNTHoAG1j4Ge0MlcVumCwDGa3R/x6fb1aqW7ftg2eBVwpGIZKZks4sYJO0uxszOJXPERCWzHbHYSDQbC2tnnk6LGXXn4FOhsePGTTynUE6ajUrMz7ynJ8F71GXuPCEZf/k4iori8CaF0EeuQXuDFVNHdOVWasoKz1LeHrkcP8PjxHKSUFnQVMGRM/VdiFmmdJeMVrmG+kvPUCHwaik1S4GB7ZIZJo/A4A2leVyAAAbeuVkp/TA131FOETnqaJWyJdwIWNujR9lp+JrbFZIjFOGz80b4BeBdzVoBMUadzhpH0WSp9pjqZBlwo6QQIL/pLtRuzfkTx343UKdt5Nd1iIIhVbj/yJDfs4I9sgzUkAQFPtQa8dek1/sOn3Wn7fNZhQE/pM93KqNTIi/Y1p+Hma6osehq17Tn6QszfJoHk66SoG/RKSy9OcvslC1fHsQBR7wLMIOja5fA6I8+zszO49u/bs3jM7N4ueG9WqrN5BlH/LrJlhr+eiDDp71LyhyAB0FllkkUUWWWTxNghO9dpyubydy3Gl2Wg0Zbk2dMnQEURubm6MjY0pTGk0G9IOAqi053qmbZlof6FBtxQ+5tTr1bEaLA/gr2HqAOkmxie7frvXQ0E0ehpEolwud7tt9IxWeK/TA9JKld9YpVbu93q2jRQYjXSjaNAfAAiWVg+AS4rF0urqClBgp+/aliVhXxBG0IB+fwAjQzQG0dAiGdZbqVbyhXx9swndYmiq47iTUxObG5uWZSqaCiuC3m9ADNd13Uql5DkOLLDX7Vk28Gfdti34BzCvqqjDfaSq7sDBrrZhvv7e8VCYTA7IKDf2BS4fGv///3f/1w9++AONdiPsDaLPCFgHPgybTN9HfTaM9WBHaLoiAZSGdtUBbFesB6IgdiwlyJygUSTtmF3XI6cOg8TroUY1x2kkwYn5YttQsKzrUheMmFjqWwhVp6LmZE9w2cLEvVCiXhzlSuIv6TbVTiSL54ucb3JiJw+jUFXIJ5oUXiFJmFGF7Ufwn9whkS+k8QXtOrRniYIwHcZgGUDpCz66dGUI3yH/ASdASFUl0deFfK6FGiGDI1E2jIzQUBu3lyejt5B2Juqg8QdIE6BXSdAfBH1nEAauPT7xkY985LOf+cyevXumpibhHJPrgv2Ko1oqPQTwempquuP4lcltPQDugd9sNsZqY+h8oukhOnqrcCAVcXH38POE3llcQbzhAevPaT+L19HCFLTQaZjABznnHOeD4AkPuSG4MziQ9aEiad1OtwM34VOnFs+dOdVoNOCF0EcrG0zzaBxyHgzuHpbBpZyNKm3GdCn2w5H1NvFikk47eBPgfFQwuXWCeEYIsngbxvnK2uTl5ERHSkYCYsf1zp5bPXdu+ZXDh0+fOVNvNCBjTSLbNGMoYhIqffyxHyUJ4oVcN2aKybWcwjdpdYufjO2oklp0kvHi2whuwhsUEWosLJt8zDTnSuaOkjJnhjXFt4WnR54GD1PMssfVScnmCmspAEWnVUU8Br5RAvy2KG7P2zEJepZt5OfbUsiXhCIZPDzvPKTPLIKcfclSqyWlaAtbCw0lUFlID1jpdpEyZBFra0cE51y+Li4A0ymOTbweZB9IxJ7bXMSfhHYoQlVCDZoiXC56kWgJ1o5Yj6kOVzyuelwJ0DlFSXW4sS5cQuTkRIh3IN9yz9uyW5L2jdwdBRueD7CvfUXADukxt+H3l8PuZtDrct9RhQtUGg8GlXqQx3x034tkD8Syc7GVeV+eQF/J29joRsbvTmFzLH2mc25U7Zz09HAtaJzGqb40Kk5yuZxt25VKGUjzxMTY7Ozs/Nzc1DQKn6H3Dv1809Tj1onLeI1v6QRl/Z43ExmAziKLLLLIIoss3g5B456cbZaKJdc5OTc3a1rW6soKMDIULBetaqWEdDhnA25rtZq9Xl/hvFqrDZw+JzHs2FitUMidOX3GHbi5vIraZ1hgzlYVvm3btn6/v3hyEYhwzs4P+v18vlAs5i3Lnp6efvbZZyYnJ4D2ugPPNMxioQBjvIWFHS+89CJ0bdE6Q9d73f7CxAT0fu+4/c4f//jHOcuW6mPA3GMT40BfatWxQ4cOoemwZgCLGR8f9zzXhG2wDAAx5XLFzlnQfoCNpgXI3DANY2VlVTd1QLuFYgE2c//+/UDJT58+BcscH59d2LYdjafRrULKPFAzC6gcOsnAgqvVKtoYx2M55TX2LJMi11Slq5AphI6CWz948YUXv/a1rx8+cgRYLeBX2BaURUeCihoxkibT4BOL0CE/DUMvkboIlfY8vMsDki5HDcjLdcCgpA4OBeFstKdQFI3MMaQePEzsknEaKKwItVJol4GW0NRoeH8gbaBFbKAh1dNyKyCT4CEQx8GnRFQSacmF02ZGCpdaMPw4cN54eMGlJTKXehicj8l5EPrwn9xFcADR1RoF1oqpmvBBWBEfcdkm6WcUkIWLHCxJiwDZQnwBvyvSrTr5DKcdg1YhkguQQhyHsRrTMYfhE26Wm0ufAjhHurZIeoZQtSDmBW6pXL3x5pvu/cDdH7j33m3zcwaJxLHSEydkj+wZxpW+iiUlfVPX8sXCcn3p1KtHPnj3ew+dONFuNe99/z2WbqCRCO4LBUv2cOVSMG+kOHwWrxl8yAZeX4h4GvDPOBKx3JW1MB3tx9PvExkiwi+GJ7rCQx9uIK4zGHRakH1r1zc31tZW19bXNyhcz8HcDKZC8FJUdLjidBXvAyr6wJDsmaO1PQnZaIGwNj9Awxmd/McDSgelgroYWG2R14mMQWfxSxriyt6QIj5Bhskifp6HaPQvun3/1Jmzzz//4uFXD59bWmp326RxVlIAHVPR+MqQE1qGDHrL2vDxQC4UIwxatiAlfwgu8ZEgkr/S4uI/YukHVQRa5FUNa2fN2j2W31HUpvWgxNxc6OqRC0lVWdQ4Tp4SgKZfw6G8FDcyGuJc2YJ0MxLUKRJdKku8GOJ9RTsogYVx6xBAK4h8B0B/bUOrltTxCi/aoaFGOgcoHiKQFXG9h3SXi0hs0TSnR0WI8wG0/INIOg/E5KHnE7EhPA5xy1TopgmNA6X3lKjPoq4Q7ZC1hNrl6gDRs+ozNWRKmDx0U/VySmPPc9tIRMViK38frpelezC9ZVMSAPsBAKBFP/I3g+7SoLEZDLqq7ygRlh/kIqADLZIjtXX74+YIft6Kk9VfMsRrvSHdSpEiaOpL8rTYRHpEIGcQyllm8hmRpkOwJ8roSaJatk32GtXZ2ZnZ2TkYOMxOT8PPBKUt6IFrqF8RCVVPMhfnN3l0AhjbyuOzeN2RAegsssgiiyyyyOJtEIQmEenu3rO71xvs27dveWV1Y32920XlMny3TBvo7fvvvrvX6zZbraNHjwKHDQIX+pnwyq5du2++9Zbnnn8OurTNZpPLqnqKkrNy9957z7Gjx+AFINTQfXUdx8qhrccdd9zeqDfOnjszVhs3DEuaSrdbrZtvvuXcuSXX8Qp2HvWzqMSLCrn8zPQcrNHpDyrlCnBSaANwFOicw6q73U6315uYGGOIO0WxVOx02p/4xCdOLi5Cz/rVV18FJA08Gv4KBPy973vPiy8erFgmvAZ4M2eZsO0zMzOWYUJ/e35u9sixo7fd9i7LNlW0cYiL60BPHSCvixYQ0PHW0Q9YxAPN1wohQTB6bKOtBA7/4OOAULvd7qN/9e9/8MQPnIGja1hFEMg7wCXo9GuKJqc7orcG0ViGQzzExJqGaJjGLoizdUM6X4eKpkpOFUkFMiJUlD+TyytZedCMXCllIcEjjNPwsFMjOW4sDIqwoB+LqStjAVLcSIqLCUbFSFcWIYR9Yeh6IBXQcikku4YfSLkspAY5ImQsx+walUyUP9C6Q+BdsZUHjbbg0zSpl8drpOEYgLYonaNKYzVJ1nVdQzMTRY6cFDluN3DJAfmTcLJaRqk44uhYVoZFDgW6e+P6oZ1wbvhBYKAtBlqjBGSOCwfNtAxYWqvdgc9OjU/cesut7//wB2697fbp6Zli3sbSk9AmaH2EIuqu0yvk87CXDYb1BnHsRhXf+gNA2MZ73v3uvKnMbZt/9dVXGs3G5PhE7LmOW6OmAy1l69mUcefXH29sj/FfytFuUqlLpJg3tmuBqyII4d6L7NmBrFq3izNWGg00fl5b2dhY7/f67qAPHzHRVN2golAKORih9RCc6vgTur2jjXtIdukSAsBPkGOD+yIkCjEtJcLhlT0UQybtyxhBFm/fOC+HkohuY4jIGWRiygdZAAAQAElEQVS+220HOkHHTyy+/Oqrp0+drjeaDpYphv/iymxC6pWlAHqoV1biuQrnBZcfiMluQnDjpFT8cczdhumfKIUrqPAglvfTWJhTRV7nUwV9R80GBj2T41XFtULPiFwl8MkbWtLLKE7HJag05nxCKltlFV8Wf08QJ2exDYIYXt18hFJzFltCxTpkOWECHszQ1fAVHuiqr3OlYKvVolotRHkzNBRodEC8NQHQ6W6XM4XYFvPkFOOKyx0xzrZ4N9BTnRJz0MuAxzswaE9jfR52I9HBL6XHFEfRPK6FXMUv9MdWEgsMFqPtUQQs2MjRGVlRzFCHhJSPYGse02Ts4SkiVJnLwz4L2uGg4fc3XMhd+AMOxwkOsAglpI4XcwF9ZuwShvtvZZcgebrE9HmkCbEMX1ZalrPZ5C6Xbs9YwlpTATDncrlSqTQ5OTk1NQXsedu2bTMz0xPj49AVT2sXcjm5Ld2gi+Z60xNwK4PO4o1FBqCzyCKLLLLIIou3QUD3ENCE50bz8/Nf/9o37Fz+zOlTwCgKhTyZ+WIJONM0fN8/eXJxs77pDAau61eqZQC70EVdWl4aPOGcOXPGsizHcfP5HCDAyPN1zfjRj37UbDQHgwH0Zg3dgO/ATOBt3/jGNyz07lBNExFwRNYR5Ur5u9/7Xq1WA9ZM3Vwt9FA/q6gaLKdWrUIDoAvc9bq6gYgTcGG9Xl9cPFEoloBf9zq9YiE/6A9gg7761a9atg1rhK0zDF1yT0AzTzz5JHSOgddQ1zqSZscHD75cLhZgYxcXT5aq5VtuuUVaDyMfFGFSZUgAJVcB4GguypLFFQ4HFCrbCDwUoDOuERgQwMmDL73053/5l6cXT0MnHlriBT7h14h8P4K0A66QUhF9OeCzOC8+gIELuTnr8eAxkooqVCVjzUTygKaNjQ8s8F0FjYx5EAZpm+TM01BWv5HTe6nCntRZS0cURm7R8k8kF+bh6CbRKwHtw60n0pa9gs4phP4BrMvTDM2eiWjjGn0P1ZiaFCwDZydjkDDysalCVhQk9SZ8WEm1lwCaqQRizLulEy6jObkxJJOazwuOBCcj7BCGhwoqxDGDovhof6vQhsRIWgFC1x/0uefXatVbb731ox/68B133LFjx3auKwJzErgqdzDY2KwrXC+NjXd6zosvv3zVgf3VQhFyC4ZmKDAINa3FM0vHT6/BesaKtlLSp2vjv/sP/qEOVFzEuvkoI8xZXBApkcLzlS5vjh6u6DyDxgBk0FOvw9m30et0HKfvoPVGu9PpdNsdtz9Q0EnJsi0DGLNB7kOEnXW4exvwP6rWFDKOhgtRlS46sQspJaiCEL/Gx8YME++c8VxwvJ6kWj9mVDGjGVqDyH+yEzqLt0mMnqpbJZdUt5bV6+0TJ88cPXrilUNHFhfPQIoH8tVwKSlURYANVZ3nnfNbPG7FBSu5RFuk95NcLE9sJiizCj0HwMoR2jlYSlSztMl8bqFmz5etmaJeZr7lu3o0UEJPgW4DpboTlM6GMDNdOV2/fKiwPr9ZQwZ9yebydCaH9ICGXoHDmavyyDaUoqVUCkq5gPJnSw9U5ispfU53TdokMaq5TnfS1qNxkRgxKBm6pqiQN1d0LTQ0X1cGKutEQT1U2oL3uepyzVeMSEPnjRD7MbSXRVLoWm4Wj3032EVIdIqeR5snhr8O9eKSPsOGB8DAQ7/pO3W/3woGXeEOuPBULAoZYmlIIXsy529rauPxs7+VJrYbQ1FyoryWc99S4TOTjwzZc4Oul4XKZmtsbAzQ8zTFzMzM2FitAuOBUjGft5MJAnH+4nJOYmlaU3ZJkz5eFm8mMgCdRRZZZJFFFlm8DYLH1QXVPXt3uZ5z6NDLADpMwwpECLC41+9BfxIgxmOPfdsDrAxc2TAA70bkVmzbFvDos2fPAN8AHq2hTQTW8rMtE0jf2uoq9Ch1DSc+ajj1G10jfM8vFYswwoIfQuQeEel8+aDj5HM51M+qiH173R6AZiYtp3UDcLN0b4AesHTvBbxy+swpPwxdZwC9ZWAunudJIwh4jwss3HFyuXyz2SyVSwCmdfKtluUNpZMDx7p5XrFg9/v9erNeKBShqQvbZnBwQubPBKCxDXJ1oR8JJoS40k5yPKoRBLNx7KqcOnXm23//98DToT0KlWokkYmQZtPQJKyJRxaBmsr9IMC9QSAYPTSA4wKVEkE8YRK1kCHVrFOQ+EdS+MyoOKEq9bxS8kQmFQF5MmuJrXMg7RcVcvqGj+MQkbINGhblQ5+Q4bRMSZbJ+pmjOYZKekmixvQeQX4g8r2wfznJqIEjc8mvKSS1Rk03YvGAhNGhxjX6IZ4UTEkFH1cth3NwKBNMG6vR+YjajEnnzbgeDpL6UHiuS1upwULQzUNE0o5D8n1pOI7FLX0f9eNcxzOPYXlD5Ol+WCiUdu7cecMNN9x155179uyZmZ3JYyHNiCZWo980ad/Vk6dXXj1y5MC119uKurSy1mp1fNczalhaKCCePwjEcy8f0ezC1FjZsnUYchpUcBG1bOFwmJ1FFudHXBdLToVWaKI6l8yY7GwCuHvWNzZOLR5vNuryFocYeuBAQgUuKDiNbdM2LaTNAAqAI0OGD3iBDa9alg5YWaRMQVFiMwFIwEDWh+oMklFrsViGayShK6TNVwiDsyiRiKbkQEaGnrN4G0YCDofuCWS5BV/1RuvI0RPPPPvC8ePHTp0+41OlZU035FNnK6rkcdoz/kkMVbKjjhaXo3BDDbUSL4orTD44BYMHGfo7u7Yejdn6tqq9rZrfVrWm8xp0cUyvx4E+hx6PfHj+SRuRFCcOaS8/j6ZylpS3FRfsktSv48ImpzcnRu5d0EbIlrsi8lRF5Eykz9UCr+RZIScM5gOH5SJU8Omb3CHE1q+L75XL0uek+dILIs4DYMUFnRu60LXA5APud7ygHmhtrvUYAGg90ExoECXZpBk1S/y2k42WC6eSD6lUdxQ3j4D8LT/zYbNweaR9BvrsI4AOmuGg7vfagdONPEdFj2yfQLfM+cXeSqlYIPHFGN3Gn1FIy/LRtadNwP6hkM4bsXEcPHzgMUIzaVRN14qFYr6Q37Ztfteu3du3b5+fn5ubm7dtG8YFaG6G1tapz0x8Jl6mISMnBv85ofdf9cgAdBZZZJFFFllk8bYIhaz92Pzc/FhtrNvtug5WtsrZtu978DogjCDwAGOEIdayg54oQGcSovJ+fwBk1nV9RQ2BdgABBO4JVLrf6yO0RdVz2O32YPn5XAHII8FC0ep0ioWClbOBmwAHBBIyGAzIqkKVoBD6voViodvpSkSSy9mDAdBkW6r2vL7vBT3DBKQibQ8FkHHo9/pIlYNKpQxrlD35Xn8doDYZWOfq9UYuX4Bm93vdUrGkBQqsFLYOBdpRVC4WAdSUKvmpqUlD14iKRqPjECQ1fmxScZldeT6eJseLIICW+T/4wQ/+5tG/gY2S7B7eWCjke/0+YmBSOaL/AzM4FRxn0uhQxf5kFCXqFDIrDhD0G5x4dIRAWQ6Awlg4TL/JQpFwXJCzY5M14KcD34NhNJpsRAqB6CgkCq/pOmqfA7TEAMZFpiyhHENIww2plESSG6F/hcS+6X6IS5wz5nquVMr4gS/F0SRMRjcMibOxtpMsNUhOIISHAyn4ClBXLmT+IDEmRHG0XEVsQs1i40cJxMmpWaAnroJVcSiZgb7ZtMdi/Q7saRjUSBcOGD4hGfd8rFcpok63C3/VdWN8vHbjjTe+5z3vueOOO/bv3y9PbBYfdEyAACTnIRwhaA3sF2Wz5zTcyCjX2t3e9u3bZidqtXKBhT6ai+BGIT/QLU0xtJ/89Jlrdn9CyAMau6mwLH428UtN9flwgjvGhSPt+E9DVsXpAlcE1eoMnKDbbm2srW1urDfrm+1Gy3NcuKcosbcq4uGYYsHJFoSecAPPU/pcXo9wZwYGDRwB04AUOqqhNYWyTQr+oJL3DrIiSEgNBj0FJYU64GtFGq8mzIJtFTtnqZQs3qYhfZkoOFVcE5A9XVnbgK9XDx979ZVDp06dbjbbjGorKFxJhZrsYtdvulR86HGFbWWUgsdr46kCeai/ZcQk4cKLzTFICx1fisCXi7qomsZkQd01Udg5XpwvaEUl0AJPRe6MEmlEqyJiW9S7lw5ZnCEWXG+B4zHXjcXJMRmPbytMVllE4wxZZZdsvYSnKUB9ed5Sx0rKVJVXi0HOiEzFVYWH9Dl1+LjILeP13joSebAsFyy13Hjzg1ukIhQ1UlRHVdsKb7KozuFL7SiayzXIvAeqEsk9mvgux6U9zoejo17Q/DJP6viYxs2KpN2YwkL0wo56LOxF4UbQX3W7m14f6DNw54C6KkmaY3SNcXWQSwP5n2GIof91agstyL5MpbQjzryBPjxELpcrFArQtR6fmJicnJyhgB+q1Sp0y5E9Y2lrPpqiYFssV+InGx99evDzToqsb/QWRAags8giiyyyyCKLt0EkZWX42FjtXe9+F/pXWAbBNmTKrusFHKEesGYgy5IS5vMFxwH0bEDX03FQ+IzCUiwZB4gDGJ9XKpX6fXTbgIUUiwUgolhTznVRnRpFkxMTsEDAHOTkG0kz4gK+TQwGffgViAdQY6oXhwELQYEz8GsvhA4xdHYt3QaG4nkuifU4ipojlG5AbxjoMywKSWoY5gt5YOmqrgFtLFVK5JgMEFbt9TqwIfJTgetj/b0oAkJzYP+BYrkcIh7F4U1EAkA5ZgSg6VPxPeiQX7SnnOidY1kOeV+gnAq2+uBLL3/7sW+/8PyLTM6pV5A5A87udDqmabmA06XMWdWRwCbjnyCMNIFu2qoctJIgEkcFGnrrkW0FR68+dClRZXEhiYKp7h9VHYzVxJGKxf1wJ1MFPPxOYBqbgVyYpI/SshkxtBAqHSZOAFqOWKkonyb1xoygc5RIeIhkh9JbGdAWbE5sGkuKdfgB1i7ndfp+XAgRX6dcQhjAkdXkSZUMxliUaKK1hHHLMzRiF5nQSeUHFTQLl2pqCjiyIYm4VRWAu9L3B3AaGxEi8iCAH5252bkbb7oBuPPNN9981VVXTU1Nwbks1yILIYpk+E2jKjVMxqawU0rj0yee+On0iZN7F+aMvlPJmZYawogcFWgh7jRd+DtmJ4185aVnfwypkQhzNpoSiZEJp1m8tfE20E7x89DDSIsTKpUOw+PKUOSzqriODzfbjbX1o0eOLJ48rqKjjZBYCK4sTXq6U+aD+EaE2S2sZhqESUAuCuXQFmQSUQ+NZVjRDdrAmzUaeuasXF5XNLrSOaTBfMw/CXiz71roOwQ5QvQrj9FZ/C8bAWpZZPHLHBfcHGL0JlIzB3yQDhz31KkzLx589fCR48eOnTx7dgkL3mIKh5w3BL+CU10+JyLBE8LLhl4E4ry2bAF0ISUu6YqXlhXwoIQne+AWbXW2bO0Ys3ZPFOGrqgT5yFVdV4lcBNDINsNExT1swaV2hLy7cJE82kQMTxpw6AAAEABJREFUUul6TryjecoMkw+J+LqXafkIxbwM4LcHqXpb5+UcAGhjquYXTD+n+wYH5OorbOj3cYnb85XfOpL7oxAX7EUMNHdW1YGitjlrcLWuRHVF63LN0TRfBTbNh6bPgg3L/Ak2MpWKvZ5IwTpxWyq9oUCSmrsK67CgEXnr4WDN6214vQ7zfTxC2BUU/ELoPewxsp9jyE2mmgIJhU5ItEIFqfFLTbOVeqVSgT7SzOzMju07tm/fXqtVS+VSIV/AR4luxL40gsm8CVFmZeTsZmlSY+g4vfWfLN6qyAB0FllkkUUWWWTxdgihSIWepikf/sg9j33nb303or6n0Wp2CoU89E8lZSaWgbO6G40G4FrHcQAbojzZdXvdHvRZi7kCcOdKqbKxsVEslwSpZT2AcH4ESBp+BooNgBFdIwgEdntBqViSzh6MGDdQD00T9XodQHCv34durg8MVOG2mV9dXdEN0/MD2zKlwFVTVHfgwAjRc9H5AV6HxRYKBWC70KRardZsNaG1HoFjXLhpQCM7nW4+ZzuDgR+htzWMqcrwEbQG8YFI5kyTy6nn0E6AMkBjuSJ0ZbPeBLypclEpF9JucwqdgTxCM1AXjGYaVMCcqrisrW0++jdfffzxxzUUkiDNh/9oArwCZAehdhAqWJ/QB0ZEVEoh72nkmIqN4kcYCAQsxP59BONNoRsWzZoPFERNMPSJpT2kvQVwr8JKATWpMP7qdqkqDrJT0jXDm+FTio8VBHEYgNw/rXaG0mEE1irZdATkViEZvY8oP5A1khitGgk1EFUi1/AnGKEwEh2j9tn3BBUTlLUT5dg2QpV2iOCcPDNIxh7S0BeINnMHPkuMPnRdkT4qUvKsm6ZPpREDArtYUZErgR8yxOawOCZUQebavnSvlmMpnQTdChUhdF0XcNzAGWgo8NT37dt3++233X//R6+++mpUweua1NTHw+u4EhR5T8shecRkgSFFR8MTRmwaVrS+vPTDH3xv/+98tlYqqoELcM5jekB7VeNBt93JKQq59PqPP/fqR953OzTNRDNrlBURWxQXqOizkdg7K/hW/jIKcpNZ+UIiona7tbG+fuYUxOLp06dL+XypmDfoPoNFOiHDgebvoRTYRfE0gACyZX6ABVjhX+TUwJt1w87bOF0aNW1oD42YQdNyecgnuoCmVZxHrceJI0UZ9Ht9yI/ZOXQAFUPuPAoPtui6s8jilz5S9ihRpJyR0+877XZnbX3zyOGjB196ZfH0meWV9Va7LScMsNcClOnf4uTRUM4a52liv2j58qhVxxavByo5yKhgMTxhBbNVYdradNHcXs3tGsvNl42pnGKHke54SjigqoMBp0K/PLFDfp1X4hZvDhbTeJZg+XjeRiJrxW8RYdaASCsg5sjSeCmnVgtqpaBUCsJSgD57CrBpnnRMLvJg429K65ugccrBofAZ+ixAmT2u9BhvCdYQSptpHUV3Vd3XNOh3QA8LAXCcPIuGst/4bIjrfFxJeiH5Gv6KenC0uoa9ESjC4WE78DZC1D7X/X47dB0Fc/6xRl1carEJgf759QLiDExcxiOdU4aWbpi1Nygsy0Ltc74wNT05Nze/bdv8wjb4b6FYKFAOU0+WxeK+MO7iZJoXH4H08b9JdcIsfmaRAeg3Eo/989kHv8L2/uFTj39+gb01cfrL99z+8CH2wJ8tfek+9qsf3/rC7OceZQe++NR3Hnqr9mAWWWSRRRa/4hFPm0MquH//3vHxsWNHT2qaCcC5WCq6joMmGPmcVL9ubm4AlAAqDVwPKKGdM+UyYJzW7XYC1y9XykBMisWC5zhAMYBtANbodHqoj+bcsi3fdwFGBwFARnb8xIk2E2QPzVvNFrBsoLQp1QWC7PkeWTaEuiFm57c16nX4E9BR0zKkJwaK+0xgsn0RCnKpM4Asw6eBs/T6PeDmjESyHpotAHLRAMlYlrGyujo2VkM0OXCq1SqA6emp7WfPnNu5cyeAS5ZWEKI+NZbnilBdPHC6ds6KB2fy70zI6ZySPlOTPNn8tbV14M4//OGT3d4ARb5R5HiIeEWsPEFjYolrVZI4SxWKaRgDB40s5IgAmBGaSEhRML0DVcYqahVhB8pJ+ooCINuXRxG4U4j2x4YP4BbBvZwNiVRKGr4mbBdH1ArNvxdkLStVzAzLANL3xAqDtMn4CrpRk3k0ICp0ao5g2KdLVXWQGm5Idw1Sb6GeS/aFpY80CqUDWiwLk9KF2BwRrwvxLo4pscYgFb00YV2O58JoCKg9tBnpP8Ji8gcJmSt8WLsvfCaGZtBU5xAQtisVbbBVcB7u3Llj9549N99088233LR/395KtZIq61Ojwy0zQy+8OFBvzhTNwGyHYcxNV37rN35tcrw2XS0BAFdUHgplEDEnCgf9vsVZzsptm897ir5771UvHz1dqo2/55rdOqri481+UwPwLN7+EVOeLeAq+Vckk/ApZQSn8fLS0quvvHL27JkGFoB1IEOG1ywkV5yBjyY7Ht5GEu1ZJCu6YgRwwYV+FHpBIHzXYX1NdVynb/bgNslJ4EbqTg73TwN9onOFUqFYKJFbB0BqbzDotjUFS9QauqIrZEizBUDLH4UQ52u5s8jiFxuXvsXGus/kuQTPGugDLC0tHz+5ePz4ycNHTx4/fqLeaEOiWFN1SqMqpC8mBs35hfQsnQfAU9Y8AnZH3iW2FCbkLFWDpvJRBb/QHguetZbCJvL6RMHeXrN2T1gLFb2qR4bX1QJXCwZq4AN9VgT5PouhuPfy+yBenbjcfqMFjZJjAtDUWng5UJRA5Z7KXY07CteLpjFW0iYqomQHlhZAmlZFDhtxMhE7bwfIJr0h/MiHQlqZaEPnDQ657JCr0CVxdXWgspYI6z5vMLWnaNDdC1QdOjvSw8gf4eFD9+cYiIrEAnzoySIdhy56N0v7fjyG0ah95oqvMpdHXeHXvd6q2950+x3hOTzyeLw3xNYkRuq88XNXP7NE8Cyox0RVBsiqScN8JPnNqBzQM+QloaM+OzMzPT0zC//MoudGuVyGPpWOyUt1ZFvkjB2Rlh/ccp3w4dyeC68fccEPWbyZyAD064/FLz/8Ffz36B/98WOf/9K97K2Ib/0x0GeIR/+rL//L+37lmezpL/9Xj+K/hx7+42899I4A7llkkUUWWbzpiO10UScbAI295eZbAGOurm40Gw14EfqgvV7Xc13TsuCvu3bt3thYB7qaz+fgs0CNoYN63fXXwyhufWPt+JGjjXpjamoKYDS8ctu7btvc3JyZnnn++eeReigcSHS1Wp6cmhqr1QASDpxBRPATjUg1bdu2Bejdkh+06Dn9bq9XrVRbrebExMSBAweAqL78yqub6+vjY2OdThvWPj8/ny8USsXSq6++2mw2PY8BrISGXXPNtd1+r1QqPv3Tn+qAdAeDUrm8ubF52223rq6uwiqOHDlCA1E0jS6XS51O98iRo7C0nbt20ExbHGrK0nWqosO2u1iWUNMMk5OXBaBudMAQPDED5Ck051wZDPrf++53v/q1r3Y6HUO3pZ0H6nMJhVNhQ7SVlD7IWONF16Vhsee7kRt5XmBbtoTUQJdwDCziaZIwPAhR8OtBW+BnlxA/LMr3QjTooKEEtALYs0921UBhFQ3JERbl09HpVc4WlYNWdPCAZfkBIHspZiH4ix/EI4KmfkNYHDta4OiEx78y3CWoh6bBQxSEcidohi7rqIdErqWekhomKxkGw8I7aixGgj0srWjJ8QPngKJ8Gxk5rtHzPEgdAOYGTibNUojI4+pCEajoSIJliMh+IwwCLyQLjuuvu+6eez/wnrvet2vXztpYRdctQHI0cOISOrOEs6czcC8jc4NjDOt7/pVXduzebZn2e26+QaD/po+7mKs+U186fvrff+PvLMP4zCc/snNmHHbT2eWNp3704z3X3/y3f/vt/tqZD73nLs00FcLQCsvinR5bMJBIuIZITGDlvAq4bj1/eencCy++sLJ0jjw3lMDPwd+CMOj3+91OF+dBiJDSJGjAQ/MAZBUpotfo6o73g4BMcgaYhNMZTcEnmEYOzxreGfKF/MTE5MSkD7dKuOgCXx/0e8Ao0BA/n9NxlkOcUBr5Lq1hR7ZD/DxFfFlkcem4BIOmFKY0usX3wMOl2+2dPbf8wvMvPvvcC8urGysr636IVZdVzYivxLiW7wXVN9Nlbl1b7NUhznuLGGkCS9TS8qdYSoti2SjQotCIQltXJnPWzonyzjFr97g1W+C619bdnhY4SJ9DH1E1yXkT7fMWlMcvsQ8uT5+3fJQ2mKaCcTJ9RvlzoCB99oA+a3wAfL5oaeMlY6LsFW3fBDbNfAVtQdKt3Yrc4wTbm2PQUsuMbULbjVDTfU13VIDOUTuMGiEBaMNEcxAE0CirwClSQIlH0wdDgUHMoLe8TG3kFz/QImHoqfwZmhMwANDRQIk6QVD3Byu9VlO43SgYsNBn8j1CbO1fyLT3z58+y+2QKghZNIQ65vAQ0MlOQxeUcQAAXSwWx8fHd+7atW/fvrm5uempKej/pyJ5ec6NbA6L8fJFDy4fTWlc0BqWxVsW71gA/dgXZh98dPjr3i8++fhDO+JfTv/p3bf/0dHzXrxYHDy6yO693Btefxx6CVb8dgDQyQ58cyrmg0dPs/te69NSLs3eMfLwLLLIIossLh3QRdTIkfn+X7t/bX29Wh0/fuwEgAnPc207B1AVOPJNN9/80osv0NQ8s9frA/xlTGm1OgAujh87Dhi3UqkAAWk2G6Zp5nIwhtLylr14/LhpWK1WO1/I5XM2kOLcmuU67vLKOaAjQDxhvfhd06FT3Gy2gFnDSnVNMw0FGItl5VrN9vLKaqNR73bbwIsbjQa0oT8YoGzPzq0sL4e+D2QRVgrth2ZsbGwAu4SBZa02tlnftLGGYb9cKdXrdfhBVtWC4RvJPdR+r++6DtDJj370/onxMYZyZnJ/xkEqNImh3Bf1vFoAWJZq5QGMCcijA6EwoU/0reYcWv7C8899+7FvHz92LJfL6bqBPFfRSRpM3XMR19MDWCR9nxMAiu7JlmKjINrSA0K3aHKNhDxEsgRLIcWizzygSbD3OBpW6Kh09l10Keaaj74cSG8jKiEIa3edPparj20ucbhBQwQFBj4KKRo9tHuFMZwuUSyMxqXQWHpAM9Jgykaq0i06itDFmwZSvu/JbQnQP8RwfHTSQFklV0IWwTJp2isG4mnynk5HIOjFHQZe5MGicManriPv5gyYVy6fx0GRoqNViwEb6EsncaqHBjstzNk27E0VTbQDRc/LTcCamTlrbn7Hjh0Ld955x6233rpnzx4YQaH2W46lWUQuzyzeLpGK4OKRU0qlR0eePIH/5KnC2q12q9EsLxQ4jP95pOER0VyBp8crR4+1He/2u+46s7K6bWYckxehv2/X9j3zs7ZwO+22BWdzLAUaDrgSQ+1MtnIFsXWwzoesk7829ExmmF/0RX7pSdS2muQAABAASURBVMFCvPHRMb+yP4+wj3hatEInJlxf7SZk35prq2vtRgNuUxbAYNOEdFGjgQ4/g/4Ablxctp9SSRFm1OA2gOkooMoaYWUAypTdkbaedIVS3ovHtUNp9kBiQ1Pf3PA9tAkqusVCoRAJ34Z8i22TZZANt2QmfQKS9o+oPbeYs2ZMIYtfeIjEeXbLOUn+tPCk6zcdSHOePnPu7Nmzx4+fPHp0cX0drjIXnpwaPuvSWTKpT0N6xl90XfHSY/acynUZmS/Qh5S4PJsyfO5gcVp4moWKCIE+GywyeYiOyrY1mTe31Yrbx6zJglrmnu4FmueooatGAX5BzokAYkp4R1jzFuzME9Q9vGEKfimMLj+aFE6UlzmQXjQFIbdp5irMVblvaqKUMyoFdaIaVvNe3vAtFTofIY9vCDzdTzKjJoa3BTFyaC7ShuT5KEbNnjlPVLv0LKaqgxr0RDxdd3S1r7A68xs+rwveZaoHHTKGFRcQPAtGU85kylewpBDgcN/Ea8SfFM4vRoNFImwXo/dq2sIQU9Boxe0pUStym4G7HnTrXq8buQ4jlzSmyGqNgm85LsMnzpbJJMmC+ciTLWXi6Syt5MXLPV9EMpGGJfB3ZAfK+z0dbqwhYCY1AeAJAf/YBTufz49PjM/MzMzOzgJ6np2ZgY49dMDSWoLxTrjIai/cLDa66dEF1R3F+ftciNiXOnotVUAWF4l3Ylcy4cujcfThO2cf/vQjS39yBYLmHQ898od/AUvY+4ePXBZPv56470uPfPrRB78CjPUtklT/UsfCQ//6i39x58NHD3zxkc9nDhxZZJFFFlm8vgBmMRi4c7OzgO1eefllTTcdxzMMk2rcoej1+49/r91uA+bo9wemaQSeL+1C/+5v/w5et2wL67EBAI0iH80xjJ88/TTwSMDEWALONGDUB8TXti34dWnpHJBTPwiQZXf7CpU+WVw8aeObXcSLQFEDwLI4bVzX9COHjwBMgdcHA6yFSMam2qnF04iqERMLALjIT8l14ZVDr5YrZXgzfpbq0QHi7Ha6a2urvh+2O10YXq6tr23bvgA8utVuQgf5uuuu/+AH7wlDoemyl58MxzhHp2CmeIEHzQhDBNBB2pUn/QgQn6Xlpeeee+6pp57a3FgDMASNgS0CPASQGXYLbk4QK39D8rhgpIYmzSJ+PKSKQzg0RTQuZPmxANUzMBpWXDdQcJonpxGVkMNXNL6ggQR5MeOHYKAD8IkxqQ9Gpw6UaaM7dSyChjZQyT457kL7SwnBsXkRmWFK2WQUDs+JdJpwIhOGIxuQLzP+HPjxRuFH4oEF1aLkWLDRUGAdKNAOA4FlmTh8Eu0BpAia83w+FyLRxuE+vAEaA6kCVSEsHkR4CFTYTJQtw/fIR6sWGE/iAnxfWqxELCyVSjfccMNtt91662237dm9s1qr5tG1PIKhVIQaMTnmV9H8BJuonEcbUylULHwfGToJEfNzOEwhZg74VQeu1k1DkIuIrWoOUAzfBT7Xcfo33Hjt2bX12fmZzvpSH6C5ru3cNvsff+6zAMB7V++0c5qSumlGLJVAE2f0FRU2TWdZXCZGpipLQiK5QSxfE5dl0CL2Dd3yprj+FucXnVcv3xJXxXyjI+DLVEbkse6RSalhYkwrHUrRRlNw3/Ua9fry0rn19bVWs+X0+5qSt0xzADdlz6XZGz78T9Om0Z0frjjM5lEATTAtU8vpuVyxWCrlyfoZ7tgca39yWVxK3tU5XdFu4EFCsd5oQAoNbr+Oh6uIwkCFnJAN2bsc5JMsVeeqjXI+MaQnQ/oseMxxft5mpllkMQy6ZukH+RUr9EcYNKWf4VrZrLeWl1ZffvnQy+hvc25tfaNeb2LiGScNSeeNEY+cUbucS9wPpAmOvK+kt6q0CfhMR/atyH/lXQdnL5ALFeBKHgWmGuXVaMrWd4znttdKc2VrrmIXFN+M+roL9HmgBb4a+Qp+AbMWXFLEtLMST5yIm8lGdNDxJsS1B9MNEcOWx61lI2bvOENCAnwgyz5nHheOwgfwULY0o1YyZ8aUajGq5KKi4UMXQmVhOgVCbLH74MlNmiUs9AIF7UWOYyQSdJ7w6BhAR0wlAG34kPc2lLbib3r+aqA1Fb3HVQ+z9EoIu5RDv4pTuplLY+54IllySNP6F3FWgifphq2IlT4ZJXspFk3TQYaj5/PIVaK+GjVDb83rrrnthjfowM0YUgQK5vlxPkp6TM570NByhhPCtjJoufdGPyEptkwk8NfYf8nyZKpDitnlpL8oincjCTHg6QFkGZ4O+ETAvq5eq1bHJsa3b9++e/fuhYWFcrkEjxCTCimPXF6XXys7bzP58HqkN2x5Dm85ZUXSSvl/fHiyuOJ4BwLox/5Y0uehdDf2X2ZfefALH78ije3C5x9f+jx7a+PeP1la+hP2TokdDz2+9BDLIossssgii9cV1G0EimhZVlQS11537Y9/8lN4OZ/Pd7t9SS2PHDkCXUKAhvArQA008/UB7KpALqy8WavVGHkp6Jo2cFzTwEJwhVIBhhGDXp+riqFrvucLNBkOAXGQhTR2f3s9QBy24yBSsS34wbEsG6vPA4GNADUKwL6DgVMqFVqdNtDqfC4PDFoaO2CdRMNq1uvVapXcKgB2awBQysUiQG1oYb6YD5Bio8K6UirBwj0hTE2vb2xWymVYCzSgvr42PTV5y83XT02NB6GjakbCtcg+mcqCS50gtsQbSHSLVheRAEyzstz4/uP4H7AbWFHeysFAwbJysHDTzDMGzYF9ElvmxZyGdjnaYkgjVup5a1T9L0TFLk0TxlmbHLik5zkoQ+Yo+CVaBtg3kDbHKplBwyJDrMSHcD8kgTbwJUbCZHTxiLgi5VcaKpsBKpGVswjJMUMhubSE46pEyShzDiWKxp1A9hkwagDWLEgQjbbUqF9GQTHuQKrjR8YdIgarJPCC9gMO6/X7OompDdPU8HCrumUCwVZxqGMELmQRFCwTGKJVAKBnp9+Dk8EP0BcbjnAfPq7rcLYgIndcwL5YfTFUsJyabdx2203vee9777jrzv379uqo4NGociJyeQN9BoRkx4z4uEqG16kqaPTER3U00uYQ0QAp32VdHhQw4Y+YCVAUPRCiXKsKKr1oQD7AR2+DI0ePH7jqauGHg05n764dzWbT8YKT587lVb1k58fKBUhnWCVThYGdQsbe0XDF8JvreXAyw8aWSmWWxWWDby2ZxZP/43KRF/3MqGg6Ic5yWYyx0Z8vvsY3QZ9fC8CKGNWIEXbE4vplvu85flDf3FxeXjq5uLixvu6QVRHQaU6zB3x00UGTc/im4tnJya0DLebhGrM0DVJ0hUIeUnFljIoE0HIGAEPjeFRDowiaAAUs0AuCjtWJ8M48gEYA7EY3dlWBs1Y3dSpMChcRZoSkAloh21CamTHkJ2Lr5mfcIIufYYiL+CSMYs3kxi4ZKkovyZVGDPpwdg/WVjdOnVpaPHnm0GHo15zY2NjsQ2LH8RX5pOb8guTRa13QcSpsJIkZ60UlbyaaG1fyk9c5JY8hNRt6ughNJbJ1XjP1qqUsVHK7xvI7ata4rY2bkRH6PPQU6JmEqH0m9BzF9DlmpyLVN4uLX3qXvBy3fEROk6LaiEKyS6ZEkEsm+uyi8wYLbIMVTLWSV8dK6kSZFe2gAE1UA0yQ08MtdboWIztmeA8e/cslI73rDtPDEmQLrkZUeDDQjNDQICXXUlidszoTm4L3hDIA+syVgJ7bsdJ3qMCN4fLWW7oYrkfOFEveO/K3VAEte4WCFM0BFx5WHYw6wu9EwWbQ3/Sw9mAncl0WenBfpeKE0dBYml0+zjt8F7ydn/+ny95kebLdPIW8if4ZX6c7OBky6dB3wkmNNnSurXwhNzc/Pzc/u51idnaWbDkMVES81nETF/xwXoOEGOJpeaFKH+rYilq+Lvk49o5FogB4rR2XxUi88wD04tGD9O/eT9+fiG8TQS5jj37tsS/dNypBHnHquBBYx68k7/n0I4+wBx/8SvLRET310NPjz377Lz73cKK+HrX4GC6EPnXxZZ7nQbFFyn3gi1+89mEyp76Uc8h5riMPPLKUqK2HHhePsM+l7xl5w+hWxy3/IrtUXHxpWxp/UZMTWdqRXXztW7dk+M4HHnnyuofp2I3s8K32IFfQniyyyCKLLN4GgXO+qZenoCTHNM2PfvSjP/nx04cPHQPQCWyXLC/08fFxGLwBrYCfSeSLQjquqpauQy/bdT1EqFwZeH6+UIDBnK7q7sCBt9n5vOP0ySXYD70Q4AgAEFNVqVogk37HxUIR+qD9Xt80rSigAjYIW7DoHEA6WCP0S3FOOVf9IDRNm5qheJ4HuKZYLjZaLcsyUA2NrhSAIAUKtIHUuDgtHc0rGIMBZs7O+b67srI6PT4Br0jjjh2zM3beevdtt/gAXzQBhFoBRIM2z0pIBeaB7Hh+5PX6AF5NWAEA2SBaXV87fuzY0z95evHUImBHIJ5AtEPkQszQLaktga0zdRv3qwIQM5ICR7ROVjhiWSWe5IsCYcF9L0DQg1NymVQ5w9YjUYKdZSFoxm0h42YCucJHbCukiAdwEo8QHIvYaYMkzDTTHn4ESgWYGKgVWscG2IwgDKUmK0I5MpBfBSXY9ApsLI5MFO5FHqPxgKJrBHDRaYRhtUCyaVak5DpCjbmO5ZqAYMPAXue4/xmN9g1bQx8STQVcbZDJhoN208DW0MeDOT140YO8QeCjX4eHJiS6pQtcPcrhPUTewkORtRDoK+DDDtu3f/e7b383xHXXQMJgslQuS8dbHfYpWnMrDHXX2DBFiHQKKrQvRRXRhac/E4GIaJ8QsCbVFCzJoNE0HHSy/gg2Oz03isqlskIHCfg6njxzO+BsyeWsfvtk6HpPPPEjAH8Tt90Mre56/Y2lc1ddsw8OFhpxk4oKle041FJodBzputnp9Q3TYFlcPnj8nywglr4WT2YfVVSNTtwdgc88xrti6/J+MYPbpPpUDGTkPBJOFU3hMu72uq1G89zS0skTJ04cP1bf3IDrFHXO5OGiUEGwkPw7g9BzPSy2CZ+Gv8MFVSwVCoUiXBeVcgl+Jv8MU4ttN1LSLdsQSjcASA5ZcFM2LfihVC41WxhOf9A3OrqG1xBcAq7jlgbAxeGeoMKNCTN/pgXcAn6gDFqyKwXPuHMWP+sQYjgh4nwGnZ7edKsXMRTG5xE8T+Bxs7QMd2VEz8ePLy6ePL2+sVmvt+EiwrytbtENmr2BiPNIPGWDsUiVKhrH2mhOPawYHGMOKWCBB1+AniuWUcuZMyVrpmzPFc1tRXPKVlH77PY1snlQpO0GPNfIAWc4B2FrSPEsH0G9sf41JtQXbhtlxJO9JuXPsdpXwaJyvsJcJK3MM1QPnuHlfG6ioo6XxVhBlOzQNgJdCdVYIxylNhXnF1x8PXsyYZEKHwqSFdp/gMPVCLXWhmsans5aPFqPxIYQdaF2FRXos8tVjwEGYiv0AAAQAElEQVSAll23VNotYnHzyNKHYoAkaZHcjUf9U+KfkqMqeOz7HOJuQUOSHkPt84bXW/d6G/6gFbp9Fgaagngae16x/4a4Auz+Foa8Hycbn87Wi8XPCskeoCcLXX1kz7oBv+dzeehQTU1Pb9+xfWH7tomJiUq5An/EEtnytLqs9DnJo14qBRK/IUmzxpbY0CBZMDdh0JEYCdqQoV9NFlcS7zwAffQliWyPfuWbpz+fmBdfXJB79OE7Hxz+dujh2//53st5dHzlwQe3/jp78Dx/5KMPf+7hrcuffenyGHTrMh/93N3XxcR2FAfHzdvy63mRQNjRhWH7tqLqRz+3ZW0P3nNd3P7FL99958NHt7T8QfZasXVp8OvswT986vGLem6cv3zZvEcvyogBXsf0WRLnxS8/zK4oXkd7ssgiiyyy+KWNWKeDtgkLC/O33fau48dPAaLsdjv5PHBbHzB0uVxVAJQGOMUb3gkEBLqw/X7PtKycXXRdFxAk9BtbXieXs1HjrKv97kDVFOAhg0EPJc+EIyuVCkBbICKWZdfr9e3bF9ZWVqEJpVKpXm/ZOculieTAOYGKABdpNJo4nuAc8KVlWb1er1gsrq0tV2s16MwOBv3JqTGsi0grBSaiGzoQE0TkqgIfyeXzgeOamt7v9PuhCxgaOrSqYR49evj63Tujfuf299+2fWGajC1UHqqRHCkquD8iMqXotjssjApmod3ZfOGFl37yo6cOvvTCoNsDZAoAvZBH4K7pSGWhJ63EBfdohjsX6aRCaA/8LfQCHXv8gHp9hTr3yJ2DQFAFPfLeYMieZeF0lCsDXY35KUcHDxQ+sth5A32sZRXH1KxZYmWc6pv08uXrUtgL78Sdkvggk+0GqsR00l+P9PvJtyKRD6OjMa1RoBDbo9mqXJJr2TBURCPCDYE4wwJhu1A3Y+u+5+EYww/hcEC2ANYHJ0yv181Xa47vBzCo0bnKUWgZeDxyPR24s+f3Ax9YGOxZyG/0ux0gXhPjY/fcc+8nPvFr73r3bYVcHm2mw1DXDNdzcXIoUxMHAKHRpkWAjGn/KyTduQwVQydvOGQRR/trXal3ILzxsbESQnBAxwHs/EAoqxvrX/32d97zgbtfOfRTgHW3XXNAVQxA9VrReubQieOLZ3v9/vvfd8u111zl9Z2cZuycm+QwFh2YgAqBDSpyB46OxDkN9FUO57CaQbvXingUOjK7PX6dpk4PR7/SNCMamnWk79yCnsUIgf6FDG5FKl8knT7ZAtBVhld9r9tdXV09c2rx1MkTJ08chysC7slkAR+biHMqiSnwhuG7eGF5cP3m8rZh5aq16vTU9NhYDX4oloq0ZAWnLAQ4zUBuayQnQYjYwoScpeEmhpY4Y9XaqdOL7XZz4Ay0Hs5DgI85kG/sO56L+TyaKYFu+7l8IZfLM9NQTJPEnYwAjXiDJcayyOL1hLRxGE0hCTbEfGLkizJWmHn1/LDX85eW1l555dihQ0eOHDm2ePJURCbMjMrrQsdBWjKz1xkilj/HBDp5WEviLIXPguSwssCbYCh89gE9K6Gvhm7BMMZta7Zs7pgob58oTdvahM6qaqh6A8XrKZGP9stAnyENjKWPhRKrrNOb25YrLv0l3RXyvaMu0Mk7Y/aaWDenO42qDkJKF/LQBKAduA/oqm9ruWrRmh43pmpuQfeKeqgpvoZS33RHy7XyNypbHU0fcjINETEJRt9nNdKNUNOhA+XqWk8H9BtsBOF6xFtC7aD2meTP0DGFpNmQiQqeYmdx/tpSwjwsQzjCotOfEgYdV2LkwlcE0GdHFX0RNjxnzetuur16MGgLz4OjBe+hrHY4ZPs/10isN4b7k+hzJGk0Wm1o6LxhYdgyOwmJ85mZ2T179+zatXPHrh35fF4uZMSzJE5mXEiXBUvu+gmDTl8/v2HJOUedT5zGg4ZuPk7LY9QXHe2CykqhsjudxRXGO29nodsy/QBAeTaOu//09MXfDIgT45EH5K9fefjLi5db9t4/fGpJfiBZxYPnL/kBucSlJ7+4l35/9HNfeOyyi/zik/j2p/5Qvv3ow/89vv30nz4Y4+a4hekbLhqPfUHS5wNfjNv3Z3KDjv7FN7c2L37DU188ELf/j7+Fa/vyP47pMBDhpdE3vEbEjU934NE/evBiOzBdfvr+ePkX2Tnf+sLtqYPKlRh2v5H2ZJFFFllk8csbKOsMY99b6ALec8/dtVoFmAVAYSxOYppAjbvdLtIO13OQJ7qCCr0YhgWAo0tBbsuahTYLvnR8LpXL0I9cXl5Ckw0B3XPfsi2AzrphtNvtzc1NwzCAHVPpvKjT7RQQaxTarZaOglhkiL3eYGJiClZkWib0UdtteE/e993JqWloaKNZB2C9uHgS3yzxaxTBugzT8P1w4LiACx1nAGuBTi6MYqrV6li1IkLYVFYtl3N+cK1if3Rub8lnsF0DYI3AywEV+gILEYZRa7OxeOLESy+8+B++/o3/9X/58v/8P3/53/zv/8czTz8tgqhULNmmHUaykriqIEpFXYkUhkt3WTl+olpzQsW/y3n9Edkch9LYUEoXFRoHoNsJumVoSUE8hJawCqS3jHmI5T3CR6Es94dHgaETCFqFkKRaJMUD0QZaRxZPjsw+7ApgVYLwk0TPsBAypFQCdKEOZY9fLiQgL2mie/gWFGv5HpFoJmE3HA5g7p1uD34d0JFVcQxTgL9Ypo1/Fpi6aLZakJ+Ad6ILh66TP3iYs/Ke46LG2fe7qCuPnL4LbEs3bMPIRTS73wtcP/Anpqbff88Hv/hfPvx//fXf/Kv/+r9+3wfuNe2SJ7AsUqRoHpyvugGbBENOXwg/LiyP7SMEKbCMkngND8GIitQDmdNs+8/+7V+cOH5mcXHp4AuvnDm7jDWeAjUIuRuyej9suv6pldU9B/YfO3nuh08/H6racmtwcn3j7x7/fj/wbrj+uqKV3zczdsPOyd3zkwD9Wr1OpFrtHizFgN2hbJXpMpoGSwagAtgey+IiMUQiMocj0iJSYuRVOp/plygGU1zI6nqSg6A4n2YNxHX4VLrUVLq2ONtKqy769dZvDksYDVxf0Chos++5rWbj5MkTzz37zAsvvPjyywdPnVpsd9rQVB2NhuCugkkXZwDptl6/1/U9B24MtqGP1SoL8zN7du/Yv2/P/v17duxYmJmZrNXKuZwprfuDAK57+Fi3P+j0ep1+r+MMep7vwJfjAOtu1+ubyyvnzpw5BXFyEc7o9f5gAJ+B6xeSjmurq2fPnV1cPHHs6OFDhw6+8sqLLx98/sjhV8+eWdzcXIOWYH1RZZTvbNlpgnHxC5KZZ/ErHKkuUkhsFcMrybbiL3ka9vvO2lrj+IkzP/3pC9/93vd/8uNnDr786pkz5+DhhbV70UpGowkIKrkzj/hkXPEXF0O7A4z4jFeSL3L0COFBFXDfVb2+FTplxZ+02M6qcc1c+YZt1Rvny9fNlXZV1WkzKPOBGfa424U3Q+4IMtUcCyLI2xUsDboWKpMu1fi8o+IC+D39Si86PmwDj101JCG/FB+ONbMk8nW46CpR32CDnO6Xc3yqYm2b0qbHo1rJL1iBpfkKuUwQ3WQXEN6Rm52IPZQZG30ci0sc1vR7lN7fw4iHkPrWgDsbPVNvmXxdjZajaE2wBlM7XB+opq/pvqYFOHFNCSnZHuIXVWq88HY+3PzhOTPCo5MNGOJWnjhBA30eqKKnRXXmLvu9s05nxeusAn2O4ICFWKSRKhOGxONFCmR/vrfAmDoPH5BR4ryhQK/aMHBeDKBn287lc7m52blrrrnm+uuvP3DgAMDn2lg1lSPIZAx/PWna0fxHmgGikpACQLPjwKPI6fUH3R589eELrW88FJwEskpH7K2n6rE/iIysSvOVxjtxT937J0tPHdhSh/DoH90++0dbTDNkPPBx+eu9//IP9z56ft3CC2KkpN69f/LUFw+iQlnqrIcLTGsM7njo8T97iVTJj/71t75076VE0Ad++/4d+O/C57/4wB+l9hGnv/mVGAg/kjR44fOPP3Jo1MJiJBb3/sulpS+NvnLfpx5gj8LSjh6C5QwlwIktycJD/88HHk4V04vf/IsEdid65KFpyWVipEjjvV968osH8f2IvB86T3ScLH/k/QsPfUcq0h/78p+evjdF60e/fPcfPRpv+BZp+RXFlbYniyyyyCKLX+6QJdrl+Gn7jh2f+tSv//Ef/3eASkuliq7q586dHRubQJJoGM1Wu2jkA983Nb3VagHj2LNnj6Zpx4+f6PV6AKChl9vr9QH3FAuFnTt2nTm7uLy8Ui6XTeDCnlcsluA98JHlpSWyTlY9xytXKjAKhHVBD3X3nt3wfgOndyvQfYZV7N+3D8tqaeqPf/w0rAIYdKPeqI1Vrr322larOTZWW11dGxsbB9IK2zEzO+0MnL179y4vLwPmNg0Derl9xx+bmNANtm1i4tALr5hGcW523uy0t+dKT/3lX3dd7/rf/I1QFwHQwMBfPHGy3Rk88aMfL60sra2vBn5k20VNMzVDIA8qlALXi7DkH5piEEsESITYXVex5mHoOnHpdiCzSKRVssUQsqQe/CC9nkN0xGAIwxgOGBSkzwjLqBZgEGuSaDABO6HX60KfnGgyEFcFmTHaZaC8UQ64UQqKo41YCg1rhT8JKZoO8O3YGJKU0KRH/BVIN72BUHiidiGIL1LXQETSyHJxRS5stu/LMYZpwFHWpD6FALQOiBtQtuu2gXoD4IY3a0ic49EQDDIM3XBcJ/TRIQSGODhN1hc+UF6uwf4DNoYuH6pi5HO79+76jc/85kc/+mv5XCnwQ8d3T6008uhrm8ddFwaFok2TfrHeoqEjZIRxOkoxIRlAszZR1oajz+TMTk/yrUNfThYooaKeWtrodN0De3f5HqvkrH/9v/0b8eEP7VqYi2BAa7Cjp+v7b7lt99W7eMC6A29low7w/umXDlVnpooTY7v37t+1e8rwfCN01AgOT7RUb/xv/+cjH7zvoy89e/i3Pv1JaCw3dWUIKGSjuDy+0h88i62xlWjgmchFAp7jF8mPO5amxQpolmrwSIyLGkkFEz9qMoWAsZQyDOV2byFlZle0OSROU8jLBi3UqYQgAGhIpB0/dnR9DSDweg/zeQG5B8E7deIwZL4O10MArEWxTMNC04xyBb6qlUoN/gXubKNNv0Z2HZCyQod3z/f6Ds5BcGnuvyBtP2bIIPeD5vGwbhfQANwhXdQ6u3CzHOA9I4Ss1YDuKFjiNWflLDMXYRVQVq2NDdBVicHNLV8uwtWb3KnSzZNbK8to/Rx2bxbvoBjxHR/1eGdShrw1cSS6PWdzvbl46uzhw0ePHjm2vr65sb4J/As6NlxRYxU1j2sEMikIfgNNYultXX6eJ5roREKLFDVQQk+JfFMVBU0pmcp0xZ4u21OV3EzFniqYthLmODxEAj3wsSwhfvmxGQYuThkKauOWinR7R/fOcCtkRTbmhQAAEABJREFUYd3klshGDJEvvhUixunwdHMVMYDmaqqf01nRNqcq5uSYWimIUt7Pm1QJUQSkWEjnPYzCx+E+iWdtpDfui4poR5vPkxtzzKDhKc/R+llFAN031bYeboTBesgagjWZ2uWaq1IZRKaE+IVFmUNcYZTmIWLn5ngDOWdDExcRz5uJW57cp5PJY8mukyyVM9Q+q6IDANrz1v3umtdddzvrXneARt0Ryp8Fap+ReyeFAn8RIujYgFxCZEmT6RRHiQP0h03TygGDtm3oUs3Nz+3etXt+2/zMzMwE9pB1mROVC6IdQ1P6rmCtfPQRm7RDHnh4iPh+iBWsQ6pWgDUM0IaGALWARzT6RKmKrDqCCWLynFJkXe4sg3nF8Q5F9WkVwS02yl958O4Do54Me687X1VM/h07Lr7MEVNpXMPeaxkDrnoIP5Es5oFPjYJmXPyj8NeDR0+zSwHoa/eeD0fx3eylmAh/apSX7z0A67kYE96xgAu5iAuHXNq9C6+1tph2f3xkbTvu/+0DlzX9YHt/e3R/7MD9cfQC5M2Qpv/F0UusHUjxQ3CYvhX/8ugfSbONvV988kuvV/x85e15O8YTTzwBnf1L/RVQy1133cWyyCKLLN7ugQKbGOOkr0Fn8J577nnyyaeee/b5dqeZs3PVanXPvn22bQ8Gg2effc7K54PA7/e7xWLu1lvfBwh4aWm53mi4jkM+G8H4eBV6ujfdeNPZs2eKRaC3WLOOKhB6uu4AfW52WtDrrNVqjUYjV8yvbawfOHDg2muve+WVV7pdWGwROqjQMNPSoTcMveR6vQ7wcWJyIvC9Xr9XrZaga/qud9/2k6d+Uq1Uu90etCdfsNvtXqlUhuXXN+v5XA5oNU1AD1RDF0BALe30qdO9bm9qanuj37YX5n/jC/+0f3a5r+laKKzIO/bMS3/1V19pdvuF8Znl1XVFBeqslws5AM6wWwIv0EgGjPYUQtE1NVQYyjegTTA0iSIncBSSJhFNlkMcHADAe6h0FyOkG8udpV4bUTA5NhNeigEyFRiDBxAad7iOhzJD9F8OcW4pkKMI3yiPFnxQ2ndQOcGQJCS4dkgPAC2WjhwhLRRL+YWhLoVjFMCe5OA7VphKKMZRYkzjUI4z9xV010DLaRxVIX+HJgFujxgaQ0MzYCFYajJAM1rTNCMnFtHD0YedimL5wOc41sDPIyo2VBzeKLhT0HuZKyGMGlXNKlWuu/7GD3/ovhtvvn5uZrIyNt7qh4sr6+eWVyKFTczMeP3N1vHFZr1RrzenJidvvvnmVrN97NhxaOzZU2dgk99/+y23HpiHnQkr0HDaspJMRU2VSMmZnpznAgtA6bDluXy+6bjPHDr57qv2mBp7z/tu/+YPvvvh+z5ULhWf/sGr/8u//Zv9t+4N1GjCLhx69dA/efAzfS/80Y+f/vTvfnbbzp1MUb/+9cc+/v47uJ03TE0J/Yli4f133lUwrdtuvgoBXRRc1FtUzjKm+vJZXBjnYYoYclCSbPQN0k5yBKwkc+AlhYbLCk61SCZdolidiDJoVaNLEge5PxeJ2gigJeYVofAZr5pWu9Vu1FdWlk+ePHHy5MlOC15owZ/oHhFTdWojNlWFrA+3LEuHm1uxkKtUqsCdi6VisVzI5/OoFtNkvVNymQ09ug3grBXPdaUcjob36Nvq+gCnAxRV9x0MmtqC6BnvPABxcPXkzxnhtJcB3NnaNGM67A96GuQkTZy0UKqUEaOTgPRS/C7D0Fm8hTGSxmGJsjaGXALnCcGZHtCEH+iMuCvL68vL66dPnTl27MSJk4u9bh++/NjtinKV0qI5vWcMrSleR3NSewtJHXmcyeWKCFURwZfGAl2JLI3bilY0lFreGMsbU2ULAPRkEX7WxmwG3SYt9NSI6G6AD14uYsfn2ONmVHk9vKRGrrihzYaI305OPykHFimdJjZNpQzjRBGV3OWhyn2sN6iElhYaKqBnrZRj8AybqKrjFZa3QluHPpDHuU8dmyi+QV0EEo6kBkacl9lr7UsRz11RoY+AJTiwvqHm65qvKR2FtbhoCLEuxEakdJiC1s9c9xUNcvHYeoFfpHoWQxfnhIMOm3WBHFoMG5ym/cmum5GVNLYoUISjRH0WNkOvITyAzqtAn71OM3Q66LyBpRqx6iDkx0e495VHuvbXeBZJU+8LE+mji4ozq0SfqXQH0WcV7el0zYYHR6kI6UroNtfGxnbv3rVr186p6WlIYsLrgonzXa5ezzUhRgp+UtI0Np6G/il0k6USAl9mIjlvcBoC5FOxbVTmgMoV0CNFkR5vGX5+HfFO70omJDouW3f0j/74sc9/aS97C+Pg0UV2+QUSA/2ZxgWG0b/AIOTN3lS8pbLlrQj+7Rirq6tf+cpXLv8eABxTU1MsiyyyyOJXI0a8cnVdnZmZ+tznfvfI0SNO3xk4DnQrd+7ccfT48VOnTueL+X6/Az3JYqkMwz1Az8vLK+fOnRVUyU2EQlOVTrsjCvkf//jHvV6XNJ6o7YUBoW7ofhg++dSPdu/Z0253HNdh1G0t1yonT51stZoowHOcfKEQuYBTGfRcoTv6zDPPmqY+wFL1A90woF8K48ucVvjed7/veTA6UQGRQ+caeq65nH38+LG11dWx8XEgORraCrvAQq1CUVdZr9MZuE5pbmLDrTe7rf/in/4L9bp9e267BY0suv1Tj/3wle9890DROqR2mNep5Au9AZpd9B3PLhU8NwBYGXouglfSlZDfAycBMdVP5yoM4rBkn6rBH1wH/TEUTcE3o2Y5gm0fdAe5XI6pOk2OxIp/+IHQp/EwemOEAQqEYchDzBpf8UkybJoWuuVR/UDPcWE8YRiG7NCr5O4RxTYahKSx0mAksTIjFwKswoSCaFxsxCLXdwEWxypnHGrFfgQIxXwgX6gfgrW6AY7mYcfCR3J5CwYjMHpBbSRZyjbqDdgWWUQGDZOxooxvmLBpIVAtVdUBSvvoGI5m0MCsA2Bq6PisoebSdVDvLULNLm6/6sCHPvXA2PQ2zgzmu2vdwZjQwkgZL5lj+e3X711wo7DjBl3HnZke17VdS8vrJ48df/aZH3Gmrpw+tX3b/L333Pb4T54fW5juukGr1Z2fqhkshDE/TVjWaZ62IseZidwp/g4jKxgL+a5vWFYHtks3PU3rsWj3gT1m0Y7c3qEjq6frm7xQmNu556c/eX5PZfI/feifbpspu4rykV+7v1orPffsS8dfPKw6XR0guqIzBYbwhp0X77vjNtiD6PiApB4PSVoxLx1Rqal2N4tLxhBvxONoZah/pKswMY5M3shTC0xM5Aigqv0+SYAdx8eSkrgM287ZOA/ZNgwdrkrG2M/MKUKMfI/XI81u4NrodjvdTufc2TNw81xeXlpfW6/XN33XgTsDTg8AeByFsgyTAZkwU7dMM5+zi3kLYDPQ5yL8BBdkzka7Ik3FmxgkwvwYf0TonEOuPYiNkTWjrBluL2g0gHVHXdcH6IyWHv0BQjsh/eSRGsAu0tF5HtJ2CAXQrNMP4L2QDAO0B3vcsi3N0POFPJqYq6ph2ji3Q3CRJgIy5pzFWx0pTkx/QSOjRO0JFzucuq1mr9Fqb9YbG+ubmxubKytryytr6+ub9c1Gs9kO6PGqKpqIZaLSXyBNQZHNxUhHaCjmHb503pwJafUjYq+Z2P8iflEWDzR5ZKsir4pKzqzmjLGCOVmyxwtmxeIVSylqoqgEpu+qgadAAhse6KGQpQtHSg5ugZkpOk2q/XFxERp9wa4baqPpWY8GGrFlR4RZZyC9zFcZ0OfA1KJSTivmjEpBqZZ4pcDLeV7MBYYKeDpgkY8TISKRZnXP95dOgo+u/0JiuuUVnhSig0eyCmkyeDzCfQgS1IGiurrWV3mDBxsB2wh5UygNoTqK5iqaz7UArZ/R5CRmnyQNJ+9nLhIjDULlycEaUmiePIKH9Jk+QBJmFsrPaFxobMBFTwQtQM9+fy3obvj9Ta/XCAc94TsqKqNDNOqm4swilZqzK8xkjNJn8VrvjL2Y2XD3xh8f/poUHIzkJDaFfC00qjhoFIvFWq02OzOzsH1hYX5hEpL5U+OFYhE7hCzJnCSL5vx1bIc8xjhFLYT+J3ZX8b+AlBFRHHKBUotNQe5YGhlkUeUSHpvB8ZFMcxZXGu88AJ0KgbcYbtz7qU+zR7/C3kxsqWrITh89SP8mHhoUW902jo4qix9jryP2XneAPQpA+St//dif3JtuwyVB9rf+eGgYHW9yDNyvcG1Sqf3o1x770n3J2lJfjkvGVky8GO8PqRMfdZ5euP+39/7Rw4kS/HIo+IE//OJBeufRP7r9bpZo1RMt82vF5drztg4gy5/+9Kcvr4DO6HMWWWTxKxFp13JUSoMd8RtvuvbXf/0Tf/qlL1eqVUXVv/6Nr2noouChMyl+AVh0oZ+4srLsuuS27Hm5fM7HelV+qYil+YAO53IWfIe+L6AQ6ACjrxxXTctst9vAIclFWgcGInCit9rr92GYWK6U4U9AVVyybwaaib7Jvg5kGtZCsgpsdqfd7nW7JPsFPmsoZC5BlnEagJiTJ07m8nav2wf6Uhur1dfWSpVSs9nasXvHRqPhRe5HPvHRhb1XNYUK3Nrg7NzZsydefhX4pT5g75qffHWjESn5UFEDnKgL/IVUHb6AxQ8Gfcu0HZxzCdBRJ7qIViEBAtcwLmqDXW3sxgcotqLhiArNi/L5PJAgwqAChcy+FwYRqbdQC0l7Xhn0B2jQjBJq7nke5xrZZ7vSKwM+CugniquH42cBSwMlQh12ECAsjoTreYx48FDgTOpHbCodbumeAVBKjk/IMjqQlQbxg4BiwwCIXbFQAHYPsMxzPVLTsHq9Dser0+liERvbkp59guxEArIEgZ0Dz0ccx+P+cAHvAfdSdS0kZu0FoR5oMLAulUsLO7a9773vvev9H5jbt9eqlkPVWt9o//hHT7z00kHhOnfcckvFKOkG7wy8EnA3XVv1+jAmVbla3TZ93cLMwHHhyFo3Xz1Wq7bDcBAG3/zWf/jEvff+6MUX77zh+oWxIvqGMAXwm4p1AMksk3YFKb0ZNIaGiRqMjZYb/adeemVjo9ntDQ6dXirn7clycXxyDoja9Dal4YjQ8x7/znf2L8x+6DN3WYZ+/MxKrlBUIu/xb35r6cTJO266+b233gRYgaM7CItoH8MFAqMBWd8JW30J0Jzh58vGyMBcasj5yNBbep/G/JkmDiTCQNzZZBkNCZROt92EZFOv0+v14DYlR+MlSJ2Vy0GpBPSW8RzV1uPJ2HfrsP4tav/wpcT+A8hwu9VcX109eeLE0aOHV1ZXnAHk+gaJ4BEvScg+wdAcx+c6pNasUr4wVquModtGsQwXZ6GAbhuqipU+AznaD6TxDq0Vs1AEAnwPlxT/L/114HKEfF4f6DwBaHgTIz8QqgUVSYE4ZQ3hZqMhfUZB6aA3wJKEoYgMy4BnAdxXJ6amDNOitzpLZBYAABAASURBVBmjDCwmOxmDzuItDZFKahN3CaoTjK5WjhvC1/p6c2Vt7ey5pdOnzp45dWZ1bX11ba1H5QrgeYilidH0mdOTMyHQQ4cIPmLEERtexFg5bQBniRmQ/GvCmunmhF8RuihDp0ERkSYC+LI1UdbUiqVOls3panGqnJuuFiaKls19mwVG5EBaWwsGiu9yYNCRZNmxxzO1b5S4D/cDE1tsL8RrPU2G6loqQEomyYy4M9FnhWH1PF31NDWwDa2c18Yq2lhZHysrlUJg6kClQw49IPwK8StkyU3z0qtOBeGXp89JzgrTCNgyBXplzFAhrx1C50PlPc47StSIgrWArVPJwS5WHdShZwEZukAoPpPomXw24luspM+x2jumz8lRE8NDyIeJDekXTd9Jzoy7SOWRziKDD6KoHQZ131n1O0uDdiMYNMNBV3iuKjxVBFL+LNcXp0vlMtlrxkXp84W7VFzww5a/jrw7eSTGhRNITAx3a/RsgpxrpVKZmJjYtrDtwP4De/bupbIrtoo2cfh2meNNF8X5kHfHyusLWpVSe7lTg1BArhM6tlQfF6tNo+iB+sNUVxCVzSpKnhXp72xosjQDCZ7p2TeaDIhed03Qd3S88wD0ff/yiwceRSD7lQe/8PGl2NR48csPS/p84Lo3Ln/GkoP3Syr62D+PFcfn8dZHP/eFTy2RfcTil++ODTG2+nJcUSzc/+m9D6NzyKMP/vNPSaZ8+k/vfvASAD1h4dKjg17504evlD6zEbeN4R4bliW8TGCJv/sfJ9vlx74QG0Zv9cHYuvyR9w8l23v/8KnH00OyNzXORgb9hb2yMSmOf/jL/9m9+PFv/XW8dVtNPa60PW/DyBw2ssgii3dGXAxAM1l+mv/Gb3zqlZdf/ekzz/qOXyxVABBDHxb6kK7bh35uzrbR1TdALAu42TRMLD4IqFjX2u2Wbmi2bSAioWSeFDZ4XqibSDyb7SbpdRlW7fN93dQ9Fwg1ywPC9n3TMFy0IgXm61qWCT90Oz2gzFQuT8nnC51OJ4cOG30UAGp6t9suFguMet1SDwXLabVasFpApdDUseoYDEW5EjU3NqCPe/Xeq3791z/Dmc48pSmcWiH/t996vHH69M5qfioM24dOLczPnmVq23Ow5861nJ3rtpowuASoLqUZgHIURYt85qIo0APqKnDoiFbOwIDIuo57gHki9H3GgQkMlPyA6RztLIIgYqGGqmE5ZkFgDa/DYqHjrlAxQ/K9CNC6xA/xs7CXIzlKQ05EmDiQQwJZY0b210NyHGBUZhDl2TTHcVirjQL5PdY2DNF0T0hXEJUMAXxZuhBekxVqYKSAh5MmTzpOAMyuT3wZ/hqfMQoHKCURNgIzJTRMU8cJ/qE76MFfXdfnqg6UnYh7aOSsnTt3v/8DH/jAPXfv2rN3sjam0ex9bmqwgyZnxg988mNR6AP7woWEwfHTZ3NFgODVwPFmyiUY9yqK1LByYRmw12A00+q7MIjZsX3bqdXVgaqsNBtn1lamayWEABoMIFFnrPJYIxYCFselaAHDObs9L/rm33736RdeXl5b27lrweTs7x/73tLZ5dmJiUoux4X77ltvuuv63cbvPvDYj370sV/76ItHFn/4wx9et3/vVXt21k+fvP/2W6v3fcDWFcsw8ZxQGXley4M/IiPKOPMVBU99mamQYKLtY3RZhxHg4w6kCAZ9CYlNyyrk0MgSndNjxZkU/qICq9lorm9g1CmAnpJVTkgzgzEPVCxKCl2CyBeKhWIJB+I5rM4kR+8xkWJshDZJqBC/EKvZ6VeyBuE8kSLSx0nLF4uyZZNhcA6XnQ/5m3an06jXV5aXV1dWVldX4Ge330cZsu8rxLQgi5YvFeDWB3eeXN7CZpkmfEEDc3C2YV0mgMgeZt8UKhOKMjP6T5adSqgcXJWu5wOY83E6AqWBSIkGKwLu3O/3UBlN3usIAyBRRKZAaK3jBa4XFGy8uzKa2QEkATgBNMeyLHjF8Z1Gu7W6tqrA5WeYdr4UO/kkOyo5JhmHzuJ1x/AS2/LiUPuJxHngDQYBTiLodFqtThOta7obm/XNen1zU173DUDP8Mimhx+nggUSlqVITWpuY49g6Ugbr52nGtm4PkI684IEsjGbo09G8PzDLLSAR06kMQEPg5yh5DQlb0Dq1C6bWi2vVW2jkjMqtl6ytbIelZinAXeOgDi75A2N8llpOSBVz/HCU4VuWi+PSZ215KtDM+PEKSHFrOS+wQUb3sASww2c98P8iPmMwxe6XKgKPE+FCd0vUyvktKLNywVeKYiC7eUMpimweTiBAp7rApXGsFgl3v644Gt8WGKMKrFkXP4vsapmI9xeJIcy/hMuDz03oB2qFqlaoMMXdxXe56zPRVuIJuMNrjdUpccUl2vQrQgUVTo+R+khFUM1cHrwZO3aIQQXwzMpEbPLvRbh5D0qxQ1EXsHSxGg2ookBD3pR2AwGdb+/iV+9TTHoMg89smE3KiiUjmQ5zNgnirN0uSPi9Iud4nyUUYsLMgqjn41ZevpWESNhTqcj3XgFk/4lmJaVFBy66kzX4VFpwmNujGJ+YX5h2/zs3Oz0zAzQZ+h4y65+kvTgo/kBkf7ER1TdSQvxaYrTDrCMNSU78fEWyuxEJHcnOT6ZJpYCJus5LMigclWqnjWauyfNn3mcy2EjLuZCsOzZ8briHWjBMSyg9+jnZrdy2L1f/NcPnafPfV0RFzNMY6QsYRKPPrh1ncOyhK8nFj7/yBe/cruEwrNfec03xwUMz2/eFa/t0nvs8nH04TtnHx75faQM4EWXf/77H/gzQszfGnnpvi8t/RmTDPrRz9193ZMAlNOSied9fO8X/7N731B7ssgiiyyyeHsEglQcCTEADZMTE3/wB3/w//rif3n6zBIQUdQqcA7YwtBUM2cCMQEyApAxkeIiepaYGLqhulAGA69i2p7Xk84H0E01dG3QdyzLCP1QN3SseSUGADTbrQ4A6/7AAV4NyLjZbAFZtkwrpNolOOnbMmEtQD9hVUBOoG3IoPM5IK79/sAwtXqjAdAZfq7VakCpQh4OHACSagEr1wXAOW0rXxsrdnptYC0f+fBHNM0y9RwuXOMrK2vPvngw7LfPqf7OcnH/7nlu5LsbqzA0i1otxdBCnYehLy0sTNOCEa4boOAXFotTNcn+AmXL2Cv3XbLpADpv6Goo0IJDzqfB2fAuYGsVu+uw/SR0hO2TvngIeqhOIClXImmFEQRYK0nKqKlyIDMMIPWuZFr4MR+bEYREV+V+J2AnPaYZ4uYwrUwoNdSKhv19IFCSi+GxC3BqJFUoBLhvw+ig7wwCD+i5cB0HPgVwH437GCvk86T1Dsj92dU0g1quSWGpPH+Qr/sukDDV0AdAyDQYcGi6lXvfBz7wD//hb992623Az46eOPXdn768a37+zuuv1oTQfBawMA8HV8cBU4T7Fs/Crt8LfMVvBIHnVUuVfM4GjGboVHYQcgAB32i6P/jpC489/t2JHXt6UaTrhU57MFGr5gwNdnEHIJrvl21bOnIrOHjmDHagL374k+e+8XePHT2ztLy89gef//3fvWb/1NRYb+C26hs37NsZuP1tk5PbZubHarZpKB+689qrr9rxncefeuHFV5jGAVaywLv/g+8taRYMuFSDRUogGEnWVY1G91m83pCDdk4qtCjlGXLAS443Qa/fWV9fWV/fUMmIo1Iqs8lJQycBlaLKQTleO2hiHGxurB49dOjEiZMbm4ihI/Jtp5kEGDZSXTiM5drYWG1sfApiemZ8YgKWBGktHDjLuoe09lRsKOWI0n5HNlkSZ+nrkjh/yKnkCIEZeVnIMT2mTASWH/VcD/DYuXNnz507t7S8tHLuHDqEDNAEA51tfC+igmiWbpRLxfGxWqVSrlThFLZ0km4qNEqnIoOwla5kPAig8SImABDJHYBTGkIhUTLckuBqxmkcCKDJuMf10Hyj2+/JAT5WfYJbt2WFRLKBSnvOwPFcXdUo2YS3GngdrnRIMAHQwNyS77ba7eW1VcPOl6vjePuA1Y+o/5hI9xDLIovXFSMSYz76qsz2MCqu2+l59Xp/dXUNbuIrkMiB/9bWWsCh2+0upnPgQkcXrDRxS4bPPGJx4TxpRJGYZ4gUTMq1xqyWjTjKDBk0wbJYO43KV/Qqhj4APIB4ZPKooClVQ6/m1bG8CV/jRWuiYI4XbFMRtsoAT+tcGMKDLC0LkD6jgTDWCSDbDcpvS+gcm2/wdMtjoslYiltlqkw2mUnay+M3xfxVbMmaydq9+AVrdaDPxjn0SID3ctviBVuvFY1aRR8ripwZ5a0IHqM6ukrBdY3PffhGn5a3oK22IKk2e5Q+Dxl0snvTozs0TqJHM86/As5tRLoBa/V01TNYhwN3jlpR1IiiZqh2udpTNIdrLlPRc4PLkoMsjJKVslElcbzbhvJclu4m6iLFn4r/4XQXpS/cXsEDrviq4misztyG8DaC7rrfqbu9bui1IRnK4bDBV+y8EQ5lAEy6uIgUtV/aClqc91c+qpgWIxuVbNgWVp3s0XhelzQfQYyfoG1FPndQQmHlSuXqzOzcwsK2nbvgvx3jE2NAn204JWUVhDibmuBnPjQqkeUVOE1CGo1Imt4EEeQpSXaCUgV4hpEFCQkfcHIOp6ohmrSf1nVZLoDKGShDh+d4PlPyI2PDaQjJxmZxRfGO9IDe8dDjSw899s9nt0iGtzhyvKGAJXz8r4eF/i6ywL1ffPIR9o9TO2b49fE3CkAXHvrO0v0jFRT3/uFTXzx0+yVE0Pd+aekRNuK5AeD1t7/y4OtwhcY9dv+okfQDf/YI+9xrmHgAPv7U14Y7OabJl1z+eUfkgUeWLoHm7/vSU394kDYcgfJf/OFTj3/+S0tPXnf3naOi7It8/HW0J4ssssgii7dDKKoCGIMTr4Gu3+49u37vH/3uf/Pf/PdANaW3nGnAAAqL78FYaTBw4U0AbqALClCHuqBoMWGTPwNAZBgNws+APTxZEy8gcwnOPfRGANxjQ8cVgKZpGa7j5gt5TdU3N9cBAwFO8YRLToOwfM3BBaM1qiwcBpgFsDUQXWn44DgeEmpCpb1e10fD08jQjVK5hGW+Ot1t89vn5retrp/WLe2f/EcPOUGwvLZcHasGoa9FvN3YPLdy1obhVt4+0ug1vbWyZTWD3nW7d8z6/MXVc8dXzwaR6UQeDBgGfTSjNu0cbHggYrYrA0a80OGGL+g1AwRXUOPMgP9ILAYBQIfordANFTfQ8/ANAIfI/Rn3Dw1hksrfeACA5kqHATw0CiqXWSLrwTpKmuYjnvU42Wtw9L2lMuz6xUwfUhMKRjJJHDch0TZyVoQIC/hU0Ol0EX+HARyafq9bKKCVCixX1TTYbNgoleTYgJ5hdAObADkA2N5er4fbwmLLEax1ZtoB14yx8t4bbn7XXe/ZsX2hUiyc3NhwX3hpftsORzXL23e8evr0TTdeLUJC56uNAAAQAElEQVQPGCIWu4cDjTvCM1QVOZkmDuzfB3tLRTdM3L2NZhPONKtc5UJurAfgEU6K3/3sb0Lq4zs//OmEbb7/sw/AaJ8j6At/+sIrS6urt1137f6dCwwJHYB24fqiOfC/8tX/cPzUkmHb73//e+/9wB3Vgg15kZ7bvftdN9ZqZQ3OLtzXoaqJMAp45MwV7Q+97908cK67/sbZSm6yWjB1xgNhqQaNZXFnYyND9Pf4RRS+/5WIhCEIOfFcChNF1OkAVGo2G416vd5qtWTloijwIP3iDPrlMjDaCpyWEZq+uE1IXjWbJ0+cPHXy5NKZU50ecNYu3KnwHONYRxTe1QvRprzXhT924c30Q6/b685MO3DYUQmMjpSKiO2lk0H5JUgqj0lPyoFiOJVMxxZwWQ3gzugM4GYI2wLkGejzyvLSBtD0jXW4cMgMBxA5h+QKpt0ss1QsIhsfq5aK+UIJTjYdp/lja2LzVboTE2KG5eMFiwK0iFTPPhJk9LvxyawdyQBNY0AZeUQAGt7guQPIIGE+DIVpJE/TpNgZN5juUSEwaw/rq1KZ01BydsDgmq4ahoGCbEgDQhYPHgcqVT7kw2OYXQFZvJmQ9wCWXnKU0vEos0LK/X6r2V1da+EXxTpcSpubm/VNeDpjOget0KNIlvyl0mZMmm0MuZ1cbKwrTkjlljZsQYNDIE55FbzNo88G4cdA48LSuamoJcMsmWrFRsnzWE6v5Y2qrVVzetXSKzbX0JQDyxIq5NQBDz6BDBMedJC6jog7cyW9bVD7eKxoTmvqCUKCUvEbpfrdYYMT9S0jWa6Q4lyJM2lBmC/Hwn6Kj7lzVcCNxTJV21BKeaWU09D0ucjK+cjS4StQuQ9ZMx6vLGIiScXJNfDE8jo9amxUa5wKy7fsT9o+JbUiIgSLbhuRqsNTHNAzpO97Cusz0WKiKViTK234UtUB012ueUzxmSoNRFLfZxEXz4u9NUSigKY/SFvm+OBJobucJSIoSZhAeTiQkAeA7Q3ooAKdH4Six8L1yNkQg82gX/d7rRA6Q4HDsLAy2W5AK1L6PMpMGTvvB3bxs/zSv13w0VGBtHSaSnIQid1GfMnIMwIn0gF71vVaDZ4jY3Nzs7t27dixY+fc3MzU9HSxlNfJdzk5Z+Klpu2Pz7kk5C/S3CNtT4ATyhiZv8V2cApOaUQbDXS6IWsNYs/0QMUvTT4Zk7QsS07seJ2j2aZh9pdnD5MrDS4yWv9mI/FTvjTCPh2T4jdDnK+gHTHAvTS6/flE4rL9y0J4f9na846MTqfDfvnil7NVWaQh4hpcWbzxKBaL7Jcs3kyTWq1GckrECgepgA6pliCwEThlXM/7s0ce+Tf/xyNAHUhX5OdtC0WFqkZFtlGOBJ9rN1pAkA1Dc11vYmKi2+3Yds5x0KJhY2MDTVeRPisWaergRfgT4CTTBOJidjvdyakp4EewCkBCcCcB/gJrtwwd3tBotoAxwdkLAEc2FjYZlg8YZHx8bHNjExALLA1WAR8cn5iYm509efIk9GGBnihU/LBYKPScwcRk5f133/kH//xf/PiZVw8fP3H/r93f6rR0XTn84vP//X/1/y5a+YipOlfKNhagswvKP/rIR0781Tfm9u9+tdl6/tzaBow1TKtSqQHj7Q1cglQ0/TEMFFWn2etA1RUcDZAXK4wmYeQ78BzojeMQB9B7xFzXlUJJP3BVaU2MOh6ytUbVCjp4QJ8eh4r4cbTvgxF06iUdyhLiMBpHM24Mx0PtpIJe1ViFDJMHnMFeS6/z2DOboVMsDBMUTYHWwZic5MwRDA6cngOtQt9tDckvDBRCEcGoAdaIykn42bLbrVY+l/c8xzaMiAayEfMiqnuGAknc3kCBRetcNwyu6bfd+f6p3fuPrdSL03PzO/dcvX/X3e/a+8xTL/3gh09UatX9V199ZmP1g7ffuncCxruhzjxUECsG1r5Hrw44ajwkAmhyPS6bzpREBERaNhH1nHZrIP73f/tXN99wQ6SYZ5fP3vOem2cnxm01NOGg++KRv/na9l27ds3PzU2OK6j+RsQPo0oA0P+f/+l//cAHPzQ+Bedp5eiRE3mdT1UL2+em1uob5WLRVlUb9guD4ShO0B50XDgvXj565NnnX/jkxz85WSngSIoHGmD+gKCGQu1jNIcbsDxdScmkVf72suB4MzeTjY06e2MheIKAqGAUTQem4RRmQxYXT54+dQLoLc3vjVBZpcQyQdMwd0KKbPduXVV9B06I1skTJ04cP7G0dG5lZaXVbBFbVUiMhSBKcgesSDhwA8wD6XCllBBhV6enZ3buhCH6jnK5VqlUgLEirk2G/XgQyf0lFUAzzi40jI6rNpEaO94cjrVPoWFAz1dWlldXV+BmCKys1Wj0ep1etwttgYtP5bxQzBfz+THgBbVKuVQqFHNwheLoXSf9NN1fFBbP0JeIICIIg/MpAjRYx1M8xISWhwUGgXjDXdFxCUDDfUPeLkKcjxGgqzPug74Gdy6ctmJiVcZ8nhyj4bPOoAsorw+XPPwH2zHo9QDZw96CqztXLJZr1crYxAJWsdpJ4vGpUrlGeDuSGI0YHd8iJ83iHRbj4zX2RqPZbjIWTx4QhBkhJ9Lvu/2uv7SycubsuaWl1eXljeWV9WYLkjptSCBBVhhy2DTjJ0xYmUxX84tmj8Qo0RuCtSFCJBugOJEk+S0tKKLagKECKJkFahRAKsxWecW2yjlrspibLOfHC2bVVmq2mldFThN5FWXRNqePRCiUTgByLJ9F+ox+WdKFQEgvaRaT7tiXWKbipAGIECMC4viNLGm9vOxwY1CbTXgUrTPI7hmFzKoSQl4cMkaGLUyL2zlezPFCToHv5RzLmZFtRLYeGipqnzlhXhbjXVpl4mjBE502/STo6ScRt5A4N9FKJzf3pJmxXbaQXiboPy24Hmo6ZOch/ddXONDnFkf5M3xvMd7mqqNqA0X1mOYJ1SOX7UCaPqc1AAhkJ9BZWnpzIa0oBIuZffymiHpEoXSyxlsoHAYW4BElF2yOqgeXhT0RtIXXFO4GAOio3xIofO4JlPj6VKI5Tj5Ip4n4hgybE9cpkA+B5OWLhBg5B1Ngv/X0HL1tDlXdjCVaZXmKJy7o5POGTzs5AUdTjWIBvabgJj0/v2379oVdu7bDdywdUIReuoE6DuW8LA9LEbY8Q+UtneqJRFQuG/OXIwiaidgBRcSpCYZN0KiEADxxNTUtKYhT8rAkc7Lp9EzlW1Xe8VtHdgGTqQN4HLJ3Ulx33XXsDcU7UgH99o+EaJNFsnT5+NYXYm3vpz/1i6TPWWSRRRZvRcgutqBp/uQkYMZ1z17rI1n8Sodynl6NkypCwyJUTNNhxBSZhv77//j3+v3217/+9VKpfO7sCgz5KuUyieN4vlAol0uAfdvN9qHDh0nXnN/crNu2ed111wJipkmxfZyoilX7NEM1d+7a2Rv0TdM4ePBFYiLR9PR0q936zd/4zZcPHpybnj516hRAGUAlmp1vNtrvfc97VlZXi8XCT57+KTQG/gOyMjczu2f3ns36ZsHOnzh5fHxszBkMpiYmDxzY32w252fnVldXHX9QLY/ZhtXqdjpO5+O33/e7Dz4ILbzh+qvOrZw7u3RONy0gMEdPHO/2+jqzAu4bqiI8B8aKDuN//8SP7tyx1zu7ubdoabMTP2m2upoGI5b+wO31PU0TFowsIzdE9qpzFT00HMfTVV14SIrhNS90Se0DYxYFuu6kxoILUHE9H0YIDGuNBbBAKguuUYkwNNNT0E0Yh9wAOmE8AXQJ9hL8BYe/PimgxSj8wiKEIQ4zBdB/WcEIxgnDiYycdI90HCMqVKiiRpv7fojqZqyx52nka0EZhUgOvWnUEcpCMIEPnNpCGSnpyWBkMQCsFfTg3AEeyBF9hzDaMWz79ve8554Pf2Bhx8L2Xdcc3ug++r2nz9R7Tx0/fXR1ZWZ+4sZbrp2anjxx9qww1HKl9KMf/vCGT31c8aFJaohzMAMVJ5AKEqsSm8cNDqkAHZeDbwL2pP1kgMjNSlH97AMfPXHytK4qH3rPzdNjFVNjmqIFHNVd97333TAenKhVIz84fnKxWimPj41rPDp1+OW7br7h9hv3r3a8w6eWf/Ls03u3zd183fvhyE+N1QyFGXCThKElwA8Y9rpiabWdz5ee+8kLH/rQ3eNloNOCBm6YfFDUWMuTDA3RkVhlWby+ECPqMQzC9jTw9V13sLm5ATeEfn+Ag+dCDm9QCnd6kL5qwlVWKJdm5mbhBB10e61G/eypU6+8fBAIb7/bh7O+UCoU7BxkVuTMCSyvx5Vmux0gZkW1JM6QaLU31je6nTbHkwrveLZlwkkoUz0xC08muV8kmyD/QGXNpIwxUd8JlCMHQavdXF1ZWVpePnN68cyZ03A37HW6sGq4GCOZbgo8VTMsw6yUSpMTYzMz05VSUTc0Q4O0FumbqZggvBf9bKhYU2IyjbYysAAHuTESaLTNgU1z0EKj2+13u13yIsASo5DnMy0rFkH7sAPQD12JJZ2wa1CyRumrILUTgXe4DlU0pVqvEjlBq4qF0nhtbGJianpqqlKtQl9CoqB0J438K0QmiM7idUbM7UgTSW7mkDTyms1eo949cfzsq68ePX7y5PLy2vLKKpzpHrpFRZQeUlBriQknTfK79Ck59KqIf01mW7ChBJqdJ8AUicp3CP8E1RsU8MTTIW8qAoOH0EUqGspkUZ8q5+bHynNj5cmSXTZZyWBG5OnC1yIXMvk8AKoJz6UgVuyyFGrjAhU+slImUjdleaGzFEML6TYcC1+5GHoYxJvFY0OJiCTC0CfwIdXN8JKGzkckv3Q9MnQtl1fzRbVY1MoFvVxkRbTgCAzFRawOXxy+ZGG9SJL4KJXJJupbMeLVkKydDf2JxSh9TvS1aA1B/QvsDZKNhqIEihnqRqjzHo9akWiLqBlFDcY6QJ8VtadA58CAO58vFA96UREj5w0RidHYohGP774Rj32RWZIOjEjsLKTbBqJ5PB6wi5hPDBoAtK8wRwT9KGxFaPqMvs8IoJ2e4g/QrlskOYF4JyeoNj2bhmpwzi7Dn2NCzdkbuT8m1XI5WnJH8pQQIpGQ0DwVbpkG9NXHxsa2zW/bs3fPzp07tm+fm5+fS5uYuMoMn2gy0SInwZA4nKbMkCmTnDiDM2oCWUMb3x67aJCPs6KioBqerro0xSK7KADOUXJkknqGybnPEkKftGYoeY73m5Bq/yx3eeWRAei3ZaQe0BfYOj/wyJ9k/DmLLLJ42wf550bSrRWe7f1+H+uzZZHFZUL2a1Xoa/OHHvqParXqD3/4BOAfYB2tRrOQL8HYD8jIHXfc8cwzz7qeUxurugMHaGZeRXNhx3Gh57q5sQEfBDoMiwqjsNlqHjlyJF8qeJ5roY2GB11WyIjAsBHIUbvTHvT7QJ/z+Twgl14fywweOnyITJ/bwDscZwBvtiwbwDb8td8brK2troiXaAAAEABJREFUYg1AIWBp7Xbr2WefhV8BVAGByeVMQISeP+h2m5/5h5/9L/7z/wdNAhTFgn3jjdf9+Nnn9+zdrysFp+9qutF3+k7oW4bmk/8IC8IX/MVXuq/+04//ev3E4p65HYvs7Ma5cyJQDN0eK+Y2N9cDoQeM9wChqoqloS5Tw9mbrhNyLOcHOxD4rFBQmRih52NAKsq4Oy+GLsyoJ0YYjYJLuDyRFlP9FpKfePAdrl0ASdJDQFN16TqNfXSFByjHwd49DBB01SRfFAcgPexYeQxhPwO3M00YG+gmzaNtt7uAnhmWUkRXbhYPh0Q6HTVA320ET1g7PV8AOBV2cWY/DO9bnY4XBIZquADEFWX7np2QqjB19fc+97kbbrr16huudWE7VOUHT79sFqf2bd+9svH8vn27bNN79dgr28u3Lp1Zn5peEJqo5vLX3HZjz/dKquIFHMYtqGySg24yMIxPwIRgKTHhivWoqgihaU4UzE2N7ViY9amKIoz2LaD/OOgBbs+nKuNAgwWi7KjT705tm+mHWHut0Wndd+8dlqVplmrlak9/b/Ch99+lhD7RdGZAJgGdQtGvA4+HZe7cM9vuer//+/8AXTZCX0mqDHEuZ71uIadZXGFsGVcmw3HJUxTU/nPPdRoNSDABSu4ahgVprampqfHxcTKo5/X6Jryz2Wh0Gq0zJxfh2PXa7cbm5iowqYEDS4M8C04xBj7reiLSkTxrkOfhQKhytg0nCdymer0BZMJwCoPndVrts6fPwg9AruHqhIxaIZ+3c7l4YncqShyZVZ7O4JcD6FgESFMiAAgP+j3g4GhCvQ6xVl/fqDfqkBvrd3u9fg9WBJgArvFqpWLbVjFfqFWr1VoFEjm2ZUu3IhcFxVHqY6vwZEa+HPZzmkuObuwh3AYBaQNQhnuFh7b5vuu46DDS6UsFNHwowPG8gjCGpN1wfoekJkQ7Acw9wQ3LiMixHu8tEfp7QkKOLDlwioac0w0Iu1Kpbptb2LFnz9j4ZLlcs8wcXI5AdFjK69golckii9cf8dmEZ5Hrud2Os7HZPH781Iljp8+cPXf2zMoqZIy6PbjO4K1YmAJZWFz7laUXZiJsTpFXvOwh+RpBYMP3DDNNQxl/QjdJYBtoLMirYU5lNdus5fTxgona52Kumteqhl8UUS6ITMhiYo1Bn75Q+xwbDsdyZsaGJhWyfl1ymxEj95v0IxIKyvqH0vhL6nxH9pbcIFQ6k/bY49xDi2foiig4pcg2GXxZhpKzNctU83nFttWcDS8GtilMPTI5omcE1tLfIpGnytkpSrwPRJrYlvsudu+NEhSLotjR3aWkYBRfoOShoPlN8OVxFe6Crqo5KndU1ha8xUQrUrpc6TLe53wgPaqx44j3L5GUh5VVlUeCx84bQz+VOGWdyG4ksQ5RvIxJAODOQJx9Fb64w6M+i+D7gIVOFHYjrx94ndBtB04n8jrCG/AAVc9yvSz2NkkqQTI+8jxIS+em9Jlf7gwf+Vki/WEqYatof+u9lLaG2Cx15+IvPI1QMWDDozKXGxsf37F9x8ICfAF33jY5NQGdQBZfVefZWmzJvhB6jmiuEaZHMUlKdURgi1HWrHMqwUBia4r4sotdnRXydJIiluE5MSLRv+j+SHxbBE7okfOeqN4luUoJVqu8sxTQbzgyAP02jfM9oDHevI11FllkkcUvR8CgFMBcXKkMXXptOTc/iywuFdCRFORNDF1LQ9N+89O/MRgMHv3rfw8EhaMdhAe/5uzcY489BigYCAZgFxwnhWG/P8jnc0888WRtrAZ91S6Z88g6dflCHn6FJQKFYYnEIfRc+OHgwZc1TSX6nBsM+gaajVoAUuubdeiJAokOSAsMfHZAdQiff+456GwHYagbWI2s0WgqCmlnRQQNgAWqmjroD+Cdv/0Pfvv3/9k/BggLwxISjYTT05PFQg7gULlYBKTS6/YKtg0UFGt38UgFVBNFHUVwQ//v/v1f33HgmtPnls6dWZrN2Y47aPbaodBhtOM50CCmGTmAyprrKIGje0KLsEaOr4R9Bxei4K84OZNjwfBQ1fSkKiAjr23uo2GloEKFpD1XFSkYQTPugPz1wsh1cXKxJLGWrtHoC7WRzHPlOAunRsI1HngAtWCBsQxF0wuFvOs6hmF4ntftdjxygyUhqEpDBQC1ISSi0Okg8HF4FvimakckcoH/4e2qBmO0EHgatAEOFcqT4awwlNndV8P44Lp3vft3fvvTC/Oz2+bmAfI5QdT1o7/4m0e5XWvWTyqa9Xu/9cBzi6efffZHO2ulp37ygtsZvHT4iFUdO3fyaP/2mz985y2o49IU9EPgNBEZNkpF8g43KVVX42FuhG6eLBFYCTnwFh7sOxvOB8/RuWoaGv4lhKElAAnoiwM21+FjNNOWXX3tNR4ydeWHTz9zyy03v3TkaKVaO3t6CXb0P/yNT5YMA5YiAh8opyJk2UYeKTiGdQFsu+zsmbPm7u06D+GcjCfOZl5GbyLEyPc4EoEcjWURQNOFv3n2zGnHdS3TrFSrC9t2zG/bJqnN0rlct93rtFoIjhcXXcdpA9xtNBv1ujsYwNgXi1XScslpXTDdwFOeiiPlLFunskhwJxg4AzRgZwCgWwCFG5sbcB3IOxW8vVjMh1TmKml2AhhShkQvK9KPA1MdeIoGoe84/VareerUyeMnjq+trgKF7rTb0uDCRSv1ASBd2zThtlWrVaYmp8Zq6LtRLpU4AZ1k1jPK/2kwj1eJnJyCCEYhCACNjNAWH5KA3Z7T6nR9mugAqa2A/OW7XUi89VwXnZwRInO4cjWa40x3QJqhHjLpM4D3AsNAG/2AZjmQsxDkZDArptB+Q1kpZLAMCw4EHIV9e/dbdt7KFWCH4tJQOk1W7Yxv9UPNIovXHWlxNjifXMdvttpLS8svv/TK0z99bmN9s9nqQpKVxecbPiilx7O0yUnvLoINr1O2hU1LxstE+nuyMpHIkCX8VpKmiJS+IsD0oZtgq6KqsfmiuTBenK3kJ4vmZMEChGswT2eB5ofwxcMAnpzoe8Eh+cVEbDg8oteNGxhJKs0Tq4vkEpKwNfHzkbQx5p8sla4KMp2XzyRUKqP/BQe66kkGDc9WwwhMQy3mlGJBLefVYl4t5NWcqVoWM3TAioGmSBdqxLKC5lIlZhKxNxJPDoYYvXcnYJ/HLU8AtEjKDoq0rh7af5BPBxWCVLVQ0XxN9TS1ryl9lXek50ZIps9CcQg9Yy+KKwFXUStNxSPxOxlMpEQ5TTOI1NeDxNoioc8i+TNV6sMKyiJEVTh+cWgCHMsuFx1IUQsPcTN8BU7XcyC5MYj8gfBdFroc63iEyTGIKPGfbj8fUe2yEfo8NHO55Fkud018ssr03cglcMk7aAyg00RKkvSjH6E7Z1Qq5bnZ2QP790K3ZwJSqRPjBTjoCnaQ6IIZ6byI0WbI8066k6DwOaD+p4grnTCqNk01f2ONM9z7VZYWLpQi9+S/ZPdf8Cg4r+Mky/OmIwHYgJCmAQZxA5jIRqlXGhmAfvNx75eWlr502XcsfP7xpc+ztzx+Rot9s3Hfa+6Pn2/8srUniyyyuIKQyMlxkEbBz6mrLMtgShYjMXoySJ6ApsBhpOs6nD//4Ld+C7qHX/mrv3YdjyoBGtBL7PV60HEE0Aknla7pnU63WCxAt7JcLve7SIrhlEOfYsaBCPd7fVjOAL7DqEzTgWXbOa1HwFqaxNm2hQhV1wOarwof9ztd+CsgGVyO7xumIW1k4D0+kWtYO9Cnbrc9MzMHA5SN9VULaLIO73EBwXzs1z72L/7Ff2LkNCoDCORGAx5jm8att978V49+NWfmiqWKYVo0UFQHYeAxrkXMkINZXQs18d2jR4ua9b5bbtuuK4Wc/jdP/WDTh66xBh1l4LncF3k/GAdS06tXFEuEqqmpa9zoIeECxCPVzVRBKRSAWnG8LBUiEVBpJElS7gL/wkYBdIIePtAc/DkIaXjJqcQ5CzzAwXrfdaQ1HslUYCwUmaYVOH6hWFRJDFYslBVy3wOUv7y8AvtB5pzg2i+VSliOjAi4LBEDwxFSQ6NiFNYHKL9Wq8KSm40GLByIdrfVoHKFgji1GBsfVwz9rns+cPdHPrW62XriicenFnaMz4yrcCzCsOd6h06cmprfc+L00v0fff+R46tf//o3n37x4I03XW/rxXfddgCA7tf/ww8aLSdXnvrmt54yhXH7DXsnazYNWkgHzhWg3pqpwRZ6AQLfwMfRYzzSGQ7ROAB4OA/gdyxJpyiwc8nOhQa45JpLw6lIUzVYgq4ZfsRarXajM1ha23z8R09cc9XVV+/ZV82Xz547w8fHYNMsw4b9bapGgOYaWt8NAo05gOY9ZuTKva4zMZ7nsa8lz+6ZbzLExV9MyFDEAED3e+ifbFm5MTjtxschZ4AyLholl0poqDLodb2+s7K0BPcTSGtBGglSYlFiLcVj7RuVaIpnFKNLBZxEuqJahlnMFQQpiNEpI/AGvchznZWVZchnkcYuhItCNy3dsBRNlVmHWIWfjK0TxT42Gm4GAwyn0262W82N9bWTi/DfiXqjAZTcHfRjPsNYLge3RL1YQIOQCdiwiYlquZyzbSDj5NrhizCGOSg+Iy0aXewhVXKCizyWRQZBREY6wJqBd3ewFGEUz8eGW4eDdv2BSxSBc0rqRLJWpsJiHKRIXJNQMZpxH0bSIhowOWaxFDQ1QCtqaU+PFU89YgMA0z24X6qqTiiQClBR8mw4yzq7RrJ4g4FnDpHGsNlsnVo8dejw8WPHj589c6aDORVMtEijWZn6EWxoIy9/lQuRtJKxketUktML6TNLhajxP3yEvnKpNgXEw5ml8KKuTRX02aK+rWJvK9vTRb1msqrqQRZTDV0l8tHZmfydyWFYlhVWhkw5boNsAt5n0C8i/SsbeUNCdBN1bXxlDc064u1A4TMZPTPCtgyFz6bBoKdkG9yy1ZyllPJo91zMsZwlclaAkmdNqBJYY6VBabgRJvA7Ou8OnWLGtP1DeBnvbHKgjtLJD5ysNlR4NqMhlqIi4cYvlFjDF3TcBoJ1BesJ0SbDjQ5XO6raURRgwy5TIPsmMAnModcUCZkxQ/AqFeQiYczx3Sa+tSZ1CEdeIs+NEN020AMFULLLIw9Sy5DbALgsWCvymsJrI4D2AUD3Qq8nfIf7Ls2KQihPXtjxdrP44S9L5sXZDZFu8pa9dTn6fN5Zx7ZKnq/kc6m4m04YuPdaFjr5o+XzwrZdO3ft2bt7Yds26Iqj6bNuJCtLaXe6+iGBlvka6bYEfBmtq7BZ8ipjZGJFomeVU2UFNN9g8TORXZhyjJL9E0kazYa+KbKIrpBW3vLJHHubc1JeS9e4gAqPv6698o6ODEBnkUUWWWTxSxeu6x46dOill17av3//LbfcwrLI4goCyAN0BKnfiUkLoJO/948+l8vnHv3rrzYaTYl6qH9JCgoa+wFbQUsNCkDG0HkIcx4AABAASURBVC91SIQr9T/ACz03sHM69DGBZFg5G3qbpXJRCvN0TQMeCpQF4Kllmb7r+ejPAKAZuLMZoiAChcPwq6arA6dfKBZgOYNBD2fNj49Djxkw1Nj4RLmUAyQFndff+73f/dzvPVgoWkJBmTHDEVIIbBk+4nrOB++779mnn7NUvVyq9tobjAa9wCwjtEhGC+Z+z1Ox4612u4OXXnph3zX7vNNnfmPv7n/3k4Md6DIDxvaCvO/NO971XB/TzD0LO44cWdyM2Ivu5rm82dCNAMWKaMTBcfY/2kBjoRhCwJoNG+jLIVQ8mMFqS4EXeXIckBrjwSGAX2GcCmNugRIWnA8vLfhg0IOl1NDdNQII6zp9lame78ISYB/mcnan29GINcPgBLr1lEhQ48n7ngc0C17vdruWjnbYsGS37wx6PQ+oNJcqMJRiq5oxPze3d//Vn3jgU1dfe/XMtvm/+/7BxRNLn/+nD42VaidOnilXi0XTfubFV841+lqh/JlPfuj7P3zxS//b/0/J5e645Zad2xdeeeGIEiolg509ffKm227fc+3uP//zb/ybb36nxZUbr9k1ZvMxy1QE12jWcL3Xg59ty5JDM5X4MhlGxuoi2JlCDaTeCG0EcJeiTApGTAzH/SFqp5Gbk+8jV5dWm+fW6kxlN15//cmjh/7Z7/yOBSeV6zuD/tTUFGwiuov0ekdPn2o0W74XKnohhDPMNr/5d39vMrNkWffefVt1Yr/OBMsGRG91SE/JpL6WtKIRADhdLJXn1mq16elpYNCFfC4dp0OaamJiAljp6ROL62tr3XbHcz00SpbEBw9+REJ+SQtw2RKtxhP18WpUi8W8ZZsdyFy1u67nRSxgQdSob8Dg13Fd9J1Q1drYeG0MMh3GCG5JJPjJ2Bg1YyFcTW6jUd/cWIf2rK6uwre1Vaw62O/3YUtg1bJhhUKuWChWSljJr1qtFMnZ2gJUhPWjEDTD+FvglGcG94oA81Y4bQHuhAEq9HOKYqP0mUAzcGC4P/Ydp9vrt9pduCEFWDUT0UAkzZ6p3FZERtaJEpSk05D3itQoMXeN+Xzs9On7DtDyAexSrDloaPANARk3XA/2iWi3W7CRsHV2rmDn8oaZgzuzYZhcetPENiQZfc7ijQePqxDgObyxsXn4yJEXX3zlzOkzrXYLnsuco9WspFcsTgclVJknvJd+it0u6GF6XpG3i97IYwuFEVlrfEqLuHYe0Oe8ptVsda6W3zOem85rU3m1qom8cE03UFAsCwA6SPi1YNIXPgKUqgy5rUxcyauEIDUy6Hi9MSJMf+UiEcOmsvC4kXLTpECak+oZ/So8hUOXxVO5ls9Bt0YrFXgxz/N2VLBFwYpMPYRMs64IDZ0woF00QyjR08a7jYtRLW7KR1OJbzRCyROtb2whwmLBOCmdIZGvaKh3Vum7IjwWOCIE7jyA74HoC9ERSjdSegrvcj5QtAH0/KAHwLjHFHnzjoGlrBc4RM9xsGHJwZQ+c4k+CceTXFx4aPoc+jzWPjtM4PpZBLnKvggboQtfAKD7LOixyBHBQIH+VuQnxRsTT2kmnydKbIMkjwsfmkz8HDsG8gSP5HGj/aBpRrVahWfigQP7Dlx11fbtCxOTk2PjVejvqWgpF8lSFSI294jVyvIUSnruQ0ESzsNTFKoyoInRlUr9dGJ4IzM7FxbjTZF2nMyIbTXk4w3/l7bS5O0Robkb2kZJRRSXSvVIPsBEmAHoK48MQGeRRRZZZPEzDertyPJIVNEDzZ3pF5JLkmMj0JoIOiUajChhfHju7LkfPvH99fV1GNI/+eSTpVJp7969IWkGf8mlfLILKutdSCGn9LBGq1xqP/wAG0VmAiKTJb7lIdBjMS6rhjQZ0U/ud37nd+bn5/+H/+F/Wl/bsCwbzUxVs9vpyUpffoi2xQPHhV9zOcvxPDgD0T1D06Q+D6ioFEEwKi7nOj5nCiw28AB9OpZtyT6nomg49xJlfah9Jv2dD5+ybUPVdCBTcPC7nS5w6l6vNzc3v7S8BE3dvn0HnNTtzsbU9PinP/3pD33ow6ZpSgmHohuopSWP4Xwud+LUmem5hdtvf9fBl15mlsl6Jow4oIlYmZ1xeAOgWCC50LO3dA3asLSx8fgrwafffXNr8cSnbr35L599aRWVt870oH8b1/dGnl4eu+6ud20sHp31vQnLeLzd9oHt6ibTmQdjGQ2bARzJstQAULKmeujNiiNA2FEDMmWG/Y3+ywDiDZP02gDinUKxKFwG+1mQDBlO8sFggBJp2BtMAHBnJKYG7t/vDyzYWIX3en3gXLCP4dLQNfiLjgYaOCgEsI6acRSkUz0zIPjjY+Onz5yhiY4KHLlus4X+KoTdYefPzW277bYb7r3nfbfefEtlfCxfrHBd22i3v/Ojn/yj3/udnfMVuPCKtSrA9EDRAsW45vqdG+3gf/rS//niiwc//KH3jU+MP//T575/4giA3W3jY3e+77qrZj9x5PTq+vLm7u3TD/7Wr508tfrf/u9/XquUrtq9/ZZr9huwA9zeywcPwrmzZ9euaiXvDZyN5ZXZ6ekdO2ZYpMKAHgaWrV7/2WdfhfRErVqzDB0yHLsW5ifLFkcf2wBGRw6Waxeaqnse++73nxCKtXffjqPHFw8feukzn34gZxqWoXlcAPqDvWQoaGhiGTYs3/eiA/v3ciOnmNpKvRX60T/83KeWT66+8PQr1+/fC5SeZjln8WbjAsGX/E3qfnEOLpyowF7hJg9nPoyrq9WahjKueJxsmBaMt4UfnFs83Ww0282WVFUpsTsyDXjJuYX8NGgqOw5pA99jVIkQ5xEbek7VEM266FYf0E0phEV1uz2gySh/NjQq32cxMr2QkyJiv06JbHAlwIh9eH+/11tZWVo6c3Zp6dzS0tL6+mqn3el02hEycWyYSuWaioX85MTYxPj4GDD1Wk1HLxB8CpPjpaz6hO6XcoBPSDgAtu66g8DD+SWWadHGYL1BYNIOJlG83mDQ7fVIIwgthVsLVRkN0KFDkhMlxVYpPMDvqoQ2sGI53xkLIiKBxs2BOw9Htw+4t4eCTPbREJSJXre7Wd9YXV6y0SO7CN/z+ULOLlgAxy1aeEyBYkDFs4xNFq87uDzfBgNvbW3jxPGTRw4drjdacO5B6lU34ELiEdVJYyOqToRrKMFXEiaWOBMQ8L3CriFPXBSkza/EvkSfgdYK6OuUTXW8YM6VC7smyjUjrChBnrtm6OpBnwceCz0OD6C0mkGc7oIHjLSITxTL1GYCgHixC7pFjGI7njLyLZYOiah3qJJGBIluUYL7XHUU9NzwILdqaEq5qEzUjGpFKeaUUiG0jdDWfZUjhwXmjX5XmKmN6L6TbLs0+I136BArJpmleNUK5XXTnHnyNp6k5HCPYYpLUSGTG0Br0MdLDTXgvqLrR92ADeA+wqJeyLoMvwZC6SM71wJuoMEJ1k9UuNQa40wPOtYsrt84hM/pV6xPpnlisSQYbazhO4c9K1yE3oEPxwYYuML6UdAXfk8EvTDoiqAZDhqB22Nw/EJHQe7scZKv88TUmeHEp/jAxRnN+AgyNjLhI90Rb+iGJy7x8yUiPpUoSwo9ZaVYKs7MQB9px4EDB6699uq5+XnoSGNfOoziQoXJAZSXA069S7B5fMol+Q1ZYYBCHbYnzYxwFs8xIB24TDiIVI8dX3HSIEUmSmU94Ug+ZWSaE6sZ4s/0opxW4wexr1RiSiIpNMviiiMD0FlkkUUWWfxsA4fCKpNjbE3HEl4wZATawpDYRSqZqOqGAZAO3nDq1NHHH3+82apLXSo867/97W9PTk5WKhWFpFK/zNwW+ikaFamT9C0uv0aDE9gWGCUT0MzBGySYzjD0WxvnO3IkVs4f/OAHt23b9j/+j//joUOHHWcA4xrohXquT0MuxB2lUhFrbQUouV1dXQXeAscITtx8Lt9ud4qlgvQdNgwgKthnbTab47WxjY0N1LqiqbFAmTOwFFMDKgMd1mKxeG552bZMmXsA6FEqFgEVHTp8aNv8PCwBmIll28BNYO179+377Gd/85ZbbkbDOo2SE/FIAfvLMIDSFBWAUa/dht7zDTddf8Ott/zoe99VI1HK6R7gTLRKdhmZ/fkwoFSYZmhO6Ly00Qh+/MxHb7j+zPFT777pXX/+rW/tLKnbRbBb0wt9dwDD4lJetZWq388HbJUpm33XhVEfj/Bc9dwQTaEjQEXQ0261HWJJOBCIULvpmaZF21WEd8Kf5GxHwFO5XB62C7rp8Nd2uw0bCFtt2zaOsoBVcUUmBhgpo+HqVsjB1fMCmjKJA3XX83RDBxaGchjYG3DTUDWa2B8BeltdXSOvZ3Tf5poWkn2FWS5Be37/n/zTm2666c7bbizaeuQ7hm4A3HUj1kU76Pw3vvWUKnqzE9VACU2UoquT0/MvHFr68pf/NaD7O9997T/6rY91220j6B4/efYTH/6gKtiT333yM5/68M6FmeePndp2+zWFvLZmszNnzq43y8++cvTvn/ip26l/9uMfuv297+n1lad+/NOB2336x0+96/rrn37hxXffesvU/EyhWjp6auXHP32mUhwr5PM/+e7je3ftVAHVRf5gYmxuehKwIoznPZ83O/365tqLB189d255bm7hqb/868nJsY9+7NcBQPY9gHc+DHLVKNqob545cfLW227Lm8Y1+/Zdd80BOM0hCeCGnjpR/fQnP7Z47MS/+z//r+bKyofvua2wfUbNuvlvOkYgC4ZIQAZVMeKO5zh9NNOAn4vANiHjZJiQc+Ikj5IF/5CLAmpFHxkVsCw88gISVkV8hPKkI2qR1DlCA2WUQis0o15Bv3huGkalWMIkDWBXz8M3Qhqm2zlz9szAc1rtFtyvAH9bOZziLCchs9jVI3Qo+r1ur9tpNVsry5AFW24263CdAiwLQgRBkEyy4DZnm3kLt6VcKpXhzgUcOpfTNYTlcK+L59ejh3nouZA98YkaMKkhQ8IAp50O56sqUNYXA2jIZvUHzgCniSAQSjaYh9K9g4B2lOxcQdPqIxQS4mJh38J+QyMfuLtCns11+gPVdSBd6MN74EovFkuQzTLRgQRuG1ijkEgHyrQb9fWTaM0ENxPdgo3K50vF8vTM/PTsnG3nuaqrihaJERyVRRavM+Bh12p1NjcbKyurG+sbzVYLurgInhUupE1tCp4TFku/x/ZWTMTGySwha8nPW05HPvwh/tiIh238doWUyPCkgK+ioU+Vc9uq9kTBLKkiB1nncKAKV4nQ14EjfUa6KwWqCZnk8TwMlq4/vSIZFcYjFLylVTE+T2j40DMkhXzyZznvDK59YN6ernmmFuRzWqVklEtapaxUy1EhF1iGAPps8EgBNC48FvmCDA84ZbKArSox8KRmR2kjxIj4eUTjSlhWiXf/0Jki3tmInqFZWoDEWfdUo6/qA40NOOtFoo+eG0qfc0dRXK44ijpQFRd+VoE+q+jKTEU0A9q3AAAQAElEQVRQQ9ykSCQHjvw3uEwkkCJcqp7FUBBN9tBhmH4GOmxoKgK4mWMhyK7wO8LvM3/AQlQ9Rz4waEDSfYHfeyLsc99hkTRPQf8UFtNnea9kQyeU9EwacnCeSvBHwLMQr33bSx2yRXoGp3tZxNJ9KTdOqfvIh8kuCcsERrVyeWJyYm7b3H6IfftmZ6ertZph6ApKpMN4ZqJUPI925qXcnXr0TAqiJVJWYh386IXCWaxs5zx9dMvzgEkfuJBkIjhfR5LlgEya4PfE/kpKoOMha+zeLZKLjmuQNLV07O3DYwaddTBZm2DtLH95pZH1TLPIIosssvjZRtqZVlDj7GJhaUWjdDHgV+gnI4SFzgeMhJ977vlTi6dhfAwBo3RUROo6jO3/6q/+6jOf+Uy5XFaxiNAvb55ZSptl+UToigAYXFpaAlgp7R2AoY+NIdmUVJqxzM/6ZxuyIykPx759+/7Vv/pXX/va17/xjW/WNxuASVdXN4RAlbFhmsBlFha2A3BRcCK5DxAnXyxA17LV7Vx19YEQrXX9s+fOrK6vj9XGKGUS1sbH57bNw8JffOEF6IB6vmdbdqfbvfOuOxYXF3fu2AlkeNDvQ+fWRKSDFfbm5maD0KUZ6oOx8epg0O3327/3e7/3sY99pDZWEaMyHsGTkyTuakOv/dTiiauuvQEGuF/4g/948cjh5VOnOwNPZdxEB+rIyuVVXug7A+DRGrJorRMFL242nEMnr9mz/6fPvjRn53dq3g5d2zY2Zk3Z7ZkpZhdr23aNOX2n3tjp2Mf77hoCHiDpenfQN3JoglGtVhuNRrFQhGbIooumjRPYbdtyHU8q/eENxNRgL3m9XtdxXciydDpd2GQgRJaFeBquYti9QSBg4wXJRuVcS9jhwI1grA4DALffs62Ci4EKa7hq7JwNhxC4FQs9kkmi1hHGHYNeF6fZ6+rV11+/6+rri+UyYK17H/hErVIO0cva1w0YmoQKDoq01eX697/3xI3vurVaM44cOlpvt9DREZZnlNbWNzRuwI3lH3zmgemKrRSM+Y+8TzHNZidcPL15yuk/+rVv/dan7r9u5/RJBHzd63dP/+cP/darR5YbvfDgsVPHTreOnFy7eu/efN4slItRh+/as+9jv/5xFTIZPHzx1Vcdpr5w6Jgf8jtu2b1v99w9d90QAOS3jV538Hff/A5TldvffVsYuk/8+Kl6wy3kqzfeeuNas7vW3qxO11TbeOXYkemJadj5R44cO3j81MmzS2cWj/HQ/ce/H33o/Xfpwh/Uu51uD4aydsFykWrXTTX6rc98bPf2+epYDR0LBM9uMm8+tjDoOHGIbi+yPkGv34W0Fpzk+XwebgKGYaPXMHGTuOIfI1cgIrPIRvHMZ/IZIW3TpYxrVB+XqORQJhfJGdsqjJ4VUze0kmqYOmSG4PKBRA+MpXsdaICztrbSacMdqDc5OVWpVsvAdNARWWW4LgS3hKfbjcZmo17f3NhcW11dX1tzXfKhFgK5raEV8zmsdFouwRJgEbZl0d0Lga4mvTJwEryQQ34ppvakIjtC5314K2F2jZO5hhSH4jwNASm6YDBAlxIqFSXnzpMqDf1G0I5DCtDkOF5WK41ozjUhfEWBK4ryWr4fea4KUMjDkoUefAaIf6nATbjRWCbckKV4W0XeDwsP6vWNdqcZkHOnZliQUyxXa7DbSuUCvNnAzeIIHaIEMWSXSxavM+Dc6rS7QJ9XV1bXNzbbmCpW5Ew46ckQJ5X4Vg0q+ZtzljoTJCUEE8nmaPCR7qJEvWxUsM+H5y1kpjUWaSwsmup0uTBXK0zmRFkVdujr3kANB4oIEF1GaDKctITywMmyYg4o/2cRk44gnGYyor9EmDJwzoawMGXQQwIdJa4bURQvDqccALNVfE1xTVOU8vb0hD07zfM2K+QjS/c1ALLw5I6kKTVCQiw0SLtIpuZ4qn8VbEslvKGXAuN8yM3hHsCjVBObev1KJI4NYlwNFSPQDEfVu5raUaNWFDWjqBOxHuM9rgZcg/y4D10cRQ3pe6By2HPoGYQVC5VQUndprxzFsHN07kn6Jb2hyauISmLgToGFRSqDLLnDI/hq8qDJ3Ba5PAOM7kVeP/ThHu2JwBWhrzA4eAFHe+qAUgFkhC2IZ0ejaDjeM7HEV95Qh0YT6R/jf2IV/iXufbG6fURKzYbSaZH8XcSpi6ToIE/fTXlSlK8HhWJx2/aFq6++6rrrr73u2utM09B0WTeW09TYoV3G1n6LPNu2mG+QBv78kz/+i0jcVeSpQE2M0B0OFfwelhyAR4fvwCPEI/Msz4Ff4gIGIhqKqBF4Jw7SiJyxtq1OzznDlP/ppqkamsqyeJ2RAegsssgiiyx+xkGdA/TZCIBtqTAmhJEpTt4VYmN9rdvtAK46u7Ty7LPPeh4gLXzQA7Or1+ulYsn3wlAV9c3m9773vY9+9KOwHBhlSjAtfvn8togjKJRVj771rW8+//zzEUq8VeDOOCM4iq699tp3vetdsL0q5/3+AAb2jMWVwuQP/ArECFlcKi5kbVS5jnziNG1yavyf/JN/dNddd331q19/9eUjcIw67Z5l2e1Om+R17KabbnrxxRcqlSrwCBgaAsxw+wBMvImJiZWV5Xy+OOgNfN+jaYTqwsI2YKxwlubyhV6vky+Uup02U9nSyqqdLyyvrcERzxeK7XYLVt3ruaVScfHUiampyVdffWVifGxtvX/TTTf+s3/2Tw4c2A+92djMcGulzeHmcAFo9eWXD+byRn5gnTh67L4P3PNXf/4XfbcLPNvQba5yGNMANYZLhplo/eA6PRXGVKa52Owe/uGT+Sj4Tz/1azuXTi//4LuzN1wntm2vTUzxqekD772bhw47s3TsyWfzBowOfRWGhQoHeqXqhqu5QYjlE7GWF3nINJrNUrEIJAsYE4Dm6ampjY316amZzfrm+Ph4uxWiOUkQSnsBgKM4CUBBxiRRnYZuJDB0Y/RrmM9ZwLP6/b4fOJZpkAIy0LCUH2JrnFzfcuGmARcVQGpoAyB7QGGFYvn6G6+/6z3vga3+8Cc+lR+fAb73N1/76n/7J//fP/j8f6yM53NmHhoAvE7BqmSwW/vlKe2hf/bJA3PVkDw5nUhZ2uz8J//yX5Vz3OR8fro2WyvD6MRUQ7uow4lRHLNOLfauu/mGp37wHYB1sxPjB+YWelhzkd9x7f5rdu75xreePOx0fu2++1549Viz49541d777rylbPCCxvrdbq5W6Afh/gP7n33+4Mfvu6fV6Zw5u1gu2888/cz11161a8e8ZSvAqQ8efPnM2TOaobz79neNTc01WgO323vwtz6phLCtDhBAWeiy0fEAoh07enxscuamj91fq5Y0Jf/UEwfZoLF7+zZg3+UipEsM2Bvbp6pcwGAIrUsMHTBnhC7mP3cAPZpdS+/SF2mGeDvBvq06aBHrriABEwSQ9IFBLNwxANfC0FRRJXjiKUmCwW6r2V5bW4dkZK/bkx4aNKCPYlyDI2ki0DydE6xQajZKORBZyiMkhUeMaRgRmuFwFw0oPJ+kXP3A31hbg3F2q9EolIr5Qh5pt66j5gvf5ne7yKc7LbjhwSnZHvTgEw4gY9ssWKgfNuBbIZ8rQsYDrZ5hAUWahIDybYnJqJyfH6F0G4f/cJqFcnIyFR5UcbaHkoon5Yx90kZzYOd+GKD6Gf1jIROtQzoaxvSxHo1J435M7BHJkKA7gLNXoKn6FptX2HAf7heKQ1VPGWwgNBBaT/UHNdr5TKa0IypMyga9RInIcRpHhNNcul24hzV1w9Z0k8PXUOmZPX6zeJ2BtRCiZqt19swSXOO9LmSd8Vqgu7eyZX5DIohNPkd4cuQVCYIvjQFHRNCS+zIWk0Aeq1sRt/IQkKbBw5zGi6ZWMtWc6huRpwXw5SrwJSA1S/XqyCoiSQWl6JtyYmkyJm6eLG8YSUd3XLeIhaeS8CWOFzy12yDkJ7eeS2F1hGQZQK7qaYqAfHmtyMarSq0sKoXANEJLDXSkq75CGSuU9IaREsZ6Xj4qvR3doedTUwLBUgErbacBfkcpaY2hdERKbKzGAE9JTe0rzBFROwoavmiErMNYmys9rjiqGDAVbk4hGnRg+WD8jiUUceIGfpEtvZzokWiBJarlMpUmPR1ErAEe/kqgmjQ4zOWRS0bPnTDoRn5DOE3mtZjbYei8Aa87LPDQEhrrXEdk6hVSpUGsxCgTdUxi/lSkLJ87EobHCFz+IZlmk8xhiU+m+By9lAGRGJ5mQ3590bcKMWI4krhvc+yH65VKJV8o7Nu/76prrtq7b+/s3HyxXCLFdBQfLE6nvsx1JKYwF6yBb2lVfOMmeXwsXU5q4SJrjhL8Li3a0c3Zo1IEnh965OEETyUUpMMy8HrVdCW5pEj8AYuntDHVwMY/4+AUdc/wE860kdOZVOlwHT/Ns7iyyAB0FllkkUUWP/ug0mRogsyxBHKr1Tx48KUnf/RUvd6YnJqu1cZgUEzjWOG6fekQDSPgdrtt2ZbKUFZ88ODB2dnZ2267jWqRYcL5l1BELAWhANT+7SN/vrR8DjpB0FWhcnNYrQ7ow3e+851Dhw7t27fvjne/W5ZZU+TYXn6cZfEzCUk/FfKB2bdvz0MP/bNnn3nu3/27v3rl5VcHA7eQzxMG7X3723/X6fQioqUQ0D8FOnP2zOmlc2eBUwPDgbPRwBqDaEDx058+Az1QwDq9QU8zseYV0F44A84tnc3nCtDFVXAJXrFUqG/Wbds8efJkLm+ur6/Doqb+b/b+M8iy60oTxfY+/vr0mZXlvQFQ8B6gBckm2TTNMezp6Tcz3T3qZ0czUodMxFOEpKeQfkgK/XijCcXEvJGme/qx2T3DITn0TU/QACCIgi+D8pVVlT7z+nuP1bfW2udmVgEgCiBAgMTdSCazMu8999i91/rWt75vZur3PvPpj370d6amJuyXsSdedktTilEtFXfu2PH4Y4/ddPPRWq169NajP/zbb19oNINCAe8IeyGCaytKG8urCT1oDqCwKOpmhAVbupgVysWxmfFT3/vmFts+8b3vNDw/2bbj4Y985NG/+dwUwOVesp45841WO3AbOtQkP41ER7XbbRwyILNKhSRKCoVA6OQFchHMatUKThoOtt/vAfvBy3B6l5eXceq63a7DSqxydBZzxvEDTpfwPcN+iHNeb0YWSccC2nZYzCTrEcGZDpgg7zQB0EYG49wluWXLzG233XbffffddvvtO3ftAkJ9ce7S9l07kLy5QfCPfv/voX6AikJ/tJRq10oj23GZrJnecmjvf/VHf/DUEz97Ie1OjU7dcfvt5Kpmp3u2z3zsYx/cMznWXl//0l//9cc/9oGbD2xzka0C7EvjI/tmnjt3eXxqfGFpfcf4ZNFx2z3q/A+cStmyHnngjkMH9h07cabXmT5+4uSurZMXL146um87W1b6gOlwsM88+/Txk2d27T+SKefOux743ve+1baAyAAAEABJREFUf/LkS3fffe8PfvhkNwwb3e74+Eic6anq+Okr89/8wWOO1n/nUx+Lw1418MYr40hNkeHGmSoV3A898vDWndvnF5Z+58MPl3znrz//5Sut1mc//fHJ8RHMOC6pBNOZzIC2Zw6yYSRIeQb1Zk0qA/TjmrlKrOKvu3u1dQ30bF5pCHZ60MJiGTKbHtCb8ldej1m/Q6Z6vQkoMvvMPpz9XpdKp5bGDOA6jICajl2TuXc7XTz4uEMW5hewCvS7XZvtkZQyhF9NHEqWs8yh51xuyiYMGqtmwkRKXkN5WMViwS/4qI/1eiHh30TjCttNEr1ZXFxwODsmcBZPAYm8EEzdBVKO+a7fj/o9slvwXCDOIyO18fHRWlUkLDwg0QU/8AjPpcTbkoMxopykxo7PQ1FKYIUojPm5NlAAi0KTAanYljIUQF0IKfXAk6cTKUanJCJPDDKv4PpBHIuDYiYGCfg46pJOWUwf5WpF0QJBXaZ7nk22gJxhN6i5gclpAJ1JjFPnjdPmpCYRGSGybifRDpm05mW+K9MpjqLRrKNSWCiWA/JJTNRwDMcbGtTaHyf19fXLc3NLS8tkkGD83+xckUJtql5dw9k1YsCbQr/BtHDddJcTbPPJkvWPtYG0M7ER5E0ROGnrxLFS385Krio5ykdZN+7ZUR8RiU3KDYAuYyEmE3pphIJz8FR2QDjN9GNqVHQZ6GPZg4xr5Vmu+aH4lYZ0OiCPMhpH7+RqFU14ivHb0LFD11aVkjc5rqdG1Ug5KnqApElTgg0GE3qHQN4pS2QLhDpgMcsH5ijrJvTbnECD8hsAmNQucmKyQftpPrIZTdZ2ivnRzTpZWk+i1TheUXpFuR3X6Th2j6Q2yCoRNfSYcWc6E4xcM46s0/wgRYAoJwbrTaxnAZ5FhEjcEw0ATdeLEXlbd3XS1kkjjdbTLnkMqv667rV0jF92WAI7IqdI0uVmtY+Mz4tsl+8e/rBUDcSL8itgQObUXNXslaprWl0jxfGq2uPmXF+DPm8+54JhD6j8snsC/jPP3yv6W7dv3717NwBoFOa37diGMifT4Qc1Ab4JTfXS7AmbcepNe6DUtY9KJkRrEW6ORaM5IVuAKGZvgIhXE4aeqVuHfFnIQpCrprGsuFo5tlso4j/SzqIOHlZHNG6HygDQDi00FpVNmaSthLNNiSpVIuIoZS+CiI5mSg3HjYwhAD0cwzEcwzEcb/3AMu86cdgvVAonXjjxV3/1uUtzl47eetu99/7O+QuXlhYX41RJoMAJODGuEEEgH0a27LGmI7bw7W9/e/v27VNTUyKgrN55A1k+cLef//znp8+cZrDAQtkfvwHoAGAOGDRzaecXFxf73d6HHnnE9f2UM3YTHL9Tj+s3fQAlcV0X0SlyBUSSIyPVBx988K677n700Z9+7nOf//kTT/hBqd5YR/gZhtQkPj29ZW1ttVgs4k4DuAPkYm1tzeXeeQm9AbCWSnphcRXBabVSwXXHRZTvCGRRX0F1od3qIJrtkLR0NDo6s7B4NY7sw4cPf+hDj3zkIx+enhlHcOx6wHPT1wLWKI0KfG/Xrp3f+Oa3UM/YtXtPwXE/+w//wf/r//H/jMO41+76rtdcXyeB6jQtF0tdQsQiFqez0zBpNeun11f+D//yf/y/fORD69/+zmyclFvtzvqq6neKrY7T7GXFykqaLFtJ7PoRwZc666eOtoFGpUx8JnxN6X6P1DOARONEtVotnBZxa+z2+nhE8RvgQaViiUBkiyAnnMxabQQotnI0APqYK0y0SymSP2JBRlEP8JEF4F45AHcdTe+yxbfJtlutZq/XBYT00EMPffbvf/bh9zw0OTmB64gMAmfMc719+3fjEStrO0oT23PuuOXAF7/6o5/+5Ed//A//7o7xUeBPnuUEtuU7wd955L0hIGmV+Jaj4xjYHd7+L/7Lf/KXn/v3v/O//q9GvK1zZ090mm2AaU6iCatSulzo7No2MXdhrt2NUt7+aLXYXWiWPI39XF1dX7xy5r3337Frz9L62uIddx79T//hb2b+6I+++p8+f+DA9gceuA9PM74fOHzLX/zPX3jmuZO33350fHQ87MT11TZA5V07tv/gySefeOH4Qw8/bFVH92+Z3X/w5q0TJVs51KeqVTtR6+t1y3aXllZOvHQGFY69+/Yd2LenvdY6NXdxy0TtwU99uOK7rqV820Gq5GhxbqMcGSmW5zoRChL2myExbwDnTcQ9BhoMUGKIP2rgDZWRmAPRgij55hROjKKSNGRDIIe6jzmVdTiLI9M500n7GzD0JiReuFKAVfu9PhJb6soNfGC+hpJHL7UkKcdtvLK8fPnylZWV1Xa7gxTZJzM/J8uxdXyjqYXWPjqjOCsJ9VlQ8kx5bpqDulpOKuBagpd9x7GNWaAx46J6WLsds6RGykxjpM7YSIw/hJKARwwKYDm2C8ForVaenBzfMj09NjbKXcVMmXZcWmEZuhViV2LwFFrgAHdTpm32JROsWZrr+XYw0DO+W6RDmwxsyFhpI5FljmBjhr9RpiOBI1J1t1jaSAAkvJgYa4QxE73MUoZFamB90tmPUuAC2iGInNmmDvbKKIQwohFGfSJoJ7FIi7IZACo12mGcO6MthBHJUW8oemXDGvBwvP6RkgNEXK83rl6dR7EZBSG+jSxz36psg/H8cgBa+M4Gw82l2V6l2JZtzD/mDYL76RzINqRcANCKNKB8Kw0cVXCUi+JuHNr4ApiJSnwm3NnEYJhK5fhhOgCg2btND+jPuQqvwaXV4EkZtCZksokBAprr2NNDaxFUK0CubfUdl2L6csUdHdFjI0k5CAO7p9Iega0MirMHIstnCcvaEJk38571tUVPtenJ3aTQJxA7MamFCMuhlMCo2BslYhpe5EYNQM9Rspyo5QwAtN23dN+x+a+ktkF8Z61zAjBTnjMtMvbZQNlZmNnyGyXCK0okSAz32agLG2ESpjBHFr6ytkrWsnAt7S3H3dW4XVdhXYcdK+5aad+myQvoM50L+VIDSnOOcG9Az2pAwM5vPDNvbypdqOvvxWsxaPVLx2b0+RpEWKQ3sk2gu8GiEae5KGsiat29e8+tt926Z++e3Xt2jU+MC2t7IDInt9eAvC7bsURjY9CfkkP8G5/EC4600URREgvuTNAze+GGIbMXUpY8ITw6YuPamHwM6D7hGi2+aOUrVcqovAaFgAwM+KrJU2DxkkEBjYVll3aMtET4qsZErGYkO06pBtzrZUMfwhseQwB6OIZjOIZjON7kwQ2wqfi/8UB1msh5APe++aPv/exnP0XG+Lsf/ZgXFE+dOrW6XgdWguiNTSBo1QdAQaml43Y6HWBeKC+Xyy5108bqW9/89md//7PYMvCjTPyJbjh4eiuHicqRUwOaPHHiFBO44n4/GxulhBfBSRxG4yOjiKhKhQL++vxzz+3Zs2fv3r02n6YkU0M7wtccm+xxXt/r5VYk+23LYSZhSrKmrvs7v/PIXXfd9sQTT/7oR48+9dSzy0tLiEerlWIcdQtFMtmTILi+tlapVPv9UPRViAJhU2stgtICwFPykaetAg0qBEXy8iL5A10bG1lcmEf5oTpa7obtQ0cO/p2/+5n77r1vdnZGfGlc9hu0rFc4qPS642A27Gil9omPf/zb3/neP/2ne7v98CMf/9gLx4//x8//NZ4Q5Hil6kgSxa6jgP9SVJyENiWBbRx2L9JOqVLX2V8/88In7n5g7pnn/E4bO1ZfXG1kfrtQOt1t/rS9PudYjV6iC8Wo2bUTq8tIFcJ5HDKw+JjY+lrsNFuttkfc5ITOAx240+v3MvYI63Q7ALBYSpq0pPE4UIM8zojjtDsdcTJUnHDgNZ6l8YcWAfHWxMRYq77eo+ShVy5XgLbfeuvRu++5B8Dr1NTk9PSUlVNlPWQITAJy2eoNJwc4bJKqteXmqdPnPvyR333+xIXxO0tlYLmcbSJtqNkqIn4wsVOtgofEoWhlt2wb+dBdt/7N//w3/9Uf/6NPfPRj7W6DuJKux7qOmKxiFSUzs9Pnr1x+zx0HcAEAq+6c3WIzd2x2fMS753anXPnuD3+6Zcv05asX77n/frdkP/yB96g0anT6pSKgbz05UvoX//U/xhEvr65853s/mRqrHd47c+eBKcx2hw787k+ePX/h6lLUz5q9tRdfPIU0qFYuRFH74P69a6vLyytrKNt1O1GpPPad73z/K9/40Vitgk9/4J7bHrr3zrFSEfUCi+pXRNJJjXsU3eiBSzaPvvtGUN10060n51aod4OUNrEYDGXZUxdnFNAGw42aIT2FTCyNVLmgcSNqaly2WeeSjKRI6JKM6vGWsN+1ibmfaqbJy8eJLvDmnclyOl12LQvKfgfhhCTB0Q97yG+Ru2KQBvGgN90ih0A8Rr1ut95orK4CnOoRq5k0LWwlCshqMEExu056kVPBenKkw3iV0ZmIEpIetZ3Yxe1PWTKePguFIpSyysVyt4+P6iLDNhAAn7EEgJRLxC43thOGpPE4FgvBxPj4xMR4rVatVksoyBCWqwRDjtnrKRNxZErhxSIQNQTgz5zHywVA5YAPxWao3dxveDFKRNgHXCdg5DzzklsYXsmeTZrh4xCQseZaFAupKmJ04swlXIRNCWnBrUNvIQIaYfCiTWBJRYNvFKAKEcA+ZYRohfiWGUa24E1A8W2idGNhLhRwyIUi2UQWg0KtUkVBqFKp4HQkfI0ECszUK/Z9D8dwvOoA+tzvR61mhwR2Oh0qIPITK/oa14SlOcFT/iUI3SZa7zVNH+pVI9p8VlSJQZ6FW8uYmMrijJ5fQjhtFaPc6tDEG2sgmfSV6tQI9goblxnQpuqjpUlFb2CCerC3ec1NulsM7m0klLVYwwl0LXN1qg0kyzVRC5X/Pn+F2om9QlwMMlT3S0Vd8PqIWBDbi75EfiAiHZFqMz8KWCn7MjiFORY9oN+aPdyAR7XIU2QbIHp+eDy7uHbk2h3Halt6WWULqVrN7IZldzC5OnbENoOJGAbmyHxqCM7CJjafSq6MG1CvmXsEHx242nEZL00NLCvwf6SzLgr9OltOewtxB9+BQa+rfkdH+OqT60UacVUh1SxQn1+fbIP4nLOOB7/cVI5Q+c2nf2lmtIEpq1dlv+hrEP6Xb0GLhyVL9gOWZUeALPNYqmJ6enrb7NadO3YePHTwwIH9U1MTpVLB0jmgzKuflBZNqYH/IOeMa4X24EJnSS6mkXKAG8qUHzPfOeE1R6xsU35ZkjL9WZwECTJmJT4sJlhVSFjKxdJAiwMWBOxSuVRkbQ2sOVrWshzypgU5SlWIbID6DIlJjdommxfSbhD9OYnFkOCdbFD0ThtDAHo4hmM4hmM43uQhhFNgVQM+B/65MH/1b//2m2fPvFT03dtuv7XZaJ29cBGIRMYcCSzf5OBn4mjAKshEVbVWXV29WCqVWq2Wz77DFy5cOHXyFJApkfeiTVvvoHQRGTtQhitXrgG7074AABAASURBVHD1naRCENMgRgKSXigU+oCh49hncdtyufz000/v3r2b244JglaMWDCBZTjewpHb5TC5JgPuOf7hjzzyvve958rlxR/+6AePP/74U08dq9fXgmK534vGJ8a7nfbY+CjCVSLmaNyohMZq0nWNKlW6M6teVTH1ArAOwChEpLjcmkiyq9VK+fCRw+9//3seuP++rdup65BvcnLes5gieoP7bIlSY5refPDQi8dP/Z/+z//X//q//e8uNq/88T/9U6Aq/+7f/k/Uo0/dh2GcsvKfRVkLgu4+kb7JIDEiKo/zg3MXltbX7t6+5cyxi/blzle+toLoea0bXo2681p1Pb8bxkh8kO3YhAaRu3sQFFqtpmI1bSBsjWYDsXun0xa2lrgTxchvleaGfcolcKIKhUBlPaPXUQi2bt2Gl710+jSwLULfNHUGAKlvNuqRsmJt4dlewumimeH2Rz704YceemDL7JZatWJTnQnJIpmMp6TArKWWoDk3lMTZtAMn6dW5OZXEZ0+f2rltMibgTLncMolzYVvCxDW5TES0bsDF+gPveeDZZ54HOFgs+uXqJI44jHoAmpHH+K6/snh5ZnxydX6ZhKNZJoHaiJEGaRvnqNHpjhSKwFmf/vmTX/6b/1SulO+55+67b78DkNlkw9m9c0u57AOasz1Vb/TqvXRucfVnP/5pqej+F3//E7UqqlD6W9/6nvJKNx05krVb7737aI0qH0nc7+KMbtuzQ+3aeerkaac2MjW99d5Df6KdrFgguYGC51m4uL3Y8w0hf3Brqzd1cFFsszEmXVw7lUQ1tZBrYYLvR7rR1N1e68UTnqu7Kinv3OPumlU+aaekRN4CyAgoEXdFghvT7ofrzz336Pe/94k/+SfpSI3gxkTl/bYD7CUHEwa/YTrSQKzjHTVIVjIkZ1Hc/bjVsdINPJQ4gyX0tt/r1et1TAjdXpf+YJNqBHMMlVQOGMulGzs1PluieprxSafD14OMmER1Up3YqVGcpOfOZXFKgK3AvwBFYzKS1JtbkWNq3EbJ1kbFwMEDiKy7XCkBdZ6anAAcADSWE28rt3RKKc8XCzUGgxPWfRat5x6ta6QLL7AT6y8TXVoLkY5hFkyAKImhDOZ6NhMf6UG1CHYnQjaD2pinQh3Zis0YGRmgridCpBm7o3ZzK7MtBfTadTTJuNMdwr3k1qAPnGin1FAtsANXfGPDaGaKNytCY9kNfB8Tb0DstgKh0MVSsYjDr42PjZdLFewTUfJzMp4e4s/D8ToHQoJeL2y32+vrdcQDVKLOVXVfSRM22wQsC7dXbyCjg1dpoyLxip8of+JZM82RTlHBjXUSYekjyi4B0JGriQpN4g34U0aTth4ApqIgocyMQ+t2luZIo94wHhwQVDnY1tngCZGHPo+l+NnJ9ODAc0IweQETmbiXqmaq+tpVbqCKFatUcooF7Xs9J+lmYWKoygLxptkm7RJliL30K8tUmxRPh4Oy5DVnKcv3SxQ36AzrAZovx0NcYit1HJTI25a1BgBaZ/OZWs/snu31XQehUmKTtSB7BtKMkhi83vggyg4YZfycZp1uiCor5perAQCdGeyZPBwxhZN/IE5F1tFp20qX497VuL2QdBo6qqsw0nGEOEazx2BmSO9CnJa74hqm84AYbFRLxG/R0L3xausGgswNYvGrljzkfniVmXHTr1MuuWLVwdYw8WLCnd2y5Zabbzl8+NBOgNA7d1IeR40oeVFbb3CfOZpLWa1EUObUQaS1SZA8oaAu5WkfJZ+w0+32Oj3UXPs9ITsTt1nYIZZIZIhAi8pDChLFIQgayy+tCgWvhLUA2HORzGtRwx1w/3lXxBEX5XIs8Qp13yRi7wFyIsHH9g2hOhQEnAcAaDUcNzqGAPRwDMdwDMdwvGlD59GMlIJFKwPA61O/eOrHj/5wfXV1enpy5/ZtVy/P15sNZdmNRstxANO45ZKP5Dyh5nqbkSaK1JBHb9++fWlpiVgDMYMtTvaTn/5k3759PrXtv1OGNqV7ikwBkVMbJtfDt27b2m63kBUsLS0XqLurgBd32m0EwPh+6eLFZ55++s4778zYDVu69dRwvOVjE+OY9VXJOMz19h8o7Tuw8+/9/c8cP34CGPSpl05fvHBhYXEBRYFGY0VrJyanr7BcrrbadTLR0rrbJZmLCxfPjo+PIzCmxndL12q1hx6+H/Hx7Oz03Xffc+edtwPr4dTAdBMCwNX5ftwIBi3QKaHKloO76pMf/+jc5YUvfeXrRw4fLgXFf/RHfzRaG/nPX/zS/MJiqVSs15s4lijsJ2lo2UocvAtOIUqJYRg6wWNXF8411/DLqNl17aSvLaDL7shosxsiXdAJKbDjMBH442HEz2SV6XmNZh1oFWAqlFWA8vh+oFkyAC8QRrmYgsoRUR4cc/M+0ymxBaBvuLf7vY7nezgez3eRPmBT+F/m+k6pvG3Xzr/z8Y+89547Dh66qVQsWJY4r5GwAyAm3mzKxOp0w6cxbwWVbzipk+Ojd99x8849O4pOtrq8NLZty0b3PbOD5Y3YS8+xI7ZcBy51/z13IudZWFm9dPnyoQN7RsuBziKkUazSgf90qeA2e+EI/o/Ar0Qxb6yPTD+2vve3P3vxF0/9D/+b/25trXHm/KXvPfrjv37pVLvR8S01Mz2yb8+usbGRUy8dB3I3u23b9Gjpv//f/i/PnD5z8vzcgUP7Ly0uz1298tGPfaQxf+Huw3snqhWX0yXXLirmxWMy2H7P7cL7VNSHywkl8Tu14ynuTjU3Dx3mW6BiQaD+BtZgZzlHmbD/LOusrf/iq99QZy7Y6621tVXUEjLPzsZHDrzv/Xfu3Jr0kcEDMyfhzLgfesSHTZNGq3HpyskvfKm/eLVz+XKhVr7RXXmHYYKsMpoLo7J0VMa3k2uLavKAr5xRWtpFDavdaQEcbkd9IklpNuWzCVvWlrw+f4cSHQ7+zhZhNKXQWSeVUeMYxugQwRrcjWExmoJnkB49ZPa+TwIotGKmeGScxItTwytTJHNhWcBhy8i7y6VarSroM0HfeY86N6njZiLteMDQqKRi55HeK34JeYoih9fs7MrgC/BoleM6jshTu46X0g1quTbp8BAEDkiCWM9C62a0OAqVUbnmGYPwIpvMFQE4E5ZCAIHn8he1EGFGMdoeGR96Kh5TBP33CQgg+pvsBk4HwekOdV1gFAMfcHPgBUCjqR/cDybGJ6anZ8fGJ4BEu6Tab/j0hsA5RJ+H43UO17Xw0JUrlYmJiXa7R2B03KHSjcXiQpaVG6spZYSMNwBolpXINgXONPSA8/lKgKAgjakyysi52gGtt6QVnCSANzG5UKVUpWGakI0vsW6p0IsqD8KAlJTZeRKyBFcUjQZBVnNK8WDiNw0GSpuOMpYWMUA0HR3vkJURecJg2kTDpgeU2cOYAVTc10kjyepxFgZpCdXXoGh7Rdv1UXSKaWkTD700FxJROUM7Pw/aKFwk8ozLw5rlFegNAF/lAg658gRztPXgrGYCL1qO8h0V2CjjtVW0EqfrmdVCUG7ZoW2HlmboF7NUDtMz2p9uQnvNxhkFFvR5sxZHztUVBm7OfeYTQrFFivJdbOuOTtbTcK3XX0o6K0l3TYVNFbUsYKgJU6RT4YDnDHk5wGzTDcQVs/wmGexXzsAWxF7ksvKzs+keUjeKSw/esek9mzr2DLxrzP+IdowVoOxXAOzOzMxMT0/vI+2wA1t3bB8ZH8Nsjog0zkS5Swm8boIK3hhBzGQVkMSsp0H3jlLGXJBKm0Q3Tmgpob/yP2NWrHJ837YCvh/JusAyHUUEvw/aqLRxDSbRZysIXD8gr3svoJox9eVk1MAnV4xW9EQuH/EYUKDEd7YxxIIO7DsmI94Mj7eLNc5BpcLxHD/1RQp8OG5sDAHo4RiO4RiO4XhzhglgATB5pN2M3wRBcOnSpR/96NGnjz3TbtaPHD40WqvNzV2en593EX0CUfMK3W6/0+25no13jU9M9Nr99Uad6Usu+5KlpVKpTXE9sL8SIoC5S3PAoN//vve/IyUr9KlTp7C3JCpC7NEAFfK5uTnEQ9jzmLrG+n4QANjpRh1EMT/96U/379s/MjqSB5fZb4wY6m/yYEQjd0KzmFti0gtVrRbvvvtOfCGPZE7T+sW5uQsXLuGOvXrlKi4lJz5ps9keH5sQwiPSCtfz9+zeWa1VDx48ODU5gaoJW165HAcTmw84VOD5CYkbAtZJbG2MB2/kHuY7I3VsFxFwwfNUGP/jP/wv/vO3vvvCi8c1uezt+P0//If33Hv/17/xjR/98IeZdrds2bK4cKXTagE8iggKzohEmKbI9vqJ0m7QsjyEzJmLx9Vd73dUsZB1Q0e7/RgYkFerlJA2Ntoth/iSig0/00KhSIl1FOK5FGpksRhMTk61W+1GoyFAklgFWmwYHvZJEjdjE0IE8cvLyziIYqnY7/eQPACRQwHp0KHDe2+65W++8o1PfOrvzs6M//4f/oPZWiljCovpKdXk8Hbh4vnaSG2kWsscZ5Oqj7T1G/YM/sOB7piZ7ETh5ETt9PHjN+3bg994/BYBZweUc9aspSSE6aY0X4Wd/te+/u3JmS2l0kJlz7aip/tEc3b37NsTZfrE8RdOnj5z321HSQBQcWKirGqtfGGh/sQPf/TgLYdv3zNr2bPvu/vgpx65a7XZpTQlTkuBWy4E+Kj+I/eh9jReKQMsdH336k37lurhc2eWHv3pzz7yyHs/dN/RquNMlYppHLok3KIdU8HLhGUl6haEnYkMsDbsNEp++WQI/81+s+dCQwnNFJPeMkHeE6I948ax435Ucj3c6y9+5ZudxcVD73149I7f9Wa3+FtmdLVMotSdEECkhYOxs3h56clvfO/I/Xd3Fpd//ud/Ceh5+tab1hdXS0dc5OKWc30m8vKH4h051RsumsF+qIhIYhSixizuSLgwKEN2ADy3Orjne90eJ9epATqZ0WblUwGfZOnqZvTZ+DsCxdKGycXMMJvlKDXPYHGsiE9MAhUW9SFwfi3wKyO0mZc5RoeDDMBInp7kJ4LAp2/kuMTFMFZcVhv+U2wnyEBTavW6nWar2e/1yIfJod4Fh2xFzT5HBP+G4i+KtxPDmLwPPQKpE3o9knqsgD1qCEIZImHtU8ax45AdCyMRxZE5Dj/iAdGB52hqmcJ2XOT1DtABQmUAOzD6LKKnBAvRVlBq6/UFhHZJVhrv8ApymEAXMHwWW3JcenTj1PN9zFo7d+0emZjyC0XbcZXYnKXmaRriz8PxegfuOdxt4+Nj27Ztb7W6a2vrhJMRLkbmulSvsYzRtM5yOV4ZeiCckFdcVTbgHPO4vkJt+P8crnAPhGCbgtFRt0JKTA2A0Ag7CNjtx3EP9eQsi6kDgapDRsmGS7McbyZGujgzav7yMWrQbmLcCLWxlyUI21CeMwagSeIZS7ZlxRlzVFF1yxKUhEI8sYh4k6SbZf1UrcXxGuC502b/AAAQAElEQVTCUmlyypoolBzUhGwPGQCF+OZwkhx0N5DhhuavgciFfS1iOaY5h1BGYwenzLs2hKvlUGxuMdT5UbF3qfZd5VuxlbT7AKDVemq1bburnRiVeTpxSZSS9pEBs82Hb9o7lQ100jY0mY3Es8qMn03K0tOCQFNbp6LKNtBn+rJ1O0tWo+582FpSvVXVq+uoayVdSwjqSbYJVs4HLRCpulbWZYMkbgjR+cJt+MyvMKHlVQa1qcaxSUPEvESpzY6EGRdCjQ724P3yTyPYT8pL1I5SLQe10dHpmZkDPLZt3bplegueDkzHMbfxDaRKUpUNAGj52DgmHkdMi0VEWk9hHIrEBkldxCzlHCcG1lcOrUXkGBIUPd8l31wvIA9BBBRsZqtz30ejNC13NHkG2Nr1LAq3LBZ+4p3qM8CNNQIfiMCZqpr4OGqsEdFnJbdbakwlUV13PGY2qJwjot9R3bjv+DEEoIdjOIZjOIbjTR4RyREQBv2Tn/wEGOuZM2fwz6O3HkUMceLUKQ9Ymuvjf0yMiguFEtb0TqcLMKvZbG6ZRtl8otvr4Wcktr4H3C0ByFUuF6KYMklEcr/4xS8OHzoMoC3HoN62MaB8sjaAtbqy+swzzwCqQ6iE3BfRUrvTxnlgsVqLE3Xig1OqkURICFZWlk6eePG+hx5AqI7APo8Yh2HMWz604cMIOYQgIZt/ZHiIzj+glEplcnJydM/+3Yze0HXps8cXAmNcbgS+lXIJVxNwB1GKRMyb34uImSRoKP+KHZaPIJoEN4YDm0SE/Hr2lHYRqSM2hsgacTA2ODFa/synP/bNb35nfn6hGJQs19u+b+8f/emfbtu186mfP/Xss88DWS4UyinQHVKuUFlIZjqAcmLH8Qu1KI7cYpEpyVG5MIK/A+NJ4xQJBOLyOOkTcqgziySqNTcxoKRkR6T+rKnzgPMrHKzDQyT3kKL5vucH5U67G5MuMQ08rgwbIRWzohiQtLtz5/ajR2+54447H3jg/l27d692kh8989IHP/LRidFKpVLCjgm5cpD6Wo5VKhYJoOIk8roGAWvTOcKs0u10Du7e0Y+j22+5qUTpAQlvyFz0yokY6Wkgd8ZHeHfdc0dquVt3biGp+ihVbqHRy77zk1+Mjo7eett93eYqfQjZGFL+gUsa9vuVwPmHn/nErQf3l1SM9MSz1NZaccf4iBJpX9xIxGRFbj1GfB2kLMDRwrDouktL8yv17id/58O7xopppz5WLLZ7nVLBxx4h+wL2ZuX0KmJniuOfIkiaE6hUUMrsWrGA1yuPfkMjNbIH0k6Mz3TEgAlXqd1DihfQRNfbdt+tB/4Xf1ePzagExRi7feFs/fxFHMzV5cVDH/+Qcu0L3/3exe/+4Oh7H6hNVlPVrx29+YH/5k/tqYnMCkiXO7Morf4NGtl11LNUNEtJYZLVnQfXBb8H8goEt91uddtdmvkNg408EogjzOCJMlsxyaxJzllUk24hQrJ0zjJDiSi3f2Q+Mjcd6Fx+k544fJG1I/UmpGzhJ0rNJAaF+apUwY3mu4zKKsmpTXu4IR4KViKHo9mCFUUj5OOeYtSHdOVln2kvCFVJSPhCCJJeQnm6ERRhFWnSgk/I/hAYNE8mlPw7Fk9M9EccoC2oPdkNApEi1JmEPSxeT12bDofhpYy7qsjqMpHTxSw1IlYTw5q6U6hjwfcKxUKJOquLAbUc+aILRBADK1ljs6VSdWx8vFguO55viasUF36N/q1+ZdDmVbCc4RgOPHQ2yjmTkxN79uzudbvNZr3X67I8bMqglKhb8BObA5k5bGiziBX1v2k1kI5XmchZpOkm/mb+Hm14xgxmC+FYYhhChom2kVm+7RV9p1pwCrURt1TWQQGBJ6rLCmu8ThyLmNkkRkAhCeBfW5T+hUZtIN8NYQTzkVlOeWYxKosq9vyFOSYlOSxNJSLSyAWAmPXCrB8C+06o7BTH3TTFVz0hANpWRBgtWYHWHunuJMB7SR+e24osJmGneSVuY4pVouchVGRlzpEJlTVD0OYHg8NmA9wYfwIYn9lGiYPKUCxs0cdX6jSztJ6mjdjpaKdv2ZGFvbESCwg6fYnuco5BK9PzYa7cBoRqxDAMD10ub+7faq4gyaEp0ucOETlo1bdVz9b1NF5Ne4tRa1VHDTvs6ISdGNU1NPlNALScDlHW2FzCGDCTZV9zEFqw+mvmLfnXAJ3PBgck4vebP2wDwFf53JeKBWxOtdYimS/yIjHN5WSN67jeyPj4tu07du3afejIYYyxsdFyqYIKDcn0p0ZofIChm+tlaM5kvBHy6PepbEmLT5+ULmKWWBImNO8vq0N7BEF7gV9GwZGKqygp+hS7sr0CSWcwtT4dmCFoc6yWlZm2IWboJ7yUpHEmBoUEQFNhk6gbMRdyUz5MLr3YSg6cqjn4JGp5sh2jLkX+Bu/ESvk7dAwB6OEYjuEYjuF4g2PQLceJHK3LWLmZb+RevXLl29/5zksvvbS8vDwzMwMc5+y5s8gFE+JIFvBagHTIU6Ne1NMkmxv4XkRkrHRpcREoDKKW8bGxdqfbapJb2uzsltXVFUqE7SjwA+Tzx479YsfOT4Vhct2Sj3hACFm/pjPAgwVwqQPxueefXV1bQfTCIpoBwplet9dud0ZrI4hoED0hu05jaisD5IcMBUHUyVMnb7vjdpTvua/9FdLc7LpfZMNE+E0Ym9o2iWqa5ameTXxMuaY2v4zMwkRJBj/jLi0VgjTXbcW7AeYMtqCU4QnZhHgCEnUNmUkyJsZ0mPv8+sAMueDSQk7bBzrqqNGi+9Hf+cAPH33s2AvPNcN+6roj5cpd9z+479DND1y8sLSw8PyxZ86cfWm9sR71enSnOU47jsanp0fGR5eWlgCjY4e8gPAXF9hxIXC01W93MupvjDsI9fmw8XHlchlgVb3RYKtxyjPk7LVa7VbrtMsANCAozAD0FOuA+I79Hk5GnLijoyNj46NA8Xfv3nPzTTfvP7B3164d09OTpDhrUXu+CqP3f/hjP37s8XtvP2rdsttmXGrT1UFybG3bulWxFkdudfOKZ4gagEdLpUglPrNiLBaWFUhukEoJg2fDGjVLAW4RocWyjt58oB1nPp7iqEemSalz6tzFs+cXnvjrr/7Xf/JP7rt1ryII2Uptll7A493tpu21e28/6JPNHlGdtOUtN+vFku0BAMAnR10UKaLU7qXupaurx449dfS2o604/d7PngiqYzt37mw2V9wJf3Ssgk26XpGw6gw77yjuhc5EbIGhCKOMYEnyZ3hIm25kbRtXthu9qbJBRi0/5YqMjDwSoZaUFghFtHGBKJPrdOJWc311udVsrK+udXrRWLV6cHrmmf/4ldhxD/zux/X4RNoPdTs8/a3vvfizH4/4dmt5saetgw/dFTW7p7/+7Vm/hArG5Wde6LV67/3TT1vj4xG3ptuuFfOVMjwis3uD62UhtdUEeyd8eKhnJKSi/vbmefl9mHddZ0x1o5IMiV/YltGAppdmyKFbrVan2ez3u0Bi2VTJGiDIRKVKN66mnePR2WA+Yq6vlQlzj9n8ivNm4zkpehSyU8TGYt/UVOf6qfIagAJ+4JKoReC5pouAQAOzBaXEgkxI2+QBiuwfTzTTw6iERurS8p+NJx2QAImqk5MiQcwEZXsuHyyJb9La109IdD4KsVKT5A7Pn3gMscuOsoqBVy4FzJbDtTW4DhH/mbjteY5PAYSTm8dKPwQDZqlNRDRmwhG2Jw3SdNo1lb58r1at1qqVYqFIKLbHdoc0bxArT3RFcaZ6YYTadrfbdwtpkEkRkrA1Kh3aZnYxSiSZUR1Q5nl5NT7hBhakhujDu3JktCI7W2amLLq9/XK5NDM9vbyysry62uv2xSiNVakSQXg3iQIQG1eZkpW29AbbWA0mAQNrmlvT9EjoVPR9ub2HyksebnkPKJ9X8v2RYjBTK28ZKW0fre4Yq457Wq0vdtcWezGpQjsZJl3bo4/k2T4TmQqVQ+PZAKjLVexpVxPWY+JOMStJmeyM1TtlxBllNnKbwPekn6S9KGl3o3aXpOLDmP+ksh6JKQBdTUteVupl1UjFvSxtY/1NM0fh/6TWSv1oVm48IM6rgn4zYphLVnNTCJOxNb/BqIJk2oiSmKYgZWQzUq5cxRmxa8M06saou7sd2+06hbpdWnVKIRahXEWDC7x6sDia8F4Z8HbzRTdySINlYOMbC6MAz2QRaJ5cCKPXChNubBEG3bHTlp2sxf013V9X/ZaO+wyW0hwl6LNITV8LHss/ckZvvkRugqKzQeVgsGODt5pl3lxltRmD3iBE6xzyz3KUOwfBtUyHA/qyFgGwhLVWjGGg46Cwh7Fz1+59+w/s3rV7anqqNj6OOl+sVDdMZAETlJzNoekjc/n+RLxtu+Si2+tRS0vMxoI0aOGndhpKLAH5cqcL/cT9Lg5m/gJu/cDhP+tBjxxuadeRi0OBYMJOnYnQnCmMjWkN4hIBS04nGTv35hoqJJTneACU7UwKLRyBZdS/SAGRRMGpIVSTTy4FYY415EDf+BgC0MMxHMMxHMPxBoeTG4JRSGLbSOyCIOj2uj/422899tjjzXZrfX39gQceaDabV65cBmAFGLpUKvbJEc1CjNHv9VzXR+SBLSCkCPvdcqncZ4WtTqu9urwyPjk5OzuzurYWRwmW9nqjPjY2RnZvcfrc88+9573vqVQqg51BXioatSwa8OsbiFkcYnpS6f6pp37RajUTbhbGL7vdromJ01QsYrDnEgTargaeXigW5uevzi/Mz27dyk1djG9dSwe8DnIbBjhv3pBzKaDeBo9ECQCaCQJiGb8ZYZjmsMjGJnJKyMspqNfK8mab/vh6r6EBuwVidFxKTZDUVIreQw/dU++0vvujH8wtLtx289Fy0S9US1t2bDt88+EPfOiRfrd75vSpxx79/uLiQrPVm7u8sNbpZK5Tb7cBywAcwp3m2y7i6n4cT22Z7Rda68srKfG1kQ26AJE8hpWLpSI+EfdusVhAclCtVnGkHWwqzXr9HvMSiQAeswvY3n27yfd86/bDhw/v27d/27btW2ZmgERxRkNPAbct0osVUxwffPAB5OUHd++MUu2qxLWczadtA4lmqZRXoSbmVzBTntChTLa1+Uxnr3D25bwyk5MxzazebE2XCoQYKLW6sn7TTTefOnUhitKq7yBx1a7TzxLH9d1MzY4URisFz1KOVn3yS7Oefens48eenZzecvSWI1tqwNmCVj9q9pPHnn5mfqV59MDB0ZnJ/+n//e+urKzd+9CD586fvvsj7xkp+x4ZQymyNWQ+7CBpNLl3tlFwyjZKT5tPg7lLs1eG5tWrnTDR1LTl3wPME9eRpQ+TXj/DPL62uoBSxtylsNm0whDI/sz41K7RUX9XrVAoHP/rL6aXFx/83Y9abjm62nCKxef/w5ee/fp3bnn43sM7t3/7r/7q0M03paE6+dVvOY12ebyoLy++P/XpxAAAEABJREFU+IMf33n3Pf5o9fFvfeumBx4uVio9Dfw5cixbGTIXAzGZ4bwhScR1R0rqu6hcIhFNbEaj9a91gn+VkWPIQsUlDiMxoB3LtOVqQQSA17ZRRG238DDi6SCLQrUBQG++auKeZP5h2roNiEDpPWfvthQh6HZNNPOtRGKU11+Sv2QVnIylls2gN3pu4LtYeQHLEkQurOdMJih7QH5jn6usH4VYwgAB8MdR0s9KGCZb7Ie9Tred4EA8I20BGMCyTQt8wnZMeE2308F3rM7stsgsMcGZLR3HXrmMCnRCvdUhAcnM/Va+5wAh54HN2nLw3FxB6ADvjBUh+Y9J95PhAzrxItxhMxIxNlKbGB9HBKJyZrrimhnzowmmxxeiDkAcnV4viGIz0TMhz7aEBarFhyHnqQuLUBvJ0tyYLR/Zpu/qlZ7N4Xh3jEwBHSPF28nJ0ZEaotypqcnTZ844Z8+sra03Gi3SFEhJuZZXwERQTQNAo+5hSqJ6M/pM92VmvOfIFVTsuQ0UaNBnvA9laTYCtdyCWywWR6q18Vptamxsx/T4zqmJmWpxuuwX437dUo1mK7NCRezbpGBZPi2ohD5brK2Q6wblS4PsDjc/MWqekbMhZupMY9mOsCFAz0naiZNulKFc3QV0iMoz/hknnX5Ub/UbqLgl9K4wU3hs8cHaUyjMjhXSWl+NhzrFUtpOAyuxvMwmdqzNJ4PJ0JYIPxmpKbKKpkYJoclyzclMbDaDf7bMqIIzkvJJmg6oyURrBegcJYDDo37a7YbteqdZ71otZbdUpePPRLUgrtmxVjm1mPTYsjx6yJTpbnmFa6428F0D3ee1gowVpBVNT3IsWLcQ9xD8b6WhVm2d1lW0ZoUAoNdUv6uA0WNP6S3pQKDJ+Che95nKCD5tTgsMfGwY6sq6RsZv0xbMXbfpfbnFsB4A3DnOPYgSlOGTaz0A5PkVXLgQEFfqoYHljE9MIuQ7fOSmm4/esnPXHtZRJOsUTPXEHSL3P6L6p0J5ZlQ3Zq0WJH2kUMVaVa0W9YyStZ84CloKVcxioYD73CcLWQwfZR7qbrFI3YYU2B3tOeYhMiUTrmUMYkDsK+b7iB2DYzYS7CHb7PXp0ZIOPnIcSuTsORaKOaTcxBA3dcmwvrnF9QSSYAupc1fo0il1A1gOnkOFhd0dliBfxxgC0MMxHMMxHMPxBseAfOUQfBw2G42v/Of/fOqll1ZXVgAT792//5Zbbrly+cryylKhENRGamEUIqAIkaL2Y6IqUzd3X0yYEJ4TfByFQSEolUutZhNhycLi1bFRJJWj9fVGqUhK0BhIe5GjAtp+7LHHHnzw/nK5LLuB3+OHXzP6rAwfjsbi4uLx48cjCZ0SJMZ2r9dD+ovjoj5MOlpCyQmwJo1OJNXk8wac54knHvu9z/wecULJHMYeJrFv59ikSPemjl9ps+k1QKpkOylulFrJ/3uf+uhtR2/60c+efOHEiYP793i2GhutJnHa67R937vptlsPHjmMR6yx3mi32mHY/8EPfkj4TpqdP3t2vFrDxi5eOu8Hhbkrl8Mwqs7MIAvohb1apRwS2tQGgnP27Nnp6cmx0RE8tzt2bMdOIEO47bajS0srO3fuPHTo0M4dO8fGRirVCtAfPK3UDOkXWPc84Y4EygBJOpZSbVvANzkWwHVT4yPYs/NnzxzaehtpSbIh2jW8wmuFJl7x/GSCp+obBmE3DUrC4sy1s+VG48y5M96B/RXPD3S2c2r0u489fcvRg4lOmglpblw4cza21ME9O2ueC2jRInoo9XOkqYUcsjRSeejhB85fvPzzp445Wn/4kfeeXFq6NL/Y96zZXTPVkUq70Q3s5L5bD9935GBjcWGmEFhhQpoGDN+xuvMrzl15krhxcIMKlfWaZ2bzZsx3fmGqmYVkUT4oVDMA4UIXOv/EsfnnXxzzArviq1px3/595UrV1dbS4vLa4mLUbh24ZX/ryaeXfv40Lu3z33905Xs/nN63e8eBAye+8707H7j70Cc+/MK//5KTFHfuO/zE//1/LE9NPvi7nzj+n78eHjumO/XxO48snTp5+YUX73nfB9M+ioUeiTlKl6xZTJhxROk3ieIgeXXDZO3s2crMDCAWBSQ6eyNX+U0cfKotwxkXiJQlien6DYCcTAjsTCgG+tzpIPOVxP6XXKdNPEfNVoS0xCrhRBudDGOjZCmBSlPTp69YEpkE1HkDrFlqqMGeXygVydHPtXNzJkIxiI5J/fNSEDU2T9LQT0qxeDUjx/g37nxFeDRxoKlhgjZEYALpAmHFCvukqcqbzhilpZ+QxCeOAFhC4LelN8TSnu+WiwHOEwlzhJFYleJNbBnoO0Yyw2KymsjaGv3PyPyPMAQ5aOyAR+Rrr0ByGwWEDfgndiAOmXQqYLx0VGCPHAobsNHV1bXzZ8/PLyz5pXM4FIdc2WwPVSXfCwLyLMTc5RBQL26ISp4ZS6tXue30ph+GC/e7ceS3to0nB+tgHG8NCu7oaG3r7Jb1er3RoJW300WgB8iLJG0iavFPKE4kxeY0pzlL14v8lBvemeI2fecnjLiWuDcdz8Gz4pKDWqFA4gOlcrlWKdVqlQq+xqrVqZHqZK0yUnCrnu2GHUSfWJKaS1eai1m3EaWoi0Y9tl3LGEjUm/V9Tb2Tp5KUic/YxyjhLwB5eHKVDkkzN+tnhEH3k6QXk9SG4UEDhgbUS+VNF7igdqg7oYBZo2DjwQrKfiPMTp695C16ftn1i7YTWF6A48qoFI5TiB11lADLRmhao2guir1K1j6aZRksJPjeOEZoY0waS4kqFq8GFI/DfkScll4ShnGvk3Tb/W6rb3e017dqUSHGoeik1HeLoRvErpOSc4Ut1HRSciCZa0H71YAIIBddGc0UKU5JwYvPqBJSbZyyEyOZqacs5qDCNG2rpKOSuhXXNelv1FXYtYkYHuokZgw6zbUiJA59+ZxzXdly8Fvz/yQbIg1TG7dnNqhcX/vO7Jop6xpEXW3qR7rmrbLksT4MIeUWbkWvWKrURkYnJiaQ8SFamN22vVgdQ2SDV6DmglfHmcFwcbuxnDNJJyXshxCSMBWJPIW9aCC4gVuOtJdcX3piAjKSJZGNgEU2gA37rNRkMQDtsM3n4BCFjp2KM6RUiIX7Q/dGxh+d8kJpodSZDVoNWDAFNxjVNMhGlzwIUAvAK/vGwIC4Q+RJmCJatGJan2jTgNhpfwLXiy18DRnQNz7epQD0mTNnnn766cuXLzPN5bXH+Pj4rl277r//flI/HI7hGI7heHcPIKoCLaVSo7atRr3x4vEXj/3iFz/7yc9uu+P2qAogazqM4yd//iTSwmKxhAq3T0kwSRNgqXddp9PpIuNEAEEobZIgtiAzYq2BOPTSHj6iW18fGR1F+H7i5PF7773XRxRSKiwtLVMjba+H9wKAPnny5EMPPXTbbbcpauaihBOfIn5ov54ubUGf8bnYn5deegl7K+6LCGN8EqB02nGbsQntOj5Hz1YeVVsIX3AgiGLOnz9/ae7yzl07sST5zrAw/PaMV79h9Ot945t+7+lrqLwUNiP6Fk0+W2eHdm3fumXLqTPnzp07s3/fnkZ9vVatWgWv00F66AKEAapDyenICHbsf3XXnXj6ep1eq9OanBxHWL2+vupoGxWd+fmriMNXVpaRgO3cum3+ytyRg4fxlmefe/r222+fnp5G+WdyYhKZNG7ykZER5h9JorgZIzaYj+KJQgQKgIJtUHlVKugYEoNawbOi3pf+wxe2TI1/+IFb+Q/XMcfN+cw2ZUiDtCnLBr9+Iydc5/tKPZRaT49WJ0ZvsZTjpSSGQGd1544XTl9aXFlrR/3Pf+GrqKQ9d+KFo/v3/w9/9t8hMdcesVJZG8QDULdjcjpWWcFxf/Do41NTk7949uwvnn/xvgfvX1leLLpWkPa2j1X+d//NPzr2zNNjVufmW/aVSIYTcJvQkhhC1L/8MLJXBcFu6GgNg4quAzvfJXGoxIIO4DPQ3jSOumGg/F23HNmxb6dutpOFhUuXLp0/f3HfLbe0HOfi1YXpLVNbtszobvzSN36Q1Xu9idr4zTfdf+RQJVXf+/efG5se2/0771l66ezxXzz9nkc+vNBtX547/9GPfbjQ7raj3rFHfxCqcPW5556+OPfQP/x9u+LZtiaTqh4hmLoDtCBWRV8XmP26vEZ53vQoTtHa8dNf+Vf/6n1/9A+23X2nExTSKH17CdB5rwMz8ggkJRhWeIyiA28oWMxfQyG20+0gwyZzMH4NK4Rn2auWUgxlS8lqkf8fZdHcMm/zYP1Ndu3KOYtMg85EHDPvbyZUt1wtcUHIoy5hQVaUYbIlqd58Vwi3ziIbQwJ7xHWwS8hZLyb7BeKD4cADz9e5AFEf8DqWsCxzeRBqxGqY+FxShrH5UqbCyKambQKgUY4tF7GtqC/SBPTxFpPHHdIsMpiBQcQN9kxgHRAAEvYgcCmVPntsHxAcsAKEGAgzAAQAjUgJ/+p3250+8O0+FbyBSjMOD/CiiK2uLC+3m92IUKEEhXMyYwy8cqVcLFXHxibGJ6ZGRsaLhdJgZ3Kgycqux36uqQoOgYd37TCTAd8B5UrB8WZGx2rbtm1tkUNvq0mj0cT/42f8R19tPFQdPFc0SG0gExmDNMm/WIedhml9wHePn0C/4KNKUsQNXy3hpkVpsILFHrAzAOjKSLmAzw/wwJd8t4ho28pcnep+B2BdoRDEtrXabq+sARPv1FdXyC6Qbf82HPqE96zNgiumhDEmZoCnxBBVIXGZAUArfPWzLOQvINFRRngrSlpmk0wL9UmEvUT7WimXqmXsdlDygUauNlYunbygnEQ7qetbftEpFMmxwXy5+E61Lkwl3OlCEHDBx3MK3F0LW0X6OmR/SWcjzQz0HLHtIQ8W882iPglukH1yLyEqdC/tA4nuJn7sFGJnTBdjN0rcpKoKVVUsZYGnUl/5QMKpLoUSqJ3Zoj0xAGvzeZvFgdioNdXigsGXUIswUELnRJE4SRz2MHWpNFTA65NWFuGracVNO62ruJH2+3bWV2mkMmFAJ6RUnZOQs9e53ueS/nxTDvpnNgr+yhgTmtv2FSYtsxxskuW4dvAtwVc5I+1vlEBwR45NzezZs3fXnt279+zZvWdXoVy2bb/di7lIkHLfC9XYU8bz+1HSA55LpRiSeu6iNtPuAHrmK5hKhCMrSIAZO/Bw3+KrWCTfXN93fJ8qn4w5U/HBtsQfQYkbAsnKpBmLbCRS3knywQpywuFmmrPjek7Bcjh8FRPaBPUjRY1o5FJAXT2tTtTq9tutTr3ZajTbAJ0jWpiYpU9e0RSq4pnETnoRw+K+aw0B6Bse78ZE9/HHH//xj3+8f//+j3zkI8Vi8TVfj7sVUDUAa8DWn/3sZ8vlshqO4RiO4XgXDyndIeZyyOgonbt8+cXjx5HXISL+zGd+L4yTibB36dJcvVEvUtuvh+VfzMpiVj1G0MEgZHkAABAASURBVH3xwiWgY/sP7BePe0TS+CORJWPCqjLq8HXHRkab7fbCwhJeefz4iSNHDiP/3LwPCDgWFxe//OUvP/HEE3fccQdmdRLo4N8TOJ7+OoytJCHFQeFzn3vuOSB0Bv62CV+2fYqkfTI7ooweER0OQehyCFFtR9yXrHq9zm5NsSjADpPZ4filgzjCljjscJ6Am8YL9F2Hd+6ZHQHagwSzvr5GySpVfLzRUjVhaCxBhK2ydhgl3W5Ejfbdxfr5xdXFYiEAUFQuFKdmt+BdR++4ZbRUKbmere7DbYo7+MhNh3BLI/8F6EwQsW3VqjXcsNyHSRxNxxGVEtm9VHRKslzNmT0Ahfq5kfxYotCq1P492245cghwEBKSgv/K9P8sR5p/CQP6OvD2dT1FjHpHjs4E2cSuIRl07cyPrdmxkbOnzz5/8uJd73tfamd3L7/vf/iz//6P/+Af7NoyStZLmfIdj9F0OnyH5qWwWquutTuPPXVsrDY27tqVsZFtMyMV4tSkVpq8//477dSxMhLNT7V4yGVsQnUdun79+JXQZ9NHm4mMpuI+5bTTRj7l2UQq7jNBvrm03EW61Wq0ey1c0hHkfdOj+246MLZjB+DILbccQZLsxlHjG9+/evrC3rvu2PcP/569cwsO4dKXv9FptQ+99z7k0c9/5xtBya7MVE6+9II9NfrTH36300tmDt6054HbdjpqpdH64GffW5nZnjX71A+us2ju0pXnTy49e7K93nBqxSPvfSBs1J/+0aNj27bf/sd/kPWyU1/6mr+8VvUIj+glPRQIrFfhiv96hla5ZqqgRpTaSuHEYNN6U/MyUusunrRuB8mw3lAJvpZkpga/5OZ89sRTwlQeNGPTgpsIBVq4xpu9sUR3NCU9CkahgQITixnpOlCggNFne/NHb6jK5r8TCXBBspngbbGyJb2LkJ0wotqwoNICAgnqTTl+TLQ70WEFQk2sNDtzXJYmt5knp4VPKedHOM4Ak0KHMGjWFmB5DnwaU6oZf0v0JnpersRM/2cTtpUmCXdf8R4GufGg5piEMPEuqmtdoM9hFFpc6MXmCxnpFSRpjNlxJV5rERDYdn2nUimVq5XR0bGRsTEGKhQOaGxMAZbmJXvThdKbLt21ly3fu+F4Nw6jmcD3AT1xBR/V3iQmwAv1m3YH91q7KTh0o4HvLUy1bfyFeo1Q3yE6NPFBxQuN7dyYzSv6L6Iaj2fDY3kaAuPKRXzhpsUX0Gf8V6lUS6VapVgN8OEsR0Mea4SrxTqNszBwyazCb0ZR0O06RA9W1A2V5TAtieCmpmwm1FtWpWL9DUB7mqC3DAVBTdLP2oq1ArgY84SAr5S/MpYvIPYovnxMPV6pVKmUsWu0i9hPYNGo9LSxwLwUN69e7fQRiXSVlfiB7fsEPdsekbtp71HJEgiQq2UEQBdcwHxcF2MdfG4CMWILKesI4zuhzyTPJ2rCVLOK0ihMqJGrR/TsJErjMEPVFV8F5RSU27XDzLNSX6NcX7W6RasQ6KCgcbosQsI1ytJY0wnqtjKtc5EUqb0JCE4iSARB84SkhHVNZzPC5+DTkqgbhd24F2UJ0GeArM00bKdhx8k6jurqrKvTnpVGpG2Skga0oVDra4rtr3THvVpwIyobooadv/+aef7a3jKlrpPzGiwS2UZp0uDYxghZyQrETTI+0Rqqtdntu7bv2b9z3/6ZbbOj07N4a7cX9XuxCGpRGdPmZhjmd3e7/Q5XNYn23A/7HfzcxWWTGiWKmJ5nI2MqFTGpByVUVMRdkMuErq2pBsr9Pdgp1j+Xdh5G3XkT/AhRKYLNcfnJMl1K3J/D1HncWgh0cYvaA88GVrjB5bYtxqD51uuHpMyCbfV7vU67iTpRBJRcAUl3M+1Sm4/tcCORXDacdFOAHo4bGe86APrSpUtAnz/84Q/fcsstN/6uHTt23HrrrV/4whe+9rWvAYNWwzEcwzEc7+LBXCfkikSKWF1dff6FFxDzkRCHZTVbrU6viyC8WCwgzlAszcy2RQmxopRGELq6snr+wjnEhQcPHkTeyBrQSiJLBOMIQRFxLMzPI4ocmxiv1UYRJeBTjh17+vDhw0eOHDl37nyrVcdrgNsuLCxgZxDTX716tVKpAIa+66678AMrQTuvmBFm2ZtgYTWQ3cjZcAo788ILL0Qm8o0LAXE/bUrgted7YjoepymbSBHKhuAI+2IzOo+EAge4e/cu5AO5/OVwDMerDMF1s7yFkoFdR0WekxXHapGypkbHY2bl1+tr80sr81fnAUkzduQQaTKJWs02wvNKoTQxNbl9dnZqaiKw7YKDqJo6Cl1yfgsJL+NgWuzIqICUpIjKBYmW7+LbIzKqm/wBs0HaQ+KtlKxY18maD54ah1Sb1WgleOLxx63sU0iHHe+V49LMGMyrV9fYyXUFM51er1nxSwbhv6yOk1lSTMKu2qSxa6VZ0dZbRgsfff/9z527cu7q4otnzqksufXueyqj4+04bTY63WYL6elap12sjuLB3zW7ZWllFQjA4SO733f/bc3l9WoWzWydJLa6Q6xVz2LwlNLWLCH1TYtlSYgotEle9q14/jlbJySTLpQVx6ofq1ansbR07qXTy1fmo0a7WqhMjI9ObJnefvQmu1olMloQECmIeGi6t74Wp+T8k8wv/+hvvmQXCzs+8SHrpgN9R3vNVjMJV5HWO+5XPv9Xu6YmVhv17/70u7d94H33/OPPhvW2SgEylFqNxcl9e7YCeTl77tQPf75yZTG10z17tr7wve8W1jvxegeA6Vq/e/XqlXazUVhvrp6+2Lnn6MrZK5ce//k9739g9MD+1LV6SViwg7cZ6dOiBpyn5oPyCCfwWuW4CAkKx2G/hzIq5dhxbG1aePQ1WIAZTEZn0mNqcXFHsA7zjHNnPotSyKOQmSlAaMxZLlRKibTtcN8Rqr8u7rDU2PJaygAJeqOgY+jQeWs3sHRgNb0eg2FulnnYH8/xSF8ayLGFSSDpkZStAMrYMjGysbYRymAxzsA0NMeWp1hzGViIgyR2KyBOxjQxB/UcN2PALWEGaCL6qWRzSjKvxHGkFmtiVCd2hM+JIteOYy+M+mQk2KNfKaMES58s/Oheh7il/W5IpLeUcDHgQH1UfkkjACCPikkRKGq21tfrdYAcuDW1LiGiAd6B6tH81Svr603sAuAzQH4270Ym8thKqes5iUPMeThyz0DjEZt7QlAlRgVF13LKqACVKoWR3khI7mr9kCHSmNTSYxLkoBIOlbJy6DkVQrTo2RqmLRP5WaYGywuJspOsO4A6YhkDnQM4F5AyAT0szMLkiUKLjI/t6lLZdqwR3LzVannb9pHLl6uXL9fX6431OtDxfoceJyIPs3pcyoxRfkhFg9nikjJrRVmEL3uWizoS8VQB4ZFtqG/jk13irLLcRsBCvcVypYpRLldpF4sFSg+0Xl1fxYH1+/Hy2vLa+nK32+y3k34nIpgXyDbp/mjBBLWwSRmFd33CJW07194QoaZU9PBVXn8zZ1D4r+xRSjB+zMxowYYJ5Y3oO18vxDORjtr90PKzlp/avvYKVhBoP3A8fPk21kACGnkJlItgGSeQTcNICEvdjD6Higm9OOxGfRI6wQoASJwiqjTMkk4WdrModu3EcxPHiiwVW4oAaHK2y9KNm8n875ViAf3yaWjjL6JXnWXqOsktM7Lr0OhN/2BhJ/O5mXltLrvB+lisZaFJJs1Hva82Uh4ZG5+awdfkzJaxmVm7VGvH9tWVDjt8ULU0t9ZMbYbUqUAQxd0ewc94ELjWQsVL1FacwLNZ5d/33YJPWknkoeH7lTIh0YUAcLHtOcbnz6yFsjAKKZurlrKn3DaTisIUXTLH1Cv0gNvP1U4KbCzHnEvxIcANwm1FGSdrGTf2BY5dDtyo5KdxibnbSUj1GCvOqNZikdMthaNJKjv062m7/S0Z7zoA+sknn7z99ttfF/osA5PpZz7zmX/9r//10tLS5OSkGo7hGI7heHcMwbsUW0Khlr2+vv7888CcX8Bie+ftd6ytrgL/Ffc/qnATxcntdDqlQnFdry2trHhkRUxrc9SNAMWmcbptdtvYh8YY1XIZ0gLu2hMBjVpt5PL8VWxqampqdGwUQLZmCHvH1lls89TxF/GCHTt3zS+6JGjb7+PFvl9od3vVaqfW6nz3O98/duyZm2+++bbbbhsdHRXqpVChOQrJ5GfWpU3eMBK9GUZAUEv4WpZ99atfX15a5UK7RlKAFKFEipJBt9WuVKpE2SLcR8euQvEf70TAjlgnioDQJZ12+9mnnzl44FClWmE/D4kvTS3dGuLRm8Z1+ndvRsT3TuQs/LJ9GtACN/1KKxZ4oWifJAwzfg5Hgpnt01uAqoQhS+4lsWJaIvmrIB+1DVqUbXyiSVqQZuZ8nw3AlwAkLj4p1tag31hKb7zrFfbdyfVkclEN2eUNBBnIdNHRn3rkvZ/5yAeKZOn3yo9kavimoiht1HWQjZCnOYkSOGkWiyQBpxvWYB8MBv3qN4n8xaZDcM2vbEGvXWBoSRhiBglbjYpbuHz5wpZdu6eq3t9/5OHF1YXnnn2ediTNDty070qr9fxTp154+vkdM5N/8JnffejAvtOnzq1f6e3dvg0FNF9xl6dIPGtmqLIWAxNlhd2qlbLfitRlAPszQZzbU1FXyNLW/MKzj/6032zgZFVGRu+8796xLbPe2AgTgbRKdAgUr9NtX73UW15tXllAyWIl6h946L5de/ddPPFSu1E/8tA9hSP7UicBPJlW/B0P3Xd4eXnezu782Md23Xr7XXUk2n01UdOjE4AoVLN76Stf/dmf/+WesTG7160vr6he6gblho7n506V11dKfbs/Mr7l6OHWwtXu/ELRd/w0K7d761/7/vzVxdpIberhh1WxHFskfGq//U+s9KgbBFoMlZRhyG08lozm4g7qt9vEgEa6bQ0KL/z3V9gw85+1SG/keLLKrSmlBiP5Nv8hlSXMADXm2SX4wHWcUqk8MlJjjyXCRjZ41JlhIstxmE8QQjU/Y4SLsQeUHxgYApBXRt3v9B/Q516P5URYpAMf7bLvopgECieQ+czYHyfmz2acmystBi2nF5Dpn8U5aKYYtpG2iTTHwel1zPuktRDYEbHoIttnpminb4esIaqJj60ZfSZwIUriDtFKcbL7vX4kcgI4VWGEtb4PtI9c4FJEG1Ev7DVa62vrK0laqdSKuO09AqB9xBSLy2uYCkql6sz0VqJiOuJvRg3iJgzamHe1egUO+3C864asbgPBBCkFideuTUIUXpYVk5StQ6UVIOeUJok8zubBFtmZ3MeOfTB1Hn1rxSI3nmk/0NQ8lLLkDnA520j7KKlMc6WKQDVxRtV4eEsVq1QawUy6c9dEo16bm6vOXVqYv3L16lW1tJyuN7rrdcTnpAfCyghhFgniyg8XOb8yjxXrOfBmcmZz/YA000slaj0olwATBsVCkSRByqUKs57bR/tcAAAQAElEQVSBPtdolMpl6Zugwk8cLSzMIxppNrra8ogb3I56fRSMgBATBMuRutosBCGD0ULNGj58oKnghipJjdi+HkxlKrumUyEzlncqNRVqen1C9d7YyiILOUS7bsckIBKlmOYKjg8MuuQVSqzr66MIaxMk7igRBaEqmyVzbv4pMiEz+MwM9owcTztRr93rtsNelMWAoaM0jTDz4GeFr8hOfCctWL6ryBjDxu5Eovqdc+mFxPwq08mrTzLZQG8jy3+45vUDNvPm9+QvlQq4CQP1po1lompNXxy7IYAslscmMUFum925e+vOPaXaKIl5IxGLdHOly70vvBQIJkuVFEDsSY+0nkl3BpM0UZ75qqFoEgTk+IdSKVUBAx9xYIGkNgBKo4walMs+i6+QSzN9uFGNotOT5KLbbGmQGDF1uRLceaNZ0JluW4532VvbHDNx+VMtuhx8hFSgkDY0tryk/xAJBq6TBF4SF1BnaPdix467YdZFDYN6XG2bufqcBubGne/IbOKdOd51APT8/Pzhw4fVGxolTN8jIwsLC0MAejiGYzh+i0ee1lo5dEtBCPJn13HPnzv3F3/xFz//+c8RZJbLZaS3U1OTjUaj2+0iuI1Q0abENcCiX6+vA//N2Hop50OpKIykfVizeBaQsYzFAeqNVrVaXV5eWV1bq1VrExMTvu+Tv1EYipMywhZED9t2bK+v10+eOLHv4IHx8XHSXK7Xq1VrodMlWb1qDZVCBB8//elPn3vuuR07dhw6dGjvnr3YU+w/Wyqb2CvvCzZHOtAKuPHzIz9Q071HcfGFCxd++pOfdnsdIl7ECQ5zdMtIzD1gkr4ieMex4KAQ5ePksJVSTIwyaki2scFLc3Nnzp694847sKMswDekQQ/H6xpagF07F6FjziORV23X8yiA33Sfs31PYrpu1aCnfoOEK/DUW0/nYFMlq1Qgx3H+xFcN37EzjUYTWSDyXMcl3ClkRzKg6fOrq8DasigJAI6nqUjgyiGkvL0bywn0y/9JsJpjTYyNPP/Si6dPvFBem3J3TZ9tLB/cs/eBh+61tXdl7iqysEo0+vyJudtvv+3I7p2P/vDR8Y99eMfMVKVcLPo+JjtbcrAcxr9WRPatfcoH208SklDAvxxMeIny3dItdz3gl4te0aWMGIW6OFbN9XC9vnp5ceHK4kp9PXFVebxWrU7N3nxTAa8cLaaFAPfI6vpyo+rM3n+HVQp05mY93GDF4p6dD/2X/zi9OLfw5NOLZ/9WN8P58+fiifLt/+xP9fhIpsP1Z58pxdG2cnFl8Wol7LWKvr1rYtvszKgd11F/azZr9x+e/eD7L37xP3UWs/F9exaePT4WJmuPPdsK7OkPv790cJ/2Ci7XWPQ7gXY6wIWMF5Y2y2SOQhkF44T6wXu9Lr6zZM1rbVN6izWLROeLjCDDUnDii8j851QIksYFkXiBrMjueT41LNMzYomebEJutwakzgYd2tkGNiH0PVbe0FKkyFExI/IhaJYlNpXisbWxAmrLGBDqHF63GHUwohx4Go3eNOtVZ5msbgbZYIDLQllJylkb/ctyuBk31zNHOqN2+j47tyUAyLGeuyzfyUZlGVshMrzR7fa7PenB5x5+JTtnM/5AeIRj+w7RN5OogmMtELuOYO5ioTA2ioI3Nq/6IbWJrK4uY7O1WhVgiFwCvTGvvPwOFCqd3oT7DMe7ZQyut2VI0HqA6ylT2aEf5YkQdq8p+joq3UCb89qLVITUoKuCB93JtnTUySwh/nYEgGoGDw0p1BSXtHmWtKGwkgVcRmA1EOSKVZ1GWakYjE7VtuxsNpukA9ImyZo+6ku0rBJl2Ogei8yBfLaxP+SQ3HUZiCb/NY/sW0hnncxAC4FPDxWRoD0WACI1ZUGOaU6wg6A4PT176GBvbGx865bt9cZ6P0R038EEiU/uR2aIjrOR8CV4jzR6NwpwWn6iw0uVsKDNWTI1QD0oCGplNJNkMbddGw+8W/IBmBeKRCMPCq7fqjeb682o0wMI3o6zUPfbyHeSHsIml4vDVNPWluhx55s1l8ZcQENcp4o45jpUubooeTEZN+a5NcUch8/3gzKRqws4MwgvMFXhi2nCloDqg8A/U6+yzr12ZjCY27NX/eOr/GNDIzr/LqIs5DWIi+/5leoICpsj41Pj01vGpmYqo+OOh+KKnURAc5HakH4KwbsE55LVZozJNBZVEsOsJxpERux5IkGQ1jNZC/gEQ3tB4JaKLmINP3B8x0JR0PdtUt6iy5fl9gmDQqz0u1kbZyy31lUq153WbKTL/rkiH56Z8owUJBhttpS5k7jbwBiacD+CRXwLp6QK2AL2rRqlvTBBSaEdql6omUDtmGXPtoCiB/5QguN1jHcdAI3aC+ZG9UYHplNsQQ3HcAzHcPz2DsGIhWkouBXzlNOTJ57793/x7+fm5qanp9fW1mZmZiYnJ4A+r6ysnD59+p577lGk9+p3O+RRtjC/gOQR8Shq3hl5ptkiA42wEmATiuEILoMgQFFwYnISUDUwXIDagJWJ8pzE/T553EtjnSbnbUvciqYmJ9fXG8eOHduzZ8/Ro0fbnc65c+cRmCCM7rbbQLEbzQYCpE6nU6/XXzr10ujY6G4e2OdSqYB9kBhVRMFMHHnDQJu80ZwTxujDPgHKTzzxxJWrV2KGnhHfRDHRrwpBYWR0dH29jlPXi7qe7ZIUSWY+zqVAjSBqxEfUFZi2f/GLJ2+++WathXN6Y/oBwzEcrzL0ALriexWh8XV31Mu0LPSvHzrBRyINyUi71iKBeP2q0r54Xp/4+ROtVuuB++6f2TKTcIKPBPfY8y8+8cyzd99518HdO5GxFj3XCHAwhTRVvxJaSUmI1sXAvevuI+tx2IriQwd3XTpzenF58aUTL02OjN56601jlSCp95fnzn3mk5+4/aZ95aw3PVoJPMdmWWwr07KR6+aYTLq19S9JNN+EEcWhfJjNyKJOODXMtFssuV4BJ7zdakT1tebq6sr8fH11TUXJaHV0bHpm/603BxM1XXIzu4xJXdl4W2QnWoXJTffdMzk9Wh0fa/z4icwvlY4c1lMTGYkVZBeeeuapf/s/TxdKxXZqJXG94rQeebBy963xudPNl84cOLBvZN+e1dMna5PTt3z6Y+5tN+npmez4qdXnz2JSnZmaWPjZz86ceqk2OTn6sQ/Nr66FJy8BZwD8f8snP6JHqsryKAtlXt/bDEFvpOmWtMdrY34/EH82hH2SJCWnpX4U9rPktQBolbc+6xwozn8nB63ypSqTRcgy6xGv1FhQqPs+CPxKpVookI0XPl2AkYEg+wbXWakBq5p9/qKMxTRsEoBK0w0cTMsWElp9Sec152cadIcZkoI/q1zkOWcwstGuTd5OxlOQz4nOgTiL8XTqYHacLGHbBkvOZI7iApXD2YsIaUhYT7VPKDNW3JigN9dlXMGixRi4dF9nfaDPzLALAfxECQm6czs/I0+O4OQAFIjYpqjjG9AZPhRpHX4ulYrjY2OFYgykvd3tAyxZXlmmclcJUJEvbHa53FxpuO6h3XRHis7oEIN+Nw25GzZm+CynLuf02Cy/YYQVupmhS/d7xprvmSkRbfojv2BQ8eDPSLlSbGzu2LTNxmPJH4kF3shEiA8p6UYMtBhyODtz7MCpTgR+dXxkS7glwmMVpwQ5J2FIJp9AEhlJNbzXjNXxhEnKIju2a7EuDqF6jO7xBMB6yCJKQK/jFzsiGRQliUjWszhF5jjB9NSs7xW3b9vZbDW63Q5rkpAKCHDwdrfbardZI5uqkl16lqPcgjSkvcwhaSpLaWP9l0P4ggznJ2CgXcK/FNQcD3upQA6OtWptpFqrlMvschdcvTx/9fLVtZXVXgu7ARw6JqHohNTm8SGWyjtbcvqtuTRqcGalzMBuiCzlzBIUgJ4zvhMIwMWZQQm1XK2Wq5UiyUoU8YK11bXuekgpFxfcWHglVRsQ9CuPNH3VP/Hsm6lNFZBXuFmv/bfeaJ4RZrkyy5tp8aFFDdizWyiXK7Ut27fPbtsO6Lk2NlEeGUvJStLuY/UII0DBxRJpsHBnJ1Uymg26iPgTYdBp6rAehs3Oy7lei+sSQdlG8YJo9KVCueSWSg6QXCRqrqWNIrMImuu8SGN8AnBz2tlA8YaTskFaZ+XencxZt2VtYrsBo7eRbjy2rFPDp0vaabBJBswToU4DBy8U3DQrRWRvmHVD1e7TF44pTnQqsLilXSR4nm0NNThueLzrAGjcna8uIPja4w0YW33jG9948cUXH374YUJnXs9AovW5z32uVqv93u/9nvHweWsGoJNHH33005/+9N69e2/8XQsLC5///OfjOJZ/3vgBnjlz5ktf+tK2bdtu/Liwhz/72c9+//d/HxCSGo7hGI63eFjkV2ayZUx6SPounb908uTJb33rW3gYAe+eP38ev/zABz4AHHlxcalRr2NixKMN/Jec6pEzJsn8wgIecLwMqZ304GIxj0kT1hSlAVtPz0wjXLhy+TJ+ATgbUQi2w9wli+JVRR33FHOnCetBEmiLgBTx4+7duxC6ra6s3H7bbYcOHHr8cUKmkiRC4NrrdfF9vbwOOLtYKDaaTUxW2O3RkRHgVnv37sHkMzY25vFn5ZST68erQdIDDumAHo4C/rPPPvfNb34THyrRsbQqj46O4mxQz3KvNz4+hoiz1+6wczd9IqIjjpNIhERRmZ2UoC9cvHju/PkD+w9wNx4z4YbRzHC80ZH3BA4cvF5j6F8L5fm6kUkGrmwSGqD4KrNfzlc2uXx27z33YHJA6sizgU5i5MrJ4tLizOxssQRE1UXGCMjNZdqWSe9vbDde7cCRJmUsAFIpWPcdPfA//bu/aq+vve89dwMy37N9W8VzRipIS8LZWvW//UefnZ9fai6t3XpwXwH5FXeFMmhHfkrXHDKbDNEs5zjs4P4WnnZSKMhISIQ8gJCwY49a7bW11bm5y3Gr2VutqzgqlotBqTKzZ//+22uFas0uFDEfxZZixYFE97VGmtXtOsD2zl25/OLJzFN733PPwte/ffzL30pr5Xv/9/+iMlNF1gakoXPp6o5CsVwt7t4x/dKxZ8p9Z+nFF8t795z+1g/StfrsPff2Ox2AHanrXFlerT/59I7b7xlZ7fVbvalisPSjn62urtuBP/XQg9ZdR6snTyyfnwOKuPXBO9TenUh02ebR2G++vQB0ZliOYgBgQElaucK41+37JB3hZyTCHrHkK7W1Y1kkEFk4kYNvBtDYdP9pA26nml1GB53RBtY01ElZtgYPrPCIiYyIggyZDnq8rAhRLIeKc9ae8aI0ODS9QAiHKRkFk7xOlipJ3JlbTBIecSw0apu0ptLN6b1tbQhsmmORJF8QoZwOrrUawOlqsCsi3EFvIY6k2uAXKqN6YTwzAeMkpNtqZbFnK9uzY0fHmZMICY5OED32URoBR1eM1AtEweiYxrnwiZSJ00MMaKNfQmL3dikIcQs+LgAAEABJREFUcOJcVs1loAEPu4NwRVrG23hAqpVErCOpjmSUEPgSbMagB/3/g2rSEH1+dw0y9VMGukuz3FaTb2+WbE/THNJLqfGIFrzUPMc6Zztn2SYXywEMbQJOlZNj89kCP8Q8uLTMUjipAND8GAngxg7FSbaxEfOwYrUlNNZ3iqrIH8PcUk2q1GFMmnJU1rENUVTeZplBCJ0RqZIKk7I2F1fzQozMLigYsfJ6LNi1uBt6rj86Og4skwtzfYKVqZMp6vYIgibYuSWejXWE7t0O/ZIVgWiS4sZBgh7l2IUbnWYi4CtyD0YMSMy9uTRmMzxuO6xgEvh+GaNUHqmNICPAD5gzgYWOjk/URseXKJdpNOv1qE86RIScRshlIuY0SxUtr81lg1lc/ilTg8WXmOX/ueTvGNFsxwuIJ14ql5F6jI6NEfbq+r1uB3vW6XVxCqJEINWNE2n+72VzSZb//rq/6E1/f/mP+rotbCpwZKbGSZhswtMa3YmWlASp4oCbpVCujIyOjoxN7Ni5a9uuXSPjk8VK1Q1K3X7U6UdJmGJ9Q4na0gDT+wjDkANSO0qbLiDuVOoDI+8bLSrPAj1Tp47vszBU5ntOCTUREnSxiyXHJ2d6vs2MNk3K4hgZc/3lERMQmUnPWbZh4cl5K846lk9eYoxut5VLpmRiNZAyqYrjCVMxtalFgPFubR5jTfvsmA4f2iifH+VHyg2V10N1H0sOv5BXOERzotekhuPGxrsOgFa/coqV3AiLIR8APk6dOoUfzp07d9ttt70uHLnNviUAoNVbPAADqdc5BEQ+cuTIRz/60cE/8cNrYtBYcp588kkAQx//+MffUlR9OIZjON7wkLg2pWZ26+LFiydOnLhy5Qow3MceewyTEsJDgMWf+MQn8AhfvjTXbDbxYoCtV65eJfIRwskwAhjUbrc6XQvRVrFY4hiUNCiYyaURciHrGx0bvXRprt/rISYDqI1QQvqU8WKXSskWs66I2IXAkYyJtMKne8gm/QAvmJyarNfrTx97es/ePR/96EeOHTv24vEXO3EH0VIn63Z7XfwVAHSxFBQKBewqItp2p3Xq1En8Exg0pq/du3eXgFsBbYnj7FoVjuxV2twYO7YEucYbERQ/+fOn/vwv/nxxYRG7h0Mn0Vut+nHfcW1yPG9dmZgYRyTtue7C0uLOnTvbK+2US+vkmsyxDSInRNg4PwjYHnvsZzu278AB4jXaHjZzDcdv7cg2nNVpUIoh+NOrlPjxgCBzJNMzx8YkE7gem5lb991z70qztWVmAmj08ZPPj4+O7ZiddSzT52/L1n7VJykBvLpjovx7H/vIM6fOT01PtBuNpNuZnByJ09BOYyez9m3dWrat1SuXtt902Ld1HOOJRjLjaSNt+wq7gEMeaBO91QPp2+mTpy4+82z3ytVCoVScmqxumTl4x50lRJi+R6k7kQmAv7nSnKqJtM3cqMZq78SJ5osvLjz3Quvi1d5aM/WD7WnaPXHaWl8d24LpPSDplzDOmvXO3NmK6mZO0Z+sRoGFxH3+2ZO7dt48993Hp0tV78Dhy3/7DVfrcPni/LevNsojzvxyoVIOdN8G+tDqBWNj2z743q2f+WTiOqMHD1y2vhba2p0cRZUPZT1bGaoggbPq7czzGHGghczmYqqm9naUQ+J2p7O+Xq8g0fYLeFFIKXhL9DeAlnALvIimG35xplnRMifpsQCH6GkQ5yvNlFHGUddKNss+cOaN/3ddG6uhyLEWgiL+yaLKsYFg+EzlzfsbAhfZQCaWRJ9jgDxYBH3frHqO46EYZEsjVEwlYRKwRnmImhXIjtBs0xrk26abCNuMVaJMQ3oubMv7TwxArjxryeYHw4r5hfxZaUyrIrE8NeuCJNi1KO6nWE91Qv3rhBf53LoedfHV67c7XewdyXSEdBviHOCxS5M23uR6Ogj8IkCNIsIAUvnBDobEqaR6gOy/yzaD5KiM8km7y2c04wNPSRSW6lmIhRImTduGhZptclvNNpr9X6WWPRy//aPbC9WAAYsHilECgGye56ZciEyE65D75eU0TKrmiJpOkhoki4dhcqaCXufq7Io5qTZhqXTHinKtpSzzJBobNB6WkDmtVIC5NNVGVN2WwlKqBIQzd7D0cZCHZxjhzUAIeXXleYkloIE6Y+/ijFpobHkImOyLF1D5xjZMVamUGYoqwlo8oZ0ewGXHJvAXgbwjw3W8xAtI6CMW8R/mm7LyByZN1OvIE5FkQegHxPK9vnRhSOGPFB6IFB0ZDJonTJ5GBVOUVgdbWh8sox0inGwqMqFER56IZItY4O4H4kZvmZzet2svZm9yJl2vk41pt0terEQL78tgfknM5jEqJ9sqaRdJmVNCuL1loH8qCfLn+QX6wHK1XCJR7OoI4d41QkeTdHVlGQfTajTXm/Vuv4eTT0A9XVl17fp2PdT88hYLvfE3M0dd+75rtOuNDkX+8nSTvkmSabGXtW3kTAWvUGK4vjIyNj4xOY2vyenpienpoFiyUOO0bDL4UUByoiTqo5TQ7jeaiBDEB5BQ4cglH07SZQmQAuFusTWyN6DxxmzQ83DJk34I9Lbk2xWfoGef3TulFCvi2koI+XKvGqaEMJMy+gzSFqe7YcAoShQxljyutRgGv21OEj9S9DiSqjhdJG2LD7QIQg1sEhxcBtcSggBdalo6RaAcy5eH7C1QHhX0uRhET5txwx3izzc+3o0A9OulMG8eWuvXFWJcuHAB3/fu3Ysf1tbWXheBFy/+5//8n6u3fnyUx+t6C1B1gMgPP/yw/HP79u0AdJ5++mlgOpitfskb8Zq5ublPf/rTv/xlwzEcw/HWDSE4S/YnTSEyK1LdmHJMG4v5+fPnHn30xwjNgOGikPbMs88iOH3/+96HiBBT0+joKOLEq1euEOdIa4SDiC+xTWDQiLk77U6fGufCaUA1E+N4pUPRmIVwDq9HGIaXttrt9fX1sN+fnplBbAGweNCbgt2gWJQiWitl56aEQnpCRRCvYA5OKHCNuG22sGfvrtVVBHLLgKF37NzxzDPPzM/PU1TaS/oU0oXNFrJQwqCBNWPnKRN2HBzR8ePHJycnt85um56ZLhVLBGuTwZVbLBbwerJmZu1pskk0rBMlunuCpHc6HczqTz0F3PvY8vJyp0tMDWa9EXaPCJudyj0Kgx1nfWlx29ZtU1NT6406hz429wRSkBxz4zPzpsl76tLFi9j/nTt2DpQTlIGuNuKaoTz0cLx8vPyWsNQ7NxaW/G2gz8gBvgisEup2rUqyEqIKEgcAbRkhYMgMgBCRumscJdUykqQCZgyLScfIcIzpkH4dKjab4zphmW7wx/lMurYGRnpw9/arS2vf+/6PVRLvnRnfNjYSuLZne0ABkOLvmpneOzuTsd0oZjyCSpXIRVhq874wxcZme0ZLvdWCxpSM0gwTJZjZtu7fN33vXbXRce26ulBAAgnUmbqM+33V6apGHSU+UvoNqqpcUaVKmoVn//PXXvrCl0ajUEf9tBcjeexZunN2rje3UCOGNDJWHYUpagLZ4nq0shr1u0R2KziJneFq9eZXuk/8wu+FzrYZyw96rY6f6n6qC7WxsX0Htuzdu/7CC0hbPe3FKutH3dHZyYzUGr2w2cu0oxx7Yud+pINMMhP4Qam3O8nLNiE3RnyC+IMpSq5ra+uO7xerVc18i26ngwpr2A8TrnHqgRBzTqPODH/YcIG55mr+bA2OVQ86/LPBDgz6kLHOoGAJlKBaqZRLJe5Vjwa6z0IBs41YhcVt9YKbsC4GK3OGBoA2rn2szuko1mzhbJ0a87EAOywkYHGTvWEYWpZB4zPTn86wmaC4jCoxPEMLokBArsiEWANpr8y8iwAG4VnT0yunguEeFHLiqMtARuZ4erRaQrkay3Sj0221uytr60nYi/tRQlB16hOjLnCURarbGtOFHRS9crlYpRNTEkVsRAWNeh3wFuAnlKddQkXIxg0PSLfdVhbJAaF8FTNyl6U4J1jQUyomsdWwnDqDB+bTjPDgSQ3g1UvXw/FbPDod3CcZ3zApoahksKaTIiswGXpmIjZ1oreeMCRNbf5so4evmK3rBL3MAVzCZBnNpn+xAgzdbXiGyB2P3QjFEs9IsOMZTI1DKU2VWAgdW/xIUNaxmK/sMAxMYacR1REDPyWwNEGIwEC1QyxU7dmuPLYki4UZnQQHWLYg4g+SpxMfgpAccS4xQCVOZpc/hh/xaIZYNNn7hHaK4EcP6LlhnmXsIKcM75vIp4wSZqywkRIWHmHuZCy612ONEiYyO6S8IyLvJHAUkS6HgMx524YRrGYat1jQIRzPjVKJ0Ou5ohIihT8+KDodUYYSFCbw1bU1UgBptjFLRISHk8EM/iNjU/5QwTkJiSZitDCXU/kgajliJJI1sj2v6JcrFUzNo2Njo+NjyJtq5MxYjbshSmeXL1xs1ZtX5q50ep0kjLF9L/CoUUP6RSTl4Ik1uzYk0gPXy43f5YtD3o+xiaNtKOqDUEM4xPmZt2T+pbsxoxYpcfpD7dwNKiXs+OTU+OTU9MyWmdltM1u2AEYvY3XTVkgLTcytJLiU/VCjFt/n89ZNSVEJF1Qz2dktFwtjIwDgC0xqzoLAIQA6cH2cIcfuI5VChc9SRc8uB2Rx7bJVc152MdRmsdK1jBMkWeJaVBFF8THDnUIXJonyFh/TpmOMso0Qi86lsWTZRHmVaqIOsQTYIIEqoAQ1kxthRtJNSom9oWFDU3nI4pqxhQKtCixzXi2d64SYToLhuNHxbgSgf20DU+S5c+dmZmbuvPNOhiqeGuC8+NMXv/hF/HD06NGvf/3rwG0B5n7uc58Dkjs+Pv7oo4/in/il/OaOO+74/Oc/j+1s1qz4xje+ARRYVClkawB25U+b1TB+yZ8GY7PAhXCZH3nkkccff7zZbOKvA5rz5uPCdt4AggzQBx+EDb6m1oeoggz2+eXbGah/YIrZvOeb91Y0TPDDH/zBH+C8veZ5GI7heJcMccMTPwgs46jty8SCxR0Lc7/be+yxx/7Nv/k3mHxuOXoLXvzss8+OjYzgkWl32hElqz1gtM16I+z1qSNEa9S2EXkAtwWgvLq6BiwXL9i6dStmM2S2lHsr1e92RkdG8fr5+auI5wANIyarlMsRGdOnCAHSMCQjDmTUPrW9O6wJ24siOyQYWOQmEfGQTEcSM1uK2GcIdzE3Iqs8e+YsjgKP/0svvYTpq9Np4dBa7VDwYjE2wZyGAEeT/yGNhYXFkydewsdRCoqw3uP/ZJCVUwGh4vYd2ycmJoDdICxptpqNxjrw7vPnz1+6dGlpcenq/DyCz1azycwRk0vj/wvFQrfbw7/X1+vjExM7d+0kN0KGKrApm7D4vmQsxWIRO4+kAHF04Nu9fv/pY8d27tyFYBYxvOGIXZvSDhPc4XjFcd2N8c7nz+NhATiH8pBFKW0mWgZCM7luaCmPGXTYUL009fNSEMv/o5b8W1Xc5UAAABAASURBVPYfpOpOnpiluSX5jWcFUpNLWRhE3mm665MM+VIS6ztvPfQv/o//tz/4+5+cnJiMEhVQCkOJicX2ePTRDJ+lrE4ob80Msr7xGYr1Rn5dF4jUj5Bsbd2+U+/ei4k1pnZiEZpkKH+pOf+Tn53+3g/qZ14q6oR83tzS9jvvu+Wzn7WnRgtL64XLSwU/WHbTsf179991T/HgQUz5F37ymK+cXpxp10fREttPr651F+tBbPmjE2pyPEqTcmS7K83LT/w8CbvB/t1W2kN+76V6z213jzz8Ho0YslC+/PPnbOUjAV1urlkl9/t/8/mp1eW7/uAfrK81WpQSW5n2yMCRyEZIFQlasVKl39abeyC1IOk+cMyxsfF1retYIFoN1FWCQtHz3SQOWcEioQIqyZ+aFmtze+ad67yWcTO5gZVTw3CzMrFcVKTdLRZKAgvL5WPdSdcB5louUdVUk65LP2WrQ2JaG/KfEYUV6D5HqFJpaxYkBbcwFrs4dm1u7uGacip0ZnmlqZhaG4xnzvEJbxM4dkNPQyzLOOnHg+FajghkG90NRgGIsCzINoNgYk1FjHLNhDQ9kPok8E1RnQmwlVUOvFLBx5fPrFKgfL1+twuAv93udbqC5gMwGamVcc6CYlAdqTEehKIVYcpYZPv0+h4zLPvYe/yhwg34uJUQt3SaLSBPmbZFLYVZmiiU4+WdVtPGGwGGCf7lkvVawfUC6VxXuTas9JKrge7IcLxrRkg+cirleVXwU/YsoX9aNoqXKGtoUpRLqJkg4/kXd3zEbFosItTLT/oxiSkzCQ1TS6WKbDNdsjvT7Fdt4fbzPGCbjmgvC/icN1AY8DrltQ9fqBrh9TKN4kuowLSaIfhk0FXgbbwgFqUdPNOaIvw0U0b5nUBy+heJ8tqeCN5jD6MePUee4xSLQSkISiVPFTyHrU41Qcm0WHuBX8wyCrAZ8AUoSGoNcS81KvI6l/YwBhUWFatMNYuEcWw+Byz3zBAg6eWQko7jETeE1fU1TkLsENnD95kvIk0Wmic+8wmCQhtKrRjAYLahU0DWCFhSeHIkojcm7VK1jECkQHzlLi4WnaGUUGicE+QjG5OmygbiEMK6FXRbqstM1mXfQ8ctVEpFzM/4omZMH4fd6XYzqpnFQbGwe89uHPuFOeQTc6trqz0RuQ9JuyQxlF6Va4jT0LlpzYbR4kCfWinjOZxPoKZQmm1oSm/q0tBmpqaz5HKxASfcQ42iUKoUiuVipVqqjparI0GxHKDCX665QTGz3Qz3MpPgM7qlsz55vmKKBEbfQaUAV7FU9F3PDsickjjOhcADAF0uB4Hv2eTyp/zA9guYmi1p+cFtVfCpw8Ql9wFcVDrjgxUj5wFIYYGWHJyVjKTPycmQKxBxLM9clrECOcmaWdwigHuFFP/Fe5Dkm1P5j4olNvfjDESjOOiUnq8sp0ErnspTJfRwIupHXBRFptYnvSejhSDEZ3kSWapDba1U1HDcwBgC0G/hWFtbm5+fv//++wGPAiLBBANIdDNuCzy0Wq3+2Z/9mWK0FN9FLXrzbxRTobERQLcDDjX+hK0dOHAA/xxIRf+zf/bPgL8IOLuysgIgZgBzy59uXCgD8A1AW+yqAMFAkTa/xeOx+fX4oHq9jn345aoagODxHXi6+qVDVLMHmtTyT6llqVzuY4Ag4684XmDQwsLefJJxKoA34ZWCPr+B8zAcw/FbOYTyLEwBRQLErjTQtlutC+fOHzt2DA/Ipbm5Bx98EMjt0uLi7Ozsrt27EGcAe1Us0IFXYu7Cko+Ct6JIOkJeiC0gyigEBYeJTggdQs75sLTjkUTgiHfhqUQsNzY2Vi6VNRGxEfQClugCFe4zhkv7xikpMcbyeJHJWYCYfMQnitt3FZOqCLkmXlKCyGP7jq2NRuvJJ5/ErPjhD3348pVLJ06caDQaFHukcbNVb7WaiLYwAwgGzT/4DtliWwI94xdILznopniEAzI7ID50QLIbCQnPdXvdPie+PYpJkdUSFTrm5kG8mKpirM1XqVQQP+OHHiPjnW4HvylRJ3AZARnOA8JZnCSkEjEdkR74m+N3z73wwgMPPQTYWg3HcPz2DmkXwPTiBcHU5JTN6gSiWftGWMHA65K05AZK+khJqIGmj5gx6Ot8P17eBDfQEZCZ0NIv63ClJv0IKWax4D9wz+0Ll69sr5VGikVVCDZSusG+DFzU9ObPfJtAU5GrJUoRGcnSXtkCBSbU69tPLv34sWP/n3+3ZXVtZ9KNs15kaUe1WwvfPrm8euiffjbpriIDtYPyff/4s+Vbb+r7BVWuJL94Fum4lVm1bdswe1KiHqXxlRU/8gCQZCM1NTurkcOuh+nqcrdRt2rl8m1HwtXluN3ErNq5fGXxz/9qrtHefscdIypqJ/Hkrj1b33fv6RePEzuv01dIg7dvTfbtGpuZ8bZtVYNzSMyodxbJSFO5sTg2PoHF7sqVy8tLi4VCcXx8tJwRGTkTkCeNhSiXbtwqRtFZmGq5p5IBDSwrr13YOs2bfFlPnEADwrF5obEJXsUKBQC6hPUXiybQC7HxY3M/IFaCilgDbMr0NOe2gvJxyMSxypHWMqFgsXRHKbXRXS5aoDnKlTcyC9+Xj0oPdGKFWZjTEQmt9Vxt7KGMUic5HsZcEI6p2EFcYlLgRCHDx6uF/UfIHL9ecUiAMk9tpDIxUmEAPMPqS66DWIWBPzdpMRXoAQjYaK2C7dRq1U4vFOcy6cnu9+NGvdFoNoFc8+pPSBYAaLJqTBKA2e1mc91fTZXVpXq5VSqXHLeCJR8AdEMl62s0fNLXLiJ0qVYJvzaViIy71k1JLJOHfohAv6tGP2IAWp5h/o5nTjjOCDBdAts0QFSS4WFINWMRAJKNiVPWGY7DMO5HsTz21sDZ0/hn2iiiSE+d68k34gG71B+ic20eLQRM1h8gOYWI5GwSJjlnLA9NRaXc4lMnmiSE2ChOLP4IyotlYlCshRcnJH1BAsx4hkh9IiiWTMcA80U7NFpAFavlUo0Qtwp2TLtiGUecaYZFfeqnTMx6iweLNhYbLrhhJ1O/hU3ODwaTNvM7iXtYLqY97CNeQP4FibLFR9ALhPhNBHMCDKMC7VsBeCOLfLAgyUB0Qksx2WIplDQnL2ci5pQxWm70OxB+e24JmYXn0/lIaGqyWMIoYfNDZQp7Zm0X80G1od9tGrr4QqOOS0gl/uljxwrIIGxu7SK7VEqaktSKU5T99uzZs33rti3nz01OTs7NXV5cWlpaXqLUibSzhSOUmMvCw1BSTM+MHsg3SVmQX5HlEtxSxBuYNBrVF7ofeHGwLGa+28pmlUPHQ9m07BeLo+OTY+OT1dFxAaBJdwUXMijYXjGzXPL9U9JJQ6V6JESYV9kzEuB5jOyvRI4S5WoF34C5e8XACzwHNQhHEGeSpkGBlmSr4hDTa6pRvA5cUlvG2s7i3iTjpJWQ1LWdH6CYzXJTTBybLgIWRIkNm5tqI4ZdxKR3aWC1B52+uIS4rZmwTJVOR4v4BlttMq+ZadA4eWK0qwYq7Pw00RfWnS5S2n7Y6+NpjaTYSIuesTq0hCmldqrhuJExBKDfwgG8FfPLkSNHsGTcddddwHQAvmwGoDerWMgAhHrbbbe9fFM7d+4EAH3hwgUBoAVaBQCNn4UpPJBUHqDVwHlLpRJw4YH2NPBcQNuAaLG4/HKkGG+R/cTOP/30068pEo19ACLzqU996pdsFrCvwOu/XIdEVLPxsgFL+oMf/CBQJED58k9R/8COyT9xErBZOTO7d+/GngxO8uCVgo+/gfMwHMPxWzkkHMFiieI1l3aIkYHH4fGfPQY86Jvf+uZTx47devRosVRaW1lFrLN1yxasxivLyyhxO0QDTIJCgeBm36+vr5tWNoV0N0N+xiFTxi10IRZxoK5YpAExI7JC+jc9NTU1PU2azqQSRvQLrNflcqnT7qDmLwl5GFJNy/EciaEQbnAYYSFQxifxY+sGfsAYLgXhIWXdFqYg8hUZHQPQjElgYmLsd3/3d0+fPv2LX/wCwRxDSCj0e81mmxWlE8rdKfxCXE9xCtk3BT65t1ha1OMMFFUnIjYCW1J27vcRtuODqEyfpqwLR9G5CM6lOTkCe42ZB8E6fkZZDrl9baSaxOna2vqVK1cRlclkhY1cvXIVh4NX+sy8FhM2XI2fP/kkKoiDhrJhX9dw/JYNqX7hwdm6dZsE+um1Iuyv8JZNGoav/EAQ9znH9jY9NNk1/6JBnEcWCkD1CXMVO6BRoh4ROGXx3OgS+mcZvzhWCcF050Vp4il7/44d3Xp9/5698veM/PoyS0i5ptd10A77Ng+DhCPREtlk7rIVRDNTHu2lk84eOHQSCfxqq6zjTsmxJ0bi1VYtUpcffXTk8JZsaSUIUy/tF+cW50+89IsL52777N9HlSxar2eFWpj6KnWJxdfrNeYu6V4/ddwQk9jYeFwux+srXkok3uLslonDh9a+/xOLtEns9eX1tu1F5VI8UVvtr1+pFXfefefWv/upycZaa3199MB+PVKZefj+8ZsOkSHRaI1FOTSrBGf6nTEZmruRM9UgKIyOjWNdQKiMZBW4zOrKcr8HXD0mCY5QWMms6KxEzTIzwEiaWw6aHv1MaG0sypmxzKsiUp3RjmbpTmyKyMKkEFUsADMoFIn6ZwvGS455FiMwpsPc6IOI8IbQng1zL7cINKgJMTaZ5886tTIETTPK7DlWbg5+YJLG3+kbK7CaLvccO2O2JO32BvQc0aovmBdLwMaGMslIikvtBKLjwYq3xHQm7rjNvOlYbKaiqNVp15tNhBOtdqvb7SRRDJSnXHQrBb9WDhw/AOqHHW51kzQk0CFloVBgJAgzcChFnDREKsyOw0HG5DyBkkvL9QKNCjQuFB5/AtjxlvrCPGGL66wOi0W6UAC2UgNuZxHSUXCcwMl1SORMDNHnd+FINuGDip9bVly3mLZrrA6M6Lr0FPCNIs+LTbxOPDKpbW4k8moj6TfyriMWBMODNiHQFO+Skq7jsjGcDQDawLUEgLKqjmbBDH6mLEvsWll8g+aQ1Aj50M3KOuuYNlzHCm2LzOO0QlCeuVwAY282gOq0KibM/w37mn38iFhsOwqFMU3eoCGr4YmHHoBDKxGGbU4UVtLpYxvP05SA35gDfzz/Tuo4uZCQY6fs6ZpaMhtYiuTr+PTQqfA8zXwUweMxw6EKR6U5O2b5HGUbYWnPzQFo425q6L9UIKN2T6oOGe3tQRFasxmL6N2RdAZATM9JUzfB0oZPZHlrc8Uso0kyeMAHwO9gGiTVHqp7JT1kHaQPkXkFoLI+HThNfCxkktFijBODzKNarWKn8RPAotHx0QUaS2s03axhuuICgRTrSFVJ5epM18r8DCbhbAM1zRFyS+4/w43WLPpFyL5tu1yzI/zfw1yImQ2pWgmwcQUANL4APfvAowulMMkwPwKUx1qDk4xNo9ySUm8Id4V0O/1SqaNqAAAQAElEQVR+B+guVR8cD6BzpVKuAIKpFMtFTLROIfBccoLFhxpKv+cqXHiioaMmkcUI2qiowXRnmqZJE1r4Ri7B3eLkyYtRyk0DLPccsf5HJELkWnw42XnTqKxwJcLKG3ZM+TNOY1bZpgNnGNrKeQc6PzXZhsqViGKT9SwiRdQkcdl6cdbpxd1e3OtHuL7cvpMOun9E3lwPRaBveAwB6LdqCEl5+/btAoYCcQAkAUh0s/rEyynDNBm9EiQ6Ojo6MzMzEFkWaFXoz5s/RcYArb7nnnvwJ6EwDz4Xv1GvNfB6+QE7g50E/vtqWO1A4uPTn/70L0GWsZ/f/e53B/C6cJAHHOfNQ1SzcQiD3+BzAdYMAOjr9EBw4ANytMDlcpKvOzNv7DwMx3D8Vg7RayYA13FE+XFhafHy5cvAiJ/8xS+wdv/epz9dLJfWVlcBIqO2DRh3z949KOMjdgn7BCujooN0LmM3ao8F3qTlDTEWwql2p4tYBrEsgolmq7WyvIIKOTK+2S1bEJuw+h2loAhnA26kQ2CGjSPGRmCBNJ65wKrX73Mfm+Yed7H+oxZFEvoIqYnXY78s5jNQ4g4AF+9F3EFF+K2ltbUVVOYxKX3yk5+8cuXKhYsXV9fWYspFE8BLCB0YTaag0uFIRBobSaMul4aTkAL/pJZcAsqZoZkAX2gzNm2JPh01JxLXi+XrWF0TUPbE+AROI/AIEsvu9wkEcPTExAQCp1azfvHCBYSZIyMj5DGrFZfx0y5OWqlE+YbvnThx4sEHH8Q/1XAMxw2NjZxI/YYMYaa4lknnBn2ibxBhFKnEQeuk4YVtfF03JGcLoz6xxJDsKqKDUaMuzTlWpq4DkigzjdMeZqbA0h+4/+7GeqOxurZlZho5TEx6gq8AnetX+MS3bRDirDNjtkMyJwwoWkgme95Y8eYH7rn6H79SD6Ng+94jf/yP48XFF//yP1Z7PXX8jL6yGEQJ6orP/c2Xw5IdOmlnfr68uhyotN1pFXDGemHQxfee12yUuHe6ODGmxiaCmW39+Ybl+d1i4eD73mttm7V37Wxv3XK+vlrbun/LkZvvue9+tXWrai/v+juf8mZ3WJNT3vaZCU2aDMq1EytwajuIOIZpnxqc7TQ/xW87CK0NQV4owhq5eXVkjPpj+j06t7Z19epll3EQrIDAo4lixYQ9nHDCIWIGf7Xg0aJzaXQxBoLCZHVgpY4pFZPIZG5zlxLS62CZ86s1ZAxVvDQh6jKhzJqkVAklcbkZXVJ+4ogJ+rzRl82AWH4amWIXC0lbWeIPyALyCetiaNGO0sa0zLR8M5WSEn5TqCXoh5N7a8PtUDNQEJmWJmohSozfb960ThodzN9jIiTharQ52iHZiAZ8DIyjTaFE2Ot0mAAXdro9ANDrzVa90el0+55jl0vB1MTo6EipHLipzhpRv9MBQN2uN9qoEZOLVZJFfSobB36hVqlg7fU8nwDxEBcIm83Y2zgIsIEC4fpsWBivLi9dAsbd6yDsoaI4YYB+tTrSY9S7NjJeq4y5gc2d22+mNYNp47+xlw7x7rd9SBFnEDoKJoWbhUTtMi52klItIbVcgqHwlcotHgkG+JmFZyL0Y5/b+1iyn3U2MIOQv6gjjf1GZ4HItRabCFJ7AFFsdWYk1wmcixihJQao4nlA2LIWy/lYAlHyg89GcxaWvdSzEt9BAE5NGqkpP8m7KuWg3SFV33qjge8AJ0vVIoZfpNkFjwjCd+wKWacAHLDthMu6iueRiItLBMu5tpWLvtPc5InwVMayQpw/6MROWFyJgWGtZDFFlchXBWAORJQh8EHTHAk8GDMUAYLESMWsQk0xOBaAgzi1KtJGBMfODNo5UDtSxiBS+hWUALHCZubZjEwBRe9XGhm4ckDvYN0NkTchw3C2gZRHnd9qDbpYZGJNSGU+JHWSmKxOUw4dMK2J1yvZj+MCeT6yBTvTwM4FKp2cnkJNbGbrTINk/lorq6srqyvNZrNDLHQUMZHZdMkFkZnqxq5RmMDcskIrirl4xtXSSEfTquPa4mZjsQkk0egD+iVJbhBm7xD+XPDIrb1YrFB3R6FULpbLluMz/KqIdO8I/lzAJIkdaDd7PRxit4P/4Trj0pRK1EOK6bNSAvRcIkid1iCcMZwnVDdoYXAtNdhH8nbNWLY/iZiJzD0/TDaKhItPq5KyuIYh0LOolst0F1FjSi+K+sRl5l5YLudYht6fa6Nza5HRvGIGNJ0orvI42pSKeJo1toamVYw/kYI6Oqe0CzbfY1z1VbjJ6StjG11WoJaeAe7UcWLHGgLQr2MMAei3aghJ+UUeg18CG73jjjtelxWhDAFhhd6Lfw6gVfwTE9N1nyJDaMuAa4G6iuKEYob1ZiHpX3GI+gd24A//8A8HB7VZoHnwidg9nI0PfvCDr/nRr8m2VtcqRG8eOCE4LaLCIZ8oJHH1Fp+H4RiO36AhnGIJkY8dO/bE448jWFxeWbn11ltPnTqJ8vU9d9+NmAMR58njxxGkBNTQWnvx+PFdu3ZOTc0gusIG8Jivrq62Wu2JiXFZ9MUkmlJNBFssddftdpZXllqtZq02Mj0zjfCFm/xMUIhwQbp9RQaENBk9h1Bp22FziZBb8plTkBpZTItlu7q9rsPWEYOuNIRnPj/LCOyQJVLpO7WRmWP7mAqQXiIwevihh1DkX11aOX/+wsVLF+vdumLrFXxwlJI6M+8zIOkOuzWxMolHUZQQkIUQzfFewkAVgjdPpGKJd0J0EG168dIU08vk1GSz0WRL69xBMKNpHIc5NTXVYwUPFNUAmm/buhUgXKNeR+QmPBqKU7MMoP/Ro0eH0cxw3Nj4zQOgrxu/IqgoytE5li0blJRbSbp5/cfxi0IybItLLjFtkLdfnZ9fX1/funXbSLWqjIRGDmmnGbILYGiA+3xlT41Vux03TWJNuZwBq7NrDuedBUDzEKUEI1urec7SSK9U1GqtJToJPbu2b58+eMSamVFj3/GXVlePvViOYj8jh6IIYEqtuOfw7m27tp/78aNuFvmuO+Wk6z/4/rkrc6O+o86eBpK/lkajk2N6bHTk4OGLL5zBLK+2zlYefiAruJUH7753ajTtrBd27vBGxrVGRdNPilZvpGSNV1MS/Q+xCljcL478tU9AtGWzAIWoPr9zmkG04RVTagtQMigUsWxECQAgtbq8sLA4D2wl8ElVudNukxSsZTyKWKwylsSYuc9ZIuZljEAb0jLLiYvoOS8/LJalZS1MSAMVddZiUKtWxifGOiSD3E5IA4o7esg9itt7GAxLjCZtaoynBkNoXwzykrolMcsioyxqaWsgxSysQ3EFpGJpmneAMymbW+BF/tRjcEMIaEx2ZOlrxtyYxBcncZLL42pxkrK4civC0Qy6EU7CGgKJFWeyb3gj1vCYpJiBKHspIcZRjxy8em3CZrrAl/HRpVJhenKsVi2VC04XFe0IqE2j0WiurTV7/QjgQcayohb5VXjVSm1sdFTcFUlGut2mwrmPICKg726lVPRYDJ4A6IsXz62urToM4rA2jwUAOiVrZBs/l4KSDgKafozwxpv0lN+4zkw2xKDfAcNiyQhik3q5sq50A1DRKIrpGQ8ROof9JFfiIR4mVTlwU7mI+5jQGQtWRqLnPtkMkvKGR95+rF1rMEdgvAlmyNTCcxvrgeRCGpK+eR+3KTuYsPubY1m5dDziV8v4qWUGb6OJxtp8mzHaJ3gsvQQQX6cX15s+G7WpYrVYrgCjLBUrqNC4RP33nDTGskj1MMVQO0C7mDmsZCAYhQRwZp7DgTT1aBBF1ebOj4Q41CSWlZhimCFNJwRA44VUbksdl/1OEWoT6ByjmqeITM2MVGpXIs61MMkFgOank64Ekbs5OZCiG4sraKPAz7/Xm9BnzWLN/JfUaFhY3P9giQJ+hMlRZOxJuwrXws6luujkZpaZA0XjgmpsLM6Hkxf2ceGBchKzxhMAGq8h9RSPbPboS9pVbHuiMDE9M6nIeZV0WpZZiAOhCIB/pDDNJokHYZ7v9QjcxnZDkormNIJ0AKk6xgR0shJkDJ0LzKx+7ZKtIea0gExtyNemVCiUmQHtsEBSgJssKJQCUgcE7oyLW7JIctzF6W11MIv2cK2DoEz2rripHKfR6LXaRD/CvNnr9XyP1DtQthsjQg3m31KpWGAoGWW/2LaE2K5MXVLxPqZSC0gZgI7psWHoWFw3abGgjhQBoBVD7Bk1y7Dno8XF1ZgMAOhu9/OVThtJEst856IpvSGXf8nV2ZPUZh483wEi6CTpWR6wMdmdwW7Kw0xlgrqD6H4g9NlJuR6OFQswOt3vUcbFm5S7jtJhxnbjYwhAvyUDIMiTTz55HcopyOxARuP1jgG9Fz8jZhIl5RLCrkIBqOt1vODN4x4egx344he/+KZgr7I1fPqf/MmfbOZf4+j++T//55tfiQkUe44fBvivDPnndSaHA/L1K47NhGvhMstuDF4gihzAoM+dO4fzv5nm/Badh+EYjnf4kARRUdiXscgD9Z6jwv7YYz/7yle+irUcmOwnP/0phBRXr87ffNNNWJkR62DpRtFrZWkFJXgUx0eroy88+2JjW6Naq5Ihd6wajdZafW3Xrl2IxBAVIw4qBH69tVbUZcRqF85eAJqAyvrszIxHdj1UVvYdF4VztlFKhUFFFeiESBPAfxBiF0uFLPM77Q4RJBB8cNiNSYbMRogpmSJYYZE1krCzA/weZXDK4fshhSdFzb4qxKWgQMZ1Pd/xC+OFXhg9+/wLiD6np6fuuPvOW++47erVxTNnzsxfvcr90cq1dC/qOimwD5t6fDXe66e9CFNOZtqLKbVPSaikL2LN+GjFEBX/nsIcfEdsWamVMKchS6Yy4Y7tber5pZAEcVq/28OEgzfiO6bucrG0trZ27szZbdu2bt+6DcFcu9NGBBoUAgTfF86dvevOOxBfEo3OMit13lCmhuPdNzYLF18Hb6abfvXOwehuaOg3aXcFYU7NNnPM+VW2jinR5SnRLZRVgYmjLD/9/PHjAALq3e7dt93uUXWKPe94q8TUpmZci0VzabMj5WIOFNnqBgD0X0kB+jpFjw0lhNc4fda1H5vylGWZd5J1IrIo1Q/nT58oh93Q0gVAz0U/Pbeqm82k3ZwYmenV247t92uV2z/9oWRbrU0JnyJ7uVSPJMnFb397VauerRacrIZ024lWbWfX+KiqBNs/8rC/dbrbak3s22XtnMH0aAd++fD+fqvRabTqz59Mmr21pfqVpavBlok7HnmPU6WW5LDR6jZaSEJHpqYLlUqWRIRK2O41QMnbzoA23zKBOGg5Q2Jqu7XaKClKFf2RWqlZX2vW62tr6yjlAo8hgh5ra7CAZS7HaSSUsyxXvqCiZmrS9Y3aR8raGqkALBr4EgL/UrGInwF0ZFTzFeFlkaG0ufmYl1bWnk6YO8gAtNymsl098LHSllEWHWDNsmOim8GwuGjXimJHLk3Ljjc7mQAAEABJREFUwpdmg5bxCMXBkewyq6AymMIyW2wxqER0hwUChK1mi21TjgYJbM3qpoDYVZAG8liSTDOT3VyCftIgTT2s2qqOtb9YLBQL3milPDE2Oj5aw1oc9YGPdIHZNOtNIDSCv+MmQpQheB4xDrldqx8Rt5AlbkkRFjhOs9UGqhTGUbHdZjjax7lnDTG+yKTfSnAIsPBmfX1labFcqIzWxgK/YLGlVvaqvOXXcbcO4YvfxBGQkbV2GDS2DOuYlSQsLU93Qg8IkFxLRGwHatGMYGJh0W5Gkrys25yREm5I0KdWvmUFJCCt+M9mnUqplsNTAQPcIqmMGk0YIw4mqz9LwMcUJRMLz6JoQ6ep6QvKhPDLmiCpaN0Y4E5qUplh9CY8JQFzBKrI/YDE+ehRk0cWRi6AQgIxNRsKED+DeKkqM/6KZNpG3m1ssEjxM6HqBt7FRABM1HZUqox6r3glUGIiZFKCoS1g18aRWAuJ2M3Y7hfAIrnQkZoFnm6aRjQ5NDJiGMvuY40CupVPa5ZQmrlOQyLchhjNE5olVoEWy/4Klk+rIksRKVrnLOWRXLB0jQi2mRtEDDBPklUysyMh/ZjiqJyWOTRvUoelq6X8aCqL3N5CNV1mKyfiWGgpY4hIOxaUiijhBqXCKKv8kfEM4a1cLad6HslQhAxFA38mNDoKTRWTJlribnO+wk57xIB2qfCsxBzAYclixnEt1i0huNmhvSSBoQD3MP/TRapVRi0z8Im7TCokSb/fwcVHzc5SSYEMBqtKVxnbpvofwdflInGlXU3dLlQmSC1hNytqYAGOG/P8KdO/GBu43L+eME7MxG3m/bge2x2Q+gkpMHF91OULTnUAm6XEXNw/qc0mB5ToFYmezcaVxEEWVXNz+c3NbacoDmXK4QXALHNs2GvagNj7J2Fr3ZiuDl0XdvvFLugYx8O1GaDtuMyOlVCPFlsXpG4iRR2Xu2it4Qx+w2MIQL++Ic1mr/mygf3gZnxTZDQAjL6iyvNrjgG9F2V9bAdbU9dyfjejwDIEacVuCPD6cjPDNzzwcV/+8pcBDIlXoXqtPf/TP/3Tzb/5JRIc16ldKwadcdLkZzmxwHde/kYZInXy9a9/HT+L/aB6K8/DcAzHO39Y5PWXiEWeQ4Z+yUsvnXrxxeNf+MIXzp49gyr6wYMHUdzGQ71ly5bJqSmU0y0O47De1qrV9fU1hCnAnbekW65cuTJ3+TICAtTUR0dH9u7fi6iAOAIk6Jw6nPvOLyxE/TgIirVS1fNs8X8Qxge1GGthcaUDQI1dRCzPcxFMMZGYunF9RQF9u9NF6tdutV3fk1cCLyYXFG0hEkMKaTMezfwDoMBxp9NV7JGYW1MrZLIUx2t7dHRsbu7Ss88++9RTx2ja3Lb99ttuc+6+e2Vl5fLluXPnzmpyQQwd0xGMyMeEvoPvpKTBP0gUmBIFhZTj4oQ69xEW4jwDVr73vntxHlAk27V7FxswkpgnhZkWnwrqn6Toh3WlnfGxsVarvbi0tIq5aGoa2TR2GruhY3XhwvmV5eWxsdGI2irVcAzHqw+9CfiQx8roHr7bAI039qBYnJhizrjn7rujhLpoXxHh5IxJbwK1f42FoHx3NjqKjeiIel1DD94vGyWwwovrnbTRQepJYqCYsnrt+a9/N1tcKzhuJ+1nbhaHbcsqzJ08sfD4Yr3bnt6+O1te8h0vIcaeDkZKzuzYtjtuweyHWuaRPXsnbr9VlQqFA/t2bNtJ6RvgguWVtasLS1eudvrd5V4bqW61WJkZn5rZtmVv9Z40itYuLsxffrLbJkar9t2JHVurk1MZqotEgXZ44TDXNntH8D0NCpErchK+iZy/NjJSKRc7tXK3PXr18qVWs7W6vt5qdUi/gdz2FOMOmWhHpqkBhjNjTSjFxdQAxUT9NogmE+sAS2uP23PIPa9M1BNk1RHZGyiH9a8YErZEBVUz91nUrggJNp9B0ESmBvzlnPCsDYNMhKOZmLhhf0W4eZppQ4w0xE5HAA6jt8pVGiGw5fhIJAi0YV0LyM2HZA3EO5QRidZyI2o2yUzsfGjWX8UHAAuOSXUUsF0kqLeLqCUM7VarGLi+60yMVifHR8ZGaiSJ1e+324CfyXEQcJwYeZGQapyx4bA4UwFSsVETaDRbTDslcLzXizLVxCs73U6x2CQd01oFh1UBwu1aIsEBPJv4eZ1us7Hue/5YdbQ3PhUXKzbLGWTXmI5u3Co3XhSU6z1EMH7jBhl4EADtsvKsQT4N0ZihX5saaACBOey/SQ8Ji6AnRKzULGHj6MSy6dnhxw/xZRJlJI9rW5nrcJchFUpZjpiYnUIrAdop7mq0uX6f/PqsTNBvguVYVV60IUg0WW5PkQuhf5Mqrmj3iGIPzwqWTDisbMeVV9fBbBMUvC4xbQE/EkZuRa6ZoqxcPBezfJRyQY6AZAHyxIGVkDsbUHvCMxS3PbiW61sDEz9ZUamXUIlJKukf4DVpriOhyCgPOK4mtQOlE3PIEd7DZnPcnsh4ef5FILtjNFEsgz4bQW6WyyYzhLwMy9RsFv7J+6gI/7YATrIfjHIYqSfbQKLymgYQkeriWN4izDfhp9Ziv0fmSxO9nftHxLYxFWVtKxOabsp8XvYAoEGeyZRPcIhhq2K54Je8kUT0saUKmAwcLgkhTVADiEMzyG6H5npZPBjFJtUSZF8k2UzFQyC/QKn7pNWNIkXEbnkuzeIEBdtylcjCj9VUGIC2HEXoc8roMPeyxCQsQra6WIvTIok7B+TQTn48Hml4BI7vOXJ7hXwzaIVkx3IFL47pthE1a1skOehO0MC9MxYUEQ1uumqOBwCaBasMtx3nnhVd2BZSGfeChA4tYY9CajsoBEVUCsV6koWVSKXaZskkPFncZIPbgKWfbaJ/S1GHaMt8Pflup8Mk6066NFQUItV0LnVg7UVtPaZ7SpEEu2UnNj6EVKJcbnFgPjTW5YBshIYI9A2Pdx0AzVHOGw9fM/aDfs2XvVzIWG2S0RABDfX6h9B7EVsNoFXFMOvnPve5r33ta8LnFVkMeQ3wVrwFSCv2BEirILkD8PpXGbIbQJBfE31+vQP7iX3erNf83e9+F2iOCD0LiD8A3HFEP/jBDwZyH4rBbuD7eDtePzj/ss234jwMx3C880dKPcIk+oyHAg/O448/vrq6euzYMelLaLdbY2OkX1ksFm+//fbFhQVMI/04libZVkj+8mHU93ShVqshSA2TqFKtjNRqrU6b/YQofCgVy/jh4qW5+tpK4BcnJ6c5+o2ITMyRH1vb055gs1mabZ6EKb7KEpN7cSmZRMd8H9X9QiGwyyVAtBRW0UpPohmIYEjLQmVdMiF0hJGFgj2iB8dWIRsVIrRBrNPudKIwKlVLiDWBBY+PT+Dwd+3a0+/1Xnrp9AsvHi+XSgDfbzpy06FDh65cvXTx4sXFq4viHM6KdsZRRnGrPjE4uHFMcR4vfhf4BYKcmJuXEe7cf/99gOxPnDiBiajRqCPMR1CC1/R7cURSaAZDwbnyuBqPd2Giw352O+1z589tnd1aqVabzTpS306nc/z4i/fdd5/nBwMb8eEYjlcaksENoGfKGvg3vhqOGxvCF60US2z6RkbvrwZzDigIv0ok+cbGYKcG318v4K433s4pP6fWnUZLt0M3s3zb3Tq1Zf07Pzj3g59OKrsbBJMHD879/OcV1+qtr7WffaFjK8zF4WwSl/zVgOa80V27D73n/pGH7tNbp7DZyZjT90oh6faTfqe/snbu7Nkrc+fx9jGnsHVq5uCuXbfOTqVBMbYUEujy7BaktpdPn3v6ySfHK7WbDt1U3TqtA1+VC9TpAhgio7op1i/1ThkD2N+Y9+V9B1RGtWyP9C8cXQhIw8rxgogcnJIeeyaJgrKBocXkThk95sHNlvIaqLlomYqWZ5ZSB7xFEp7IbwuBWywV/SBwySmL4AgDG+dGfgRU0ds2QchESTTb5+5jI66heCHjnmOGrDLjG0grYDoQi1Y5n1PwaYIOyGpJUnik6KI5ipU+JHGMvvyPSZ5xItRuletIM0dbQGeW3SATrJxMLXECdY+bnniqWCta3/EN9wAtskAhmNspzUbEES8VgpFqaWIMuD8Jj7axlKKG0enhDHiuR+5kKGV7Sc/FBUhI5bRQQmzBqtkJKsqobeNYbYdcHIkIrXQYJ71+r9vrAkATMzRuvKfWKkbWI4JSAEb0+v1OB1tgPV/cyy7rz2/cDIPTfS36rAd3jOh1bfzuZU0Or2P8hjW9/BaOAOEca0A7vHxYesBdEDleghYVidJmJLxgkekfPwRKpF0seo5Yhs5WsUNQp5jN+a7wVKViQ5+QoCwTqzDm3n88ZKEYe5JuASF8SZy5+BwnchIXaKOXCNDGu5IZLz0GalNi6rIcfUwk0BRAtkMq75qJyBGTLIx/IvOjXcs3sLJoVcQkOMDYrlGwjxjTlQ9ieQoA4ALg2oazHDPBmfsgGB11TCKQZgPt5RyTxvNPEhoJTwiWYbFqMmhIuKDJQbi0TrCjnJ3KZ7KmhnQrUMysjYhfro6X5Rr2SmwaWYXKAoyNcxBRw6Xg+kSClt2wN+tEWyLTQKRmM3eKhInoCOuB2SHVzagjImOqrmY9fhKPJulhRQr+Vma0hpmKLspMhn2upGBHuQR3PQ7k8iXYkP/j80j5TsT6FFL3G7jK8unUUo0k53bCjtNeL7Td0OqHVhRZbmQ5wgMmSUOHWMYpz2rKYSF/nvXYplhsDKnwQXGCQ3qEpJSIK4iViLpPisCfuamEWNQk5E1VQu5Pdcl10GYZc02aSonZV6ptknwyz/J82aRoSVUQlsPWZDJJFT3WtpbbjVnzzHbmWyhJgO/jSYkc4RlproaSm2dq+nYMF1xR04DNHWqWaM44RojJeDhoUwFh3WfNd7i8n6+6LU10mdwv1PbGjpQp9RbQKhm72ElHbkW5q1ErtYZ0oRse7zoAmhyljNL/GxkRtXW/Rii8sLAArPMV8U2h9z755JP4q3r9Q+i9QFI2Q9tAOv7JP/knX/ziF//lv/yX8pvNohbyw1/+5V/KP98s7WNRar5OUgNR6e///u//6pzi6/SacTgA03HeFIP4H//4x4Gw/+t//a/lr4888ki9Xt/8djnJQJw378lbdB6GYzjesUMiYFFP7vV6KM6uLi8/+eQvlpdJYexnP/0pFuk++25NTU1h9e53uhdaF0qlEtZfFGnarRZeWV9fD/vh6OhI5pDkWrEcjPkjWNWbrK1cLJc0JZ/Z/PxVzAn4cWJiolKpop5NcS1WfI5R4zBFWuppjyQjJaPlJBl/w4xqaMVhhKBRJCBdEXQmP3qiliHEEbU3qsIjjHfsPkvdaVvCdMX8a4ockALbvAXEYgkzm3B03W5/bX2tUq212p3R0Ynt23bgzzNbtqKE1mo2jh17BuFHpVTcvn323rvuxvQONLjd6jYaLfx9dWW13ljHllHrJ4I2gjCKwgDoe/UnbWQAABAASURBVAiaOt0+ZQ5pWq1VDx86jFml3W6fO3MW6Dx2o9tDEOYyd08j8yXKtgkiE98NOKVAyIVzAryFtNVwcuYXFwCRz26bbbWbwN/PnjuPIiK3iQ3zy+HYPAZQ5OZgV29WPx7eMzc09AD5IxvSLJd3EHAx92nbaIO45q1vh9qfQZCNWc4GXfJGd0Y0F5RklCSlicyqv7joR70s6iNrXvrRz66cO19T3pJv3faZzyxcOtstlHWnn7hONj6+5eYjNz9wz+gtR7rLy1effbYyNTZz9GZVHleVEWWlut9vrS8tXF1oXl3sra4XWHIhmBi55c47RybGAJqiJnfxwlz68/n+erOh0/EDew5NTLml4syhfb9zcC/1WFNqyZfEtrnlmZiqnuVKiijXRYviyZsystd/Ba890dIdLrAGs9MYPrZcNygFxbIHuDMopsruh3GH+oosw+NmE7E0bzPaAEcyUz4iq0KislHDkE4sy7N83wd6Cpi1Wi66xGxzMkPDtoxuhpAukUITZ4xyHIJT8k4gMc0aSJcYmCczutBkbEj95mKKONgZQb24955hMuJ3EquOUDZR22CcmVCpkESaUdjtUZc4Qbmsnpopoz5ttqYFgAZyTD84qM46niuDxAKYiGgxNp8Y/ih2ypSYSdyAxQcIBWa3xsRWSaXgT46Pjo/UfM8DPowVeb3Z6fZCzy9MThTIMEoDWU56XUQ0SUBN5kDwPRxvt91pk75qGyfb9e2UAA0A/VQz1/20H/axQ6hqs/2borUeL262mVGO+MQVliS3NyVsO0mGYjpnX1ppZlA141WWXQN68eDzRtefr1xmrsq1t5q6wVtS3XAzxmt1D7yuktpwgRkMn1vxhNuvzarClZ6MHc6IX8vRH80XVDhxSE/Gjl2W4rVzpxCaQYCp+fn0Tv573NxgySbx6tR3ojDWIWbttN/pdcibjio/eBIN85q4woQ54ne6Fzr2oOpjsU4FlVES9kBkgqcUQTR3ZeiU0cMoDFlbuMce3PwfaRZgG06hYEvrYpoZzXPWtyE4PAWOif9kECjs+R4r3TiEt2I3O3FIPNyYelmCIPUDKsGJtjWbq0QM52Y0LZDrIHFp8UEOtU4S6Jvl+nMiekR2hh49ciw0YTvW4NQbdjKlCqzMLoJTpk+SHzluohAQmT6il+iIdiElWD9jBT8rI90KEqfgOZIRaQLsRWyIHuRM5DI2ca7NZzCZ3eYJQmcsGIG901x0Y/KNaCGxvR+Tb41BILvpSQOM+ANgP9Isb5RJmACdGbEmQcU3StE0VTlOPv/jwFGGwFXu9yIUyHr9sMP3SCTy4Zod1xVR4oGvWyxEzaxeLjDyTM+1QzbsE8iYRbo9V2G21trD/FkISCnf8126f1ndQu7d2CiAkxtB4NFhsfo2IH4SR0kzZrTz7agtdidkERXqT0HiRhY/DjaJBY0FvqM2yfN38VvK4lzXZzNElEdJxSlDlufjvWyGGBmHHroViRbOGipakHFfdpChfVwMRx4zMteVllSb5nHN1QO+ycTTJzMzM0/ZXE9KBac2JHqpHuBqAvImPJDBbTFgeLvVwX6jxq9EB/5NHP/23/7bO++8842JYGD8q3/1rz7ykY/s27dPDcc7dYhF4SvqewzH2zUA9ql33nhn7tWbNQYAdMYdtT/60Y8APDO5Kf2PX/iCdBgcP/7i4cOH9+zZu0a2y6tAP7dt24q3rK2t4Z/Li0sAfQM/2Ll7l9CUyGcpThr1JhI5RESu7125NLewsIiFfHpiolAMKDe2XWp9jVIKbriKn5D9d+I4styY7Ivr82RdOKgYO67FoniGaUXhMpM7OABSFBJ3e4gFcAgcwVB4jEiN9Dp8T1yeNEVCtH2WWg7Z5Mjp9ChIxw4vr64f2HcAgQPKeJotL1qt5qVLl2oj1cb6WrlcwGchhS6VUNSrlSpVnKJSkfjXV67O4aMbDdwtabfTWV5axnsRfI2MjExOTu7YsWNicuL8ufPA62u12kitXK83bLKX0SF5ZfQLvs+krdTiAjv1bSG15UEhkmO3Wx2E+AD6cRLm5i4VSoXZrVtxHgFk//Ef/QnQ7fRamOl1rdo4WPUOG7/KLjUajet+87bggG/HeDkLPsux5gEJTl4zpGC8xtj8BOmcC6Mkk9RCTOI/mTuL+VZv71m99oknRUUeSHkyQ8d9HU8BtxpzK22Y2VZ45f/7F3P/5v830ulYfrUJNMH32sXKzMfet++P/4uL/+nL5/72B+3O+q6H7zry8Y+r7Xt1oaRQIGyukT88diMIslYUL66effH42TMv9eN4y45tkzt37Nyzz3Y9Sta67f780pUz558/dSL29L5duw/vP+zMbFFjo7roI2l0gEYAd85ItFNsbJHb4gBtxik3qd5Zxjvx2mP5VSaT5aV19TqHITaqXEbV1BQHXD76F+24Y12+fOnZp59+9tlnzp45e/bsOSTTQvdlOp8etIqLL1aqRGNYbK9S0ekkEMS2XMeqVEo1fFWroyOV0ZEqeR4BY8hEJIp6dFg4yhpwatWgRJENdK54j4X8JVAF898Nam6AfdarJa5vyvIAqbyR8ScsWeRs5gUed05bSP67JHgh3O4YcBWts91uxOICHHTQxxHmQQ5sRgrAZh9hBkywVZt8rQK/4NF3zxO4y2Y8PqG2eLr+crXTAWefgoBOu91YX1+eX1te2Ll92+6dO3BmFAt4Xl1cwlcvSv1i1SuUEVIAXg6TtN8lsrKtWcEEF4iOMVxcWELoAujZL5bdoEhIFmB9ugYhVu/xsdGxsRrvj8ZBkQ1Yo8GSIG5QKOFvI2Pje/Yf2nvg0NTMrF8iFy9zqrlnnC9kLtIi94tR8LaEqEkADzmaCm395Zm4fisA3pwO+up/fR1Q9m8b0jIxMabe6Fhdb7z8l+Y5GwxzP2TKGO6lHLXSXcmauNmgwHZdwTNj2udg+QdA3On1O53O2lodXx2qrkTcVEeVnEJQKBYK/FQBsWOiK2vysFKFBhDZA2IHkJJAXTszs5lxTSTdnJhegGoLsD9s0GdDQzz6pOfAUDR2JhZpH36s8biHfaoJ2SLLw/Ul8rbz6T+WuiGUudHoNJqddpfwUICvhWKxWCoR+EwYp4gr9Nk+UAGCLOJhKhTIj4WVDVig2JLJjGi/rO8jar2mtYJqZDR3yIkVOX2RKLFF64GZygbVpxIA4awyOYZJ1u2l7V7GLqxZhM1yG0aBVB083yas1iFfRKp6OpY28CmjkbzDPO8yQpyZjzZ+r3QwitnEVIOwpQ4oat3UtM2PGXbNZ69JKR0QcZtEUZIkN1qkOSI25pMissGEX9GeNmdb2lKMOnWmon4a9dJOp9eiAlu31W43cd7Z7w/HzrO4T0obuDvowlJJ0SebQk84PdhGGMYsLE1fUdSX7hUWjabCQLlUqpQLbP1HB5exajf2jjtgqPqImyEIvHKFYGocCT427Pe7tFJEUjCXIgUOhMWruXEmjrDxahW5TlVKsJ1euL7eWK83COR23GIQVCrlcrHoOJnrpHJj4HI2Wh18YQexhOCVUb8bhV3XQkzBfrIOtQ1x962W+4cfpVSgcLpdXa5lswQH3dApMaVw1Cm7JWnbzqt7Oq/0mxKHZeWLqMoDgk3T4a6pd1zO9ZaOW265Rb2h8a5jQO/Zs+fZZ5/F+boRJY3rxsmTJxFbvTH1jOH49QyR10BOMhR3Ho53yZB2Ws4rLXaRpkjW4mI7lkggy48//vg3v/WtyfGJQwcPovB+/sKFhx96aOvsVqz827dtO3PmzNzFS6RloVR9fa2+vo7HB0h0G4FLo4F69pFDsw7xiLuoQmdRRqFoQEphV85faDYb+NP42Fi1UiXfD4ZtEOJyb5dGJMJcLqIEIJrCas9aljHlgMy5IIEwzx2kXkJk1uR8HIu0JLGuAHYwgI6PFek0svWz6YeIQmEEaT4dOEuYedwZjHgB8Q7TRhQSY0Sr9XodAVC5Wl1aXET4Rag320+vrKxgPg/7PW9y3PddogY4brvdXV+vn3rpNKrrCJOR/I+NjWI3RkdriE7GR0dw0hAqRcwkwS6trixfvXIZuzQ5MY4PxZnDR4QEnfcR82Cz0qxMfiyZQkCO00KCeBa7QfazKCK4HFEpSXxk6fTMzBIRz+ujIyOL80vYcwTrDnMz1euEnofjN3xI1mnYGNQgmEVGe5DIirY89XikkH4NWHCbFUSHVIxXG9dIseWnKct/HmAreuMVb+dzlwkUzkoJZO5kWwnPKEiYPKLKcjc0qynoQY1Kbez6ps2Y33HTMAvYa2SHvVRjdvb6LvFL+0HQHant/NAHdv+9T2eF0o5P/r2tt9+T2JG3a1ZXylnKbnSdXtSJVhevtNaWV9bXuo3eqF+pjozc+8jvoAJnFb1+c3354sVuo7FUX0UCWvFKI5XaBx98X5N6xcPjp8+OONb26QlSOsUykZLsr2Z0mR2TuFbnemKRtXn/9TXsorfn7s4B8cz8t2l3DCKNpS0hjYhOu7e2Xl9eXu2QE4AyzoC89gmv3ih5KyLcaTY4Io5WNtBjSAeOfwBqkZvXqmUs03EcirAFSUPYRsCClhgRVMmk5Cw0ZjY0NKUUQWokD891pvMpY3Aw0sIt3ewu6yWzpxPNNoqdnUJR3UpJfhSQM8CvmH4ZUomZBzHnUsGbSROZ0GeGowVbE+CAMVjCbjxiVTuEc3HzclDwAZ95jIkA3xCyoM1WWdj7mBEv7AMhaElcAEw1MzM2MgpsQhNg0UVg0O70SCvbIeAML8BdZLuolKuwQAK5JBDd6ZCOJzWNF6JaBVtsdRm0aESExwAy8QmOKRIojpXbwRqPEILx6zBlHwc5bVw5SOkckN70eh/4WdSXG4G1uKkfnP2+bK0HiC9XALi1nTA/8SxjouS1t9hw2v7NGwPd141VRW9uOZBfbepREvM7UwcSveTUlJSUCN7ktGij75CXQ0lcAbcocNECSXAg/A18AqDjhIFmalPAfUv6RazCHtmx4wpqqvghwtPK7ncO8DWCkmMWahc/QHYxdWzPq9i1UrlspOF5J0U7OM06WbaB5HL8QbxsJ3+lyFXgOe2ROk0shTo8uP2QQnWVGavShB4rsVTJqCJluaR1TdvLSIfB9Umh2OIjpvnSyozORSY6CrTcWSJdpA0eKIaoDC/TqUzE+ZQ7KJOMkXHTecDdJ6Tv3GFqMIDOdjfp9Fh0W9oVuU4VF7iBw7UDwp4pW0HFj/ovqYrGNTpahxXj3gL9aoZjeWU1TVRit2pzKc4SjQ7mPCubEWy51jH+ECeitUGfwrMcpqxcR1soQ2wgaYm8izTSWNrojaAgkaRdKh0khP8mUS/pY1YOea6m+0JhDrRc3yXHYcsLaLJ1aI6luiKSKt9jRJ1VlMQJN2bYGPmcU3BVwZG6gmMSMiRZDiD6JMIJSYUbREIfYUJXPAxlX4nQHuKgQtqf0EDo1NvKRcbchjGVLgHXRRRDBkKY/HE2E1MpTeTV4Am6AAAQAElEQVRK06kIY5RdLKuHjyp4lg5IWJqWTZvyR9QykIohNcMO4MrgzsBneMSYNsUCcZ9kHQ3R/7YsI49DbGdTk+NAgy0a7QyxB6+Axqgwx6DNMzx4EM1XtvHc5/8bjhsc7zoA+sEHH/yLv/iLL3/5y+95z3smJiZu8F14eF588cUf/ehHH/jABxCXqOF4p45Lly7Nzc09/PDDb7o49XAMxztzIAxAgCCldWnpIkW2KMIafOnCxa9+9avf/OY3i6XibbccpcAsjG86fASJItF5bNKy8F2P80dKIBEcrKysAo+W1LpULO3asxvwaBspNKG9CYew6fLKysLCUtH3kf6RE4XnItZBshUEbrvTLAZuL+xgVEZGu70QsDBW7KBcxO9kdRadDUlS1WaKSJqRABlzk9lgRAccAaRJOngjkFsAstg97DCri5AuM7DyWm0EB0CYDEvaUX1bW/0+Vd2b7W671Yk5k1xL1imldp2CF7CeR4ag7cqVyxOT4xRAOhrJZr+flMqlWj/ctWtcE4crwS/X1tfwgsWFxcD3RkaqiPVwCD6nq4iYC4VA5KFZKM3GniDSComqQMeHeJIlZSn9RmhF5l3crsbhvmVABoIU6YB8z6+UysuLy+ViGeHTlctXtm3brnN3oyx3dFLD8ds/BIRKTMqqwm6ybFmxIvJ91VJF3C2ItPlmSDe9ZwhA39C4/iGSXEr+lDPR3v6R5SkO56cq1bHOmipe6jcC7Yz6pR4QY8JqafdZlEFfx5N/GQBt7AsNhgpA27Z6heK8X1oO02K55G/feutnPjn6ngdUpYK/6ZGSXSs4KDzGUZZYSbezeO7ipVPnmovLnm/Pbps+sm+/Uxn3/JLlYTXpnnzx5NzzJ0pZOF4q7tx3YHr7NhWHL50+e3zughWlYyMT2/fsnbx12qoVMdMxNylVQnO1N0hE1J+bK6jqbBN692pH9usd3AS9QSTNco5rZqQUeCmIcap662uNpeUVoKIMG7E7mW3kRQ3+MICNFSHHA0qVNuKfRNTCu4DMjtQqAKCF/ycNwdJWz0w0wZdIPUOatEVGgzGtVGjRBCwpKVGLOIYR5xAUzEhxGK0MEfUg8NnzAy8I8Cr8BettSIxnQnGByDL63Ol2ugQ9R4RzsOB0khrJDSWoWUKayVxAE+8t6kMXmD7jQ6AedYKcPAfYbwV17CoKvkUs8g5BDyT3aTEATfVaUqZNgWZ0er00TqulYmUM9Y5KUCwg9Ol0e8ur670+wJiMQDi/UCqVHBdwSyEjOVGAxdHqylK32cAV8Bwf0QvQHqqTr9ZbS2v1VoeYozS3lvwAzwFg7QCBAjbYbgHabmcsvDpQ6xbl2yjstzpNp+n7UeiHPf4DAjAXZw2hgeOz25qBpXLgWnHfvxZntQG6wXNPtlH5yt62u3s43sgwi0l2zTS1Ifht/mh+mckSQ8oS4kdK95KgdDq3+USMzI+sKAtL/ch8DP5KfGR6IsitgGRvSPQmEV9Q+SyheuCpZJKsIxR7MydQYYuM23BvEsGVFduZjs8i6SWbmKslF58QRzzdMEuZ+BRMWCVyqBY5d1aDZ8waD6k5Rh7Ch81MRMzzgbZy8I4lkBNWubGkwkVdBcwIzASP5vqQY2ZCbab+Af5HUbTDIvnckySzr1TiRK8Z5cvQeChSOwPlEFTZs6X0hR1IuFel2Q5X1hrrzMtutWNWzGD1DJdQfBbK1lnB00IgYfaynZKON2pHMfF2sf/KFRKx0QwRPWub9aLF5tWWxp1MWqsUN1JlsjmebEk3m2zujM1gYs5YIkaTQn7PK51iLEluWMy/FQGglM5kSNNyu9dBqbPT73fCfjcUKJ3McQhu9hk/5h6PwEGpjzQ/XGyMKDv4Eo2PJN8NPs+E2nue6FgQfV50Yhi0JeYMKyER6i0MbFzuPum2hFJdTMjzEIeV9bhLRqgSQtj2fC/vzc3E+NZhkRjaJTa1ZScAHG2siZHtkLY5u3VKucLKPOw4nWP2DcDpV6heoPzYauGDAg+YOXH9fdfxSSiJFa/yyVQeQM4p+XoqI3K9USC0FBdcLaMTqTdA55eNTA8K0NlgM7mQ1nDc2HjXAdB4oj772c9+6Utf+vM///Px8fFCofCab8EttbCwgEcT6PPRo0fVcLyDx969e//sz/5MDcdwvGsGVvyEoWHEJtQTF0ea8ejjx48/98yz5OF5ee6Tn/yk5/v4JSbAer3eAzIbxdxXR+IVCCy5H8ubnJykYJDCKQ+5XXWkirwOLwYqajEjCeWd9fo6opJts1uoJ8vWKZlvt4mkrGxEQK6V9PsNpMrvf897fvrTJzykkeyIEVMobLNFs5ZOsoQDHcVRlPwg7bbEFmB+VMp6dYTzBgHl74lYTJCNodCwXITgnPijVN/utElw2YhBp4TIcziHfLXZbHa73aBQIL28bsiBs9PSTUDulUoV9SpiJyP5B9yiLIGbfT/AKZicnqYIhs6GHYf95aWlVquJBHlsbAzxMXBkia1xuiKDhnMWKe7hCR1vQmYt2E+Hc04TRbOOmFGaxcdJyoEADoGT5AkjIyMoBiwtLc1unV1dW0sY1B5g0MPxrhk23doqVipUutXNrraji+uNq72utX3m5nKwXVvllG8siwK5oejzrzSyd3ZVh4jPVIjTXVuf7q5eDltzFy7UtPPQ/ltGHF3RxIrQDJFJc6+jX82LPVObIBISqfTLsw88ODm7s7G6jDto2y1H9JaJ1A+sJHZIHjHpNJvtpZX+1fnVq3PNdt0Ngumd+2+//16v5ANBbK6trC/N1+cuExU6jsZqY3cdPey4drvbX5hfWD9zVhUL5anJ6QMHx2e3uGNjKVsQIY9PCE9HTdE1cK76jbp/sw0CcT60cdslSlrU63YbjWaj2Ww0WpjMmbaYqzRfy5PKwWiTy7K8Jy0DrO6sfd/lzuMi97M7KmKDJKXyznMt1D4Dim9sNke1M+N1x9gTcZKzTUaIBuNWOhWJUUDP0t1tCWPQpmWWIOa4H8Z9VJV7pGaFeACV3ZD+64e9PrfRs5xxfmADfpiQykQWS7YrdZ1UcDDTCU2RQMQ2arglSKGWTMWxmSLiBcfKdzjHagnId10soQAygCJjT6MkwW60u71Wt0tIOxAhVMIdTwAy9hAmvnEq37LEtZ1KKRirVSqVIOxXHc/t9AlUB14BRAnwRqEACLqAfSb51HavBQC60xcozOcG/twXTCHqWFlZAornF4rAr6UAwG5UqFP7pXIZKDj2gY+UnbEScox0GdURHQCtBoqiA6xSq03nUb0Wp2446b8Ths7/bxMDeqOidt1rDKbML8oEZmSwlsN4xXAq4t9MzOrSbOAtrEiYxxEqL9mpBZ6bpQWgiayXk0ovBD1NLNgQpdyBkKSI0blbJhUNB25OsNwkw31JtpocMdN9TUxpxNQomXhycyKZcDIrr8ZmIUW5zJ4mBq8RvbVEplp08DN5tDNBUvE8C/WVA3JH4n8lJTFEy4z3EcqJY2KZEGnDwMQjytgyGSop9mSswmwNOjlEY51Z4+bsZZqWR5o4xX+OdDSyHMAlReasT0IlxPgOSWIoWWu219ZbzTbi/bQXJppnPCxHJAKtrDBM+i5zRBRX6dgy1mZnVCxfYUgQtENkXAa9kYFItdRMq4J8khYxCweL4pViU1mRatqo+KWDYmCaVyiozwJTcZptIJva1ChjdppMyRGHDoS6T6Jul6TAMYVhcsaUTJXiiBQkXGKR88lFrZhlppFiYEHxAo+gXVs7ZG7LmD6xgjMWzKa7TcB84Lw+a3MI93lwLRK+fGI+z/R5luDgzheOUKi3I47inupjug/71DuijY2AzmnzsjLwFc3E1ZZXHFIQ0XJ+FHXH+kEh6aNwnUUp6SBlvX6Muh4nUGR+y6LN3BbGxUkce8CKM/iyxQdUXfMQDopEUj02jo35K+SlrFptX/fIvmzkK7Zccq02KpP6GgrIcPzy8a4DoBVrxv3hH/7h/Pz85cuXQyLNvfa4/fbbd+7ciZK4Go7hGI7heGcMa1MPMMGdLKeG9bdZb5w4ceLy3KUffP/7L7zwwt49e3bs2EmiXtQGRcaA3U4XsxkZxne6iB8xDQJxRq0a4ValXKlVa7SoxxEyTcqVyqWVldWlpUWEEoVicXZ2lpqwKAgJdeYkcZf8osiqAv9K9+/ffdPhvRcvnlmdP9tuLgXFKeJQMKaMzDFlzxIxYmFdNgqy2Hqbo0oldhuGRGXlHoOiE81KZy7AcqY3FYhGrXS73SFjWN9XRNGKMinhxwkq+xbRjjPSP+tQbyyOkRrOdcLxfeTa5H+IAj9ePz01mURhRuZDseV4OIsrrRWEN1fn55GK4lMLBRdo9XPPP3/kyMGlhcVMYG6C1lMSZstMOz/vNqJOjtAEbJBEWyU4WDF0ZtYLBVhsZit1dkuIKgwEJBJfA4NeX1/HRbl06VJC3BYmVWSmsZMv+LDM/ls7NtQhMhFs7fWSubXui9qtF6u9U2deunr19O23vb8S7FZZoFXBVmVKP5XzMgPuYSj8pgz9dp1Jk9VL8m/pjqOuZJ0XGvMNneqJyte/9rcXTp/5yMPv2zkxE2TaJTzXFgxUfJN0ptSr4OoiJYFZtRdG/tbZ4syWKpXQkERGuI9Uv5fWO/XL8yfOvNSoN4uF0uzsll133emNVHzMVJgsV5tnn33x0tyl1NO10bHpHdtm77zdAyAYqqd/8Cgqkbv27hm54+hMreqXK9rzuIWacnAU01JuoFbUzsw53yZp50EVYDC7af1OnO4GkPHg5JpMl59crKT1BubvNcDPvW6H4BBKai0jy6wM1LAJIxaogXjLohMs0jt4nsul0sT4aKVcAoAgfcKG6acFJqCR5k6DTC3eBEPntDuRDGE8Ks2MCid9E9SZwYREFJ9tFo1lAS3qZCchrm631eZAoUuCoKEocCQGTpXVnIndegAw5x8pDcri1yWipdocJ0cqArcJE58Z1igV0yfROs7HHxRcJyA7Ysa3uWqrLQC7WamSJSEDVopanFLqbWpRUT3xSMcDi3YJkAbxHxEJaKBm2HhIOFPYt9O4RJ1bpdnpcbkaXtHrR904Q9ne045bKPrFEsH9gHSazVaj2WmiBt8N5XxStc9xhQyNr1azATB+bW2tWKwAayYaaswxADVZuSOjoyOjYwhUmEMacY8ZeVGUkYJWSEkVCDVAofw+sjZdug0M+jXv+019DcPxto0B+WBzHfPVapqbnTz0tc02TL3M8vKWISzzc0ZqG6TUq9naj98BnDbzXMyopkWGpRnwkNrAIXUoUKjY1+FLUGkhBeNxjJzEIRE72hAxTtwAyKTjEnMUDyqBmGQzQBsmeJC0GpyEnqcQcxduWtvxxJM05xUbtRBpwNApVX2yTJ5c4bqSJ7kwe2lWYi0NYKKeg5KPRaRW1xb0luSGXUvASnMOuJND1NMJ3gT2mNk6NY6v/PeMsO7EMs8Rq1QzjkxfBE3HCrNAB080FVk8SgAAEABJREFU5rJOr0s1NDKv61HnJ2YyiyR/Nc9irJpBO086EjGVDglOB0Kb4IumRWKJEHEEs1TqkC4aMVdS5WaitcNFA25l4ClLDepnKXvb8aQk3SJZIrLRdJBK+kNEMwLf8TclRavE2Lgi2WBtI8o8WOsiwlF0+lw6I5A3MqL9Gc4eea06bq7czZAsqwFZhEmTeaAjxym62vgs4pTbDq50RkmNOBESD8khKSRH5sm8xTOT6T/vcyEAlq4yU4sEusVeRkkW9aXsQa8ldJ4uqMVqipkUEkxRUZBgvkUYAKcfI1Ir1NjRCk53u5/pPt3+mi4ieTOyfDn2GiclJLPNJKSVySgiBmQngNzKSqi5iyugg4dLnj6VN6Lw5ZEupE3OCDoXpPolc+pGG9krNDkMg+4bHu9GAFrxArCFhxqO4RiO4fgNHAO2DKGZnnvxwsUXnn/+xMmT+/fvFwz39Okz6+v1cql88NAhsrVQCtHXwvzV6ekZ/Ly6uoqgZ27ukuU4I9Val/qkMvFmx1pOYhdpOjo6Or+4eObc2fp6vTZSwxuZUWQjMCv6HjkUZxlFkI594Mihw4cPIe9+9unHdmy9Z3rM7fTaKMq/dG5VZQXxcS74roRZvN/UDJyZ/VeKAxOK7dieOk5y70RBSaRHODXN5YxeU3gEjBi5nGgxs+KbMh17ZFRIPDtELZR2MjdZVNQSIihRSNIj4bSk2+2WSiUKX7ntDLu5srTY6QCoT4NCEacIIbLvBrRLaVgoFFqtDhJIUZYDfM/mH46k7rQRkoeTfjSSwiRlVU6kLYmkY4q8Mgs74Co2IiEMncnSQptigWvaD5bxcyWXr9freC0xYTcEBPUQfX4XjIThLDwsnSRbqnfPhMll14sRwx86sv3RHz2++J2L9937sanR3Z47SUmrVRogW69Kfh2O38xB+ZpLwkqLSe/p5QsrgKMdXQq82+6752ff+NuF1toH3/O+XRPT20uTvlastEDzzo1Q4onU6Sngb4DMVKKRyPVazbWLc3MXL7VXVqqF0rY9u2cf2K39AjLUKA6bK0unr1yeO3fBi9Tk5NTNd989smOrLhW0S62xEXLDfnLb+97rBEVV9FJM8f9/9v402LLrOg8E9z7znd+UL+cBIwES4CBSFEXLJkWQGktuQ6XqLsnBotuOcDPECP2wI8rV0Qx2B0NddkWHHW510yF3dJWlgLtVZdFEyXbLFiVoFklzBAiATCAxZCZyfuOdz7x7fWvtc+59LwfMIEDcjcTLl3c4wz57WOtb3/oWBR0duvJCl0gDkfxjU4XSivoiWRxXvaWa5fvqWhDSEpNpFyAAegdtezweJUkqNQl5f7HFCiuEyYJQxraSKdQ23Z6cYgJ4Wq3GyvJyoxEJx9DGbrn3uHSZo212uIUAlBSWn+GYc9gWinYpK4NqQ1sgqwn9GVsP+f++AtmNqdLk1A8Gg63tnf5g0CcglqJgzNKzYq/8E6KZrmR3Syq2y4RA2bsqOQFdqW+gdCG2Yc7edgiDlt6D4hYBOvRiEpNpQVfqczk1hF0JgAaMJTgTljl63dGtsvQdlNVKCRGngDNBxOMkSwihI4AlahEIjWg3kCfaO1Mo0k6BIps8IZirGflLvcbaWlcUc/My29ze7I+HBKzRDk3BZkIwUBN4kPUHo+FoMh5DpUCeN50+YmGUkp834fPZ7i5ZUIQmN9sd4UXmAMZws2tofboXFGbMCSsiY2TSbDZXV1aS1VWCBAl6UzSzFFc4k7KU8mSqp2ZeGga9QJ/fbO2lpNNUK4eFvuZS/uficGz3sgAGMgM0gEIWmrBF0LQPLNFl2QNH7F831VbmnUE0FNeDjBcDl2kuhU610GshCgx4mRBLMm4pyshRS4cRQFjU0F5wCdBEjVPH8Wj9h8YwGateADEI0PgDuZK5ABwwVQdoIRqDqLRwlaL6SyYu2yiGxRjKEOgzTXHH9wA6lzLeHa7159SJGjZdAqxrYUBbwocjCkVCmS1tsQwt+K9MVkmnLKEzBVLw7jDe2h7u7g4mk8loHAtarcDN9VlGX1S5PcdWGdQSwco4pZE2K9pU6Q2fTXUCWKFoTbdVUqQOod/M8Jpt13aLPpdSl1bCSaKqQcsNwGtEFABCcwIKCyd6wNxZjY9VqAtEuACDYxFj4BlyKElW0GI0gfhRPJpMJ+MpeVko4ZehBA5jzQI9N+i/AHmcvqy+IvcHjjvWNgQzkd2kbP6Fi/I5UtUPdWh8TwqySo1DiO/nQn3nyxAYfSZSgWiC4LWWmi7prXN3h62Kz++y5hZsE+1WG5G2NoDmvQW4PwUDod6hsTwHIcHIeemkFFApc+l2ehp5ySzmQuXcn3WBRrrkMKJh6bFQiHFkUCq7P9eh7MqDMtrMSjhberaSvARlzIutqmb2LTtl9VvOivkBt7cpAL1oi7Zoi/bD0dIkeeyxR59++szFCxfITr127dry0tL2zk7UaPzX//X/7ty5c2QWpBwihwR0mj722GMcezNnzjxDXz9y7Gir1SYoljZPsjDJVKD/ojC6fPXK2bPnCEIlM+DUyZN+EIj8F4xMcvkm48A1J08c3rh6+f3vfbcfhv/x938vjPRg58q558+QZ/WNb3/r/vf9NTe4+t3vvWArvjIDQgw9sqlcVsyAPYmS0Gh0bRKuZmdYyVcUV8cQBNnjLC36D4QIduvposooovuCj8j1lMX9Zi2OnDy+uRwXrhOC5DaUbKZbCXxoaHS6bfbtCVCe0o1RPwyH4zCIyKohKxVVScB6QjWNo0cOE6C/uryEnDVXF4ySZyab6TUaJnhD/y4lR4ENVFjRhZL07JKJfwyFc/0oOORMh/BY7E8ujC/UEVGUkouMX7p06c7bb9N6oS32Nmps31MQZVKojcH02cLZcp08TkaRHwWh9yMfuPfP//Svfv+P/tX73v0TJ4+9d6V7l6dXPNVVOmC/y2HL3+wtnLIwjd/0bW7Rq1nwRuiwyhkW2dnh1iR0kmnhqICwhJVD6x984KOP/PEj5/7Dv/ngu97943fff+eB40tB01czJvy83IaoKCK2IRi15KCmUz0eb20Mzz359KS/S1G71eUDJ++4d+lDq62lJR3401H/6nPPbz7zbDzYDZpR++Dqe378x1YOrAdLS4Rb5wTppZkPJYTcDaLCTcPVZfIRaSNRHm0ROodbxgnAFVmIa7DZaGK512fTbxX+kJCZLeih58rM4fKHg8GlS5evXL02nkxrvUtVC2KUwnurIWhRwmBuIAtw0hthGDTDZq/b7rbbjWYU+p4rCqfQhZV6XGV15FJoz4L+zEVqWYO0kl6dXwoqTVElKqEEuTD3DygPYxkj4QsTaEvw63A8IkwV1OMwkiKX8hAd+W6l2SHp+JLfY2VZtWPB6Bpq4AR2l1AuCqfQ6oYcJnySLBOFYVKjb27BOgKF3IixXDns/C6FlkGAzAGK0N6bGiFVlsYLo7ZDPyhSAvpbadnegE0I+p2MRmSxNAJ3bXVlealDCEWK2oKQ3x0MB2x4oEKi59H6aca08U8nuxT7HQ4m42QapyiW6YrSgFXQcBFPsUqueZpN9DhjgilYisxrpGsnPH17exNGC3Mx04xssIzQ7eFgZ2d3ezQa0qG7veV2uxNFrYqZJxiaqrpCmZcURlpYBm/GZoVa1Lye7P6GeQRyKCsbezb3H5gdUxkI9qSJWX+3BGci9ryctWUcDmxkDF/y5GMc2rCGO4HKHBsqgxAkBzKNx9NpwYIDou8OkfIosNgZ18wsoNg7TWIkObB2vGm3mhQAc1nFmFoQ0RTTkizBBeRQto4tWW+uxJ/MY1joFCUq8gBaIMjPkr2HFzqb+ad8D4Em1IzDNTGJAyavSbUiQ15V2kFGygmSyc2rDSdbMHCJ6oVkU7uAuIFHQyejEAkMziORcp+0UU5iqFVkLFSCWn5+GDUZfQZj1+VF0kHZuigCfAkiuBeGdHEQnwcaDvoHNDHAzpZED66PTp0OMBemvpvmxqmmoV3mS7lhGxAsCyNCywSwclUbzfUYGSunG0/J9M8TqyxsUMIPV8xUZ5YOgVhKJpobEEQC5xdFBwtm2mjUFfRRHT6g59psRa0G/dPBrsvPxAEXmABuHxRlckpyhxnJYFuzBDN90Geha5Eu8aTkoAQzC6EJG6myqFkUif5HggyUHm0OT04IPK3JWEVlOLJIuGORXEDJUMZAAULP4+dnswCAALOeMz6Z5Yh8ZDHI3QQ00yCmQ9GKiiCL57JMORy0XZM1G2G7jSEMpRGl6Ley2WAif2Ajn1Z0XEsV3vm5J4IZ8vjZIasA5JrJXKmU3WrhZcEVu6fqmQO4WIlfVlsA0Iu2aIu2aG+B5vDeJsIUNYuK3JhvfvNbly9fpi292+n2+7vrq2vjeNrpdA6srQ0HfQJhO+0O/dQMQzcazW6vvHjxYrfbOXXbKdovDx06vLM94MILZbvVIhPj0sVLzz19jkwMAmdRPBCyHkGep4FnyBRI0lG75R05sLK7femnPv7uc892em1nY+saE7/0nXff/5Wvf+9jn3jg+Yvx6XN/XBSB8lpSmIL2ejJ2IMhRlo4wfpl0HHierV3k+EJ8BiWB09yY90QepceAMugU9L3cFCLogTLeWoU+6vz47rSMgnQK85ni52Sj0acTrviNDDrHZ+YEKiCTYSKJsnRHq2urdOA4EbzbIeN+PJ5CHEPr6WiilDC44BXQ9WxtbnLdCxMnU5UoAgJLoNjQo0R1pHLmJxDwQpEAZAEXKBjngkYdJCYRGT6QmxkggnI0EwYyMqwUai5pNiVZ/GTa7XTocuh8zz/7zDvuvos/yUp0uIeFHPQPX5urHieqgfA+h9P0/Dg/p70d7SQGHony/Ea7Fz34X/387/2v/+HLf/y7773/hTtue++B1Tva0fHAOeDqpmPIsURIo9Alm9guo9LG2aMiLljfnpJ119vPHDJ5W7Q3xX1Wygylto8nLzPyw2KlxkqdzccXy+mOySl2R0voKI1zJ+gcO/TxX/jZL/+Hf/8nX/njC+ee/uiP/o0T6ydO9A6uBk3DSvSKU0YAMTICYAhMNBn5uzS68uEg2dq+ePrZC2fPGyc6evsd933wYwQr8zgoUXf1qe+f+f7pFzY3WsvdU3fe9b57PuYsdZC7C8/QxULNVFAnBNPIh0+KLBaKsyFhm6vtaVYANhXwqVj5kbWHbH/frNuve/3NAk2bPWFA3lKqQE9N6RqORhQ1vHb16mQy0Y4FqpWq8ZQKltD1Rs4gCyOXmve8VhQS9NNb6kKqodEQ9Ib+Z2qaFqBGJm+NcFkYW0pWzYhduu57+8cmVNsb4J0UEV0yK7j+AVSeh2Q39Puj0ThL8yTPQKwLUCNCyHRyPwC5WFhUTiTVBREbZoDKsHvPYiGqVhkQoiTvqAQaOXKx2NUcd16HQHOVCGyphVXorG4RF5szxzxnJdcsSwzrLtObXhAGjRbKUjhIjQI3kll7BCXQTQ2H/XgybpNttIyLlwAAABAASURBVLqy1GsSnp+kLGWdJINBn/B22lIBKIUh9Q09tSRNd3eH/cGAJlmSgjMaBrTveswy9F0U9fJkjLLiV07RFzWZcEBHcx0O/NneAkZEPYRSXrBhyOrI6bdoK2p3OikBgjngasJNyCqTBykgndq7TC/aW6iJCked2TBvFt4Qg0ZUhat+Gqkiaz9pPy6v69wuh5BxSRKHq8MRqAfF3zQBOdkXJWaPYMZKxYJmp+MLFRcCdGRqKtSIY2lgAlobhFI2m1ago4CtQCbseDwZ9EdxmkoeIR05JFyP5zxtSQCtmyGZ18kUJ+ZKqyWd0BV5HWa5Oiwr7LBKtKNNvdzoWknJatCbyvKY4/sz4besJCpkmbSfoNmcI4HDZSFjul0tJ2VNdkZBAeZiu+PwD9n7oPlK/IYuMmHQFgLKXIDRCyL0jatFMoKl22mSQrynERKKG6IKohv4AnYr0b9jBrfVR5a1HN9n0QyDR8OqIrzYVdVcRVRJFJ+VpKUWFcjOe4VrVfpA7gXNHVo9iCmkFABM4wmAWEjug+OM68+4GGTBWZPoUhdrsAP6ekTgeSMKm82w0QiQxNFQrq7I9aLXpHx6NC4/FPhfuOzAc1j/BMFhiz/DQeEwIUcMRJxaSQ4WL++sfWKceteq9i94j06KZZ/zcjDAIupHv+DiFbzkS9lKzWQkXT1W11FW/gLPpkTuaEYr43hCD0t7Ia22HPnzkCNC5qxCNDGLqR8IYXfCKMQ2RKMUrljT97MANCnHbjM2kH/dEjq31dT6HJb+rK2Gt+Si3Gzx1XMHqg2banQv2stoCwB60RZt0RbtLdDAbgAL2IMeaFGQi7ixsXH69Gl4uWRiZhnByvfd9y6yIQjEJFO1P+jTpt5ut8lYJCuGjkD2JW3MS73eysoKjDOwAfRkOqFgebvV2elvPfP8UymF8o1eOrhEFhg5wKNhv9PwyjyOYKBkqyud97zvPdeuXTxyaFkXh7776Lfefd87n3n6e++6791bu/1me9n12o8++fzDv/cXad52tF/CqiFj0VeQSkt9LjdBiJgVreRWsoQFfEtWpVBM9ChtMjKsFahZsKknRZP3GfRCLmYCk9tstQLUpgfAnELiOVQtzXW8mRdmg9w4sse+s6MroEMrVFWaxiAvO4yNG8vlcESXmcz9JF5dWaHjkAXMHG0W4sgzx6qr2c1UVNtcBmjoHKKCNslQLVooZzl/1+ZscTPV7dAhoWYWTwGpB0GaQvfj7PNnx8NRs90UEcyZKb9oP2ytfqaFcWKjB+Pk3Li4ULq7uel7GsmwNFcIlHRdHaejT3zigSeefOq7j37zwoXzt9/+jlMn33nk0J2BXg6cNUf1lGpoWx6ltFmItm63qfG9BbrxpmqlYwnCTDljF90g9XRXF2eT0XPD7aFTlL6nC51Ok2bYRPEfT7VXV3/2wb/5+De+9t0nn7y2uXvXqbvfedc99564/VBnueOFDlPHPAwFcJCdwoy2BuefPr156QJBju1GsHrg4Aff9c7u2npJXjlSMZAmkk2mj37vu06aHn3n3e899lG/29GEzRGuR6s3OGEinFglzzISatNxeVEzeg+ArPf89dahOd+oCbo0dyvyl5ZtKMsIw53u7u7S1ryzsxPHiWW2Wk3XetPDi2VZ1axSUPyUwoM+C3C2280u058JC7EYLnRCpfCXo4UZPC8Xq+zxa6Eqi2LNiTmI/AULtloKGsjwOSK7rKGZQhd1Sv8RVEtGAW2FKGMmTEwpwFCl26MJA9pD/Qd7Gqt/JXsai1lL2d1qezN1v4nMBGAq5poxHuIUlayAw4XNuCSvIxiHgPLa4llcpBGYNYfW+FisJBC4YQBKH8E6nP9eSN9yyjiKBhO6RK0BdY4EyexJvz/YHfS3+8PxJEaBhoLTvwFj4XyEti0vLWcUxCYMvigF1hf6utVALQl1opD3lDpKWbl1qJegIhY0EwAWEQ4NFVXHaJ9QddbQpsMlMDOaYQSJVkIDw5AJjA3Pi+ThmIrNPv9k6+E3R9RT6rq0qOtm1mKNf0PbK8k0qkzBm70JW7J0je9DrAbhFwprAJ9l1oOymXdQvaXZWgicyosDS9pZLiqhz0EjDMl9QJHOBgHLNBWCNMd4pIYZEecQfEdcxIBK6gYUcSmVQ2CpSBL7HnOKAXh7QWmE/886No7vWQ14LtPHoK2j9Jy+9dy9Mb4nEiE2JqesmhEE1nWurfwzI+PGNlawyFkJOk/dzOPpzzPFXggzoPPCZAWOzLRe0f5BEBaKeKp0fQJGMf0N48kCsSuWuKBGgGnU5JkIdWuXmc1OJWZmu9kwi7m0qK4pBeIGHCya8HZ9kxwXfoEzW0S8orBa+5U8hZItgGu4QpOIhVYQzMLfqPKK2FcmJGgW3hedCQTVGOWlnSLAktZotjutVitiFNoPQwDnfgDVbe43keGnZ0d/Av7jg7iNnwRA+z5+OkIYZo37UgmXnm/bRgp0FUcU0Bj9LtUsdbUkgl8dBIUrFHVChIGEBxixpXXleNl2hXRuH3eNkHNzETMIfZf+RCxHQms8/UGw20faTOaFWarTFOwi2mSHAwgsBbjlgOu+huBduw4v0MruJdc7SXPDUc+9WGcGGaPVi9Kf1V6pjdoh0wu37OW1BQC9aIu2aIv2FmiAO6fTZ559dmtz89y5c8xLYGvQ92nbPP30UyE4PPDpdna26fWNK1fJE261mqPRmPZj2qHJvMpZKousHK5T4U4m05X19c3Nza9/4yu5SnrLy93VVthoQ2gjz/uDrXbo72xcWek0Pvj+9x86eODJ733jA+++47f+1Z/cdfLHp1Pnicef+rEPfPD5c5fPX+ofO37H5Ws7T37/cWP80Zhi1C4juR5j0LC1PMZkCQ32kZDlsmoztutS6nd7Lms3l2ycgcShq4REMs4YMvYlu7De5sW0I0MIpZqDkI5Nr6dTAM70+fEE5QebaC2u2kE2XcY8bC67VBZLS8vkAApjBaW6TUnOpLjPDPUL9wqMBAWDww/dkNBzTpL2xJIk06fkOt8FUPRKohoELlRDossmcz/LM8mXZHgi92GpOeZGLoflHxQFPdDV1RUyipIkIUOYHuJ4PGq2muaVuTeL9pZp8nAz46Sl2knyc+P8fKavGXdSlilIil5gMmSIkw+FXHA/+JEfeffB9SOP/NGf/Nmfnzl7++PHjp86efze4+vv6QQnKdLkQpEjMIrAD/IpPChKw8+QgWqUWvDo30St5qhawhe75bnr7er8bDb+/nCjjGgtjYoyRaatHxAGTevFaDBuNyPle3/tgY8fOXbi63/5lT/91n/+/gvP33vbHXeduO22w0ePHTi85DYbXADIwx914fnzm5c2f+S+D7QPrEDAstvMHZ24QDhDLNYEBWqv3f7Rn3rAUYDkyHPNmQXlsls/W4IYWa1cOaGq7XPsfjibDXyqymVluhR0rrKcgsH9/u729vbW1jZFiMFPtKQqS+cTlVPbX8yIY9TeSDYybROEgzRbEQWJl7o9whV8lLDLhCMpJDTOP+dcmJnjK5ckFaKKWb6/SK7wRdKGJ2WqAqbjugzgcvINpCjGtMGMhuMxYak5x2tpyyODIbKp7Iwc6Ep2dkZl1qK3aruFsQo9I18rNU8JAxyjy6rjZn46C68aW/yLIWbaLAlViKIQNRIYQIY8yByHWhQGTJlzbn7JNR4RsHVc0W91FUNmTKkrBd5utVuOajQ6TUKVUohyIMfoyrUNyKQQ7p4bGuFFkus85ipjhOEEnVaHAJ08yeM4JTh+OELjMmwAkQn6oK06SVLqN/qACJAwGw/ZWhkn/BNSQz1NQAwBRM1GOJ7QY4CwSAb2qBn2d6HSGiJpnuyhTnvZ6wR0ahHnBrpTzJh1ktGvJWm8nl9Vtaz5Vs3DuQ8tMOjXv5mb6KPpuaZefpPVQ0Qz6F+5V4jKnCQZgM3rEUascq73Z6UqSlltCGFEqUAayp6j6Ncs8HOaV75Hlj9IvpCYcDjJkI6ZTEbJcBxPpkmaFtCoCBqtTtuPmmRnZEYB1S0LLyfjVXma/hDCSLilxpGZ9uwKT5hFlLWdy2p+FM74z0qi4hJPkr/kPc0Ky8BYc7pa5EBAzi7nLAHOgCxQF5EZrVjsbPk6FDcsjfxT5yWXH2SWs0ChcCuQloH9L8SS4osMCWeG2TK9wk2G8DuIz44ssaz2J1tcaaQkDXev3Ah/Bg+3YEoIF1+0wL/o7xhWv5Z0EL4LXDz+K4TezV4DfmXqM7cyF3UTfDdnCQ6GzQt5niy+j7wLj7WRyfiDbHe70261O71Ou9P1A9Hc8MibMgg0c5FDY3VAfNcC0ATvNgKk0UCRw/6crRAlgpvVaJ1PltFVmQZdSVgYYUxb5W0aZBQAdEwgXQf1cKyjXALQ6CosqWSdnw0IVSd94JMQmkKdgEhDl6lgFNnhmwXrqCi9IvdHo3JYQoJkeyeh8OHS8jI5rfwZj8U9aKwWDlStq6ya+Xmp69k6FzKdm8K2hsqtF8wqoHrd6xVvetFeclsA0Iu2aIu2aG+iZmFW5tIizy5JNjY2zp8/v7O1Pej3FWsmIsspDCGu6bhkoLGkgz527NjlS5fJ7yXXdTyaXKZ/XLx05OiRldW1DAWdUzoUHbMBOELHcUy2DXnKzzz7PH2bLJlmZ50Fmp10mpJRF3hl6OdlMvnwB95728lDt9126Ld+67fzPN3e3PnYR3/2q1//2o//+E/cfue7vvzI15Ns5dwz175/+kmyrxqdLnnBWZFyqhXLMIJlAIe2tCKkXJkkr1EwZW82R9U1h0FnmH4wucTrVKIxqaC87FZf4oLaxmHtOwdFv5Uhl5V8UtfzyVmkLiL7jaxp8hbpw+12i9A6MlMajRah81ziDzWdyJske44B6GyCFFqjq7xhPg3ZcspHHllOtlGzGSHhjWD0Iiczjr4bD6YE6rMypwuJajIPhazBLqgQTum8sKNhqJVkAbNxiWIyZBlbnJ2NxQRa1SxiovTRI4fpMQ36A9ZQo7eSK5cvrR1YQ/UuNMEQF6H2H64mDxc+VJKbrTQ/389P53pbeVOj41IV4yx3VBF45DtyjRqF4mZJunvs2Mov//Ivnn7q6e+dPv3Yd7917vwLy70nTh2758jBO1c6h1vRmqt7xmlp1XBMyHqSDgsnFBUVekZW1XOY1mJ4vdGNK06icimDiw4UWPSWKU4n28/Hw6QdjvJMKjHFaQKimY9EWDcMp7TqRtEwzU+9677G8urzT5+58PTZr3/7O2eeOrO6tnL7bSffceqOU2uHDzd7XS9UTnn7h95z14++x7M4oUFyiGR7GyCE7GcydR4FlrQKXNZhcVlO0VG5gAack3zzMfJDHyezbLAKgRZ9CNqQKIRJ++8uN8IrSwsTV1Ibymr6MjnLssekbpbDux6qDrYby73eylJ3ibCFZoRwpikRsXTUHP9YiNjVkbnVYh4igaorx14S3ll7tODSC8YXVJLp0rTvTKeT4XBts3EOAAAQAElEQVS4u9MfjScCngBJ9dwAudkuEwatXrgsDzWcxikV7LHLJVRoqEWKLa1R8OZKkqDqPiXX4GhdK5cAhkZSOiEJEZBZpFczNIT6X66cinO/oTBAu7DnCyTEEJ2GTgjQI0AY/FrOH8aVE6SMZdN36KiEsND+G09jitxc29y9dHkzKw2h3S6h7WAxlgG0OLxmFFF8mtCNPC3ow8PheOOaQ9Czhxg5gUUptvQCxR4mqG44RXI5ChJD+ADUVADQWdQA5EXQcytCljzB1hSOyFm4gL4+Ho5Ae6a3AAsGCkW3Ai9saNfnALhIr9ZPnPnj6CEzF+bZy5KeG5zXrd8LXOSNaPNPq37lFaPP1RHwQ0qGeDmqxZY2/a4kMFLbemsiYldWERmjrSw8dJPFpiY8sAH1crBmg4gzAB0JhUEyhvYUmv5ZWhJ+F7g+C9p0HB92Bq0bKQRv8sBTvqMjFm2I6COO5iwFC8WaOhPi5gBeNS5tyI2XQz3HSuXkHwqY05QsTOpkKesp0J7DsSbm2qIKHnDeHAArBIpLBqALtmmgcVMgmITomq4yN1yUUWRKMxIrJEnCEUVDW+QQB2bKM59PIPxCNkMjPSu4cQW4sm60IzA0f0NyT/gDnBvBLec1N2eoOUPDz9yWH+QXUvsaYe324dknzuC1JIZW6SrMLHa4OGCEpImw2SbYudPt0v+dTrfnQooavYFO4PrteeEwRR66zh7r7tOfBqo+cm1JzVwYx9aLqE5tyc8cAp8lrChLfpkZhloSWSTZySAOEUCz2R5Q/BoMXRZ3tkNCzx62nSa1qclWB1ZPKHYF9ISkHI5B+QjPlQsFp9tTKDybDNMYwzXLUAcoajaaQlf3RJyJgukQRlROJY5fL5pKtqw6RjpTbzY2djAXun35bbHKvsy2AKAXbdEWbdF+MG3Oe5w5DASP5lzwmjxYwp3Pnj07GAyMlFXmRFrad8mShMqwBhhBn3/22WePHz1K8CV95dz5c+RiLZPvVBSrB9YOHj48Go44gFxAjiNJyLK5cOECQc9kIhw4cGBlmYLnPtk7KKctgllZ3mk7vSX3v/j5nz79+OPf+Op3zj4fHDr24Mk7T3z3idPffuKpO26/68xzVy9f/fI0TQvjNJuttWOHN6+OyLgtSnKgfJGztL63Kq31AeWNkiyVoqqRrRhchurYvj5BGhh5n9bhJmNYMOicycjznwSkzl8n/48QZCY8AZkeT8Z0QqYhoyenSSxJivQZMmh6vaXhaFdqnwj9mWsYZlK4ma9OQvKgNuRFBsqY60ZRxAwzEebDhUnd6ErDk830jD5MbgF0NuhEUHkuy0ajUbBBGU+mMO/Yw3cgpKaYpZU7PsIMdBn0yZWVlYSbCJLIPdIAkPIepmYgLNoPVROpwJwCQ5m6GufnhtMzmXfZ8dLSpRGXodSOS24J9Ddg5is9jVPyIGiaxdkOuYvve/+9d997goJJjz721LnzZ59+5olTJ+9YWzl68ug7VldPdlpHmi4h0W1PNRk7lAItzsJkflM1pL+yEAfN70yrXZV9f7L5XDaaNoIp4W4Bha8K7SpaFZJJ3G41gE4i/dckcJAp6pc019c+cOLofT/S/943v3Pl2XOPf++Jcy88e/r0k8cOHbnt+Il33H334e56W+lIl00FWSQDblwA1E+x86qFTsspzZ4HBx/0UtYQh+bkHPunTjd+24+gGl6ivWE6ndJaPZmMU2S2F1ZWskZeTC38bJl8nMZUID0o8JtB0G43V1eWVleXm6DGYp5zVjFAFEhzcGjU0upqqEnEVK3srOa9ic9UWtjAJrrbQC+yc2KuM5ahulU6oZ1yMknilLZRDzFRWBmsLcoAFZfnqlLkKzit2s4tPGFmP+suqX/cgAa5731lgSUNEqIbhc1WE8nbHHwtUCXBeqmlspxHIxKrLMcsVdQMy4QwBa5SqTZ+wELSEM01jAwlGY3vpASnP5uMphShTzMD6WjHDRutIIo4sR27fAO111o9gna6PQ4YF8tLU7qqbhdqZixOLRgfhFNDzy1QmQ0KXoRvFW6gAaKh6lcU+p12Jwyh2D4ZjygYXkqZLkfKc6Hq8rA/9NxrZEbt7PTbna2o2Q4jevgEFUKIFtLRoKt7jmz/zEefUcG5yLGp6HxWklWiIXrun2rR3oj2ekTdquQJIf4rWgTIRJRql2WVpOewZk3ACQ0wIji8wXitIuQzGSX9Xa69x/RTitowB0QDHWXbGZXbwjLwCF9OGNSVooB04ALiM6nJy1z0k1tNQqVDD3JzTsjq71qqyJW6wvKq/+s+ue6G5lFHpaoQ1tzGwqUDgI3S4kcgaUEgeIEiMSKYLkVTKgCaVXP4pQymkcmA+gKizvktzikkszzNpRqqEo0QR7YzYYuLpE6JSuG22qmey0SqgWWLLNd4+R5pEYGxmQHNpQZNLb1R2qTGstLeEHxaIoJFJckhWKgUm6k4N4awVqxlriexAs7x8KGs3IwaID83mqyighK1HFHg9YAHhcPyJ0ZSZYzLXGUIuAGDphCCAh/IiPyIDS3aZ8M3I0uHERkXRsCr2IDcZ2FvQoYkayK6KO4DIg9rd1hN55raXkG6dkDv3SjqaIWpIrMY5HTdhW/zX3mxBJ25ZM3IdiuCnjXXQhyUFB2cbm5uttrUGdQdAS+JBZlIObzHUgojiFS3qvDzek00VQhdz8K3ZcWLvlEkZc8mt2BovAZtAUAv2qIt2qK9Ns1UDkD9CjAClpiY7bxMcBYrSjZ7tkVsjJx8kp3dneFwyDXYh+TQMmjrkrdI8CV5RvQ52ksJSCXrg05D6CShq+SoDIYD5t3kd9xxh8Cy/hQu2ca1DfKpyHaJh9PReDTY7Y/HEz8IDh063Ol0GOLkRGBHebr03GSp11hfXd/eurS21Cri7eNH14O/9v6vffPbT5258K73fuixJ88//vjzz5/dyAp/nBUUfj558vgzzz39jvvuGQ6fS5KMCc8uyoU47ASz4cfmnSK72UCdzUM6GYtcGC5LKAYdEHD+jgThCw6Ay++gEmjLAuAOLEWxDDFz8tJzLcKX7IU642kGxHY4ZJk14zGBiwxzF9UzUBoIePR0CEOu2SC8nnqATKo0icXwIMcPabCsIya5fNbXBXnC14qxY8e1cmEQMylYZq6YJa6RCe+qShLOkWA+PVYA00zmZroGbpDeK7hGYhpPyMvtdNpra2vkHg9HI/o6PTXF5Zh8P6DbqVEAs3Apf7garww01uJSD3OzOSnOTvPzhb+p3ITRZ3JQKFqhvdBD8jetEAb2txMGNJYJAiGPx/cIXhl4vnPfu95x+x13bGxsP/Hdxy9cOn3u3PNnzz1/9MjJgweOHT58cqV1uB2sebrtaiSklygpGtZXUVE1lZK0+BsMstpcf7V3vPefb9fhXLvhFQedecdI96XQ4pYpzsbbz2e0WAM2A2UdeSRY0MgVp7VqNBgRRBUGwWicGAgvuDlXBaQ9I+o03/c3/lr+/ve98MwzTz/52LmNS89fPPedp544+r3v3n3qtjuPnbj90PGVaBlJ2Mpp0CIMb1fb4kBSMIpWYFPYsm+lcIa0rpOWHaPN4iGqmt4rdy8ANO3d9JMimrTs21pZosRpacJWDlpJtg3v/7Rl+K7X7rZWl5cOrq2uH1gD0Mxyr6zgCvSZ0VUtTLyyrCpalaw9WsM/vMFYqMS613sBaI2LJOh5MqVY9Xg0npADP53GCuEGQrh9yZ6XtHpVCXmXNZjNyIbeI69Rn2OuU/bBUPP/rpiZ0mTAs0A1eP+hDzCl3SDwHQAU0x1BbeRt3xF4rT4q78OBgK0u17cilN5xrJK0FOwlm4mOnmUJ4jPoFkQFkjhjyZE4yQlsA/u42eyEjQYUZjy31Wp2el0K1UNXtU1LJXA26jGCkpd6vc2tLfqTFza3nZ5O6Hmpq7Mki6cU2w5dL/cs89IPw6DTbtGlxfEkJow/zTi4LXImsH8yAqCHQzraYDgOG80gbLU73XZ3CazGdrfd6RCmwnRvx9IJ674V0Vb7lO28LEoLJulKRMzKr+iFwfC6t3mbv6b7v3pImpkNUg2FK5eQCeq4Re6iAGeesbEJ6Qo/YFUFoTyz4AMZClkM/eDJcDwcjuhFGs40zk1p0yKgT47JBY2DENsIiCxcTK5g2Qqoz6UxqmjSkVJg1VngdFUDM1OK12kxcasZyeE0e9E36RkBGc0eA6CiqNYHEdo/WdgooMJpgvO5HVaklxXeQXYuuLInCNolrlVYIAUrWOToA5CLAVRzfVclmTu8OBBsbvnKSA7hqB5LXrBAmWMTR7C4suyyEVlnJWEgXUkqzaoN2lKDspjL5SpW0RE1aP6uqQnOSs3BsUbCaU4FPs/SS6C7T7E4L4CGH8Uemihe2um20DoUqYJQNyjdTDmGK5GVsn0LVcXjI4Hp7MDUQ9YUR/sIopX0GW0cWSGUrgWeORWlsJklVqJZYhYc1UR/cS1EaPWDWa5pRNI1QOINx1c22KorjNfuEbp6o35FVWE0PZc3wz6d51BQvE7uELdKSu5SVKXrhAS502pIKyo0Y+LpOJ7GSdssl67TdRC+h95cVlCngP3NEk54aK4r8cs6cGqpThZtlhgCJ4MJ5q5vXYFbLwDo16AtAOhFW7RFW7TXptXIsqoMr/mIrwg1kL1APh+5QJPxuA+21GSCf0zYM0zBbobXASiWnCTa7ulNEJ9NORmMaCOFrESSjiejVrNN1slwMJgmU3KXyP2gLTljZ4sOSBYlGabIUXI0hYgZkx0EYUiu1dLSslweeZnM3BUWVdlsBX/jJ+7fuPZMK8x/4kMfeeKJxyM/urS58WM/9qPT3Hzr0dOPP3nW93pZoS9e3jpx8oQX6MtXLh0/tn76qUc3N6+4vikT2r/9oiBjxyf3ip1hmGRcTgIutWIlayXZW74rHAFldTnYsLTWNitUlJXbXHeh1Ywmv1FJpq3lEeSFGDFA8YtiDCo0AGSoW8jpHMsFQhlnz0+ztNEM6dEEQYB82jSNGhGB0RInZ1TADUO6BUV9rUAI8RphwxG+NiHOriYLX/HXyUbMrUCjonMLME2IORkvZW6Z3SggXulZI5wAqxpFI0M3KCA8HRdZfuDA2tLSEj3x7Z0dFOAOQ4dBB3CuSy01JMvaAF9g0G+1ZvYDdrP1gQY9QRzGIfT58ih7LjYXMmdbOTGNVYKYjcZYp4mSYm6UhQt3K8s1gSVBhKpAhHwMRgPyIfPUNCNNr912dP3EkY9ub4+fefry408+de3aufW1tZVzy4cPnzp88Pb1lWOBu9oI1lTZ8NwlRwVsaJPR7VnUyjjie1i2jx1q5rUCoC1nc9YPb2MidoVGMoNVF1wvMtXO1SJ+cnTtok5GvgPuGnYNbQWJ8ozg31YUJeR8TSYUmFxdXWE5WkK4cpfLu07G06VO22lHd37gfSfvvWPzwqUnvvXtK+cvjsfPbF6+/FTv8cMnT9126q5TB0+sN5cONDohy40FzAAAEABJREFU4WhGR5pPVlYimchiZgfOlpMvueigcWw+awUZVM7jy6JC32w6vOHtVbiR7Egz7GKpUsATBwOK+ALxKfL5WOG+263XcE7h9snhbrWbvQ4hn91Go8GV/SBApcHt1ZKpw5IZQscTBrQgIqyArC1da05rWq5P1yrBXMOKxSMITEpRbHACUDTGdiaV77hiAydgS1q5LSKoFDviuqxQCkfNSbma6/vPpj3PIUr73la1douROowUFwaY62pCnjsdVNMikItXxXLGLmQGo2uxHyH5Ct254uEJ9uxoC4NJPSmNXRQnYFEOGt1pZlCxAbUYPT9sNoxLm3jUaFK3g27seY02gLpm1OBsfWik0u7vo7ZVl96nTgdtfDKhYP9gZ5eO2Yr8RtArem16MOMpTcoU6fwOFL98PDkEswnAm46nBce/FewBlJWD+KtLf7IEKrsUsciUQ/v/qDUY9tutTgvirs0W/cdcR7rCVkNZ3QBLrxRYmvnxZIcEXFVN+KOzhXsRrv6BtPmJ8ar0N4SRao8p4sJSoJupDVggFKtMSJQCL0uJOhFXoElBsRNn6pJpOk2yvBwpFFMJUWyWJzzQ1ZwLX0Ofb0pfD33Xh2ANRVYw2mg8URCN5gbhmd1m0AopYsNVaMU+MEbPzIM6JjU343WdBzHXOWrPl2zQs/rUzOKQMwj3thJTMBUpnCakC6I0EN+idEJmHkNgHQAp/qCmnxXAKCw9WYJlJRTly0IXNQMZk4lnI6JUhdxDDkQ7F0PIcaQGuqOqFZaDfzb2VgOqNRZtWdqlFVA2ddhNV+kyVQfUYaU5qRb+mJySfBWsIz5XXdVk8NFq5fih9gOKRdCDpydsoPiM43L5Bl0nt4loP+t0G0h1o2Ar0HdcOARN+Icslbq+MG13ANv59hfL4S5tZJNedbm6JYVXRUuaC7/WZpzEY80cxV1XEcuKgjyLOswe9WzIOHqGYNuXjES+EZdlbe5mI1jqteihxmk2TQkNhy4lclBYaYQhdYnlS6lEetiyEmpJFTIVgYjtGRYMkVPWlTO1jL0bmwd6z7q6QKJfeVsA0Iu2aIu2aK9Z0zYZ1jbDfOeSdTPIu9jd3b166fLG5iYK2rDVw9il5sAvh7t9HwhzHCdJevHixTY8kBb4zs1Gu9MWZ4stTp9QbLIbae+koPh4GpcoHIQdN3Qc8lcI1iRvZnNri07UCMNet7d+4ABSSo0hzIIMBliemc3kIzPG91SRD48fXd64NOkuLX3lT//z+sFDeeY98eTZ7zz+DOEc/f7kwIGDFHx+xzvecfb551944emPfuyjzz5z+vzzF48dvHPj0pCcMrKZuGZGZnSu6A/MG6bhMEuJ3EcyDw0qWbvcMzCQDTQ7oK2hK6CZETkBmkW7Q5EnJ50pwsqOa8FcOPlmT4czkyGfTKcS1QeAwuRr11R2HggQJRy6RoOj4u7Ozg51LzhHnQ6TykD4Yv5aTpeaxNNGs40ah6B8MGG9tOeivwF3c9ai7/mas5v52vb6G3o2EipD1QbWp8yUIw9z9eChMIq2NjdpPDSiBtnSZDw7DnItYWUSWp2mZAIy89oeTC3aW7tZFJZQR0JFlBpM8vPT4ty0vGC8HaMTTuMWsW84FcYyciQ0Q+/laZGUSe67UEql+AZNsSKfKt1IyYvSKSEphw6tHjp4+L3vfeeT3/v+4489vr15+ez5cytrpw8dPHRg7dDRw6e67YOhXgqcFU8tu6qrlc9zSQJCFLHxUZLGzryych8c9Ro0Th2vmnN9quPbpM2YYbyYKMLh9MSU1/LJ6cnW5WKSNLyCPSm3YD/OgRuFiFpReNoNA48Lu7o72ztRiNzcjECsPBed+mQ4IlAqdWnBdU69612n7r338tlzpx994vKzz+5cuXrpyrXTp88cOX7i2PETd5w4daS3dsBvL3tRiIRaQI+uAJElS0+W9cMq5X8keGhH7eOyvRXbKx13xtSkLcFvtazS/d3+1atXCIambUjvw2ZqprT8tNCDG3o+wT29dmepC+YtmQFFlvHnSwkSI3iplWXrcTWrkvNmpDCWLcEnzDWjqswcC+3QFsiqpQbJ+ElKVgFBz9MpYhVIaedoKNkdFewjSUaOpYcZC42YmgxmgQTBFwRemRN+tqBBXZfS3vb8P6v4qZIL5eoIQESQWgR5gbDbbXsus58RwGbKNSMJgOJh+ThlaYtDuKzpKtBz3dVCcuOCYbagF8r/egHj6a6FUWjsemEQSa3BiKwLmjvY4cOQwWj6R+QzAxtLqdRVc9xmg971E8I74oROEE/Hg92dpW5zeanVbTUg9xyE5y9duXDxKmHQFJgOUbEYkTy6xTgmzDqpYwN0zAKXTXOV4S/GqpIsJmuCrLX+7i4uqwEtkGYb/9G4WF1bQxEIDqTnzGHPkFMFgQ5ccqPlNFxlBWkr3oNRC/D5jW/mpvzfV9J4ebG8g5JnMRRg2DAGwshFNyX2YhFhLTU6NW0QtP6XkY9v4Rtj2hyGo74xhC83XTCmdeB70zhLaVkYTybj0WQ0aDRbjaZPIbBG4ES+Cmm6FUCzKS7j+zQFAgrTBDTvKpO7ujsbfayY30bVcJ/l/GpTrw4VOllHLpXVfLK60LYb51cQVa2dutJJ4BVASh26TBVWvmyjrGfENjn/FMGL0n6J91lCn2kLJcu6FKo4K3YU0A7OeEmUBBMlSyWKt0D/wWM1HNBygWiD5QJNEDvLTCWGZEU2qujgrM0/UGUBaGPJuDaOZuvc2C5CMgovzcjrcF2LqLp+oZw0N26WO0lK4eoMVhrSVTSCBRp5rI4YadiVPGh2Q7bbd5V1S9iOI+tLlOj5ghyb18IdSni2axxhAePpMZieodxNgn2Hn2wYQqAfklAS9JPc1Op5Vc93D3xsZoFY8Z+MHTR6/yQp53cSOw6qtUwb6zeashG4K0tdWnb70+lwEpOZRJvieDpt0qrrBHL9ZMrkzNxCMQ0xXhnWl5gnl2fAY3NdbeUWWc9aSv0qvWfX2tcW6PNr1RYA9KIt2qIt2mvTJIVHnCyrL1wUV69eJSj52rVrm5ubZNUoa5kgrTXLoXEIY1BDaIIcV7IMtra3CBIVn3Y8HJ667dTBgwfJ44jJiUH59ZysRZQ8ZsuFwNY8wVu0ZRJsTQB3yjQnxYRrQlXX19cJ1RZylEhLOzbZGnJdZOKIJ0m+Epmiz5+7/P73//WHf/f3h1v5bt/95mMv7PQnZJBkKqUPT+Px+973vq2treW17uVN/3tPngnDpeef29BI5PdKYU6BWJBpLsrDwhc+l3I2UNIopLiiw6ojqIqIjEI4eFxgkOCOXCSeLUuArC+RSxSFDaVsfjGziQ0XAcrJXecu1zWVcEo+IpmIaUpGtrasYVWKyUDWBk6kUb+RRdKoxyQjjx4OXX2I0uDkfHrNpkcXQ9fFihya/FJmHWUum0AsFW2VzgyTqcTIBBGFiWqKGQgsbIKHVCkzshpJWVBsgTonTRJ68dD6eqvdSqfJ888/1+v1yOkk35Iuw4jACPQf4SVb31VoaNoos7B73qqtwl8wnDAkdVyo3bS8PEyfS83Vwh06LmrOWxio4iFy6qiUDcQ0M2C/YUQOJ0NPeU7h9Me7FFW5cPEKTXlyWhKdOQjclM2G85533/POu+64trF55uzzV7evnj5z+flzzcOHzxw8cHilt3740B2h2wuc1chdMSpy6Q9NZ+0rOClcqlBO6gr0XO4zzOuROIPbbuKB16+bqoRmLf+n3raNOyDXJtVlbMpYu5eSydOTjWs6TQkAoNWyYKfZwK9kBcrS4r6c2IEEDvolCGk09Td3PLAhnVF/EAbhaNhf7i05TkHo5jDOvMBbO3XbXzt0ZPvylcvnzm5eubxxdWPjicefO3/26ae+f/zI0ROHThw/eHi50216QY/gBnJ/VRFqpJqwCgGamek+GyEIldVzfLkoS2nmXU4lWc17OuYNIkS/8rFnJB5k9y/sD1kCBvTmxuZ4PCqKYl6oQqnr7o8hF4I5CftsNaD+3GrRDI4cJEDnXHJJsRQGACZj61txsk9u0354W8TO43CUW7jHxpj5yAZvtSUXxU0p3DnBfwn9YoVHAWEhzdtwpn/JmmC61nZQRtBXrXSNESkLce+h/sl97nXK52PwAkBVsJOxF8prIHAcepH2dBq0BLpSOBbIb57SzTK7l5mH3FGCOEtZQo1SGUCFhPas2PSqdUtFBhdlrDiZyoWhQ/uyA+HsMsddeY7vuKj8ZwyX9SJAGvhzyP8HLLqKtLMiJ/iN4vMe4Tj0AcehZ9RuNcej8bC/09/Z7rb8bjM8eGB5udejEDY9lOFgSMf0CZ+B4hb0EGhDz9MsjTOHARueu6BgZl7uurkfcL8bGjzJaDJlrV4stgQs0xnBe242e70lwr011mIKV5oMRyPLJSZrIWw02q0OcsLA14Y8r7YSrlUAYf7BLNrr3MxrbZjZ3AZBOKWyHYxkI6AzCPaswDBjq3JokKxUXkBoBFK4wqRZSahlkgwp8NRkDfNSCBoOxUCQLzgaj6Hal2c0zlsNv92EpEfoW0YIQY0BxWtYFgf1JyoBCrV3la7ZIzXTQs9wxL14pJqT3LCsWbuy1MtGjVXLUWdf5sgch+8FMlU2GwJ4Yw2x2gdREZHtCZHegyI65KLQxFRVXVbRkc4kRYQzRSDJMR55I6jnlQpFQT1oA0URMhdT6MADjc0L1tnjBbE09fIs5OhiBkArVa3KNvBokXnDToRmRhEvs7KOGVEopCCyL7EFa/HTGubTVuzRUo8K1KjNWigweIwjCk/G8uOVEoF6CSQrROxqlnO1NACUL0DzgcfGcoZKooy8PjuyaFSjLuMFjHN6lCSZoJ47hgPbovufr31uc/RhCynbkTGzAxkt1/OB+P37sbZbBW9GfFyHe8j3nK7fbDWVN4YKCTnGMUoaJD70YYpqdCruClR01rbYL9clFHVuAaDJoEVOcsnIs5rjoVdk7Ru1vTbwwhd75W0BQC/aoi3aor2WjfyigoPGBDo/8/xz586dGw6HQoUmLJh8h9AP8iwnm89DapuW4oGsSgiBjaWlpYh5OClcl/TJJ54k02dlZWV5eVmIT7S7DgYDsGCYVT2eTgbDAf3eaDSRPBoGzaUlBM6ZaCwk64IxXPKuyKJAoTzPK7iOts/lbWhvzgBbm++fvtRuHxym7bFOp1sTpFc1llENzy08vxxMpoNJ+t0nT6+urSineW1rErhtThD3gC8jo4uBZlPQv7mgMIr1UQCerIYsTmFLuU5tJLocelaiX6EUVya0PGXpRrojlSO+j16qmpEqgfwhGA5cIQRQOmjDZCMZm1Zc2W1yNCZJKTFiAphOHr8Lm4+OQP3vcQyAOly7we7uBnU+gd+NZtRsBPRMGKw2DAUohtPL6pgMNIsdBe8dFiQbvJIoaYVTXddT1jbHk6Cv0eMjg3ZtdZUgpJ2dHbJ+6MEROEAPGsj8OKHnT58Gw5rAxbpL+I2MuI8AABAASURBVDSaM8veIHxm0V7rNofY0MgdFnojMZdHyfOlt+04iXIxXS1Ow8n1uWJcRc/xGrXNhSfTmfCR8SBOxlmvS4uDQ5N0EiftNuh3/f6IRhG4e35EAMvtvZO3v+PEcDK6dnX73LkXNq6d39w434xaB9afPHLkeKux1useavvroV4hJJqWCsKgyQUikJMJNU6lm6GlXt1ce9GBuM9ALy19kqd+VaTtbdokszhTaqyKgSqupdMzw63t0JRRk+AAcvsIHBOdAsGeqkCWY2NqqPzDQoxl6WblYGt3NBkfP3WsPxjQcxon8dJSl3CFNIl1CgiPFplD9957+N53ZIPRcGNz8/KVs8898/S5Z5554flud+n48dtuP3Virbu03OweXFptE/zlBBEtg9rQCo4ChGUOd1V0ZfWMC3+LEVB7m3qvIJXZ9yWj3qoLmk3IJpynSOIp5LRGwySJuXCV+Nva2CACN4HaGbxmhQeHwB1CnskkcESfiv1sSAizIgT2l7KwpaykkJX8losLzWdQTsWSlAMr3o6MfEEKS9AuliDLPqOvQSu5wg244IFIgoggs65IehXBWdURhj2URP7N1Pgmb0jmOqWRWl5L/mkq3qMFoDVvo0HgN1BZK2q3aKUSOMQtWYqaoVjWsqiUlXEc1jFDcS7grfZmOW/K1DCYoHUSZxc+gOBVGtx+lIOgLnO5wBdQPCSSu8h293zpkBLy0Pgsnw2gjlwWK5YVLDNLgf6ELpYeXReaHUEU+b1e68CBVRdhIU3IFXX8aFzmTJcEg5KLCkoyHNPYUYTQS4OIUC7PyzlqbjhU75Qug0TA0ZOY5VKmYwpslKzSltpqIRlh4YQ+L6+srh8+RgOs0WxFjRbdlNx9pbC6FyK85Wqr1QKufg2auQ6cfeWHUkLsrdcMjaotqhTAklFVxdVjHUt8twxUXWcV0fQhoI5DNgRLe61uN2qFFIAhGJqG4e7OcGtrezqNaaodWFtd6nWWlzvke2BqwD6XGap4lnByRDWT1T7MsV7YjSW56mow3Si9SdtxaHHnemGpwMY5jM9C8FXYSmLyxqpC1bMdnVRUHS41/kRWI2OMWVmSr8v7GFgoNOOxAoAhLMwQr9I3Ah2a5qegvzQ1yahyoOceEgatUcs9l6KEQHZrO4ZhY068sATougisqUNvSlXoc4W6asv/hqPEHGpIiORYMMqCKxpWGh6sAuggSaMBJBwrSYjomxsgOAb+dmoLCMFpYpzdgSCH8WjvdlXAOvKcGmVJ83BcJHQhevTVtTksrY9L4I4DQl+ilB9KILqhw8MiDH3UHLTPZc8er9Q86nyD8W/jAZUhIw/U7BkZFeW9plQbAZHLimRkV3MGpJ0G4vQtTppR05j6HMmjWUqBd7dgLQ65QS5q4CpL3hE+T2kRZ8dyg+oLeWlr4AJ3fg3aAoBetEVbtEV7bZqkJG1sbDz37HMXX3hhMBxO4qkEuiHHrG1MdhrHA8KHxuPJdErWTIB697AMur0ejgKsmj9P8E8Yrq6uEspMcMEL587Lm1LNj6kuJZfQaa6srjLArZljC7OH9lvUIfR8wBcMv9LLdF4yXZoNNqQKyKApW3ADdQ510Hnm+c1nLvwJBZiVHyiWJIU550F6NpnQa91vfecpHfQ2tqaOQxZQlBuVlQkw5xIptGTsEphLVwf6sxa7QUnlQAKRRf2ZuwlcHc3V+RSKE/JPgsUroFY6ytaCmLfjdXWDDNCRg5pBRsSKnKTsncUJ2N9kq4k7Kl+XPqFvRaym4VYiHuSRE+QPmC/PueS0MxoOA8D0appMKUZAVl4beF7AFCsyOd36WgpwsVFkSpV7xwAIa0YIXPKKMLglgVpKSq6tr5NTPUX1jJjAaHJ16XU6EStWa1RDosdHRrDvsw6cp5QVJrNW/cJHfBM1gWleojaFERXPQmelHmfq2iR7blqcNd4W/ZMl+mAlk5cE5W+u3slujsBFpdZW71WOpAqvzAii0Otrx5eX1kaT3a2LuzRrtneura4st1ot7TXIb0wMKzcQplIU7UbYPnXk5PGDNHEmk2R7d2fj2uYzzz1OUaIw8FuN3lJnbaV3tNVYb0eHwmAlUG2F7Naajk0ToVHZ5wJYOXLvZSXUUGkIWscSrEMp7ONwQgJYQyn71FwAxkBfwPuhG8/1kuBc97KZFafSJcS/y7FjNsv0udHmxTKfBE4KPY4i8MM0TpFgLBq+0K7cM87E2yMvEQSoopiMp+T+rh85GK32+vFo89r2crd7ZTJudlG0iKAqPwjTotgejMmJnSb56rETy0eO3n7/ff3JzmB7e+vyta1rmxe/+gKt4u1Oa311bXV57eD6+qHV9RWvsey3Wh7WzYATkhWPKKciR5fV/Th771pwQLnWOWiSR4u2XHrRI3LVnvRsDPe3jGsC/xtIIdNSp0InTNOiLESF2MwqVal9Ti5k1z2H4IRmo0lbDDZl2ju5ShZFf5DyTbvYHPosUpwsalpKgFPwbZt1bXFYJZxATHiglNmUk8kZmgAWg5Cpi+1XVZDWnNc/V3SKr1kqhs3wZ1PjzUzfmyErWl/nke/ju6nZ70bOLeehTZygZ0K+2u0WMHeJSjseJ0RDEQbILdAWz+IlFrThwsCuK/AOVstSyyVzRNv+UdIrGFAOKySX2J1xZCByEK4JI5EvQDAAVGgXSmAwXErHtbYHaIVWxhXK1FwHElnpBEN7jmlHYacdNaOIYgjdbnvtwCqFhEaTZDRGQY44j4WqTvYPoKMGZLW0msS8shdJ6vtktuTGLznglKBXWWWtRP1ZWtoT6qp+X21ubCCvhYbYNAYbkYdCt9tb7i2tHz5C90lHpk4JotBF/TYugGHtQauWYGZA363awrJ4le01RJ+VqkRuqpw3GaXQ5tK2fifrStCjLiuxaDm7qp8kW7AoGKF0oJyw1aZBGLieTqflNM53dseb17ZoMK2trRxYXVnqNZeWW2Qi81eB1Dq2KKCqFnFezvaGMep5bWaMY6WqRcHYmFNtM/BH63/MD0qrsFx9yJ7Umr5lhUxyIYKZ3AdHslRZRc3kVSnpTtZ9zLJUoshAMSYuNEpxpsDxWCZZS/AJQvHSdwUUJ8iqKpEa4gCmhwSSFzD+HECdX3oeORX2AeGcpYWhWQFElbbqoF04jbGxdumFSmVYVaYc/s8A+ZYpas2jmANdtaRy8vJvpCoMdH5orWw2kBZCzhKAcXAD0jxL0hwJLhM4FMx/UbwG0MgoUTTS1QQaB4HXCGmvCVpR6CG6iZ1A0Nl6gAk+TmsLXBPUoEQiCRItwkaA5oUog+nI2liPcTOXB6debDxXm2E9NOyTnxsklbWg61FVF0W0dRFrP6iJOszQyKb+owa5/yzNXHLo/MLloKFsG4y7m+pZiEWqbIKPXSdVtWdpNcvwucWtqEV71e1tCkB/+ctf/q3f+q1vfOMbKPD1Etrdd9/90Y9+9B/+w3/Y6XTUoi3aoi0aN9rzmEXjZfAloMv82GOPPfnkk/SLFJ8hH4c2NVAMUPGj2Lq2tbu7S++Cp9yICBug0DpnTrGbQmCv5yQZxW4F6NQ5/97r9rAndruyP8KHIfQWqXQFWVRk6qR57lYsX04epUB6FgYhWQ/kppWMR0dBwK5sSR8mS6a0Wlyskawcycn1/BaMMMhKAvDwyQEumFDA0C3Bu9qBmodFRZGwq1w/MAyW0V5PBpDDdg2F5H3PMiWZPyTsJ0WGlYSjyYEjq09y5JguXQr6rNgv58pOZD24wiMja1LKDBV5KrUvxPAkqytjxJaO7nh+kSWjySRNyMEDj5QFm0GwInxAiMN0nNZST4wnQYhilO7K2TxxjJRiZJE3zomD4kXAKpOwUB0tiXIO8xQARaOjIdFJJivZqGTXkwXIbAtbt4i61AUXHrIngh0Mh0MKJxA4iCrdRXn18qUoghRlq9tiaIA9acIgyZ9gKJou3Q0dUDnSDF4wzGSAkgsv8c3UzE1elNctKAd0CcqEGVf6pkm3nZTP9ZMXCnVNudulM2FBV0xdAiT8AJOZiTTKQhJcEj0l78Kh8ZDSDCJMyUn1cGdE07zZisgCX+52nntmurmz8953v+/pp5/udFu9laWl5XbIegrKyQLXT5IRMkxTwjPdXq+5vNq5885TdHXkbuxu7/R3d7f657YHF/OMzhkcXj/aCJe77dVee83XIcJGqqFVjyFpFFfnn5GSqExVuwaJ52Vu710AavbPUNHTDItiWOh8mvbJcXBNL/SPKBMWhK8qSA9wmVaK3Hh1p6m3eKuRaC1UWGX9m6ykLg4yoyh893w8eWa8ueNkSeAXvPZBmDItCQgQb1+CZ6ZiuIKHyeFJJcEtz+vv9qfphCDM3vqBUTxdW1v75l/+1bjVuv3kycvPPtPodLurayv0sJvtOJ4UnrO8tppkcUxrZRq7Uev43Wu33XW3KnJa3DaubFy5fOXiBkUiL9FK2Ot0Txw+2mu3lzvd1ZX1pU6nG3UoqtnSQEwD++xzH6It8M5TWaIZOEBc0BHtYJVTjLPSk6G7ILA8pQVc5dM8o1V12Y26CkIHIL5WGbxvABj2is9gamYbpyIQVkgg73QCLdXpdEz7lMN6msyfldhnBeLAvzfM4TOgP3suuc9AVx0LVdM+GABcQJRUWMVCui2rOlCC8ViAlfc15gNWws3YwJB/RVsGgqtZQkYIcsZZYsPKg+pK2KcKhMwQBFPWXOrq36UjwLSxRQ4r/pqFhixMYL9u+WX2P1WJlAj9zyaaC5AMSr4HVQ1k/1j5EVtYkK+PU7PoepkIDnDYZRRJzeEXuRDCGZRngD1jAXOnAqCFew4DpMDiW3LPiCQJ5mWaFHGQC/xADyBCdDqE7peLkJjULZNVjSwomioqSwaj3d3+5nQyCALnwNpyt9eiZYyWrMl0FCeTLbTN7f6IoL0Y8XBR7JVEewBGXoGVDUUDjcfVNyQdBLdgaZyIN3KOFwWWHMfs5RfmBFJlFJ9CwcYwoMh3Ruft725tbnRCAqCNaTRCGDzlHHRTP5xq+O1jqc+opuZGw1zfYgos2o1bvW29xP3r1h8ys1wEHkiWVVE9N5mMpl5fZgRSC7eJSBCZ4zAUVIAig7TKloRV7m6PpqNJkZW+77aa4fJSu0mBMA+LkUxfZ76cZX10vUdYwy4jpvpbScjD6Dk5g2qFsFen9938jDRrhZ7n8WketHvuSX4VLR8bFKuuc8/wNizxgxSQVKBOOC20ruZ5oqYiXMQJB7TCQMBGVeuOxKt0SS4MEiMAQBN07WkUa+Y8SNrToAjkVPddXdpctECmnn0mpoo61xaS/VkDuODfFMCgfWyrYeLkDZ98x4LTXeEcIRjp0xMkHNoPPCW5pLgIe2auxCiMaS3y1CzaBB41uSmpNhQri3IPWLbrQGlQkjeByRqRc7IbBB8iQ4kA5H0GoE+7DZYmCjgTBYB9lZJp5p7hfGRB33gY4+HYzUDboOXcYerKxrM5YyPUValaWQq0hKxxAAAQAElEQVQd+03pYdQ/cCEJ4rRCskrIWVasasWRRK0kGRXKZWVhpew4JOdyXMVW7ZRMVl2HY1V1PbduCyfsNWhvRwD6N37jN/7JP/knP//zP//P/tk/IzTgRT9P8//rX//6b//2bxNs/aUvfenQoUNq0RZt0RZNqQZTWgiZpWXi9Onvf+fb39nc2iJ/SKLd03g64ew2+gA5LuPxiEyZVqu1vLzM+2rO5KmSo+KocwGB4GmmoXEMo9GI6nGR174BW1Q5M6Qd5hdbY8115pl2SEMSAQdxQCqRRKgiMofCA8Bh5om74sFac8oFyAVYtqYs72lMP8ghIIa3S+Zj0Sucrwola4+hZBQM5FbTjelKwcjmJjThisBgxZ2dubvQ7JDLK6KnTIC7y6KYcl8ocV3dAnn0ZDARlkwut3yr2ONnEWRP4QGv3WqRi+mL4napxpMR+Yfi9jvVxwlPF6ve4VqOPtPTlBI7BzYH3S7SdaNQvEfNGpMptwD0ao8r3cNm8lk5hInPcI6pV0+cOEEvTiaT7e0tsid7vR51CD0Ieptgdfsc2VSlXyDkwk0ebo0+LdqbrOk5uHlfY3IOS+rZKj2ohzJNCX0uLkyKs8odaj0udQKKB5wJ+APk74jBLciz6PWx0E3uBz5NK0+HWZJHTnN7MKahv7Ky7Pv0/YkpnPvvf+e3vv3oV7/61Xe9674kSba3Nra2riwtdcOQAiQQ7UMtTcdtNhs0hmm60KQSAmvgBwcOrq6trXDJeOSGj8eTtNhI4+20vDKOO4Eb+k7gOI0gaBpFKxRq2zASzQC0Tcicm7/IsWCwVGcc2TFxMshVrJwkzqZ+kG0Os0AfPrbczjVBSyHnH7i0Lolw0Fu9Xc+HN/XLBDrT8ut6U2U2THZhPDofD4YOlpVCVwIKiFGgOquaS21WpUTyJN3EiijQQpNS3G848h33+G0nElaQp03lgU/81J9/+ctPPfG9977n3aNkuvHCCxsXLnVb3d7qap7EeSvmnGzHa0Z0whgQXZkMx81Ga+3Y8ZVDR26PEyl6t7PTp8Vqe7B5OR53k0mwBQ+4GYStMAodL3JQxI0eWAAJTrDK8AexEkeq8IGeq2snGQqZghWO0zhWRUK4XllOR4N1r/kTt79rmbxsTANtXqNily/eXjGKVoEKAufSuBX682RKAPSEnhEQZSCkSIWRwkYWfTZSlxeZDhCsDAgVQXdhv+M4jYtYZpPF/x0LNXOZPvmLN03NpbSMlC82WuJT2NQ4WFymaTwZo9ZgHCe0KVYUZSlgLJeiLTKs5pCyusAu7+YCPjLQC8UrR/i/9s7lVvS8mOmM28bjZoYKWaUqyzTjwlqQ0+DUHo9245DGE+sv0y0L5OSy7IbDpbdkPfRY7VaKcgkdvCytkKfA7AgaMzWcU8w9XCpbAGQH0Xac5yyZkSEf39YPYxzfdSacmM5l2zyv02q22yWBF4RCc+1NmCSIBrPaObRfKUrX36YVdTwcLvc6S+sHl5e7dNlJlqSjdIqq0VfOX7yyO5xS4JiwawhtZLCTXNGydmEq0G0guAeZDpbz1cKXRKDdgSUjFSakNphTDzTpVoclziLXI7CesGaeTdl42N/cvEpfoDW8t9TD9MfC4Zgau7ThA1WHDkx1XMsmvymach1cPf/e21k76bo2Fyd4JeizuflxLfGzoh3rSllFW5FeGwXSc8BwjT7TgpKzmY5VgkDMSHsBxCfyJJmMxmQdkMXsKpdg506zudxrctDLKa2ZaViRXJBTLZoLylF1zGrvbdj4hg2X1tEtWXvswmHRyT3A5Z4gh7albeeQ2foDxkoxzIVTjJ0o1dHsybjMqGOnD8I7hrU1CleYI4rMdRZm5/AcvU9GO015l8V4YHYj5AVqMQqLY+JqlyUGybfhCBgvY7Lg6rmNag8SPQvrzIH31yHvsyeMOK6HaoE0i71GoCWmYCrbUkpNglvE5zecO8XuhxLB41IIPvSu65NLhsWR7QWDisVFCpCZfDqAvFEjbHINaCnxylrWkGkCJyZndRFbnJCuB/JQWJ09FkHipNVqnM00AG199+qVmwx6I4xil3ehWQ9UAHQdopjH6Kv+4aL0NgZTpVsZWxFHQGkKHzQosoLAAHjtHK5kX6pgqRRUokfYjm+ZAXBXMGe7M+tqR6w8rBdd2N76zIg3R3vbAdBf+cpXCH3+p//0n/7yL//yS//WT/zET3zqU5/6lV/5lc985jP/9t/+W7Voi7Zoi6ZQ+F7kGr/+7f/83cceS8hvLwryRcnJiUBtJtsPQM9wMKRdjQBHrjgB1wabn0At7LhBEzAzjs0xRYPTmUmd5SpZmW1B2lw51WhGMiqN1aCYL9YnHog08T0BWzDsSwaHLq0tK3azULDtd5lKjVA5queVjr4xFOBa1TlyEF2N4+E2BEVK4thxnf32N1853ZFNay1stcaCmT7SiuoaQMJgkrKUv4KmM2oQIbdUs5gJNL+A0GupIc/c6nQyndQ6J0rNciHpb7GgQq4xJOcl+HoyGYv6h9Cf5Yv0KNEXBKOz6CRFC8gGq7xpdAVBeHCF2T+V+Dr9J3EINtkLWxHaMN5fljQYGpD0bhw4eDBL03Pnz7WjyAPcrOkt5na5EmkAXYrzq9lMQu1Bl/ukqBF8MUoXIPSbq90QgBYztrTUHFtGJlV6kKjLo/S5aX7R8SeQGy3jUkBq+zUhVMIX4MiNNhXtkLAqgpYcFaZjQjac4XCSJcWRw4d7rU5cDCOU4/KytLz/vndu73ztT/7kTz/84x8+vH5omk63trcouNVuRUB2gOUQzpcR7EVjkjmWGMfj6USqZuUGc42QxeVmDyqD4AJhMufxmEaoo6eJ2QDiDBwNOQpGRKK1ssEgU0nTaOAv8AZVXJaIRe0OB5N4Mp2OVteWnSx23XBjZ6fhHV5pN2ja0aTJObVC8C71Vm8zHpYRbniJQvW8mimVuJoQ50vZ9MxosBOYpO0gmZbWLst3VoI+S3xO1qt6fS4FqCoASdDTiUfjZDRx0vzYbafCZoTSplAjIGS59fGf/dn/8Lu/+8h/+vL7fuT9H/qR913d2jx/8dJkPAiiIGg0CleHrYYbBEvLS3laRGFzZf0YrUjbwwlXukpozWy32qvNZu/ggVa7lRHGOknFGZwEbmxylWe+Sp0UgxSwH41mZC475NU3G1HMRVYDFDlgH9vRyTSmXiEYbzKJN7Y2B+n0wKFDaZG1Gs2drUvLzdaPHrsTursUXHTKQLtvwCB4xSup4DvaTm7kJLH4xojQ5ySJGWesGHLYvl3ruKuKkappdkPTJApYzNN3eR9AQjioimHIFbXKqgpUUcmLlrW4hNTbE26ylZmmnT0r+EpSFveKWV8qlYtxLaHaqQpJ3tiHNmbPUiYqpsx9doRgPcOHtOVhVnRkUxUXLUXcWRBn3kU9KaYFMVnmM/sitxx4tB9HUeiKIJdjF1LQ/cIAWsZ24DiurcbIylS4dyVc5hz65szzZt1UhmhLzrR2aBkj1AFIE1AmxpuAPltKchXM5dJbXMDMhwozhLVpnWxrBJ4B35SmQkXIYMjiLEaUO0uULlrtxvqhtW67TbYAdfJOv7/b71/lQtPjae6FDT+kZU05bpXPxQEGpIZI1UpGhC1eD/4hspokWY2jDIDatDzkurqiKQImQoYRBcVDCiLSQ47jyWiSe7sIdS8vL42HB8jY4ELKkRiHM5Zo9chn7PYZ0bQial4/zLW+GRxjFpbIzZt+mQjVrT9tecw1xGoBaM1xaqkw52ibglQHingqMqXVsuuh44uj0CBP0pzGzng4JjubTGJa5zutRqsZyudrwrWSMLjwXSokms9h6rGk996yvQb9Sm7WhjT0DYei3NAM6K++sefs8ivzlGGhu7zU5Nw4k0zbzbREXYQE1VgpAAoJxCDh6BYWpoBMfB2WcBmgCMQhKtcmQrhYBwk1gzq8wxo3au9COodeVqZfdel6353Y+7EANPwdBqBRP7B0WP8DJ1G2SoZwgDVt+wWMNAaYDZcottJnQF7pmuFZUoTS1qvWhklC8Bu4lqtFnWX94c4skEzFyyIAaK7AWBR02x5LdkB8gwLNfDXiSfFyOHvoZoas67k7v+HDMxaQn+svUy9Nsy7b11Gm/lAVv7U7r+ykUtGShnGDHhdSTx3+YR9KKWOVI6u8VXEc2LGaG1o6Qva4/QPqpbTF8vdq29sOgP6X//Jf/t2/+3dfFvosbXV19aGHHnr/+9+/sbFx4MABtWiLtmhv+0bh4cFg8Bi1bz8Wx7Ef+Gmae25A0XJ49X6D7LZBv087VRg1yNapwr+z3ZrFNwp2Jm39Om3JyTpPUuC2vlt7S4CP2TxJWWUSVouWnCRsrCVDP1KjDweoiiyXlZsDaIlQLa4iz3WQldaVScdf8TyHXdlS/CUXuLbiLCXIXIpDTS4dyFm54fpI8Iwc5jyTh6eYfC1G3jwQzB+je/JNVUJQEPM6U8/2JlcoBhJNziXMZr5+lvtgNh6i/jny0fz6u1ZllAH1NKmksaun41hzE4ngOEzgiw2FlFyE/dH3rmM3wYJrkJCbnOExkRXjhij1wRq1PuC92pYUOymKIsUCkeTzKkvitilmLOLhwvvPUvJsjx45Sm9vb20VTPBMUkAzFLVvNhryT4pVZIw+a2ZLCfeNXgeh2pN6HwhXVJ6kqZ3GRfvBtXmfwhGakX2jpnTAZyBYNTWMw+blZlpeHOXPZGpDeZMSuiw5+3WY/ZiNSC4Q+jMCLiCjFPR1g5AVnCYU7Kax66ggjovJKD165HCr1ciKBMnYSESgceUEQfQzP/XAX/7VVx/54z+688477rn3nhNHbx+MhuPxCP5UOyyME6e5SdMJHaXIwpCdLvilyEZnujYUeBxPp3lsytzl+vLg5akJrRB5Tqdo0KyEEGqeuG5aMmDK5G7MV0J+xpMEeQbgoXjjcZ8BaJMWkyCCTryGcju5gEhx3d651I1ud9xOCTkPl92Jtz76rOqohBFEiRY1yD0XqKk61uWVYnI+HlwknDAKM7ppUHUyl0lJvF5x/bqccQMLW1phTaZtIoioGfHvD4bZcEidfOfddyvPHaVZCaETSDM1Qz/qdP/mf/lLf/nlP/rmt76+sXn13ne+81133TEcD4ejcZGlDT8qUwKPzebFi+RQE2Ll+TthFDEjLGi2I1pv+9MxYYQUIBnEU8IEnYCc+QyZGfREAZmBCUZwaZIl4zjutFp+FA6H42k2jV1DMBktaVd2rjWaTeEJD0cDAsxoHxlPJqnO3E5oAhUVXtzfbWXlxQvn7189HFIoAvUDtFJvISK8IRR0NKZ+HRK8TnNWLt6mYdeghM3QLjUjFwSxNqNGu91qtgiub2Aa+m7oQe9YW+reLEdIBgCXwzNFYSoBaIYdXBTNAwYLVXdUrGPYmcwE47F+lK7oynDCmd2m55LAdQ1KKlutYf6+Zr/aTbU6r6pYaGx1SP0tQQQcDhUj0M6QDhfe8wWAd+hB/AAAEABJREFUxq7qMpGZMXEGfIBsiH61ZENzyrutOSj8NAt7saGCQlvUxSnfIcMmIo8tp+f0cwR+i6xMaFDGOZlk1CfYWhnFlwslIJuAXK4MbCQFTRWSh55T/CBf7lKIudkMdYX0sbauIxfe6XUOHzlY5tmB1ZVut4twtaagXLbTH1y5em00maLoaytstDvNZsdH2nzA6VZ8lTn/QIjZVOUksdIGbCTQPbdaUZb5/Chz2eYTMiCYwo0lmPApmqWoTk0xP03IO90chT2oW2NWlx4OdjY3rlB/drqrXi/g7mSypCmrYHzN0LT0hQrTrI3SRXsN2stFn295LPnBogNzuKyYzY5xja7LwdVQp6UpixlScvYEDyKU18szoycFQa85/BSn3W5QEGV5qdVqNme1G6qEJptyo6yUgYjjVNEnpZR5Le90rt1A/sDMbvyGX6n9CBnqHG6Dl4G9rNmUCSiBLIPsTFpBMg5dJTQPhfbDa5OUJWWB5GoJY6l5r2Z1s/4G/rCtVOtIzF3kPjz6OvR59tHK8RJ9aDBqHButFWEI41h8FvEzZL4yx9nxOP3D5Fi3mK9sDPknFOx1oW/tZ5mX+V4tyeFD5FoHHkR7osBrkt8SISpMCyiyYpn0okT6Cco+uBtZf+XW55hE5haRhXr8vdwBsTfYUO2TNeCsbO6ONvOxF2d2MkHSWUNJC6PZsau2wjBg1jUfy+b/6CpqXGWCmHlv/GXMXX3dL4v2stvbDoB+9NFHf/EXf1G9ora+vn7y5Mlr164tAOhFW7RFU2CiFY888siFCxeEnkTuX1klSouhT/tmq90a9AfkHzJACZ3TokixzbtORXm22a/CbQJ5sMyZssDUuTkhDLGuOLMzB/fBhVKsYXiImcsOiwmSaZK7QkIW7JIgUb48JldC4hlmi4SzK5PStYQzLcwrILMMqtH7dEyP7Ta5APZ457kzLDcGlJZh4rygX0ReTa4ZuWMMlxRMNxbsmDy3OYSa9cpKAB+60nfe18m4rioh3QiEDVFdm5fIScfjnPqEr0h4GfOHcJnPEAZh1Y+KPLeqDrJFdmBZQtAZ1PNmGArJiHlsRkvSGzcUMKmKR6P2kZJfCtboKJnzDp92Gk/puGura4cPHx4OBxtXNhOAL7hHshPzLCU7V/TpGo2GxeWFkOVoZz8QoAIUHHEqCbRF+8G2fdo1171e0ThMKWjqJFc74+L8NL+Qlte8YOyquAAwzQSMshIHtHy1cm8tN6m7UjooPVqo0suSYjyYZml54sTxbieaxCN6NyJkkKVwXEC4NC2yD//4B44dO/rVv/rOf/qPf3L//fcePLx+5NCRrd3tMUisheepZiuiSUv4kJESoqWJoccLcXleCiQRPlSskmjAKSozkKONH7aQ+J4VwsAcpxmQEQ/OD4VMyJ1BjbMQnJkkSwnPgbQrauVkyksdUB5Xrl7tX31BnX9u49FvfeXqxT/4B5/pfvwjPwMxHNQiZNDEqLdm21t6kJcm6qYctVwNoZIT39ktkytx/+x4d+CXptUoEW00CC3wY6vY7mjG2H2kmFvMJFOEVg9aE5HzMRwRPHzk+JGw09qNx4Q4Gp1Hvp/FCX17MJq02u2f/Js/9+R3vv34N76+cfXSwUOHbn/HXSdOHqeTXrh4JedEj1azE4SR9p04iyELnUEwmIAvWudD6K204MyDYpp5juf47jQG5gX/u9RpNh2XiJLmOs/iIQYzDYrQnah0azjkFJIw1sgCoU0lbIdLS23CB71x2G02KbCRDyfDq9eCweTxbzz6n04/3f3f/x9+/ic/QR0Bzqx6k7cKFuUcBeouwvXpP+pBAnmEdqbm6V0M1ko8AnruABP9RjNqt9oQP26EDSTnEPjsCUfNiORlWVUatCoMhgUoLCeW90DEZzNGn8fj6XAwpMuQS2IsFwCvRH8Fwq5kuyx9uQ7WWvbifue7AixtE+ZwWd+QsizLklUjjKBWopUBsVXatAhOR+m9gNO3lUDMtvAVmyuSKK+FtamhAm4FnxnuFRREcWC+5JgHDdg4TVFWkcAjwEeptaDsCgrhGvoTJ9mIhtZwSlE3+o96xwhpkyNsdEFO02XxK8y3QsqkZmYyzSl+TstPr9tWFrCtuKUaY5JsiG6vg0QRU3Y7TYq4sECSiZN0ZzC4fPVaAR0yiis0u72lpaUVmn3UqFdTXGzS7w/6u33IoiSpyIhB9d91qIeKsEDVydDPPcCCNPlwHxzsR2XlPKXADJelhPhG6Ad5znePsmMjuingz3FjMNjd3LjKfR+2Oz0Esl3EvUxho/7VMzNVMEuQPk6reikFChftJbTXFpOto0ds0+p9J9p3rnKOlS4hcS07CLj/NH0Q04T+UZwlU4rK0NrvtFutA2urS70WjWWx5h1ViSqgYSGztjxw0ZIh0ipXYe/5zeu6bYtNdStBmNnV4ApB29ABV1Osh7t8RtIusZ5kmQR7mJxjaTH2p8UqOXcEGknuXBQHaklMSK9KM++5yP1tL74pr5iZvcfd6Ei8levxalXpd4j9wCV5yCWhRwaDMYgcz8UukLHQhlGApaFt6LhgwujSVxTYpzCxjcg5BDr7jcALgD5rRP/JUyM3MOf6OTQsILuRi8q1SG0E7Jcy8sw5OFJioMoEucnDqQaEenljYAbdzz9ZM8u8URU0PwOj9dyjtpV0lazT2pYPEoxa5M5EC0rZr3BE01FWSkSpupyAPbiy9OqXPoX1AoB+Ne1tB0Dv7u5CgPWVtl6vRyamWrRFW7S3cTOSlVaW3/z2N7/5jW+uLC9nSU5+kxLdMUC9TOPNc/JMKOK8srpaMmNwMpkkyE2GzQE+rMhxsOavpHsi8xSQBMi8kMTkKjqMAjkVP445DgClpJ4f9lOptqEZrSa3L09S4RHm1jPUIiXMVZr5aBXdycp2cLKdsseFg8IkJqCvlmrtC6RiRbJAxM4yl31hFE70PfoiucGsjuYJQEwXUFZCH1qynRQK/NHvIo6sK04xQWc+QF0oKYu2tbUuxGhg8p94rRlXI6wuw9qj9Hny6CaTGHRSKYAyZxvL7Qfw9hvoK7ZZ8GRYDHLeANIgm3uTOIafJ6oXQAosHlDRH5w5omspnjEdlh4XPVZWy3AJHiKTttvp0qigx/zcc88ZVmXpdnuE+GRgHcIypnsBl1ApfJGwRW2j9DMzT1uBUfo1iHzb/Ryr0C/b0lu016NVfrxSdXyCHRMjeejKITSqn5ZXY3NxUl403q6rp1kxdVwJejhcR6awGI/WYu7rWY60lYXlDEx6O8wS098dxZPk+PFjvV6Y5UPfBxicgMXj0kezJEUdO14nbjt1aLn3ib/88688/uhjF84vHzl2ZP3getRqJslkTOGa6bTVbJBDGUU+LVA0oIKoGTa0AEoQB0RR8RhKPkh7L7Qkreu0dJhghfkBPCfyJeiVlCp3fdCzOTCE8ex5EE6NM2aB0//IokjHY7N5eff/9f/80+9+p59OjK+jLx38Dx/98MdpzoljZt7Kqd1m7m/OJKZh4VAscaLM0BQvFIPLBBLmcdEKcleTC+hQFJJlJUus3DmnWWPal1WEj9clw9sNnoCL4QGqZpYk8WBCO8rR22/zOs0pPbUoSOIEIwZSlZyqYszOeNJrNt/xnh85dOTYN/7yTy9furSxsbl64Jk77rjj6MFDaV7s7Ay2L14NCNRqh412k7P7g4zlx3OwozIKpNmV1hgCSGUBNJplbSkqqRWFQgtekVimPwtRQs/JsBZzkoqL3JFmu0nobJInuUnZV1RQqYqTS2ee+9P/77/dPn1W98eB0r/rPPSR9/5ob2XJEeUK/QZ4d69gGd2LhfDfFFwk+I/w3ySNrTQGM4+dwmEWm6pEH/Acw8CPPLfTbhGC2W41CIa26DNkkJ1K1cmCzcKUzUthzhYissXbKRQa0ozw2BhlBglMSRD+ERTYUU5FEzO6Sph3sCTVnDxlZs67iKneEN8xNc+x0t+oUMy6O3hDZ/EtK6YsBGeHkWjHsaEUoaCxALLEypkQzfAxf9ZCPiw1UlieLl94IUUGEWED5Zm2S+Z4Y4hx7QbWGS95Ty8pKkNTI6U4ynRC8GyCohcUDqOzIizGp3HdIKAFrxkEIY6aZQrp5znPPqSTubgFQu6tbImVvrVCyvi270cMO7sJ1kK8xxGTqNnquT5F3sJGq93pLtF23wC5vaE5Pk2PptFodbo9VAWJ08lUBMMnEOaR+hasaUQP1UOVZ+wgJSStDYckkLyFKmBIh4KBRCA2gevIJ6DP+LCRaFmYToZbm9fyohxNplvb/V5vubu0EkYNzVC/xEqk9KQriLPlFCqr9W3H9fxI10rdYjVemCD722uLPqv5CNZLPhFX5uSkAFqfXdmnmULKE4iJ8ykZ4o1m0GmuLvfaHRSwRIRIlOVtbfIq6FVzTWzISs2wP/V6g87XtVvctfUybFTM/qWvw+hVZeoz48QRFkidl1nH4erfeZ1iYWFTVWrdg4C+yP5k5n6q67rLwqtz/5r9VYGjvG7rilcjAv1kjBl2ZbSntG/E1hTXAN8ht4YcEbEiHfg+tGa5XFCxqlTL5Vmx3PKSDZl9Fk1GSVhRq69oSSI+bmHWmnQ0u/7Z3zUGrW7aEzftqr2Mo7nfxYQSAFrNIqfVKKwvSOogiC65fVdX6507qwLOa7gR0aqqgytrk4fE/ABbwMpvRHvbAdDkVKFKwyttUhjqpXzykV878skv7n/xrs9+7c9+9YR6fRqf8cGHLn3hgZfy6T/8zGfUF77wCfWGt0c+82vqC78h13j+Nz/2oc+ffsnX/Ira+X/xkQ/9uvrcV/7s06du+NaZ6l93zX/mFt/CLRz55MP3fO5rf/zpV/0s34geWLTXvNFOTdvVlUuXH/qth8iPCH0Ujwb92ZDDwNXkXLdQ5GInURTG8ZQBTyDUTaa7svUDTpCkkUJGME5AoDVF4AZxMhUqIPla7NWhuBCBN1HQIK/D7r4OTMsctX1RAQmVbXjrJlMCFe1c8WAsB8JlrdkScs1uBo6PzpNM9nKxw5Qz5+rDn7Qax2D4GocC4yLLJs4t07JKjwUhPMeqP4PYVYHvLqqolbhAFGOs5DgcICfCe7JUArPfuhbCN2PggkGL7QCJD2WshIhilWrAxywOAjpDXsTThMsJgsfNlZpKtxaVLg1qjMB1Q3UKA2CtGI1GYFOBhuyLwQcCAZPOHP692UJNC6mqqGylCwVhtAC6zBX3S5HnT3cExqApfT9MkiGdnBCFTqdNDuP2zg4dejqd0rGox8hlRHaf5wJeQBa2LcPNoDxoS0ro4aAcKLpul7kQUIsuTbPVxpPCMxdsa9F+gM2atKyvlwtGXJVvV46lwSaFGmTFtVF6LjOXC71jIgKj08KgIhkLfCKnOoe354i3R29gsBalrbPCIjhcZ8wQhFukKo9Nf2dII+jEyfVOi6ZYHxVoCMIMdM75lm4AkIW+kmTjBsoVDjqdxk/9zF+7fPHuM8VpegQAABAASURBVE+f/d5jTz3Xer613D5+/MiB9QO0qkyRnZ4O++M2DdfQi6ISNHuXgZayYElar8gKwi8I2nGYqAOmYJEIcEQTh8tlKSnVTksih7W46prRCUrPmyAkqBJFOek134daNAFy73rH7Z/59PL/7f/6e2ee2GlE4Z/+0Z9S+/jHP84omIXC3vzNzLmXFXNGlTPqjrhVOldqt8gu59PzWf9yGeehV/iexPs87TPQCiDNq0ovai4/KL8qrEW0iGVc0A4aKWBrpgQipKP+qOlFx267zet2JrRGeTTuDDmR2ST16SH4Lq1uNNI8JxxDGUm1Dh/+2C/84u4LLzz5nW9feObstRcuLfWWTp48dfjY8cMrB0bx9NrO1nC33+i03QBFBFvtNl0YLZtO5NdkVykVz/EQTnXhtUqcOmGXBfQe4X8ENOc5x0sRMsxAq8eiTaMoTQrBH3NVBL3G3e99p7/Z/+JT/2/C1/y0+O53vv3Vr/7VL/yt/01h62s5HKV5XcnQLxdA2edmy9zVcZwM+oPBoE/7uFW+YoSAlgindAqGlLlAF3SroihoY4/otFD2rkHoMwGi4AsDIdVQfxfFLAGScos+ZwxAM4LNcxFLTxmDChzTOxCjQJaTkRp3Diqa2up2NhjL/7tKVSR7SzPTcwHVm/SP4fR/mZSlqZGp6ntQ8IHWhCUuz+Sm7WcQWcGQBLjrcc9Ilg9Ti1Hgy7O53o5mkB2ERA3zg4wWQlcUw+tpKjUEaQiBt5hiwYOJ5GkrPlZkKZlbFIeeTEZQIeGyWjBFwgZrDPkBIiM2xR5oLv2aoIFGoCjKXmQByMMW6sUvQG0YF7epDbwoo/iFZ1DSkCwS6Gt7qAxI8HOnt5xHUYvAvAbFW1rtZrNFVmEQiNYHWm8JQDPB55NpMh6Prl69dq3Y4IFe5mnqoi4lzuMCBxdWee5RgDBAPUMWMgECTc+eDZ54MBzmOUUeCxcK41h8CNOmzhsOJ1evbUbRhWPHTx07USwvrxA07kVezQaUpVuiGGyBzFiAlkt4gwF/i7mwaK97M2a/2MUcSle9ZZMADBdETVGQMwi5iATUCQoObCE4k8ZpPKUR0+51V7vdRsNvRjTagVCDTFJaqR/hPVenkFxKR9IB7NkqnLfmBasZh/R1GRUvCdyvhqSx/P49YLGxgn0ziFkw6JudqOpYp/J8+CACt9r18sWtlcpIMPWF1QfXe29qDq02daDPElOYtAt3jlwHcqPYGHO1fWf+CGyPOfNKSShna7F5RpM5E0azagfzl7SnpWSjxCm0XR6q/63mSn0xZg8CrW/Y+zdoeu4Wb9RLs6G07yuzTpr9tINwBhY7SoIKey5NIOey/ujsRnSNP3OUwtRiH3PnfSlt4Ye92va2A6DVS1zIbv7dutLXS2hvUmBRgNcHf/sL6g1uZ3/zIx/+/Jlfeqg68ZnHT6sfUBPkl0DnSwIxo08+fOR3XkqE4OyZJ9Rr1X6APbBor6Rpq7MAxvF/+vIfXL22QVv4mTNnVldX2dlwM88T1irjD0rK04lsMTlOZO5sb+8cPHRwe3ur0+7k4MVEw+Gw3W4n07gZRuTskFcaxxNRtIAXBfcNpkI8ncJJE6YzKzxGUQNcB+SRFY0oooub4jPsfjIdGDmYKHwDCqLYIYRuZIifu0ynKqQQola27pdA2IqRUI06yG7BAJPiAoaltTUdF7LUe+Nwlf+ixJJxFfOACXH2ilISkkEfYr5QncNrbrYSC0W6YCVEXSX8SUKZCHYgeA82JiR0kyKfJHEpOLWy9qWFLYzlZ1HQ0RUyCMF8RWK4HlCr1QKluroBMtPzEk8PcgIoAB36NiMPiHxF/0DxKKa256iUXdEC6GjjcX9paWltdY2668qVK1yCsiRnWe6l1WyS8UtOLd11Cq40p0J7SjKqyU8VbnjVAfainAqWouFBbjHB7hp4dLmwfH7AzZrjXGQeo9OxJBGVF2pSmmFmrsbF5bTYyNWWcifKS228BYBMCJBBy9ctmMMa8MybZqoiA0PkGhEEQ+GNxBQ6nqb9rQFhIyury+Q2ZvnABdTtsswHIXUFAksa2dwm0/EkJ6CEkKlmA5zDYyfWTp46du877/zuE09euXr1O9euLS2vHD58aH3twFr3QJJMJuPxZDSiUBnBYK7ngC+D6Ivh1aL0uFKNw6V92NQHnRCUbLsaSCo5OLEiUulAVB0JIhCU57x9Rs5KzSVh6D4zVbz3x4585h/8/P/5v/3djcsDZca//o//+3fdd9+hg+slE3PUW6Hpvf6W5Pjn7KUWnE5CNzwy2cVkcDEb7zqmT2ihx34kcma1wJP4sFYSbdOs/Wj20oGUrJNAL+FW0lJv8my8tUtxuiMnjlBssOS0XUgAaXI1CW8zk9HELZwwoMU7IIDSC4PpNNHGJ6Dzjve97/Bttz39/dMvPPv8xoUXBtu7z3zv+yuHDxy77dTtp44ScLexuTkaJlhICZmDKmRQcJ0DXYNTIsZrSUvy4B3WKOI7s0Cn8kGIJuAUMbPId3hRhiq0OLT0IkokgBhe/MhPf3R3c+cP/9VDBDLSIP6d//l3fvLjH2svLZuXbmW/oW0Ofa7rwfKSPhyNxuMxbcUzipyWHqmABY34KIGItFN3uOxXm3YFisDQThNyuSvGbWnPN4VVfy5tdFfVkC/jQA4LiwNfTpOYjAeuYsdy4WClexKhtgXuDGPWEmDWs6uuFiO7sd78ZpWySkKMcdZsN0tOx98oixeK1LMrqtOi4SNVka2MBX1fOPNeheoy/kOrDch3GLguW1aEpPMyKKLJBEIXRSpqrZmg04gfM0YvPWOtFnorjuljhK1lMQsnSzQa0Liwy9HHoVyD8KBhWKSK8TvkmNNF0aNgUZQG1xmuao9VsAUjtx7KuHr0hAi2LpIcYfgS8rBuELW7Sw5Bzw16pI2GKI+4Vszac0TSmqeHkLhHoykBzHTNGdgGBqQBCjmrgmsMQj7ATbS2xWkJgFZSHg3xCYDYhFenNORqWQAeImWWQBy7NGNaDIz2C8w+SMEur0LxDCVQ7QAoZyhXRe42FlkyNwpw61sOj0V7fZuZU5C47hX7r4oQitdL5jSAkIG0AldxDWGUoAP+iN2YVhgEFiOvt9xigWCs4HygCp+0oSPDNd7qsugVklcX1qsl6tUe1vDr116UAW2ECXDdwKx7rL5acRDk5w0OWwPGvEDYM9h3KuJsxZ69xTSYoc9zlzF3zXsimWruwzPmubFLLdw3oS3rii+kBS52Zl9kfwSlcvi65PIcYfaIDpO2+4ngzi4baZznUYWkqjsylea1ri5IqMY3YkDvuSd1q8648buVMbHnM/N/VeEN+8r1j4t7xQovykyxoYNaLXp2EaYm+dsHuQd/1vMnX7TXu70dAWhorr/SJrWz1KK9Nu2BL1y69Iaj4NzO/v7vnFZ3ffahmuB84lcf+twXP/T5X/8fHvnVF4sZnPr0n136tHpt2g+uBxbtFbUqV0ttbm5++zvfJhuPHKX+YBAnWQsNfCbPE8EEfAzl9NhOIB+I3CRyHAIIa5RcZr1EqbokIUclhX6Fw6IcwBmiKJrGU/pkmmXtdmc0GpFfAhcsS9utVomMeydJAW4WjG6TmcJKDjkUMAwEwiS/VewY4D/aId9NSXE9I8nhpSPJZc6ssIiwjFkpkvdxMQsgAMJvCd0CJGhhZxVWxJqtHced7SZiE4O+jRp/zIxmg9WG8bWuXWKGeJU9sGOdPcZT4MjWnAWXiyvKceFvI+8VGWZ5BjYQktILIMKaC6YJlZJZ2Ci6GHJjYN2QHxvHqaQzs2ntMAdcixaKgsI1oXgBc8CRhyud41Tlrgu27oWJOEUxRpdAB/KG6fh33H4HfWs6ja9evUr+5ngyoadF7i+8cVMyI16JT85eAewlyf7zQRiHhLcUdBKZV1WF5VlmWtHAMlWy2OtMCVw0tBuyeGaOCv4uWeC3BnVSoygKMoyLa3F+JS2vlnqL5pxxCFAhpKBwVaDYu9N7jqKlQKdgQlrsb+FoIOehAMybe9NJurszIizj0KEDjaaXZQMP1TSBCxUiqsOodVpQDGvaDruNRovWE/qZFVmA6oIZRZ2On1w/fGxld7f/zDPPP/30ue8//vT5xqX1Q2t0zOW1Vc93xqPBeBhTaIaGf9jw6admiFz7KLrDtBlmk5AHm0Iw3WY8VGBGwmLQXGCNCTgmBfvXusZgVjmu1VZMnWwQX37PB4/+1H9x3+/+62+VmX7yiSd+/z/+x7/z3/w3lRL9W6eJW8fFvjKWayy0M1Zl36TXksm1fLJb0PquaFk3boCQAWIVABArlWAtDm7JrDNaIBzLULXVUzVWoYBAZ3qGCty2dOPaRq/dWz90WAfeFFQm62yK60gHiRphOoUag+dKVmrZorhmlqd5cW5zg7C4k+9794l73jHc2Djz5ONXz188/eQTVy5fWKEI6sH14ydPanepPxyMB32o0GpaedoFonfQUyhoGNPahR0Kj7YUNxl0TQxamwUsF+PaNb/kPUJotOLzITLhlrIC0iDrF9mP//zHL5w5871H/iqL86997T9/42v/+Sd/6qc5FOG83ojGK21m7g+uULRK4jhhDrKveY9FB5UzIht2osAj+6DVaoL93EbxwRCbjedb3QqOZeXi6HPqNYeBIILjuVIcAiX6HFoBckgi5zkIjXHMEAVmpBLU2qKztgEFL+3jqK5+b4Sj+q9a9MzeO1WirGmLnbEFUes4S81AVmuWTbLqFrCbGXF2tciozrSdPQHEUV7CtXWuHFWlGTEEL+UCAT2jvgWNfeZ/l7x+CpMPVGjIIOdSe8PyxWnyKYfWvWaDcXqO22uupkV97HCBZSkDyFUwyphspikeGW30BBovL/Xoz1KvHUWBEvDXlojA9UqxRzFUMnoEdHGQ1eWnrF0vbLTcAFT2qOEFvpb6EBqLs+wUfGsu1+30GiirHNIR6OEM+rvj4SCNxzlB2TpvtKO1tWVCsXf7wz7FFsaTcjzNgXQjdEFPfTIB+EwoPAwrLl6toEACCF5CHoRO0zfiGGYh4dqT8ehEkVPsB0kGgUefpKB4yQrUwpd3/VDy5/YBadWE1XuHyqymplrgNHPtdVqp5km79QOqJ7djF0jZgm1EiCN8Dk15zXJ6mktNUlwooOhk6Je5b8LM43gy1hA2RB1R87M6LQLxsXFS43GMTXOZmjpb0khlvxrSlbp/P0AMWtlrZ3ki4f9ovQ96VjP8fHa0/caemSN3S7fbjylVB+1m373pxZj6x3VLbv2B+dfN3POd+61k8hBFlP3Sioo4wufRlahETR+WsCKv+NaFU/bJKZHu1sJlUiIsaFH7Cmyu8OV9EHMdgFN7kN/X8jnL06qKBim9/ylXj/IWJ5WHtOdpaPuqrp9vPQwqlWlj05WkbKeR+1qsam9cW7iyb3Q7/y8+cuTIR37z7COfOULtM4/Iq2d/8yNH6kbv7v3Ord+9YftDHP4zfyjyebuiAAAQAElEQVRn4fZrcqrzv/mxI6I78fCn+Ar+0H7jkV+bnaP68Pyh8EV79psefP4eq/ax3zxfv/jhz+PEX/xk9RU+ZvWBW9+p7bc/nH3gI//i/PxJb3r9N2xnHj+z/6UTn/7jS5cu/aO7zu456mducDp+0Z7C/j5/y/MXtvdxS/vM3MXN94D9/ZHZofY9a3kE1VGk/+d7b9Fe/yb7E0GNjz766M72NjkY4yQmh2YwGV/d2rx49drGzs4OOfBTrkaf5YRNcxgbfBzyTuh3cnHoTXAVZfNzHPJIG00IBoo1Qdgl76VojTAqCDOdxmmcvPDCeTrCc889Tx7I1vY27djkoZCbwczFYG11dXlpGR4taNQqS7PRaAxXhUs+i1vKAsQQhRCFRlT4MaI3aTdm15Hd2uSMezIHs6zv2pRSbxCfEItVjE61b4/nD6BOvWC1xlIlapibiUhId3UYTdZWVDqXTDA6bskOqK5KglS6H8ZUX4eYNS4G+D6dyIDKjZw0x96WKyWXoFEbgcos10k+YUIYQQHNaPC12P/V4qYy/Yq+3m23JZ0YpKG52i9mZuKB12xQeigZo406nc5dd95Jbz175tnRYAiJJ6PoSRF2AyY1Z85CGgXXWRY5HGApQySVtxWTVubtJNdmwlnjmH7pdLqKyzkao6wq5aK9bs3cxKuYOTOAmxNCMxBP0VOjdnJ1cZR9b3v67UH2aGKeVv4F7e8oZ1gqrtZHSHEOCV82+EtglVriETljeSWzYHOt5Rfx94A6JpNi1E+3N0eNoHnbyeONiObLhEuys766Q4gLp8sCJoE+KZ1kkk6nReJDSEElWTzNk2k6HYy3J2k/Lyfr672f+PCH/tbf+oWf/qmP0xh/+vtPf/Mb3/7utx6/eP5yt7N026k7DqweSpNs4+rWtasbtIxNJkk8IfBS5RlB4S7UWVFFjSmYkvNfGfVAc5I0zwCFMCXToFIqJIYAH1G8KEtpqtKvpecHjluk+eYv/FcfWD6kXL9otZv/9ktfhIx7UdSs/zd/wzNiqeUCNRZVrIqJNtfM9Lms//Wts4/GG2fdfND048ArIKNE1ranxR/UYEnnWqiueH5MVbUBqmqYidyBKqlPCX3OiuF2f3dju9tqHz561G81U88pPNDJ6SAOi5eIQnDASs27u7s7u7utZjOksQdFgnQ0jXPHuby7M6XFOfA6x4782M/87AP/5YM//rGP0Ai8eOGFx77xzb/48iPPPPG9XqN53933tKNGNpleu3RlZ2Nze3Nz2O/TMyuYwGlorS6MWyqXrjyDREQhjeUiRCYEuro0ElDQELsA3UJOQVpCxuOE9rKMtqQsn/SHExo0gfPBn/qY32s5kR8n8b/6H/8V7XemIvyqN12r+WGzP6juEMdTigGjfILPWiUVSiSFGZljG/pBo9FoN5u0y4j6M+3cIcitzJR1Z8FgAZOAFUgtBleqYdGuhI2Jg5rAUmnvQ1UJwkJLgWZL1lCmSUdPPMlRZ6qwsWKekxzTKufhGLlCwZK45Xv/VCrUIg7FsDKhyWEY0MiicHun025ARIS30wqA5k0TtgTdFO2+zRasG5RabESQuyYLBZRkqGJIuQWrtCz3jb3eMNMZ2Pp4NKY1aDpNuFxYYbF1yFAY6u5+f7S7Pdja3N3e7pO1k0wz6jM6V6/bW1leWVtb6/Z6rWYLnAAwzJmXXeQE2o+no+GwPwbAO8oLMgacbqe9trZy5MghMqOi0Of0lFIKgvFP2Cwsg0GX3qAInesF9FQppJ4hLkcobrPVXWq2OmGjSZ/RomAm9R8riJyfETS1aFYuLS0dOLB+9PDR1ZVVGgLc07hnCpSvr62eOHb40MHVpaVOsxn5AAulJCwC1dPphGPbOV0OZ+GD2EpLQIZVF6kX9NZ4NNze2iRz8amnTj/37JnNjavxZEL3zc+bJmccT8bT8XAy6sfTSZmnNj3f3qyEQE0FOs0BZJL+IHRptWhvRDPV+KnpxvWErcxq+zH5zeEMRCuDgzA279c8GQPfpcFEY7sR+lzsFBHunOuZi+6NnNAKQ2jRt+GwFksHG6Ql8J8KH7XjumpvADPvxbcDbdktuqooqKrOKSt9a6WVvhUVVyT47ecrC0cx/o4DlGYPzMlr7o3/VF+Uv64L8FgFiOrPXMjQTr7K2BRXKPC8yPdDLhLIfxxacX0QmZWvja+Mhz8lhZjoJ79CAa3SYXV4tjVKz1GhR3uQGwUeDQAOfEriidxGta3N+lIJ29oRcvTrhD5X5KSy6q7r+0rd3CZXFV6vK7Hs+uJnPyt1Gjt1rMtbzs+n+T1x0d6w9nZkQL8J2pnPf/hLD9XUV8JzP/XwXZ/92iUWfxAtiMd/+5IVaL71u7dsD3/KnoU1Nz75kXugL0Ew689ZCY76IPuUiKFxfOSJPRrHD3/qk/d/5dKlU3L5Nz24slLUtbQFDvWhjykc6lf/7NLPWQmOS5UG9J7L3Xun+Od+TYwzn//H6muXLp2Qs/z6hz5zl9zC3uuH0Mcnj6j6LDdqn/hHn7vn4c/PjlC3EydOqesf097TXde++MkP3fO5r13i7sLZP3Tk9PzZ6TifpN6+xN/Foahzb6wurdTpz3++ukXqus9/GOesH8rDas8zelgt2g+mTeLkK1/7agZVDXBJuAwXOInTaUmuEhl/TdQqZ+atD7+RrDzou8IjLwgDjaKQvkG+DGrIQNE4Bw0HKKVPe+VSt0fIVLPZlLJ7dIxup0Ob4/rBQ/TdgwfX6RQEkmbQHi6HRUHO63g47nW7w9GIHNuszOn4jm4ULIWcc7EeLnRDIAlUp+mAAmty3q5i/lEFfXLOJsg1CsgxgQWKcU8YlzYNiiE0cKKRFnoLo7PRahhOE3bnGLuGyxsaIxn6HqSOeet3WBm5+qChfgC6bKwAKPIG4XGBISYMdIDLWscZgW0xCE0GeeLG1qywxp9iZy8KGyL6L2WvwXmKE3lkYmkj39bT4DMZ4zPnmhU5A9DGHeXTYS0kZPggKk0IKEdtRjFqb7vt9t7y8mA4HOzukn9KgHQMaWnXr6ILdEY6A8EEmrNnSq6w5EgxblbalfwxZrIHkp0jLAXJyGbZaG9puVdIDyyqD77GTQbwjSPxtZ89K1tuuJCnio2Oocqrpnm5nZZbk/xiqXeNO9JOxiILKMLGvnyBPHGAFHSMgsBVjuiwujObvRXBpBRShuS2G9aroIk7naajQdztEpiy5EDHIzGA9DiBAby7An9zpbtSeXTWZhTkWUpBEdNs0LLQ6fYgQ9+kcRXEeRK4PuEurpu0muGddx4+duynnn/24pmnn7l86dK1jSvnzj+/urp6YH39yLHj1C39we5kMk7HsefRagONAJoUuH6VMllK8h5KIZlgMHMKLwR7MmQeSK2bub40ElRBBa0cKLMT6jvuXfvFX/7I//j/+NNkkj311NPf/NY3PvqRjxDqxCE0U5Mi1UunpVRsU6WE/HXzL9azSN/sGNe7QXsCP3TntO7kCuokBO1MVbGZx1ey4ZVkuEuPrulRlNIxTl45k+THlRaWxPPjuBMvLVZXGXhuTTukdQAZGCx2T8t0Op5MRyMCmQ6sHVhdP5D5TuIA8s4AbmJkAffUFq4gfI3WNAK2kiTe2thsEdbc6hCCByAhCFc6Oh0OgV2i8KvfPXzkjpX2kbvvfPZ7py89e260vfv0E0+dO/fC8VMn1g4eeuc73hWnye5gdzSdDPsD+gP0MEBRN1r8OVRgGWFFldAvPxyO5/FazaVsK9ZcjgKJTum6U2UCjeQYwqcT5a6fOvaOD77v+1/+K1c533/yye9/78n73vu+N3OUzdGWHigFg/M8zRFwzQThRTk5xwIVFU8NCALENyjODCQ2CCXLRpxmYyR8IFEHoaoxe1o4bwguwVUDkA1aO3irAcrqLhU9Ub1wbHYBJhlX7Svm+HR2fRE3WwLGddfW6Iw8rwoMUZJs5IqghtAqHSkj6PjejM7M12Vv06kCxkCUGVO2H+Y4rwwDAYXqaGsppMrqMljlueA/yFGygFcplRKkkh+CWClk0CmEgTqpiqFhJlPTWeh0iCurSogAcR0ga1xTgkJ8KNaYSYU2uoRGI2i1ELBvgDVNEHmgQdnPqoAz0kv42NgdckRXsHvXaUwBcwjkKSFdwKAUB4IPqA0mva5z+TwMHuNxJglNV4re0NnpwxgLUcRQoYpCr9sO2+0GlEJc4/lOSPMMGtewG8lsobOT6UJoPHUCx8cxATWkwOjALiOH8rQKRCfIzpyMaRxcjcJer0sLQqfb7vQ66TTe2doY7O4I3tLpLq0dOLS8uhZGTZQr1MrUlaPn8tJn0YqaKLhoL6tdv5O8lC/tQ8Qq5BT7Bpc64XxCmXpC1BDJAQclajwlLolIuJOVSZ4I1wxWAUd4EdrwGF4UwJZpHlznXB6zzaqofkerK2TPo3WVPEKVslP9U73W7WUds15hdFWEpk4crIf2i5+owi/Vnr/n33vRZl7knX2I6fzxK9Yx+0sWZ91/KTNjpbpj0J9ha4pTx6JemjcO5F84VpFDz0WQ7D+03n8Z82iu3kst1re8pxs3rWsGx76uNMqWylVV8EDriohfX9SM6m+Xofoy6r6oRaLmO9XRViqLSwCbmShWlfhjT1ed1b73ZjY+3tztAx/4QK/Xu9m7/X7/m9/8Zv3PBQD9uraHP3lkDiScAa/qwd+udR4e+cynHqa3apjVakH849/8R58gQPPW775Iu+uz/+gB+63PPfjrn3z4NCHHN/jS+X/xSVZDri/pgS/89oMPf+rz/8MffrrGW+fVKm558Ee+9EW6089VH37gF39JPfzF3/n9s5++Md46a/vvVH3iC1/77BMEbf/mz82w2gf/j/auH/gHn7vri59/4sx59YkTlZ6GvR516ud++Z7Pf/6LX3rkNx64OQINIP4uwoI/ZZ/QgzfC9OvHtOd0N2gPPlSD9ac+/dBnf4cu+zO/cGmu975W//7Abzz04Bc/+fm/+5s/d+Mahg9+zvbAA//os3c9/OtPnDmrHjhFz+jzD6vrn9ECgn5Dm2yg5F9tXL549rlnDUFEGUEQKCdVKnE02H8iaGAaO0zyJdO/Hw4bEf6Tg4D1Rp6I5xbIBDXpZEoeKaxJV9PxyJ3M6ABcppzwYcf1E4KMm02QFBJNWCo5aY5KyfubjMfkWly8dOnAgQPkc02mE3JqabdN46nXaPbHfdpUCTWCHemqdqvFsKbTHw5Hw0G73YGhyjLTJdfHBgSsoGVJ7gz5WoQgFXkmMhoAkelqYZiiIhm8L88VE8HlAmXwNEHUwZ5Nnhi5ii7AVsJzvVrT1UhNJCZKANXlYim4JA9q1MCqKJgfeIStF+g/9I/N9GOLmMtw4cv0lRxVzTR5kjF0H+MiLbmCCmt7sIdMz4UwuVarQa8wwcyH4qhypvEEsCBB56hl70vyOsQx4FwWgetaojGaQao5Q4klE/24AKCajCd+GKL6fFE2guD2O24nOblEhgAAEABJREFU3/XZ556fTsacCg3rqRH4BTAI8hLp1jJ6Upzzi5Yxls3iIi5rhmD/ZaPLAN1DgXvtSQEnMEhzNwjovpaWDzSaHWj9FpWs6KLtaTXQqfcajjeMjjh7PyCfmbM4S9vBGHiONZAqgx0z2+jUqH6qNpNkNyk2S71d6L5xp6WTmpIw4oKlY6Bwo2YWOUgWnkN4YsFhFF1I8EdbZwcl6bxGClI86MUUJwGRjeDf0eTggYMrK90sm9KAACyt3YqCw5UsSyHpGynapnkSUVQlV5CmSRyazj4hm+RtJilXPw/COMv80jToY275jrtuu/fuuyaT+PRTpwl2vHz+2tnzl1bPsUL0gQN33H4iSSa7u/2dnf5wMKGvUyCE0BXHl1CI6PcYKdSpua8IHPd0WGKKGtErY9DJ1aoWvMaqxstBOYm3HvjEvf/+i1974elST5L/5X/5Nz/xE3+94lEid8JzAvtUb95M9fDmHBTFzB92P24KYRsbIBDun5oNIHGP9NyJjQQghKljx0hJ0Bch8alydlS+lY8u7G6OIj0lXDh0cvL/2Q/kKnSlROkEeRMCmRasXlmUUpB8uR7RAmKSYYGfLIBLyC91y/qRI71eB7xpGaS0LEtxtMqtY+kLT7ngQrraaYQNWoGT6WRz0KeNqNFsodptXkyyJAgQIwMalxdNv6l7/o/+9SP5B9Ozzz1/7cL5C8+eeeKJx6Nnn105sH7k+NFjt5081j1BIbTtje2r164lAWrCUXS1EYXIOQEASnh0IPRYVbmLdDksfz+jgdnysEGQQ0RXpWXu0qYX+LHO/Yb7oz/9k0/91XfCMpuMJn/x53/57ve9H3sEa5I4Nf9KlzeZyG90E0TDWC0qVFpMud6iZQKikC7jqjLwGLih1b7ZiDrtJqQ3GH8GAG1HH9dztBEJZZOKdM3sktwep2KfMgDN4qxkXVDguVR1wTBH4soVU1jm2RxRkQO3FiSyYDOH1AD5FryHmop2h50b9QV9FL6TKSG1qpiE7Uk8mIe4YfVybWFp/k/qXim7mSrBxitFFS3xXB4ZJctIWBScoefS1lSki0VoHDOYN0OKxtEeGyMnYxqjsiXzf7k0Hwo4ctaS6F8zh9rAjGCrrJCYH+YsHpKNqdM3CHRutulhkP2FRCkPBlhqyZ4uLeA0E3MWEqH9X2XI5xC5JHn+MMYKrsXJXHFcsOeHgQgeSAxMUH3cI0fhjeNrtnYE8HEckMejUAjgUSNcWmq3OpGPusjQ7GFNbQagoehblFPkTcUJrpANmIBsMRdK7bz2lpxYRrNRFx5CQyaDINOExhgdmfpjeXlpaXlpPBxceOHstStXxFY5eOjIqTimq+mtrIZRxGxIwxsKEs34Ru3qWmPQatFebpNgxNwe89KpljMMej5sxCuF5OEp3md9Li7C6DOiGVzSVjMnvuT0yxLZCL4XBW7oO/STZkQYuKz+LNCzgMsCY7LdIkPU0qtnp7bxiNLUlza/se7DfPW8PER997fEkV9D5Ppmh9K1W3Gzr8wZg3ur7u0/4HU3d8NmXuLl7XnFzPbRau+7AStY7fkGNhpLZWbouXpjBuMyAG1mgLOFgufutvrkvAE0/5H6UDe8yZv1xPwQkXjjnjBABfRrxzIb6uFmlOVfy+0aNcPc6xIMcx1j9kQ/qtFYi3cwvb9Gn+f/thczV5VogUG/kkbo80c+8pEX/ViNQS8A6Ne13awI4V3331X9+odfIhDxwV+Y/9SJn/uluz7/6wzanrnlu6fUrdt9d52YnfEe9TAA1AeuAz3P//4Xz6h7Pvdzp+Ze+8QvPqgefvjfP/KFTzxw3aFuffD9osZ33XOXeintBv1At/rLd/3653/n989/2mKyc/126q77COAX1Hu/KPMJvPcSivs98BuXLv0GfnmkQqLv2kO4vsnprm+/9IsPXHfZc7131y//3Py3bgnK3zM7J9/Gw9AKOXXzZ6QW7Y1rLNMM9+65555j5QfD8emMnKY6gapK+yrYO83jeOq63sgfuQCj4faHUZCFWVXrj5ACdzQak59HLsx0OglNJJwdXYeD2ZNhtFTHkCwsRFCx0+3SxRBURJfRabfpwwBkmUhLblYUhcCqSpXn9Hvj/IUX1tbW6JMt+FzN0ZgA0ylTrrkwFBfKoetxfZgtBdAfQNIEfnjsrUEfgxxOW5PHXE8SUEw5VPPmmFEWiZ7L9q0FjMn9S1FfkVP/5HilSeBcAWuOY+DggR8AtrCS/UYIkeJGi4MKplfOBQmR/yulnll7E+X+PHq/3W6Td0dPis7K+ttIkWapTba7HaPnuD3kyaZx3Op04BAaJZmMogBNH6JrEwHL4RhqvN1u57aTJ6mfXzh/nhB/8kXlMSVgRuNSwhCav/QBqKAyeG0qk0a4z+gZ6h9GIYQcTZ6s/A46qabrgWpHs9U6dPAgHH58ZmET7Wtm7hd9ndW4r7f2/bOsbPVZtXdO4zMVp49VnjHtCMzMCjUt1LA0o1KN4mw3zrbpF+UMlR4ZJ9E+k50dpvVBG9oVgKwSiQYlUgS+lSU/O7ZUTHX9QJ+1m4Kp6tLw3t0dELhw9MiRVivKsrFjUyXtjcgIhoy5ssW/uVYMAlcFq4bT/GLcKkhiClSlUQihHo/FZQghTpKsmA5dumidBq5ud5s/+oEffe9737szGL5whUJaF69eurx56dL5XnftwBpNouNHj9IKMBwP0yxPYsLfFU8FZHG6fikXQIcWXlQhwLtN7KReoVEtWGTBLBhk/jJxlzoob3eC225bv/jspSzP/uwv/vypp7937713xRDKR5Io12B7cZd0FnaoQDUtUpW3aOKGXMdzrv2ostJQhFwGTmA8JpNREIDW+onOx6XaKZKNdLiRTKeBnoS0LnuFrQik5YnM+Ubw2Z0qpDZ7WRZSVmlgGBLlwxAnAMCsp4NhHicUMaQF5MDBg81ed0q4N6BJ17D4SgX38mjm+J4BYmvXYZbr8RrtNg0Jgo/Hm5tBGFAgtNfrsYqDB9WU8dQJPBBDKaIWRXe+5923331X8WM/2u/3z549RyPhiSdPn37umbW11aNHjnZ63Xe+817apGh9Ho9HtN2UOYKRHCyceFxLzt4WF3oDqVvgTgYRuRcoXAgGvfIkcmGySQxxCu1S0GPtxJGtx5+l+/iDP/mTT/3qp0M/dJmiZxF8982kzVLfFqSKbWOYsDAivK2qomHCMSTc1vUJ5QTlNfQB63LpJwaAixorlkeHGCrvZCxbJbiBsnGZgkspGAfsRQdF9rBzFqZGnFnOBXtJBUDb5HPmDwMlnSNA29AAv03TuUrDt2VFQcQOgEAHAiU5tgyv9hll3iOVgxKkjhCjmf4sZoupIjez9Gds71Z2Rs5eym0biU5DrAWVLoQALXdAvZqmqNxAAw9x3oQAaCDBge+g6rMjEtS4JhA/TZVSLWNOxICknAUrFQlxm/bWMAi73Xan04tCPA8PUUNIuEt/KUwoUAlwq+Aaa3SyqYpCKpaFNkg/obFZMD5O3esmGRkvFGW0xTqZvO0yO5uT22j9B/pcSDlWay5CHJxWO4qXLy31ms2IlpAE4DEFu8cQHwHsnNLWQg8EOk5cjsxFXDHINedgGOw81GfQNFOOFD2k4cXC2Vk8Hvd3Nun+kngcT0ejYf/KxQtXr1xCnzFNvd3utFptQp/N0jI/YVb7166eh7fmIKiZwbSwRV5627fHvOSu03W4aAYB62rsCA25GktKJpxMLtkTbSTVxZhhejSrffuchsXqPlYx2alCUhWoV1v3Wt1EeNfmZsy9p/WejCUzb/b/QFsNiL/kL8iP2ej/AdyAnqGhM9umbszdrdHU2bsV29eWGbUPtXqDYx81i30GTO8Dgq87m3qtsFhdL3ra1v4T0erqBLqSHqwR5wohFuR5HmreExa72aXOp3HUJ6l/GGVu6FGZ646zaK9TWwDQP+B2/swTiuWYr0cSCXm89bvqlHot2pnHgdV+/kNHPr//nRsD1i/aRBBj/pUXx6DlTl9Fe1WSFIJEv4jOxktvjFafufn7LxWUnzV+RvfsPwxwf7Vob2iTDNNnn33WMooYoCLPqf7APAugyCWtFSw2gkQnY3ZEA4/AIEFwwNthzILchyRNyCUYjUZ1aWaPxR/JPiSXRl50wdJtT0ZjJag0Z/tqLgBCflqr1dIMBGcMfOKbnk+fIdyh02rzxQC0JR+OvMp2q7W1tUXYFjmZ4n0yPoCPeJwczPIgHpOnIP5gmPisbhzlNlzUkAEyM7e754UTWJkOSbAVtWU4wzqzuVHAYeF9co+JFFcpMpeG05vlTgVYUigDSF3h01cgsZ1A+xJQPrigygU5VLEOaQFiFKQqQ+m3LEuHoxGYRVmKzNnSms7wY12PegtprFo3kIWqRZ/auuHVDbHqgBNPp3SNS6tLx48f297cunr1apPLA47HY5/rSQuRmS4Sis+4GDL03ZKjFtQh8JCVkfx6VyIQzKADPCdsFu5NF8m6Wqw0+urJkycXhQdv0uYBaGZuQZd5DwFCzRFbKuzAfr4mi1QPmX05gSoAImeis0HRh9TsZuVOkm9nZgu4M33Go4kWK50oJyVkQKuQdZsNP33QyPY9MB72NFZ9HguVY2gNYCMVBbM0JrxzNCKgZUoryuHj64QNZOm0EQZpkRqzH4stbAZ7VSoHc5BGF5R2OBnWJaTDj6KAIl5p0h8P6doItoiiJvAWrmaWJvkwTTzHp18CP1xZbXeX7nzXvbfnRTYaDjc2rg5GO5sbV1CuynGXV1eWV1YIPyMYmqCg8XjSHw24cBED0JwWToc1ZSYJ+DSZ2cUFqy6PS6cqTAcKtCNuRUog5X3vuf0v/uQ8fXBrZ/OP/ux/vfPev+OBJNuE3wwWnqdu6QzMKCsi116RYrQkWDqWSerUegjV8xAfvbRuToUOV3A24To5hw9Yr5ljBY5i7RWzmU2uxYPNIhkSlO+YNHJKXKo/RzpS1ssqzQ1GLKMFlYtej1XBvAiBhmqA5oT/eDQZDofLK8trhw4S7JeBQhnQo6HFhVGFPd2ScyE2z/p4to4r/Uf7Aq2QLDLQmkwn/f4u64XTK1GT4K4WGJhhFNIKPBiN6RES2hdEzcPrR7qHj99PUbt4cm3j0sXzz595+mnDmkjLS8sra6sH1tY7vQ4tpLSuolhaPJ1MCSlLpBPowiImVEJ4F1xK46L2oMuxt5wWSU4EsiWt0jIpKdzoBifuvuvSk2cIbXz0uaf+6olHf+Td72vTMm5A59RKv8lWQHlekComRDTB/3GK2m7KtUC5rpEgiDJwETnak1j6WGBaREoLzVFsXrR0hQe5lnDMMllMorWgsWHMs2ACpLbXIFFdjqoCDJ2RE4Udz/xG6DkhIpB7pSOIs5nFyxUzlOnZiNVhozgygBnW9fAZbbFwzdUspOigCGrgEw6qDQt6UAdZywr8Fr2scvYNS7GsMbSSSzqATZyz5SKatwSqAgIuKegO5nOcUgcnKPo1SGsAABAASURBVGKB4C6UqKEL5IvwiELqGYufWBhNMGgIIlMDyOs7PgRwQ1oMUWOY1ZwbEf2Jqr21RFYHzACOBCnQ2um7NFYjWoMgW+/Q+TDJcij3U8QG/zHB2vKgYQbQujjlRycq2A6eO0UdGg36lc0e2DuCGGZIJMho3NCwWOr1uktL3aVeEHoQdpvSpNt44eLV/mA0HMUJ8mYCxwu9yItYDhwi1L6bJ4gp4HHywo9pHtGS60WB34qCPPcy6qPIZzZ0PBmSMZFSsJz+onmPuowcA5mMh9ubG51ur0SRag2dKGE/2IXQBj7m1lkbPFBqAdLcqs3QWPXKm660I2q011SCEpJfwpk2Ypw6HA4Ri5IjUAh5UrgZFQh580Wsi4ae79qZ7tQotUXzZrb7jS6lvjEuHs7UYGdvmHfO9JqRUfZA569ne+ORbo5B3uK2XsUkqQTY9cxEmOHNZg4fn5+XykLMNnAgX7LQc41o1yiu3vNFNXfMN6JZBQxj9o6T6zvTKFOLd8+FweyLPIyrrtj3/Kvg5/42j7NzV77R4+aHt33zm99897vfvby8fLMP7OzsLCQ4XlV7bZdRZrmeefCmms63fvc1aYJj7lF8fuXtLKs8z1G/WSH6xb934kUw21s2Fo9W98xugXWo1cttL6az8ZLb2RdB08+ASf2yMOgbYs03RKUX7fVtYLkmybVr16AwyKXwuILHjA8yIxfJ7uiIy1dWTF4FBlk4ddhqjBpRgBRmAJdhgHp19Cb9jnw5x0mBMGVcPEeJpYMKUFnigttT0IfJPyO3in4nMJacHBEBYSdPiawH/avd7hBsykwmH0jBeEIY94G1NXKYDx06NBgOYq6mR3gBfZqVPR0hEStb9Q6EGPinyrKijPWNZ4AA5AQINGFjlH7nWotATlmvwzAuBvcTMIflW4HkRM5e7azCVfM8csfYtnZZ29GAlM2WlMi5ZszTYyJ2meTZmNWfCTiLIs8RMJdPSo8DLqbn1tUICRmjzxJOQG6zkK3oFX468KMpiED2Orpba3L/HC7wRI+LHFUp8p3myKwuAdzHvV7vyNoaAf3nX3iBOiIMQqnrSJ4tmM4MOnCnlSI0qQC3Qebb2MeXSY9JPrWpCi0yZRugu8jm0nfJMUZKr4uiVXfeeWf1LZhTjtkjGvD2bg7LYki2u81dn8VAtFjtukKDjdIVSYhlDBDkYG1wzjWQjASacwaDQo+zcrtQO3GxU5jdXG2XZmpURsEgpTMjCfa6qGgZgjjgcByL4jHPj6iqKuYkObTa0zQFZON4mQ1Z6TIXtp4LiZ2kJJxlMhx3ut0TRw+EIaHVqYtk8Ix+GMsrpGiKXUkwv4pSbHDMUHY6CZuoPTGaF0WeGqwVkKSn+0OBwZ2tkBPWCYNoRk0vpGEZN9pNmlej6a4PRRoKFKm1NboKWjQaWZqnebG1vU1Yye72JsEmBGnTwnVwbcVx1uJJjMR2LoOmMsJtS7k8Tg3hgU03wBqpLCQAfzeDbilS0V0njeP+idtWjt3ePXp4+d57T7zng91B9ribNpveUcc55JiGo7w98Md1bd7tnBF/7CjgYILwGXnBmjGhZo62tkVs+KMllOi9hCAmhswYhlaJKeOy3Cym29l4rAvqiEmRZqFnIKaPxYmdfZQDcszsejgGwCewqJ4q8qym8dqPIe7HEQT2vHzt5tOU0CwKQYADOZ0cPXasu7oMkIk547SK6cKwcBGDuWa2rQD+47AZxxENoVp8PyaIQkjnMhrRarcJhp7GU+r80XjcH/QJgw4Dwq2atPrQ+CXgqtFpES62ORrRLdJq2F07sLK+curkKVrEhqMBtcuXr2z3R1c2tumE7W53bXV1df3QkSgsOYVlgvGQqCl4qxkI89DWz1nliXM7WE/JjREchbQR1vaUesB1Jq67fNuJ9XferePMX+p8d+NSN74tGKtDneVmqduEtxmph1S1HzD4ZURUClsQAaQJmKq0vGMvwzIug66ahgj8oHgUdbLPWQiI8DJDFoXj5DOu4MAM41L0F8PGI2C6YIF3rWySELPGKRRc6lLgD1wGFJY56b6wNSwxF1kGlL/HhaYQPKCvlXVVQltMQak69dmpat/O5oZwt1kcdpbEbEWeuWQiSvOhomAoexwyv6om5O7CSoFrKfIAtSxdkTUFe7AEbVHewErC/YE5RZs7ga8UjRtTUC5Ocq52yZLNUQhziQDhAIVcYYmxgZUbEcOGAYOxjyKoNAqpAzyU3XLb3fbyUo++78MeguHl8XLH3PUCbGrYOeg8OhRdC80UunxHSiYHKOqRZ0WKZCqordAlFVLsmKEU+jmZ0kiI6Tak8mTEtRZpzkEbOhDcORckkS57ytUVCVbnsAQhwF0CoAkzp7HUH42vbmyeO39+GqfQYyNMOfIIc0ZHBxENJZF1oXnGmtkZ9EYKmsUN6ji6BbrVBhkk6BsMODI1imQ6LpJ4OuKQR9HC4TAMydYhc3Db3Vw/eNAQPO5ZrSQrAcNSMkpUZVWdW6JsmTCpWbjAoG/U5ncl8yrWqhqANntVLGjsQunHscA0fUoI/xCfwVRCOMaR0qVSxNThxQE1fslU0JV8fzl3wXOXe4PrmL8kJdkdvKGr+VvmFWD2X73b7uNKv52aVjcz1fWthoWu4FR9o6Ppm3yl/ox8zlSWx36s+iZD0ijzxjwmOzDmKzTKBeobf9h60/MiNNV3XQ6NanUjmvrNJp6ZYdNaKfNq5ueiXdd+7/d+71d+5VeYZLC/kftD786/sgCgX16rVfZfs3ad2MXLePeVtr1o78vQ9HjRdv73f+fMHoXrve0W1OAb3Skf7a7P/dyLwMGP/HuIZ3zuf3oZADrD4mfmVbnRzoBW/uBdLx993qs3bTthJidyZk5FRFmZ7Ht+eY+exou0Gz0jFi1ZtDeySRK9ywipAzHi3FZddrQVmmDNz33fku22KOzrzIEtNKMWYD2zcUZuVYC66oo5R4wWex6XytHktZKvRacoWAO4IBDWc3Iua5hxeqZ4XIRYkHNCByRHSUkZKxyhIDQ7TiAxTJ5Kt9slF25tbW08GZMLRhgE4RFLy8sbV6+xAwYAlAlcRmDTAqiBZjmL0oHIs8N4rjvnXM/fJ3vRjsslGUGmhqPliJYFhDg0s34U+ES4y0JZZrAkyQp9SXqYwFjaqwBSy4G55iG+6DkFk4+Q/c393Gw2oFJdXQ359eT5Cruc8DvJ50ISK6HPrksIGnOc53Y9rTIUjXRY1BIErQbQc+iWxFLKkB8wnWs8Hq+urh06fIjePXfuHESc00z6hynwTMRmpyxNE2MvxoJNdJ/CgysYlvCYLCqKJExbzCMwpBxV4RGuoudLDw71nY4fP05495zzoZRaoM/7WuUdG9G3EwjDqf6oinNnqSBG5GzgfhFsSuBFbnTGSGNa6qlxCF4cJsVuXg4LM1R6qt3EOBPtgvNDn2dshAGGShODX59xTYSdKs2mBSCBHcR/15JAkQgP3R4oNgJ6JlwxS81gOKE3Dx481Ou0S5UDqXMo7pJBsANREW32PnlOr2C0SbvqRgwgpCCgJ9wKn3eAYNBSkGHGEbwTD6Ylqui5U2cccloGprCnpzHhFQnNh+E4C/wo9N2l5Y7nLWPaIsRDcbAEB3TU2nKPuZPGqi44OoE8K3q+yIFGibYPR+scKS8PqRkJybhYQm8/1b7nvk+trawTHpIVk358pkzNZPDU/Xd+wnEOaxXwwvDi8gtSYU1iM0WVrynMWa3mQoLGqBkB3rDakUXECpC3AdSljhmYbFyWsSlHeTIu0lGWxq6h6AEtSaYVlYWPnnU9Cbw5rE2vy3l/3lQj8+aNQ1B4uNqGrJw0V2k2HA0J+Wq0mieP3+EEfobwhFOwSLBobytOwwf5MSuE+y6EUyUEKH4llxCJZiAS8CRQh7yAaof4BiGFuFj4YBTHm1ubNCZpbDTiJviV2mu2WmHUogVuezJy8owAZCcvVw8e8xv91YNHoe8fBMPB7nA4oi/u9IcUu0DBXd9bXVvHHgDqOONyQrbF/ChpPS8wNmhII1bnIpbG3FrfMSDp6Xfd/c4f+xt/3aM5S6txK/r25rl0HLdz/bF3vi9QqEvrcRHMN0ezCcS0b0IhgQUjsBcwVAt1dtnTLArDmiQuL/yM2/KAZHIzB6IwaGkKOzb/Qukbu+KCJwuN2LCEFG+qVdxNcUwbB4Aq8IzmXAowVTLUW7D2uREmMktMadFnBonamfn3ldsv8WfNZHZovls8i3EtZjS7EnAVENiWMrT/S/qXwE+W9VyifgMCZaXoXVvEHOfExWFEKsZUaXcFLpwkBPCnqIqhHKQ0UYgYsCkCPVhFi8zM3WbJs8jmlrPhEUV+qxWRMRU1wHeOmg0kKmllhSa45yi0EaH2WgkzylEoKZmVtLcbqFqDKB2FTZoZCJ+UOp6mHMSfEvoMAJo2D2Qs2PtAmUKG9ksOa8cBwspI/HJEsMg3qPzpSG03fhAwqyIdEIxPfzJUs8xH44T+kHmn3SBqRnQBQdiAcFqrE4C/HYKTzhvbcDRuj0YTClaRzQF2eDKdTqDP5qpOK5JHi/mFWVOw8hGWCzy9AIYHfZoWO98L6brTZDIe7JZsh3A4AjIeXITO4bi3fYJMfVWFRHG1o14eAm32DuUf2mYqX+A1bDZjZgbVcShT3A9lyaECVfsu70iusU9SiipgtBtXgkn2mZV7MWcJKuxF42rGrX3Zbp0ik6D0fpNDkvYEWJQ5UV2AfsPAzTe43fKe9KuLPtzimDd5Z+636nGpG/y9//fqa7Uyxqtt5vp/1yB4dfSSo3a8fCsbpaiu4/pDXW9NWWuHcwBejVdU1Re/0U2/1NcWba5tbW195zvf+bEf+7Hr36LX6d35V952ALQUxlGvtMFJeI2zoaWa3Cc/ck+lPix8XlSc+7NPn7r1u+oVNogbP1xTfW1hww9DfIJB00pDYx8++xLafvnjs7/5yV+fZ/veQor6BndKGPFdn/3ai97mA7/woPriwzOQ9w8/86L05xO/+mdfU4RBz51OqiCqB3/xlZDNH/7kx+63/Gu55V96aJ60fmZO2eORX/vkwy8TLldVpce5ZyRXu2hvaBMrUIQR6G/yt8lBwusOUvaVteDMDbfCyhnDFgZ+EFfwg75sAcHi4WDg+yGE+QAxxJwj6rHXB9wXCCT7SEx8KLOs5A+6BQuCQCsDzF1vNBoJIQh2qefmLDRM/onLNigdh94Crl2aVqsNxnFCPsh0OB6trq3t7GxDfxYVcBRfG1MUuRIgHR/lfXjdo7sUEErt1d+yyhLG8wOg1eSTub4n9DBWOXYrInApzktWZgSji5UKuhPUKRVK9olzxaqOeZkJkJ1DRhZZ6aDpEeyORNIEhMusiCKAKXO8V+OxFECAIj2e4YKH43Q6Gk7IjyNkm9xAkXJ0xHjhhxaCqYRiRpDLKKVTPU7/xSObJglhKydOnGi3O7s7u5PJGFg2wXNGKiUqxhFKQRSSAL9wAAAQAElEQVTom2lFUM1ZPNZYHpnD5RwF6oI2C6OQeJ25SJ68BfSfGSZ8GYHr+vffd18UBsUCdK6b4Vpu4j4Zp8qYjulPqVOKcSid8ucI2w3YqPWsNS7SrFJVRgq5mbRQFENI85yw5mlhRgQ6lypReqKcTFGIhFBgRaBg7nMpzkrTQ8+p83ECtFaV2IK2tdEsNq0r9oaR6p0o2omlg2MzXO+J6a4piM+TuNNtHzq0GvnONB0RmEfTIc2TgNP1SxZrqWrhmTozoGDQxrWU+P12NHunthy6+Jwyu0OuAsozMVclwRNODIJhVnLGBs01CodFoce8ak24RsLxpySd+o1mWaCKV7sdRWGDTq6FMMdsXEx0j1MoANKz4gxXKuNZbACyaC6OVIIBDfmCMs2LlCCdUKXnrr5AJ15dWR1Mi4bvpmVw8dr3Tq6vGhVwl74IAC3dzALNCCbERiqYKZ/XZrdybyom/Ez8O4eAKgBrAllTVSaqIPxnEI8HOh9qFdMTIGDQD3Xbm2YZMDjlCNJNCyILLCEgR2uNkSVgLvVYzTLVq7Na5s6MrcMIohJh7DzJdJKOhsNJmqweXF9ZPxAbPJGSlpFS1/IxFLejDaBIUiv/7c4OZUccPxDoJjHAmIB071gFJw88VHpytCkolEuNKM7nt9xOt1VCJ5rWySEhYaO8GPR3CH4DJN1sehQfCwMaIVuAm2nVlSVdhe22F4WtTpsALQLmSos401k8WuCYnASgD5E9UHTRb3mSEgjInFcwTTWztrMynxLGrfRga3tSJINBPymL5QOrhF4s9XqXL208fvbp3t3vjmhxFUl1mVvOD5x9iedGYyBh7WchnCFkZGn3ZaWpZDjpgWm0jEFzv/CUEIXi6mAOVxWtuMH7T8U/eRRzTb9SQ2JFvOeaZ88oITodhXgtEFpCV7lgXYtaGAPjCLxsR/EQcSXwxDLzpuZQi1SHgMgMUbOKiMiH1BIc4k8J3CxnxK/8LTkVx6TlUWFoCiGaa/bhJxsALPfADG4Ws1as+BzHXHMv5ewj1COkID2ncbACLu+hGGMVQib5WZJcxeE93BJrbrQ7zUYDJaAjGACSsM2qyQV0YTTUyPFJRtM4TMJlpPMUFpqH0H+DcOswaghvfDJNd3cG/QGFiNI4JZhYihBa3QOmVHtYDDEico8V1DhZDdxlFvTSLL1Vrcm6RMpZEEGIzXNT2oTigub/aJKmFNr26dyNVofCkZ1Wu9tqdRA8lNKE/Jg7ZPCNmv3d/vb2znRKoHU6mU6aECjRjVbIdRl9eghxlsVkk0A9nLNvPATmpxlAdLqSstGk1YIsqnF/l66bmd6B8UruJQoGIfcGP7UlzJcyujHqypcSF6zaPIT0egBzP+C2P/pr9lQdfE1udg6D5lARh8Rn70nBTw5NuZWEjhYhN16WZ5obNvyq6k1FHocxNQat1H5pB9m3lF1ttMWUldqvs1F9VqJRpVA4jDuDNc3NhTJeJUL9+h351u3FMOgbN/NyLfp9JBR5Td/qw7r6gNFK3ZAxdF3T1wtzvGjTNzysueGrSllxNF0FOWE32VKYtsbu3rFX/9l3TFG8s3k5M0rz/it70duwNv11H9xbfnL/YRftVu0v//IvT506dfDgwfkXr169Sq/v++TbDoAmO4AwF/VKGxnuLL30mrZPfOHSV+7/yIc/dKSSqtijuXHrd19ZO/Xphz77Ox/6dTqmANknPv3Hl+76tSOfrLWm7/nc1y69IkWOU5/+s99+/MinPnnEQsAPPvTbD37yU7UixYlP/0+f+50PQ2+ay/3t/e7+O6Vru/SSQPZPfOFrn32Cb8de/EOffeKTL6b7QRj0pbsIzZ917CsA3Gdf/IUvHTlyRP5Ft3bpV+c7j27kIfV3jxz5lPzzZqUpb90e+MKlr93/sQ9Vz4gO8pA68smH77vrlTymRXt1TQQui7zUNre6ovFomIUzsjNYf9Y1tEIBhrlObCwaLitGW2+GUk4oGka+YpqnOGSiJFWfPD3yuyZJLCf1WSIDHJ4cAIMHZjSq05BDkBBUQs4PYUweNnfCfl1UEUT5L4BwBL46kJngbGy4ihCsLEvy0KDNnKYH19a3t7cIV6VbAbkCoo6ebOz0C/muriCkAMKZPaqt10c4smLJUfoCZFK5Up4bMH3bAxxF38o57ZdMhtwAFiHgiUE18hYBMXtQoAaxEgLKzCu36CJb22Tr+hqgOZ04Y71FckzpRqZT0JmhB03X5oqpYQglIeROgc0HSQH6dgr3K/W8KM+UH7RQ74v8KgajNBD51Ce/GkoFmdsIyViPuISjZDIapkKT+7q2tkZnvHbtqmAAU1CHQCoXowWAomUzwtdXouTpcNazA0VgJr2SMwdRSMVMFXzXsJ6JsV+03h15rYHPCAF8BQJ+7rn3biTps34AG5IW2Xx7m0H0aDI1g/LiaX4hVxuF2s7yCeev05j0aGQRtKDJyGGKLmRiTF5xn2mYx6WhMEZq1JQGHRQBEFKo1cY5zqSYIKuZUWsz2o2tLigoMB+WYY15ANrwgXj2OAxsmIIxUM6ZYJ4i6lsVLsEcNIwn4ykhFccOHyAckCIgWRGDTK8zjSqBmHZ8dg252ArTFKkWXlocr+L4Xu9lmQpxFp6IUtXsVSW7pSBLijpys92WjwpsRZOGYFAajgGqWlFIKadrCQMvzSaeFYLPJ3EfY9lQ8MsH69MUBCez+gDOkUHHgyBa6KELFhe4hJrm4xGFghqMeJnxdKC8EpkcJuutLQc++q4TLRMYTO+fO/9CLxwsdxqVb3yTxu4ucGTHnSizVSZbaTxI44IdCEJrhGxLq5+qlNzpFwBb0LVQqSoywp11OdY0FCR1oygck7k6p84KwoIFgmiNJEyLRoOLEnDAXaDMK3WcgECxQrflIs9crQp70EBbeWmgJV4L8QfsMOq03GW98Xgy7e/sEiTXbHeOHzsatJoEiLtuyFgeRF0cFjLCWOCqUbSiAOfNc4l8sMowONHQghW4nm6ac+cZOXRkhZHxEU9j4bxaSj51fw6V3k6z2Wu1+MotAkn4H0HSWU4LYhYEEa3vINCHgfa9fjyhhZFOP85yiuAAzuPsGfiFXO6OdgoKYtCAH05HzUaTbj1OaKiPaco1m1GaZ/2dHRpaTuhlTjkaj52sIOhxPB2akADxLm2NbT/K+2PCzy5dvpKcuMeJQmXn/D6I5AfTGK411Dmo/ZulkvejmFCsqlBXIaoZUgCsErpQrMukStsEENJSwNSSB2WACEu4rJ6dqWJfQinmnAi+EHtS2RQqSFZZDx/jR8jIFqh2OD1BIqJuhT0znowaCbayhcilgNlPwKMIxnOcFIWUK1hLpkpR049F20MKHpoqGV/zeDfazgw5PhQCkD5UiAC0pXMiRTeHpnacoPYepI9z5j5r19bdQ5C4rDByPmtew/Wyk6LsJor+uRRRpqHaajdbrRbiJz60t2XIOLYH2QKwBHDNtABl4XlVPy7C+Fy+qjGF5+Mk3d7a2drcHo5GGWr8gW5NZk1RPS+NIs4lz3YAKxkkwim87UOhiJO9tKW+y7ZimA0PnWjUhtMU4cvJ/kooIGPIQmh2e8vNVqfbW+p0es1miyYR4GeuzyG2F6taQ1GcupTQcLqvOJ64qmx1O0u9DsjSUUjr3O54XI4nXLaZlkmooJB5V8m/UHxIkwlERmA8HdGCR5YToHNCrr0cYwwyCy60Y1zai1ypWMeFUoWmXwvTvpTJaOZ++SHEoNHq2Wf2vvgqblTiFhXPWVA3qQCorA6BDTtqazU6jkBnlR6Z1CMVGZ8asFNWR2VGHjVzq4fa+7CqP7aYJ7Zjm3RYrcSlrbZsM15k4ZKsSjYI9It2mZK1/RWC9dYsusU5rjvoS7mkG8Kaew7yEpDtfUer/6FfBgb9kj+471xMaZ6fpOYlnOZl9r+ZMYBuhj7Pv1gNOBlRHKJAJGueeX0DMFjtvSy9/1Vz0yu7edPqVmblzePbP4wL12vdvvSlL/29v/f3aiGONE3ples/dkvL/oexffjDH/77f//v/52/83fUK2rvfOc7/92/+3e1KOeive0bFz+8OXItEtiviq5+y1M/8dmawf2mbsPhUL352iu4KoAdef7P//k/f+yxx8Zk1mcsaIzM4hrqKa8HoMnHK3Kr9miq8vFWmbFyn2odRvsx0DvhJKqKU01INFhU5HVEIb3ie0yT9kFhEsuUMWttFTCQ5w4JDlRFg+KHFZf0WBEyY/gDKJgyBDp321266N5Sb2d7h2Js7XYryTIXsCxQJMHe5LIIMhACODtfMDMhQs1xbDo4+UeE7CBlHJReGL5pHEPOmsxQpF8nLIxcsh8bZCDxqVrhTvRGBADyWUWExTmg7Fh3PqEc02nc3x2Sg9Qfjnu9JTh1oPUR+oQbId+pGUXkazYa9FeQkuNn1IUXLnh+RM/Ap58QgwVGDOTc8ybjkQ/NE7e71KHbQvq5RwB0LgQruulOpxNEETnCFLnc3d2FYya1H9krVpw4LDUSJe9WSTUzJLo6DCiXgv6UYI7bYuNcNRFOrx8EQghrNJsQlWSdAsXAdJN5glEY/bf/3X/XW+oa11Kk7cixFaFeUqNbUG+y9mouadAfstmSGp2UNJDV1jQ/O8ouKr3DNQMLcuR5HroivgokurA6GGL1IlLC6ByjM6lGYnIpzAuW460SpIz85jDP2pk3OkvJd8CHMRMAVliqieU/4tGzhqYIAUNwA7nnmqnBZZ6V4DYnxe7OTpLFBw6srR840Az8pEwMNGQ14Bmu+8dATykHzIBbmD0c29qv03sAaFPW2iByA3y7uOxSOP+4TnuZcigQhktHCePR4aiPI2LwuiQkMQMLOnEqMXfFMg4g4hkVoswpS20wLZaWMcJQmNjKYiMFUhBkjg+GNG09gkUILC3ylG7cDRw/8ijklqaEBgdLne7zz1997qnp5XPTL////uLqufyf/Pr//ed/5ucpmEQXfEMf1oLmxhD0vKmy8+ngYh4PylyD/151CINlOecliMdOf3ksnwl+scPa3Q7/znxkKZZYVsuukURjR57rHmvZMTYkYaz8dHk95VlVriZ4kkYwRAU+IeNBNOcnk3E8ntJooOV97eCh7soSdVqapbREgsUMlLOobrOqsoboBT0IANCltioHDgPK0FhwKhSEG8FjMwBa16VVVSXiTxeWKKY3VsIMdCgPjPgi91xwXoOGOx71E3pKcZZwrj99hCC9dqeDB0qIVU7xCVpG/aLWuOeo53g6pldpcZsS7pxmhAC2Wx26ku3NrWYYtHxaocPt4c6oSAgnXKEQSJr1d3ebnQ6FWsdXtvoXrmXbg6/+/h+efez7//3/6f/yv/2bD0a+Vw9h5ToyI1/NYrK9sflSPma5h3MNU9N16Nldvnzp0uXL3/nOt7796LevXdtgBQMXuj7ITYCWBK3w7SZki9dWlg4fXFtbXabhhiAOAjM5yoKJwAXQXc8R3JNr7eZlBejyJMXXCQAAEABJREFU8+IFCMRlhy2Mqr4xX4xApQiEFxwE5YSiWuxZor+MTDmiu2ExZ1GIlZdteCJHdYZcVfuyLJjQUMaUdrBX+h5XcABPGLeX5czKDVhiiKVnOYJlKtXOPYicBaBLYWWz+SHouxaNsglqm07o6KUwpVnERNTqCaMV68jYxG0lyylbIrCsRA4EuDNa1ARruSFVnFld29Zto+WIhUeU6G6xh2xrL6NTy6KwRRqVWEzgOU9jsjrG4zGXh0WZQdSoYMEO6g4Ir7ueiGc7Avqx9cXPCDB1t9c+evjwwcMHm6BiNzVnJ5SgbxccNXN44ZQboaUw4erKBHpDhIRA53a3Rz89zunyODOME24KPgKsptFovLm5ubGxORwMhv1+qxHddvzoiSNHmhh1Tbr8ze3dzd3+eDKdxDHi/UiqQyiULq7T6R5YP7h2YG1peYX+C0FxCHFT6G3ZNCAfEoYNCDRR16EYoyfPxZJ8zU0AaL0PgzV7PmLUTQyYHySys7a2ol5pG/T7+MvsxVO51ZNrrlXj17a9XVO/WikpK4GVUdW2rGVtGPbNS6myYrE4zvbRNsJSwcpKEn6Yj8E7lSrN7D1LZeD4qWOXmZldMYc+S3FmYwM9Ev3WktFpqfHGJjjyPzJM8IwtaqG+yKf1dY947n61qqpf3rrxBev6+xb0NOZ6RNcoi8pX7tkMsbwFKm4qPLVC6+03rr+O+oA3foJ7/6n3XP/cle89ZjU76prTN4LozC07Sc9HFvSekPjeX+bflWdTJRbN9e+LtEp5bu4sN4GDTcXFttxnIzucIyJQrg3RqqpjJbpy8xs1VdD15nECfdPBdtMXZjb1zc784msUravq7dTuv//+61+87777fvqnf1p+/4M/+IMnnrhBZbS3HQP64x//+L/+1//6b//tv/0KiMwEPU+n0+PHj6tFW7Q3uIn0ygzpPv+bH/vkw+rBh94K6PMPR5OtinwPcohazSYobIpZSFqLlqKphTgrf5X3sArlqXbJfa6sUbaMb+VPOhUyoIQcaz+ndZLE8IhSN0ljQit0ZO1acmjpengvz2t2kqiF8hUaK1epLDWbQWtA24QyNOCkuaBxTaatdnttbe3qtWtg+HI2LjN5pXIU0rfhOiopugi9Sbyoq8xw/thkOoUXzaKQ8DZR/wcUTjo4m5aaM3bJpfRRMIgR55yVLsAmY3UjF1+fE7RlVIiQduoHwsQNOM4xOffkABJKXrGVIHYBRY48awQhOZURc+XoSVGXbm1uCa7vIc2WPVXHFZce4iSuS94qjDCk0vsCrjG9OqbXe91e1GxMORmYL9MQCCMpyJbxZG0UI0wuxaA5I8iggivWQXWdKtGRpboVo3Xgh3IKPwtvOgkO63FNuYIfcToaTsgRzYrtF85faHfudSrVhxs7e2+3hhHtlCrJzUacPzcqnjVuX7uJvEH9V7GCuAg8+xqcB19rH5aSeqCEBKELCbHwdAXWWHEjavfAWOK5EXaz5bSybCgmPVJMTWmvzJJIagPargMuKhDC66fZgwTzOCXMo9NrHl8+TJABDem4xPUT5McoMDwBY4yuqSVm5mDtJw3McGfj7HNsuTlKtNBxzLxaf2ZeE/InmIZZCn+T4LMcSDykKfhGUWgsaIehww6wwD2albDR8tTTnviffJGFFziiGwsZGY86N2XqLy0giP3QnzieQiagJAzepCUUfiB9UyQ7u5enk9G/+9Jffu1Pdk1CQEvwu//m4Y//5M/QbHOl9ulel6AUuWdjplpdK9Onp1tnp8NJ5OsoUAzDurzClIgw0Kpn7T3BlQtbUk0J25Nrq3IHlKZG+UX6FG8Rhqtw79Z917Pi8qoGYcyefre0NWF46BkdSbNqLwFM1F+ThJDnyRTa/WFvbXVldYXA2oTpY4QB0VNwRJWRv1jW7ljFNVN7JaerfGdhtNcvskiNHcyCPlfDxwjMZuy7ImJAzwXgNmTHQdinpzJJvJSeX0FhvVbUEOEDPD4GCEFYRSYQIf6pTrUIKAEoL2ICDbnolZmOBwbC96BGj8d9+p4fgvKZmTSLE+2CpU6Q+/bOdgFdJj2YEJK2u3vh8h/+9v985fFnomHmZuZLD/1/PvbBDx04sA7EUAvGot6Ypqvozt55xxEdTscBJBlDh+P/z961xVqWVdW11t77nHPPubceXdXVD4U2ykMBiTEmCiRKp4EfEYUQATsxgU+VH2PsmMAXRr8wMRE//DUREkx/wAfhKSTED/xQGjRAuqFaHk3T1VX3dR77uZxjjrn23ufWLbpsoCPWXV3VdR/77Mfa6zHnmGOOSfkmrCTYDSHu3aV3n+AXz45XxjhI4w4RaD+ILzvjx7bRiMKMknkCPk53dM2gcn64Md3Mg6kQy+ZSN8rONfjaahkozxfpDH1TFLqvOui11EGgLooVLgsc/xqj0VoOGqxtFLzUenv4b3d3d28R5N1Tc4OZ946Srxwn7TDuqDtC9BnQg94UZ1Zd1cvj5f7+AfJHDG4m8xql/DKqz1sokRtpZJy40jrAAtBmvpCtXwISckd7u/OdxVzwXBmhiH03WPmoHSLndI6lKWAHafVC8JlrjRioVPckCWX45cHqmWvPihVxsH+4f3CkADVeAfjVkGOeaD1D6DLL5xRQYZfDYlmvV8gMc7RrVKqnyKmXLRfSuPxEf4oXulo1G5QcRM3BQqBjWCOFmB+LnblcyBu3VWtVRgWfOzdRQX/NxkNXSUc8+4PvFyFOJvmlSxcXu/O9xeJ4vZZt51hsmGojsDjUYnyt3Z4VGj3a2ZnszCbKgS4dpXuyXHcMpNbhYUO+WNSyME48qto6Pg8TMpr25MLXD+Obfnxy8pxCfeNe99Np3jCwews+X4xjBWSGNUcBytPOZZFi0h28Fjcwb6Jf3imbXjvbrEKwAIhL8fIE+/cAuB8mYtzGgrcjRcN9O1ad9Mm8cYQOcVuZCgvxAl1Myu52GUeSCqKlERmUjpVqVAjEjbmufoRX3pb+sA0SyhWbmoOj9mF3ak9q55NCk8wzMsTjLWBcb/j62Nq+BQwbfU80P+XAeNrn/Mn7O/Gp5CmahXaLC/+Q1lsmzp+YUac8Stz6ST8qbxt9tgulhED7/lTIPI4/YT9S3o72YOb6UMeJx0mBjpHtwmsFW0b+dyTacVef8vpvOSpOPcNZu3UTxFn8nAceeODJJ598/PHHTz3mjgOgH3nkkYceeug973nP+973vpe//OW3+amyLD/60Y/+pTYAFmftrL3A7Y0f+t733vbH9/faJj+CTMpZe16N1pEgtmJaCeBLSyxj7igR5NakelmPaoRBDwboGJOy3bSDvxUT/xdKFBmwElqClBWm8cZsa7g04tWLX1FX4j8IalwUM0KiUcUuHAuC+aQ6DWXh0NdhU+QIJxK36/y5c3K2sirFxxVnptyIU7m+7757n7z6JNL/i0nHB1QPVlDgLtaE0gRNEE+GmYCRxmguWLRn7ftyU4FtJG5QMSk3G60HOBX/rizXKe1XhfhZh1GFj9kVGblJmqGsrD2YNuLiUV1SXLWjo+Ojw2Pxysp1tdhZNICuwMiWy4mfmUOkElXWlOaVoQqQAMmbjYoe4KXIrUeSwZ2vO4iW7szm4r+Jt4skfqUzVxX4TeLE3nXxLumN69evg77dEbm2NygHSD9UNZSpkZCKUlQmxmKsdsecaKTjNgMd3nKqQVlXl7RTnMrngM7l01CSdX69Wh0eHB4fHUOLcWf21Pe//0uveCVfnEuWs7uTm6HJ0qubTfPtg+qJmF8LWZ2gtMDX4GyuKSWTjo+3moQKu2lqvCcvmKY+mRdZsnG99jkVOVrr/J7iqrXuiO7hkMCZlfwW/JNpWoDVnFDAxbV1K4bEelPJN9NZcf7ChcV8R2+nAYNaozaqe44r2GCjbk+noF7sbrbNx9+F02hl0bs4MG0Ce4W4JseTxop0rKqidGLpKqlfaVcqASHLRUW6JC+aKVszan6CoMwCVSAEpAuOzggHEmPXUnyA9wQV1C4KYjWdTeQsxSRrcIluVlARVSZUfOUrXvLnf/HA+6/981f+7Zqc84tf/NePffxj73rnwwa+ZgOVjE/UonZkPHbt1fLg2+vjdnfR5YoXkympjipnZkwYn4kmxR7PV8gvuuD7/GV2BaC4XHsqBMsCsWGRPJA2iUq7hOCmvmXSM9Q4Ee7g2tK2grR2Woiv3lQSk6tU2uL8hfOXLl+eTiQIITG2CoTPIpPfTFjNVU/emYO95ft0psDgXPLkdESYHHhn0hwAIzpKImwToKJLqgUKiXaOWvycRKpu3FQyMKaTApGEzlVRvm0oAAHNAHkWlJRrzVsObgLhmEgObECNxNIBmM5rUJyMoB2UP+shgVI56lbJOELEAmoVbYYwJ5Tv4/TyL770/B+88x/e/9dtvcrLePXr3/jCZz/3rocfpra1T/ztH7HF51xLbVE3QC0SpjfcAyJSdVPJXlzXJfJXtBqAp1wS8SL900KUpC5RUq/aSKwRNReV4RYZs9RT6k6RyOuOvOVU227Id4CB4LzJUKS/xCURDGrIjI5avSCqrnOv/GHk9l51g7obzgwbdeghKJNnHDT9xNXQTGsK32a/QP1rMmFtRdmntDqxjih9peRB9rOlX41NOcM547tRHoZBPP3ldGe2CxDY+LUUinHYcBmnjlTP95bLhWeYTmV3FvsnKPF5SpaxgNGyZK7XS0ZrBCQOM9hIAk9LsAfdC5WYttvEWsDraBCVoNyzMItJ0Gx5vFou1zfEAnj2ugrRQCIMIx+6aOBOk08tRo4uhhiVrfZWo9piDeTFYLSgovQMlQQDzR6H/DC54dnOZAZkWfFkpJppPIATscdGIhfiaEAbDRHryqCFH2vWapZ5KrvJhQsX5hNkFmDBrqvVxonJdGP/uiDoy40EuzbSt2QkCEY/2xF4Gz0C4w2hAgmOYj9kxhaqPVf1upLwYYQpkk8n8x35yAT2UpFDDaWYqMy0x+Ow4HPmDBLqc3AMELXplgaHG3CxPjp3EtjxPcE0rUmnFr4bpvJttZ+s7XQKa3KEGFtXRAaBaUj4U28sWXkamoppGpLIbAfoAuRSjJqRImfrol6g9ckKtZ5kDFfDd85mZQ91pq+Npdpj4wkg9sMtqopXh7K0SpcV80mzNGhYcHAhfo1FT+IkPqKeJT5K4yGkZ05g6DY+mvSp/bgXEhvA3xyi8L4HDL3p1CVjJ/2cjxr7Ttt+9jHe2l80IaHDmBzRP4b32nddSF8PV3fbx8etfvajX990vF10K+Vu4EMMb2x0z9tjX4WP4jCGYo+7D5/oH783pwZJFs86EjSzg3VejDd91m1bFIkdQVulZ/1zpKcb8ImcrckVWDlsq6EQknfD8NZ/mVGSrjdChmP6SxsmDfHRW4129a0p2Y+6OPxkZEXZRcc/3O7c3o4ysv4p7TYXojuiPa7thxxwxwHQi8Xi0Ucfffe73/3ggw++7GUvu3Tp0nN+RCzBx65pOLAAABAASURBVB57TECHD3zgAw8//LA7a2dtaA8JMPyhW/8aStN/5F6Ya521n3RTnQj4fPfccw89ObN9Os+acs8RjI23tTtZDqwfyXFsn7YDTAT1yUpaXa+n09XxkroWyX4a8DJSFIiMqHuI7GD6OPNs7lA1OxegZXexWyENvDg+Pr58+dK169fl7FpSr/aqvIGE27YBhhIFM1JhVkIeuefJ5X4K1YncEXTegSwsvq8g9ajoI473ZjOZWrb+arUmmYOqIOJ4gVdeFHFk1vGRo8mlknjUHR8fKSGxEy/TkspRIwco+XrdTOX8rtVOg6Mnlz04PBB8Wfw0pKtrL1Aw0YNOrqRjjyJdOwHl6j0kFNdicF25ckW+FazweLmE6LZ4sMgubwqUKDT0GfQ2jAWvGbUKHKC8uFfBXHiH4oXmWvQQEg1aQVHTo+E/5ihGxZ03EhiQ+xcX9Mb+wfEh6gp5pwCB73ZC/vjj33zDG98U3fMvnPv/raHGYK666zdW9Xdav4/qXa5QMRvxhhqfSs3FJKYxcnFh9pqCpekiMx2VMCXlSrtern2YroSDe+FDme466js3iV6QuCy6OrnT5mCApKYqsDKDJLQTfHFwcCiTYrG7d/nyPbuLKQimEOwNKIVXd8UktMpQY5kvsCkNuHGs53WKj+627GQ/wkNd4uo6n1TDTwXbUg8ouNX1RHtzPcG+VOUKRYg0azVJPap6O8JCYFWbxIR9kkkYQCFVy8KbV9zWqEcnGI6cD0RBPVEAaRukQAkC7RSyBFX3/8zenz7ylvc98pGr/3kYp+Hv/v5vXve6X3/gRb+w7Y/RR8E6Ju97v66+uz5sZwXUf8ThnRSyOMpNVZiS9j5GSPGW26Rs1d71TYeph9Ilt5U/aZXP3Br4qJTkjvAaX1M3prj13mHUxUiLwQmK26xR6W/ZlLXAtbOd6ZW775EQIqB6eQsCFjqsMA363NdeK6V61UNR1llIYzIOmOhp7/NUt2h8DF9HqxXfRnCDB5ef4QcMN4D4gobVNQVGfcw66uLjnXbMsAFXPyDdWvpKoC2V71flJVfmoMSiYGyj2R4QbJEFdrWRh81Vx5YrXwt1mlq+lA5RAnqs0FGorHn3S37uD//svf/4gQ/W5fH+/o2PfPgjv/3mNy/O7cnggWB7uP0CaLds0T9HZ3GZSG4+1X0x7iH/HbUgsEQs1yvUTlB+rqD9XWiTTHNiPGtlYKgb1xBXkBgJYGGmtJOxLnuyJ+pqS1abqvpZNUPz7W2yssSfpjw1GpAOTJvSbS9hdRTbyAAVFihyZ6NZId+QXP5gGRH2iBqqzYt+CLFooco6MxJmVQw1VWiqaCx2fGV8uy4d3dMs0YLmEHQGYiTwHhrLLiPyAN146sRPZwBkZcjIminBDYpgAFiv697zV3sBobCiQPFPyo8IGrwzA6Cq1ZsnchMS4diUJY5BD4AmLEgrVcvEUOk26DcJQreQskFdPkjNqHaHxJUlgl6VmxvX959++pmDfTEiDuUtT6Z6Dv2/GFp8cHYm5RE8VJIwbXVuwTTD+M5R70Fx76maCvKyALvI1XbF5FosILhfbrr1KiHyIZmJ3gwgW3t13hmCrxFu2epApAc0L29vVhR780V97vxUoOKZvEFBpstuVR8dHQgAfe36NQHQKzxzS0G2+e5iZz6bLyBVJr2kRAI5mWrZB+DzcqBA8GKPSBBfUaAg4YH5fAE1mdlcvl4szgmKLXB/MZ0pcSBHgBBHtpqLk0wWrXdpo4mBJk2tG2NFhHyi78Erm3tMDegMFU1j9CY9nNEP4nPO5udeH59X8yexuaERI4tMjDNjvGOAhZ/ooUIenZ4iGP5mCQpcLqL3CUHVrwNDgkxw0MlmonCqITPggHaLkd1nVQTHGLR3A/o8vAIrPDhgs/qPikxbKIjLkRooiKKntB8MAlWxi7lENCA7qNMk6TWk85kOsj3i4CDFEUbsnG31YdTDLK0zwqr92D6K/T5PCNbWb9c/iydrYNhNxycbPt4f7GMCWP0WNDmmP9tuP1xodFwcnpeX9ukI04Uf/fEWpRicob4H0mncMDBGMPsw3rS0qxt43yfmxZBw0+u0xC2ImcVhcQpITQ03E9Mo2mpx+yQxRRVseJjdbO8z9IElisoEG+ZpCIw0MFLIxA2v8kSvdrZGerpiQ2iD20W0G/Cu3+H0kfuuDu7EtI3DGx/e2/gZo2Uk6Aw6NQj+w5egs7bV7jgAWtr999//yU9+0p21s3bWztqtW09H6voNPKCYlHz3qle9UpzoBvrIKAOVF1lb1vABuyHVLhE9kmRbpDBFDIQvVDVQz2kMoEGTzNL9I4uMx2jCGsQ9jUGSPDxxlpZ5Jj7B7t5e2dTyBfhh2Fu9eBEkaCtJyluOtiDFVa2F0MLyGDTbXAvl7R/sR82eFg9LTpIfHQlknCu1GWhsXUOmsKHYoofacuzI7sy0clFygJv1umRtpTyJO3vN0RabVdxK+k6Rie2RjggUb/EwyNO38owOOs1QERGkhn0hnXR0dFTVKL0lrpH4PIKfKDtb3Hk8iDy0OHmTgplcIETv718XKN+Ll4pCPUWXzCDxCeV46SV5dLnrqSbRKg2pPbfYne+eK7Lsxv6NSVaAxSFQm6spJKlsLCRZ07KRH9KsUhh94BiIW2o5vV3QVGfwCsnIRGkndbY75RqVdSuAlHiFAjoDOSOrL5I2mmkydfetbz0p7neYIFM4BBSnC9kdV7lh3CDKAqrtelU91cRnpZ8gXgzOTSCM6lO66OA1DV6NEgPxdQ/os9M9c1IVpfHdyDe2nu4Gx5FmOHV0AcpmaojG5KtFS6yXsYrbjBI1keG2nCiB7J4rd+8tdiPosCWmqUrFOqjoeM1EBKZhbESdJ5rK2sUkLB22/VvivHHLiRxacEN66+BnjNGhRHuJWjuUgDJVaMybwNS2vpMgFX7YJn8nWmfI36qr++5yyRVS/1rzG+RJOtSzkmWkiZRCHlOHFUtTwQeUcwyxbG+89JfPv/X3f/Vv/+rzsvg88fh/P/rox9/7J+9lbSWiDyTC8RoSjniqPDwQBG8yZxfIvMmI3Brd22myhRuRhgan0yWPh8o8nVV4GsJ/fV6vT7xpVRaAU9dybU9ukyxHbV1ldLEwKOVBGwHPBA2XZ6vL8vBoWXcQy7545fLexfMZOqRTTFeBXyU3qnBSzncE+f4Oiz/UUODyx7SmWnDFRBDJje0c1Ra8jdU0DLxhDgZu6leKEjAK40KCuhwhC7zlThVVjB7to6HVqsGiAUxIJ9X07UvUWusQX2CfpsKXKnqgayOer+0qm1Wonyhf51mbLqklYcHYjFYXDut/MZus2/Lnf+NXXvGG1335Y5/1q/axrz72mU9/8nd+9/fCRKbLC+S59ABHHMEByckGZidb4XK5lHCmlePTvY9sLr4dvFiB6JtmU9WrdTldruezIgheSMIXISVwEr2JN/C6TNHQd8W5pnVxFXFmUYQ0jzsVbXd9sWPDlxHUpNKGVu/LDbZL3LTUXIop2XVH5C/DpWMSfdGr2ezTwpZO1Ts5qJySv1ns0GoEJtQgxJSOkFadhNDElNJPKE1ZzFrlopmomjRvECfWqhYENFg8EcxbaGAUZH/nSBYSZHhGqYukAeIAEhc54F/UzpyyE5SoniolOj5Mpgz9CIr6ujxarg4Pjw8QDF5JwADLTAZxD8CvMz3TpOBtuDT3aJepOElF7rO8AwW9Z3u7i1xrWhjWlvBC1XPOY6Mf5CqP4DqS57QrHcIsynaXYA6X284UkBDnzpRHnasSmmqrFBKVP3funAwsljhG4L+Nx5vVwdGRWHcQSTDgxUPuK8smU8Qm1BKT68lKhRehhac98jTqerNZLRESX+kr6OTBBXyGHjSA+J3F3rm93fM7C4Gk59I1eSGnm2ZbGxhpudGwVOyToM72xApvfxL01M+52I9FnkODtGnBvsn4OYn3Pfds/gm0o8MD5xJINVyMcKzmBpGQjF0/DpxSLgHc2Pm9GiHOIDlWgOhcj/H2SKBN/ZbyWUETHRDXoviG2jKa4ZCNQNw2FcxWSN+HdLVUhsaxeqblTepfYzbbuHF8KaggoZfJAsDlqPFk4OtJZxqDtkHFlxqxp0ZGMguytuySyJyKVhONNI+H1Th7SDXRqYMejAyyqJVRY6qdjP+HRK439DJthsxOM6Mipr60FBBSXrSfGfnukimQ0O1epIOrou1HwSwlfRf44/uwXabyET59tv/TD2s7kbM4uImduR7sHUDbzoxWqPxrbxHtty5RiRNioD5dyUISzo+pzMhFa9OdJ9KuT8Te1GMJ9o18IYlHzCy5Tis0BxWXzMziGM8exkFGOHb6goM0cqXG95rIkzrAU9snfc2ttb8bd+J0PZlja14lA26YCAykG43COUsqQjKuZ8oe5l2CuOl9xx6ATj8exp3r6wLbB1JpIu4bKpPIHTDzZvLo3WFqtcwC3Nt7/mryd1S7EwHos3bWztpZu/0WlP7GBhS4a1/84he/9jWv+ezn/gXl8oKgrmuFHYHDkqxiRTcS0QPbtaY2UrHMe6tgTfui6+LNtnFUsrBzw+4s+x0kFCHKEcgzUpNKwFaBdg9X69XFi3fBYGgcxRPBb2qVyRYAA8F+gW6GPkKDqmNRc0L1nuHsicuxdnG1WpXz+X333nv16lUIPgJcQAZsrnwqp7u7ahA6Tc9XVw+iofBZWGNQbyygGmGy+2LsRhwVg0uU7kbj6iS9lz0j3rb4VNK34moe7O/v39gvZtNgbC+rAehIMOy66TSnu4LK75BSbL//9DP33Xu/GK4KlLe0W5D6rfSoHbSZFmXSTOqyFn9MLlSV5YYeqnIPCX6rNkgQTJn1CflSwJyiuIkenjFCoE36WJB98VPhkSqGZxXHWJeqbeUqq/VmFHh34gvSWvW95a9FrgR2v37jxpX7LneOeg7uTkaf0RDCkC7dNPHQ+VoVjGUcNZ64sW/diG5xCpHhFE915KPRHGYdtxjdFvE82fwjn5kl5psGdTUrUDdBY21qYEWCZRwfH8mQkVF16eLlS5cu6IiFmAFQxeBvIljoYDPPCAPWU8ldJVLb0xzsQFHzeCLNcGjZ9oeGq/VDKJrR3kbTkHHdALSpd2WzbHAQDEZKlLR4yoA00J74ZacVSuH+Nuwy7dS2PxgP513lVNa7pWd88FsPveIzn/jS1/+9EqjxU5/69Dve8c4rV66cuJDccR2bQ1/vt2tZnpReSHeMyRHpPbH3fGZMXn/69IFvFIfQTnJ9esend7cGRygbdQhRBAlHaIzNUYtX1uuqrNbLVbUpIcGRT++5fPfeXRfFIRcQsdKCeiHx0LSLLDYQEwc/1pBxoZAvFJU7e3k9P0w1l4Zn6L2zvpko08ASVLjJgg9cvJvYcwxJyG1ZS8pqVWnxyZasOp4AIHNiYGvntqmw4bBN8th2IDBttZj0QzyLDnnzoDtGAkIQHFC68+n18a+96cFvfOk0LcpPAAAKNUlEQVQ/3A+O1kfrf/rIh1//+gcvXr5L7jlkE/dCte2Bx01NN+hGpvlmuTyuVMaKR6o0D4lw9Nopih03ZXm8WmYQIJ4XygHPmHesW2T6ZPTJjSarEV1NUFIxQdk45FrcxFWGAngrw8kZGc8o+EVibsZcCqY4s8+NihmHRyJtMsHcsX/pjlNAbzBiHQrR1NJDDxZgvwswe1RDQrc6FiEc8GeKnifsrO9PSodETtRe/AYdIthuQqvtJJFpUAmBpE2htGXAsOxzPiaQMOwH0KqeTBfYnPVyCvXiSL3Fhplj0DqbgBONGoAwbLxYGsvlWvDWoyOJGK5RdjULqlKxI489m00E4A6K+3I2UVeaM0UVt8WukNeDaLocI6iswMF7e+d3BYCW3aEsVSaakQCwgGuVZJFXullBT1vPht7ii3YqHrXxG2X6e/ar4uZqXSiirjLXiwKWXu6ybjbbcVhkfJFPkAqkWMmmrFabtQw8IoOFKoKI6YMTTCZU6keuW46xhO5WSXLYhx3LKDYNNjYIzOB/VbnKV1Dohn70s5PpfDYXWH6xM9/dmQswLQD9DETyQsL3KrYtfzqg3Yl37/vEhUTkTdCPs3QSHZsWCFSugk62MIwH7jijSMn/CYvoqe99V62BLaBY2f8G6CkkDMwqs+npbZqgDRhWjuy4fFgVOgK8rB7R2MEEbjuKLrfJRQiUboc+DOIThfZ+lnqYaK+Yw40qThGA5pzLHHX5UmiGBAsEXLWWZnqkqLftiiKbKqlDAzdZq9XkNIwMa4Q5GIpjt9SobiErJg5DqqmAci+dDPiq3DC9Uc4JGfWi4JKILUXXFKKDre6hYp+3jWtUI6xlXeaAAsI+2KhSgo+uZtZvjHMDpsb0UNEome1IdcwLKxWrT2vLmsl39HBoWhlxNoi167qCSY/kRp2bumVlUNAjAG1AZhzkJtBbwbZqLOoZpbpJVvADMZt5Da2mV9nQqcqmEgu3c1RQYgSvpZ+ltcrbmADpDtzyjBF9WzpbS3vTW6LJwFxTnyS6MmaOZMpwVhetDy0YBV6nGDvK9fHDLUWWZCExEoBFmbkOnqEDSrHhVdaNgcMBbht6JdeDdfZHVfTKtDLqaD4NBvyAz6dudUPUXckekRWdsf1wv+B38n4LrXXAOGyw6Hq6rF0iZQkku4lVbaMRF4DBB63Ng7W9hGqaZnR5nWWF1cXV6aW7oBYbiN2Vex9wZ+022hkAfdbO2lk7a7fbZJsRiFMsl7e+7W1PfPOJq1eflM1MjHnkqMYWohxQRR08cZjyamYKIolcySTl2qdV+uz0VOLkKTorA4gWen6R0ZlhmRhGVFX1tWevrTfiL81293bltxMoCkarlp7xU20wZwBQKfQiQyc3JlZr1dbzOeStnWqPymZ7/sKFp556SlwoqnZSF5D2Hm8PIISYRIB9oOnpLX/f4vpBlZ1jD2XcotEfO7UVRQEdjyyTmxGX0FRE1WZWa8kToJddfzLJ5/Nd8X2yHFUN5Zw3bhzcffmKuJTiESEM3zXWq10Uy1eedDabKkaP0o7T6ezchfNio4hLKDcucH7VNFqvKBARqDclC16E5JRTyprGfSSDSP0miI2Um7oha8vRXtF3ZvKqWp9NTCHYYZPCMJTcHGkCdEHLf4nxJO+s3T+48cQTj9//s1fqqMLWCCK0efZjSD//aW0QlamjK12AxILDlIQAdJZ1SrCIocsSo6GHUvqioIxt3AqEvLmFhEF3iZqiMFP6bVBvShDnrgKYIkGmddmu1zJsl+KlzBfzi1fuAfMOOuoU7CyLggXKtKDTqZckpgN/DyrhLSnzt8j3+3E1kvJI4HQEvxj0CkmUIs3SdIC/zTP35xyuNWgXKxytfCJH4N3Gf7z73t23vO03P/hfn4hl99hXvvz5z3/+7W9/e39dubtGk7kFp9m49mizCotp42rlYel7ComHp48S0wOQjMS74AMNkKklz9qvw0mIfhDK5qugt+ZcQkZkLYTcfJDFSpw6wU+BMK0FzDoS7xpA1Lnzs8UupCq0qpz6NbnAYVt91YuM9+E61YRNa37UdHYsPm36YBaGJUg1fE9KczQq3k2OGI4EolDzXfPRKOjUd4wS2OjckVpEsJk3p9xe+GONUlGHEOAJTebh9k8pDKUXGkRijWY0nE0mcMjqjcSWvGBj973ogZe++tVf+dQXZHX/6lce+9rXv/bau1/3Y9HfeH6N4CP5h4IervQVC57CVIaYxLiRp8IO1wCzTGEBoI+W2KxlYZfYJzxulVoiL0wdWO1JnQSUbXb21ryS6dtGneD1aqVkxwDBK5UjzqwJsqIK4rp1WbEFzQcxCMm5wXawMmgknbtkbnSjFQAtcxl5gzEaAE36qr01fevqsNP9VxWSmATIjZLYWdKXLb+u76We7h0IQASvghl5SPosXed6yyFR9uw/IuGZJm+lOL1L8DrwaBWD3uEt9W9NTIUSomU1k65QghhmQM7o+3K5uvbMs/sH8j6PN5sK3OlCQt7TIisSlTzve8qelcgblC2Q8iRAmbwiJRcv5Ornz5+/dOnydDqRR5XfhDD1Ke8NqixyPKIJ5RpYXElGAcjytaDGtel7K/VY9XtwOZgSkHlBxtvObC4zczrZmQCBzrQs4gxwUua0XIcgKVCz2cgiJBg0wjkK3kPAuaCYCOTFAowouec8su6Ihnd9sGoVbQot1KppXbnSAnOxY6HILJ/OBHzeXSz2Fnt7i4V8tSd4tLRCCyTmQEHxTlFpMSt8ZrUwXQp3pSU5agFUax1jO4yf+n4z8i5pjJOf6Nzt7kEvQPved7+ji7AiX8akpJUYYgpbY4xnkGVTrNWP5N17iC8CvIfAS1Dk1GYK1PYYedL+7wj5UpjdIn8Kd+rEn0FvZjYrZjpuJ55BEowkGT01BpEKgWtsmzR6UB9UPF7jDIhHUl4DdUHlyq0WDJdzSORF3qesXbu7c4/q5UHrjVvqhkKziF0SJiYmDnmmKKYrSBpRK2wHrOoNYjxHR8pr7nKEeSTOM8OEywF3yjIn2xaBZRl5q+V6vRLEWqzrDveHa7ku852CwyiprqU5Q2RlUb2Ezhw1BKLcNkqTT4s5Zg04/GraqwJaQ5OBe1lU7NRTLV9Lryo0Wkg4p4AFGHRKdaXg52QdB9S4LhSGDgjWJ9TUjBSkhzA/jtZIpl9kSkLyMaGehP7VP2iMqBPdSlyX47W8KMyxLKMMjabRyGJRyXGNyhJqdECukSGXM40hLXvRpWGl8QB4LjlpNFzlC4Yp8CdgwwiasaCbVYiRyXMG7zORTcd06BhQZAZvTBAuxJRwC4WEwXICxF1iX0N5qqo7TRlDBV3N3PATTAOBoSnmIq6eDwXzX7WN6SPeoqLsV28rFI9LwapOKT0yQSpGyWXcIsTYtJNpPhUvC8kyCDRaBmRIFQ6iceF7jpeDrpGeR7WS5D+s+y6TKbBGqeEVajiUldw3QoDFhB3EiS+Xq1D0tozdmV7i7bb/AQAA//9uHNPrAAAABklEQVQDACvmt/ENABW2AAAAAElFTkSuQmCC"} | headers=HTTPHeaderDict({'Content-Length': '529420', 'Content-Type': 'application/json; charset=utf-8', 'cache-control': 'no-cache'})
2026-01-12 12:55:09 [DEBUG] Finished Request
2026-01-12 12:55:09 [INFO] Screenshot saved: screenshots\search_results_shoes_20260112_125507.png
2026-01-12 12:55:09 [INFO] Applying price filter: max $220
2026-01-12 12:55:09 [INFO] Attempting to find 'Max Price Input' using locator 1/2: xpath='//input[@aria-label='Maximum Value in $']'
2026-01-12 12:55:09 [DEBUG] POST http://localhost:61817/session/e5c6e8d66faf3b78c96b6136c741eeaf/element {"using": "xpath", "value": "//input[@aria-label='Maximum Value in $']"}
2026-01-12 12:55:19 [DEBUG] http://localhost:61817 "POST /session/e5c6e8d66faf3b78c96b6136c741eeaf/element HTTP/1.1" 404 0
2026-01-12 12:55:19 [DEBUG] Remote response: status=404 | data={"value":{"error":"no such element","message":"no such element: Unable to locate element: {\"method\":\"xpath\",\"selector\":\"//input[@aria-label='Maximum Value in $']\"}\n  (Session info: chrome=143.0.7499.193)","stacktrace":"Symbols not available. Dumping unresolved backtrace:\n\t0x7ff69b3688d5\n\t0x7ff69b368930\n\t0x7ff69b14165d\n\t0x7ff69b199a33\n\t0x7ff69b199d3c\n\t0x7ff69b1edf67\n\t0x7ff69b1eac97\n\t0x7ff69b18ac29\n\t0x7ff69b18ba93\n\t0x7ff69b680620\n\t0x7ff69b67af60\n\t0x7ff69b6996c6\n\t0x7ff69b385dd4\n\t0x7ff69b38ed7c\n\t0x7ff69b371ff4\n\t0x7ff69b3721a5\n\t0x7ff69b357ed2\n\t0x7ffe5618e8d7\n\t0x7ffe57aac53c\n"}} | headers=HTTPHeaderDict({'Content-Length': '627', 'Content-Type': 'application/json; charset=utf-8', 'cache-control': 'no-cache'})
2026-01-12 12:55:19 [DEBUG] Finished Request
2026-01-12 12:55:19 [WARNING] Locator 1/2 failed for 'Max Price Input': xpath='//input[@aria-label='Maximum Value in $']'
2026-01-12 12:55:19 [INFO] Attempting to find 'Max Price Input' using locator 2/2: xpath='//input[contains(@class, 'x-textrange__input--to')]'
2026-01-12 12:55:19 [DEBUG] POST http://localhost:61817/session/e5c6e8d66faf3b78c96b6136c741eeaf/element {"using": "xpath", "value": "//input[contains(@class, 'x-textrange__input--to')]"}
2026-01-12 12:55:29 [DEBUG] http://localhost:61817 "POST /session/e5c6e8d66faf3b78c96b6136c741eeaf/element HTTP/1.1" 404 0
2026-01-12 12:55:29 [DEBUG] Remote response: status=404 | data={"value":{"error":"no such element","message":"no such element: Unable to locate element: {\"method\":\"xpath\",\"selector\":\"//input[contains(@class, 'x-textrange__input--to')]\"}\n  (Session info: chrome=143.0.7499.193)","stacktrace":"Symbols not available. Dumping unresolved backtrace:\n\t0x7ff69b3688d5\n\t0x7ff69b368930\n\t0x7ff69b14165d\n\t0x7ff69b199a33\n\t0x7ff69b199d3c\n\t0x7ff69b1edf67\n\t0x7ff69b1eac97\n\t0x7ff69b18ac29\n\t0x7ff69b18ba93\n\t0x7ff69b680620\n\t0x7ff69b67af60\n\t0x7ff69b6996c6\n\t0x7ff69b385dd4\n\t0x7ff69b38ed7c\n\t0x7ff69b371ff4\n\t0x7ff69b3721a5\n\t0x7ff69b357ed2\n\t0x7ffe5618e8d7\n\t0x7ffe57aac53c\n"}} | headers=HTTPHeaderDict({'Content-Length': '637', 'Content-Type': 'application/json; charset=utf-8', 'cache-control': 'no-cache'})
2026-01-12 12:55:29 [DEBUG] Finished Request
2026-01-12 12:55:30 [WARNING] Locator 2/2 failed for 'Max Price Input': xpath='//input[contains(@class, 'x-textrange__input--to')]'
2026-01-12 12:55:30 [ERROR] All 2 locators failed for 'Max Price Input'
2026-01-12 12:55:30 [DEBUG] GET http://localhost:61817/session/e5c6e8d66faf3b78c96b6136c741eeaf/screenshot {}
2026-01-12 12:55:30 [DEBUG] http://localhost:61817 "GET /session/e5c6e8d66faf3b78c96b6136c741eeaf/screenshot HTTP/1.1" 200 0
2026-01-12 12:55:30 [DEBUG] Remote response: status=200 | data={"value":"iVBORw0KGgoAAAANSUhEUgAAB4AAAANPCAIAAAC0MVXjAAAQAElEQVR4nOydB4DUxP7HJ9nda/R6cHQFPUQ6CFZARBEVPf6oWFDUp4+iIhYEn6IiKvJ8IhbgWVH0KU+Eh6IeIgoKCCq9SFE4EA6O3q7ubvL/ZSaZzdbbK3scd9+P55JMJpPJzCSZfOeX3zh1XWcAAAAAAAAAAAAAAAAAQBjatm3LioWTAQAAAAAAAAAAAAAAAAAxAAI0AAAAAAAAAAAAAAAAgJgAARoAAAAAAAAAAAAAAABATIAADQAAAAAAAAAAAAAAACAmQIAGAAAAAAAAAAAAAAAAEBNUBgAAAAAAAAAAAAAAAAAUncaNG/fu3Zt+w0VQdF1nAAAAAAAAAAAAAAAAAEAY2rZtGxx4/vnnX3XVVWJ5wYIFGzduDI4DFxwAAAAAAAAAAAAAAIBKwcqVK5ctW6bruqIo/fr1S01NZaC4JCUl9erVS67S8o4dO3JycgKiwQIaAAAAAAAAAACIlvz8fI/HU1qv0iR/OJ3O+Ph4BgAAFYtt27Z9//33GzduJEXyrLPOatu27eWXX96qVSt2uunYsWNWVpZYTk5O/vXXX+k+zEAUBFtA33777VSG9hAq248++iggGsoXAAAAAAAAAACIigPHczVNM9Tn0jLlUnSlwKPmafVrJDIAAKgo/Otf/3riiScKCgrsgTTYNmnSpAcffJCdVrp16/bll1+KcURSS9esWdO1a1cGis4ll1wSoD4zrulT+NKlS+2BsIAGAAAAAAAAAACi4vGP1ue5vR6tNN+jnaqS4HK8dHs7BgAAZz40Snf99dfPnz+f8Y88GjdunJKSkpmZuWfPHiFC9u/ff+7cuaqqstPKiRMnWrduTVkaNWrUY489xkAU2C2g69Spc+utt8bFxQVHo4GH//znP4cPH5YhEKABAAAAAAAAAICoSL73y+wCr8dbqgK0Q6kS58h6+zoGAABnPs8999y4ceMY93Txv//9r2nTpiJ8586dJExv2LCBlp9//vknnniCnW769u27fv36Tp06CbkcFIpdgL777rtr1aoVLubRo0ffe+89uQoBOgR33nnn4sWLV6xY0bBhQxn45Zdf0hDNHXfc8cEHHzBwWglZQQCUB9A4AQAAAAAqNh1GfxdVPMWw+6N/o3fWsXbSFSw2kLySlpb28MMPjxgxgoFKSVZW1rXXXnvRRRdNmTKFARBL1q5d26VLF6/Xe+mll3733XcB5rH5+flXXHHF0qVLKXz16tVt2rRhp5UXX3zx9ddfp4VHHnkk+r0aN248cOBAh8PBKh9SgKZa7tGjR+TIS5Ys+e2338TyaTZ3Py2QQtSsWbN9+/bZA1966aUqVaqsWrVKrB46dCgzM9MeYfbs2fRL0lLAjsFQUtTVoKOwokACN+3Vs2fPU6dOsUqAOF87wZUSAVFBVFZUYtEXNcUMOGhRqykkdC72xlOWiBIodjEWj8jnG1CzRSphyjk9gaI5ih0qBLowWVkRcILB16z97iHuBvJE6Owi1E5Jii4CdERqFZQTdjoQJ0W/9kAqDSqTQrNU7Jzbr/RobqoBd4aA3BYbapYlv5+XSiIAAAAAKEW+eKx7NH/zR1+U/o9L6Y8WotwlygyQmnz22WenWCxcuFCEZ2dn/9///d/IkSPD7bht2zZWRJYvX07JsrLF3iuO/o1Avhie3t4vsyrIXhFUR1RTVDuyMIPjhIRUY2ErGhlKn1KjNIM3vfnmm127dpWTre3ZsydyhUZ5xDMFebFQOdjDxcUSUCklP4qk0Jqt2EydOpXU56pVq/7nP/8Jds4QHx//ySef0KVdUFAwbdo0drq57LLLxMK/isKoUaM+/fRTBopCZRSgC+WDDz6ge1Dnzp3tgTS4Qb/0VINhYynyxRdf6BZUtnSnjkZ0C1lBUdK0aVMSB8URaYHEnVLUm04XNOh08uRJOiP6bdGiRffu3WOtQYdEdPsGDRpEA1yihCk/u3btirLXSHFatmy5d+9eVhToTGnIdOXKlSz2BJ8gQb3batWqyQ6uvXHSGY0fP37ixIkihOKkpaVFmXKRig5IREnSeKEoSbrGd+7cee2114bTcIUUTkUtriCCdqSKKPlYIN3KnnnmGVYySiURAAAAAJQuDWolRfOXGOf460A2/dFClLtEc3SSGvv27Tt9+vRMDnU+qcMQIK4F065duz///LOopq8kopHOwsoW6jPbe8Xjxo3r0qXLmfW+Rlpkhw4d7FKvkP53794te5ik8+bm5lI3NUI6JGtedNFF+/fvZ6VBcnLyr7/++vnnn1Pvl5XJEcsV33//vV1opsth7dq1rFT5xz/+Ia7K9PT0+fPnV2YNet26dYzPTde4ceOQESicVAvGbaXZ6aZbt24hXRgXSr169Vjlhm7US5YsWRseu/kzgwAdPddddx09/+B/I3ZQ2ZJU9+GHH5bZYDWNJWzatInUW+riVAyZj8YYH3nkEerZUDGyMmfEiBHUp/nxxx/l2ADlhx69NOQ+YMCA06KJly7BJ8h4u73jjjtIaA5uQsIO+oorCv+UssIXXZmxdetWKkl6URElSdf4G2+8QY+9H374ITgyFSwVLxUyFTUVuAikHakiKBF8oAoAAACAkMQ51XB/LqfKDK8bLN/t3fjX8SlfbX8nfef2fdluMWOhwlzh96W/aI5O/ZYLL7yQVEKx2qdPnxtvvHHGjBnSxPWMhvTZb775ZuDAgbJXTF0yel8jHfwM+iaMFN7LL7+cxBdSORk3tiX1MyUl5ciRI9JImeqxUaNGNDDAQOyha0RWh+Cnn36iX6oUFgOoWmlogao4pE16ZUCcuN1TcDCi8ZcHc3un03nxxRcz/vKYGQX33XcfRXY4HJdeeimr9JC+vCg8dvWZQYAOCQmgIX10BHzNLULCfeV9/Phx6RtBWvXKRCj90v3KvmIguhdTp04VhS8+ngr+Lj64gkRMey0Eh4SEVCcxqv/aa6/Zdwz5MX6ETSHjnHbzVfn1GTUzkZkAlx1S6xcxH3jgAZl5+zCA/aTCtVhKfPbs2VL4k4gSPnTokNDEaXd7pUj/DHS4Ll265OTk9O/fP2TZCkvVgIKlaNRpIMF9zJgxAXkudcKdIOMaNPX4RfdFNk46UzoXOiM6r6ZNm9JLAmWSskrRAlpvhKIT7qSFeBqu+QlfJfRrb/DSp0TAsQIaQDmxJYnmyhKnOX36dNkMojRSFmOH5557bvAmapPUMql9SvVZQBVB7wl33XWXaGbhCk2E33DDDQG3enE6lDgJ39WqVRP5DHfpCew+QCIkwgAAAABQvnF7tHU7js1a/tc73+/8fMXeDX8dX7f72OwVe99ZtJMCaRNFYCWAuih79uyxG9ISU6ZMCfBHN3LkyAA/ANRZpUF3YSgt3DVQN0M6DQj2QiDif/bZZz///HOrVq1kBEohpk4GTp48uXPnzl27dskTFF3iTz75RMYJ7jiVQ84555zc3FwxKiCMbf/xj3906NBBzHIm6pHeEUQvVJR2gE8VKuq+fftSInSOMjBkTAkdRdRpSHccAR5agqsy5BErBtS9r127thCdmTUkcNlll1F/W4SI0rCfcnAI83e1Ec7nSUiEDxaB8IgiqsPuHSU45MwlLy+PfpOSIn3VUb16dfo9ceIEKwcIR8b0ChaNn6LvvjOmAaCBwMTERAaKAgTo4iCkBJKTZAhpBMnJyXa1cd68eRQolgOseimcOg0hN0WgU6dO999/f/CkkRQyfPhwuk+xMx96AF999dXChS5d/N27d6dyFt9effHFFyTnhdPLaKiKCuHXX3/dunWrCAknLQVDyhSVnujlCC8QlJT9Y3xRQdHkJyAODd3TU60sNWg6BTpl6srccccdMpAaKuWEnmd0puIjL+FtgM5u/Pjx9uZHJ0VyJ22aOHEi7SXOTpSJ/aToxIMPTXdhElvPO++84E30lK1bt+4333wTQUF7/PHHKT/0iBJeWUg0tG+lnJCM++mnn4o80IL4EI+iUVOh86UMUzglwmJGhBNkvOkGOOchVZrOhc6Izouu9+XLl1MmhQcYamz2yJFTppi33npr5OZHu9PNgepOvHtQNFoQrmYoMC0tTdxwqPztDYDyE+GaKjMiXHQB0Gk+8sgjP/74o3BRQiFt2rQJGCmkziU10WCDdHoHCEhN2NdQywxn+EDFSKlROnRvp76pPXv2Vx3qTdJFJypF3M+pyqiK6RoUvnFEpYS79MTTRNaX8AskusIBiRR6KwMAAADAacer6ZmHcz9YvOu1r/9Yt+t477b1u7Wu/cufh1+dv40CaZNXi246wjDQSPzTTz995MiRjh072t1uUDj1WMQyqcbU8RDeOWg5pHcOEhmfffbZuXPnUrTt27cz3vOxy17CXcONN95IIgtF+PzzzymQ1LEZM2asWbNG7EUSaqmLZfLzNRqAt3dTKZz6QqLjJJ2nCZ915XOcngqQxCkhN1MRkfp50UUXNW7cWPjloAxT/5xWqeLk3IB2nyrUwxwxYkR6ejolQiEU3qdPH+EfIyCmFJSpTkmCoDhUNaR033PPPRGqhlrFK6+8Qunb/UUEHzHkvldeeSWJ6SF1ibFjx9LrPCt/UPuhcpNeOMSQgP2tlt4gGjVqJOqL8Sqjpk7t314IAd5vaIFWQ8r0VAuUFFWrMPKlOFRTolQJyonwEDh06NC9e/dKFZteGGm854UXXpDXsp0zsdjPIKQb6EInl6J7zo4dOxi/ZzJQRCqpAC3sEBUbdjW5UH744Qd6KAppSUgGpCuROCKtaJnla5geimIsZfPmzdFsigDdE+k5MXjwYK/XKwM1TbvlllumTZtGN0dWUaCSFAI0aWfS54kwI41QVsLRgRiMEtIS9YdCmj2GhEbaqUaoBmkv+ek9yU/jxo0TFtnR5IeyTaq3VBLthrExRXTRqBnTLy0HeConDUvouXQKb7/9tlSyhPJuPwUSAcWOtIs8OyoTEulIrBRxKCm5HABdESFPlnLVokULVlyEqi7PQuSBVsv+Qzz7Cdo/gAhp01rslENSaPOjnrqoO3F3kqv0O2fOHDH4LCxKSNwUDYD0+nCmwaWOMGyXCGt3sSnCRRecDo09CDvxAMt6O1RKdLekQyhBBH+UQC2T2mf4jAe2f5G92bNny3TkJ6K9evWiW3rIe1SESy9kfYU8LwAAAACUfxJcjis7N6ia5HQ4lO6taj9zU5snBp53QctaTodCgbSJIrCSIbw5U4fn+eefD2m/LFUz0rlIPg5n0EfymVDHpKhNPZwIxw1Qx6LcqxiIz9eEqUSAmTN1nEgWlzZGokNIISGdrZ1e7G6gSYsUxs4kOwpHEKQ5kvIoDBQOHDhAEaR7bqoUUkJD1tq7775LQvYTTzwhVqmWSZGUfh5IOKYaqcIhZZOqJoIATelTUqIqRYuiZKOci4+y/f777z/wwAMBusSwYcOoWQYYEpUfZOEz7n+DTp8qSG6loqDrhRq5KDR7BQmocOiSsUvSwvsNBcpyk5ekMCS3724X9Clc1I6oa6l6ugLZnAAAEABJREFUR/bKcoYW+5lCamoqvfQxLq1EjikUJ+Lyyy9noIhUUgHaPhOdIJymFhLxlJW6gxinZXy0RIomQgQUJr2Mj5NIsSzCpgjQI4FU8o8//phucx6Ph0Lod8CAAbNmzSJBZPTo0ayiIMS4Tp06UR3Jz+2Fp4UIewnLR6FbCT+wjzzySPQ2g6RD0ZODalCKuXJkQlhkR5MfIU4JdxDC9UGwYWwskJMQCuNKap92QwApiLdq1YryI30dCLU6QrIkkFEiwqzAfhbhbHXFyEFwuNA9WXERtUl6nF1JpFUxZsDKEPsJCvVWlnnkz4uKlHJIIjc/u35NtUb3N5Jf5VZhgc6sO5UoSSnFBpsGxwL7dKP2EqNrJMJFF5BIgEwfPILCLM8V9kkFxQAhjVjQcvDkpZFbkcheQPu3j3UFE/J+HuHSo6s1oL6EA5CYmvMDAAAAINa48/STJzzHs/O1kpk8h4PELDndGclqAfbLduxT4UlIrLRbWQq1NPK358HqmNjr+++/ZzFAdrbFR2bi7YY6TsLBXYBZQ5QWXWUJdbYbN25MPXbSl6kKSKuiECo90j2ppqioZRW0bduWQqRjh44dO4aclZ3ikDxKIqm94kaMGEGKakjJUjoACYlQselYdERhI0/JRpic0M6DDz54//33z5kz57777pO6xD333EM19fDDDw8fPpyVS0Thk/Qs/G9QSdavX98egU5BDqgEeFpnltH0Z599lmKDVu3+cOQkhAQty9lB6Wq1OzyRAypU5kOGDBFDCKJ+aTWk+TM7o4pdWuqEOxcBVYdYWL16NSsH9OrVi36XLVtWUFAQIZp4DaTXQ9KsGSgicMFRXhAjvZG/s37xxRdJmpk7d+4NN9wgvOXOmzePQp599llWIbB/FC+8LpCea1eRIu9OAjQ9AEjbopsCJWLXdCIg9E3ShsQTVwhVdoQVc5T5EV0lkrRI0aa9yt4NtBDB7d5IJAHONKQNfgSi145JlSN9MGTnTxiG03BLSXwICCcbdjZt2sTKkMgnKO15SzdlSfSXQ+R0xH1GuFIRfffy4AY63EUXzb4Bgm/0vnfsDn9YjCnGpQcAAACAM5E8t/fbVfvjFKVutbgtf5165qPfn/pg0/ptJ2rGx1EgbaIIrFQhWW369On2D/mLTUip+rQjvr+UbzfBlmREWloaK3+cc845VC///e9/SbgUNh/U/6T8k+BIAjRp9yQ6M8uxA2mIQrhcs2YNCf0sxggXK8KPh7DbLZJHb9KvSQylN/e7776blG6STRcsWEAhjz76KCuvCBtnkp7XrVtHNWI3TxbIARV6/yUtWIwZBMSxS8yCcB4bqExIwhZOP6hspcMTUeYympjFjmRxun5J/o48qd2ZUuzDhg1jfGa/66+/PkI0umwpDi3QKbBygHhBI/WZSjhcHKo+ahsM5s/FBQJ0cSDthnHLNaEt7tu3T1wzAYZyRULMxlaoByvSoB977LGvvvqKHkt0YZD6TCGsokADg0uWLBGOIIRhoN2XcaEIvwSkPU2dOjXKuqDSfuSRRxgfUaT4whlrwLf/woq5SPkRc2XQ7Yl08HCWkmWPyAmdafS7hCyTkBJnON+7ooSpHGTRBdicFup9Qhi6BruQLhvrckmEExTzWMYiZTFtHd0com9+chhGhogBgIBo1O8RMmipfzVZJCJfdAGRA+zExdBRlAMbIc32qTypZVL7DGhaYsZL4Yg5OHviOhJ20FES4dILri9x9JjOqAkAAACAGOFUlWb1q9zRo9mo/q0uaVNn7Y7ja/442rllrRH9WlIgbaIIrASIOegCPC8Ld8PRzJ0lCTCPFdadIRU3CQl2ATK33IuVHqIjFPBSTB050Q8M7jgJyuaTvqJCYiLVy7ffflu7dm3p7YSK6zOOcADNLNNyoTBEIMBHhIBen4s0FV4wwpSedNWAlAuFxFB6badebseOHUlmJT1E+gYptwgvHG+//basETuidigCvZcFa8FSng4YpLG7Xw/JgQMHqGylP+gARLJz586lzr8ck4hA+S/2GTNm0DsaLYwePTrya36TJk2EdP7zzz/PnDmTnW6uvPJKMangAw880L9///8LBd2a3G63w+G47777GCg6EKCLg/D1KT//EZ/Dk45WJGnPDt3FhIZF8muhHqwmTZr00EMPHTt2jH4rkvp85513kp5OkpD49pz6GfbuBW2K7IKDWVMRUhmS3BZNXZCo1KZNG4ovHcvSXrTvLbfcIno8UoeimNHkJ6DDFFL4izWUB3pkhvR/LbpuUhAXcn+hCYoykU7SSQwN5zCdEqTj2uddFLPe0RNozpw5Qk8UvUbh31ZItzKrwlNEsB5K8iJJhJRV6SbYPlojHExHnuGwtAh3gjt27IjGBUdAEwpOWcysaE+Zio7iX3fdddFfDuLuRH0RoZnS74ABA4SBtnBPIdozs8zbq1evfnqnbYlw0QVHHjRokCj84IENQYCmTL+UsggPTk04XKZCtk9mSOlTFVN1bNq0iSIEtH9xfUn/SxGgKpOmOhEuvZD1Jc/LnggAAAAAyj8up9rhrJrXdkm55dKmaRc1uvC8OvRHC7dc2oQCaRNFYCWApK53332X1LEXXnhBhNCL5LPPPkuCWqEKZgBDhw4VwmWEFEjYlW5zhUdpUruETFns40aGulj0akY9JTl3ojD2ov5SLw4t2DuE0lyDlT+osqh8fv/9d7vfDKFKM5toLgylpYhMNStdcIgUpI9g4SNCVv3ChQuff/75cMpmZEaOHEkvX3ICPRq9qFGjBvVXA44YmSeffPLee+89ceIE/ZZ/9ZlZXjgWLFgQ4MlEQo1ZRAguVeFZm6RSeaZUesEe2CWkw1JkUrTr16/ftGlTqe/Tr72sRLKbObQQjReU8lzsVBTCNyyNr1A+C43/1FNPCZWA9irJJ8WlAskOIs8ej4feu38OhXjHpMunVatWDNioU6fOVVddRW2Y3sTpl5YpJDgaBOjiIOxb7W6j6UFIt5JCJYlw0I1G2OGKJ2uh8SdPnrxixQr6ZWc49qnJhMmw/CCFZGj71BPHjx+P5qN14c0gwvSD9vknaUF8FC999lMN/vHHH6TKCY+0JAhSB2jXrl10W4wmP7S7eK7I3ceNG1cGvlztLnTpoPTgDOnLhU7ziy++EC6qCRJtI38UIxBlQgmKvaj/N23atJAxxXVBJSb9slGuSEm0O96154G2UlF/8sknIqt2D8UBnUjaS/i2FslSp5NWxTnKuUcotVgbjYY7wZUrVwony5ERcydSEwpWV0XKVDKygQUUXfSXg0iKGrZo5/Q7duxY4a+DSlh49JabaPn1118viWuUkhPhoguISZf2V199RbdKUT4UIjRiexxaFb5Z5LScIaPZj06FLMtEZkBeQeKipvzYt9q/mwsHjZeIQQVKnO7q4S694PoSc7uLDNsTKYfTuwMAAACVk+x8T6F/eW5vo7qJf7u6Bf01T07yeLVo9orm6KSLLecIf7JCB6HuRGQzzABIA505cyYpyJFTGDJkSIcOHfr27UsqG61+/vnnFCIcB9NepDFRJ7xIx40G0fOnIX/7K5vs+dOCdCUnOsz2t7lyhbBZZv4G2kLhpfKXBrbU3xP+gkWFkrBIQr+MTHKz8DtMcmdA1dMu1CmVsxcWCdqL9pUHpTQ//vjjFi1aBByx0HSoCZFafaZ4BJU1Eux/I5oIffr0SU9Pp/MVhUYqG63SRSFVYzkJIUHLVMJUubSV3nDpdUxcOPRLDbhWrVoyWTEVYYTpB4Mpt8U+a9asgwcPMi5YiYGWyND73SuvvEIL+/fvnzNnDjvd3HXXXd9+++3dd999ySWXXBiK4cOHk1IhtDsgIfGNHg3nn3++uBbol5YpJFiUU+h+zUAUkLZF8gGJPnSpn169BkRAWC+SQoR5YAGoSNCTngYefvzxx2KP8wEAAAAAlArLt0T1jaPDoSbEO2ghL9/r9WrR7HJRauE2DSWHhEXSzubOnVsMy1kAKjYjR47cs2cPScZRTslYcrKyskjvJrVOfu975kKjFzSaQgsk0UYpmtGIizCspEGRYnsUAGVM27Zt5XKdOnWo9YaLOWPGjMOHD8tVJwOFsW/fvu7du4sP3ks4kRqINa+99lr00w8CAAAAAAAAQJG49+3VUcZUucdnTYvW5GvTv65kAIDTxPr16+fPn//www+XmfrM+NRihU4/eKZwww03PPXUU5qmFXWSpLi4uPI5lSgolMjiG21dsGCBXIUAXQR69OhRAUalKjCrVq2i2/fAgQPLcm46AAAAAAAAQOWhhh63Lzc3xxOVx4woSXI6G0bxxToAIHa8++67jPvpZmVFVlbWjBkzopl+8IzgvPPO++9///v3v//dbvRaKM2aNXv77bebNGnCTjcHDx586623Dh069Le//a1NmzZF2lppadGiRfRb4YIDAAAAAAAAAACIire/2LYvx53jLmB6VI41oiHJ5WxYJfHe/ucwAACoKKxfv759+/a0MG3atKFDh06fPn3YsGG0um7dunLoAuill14STtUvuOCC//3vf0XaWqmwu+Ao1CO23RweFtAAAAAAAAAAAEBU3HJ5wzyv6vV4Fc3NSgmHQ42Pw7s5AKBCcdZZZzkcDq/X++CDD5L6vHnzZmbc7hwUzsofu3btCliIfiuIBjzkAAAAAAAAAACAqKhatVqCx8O/JC41pxmKojideDcHAFQoqlat+uKLL44ePdrtdq9bt04ETpw4sXzOrJaWlrZixYrs7OzbbrutqFtBNMAFBwAAAAAAAAAAAAAAoJT57rvvPvvss127djVr1uymm27q3bs3A2cycMEBAAAAAAAAAAAAAAAoL1zBYaDSAwEaAAAAAAAAAAAAAAAAQEyAAA0AAAAAAAAAAAAAAAAgJkCABgAAAAAAAAAAAAAAABATIEADAAAAAAAAAAAAAAAAiAkQoAEAAAAAAAAAAAAAAADEBGdmZiYDAAAAAAAAAAAAAAAAAEobZ0pKCgMAAAAAAAAAAAAAAAAAShu44AAAAAAAAAAAAAAAAAAQEyBAAwAAAAAAAAAAAAAAAIgJEKABAAAAAAAAAAAAAAAAxAQI0AAAAAAAAAAAAAAAAABiAgRoAAAAAAAAAAAAAAAAADEBAjQAAAAAAAAAAAAAAACAmAABGgAAAAAAAAAAAAAAAEBMgAANAAAAAAAAAAAAAAAAICZAgAYAAAAAAAAAAAAAAAAQEyBAAwAAAAAAAAAAAAAAAIgJEKABAAAAAAAAAAAAAAAAxAQI0AAAAAAAAAAAAAAAAABiAgRoAAAAAAAAAAAAAAAAADEBAjQAAAAAAAAAAAAAAACAmAABGgAAAAAAAAAAAAAAAEBMgAAdc47n6rkFLM/Nct30q9PChWerDAAAAAAAAAAAAAAAACo6EKBjyJJt2tWT84PD97ycULuKwgAAAAAAAAAAAAAAAKBCAwE6hqhhRGZNZwAAAAAAAAAAAAAAAFDhgQAdQ8IZOcExwhoAABAASURBVOsQoAEAAAAAAAAAAAAAAJUACNAxJJwFNARoAAAAAAAAAAAAAABAZQACdAxR4IIDAAAAAAAAAAAAAABQiYEAHUPCCdDQnwGInv379//yyy/r16/ftm3b7t27Dx48eOrUKbfbzQAAAAAAAACg3ONyuapWrVqvXr2mTZuec8457dq1u+CCCxo0aMDOEDKP6cv/1H7Zoa3ere86rB3LYbkFOuzqKh6qwhLjlJpJrFkdtVNT5YKz1IvOVlNqKgyA0gACdAyBCw4Ais3OnTvnzZu3YMGCdevWMQAAAAAAAAA4M3G73Uc527Zt++6770Rg+/btr7rqquuvv75FixasXPLHAW32Ku3jnz17j+lxTuVELoSMCg4NKmTn69n5bO9R7/I/WPWflQKP3qimctuFzoGd1Zb1VQZACYAAHUPCjRNhqBCACPz4448zZsxIT08PF0FRFB3DOAAAAAAAAIAzlnWcSZMm9e3bd8iQIZdddhkrNyz63ftyumflTo3evfLcxpuX+AWVCjHk8OdBfdI3nknf6N1aqI/2dfZu7WAAFAsI0DFEDTM+BOkMgJCsXr361VdflUYBgrp1695+++0XXXRRixYtateuHR8fr6oYegUAAAAAAOWUzMzMlJQUBoANTdMKCgqOHj36xx9//PDDD9OnT5eb0jlXXHHFQw891KlTJ3Za+XWnNnaOZ8Me78k8EQDxApjDD0u2aat3F7Rt7HhxgLNrC7ySgyIDATqGhLOAxi0cgGAmTJgwdepUuUpa84gRI/r169ekSRMozgAAAAAAAIAzF3qjSUhIaMi59NJLn3rqqb17986ePXvSpEkiwnec4cOHP/nkk+w0Mfoz9zs/efIw2w4IAw1LLP/De9Vk798udU660cUAKAqQdWIIfEADEA0bNmy4+uqrpfpcv3796dOn//rrr8OGDWvWrBnUZwAAAAAAAEBFQlGUxo0bP/TQQzt37nzjjTdkOL0T0ZsRvR+xsmXtX1rbcXkzlkF9BoVDjYSaCjUYajYMgKiBshNDlDACNHxAAyD54osvrr32WjnT4NNPP7106dL+/fsnJiYyAAAAAAAAAKi4xMfHDxgwYMeOHaNHjxYh9GZE70f0lsTKitmrvJe8mP/nQf1UPgMgGqipUIOhZkONhwEQHXDBEUMcxZL3D53Sdx7Uc92Gfl0zkdWtpjSsobDSRctnpzawU5tZ/n4zRE1grjosrg7/rctcdZmzGgMgxsyYMeOJJ54Qy82bN3/33Xdbt27NAAAAAAAAAKDSkJCQ8NBDD1199dW9evWiVbfbPXTo0CNHjgwZMoTFmLeWeJ6Y44GRHCgG1GyGfug+ckq/rwekRVA4aCWB6Lm53tWrPb/+6t24UT92TD91Ss/O1o8fp01KnTpKjRoq/Z1zjqNdO2f79mrTphGSCicbB9/cT+Sx73/3Lvpd+3Kd98CJEPf+do3VnqnqZa3Ufu2KO+Wo5yTbP4sdX8lObmA5fxYeP6Exa3gba3gLS2gkAnYf/8mrFXj1fP5b4NHEQn5y1Q5Nql/ESoM/jyw4lLMlOLxb45EMVDjs6vOtt946bty46tWrMwAAAAAAAACofJx77rl//PEHSc9iVnbxrhRTDZrU5yfnunMKGADFI6dApyZEC9CgQaGgifhwL1hQ8OmnnlWrwkXQDx+mP8PJzZo1bNYs+pcE6LibbopLS1OqhbAXVqLwAb09S395gXvmz4V8trB+j0Z/r33Hkqsrf7vMed9ljnrVojaLzs9kO19m+/9rGD5HT94etvMl46/BjeyssSyhyc9//fNA9sbgiFXjGg7p8KOiFFcZl9n0nli44xG3NycgvLTUbVCu+OKLL6T6PHLkyEceecTpxO0IAAAAAAAAUHlJSkqaMWPGuHHj3nvvPcY16Nq1a/fv35/FgNmrvE/M8UB9BiXkVD6jhlS7qjKwc0lFIVCxgQ9og4K5c09ec03OY49FUJ9Dou3enffyyycuvjhv2rTgrYpSiEb8zDx3+2fyClWf7WSd0J+f727zVN7s36Lba+c/2bL2LHNm0dRnO/s/Y8s7UTqXNXs65PZTBfs2HfwvKzFr9r0TrD4T3Zs8ykDFYsOGDQ888IBYHjVq1GOPPQb1GQAAAAAAAABUVX3uuefuvvtusUrvTbGYk3DtX9qQdwtyCuB6A5QC1JCoOWFOQhCZSi9A5+dnjxiR+/TT2l9/sRKQP21a9t13C08dheLV2JFs/fJ/5k9K97BiQUNMd7xbMPITd0HkBDbdx3ZOYqXCzkkN/3ihRY3LQm78de8bul4i3/MkPa/d/15weJMalzSo2oGBisXo0aPdbuM7nZtvvpkEaOpjMQAAAAAAAAAA3JRt/PjxV1xxBeP+oOX8hKXI4LcL4PcZlCLUnKhRMQDCU6mtDvXDh7OHDfNu2RI5mpqcrKSkKA4H83q9mzfr+aFNiT2//Xbq//6vyocfqikp5o5hDKAzDmlpb7ozDoW+3zerY8w6eDxXzzzG6JeF5+0fPX8d0eeMiAu9ecsjLGtu2J0dSazmxazqeUy1dtfy2NFl7MTqsLsc/fGSuP4ZTNVZ4LgWN4KedX79W1lxWbM/jPlz44dZabBq1aqPPvpILMfHx993331nnXUWLR89enTKlCldunS59tprWQyYP3/+b7/9NnLkyFq1ajHAmTBhwrp162ihVatW1K+C7TMAAAAAAAAA2FFVdfr06S1btqRlenuid6gnn3ySlRKjP3NnnYD8DEoZalTUtCbd6GKg0pCdnV2lSpUIW+2rlVf60XNyTt1zj7ZjR8itrl69XGlpjpYt1caNAzZ5Vqwo+O9/3XxagAC0Awey//a3Kh98oNarR6uOMGadt75VkOv2C6mRqAy6wHFjF8dFLf32IX159irvRz97f98X+luG9I3ev39Y8O87gjTok+tY5ochd2GJzVmzkSz5/5gjMcRW9xF28Gu2+3WWE6JkamZ9kdqw7+8nlgVv+nXvm63r3ehQinOvMcyf94Uwf25a47JSMX8mFXjp0qUPPPCAEJ1p9fXXX7/99ts7d+7MQNmyevXqqVOnimXqUVUL5TwdAAAAAAAAACo5SUlJP/zwQ69evWiZ3qH69evXqVMnVmJ+3am985Mnz80AKF1O5TNqWqRrdW2BT5wrCzt37jz//PMjbLWvVt5mkTtmTEj12ZGaWvWTT5KmTHH17BmsPhPO7t2TXnml2jffuK67LnirtmcPadAs8qH97/VjrnZufSFh8iBXgPpMNKmtjOrjXDUu/sN74lrUDW1QPfNn70vfBHni+GN8yMis1iXsgsUs5fbQ6jPhqm1s7b6SNb4n5PYLT+1RlRDjFqcK9v1eXE/Q67I+yPeeCA7v1vghVmLy8vK2bdvWqlUroT4TV1xxRZMmTZYsWUKbGChbXn31VbHw9NNPt27dmgEAAAAAAAAACMW5554r/W/IN6kSMnYO1GcQK6hpUQNjoNLw22+/Rb+1klpA57/3nnvx4uBw15VXJr38MosCtVGjpOefz01KKpg1K2CTtnNn/ocfxt9xR2FzELJqCWz28PhLWxU+DDCwi+Pqto77PiyYuzqEq+Xn57uva6+el2Kl481mR38MkQqJy+e/yxxhzeP9OGcicx9mWf8LCK5ycmP7ZneuOTQneI+Ve15rXe+mohpBe7S81Zn/Dg5vVrNnqZg/5+bmnjhhqNskNyckJNAC/T788MNHjx6VcWjTK6+88hf3A967d2/pjoPCaaj5L8s/uDSaFuE1atSg5Y0bNwZsDUY4+jjOXYTT6NA999wjQqpXrz58+HCRq+CQisePP/74Hf90IDk5mYqLAQAAAAAAAAAIz9ChQydNMiZ2ojcpep+67LLLWAlY9Lt3w54Szd4EQGSogVEz693awUAl4PDhw/Pnzw/p0pbCaas9pDJaQOs5OSRAB4cbps3Rqc+SxH/8w9mtW3B4/jvv6Lm5jsIE6AWjolKfBVXi2cf3xl3ZJsRl7NHY0Jm2QcwTa0In0fheQ4OOnlYvhAy+gFWNc1QNDs9xH9x8YBYrIuuzZoY0f76wyaOsNKhVq9Z1111HIvLYsWNXrVplD5c6Lw3L3HDDDZMnTyb1edGiRSLajh07nnnmGVKZJ3MeeOCBzz777N1335UpCOlZbCU59aOPPqILLDgDpDt/+OGHI0eOpGjjxo2jnJDYnZiY2KVLlwMHDmRmZopoy5YtI12bslFR1WdixowZYmH8+PER/AQBAAAAAAAAAGDcfOqNN94Qy/J9qti8nO45ic+AQSyhBkbNjIFKw9atW+nWRPqY8PhMv7RMIRQeELMyWkAXzJqlnwiheCaOG8eKTuKECaf69ye52R6oHztW8PHHSto9EXacerurQ9MiDwBMH+xq/4w3+JnxW4Y2d7U3rROXpx1VWIvHQuycPIAVibh6rGY3dmxlYHDOri4pw5f/NSl4j1/2vn5e/ZujN4Lm5s/Tg8Ob1+xVL+k8Vkp05pA6/BGHWWbIMsIll1wiHHRcfPHFJEbv27ePln/44Qd62A8YYBYaRaBoS5cuJWE6hc8z2aRJk9tuu00eYu3atbQvpRAw32B8fPwdd9whAoUaTnnYtGnTeeedR6lt3ryZUhZ+QurXr59izWBZ8di5c2d6ejotVKtWTUzoDAAAAAAAAAAgMtdcc839999PC/Q+RW9VLVq0YMXijwPayp0aAyDGUDOjxtayPjxBVxYOHz68YMGCQqNVxgaRH2rYMG7gwJAenwtFTU52XX11cLh70aIIe13QQh1ycXHU/wY1lCeuCS3vzltrfUpTvSNrMTrEX9JZrKhU7xoiMO+vDg3uquKqH7yFG0EXwRP0pgOf5HqOBod3b/wwK22uvfZaaa1MAzKvvPJKOB/QWVlZR48e/euvv0hitqvJJBnTL0nGYrVGjRp2a+UOHTpQgnbPHgKKY0+E5GbakTRuWmjVqhVp1rRLZmbmgQMHevToUYHNn+fNmycWRo0alZiYyAAAAAAAAAAAFEZ8fLz0BC3fqorB7FWkPhf2mTYApYDCGxsAflQ6Adq7dat+NITiGXfjjay4hBSgvZs2qSeOhdvl6f5Fc5Rs574ezjpVQzw20jdq3lK/xhNCifJ5fznU+O5NQmvEv+x9zatHNakBRVsVyvtzi1q961Vpw2JG586de/fubXd/UVrk5+cfDdW6giGNm3HN+vjx4zt27CBRm6RnOU1ihUQOiPXr14+VBjRCsHjx4o8//vi999779ttvt2zZwsqKL7/8UlEU+mUAAAAAAAAAEGMGDhwoFqIxMwzHxz978tw6AyDGUDOjxsYA8KfSueDwhpqiUalWzdG6NSsujjah1VKPcaxLgsOTqyu9Uosv/Se62C0XON74PvB6PpGr/7Rd63lu1CkXHGSe48afN7wXqIL9IQI1I37regNJPj6WtzNgY4774KYDn7RLvoMVxqYDn2a7DwSHd2s8ipUeJO++9dZb9evXt0/u17BhQyEWB7gQDzaCAAAQAElEQVTLkFB4kyZNSOK0xxG2z8IOmnHnznJiQ2Lt2rU1atQIFpGFWbRMhPJDO1533XXMsoZesmTJiRMnAqytKxj79+9ft24dLTRq1IjOlJWMgoICGvlfvny5DNmwYQP9tmzZ8rbbbqtZsyYDAAAAAAAAgIoCvUaJBXqronerBg0asCKSeUzfewzqMygjqLFRk0upCYt74KPSWUB7bNPQScIpyFGiVK2qhNS8tm8LGb/HuSUt9j7nhU7ht4wwJtBaPjuyhGX8i20ayn67iv10Dvu+Hlt6HltxIfutL1tzQ9i/jFdDpKYbR1GYenHTx0Me7de9bxZqBK3p3t/2vhkcflatK0vR+zPjIu+NN95IUvJ3330nQkgO/vLLL0kGbROx3nv16kXa8Zw5c8QqCcdLly5t1aqVlJgpzY8//lgsr1q1auPGjV26dAkWkUnp/vDDD4VldMChKTLtQunQgehwrOLyyy+/iAWqC0Up0UOI1OeXX35ZqM+qqtLQApWn02mMpf3xxx8TJ04ULrwBAAAAAAAAUfLnn38+9thj+MKv3ELvUEOHDhXL8t2qSCz/U4tzVnw18KnrXMdeT8yZZv5lTU68tZuDnT7o6JQHysmqcRXW2WZIqLFRk2MA2Kh0FtDarl3Bgd4//si++25WEkJ5E9aPHA4Z98KzSypAX9gy9D10z9GgIc2D89lfb7FjP7NSRDNPlsTi+lXOP5C9MWB7jvvgxqz/tG9wZ4Q0Nh/8b0jz5wubPMpKm86dO5PU+9Zbby2yHHPLSQhz/WePtENC8zPPPDN16tRRo0yL7Ntvv52SkhEokQ4dOoTbKqlRo8all146fvz4gEMLxFSEFXv6QWL9+vVi4aKLLmIlY968eQcPHqSFdu3aDRo0SLiT1jTt22+/XbhwIcn9H3300SOPPELaNAMAAAAAAOCM5e233xbf+QnuuOOOLl26iOXffvtt1qxZpEieffbZkROh9x0Sl+kdRCy/+eab9Hpy7733hoy8f/9+FgMotx9++KFYjo+Pl9mO/ixKFyqQ6dOn04uDWLUXbHmmV69elG3G36369+/PisgvO7QTuRXcAppE3tYN/UT2agnsnSFxt3XXrpmSz0AZQo2NmtzAzlGp/yE/Ww8gLy+PxBm6fdnllNPL0aNHp0yZQnePa6+9loEoqHQCtH7qVIjAQ4c8hw6x0kYhATo+RHidKiUdeKwaz6rEs+ygW2jGIdsT5ehStu1xlr2NxZLLmj09e3MI99m/ZU49P/lWhxLa1XU48+eza19VO7EliwGkJk+cODE4nIRpUpnDrdK97+GHI02H2JkTIcK1HFro3bt3hGgVe/pBYts2sx2W0M81dZp//tkYTTnnnHPuuusuGU5yc9++fV0u1/z58zMzM7ds2SI9pRQPXdd/+umnxx9/fMWKFbRKz0I63FNPPVWlShUZJycn55///OcLL7xw7NixmjVrPvHEE/fff7+cX9Htdn/88cfUnHbxQa/u3bu/9NJLNBQhDcADDnHuuec+//zzAwYMkBE2b9782GOPpaenk7xOx73llluee+65YnxtBwAAAAAAziyEQpqcnEwdSNG9FCGLFy8eMWJE9BN6kz7yyiuvXHDBBUKAjgBJwNSzZTHgyy+//PHHH0eOHClUZlolyeY0ar5CDW/btq1Q4Sk/Qhwv/xp0y5bmm7J8tyoSq3dXcPX5qetcZ9cz3qR+36d3Hm/YzN3azTF5UBxp0Be3VGnrc19GNVUVKC2ib3L05ksDQmKaroo9M1Ylp/IJ0CdPsrJCP3yYhbJqrZnESk6D6sqfBwOv57+O8G8cdC/bOYntelX4yih9FF+zaVitc4tavXceXRQQhRtBf9S+wV0hE9h6aO7JghATAHZv/AirZPzwww8VfvpBYvfu3WKhhA6a//jjD9JtaWHQoEHBW3v16rVs2TLqZ2/fvr2EAjT1RNPS0tq1a/fOO+9QBX3wwQfU+6eBWdKUSeYWcWh41uPxkEbcsGHDN954Y/To0Xv37p08eTIpyKQ+07vB22+/3bNnT5Kts7Oz//Wvf1H2qLdN4RSBzoJeBh599NGmTZtSIOnLlMLAgQPpKJQgRVizZs3ll19evXp1SpDk76+//ppysm7dum+++aZOnToMAAAAAABUUKg3O2PGDFKf7VozqbdDhw4lDfqjjz4KZ79cDsnNzd26des555wjbZyvuOIKCiElvU2bGE47HwHqZteoUUPO6WfPT/TK/mlBOnuU71ZFYtfhCu4PoWENJY4LFSt3mGf6n5XeS1p5h1zsoPDuZ/k+kLUbSmce0/82o2DxVl/hkFT9yJXOOEvzsEf4amR8r1S1wMPe/tGT1smRUlP5YYtpWz319jg6kExkxjLv8I8KAnIodo8QoYIRZZOjOx4NC9EIEL3Fkzxi10aEZbT4WEFes/Pnz1+0aJH8AF1YRjP+er5p0ya6Q4po8tNzik/pt2rV6jc+IVyTJk2knbUwYT5+/DjjX67TOJm4ykSaf/31F+Mfbdx3330yV6tWrRKHoPAbb7yRgaIAC+hYEuZYbi8rOY5QDgbyxcSEW0axfZ+wKElowhJSWHxDY0ENMsLN3soOfBEYqPvNf3hJ0ycyjv6gs8Cby2+Z08+vf6tDDTQCp5gr94RwLd2y9tUxMn8ut9D9lG6ydCssxvSDBQUFqampIzkBm1auXEl35zlz5nTt2pWVD4TTDMaNylkJoOJiXMUOWWKqqrZo0YKeIqRTsxJA6vCsWbNIViYZunHjxhRy00030ROOnme7du2SpgckBC9cuLBZs2aMm7qT1kyrhw8frlu37ueff07qM70bvPnmm0KwvuWWW/r16/fss8+SDE29WxrjnThx4qWXXkqHoEcd45/+0YON1GoKvPDCC0lopgft7NmzRSXefPPNdCDSoKl/XHI3JgAAAAAAoNyydOlSkj+GDBkSoIcKI+WNGzf++eefAbsIS2cho0gfF9LxxUJOnz59SGwV8aVzD2kILG2lr7vuOuEZg5Z/+ukn5u80g/n7r2jatCn1UdevX//www+H7J/TiYhckRItTod+H330UTFBjmDnzp0iwYADCYchUmwNMJqmXjSdlFimbEix3u7uwx4ejuD8lC5XXnkl9ecnTJgQMBEOvXE88cQTa9eupW5/lEnFxcWJBfluVSSO5bCKTbM6Zgl3s2nNJPIO/8gXJ0BcJkhE/t/98f/61iPso+0asYwwa2j8qE8LSM6WgXdc5Kxmvdf2PFd9Z0hcwGx7JEZ3OytBGGILSPK2uwe5tZtj3/EKbpQdZZMjVYRuFPQKTO/FdP3SxShuJkLq7d27N71rS0WY4tB9bNu2bXTtCAE6MzPzwIEDpAXT2/pnn332wAMPkFgslGuSnsX36HQXoh0nT54swr/77jsKF8uXXHKJiPPuu++SGE3qCt0ThK8P8TU8ZeP1118Xerdd+7aL1yBKKp2bVKVqVVZWKHpopflQaWjgh7NDBNavprA9b0dSnxObsrPGsjZvsy7fsks2scsPsotWs07zjZCzx7EWowP/6l3DCqNmQovUegOCw3PcBzcc+Dg4fOuheSHNn7s1HsXOEIRrjpL7HhKOQYqXDvU/GjRo8NBDD1G3zB7+66+/0j06Ozub9FNWbjjFB2Oo11VC18zHjh2j36rhr+Jq1arR76HS8KhDTxTq3wuDaxKRqRdOq1J9ZnxCRaE+E8nJydRHP3LkyIkTJ+jpOHPmTKqdMWPGSHPpevXqUWVRxhYsWMD4MCwtU2dXqM/iENQSNE2jTSKE0lmzZo3Xa9xGqOiee+65ffv2QX0GAAAAAKjYbN26lV43ateuHXLr+eefH+AxmSSbp59+mvqir3FuvvlmkkVInyW59tlnn6XeJknPFE7KsohP0nPHjh0phCRdWg458SDJwdTxpjgvvfQSdXRnzJghJFo6FiV+2WWXiWOde+65QqQOBwlJ119/PYnIjz/+uDA/lOFCF6YDkZA0fvz4gAORzD1u3DjKvDgQqULUGyfdXOxOC7/88gudndhK0V544QVhR0nqM50XBdJW0oboXSlg1p/LL7+cutmzZ88OyGeMzJ9J23r//fdJFBO9egH1+YcNG/bBBx/ISokG+SZ1qlhGdbkFFdwFxz/T3ZnHjHMknVdOQjj19jgZgZTiOy8yrKFP5rG/zShIGpbb79V82oVCKJy2kjx9cUujkH/fp9NW+vthi2FmR1rzJa181s0Uf89RM8I1U/If6+sS6jNFtu9F2bAfvcDDXvzaI7dSIjd0PJ2zI5YB0TQ5uhiXLFki5sQ677zzaJV0YRnepEkTMWxGt8S77rpLvDvT8jnnnENitLhXbN68WXxTTncSObcW/dJyVlaWOArtePHFFzOuwLRq1UqE//DDDxRHDssNGGCIWsuWLSN5ml7qxSrjblfprkuZ2b9/P91haFkI33TToFsNDZsxEDWVzgJaqV072Aja1a9f3I030h3dGJak27r8s1aNcIdDrooFJSiaLzJvhXqOzh4JMTnhoVOlcOs/HCqR5BoK2/mv0Du4arGzn2Ipg1mRcEc1FNy98cNbD/1P87eMJn7d+2bb+rfZjaB1pv2y97XgFFrVuaaymT+XHBrzv/rqq++//37qi1APhkJWr15N/csqVarQzVSY7pYT3G5jaFeIuSWBVHXqJZMOGy6C2FRCJxV0CVPH/dNPP6XirVmzJi3fdNNNl156qVSTBU2bNg3YkR5U9BSk8t+yZQtJ1SQ627empqYmJSWtW7eO8cek0+n8/fffCwp8H17t3buXDkGvHB6Phw79z3/+8+9//zvVLz38brvtNuor2z1QAwAAAACAigrJJVF+OEjq6uLFi6lfKmUU0p3XrFlD+uwll1wScpe2bdsKU+I2bdrQjiEnHiRVhTqfjBsI9+zZk8TfI0eOUJYCjkX6Ke0e2SNEF45wtSxsk6XZtThQWlqaEH/lgUjZ+f777+lw8qN70txJ9f7xxx+F9fe2bduoiy5trinaK6+8snTpUpGgCKff5557Lti0WTozefDBB1mowildDyd0FNKL33jjDaqpf//73/QKQF19OsSCBQsefvjh4cOHs6Ij3q2KilbB9We2eKvWcmxewDyEQy52DLk4UTjKuPQcR92qxqbPV3mFOTPt8sFy7yNXOklBvqmrc+l27w1v5NvdcazYoZEkTWKxNK8WSC8fJFuf28DYREI2KeAiUE54OHtYXGpDc9iAVKCfthkH/XiFp0vzuGoVeQYok2ianLRfputdqMYk9dKtia4XermmW4e8E9Jdonr16mKZpGq63kmqpph0NyCdmq73e+6559133x07dqxMXBp7BUBDU3TjIgnbnr6cD4wSoQg0KmbfhZIi2Zpk8Q4dOshA2qViT+VV6lQ+ATpkE/R6nRGnkitd5N2q2PyWETqFy+stYe7DITa46rCuCw0nG0XFHZUladW4Bh0a3LV639sB4XmeoxsOfNyhwd0yZPvhr47nNKHDlwAAEABJREFU7QqIRvr9BY1GMlBESI4kDfqaa66hjgv1tLp27So0SroXt2jRgpUnSFctXj8pgEaNGjHjevVS35d6qAFbd+3aJZxvtGvXjpWM/v37r1y58umnn05PT/83h07h+eeff+ihh6QMLQZXg9E0jbqVDocj4Ds7CfVBKasUZ8yYMcFbDx06RA+2jh070vjqhAkTPv7441kc2vTAAw+8+OKLkKEBAAAAACo2JH9QhzAam1ySb0gWIXHWHpl6khs2bCCtNsBWOtyxAmyEg8nPzyclt3bt2hT5ggsusB+rQYMG0bgkvo7DLBcZL7/88ogRI8IdiKA0Sem2u/UgyYkE6M2bN4toUs6WkKJ0++23b926dcqUKcySkoMdgwjfHXaHHmKaRLv3j9LliSeeoF/SoO+++256raBckbx+//33P/roo6xYBJjFRImqVHwNmpBeL+xKdK9UdertcSQiC+cbQpUO2JG2Dv/IEIiDvXAQDWr43uwKPGzfcbMopah9PJfZlWvBwGkFt3YzzZyDI9RINPTr4L0qDKpSeJwffviBLuePOCKElA26rUV2Uiqk6rVr11I00q979OjBuHC8fft24YJDOoYuHnZ/0BJhmg1KQqUToNUmTbzc3ZUdb8k8xoYjjPrEFv3u9WjMWQJXBN/9Hvom1Tv5e5YXakPrV4ujPhMn1kUZsWujBzYe+KTAG2hd7m8Erf+6943gfWH+XGzo7vzNN9/cfPPNNNxH44F0Fy5vts+CqlWrCusDEmdL4oWD+p0NGzbct28fdRMpHepqy00kPX/wwQeUPnWIxROohFCX9KuvviLdfN26dfQ4fOutt0aPHk2DqyHnP7RDGXM6naSSh7P4JgWZlHTqwdNQQevWrcOlQz3g999//5133qFB3c8///y11157/fXXaS8xMAsAAAAAACok5557LumhwhCYlScoSyTrsJJBfWzqzNMJksbEikuAt2iBeN0Qqq5wVP3ggw8GuIGmOL/88ou0AS8zSIOm9xRSxGhs4MSJE6Q+C1W6SFAKYqFqsdyKJsYp2fmVQIG2EEq0dPp8ZRv1wMlIp08SM4nFkwdVCtvksoGaXOQIdD3+9ddfwsuzDKEBJNI0brvtNtI36EWY7jnCyljYRNu9cNBo1s8//0waSJs2bURSl1xyiX0OwwjUrFmTXu3t6YtD052hQ4cOJGRLV9QSYe8sfU+LXUp+S6xUVDof0M5Q07Jpf/6pleD5F45w9o/Z+WzOquJPREii1qcrPaEOx5pW2R8qHy5Wty8rzpE0dmx5mE2B+Y9zVO2SEuIDojzP0fVZ5ljWn0cWHMndHhBBYWr3xo+wcsmmTZvK/w2FBsBnz55NN2gaBly2bFk5VJ8Z94AsFkpYniTsDhkyhE6Zul9z58595ZVXPvvss3nz5lH/8s033xTe0GgEtYSDkzSIeuGFF15//fWUWzoWPYReffXVTz/9lHEj60J3p4diamrq5s2b9+zZYw/fsmVLTk5O+/bt6c7QvHlz6sGLORUlpEeTvvz4449nZ2fToEKnTp0OHTrkcDhIpH7yySdppCEpKWnnzp0MAAAAAABUXEhDIZmD+roBhskkqj722GNPPfWU3a0EvQIkJydv3brVHnnNmjXUIy11e96QxwrpwSMgzy+//LJ9l4YNGwpL53B7kdBDwvHu3bvtcYTt83kcuRqwlxSaxYSNd9xxR1ZWVjRKdwSn26UF9efvvfdeUtDotxjqM+Oz0IuFAEd/UVIziVVsvhoZL/w+04IM/GmbV3pA/T1TL+A6yoxlXuGs2f5HgvVt3c2pBaU35xe/9hR4Ih1Upi/MmRmwUWiTE9MPiitaQFcxvX2TlEx3jB49etDCd999x7iM8P7779tn/BM+nUmDJiWarl/hoEMIyowrObRv5KP36tWLXvxF+sScOXNEsiRnk6j94YcfivvPqlWrRo0aRcoDHYLytnHjRgphXH2mOGI6VhAllU+A7tYtZLh70SJW2kQY7nnuS3exv39ZuNm7LSvEzhe0UJ2eAyF2cFZnxePAPObNDr1JCeEvv0ODu5JcdYPDf8uc6tXostRX7JkcvLVVnWtrJDRl5Y93331XzBdX/lFV9aOPPvr999/pRsnKJdJdsphFsCTQOdIDQEyxSA+V5cuXL168mPrBjJtCCG2a6k6EFA/qfZJATI8i4a9ZQHox4yOlhe5Oz7/BgwdT/MmTJ0vHIwcPHiQVm3a/8sorGZ/igNRk6haLZBn3y/Hiiy9S+dCDsEqVKiQ60+DqItt9iXqr1OkM58cKAAAAAABUDEiCGTJkCCmnYmI9EShMekn/Je3SbpcnfDSTVitlFFJkNmzYcMEFFwh7Peo9BkjGxSb4WF9++eUG6/PikFozCcE333yzfRc6o3nz5tHbAak8EY4VMFUgJf7jjz+S0nQ2hxYWLlwoZzV8++23H3zwwS85YkGEB88cQ2VCJUN5lvvSAiUlikuGUCJiwkN7guIo9qkUi8qzzz47f/58+mXFQjaG4KlooqFZnQou/ny8wnOSGztd3NKYTlAE3tTVKWYIPJ7LZv7sEWLxrd0cMsKqcQlyukLpZ2PXYVNvuaGjIy6i14DFW7Wt+43IdJTH+pppSin8jxcTpA/oSkjkJkftma4sOW2gRExFSHJw586dH3jggaVLl9Lr/9ixY6nZN2ni+6yfLlhaJQVA6NdilkJ6ZaaYFH/JkiUtWxbykf1ZZ50lJkcdxSFtQbjdoKSGDx9Ocvb48eMpnJSW22+//eGHH6bwa6+9lpYphMJp66WXXorX8yJR+VxwNG6sNmmiBQ2G5L/3XtyAAUqxnKue7Ns32IDa0bGj+tYH4Xb586A+fbFneK/ilP/T80KPwf29h5MpoRJ0H2beXOYo+qy+OyYUKbpDjb+wyaOLdgS6teVG0DNrJjQPY/78MAMVHeojik4nDXKGc50cPaQ+P/LII2ISkr179+bk5JBkTIcgbXfPnj3UNfR6ve+8887f//73Qp86IXE6nfRESU9PpwSpG52amkrHoh4/9ZLT0tKiSeH//u//7r33XsrJ9u3b6RGVnZ39r3/9i3re1CMXXe1OnTo9/fTT9MDr2LEjnQspzm+88QYpzrRX7969KQI9Pv/zn/+QkL1s2bLLLrtsy5YtpFaTfk0nxQAAAAAAQIVGGPBSZ5J6jDLQ7rbYDgVS/FdeeYWEVMZtMkhGEebPJBlT95X6sdTt7NOnj5w8sNjQsUigoQTFsdq2bUvJ/vLLL4zLSfn5+cHeqwN2YdFN9Ef5J33nzTfflFMF2k+fdrfPakjK1EsvvSQOSmqUPFZITx3XXXcdvU3YXUgHFKyQrYVrbGHfTb+0LKwvI0yHHg30FsCKyx+W41B68WFFp1NTZXlMPI+WF/6z0ntJK++Qiw3JeGw/J/3JTSRM/2uBW045GBzhhy3a8I8KSJU+u56xNaST6HD8M919boM4EqB7paokOsvw3/fpncfnSR/QlRBqchG2ykn/AiBdeOLEicHLwdxzzz3RJHgtJ+Re4XYhrZkUZxaKzhy5Kl7eQZQo4byUVmDc8+fnhPrmJe6mmxKffJIVkYL//jd3QgihlhqsdtuQOg+GHWpOdLHfxiW0qBuFY3YbD89yk3IdHN6hqbp8bDzbNJRlfR5it/OmsgY3siKxbQzb827YrZcfDLfl4/VXBQvNia7aVeNSDmZvDAhvXff/rjj7nyz2kO751ltvie8jqCNy3333Sd9ANAot7UxpDI0Gu6h7MWXKFPl9hwike1BwTDnnqT192kR9oI0bN0q/9atWrZI+9e07Uvhnn3124403Uv+patWqiqKcPHlS7iUc59MgXrD/+zOOL774gjp/tED38WLPthElpNWS+kwadFxcHBV1s2bNWLHYvHnzsGHDaMRV0zRSfqnN/OMf/xAT71J99e/fn05KTKUiuPPOO2fPnk1StXggud3uf//736Q479q1S1XVCy+88IUXXqAxUumZh+69P/30E70MrFixgvFPGmm0lvRlOakIiekkf3/++eeUFAVS+vQGUj5drAAAAAAAAElmZmbJTS7OFEglp/cmMaMg6cU9e/YsY/fKlQdS5ElbpwX6pZcRVkRmr/Le/7H7RG4F1396nqu+MyROWD0LSFy+ZoqfnwT7/ISkTY/6tIDEa7EqfUYLvl7vvfQcR7UEU00W8xMWeNi/vvU896XbnubU2+NItparM5Z5SdFm3Npa+JUWKdhDMo/pf5tRUFEnIayeqLxxm2tg58qrv1dgaBCRFYvKKEATJ/v31zIygsMTHn88/rbbWNRoO3acGjRID+XWttr8+fkNm0YQoIlGtZSP7427oEW0H2U8+4X7pW9Cmz8vfCT+4pYq2/se2/p4iM0JTdgFS5izGouSvR+wrRFVwp57mBofcsuOo99+tW0oiwKFqYPbf18G/jeE/it92wsdWazSMimMQo+WM6UKgfjdd9+lvpQUi2lVfpQRsBoyfTlxqpiMVUre9lWxo4wpVm+//XahYAasntHs379fjPY3aNCAziuce/TSYtOmTe+99x4JxzTYQDVYvI/UAAAAAAAAKAYVWIAmuXnDhg19+vQRdhi//fbbhx9+KGyrSX2m95pCTZtB8SDdplGjRmJ59erV9FbFigjJneePy8tzMwDKgAQX2zg+wT4SACoMxRagK6k/msR//CNkeN5LL+VNnsyiw7Nq1am77gqpPscNHKg2beopbKLBvUf1npPyn5jjPppdyDDAwZP6kPcKwqnPT17rMtRnot51offP+4ttuJN5jrNCcR9mm0cUoj4TetgH11m1rqxf5XwWBal108pAfSZZecmSJU2aNJFfnJFMfP7551NviVTRFi1aTJw4UUjDYirVEydOBLtI27FjB6nG1M2SlsgDBgyg32XLloVL376jfTJW2pEO9MMPP8jEZbIUhzpta9euFeG0QKtRzuJazqEeUvv27RlXonfv3s1iTJs2bYYMGUIyd35+/qIYuHcHAAAAAACgEkL68siRI3/88ccHOaQ+33HHHfQ6k5iY+Oijj0J9jh179+4VC/RWVQz1mXEnxY2gBoKyghob1GcQQKXzAS1wduuW8NBDea++Grwp//33Pb/8En/bbS6bm5gA9MOHSacu+OKLkFuV2rUTRo2ihQJPaFk50cVybfrtqws9b//ouaWb86YujktaBQ4JrN2tfbzS++5PnnBjlWmdHE9cY9VjXD3W6E7DfjmYoz+xFRezRkNY8gCWFKRpek6yQwtY1hx2eKFfeEJj5qjCsoPmc9PcLPy3FJc1e3r25kI8fiiKo2ujB1jsyczMPHDggJhLWgZKvz/08H733Xc3bvT5BgnpRX7z5s0kZX7EsYdnZWWRWk2adZcuXezpJycni0lX5WTNcpNwlk9bxSQS8fHxUtQWU74uXbqUZGtapjjCYxqrEFx11VViTr+vv/562LBhLMbQoNzdd9+9ePHiiy66iAEAAAAAAABKA+GfmoGyRWdvtyEAABAASURBVM7HSG9VrLjcdqFz0jckLFTGj+BBWZLgUqixMQD8qbxtIv7uu71bt7q/+SZ4k3fTppwnnlCefdbRqZOjfXu1QQP6048c8e7cqf35p/fPP7Vdu8Ilq1SvXuXNN5VqhrOLcJLxx/fFDf/Ivf+4776fnc/e+dFDf7TctLYxUuTi8u7eY/qOg5EeD71bq2/fGecXdPZThpScvz9E7IIstvMl4y+pFauayhLPYlo+KzjA8jPZsRUh4scls45z2dbHQgjQeiTr7obVOreo1Xvn0UiWp2Vj/hwZ6WR53LhxQuedP39+uHmNAzxHC0hEJg06L5QVfPEgqZoEaJKtGzZsSMnaleszneuvv37SpEm08Prrrw8ZMsQ+M0mMOJ/DAAAAAAAAAOCMJT8/X7xJMf5WxYrLwM7qpG+gPoMyQKfGxgDwp1IPSiS99FJe8+b506aF3Krn53t+/pn+WNSo9etXeest1dIocwpCR2uToi4ZHX/V5PyMQyHu/ruP6PTHomDQBQ5Snx0B17WzhqEar+7PCsLOE8hytht/kanWlrX7D4tvwBRXiK2eEyyuboS9L2n6RMbRH3QW2qG+oji6Nx7FyoSUlJT69etv27aN9FxppCw8OKelpQnj6EKtjKUuHCBA044kpAanT6p0uB1Js6ZDN2nSJORBRW43cGihIjmPa9GiRd++fdPT048dO7Zw4cJizJsBAAAAAAAAAJWNr776SizQ+xS9VbHi0rK+2q2FumRbxZz1DpQfqJlRY2MA+FPZ20TCsGEkGSt167IS47rmmqpz56o2gTLcty3VEliT2srix+IHX1jMKUGrxLPn0lzv3RWkPguSWrIuC1jN7qzYtHiUdf3eUJ8JVyhx1nMkcgI1E1qk1hsQbmvruv9XNa4hKxNIFO7Rowdpvt99950ImT9//saNG7t06dK0aVPaKrRjxv01k1gsd0xOTiZ5OjMzk3HvzK1atVq0aNGqVavEVpKwR40aRUmFS18six2FVw0RMmfOHDpcr169IuT2AIcW7G49KgBDhgwRC88+++ypU6cYAAAAAAAAAIDw0Mvj/fffL5bl+1SxebSvs1qFesUE5Q5qYNTMGABBoFkwZ/fu1b//vmDOnPy339Ys1/5FwnXllXGDBjm7dAkIzw5lAa0orEai4Yu9fnXl33fEjbxCG/Wp+6ft0Q5CVo1nQ3s6R/Vx1qoS0aF7QhPW6UvDGfTuN1huBoue2r3Yuf9kic18ITW6srw9rOhc2PiR3w/ODrnpgsYPsjKkc+fOtWrVeuutt8R8dPHx8Q888IAwSR45cuSUKVPGjh0rwkmVltrxFVdcQdr066+/3qRJk+HDh99zzz2kLEs30BT44osvCoE4IP3zzz+/d+/e0pUH7UiyNaUjVmnHZ555JoKyLKYiFAusYnHZZZdRqZJSv2/fPirGoUOHMgAAAAAAAAAAYZg+fbpYoDcpep9iJaN3a0fbxo7lf3gZALGBGhg1MwZAEIquwweQD8+yZYbbjZUrvVu3Ro6pJCY6L7jAefHFriuuCGdAfSJXX/tXYPE6VXZRy0C75a379e82exf9rv24zRvScUedqsp17R1Xt1XpSk6KY0Xj4NfsyPfs1O/s5HqmBXkrTjqLJTQzBOuqrQ31OelsVkr8ceSbb7aPCA5vU3/Q5S1eYBWad9999/jx4yRbF8OE+ejRo6SJkxR+bfhpMM9cVq9eLc+L9PrWrVszAAAAAAAAKhCZmZkVyZMeOI1s3bpVfjs7f/78Tp06sRLz607tqsn54SasAqAkJLjYglHxXVvA/0ZFpm3btqxYwALaDxKU6Y8W9OPHSYPWT5zQT53Ss7NZdrbuNQYJFUVRmzVTzz7bcc45haZWPVG57BwlmuOe20A5t4FzxOXG8vFc/ViO8Xsi1/h4oVYVpVaSUqLPZOr1M/4EnuPMfcT4YypLaMzi6rHYoDNtxZ5XgsMVxXFBowdYxYLk5o0bN/bu3VtIq6tWrRKrxXOgsWzZsgo2/aAd6jORLj916lRavu+++7766qvq1aszAAAAAAAAAAA2cnJypPpM71Cloj4TJA7+7VLnjGWeU/kMgFKkajwbcrET6jMIByygQUzYeuh/3/75cHD4+fVv7dViAqtw7Nix46233srPN5/ht99+e+fOnVnREebPpMkWz3r6TOHqq69et24dLQwaNGjSpElOJ0bCAAAAAABABQEW0KDkaJo2ZMgQMc9Q+/btv/nmG1aqtB2X9+dBaEGgNDm7nrJhPFyMV3yKbQENARqUPrrunbmu9/H83QHhDsU1pOPSJFeszK7BmcKGDRuuvfZat9v47uuhhx569NFHVRXDpAAAAAAAoCIAARqUEFJpnnrqqffee4+WXS7X/Pnzi634hGPtX9olL+ZrUINAKaEqbOnY+A5N8F5f8Sn27QiNA5Q+mw/ODlafifPq3wT1GTB+w5KzMr766qsvv/yyx+NhAAAAAAAAAFC50TRNqs8EvTeVuvpMkFA44564pLioXIYCEBlqSNScoD6DyKB9gFJG0z2/7J0SHO5QXBc0epABwOnfv/8LL5hzUZIGPXr06JMnTzIAAAAAAAAAqKzk5OQMGTJEqs/0xkTvTSw2DOzseGGAs2o8A6AkUBOihkTNiQEQEQjQoJTZeOA/pwr2B4e3qX8LzJ+BHepaSQ36008/7dev3+bNmxkAAAAAAAAAVD62bt3asmVL4feZcfWZ3phYLLmvh3NCmgt20KDYUOOhJkQNiQFQGBCgQWni1fJ/3ftGcLhDcXVtNIIB4A/1qKZPn+5yuWj5zz//vOKKK/7973+fOnWKAQAAAAAAAEDlIC8v79VXX+3Vq5dYpfcjekuKtfosIOlw+h0uFRI0KDrUbKjxQH0GUQIBGpQm67I+yHEfCg4/P/k2mD+DkPTv33/+/Pnt27cXq88+++xll132xRdf5ObmMgAAAAAAAACouOTn58+ZM+ess86aNGmSCKE3I3o/ip3njWAGdnYsHRt/dj0F7jhAlFBToQZDzQaeN0D0KLqOeU9B6eDWcmasuTTPczQg3KG4hnRcCgEaRGbChAlTp06VqzVq1HjggQeuueaapk2bKgpG5AEAAAAAwJlBZmZmSkoKAyA8pMPs3bt39uzZUncWDB8+/Mknn2SnidGfud/5yZPnZgBEIMHF/napc9KNLgYqJcWeFhUCNCg1ft37+oo9k4PDOzS4+9Jmp+0hCs4gVq9e/eqrr0qvZ4Lk5ORbb731wgsvbNGiRe3atePi4hwOjLICAAAAAIByCgRoEIymaQUFBUePHv3jjz9++OGH6dOnB0S44oorHnrooU6dOrHTyq87tbFzPBv2eE/mMQACqJbA2jZ2vDjA2bUFvClUXiBAg9NMgffk+2suod+AcIcaf3fH5QnOWgyA6Pjxxx9nzJiRnp7OAAAAAAAAAKBC07dv3yFDhlx22WWs3LDod+/L6Z6VOzWSjPLckIwqOwkuhTG9Wwv10b7O3q1hDVbZgQANTjN5nqNHc3c61ThSnB1KvEONc9KCGu9SkxgARWfnzp3z5s1bsGDBunXrGAAAAAAAAABUINq3b3/VVVddf/31LVq0YOWSPw5os1dpH//s2XtMj3MqJ3KhHVUuqicqBR69UU3ltgudAzurLevD6hkYQIAGAFRM9u/f/8svv6xfv37btm27d+8+ePDgqVOn3G54JgMAAAAAAACcAbhcrqpVq9arV69p06bnnHNOu3btLrjgggYNGrAzhMxj+vI/tV92aKt367sOa8dyWG6BrkFJqnCoCkuMU2omsWZ11E5NlQvOUi86W02piQmZgB8QoAEAAAAAAAAAAAAAAADEhGIL0E4GAAAAAAAAAAAAAAAAAMQACNAAAAAAAAAAAAAAAAAAYgIEaAAAAAAAAAAAAAAAAAAxAQI0AAAAAAAAAAAAAAAAgJgAARoAAAAAAAAAAAAAAABATIAADQAAAAAAAAAAAAAAACAmQIAGAAAAAAAAAAAAAAAAEBMgQAMAAAAAAAAAAAAAAACICRCgAQAAAAAAAAAAAAAAAMQECNAAAAAAAAAAAAAAAAAAYgIEaAAAAAAAAAAAAAAAAAAxAQI0AAAAAAAAAAAAAAAAgJgAARoAAAAAAAAAAAAAAABATIAADQAAAAAAAAAAAAAAACAmQIAGAAAAAAAAAAAAAAAAEBMgQAMAAAAAAAAAAABUTL799tsZM2b8+uuv2dnZ0cQ/55xzevbs+cgjj1SrVo0BAEBpoOi6zgAAAAAAAAAAAABAxeK1116bOHHiNddc079//zp16hQaX9O0X3755YMPPqhSpcqcOXMaNGjAAADAom3btqxYQIAGAAAAAAAAAAAAqGgsX7584MCB//rXv2655ZYi7Xj48OFbb721atWqn3/+OQMAAAsI0AAAAAAAAAAAAADA5M4772zSpMmECRNY0Tlw4EDnzp2//fbb1q1bMwAA4BRbgFYZAAAAAAAAAAAAAKhYrF27tmvXrqxY1K9fv1mzZuvXr2egBOye2iMlpcf0DFZEFo1ISUl5cBEDoKIAARoAAAAAAAAAAACgonHs2LFatWqx4lKjRg1KIdzWRQ+SRDqiBBLp7umXF09jNcTZHlN3sxLAdeERZaXvbt+wPap4uxcu8jurjdtLdJIAlCecDAAAAAAAAAAAAABULNxud3x8PCsuLpeLUmCgBDQdviRzeFQxSdAfvHHcij69+VrvNzMz32QAVBxgAQ0AAACc4fyalzQsN2laATuz8UwZl5s0LG9KJgOVjsz8TtSGx+VnMHAGUkFuQeA0s2AaPQJy7/qVAQBKF0VRWHGhfSFAAwBKBQjQAIAyYfXbowJ4Z3XUO074el/hEbNWr85ixSHrqwmjRr0dXW6iJWMevY3nLWAgAgV3DcvtNM/DQIlZ8BufT3i9VhpNzqiX0yMBZHo/OEj/6B/8Wgqtgl+DlVbQFJV4Jkn5Gb/qW+ifg/o8I88xyn+5v+cIFT4mzw5jdCd2F3X5vwWZN4RKIG6eyd2Pgk+5m9lZvxkjGUKMLqMLNgaXntnkynZUBp1PEA6Pp/iXkqqqmqZFE1N4tJhu/Ar8vFvs9oWnpFw+PYRbiYzpxv4LfXsY3jlsMbm7jxApi40jfKnbEwlxCEGw+47wObQn7ufKOcwupl8RsdXIzMIRckfT78dCW5KmBxLjKINnM7ZlfHcztUD/JH6HCwwPW/IAlB8gQAMAyo7zBk82Gd2nzqaZo57/uniScTCr3xk18Zv9DIBKyVVduGFLO/UqdiaT4rizHv2j3NkV/sEqHc27Kqn0Tz3l+hQGShuSdN1jD7LYUd5vQZn5A9INifzmuxPfL+ZEXKAMiBvUzvjn5i5xDABwpjL3EzYz02BmGps72NJkSTvuPoGNW863ZK4Yx0hjLdKkfIYUO3h2mkg6M3PAnJTBc+VGQ1YevPHJFebG5eM23hnKPTRpvheNZ1a0mWxw9wk+r8w8h+db6WfOPJ/pOYMJAAAQAElEQVRyKGRc0oUHzx1obpk5cPv4i8ycF3JSswcP5kXxZp/g05k7+E5mHWtm2uzBXG42HG7MHMhY6jgji98PbRpUArYcrhi3cbC/0By65AEoV0CABgCcDhr269eGsUOrV0Vh2gwAKISuCTnTEnOGnekv7c6R4xNzpiWMhARZCUmJX01teHx8cwbOQMr1LcgzZbpm2Ne3c0B9LudcNYweARgkAOCMJm3ccCGc9n78yVZsC594L2P6+Nms1ZMzhzYXcZoO/Z5E0u3jX4naTnfhS+O3sLQP3uxtrvd+c/m4VtbGRa+M3546buZwS7BtPnTmk622T3jJP/Xd01+cy2zRmg5fYqi9Ap5DW/qs92uGjDueVOyM7RsZa5Xaygo3FN5+0ZyUPUuBtBq33HYuH6SxLeNfCme1HboEmg59j0qA59AkVMkDUM6AkREAoHyw7+sJkxYeNlfq9Bn9ZL+GIWJlfTVh4ndWrLp9xvyjX7LhpGPmZmN94cRRC63AkDFDHKvOFWPu9SUvkgp79FB4pozzWZYFWlf9mpf0Hv8wmSlzpyVcFSKcsXrqZj/NpeCuYd5ZLESCGfPyzku39mrnCHrVFzsqN7djs9b7Dnquby+/PCyYlpu2ngWnJsJT2ylsPf8inrpPfV2rry/ZwyLS+WpTxuWKAvQ/UKSC9SsKvwTtpae8+JSflGntxcshM7/Tc4YkIQ5qloZVDuHSN8PbKTev18VR+O6aPKjfKViHCMyMGU41pc8yq8C/eRQdM2PBWQ06BbN++zruXOUde9DKla2CUvuq7f0T92sqthOJQVMxq89W3eEuB7O1v3i38sF72hbzBO1tRnmxr3/aftVha/MRqyN8Sysefq1aFldwuwq4wMNdrQHlEy6HvrMwI4QpVaso5t7N0qg98AOVcglEKG159KBrITD/4a4sO+XjnlN8bPmPOics9PViS2rWe7mz3hMlHLopFptY3oLCNfIQj7yQ5Z8xz8PPVJlbevp40Z4FhV1xoZ8F9jYc+hlRfrofRSJSxVnNI6hB+q56M3L4u2KJ2DIvLy1UlynSdRfNHSnGT5OY1j4AJWPj9gzW6utPtpPk2s+uxsrp9aKy091tiMBpA+ymxM1bnU+pG0uL5sym3/HdU8YH7EWH7t3ct7ZhC+nFfpmQsvJuI4ds+50pcwOS2LKdDSc5+5PuE7qnTKD1tJmZJAE3bdqc7Z5a2Emd3yqc/Gxsa25b6zOAxO6N23ezPmH3WPTl3KAS6HdL6vjxs7/ePXxoqD02+p8+AOUCWEADAE4H+77+ehPpwp06C52XhN9JC5Olg47ByQsnhfDKzDVl1me0iDSmDynOhhOPTvfSHm24ykzBXGg2PHJ855feRJkePxa7YozYdC9726dTs0aN6tLv4b3R2mXzFwCmbp5m2Oxs7qvQ673Nv6Se9ptqGIVNc9xMy5YvWsOt4XvsxacS+abEuQ2186SrU8MLoXddX5fYlPOUuu490wEif3Wx9npKTV3vDeNYULfe6HgGhuX6Xnho1dzFcAZqkxQZo9T8nQZusSRFYzndXSKnmfyFh15mzKI4qJ1nc8u7JV1jQ83S8x3IKAf32IYOeznI86UCpKKYO82vAHnm+etTO3Ovue30sc/5+ZBtfr16szhopuVw1ljWqEC28Brnn/0ahWMrNMYO2irILC59lq1wkmzvbFvSPWZMOmu73MkoMwG+LKXiYCynlaar4sJPYUu61/c9vp/MYdTILFta/uoz4yfin1QpNpUAjGnNvPbMzHovwJ+mPvY9Wch+b+PGJnsJBKjPjLd5/6SCq8NPL2C8GEvkzTMgh0HFZWtXlD2rtUS4Wv2FOZHD4Ib0q3kWpOnkCPW2sFJNs9pDaZeA7xBFaPwB+S/8yipH95zi4qsCxivI3hjCXtqFXy+SwppiSSnFW1ChjdzvkUflH+j91ud8Q8jupepWOJpnQRRXXIjLwb9MQl0m5bD7USQKqzg/Cu4SVz1ppsYnMoX3YYqdq7H2LpOt3CJdd4XekWL0NCmT2gegnLB9S2HmvAOl8wwJt1OWcEPmiLSynGnYeLjVbm4rbXq9SJ07OMgNdGlR+DkCcOYDARoAUHZsnmnNQDhp4eE2gyebVslZX3+zmbUZfG8nK16ne0lQ3vxNgIforL0NSWqWtsnJnTvUYYf27g0+DFe3z7On97fB57HNX3+VZR6rbp97rzHtoZOvedIQr02S+/2Dq9KdWHRoa+kVuqHSnK80v974BvnpRrLLLu2t4p7uq7CD+lZm9PLHGtY9Tmkgc9Uw4w1h7Dw+5c48w5ZzjjT8SYmfY0gkHnqt2prJJZgUM9z4Vv16NSNUnlLFK8Td5mzXQoWh9xNjRcwQ9Ss3B6tnvrrkTHO9aDjepTzYXjbMrQ6h2K7LLP57SIbxeqN0aCTW4t6nZIc6bLk1i0Kow+JARjnYrdV4OVDmjTclXoBcSmD+Behhmfo6o4hUK5zy77zeLy9qB36ma/eK8lRSaXWfniHqkSmDulqFYxgxWeoVE4Vjf1dU5vrKLaCsxAR6nilfmv5Gzdc5Xh2iKiV+VSOaR6kQzSmYeaY3+YK7hMxhiWhmfkwKWBfrFGxJrbVfdaXXVPwxyzAwY6IZWJitfXw8mxfyrE0y9ipzfGdhJWVUvY/g6hAXnU/HZCWcY81sZnNtTULMtWXh16740EjEq/VXNsh2UuYlH9CQ9uZ3supXWBTyi8sqNyEnBZWqecrD4kq7BAIPUXjjD8x/VFdWebrnFBNZQXO5S1zzBCNd2uGvl0YJ8nLg5UYnUmhTLBmleAuKopEHPPK2+A0AxNr5RqHPgiJccfbLgbdhuRdP35yfU1Ieux9FImLF+Z3plHFCwVfmCovdaPowxSXErYmXm+96Ma9Kv+su8h2JxehpUia1D0Cp0LTfLa3Y9k++ths782n9HgzhgsMwBLbD7Yh7X5fG2Nw5dicVPkG594CBjM2eE5SWYafsw7AXZttn+2VCar6hcij2amqzSW469HvhYdmIWaSTCnGWGba1hXMM8+brekfYIVQJfP3JFtZqYL+mDIAzBgjQAICyw5iEcHSfOmLxb5bKu2/V6kOMbZLitMHMTSxIXE7u1Cl59Tu+ODbLZT+yVq8+bBe7eXqbGTu8j9Lbu/cQq9Ohc7ItfqOGdVgxiXufXjYM0xtj8nTxPtk8JeyHzJbhbcAca3zWHeNVhM//bljW5CZZf8JkhnYUrwppw2zWWynO5iEOYiXeiM/oZakw5gRfnAW/8bd934FMUzhT8OKkdnY0l3nz31RUml/vfLGeYRPkmw4+dM7lgXg5+E9mxfNvvM8Ly2XDgsxXSsarqbGj+crkTvLNZe9s7vclrDOVj16syywwTJ7rKS925u9mXEWi1XNl4bRTrZc0XsXM/13RzJuZmvUSaJaVQab3A16kvnxatmy2d2yud9uqZkspGE4aRHMKVv0yoaAZUtH1pvTG60smFndVV242ZStq5q8yl2JT8cMsw+CMmbIOx3cpidf7EGct9u0axy1//S4rfxkrRHVcdb0hFVmVqHUw1DTnucWvJq4FWFdx0pfK5gAdx2pX13f26eORrtaucVcZ9qER2phlIe77Pp1fXKa1Jt/LtN2zDyqYRUGUdgkEHqKwxh+U/6iurHJ1zyke1OzNhi2qQJxgpEs7qutFUlhTLBmleQsqvJFbN4GuaojhMavBWI9p6/LhVVYKBp6FPguKcsXZLwcxOmLt5V57XfDYRjnsfhSJiBVnz7lpLO9zJRFNH6bYuQquC+t7Ket6GWYZX9MtOro7Eiv9e2nZ1T4ApUPzoeMGsu0TBluGw7unXz54Lms17mF/yVVoxNJ3s/B6LGTZPo+PS2Vz75Rz7i0acdF4aTDc+2HDG7Jv2j1jTsIU/wn6mCEfjzVcLQ+2nCbvntpj8OyAHHYfYSm8ix7kps6GD2iemi9xS/iO8qRCs338RbZzudNwTv04d69heAXZ8snXGUF7BJbA7ul3UwlIv88AnBnABzQAoGxp2O/JwXtJEJ75/NeNbH6Z61wx5slrkv2jZmX5ucLI+vr5iQsPkYhtGigLjxxhCOXHeR8luCqLlSpdE3L464rhqeC53LEld5wXwpWhhxtDxb0/jb3PxJe57qR0d0mdHpaez8TCcI4c7xzJhBsE432pxN4PQ/lYzPRkCDsg4x3d+DqV3hWDY17VhTsszjSsh1L7Oq5KoXdp/dN5zHi95NpBqZkhh8unkVV25hD4qf6ZSuD37NFh2PrJT6cNQXOsIYIUX3nh7dMqUv62zy9DllHoniGv1mC/IuHgwp9dXQ19mwpumaVdAsUkMP+FulouR/ecUsKQ51JZqRGuKZY7om/k5Ztorzgf/Ilv3biE8+4Xn+KtWnLmdj+Kg/7pr+wq+9mVcR5C3kMy8/k/YZyP21dK/V5adrUPANM0TVVLarbY+7XMFak9ul9k+WlOHbcic2iQdNp06Pcr2OXdB1uumFs9ueLNPnJTZqsHU+SmtA9mpt05WGrBSzJbjUgZLN1Ap32QuaRPUCb6vJm5vG2Pi4Q3Zz5J4JOfDJ7gn0PpBtqXQ0q83/TLu8vEKVdLuOwb3UmFJG1m5oA5KSmDxdrAmZmvmbJ10+Ezx83uPp7SpNS+7+dfOJn9pvbonmLdbmiv76MRuwEoR8ACGgBQ5nS6d8wVddihhRPf4W6ZG3buVJcdXhssDScn2xVkbihd54r+hbrHSO7UqQ47vHp1UHoNKcEQx9q77zArMfzja+M70MgfMkurOluYNL6T1igB+JvUdU0wvw8t7vebhgjLDIswy2OgaV8Wc39/4tPdu5WgT4kDCFEO0ngnVAGKxO0vciQ/md4PA2MKw3DuuLN9ilOsCk+U3AG0LBz5fbT8PFwtwiSBKY47xRfB003fi/TaabORjC1FO4UUhc/35fs63pqwiyPNKp+yf+lcJsgyDMxYgA2XybkpYc6aY5lkOvw+5C8MYfo9gDntn11/WnxXueJC8wgHxFF+hR3hajXt8uR36E+pQQKl8uLdIlBPM9ueaZs56z2rKf6aZ7ehC6C0S6CoBOW/qFdWebjnFAefMwHhwEEYZka6tKO7XqxvF4rTFKOnFG9BUTTyiIgG4Psz72DC+UNJJ9eNiqJdcRKzYZuefIVHiLBN6wzqfhQDGioWtSbdHJdxH8a0hj6oDbC5Yje/roj6jhS7e2nZ1T44kyH5mERkVly8Xq/L5Qq3lUTYTGNePgPuK/lNqYny1SVDm9tXLb6XQi33a/Gabyfu5sJkib95Lz+WyZt9jBn/bBGMVdvWMNk1pGpfHnqHyHBwDiPlKrqT4tq3rSgCM2yPKY9lpBaYjt/hAsPDljwA5QcI0ACA00DyNU8aGvSmmRMMv8zJ/a4+z6dHMz5PIPG8vw/ohg2SmU073vf12zYXHIYbjUOrVwmL6Yb9+rVhh7+bKKcxFI477Md6+yszmayvJhjuPvwOPOHraCchFK898k2D29Wy/k1I5wAAEABJREFUiPaMKfEvtrNNT2S8lhjTwYuvj/lHmra5hkynAUb64u1FTjJjOByoV1xb2q5O+Trn86tgd/9Xqoj3MflmGI1BjVkOcooeMYuU+KDbLEDflFmiZIz0RXH5Sk982e2PKXYw0zmJ+fbIfB5jzcKxvt83nU74Pg+PDufI64QHSfOb1vN8s2DFnqKdgvw63uvnnkIgtaHn/L50LhOsMgzImO+7fj+kwwH/szax5GlvwFfSkREfTctv5/ln19KzcDEw/R745ZA7folE+KvVlAbkd9MhDUUbxa9+ytJw+aVhuXSwPid/T8zv5wxZqqVdAkUnMP9RXVnl655TLPzL3Kgg4wQjXdqRrxfLQ46RLD1QitUUo6f0bkFRNfLyTZGuOIk5Za5/mbT387FwZnY/ioM6crzLug1y4b5s+zCi3JjNI4rpEmRYXPTP+tK+l5Zd7YOKQXx8fG5uLisuOTk5VapUYQAAUGLgggMAcHowZv/bN2rmdxNHre0z5h/3Tm749YRJM0eNmsk31ukzenKgAw3W6d7J7O1RMyeOWmjGueK8hd/J1O7ts3biwkmjFtal1Pp1+tvkRl9NmCjTo8DJlruPTuJYE0d9Z24afMXqmWY6jRrVZZsPHd5LAnRDFgXGd6mDpuXyL6851jeMGeH3McxVjGnTjU8mDQzbLuu7TsNci94rvOdZCd58d+Jq8U2l2Mv4Dlds8flDLDrG9+mp02yTyMfyU1bjW++u+Z2e49/tGkTxibpRDsbn4UnB5cALcPO8vPNkUfgK0Cn2kqWX2tcVZONGQkzurPWG2nK9kQdnakM346KqOcMSL5zr7RPWF+/j/a4JOY3sH4/H6MP8kBTxFCirzOahop1yM7cQ51ALL2BSzK2nvthQG7uelRHGJ8bG5SCl5IifGNNZM+ZzGKLc3M60bWe8EW5mvgK5ua+6Lj0KJYva4VOlWYkB2ZD1khFpp/BXq3/FpfZV26drs1j4s+ASiXEpTYu6VEu7BIpDUP5zCstSObvnFANqvfosq8ZtFRTx0o54vRhufG2bwjXFUqL0bkFRNvLyjPVYj+4+JvG/94bY6wztfhQPeXvnzivoTMcnllkfhsk7QLjrLppnfSnfS8uw9kGFIDk5ee/evay4ZGZmNmwY1XsRAABERtH1ontFBAAAAEC5wfQsWcoqUtljyjQl9WUJAChbKsotCAAAKiDjxo1bvnz5N998E8GTRji++OKLkSNHrlu3rnr16gwAADht27ZlxQIuOAAAAIAzF+NTXGGZldrZ0ZydqXC3Cean+oOgPgNwxlBBbkEAAFBRefzxx0+dOnX33Xdv3VqEybbz8/M/+uij0aNHT5gwAeozAKBUgAsOAAAA4Mwndh4wy5Yy8pQNAChdKsotCAAAKhhVqlSZM2fOXXfd1atXr3POOadOnTqF7uL1etevX+92u5977rnbbruNAQBAaQAXHAAAAAAAAAAAAAAVE03T1q5d+8svv2RnZ0cTn6TqSy+9tGbNmgwAAPwptgsOCNAAAAAAAAAAAAAAAAAAIlFsARrfygEAAAAAAAAAAAAAAACICRCgAQAAAAAAAAAAAAAAAMQECNAAAAAAAAAAAAAAAAAAYgIEaAAAAAAAAAAAAAAAAAAxAQI0AAAAAAAAAAAAAAAAgJgAARoAAAAAAAAAAAAAAABATIAADQAAAAAAAAAAAAAAACAmQIAGAAAAAAAAAAAAAAAAEBMgQAMAAAAAAAAAAAAAAACICRCgAQAAAAAAAAAAAAAAAMQECNAAAAAAAAAAAAAAAAAAYgIEaAAAAAAAAAAAAAAAAAAxAQI0AAAAAAAAAAAAAAAAgJgAARoAAAAAAAAAAAAAAABATIAADQAAAAAAAAAAAAAAACAmQIAGAAAAAAAAAAAAAAAAEBMgQAMAAAAAAAAAAAAAAACICRCgAQAAAAAAAAAAAAAAAMQECNAAAAAAAAAAAAAAAAAAYgIEaAAAAAAAAAAAAAAAAAAxAQI0AAAAAAAAAAAAAAAAgJgAARoAAAAAAAAAAAAAAABATIAADQAAAAAAAAAAAAAAACAmQIAGAAAAAAAAAAAAAAAAEBMgQAMAygJN0zweD/0yAAAAAAAAAAAAgDMWVVWdTif9MhAdKCkAQMwh3bmgoADqMwAAAAAAAAAAAM50oHIUFQjQAICY4/F4GAAAAAAAAAAAAEBFAVpH9MAFBwAg5mBUEAAAAAAAAAAAABUJaB3RAwEaAAAAAAAAAAAAAAAAQEyAAA0AAAAAAAAAAAAAAAAgJsAHdGmwcNEiBgAAAAAAAAAAAAAAAMCPyi1ALxyR4k+PqbuLlADLmN6DdrtzDgMAAAAAAAAAAAAAAADgT6UVoBcZ2vOdcwNCt0/oTir09AwWHbun3z1+OwMAAAAAAAAAAAAAAAAQgsopQJP6PNjUngfOzJR8kMaDto+/KHoNGgAAAAAAAAAAAAAAAEBoKqMAvehBU31u9eSKzNd6+zb0edOnQb8ivTov8vfTMcLcYLjv6D5+i1iZO5g78PDJ1n7OPYLl7N3TL7f7/Zhuxr58+u4wcXzHtWfpwUXWge56xIo8YqH9TEMEAgAAAAAAAAAAAAAAQNlQCQXoRXNmi4W0ccObBm4kDVpwHTMEX0PeHezvp4O05sj20Vw49nPusX38RTbv0obbaKlc880Txge6AgmKIzTuQB154/ge5oGS+o1NM+N9uSjwTAfOfLMPAwAAAAAAAAAAAAAAgDKm8gnQGds3ioXUtq0iROvTuzdbNELIu6njVvj76Pjk691cql4xLlXETuOOPJYMbc52Tx0shOO0D0wpe8WTxnG2TxjMZWuf22grgkxEsmjERSJOq3HLRZyZ4sBz7/TXvrewW8wIb/buM8BUoDduN6XuhXOEOJ12XW8GAAAAAAAAAAAAAAAAZY6TVTa2bzCnDTy/VdPIMTNaPU7Krj3EEHnnkqq7fQulEXLv3V/P5snbjI6bDp85bnb38VsMtx5DH97+ibBr9kVoOvT7mRvsdtZSOP7AULQ5vd9cPm6joUob2vfQ4VbM1Fv6NZe79R4wkM2dTar0J19nDKUdF31pJjMA5s8VnWXLlnk8nnBbnU7nxRdfzAAAAAAAAAAAAAAAKHMqnwDdqm0rNtcQiQ1L4d6RNOjmTY2tC0f4+9PghNs342tTX549OGU2C7GXJX/7WyW3apvK5loONyzhuJWfhXbzVueT8E1/s7/ePdza4K+h974ujc2ey0yRervwv9Hqycdh/1yxycrKmj17duQ4LVu2TE5OZgAAAAAAAAAAAAAAlC2VT4C2lFy2ZUM4M2aL3dMvD3DEXDK2WMbXMaLP4+NS51KGSaRexD7hMnarW/o1ZaBCQ8rywIEDI1tAQ30GAAAAAAAAAAAAAKeFyidAS1cVbO74qY/3DpiH0GfvnDbzAzbecpeR+ZowI140wm9OwqaGmG1XqJv3uyV1vLGXbxd/MqYL++u5Xy56s4+MsH2DLRFpyGzI1c3ljqbr6lYDSVEOp2M37Tew1fgJ29mW8YMn8AA/Hx2gwgIPGwAAAAAAAAAAAACgfFL5JiEkhfc1c06/7RO6pzy4yLfBpz63Grf8zVbWbIWtUk2XF7unjg9wxmFtmjtnoQgwJGDj39mDe0zd7UtWQMcyFGomIowwd9k9/fLBfsla0wnaphz0TUsY2aK5ab9b7H470sYOhf0zAAAAAAAAAAAAAADgdKHous4qIwG2zHZIfRaz/4WPkzpuxfdc282Y3sOUhuWOYRx3hN6laHHSPsjkUxdaGQthZ20/etrMzDfhABqUB/Ly8hgAAAAAAAAAAABABSIhIYFVJtq2bcuKRWW0gOb0fjMzM3P5uFb+oaTwZmYK9VnEMW2lBa2enDku1X+H5kOXfJDmH9R06PeZmf6BRrLfW8bItEvmCls6JFvPDEgiKA7jarJQnyNjmWATAwdAfQYAAAAAAAAAAAAAAJxGKq0FdLkigkVzkdk9tUf3CYbxtGUuDcDpBxbQAAAAAAAAAAAAqGDAAjpKKuEkhKcX6SJDOvpgix40HX2kXVdyk+XdX8/mrjtSxz0O9RkAAAAAAAAAKhNut9vj8WiapnOCI4wa9XBKoyYOV+LR46eq16yVWCVRURVC1zSvVyvIL3DnnvJqlIbb6/UmJSY4HKoqYiiKSFVRmMPpVFWVjsJsh6BAisMXNcaMXVQOX6ANxufXxrKiOuJcTgMXbdXFPrru9Xp0zVuQn+fOz8/OOen1eOLi46pWrVqrRo2ExHiKRH8US+TERUk4KD+e3JxT2SdP0pGrJCVWrVY1KaGq0+WiHRXVpStOt8dLJ5STl+92FyQlJVZLTKxZIykvN2f//v3Vqtd2uhIPHz2anZudXL9u7RrVXC6Hqnnz8wpOnDqVfSqHTiahSmJCfIKms2bntA8uSZETOgXjTFwuFksKrdYpL49jRtmK8jeqxYylW//pqqa78z0FHuaol9wyPqFWntt74tTRGjWqO1SnylweoyKMGjh19HBuzgmHypwOo+68VMl0srSuex28Nnniot7MvBhLzDy+Q3EYheJw8OR0o1XpGi8t5ohzxsXFu5xxTodLdRgtwCpCSsg4NaPVeTxUQfl52bRzXJwjMSGB9qC9EhISHQ6H04hJTZVyYByeDuJ0OhRG+2pHjhxRFb1qQgK1mXg6iMNx9PCRGjVr0s5x8fGq08V44VB7NpogZVJRU5q3CVnaZVmzK5Yt3rxhze7dGcePHRUXlCjTgF8BlU6+W6tdr2GN2smqGu/VtVMnTuTlnapds4YrPoHaPNUTM0pb1Dz/1bQCav25OQX5ufn5eR53ATOKy0hTNS9r8zo1qoGuW6o6psiCEKVh/KoUyq9U4wD8clTMTVSkTDQ55hXxXUb9O6jg6R+XUYTicqcLjIJFIzKajGitdLehS97tMbKZn5/r9ripfuIccfF090lIiqfKM6ovjmrD2EFX+VXgplxQZLpRUV1SwlTjBM+8wygouly83mNHj+Xm5jpdTgqhmwJloFq16vWSGzRtctZZLVMZKHMgQJcxTYe+N+4Tw7/z9vEXpYy3bxk4sxQMljO+/oQ7gG41sB+mHwQAAAAAAACASgJplAUFBYaGFRHS7EgCIg2QlDuuExoYG1Sd9FcS8hQPCVvM0q9ISDZFZBKWHIoh/OlM4yqS0CKNaJYO5RB6Fheg7fqzofgZaemm3CV0PSMDiiEqURSSKUn+0ryK1+3wkjroMFQkh4NnknLrFIczVFTGNTIn/cePb8RwGiqkky/RP644LhqSAE2npCteJ8XxkAAlRDAeT+Diaw6eE0MlI1lU0VSvU6MQ0s7o3IxIcXFM6nH+CE2QCpykYSp52iUWYmWU1WqUgqLY8sZ0Wz6Nb9812uoleU7TzLEBqnZRj7yWqECN3ansnaTt5zsV5jUrzkGCpVAcqb4MlZnZj2MTw/lAgyqSFmqmrhhSsaoJBVNxSJzm/5YGSrkVbYn+NF8CXPoAABAASURBVBrd8BptUuH5oqOKauI78iZHYyUUlxLltegwgnQvHxNR4uPijMp0ukjQJOnSFWfUpcvYmZqEkXPfmIga1iFt2dTsiuWL07+ac+zI0cByLAwZWTElYl+I7ht5sARoxqRSrASmw2xNxhxUoIEApvpFFGI/b0T+wQHpKWabE6HWEcM5XZAZNg9hjFVwzAGTEDuIBqL7J2AeTg7M8HEyTVSf12gnvgEbCsrJPrVn1459e3dv3rjm/Hadm591DgNlSKX1AX36COHfmTuJfq0UzJ+n3y2mLmx1C/RnAAAAAAAAAKgc5Ofn5+XlFSpTMiZMTTUhKNOqw5SgHT5ZTsiMptKn6dL+UjMNJ+1aj31VD4/G7VvFb8iYlhm0ZbYrDm2mbCpTdi2JR9dI3+TSqs41MlMOM0ytFVXE1W3anEjAPIqmm5a8lrkr10D9sWS7aKDsUflTLbBSJfpqVXy2z/LU7ehC1qNzMoQ5r5d+hTjo1Txis2bZNZM0TMlRFONPlL1u/e9fd5r1Z1jFyormUXkY/1fzVaWVNTOylVsmsyz28TsQzxbTfUqlpbLyQKFX8rS8wlSbKWKdaoN0aHPsxBBH5ZCIGAQ5zTU7+9P3Pv3o7WNHjrAioljnLy5SU+i3XVahdrGaeBB6sLW1qSIrNnHaXlmhDyGiBR43lMQflIDuh39mAmJYh9EDUjKuZeYXX6jZ1M512wiZPdmc3FO//bJ07eqfGShDYAF9WjAmKhzKSp0YJQsAAAAAAAAAoJxC6lhBQUGUkYUWoxo6o+KMMz6T594VDOGPq5O65ihQvNyW1felvK6oDtPemYu9MilpBM2YdMsgNtnsLrnabQaqjEucwq+HylNWuaam8XBSv1Wv6fGDDqOpTApnwpTTSIhrirrKFWTamx9XmmnzWLphb8ssO25TybSp2LrPP4WlpIszYJawKhwUGJ4nVBa1DC1qIT4+npUGRapWiagRURB2VY4bmquqYULuNdeNkld4yZveFYSNuivOsCvO8xRoui6sWFWd2SuaWT435LKAS8IyJV1WneJnhCudN/gsZYX8b+2sSMHQaKWW9b3iE1GFkathTilMpI39jMaiO4UtPxfZNa/mSnBZXknsmVX5XGjR16pB6dYsqc9Lf1wUYkMUdtBiQMZaMypRt0ZrLMN33a41K8xWeEHnbAw8aJpwpyNNwn0Xcthi8jN/DhdLF2bqASG2Q/DLTzoMEVelImaqs8eUu9NZKvKKtkZGdMUhGrxvDMO64I17mvnRhWrToH352fHHVtrUrkM3BsoECNAAABAaMWoqDARkh9V6upvI55n0nCVNSBgAAAAAAAAxRrhoiD6+oTgZTlyNz+qNfiw3febdW9XwZaHpXtXh9plMUtdX5foO6USGuid6wgFyFbN0TwoX3jP4Fk1s4foU31dYqFomm4ZzBkXVFUsFFqmo5nf7QhKm7b6DaLqfVTIPEWKVoa0KDw2q2S3XuWpp66JzrdIw73b4OQdRhA4ufknL1Mwg4+yMfOtKVLKghOqC9i25x4YiV6utFpjPStRnXCzlda6ua6bTC6Z5jJcdr8LculHWVK0Kd0ziNPxtazoXrHk6mle1mcRqZuLix7Qep4almtKwKryl6Jaer1rOE3zGzKZwaTYWEVMxF7y0E/NZuxvNjx/DtyMdjPs7NuqZ3tm4lbyXe3ox4ng1jylhcwt/VfG1A8WyHFaKpECXXs2uWL44QH3Wi9LAFOu6YpZpszQFFqNDqm8QSLpy9rPl9zmx0PWAQhAhxlVsfZHAh2bsCepmjfvlSfMJ/IqpeDO/kBDwxM0FXfe54BAjFwEx+T/MMuTXhW5uWUxrwjOPSINGJcQmwwm0V5OfVvglxXzH3fnntlq16jZpdjYDsQcCNAAA+KDHlJjig1A8BXGnDubs2Zl3aJ9+8mjOwUw995Qn51RK4yY169XQqiZf8u1neXrcmBvuG9Srv0uJ8zKvx2PsferUKXrsmb7luLsyBgAAAAAAQAwoqpEsN0vUSWF0OeMMPwyKpRmphlsK7pnXmFXM0BL9VSTTtFYJdOpqN0y1LwTAj63IdAJ2N+arM2c4FAavhsalWpavquU7wZ44rZO+JHRwxfTaYeiWpKcqXlLRFWPNq1k2JcKUxCtkLqFVMW5pIjxTCPWcGTuYgphld8t0VmSlsuQyZVGrVVFUa8GyXTXXzV/jjHjVq3yZSk+z7MdNHc/QeY1CMwzUXcYkgfRixG3MzcSEMbHiM39VmE2dlC4yRPUppjsMvqz4jKDllJS+xmJlWTFts3XRBHw6pmXf7hCm7xqXtsW8liJLCiO1UWROjC54vR4+T6aimOa0pkir6cJwng+qsCJTKjW74Os5oTf4BHclQu6kis/M0laZ9ITj31Tl1RpgBG1P265B2w4qbed1a2CIMen4wj8/wUbVYqpCxfrlCrlmKtfWCIioYV0P5YDD+sZCVBuTgxP+p2ZesLqfLTbz9+Ahx8PsMrTVGnw537ZlPQTosgECNAAAGCYGApKMk5KSqlWrZqjGnnzPvoL9q75uXK9JfLz+++G9BTnZihpXvW51plbdoqo7s49T5334+xOe+uS1Hq3a9e7Wu1rt6o48/eruPUmPpg5uQUF+bk4uadkuCwYAAAAAAEApQd3XaBwE+6M7qEcb54pPSCC5lfkMG7nUqvjERTO2ZV/J7Aa23FaxqN/8KTYljDE/fw5+OpapOloW01xndHIhSZpDSzcNYrIxa0chxplH0TV5XH+RVDclTtNCm7sb8cunn6Sl6EXTnw3Zi+qlJD3/YlWr3cRVqof8V8qJlv9gL5UYlY9XFzVo6HTcXFl1qNxrgWEMrzodbk+BpgnxzlTt+MiALzEWaE7LhCqtMJ8nBCsPAfPdMT74IdyoiBnudGmlrQg9nHHF3GbMzcyq0eTRFeuQ+fkF5mABj+l2ewwJ3ZoV0z4IYoqpRXHwLSl5za5cvvjokcP2EMu8twh6uO2KNKVVc/o+w7rfpiMLYdpc9DOL1v0MgaXCay8m8bGCWW2icm0pm/5SxGUkakPWteKzL9eZz26dq8lWZDkSwHe0dGRe4UKHZj7d2TKT5mq7n5cc3bTPpzi07rSyKpIV3zHT270sNN/ti6egqOa3Grm5uX/t3tGk6VkMxBgI0ACAygs9lgo48fHxVatWpc6EvSOi06h5SssWw/+56/Wx1eOdXne+V1GbtDjLoSapDRr/b/XPuupU87UklZ1Ssudn/PK/339yM62qEl//3ZrfTPygWe3GakJSYmICPSupp5LDiePAJhoAAAAAAJQcj8dTxD24iahDiUtwxbm9uXluS/Ex1EBLuWVCIbTLxFy+0YRXCsXfzNAyZPX5Z/CXKEVEL0/ZYc+GOdWhZWYpDWINDUu1jGMZc1heMrjMpJlWtJa2Jexa/Y/OhBvZAE3WlJu5n2szw6adrl2hFgbSXPxVhXAbaGIZDcIAhRWXYlRrodgVW7vgqFtTSwpf3LxeDE8lJN9SORnm5Cr3sixkQObv8dkWZi9DYcIqlU3r+JGKUff9q/mES+6HxfLtbYrYljsGTWEOyzZbKSjIl62R6s9rlH+8wxlS7/JZWLOiU8Ka3bRxjd+630CMiV6YGM3L1RyfkAK0GJUJlZSZnPA5Yx9PskfzDxRjDab1tKgFm2cM8av5F6GoOBapVP1Ef93uekVi2T7bfciY58n8hsQCnWmY7c4XohW4C0w7aK/m7wM6RBkc2L8XAnQZAC+lAIDKCCnCp06dys7OTkxMrF+/fs2aNY0JWAK+B/S6NAdLSKqZX7VOxrbfC/JzSX2u27SF1qiFqif8b+8Gl0adYIcWF+ehB7pbjWPOJNWlqXqWfrLf2LtylTz+mDOedpQ4HYIORIejg9KhKQMMAAAAAACAElB0O1nmdBmWgg7ua8Pr1ZhIgWuP1qyDiikFKZZ9op9IZk0a5u9Gg/kkSKlL+iQka4Yxzc/QWX7Xz49jKsumvq0x6WZAmk2rhith1RTEjFyqlkMIqS5pUha17Chl3mSGTYtp03euLrx7+GfYZ3qps2KayrISUMLdQ2Kqbja3u8K+VbgpseQ/01CV5Genw6WIyf6skmQ++1ertK3JcSxXGSJtFkrkFBF8htAhS1WXDhJ8ltO65VpD5lymxmSu8vPzLYHVsDGiEKfTENFDyKFGeqo1ulFkSlg1u3ftCDDJ9rN/ss5ct7mesC/4xg80q+BVIUDrdNZmZFszttJlLMj2WQ8ygg6Y6ygAmWd+keqKv9cdFvEy4deXL5HgY/D5AjXLuFnxzzg/lk1i1q3z122tUvENnXFv0l5djOJIw+3gs7OvHj92hIHYAwEaAFC5IOX35MmT9CsU4YSEBPvD0u/BqfKPhByOc28aql47eFpifI3Olyn1m1HwAT0v63i28VGPYvTYXPyDHjf1dRxO49Mnr77He/SN/7zltfrHMnE6nNC7ZTYYAAAAAAAAxUIvzFgyGNKdhRTjMFzlui0jX2Y5M/ApSmItWGhmNrtFFkl48tOgNVt831f1ZrKMhUzEcAMd7IratIf25UQYa8uQcLnRNNOMWni+5p4pjFnLOMwnqlKYXYlmxaCYu5Vg95DCol8EXh02fwaWBbSuCblf1qjGxyKMgQpV1XRZb+b0c74ENd1exXYdVXpQsEcwo9m0QtW/ufnOxDd4YEnPikyaMdNfgzyocS70ViWmmaT/PG4PH19xiWZlk03N8RUzI8XRn0tasyeOH/NPjkU+UPDFpfj0aNOi3xRd/cVrK3nddpXZrpFQRtC+Q9jFccUnPTNmX7PF8Y1A+MJDpiyzxYLkdYF9KCQgEdGArRhMRjfldZt9NHe+4dX4DIS6HlriDyAvL5eB2AMBGgBQWaBRUGF6XJvjdBbug8iYf4UxV4PGzyz94ep2vbQCT27e8Xy3Z9O+vwoK3F6n4uHO7+gx5ilwO1xO7nbOGFZ3aOzDpd843fTcC/GEo0OLPAhD7Fh8ZAcAAAAAACo8xZDDuLdfw6yVNEZud+ixHLOaCpXUGRU/z8iRDD8jatB8Z4E0plbM2dJCyF42g0rVJnJx986mc1nVJyX6uRTQ7EafQqVSfEqWZpu6jZnqsy7cXlsTHPoi210YK0W3gC6hTFnC3UOimDK/USKaYS2riekBdZvXXR7Pspd1OIWH6OCsSMvjENn0aYpy2ME8vCkPW/46jMTtciYLsM/1O5oq8mW9WCmWT2mjAXBBkiRH1SHmNlTd7gLFwQcVjKM4bO5ebDXpU6KLRgmrRlhnF/sQYtJH3ae6mk5JRFuVXxQEJsh8zrKDFVhbmfup1dbFqMsKkp5wFO5tXbUmhxQ2zQHCdKQTtGnO/vqzJaCHEqDtEZnlOEZYRvMc+O0hTKrFjrZc21JjPrE+uExAjIAADQCo+NATRbhgrlGjBsm+Ubpg5s9wTfF4//PtvJ/2re3WuJGuaK64qq74xE2njjDFxbyaOXovusKqbzpleiRn5Gat2rqfNyjsAAAQAElEQVRWC9/HoGxQZihLIm947AEAAAAAgFijKm5N9zJddboSuILjVRXDtYVpY2i6PCCBiQQ81ZhpkHGl0FgWVrMOY5Y5Q/Chbq6mimn/dBI0vVykNq0OuRs6h11w4GaJppmjwj1pmAKWFHlVc0HonsYhuXRk+FEwNokJxzTjWNL7s1CQjM2qIaprph2m17B2VnXV8lfAbSWNPDlUYSDJjKypdKaGBTTlxauZjnUp7wpF9VIxGCdgTGKna1rhomE5QLH5UdYtmd86e8MJt5cKSvMqLtWleQqokLy0osTl5xsTwnGLaE3nsrzCJ4ijio1zxVFr4L4dLKtjhav8jM8TqGk+JVo4gzDM6hWnGLfQhRtoo9YMsZKbszPRJHgEI1PCdJc7fTYnnOS216bBNR1Ek4KpeWyzmYpA7kuDKsjjcauGsbyDtwjD+jUuzkX5obbo5S3Sa7RXxZdPIxvKaXn3UiwvzP56qx4Qx76q67rvojA2acyoOE34PjeKQVXNSQg1s52bO1q+OqiRewxjYWN2SEUMKthEZ6Ez86EI0xbePIrvchaRNXGN68YlQxcQFaIqLjzDVF7nIYpu/DHd+qrAOpBl8mzmU/edpubVpeMVhf+JW4a424hZC726KSX7F5xHsa5/nklF3J28vB1Tqvn5+Txc4x8/ePg9xPBqLkuHf+egar4pLUHMgQANAKjgFBQUnDhxQvh6LtKUEXwo17njcOZjM1/oVLdZE0dVGktXmIN+l+7ersbFO9yaw2WYUdNztCAvz/iKTHTbeMedHr3pG392FjYCTFkSvqEpk5RVBsCZxfHFY7rXogbc/OYZW2DKDwAAAJR/FFN6UQxraAeX/8QH7FwwMo1MffpU4N6WhaMexrMq8/8SX7EmSSMMKVOTCpepItu9MPhJb3rA0RXpvcF0O8BDxYyCQpPi+plPctUtQ0fhUUO3ZhfksQxVy1gwzJ8VMTuibreFNF1RsyB5sNyiRLFJEeaqomC4ubChD1tG0NI5BeMG8qboKVxt+EyZ+a9misJmiDAfFw4b+KIp9yq2fcxoirnZsL+Wkw2a5qhcPDVrza8d2lJRpO2yZbRujCg4DEtnQzc3pEZFdzkoQHUYNtGqdOLB/1HNcmCFG+qeLkKaJdkC/e11RZVaTpyZptk96ASmoNtrWNdDt2xeNaL6zQ8OVHOsyDS6MiR8a2pInYUpRj3IE4ht7EAMCRlWykKTltesZq3SXl7rgg1RU1Zacs2Ss/l/dKvxeAIKKfBk+eAWn2XT+NNhClYmQIAGAFRkcnJy3G53vXr1SCBjRUTnA6MT/vtaXpzSkDnc8TTUbFhBeNzen/ftoc6NRzUfezT07tQVKT2LhQQlYeG6pSy6aSooe5RJyiplmJUP8ramTxlxdcfmhrZoUKt5x77Dpi/JymOnj0B9M31IokWXKRnsjCUva92Hz6Rd3FwWNpV284vTnvlwXajiLl9nvXhc2pR1Ri6zvhg29K0sdprImNxRlsqQr0JGqSitBQAAACgZhkgn5EQ+FaH4UF0Icpa8Z9qjikDd53fXh2LKXiGkZxbgQ9ZCs9AD3GTYEpQ7hrQJFVtNYcxSw3RzFkG7Y2ibpaQpaRp2u15NeBoxVCohzRlGoaarD2bf2XgJMB1Gi6/3zwDZxJd54aiX+TR9P1HfjGY2AHHuZhvw2aUqwqzUoTh0OcYgfT4IbVkTar9f0orpsNvSNy110u5GWP4xxSddWwnoli9u3ecyQ9HlaIU9ss1u15huzuF08JZA65rTqTqcpn8PVdjRW8Xg8xTM9PKgOQY4jggQhe0Cqy2WYhtbMc7H6XDoljG1bMVmVMWv/nV5FMvkPNRBzd0MCd9Um331JGvRFPMVFuAW2pdLa03q49YF7zu0LUNBzjhsYZZA7YdUje3tW+jZuvjKwcxGoEJunaxu3708NIbKAARoAEDFhJ46J06cSEhIqFOnjhi9Lyr0sKReVa6nwJNf0LtTZ3qYZWfnUuCOwweOKZqSny+8SIvHlSdoeNajezb/ufVIzvEon2eUScoqZZiyHY13sBji2TLjhua1OqSNeW/xFqmA5mVtWTJjVN/mtXo8s/I4K3PyMuYM69i74umG/LzqNe/+95fSV2f55Oa8rKzV6S/9vXvzes0HTd1yOkX/QshYt8yXu5Wr1jAAAAAAlG8U7lSCLxgTzXm8Hq5bqUKzVC0TVoX3ThnzM1m0p8Js0pVdjw7u+spopigZKkvmkmpTrRTTHYcIclrSF/Pp0YYWR91mxeeLlmfD/NjfX7fSuHMJxZhVz9ArVYfwh2tYQqo+wdR+RtymWpREOTWVjR5FuArm52O4suB+GZg1DSDzt65l0u2v8O/LbVWZvWaFb2fNboQqZwtUpLKs2CyqzRiqv0hpauV++RRW7PzoQiJXfC6fzbEQMwtm0kaFurnBrnFAr9dD72gKN+NVuU20FY1Z2VVYOahRs6XpjEW0dw64muR1xGVWM1CxvHOIwrXEaV1nesgUdMtHix5qmMdctnvnFjbRvjEEKlbDa4vO/dSY81oaNa7JnWmZqo/7iuZeNMQfs36Fa3D57YItG77ZMM27jfn9hB4kTeu2PeWiZt2jvEFGzb49rQDDg5B159AhQJcJEKABABWQgoKC48eP165dOykpiRUbzfj4yOjsaHpdN9M93ho1atBTc92pI15dc3BTCKNfrho6dWKVJPtzy/ieR9E9Lu/S9T+zokAZpmxT5k+fO46sGdd2HLYgvCnrLy/17DelLJ0tHF8+ZVDLWq1vm7Elm1UoPMfn/T3VOK8IhenJmvdIxxb3zDteTr1bNO/eI0GudOvckQEAAACgfGPYWHBBh0++5xDajrXFFHzFqmn8aBpA60EKjl+acjk4WoCapushzDMtwVO1LFUtC0pFM1xAS/HRULJ0S+oyBC5N1ywTS9N2m5kKGZMWujq3aNa4rKkbBrMadzTMnTsrvswHnZzhqlrXzxDryMIcSih+4j93hqtrPj8KzKcGChNYY4CC+7Gw/Pbqil2mFu4RDPeDps21Ko2drT+f/mwpl4qVcrhMCtNsbqHvtXt3sO+gW1bqcoPHGoTgpuue+Ph4xfBHbL6sySkrVaGUqj5xnZVL9PADOYwJ7zM2DZabeEvhVZob+12Gsg3br0Tfsrmj/VhmGRmFpyv+Ns6q7YMA8xiqb35Iv3D5r3D0zd1WM3PVpyTLGUrFfUkzHbzwdPgWxXSczQI1aGGG7+9hQ+czUopxKUXa4we4BNGDsgoBukyAAA0AqGjk5eWRetuwYUNhoVwSCnTvhi2bXS5Xx6Zn0QMsOzvb4XAs2Lahqu70quYMhMbjSlU81heF5uOfzwmhxDt/+OXHoj7SKNuUeToFOhFW9iyZOGqJtXz2kE9/2380lziasWzy9clW+OoxaS9sYWVE+sjeY+btZRWOvPQRqYM+9An9qXdPW7FFlHbu0T1r5o7tK8v72H8GdR+/jpVLuo1Lf/wiQ4NO7j9t+n3JDAAAAADlHs3qnTocqtR3LNnZ7yN6MXe3lH5YgMWiv5fVgKPYdTTb7uYmIUbaoytBXjsURZrM2qRqLqdZiqZhMKtajhuCMmPpTrpp9SnOVDPmcLNiMp9zW+HcwOckxGdvfWbIJkHvG6bhr2/N9NzLhKDsMGVZhVm+gX1JmKKjapqHc3nQKjPL364sKEsYZcJ7h89gmQl3HYrNsbjIk3Sq4XMWIZsDt4C2cm7Zn5spM2bzJmwmqTCSG8V56dzI3ekU3iMU37iKZXzNK1q1WlV5EaCDNdAIL48+VddXWSxgx4Ddg5VsFvQ5gm5eU6ZDCrEsxgNkuM93ChNCsa1CbU5yFHMaUiszljhurfpuCJbozPhEl7oYKGL+Nw3dz2bZ2mRZ4TPbZJJmbJ6C1+NzwSGkaquofFK1YpsQkoEyAQI0AKBCIXwo161bt1TGtHdm7sw6daSGK66eotIoetWqVd06O8ZNnpnD9L/BJ3I2enN8fnCmcgdk1KFzUiQlbvORPSo3zOBPzOgcQvPHIZ2CPJ2yZOUXMyzZO/WZz6dd36YGN3BNSO409NNlk7tZ0TIm/3slAyVg+di7PjxmrdS8efb+NW8Oad9MlDZLqJPad9zcjLUT21sxMv456JnVrDxSo9sziwzZPGPWkNSSjvgAAAAAoCzQLa++DtN7rM8EmHGDSiHycBNp1ZpVziZX6YET80ktUrdEXj28BTSz2XIySyw23DFbhqnMZk5pOia2RC+hbYpZ0LihLjOsmC29lAXaAXNBWUhbmlDJFGFeq1i+rX2iG5cvpf5lGpoo3NZaL6emsn5wC3C/07E5rFAs6ZmXsKnHcdcNPD6X5y0zcsWc2obvY3q+EPqdVO25Pw8SDa1JHYUjCTGpoKgLa5pBxTKKFjNcit2FgxfFGkvQxQyY/GVK5EWR6TBLzuYtU1V8Z8vHMDQ+/OD1eugVjPtX0V2ueN4yjPRcTpdR1w7D1YxiuD7nlt7mYIQe0htM2eAT7kNJnwHXjl0k9QnvViT7RSSVXyXAqN8UZjU5FmFP0PTaYdtR93m2MO2LzREaXq2GcTqjl11GOj+VuqoIVxyKMRWkQzgDMWvKMJ/XNWOmU113u90iROczkeqGv29VsYZ8aFkXLry5I01bNuSgkSbkal33+7Uy77v5iEvY4/HI9m4vkIBBB8X2BQYDsQcviwCAigPJtU6ns3r16qyUWLLmZ6+mdWzULC4uLj83R3UaE5j8vmen5vEqLofx9ZBqDqIaXR+P1+Fyatw6gLo8Xl3xau71O7e6dY+LVumJW8Qxv5o1a544cYJOqkSORIrI0WM+s+uEgEdEo6Hpe9KkL4gEipjAQLHImj52upSfU8f/MOOaGiFinTvy0xdmtH5CGJtnvPTSrDGzbkaRAwAAAKAkcI1G53KP4WAhX9OY3UiWd2uNrYZwYwi9FIdxrUyYmDKbtuUvV0UScfwUNP/MyEMrvk/9uecLLmwJe0rTH7ThvNpuCm2aZvsdSFO4lOqb/o4bWvJJBY0zU9xu48NFhbtrYJa4xmyKnjlDIy8HhyoMaaM1Iik/6JaBMeMuv43KEqbOotbExG7M3C7FaqFDM9PC1GgDDid3ls1fcLjFqmkVbgxMGKbkHk01hjF4jRnuC30ateI7li7co1iCtmJ36Gyg+SpK95pNxah9c9zBMqsV6TJL5vYZbRsKJt+QX5AfX7WawxnP+NTxmmEy5DRe0zRdFdK7eXa6aFbsNBJmVCawPQddZcyaak8xh4VMB9/+SjXfl/np27IumE3GD3aHIgZ3vN4CUphtHrQ1fmkpfApT3dzg1cQ4EmXGycuZGpXXo5MwTZtJAlYdhiE6LdSoWaNZk2ZV+Sttgbvg5ImTubk5eW63l0aPbKfv8Xj5qAa3gbc+mBCnJEZJdMuRt+Xi3bKVZ/IWowt7akPF5iMWZtsLtnY3hXljhEKXHzGDGAMLaABABYGEWpfLVYrqs8aUz5emU2+lsBTx6QAAEABJREFURUISPcPo2Sn8Ux315JG0bLcvYLZPeMxJEjSPMdiuqDlK/uqtm5jHy0xbkqJBp0MnVZZ20A0bSS8KWya+EOh6OKFOsqRGgBR6eN2M8WndWzZMFFRr2PzitGc+XBfovPjPKR0TLe5Jt29Jv0du6DjlTxkzbZaMsWlMa7G9S4jZCPMOr5x+T/fmtUSMWq37hnPckZexYMqQi5s3rGYerGHL7kMmp2fkRcxnXsa8Ed35LjxvLH2I3NplyspNM8b07WglGOHQFnvnfvqLXOk7ZlhquIjNH/h5f4bFK31ZoeRlpE8e4l8LQ6YsyAjtzOXUlnn2KqOsN+949egZ6w77xQqoF8Ml9/m1ZPVlTPaV05CvzF38Ar/IWkxZsiomsWH3IVNDT2N5fL29GHm9TF25MlT6pY9RbsOu7iBzWat5h6uHBbcK/3rPsG3ICJdPUSMy4Yg1IkrAlokQ1QEAAACUEGEkaNi0Koz6mVJ80c3v2S0l0tKAFFWxi1u6ZeysKIpdjJaJB+jR/rtqNiXaL0uq5bHXslj0pWDG8U/TtMfkoqjslgfblYoFzdSqjCN7PF4WYBEpPQz4l5Kw91ROn51sSbDNBmjVpaXiGR5yTRN4c3I5s2gCfOwyw0rZ6XCSDG9Wnpi7UPiD5kVkyIWa5is53VS9lVByn2WR6vP1oljG9b5oRkVpZohQxn1/fHjB5lyFCXXdI6abM/wsUHZycvLoRc3linOocTwhRbN8efhGOHwW86cBu5Qsz10Poz4z/8Eb3ffWafNTwotX8/ouroBEbG5YFH/jaPOyYH6XsK8l2KR/6ZTDGLiqViWpUcMGTZs0SmlQv07NWjWqV1cMfz4OEpCdcU6vISV7jGbFfd3Uq1evY/v2KSkNatauUa9u3aaNG7c577y27dqdl9r67BZn1albl2Rqakhi3EsTDjO8XhZq1Epe/nKUyFelNqhNeo1Di3uRr0xEer5ENC14XxBTIEADACoCwva5WrVqrPTYsXvXz3+upydv62Yt6Pnk4BgmEg413uH0MnM4VRhNyAWKY8y8LFzpeekh6tl37KCIULyHG50UJVhmGnT7m4c0t5aP/WdQg1oNuw8c9sxb8xZvOp4Xdh68vC1T05o37j7sxfR1ey27Xs+xrNXpL/29e4OWadM3xd6Z9aFPhpzfc9R/1mWZh8rLWDJlUMvuXCy2cTh9TIdarW8YM2t11jHrdI7tXTfribTW9TqOWXA8dOKedVN6tx703rpjIUtg05ieXYZNWbLF2hrm0Dbyli3wOTDpcX3PqmFjMmdCDSn5N6oR2fz5+IIxHeu1Tntiln8tzBpzQ+taHcak++uYx78Y1rxex0H2KqOMZW1Z/Pqw7o2bD/sqdFHs+2JIau8x8/4sQoXOurn51ZQlq2LYsXWzHumZ+vd0vySM+RibN+hmL0ZeL4/07Ds+g8UYq9xmLN4qc5mXtXXxjMitIhq2TukpakQmLGukh/9Mnnlbpt9gloAtE2Z1pE3dcjr8wQMAAKigKD5Px9RtZQHWfxToMLwZWNqiXw/W5/bXiixFIqli66EcCDB/Nc2m//okLnNJNb02+GHFlQlLoVPntr22uROZ7dN7xS4/eflX/ELqMtQuIWRbElaAmK4oyhkpPFtYLlO4swtu6i43mQqmJmxaxZnqpobLdHsN0iZ6DXFyx4O8OViOVqRsyqU+bmLucwwhyt8vM1aRSvGY+Y8TyHimXwVxdBnVd0a+BVndefl5wlEM/cbHx+tMzdy/f/PvW/dkZubm5Zum1IYHRWOuQhJGGXfcIUR4VubocpCEMbsyzII0aPu1YwvXpdsTOZwjikKEW5H9zJ/tdsT2YSHhClziuw+ovjjy8uMGzoalc0pycsd2Hdq3bU+/XTp3uaBL1w7t25/ftm2LFi2qVK1CzUGIv8K9Dy23bHl2XJwrMSGhSlKVxKQEp9NFiSQlJtWuXbtx48Znn3VWixZnJSVVoboRB6cmpXKvHfY7hu1ceLFxA2jrdM3RKq5cG2Ui713mZj+VWQ9QnKE/lyUQoAEAZzx5eUa3oyS2z7p/R5lpzM3cn/70hSPO4dULqqguXXfHJ1QzZsKmfrpHdbuMTmvA91AOh0vR6Wmp0JOWT71tOOhQVdefezKY6iqJ9QSdGp1gGc1J2OaZuS+09616jq37asZLIwdd3aVBrWqJzfsOm748UI/bMrlnx0fSs8IlmJU+qkvPKVtZbMlat+5YcOi6MU/M8pXa8fQh56eFzYlny5QbUoctCFXI/31mTJH9L/sf2p/9ezN8K80alMrMfce/GpJ6g7+maWfrlLTzh6Wfslb/nNLz5hlhq4xlzbj9mcUhktoy5YlZx1gpcOzDURM3ybXA+RjtFKPZzxqYGAqbKb2NQsqNt4ohXxVLg/asHNVzzMpwKf9im8mTjtK746gF4SokK/2Rjj1fz2AAAABAaaD4VB2N+2xVfMoe3+6KjyfxyO3xergdIne6LHq8Qvnx2hUrXf6ZNrKaUH90m6tWgS8H4b8KFDqyEjQ9nBSieQTT50DQXn5WzIoUMBXfp4rMkKG9uqGwOUxRVBVGJJZXYHFewr7SZ1h95mnR0vyZLxsvJU7VKU7E5XJw78leWTx2pw3mgvTPYbjhIPHaUBKZTFH3qaWa4dLXLF3dZ2jLgpZ0/1oNNtTlzjT41HaKYs1baA5M2IYIeDyFSVceittdYAwncKPXOFdclSpVatasTZnKOnB47doNi3/8cdmyn7ds2Xri1ClnfHyVqtWE62F2utHDGDuHDLTL0B63lxRWbivOzYWNS0GxLH11n6Ks+ZRlOchEJ+5wOKVHdWbZR2tmbD4kw93vSL809kuAlhs0TO7atWtyvXoJcfE0NFE1qUqNmtXr1a/fvFnTpk2apJ6bSuWvcplRDPac06ol9cLj4+ITEhPiE4x/E5IS4xMTXPFxcTRcEJ9Qo0atRk2atO/QvmFKI2oiopl5LDFat7c03aaVy/uPTZ/23W34dnEKiuFFRw0uc3EzMd77Net7DhB7IEADAM5sCgoK6BFVs2ZNVgJsjxwaFVfcaoGrwPXZz9/kGx1up0v1KCwh59hxt9PrcTkVh+EKzvDy7PXq/mPUIkQacdBqXFzcyjW/Sh9mxYZOkE6TTpbFntRRK8JNKJe1ZMao3g0aXjvdZ5C5d8aoJ9ZZK8nXT1mRYcxIl3s0Y8XkAVJZXTdmZAS5Mwxnj1xjpDT3ZhnSZuLvuZzfRjYPit58+Fx+6KO///t6X2v44tN5luq6cvxdlnpas+cL32Qc5Ekd3b/mfyO7mSd7bMbIiVtCZMUWP3fNyLOLfOgIpKamspLjWfnM33wnNzE94+hJ8+TmPmDNHHlsxqhXzJNbOfUZ6zTbPy4jZ3zzeCcrwbzpsxaFOtDZQz79bf9RURLvRuEShOdn8kq+x57FvvRZxoxZVrPZNHGUbT5GWdSUn4lXlYo4Hx57uTHW7YG5a0QtH7SVGzs262/PhNWRI/DLpzPMpFNHpovLwjipZ3qYhuxyJs+sD0fJEY7md3y6RhTwyaMZyyZfbxXAutFjZkXRnAAAAIBCMawomNfryRNStKarXk3RmFdRNT5xHAk2joTEJNKmPVxLNvQpYzYTEm49FE3oPCRgKrpXNVRFjYk/Q6J0e71ubgztk6HFQYVcJBaECbZd8DHlacqKbmRPNXVHc44yaYwstSZh3swsvcmpOvhUhMJntCFjGh6eKbe6oTVrfG46TfM4HIrLqebl5irMoXHLYE2kpnI/DSTIasb56bqYJI+O4tDF3HhnAtLsWJY5lR6dEHe1QlXLvLriVOOo6Dxet9OleDUPn6DPpTidXu7jmc5fOBzR5ayARtEbkqVRVhRF2JwaEzPqusNwz0F7uanSNQ+1EZWZdWrVERNOGAzTHoU71jDEZZX/mX66dcto12oPOvcB7aF3LZWbV5sG2pb9tOGnRSiuRqvk8wyqjtycPNWw1HZRVr0eDyVcQK1bcbmq1KrVoFlKs3MTq9XdkbF/9uz5Mz7878JFSw8eOkQ7k1R9eiYhpDMz3JSrhrmSJuZ9tPvA8Q2WCIVUfmsrItD5upxOasxcwTc1ZR7RaTReo1yYritSd5ZW/ao5oKAa6TpUft2Kzb5xA/O4TDFN0fkGftXr3MBcSYhztT73HHdBgabzone46F5BV1Mc/eeIq1WzdpWEKqmtUulOoFDNej1VE+NbntWCBrni412GQ0uv5tZ0j65qiktxxKuueNUZp9EZ0bhAjdrnn9+hXfv21atUp5w5hON1ngU+iqVoCm/MuqKZp60IZ9G+Dy8M2ZmOaSzm5eYZjYWufCpnr+JUnOK7D4c1FmUMQqhOo4HT4Aq/zD3eM2+Q6UwEAjQA4AyGnmSnTp2qU6cOKxa6bTxZQM87esI6vc4T6ql92fvj+RMq1+Ogh9cJd77qVnYcOlDAh2QVPm+4w2F+zkYL+fn5fBZmL8nEst9Aq0m1qvJhaW8Jezl0mnSyXmGKEmOS+09bc/Tomv9NHHlN++Qgbf/YolEdbzAF5XX/fmaxFd7zzZWf3tc+mctrCcnth368cloPa9uSl6ZtYjEkYei0l/ryQyc0v2PGq9fIDRn7RUZPzZo81ZQDmz+W/s2onsnC8UVCjdSrJqa/e70ZfdeUfy8PSrzNmGkyfjEOHZEtW7awEpM3Z7I1p2Hzx7/6ZmSPZDGBJJ1c30npM/pbGbIUz24vmRpybu6KZ2Tk5J7PPO5T+1dszgg+0M0vTbu+TY0iTYTY7akZQ9vxPep0e+b1x6WinLV3n1hY+Z7PmXLq+B9k1VB+Rv7P1oRiQN6ciXIuyJrDFy+e1DdV1HJVKrfFi4dbTf/Y9Mlziv79QUINa2bJ/euWrNi6KyvrcB6d1OPpVuEfncxF7i3TJi02I14zY8W/r08VBexMSO409NOvHm9ubps3479FHsQBAAAAghFuKzyeAkPXMQwrHF6bF13eg3XEx8XzL+5JRPaaU/CRnMPFLSEiSnthxgI/ktfthoo25KZgC2iuLXLVjGmWWa5vEzMdNfuFCEVSZ6Z4p/IUVNvH9qric4LM57bTzO/2De3MwRxOkQvV1OB4zm1vBzpTWMnMR8oa/8wKFxyiPIzT9xg+J05lZ4uz5BamVg0qws5UC/acovLCVi0bUl6E0gRZqPRcMybZj88mZymoqnThLUYRhC8Qn2sOKwXrUGLB1jx0U/E0T0VaPMvBAKuNGGbPxnRzZspCrnW7DTXRyxSSO/PyPc64hJRGjdu0bVezZp3Nv299f8aH77z7/n8+nfXbqrWsHKAHed6QC3YlmvkEYrHVEHmta9AyDbearx7gZIPv4u/PxneIgMOJOrAuLq/4qoEy4Ha7GzSs73W74+KcXH12GBqvkLy5lEs1lpBYNTExsUHDBnzAQatarRqJ0ZR3j8crbLP50JSRKDNen+No/CMxoWpCQqLTEU9XZUqDxl27dmuc0oRZg0DifK0iMj+eED/bj3UAABAASURBVONmus2ZhnXaJoafdz4Ewo3dFa/vojZVe14q/Fcz7yd2oR/EDpQyAOAMJjs7u379+iX8ZEZKxsbKqZPKgT0eh+JYlv7dxVd93vmiu5o3PrR354Idv7ed8+bZ017o9dGrNO6s2z7zkU/3uLg4lT+Mnca4tJwig6lxDi/zqiXuwlKCdLLZRsexTHAmpF41cuLsFRn7cnMP7v992TSSNX1bl4yauIT+yVi8SIpifYfcFGCvmjzobmkkm5H+fQaLHWc3b+4z2U5o302aFWdkiAwuWzxPBv2ze4B3hlp3yo15i1dmBCbe/tzmrASHDqJBo+a+lV37Sy4rLl7kO7mXLg48uSFfWBvzFq8Qnql5hvO2pk8Znda9pW8+xsSbZ0U8TmrHoptrN29maxXtOvaUy3vFiWesWCG13Z4j7wg4QPKQ4TezInLz7NxQzA1OaPEiOQ1m8t9v6xawtdttf5dZn7doMSsqnQYNaSaWji1+cVD31ObNG/PpBRt2vHrElPSt1lnvWpC+y9rlqyENAmqvy0sZMrfL1jAAAACgxIjp/rhNA5fxVIXkSN1nNmsQH5/gcrq4tqhZbnkVu1zFfKqt7ue3wV94tilatl8zsi1LUuI0FXDVb5pAm+JsOw8uQ0kja5+DDp83Z8uXhymUcqe0pE66FWt2MqGc2ZKUCp4QptmZ5YLDXj6GZxGmyqrQDZNlNT4+jk7G5XKQhmg0AK4xqqopwpulzEtG8001qQqX2pa+xyzfJKJwDVHf4/YYvndNpdjMCx8CcFizSirmuAN3P84nudP88y6SN4cf7AmZ8xH6n5109aHxBqpYXjWMmjVE5zydSTt6wxmxh3RPj9cV50pKqpJQpVrTs1o2bnbWlj92sLLH1sZY1E1LfE/A2605TqCbCqxPv/b6fKFYExRa16Lu7xCZsRAT98kQMZIgrhHD/Nk6bnx8fErDFOG2glC5p3gu5BqWynxkR+WTmrLatetQNNqzZo1alHGKRjVC1x3jV7rL5UyIjxe+U+gQcXGuhPhECqxWrTrVVUJSlU5dLmjW4iyny6Vx1yA+fy/ctYYiPYro8nTMs5Z+OehYFIkapZs7EjIHUZhtCESk5l8XoAyAAA0AOFPJycmpWrUqqb2s6MgnzezZs7u271irbrWnxozLzj118os3Dn/17/wPx2k7Vp+V4LygRu2XUtsPrd9APZql6S53UryalGjspiq6rU9sDZzSo1d8qqipTtMymro+/8/emwDaUZb3/+87+5z97jf7TUhIAgkhbAmrKAJhF0RBqBRLW0ttS62o6N9a21+LKCrSVgFXBIlgUQRk30EQ2cKahIRsZLs3dz3r7O/7f573nXPuuVkAkWwyXy43554zZ+ad933nnJnP88z3cXkgTtnpn17jAHYWdnmXFSQcVSbfc9CFV9y7dtm3j60/5d72kLBQ8BoL5fPb5Ahb6XzjsfcuTAzerazRSeEOD4t/Q+cdvnfthj8JCG9n09suc+SJo7DzsdsffQtrhdAt9jVU3GEW7jvt2zoTL/7h6o/0tBx45mX/c+9LG/tGdtnQaObo44FiPCSjU6hrO37YKtmJGt3xlpb8Nq/mW1q2s+Q716yvPXT9Gdvu0cjyR39y2ZkHtsz+3KNFsWbvHa5vY2+SAp0oUaJEif50iWRFhSEYopHIbYyikDRALp61MoB2umUDuYtQrHE3v2Bbo6viTcy5mTWTZj9Wxrby4mi8m8c309MGFJNraJRKG6XJYwoMjqphLV2nS02V7sagJS6wKQLZIAyUUaxcr7EWN1zSOt5oFVArhVKyVyGqGJqLjFiZHFPPn2WGpsUJ4birkaxdp6kYkoizlDlpGARLpszjMnQ4NCGT2HN0M4roUpEoj6xSwEiZJU3rKDv2kaij0hg083oZSSH5WKTJN8a9sTuxazkhTWUn47cgxAypsPnl9YAEPALuqCqyMKUYcd+HF2UNPdiwYWWCiJipTC7/Lm+i3anaiorGvuo4GEzeXFs3nGCNnPXGkMXHYhNaZVtVDa3nFNPRSqSkcczGph/x0SEGEl0u0JoFenLGjBlWCrMjNF0j4sBA5xr0sRHWLPIOBKJAMELVTTFOSjqTYyIOoak6kusw8j2vVi3DD2zb0DVNUZxaDUi0YZi6YRZa29LpHMyjqVP36ZkyNZ3K4EeQvPmYoceL8F5h6AaEVi1su13H8II8xPuUNaoa0BYNGhNy6XdCSGN21T92JLoeY1KfaKcpAdCJEiXaKyVzllOpFHlXapyhPvjgg6+9vsKrald861v/esGZeq1iwSm46xvw8ch4fKZCeOS5oiD4W519wpc5cGf4gQcQd20kQZdcB63Pmup7/CmCXYYd33lm0C/95OKLPyN/vnbvxq1f7TlxUSNDNbZQGCWKxeI2INWtjlZvM99NpOC9k2Y3HnZ9/mlnxxr+9gKyszXhzHMPa/xx7xXX7NCFY+3/HN7dU9c/3bvDFY72bdcXn3yrnbvqCII1Bs859rL79hiYOTqF+rZDWHeq5cxovw0Pb1tosNgUQXh3s3fCOTe/0fv0TcLKZkLXVtYla79/8VWv4ZpHO+CU64ffYvTuvXAnW2InSpQoUaL3kRjWMRN5wQigBbxiXGJo4QOt2Jal6+jcKthX/C5aTw1uVhN2HjW0Jc12FmNYcPM7xTrrt8DXsSO2oyn9Wd5ozxtG0A08LdEniQEcJ6PstdnYASXTuCkmbzLgWVRRGihdifNz+dicbFLP8N2LJNxxhQV247fM/QYiFwaBILcRXNAIdwTRbzHup4Q3jVF9x1mcjh5zSVL3u0C7beH/IBJLkSgx0cFY3RGhID4U+JLIwRLjipYKch2E8q28HxpZz/Ek5NvmBcvgAOejUyum1/KSkIriddBKaB9ajjBM6xZMHdPeFcx85zGIVahlmbad0nWD7hnDu+3R0QCpjXsIfD9wak6I1Yj02FYlrvAZB1FIs3cH2eo+hFEgXefRO9hzgZTr7ib1TGscz6Czo23cuM5MKqPrFsJmTUX0TNDZJpKLRMzDC2DMg4YF4PzdtK10NiuiPthGMXkYgQFiGCGolCuVUikMQwMHAvPUgyDSMBk6k823Eqp2j5swbdp0204raEFeDxcRtHkmJKSENX/UxEGsegwJtyQdxBUaROIzQrL0uu+17OXRDic7+IBK9F4rAdCJEiXa+wTfEEBjWprSE9+F5DfWNddcs+X+66+8+PjTF077j5MWum4VQv+abTpRIG7Tq8fS0bgq5G93miKX1zRN3H8UK0NNFU9tmfIeneXAjsPu76SvyW6y9vqfXC9+vvHZ617a+uXBzQ0kN2tWDxLpE3vqT9y7jUdt380/GbU4WHRkz9ZrKzan9PatfYO8jQa2AwnfqY48tuEG0vfD67eqKffO0ozfQ3X93df/ruGtvfyrH7zwru3t2etXn/vlBpvu+eIXz9mR+fKxx43u3HU3/WHsi9vs3Lqbr32s/mLh2C/+ZsnaellB59Y/2u/iT1bPwoWN3Xr06hu2YvF913//FrLTdOxxZzQ2tE2/kT/cdN2ov8xxx2795rGzce3atVsvUBEdP+h2H3nh125+eu0bslBl75Kbzumpvwl9aaYcu6jBle+6/uaN21uJHLykCGGiRIkSJXpvxIVRQQjERpUGBYHPibR7bmBcCoTO0E14XQBoNpbXxARQJrwS0mSi3HD5FcxRLMfE4/h52lgutvWNMxFlPmMdA8cOAGOTZJt2gI9Ct2bo3Lxw/Wl55z6TVgywCDAv2pzKXcfZpAlYk/ra6knZZM+XNO2l9RRXlAC68FhTNdMyZCfJFBmgsyyM8JZN2S2ik+o9wATfjEaT0NE0WxVW0ZHozEhkxWIJStmxXBBoCYIJbww6E3nJEVwB5TLplG2q0g1aQMv63IhHrsEOSVN3yzkTr68R4ohzemKfaGCysSlEDLGRMwpbldgWOYzErEYjbCay+SPYF9syPdfZNoV2F2hb1rztMo1bAUTsBHMxTNMwLVPBcppsNG83tqCJ+Wt93m69OUmeedOtCfWura9nLLiGAaL1wIVSN62Y2tOTslLSkUWEFGQwIU7GltsQdhcw3IrI1Ob5fN4yLZH6LuIhLE64loK4APxZrVSq1Yrv+XBUwudNtVoF4pzO5NKZPLzLTmV6eqa2FFpwx+uZ3FzWWGRjjtN6x42mgRdAre2z958ze785umaqml6fXPJdsr4h2z2FKN/Hel8D6LW3u6mLndQ1/vaed6/etPXjRIkS7SECjJPL5f7EWgHy7fA7c8zHLvn2jZefegwjoaaZLGTlkaKqKL7rxTesUWJbBpbGrruJbVeyWIKsKUwEhoZvX/g2PXzfueJUSORzvBeCVsHuQyeQnaCuj1/SwJxrr1x00n/cu1wS2dDte+Hac8+4uo7kes44GZOhZ130xWPr7330MwvO/cFLfWJxt++la89fcHEDdH7gaxcfJB7sM3NhY2N3/fOFNyx3MYztLr/hkn9/pv68dezCfRoLjesZrVt39dd+svZd8uHMOZc11ZQ79rivPbpRNrS4/NcXz2+kGR94xfJdk6l9xNd/ekEDQY/ccnb3/M9c/9K6mH67g8vv/Y8zew68rBEB6Pn8zV87aIcrs866rMGzR75/7LH/8WifgJWwc7d/umnnvrkcx7bZ82HCvGPn9HRh1Tu3+Nq9n718J9LeHWnBX13SU38MLP6kq+qN73v06o80TaGdIOusz47pty/cu1xC3srye79w7LHfbxQo/LvLzpJHxaz5jVHo+8anv/qomO1u32Nfu+wHo07Wxx4i/l1x1YK447unnn99fBxpZktbd4O4j+vqJmTexV89tv7Eoxcfee71r4lF4Yh77OqTZjRG78Lb3n34JVGiRIkSJRqVJEiR4DFo0SAsOGS2JB2lxMAcNcM0gU7GHrJjSZU0623c3i/M5qTtgsRaIkNW0EZ0GRYnyOJHnimzGBzHIEveWh/RBhiOXYb5KImOs2J5MyCWZ9rygXxr/eqANqh0vBbcn5jrAYNU0HRCaaQ9ynfHCLMZgI76fpA9XwJNKqPcnDQGi8fUUgQZJHPD1GBd3bRp4/PPPdff3y/9dmHkxGTASx6IPZA4zCDLMVKRnSwycgSAxtxnyjUNJw+yXeCkMLHEAgCr4bdC0SrB0BXb1BcuPHTunP3w2ojIYEDs5yLynVkzs44TXTmhjegDHx10mb/KZN6vaBxMAHSEEGYjnMkJwA3DlJNL7hSXhhJizsPTKdNC5s4idffVnePNO7W9Jxv0X1VUYQUDwYIxlygikCA6hMbHQj27ecw6Y6uNxsDXNxQfrA083eSHg7AexjSKNE1lYcjCoKOjQyR+xd3L0fpZ3o8ARzkB1uzU3HKlWqs5vueFUQCfHZ7ntbe3w6cLxQ8Ytc67ZaFQgkGPWIrvh27NcV3X9wNdN4FiB0HkeoGqWbAc52q+0JYrtFJ8HPNuUs8ka2bu2A9iAgS+b5rWtOnTFyzAhvMpAAAQAElEQVRcePiRR48bP7Fn2j6wZpmO3+iBJsOfMfnjiXaq3s8A2v/3e8Uke5ndRxIlSrTXKBSybZu8R4IwuKKZ44480S0PBYpCTU3RlaDmBbaxQfE3++SFkeLkrimabqpc1biO8XyiUq4QgaRlEgH8aHgXWnx3oLzTDzDTRYef9vdn/BUWGCcKf+9OXmH3ZT+Q91yZRVf//JwGlHv062fO7xaV07ItPUd+9vYGkTvvqs/uLx5NuPCqy+fV39x3+yULe8TiLT0LP/vrRv7ovCuubrgHLLrw70fBK+DRliyufP6nG+smPf94YZMLxryTPt5Y3r33M7Nx9Rft2Ixix1rw1Z82dow8842TpsuGds8///q19d0650dfW7CLrEKsRd9bfvMFo54Ky39y8cJZsq/tlonzz/z6vY3u67rgtqf/Y95brUxb8LUfje7cH75+Uk9HvHPn3rA2frZwzk+/Kvp1n4UnNhZ97eq4H2DZQ8689gWyG7T/ZVc1sfhHv1xvfM9JO90nZKt++58z54tN2x3zz/yfRkJ086zoOfeiYxvvfunKk8Rsb+lZ9I3RmwVOufBMOaoHXfjZOq0euePi0eNo0dX1NO8zzj0ZWXTXBVddMcq1b7/4ELEoLnnZo/WjYt7lV104gSRKlChRokTvhUTtOGGmAH+owkAXziqFc4Ikf4inAA6ZpmkYunSeRVsDOG0Wtq/NaoY4pMFqm5ITtwVtRALBUd+HqMEa5S8eI+54/cIWIKZydCwMjqKo4ejKm7AU43GyZZyhKTwZNMyAlpYd9Y4QaE+JV0s5HwMB9y4mhXZ/9RTTMEJnZJnyWke3RAyOIi0RANr29m258eeL733g/muvu+6ee++pOQ5FqwcPesnzPRbnzIo1xyICIIe6RjWFBL7LAEZj2ACX03TDA3AYedDHUejCrOGRT1gAP+O62tKW3tXRsv/sGREPMLE2tvKoJ8Xy2H+bNNKi5R7RxhwZnXOsvphA6kx6sMQsVRhOw/O6psv5IMsryrCKcICI4KEO0tQwjHR1p1YaeRu9xezidd9t2eatl2zMUhYbxzQfaM23AjTMu6V9SfN6tkbVvHFw4ZOqpsHyeKUJMQZV6emZZECXCYNouOoVKyMxtGbMh0kTeAHMmcDnYcDRUB5aHWZSGVovDirAoyKKFsIcFKbkAq6LbGm03AkCz6lV5E4MjRRDEdCIGPUjDB2Ylg2DJppNGWlMmuYbKWjD1RpAdi6fy+cL7R3dEEwpVWqKauqWLYIXGAvDSBWPP6MameOJdo3exwD6WXYLIeccgMfYzc+SRIkS7S2CAOmfaL6xleBbj6tG6vAPth57XhWLBjKHmL92+hc8fN+h99998GO3P6NamZbOOa0dE1PW1Fzq4MlTPjBt34hGCkV4FARBrVarVCrVYskpxzfJMx++MY0DO2d+52//o/59yel7mj4BnQBdQXaC8qdcv/w3l8zaMYed9Y+3Lb9uUaNm26zPPrrk24t26E7bteiq5x69ZOboEwu+8cgVh+1w5eSwK2776hjYuuD/awLHf4ryi65/9bbmloyRNuuSe5dff0qe7DJp+TOuW77spgvfoquJ1nXGt5c09/aO9DajNvOSe5ZfX1/Lgi/d/Hc9212sq+s96ek/Uluz+CYV5h20c32P36bfYFb8Zsys6Pqrm2+7YMdN6rrwth+fU1+655K7b9uxbXPP39173TmZ+lYeWnLViTtatGvR95Y8/dlZJFGiRIkSJXpvxCWslGYLMecC2NTkQSFv00dXOQ3PY7cqJMg4G4VgTTBo1LyXjppAjEVFtMG5xLOjaYz1hSVeJHVf5gbgJk2JipzXc6/9wBcEi5NR2swaTSP1FqINLAespkZIooWhRH2jIhtabp3JW/LH0GfJtfcGQiXrScastpEBHY9L7FjBxHUPQ1CrrnxjFVVVAMe6Za14443f3H778MgIVqRkDAYdLnCIjBOIsYgr05Gws6N12tTJhx5y4JTJEy1Ll4baAcMU+gCpd0R4kM+mgDUfOG8/0wDAGFqmYhmKqZHWQrazowMzekXOTmyjUE9iFSh5246OkbRcsG4IQUVuO6Z7YwSCjAlLwGNNU2VGcH0zjKNJNAvRZIZqhq7iDoaqmNu7Xm+NnklTUKduxj2WHUtrlaZKg6QBUkePy61yq+MOFP8r8YvxTQtjYLR8LwxrOp0Z193d1tqaTtvt7W1U+ICrGMWBDwWDC4OOMAiA9vqBhyUoOd5Y4AeBbZmlkZHQ9yF2pcT0HwYcWL8i7aVFnUvM6K4DaCoz0WEoK5Wy69WgWbAJmA4hg6YqQchdN1RUDeZHJI16mnytG/sorZ5lHSbTMD03MM2U54e1mgfX6YZuYxsbS9O4h0mS+7xr9f4F0Pc9h59a516snEPILXd6a0miRIn2AsGXCnz5SaT7nknBrzJdzTtzDz/6sYe7nr77oN/f/y9Llg5gGWU9UtUDWts609ZvP3Lh78/+x0fO+pvbjz/vhg995IpDjqtFZfimVFXVtu1MJmNl0nY6TeTdUmlVZ/7jm1793YrnZC7Ge0ufQdAJeJORODt8z5U/8Yol/ctuu/zCY2eOVk6zumYd+1dX3Pbq8JJvLsqPAXbWrL+/be2Gp6/50qJ5E+oAUyt0HbToi9c93fvGbX+3/1jvYsBtjw0v+80V5xzUNWbtH7jwit8sG35sGxoI4Hj5o1edN2904XedpNy26IoX400X6ispzDz2wstvW9a/5IoP7EL6HMvqOeuaJf1rn77ui4vG9obsvbX9a2/++1nWO1tXfdTOaR6FuFdfvOLYpp3Lf+CqZRvGdKnVNW/Rl25etvzaE8nuELL4tb1/uOaSD8yKxwVbfsnNr665+ezRaJO9c5LTtzfbra7GrDhxq1mRX1Rv6iitH53t14yJFeQXXfNGrxzcxiAWJmBXwxavap5v1qy/+019tWMG5ZqnN6y97a8S+pwoUaJEid47CZCHGag8PkcVyCkataEgsUMvAkoNTjjVBmhusL5mSjua/kzGcMAdbb9BoWn9zyaW1JykSbZ6RorxUXYZBqF4ewyy6xw8fhuPK5LFqF0VO6KIcoeN5WjdLLixUrmq6L3OHdnZgosCx3Nk/rJTqzVyigW+jak0kTCdKq4f9A8MwPAC18NEV0Xp29L/29/e5bkevEMam9Tzk5m04ID35jL2pEnjFi44pGfKJKC4QJPbO9pCtODgjuehwQVlba35Aw7Yf+KE7pZCZtbMaarCDFPdvGmdpvKOtkL3uG7Pc0nsRh2RMQXzIs7GzAHpQiGf4NI5hPEmnI7mD+hEMVpmh8pJo6F0wkcjKiyuyAejTzXdBPzpw8xRd0OFdD725oCtnidj0pa5KksoChcO0nTLQONXjKrrh1szqh6Lp3fUnFGz6XqQKW5Jd3f3rFkzDz3kkHkHHgCXuDKXXFpwiKgNuofDPHE91/c8pM8KfFrg6wCve/s26eiLEuewC8ysCFsYUeJQ1KMUXjxxoUux5QjaAnPYdRwWAdcGgo1eHKJsIS4WhGgHIp2f5SSIhLEIaZpAIOiwIAxEt2nw+SXezv0A3oufd7TufC17iDTctMey7EQ7T+/bhHP/UxdHtxyg1i427rvGOfNl+vV/tS4ZH7+29nZ3v3uJfKb5caJEid6d3sNE3XK53Nraqr6nN0xx6V+FX5DK927/6b/e9n3Pq6YyWY2xSs0/ccacHy78sJWyqUo8qtoQViVKSELNzJ13x42P9q4WYWLhZGfp0kyu4RPNVLagbdbdV/xc2TkWY4C/h4aGstksSZRo71XoFgdj82sr3ZXPNL9WvP4j3RfHPlnzrlj+9CVTSKJEiRIlSpSoITg3Jn+krvrGZa5PAm5MmbG/ZWc9P9i04c10KpXJZHUTznhVQbQw8RdAUK1UHBrq99yqijAa62yrmIo4mqepCDSlNIBz3SWjmaNJXEaE8Z1lWalUSjdRsEJFgxWq0k5BeAiHvuuXK0XYsOd5mUw6V8gW8nnLMOVikagpp2BGJa5/zZo1sPKUyAXRDN00bFizIIx4yz+c37t+VK44pXLR0JRJE7oBj23p6+3o7FR0E7ip57qmaWTStqXBxQULgrBWrTg1rLOiarqdztq2JRI+wolTZv6x/fynnKK/i2H97pVfUURhN9dxLdwhtUHTxeswFriPwIu5QvtHKg8+9jTRMsWyFwQeYyFWEvTDgw8+5MPHH4/smfIokHbP+Nv1nGqpOL49vWDBodOmTSsVi1Wn9sKLL61Y+cYrry1ft34TDC0wx0985IQTTzgBehUG1vddp1oZP37c+jfX5fOFbDbT1T1+sMpefuW1YrHCI6obhsitFgEBiu4fmKoO4NFz4V8YPx1mh6bqimbBMKTQyQz+5FiL3vN817ZslZKBgQHLMjTEtKoivIVNK0V1s+ZHVS8C0CxrYMJKS+Xy8MgIQMfJk6a2tbVtWL9eN7RzzzqL/PH6U0b2H//mE6Q5WDLWCCIGymP/JHVXGTGIMILMC1gq29ba3qVoJt7NEEU1p1qr1TLZDB7CVI0jLA24DBEFhvgWkDFA3sB34UEUBYxjP6Mzi4L3B6AtpYYHpK7S9va2nimTx3V35rIZQZZ1wMGWZePnAlwVEw2ufl3cZi0MfTgq4XBGF46IabrmOFUgzC0trSk7ZZi2phpwyErveZii8CEiql+imTPQaqxACNfXnMOgwsHtegFQY0DGTAaAMM3aDQO/VBqBBwi4fR92ABC1H7jQ5Gw2baBTENZeitA/Oty8afPUqdOmTJsx76DDYL+ffeb5Srlcq5UHt2xOp01YA0xUDboI3qwbSNLr/f/xT3yKvFvBxxp5P2nu3LnkXel9mgG99nZ2C6FfPwM+8siJZyizCP/ZszvBSjVRokTvqeDrUlYrIO+pxDmyIusLfuYjn1r1vw899IUbVv3vI7+8+MpIV65c+CF0b1aVIFKMgBA4VVL4YN/gg7/5eeHJV5kHL3E434XvUTgXABJN67F2PCkO6VMbX3vixafEzYDkPa+yK3tjJyVBJ0q0i6S99LVZ9Wp9M066+rE+V3whiwqKCy9uVGk47MJzE/qcKFGiRIkS/enCE1tFGFOETFhSaJopvFuZzEgUQFCiMQqwxtANFhI0WeBKJOrDKVQFGBaySDDmSJUJjliWTuNoEy2KeG+bVCju4m/G0+I9WJdOwlGJq/HEWzxShFW1XECuKU7SFAnNaKvASeD5cs0RgzdqkaDcaPGKL6qyfB4m8kahNHoG/qZixggj25hKC1uD0YRu3EmRQdLsPbInC3Z54/rN0DOmAUjWFtnqikj5VGTXUlHmEZ0rqL5m3WYvIoD8I8rRhAQ6k+HoP/fss48/9ii8z3c9aZSC6+Vco4qhayOlsmFnQkV//c3Nl3/n+1//9v/e8+ATAaMTJ020TT1laktefvUb3/zWmlVr2wttLel0pTRQKJjd41tSaSOTyVOitaeUaePbVR5CoxjB6YRpqWKotsv3MAAAEABJREFUMO6BCatASbHIIUE3jwitwKnMlCVYQRDzfFQskyiwKmBl8SqXTdXElRHaPajc0hUxzniVxHDFCmZ1MwJPG6omZo4HHJLscsHucQJkXGYDR6LxVFQUjC2MMXDCZLVFmLOqdE8WdtZaPFcpdgQAZViXItxIIlnZUyb7Y++NunM0knuxGKgoAyrmCo2LhTJpMNPoZJlXjcuODA++8vLLa9euDcJINy3dMDXbgM8AItKxhZeLrFooPE8UAuGGbDo1rqu9kE11dbYXCnkqak2iPQurDx26zfMImijotzgK4SMAAlqqsGVWg5DAMAU+XglQmVItb8LAWoYEmLPE6ZQKwxmYCoJQKyQQbuO+QkLLUDo729K2yUOXhxV4SeWBoVKnWlZUrJjIhfmQIksjCnP5xicSSbTztRsOuT1A4e3Pc9KhnCGTmserf9nBvvR8tPYMrYckSpRoz5XneYXCzrWohe+0QjZ32EEHw9fjDx/97fRCy0Qr7cJ3XMA1JVi5eunSZ59f+trK360tvjZQ2hJEU3o6S8eM0wicvamGoYr6LUzDGs9UpoRANPjf/+/aB+ctYHi2R97zUhe5XG5kZOQ99iRJlGiXasEl/zHv2i+IMn4jj162qOey7SxTuPDLF+5cN+hEiRIlSpTo/SEmLZwJEmhAYBwZkEJYA1XJ4ma8XtmLIqkR5fuYfEFUtwNoGfgsiJhtjDkLpZJx0phBb7v1saBHgmZaT4vjovYgrwNivtWSY1Yk/H9Z3XuajToPKOLOekW0VuFNLgTSeASgHhf1BuP2kGa7atbISG12GpF3+u/hsky7u7sbaR1VAixU3nAbqFchFPnjQPLCiG3q64VO84LAsk2vGgGUDx1fVrt75rnnaq572ILDbGIJk14N/X05pjjDulPZ/G2/ufNnN/68ta3jssu+vHDBYdBRtmUMD/YHvgfg0alWq6UqFm83gYRnHDfoHj8RYWmo1MoVhXo88jgPRAV3HCJMag6DQNxPivGJOPoR5/wKWMgbzgsChmMKPEdii7UWcc+aakoKtweC/gspIyJKueZJ6wWBe3GNpmHAFiLAnEBE6W5Lx0SG3qSGo7Fw8Y6f5E1mGqTujE7IqP+G6B9ezymtz1dMatZ4bC9BmiF0k29ybGzSsKsRvFvAZGEMzcLI8f0pU6ZA763ftLErGgfX4BDVCDA7WZiJC5sMUSkQB0PT9Y6OPGzAdR0YUA1YL1asxLx0/AsLgCrSRVpWNxW3TUBIIBLOGOhJHjtsIKkWi4l7KhRZqBDAdEA813McR1xkAxNAEh1GAaBvaA3Ms3w+l0qnDE23RLFBVdUZCzdtWBeGQPPhaPBqtYphKjKSIaJrTFB4Rbi2cP6ep4kl2oHelwB6U/SzfviH7Xex0/Qs+/dnyU8PJYkSJdozJWslazs5Uh2DYwrfgsHDLz1pmNyFQHoYvbR86d0//9HrW4q/3xxuiEiW+fO68ud36K1p5eER77kCfKPB9yfe9tU4zRUnEBiLfuHNpb97+Zlj5h3x1hZc707QISKBJVJ3ax3nRIn+FPX84333rD/2pP9Zvv2XtVmX3ProFSe+v25tS5QoUaJEiXaapIsqbXBVVdMikUos8mTRSTauHYbQSFOEwUHkB3DCqesxpCYiRdF3PQNeF6bKiJEZPoknwfUaX40TY9KUbtxw54hdmGUyJh2FwgI1jtrRkrpV8OiLQhEaRMRZmI0N8bpBsCx1R+p0T5BJfKwqWgM6i2UIGQXN8ZpjDLpXJUVCs207hVUZ44KBTZ1fx+jQqY7ruBGvVsqGka75gWYAstb8yMceVmBKcD8In1uy5JXXXps7Z86+M6a3tbbAIkAN+weHNTX8xpVXPvXU70877fR/uuSfCYtcp1bI56PQ62pvK5eKQHZt24beH6pURoqVtu7JXqCaPnGqDkye4vBINmsXWgvjx3evXr8Z7RjQ3sRRKc5ALwxlPUnpVy0jBjJBt1FOEp5jUcxeibg7toFZZeBC+kHDrFAphZaETKl5sHMhFtnE1GBuAIBWNZlLu1uGF9oMl29c+DvDn9AqlcZwtp5rP9qs5jlP6k7lpO7IIR26ZZRFvik2MY//pHwbP+j6M+K99XXK0o74APm+iP9A76VS+0yf3tpaACQ8MjISBhEwaNO0YRl4zLACoe97DjQgk83ks2kYYnjCsi3YhOu6IQ/SqSzsFhykqqLLTwMZzpKS4whvF9f4MEAo6dWuiP9UNHHGlmuqnrJbNXSfjoQHSSTXBD1g6Nq48ePHj+u2bBuNRODJSCY4oyOM59WiEDeFANqpmHZWJIvDfkIMQ63HM+Kua/avT7Tz9H4E0PfdzpYTets1VlOpJWEJ/Zz/00MNkihRoj1ScKKQy+XIzhfFLyVWhiArqZU8/bLf3fHdD5z2pR/cqHfv+/gLj3WlzfM67f1a8xBZ1SMv4OHxfaXNFt9g53WCN3nJE2vML6gnQVOTXf7rHx01b4FCd8pHLnQLBIThHIskSrS3Kn/sN5cMf/re6y7/2lV3v9Q3Ip7TCl0HLDz37E//3cWLehL4nChRokSJEr1nkmmTyH4kZNV1LQSWhE4MTBTnVhp5ysiKhDtsAG8ROYqi4BhmpWqKCljR9byUWEjcTi8IoDBEaLBmPrbe2lYZ0MJjAZ5VeVOCs6hPOJqD3EjcrKfGcnnjPNbKEy1swGLeqEWG9QbhbVQmaoj8EuTR0tCvXt5OFkKMoVvcTDZauW57Dd6jhSkpisqQ0CkRj+L853jPCDoKBh78hrEG9gsLmKYJKA76T9c0xTY9B01YKAA/9FggLyx58cWXXjIBP6uKMIOOdJXsM63n//2//zz2Ax8AqIcuBpZeGuq3LB3AbntrS3F4qBZ4PvBiRc20dsGVTxj58ByQakqjzu62aq1arpQ6O1tbOzrXvbmxUq4IKKnWPIcJgxbW8G7hskolbZQplGi0uRCf73nQOMyFh9moKgLHojm4jJDoum7bCkPLjpqYBUzk5GKBwmq1rMT+JLtasJP1Go8Mrw05pqVj3TxhbbFVzIZs9zaC0dzmRhZzfLiJbGI+mtUch3lGKxaSRg1HGk91yZ1JTJ9FaSSOTwDB7R8cgqHJZNJtrR0wwIquw5Po5Uyhv6HBxDKhzQReQj8c2BlDD1lUc2qe6wGJ9sMQ/Z7FfboaWqMospVoBUKlyY88WJkIPskXRVGmOAse+kfJ5LIp2wiCsKWQ7+rsGBzoX7duHd7EwP3OzvYZM2a0tLTCNKSCVQcBukDDxwVszTR12KglfMZhZd3ldterAf7EoAYLRfDBiKNNlCb0eZfpfQig/ZtfJuQA5cQxTxrnHuDc8jK7j5ATSaJEifZEAYDe2f4bRBYkFDUJ39z4JodzV539bMVL60s1M5ue1lqYNXfC1DTzAh/PlZkf4MkZRFWdszewn/XoZRXOznQCZ7YioB/6gS6yRCCC+9SqZ194/bWDZs7dGdUI4dyxWCwmADrR3i5rn0WX/HjRJSRRokSJEiVKtDMVpxNzAF8STAGviQTNQmQrHXXje9KpuAleEUzSBQSJFdDgjFcVpcsoPK8CBAREaeiUIGIS5QQp3k0oM1kFNeb1NEMmf2SFNAmMaVOxNUkEqcxGrBOhscmbY5JD8f59XJuwAZbYjdaXZyxk0iuAxYml4iXYAcNIyUxM9HJomFSMzYBueFWT7ZpZ75GSKbRU2GHzutkvqt72KIgMXUdbZRbqaK6hYPG4KLRsM6DMCQMrhbnu5VKZqHhrJ1Z2g4shDZdHomfbHznj9L84/xOFfBZQt3g68J2abenZbK5cLlVD7uvZVN6OKhXMYIVuREvi0DYyRDErzohumSlOal7g+uG47m4A1qtWrd6wYQNgbJiMCgQ5QpHBIwYUASRBC2QZHRBzk8mEdyYiCjAV/cA3jIzMd48nFM4wDqAUea6qGiY2IYrMaq0G78UKeBrMZOo4njSCILtcGMsJRYk94KTCjyKMsBAfolrNkHfQNhbmTeYbvMmbg9RjLZKgjr7CWLzkaBglBtWjivE1E9xa+Ong8gr+EQdj8Ljo6ZmastOO4wBsrlRr6XQ6x1sgVAEzQsX/NYZNhd5lAXJfpmhK5CNKh6dqjlt1HMuyW1u1VCqj6bhfwnQFO1waxnOCWc+wdAj/RUQ4WOLzXuRD21RVg6hGKmVblgFzDzoKUIDvBW1t7bDCvr5eANCTJ4+37ZT4FDIwi5rDxXkAIQ1Fkzcw2CnbhKYCibYts62tdXOvS2RlQ6XZhp6SJnuTRDtb7z8A/Sy7hZBzDtk60/nEQyh5mX/p9vDEM96fvtiJEu3Rgi82wKy7KAFBnHRm7RSjWM7A1q0HB9f+dbZmr3qhFc6dsIxBczNYRLV8GJ2+cejWzi4f8zR1E75P8ZxHxbNAVYEvV8Mwrv3tTT+adUU9uvteClaIdYeDIHGCTpQoUaJEiRIlSvTWEtxKkffwC2JFRb5wPaOyTmVZ3fYCM6A1pHVAlxiSHsB/WHcQHgKADn2OrgJiCSKcLoiomBY7A8S1/mIf4qbT4G2JD5OcrZ46TUiTdx1v4tQi/xldGYDcNQhdzNbq4FgYClMJ23hs+CqrGaL37qgFhyIf0MbKY1uSBppq2voeLnn/ZcQw8TmqF7UbdTCBQdFU6Cigtq2FlpnTpy1fvZ6wQKOq71QLudwF5527fOnSN1auTJuqcKyI0LlXVQp5zDw96OCDjv/wh6fuM50FHoe4BVDC0IOF8rk0TA/AiLqVcp3whlvvhlkwZ7/pPZO7W20bphrMnnQma9iKVtN8Fogh0qLQq1WqBWzGPjVA18WSStCrQVNEqUBSn4c8Jq8ifzmUBSgFjsZ5G0boBEHqPiqjwyXfKpL8gZUGuqaj6QW6XhCRzQ8vBr4nyhXuBgNDRM9ERHCkB3YEiD6E1gNyFdUIR/2IOannMhMZySGNAZUzlTd8apqsNrCLmizL48XGViUcbQ1XREyI1r3U5TpIa2vbvjNnMvQtCYFBAzEvlythyMxaTddMaLwu7iIAJhyiyYUWiWgTpnL7Qa1WCwLfBjacTpmWqQEeNg3000BbdmG+LLxB5HTFnPeAeV5YZ99EFJJUgR3rENfSFKDyqsDeKnZZYWhoCDY3YcJkP6iKzyUd9hU/lgJBoBmtOT40xLLMyMQPKvhw0lQzk804rmvoJlqvIH6WVVNJc5CJJNoler/BVv9TP8Fv1HO39Xo+VDnnJ9Et94b3naHNJIkSJdqzBOe1mUyG7HyJU2a892d8V7eiG5nQ97VI52rgK151uNBpmDUWaqMEGb5vQ0ODU7HuGj9wZf+L+9m+kgsgyhtxYWoG5zzihJ4od7/06MbBzePbxpOdoFQqValUEgCdKFGiRIkSJUqU6K2F98vD7xA9nUO8Td7AKiaYEB0ahoEIK8JCYGJRCaABA2FSaQjgMQrVUIkAJ2GhMC4MWylQJ6xPp6hMiZSY6tBGNZR6Zu5oEgb+iSQRUJQab9ZpAXoAABAASURBVIQzzIoe3SaXhr8ypbk5S5FFTGwBawyGwjVYrrPZu2C0viBBIItp21GgKKNbb/hNx/i5yQaaNFKepQexQOp7BZ+SPSBTWqnwSMFnG8RS/GbiCgW43oUX/MWDjzx53yOPeb5v6fr+s2acdvLxH//Iyb7r9fb1bert9T0vlU63t7V1drS3trRYpgW9HbguZ4CeXRoFKUtXbR0YrhfygPGqF91y+90reyuRX35j7ar2tPLJj57V3dqWzubS6bQXOYpuujUv8jCHHthjzXGjaMgyjGlTevq29PX2D7kB2qUoBMvbwahDKxE8hxxtKmSNSTm4YvbCxPU9CIPE9sexrUSc06tII3AZzNAUVbJOWAxmqSjYg/BaUNHdUUGHU13DbMhqrYrONSo0jxmGqSNLZdIFW7JmInZKDisTvhW8+aV6WjNpSnCW6f7YK2wskm5sHBWRpnqGseUFQPnAt1STYWOMlpYWeE3TddM0RSCHWLadyaCns2nahgbLY/0hz/Nc+A/mUK0G0wOAsWVb8GQQENd1oSVhEHquDxNJMy3EyVRF5qzhfRLIjjlJwSYs0zV81/XhwlnYkuAuomG3+PAIwtCAiWZiDjU0JpPOFEtlaKyqaZVKFdA9PAP7B33oej5cd+twse5U/GoV4TXMuRTma2tMsyBCksp4XpEI2xOKufWiUCrGSHZbLcr3od5vANr46TXkp2/70hlW7Yz42Z6mx4kSJdpd2mXpvY0MZVPTZ+bGLy2v1yDcThWfujO7CrQSBqarcL1xGhpoPBUyR1FLgbqf4u+7Sbl5YsQ9IspJKCwOy8OJoOJy55cP333J2ReRneAlB50DXUQSJUqUKFGiRIkSJXpLCcSFyYiYeil8dYlICmbC5gATRKOQcqXuqowoGS1+DSP0HMS54qeOblFApf3ARQSNJ8kRLE7qr5KmxeRjeRYtzWDj/Gg+CsTqvxvAV2Z5juW/gqlB+zADGh09xMk2jd8TYXo0Zl/Dc4jjMGM7lLYeTFQ8izcRA01az4WMnx2bH8obz5K9RNuaCTQajz4JAGRVLBpp6dq5HzvzmGOO/sUvb+3r23LKiR8mASBAB6ji1Mnj99t3HwCEEeJgNFgOQ9dzPFhxSFTOAkPh6ZTu+w4gQT9kIdcdrv7uhSUrNm7x1YJmWFrkHzx3/54pE6OIv7F+40ipMmNGj65pmzcPQozCTqUjrvUNjpi6XshmNVVrb+sYP3FyX1//mxs2VCsekGHYJCVYLhLoIUUjaZhgnsF0g2lySmBCNI9EvTrMeccJIeexQnm95CI6xshahoRL7wX0f9Z1dLMWdFXRdgMNazil1Kq1IAxaWlpN01KEN0VzCKTxm9Xn/1b5y4zLbOk4a3mrN3IyJpoyGpuRnJpwebyIK1+YGIFlmuJOCGLBI8vobGtxqxXd0JlKgf8CujUsU4XuUzXsfIaBI9f3oA06jAknehC6rmdZNjDiwWgQ/S/sTCplA1gHglwsFolaNdDRRafofAKfFATWBRewkbiJAYYlm9WxTCT+cGmKXXMBa9dc12ltLYzr7rIsS+Ww2hQ0uVqrlUvDLa15zw+Gg3I2k4VuhbfAXDBMs+pUYOK5ju8bvm4Z0Lc6bBZIt5EmpALXzViAsHHvQ0Kfd60Su4lEiRLt6YIvIWELtSv8N2j9VBu+gs8+atH/u+sHaGmlwtk02TRUnQBx/sggymgGhxEpNZXpIXVcb2Laoo5z6ubhX00omJHmKQHEWuGkV+eqpzHVSN361D3/eNanNHGuw99TLw4M72saFh7ZLZH8RIkSJUqUKFGiRHuLkNHh2SPAnvqpL9YPFPewC4cKUbtPLCmTfzFRU9eBW6qhyJtWMQ1Zqbtk4DJox9yoFYi+zDFnaNRVG914s7mFvCV/u6fEtNnumZEmfEZkDjUlgR9gygfdfoZyM53j9XYCPEc7Wk6lcS7SSSVuoTQkifl400pE0i0je5Ma5g2Nv/F/3HHGQ8/PAGVER5VoQlfHpZf8A+x4a0vedz23Wiaq6onsYgVLNSrotILwNpJ5t6ZtqxrAayUKHRa6g+VSprXLp8qSpSueeOalSEsrACe96pz9ph179BEwrn3F6g9u/lVI1dQDZO6MKQfOnoGewaphF3K1IcXnrOgECndtXS1u6YOxSRmankuXK5WKAw1AK18WiHR1uBgTjjFMZMrjP8LkW9f0eohD7KYwdlDi20/l0zLOQeR8RpxNFVmUUhV5uGSXqwGC29vbRV1EpVE/kDf5ycQLNz2OF6hPReGJjU81Oa3UcbP4t+7BEqdLN9bfOOQbYR40KQk8GPBMJnvYgkMB8qqcuF6NRQZVeK5Q8H0XSDGQXDudAngP7wuQFcuSpNzz3SAIfT8wdRODSYwV8nkA/iHsnucCz06nUwTmDQY+0EoDgkdhEJRLZXnQwTWsqGzKxJSUpjo0CNDvBytG6saWLf2trW26LnZcEfEwTbft7OBQCa58TdMYKRYN3YB1+74HwwpzLPAClypeKkjjJx12Mmxf0zV5ZwOTWfRN4TGSuHDsKiW8P1GiRHu6giBIpVJkF0qeGf/loo+3GClD3MnWHlBLUwOFKWPPVLBaCpb9DTsyRgBn2zyaVXRP7CsGGoWQcRA6lCs1ndjwPh68PLxq7dq1jbRo8p4KuihJgk6UKFGiRIkSJUr01pIoD9AcnDryuBoZ0hgAcwiCiDSNFba7UUhkQjIlmI4qsihEUrFkYY1CXoi3QrTv5Y0TXGkvgE67jUpfdXw81gl6NMe5yUZD1ikkZDSFk43ND0VEDu0XiJQ0rU1IelizBuxj8u1STfi7sUJcWBYrbO4o3sTzyB6vphzzbbOgifDfwGsQwzCE4QkLPScFfyg0l7JUHrXk0uPHjwd0CHjedaq1WtVzHR/tFAAUR7qmZTMp29AsjUaBE/q1cnmk5lZL1crajZt++8DD3MwwzdB4bfrE9rNPOylt6BXHvem2O/xUbiBUBmvBiy+9xiPiBKzkBGs29KZbO1It7T5cSukmXEoZhgmtam9raS3kZ06ftv+smW0tBfRpkZ7gWO0uasyfSCqUntdxijBr2CHH8YrG4Iq6hWIxgJDwGOgnpXFi9G5RU0oyHfvn6DHCCW/QZ9xNDAr4sa3KqC/HqPmGPMrqUHo0gbqxxTErb5h4iBfhMAf6DMB/0uQJpqHDKEOzTEwV93VdDQPftoxcLp3PZw3MIFfxbgjLxBp/pimSyg3LstqAEWsapjAH4cCWAdiEZdn5fL6tDV5p6+zsgn/zhXwqlRGuIxzrEHK0zqjV3HK5LHYBIwTwgaFpimFCLEKv1hxY0rRSnufjhxNelFN5mFIFNmxHEYVl4A/HqUZh4PkeR56ONQldH6cuk4VTeQgBNkVFJk6EQTyp28En2sVKMqATJUq0pwtOZ7PZLNnlak8VvvKxv//8jd/VmZOOCLcMxmrwnRg2LRNBDJcrEY10EsH3doBWdsGhQ5HCjfs7bUVXA4PpYVQN6IyOnktO+ERPT4+88eo9L7sMZwLVapUkSpQoUaJEiRIlSrRjCWCHScosCoTLrARYiixtJsxmRbIw5r0qkeBUCt6ej4YIvignCExH46q8fT2Gy8JOWsI+JGHCClqkF4sETyx1JgsCigYIACQbQ3lTvnFsxxEbcTQ9LVrG6kmduAyWMgtgi40M2Jg+shg/UgEdmYTtkXgPWi9gC4Q1BzQN9yvO0I6pOtkaNI/BdnuTtm0wFl+jEFVAECeqQpq6Fvg1QImEhSyA/yIKKNE02iwrinkuOuSqmHOqirhDCNSaMH9kuA/otaJr6Uw2VNR7H3pUs9IOVwLGOjL6+WedktPR1uGOu+/fOFwejLRAt2jVO++M0+fNPXD5+k33P/LoCy+/ms7luzraZ+4zZe6s6bapc18zdKW1kBsaGoDNtbW2dHd0+EHg+qFTQxzuBRjewELvhPq+H/jATHFOwg9MMTSWxmtGeIbrMdWtzwf0RFZwfKMIbTcUxQsiOe5kNyRAkyZXdLSjaJ5dNLYmb6QtN3Fk9E5WxAHH0HQm9naOGvsZv11iePSBpk2zl4jjPY4DyThE/BaxTCaTLuTTc+fuP2/e/n29mwHmpswUoRr1ealcMg0zn8vC0a1b0HuaTqEDA+bjAahByEEzTNNgQSR9UWC1MCSVUkkpWsh9Yb6pumaaisYQGauYgw4HKAxgqVIyMJE5petaKmUB+JbFJOWRGDKlUvMBdUeBb0LIRMEChgCYwyAkWK8RLr8BcKuA5RkPHMfRdPT1gFUBhoY2BDjavgTQsAzHg50D1w5hxSTCtHkqreBhLN7Lm5ITva0SAJ0oUaI9XfCFt+udJfCrSOMXnnDeCy+++uTvbyUK10QZiG0XU4gWYs0VlRJRSkUhAYlmjZSP+/QXf/LI3dO6x82bMvuo2QcfesBBWLCB4HmGrMry3n7bQRcJI79EiRIlSpQoUaJEiXaoUBQZREwFICn0Fd0WyFiVwE6hGheV/+CsFT06ZNkzQWuAOQICwyeZGrFAAxjF0QUu8FXGo9APQzOEJ4FeUo3QiFhqCoCRYpFq6AHrNBVTmHtEcL7sR4FumoCEVUUDWmRQTVA5JIjMB8YUAsLE5hkmNgN9h3VxEg34IqI0QFIXKgCZdMuAfQHehnckAr9SAmRYcK5NdBJ5gMdcgJPMJ8xj3GPMhbcDxwuiUFcBQ2E1upB7XqQh+OIirxathCk6kmDNN6Bm+Cz0FNnjJTyQY7Iv00tjv4bYkIOida+qA7/0KfVYpBGmx0nA0CFYsUZFOuorilJPbKdcAFJpnA2r8Tkb7tugc1elYdUzCp091/7s170VQHumxnyvsuVjHzmtu5Cj3Ljrkceeem1dlMmoMN2KQ2cf/8EPLThI4Wz9QPHh514jVqZv2F0/+AZj3pHzZ+t+FThyKp2n1Mrl2qIocB3XD0Jd1+2U3d7WYsDEowSr1AV+1fEoCQcGQtf3IubDpZepm4qKrjCYH4yzSIY6eOzUwYjrejCuqg5jrsGSvh9iMEVB5weyywXYWfhAqPVM5zjSUgfNMmV7q5xorJNHdaW+lLgDl+ARApNWQdiMxwJRtTB0cd6Kkp9wvIhCn8IMm2N9P5nyK6I/MK0xrZzwoK1QOOKIBeO62idNHA/gOKg5tmHC9M9mMzXgurrRNW68Zaa8MChXXSxgqZuwas8LLNsKA1/TVcC9wuEjELGmCAIbXV1dPtNqbgScOGRVL1QMA0sRwl4I4w705oAhdb2KYWZzhTS8zQscjA34YRTgnQ2qZsHAGYYOOBl4s2nYnhciPOc05ATQNpp9Q4QMGQEadQQw+2puPpfPZtJwDV+rVGqApT3Hd330edagfyBOoWEgDd2fEeKL2IVGxrjSJ9rpSgB0okSJ9mjtjGThd7pp+Iri5H8//1///Y/Lnd6nsF4BV0N5nibOV+AMXUVvsVDlijSGlvYa8Ec633rRqRf8zUf+gkW6cJ4SZbybvth2xpfTDm/xAAAQAElEQVTcTsqtTpQoUaJEiRIlSvTnIzRBFoUIgQUzRpGAYTomgL8Ye2ExFHwaz2xlMiUR5AyZjRIxKtKdqa6hja6Ckh7KURgEHL0UEHSqaJXgAfpxgEFT087YrBbiLfaAfyLfQrtYeF6HTZiG1TC/AAataohPAamhSy/A4jDI6bYAbboAZxoAKArsjCmCr8I7AUnpgrspYUANTPBV/DAwdBKEIVEMqmSpmuak1XEVP9ABZAF8BqAWuIAyiQ4ISxC7bW1gEdmFmJAp8mv3CvH677iooihKGNuZwJjAEIkKb5GuGvJZ2DmA9TDcWMQvjHCAVenvTeN3jzqb8FJxiGIJOA/YX7pz3N0PP7150FGzbTQMtdA/+6Tj5uwzhRL9uVdWPvnaciWThdVrtdKHDt7/lA8eFUX+2t7Nt993PzFM1wMsSAB9fuwjZ0zobGdVTVUND90MgXgSoMyAOaO0HfsdMx6EmHkPsNHQbMtOdbS3TZ3W49RqQyMjQ8MjjusaBmBPQ2a1U+lXLWxVOMYxMFcX9tsAnKlpIsiCVXMUUYyR7Cbxbcxemp7cTsb9VtYZOKYysRkOYQgd4Z+jhjPiSpU2bJ7j+xvQgyVEGouxIQ4AHqG8QqftMyWTNl23NjAwAD0PDLdcqdimFYZRJp3RCxZ8XrgQCoqYplue5ztuFT4sNqxfN2HCRNs2WCStUSJBe11NU9raW/r6R1pbW2GUAVgHQeS5oaHbxZGiYagQUQBybUCUQgZ4qDhwISCkmV4AMS0a+n7N8aLQs9NpaEbasutdAENJQogdwY8wXsEwiyqvqDHeBJy6VnUC31eo0tnZTXgbBLMcz48w95rArg8NjuiaXqvVctlUjOcpl+GWvfIuh71TCYBOlCjRHi04SbIsi+wO4dczxeByl2qvxpu7OOYGwLeVosH3JJZmxhIuzQVS4hsDsX709Okc71aD70UmXbnIzhd0FFbeSAB0okSJEiVKlChRoh0ovtNfkDgsgyYSRdFnVrAkQlmMHGnMvJjIb6SiJh3egi/eFaEtbYh31SuiuB0Wh+MAdZmwBQh8jjfK6wrQP9vKrVnbV6kGuXSa+eXJPa0k8nXFYKGvmYAjuOc5ABAl7tQNNXQIwC9AkZGP2ZKAFoEwplMZWU8OTrQBiROq4aoFYEQeTUIGjeFZikwb0Cpga9e0Mt3dkx793Qt3/PZ3xaLT0dYyaXz7AXOnd01qcYOKqdNUKiV9RXQVkyI9392aQ1FFFibca/hzg0BL44X4YfxSGAbo4iDsByAIoHAg+gQhrCJgII8A1DHxIqlXqGvU8hO/+MjmzXgFZKYiVd84FD313OtaqpUC1XTd/aZPOebgQ6hfXTvY++sHHyjC4OuWO7B537bcJ048LnTLQ5533S9urkV6NpsCCpjW9M/+zacmt2f9atVWdY9FXNMwzKBQ6dQAcwEtyGFiKTFRxlAAtBkmBhqDqNlsLpPN6qa5Yf0mDegzAayMxsAykR+XocLrWlwcwapMXdfQkZxAVMHCP2Dod0/S61iaPGq4sa3zBt/Gx7luNVO3To+doOvL430NEZPxA6rW/WqQPuPNCnBdilnfMKd9OH4yqfSHj/vAjH2nrVn9Bhz2pVLR0HQ/ZG1t7YZtWaYpE4ThkPaDkCq6QlUdPUxYFAQTxnVn0nYY+PCZgPUCo7BaqQLhb2lpSafT/QPFwHeBNAOwhtE0TY2xAHo7m83YtoVuGLrOI2gqlVVPIUAFpFgMtQFzwPdYpVLJZLIpG+mzD4JXIx5KwayQPUCJMIAX+yhiJqqGBiOu78Az0FKYg9Ay13U49YaHRvr7B1OpNMQsspkUfqCNvWROAPSuUQKgEyVKtEdrNwJomT0AJyo64abKvEjxuNE/WNJJ2NbWxsMIALNBty5fAKfvQRBkZszDL0SGd67tsjt6ILDvui6cGZC9TfdeZJ+5eNYVry65ZB+SKFGiRIkSJUqUaCcK8Q2V/BlNddEiGU9hgSqzOI8Si74RkVQh6hLGRg6iShhQPkVyL3TJo1QTVrzC+iCUd+ITYlp6CjBxxQsH+oeWv7Zm2bLVVccHlFzIGXP7Jhy+cE5Yc6yUzUNfEbfFA3wyNR026CKHgpWZ1YDXPJbVDMeNWq00lamdQK0EPUX3DATdgCtV3DZsUtND17fTGd/z3GqlrbMzne360Q2/uvOuxxWthRBruFRasarv98+8vM/0zlNPPW7S5M4o9FS0GsETdeGzEW0FoKVRL7wABIzs8ZK3W5J6abumRNr6b1F3j0Xh+jWbVmRz8w6YqwCsV0NxYybFCIIiC1By4chCJaoUWdDYS/Biz4RxW4ZLG4YqVkfHD2++g5hZ7oYq8cdljEUfPIoHbqUW/PruB6uKyXQzqFWntLVf/ImPttlWmZDbfnPnIGBm4IQ86MxZF5595pyJHdyrQAQjhNkGTdY4CyJFJZiDLfLzFVWvI1QuPHwxUx8GSgfQyLnjudDa1tb2NWvW85oDNBKwJgyZjWV7OMQOKIZOqOSzDCMZJonNwoO0mTI1ami7IWtnR3x5R8uQZhfy2A4ah1lYljctHT8vIgkkkmU8xWEumHSIERp0nGZRyjLmHLw/BF2mz5iWTac2rd8Qel7KzEHAyAf8HHGIHKiK7nkhRIPgMpyG6IUD0BmuanXDItyPSGAaeuA6DAsYwuCFAHmhHYZplKs1x/UnTJwIcaFyuQJIGtqgUGYaWhj65VLR913D0FRfB5Ds+aH4JKHCC0WBNlYq5arrQnspwG4NIxFYStAL8Dd+VsXVRKV/tzhyqfh0wrdDTAJd6OHTxLCiUEBx+GEh2rbUnMBnnd0ThwcHHceDhRnW1dxRZdREO1EJgE6UKNEeLfhy3fUG0FLwfa2iB14UGMSLsNhgRqPp9pTIEAh9rPVN4LSNjN6YFn91QYMPPvOT4nbFaFd+zMJ2Gdt7MjRGde/Ni+H38uvvWHvJZ3tIokSJEiVKlChRop2mGLjw2DcDkyIxX1kR5fowJVoh6lbJmI1US8TPuCieJ0fizjtNRfvmoA7LAiBFCK+j/uGRBx5+rFQsO8WKU/MotYEOAfGcOGlcWqf5LBBjtVxzlr+x+o7f3pvOtR628PBDDjqYcRPgJ5zOLnnx9dWrVk8Y13HM0Ydg5TyBgjnxGAkZ8QnAsFDlWEIMMJJKiRYGkZFSgqi2Zs3KgxYc3NY56b6HX33o4edVNR9wtP2F9gOa9Dlbv6n8gx/98h/+/qKJXSmgaUCxAGOL8oR8WyDICAXuVas5ZC8Qbfo9yi4b/wKSxJiBQkrDQ48+9OC61W/st99+02fOTBfyCJoViET4vJ5bSuR1jSTaVNpLM+inVGtLZ67zpjsfClXNdatpy7QU9tEzTrUtFSDyHQ8/2TfiaraNqfJc+cgJJ3V2dFdDZ/Edv13xZr+ipFQOYxl+7NRFsyd3aGElIkAzKdato9wPfA3LVcbXfRhcELNQ2EeQeloz8kfh1Y1WiMAWl7++4sUlL86cOcuybGCWURRETBVZ+9J9Av+HOQnvwuxdLMMIURNu27qhK4axmzOgxajEz/BR32fBVcUDPpqCzpvnpzj6RI1N0ggZNe5XEA4dVNweIOxXGN7lwIA+hxBxIWz8+O5JE7p0lUa++/Iby03LNAzD8zzL0iB+01JoxUtvNOqAa90Ijl9Y5/BICbaVzeUNw8bYBMQMAk8apLi+hwlbmjJpyuTevj5DN6miuZ6bTqdbWnIDA8OAlVO2oatpHFtK4bFpmujSrgIjBjyM911EEUEPa/Sy1kzDRDpsY01UF4IMjgttC2At9X1HC0xxF0c80dFCQ0P/HYwV8cD3cYUhurvDNqCxQNTTGTMKIUgB6/PRXTwIMhmTSZbNZWclGdC7SMmd2okSJdqjtRsBNJVVV7DUsqJhLRXPoxqX5X1ZZGrENMQ3Ox1dHk561Ciae/an2ydNE6cU2q48r3kPAPRdF9rNOuTqtWRHunfsovaFdzW9dpF8bv7Vq0afXHvV/PqyY54nZNG558HvWRee3tO08q2W2du06mrc24vufYtFZC8191uiRIkSJUqUKNEuEY1TJFmc/RcboQKTibBIWZxKKUgfQU9ZKtAfwhpFOEET9JTljMXvFyRMFS7MLPDZq0vfuP3O+w486FA7pU3ft/OEExZ4wQi8qVQqt7RkLZuYapSyNMNQJozrmjt3Tldn9wMPPPz97//oqu9cu2FjcePG4h+eWe54ysBg6Q9/eEHTTDRTwBToEBh0xAEnA7zyOYkwKxsr5WlYCZyEg0Objjr2iJaW9qFB9/bbHvFcrVJxh4eGB4f6ypWRweGhiuMNDtV6N1cefuApDU7wRQUXuWvy9yiHEkwQdtF1g1K5TPYCUZECTesBg8Y1SrxPIqEb/wjRrDtY+fqKu3575w+uvfanP/7Jww/c/9ILzwOS7t24frC/tzQ0UCsXvVrFhx+nCj+RVwPmGGI5O77kxZc2rH+zVhnRI8cd2vShhQe0Z3WnMvLIY488+cLL8IbIr7HKwAcOmzdzek/F859e+vqSlWsizVRVwyb85GOPPnL+3KwBZNTFZHqFBtj5zFQUA00VuNgN4UVNpKkEZyHaoMDUgkACYMShoWEITvzuyad+/OOf/uyGG1986SUfsKN0homEPTAnMYAWP7C3BBOoRaHLMAAEL/03dG13Jr2Oie6QsXOvaQGytRFH4xlxuLLRN8sFInwKeazsBehZYM2FXKatJdvemjn0sLmnnHy8qAXoOk4lkwXiXGhv7xg/fmJ7W2dX13hF1cQRDwOga5rBxYGfTmUKhRYAx1EcqMHbIyAwMzQ06LsuRA/22WcfGME//OEP69a9WXNqeOdEFMEnSld3+5TJEzPpNHyWGLqWz2bwVl2cmWhUbdtAm2ET3PcD/FShajqVzmZztp3KpLMwBzzXcxxH1sCk8aeUggiaKvgxpMYW9PgnuuWgSZBhwDTT4dOh5kYj5VqxBAA7qlR918cE6pFiWdUAScv88XqYhdLRnk20k5VkQCdKlGiPlrz3jewu4Re3omcLjIcKUQZGiuMycdxu21aFDGL9lppvP+kzXyK740aeRhXEnS7g1GffstVzt5xt33Lebc6PF+3oLbO/vBwf7H/Fsucu6Rn74qIfO86PR/+896IzbyGz5pNEiRIlSpQoUaJE77EQ3HCqESXAGoQsLlmHxU5oTGHxKZkeiMsL613pMCurFaoqoN8A74cHNuT5njAWVgTsU0KurFqz8ZFHXzRThXVre/3A62gvpFJ8woSuSsUE7rV+Y9+MKdMxbyPwDYXahnLEwoVctfOtr9595wOtbV2/e/KVkZESNPDU0047/kMLncoA4Y7vVAQhj0SD0cc44g5V0ZHDC5hhWI7nvrbipRNO/JCdzm/YWLvyOz/btLlUGqmUnUqI2aKwTyY39Eo1snUj8qOaE0hiS7bKSK2fw8vsW7lJ190LLDikJKeLcaT01kBLDRxEaZnCw1AU6OM6ooDFtwAAEABJREFU+iyTarVSqlXXr1+vGcAGTdPAf2CELdtKpdO6YcjuEb7Mmq4rPtVfWbkuTbkJAJEE2bxm1oZWLnm2WnOe/P1zmp4LgnLIhveZ0HXYnB6vNlT1owce/x0mG2sq94ODZs088YiFeuAoADBpEGKBd3QrVhhRokjhEdHNUNSmE8Ut1SBgtWoNQghb+vs3rN/Q29sL0HNkZKTmwIAHQRhEMsNX+B1HYaRgIr+Mo7A4TwiL1zGBKeU0F0U1WSjK+eyGa0w+NpG5UenxLZZv5D43Kg2Ko1AT133SA7ruJiG8nqNQOpAQDLCQqCWf2X+/fdNpo1oZHj+he2RoC/pg6Lrwx+B2Kp3LZoHcarqh4t0MmuO6mKFMFXQ7MUxYxjBFUxQIL/mYsSzulBgaHNR1LZW2gQRDQOL5F1448MADYdYEQQTxgFQG6LIBCBuiVcVSZWRk2Pe9cePGm4I4q4YOsBjrgLpuuVytVt1JEycrmDavB1GoG0roBg4g5LjCYWxoCbRZ9hWOpug8GQljcR9g5rvnRxDlgnUy0rgaD8W/tAYHf8gw/xo/uohIrEdAT5Q4xZ4k2vlKAHSiRIn2aDW+cnbDpmMzNWX/Qxauuv/nlmqW/dp4mtnRWYLJ4evWO/ycv4xUS9sdbR493XzXOuV6x7leJCCfecsOF7r3wpg+n3Obc73gzWuvPmT2Za8RsvhLV3950XZ8nFddPb/xlm3oc6JEiRIlSpQoUaJdKZlLSEU9QZknKZ5GV2jGVBJFVFY5YwSdnRu5wUjL8J3ou6zrEYIuoqkGrETVDWG+Qdev2/jm+l5OM8WRqDLEZkyec9GFZx944Nznnl3+7asWb+kbeuXlN4894lDGywCC3cCD9zq1WjprF7J5RTNKZW/p62sCP2httY8++pBMTleoUS250JKIq0iOmE4Z8tBKMBRRRI+mnXlz/frnnn/ur//mU+2dU1xf/+a3rhkYCkeKI+XKCEDKCDkdAGusXRhwRceHTORyEukkiymWfFRx/yCWwtshYe9hHWSPF21yEpCPY5MBBSFlFAZAoP0wNBQVgC+jSgDkDVAg0GaB4himiPKa68oEV2l+IdwYBPiMs0QB5lLowhSMfhjoQLOHw0dvewO3QTWqmjnF54qXyWjO8s0/e+2ltJFT9axS8bJ466gK75/WMX/LujWWwW2TMkqAc0dcI9AKBvEIj0XhiDPgoIl3tX9gYNOmTZs39w0NDg0Oj3iuq4F0HRqCadgi+94PYKaEqo6lLDGfXRFp8jJBt+FrQWQdQjSZwQUi4M6YQyvdkckuF9+e+/Nb5T6PPm5arJ4HjZEimL1UGSXUjMOIaqpGsISjr6KhZGgZlIWeaWgjQwPQc4ZmwUyAgEI2l+/q7A4xPgPBJ+L5gapoQG/z+bycQug4CQeOiiVHsc9ERc7QDxzHTWeysHEvCDXOyqXy/APnC3cOHY443dBhGeDamI+sACgntRqacsCfsAxAZ+DLEJrSNdOtwViXX3tt6ZRJk0WGOq7Rd9D1mdQHJ74/Aw3ocTdFLIE2+odh7AtdOMIwcrywWCrXqp407MCEdyKMgxQKzL1crgD+xkKF+LEX6Yo+yhkS+ryrlADoRIkS7dHajabG6IUGp1lwjmLZIgdEcSFUHxf3QG1Fxl1V05iy/wnnYloI2T3QfFd016rXXxL/zrr8a/Vs554zzp91mUxw3o7uvXDOZeK1WVe8ev12E6RHixAub+RWL79sjn0ZbmXZEmkMDRQ7Xg/qnFud60+p/yEysmHJr786+8zFYxZYe9X82fWGjXnLmLXtuP7hWy82tkmjTd1RP4xifVzVTJIoUaJEiRIlSrSrBRyO189UmWSv4jG6LAtnWQHn6g4bdfpMmnOEZTYiEGGGpcEUBXFke8eEpctef33l2nLNd7kOvGlwy4bu1vGTxk/0PWfBgrmf++cLv/PdH/T29a5Ys+XAfVs9zFc1TIt6W4ZCNgBwyTQ1oGflWg1oUUe7kcsaus40HR2n+4eKrbkcMEZM8cTycmoQwPKF/oHaqtWvr1614vjjP9w1fuK6DaXLv35N/1C0ZbBUrQ75XhkTbQHHqZYisrqRXmnAxPjrb6wA0GnBBgXOkkmUYzggWpRI62Ee20Hs4YotN2SNOlJ3B8ZnIyYKskWwr9qWgYHBkWImnYKR1hH4YQKoIvOmkedjYEKVBd6EYSuaHtC4NxS0244g/BC5VUGCQ0B7VDcZgmkeeg5TPFVjQ/01YMI1qhSrVc4GFdXkkRZ5wL3pA7/9FTBAWAEMpcisNtDdJUR7Q+4DFIVRJb5QKCihHBANiGrajjPzI5F37/lYNVK4/RYKWdtOhSxUmMoDLv0VGGY945hGWIwu1BRVQxIvsqQbxhdsN2DHbbOFtjq4xhDq0Ze2fnu8B5G4YBWSbhSchZSrURAQFmRTxuzZs8Z3deTzqfVvruvr6+3sardS6UKhzTQtgtVCU4iXgRGLTQAmhvGHzg+8gFo0Jr8EnZpVTfU9D/6s1iqw2Y7OzpSdenPDOoge5fKZzs5OOEaEJbVi6iZMGPhYAOCrqS4MDbQ4nUnbVioS5heGbinoaanghvzAts2ZM2cwdOqOSEB918OUdqJiZrysq0jj+prAwfGDR8xRdMGWZisiAQvePFKq1mrVWtWRDi4wMfCQgMlMqee5lUpZB+Bt2qWRgTClQASLoW200tzJJNHOVwKgEyVKtEdrt38ZUB5EqQLnMjqvwQlTtAO4rKrRuGkHpju7IVq8uxz2d0l3nXGbs1UW871fi+01Ljxja4y79upDYup6zq07gLzvQM0cWWpbx4/lX5595pgF5pPzyC2Llze/hUgGvbWFCMLuJc14WuotF9u2SdAA+6btGIzsaFUkUaJEiRIlSpRol0uAN0U4sVJ5k3u9wBeVsLle2Ews2ZQXTKQxBxfMVjgaWJrleV6pWtmwYfOiRXOXvHwbVYyAeblW84JzzzryoPnTJ42zUkTX6VNPPbr//gf/+9f+5Ytf+a/Hn3pu7qzTw6CqG4YShC2F3OYtI4Coxk/sXrl6kxOQlG23FlrSKSuKKkxYLDz7/ItHHXFYwbKdimOoFvOjKDRXr93y7LOvViojLe3GvIMP0K304pt/FZH8QHF91asEbkWhTNWUKPBxj6gWYWU8gFNAI9WVq9ds2bJl0rg2eWsjE2yMjHVIwE1HLGTRXsOmOG0kwVDpxiFGUtSrY0Bxh4eHV76xGsltpWaZRsi4qWk6en6jXwVQOTQmiEva8XoOuFwbBiRC+BWGWGdOwQp1WOGNqjA6KdtirmtnDF/lTqmUstNh6PuweV3VVSX0AfRbaBasaxBb8FQVU+sp5rMrooIlj4Tbi4h44CSUttyYa41WIVxk3UtHawXIpoiJoLUIEmimiLKYGzdsmj1736rjZLIZFodN5Frgyg0BNIYQKPotYDa07Cr+Nt4XO1V8bJVIzrf3ZzN4jsek/jQR/YVHI6NNC/B4t3xA9uPGdRx68IGFfKZWLo4MDba2tGTS2Vw+JyCyi2bL2Ty8o1qtwRSAjlc1XSSY05aWVsOwMLwQiYgAZzAx+rf0FkulbCYDPdzd3Q2RjNdfX/H8C8/MnTsXU5OFQYtpmJ4TQEwJBg+CGMLcQhXgWEmnMq7ro2+zpgnPdRh0INF2qIfw1tz4cVGEhQYj4fQtwluKTE8W6c5y6NEWRNyCQWQqtvRpidCl3SkVqxXHgU3AJIIIExGmK7qmweec51Zd1wXg3t7S2te3kRGcD7LHdqfP5/tVSRHCRIkSJdq+FCIDp/qcwxZmzDScreQyWfg+3dHyekgmH3UMx1v0/qxje/v09NQf1usKSsS8HXuN688R1hwiO3hrvLtdoQeIc5uoSXjFq/DQwZzi2D86fkbotnNgkcVnblXB75xb5avLrtgf/loO9Ln+jFwnueXX9yIT/7dbxqztVlzZLf+2VcXFt1ysbmndWH/cpNcum72dwoN10xIg5s6Y9iRKlChRokSJEu1ieX6ApQWR4wCeCwXHY406dXHic1ynCwkgpkWL0oSESCcGLiqMYRmwStVRtNSKlWvmzD3whhtuCkNeKLSed955cw/Yf9686bNnjWNsuFoBOBTsN3u+pRuzZk7/7D9/plSrrF6zMWJYK4xifivxvHIUuB/84JGplA4QTNeVfaZO1SkWiosiUnWC555bUqlUw8ilNGDMo6q6cVPpiceXjgxzL9AOOvTgrvHdS19/4+VXVm3qK1adYvf49IIPHJXKZIFVwQqBeqnUVyk6/1JEbSnDzK5bu14gSkngOaUNNiKNeanwihW9s9tuyPwjxBuEUvLNmEBTMYgI9SqlysaNmywrlUpluKLWPB/AbygMRoCyK5zA8AFWFgXXgW+qjFHho6wqFLikxqkaAg00NSdwQpUECgl1w1ON0LJLsApN9QAehkHWzJuelQoLBs+qSsr1Aw3YYcXNMd10AAtGLArQNSGkNFSIG7Gazz0/9HwvCNwQVhGg2wNHlwwi6s1p0nNB2HELdMiDwPdDP8DSgiSXzeVy+ZVvrHzid08CiASKGWDOcyTGLi4jCQKEKsozslHXBcJ3b55TPdQxBj3jA3EBCpehfOwP5v5z+bvRbFk9MxKzGv5FlxXoqO6ulsMXHHTEwoMzaYOHvm1b2XTaNu2WfIulpbLp1q5x4wEOw9DAmOqmDYchx5xiggEhQMQGGjFD/+LtEQL4Dg0PlquVltZCNpft7uoaGh5e8vIrFbd2+FFHtXd24jtMO2WngE7nc3kNoTPFicSYCVEOK2UacLjBEik4xMo1h1EVgkCWgTclpMx0xsaYge+5vusBhUYjeVFaEB1XNFVYgUOkA/03ZEY2+v8Iew6Mn7GwVquWSxUYeoGkkTojnCbwGaKLmpOoLELzTuGC7re2tAYBegdRRSZWU0LrDxLtfCUAOlGiRIm2r/isB77OVcPhWsBZWje5ukO4HER00mHH4uvv01t4bvnSVWvHPrN8uaDPAF7f0pvibXTvr5Hejk2gXnT9q1fMioFyXefdVmfcPZf8O9Jgsv8VX6tT70VfxuXJS6+vrbdtSSN9WVBv55Yztrfx7S8mmzSWqi+6PsbiN29NoO+6+RbRmGVN+dqLfiwpeaJEiRIlSpQo0a4VFdX1KKaHeoHLBbABTgdcNkBLaBpx4aHKgfMoCqBKItIReaiqNALIxSJ4wo9IzVOee2n1K0s3rFk7cuPiO9es21gpDx1z5IH/cNHZ3/n3fzn0gOm16hBRuW7qUeAANiyXR4aHNh08b5/PfeZvnnj8hf5BhxHdDX1iUMCKAJFMM/uBoz6YT2fGdRTOO+dUgqXIfEKMZcs3bu6rrt/Qy1lIDDNQ7GdeXPnrOx4dKJaIGaXzxtFHHpG20r+67R4/SlXgrN2gZ5754ROPO/q0U0/IF9KAraOoEvrDGitZ1NWYY0R8YsfkFcs2MqajwwDB/YZ/KGJ56AHgU5iVS6QnCUewSvYGxUGtfcQAABAASURBVMmhaE4Q4g/6q6C3L+Vateo8s+SZgZH+Uq1UqpaHi8U1a9/s7R9yAVrClQ5VyxHxosiHHwYg2AeIi5AX9jzyQyYGHZE8YRFgQ8MPYQpoFMAuj7TQNxFRKzRSdKLDrAkBexoRsGaVhbaiIW7WNKDNDHgitThDvw3sVRZ6HK6fEHQTFmgMlvcFYKX1YoqYACvcP6T1CrxR8UOVEdPzKaPmhCnT27rGa4ZtWmnXDZ5/7sWB3gFd1STZxdR1mHYhND40DB12AS7sAteDtbJIWirvBubIBDZmIkTA4iqEYn/FSMlAj7B1RvNxIoyMicDT8mYFrDlP6uYwuA8B9jv1eFgxiL//vpMXHXfkh45aMHVih6VjNjuyXtWw09lUGih0zs6kAQqrVM2mcl7NrQEPrtRkbxDps0JF/AmCEGh1EsKR77m1wK8ZGjV1DZq+dvWa115+taOtZUJXl6XB0yrWj0Sgq8FvYMtVt1qqVAYGh0ZGyo4TDA4MQ2gBbWw0A46rzb1bXC8MmcDMKnBlRdhyEAgpUMGd4UNG1dAiA6NPiKCBOHP8wUx3WInKMesZOyEU7/I8CDqEjEmDHZz9sBQ0VddUHWZo6Kctq6u9FV7Y0t+byWRhFVg/lalijrE4akPVBI3uGiUWHIkSJUq0A3FFnHrjfUVTDpi/+dXnU+hMhadd25XV1jF97qGMRCJi/74IovZ8donzWdIoQrj8y2deffr2fDYWn2mTMXYZf4zWSs9p9NzY9kWgvT9eJNc7a86s0ednzZ9Fblk+b2bPdlaIePqys28Zs0Lh5tHzThdbezs2adaFp2+1+kXnounHS6+vIs27unaFWPr8M7Za/1saZydKlChRokSJEu0UAZkRFs8IucLQj5DTobGyKDKGN6iruoruGyxECIUGFAFwKDi1DUIfCFEQ8L6+Ym//YG/vYMTV11dsgJUVstbf/c3fUlZtzdk6rcG5cFDzqaBswKwV2CKLTNNEp2C/dujBc1pyf3vP/XevejPqHt89MlJdtXJ4pOhVn3rdTBsnHX/kR886ZeKEthGnXPP94nD18d8959TIihVvHjCnpxKS1Ws23PvA065LzJR21kdPWfry0+O7ulwn2rh+ICTpIHD337enPQOwfHj+fpPGFU4aGuhryefSmTTsONGsUjlYt74fuNjqla/7nqsZ2A3o1OHjyT8mYI76H0gPB4SYZI+XgLpMJvmKCAMa4EK8AHavXK489eQfAD0T4Y8bIF5mruu5bv+G9b3pVMqyLds0LUMH/gesNs49VeEyKNJB6NeMufEUIR32EUJRhciKgLhO0VHwFpF3zZgApGib3UjKpvE/sF0ggOi0EIXSW8OPAphaOtYPZIpk6LAvojAmsEhpzN3IE0ZASZXBoeKm3l4YFzcIcvmCZRqZdBqmmaFpjzz8SM8+PYcuWJAHNqpjujWVef2EAfyOwgCJNhcIWKRGk92h5kvJhslz/LfIfcJGMmww3n8QRpLGq6oq8vEjKq1JgNfTyDb0DLDkbKa9rRWgcCaXstAxkiuiaBGm+UIAAEivhiOrqhrya+xY9MHQDWDRth8gj6WKcD4B8Aw9huAaPhmCSq3EmA9r6uruYBFOGFh3jfNsLhPCQY1zAasUwhB5rpcFtovVD7VsvsBLRUq1QkuLYZqu69dqHicQzIhczy+VK3ax1N7WgpOGM2HyEaCVCtVoXVgtUtSTVIRREFJtBfdc+D8rorygGnmAnn3H8XwvFGQ60oiiC9MYhNvwgcWiarVkWWZrWwG2Mjw0hBURVbVWq8rceXmYiAxoRdwlQBLtAiUAOlGiRHu0duftMOLONXlC0DXn0E0v/E4xLRJtXaQYzaeiCL7PZn/gVEZ1RkJl99Hn3dRdPZfccsX1WI5v+fV3rL1kNNl51hW3Xnj92aJM35/EoN9rYS7zuU0lAUXzXtrGvnmHi53xlmsXSdOzSKJEiRIlSpQo0Z4orsYGG5wK62NgPMiXVfSgwExChWhc+D9jFi0PiDCYAzgF8EtTtf33m/+d7/6oXHKGh4csW4+8aktLauL47EfPOM7QQlvHpMUA2RJXRS5qiHXhPFgDgCZgScCk/MCduu+Ev576l6+/vvrhB59c9cZGgGnjOifOnTv7qGMObmvPAF8qV0oVzysVa88+//ILz7/CqbVu/UCxFBnZtgfvv8sPjZAFE9pb33j9tYnj2mxdL1aDas0n1GS8lM+2BJWhSZ0tgVfer6cQTbQ0laTSFlCtAOFj5oD9ClFkbOmrDA5sSuc6CQ8p0ZH0YU+I1Mi6s64wUAZw5pE9XlRcmIzWjUR/FQ6QsVQsP/HEk5VqlVKjnlGM5iu2qWmKysLA94IoCEeiIsX660T4saDFii7seu2UJSkpmuoCdNbUVMqePn2fTDpVKRd1XcWYgu8CssaLJCaopHA1kIUN64URYbtYTFLTNVEOMfLDkAiDamCHaP3LCRBwTPJFAIowEihiiEUGGTJUVdENw4KmWKlMSxuQ81/+368CxjZt3lCuFAv5fHFEtSwL9l7X9Jdefm3V6rXHn7ho5uzZAjTDGqih64jOgUFjVq8hgGMkLCZ2v6TjjXQ9FnYbXOY7w9Ul4HbxBPYQ/ED74blsOtXS2tba1tbe1tHa0gZxA8M0YDABvULgCMMAoryetJSBI45jGck4O0pmGUPfIo5mDNPDI6TPAvQzaTcDs79Wq5VLZcs2MpkM5kIzUnOqxZHi+PETuyd0dLFOGGvf81Ukv0qEHauUSjAZDBiFCIdMBewLe+E4PiwCgw1bhBVCQ2HsbcsMfJ+K2SVjANLPpwGgFQGgxQcSHomi/iVOP+nozdBKAwIYsFkmDWIoUUWGu8wWxz2F2eWj8ztva2+Fl3qHivBqJp3zfQd5NzpEx33RSBrbvX4s7x8lADpRokR7tORtR7tR8sRp+hEffvbnV+vcwXvLWND8Kp45qarv+5MXHAXfj1jsYPfdwrNzuitOcJb5v43ie+dsW7UP4Our8FLP6N+zLlnyKpk/J2bQ8+cs++O9OHpmziPkte1v7k/QIqDL18eP5Q5ef/uqS7ZJ397+YqJJW9F20L03L4bf55wL7Vw1+mzPvvPQjeSm29d+thlwr739piT9OVGiRIkSJUq0qyXu7FdFKiS66nJRgE8YbgQkgh+NCUAFJEvUggsJCQPXy7fkxs3Yp7trwuJf/Gbzpn5VA5qkjOtu+fu/+5fx3S2vvvyCbUYaQtDQ85nI2lS5dGUVlsQhutNGaG0BFFvXfaxhR2bvP2vOAXPcmguEy7KAoalhADTT811gvqSv3/nd08/+6he/8SO897+vvxQx8777nxgq+pGPDrb5fKE0MvCBw4/UFcVzQtdlIfUyqWhKdyGr0bA6Yig0ZaWsTM5QqaoT0zZgt8T9+3rNI/lMdmBky9JX+yZPnmhoKSRlAWZXigxVNIJAcoeZ4gzO88kerzAKJEQTXS5sGlQ+NDzy+ONP1FxXwUJzCAphd3TAxgpiPc910awAXbHVtGIYKSOdtjOZbD6fB3JXKBRaW1u6OruAAz7xxO+e+cMzg/0jMG4qEkx6xJGHH3zYoZYBANoDkgloD52XPUCEzMcx9OAXNEkaMsO7OGY9s5oXDhdHYITRR0JMM2hzLpfN5rLwwFIVDf0WsHIdoGrbtgxgmqlUOp2xIYBgWpph+hHf3Ne7/5xZGzb1Og6AbyUIQ8PUYQMAMQEuwt7BpP7Nb+6Y/+bGQw87TFbmE+g5QPtymORUFzYY6GxOdoO4rOzYqBkIMBxJKz4pLKqR/itI9iM4RDSgwKlUqpDL5/KFjvY2GJG0bemGLpgyvE0VgDaEIwwTh2EHQ2C+ukikUuDKkFBppKxiDEARBFtF0wxguCraa2scC3qKJGtBcmG+B1FUdapVr2plzFQ2HQUQovCCkFkpG3pM1aBtpkIM3wikfQjGKnRDuGeowIUhqmETJWL4OQNHuvSLh31J2ZbjOPvvPxsmhK6qEgSTmD4jLpeX1aQeRxFZzHFuuKgPKrLiMQWcC2NnFkCbcA0cRzZ+H164YyxElJ7M5jKplDU8NOK6rm2nYU21qiuLHALPh5kjMvNltycG0LtICYBOlCjRHi35VbTbywJMOXBBqrvHG9yI2RxjX5IOXBDvnXnEsVTeKER2jwPHzuqou74mCwli0b+znOs/+/VzvoxJwbecfeG5zvUipXnt1edcJmHqOWdtk+O8zyiDXv7l2fPJO2TQo3h30VnnkMW33HL2/Pmvjvp73HuRfebimImTP073yqTmtyPab7WYbBLszoX7Nl6Nlyfnnbt1g0459xxyyy1Yn3Bmo7X3XhSXZ0yUKFGiRIkSJdrFahgbAK6CX8iio0DhIWEeCwEb2cB4AAulbd2y85m02dXVkcrkMun8C0teeuyR+0zDmjp10rju1rSlnnzCMSR0Z08bFzpuwDAtQ9G0+MZ2Ju0gkLIBt4In8WZ/CqjUB0IlfACAbfuGYQShx4hbqXqBHwV+4Ljs939Y/ut7Hlm1Zl3kUa6YwA/LldrAUOm5F18iWpoyBfjZM889P31yavLE8UBfAaUpqgn8S9d5R2uawloAsFkWcGpgYZheqxmMGUD2KNWiEIueVdwRoFm9/f1hpBw4d37ZLaEJNBd3+nO02mUU/Ucizry9AUBLlwb4F7DsSHFkpFgaHi5u3LhxpFgWXc0pwl7Ar4g7FRJOHD9x5r7Tc7l0W2shm0mnU8DoDMC+mkhrBWIp14kpsZSceuIxxx2zYMkrbzz+2BObNvb2Dwzdddd9jz/+5PTpPQsOP3jKlAmMY806lSFf4qJkniiOFxNW6XkMv0JGh0dGVq1Zs3z562vXvQlNpYoKbHXixImzZ83cd98ZhayNlBz9monwQY4kVBc5siosrKt0/PhxF174l64XVCq1dW+u37Rpc//AYKmEfgvQfNi4EwSWbT///BLYxCGHHDJx4gRglJqK6d4EU2rj+c/4brBdEP4fo1UE4+dEnwESh8OEhTxlmePGj5s8eXJLawuao1imaZj1i2KuSLcIkSss9oQJhKti3jrabaicou2GqGWkijRqNN8A9CyvE0WFSQpxByzj6GNqfz1lXtZrxOxr09JbWiZ5INeHFeimlUXfntCHI6dSTadpJp2CsEy5UvExzMBgG4Zptra2miZcE1seGmNElUoVmpGy07gMFiWMTN0IXAdaG2E8ICL1vGMq41TCkkW0EYkw542MaDQkwdxnzBaXb0GLEVqf88KoHdg5zjSMMEWR6zowgQuFPEywUqUKswamPwS6ojA2qFFEUjh2HURpeKMgZKKdrgRAJ0qUaI+WvB1p9wJoUe0hOuADJ93/i+tySkgUbatX5e8oJPDtFlFFY7sNQO+ShPFF1996zi1nI4I+c6wt89iifE36Ixl0A+/aX8Z1Lvns9csuf2n2l5dfNse+rHm5sWX9/tj2b20qfd7Xx6Y/v+Vi+8RN2vrV7Tep3mOLz7QXk0S8J1yFAAAQAElEQVSJEiVKlChRot2oBnrTFUB1IYt8oLepjJ3LtipqO3BIjeq2ZaXgkYX5sToiSUCHRFd5Wy7b2Zo74dRTP/bRswq5bLk4RAAXV6uGqUVA0zSVIAMFThRiuTq8l54SzGlVuOBNinD1JbC2kPheAGwrYrRWLSq64pfhiYCHyprVG2677d5nXljhEcv3FQLn1oqhkIB5zobNm4dGRgotKSdwGTzlha0tXdlMFkGe9IZFt1sNbQsYoE7dCQOFMouqbtFRNd+yjEyuQBVerbghY67nlitOb2/11l/9Yv4Br5577lkKBT4LjFJnohQMpogLKgX4jOzx6u/vHxwc7O8fKFUqHtDZkLu+D3sAXRKJ/VAw4Rf+VDAhmYWpjPHB446ZOGFcCP0Y+RwzSwORSqMg32NiknCsYgcTRjcM4PnHfOCowxYufO6Z53//1DO9ff2VmvfsCy+98PLL0/fpWXj4YdOmTUmZhsjhRaYnfUyoSHKtXxpRjdFx6cyEKZM/9OHjt/QPLl+58qUXX16xYmVp+YpXXl2WztgzYFULFsw7cB4RecEapkgLQElV6dWLhsAwx7A+JFz46HMOOBB+Dw4Of/Xf/q2/f8T3MRmWol0D2kmY69YtXbrsb/7moimTJgLf9X2X4LWaKmEuJurvBvGtXKDlZS40xjANYLgHzz9wyuQpqXQKXSZkIUIeF2UkssYkgec57gWhwkUE+0ZgfuS4Aq/qguViSrMi7J4jhrUKRRI0PgexiABL94XyQpuhFTM6o8gGwdVkS6EAHwBAcltaW19+6eUgiDo62jQITNkmLFBzXMcZsCxbGF+gJUaxVEql062tbcC0gQZrpsXR1iUslyukTUEvFwhOQIPV+KLed104UAVIphI/C29rmQZN4/KKMREWx6FE5OJ5JodWUHjpVUIkQ8ePHa7rpo8fJEEqDSzc3LJlAJqhUsMPIEDmSvsOhUrAPWYsEgC9a5QA6ESJEu3Rkg7Lu92IQyWsY8Fx0TVXRq0tcCIsnxTfgZzoRAkNzJbQLYw64+1kuweX76yOOuVrV+x/i7TgiPnytubIZNYVr26v/GBDYxm0/eVzbouzp7e7xetvO++WM5tYLVY7PP3q2MpDbu/yd+HmMbr+rdq//bW95WJ/XJO2t6qvvzr7zIRHJ0qUKFGiRIl2rTgXd9wDx+KRrmqZtNXVNSGXTVuAmzWiKdRUdUWaBVOmYvlBIDj4hK6yufvN+PRFn9x3v5lteYMyt5C2Iy+wTAuQGAVWqHAmDIZFATs4I1ZkDTrh4arJxwiP4FQ6SAEF8v0oiDyuROVKRVHNTX3lu3/7xJLnXx8cKKm6zQKmaCYmUsMSYURVo69vQNdtzhU844aXGZ0wcZKAmyyfS+XydnWoBmgpiDgzFN00Aax7fugCEcPkWeLCW2pF286ohhIF6BnLafqll9cND5PeftcNia4B1kZzCLTeoArQqigIoJuAt5E9Xr9/6knMYkVsTDPZvB9GGtBYQS6l6QMiSBl9QPzGevsGrv6f751z9llHH3MkLAIzgQUiN1hUwiPC9yDGgDGc4zXmtenmpEmTF5102rPPvnDPPfcKJ4uwWPEffeyZFSvX/u3f/jWELoAiBoEv0snxnQqpW0AQkQot6yUS2jV+0gHzDzr2g8dd8fUrRooVHnE/8F5bsWrjlsG5Bx/a0dGO3hSCPhNO69OoIZExi5Xs8PJr3PiJZ5318WuuvUZBc4lAZNXixj0PgiOA412CjtihLGmH7iOcEL57mCMTthVEFMuTwh1kPJ/Pf/BDH5w8abJtG1T0kibosESxIg+dihKC6KqBWUcC6yuqEa9ExVx1RVPh+KLC9Fm4QONSKmaF41a4eCpikalZEMLBxnDhpAyxnBCIdGBAnAFLUAIy1nXd8PyqqA0IcSJaKdc0Q0vZppUybd0K8cjwgTUbhglIt7t7XFtbm0jAVwA686pHNa1ULI+MjHS0d8AlKnxEeNwNhJs1x5KDWLdSsmZhtcEUmfws9lbEK8SICwfoRtcJ+ow58cKIA92g40CC9JIWa4DRr9UcWEcmnSuXnFLFkYYb1aoDlJ2JNeim7vphOmXKVH0cCpbQ510kmpD+RIkS7Wy5rkvereC9lhDZrcITIM/7z2P3UXlEldGPTarqHM6bIxIpxhceWwtf2mTnWWG8nVyh3d5XiRIlSpQoUaJEiXaNyuUy+SP1H1/5B44lAUMAUrNmHzBh4mQLqJKumxZiY0PH9FFdUeNsSWEkq6DTbqQoOkdbi5Smq+jsC1SLq5pqBGGIvgCKuLkf69hxg5qExanWDIEb4mgBjhi6t2LWNXdcX9EN4EY+JwGn9z3w2E0//z+Fpgwj/Zd/+amu7vx/X/uTDZu20IC7bqAooeKXjvvgEY89+1K+0OU6PuOeUx744mf/6oSjZxdyVrow+aprf3XvI8+WS1vOO/2D+4wrFCvDfhAWWrAYWjabIjxUNOBleiaV9gCt1Xwn1F99dfOTv3/N83lHV+ZTF36ks93gUU3XAMJZWIxNIQCzBgZHfvfEU1d+8xvkj1Q2myXvVu9iWD981IEhInNMZZ66z4w3128YKZYUFd0YRJItoES1cYWiEKD4xLZNwJ3f/tY3DdOAkZLV+aSaTAniez0Fk/d9P9A0WJiGAf32d77bt6UfQKQoecjDyD/hxGNPOeUURdZDFL4b6PaBRR2JxNqqAL9YahDXTiNONE3/5S3/d++994cBMM1QMdVquXLyySddeOFfCogsM6gpiZExofF1lnCTEFASNgGzSDfsiy++eNOmjejHIFsu4GQhn/viFy5tb29BbxcA0q7T3tGORfuENcWRx55E/nj9KSN7wflnNEZB7gscFLl09oyPnNHa2mrBQLBAg6NKuGPLPF+RwhznP4lUYAnRiYSuAHAxl1lVmMgVV4T9jabqaHMs0p+pignIgv/jdmHNnged4Yu/4HgMAg8OFDjEFFHLUIUOFbbb6cHBwfb29pGRYUM3y5VypebAojDFdMNsaSmkU2kqroohjCRMnGX5QDR3DqOo5nqmaRaLxc7OTln3EGYOvIAp2zKrWwY5Ru/fjf2g5W5i2ALzukcRM4JrdNqgSMrFlAsC2H9cLUxK2HXYLsUoF4GW2ikb2l+plKvVKpBqeIvv+ugLgm92cjmjkE+n06ZpwKecBkeDrNz5l3/1afJu9X67AJ87dy55V0oyoBMlSrRHS9b32+2f6RERAWfNVMJqfC4mviDh/EnF27/IhH3n6VheebfRZ4Jf/76IPCdKlChRokSJEiVKtH0B/BMJyrS7a/y0qVNtOwvnrrZlmliaLgLwpSniXn0ijJxRJOSRnbJENqoKCAftXA2LsxDoIbxENGkQIHNlESShe0DdZxpQU8hFwmJ86zziNMIDzaIAhSJijJSCa6772SuvrfIjM/CdRcccM2P2pNeXLZ04aeK69b0a1qNTo8AFNAbMC067FSwiF6gAqLg/rrsVszjRfdj7+EdOeHnpsje94ouvrHzw3jWVsgugO5tJwXp6pk2YMaOno72NqkrVgy4wGQ9GyrWhcugxLaC0f6h6/c9vzaXJOWd/pJAzpCmtJKiA2mt7QwY02hQwjp4VhPRv6R8ZKUZwUQIDLfNh0UlDlYOC0BOTbmmlFlad4PJvXv3FL37esmxRN046G0jHZqmYFCIiDEJV0UIIRagagMEzzjjtym9927SsCGMLEQzQ73739PyDDpkwfhwMNUDUuruuBMby0kkmHyuNTMggiI46+gMPPvhoGHgwnfyQpdLZp5959sPHnzCuu5vUrQ4lg+YyQTtuj8CXlIZo9gJQ1Tnq6CNvvvkWkfGN5FoRCwDVBV7MhPkvVr4U+dRiVZTtBgtovAMgPqjEDsgDYsGChYVcQVU1zqiumviqsNQAgiz2kUGYB0YQpjqS+7qJdf2yj+u6gcblRGYTc4gzhFGIbshYyk+NxGN02MAE4VCJtNAPJX32PC+EPwIIKigajhfenQBDjDnjHCI8zuDAllQqBQgX/bUBjkesWq1Vq5VNGzel0qmOjq58vmCaECLyRDa0gbbdOFGoqsJRpRQKBdgEfLRgvUBpB47DKUeGSXre3DlycnIZZ4hz78VtEzhUVGbvC/sgKvzB0UomwF9orIEbYKHnBZphpNIZ13GdmkfR5EOUUQxceCNEXNS0kU7pIoW6UbhQ3nK9F9js/BloN9/VnugdaM235+JH7vl3kkSJRnXn+Tgt5n57DfkzFxDVPyWB+j1rBkSSTXP/Aw8SdZNHRUmoEbyfTS90kd1Kn4nIgE4AdKJEiRIlSpQoUaK3EFDJEOGL0tnZZdsZy7RaW1qz6ZxCFNtMWWbKANiEP5ZqmKphKYZp2WlASppmAOexAFXaKUCOmmV63Few7l1EST1bNlJIpALSAb4ZBMx1gnLVrdUCDz1YQ9cJHfhx/VKtBk8zYUL9je/895KXVzquyiKbcy1kISfAjKJVq97kgMsCzKsGuqbqaAWgICQLUpahESWfswsFvBkRKBQJ3cnjsp/42MlpU1/3Zp/j29nWHjMzaaCkPvvS2rsffO7m2x657/GXnnp+zaNPrLzj7ucW//KRn//izudeXEo0o29oqOJ5b6zpfebZFT/9yW82bS5TwNyqLM6GuZEBelns6YLLEE3XDNNIpSygjcCI0SchDAP8jQnr0LEQOsAsaUwn5chtDQNo6NLlr9/8y1+5QQjPQc8zHspKfbJQm0hNRacNXL+G/ic4DdDNINxnRs8ppy3yfAcLG6qY8l4ul+68/Q5Z9o5JB2MeJy8zpKfCwJgReLNMaBX+gbS7u/vss86GThblCpF8Dw8XH7j/wVQ6LasX4iCEMavF8pCikJ/IcwYiGpoG7KkP7Tn88AUQq4j9N6RjB1Xa29p1TRf0EzaNKFYmUIu82t1hwSGzbeMEczR/6OrqnjBhArBY6AExwTExGgItqqpjAEGBmIIhXR4pXhlrAIiBv0Inw35p4k/TgOiRpStw1FpYq1EDVmzDAQ6xgXoZUOy9UFTyk1fWwJQdx3G9ahQGmi5ylGM/Ch74fhSGlXLJMLSRkcFqrRxEHhY/pBDe0FJ2Op3KdHd3Te3pgdWuX78e2mqnUvBWz/U0vJEC76QwTdMw4Nhk2Ol+2OjqeueTxp/NqmdSj15Oj+ZEix2JRKwD1yDyveWkItA5hHpY6RCjW7B1WKzmeKJiIYG9DAIPWtPW1trW1pIv5CDCYVsZKiF3XAUx8YDeRUoA9DtUTIEbGouD7xYskO535TuFgWuu3K8ZHd59Ad0hTHzj1z9+Ff9d/H93k52rsfs4pjF/9A7uDGGnNekdNibuW7rft98gf066+/+Ed+yrP/71n9d+bStRB3l3hKfHiorCHZFpcQXPqQmeUkXoOsaVUCE6V4taBksPUy7qIJDdInT+2t1m2YkSJUqUKFGiRIn2ZCG4iUgh15LJ5pBv6Vr/lsFNmzZ7bkAiaugm4i+gXrqhGRZFqOGXsQAAEABJREFUP2gzInD+q8PzgKLh7DzESm40Yr6qEaYAIQ6ZKJHCI5WEOgk134sQdiJqxDxTP4hqVQ9wl4vlwViIGDBPlJwXaHfd9cDS11aGEfBKLfAUlWaefPy5//p/377x+v8b6q/oWkZVLVFVDpCWlstnu7pbKPF45GqET5zQns0anPuhH4Suq3F/0fFHXPeD755//rnTZ80JVd2H1mcLSqqlxszNQ97zr7z54GOvPvD4a089v3bFmsGRUsQUiwM6VUnF8Vwf9qzw8ivr/ufqn7740nIfjQREJT5Ro43s8dLRPIV6wIMdz6l5IlVYET7OonYdB0YcKloEP1SNYMhg7GpumcGljKk8/MTDK954XSOqBkvB2IZEifBHZVRjioa/8fnQ48D3Ah97Q1XRdWPRouOn7TNFgeUUHoQeXCS99OKLa9asaW9tS6dSGBiILX2JUvfyEP8rwqcYjVkAGsK0OO644/bdd180dAbIGIQqpY899tjypcuQEoqqc9KRmsYsHH2AuaipKNJ4XbxVlQXjujuP+9CxADxlDjSm6ytqoaUFCTYOItD3UBPJOrE/yO7ygOYythHXAu1o7wCUDHNYR98MhhedTGZnK3G3AX7GA1KrW2lTyaAR74rVoQsFhniCGgR5Iqy2V4PpHPrlSlXerwCsGQ/RgAnkzXzfq9Vq8Bbg3Zom71+QFszS7SNCuwrPhWNY11WnVsL55NVkWAIYd2dnZzabB0wNsahCoaVULEOrdF2HdQLdhs3pumHpRuB5EDKCsJUIgkRxPUUmDbBjstz4je4dMuKBj+tFK+voXJo+i5KDoXzsQuthvXhowvyB1qILh+e7mm6YulkpA1jHsoewLHDw9o72zu6OXC4LkbOUnQFeD71RLFXQOgjvBcFYCEm0S5SgireX4J7TLn11zJOLT0cK/e6QMCDRaV9Y9k6Xnn7WRXPw3/M+djLZeXrj2/tttY+vXjptT4K223basi9Moxe87QjcfdON8eI/vu3PKlf45I+dh//Mueis6eTPXvC9KOvb7k6J4ilMnEMFwosjoho8UEQAOwiZX9wCUWGsLI03tJFdL+gi6CiSKFGiRIkSJUqUKNGOxWjICcu1FLLptKB4UUdXy9R9pgDEWbli3drVfXaqhai2i9aumuSXwGhVLEsYwY+mcCSVWJJQVbhKGUAxFW0ChAE010kAUJGGVdcZKVcqVUxA9EPkRiL3WiOKJmzrKAt5uVh98IHHLTMNAA1YGlYWJMRx+ebNxXKVRfg2F9gnYPBUKqUq5sbNG+ftPz1ySjolquJP65mcstJ4p6KqVhwXGxDVJo2zL/zLU7/3v//fv33l7xceMrO9kMlYlk5NyoxalYehYdk5xqOA1xyvQkLYBQvaFAWUMNMPFB/oeZB76KFnAMBHyLaxoqEXemSPF5C4ABOT4brE5QrwZVlGUqNYZA6tOHikQB9TjCXA9QoF6KYDx4R+96LA8f/n6v8dHCkCWg6B5GlKACMmspYjEkYkEkQUcB2Sa6xmByAR6B2EIFz31JNPRothkUwacH7IgoWAkte+udZxajjyaAFOXQg7UHmZRISLRIhziYcK5tUiSg1D98MfOjoMyoz6AfOBuLpusHjxrzwPlte8kML4uNyrMTfkYSTyoYE4+gx+qBcBkobLNGgzO+usjxYyaYiNaOjgjdC60N7hRcSHhiuYQqSwUJoqi0Ta3QCgKdE4xzRnhctMYJ7JpARBBvCO/hzY13gDgSIypJHJcvFT5/YqutBAWEgzqGbAgQgPRIo00mlh7a3gq/CMqsPhBoSZoeGJIvK9YYYAl/Ydt4yW6ISrwp1dE7cWkDqOFyiYow1mAMMEHWmEAXcd3635nutWKsVScaRWBdbsRyHPpHOapg8PDnte+OaGjSMjJfT4DhE4q4qOzu94swVGESKRnyx2WxRiFNUxGYwkF2VJZUY6q5vGw4zVVHivsI8W3YRlJCMqCjPCJ5Xv4yag02R+fgizEUJYVEmZOhzcUeArJEyn1Y627MTxXd0dHfl0JmXamDau68VyZeOmXscLVVPH0AUJRWJZchvxrlACoN9Od54fc88531rN67pDsD+y+JRdYYAw9XOv4DZvOo3sNK359pmX4k6O7uNdYg+XXfofOzvt+h2qzpE/eZds3+pvzsY/b7z0bRD5nTctrj9c9oWv7CE7897otJuwI1753FTy5y/gqvAlQ3a7qKgCwdVypK/YMFBhBjyAc1M8SVC13tee971hT9ynRndHDBW6KAHQiRIlSpQoUaJEid5aEdYlI9VKKZtOeb7H0ZoZcGPYM2Pq3IPnhCRYtfrN4eFavtARYiE+HTA0MC1MTqUaFgFDDoROCcCAueA3ogSdAkwPKJrjIHh0HYBNiqaamm4q6J2hYaIlMC4sOxf5gkWphvnII7/b3Dfg+iFVVQLn1AZRDFWzDN200plMNpcrFLJWygQiBqSpXHVXrV0/b95chapAEa20MW1qjyhwqAGIBPRZrlYiv8aCCmXloS3rj144+5tf/9y/f+UfDj14XiaV4YzaplGrjUSsmCuwefMnt7ZzQw909Mh1FBpRGrlhJaK+mYJuAfSsSvsCkTG6B1yJvK1EEquKhQaRyAmjXfT7xrRiMcYcPTEElI19GUQeqkgrhmfKpfKPf/IT1wtkhruqayLHmAvbDMkFWZy/y+sGGJxk05l9p+971BFHAhO0DDOTzp5wwgmDgwNP//73KdtGGw8VuHBkAOkD+hnAyAcAnSH4AD86JlFjQR0GT1C6/wFzp+87EyAsrNv3PcCYy5a+9PqyV1jgcQY8HHAoltpDcxbMfBX+HSKvFhqC0xeLZCotLa2HLVio6xpmCqsqRFlc3x+pVH3GAvhBuwm1vhdcugDvYklfCHnfKvxuyeW7OjqdmiPycNEsRZpMwE8k/FDE6OFYxchaEVQaIbFKADmrivQwpmh7olNhiCP2Snhlo8+1SKASjuYuHJq1que7GDJSscwolYBbZGTL3GMueG48neJalSr8htAFUmXAypjUrApnEIxO+R6MDrGslB+GHZ2duVzOcz0xPaT9d2zi3fD3qKPnONeZNnKv6wvLlGcuZ6yA0hFyeSZN5MWgC+8ViECgpQimPwdBqGkqiwIDPj1UCvGm9rbc+HEdXR2trS0tMC3h8wbaWUVV1r35Zm/fFlHlURnc0l8tDdPQ1UgEE4sk2vlKAPRba823vywAJpDZZtIH7E8y6Fcv/coOrJnrzg9b2Vmgl8UpkqViivHWthu/vmD7b2k4TtRtKM4/f3T9WyViNztp7PftK8/f3jLb1+wLzqrv48k3SdD7MTL2jb8+f0cOGHee32yPsQ0XHuPvsdV7x/TVdpOa31i2RPzbSAOf+vlvSUT+lnnN8fDN/uR5AlcvvmmbwXrLTb9Vm0XO+I729+7mvhjj1vJW79rRnGm8C5aXa8Y3NmbC3X9ik/YGyTt6yO4WOmyoesjUnOLOnNBS0PwsdeBMCL7RPc/Lhs4zN/7IwERtbbd8skIXySqIiRIlSpQoUaJEiRLtSApRoyDavGm969c0SjwvrLlRxQlHqkWP1KbOnNg1rtswTIDE6UzOtIQLh25qZpqrdsjNkBoB5R4JndB3QwCPnut6oRvRQNEjwyZ2SkXfDFUF9GxSqlOqIWEkwJ7RzBnwFfxZqrJXl7750OPPZPJddqZQaGsvFFpT2axhG4DR0ISAh0HgOp6D3hjCzcOw0r19/fC3gk4FeIHQ2toGSFPXTPjTxXZ4UQig0mfwO4Q3lzgr7X9Az1f/9eID5s1SdFKtFllUUrV+O1Xr7kwfdtj0dBrIZImFFU48rriqEShGQLQo19biR9KtF1cZ7A0WHAEKULnPsAIkFy4UDCAjlmYLAddifnQYu0ALAgtdHEXyJ0J3imjJkhcfe+wJ07AZvsS4tG8mo4YIkewTUR9P2ii4LqB5evoZZ44fNw42oetqSyGnIe6M8vBAUwF6QntqEBsIYa44msIoC2xTz+cyqTSwQQOAM9F0zc6k8u3nfvJTupYG3AkYkYXVwCu+8tITKTPQmRN5tRQEMyLFVFUDM/NhPkHYAfYq8Gq1SqlYKRaHBwZ7N2+eud8cuGYrdHZ0jB+fymSfXfLiD3/y08d/9yTV9YhilrSkzg3/310sSmUNRZGRzPmkSZPa29thruNR5LlAW2EUw1DYhQi+Xk8LFqYdIjMaE9K5iCcQ1mRiLHPbNfSJxsci+CCds8PQqVbL5RLMDg2OScNEHo2cWlZrFG8Hci3os/wTTW9EqURVCD4NUum0nUqZFtpN4/PobsHElEA4XK3VgOjm83nMROYYiMIc89g9nEnvDkIaZtSRDGA09z8VJhyy6Kl4jHSeCjguYwyCpGPJSs8PfJzocIRDnAJDEQSPUh9iYXbKyOXT3ePaW9qypq3DwpVKtVgsDw0O9/Vt6evb3N+/Bbojk061YGjL2rRm9WsvPr/0xWc3rF5WHtxIEu18Jelyb6m6/3ITma0L809vgn/XvLEtAAXYd8ri5ieQNf/4WyuXfu6t3RJevXTUBAPecsFsfsOObDcWL75x9PEpcw+q8/GtNr3s0nfk9TF19nzYojC1eOWuMRs97eTmFiz7wqXLRh9PO39WnJcN5PSUG5tXuOzSGfTH31y99POiUQBGZ1y6bMx6GhsCyDvW+uPGUyi5a+sdRx8S7JzF/3f3TafJl06OB+AtFA/f7Iu++p9kyeKxbyfbGSbY9I3n3cVvOnlHbb4hjkMA/B3rB4L7+8Idoje2eePi0ymRLwGjP33x2HftR+JZ8Y7mzI/PPGVHw/kum7SXCL725JcZ3X31/fAEjGsk9Azq8UgVhXsjzAjBu4xY0eetavTMr354+F/+g0ZUTg26axm0KOscJhUIEyVKlChRokSJEr21eMh6N24II//1pa/OOeDQRx/9/fR9D2jt7AQCHKrcJNxQiUFpFLpu5GqajmmUgO6IKHqmKRGPAA1jqTr0dzXFzfvArhTkZcidmACc3AvQKzgMFd8Lq04N/hsaGu7dMrh5U9/m3oGaE5VKjkrbVMX13MAL4uxaIFpoy6AAWvQYQZKmY5U1lQJLc6tBUHtl6cu5ltTAlgpjFiMi71MFtKg5ro8Uz/OwAprCx3d3wZ+cqJ4fmun8Jz916quvL3Ecxa/VeqaO62ob/9zvX5w8Y5JlZpyax2NbXh2AVkdbO+dqvqWFqpQyBRNtEWfvBQBaFvRT0eEEk2H9kJYrDgBaLNKGJgwizxkuYIi8pKLS0UHkNRN5EQE47xeLf9HT0zNtag/0IhNZsWLdkpliZxOZysqlgzHmn4tUaH7qqaf+8Ic/BM48NNjf0dY674ADBgcHN6xf19HVXS6XCQuLgTcyNDh5/PipPZNVVak6bqVSW7OhF3j/xt7BVavXDg4MQUdnUlmXRCpxjjhqwUfOWDR3v9lAm0dKZM2bAz/6wfUjIxXfq8CgQEwATboZhBuA1yKyFVUNIYAivHgAABAASURBVBJBzXxbS+c4AKguTD5dhWgE7MmjT/2+XBo6euFhum3L5FxKyW65tJTJ54BruUhMtkwLnkxnUoHjArivMaabdsRVlcGRhmm6mKSs4OAhn43L5UUivZ3GgQFhUSEKGorcaswd9omwcxZHBERSMENKZD2rIqQSYPKyeF+DhjeaJ9LVlIYts8iuhkMemqDImof4p0hRxnZEYmtwwCh4tQ6fDmi0olAIPECYI0bM9YxmQZMl7aaNbTV3y9iLfbRlga3KwoKhKFmJZhkRF1YzLIYDYjdVXQU83gIxjUwaloWZVSqVgM9Xqz7MPcdxxaGhGLpmZdOqpmbSadiQU9qiI7r2uecN9Rb7/KQI4a5QkgH9llr2gsR282ft0Odg6vStX7r7AkkSZ39r5Vg7izO/vUZg07s+KZaTfhdjLBTit8QL3HjTW6Qtn3dHkxNFvRLdmisv3d6m314n31BfEiDsW+TJxh4d8cJxXcQ7z5f0efY3YwMP2f5lXzhFJuHe/R9IPxuvxm+/8RRcf8yIz4udNVZ+C/dnO8YaUz93m3zpFLoDbdvaNbf9WPiKXHTW9KlnXSAtO0a7dOu+kpsmiy8Vmc6yzaMNG5PwfvdXEPU2Ojl+dfHpmIwcb3SsVcjiL2M6sywbOLaXYpOTt5wzDS1bNl+udttIxrts0l4kXYcY5m6+LwZCxTVumaqx0fOHffgK1JVQDxl+d3Z1tBkK9UpDf1h8bagAfd7VHhzQOUn6c6JEiRIlSpQoUaK3leeUWOSpPHz+mWdq5UroRVd8/Tvf/e6Pf3bDXU89vWZjb1Sr0SgCpBu6XgQAVyAg5gPJ8gPkQEGkKoam2PCjUDuK4HxY94nuEbMSab0l942NA8+/uPbhx1699VeP/OhHt1519c++9Z2fXPmdn/7vNb+4+Zf3PP7ki6vWAIMedryw5vi6bmRTmbRpZlN2PpNqyWVbC7nWQr7Q1lFobU1ncoaeApyqURUWgOVsnbcWTEMNXITargqn3ZhWrZmmCRgSEGqIOBL9dIMIztfJFd+86hc33wOryhXaRPZna+/mWibd4ge0bzMbHqKqXohcaqgZQkzTyAMbrFZLD91/T61WAfYsM0LZ3gCgLdOEH0ODixIlgjFCh18uzCvQNAUBrSDQItkZOykQqbaBL/pL/IahHhkpfv971zz55FOPPvLYo48+/vDDjz5w/4N3333P7bff+Zvf/OaWW/7v5pt/edNNv/jZDT//6fU3/OSnP/vpz372/e9//0c/+tGdd9zp+36tWhno7+tsb5swYVxxeBjmzJa+3mVLX/vRD6/r39J70Px5ba35Fa8vX79+XbU8EnjOYw8/9I3L/+vGn/3k0YcfevHF515+8XmvOnz4IQd88/Kv/e1f/UV3a7Y8vAWuvjrbWqdP62lrbVu2dNmKN9asWr1u7fqNGzf3burrHxgeGSlXKzXX8XzVMAvtHZad8cKo5sEv7npBJExaTCv14qvLYHk3qA/lbsprkow1FA4ixZHS5s2bYRwAQ2eyGd/zGBM2zRjMwbx7zO8VDjkicxjz2qUfCkxMAdwxtx04PI6xGEAfs4JdOAycarVSLjlOjQPNhyiOij44GEMAQK8b28UpitJIeVbEjyh7qOqAkzW0NKHCvAXzqoGIi7RoQ6ShRyJKwSBOBJEajmbK2OLRwobyd10N0CwznRvbpuhgDT8aJmKLTC65pIgpKGLqAowG+hxBZMvD/GfsIdhSoZCbOL6rs70D5r7jOJVKdXh4ZHBoeOPmvs2b+2o1L5VKtba2wmJtbW1dnZ2TJ060bNOpVaPANzU9whsmfMqDlJmg0V2hJAP6Pdca6RYx+5t31SnhyTfdcd7i0xcLTPy5t0qCrheUw/pyNwKQXLLsDXLy9pc/73yRvjr1zItmY1ayIOXT1/z6BkFNP/mtrTf99kIy/p9js2gXn04Xf3JMMnI9E/zk8z9JMAV7yTJA6mS52OE537rr8zFLR5x9IxBV9Mf43OeXSftmzCD+wphNYj7yDZh7vYwsPoXGcHYp/9x221cnwu9ccW/EbY47avFNd9508mlNrzaGafrn5KbX3Hn3GhK3+bw7bop3vp7wfvedd9d9pTHF+NKxOwQrv2mW2CFMpiaCCC/ln6+/Pnc2QuS4HwTaviFu6tvMmfoKdliI8l03ae+RdOEQ33O7R/i9GgUHffgjv3jw1112yoSoNQkiynQOcV7t9XV9+ZTdnTOevfVnC/7iH4ixqzORE/+NRIkSJUqUKFGiRO9EEXNdp9SazZeGBn/zfzd//Ly/3TJQeuSJF1es2HDf/X9ob2s5bP6M+Qfu39MzOZOxbYsahqJqeDIceKGick3Vw1CVaYmuH5SrzsBQccuWwTc3bISfzb19g4MjvhMGLlaLAwoKCBfAEfIzJEtGFDKAxipgNNczbBtXw7AOm7j9niAg5aGwgAAsZegKwC+sqqYoHveq+82aUepfn1bV0C1qStZ1axFjuornwIZhRW4NK6f5AVBYN6xRTfGD4PDDj/nfa2594umXK7VI1TA9unfjwM9/fgem7hoTFJKuVQLVbuPE0HWaSes0ckZGhubsN55GLqG45sD3i8Ui2eOliAxToMsiLxSdvhXCAElXql7gR5puAMqUKJCK/4RJA4sfxJ69WNJ80+bN3736v0WyswCFMhM2NhUWuBDtg8XFDpaCVGQuqviTd7S37b/ffrD9bDoNI4eezkE4PDQ0b85siCvUKuXVq1Y98vBDxxx95KxZMyHYcPHf/pWq68++8PKgM4K+Dyz85Dkf/cS5ZxoqLw31AqPs7OqC+AI6grcUTjn1lIcfe3K4VITtYjasbDr8gnEF6pzNwtUQzDg3YMDTdV0VZeuYpsM0CA0NgKn1xuq1hx48P649yHnslrxrJZwlsLNhdrue99IrrxxxxBG2Zaegx1StXKlSkc4MDQe6qzGmaaoYBPR4xHtvifRF4XLcuPTyEF7luGpRhzL0XQC6mrADlxuFBaAzYXCFIUcIk0EmYiuKpK5iiBXpxCz+poIIy9mCucMG9hbm0VOcVwrCaGkQomAECFug4vK4hAhY4acEiY01MDNLadp9uY36pgWRl6nSsU8HFZnswqQD850hYEAxmhREnofp7pjTjTbZka4puVw+l8tAF3me67qe41Rdzx0pljw0G9FbWlqAPkMHwc7BYum0Dax/ZHgILpyx8iFWNDQwq5ozFc1qkgzoXaEEQL+lZh80mywGTrlk+Rpy2jss9rbshVfJblK86dlzZ48+V9+Fd6Kpn2+gybozxo2XfvurJ7+1c8iyV95y9XX75u0I+fXnmhF5DGe3ctwmo0nW540aR9Rb+Mm7tm9UcudXpLPHVuB78Ze//Z+nwcp3OExTTzuZvPHtHbX55NNOXnPlpWRHOwTz5PM33fXJxXVDkpgIzxZuJFM/f9e3bmj4jcTMXezRnzpn1ixf8u6aRPYeSQC9O104OIZ6O2fO1bMpHR21Inn+FcDpKmE5S+nOaRWflje8+ebLT/Yc+AFlF364cqwF7OXzeZIoUaJEiRIlSpQo0VsqYgFnoWlqhkqrxc2/+uW1Z3z0k1N7Jt30y/tcn5SG/XseeOmhx5embCOXS7W0ZDIZM5e1UylDwep2zPMCx2MOploGjh9UK47jBYCGEDSj+TAPIsX3Q+A9NccHIiRrhqkakikFixDi7fzCFICgjy3ldsqmsSEAkG7DUE1B1YBxK4x5YRBEbimX0hYsOJSz/jfeeD2TKrRYkQdsSvgdByExTEMQNy0Mo5QBp+rAlgzkYAo/bOEhHx9hd933eLnsWmaK8WBc96yUve/g0EaPAE8P9JRppXNBWAm86uRJ4w6YNbM4sOWoI+enDRXWgIbJEZAvj+zxkubOIjCADsKMU9PCQoKa9NQVtFWmndYvqaiAsPF/Cq17PVMKNFQsL/JYJX0WhFrkmwsqLRwkpKlHnKgKQQlNiQIfcHNrIQ8LmKbZP9BPRPigpaXwzNNPptOp8d3jTz/jjJSpb9q4AejhxJ5pl1z8N68sff0nP71+v9mzjzxi4f4zJlo6oHPeWihAa10HqDnPtGSobkydMe2DJ3zo1ttuJ1QTTUAQDqOum6YKQREi/RlCHgB4577jU2iurgK7NCwTmqoqRv+WIafmWxmdxiYku8WCA70kgAVDj1mp9Jo3Vt173/0fOu5Dne2d6XQ619IaMFYuV4LAV1QDgDIEVMSOQixGl9AWiziyECkw4txQlJXEaQo/+BqhwIsbm4shspDE0DAuolZhXAhRVgkUmf7xWIu3iEmjKvKdAHzFk+h5QVVpFY24VhXTAA4SEfyQxDiSudRYPTHeX07rNQdFMEORmyYCbcslqLxyFpaS0DNw3MG1P6ei3qAg2kjVseRg5PseJoBHoW0bbS0F6DHoqJGRcqVSrVZrrqh/qGtWJl8wDIhcccPQstmcZRsRoOeRouPU0GpH1x3H8eHzg9NawDRT03XN9feCuxz+DJTkmb+l0HoY/112w6+39iuo19zbujYdEN85ZDcp3vQYIlx3EXlL1SvUjVbhq1tevIP3j+Hd22o65jiTumfIGEnKfFpc77BugrGd0o5r6knW/3naO9269LvYjmK7krccpnqbt6ups+IdumubHZJI9+QbeLPZBUEI/hXRs1M/9wpv8t9ACSuMP3XO/AlN2ptkGMZWJ388jl+zpp+dJYwyh6R1n57uCfvpRFOJytHyDM7UWBSwCW15Hnk5laXS6jO/+Jmi7dKzGeiW3ZgbnihRokSJEiVKlGgvUuADJiKGphQyWlebzp0N3/3mP6f0LT/8368cdVgPCQfS2RTT9FpENw5WX1nZ++xLGx763Yq7H3j17vuXPvDwyief2fjSsuFVb3ob+1n/MKk4wPgARGkMMHRpKKwMd+X1vzj3+Cu+8S8nn3yoogzysB/WWStuIMGQX+sNnL7QGYpCN0SrAYeFTrU85HsVzynVamW3VqmMDFdKA2Fto1tcGdbWttqlj512yGf++rSRvpffeO3Bie28qyXomZjlkeu7DkXgFRvLAroCHBlxTI4FPAn0MZ1J60Z06qlHf/2Kf2przZmm4gelvsHe15avXbexVK5VqR4MlzcFvOT7JacC5DR92sknzpwxef9999EVYZGMbsPhXgGgPQ/CAW4QeMjfAQ4q3NSprgP4Ywg9eewPjJCQN6ra8QZC5gJeywRYQbEjWYORiRKF8VIiToC22AJyA0B0XQgwhH7gAcKDi6LBwQFoQxgFQ0NDW/r7i8Xi2rXrdMPM5/OnnXbaggWHFdraJk2apJtGuVxctWplrVwydeXgA+de+73//tuLPjVz32m6rlSdqm7ZmUJHx7hpXROmt3VN8SKFUSWXzwShmym0pfP5bEvBzmbMdNrOZA3LhvGGJvoIKENgtswPYNwgbgBtFbyTS9Jadb31GzdiAT3A2grdLTYcURBxkaws6mraPuOPPv7EnXfdA/i0XIVQTqisyxkOAAAQAElEQVTrxuQpkydNnGhqGkGDC+IHQUVYasBPqVhyHBfwaaVSA4oauD6gWRgc2E1DV01D1dEzQ0W3dk1T6wKULKoKasKKQweKjP7TaO8u7DR0QzUgHmXiAxhIAysNApQlOP/luGPNQ+G/IxzRo5DiS5zUM5rFvGJxhwqXEJhBeJEMbxJHqDCtBm6M1BeWwGxpvN9BHLlKTLSxxqKmBxHTsTQlGj0La2+MQPloZu16nqDPgVfIpSeO706l7WJppLevb/Pmzb29fdAttp1ub+vM5VoMwwIA3dHeMmnihJRtjgwNDQwMAMu3LAt2G2g1AHAIXFTDiKk6V/SRqru+d5Ak2vlKAPRba+rnLo/Nf6fNbfLMbVSTa/KdaLxF2g03HJAR78YLxw4bMTOtGze/h62tOx1fuvWm67r7AgGa527l/4uWGmPfWDcOFhnUb7PVMy/CRV699JQ6i284Gl905tTGyqUfMeqNb+/X4N31x+jgjCYYq7+1PRQbA9ZmMF1PcN6BPffddQ+NZhgbGyv/+LY12xmmRquwc7Zpcz3egG0+7XyxnsWn1Hn9miv3a/hQ1x/jGzGjvEHVx3Y+EuE7Ggbdbz9n3kbvtkl7l4Cxlkql5meouOmKYy1g+ChT0NUqRtI7Qwy+EiF2nps0PqJ+SH2mBJz48NXpUmPjcAm+WSPiQEevfOrOoc3r+C6sqgzdkgDoRIkSJUqUKFGiRO9EVDGjiGiUdLZmuwrmtIn5Dy3cf8mTd974g/88fH7nV75w/oc/OGNSF9H4kE6rOg1F8TOFcT0ilhfpfqi5TlgDTFip+tVK5Fc16rQX1IPmTvzUeSf+22UX/ddXLj7x2EOWvvDE3b++nrt9Gb2U1kba0tWCVRxXqOT1/ozWl7eGFx7Ydcwhkz589PRTPjhr0TH7nPLB2ad9aPbpJ+z3ibMWfvKsI//y7AX/+KkP/fNfn/gXHz3UiNY9+fCNGWNwzoy21mxka25bTs+mzCh0KGbpIiBDRqbULQTQooHpGvxdXbdm2Wf/6TM/vOam6T2TN7y5hjO/WB4ENmlYpu9hPcVs1kintJaWHLDMwCX//d1rq+WawK+SvorfYUT2eAWhD2wQxgoQo23otqmnLD1tY3a4MFeQmTq8nrnMZe064bwh8XIjPzp2RJBv4SQ2ZSCIFplMAJJe0jWnpgpXB1iypTV/wQWf/MEPf3DYoYe1tbZRRd2wccOTTz390MMPPfb4Y4D/1m9YX6tWfczoDeDKZca+M2bNngWTaFPv5s19fW+uXz84MuJCDCOiqVyblW2zcp0+tQJqRIrhwoD5QS6THt/dCUQSgKoijEB0VQNS7qP5Qg0IJXBKQXYxwR99u0Ng8aFM9cZkXk0DFLp+c6+sOUnHFt/bZYLGy2Ri0Z/csKyRcnXZ8hWbtwwAfS5VQOWhwcEoZJ2dnRMnTOjq7OhobS/ksqauiXSryHUrQeAAkoX5LQh82k5ZMMw6Vp/UVKqhQwoEYFRF/gB2VrB4oMTQiug4TQdAC8NgmvBLjrv0gIZ/xYSI0KCDUuTYKv6o0hMa7dg1dKuhCjxLMOs8JKTh90xI/IdC6+UNmUDIMOwy4Rq2qAhvEKWe/kwExZbRD3g+QJNu6kMkAY3LIbaB9BkLmoaByJvm3d2d48Z1AeTu29K3YcPGwQEAx7wTeqm9FVgzND+VNru72seN64TtbOnrHRjoAxqesi1Vo5VyGVC+rlvQC64Lx4vPKRkcHN7SP7w32Lz/OSgB0G+n026qF/q7dFrDJT2muufdtZVThNDUz38rriA3Qy5dry93W7xwTGzlAhe8l3moO9h0QzGW3ZZ914sQNt5IYzPoUTvpHWv6574VVx2Me6hekzB2ND75q3F9v7iA4Azh5jznW6tvOLnx3sWnx5sVWDl2uB7Vaf8pwXR9MdoIAGybE42KPZG3Wk+MlWU++9Z9NaNedVCM6dZtrm8O20xO/k85JeoVEWVfzf7m6ptOa6x27M5+8vyTG+tsTCSxTmlR/bZz5u30Lpu0dwmDt8JlrPEMwxuPOPxSsawGk6dFOymQTSMlUohKA9MtqxoEpCFaj3cIwvmcYWipVErFaiyGqpqWpjxz00922QkN3swo6kWQRIkSJUqUKFGiRIneTlGIp45h4OfSZls23Z5Od+VSB86aNrFVe+XZu+/59f9MKdT+64t/8Z9f+OQHDp7cmfGVYAv3tpBoSOFFzoajsJ8Fmy2t2N1GDp0/8S/OPf5Ln//U//vqxf908ceOPWrm5AmGRoeKvW88cMcvM9Sb1Gq2mF6r6XRmvbw+1JWpdWcrE/LVHNtQ2/Sc279Er7yuOyto6VXdWapWX2UjL0VDS5wtzwSDr5U2vbh5xRO9b/w+qqxrT0cFO8rZSls+k7NTXe2A5FIAtxSKjrSEculQLEwA8DGgJV0llqHOmTXzqMMOLw/0v/bi87mUibmdhkYUL5UyLM0OvaBWrgSOXy6WLTv70ouvDg0VOzq7gHZpqoF+ypgYjI6zZI+XZWjZdKqQz7e05HN5dLwVng2MUhayUCQ9M+nbK5ExwmQe31IqmWw9EzoSVe8wAVo8EGuXKdOCABIBoEPhoQvE2HXdhQsXfOvKK88779yJE8bDmzds3NTb17d0+QoAiKeedvrcA+bBMlv6+zdv3vzUU08NDg22tbXl8/nVa1YDDRwplqhmtHSMI6r55qb+DX1Fh5lLlq5+bfX6ohepqSw1DPRh8H3gr4fOn8eBUQOedDH/vVYuVYsjtWLJw0F0uOdR9CEB6CwSvQm6LVMVWTWnSoiIXQXYDTso6CfCWLLLFWL9QSbKCnI/YJad8iM2OFJct369qLanem5QKVWAQQO1HykWYV9hxrZjXcfxE8ePA67a2Yk4Op+zWgow4DDsmoEeErqq6IZiIl0F1CouDzVN5kEjfaaKrC0Yo+HYzUM8lrOikQcv05mFQzSNf/B+AkUi5dixg3Faz48W3Fr8xAibxiGMJgdqOetwQ/VtCUwdG4CILccEG7YciMqKEUF7eM/zPSGA0JqmAJCfML7LdaobNmzauLHP9cNCC8ymNrFZks3a48cBiS5AOGZ4cEupOAxbgCNB11TA+tCZWK5UQ+ttz8fZP1IaHhkeKpXLaDqdoNFdosQD+u0lnJHrjsN1NZkRbyss6Hf+BbTuuruNqfH0zy294wX6jmoD/rGCTa8+aLSp5911BzlldEP14oFk/uzpb9fmt9nHsW++gfOPnd+0R1jpbpRcY2rzWc0d2GxADO9dPbep+OG2BtAoNK+YPbZ5O3YxrqcPb8NY4+qOmKx91tLPb7PLzXbSb9lmnBJnfnu/GY26iM37u9UQNL0R1zn7/KaoQFMPv92ceTu9yybtbTJNs1Qqtba2yj/hVIKRcFXfuiUrX9MV9aiDF1rU9APels2S91qhyjU4j2H6m7Qlu9+xonxE/H0Jv7JUV1hAdNX0mKMpb765aZcBaOgQ6BaSKFGiRIkSJUqUKNE70PDQiB9ElUpRU8YrYWQqOg/1jKobKWKNUyZ1sc3Lfn/Lq7+fus9+HzthYeH8U0OqV72oWC27gaubum0Z7YJ8ZdNZW6TXCtthn0fEddN9fZuWvvLqkueeyRmuPS4FXCifHcd5SEmoKxSNWUVaCeBfNJjFqoOOaTFBogIqEioVrhKFRg5W+k5rVDj5WnoqE+Fd+TWvBiTK9KBNuhEGHkBnre5rrGJKJqZtauhurdmWrWq2RrVL/uHTG7dsvue+R39wzU2ZdMeAO1AotBSHnda2tsiPnEqIVI1rKVv/l8u+VCtvHteV9UM3jJQQSSGH7bG9AUBnc5ko5CHmihIN7boDF/pHM4G+UYLVaxq2vJRu5T5B0W0Q08YjRZSeQwQpKw6SuGqh/EVFBTwBsKUzB9b6+/j5n/jk+eenbBP+3NzbGwqjg4pTPe200/oHh4A1AvTM5nMjw/3pXP7whQtHBvtLxaKhK5lszs7mCm3d6zf1P/b751esWAnkGnjgZ/7hM7++7dfLV65Ipe2ZM6Yfe/RRRxx2WA6mGknvP2PfjG0PjxS5KKgYF7TjogAj2jyr0H4ui/jxEP/QAcWiLzKjyOAt3SiWS4B0jZQhruZ2A3OEqADQZ8Sq1bBUrlRrNaCilarz1B+e2Xfm7I6OtpRlSjbMIuI7rltzoNeBI2PCMhBmzGwmlo3EWcOdRZ9uzHpWFC4rM1I4NJApczGorOmSFI4lSZll3jochjIrWTM1eW1L64bRHDOgY3AsDDRiZl2/s5zAGiQ31vABaVwXqwQHJayXeWyssJEsBW+UdQuhhTL9ORKpzzg10V4jwPKDQQCgOkD6DNw5FFbQ3LLMTkDLhXx//8DGTZuGhosQMcpmM9A0WDifh08kG8bZdSoQnRA9pliqBaR5qFJCSq6qtp2CsIXv+WKS83KpODjQRyIXPixIgCVSSaKdL7pb7jtItJO05kpBckfZZZ2bN54R5iF7L39MtJcKgt7kPVK5XAYArYhUB8crX/yjf33ouSfHt3eWapWSV9t3Us+iecdd+pG/VfHsSJGVEsR3LwkVpmAcV3wxC7MOPI0SwU4u/sEvaTyVUWW8FmPmXIGTZY3hSQ3eIiVObaTbFZzJ+PDtHsFKMQ87wsXElzycx4Qhhwg0wbC7iqfVBDfPFXkSAF+vuHUq7LEUGvtWY3sYmmNx2YJ4Z2U6N5VNwbVEeEYObcFX8KQ8YOHI0HB2JwD3RIkSJUqUKFGiRHu+4NyY/JE6ZL/p7S32tAnZQ+f2tKSwjhieaWomcNb1mzbaqRRHNgWnwIoXcdXMmKn0rNkHdE8c3yIyDYE5EsypDVzXq1XRnBb+27h+3cjwEKC9crkICLKro9WpVbF2GJwnByGeWfM4ewMlsm1F3iSnMbzCGnopO4XetboG3Au5YZ36ou1sgK7DAf7DPY84LLWy3xs/cfInzz8vn08Bm4t49OySJbphEob5nrqiA+MLQm6YNlCv4eKWwaGRoRGntX0ioKnrb7ilWsPSam0dnbVKDfYhcCrTp3VffvmXn3jsnmOPPMTzKnit4fjFYmXVmtU//cn1K1esJH+k/pRT9HcxrMcumAHXFIZpea4bsQDNGFQFxm5wqDpcdCIsDqfLPNbYp2S0BB+N6xRGTIN3iacRdKqyNiSnAh5i6io8p2iBH4gcV6SIXZ3tX/u3/6+7ux2uY4Dt3Xv//ScvOkkVjsO6Zr7yysuwtp7JE7u7WhUSbOnr9Txq6aquUssw3lizfuK0mZnWjq/95zeefOqp7nFdkyZO2Kdn2sIFC2uO++xzz697c93adeuA0aYzuVNPPe1j53zc1M2LPvXXr7z8ih+EEGYIg8BKZWATeKEEcyPwNYCqnGLKOlyd6YaVzVjpDEw10zIct5ZJ2RoLP3PBOS0teQ3mCKHHn3QG+eP1p4zsBz9waLVcK5XKWLczwgtGAMhwpBiW8fGPf+yIwxfmTGDtpmVbCtWkJ3cQ4KW0U6uFkc+i5aT64QAAEABJREFUsL2j1bZxmdjIQnp7i5xvDA1ASMbAUUbb5ii2jpH5zlwWEVQh6iSuihkSe4IOGPGfYkkq0pHhSSLYLmsuXEmxICEmMcOWpUWNgNajdQ5J3WgcKyNiwcWQSP8XzuEgBepumhbBNPCAxDhbuIrA54yq+xAWC7HcIfpviI+OarkMq/EdH3Z3ypQeQNEjxZGNGzdBYKOQzxtmSsWrdtY9rkNX1WKxCJ8QMD9Ny0T7FceBDyI0wzYNeL7quADzdc2Ajy74vAKyveaNF3s3LIMIBXw0qYjY1V8/8Ax5t4KgC3k/ae7cueRdKcmA/rMSmi184ZTFaPJwafPz511e59FfXgx/fSuhz4n2WsGHO3y7AIOGb6N//sn/u+e5x2/88v8cv++CkJCbHv/Vl268cl7behWDtnH53oADGvYdFhiRid+nqjipohjlhHOOqhKmmS5OukLxZavjF6XCVEDHoRJqRIsYUUkI+FrRKJ7KUayrDV/08M2OpaBDFe/WgTNrgoUJCd4q5OsKngIrBF9iaN4BX+6EyPPuSOOarM4A24+igKg6fLnqeAOT+HaG07qQEVORkUHhDyZOF8U9QYI+M59HBlElwi4XS++3b7tEiRIlSpQoUaJEf4qEba5HaKHq+q3ZLNbxE2edwI/a2tqK5YqJCBjrjGUtvbUjvbm3b/2KZzeu0oBdjYyM5PMFOHUeHOw3TbNarQKF7GxvB+SYgdNcUx9X6ALq5PmunlKDgAMiZKoghEQVNI2jPyxRQjhZpsKpVmArRVjtyZRMoHs1pwrrkBiL0NhfI8QsD0Be+ISmBFQRFAyQq2FxGi55acn/fO/7jBmEAyH1gsCZCDRznxm9fVtKpdKa1asRxzHaPW7qX1/8uWrNa2mbQFXNc33g1FHop7Kpqutc9oUvTpnUftLxHwB+BStB5Eq4tEwge7x0dGIwhLsx5oArmii7V6nhxcJIBVNpRF4qj/0O5JtobAkt3B9E0UWGNsAqpsmIjFquYe4qokx0ByZwIRQIoMhEfg4bGRzYtGF9HlOZ065TPeqoo3RDlxk2MK8621rhvRPGwZTAaEW5Upoz55DeTRt4gI7AqVTGttJwQXXa6Wecc845M2ZMbW8t1KrOa68tzec6v/zFzwNefXP9pjvuuvv+hx7+3nXXLXlt6Zcu+9KMGTNef30luvgqOlxlaZqGTikCvGK6Os5bRcBNolk2hB9gVsHLruel02loDIxrtVbL5XOwSBOC33VauWIVwQwoReRfy26HxsOhwp59+qmeSePNiT0w3fyA6TowW1NFZw0LpqGRz2NuL2HpVFoYa+ABI8og8fo/cSFJVgfNIpxARQYxblom8sdFAxnOBGE9IQMSigxLwC+Y8DJQgWBaJIkzWcNSUGZppiGzz+vVlxo2GnIFRGbYw7ugEVwcsTJRGg5wLGIZhkTYdBCRlS/T2D0PDzeIbUDTgQ5Dm30PjzxYXyplT540EXB3f/+WTZs3V2pua1uHSL6mhoqfVNDESqUCHyC2ngJIXalUIU5laKqVSsMqAD0HQQAHO4QxyqWRwAsYD32v1te7UaEiQwxvq44rIiba2UoA9J+ZtjZbQBcOfpP0lVhz5Snw/Hl33LTXmf8mStQQfBNLE6iAs3uef1hj5PipB/NI0ym54KiP3v+HxzeXhvAUCv4LiU+ca+9cfNV9N5oqH3bLM8ftc9GiT5y34BSIhN5w3823Pv+gpoq4cRjceNl1aarf+eI9P7znFgOecMKbv3rdp/7rEt/QYFOEB1hWO0Ab6EiLrFC/8Yvf/ffF16zY8CplWmAoC7tmfemCf/zJ3b+44+XfwbcqVTQ9Itd/+aoXX37hG7dfZ6ZMOIM2Qu6LfGumkAuO/siZh53+0Ss+jZRaUxmQax6axMil2i44/qyjZiyAE4grfvrt53tfC6n5Vx8884yDPgjnIJzyf/z+vw5VBqp+dOlHP71w+oFYX0XXSaJEiRIlSpQoUaJE71BwrhsFQIhq1WpqSnfg1TSqwSlp4PmDI8VUOgPnpxGRXq0RDz2NRCODfaqi2piiTElQjQjpKGSBAbXl2pFLImMSCApAVRiJ+/qphMtYqYxTSb7kM8KZVodf8gb/SHg5SCuAMAQw5JMsCYJI3p4okihJyOXdf1QmTlN4FGks4irVxf2L8BCQlur7RNVSeAu/GsHZvm6qLW35SVOn3Hrrr9PZLGZVRkQzMqvXbCoUxjFiDA9swcxZztOplEoQox95+LyMDTCrhPXPELqJdJbAb2SS7snSIWwgUmqFOx+vuVW4yogCNmu//QDBDQ6WMWUmZoQ8dtQQEsXf0L2XC1KJ/SzgoixJh9k4igp9jgxaQWtgGCQqnBNmz5rZks9mocsIGRwcqFVrrheSKMznsqZpAMQv5LLjJ0wA+u+6FRgmQk2ggZadtgqF0PUnTspBEyql4qTu7mlTe0x0NAyhLYqqWSk7QANu0tXVcf4nzj3yiMP/9/vfW/Lc05+75DNtLV0M55Lm4TWa4gduJLKDBIFVhTmxSOmHq0NNUXQ1ZJFhmyKIAJGXQNe0e++9d+KECfMOOGD8+PFklwtaJiyUMRBEhcEFAFk0SXHIpjXLbvn5T8//i4smTZjics9Op2uua5gwsBospQprlHQmpWMNQOwlANT10YxtlGMfZxLx2J2E1L01cNPCn4TLxGcE9JpaX4bT+p0IVBQQFNUKMUpEZMFKsTZp4RIDY5G/HDtvSAMXIu8qrktkXCmKhklW8DmgamEUUkzAgt0NNV0TCdcKHGdMHOe+H8jdCYIQRyqMfbK7OrvaWttKpWKpVN60aRO0AQJUMFEz2TR8nMCECcNA1TWLW+VyGUIL0CZDB2yPefp4Ezb8aVowW+A1+HTBpLPAcyrl3z3xmBI5tkmkh7XI1k4A9K5Q4rT95ye0S27SKG5Gm2D+Tm2dEyXaYwVh/OHh4YjyAM4ZTf2/H/oVBI0Z9QH7/vsnP/fxI04QBlXEU9yL/vvL//Wb//7SGZ965b/ve+Lfb+nIdVz6k8v/6XtfYZQfOeugefvM/P2qF/+w9Lm/Ou7jqqhteMCUuQdOmf2711/51Ikfp8R6avUrppn6/MkXkEB9bu3yQFU+e+oFrUbrU+tfge/FMw77UKlWhcfV8vAJhx4NJ7RH7XfovuMn/mHNyy+sWHLhB8+0I3ufSTMPnzH/idefee2NpX99yie+eMan//LDH1u9ecPm6iBT/L8/8fwVfWufeP25kw/50FWf+s+jDzj6jpceO/Pyv/7DG0sUxk4/4sQ5PXOeWvX056//+sqRTVhCgyvnHn3Cc+uWT++eOHP85OLwcJL+nChRokSJEiVKlOiPEiBaN0DwU6rUVMMA7iMBK7CclkJLOpMxTDOdtvO5tGXq5dII0McJXe35tJa39ZypplSWszRTI5ZBFUBdkQcgCyA0oGlDRzysaiqsAWC1bdn4Y9uw2s5OALztLS0tmUwGniFNFhDy5n1JysTt/lRkSioEeBnVAEOGglETUTZOGOqh2YDnsCjEYuCERphDreiMAYGFqwAFwJXr+6vWrXvokcd+e/c9lWrNcX3AWrWaBw/vu/8Bw7Aq5YptoidA6Lme54TMP/LIhSeccFxrawsSsgCTrRGCM+o4HlX2grw9AJmR7zPfd2oVz3HgOinwPEB547o69tt3hoJ3akayNF/s2UDiHyzpTgSeBdSvcFFgUEBAwaPhoev4OEEAM4YB89yWXPrIBQd/+bLPfumyf77ym/85Y3oPC32n6kC/teSytVJpsL9vcGCLW6tYtgWDmc23qpiaChMtl8q2AF220rmKH8CcyOSyMOBOtUqhtwOmEyVlmYCGJ02aDKMNABFiJJpCZs/Y52c/uvaL//yPxKu98urLgC9rTtWvVf3Ak0myuEuqAlgafkdcGAjzyMSCfJppGzW3ppsGXACGwnq4UqmsfH3FLTff/PMbf052uTDigqm9AYs8hXimEuZS5rQJLR9YOGvRBw/LW+S6a7/3h+f/4AVepVqB2I0f+BVA+75XqpQVFWIKGnqiCKsaRRQWxMx31VBVHY4akTSNVQl1w9J0U8EndXgTRRcVRf4mIlW8XhWQSecNHGgmC00KX+YIEXBsx4FgX5WVBml8sI56bgj0LHyiKaFNxuKIpxUZFFB5EyXHe4kVRbBlKisVik2j6Y+PCgR9hqkHISU2eeLklkKhWCyOjBTffHMdPJnJZGGb6UwatgSTHJopG1WuVGHKAmuGyFPVgb5yYQYYlg2fRCOl2nCxAp8PENGCy2eItz37h9+5zogR03uZup3Q512kJAM6UaJEe5nier4BO3TC7Od6l11+y5V3//6ef/nYxSfuf9i0jinTuqfB6ZUa0m/+5tpHlj5x6qEn/s0Jn4Qw7j4Tpn7/r7961P933m0vP3jG848cd+AxCwbnX3PfYjhVOWH+hzCPmJLJLeMP7Zl3TfSLkw45Ec6+fC/80tl/N7d9+g/v+xV8L7Vk7KPnHLNg30N6Ljrc15WF+xzQmmtR+td3a20HzzwETpr2nTz9g3MX/PTRXxXMluMP/iBVWWeh/Zzjzvzuw4trCjv8gMMyJAVfcPAlWvYrcDZw3MEfsn7xjYipHbnOiW2dnz7hE3c8+8CLby59avkzC2ccOGv6nAN73wwDWtTcs79y4SPf+lU+23LUvkft07PPh+YdmdOzbuTKu5kSJUqUKFGiRIkSJXqHAjIUsgCQrO/zUrGSMVXTBKrFWnPpiKpeEGopRZTfQ4NXoDYqEGgW6mkb6JShq/gKCWWZFXwdreK4osrUSKLrKhY6wSxnXWY7CoMN9KNjMfQSAFnkVTbSn2XhO5lPKRwDkIRhIiZWPUFmAcSZCquBEKuuMUXVJk2axJBehWggwQVfDQFIe65bASSlKWoYKpWKHwYOpTrhPvoF2wZj/uGHzf/lr+62s21OzVGo6vouFo8JopRpVSsV2LTr+gDtgG2JrFkga+qUadPIni8eBb6nUEwvV4QXIXr4EvLaK6+0t3erWJ8GO0r0MQ5enblxUX4Qu10k8USxUQdToA/90MPaflQNfOT9ps5PPO7Y4084bvy4zkppxFB57+Y3h4dHCi1tAHsVdN0I21oL0HVADw1dE7mtZOLEntbWTqCug8PDMCi6ma06fsj1CMZFo9mWfEQ1mDAh474XBcSHoYK3Vco1VdPyubxpGjA+ECc464zTjjj88Nt++8Bd99yzecsATBAIJ+BsxHI7SNdjJKqpQGEzuZxuaL7nAnou5DLA2X1MgCXdXV1ksA8r9SnG0PAw2eVCYxrObIPkC/b4zrZxXS3trXkYHYgERV6oTOnqL67/2fU/6Zk2/cgjj5p34MGGiaAZjlg4wjQNpyVRDEU41lBFbTgvq3gsxBCY1l2bBV2uk18Wu21wWRFJujXXjTPqUyH+BUdp/Ezs1yHCP+L4xMNdFCOShpFU/sRIGt5I5RbrOdd0zEqEpw6aUIfw2aLKtYpDHmmHC88AABAASURBVHZNdxyXY7Qp9Dw3nc50dXTqulYslgYHB/sH+jUYTl33vaAlnx8uldGzWcH4CSbmE0XXTYgj1ZwAdh5WhRbYUVituSJuBdtQquVSFLhDg1ueffp3TmW4pSWn0Gg0iRs+WxSVJNr5SuBFokSJ9j7Ztl0qla695MrT/uOv17PNS3tXXPjNf5i1z/5f/+g/LNjvEDjnDdXo5w/9xom8kw45ClMqSKRSrbOl67DpBzz+xtM/fehXxx90rMLFvWd8a/8veRIMp83X/cN/zRw3Fb9nRYBWVm8AVH3dP349xXUuijagMXPKwO92pouCy/Bb0W2tXhFYfFUrHD3zfPzrr759yfe/8E34/lS4qGiIVVzgPXDGZBpROFQd0Rgbl+vE00OhgmGZirmJ1S69/nLYrmYYpsfgVKxcLudyOZIoUaJEiRIlSpQo0R8jgDTAeAECBunUwMBQ175TglrJsAzPCw04Y0ZTAKYYsAwVuBjreOPpMZAnXQ3C0DAMvAFfoYEf4M3rIotRUzXTTAH6ESex2kip5HkeYj4dEzAjISwshkCICp/ZoGFGrGmqIFwxChP2HYrwn0VEhnQYNs2xKGFA0I8WaKWqW635cYMjm7nKNUP3Kj40nEQuCxyFeBqxA0/RNdt3A6roPAzgJNw0kIe2FDILDj3w/279TbU8LE2TTdMKPYdELAj8X9y0eN68maw16wShqakUCx9Gru/be0PFb+hfy8IMUMwWp1jnDSglXNg4taqCyek6jK+8NuF11wVpAC2Ku6NjL0HvBkTT8uopIj4soamKG3gpy5q+T89ZZ5x8+MJDAe5lc+nQBwiIHTRuXFcYcmE3rGZss6urnaqkv7+XipxZTTNXr1733AsvthRabcteu3bj9Bn7mJbBiFmqotdvb1+/phlF14fIAgB0Q3FhRHTdyKYyrufXqmXK0xEaUCiAaDva2//+4r8588zTb/7lrXffc6+J0JsCuQ6CUNQdxJmTtkzV0OERzKTTPnJ6R2fndT/4QSqThnkG/XPMEUc8dsevpb2D9HzYxRpf0CdMHD91yoRsRgeeTHmgUtw7z63CVPcrpbStFfKZlSuXv7Z06ZQpPaeefvrMmfuaupZJWdClhnBfZKLInxwpLotIYrqyIpwyMJsYL11VRadaEKCXhbitQGl4f4uCoBSDQ3Ag1806ZClBLo5EMSvQEkf4umD3Ujom9zlqagKpm7rEs6uJaEMIIRT3GWPWc4A2O0Qc1AJycyYcX2D7YhkqPiSY7/stLS2TJ02plMvDIyP9W7YMDw9nszkIn8C+iOToCGIb8K/nOvCZo6oG7Fa5UoXxN0wbFqhWHHTewOMdZpTj+T7FxDL3xSXP/OH3j2VS2sTx7dAcNGsR1Tdl+3eLIfj7UAmATpQo0d4n+IYABh0EwZPfufU7t1xz3aO3Rla0cv3yM777z//60U9/5qRPuUGtxgKNKR1mQSRFyG9Ucuy8BfcvfeKFNa+RuM4vVnjeauWNIr9nHHoCWlMR1vyFBN/oZyw4GesOUkYZnNUpq/vfvO7+GxziqCFfs2UTVbjJdPGW+NsXTox9wr53zw1L1rzy+NolBtW1yOCynDR+b7MK99f0rnrgyYdW9K3vaZ148lEfpkpcCaEj23L5eZ87/38ue2DJ41/96be+fuEXuW1MyXTD7idfk8164AVy/EEkUaJEiRIlSpQo0VsrBPRGtZGRypSulv7+QTJ9MpAwnaJ9BYBHOD2OhA+wyK7UJC8m1GDC4VlXdaJSyRb1tCWK1AHINahwxmDCexZQpgVUNwql8StyZ1kcrW5Kiy60BK0SEFgJW1j0uxAn55ZphkEAYDgKQiIq3clzYpG9y6jwsQ0CPmHC5KdXllUAkLoCm0gZGVs3Ve4cc8T8Qkth3aqhrq6ZASfVmqvpWmdHR6k0snbtqjdWrdIBVMPZv4YFY2DFPtoZ02wuG0XOTTf9vL3FPvTQuYC4BHWFf8W+y2TLPV6A0rHiOXBjRkLZyZrGaRQGPvSfnTJHar4GFx5EXqSgFQMRBdohNIA5tExUIhQIU1DNSNOUjo7W2TP3nTNnv1kz9wXQnDIAhGJpu1q1xEV1dkyVoaRYHLHMFNGRZvqeZ6WtVCoLr9mZPBB+O5WFR5WaV6l4KdN0qkGxWGvrbOdU80KnWHVyLenb7n1wY1//4QsPO3ruNCrGGtqftg2VcM9z0cfZskMPAwncqbYX8v908d984uNnv/zKqy+/8srKN1b3bu51XFdWx8llspMmTZx30EGHHnZYa3vr5s2bp0+ZvGHj5pRhnHzCicIlmgmbY3W31J077UMLLBuOtogTX0EnbQh8+HiHr7hahdHQ1aitNWPZxki5tnHD+mu///3x48cdNP/AT5zzMXRRR4aLlQsBu4sCgSL9GPaFxlntVBg9E1FxEraBdjaq2qgPGEd9MAOKUeEBTdGlvWFEga7nsCSGc8Rtx/J527aanKaFQzhuTG3QWyazqrnInBfNgs8QVXgrQzgJAkZwMCmqJjOsRVq2EsUX46of+PC7BtfuQJYNs72zA65zh0eGKqXy0NCQ63r5fB7WYqjYik2bNsHuuDVH7DjEVPxUJhOgVz1F/3EvkhQcwim+H2JqdegNbOlbvuy115cvLZeGutpz0LfAzxUuU7zj0ouy/CZJtPOVAOhEiRLtlTIMA89nq9GXPnbJRad+8rrf3njtfYvhNObyX/3vkbMXTOnoCvGcVQ/gG5rK70B4U9ReaINTGt+pwcmZKnypNEVtdqAjTR5VRBSAlm5WzeFcOFlWRWVo8RfeDVhx3ABvcSOeHxFFE99lspiDWJ5HSqhM75wM57oPvfwsZyHBYDJ+03E/tHTjpgduuyb4+UtrVnzk8A/+9ye+klczwipLfC9G5EPzP/CdC7986Q2X/+zJXx04Y+5FR5yVtTOGsXMj9g/8iJ/z2uif+36YPn1K/Y8XeOuN+O/Zn6Q/2AOYr2wqtPB48meqzXzhN8mKbZ4eMyiJEiVKlChRokTvTEAQSRRVANgw7roBkLvxHW21SjGTTjsBo3COqqCZA4CeiMepGUCLgA2lgGKK9Gc/8AIfz8TRG1bTgXlJ+hxG8hyY8rESrhoiY7IOulThEiBLw8m3yHsNpYBco8WHyNElIicXMZZCQt+nislIVGjr2PD4i9NnjRdn2/i6jsUN+T77TPD94PAFh5VG1InTJwRRVCpXOzs6S8WR1kLmqad+P27cNFO1TC0VcYOqugHYGihgGKiqdeopHz7ooJnV8gCS55DBnvrs/2fvPQDtuKpz/z0ze/qpt9+ralmW5C7csOkmYAMGHAjEBB6BkPyTR3gJIYUXhwcphDjhJSGNkJdCCSk4EMAUg22CDTamuMlVtnq9/d5Tp7f/t/bceyXZhmBjyYX9IeSjOVP27L3nnDm/teZbCSV5cq1SrbCnvERnKgTLRQFIjaue38dvoF4vWLc+a9TrU/MeuaMsZauysqBjliT4SaSrahQnTMlXT4xfeOEFWZ40GrULzjtnbHyk4tgYQK2MOhSqqKKncoQwwP6FH/HCwkLFraqaHoZxtV4Db8ZIuJUafkolcW4OVXXT57pZKFRhcrHV2qxbgyPjQK1JmgBX7t6z/8xzhu7ZsctqDPzbF65tOq88ee0aAxERSrGPwGUpCqKYh6enHbdKkD2MDNNSM96oOs+/6IIXv+j5GHnQxr7nIRRhWbZt2KZldnvdXr/fmptNw/C5Fzx72933XPyiiw3LmpueokklpuiTkstTt3Bx+VwjAA48qhF1Fk/NasDK5GBDcDqNbK4aAw3bsLJc6XY63771u//jjW+g4FCeqcwoaWkm6hlqIjoisqfU8vJaei7hqB+wpQPGinVzLh5rODpVWQQslj06RAyCiXXJT4OeFy6zuUTsglw28AuaCasNpXRxVrkinLgLQrvictZYWcYUFFuP4ngJluflD+AccynPU/FJoCRJgoZ12t3Vq9dUq9UkQ3yi43v+7MwMfvBScCjPqpU6LsPJQ5OiwCZZjwR+wLmBobdMu9vpU7K2wSM/iKLANC1D1/ygv2PHQ9++9Vv79+9DY8dGh9atHUVEg1NxUzJDV6TnxpMhCaClpKSernIcp9vtGoY+Uhl430//2ksuuvi1v/9zUZHunt972qoNJu44lWwxWNAKNdcS+pZVtNsfvF3n2rmbzuGa4kV+micp47izxH0N3V/S92E66Fa1gtKexZeSyJ9mOX1VabGoCa0K+pzibjRXEl011tdXvesnfx43Efg+/vK2G//je1/IcHvGcESTiQg7btLwJf6S81/oanZvvo077u/tvPuCDWfnao5bizRO/ufL3/TSM5/zwt9545e+d+NLNz3/zRf/VIE7ipznGtna4fv6Z5736kOtqb/88j/csfv+33z523Di7Pjp0XDnjq8VA19jV3/oqQd57zwGlP9YiQZlii3+gkyEl5KSkpKSknosAg7OC9wIJwkD+5lb6A40G7pT54Zp4/aUzC7iXCBjVVMFpgGq1XGvm+VEOQGMNEI/OjitSqXDknzJTFbwKUqUJpglMiVzYbtRCM6cH5NESWssLSnRc768F0oQ0XmZBCKe8hdZ0gnBYKaZPS8eGJ6oNIba7S7nJ4skafK/1S09yYrP/Oe1hm70O1q1MsZuScGjqFUqby0sJlFUq1VxOtR4VS9yDqre9z3CaHns2PoZZ52ZFSFWD+PUNohpluAO8NtybfaUVyqqJqLLMC5xEqPlUQpejwABlbqpVGtcm8mFu4JI/CzTySlPRy3yTRtPefYF528966x169c1GnWN7BrIugHcOU1jdFTp24uu1DlAM9Ub1LkF6IzuaTQG6vUm6LPjVEDqOaXE4+eVOju7MDQygeUIS7Tabd000PEs18M4amoaIhjAjrZhXnj+BSk3FN304swZGP70V2/8mde+Zt34MCAszzNDU3SN+aG3fu2ahXan1+8ZBKZTshXnHH+n2I9wQ7ZNHfwW0NP3+q3WfJqkfugD3WICvORFL7ro2c/u9zwg6cDzREijtKJgJ15KFln0rGxBzhg0YjhBA7MuExbqjmW6lp95FPnIMzbUqA8MjyZpfuZZZ8RRRFelopGLOhUSxGgspfEy8chCeW2xZRgt3jriLKHShbx0Ca6EiFZaRbU9c9qkXJ4yQYfVEmUXjB15tJecxY8sKMsQLq2iLdUQpVBFFEXiulbCKBYUW11ymKaIkir8eFKs0Gm3cNoIG6xffxJ+1PtQ6C8utnCyDuJdTkUhU3OOz5jF2Vm8xqdJmiZev6/rPC+oWCbB6LDvBz1Gv5tZmgRTh/c++OD2Xbt2zi/McEUdbDq1ioM4ikppaUmWFqJsIRf9xthR1VClToAkgJaSknoay3Xd+fn5sdFxphUXrTnjJVued91DtzpGzSz05z3rOTfe/91/v+lLr73ocs70VMm1jN3zwL2JUrzqjBfifvn01ac4mkWP6KQBbsEKDTdnxb7WoQudXnEZAAAQAElEQVQ2n50b9IyQeLhIVWMqDk0e0olFds6KYNK4k8VNqWrEuG9PC15QeV+splPMV83DUGFmquAOgR5kxF2+btCNBW52f+fn3n3Pvnv/4Oq/+uLv/IPGjDCJE1Bmuqmz3vKC17zvi3/9x5/+69e/8JVcMwvxnWhi37i94Nq7L/+FLIje+qIrcMrseOqGLy/R5/e/W3nHOL3Y/+XiWV+jF1f8YyFx55Op01dwc/GL72KfwX/vZx+eYuUwPYE62GLv+0Lx6y9RzlzFpKSkpKSkpJ5hwr2vKsoAgrGqrjWz0Nm0xbr7wQcazZFVazaEcQY+1G61apXaQH0A4AgwCHSsNNOg8mNMiZNE1/XS9jVLMkq6Le3jyNIV5DITCZciSZPsNeigJfMScIpcYGl18Qw+5XAsg7OlaoRiZVBMsoXAunEWRUkYJ92eh0P1/OzsCzbPtXpkdFxwRsZ3ws9DVUy70fcT3HKnidqZnwWALQ2Cy1bhbjuKEzCsRrNOXseqlsSZxvXA9zWlSJL4lltuicL2C15wAcggmCnVIczyBKeHE+BPAwuOvu+TsQT94Yx8GJhtO8TblLzb6w0ODatcBZYlVwS1HKaU7Edc69d+9R3Pf86Fjm1kRYKNsyzI6UFQlWvCTQF7VDhGjRvcjxKv29U5og7Urxo3MXDN5gCODsLX73sYbvxUiZPUdWtj445pVeMEnayZtjk6PkrIFcOmkdc0ebyARqlqs1oDqvSDQLcqmaZ3vOQTn/niW376J9cPN+hB1iKNfG9uelrR58dWr7VtOwrCIIjiwCvII0IXtsJKXpR184iGYsZhNH2fEqIHmw3TchAjUcuoB9qHqEtONTOLJ4k8oi/F4wKZSl4mekq/9MiAW5iOFKahjw41kngBIyTaiFFKXMc9/9xza5VqHEaFKVLQC2HDnglMzJcSmykDaulCW6n+t3zQJffmpUqh5Be9DKBXHlkQVx5bekJBKa/JpauSHbWvJROPMrdaHLDMrS6WTCzV0mMHL8CIgyAUdUwpkrTsw8NS8VGCCEe32wVQHh0ds0yy1vT9oNVqIUiADqnX6zoZ5aiGaQZRBC6NyTw1NYm/w5Bsc2JxLXMDIYeo3+/E4M6HDu546IHtD9zf65A7eaVirxpuOK5tmbpGxisppZSVtTlFZ7GjJ4Bk0CdKEkBLSUk9jYXgd6VSmV+cGxoe3D194OsH7t44OP7yMy7KVfUP3/Qbr/zdX7xzz50fvf6f33LxGwym/uM3Pn3z/J6LN57zlp94Lb57Nq0+5dknbb31wD3v/tif/dn//B0tS+45uPP/XffZv/6F3+FFGRmn++OeGXRTH7cJM71uS/PrzBa1olmH+22/i2/ULvN9NbYZKHS+c243vgrnw95CtDBsNhE93ju1FzvDTdD2/Q+evv7Ue+6/78+v+5hpqIj59uJ2GgWWouyf258qyZsu/akPf/1TU8H8x6/995+77I2KahxenNzbn5v05yasEXzB/sJL32SZVllG/Phpx4z4zxB75TLWXHeZ8v5txXvnCXfewNjRSdAf/oBYLvTw/Ohlp45SR/tFrBDt97+ZffKTR7KtV5D3I/UwS5ByzaOPXuZoH4VoH32TY5o9xO56G7tCpHuvvHvMVljhPco69n31wxzi6q3siq89Sic8UkefztEn8mhS3vOS4jNit3dPMbZ80JWOPfZwy7T6UVv4aN2+b4Fds43d9FDx+V9Wzl7NpKSkpKSkpJ5J0slYmSAUgKxpNf0g3r1/asOmM//16i+cvKl10voNFbOoDYwalrHv8OE0jgcadcs0FcI3OScsSyUHsR+wWa5qhsHLemWlAzQ9WU8ocOmpf5GAXKIvtlLBTMDqHGCzEMbPAlHl4sl6rUynTNIsAvqlmmN54IeQH4E4ZUGcz7a8wZFVD+ycwtHiiOwIBBIvAKyjFDS7gtUFFsuYYokUa0q05lqRZTFVf+GMWwLdZQkgN3ZimrgZx3+jm278+gtfeCGwYBwE2G2aJmg05W+zIsky9pQX55zq8FHVG0HYMMoaVW7UFK3r9dasPxlIrt3pgTxTgXUl4xqrVez3//57LzzvHPwkAbPjGk4T5F2UUBdjibFGn2q6IcZRS5kqOpMPNAejKCwtB03LQsABh2q12+iohCIDapLm+C2TJDk3LJXr5513HmB+rVHptLvo8LxIl46RprZhYIhrbnUBsQWqY1lJ4+DTX/zqz/7kpeM1ozU/zbKo4lqzi62ZKWVgaES3bB28Mk0BN6MoyBBGyIR3hKhiV1JRREdGRka4Th7H4JVxEpWngx+A2Cp/Mqyfj0jhGAJF0/Jy0otLKS8SBA8KAsrZQNVlE+zQ5Hw/SJLIn52Z2rBxkwMIXXECz8eJRknMGbljq7lWnktO4Qb8LqbKgaUlzdFwma3U9xQiJ5WyCuGyQcejrkPcWcykQimO9qIsd06my0tGlTgufjoTXyZHlywvU5uxJV2/wukZrSgfeqBoFIBxkqRJrArKXK3WsQL4suf1u90eIge2bVVrVRw6iRPHNHGyCDhgH4uLLezcNI1epxUEvmVbs/Ozvt/fufPBu+/eNj8/NzN1COPbbDibN60yNC1OY4GbRQiLaD4TjSqzvAmIHx1+UGQe9ImSBNBSUlJPbxkG2WDddv9dP/2h//Xskzb/+c//ET2mx9j6+pov/u7f/e6//tUf/Mdf/J9//SsL34Sm+q7n/eSVb/51SiwmD2b1I//f+37lo1f9x+1f/vQbv2Dals6L33/Tb/zE2S9a+s4Wzle/+Je/fcf22/EldevO773xPW/9ygf+Q9xTs1/683fft+telqm37r39f33wNz/6v//qL/7zIx/4/F/ZhZ2oybPf/op7P/rNr992y8//1buoVIKevv73/2em5EEeO5p+/pZz0jg79/97sa/Qzv7kU3+z7Z67/+k3/vzzV/7duz7yB7/z739q6npzYOz3Pvkh3TEuessrdlx9S9RKDN043tbPOLG7SwY6z750VGrtO96jvOMRq37mk8VnjvrnFR8oVnDtw8gsKwHxtofz3Pd+8ph13vvB4u5H85U+hswetebZ7PuexQpyPXqTTz6C/15xtNnII71H5tmz3lV8Hyz+wx1i/gh9ZqITfnH80Yyzj4X1pPvZwLuK7+95UnxgebdnPwIoH3240qNjhVZ/8k72jsuWTvaTYmVA6kee3fM3sr99o/KOfy9e/eHi829XnrWWSUlJSUlJST1jpKtaoVDeZT+INYOZXA+jxLZrF1547ubNWzRyvkgCr39g7z5d58NDQ7qmCgKlLD+3ngFMckUDRqalYE8gTXFC1Qcpr1OkcOQADSpAkyaIT2mukZPFHRCwkiU5GVHrBsCTBuCbUjYopUgC97Lc6/UsN+sHxKCjMPH6Ybfr4ebH93zVtGynMrxqLNl1OFHAFkNwMjoVQ1NNnlPCbOIYRpxGJTwTZr9arqaFeH6Rcjyz3LUqtlMLuzHjukpl33ACsWu5v/gLPzsyXO+0ZjSmEVHV1BQdoVBmcRT67Ckv9C8NFJWdUwT6z03DIo9gVVOyVFeLWrXWB9SMY6ZQdm3Ntf7kj/5g61mnFVnCKduZlyYOZCCtYItcxRjjZxX9U9TrU1WLqbZhg3TjcFw3AXPxIlc4cT1VHR5bU2imDzTJja7v79u146wtp+V+18QebKtQLPBVXTeiKEnDHlfUPEnqtSo4o+s6z3/OhV/8+jeKDAOXYqDmWv6nv3jjL7zh1WHOWrNTps4sqzI3vU/TWL05HieprpuqY4vieFSgsvQXx9kjGKKr5BsdJwnIc5wmURjnwtSbg/nmWQxuTl6KKZXTfDI8OLhlkZFzloIuFyJigAFSOUVMqMoQVejLBqvcWddodcKFXtEJ2OLifBT7RVF1bd3QDD8DcM5B+jP0O+dxHnMBlMUcKPBrUVQSOmJ3s/LwgUIVBpVi2fqGLQeEyoY9EkMzJmoVLq9WPqDARFgmJ0sNRbh50MVOIajSUQR83TDjCMy3EGnONDVwTgloNLlnIJ4VUwBjYBBBAiaqBHp+0G61gjDQOR8cGNDIwkXnBl+YX4jiQFjWa91eD0elaIrKuu1uFEc7dj30ne/e2lqYQx/qWuraxoaJxtj4KK3c6SDaBAaNvQvmLDzklxyrhWUIWzavFp7UdBbaskWI1HGWBNBSUlJPe1mWdcr4htv+5ItDzWZG5RfoPggfb+uH1n7i1/7Mi7w777+r0qieueY03FGpS5ZY9NUzOrL6U+/+68Xewm0P3OW67oVnnmcoZvkdy8T3Nr69P/GOP1t6HpBKOtAzRGSgpbJP/sqHjl6O9d91+S/96it/QdyhUT6HoRiXnX/xwY/eISqoJLSiqhciRK/SM1d8xz985yijLnpm7uSR9Z9/7z8m5VONRXHoE3eU70Z+hK9/xz6e1s9LUv7+zcVnBAwFTn1vuez7JQIvL19Cn/PsA3cy0NX9X16mz8tpvEuZueC5jzDxWGKsy/AXUPv15zw8k/rYRN0l8vuZO4u/BxZfRrdHJxd/+ANLaHilTGLZwofz33l21puV75xzZKsdRzdpeav3frR45SNO/4c9xMoKy+38zFeK95zzsL0Vv/jJY/pz5Rwf7nkiqPTRW2LnKzYpZS89rD1LSevnsE1fo7PbMVV6trH9dy6d7Ju/TxnJN5zPDK780r8Ur/7b4j9/SbngJCYlJSUlJSX1zBB5sCpklOGFCbiXZuitVmf79h2OYwe9tqEyLwyHBwcW54vBZs3gWpnKTPe9uMPNyOtA5USywCaJ7KVZksZ4X9cMYV6RE2TWtSDwQZKAorihU9UVTeMqVij8MPb9EORscnLf+MS4YWlxHBGfYkUcpvR4PjC2ks+3++1e3/dCruquXYnDWDeKEJibF45rAzSmKsgjpbuCmAOIaVQSj+UgX3EuDBYowzpdyrAW+bF5YeoGXhiGpSq647oB5cbGeRKoRWwovDnYALlThZsAzgrANS2SIs3mpqZ1Q2dPeenCj4J6MksoZ4VKDDLbNNGdaRQe2Ld786aTW4uLeRLrlKmavebyy845+3ROj1ZS4jn5AnJDuAmSXwV+q1AtQ41+VFEWeJkwm5NVMUFGzAoyJMyxgsZNKiWHo+Z5t9c9NLtwz/aHdu7ec8pJJ5+25bSZqcnhRuOhXTtGxsdApXFcz/NHR0YzHE5hTsXmphll6QsvPH+x3f7u3fcEBU+ZXnBrx1Tr7z91zVtfd0m+MM2UqNNdxO+n+++/+9TTuG1VwjSjWIiqlb/aNJH6qxFhRQwiTSjNFjERqpRJVtZ5AUgN8g7u2+m0FIpFaBh6nT8JNKzX9WzLRPiFkfFLRFGbQmBeVujoy4JTdEbJLZdX7frQcGX/jHff7v333n8ffudWLRs/EpsVCwg+xOnkeRLFlmXScwdJwsChCyVF5EBlojIhsWYKIIjX6KQlJk2Zy0u/LwRDXnLAEVY1lJS9YomzIpENfYRoL62fHzHxQDdjeKpk/wAAEABJREFUeiQpXbsaZR+nyzbwOdUmRSRKvGWYZqPRME0TQwISHQZRp9Pp9/sYvVq16jgOmspF3Uk/CLADbGdZNhm4p0kQeGjs4QMHvvOdm+/FPAk91zXw+VSzzVrVHGzUxkaGp2dnWp0WpgU+gzAfNWXFeqSMRS0b6SwZhrCVkpxMmnCcKEkALSUl9UwQvrHEwztBtVo98ogQ3TEVFcN9wdbn0mNCj/hiKYskDDdGXnHhJfR9SaWEjzysVK7Al29NynCpMMVSyuUr8eRyK6qEQSWC6U4oU8rn3wrT1KggMCWMFDpZyJnl3rC+CFAfee6pXEiJ2ubSOqXbRq/Xw3f28S08eLTOURbHj80FFonA7BEmG5u2LoHUd7z8mFzmL20T/wFOXYan6y5Trp4SVFrw0E3La4KWLu1wXPnOm5cQ7afvJGD6SC1n7yp//yH29/jvFNuPPT9yvaNye1dA8Dvew+5ewdbnHJkGrz/n4VsdaRK2ehv7JPphGaz/SIc4R3n/Vx6eobykO5f9Md62AqaXwwClxTP7vgKvp5XPEaN2bHL3K7ey94qs5x1T7KXjypuHjjFRWRmjV35//+jXPosY9M99vPjJj1AetGTQUlJSUlJSzxiVd6DAQtywge78fjQ9M1utu0PNhmVbumXu27vXMA1O3gvgufQ8Poh1AupHT6/neSyewgdbEs/WU5Ih0CeoEiAwp+KEIL9M12MBwxJFjXIlCCJFNRYWWlGY3blt2+DgIO5/Lbemev00CQGboigBm4ui3LGrulkHsDI4zw0Dt8FR6OMu27UBo6wcbdJ1tIypvA+YHYMwpuCPrmmesuHk2M+xpqIrpg2QrqZ5oZuOaZkg0hqAWJI/9wWX5EnGNS0JInSDqeuUQY130vg//v1TUdS97BUvNQ1VJadiOiXgwLTTZ+bxfgbxCRB63XaqAOtUPFBRcbqIAWCgwyjE68OHDmoLXcfmVWfQ9/qsMC5+0fPjJOC6xamUX2pY+hJnFDYORJY1bSlTVhWprZpKZrpgnynxRIy0Qd2ieJ6HcaafPYri+f2vfuXaiLLZi1NPOxU0cc369SyJTzvjjJSxgVHO0PlcT0REA7/TkjRSWIofPJnfvewFF6WB/417dmHQA6oqWH1oevELX7v1Zy574c47v1WpVJMiGxoZ2rNn18aTN+u6iQaRpbW69OsrV4vyKVXEHFJAzyzFhExFjivV9xPOFEHo44cVsLRCmB2sNmUnXJSCnWeu61imCQKOX6AU8MhElxVk9iJK5IH108kYPEcf9/udm77+jdUTa8887XQtp0x1p1KxCgoFkA1JROUcdU5REypfhPlPIFsRe8w5OkfY24ifp6IGJXpeW3bSWALSS/SZEWsWSdhMeM5QZ+Yr1Ln85UvhobIQYrFk2l6aROPAMRlrqGSWEyflrsuEetMwHds2DBOvsXmIAFQYYSBK9Oy6Nn7nAqxzIQwKftRjhiFKFFO904wuxIRw9dTUoRuuu25xYabm2qPjzUbNQsgBmw8NNqrVyr59+zrdnjD9YeLENWU5Dfzo/j/qlz5VXFp6vYyhpY63JICWkpJ6hqhk0N1ut1arrSws1OVni77PUzWi1EkunONU3KtolDy9TJ+XofORvZE19NLX08rjSCvfamR4pghHPJaqBe4NKDKvUBGHlGdEpRNV1Y86LnuE29QjETkVZziR9LkUcPCHxItjXSmONtmAznoEu7xn6gicZaPH0OFN40Q/meDL71le+Pqjqe44gekd5U6O1jK6XXJ5Lvcm8p0f1Z15Jbf32OYpZw8Vn1kmsEsaOoLCV7YiX5FPskc5rx/5EEuap22PbvkNdy69OJJyfpSOtng+xhh6JaW6zBkX6zzShWNlDys8mvj++DJtf/nSaN57mF17L3tUPWsNu30/u/xvi8++XbloA5OSkpKSkpJ6ugtcWPi6siCiRFLDsVppEOSBH4WbTzk5TMJOuxsm0aq1qw2g5yID4sqzDFAJKDMj5fT8P9UZ4xlwJQPy1XLKtaS7lDjpmpaekOMrEw/qG3sePNjr+YcOTVartTCOVq9effpZZwEbcSo95ydB0lpsg2FZjq2blcZAtd/vzc5Pd7pt07BrVdcD1Ox2Ko6ri/xl4GdNUQYGBoCUF1q9rh80U62i6Y1q5c8/+GcDzbEoDMI00E1NyZUwyVRKJVHBsA1VM7nV7kZhbtZcNy3iLFXiyFNBzOPYsd0dOx46+eRVGlcFUy+iOFTSwut67/rVX9+/fz97ymtgoAkQj2AAxtT3PHRp3/Mok0YpdJ1sHtIksHT8MMlcRx8bG1m9Zsy2DPyUAbEUuTP4QyuT5QHtqHTLJY8I8ayn+DlVKI7t4JdPGMUi+T0us91N0wZWxvLm8PCrXvnyqz93jW05q8bHQYCFPwM5RpBHYpZbTIsjjAp+eikglRamShoH/d7w0LChaFe8/CXtfrJtzwHVdr08Axz/xl33u7r2E+edtv3e7+mmgujDyPDq22+/7bzzny2cu4XNCv0KE+4SIis3LVRhNUylMDNKMMYsVELPj6IAf2ZnZ0RaLk6YUvvZCZcGtowJF6LlFqAr/lAicwEWnubCcFwAZEPl+DdZZTcbiKUUu3bt+Yu//Ls3velNz3veRS45b2iIxuCnZ7VWj3BZRrGozBhTKAiBgtzIuPgZSuMnPGoohLBkPkG/b/OVE18Cr8WRpGeB8HOKKJRLhZ1LscKaCUAjIEXeFWq5kKIRmgagTOYtXInC0LQs7Mg0EEIig3jKwaeoRex5UcmXgZ6xYaVCLipYh+izLoyksywIAgwdAgy9fkRPV+gFGHsYhvsP7P3Klz5vasUp68cAoIvYqxp5pVpds3YN2nffAw96QVCg5xQlK62fv7+lxhKDFnUXl9OiFYpiSB1/SQAtJSX1zFHJoFutVqPRWHbCEt+vSlnDV1l5EOfo1GP6XqZvUBE8p7tn4VW37HK1opVtRY0F9WHJyysvciW768F7Pvjpv9F0ft6Gs371p37xHX/27vmia8Ta7/3s/960ZsMxFQ+ONdt6WC2Idptux080fT5ayyR6ydO5zAVmx1crNhEresd7lFceW17vUR2lT2STTpjuORpAH61zlKvvXLI6oRznqUe4SB+rdZex131tKUH79WwJoK8EAP70huKLd/+gzaOU/cPNxUUbZGqAlJSUlJTU016qgI64twnDuNP3xoeHFxb22jUnjqLZ+bmRgSqgTKVSP3zosOs6uCdNkhhb5eDOlDFK3htpTjkVVPaNWE4eCk/eIKYEzDhR9x6cygq10+106TG+JIqS8fGxNevXVqoupdEqGhBzr9/p9/qGYQJ6VmpDODRBqiTlGshc3mhU8jQB5QJWK7JkeKiB22VN11iUg0d7/f7gwBBYZK8fzi601qx2yeI3LQxTDXqBqtOtdZwkLFUInYm6dOBmYZxkVPhN0bmSpV7ke4wyQXMw6FM2bvj5t73ZcXgU9nfs3D40NBAnEX4XgNSjEavWrkmfDFL5WMUVJRKoLk0SUSpQMw2QPV1Rl0BhEoca5aeTT8rwYBM/eJI4tl1b5LSqwtECYFMF6FeWbbtLZrmULQvoqGpUz03jrusuVW7T1KU0WkaJxnHon75502WXvPS++x+quQ4jQqwEQdjudvGKWiWqExacG7a90FqoVR1dZb4fYkJQClGWvu6SFwTXfPneQ1OaVYuz3HVq1996u8mVi865YMcDd6ZhcuDgwcGh4f0HDkxMIFpgigxiYapAARAabbJNyfOlrF2atFmCyVDkUeA/9MADrYWFRsUuy2YaT0ZiOzpQuFFjJmP+W4jEGIYB4o+rJ8sJ4ZZVIjEYhlYoLK/a2tBAZf90sNDqf/JTn1EN44XPuTDqdO04sWwnFynG1UrFdRxxAaVRFAPc5vFK0U8KSoiqlNpRP4SzlSxg8bdScualfwoSvJwZvASgiyMWHMIDmt5cAtMiHV6rVCpMxCrwotwEQ4OeJ7yeJAHxccxOAtCYk7V6zbIoARxTDO03xIMOIdWLjMgkPlf6fY+qMhYJkDRCSnNz0zd9/frBRqXmanXHzGJ/dLRRc63h4ZHZ+YWDh6fDKEFP4GQzUV6QAinsSBnGH1BgcKUXCvkr54RIAmgpKalnlIBr8e01Ozs7PDyMb5zP3f4VXmj4Go/SqKKYL7/wEh3f7jz/8vduuOCkrcMjwxpTb3nwu3P+YpKbRerV7PrLT3thaKbX3vo11cStWL51/el37rx/ojl24ZbTEVH/4q1fVTX9FRe9WCvY9du+de/u++uNxkDVfdU5LzENl6LWTDtn01ZFt27eecc//caHdJX/wdvf86zffNn73/Cbm9dtREj25ttu/Pxt3xyoOy8+78XP2/isQ53Z7z50e8H4uRtP2zC09oZ7vu4F4fNOu6iIMtw0nnD6fKS23tGGG+SJcf8Pt4MVt4eZYywydiwnERP0/PLS62PcNqaWqOjrznmU7/91lx2xmFih4WWZxE3smMqB65b9jo9NW14urng6GVDseOT+l7d63aNVQfx+Kz+mQ3w/rfTt96l2SD3zg3X3FPvwV5Zer+xk/7HIHvdXrz+9+IxwQbmCHWlnqd9/lfL/Pe/Rd/7HXy1u3c3WNNn7L5f3ZVJSUlJSUs8ElWmQwImgQb1epOrW1OzcpqFNGgcGyqenp4MgVRW1OdAIQ/JbKPMZAZpzwpFU1UQRBI2gb5Hrpg7G1+n701Nzvh9MTs91O163H27etHlifEO9UdUNNY6DTqfT6/cAgj0vAFRat3a1oZthEM8tLADDAT6qiklGr74XBn2Ta6LCnBPGQZYbaRzRo4oJ4JQOoN1ptcfHN7iW5fWDqblWVqwBUjU0Iw0is1pP09gwOFCsqhiqsFrA4QzisEUQhtxwFF0rMj+NWqJwYrb17DN/7dfecdJJa/ud9p69O0EAgygkW5II7CxDF1mOmxZPgwJlnXYrTSmFVhE4GWjQAaCk1Jms9PA2dI3qwmWFydX2wqLX69vWQAYsj84RABookKq/CRsEMgbUNFFkrpQi3LTLVGgi++IpUirquOQrLCCfTsk0+bOf9azxoXFegCx7VrUKAIqWtDtdAN8MjJnq78WNgUHLWk3pwFky0Bz4xCc/eflrXuM49qCrvOV1l/3lx/71QKenmlU/Kmx34PPfuM2p108+6fSd998dRZ5TbW7YeIrX92IMKNcVJpJYi9KMOM0UlpGvMnH2hMoQgj6zxdnZbXfddedt3yvzXTGrsSFIOjvh4oYhsrKpu0Fmu90Ek5McY8jBmlLOKf280DmlSlN5zLqp1xxdV0M/8Dsd/d/+4zOjQwOnbDy52+0lFPjRDcvSyQ1FN00TvxxFQUZKQw6FWUqelGQZaDhD3Ik8c45KDS7Jcpl9RSh/OQsqT+OVFfB3SgnjIk+L3CsVAH7HtbVllYQ3jmPRsVRmMBb+1CWAxmvf97Ec66B5uKzLoAhFwVQFnwalJSYlUHPNsu1+v4+L14/X6XUAABAASURBVDDs+YV5x7Gi0Cvy5Btfv26g6VQM1dGZrqaNoerQYAM/9nft3ntoai7JgfUpfJKLQJEqyg0qywy61MOcM4/OISsT4WUJwhMjlUlJSUk9s2RZ+PKycfecZem9D9zzlr/+9cWZw9XC+O2PfVDN4oIz3/Pf/o/v+fDX/wXfVIw8wayf/7+/dd/2O11m/crfvfe3P/OHVqzesf22n/nL/7Vvzy5HMb56702v/r+/sH1mN8uV2x984Jp7b8D31s9/6Lf/6YZPvPo5P9Gs1n73H/+qUI5KqRalozO63eF5plZNVwvZaH0kz4r//XdX/tEX/uE33vi2izZtfdOf/8p/3Pll3IP83Zc/8ddf/icbYfssnWm17t2/K+mHlom7fYudaCnvecnSqyv+8cgX8QrfPHv8v9/FK7eK/4iSg+WSo8sSHu0i/ZlPFktuFVPFhcsJvK8/lv9i24F30Z8Ll7H1pvGjXoyzs8TrHduKpWcjiYCLJV8rfnHZ3eJIzcBzvg9FXd4KTfrwMvAF6S4PvbIf9qMc4vvpHPY68d/3frBY8e748AeWDv3h70efl9OfGfXYMvs+0jnFB7728C0e5qz9/suOtHP9IHvexkf5A/SMPyNV9sX/paxqMCkpKSkpKalngLjGdDJSpqp1u/fs27fvsKZbTAEQM8CsqJCbKlKF1TJdFSBRKxgnj4BMTTIVrCfOYz8OW53+nr2T11337a9//fbvfOe+nbsP9v1k3Unrn/2c8y6++KLNW04GpZqZXTiwd7Lfifx+BMZTc9x6zRofHWzNLnqdnsG10aGmbbEk7mRZT2HJ2Mjg+jXrx4cnbMNMs5ie8wd1NnSqfEhW1GTeMDV5aKDuDg7U0MgDB2fipLTPZQTJVQaMBfjFQawVHbfiuHvnipYnILMZkDYQmaZGP/fWn37HL7/5/7znf33kw1f90R/+9qaN41nSTZI+3hW2BQXlEJNRAf1OOHDoUKvVZk95IQygqQoHVYUMMncAN4yikEqtKSpVOCdWrIA4M7LkDrfddTdFEDKRDgvcqVAFuNIwoayXLupMckaGwRqmhEp/lqVxYogiuZYtwWdyfwBB5UVhqdrE8EgWhF6nOz83nwub43q1WnVcp+7aVWd4aJAlqZYWaopN9CBhkWp+6svX9xUgct/V8je/5tWjponARVJofc3u2QMfvebG+/Z3hleftn7DxpGxsU63lxFjVEWKc4bASRglfkCGyPhPFkaxH4S9XnthYf/uPd/4r6/fcO21226/3ev2uKKUhfLIHRE/1k64+kHMcKFlLMKc1JScFQjkhAFCPQmuSMd1TQNAmSoH4vKk3GglO33LyYi/cCUL/L7X79x8y82A+IZpYc6jhxBI6HU7XajX63seTqrIUts0mtXKQL3WrFfrFbfqOuQ5bXHL1G2LXGy4SoQbf5ev8cfgKl7jtzHLM8SETEBxsG2EX9xqozEwMDg4PDQyNDQ8NDQyOjJaq1Rs08SEyMUzDqHvR0HQRxO63U6r1W235xcWWu02OW6nCX6aDw0NjY2NNZtN/Ein0paqaopyShi9MKTSlFieJuniYkvkROv9vsdx5mkU9Du3fuNrYXexZnHXVA1eDA3UV60ac2u17bv37js8S44rjGMyCJ9vzGB6OIOqkLKlpxaKozysV0ah9NXURHhGROMY+pNJHX/JDGgpKalnoAzDqNfr7XbrDc9/7d/d+vlXXvyqHbt3f/yd/1fVTESSP3rTv7/4tAs+9fXPXflTv4xv4XNPPplp2aaTN15y0SXnfuvTM61OrKhnbzrDukW/9MWXDTRHX3jGBV/85pdf9Sfv/K/f+n/PWrthLJm49a5bPrvty199z7+eMrZh0/hJC71WUORHf2tpuZ7r6jXf/RK+J9NCCfU0yoPDrUP/9O1r/+ntf7Smumb1+avf9sBtv/XRPzvwl9cPj0zgpnB4cHWcs8u2vgSBY9d1ywqEJ17rLlPev22pYN3Au44JBm96iciu/e8Sco8uOXjMHo4qS7iiK449xNE1AB/WnqM9oElLLHs5sbeslChcko/UAzzW0PnomoGP1FLJwUd4MT/qVo/vEN9HyyUHH603junwR4wIW+6xTS8pPvO1R9nDMQLp/uQSJf/B5QdL/cPNlP4M+nztryprB5iUlJSUlJTUM0O4x8yVPE5TneUzs/1v3bptYqxJ0BkgRwOYTvpepIA4J/SkfZYXmqHFYSRMYQ2Arrm5+X37D/Q9H+BvzeqJkfGheqNhGLZp2SnZ2OYd8t7oHTp4YHBoyDKMQmMAyBXHmJ6eSS3XqVR1xeJ6AmiW5SnA08jwMAgi8aiCRYFPmdYu8DHoGCVtZumSQV0cxeDhwKUHDu57gaWvXTU4dbh14OBsuxc7JuMG2bkWCuE8JuwkmMJtUw1DjymFoaop7SkBi/WDzmWveLFKnDqNw1BTtTTzsgSgNu60F4HckiQFfaZU2jxbnJl572//tmNbP/+zb2JPbZmOXXpOkIFGjn6grFVVoWKKYNKFqBqXYYwVDQMbBPG3vvVtx7Gf+9znUvJrkWnc4DpnRa6RPQVVngTKL3JhkqssFcApD7Ryr6kc+a8YIUZDhvmFrmNpauLXzdAQtUBVk25v7569cRo7Tbvi1ip2BczPUDnaNDe3UDiG7jbu37fvY5++5pdf93IENxpu9Q2Xv/r/fepzqW4uejG3bG6pX7jhlre85hWrGg00T+ccv5gM3aAEZxEqQOwkjAJg0MjvtTvdxYXFhfn5+bnZbq+fxgnmbeD5aCFZwAiQflQdnxOqPYfmNm7YYBoIjWCixeDP6PmMZRiwOFZ0Ys+8dL6g+p8KpfGPD9bWTwzumeyGedxpze/dt7/V7tTrrFGr4zdvEsdl6ncUx5T6jQCAiY4xTAOMF0RZwX/LqAFbqj5KonzxXFis4KoplgM4rDTdQDCClx4aJbctywyWfy+ZwKdpmeyc0DWfR2FIuecih5rCE5pWdV38vEVXoxmlA0z5LhfcGa89rxeGYV46Thd5u9vDavV6Y3Z2VjdMtCNJQpzErTd/fdtt3960cY1rq1qRDQ8PDA00MeF27N4/s9BJRb0lkeKNIAn9dk6zRFVYlKbkPK4I/w12jONlKaU0iVboVMt/I0TDpI6/JICWkpJ6ZgrffLVaDV9y17zzwzfe+533/dPv3ft3t5LRs8bv3f7AH77pPVt/5+XX3nzda198eazqPOM33HXTt++8ZX9r6jM/+z7cE2u478p50zI0tfBD/3fe8K6/ve6Tr/qjX/qVl72x4Hk3zU3TPfuULYrKv/nAbQPN5te+9Y3XPP/lVOhDKFcodwB7ULEnhJETTWf6d+7Zhri8EsQJgsxZcu6Zz/67b1x9MJjVC42efkqKTreFr8Ojiyg+KXrHe5R33PlwT+GjHTn+W730F5TFY/dQlg18mN7/boV99EjdvO/nQfFID+ijjTJwrPc/vPie8vcfYq//xyM5wj9g50ckDK9vOHar73/Wj+sQ30/nKIvnHFtCcOiHcrheaR4w/V3smC66+s3sioe7Qi/DegzH1v9m5//8bfa/P1sMVYg+bxhiUlJSUlJSUs8gpWlCdbepYJlO8Ao3yGQEXGj9nucOgtYCQHEqHUappcXCocOT01Nzc4u+F27atHlyehpkee36aqNRNy0jzcjjFSyp1W57nodNB4cGVbVSrzu5cIiN4qAQVcUGm1gOmq23FhYsW51YNWKYYKaUcuv1gYK9WtWyLY2sYY1C5FYWCfhiluaJqH2YgUlRLbvDBw/FsX/K+ok7btvV7vjtXjLYMHQN4DVVVHIwYCkVIicf3AxIlFwHANM0KkympUUOOgdYR6XB09TgVAhREMys3V50HRs/Fg4cPFypVrmmAnljo0a1cuDAAfaUV0oQn1NS6lK9OYWLrGf0IeHovAAszCkXmRKiMa7tVvubN98yNze39ayzB5qDAwNDuami3/KMcpsLUUAQ48VKhLdspLtSob0oM0yVsgzgkYWEdnOim0SxAb5ZDvQfRqHrOlE72r//oMGNdrOloCVpBpb6rAsuGB1ekzIlTIvtuw587tqv/8RznpOnvZGa8fqXX/wf134tVbTQj5M49PPoPz79H2961Qurrj3T6WJyxQH5Bntev9VuATH3PTLliAMPZJd4KFlwJJifpSWJJlJqua6RV7QoiliWzTzBSgp31/7Z9Wsn8CMTYZKSz3JA55ylUY44QbViayb6OhOlPvNC5bgGzz59w8zcHVEfiFmbnZ355i03/+Srf9IPcGXlpmUtOUsI3xVSRinVgR+Uyek4cfxPXeLuagmdxR8mtihouAV4LgphBk1EOBb7yfLlhwtKSw26nulTIVvB00wQZ9M0bccpM+Q1UcJS1EyiX8F0PQqXbp3KDBZxHCVieMgtulr1vQBjiFmKwE8UhfNz87btUP66581NH/763bdvv/f2jetHXSO3VDY2Nlqt1Xq9/t79B7pelKmcfKKJbjNhRJ4JxqzS7FO1TLjGHG3+fDSDFhnRoP7LFjOU6/8kGIL/GEoCaCkpqWeyHMc5be2mk4I1p/7WJxY77WatcvN9dx2am3zvRz+wtjn+j7d85rUv+knhD8defsGl89Mz/7V3G6hxSvFQlmp56mdZVYmSeLg5+tXf+eglf/zzV33pw7/zml+Js0RJkv2zk5vG1iPS+kt//s5fuvhtr33BK8Q3P30DqoWmxPErn3MJ14yoCN/10ffiXu+80860LLuwDY4vRlVfbC/g3qduVDnXX3P+S+YW52ybylCwp4IEEv1h33rUlX/AHo4Swe7/fq1jPKB/yJ0QBH8s6/+3Wz2mlR95iP/2TL/vCsulIH+wHtlFP6D/3/wDh+aWXezX/qMYcNmX/pekz1JSUlJSUs80aWqhK2rGFMPQ9SwnOsV1wCXHdDzfV0dMgZsAihhwrcLUuYW5ycmp0bGJUzaNgFSOT6zKVUp77Pe9qZkZJvDSQLNhW4ZtceCh+bnDURzXa/VKpQIIFYdprxukabfeqBo6q1R1t9oEe0uyYnZ21q00D0/O3XnnrjNOHT7ppLPTpJ/nYYxtMsp4juk4DG2jm2tK5VU5U6dnpqanD27euErTWBIX27fvOeWkrSrljZLvK9W6I5sRPc09XVfjMAKGxE66faJ3QOfkMpGkOnnXqh5ZFqQgX/2+D/5Wrbg4xrXXfnlwcOikk04aHx1MkmhqerLTeRpYcOg4W1WNqewb/RpRiTnqXuCR1wR5ccQKgJ1KGcBAj0meAkzPzc4Evc7BvXuHBoeedc65E2tWD4+N4scIJUqr6HBhrMFVwfEUkSp7dNpzSTCVgq1UaCQnD6yCw2EaAAnbFde0gVjNKItHxkdbnfbM4WmMYezHJjFRdbE91+4tTmgbsFkapUqh3vrtO2xVu/CcMzszh5tFfuGGsW9+7656ta7yzFBzPY9uvP6roKb9Xg8YFLhZOHBkpflvvlQjLxd8kZWLMcxpjhBLHiO7NHAmAAAQAElEQVSagvCDRsYetmNinSiM2AnXptMvuO+eu75z+30XnHu6rXEwXUo8Z8TCEQFSGQcb19E5OtCqSn4pDL9N8/WrBp530enf/Pb9i72k1Vq84/Y7tmzactqpp4Lk5r6vLfmuGFyn6BGd+FE19URtQsRcCPxiZKmHCjFoypFRzMunDIrSN7lIhIlzuXlpEo3hxxFU4fgsDmUss+YysXqlRGFZrhB4mvKjTZMysb1+v/SDLmMknOxhdIxCu91h4rNGDBqweQGODaoeRVEQ+rfd9u3bv33LxpOGh+r4XGFr1467bnW+1d65a0+SgzJrIm87xeyknH2EGVT6VELjPB8EO67VXL5kT14abtCpleGT0g96xZmDKqNStEYC6BMhCaClpKSe4TIMUQFa11u9duHW/uELH//iVR/XC+um+7/1+j995/apHeuHJ3RKf+i87aWv/5vrP/mXN3/8A6/5LYNnZpYf7E2tHlrdC/zBerZ6eN0nf+NDr3vfL2SWdsnW5444Qx/87If/8Zf+5LzTz1Jz68KznkUHU6hWR4pvbj3nqp5phZNrc4mv6byT9NcPrXn11hf+7Vf+5VXnviAt9E989d9+6qJLbdX5vcvfUXEqoM8/oESvlNSPrOLTy07cPzhTe7jCXrSZKhNuGmVSUlJSUlJSzzBRDqii6arhUKqloaZAcjEA5fhwI/EXwBnD0KfCdLpKlsFFtmHDhvUbNmSZ4vtRq9sFSmp3FoGMLNNqDtRYnkVhWGTgvInne5qqNRvNNNOCMJqdbQN+DQ42BgYbBiXnUpZiGAZghoWiARm12p0wSZuD7k+89MyhwYEg8pMwBLH0/UQYgFBSZl7WFSNpTNgmgBff8s2bXvLK/1GvuVOz4QPbd7/4RacBPlWqTlakmsK2b3/Q64RB2kXTRoeGpycndQNU09Ata2BguKBU09gHvkzJFDmNMyoiXjCAUpy7YVpo54Pb77/77m22baDRc/NzT0qq7GNVlhUxUeVUN3RFFBTE//uBb1s2iCAGNCeCr2voearZyKMk0nkRx2x6+nCn3dq7d69braxet/aUTZvXrz+p0WxquqmRgQojPArQKEAkeYMvV70pj6uI/NlyQVoUoJRxFmkGB8zsB14v9BrNOqPKdSJzFj+TtIKDYwIEU2QgYjTFkjQMEs/DGHFFv/O27+2977vMbyMsAMI8zp1gfjFM/AT4OU+6EXmMYA+YGaChIgG2KJOZldJLQiF/CdFeJaayjDm4a5KlfuRzwwScNg06p7wonpQfXoudaP3G07/7rbnv3vHQOWesHWq6lLqrMLJOoRYVfhGhky0VU09RFY7lQMq6lp28ZjRLtRtvvafV6R0+NHnLLd8aHRkbaNaJPpdGGVGUKDFOXLdshBlE3jdlOJu6YYnggbD1oG7CLCE/GgLSor5mIRw5MDK0FW1Uq1boeQHsGZ8Dy+iW0LYIbqjCepstW1sUlOyslsC6ZLuEm8mZO8FFHwb4JIhFUrJmYRLmBRl1xwl2iCsODU8TRKdSnRvduC/ytwtEtu69Z9uuh+7fvHFto6IPNiurx4dNrhyanNyz/1CcqmFCYTO1SEWXqeg7/B/0XGNqr++nTPHjtIZ/kcE5W/KMEWO9VJawOMKgxScK/RuXBpM6/pIAWkpK6pmvsuouSHTQ99/z+nfuOXjopDUbvnP/vT9x+gX/cu3VQ27jwq0XfPUbXzt96JR/eOcf/81n/vH2Hff/2w1fedFZz/vXaz639de23nff/Q/d+8BrL3zVBWvO/JOf/51Bu2Jb7rV/+LE//vT/+7m/+Q3Erf/6V//wsvMuKV2bcZ983/33pUl0wennfPQzn/jF1731D/7iqmdvPue6G756zsipf/c/P/gXX/i7d/zdHyYs+/Wf/pWLTjq70+sMNAZWvDukpI6X7vxhyyRuHmOf/Z8yFiIlJSUlJfXMlGlaaibQS5JGoERRUqk4eeaapjo/0y7YKgBH8CAlp9RCwe+iTquraHxufqHRGDAMYNyRIPDjKF6YWzCJ6xrgOYYBYob9ZL7Xtl13cNAyeJV2pZNNLdYP/RCg2+v3R0ZGDJvjvnl0eKhSdclruMjjsF+mTeKggReUzsLi4fqCEqDBiHST3BzAuVR+/Q03Pvu5lzzrzDMPXf/dPfuhqWeduqnf88HUVW5s3LR58sChxTYgl9XtdnXTAmgDNl0/cbJjW2Gc4OS9IMQhUnIUQOsijQPJc0M3PT9YNTE6OzOta6zXaafkB73EsZ7iIjCoqLqpA/llLEZPmJZDtQcV1bacOCEImOXoh0Inh23qatW1QWhVXQMRtCy13+s8eN89e3c9VKs3xsbGx8cnhkfHh0bGGvWmadk5fukIM2HAXcH9ygqEoqD7EoxWONbIeRZnQJf1egPjjY7L4kJXAffJ9AV9TIaEYJo5dqOrqgF6DPLX0DLXm0so8zaaT8OFLDY0Yt8gsACWOYUgcuKMANy0lSpOV6XohEpGC3hTPIbKygR4kTIv7GMYZjEazPye3+8FzaatUo07DXyU+LX6JFTcue27t5159umN4eGhgcpd9+9fPzF26sa1edHDRYBoCGX4a0oYZ5iZlUpVt3SW5bZlYIAGqvppG0e5dtY3b9/Zac1979abB5sDL3/5ywHtEV1B5MYVyUzAyjGVkdQ418rEanLz5qLkKKg9XVRkhM2wY0PHIbmmYxjzMtN5iVmnZABSGkOXbLoQJs7k4pJgT2R9kam5SFtmdEWSV0fpklNadtD1qqhxknO9sB07Au7OMkS5ECChi0y3FM0IAi8OY52bWcaSBO2iGpdB6Lfbrc997j/377xn85pGo2aMDA6snhiLkvjuBx9qd/phqpIrvUYuKvgAwybYq8YNjDLmYZQU7a4/vnp1QsY+TBMJz8UScy7EyYlpuuT/nRfkSp0zrmcFIjQmkzr+kshDSkrqx0WAvJVKZaN5UhiG/Xbn13/q/zPw1YuvXTX/9ULNWaqK76nn//b5mRpf/bv/wJQEdy9azj9x5f9VoxDRYtzo/MxzXoMPTnxbrW6s/vD//AC+LvHVnSm5uvx0D0KvW0874+ozPiqeUcN3sPq3V/6pltGtD1VCKPLf+um3s1jp9Lv4ojYMU5cVD6ROhIpfXLaEfv1jLpMoJSUlJSUl9cxRkglIBAJJiJksXP0g0MidIY+iEEBSPLZOt7EK3RyrRZoSe+S8WqkC2c3OzWQJZdSOj44lMW6rffDiJIsAlkDELEsvVMrH9ECokxAAsdfrez7BJt/v1yvViYkJ3cD9co5DNJoV4ldJRMCKYJagRYpGvre4CyebWqA0lgvX2iRTgySem2vPzC3ML0ZfuubLz3/h62/45ne8IP7mLXetX7V2YqyJW/ksBj5TR8bGgMvAykzddBwL6A00FpArjEIgMCBIozDTPOFUkY5u38FmyVFA1UxTX7927bY778rTlOqjCS+DpwN/JvYai3p0lO+s4geK0hxozs7Nlh7OZJZQZML4m6pQKmTEwQI/cGwHKFhTtCiKdZWqxiVhspjMdxYXdz70oG4Y9UZzbGxi9Zq1E6tW1wcGHdcxdIOsG8hCgwsLDiasoamsn5Lj51OiKhqCDxrXXfyaiinRth97JmFHAqCuaxfkO2EATwtCSp4R4eJsMHew4piZqCFJwyISgMkDhEpKCudq+qNkKc5HAGhGKd156bGAZmTkASzSeTFuYrmqicp4VBVzdnYWE9zkmm2aeRaTRzgd4UkA0L3u3O5dO845b6uipqOj67d99zs4yTO2DOYpuDwxXIxMQfYguarFtq1SdrCo5heFgc7yzetHFjrhd+7c3l2c/9xnP4P4ymWXvzqM4nq9huvM4FR7kJFbjRoEAdFeVU1EucBQXFroUvKxocKboufIIloYQ7NlrwoyM8nLEohlvjDlvOPqS+gxCc3QhY9znCXCZDtNy5PCTCgdOcqKhXnGohRIPDFtfHjkYRjl5FVtmo6b0nMSYZJEusGdSsXH1ZvRCqZh9Dqdycn9V3/qX6anD529edVQVZkYbwwNj/aDcMeuPa2Oh6EXVivC0pvcxlWqpGqaQYwPKASZlPnWwmlnPKvdaamUI8+JoosrY6nrl/+LUAY+9sj8RBU/1sUzFmnOpE6AJICWkpL68VJpx4FboW63je/CWq2mmlToQVv5PKRquCZlhTC9Nb3QDxYHbv+447eDnJvrTs9POlM/6TxNw701lZjW6Sk0bKvSdxllAeBbVfn61779wPZdL93a3KxHsc2LnBtZeMgz7lgwXnX5i3GjUNZq0B2H/VjqBxs6Sx0fUdXEv2dSUlJSUlJSP/bKMzIuKCkfZQFnURDiNjaOE59QUQGURI6/ZLms5ZRvyOmB/TTEba5uGoODg3S/q6iTMwdAuOrVSr1WA3y0LDMFbcSfLAeh6vZD3+tj57rJbcsaGx/U9WHwngz0ukhAfLIMe9ZSsm0g/9bSr1XTOW6pAZ9TRva4mm5xXel1e3Pz89Mz3U6vHyc53XNrxTVfvOEFL//Jiy469eZbHrjv/kP7Ds8YVjZujluWkcSFbVdO3rgRhIwyTTJiS4Jog0lqS+4BSgGsl2YMJ8gLVTBP+i1g6HzT5lPwYwFQbKVq2dPCJS9JgfLSSrVKlr8JqKVmWyY4MHl+5wn5rhSF4VjoDQyspZs48V7Po8RkpgM9OpabZ4pIYE0pQiDYcpxEs7OHFhamtm+/y3Yx0MMDQ0ODA4MuYhHVmmO75FUssDLmFBHJBOQxXrd+vWE5aZ4CduJ9kEdwfwompFQ3LiHvk6RquuCAbsVBW8VYkAgaA2qLuVeaatCJERotyip7NJCaJmocFksl8Ci9R5TfY4wAdE6ZrphaKWXi98E0RZ3CBGGGes3mvIgjL8PsVWm4FeVJCCw0a9b0oQO3+r3Tzzp940lbnvu8533jxi+eemoD52TpNrlbxAkCATo9UKDFUUx2FnEC6I9rDYMZB2m9bm8+Zc2e/VNep3XttV/YuXvn6376irPPOotqP+ZK3ws46H6mcFXPU1xsVBZS/ErNFYGUM9B5jUdhhJAS5TUHiWiXUpaTLB2c1WVDZ9HBIsuKcqszznFxJUSaqfdUTqVKy6RnMvSgsoRlRpawN7ENcnjRKswydDDrhAy7c5UQOSYjoyUx2saTzGt3QkzR/7rhyzffdH3FUs/dvHp8pD4+OtBsNucWWrv27u/2/Cwro1NLlyJFrMgXXgujDJ3V96KZmYV1Gza2Wq3du3dPTAzmeayypVMQRTTpSl/eWsEnIBfQPSGGnpoWQXkmdfwlAfQTpus+ErzmHnbF2+yPnb+86LbQ+WjBhtUH/sBcv7Qo/cv3JVfOKZ/7iHUpk5KSetJU3uXgaxLB4U6nAxzsOI5IRqbAbWkJdfW/XfvXf/Vvrs1+9wW1c9dSYYNs37ZibkrbeH75NSzuiujZI3oQjL4Cce/F3/eeP7n5prsV1Tj8Lf7rl+r1SI8Hmg9VTs+GJ15w5jocUymbTQAAEABJREFUznXd0qxDSkpKSkpKSkpK6gSryMFyyEXX4AZ4MGCcHwY9IB66pwX/ZeWdKhEpEFuVQA8wLjccP0gOHThsgztWXds2V68as00rTUR5sSxrtyNQLeC+w4cPj4yMY8/NgXqzWQfXxe1ymlIROHKfJsis5VmSEx9K0RoywM1yQGWR+wmOVSjcss1Kq92dnm3t37d/Zj5gmsh7VAg+5mT2q03NzX/s43/7hv/xS7d976F+oN51357xifowdpsZOLN+GCiEZOMwCqiaYUKUDbf4wKa1WpMsa5PMBPEEc1UZ0UiRBkosLVNXjY/bltHv5SVae7rUaEHT0WulB29OWD9dmJ8xLb0sIkf14jQtiaNGvQl06HtRr9PrdP0sZcaIrXGtT9nQOp0//RbKkzDFQtOyFMUoUgWUrht63ZZ3cN9+yprVVMOyOOWSA0JS7wlDhiKMM7zXaDY3n3rapi2n1Wp1wGOuKo5jAziOjA5rplJxHQQkwKo931+/cYNhmK1WG8gVBwWuFq4PIgG/UIWBgkh1FuSUMmsJUdOwUIJ+XuJo8l6gWnw5QeckThcWEafoY+RxaqaFiIJecYBusUMKtRDmplmoCCtrlZ1wnf+sk7/zve291uJ3vvVt12ggCLJ23RigvMn1jC4JjX5dJoDzaSEqC5aAPUnI48J1K6KsY2t8rInR2X9wdnqht/3+e//kj3e/8IUXv+LSV6yeWFtxq0mWgrljP6apx8LoWeeqaRmayUvXY6Bf7I/sTYo88APLMHUukuPF/8oqncqKVYUwg8bRsSvDoKcHWJb3g0AEgpQy65mJR43xg1o8WlFQYcgUkYjA4G5GftOZRuURyR4E04zc3EUJUHxcYNM9ux/6x3/4f2oeBt3OqRtGhuv2+vGR4bERvVLZv//Qzl27M7relzLsi+W5jk+mhBypFd1yOn2/F4aVesPz+vv2HzDJYjzTVY4Bp9/qS87PS47V1FpBonOR4g0ijovi4K5dh6ZmmNTxlwTQT5guPU9h9xR3T6YrvXrd7eICmSuumWTvnCiX5dvmGDtLlfRZSuqpIHz52UL0ddjv4298d+IOSefmf376K3/z1//OmRoU1u9/J/zERL3Oo8xU9rPmFrqzUsovMHFHhy+/WFWM227b9n//6J+nJzu4SR8bq9ubNt9krzv1vDUTq0ZP0pfEpKSkpKSkpKSkpJ48mSLlApwoSSJGj89TEbc4TaM4DsIwL0rrgzIFUngfCCwFgNio1UdHRwEc0zwuGMhSCuIDitTr9kAqF+dbusHrteZpp58K6gfsSEmKSpJSamQudkpesxrjBWVgC+decvnQRBY27qm5qHnIgML7fnJ4au/kzHwUxgBihgXurKTkMwv6DLykxwUZMVz/lf/aeMoZZ5y57rZt+2+/68Fzzz1jfChxDRblUd/rG1wVlhq2a7ulmYMA6wp2owmXAywj7IYWkQsf3lZA47M0d12nXm/MzMyWJtRPlxrhXHB00DTDNECi0bn9flcjxKqA+BOAVjXHsoLAJwiZq34YOo6F5bv37hkeGh4cGoxSn0q7qVohMoQx8nGMHi80YU5CDhjkcpEL7+w8ifulQUMuDJhFuELNmArcOT11+IH770PIojk4NDwydv4FF248ZTN+Zw2PDlfqTpLEBueWZWHzTrcHpslF7rNCjhmZIjKfi9Jcmuai6H2ij4IgCrdh7Kog2B0mIuM+AnXG/wi1kn1iwTTMTKxrWaptmRhzUSUPY01p9tgBzk2kTBdUEvGESy3iC87Zcte9e9u93je/+V8bT14/0DC5YaUhrkjVoFhPyjWC+kwkOolZrEXimYOUUozVwUa17880646qrRoYjA5Nz/W73S9f8/lvfP3GkzdsfPb5zznz7LPXrl1r21aIy4cmOcd1HISxGsUqzQTQKsx5gvWcZgb9IbPspXALWU2uENvyuQR0ODYzDQMfApz6UbUsOyejDuG3sZwFzcoEZWEbjdmmG2aS5mRwo6hBEIligZhZKhA1Bg0xp8mDe++663s3f+NGJe65pnLamWsmhusTQzgzK1OK+x/cOTU1jRklQlKK2HC5WiJaT77gJjD2YqePt0dHV+MTbM/O3ZbOx0eB9cHQI9EYuoCXM7vL5hWiY8XUoiKWLImzTrvTaveZ1PGXBNBPnM5Xr/hodvXkinlM+uAUY8PKlrli22HGSgB9W341Y1smnoRQm5SU1A/QCh3GN2gUxZ7nv/DF5579rE2HD89NHpqdmWl/aqZ74Zr0wbtbn7zrjg+fvefU005Zql6gULXnO27b+b1v393r+5e/9kXjY4OrVo80mlUuJEy7ZL6zlJSUlJSUlJTUU0NFkQkMx3VDvE6TPF9cbIdhpBtWkmaazksPBMqAVqgOYaVaNQw7irMwAvZLgRn7/d70NOUMuq6LFR3bqp20BjCR8lIBd1imktl0QtxSocflsS+ditjpwEnk/qHwNBclwHLcfiuKZuSKOjk9u2//gbn5HvlCgzwZukKF1ICeqcGAUJwyZPOSysV5ojL90/9+9f/5w6u+d/f9U3Pp12+8/ZQ1rxobMJIiaQ7W6ZilrW2eUvYk5WWm5XkBmuEOHfBNIeKZq0vcjIlCZQCwWrNZB1ldgp9PEwBNKa6q4lqVTNRW0zEYlhkGQUlugRmBaL2+jyW1esO2rIpDDHF4uNnrd2Znp3q9xdVrRqvVarGEk1UyOhFZwvhFk8aJmBD0Hh2MgOPScZcwNIBikVItOa7HYYioBaXV+/2dO3e4FXfduvWLiwsN/ECq1trtVhCEpmVzTa84VTJFIVcQjuaZjqkoucjXJmCCMc/yFFQ5jCizPkR4BBGJJKb6gZxneGc5J1ch/s7I8ZhSuWPVJFPjWq1Cs4VsoFPODZOb2BUCEIhnqDQpi1zMwBOtLLMt+7xzNt+2bXu/6z1w373Pf95ZoZ/W3fo1X/jGKevXPOustVkcCXCsCoftTGQlUxwojkNcoRXXqjm2wmK1ig6sDA01AGF37drX68zeefv8ffdt47q9ZcuWl73sZeeff77tOGGcirRmupQoJKSkFIABeMV1gWADXqRkZ1JkyZLnxgqrPeo1ObPQhaqYppkQ38/FpUQuHGUquohX5XgrTinmhGUR1aJkQRxj8ukm8zyPHNgpMqW0W61//5dP3HXbtxH0Wb92pLFmdNXoQLNWcW2jVq0iCHTXtgda2DJlVCSTixlSQmThAS3mnIrISKfTMxzzlA2nzM4v7HpwBy7e8fER1wJ9DnRDEw1Ty3KmwuhZ4Ohlsp5RzEMF3I6pfzT6t9TxlwTQT6DUrcPZ1ffk1zFGCc6T2Sfm2BVvUxmo9O3xx843sGzfJK139sRKt5eOHEv/2PIy/c7Ll98S9h1XvE2jzcslZ2n+241914SnfbW8Nh7u41F6gLCjVv7Bu2JSUlKPkCZUvq7VaqtWj2XnZfmyTn5l8XIR4J2amizXKQ3y1q0fPmnDJeXXcLkHUZ1ZSkpKSkpKSkpK6qkl3NNSFmTByH6XgRNFSUrGrWB7luP6gINcAZTWDENUhFMpszVLu512q93BOlGE9RPXdcZGxvC3yKEUtghURTBZugVOCO5oqkaOzyznigoCRCw7jTVFIeDFADfJQDYIk07Pm5lb6Hb9CIQ4A0i1vTAGIAaRBBhybDtJ827XA5ZiKqCzRhYTlJYLJFZMHZ6++upPvO1tP/WJT1y77Y7tOy88f93E6kKlgzLVxP6FRUMOMlt6H+diW5F8DZpWcMrTZsv0uaCyeoJmappO7iPL9/MlYnuKC1TVMvQsTxwyx+CUtQpCzzWwY5xb6EXk753lXDPBCHtRV2GZZepevzUyVEN3BEFwcP+0abQaA81GcwC8ViQLk1l3kseaQTYpRe7k5TOgeWnNzJb4cyFsMcSLjHJTQX3Jw6GgKpdLSbHjY2OMLMWVilNL9FhVuPABpzxndHue5piGPcQdsoCK28WYkZQYlBIVZYZueb43OjoaRh6iBoZj4VhRmLtOBcRT12jUkoSawnUdEQ2ce7VWpYBDSr/juMYpS7sAwsX7vDSVJiviJ+Ph1CQEDSeH7gvOPfmee/YtLrRMw8QMvevu+xuN2v6D+zaePFx1TcxMoHbT1ClpO49w1WSFwKR54hrm2lXj07OtrhcFSc4zVW3YtWdtCsOk2+3PzLb9sH/33bffd99do6NjW885b8uW0zZs2DgwOIRYESVHaTriO0WuEI4vYuGnnesG1eNkbMltg9wuBHReQdK4FjCmgMg0siI+IXx1UpH7LAD0Uta0Ii4gnTx10jyiNGtaK4wC/Jmfn9uze8e2u+566IH7on67WTHHhwfHh6vjw7XBZhUXn1trTM4u7Npz0Asx7nTlqpSJT/OM7KrLI9CzC9Qbi60u1/nE+Nr9+/ft3nMAzRgdHcHpUeMpzZrocy5ahQ1x+IX57sTEEP1WZwXZAXEDc0bhahBFlHyuSjR6IiR7+QkU3zKesDn24CS7dIKxw8WDTHnLKmPLWcHVU8U+xtYz9tAkJUy+YckkOv65t2dXD6sPfKR0iMY/E+eO7CjDaHb1R/PPfcT+GMg1cefMeXsASO1/hJfbvuZ90fLKD7OWpnedI+8+yq7OuSY9ArulpKQeTSVQlr4ZUlJSUlJSUlJSzxgpGjkeZEWWUNm4jGx/1SKOCEHalu37vts0wabLFEhKJQVgImbNPL9frzeAyRzbBcgqUySzJCrSTKXUxILSDUtPZ6VIAa+VQuMaGI9gvAogYxiHXDOAnju9fqvVnpmfB1xWNNMLQs2wwDXbrUWg6wSNIihOhrjg4+J5+aVKdKDOCjkyEIZiSga0eNPXblp/yuZnn3fq92594N779lx66XOzyMdpBX7PMsxOh+yA8yyxTQNbCVZO9LnqOtic0iEFZia8RRYfxLjIEsLQFI1yo4uSrRZPg+xIF4NnW6I6HPVTgn4DKxS0LiY37FhVDWGmoQaBBw5r6kB7CcYPJFZYXKB7co3niwsz+w7sw0CPjU9UKq6uGNRhSUYdTsnjTLDn0hp7yRAhL20RRGk4vBKZy5RqiwX4JYX/OI596PCU69bcan2x0221FsGjwbjR4f1Of2Cgcejwwf3791crhmnSnNG5nlKUIjMMPSb78DDNYt/vr1696uChgxgnnAhoO8aXkaGKqDCXJ1hSrbq6ySOcrMISyoEHiEw5FmkcEw9njRkPhI2lCKSUcYcTrMOTsxtOqeL6ME229ayTD+6dtHUji5Nep796zbrDh1I/SlzHoYlYFFEUWlhPJOOnRYZpanCEhXJTUQarVYD7uVYXg2hoVFLPcLSaMzA0WMOUP3T4cL8fTk7un5+fvfG/bkDPDwyNnHzyptNOO23t2rVDA7VqpUpTW0VsRsd1bRfE9KkoaJqSZUeRi5lfCPRMvBm0GX2GeAbmFfloiycLytUYGWKUWc9LqdD4r2HaYeh997vfUTTV0PnBg/vv3nbXzPRhlicA1K7B160fHls0zBQAABAASURBVBtqTgxVB5uObYCtK5Zd2X3g0M79k0lhRJmmZCKmxcoSgkq5c0rDp2CZ6ntBtd5AS+YW5nbv3gcgNjE2VnFt7L/dbtUqNnkHcQ0diwsiipNOt0ebMlGYkJ50UKmHOT6Ieq1OT6SGywzoEyGJIJ9IlTbQpeEGGUAPq5dPsPVY+NHSBnrJlGOzWPm6j2RXM+VzRxix8bH3Rne/P3/tUWh4y8t4meO8/nL1iq/S+lctvWX87svCq7+65C6975oU9Pmq964kRBsfe1sI4vz7t7GViogP39Xk0yCKKyUlJSUlJSUlJSUlJfUECmAnCEH0Ml0jZ2ZdBX/MmQqGlFb1Sr/fXzVSiQMP7+Uit1HkQpLR68knn6QQrVUJ3AHiJil5BZNFtEiCVJaSJbM8pWxCLCVH4CKOAc7UNAWnVKOIL8zPzc7M94I+lYzLMtupcA1kU+90+3GWW04lztLcj0qiCQSWxClx4SW2RYcRtsYagW4OMAkybvznv37qt9/ze3t37P2vG2/UzOS0M9bWanaeK7t37nrhC1/AuV6pVyxTX34UvyCvYfIzBicX5FV0C50GGXUQtyIgRRnTlOZZPu/InvJq1irUL1zvi/qJhJNBbWP0cVbWuRFMWEnTyERXFBmwIKBsDnAYB1hSdYxGnRJXC0UfSBtzC+1777uPc7Ner9eqVcdxTAPwk+gkoymUi8JwgjcvpUNjIYC+yIUvuXROuC+JYsLUee46wKoO2PHgwAD2qCplwjK5nWBTQGbs2DQ1XSevCT/wqcCdqsUp4Hk2MjI8n1P0Ym5h3jRMcmghXw0ETjTLtAGg0zjiBNfp7ECZKf1V+AVzkQSukx04oiB5TE7KhUjqV7CwLE15oqUb0zOzE6uHMTxV2z1t8wYRo8lMy0TUZMtpZ8RJ0POjimtx8sjRyApGREkob5eeyAXA5QkNH6s5pqJWgyj24yjNmR+QG7arq2bTHRs5HRdUp93D30EQeb2Ffrd1YO+ub950vW2Z9UatXqkGYdAcGNi8ecuadesRD3Bc13UqlA2tY4jpwhDRChVDttL2MAjK533xXmmsLAygs6KsO5gm/V5/fmGh016cnZ654647du/aJYzUiyyOHEuv2dwy+PBgc2SgPjpcw4w1DY28U8j02ti+a+/B6YU4VROcM0UfMppdSukDUsY3RMRDzC00anhguNVZ2L1rp67kIyMj9YoLeo7J01rsNxp1yrtOqaJqnOY9L7DdChg5Rj6lhwCEDVFRhHGysNhDqIsueakTIgmgn1CtUrawQhhuqGDNW87V1i8tzIlKMzLlYGcptJDFn7rnEdUIJ7S3DOdX3pHtu5yLdY426xD+HmwJXi+rhN3pNXcswe4jKg2pl60/HmVXy0nZUlJSUlJSUlJSUlJSUj8mCpIEYIYbVKckjkJd1dIkS3gMrmPaptdd1FQ9TVLBnnIqOZhm1WolAWdKKdsUNFMR2YJgevQsfE6ATDgll6ax9B/V1IIwBgJSVABFA2hsbq69sNBamF/A3kAiFU6FEDWV+1gtSIDa0CSgtCyLCXDpGqgQ1RzURFI1W2LAZCadl4mKZMEBhASKGie53+l8/O//9g+u+rM/+4t/vO6mr+v2S5915mmAzqeeetqBgwfPPG0L4CZImY5TFdYBQKnEqlhZ2a5QlgwECqYpoNIm5ZwS9GPLSZHK08IHusj6fc+2LE2hlOSMcpbJ4Jvyx4UVN6A6eKxmUEZqnha2baRJBP7nWi5osG1blbqt6ka740/PdhGbaDQaGICeF87Nd8k1W+Omo7uubTuWBVxKltOUHVsQrGTC6oRsusM4xsBFMZk2YwK0O93nvCDw+j5o7+zMTN/3W4uLndZir9ednZubQSxiYa7bWZybOlypmpSUTSNcYAiAIMnumSkGiO30bL1aE07QEUaDcyMvfcw1PUpjh5vVRj2JI8wYsroOE5w0WoVmUpFD0xLAVM0VsuGwbVvBEFtGvVGPAcdPuDRDb/e8YjJdvWoIkNXS9STpYGYODFbbXS9K1JnJfSZXXvDcZ4tMf0NlGMckIyJbiAKNVIURo2Ob5LdetXXL5FbEu16Qc8XSnSShuA5GtmkbdWswHxvGxr4X9sOg2+4Hoef1el537mCKTjD37dlx7z13NRoD2Au62rQwfSyAaF3XLd0cgAYHLNNMyUc78/r9/fv3F+TXAYTdwIBiOHyfnJ0BpoGzfd/HfyNEnGJfTSNEHE5ZN9bvdYoiHagNGlpec82BujsyOFBzdcNAhAHRHs0w3G4v3H1gF1hwmDAauTwFgaYogUrlIikMRqdPQSCRcE1BI0yAgwcPTM1Mq0U+NjZQcY08iwyuz87NGmhwJmJU5FudLLa7haIGoY+PMnI01xgWckRisqzd8QDtTcuiqMnTxOr96S4JoJ9QTShnM/Yg2K4wgF5iviVWBgtmxYOMXXGeIMKTxd3siVK+jVyk89PeHjz8HUmZpaSkpKSkpKSkpKSkpJalUg02Aj0Zy3XLqFUqWRJxjcUAcnHc63ugeMDKRLsyYaxBqaOxIvKciQkTC86ZePqeHH5FTTCRb0omrfRUf64EnpLmdgzmOLe4d++Bdrul69yyzYIXpsULLQO2UpXSdrYo4gwHTQRiI+qr5HFM5dHysnwhoSGF2lyURQLzMhGSbJwBkxTdNshLY9+OnX/0B//nTb/09g/9xT/d+u07xocnxlS2YcM60Lpbbv3WS178wjQtwEZ10XqciMYVluLXeqaUFtClj4Si0omTSS7QuVJkrMx9flpYcIDAVisOWXtnifBBoMRz0zDFwDFhrVAo5FZBud5JEeVpYlIYoACcdmy3XqsVKltc7B6emvXDIiFeS1PFsnXNYGkcCzOSpNOJWm3hrI3xyjPDMGywaMsUwYykF2RREImUdspqpiFT1E//x6c//vFPen4URrHwH6cZA6CJdShpGaQbYNLUbAMsMdFNR5xLkmYRVzkGAESTLK0JpDPTcihiEacUNVABx32RYIugSKwqAKM6+XszmlXAsMNjI8NDI5PTUxzAnTLbKaUdc8o0dExbr+9hVrMTLj8OnYq7uNiyDH3D6kYS9YHT08gfHhrc/uADGWuNjQzWXOu+7TtPWjsOzN6suuDJGAqdTGHo8YM8RZCGTHQaVQcRG6BnFQEfzk3dKHJEdCIAeDIhUdWIUqLjCsZHswYbLpsYxbwAlPf9CNfXwNBwEIUHDxzu9VuMHngQ16O4lrFtRpUJM/HPXERilDxNwXaTKAKnFhnmFAtS2JI/RmkbjcvLMrhJsYzqYLOJ4R1tGKahVSytYuvDjYqlKyZnnNMFWCgG0+2ZVv+hPYe8AHEonJWCEBRd1QgFZcLjg46fkwEPnbJaLGVCsyhLJifnDZ1NjA9XKyZ9UuW55wX9ru+gx/KlK3dxccF07V4/wHzSTS7KnhbCnFzBZ06n5ykaz44UNpQ67pIA+omV8YazgqvvKR46zB5kylVL9hfCG/qe/C8pQ1nZukosK1E1e0JUJkerRzs+S0lJSUlJSUlJSUlJSUk9TLpW5AoIXc4p/dAQ5fhUAMFeLwC8A4VOi7RQyRSV/KHJzxdIzwS04YSHmag3l6oiCRFwqFDVFJxK5VlaaJoBBNVrd/dOTu8/NBMEYHwJ0A8ORAmt/UDXVezA9wNN4YIGalEc+jH5/YKXUu0w8WC/zrG3zOD4Z6aSywd5AdCz/inaSlw0FeXtwJTVnDgmOYHoxYPb7/3W16/7g/f+1t/89d9/9bprX/f6n+y0282B+llnn3XPvfedc+45KqssLs7bNpnqarRb8n0m5xCRAs3IyYE4e7vbIduQsrIaE+UK2dNAXNMjyjrHoBXAzaz0yy5U26kARwJ65mS3kaBLRTHImFuq4zqGYaJ3OdcXvf7h6UWPzE/UMAH1V3XT8MMQ71YcJzX1IPTVHAjYIAcPRYljhBAUy7bxb+zE8wGKI5YrhkHl2CkvnsrBQXzVxOi2u+9LySi80DD5shRDECcZyLWha7ZF+wCyBlhNqLxlitak5H+ik2fCsgVKaUqOwaiYDmZgnESYQSDdmE4atZ8blkH18TTMqwQYHNtMz86ccsopdreD5TRTMT8NLaOdEp9HXyhPhrOKHwa27VpObW6hn8X7168dJ59u3QaPfc6zNnOztn3vZD8pOovdPfsPPPc5FxhOjSsOLgVyhUkjKskHEq3RrCRmrCbA0J4XW1xr2EYQRoai+Imqa+SvrWAQhGc0OUwQQE4wmgP1ykCtmpF3RlgxlM0nr4kwLZKsH3hkbJKk2H8QhgpVDVUI67KMbDdUtTZQGxsd7Xbwvy5IMS52YcuuWIhjUOEk8nG2EUnQwMrx2RKbelZx7ZptO7Zp6VgM9I92ZFgH13qmGADQU9MLu/ZN9vyEqZTQTc84EAvOxWVZum3QEhwdYRMEIdAQ4fSCSzV0TDY2OlivVshKpdB8L+p7fqXmqJookcjUxU4PqBs9oKn+ULNCZvcUzsLk1DEKC20fHU8TT5hrywToEyMJoJ9gbZ4gG+jXfJSxYXXFLqP0hr7yq3ipbFkyyihRdX4d3l3ZWORNb3mZMO54DOKXn5teuewHLSUlJSUlJSUlJSUlJSX1qAIJAqXTORAsBzwEZQ1Cz+8HpmaCTLdavThKFALNBGWBMzVydKZcRALQVPwP/AtAMNN0HhPuBKpVgdCCLF2cW7jn3gdm5uYiplmOHUYR17jlukkCMAqGSWXgwLpM02YZYDJlTQJ3h2EMnFWIJMSyHiDIoOkaGXFDZhmcauCBnVFCLuXvUt1C8G8V9A0gi5JhgdF1hfeC+NprPgt4/u7f+OW/+Iu/vvkbN1Ze9lKA61rVOemk9TfffMv55104NDg2NXPQtoDncgOgjNAWDkLQFhgOAIv8A+Ko3/PIR8TQPJFjKzDVU13drlepOECxQRCapomzME2r1+sXeQKUDxqs6VY/TgSJTBr1Ok6KG0alXtN0c+fO3fOLHcDqTLX8AHECQ6XYQCxsonmSRFgZvN7RuUaDXwAlq7raaDRAn4GS291uv+9RZTfKS1aF/zPZdhMuTOMHtz8AfgpajPAB2qkaeq3m6rzq2IDGvEpkPGktLII2rlu/vt315ucXQJQpBV7AR4yCbuhpQmEStIIBvOrcsQwafoLJZJBM7BL/BvUklpo4NOWIMyeErdUwDLFDUFCy79Apux/t00SQg51whX7GhzjArq4703OLmsFXrx4yCorMOGbBtZgr+e49B0bGh7ZsPPvzX/7Oiy/eumHdmu/c8o2Ln/9s19GTyEc0SKHymyrLabQxFEbVidMIoYV6tcqGm62+3/MCzwsCjTzAKT4k7NTpOsbFqtDpK+Q3Q7iejHdoaLXBmsF1g7KtybyCHpJIE8o9x0WXCc90loP9RsMNc2x4DAORxBFBZVzFWJ5iqtCTBQji4IVbMZsDA45pgKpzhZmYNkXBTSNOY9N2cbEpmpUX5t79hw4enkoI/6oUGhEuscDGAAAQAElEQVTPQAgzHKLBpQE9EwPMKPZALykUkWGDwjKKocEhItFJLMJjymJ31nZNwGhVZE73ffK5V7I8iAJ81NkGTp7nwsoDn1oz8x2KPVEmuYhwKNrTwuf9GSAJoJ9grV9GwEsG0KWENzTlOx9l+nzp27Ur3p695n3RcuZy/HPvzx8cVh+4/DEPyvrL+VV3JFe+P9zykbIOYfqX70uuJL9pzX+7waSkpKSkpKSkpKSkpKSkGDN0gOYcVI/YnB+AUeVZprA8igLKnC1EjiwjLquL0m2MZeTKKjwwwKc0bkSJxlSyO8hU3up0Dk3OzM4uzM23AaOSJDVM13GIY7q2DawTxzHLUiLdeQo2Wq26xLQUvdvt9vrdtFB0oqWZyEGknGrKO86yhGW6ruPgKfEzSo0EC0ODDbJzjW3H6XuBsJ+m5SyPwSabdRw0+8qXPq8y7Vd/+Ze+9a1b7rzjO8957rOVAgetTYyN7t218/TTTx8eHA5DL4qDMI0ot5rSdVM0MgijIIh9n+jz9PSUYfAw6Om6tkLEnuKyLTMhW96Q+jyJ1q5ZMzg48OCDOwHWwKN9L6hWHdOkRHLDsHXDqNfrYNIYuOnZed+PwzhX9ISy3bkO3hcnMfpfVBTMRI48SKlOGccCCjuODZJrmWav7/V6Pti9TgbbepAvlfUDz8tFLIESUBVVuDZTNqpO7hfMdV3bAUUtEDfQNbXbDmzbRnCi1+kBEFq2TQnLeaELHlomp2IMdFGrTmMA4gnwca1WxWI/9AHK0aQEcyjLqyCwtpuk5K2BMd23b3+9US+KShRR6UVBnslKBKNeuqywEy7K+1coT5xSfV1ndm4WfTI+OqTRhamDu56ybnh0tL5n//72Yuuc80+dWeju2fudqlVTdSvwezpX0jTWCuoBlSW4UIW5OTqTq4YpnHDU1auGQVTDMAKDLp1PcN11PQ+BpYw4rpprSi5MdLgY4lwlek+RpDwUzxyQEQeax2nupybes9SylCW55lB1wkw8plAYVJEyN9Fu4H00wtRdyyqNcgCxMVssXTOFeY4uKiraaiURlTCDuNi5d8+Bg5OiTilLczq6UhamFCMkjORpdBTxuSPKWKLVSpGRNzRWqVMEBUfHxat6vh+QOXhumVY7DA2aNog9ZEWKGFY+0HC6ET4fqLIo2HVWFIuLnSSmOBpNZlW4oyuiZqrU8ZcE0E+0yup/xxT9W7aBnmNbJo6Oqxgf+0i69X3Jinfzlpfp/uWPb0T4O/+Ab/lI8JoVG2iA7I9IRw4pKSkpKSkpKSkpKSmpI9IU1XRd0LrA99Mk5USUeKoQrhEGuhooLCVMgkqD+VLVM4JWjNwoMvCnIM3tynDPC/bs3XfX3Xd3ekG15p68cVPHy3pdT+WmZpher18B77StVmsRJNt23CjyTV3TgamIQgJbe52+n4MfUTamWqZSUh6rIHSqSrQZrBIgKhMgE0SLo5U6N22HsS4ImQFklhDMsk2gpcIwjCBJbENNkwIMesdD9//+7/9eq7Vw/33bNm3amKVR1W24g1WvD4SnVZ0qYCiBOd/zu33QSfIeSNJKxQU4/d73but0WvgnEz4AZDJgmewpL9/3wdNtUEBdwxmNjgxNT8/YFu90uoCdQIWKmpq2qnPXtlzDtOYXO5PTs2mqeH4aRAUIM86VUmqjKI8TnDLNgCwz0OWmRdyRisMhuqBXXQcsGBCZygm2O+QVTJGJIk0TylAmkfMDE/mqoMOWaQuTDx1xDt0gF2rXMW3bRPejkyOfkrJN0wrCEIcLRI42WCdiBuTMwow4ijBHTPJ2IBncTrKUvCeyBIOOHWtFHi+5S2uL7fbI8AhgK/FTw0iSuNvpgm6blgEoj2YbaKJBZQlB2NMsZydcCPEkEWaaHUceGHJWGLt3H1AVfXykCdBv6sVABT1sJdHAfNev1Sfm5hbtSpMeGFAMy6wmSY8MMTjHxahz4FQqDqkwnErEciPDCGpKGvZqIPFNd6hRQXgpCIMojBMMT0qv4ygLUypOiVgFLu2EgK8o85dkcRbrwksjIlML4svopTjOa7W6qquFhpAArziOYZKtc5ZmhJgR0wAIRwSCUxKxJhLS0c85K600YjB/x6GqhlmBk1Uw8YIoe2jH9un5NjnwRKmqm6oIeJEtOD3loAn355wcPRRFxAtEyrZCNRjRcLLxxllzXdGsvfv2Dw2PHDg8xcl6Jcfnw0BzMC0yP4iwT8zXkcFmGHjNZgMRFOwflLvd6fR6kWnj1BBWwVGo3YoqPThOkJSnhaG+lJTU01r4emNSUlJSUlJSUlJSUk+oer0ee4x61QtPj+O0pK5iARgrsww9zZKLLrxw6tC+5563RcmTWr2ZiQzEgmwQbMqHzIt2pzs5Pb9jz/TM/GwYJk7F0nQywFh30sn33XufKA1Y1Gs1YIZutyt8nQsqWEeGDGmt6qqiNliv3+96RP9S4ScNBJSlxJnKx+F14fsA8CWcoyn9FvRKo5KA9K7l2IWoMAaMROnYmmbqhqoBmQFUJppphmEexQXg4ilbNv+PN78R9JmsGACX3Rr+2LYDAglQRW4ewueaCvQBvUVpEASLi4t79uz68If/Zn5+Pk0j0zBA2dB+8LW9+yfZYxRl4z5ePY5h/flXnhtTLT4GyOvYdpqSHzTOFPiRuK0JtFiYloVgAGDc5NTc7EI7ToogSsMYI0x+DIVCdeewsigvSXYrwiVcB6Wk1GMVtNFyXLvqugvz8/1+H3sufRHACgvh1kKjST4tNECKyFTFERXC3yb2SZmySq6bhuOQ/XO72yqEC28SUcJynuVeEDAqZhgRCjcMjDjYMRC2Ru4aeiG8m8k3QuMiQzrDHEaTCjI0T7yepxGFJP9iQooKJRRXq5V+t2uawhCZHCswj9Q8o7xXQFRMrc9e9z322PWjjOw5GwZHhhpDgxW0OiU6jL+KLE3Wrx5bvXrY0NIKLxKEQwrj0HzHro5MTi8cOHjorNO33HPnbWefufHUzet0jer4oXNNbqaJh33qulmoLKa6gSC8QMKE+egFAg4KQjhFFIcg0UmUhKEfU4U+zoSzNq4/MrTQ6DEFyjLOiA0mVPAx40xXRIFOkf+O3WIGUPcplEecqIwuRlBsSm3mlEWsUT5yQRUvRfVLVo4Tp1mUkhkLBhChkUoviO/adv/sYitX9CwX9iCiyCh2JeqA4hOEiHMqjOmZANClE3RZK5Q+D8pFqjm/6IGs41Rty0agC59VExPjaML8wkKa5oNDA7MzM5jM+NhBNEVMzqLv+9MzPY3SvdFUmqVizpAVB15PTi2yxyuLUr9/jHTmmWeyxyWZAS0lJSUlJSUlJSUlJSUl9WMhcMMsTVXhf8wInZiAt5kgNLZjNwYHwiyxDe406o5dGRwaTTOgmdk77tx2370PtlpdkGjdcphmunUHXA/01g+jhTvvAtuNo9gyDODcXrvN6ZF8U9S9i3EIIE1DN4C7PN/zgxD4CbwM6BpkCYQxTVON7BqIeWGXaRKT5azGiHoCE+eCN4oU1zSO6BQS8C9quaYSiwRHEo03ex5OjTxGALx3PLjjjz5w1U/91Gtf9epXbthw8tzs/PTMVK1WAwszLfIGYRrLyIgAxC0Dm2u3O4cPH7zzzjsnpw6hYYxR0TzwsJSo7tMgPRLUzrEtcnhQWZrFZNibpfV6DSgfwNdxXK5rAHPzc4szcwtJpsQZi6IsyZluWgCXUZwoZEysJWlmYSAYuRyAYgu3bUpcbzQbGEEwX2B6nxQA3NGgx2kJMQ2DYyhpLKjIZemfoJRQktGeeVGkIJIYtCQBI6aaiBhxDESiqmmSRkkCygjoLHC5CRiakxNIIuwXiiiNMSgEDFUtzVLd0DWyX8i8wHccW+dGwXwwyp7fB1JMsALXfcQiilzX6IywOgIVYRgUqqKDhrMC8xBNYidcuOw83x8atMnZBs0TFReZru3ad1DV2frVw4WScuqdbP3EcLufOrxQkmhhbuHil7x0164Hu6HiGGqhaA5YNaUZ48qKcZGhQzh5ZDMF7JpyhbU8SYO0h2vQcR2cfUSGHYVaGDZTALixja5i16zQyPbCtMjZHRcm5QJjEmgW+hyDJQZUpwx0A8PHRCiCVIgL28bHhKYLz3YNG+LCpQuF9kR/LItMfjKENCgAxTRuzbc6dz+ws91G9EkFdSefbgXTxsC0BB8nQ2qMuXBJKXuKlY7w4gVYdVl+sFyIMRV1LxNEFyzbVDqK6FolT4sgwKzJmmkeRmx4yAAapjCJiHMsLPYRrkrw6aGJvGcRqADLJ68YaQF9QiQBtJSUlJSUlJSUlJSUlJTUj4Vcx+11OyqROOEAS/CXeFCc5lNTs6tXT5iu0xxoBolyaGZm59fu3Lt399RUCxynUq1WB0ewhyiJsBVZcxSMG0YYhEwkPw826mB8oM+aADpx4FFyLB1IMwwbh2q1O6BOaVYkZEINzkVOAlxTqEgeJVeqwExgaCDKYFEAprkwSRBJl4zSamkhcBjBVV0BCgOR5NgfUCMYNtA1PbPPyEsEBCvNiyBM/vXfPnPfA9svu+wVz372+Rs2ru/1vE6n2+62CDsxci4ArUviNKBkyrDX7X7ve98DERNmtMJsl0CVlj0ZXg2PVYawaLYdJwj6aDAAoWlbYRTVm03HcUAkWx0Mew+QsVAM8NwozmKCvFqcxiB+pmXFUSD6n5mmjuGmjFT0s2lUXNeyrWq1MjM3H/g+hhuIEAcCDcSByEcbg1JQJUdy+uU6+p/yoBVKWCbCR2YO5LxhObZJpepy8a8CYDQmww1yfUEYAx0O7ly6/QpfFrD/nJHFikUuz1QnjsoS4mhKUYQRTTkykNE5zhHN0KkNBRB5mKRoNpppGHocRbVKxXHIiDiKaCeF8LQW+dlKaflygoWYRpqK9N6cUYU/TSf7l7SwnMq+g4dNm68arGkigxzxkUFXs7VmZ65iasrw8Oieg4duv3dH2Ok/78Jz79x93zlbT7d1KjCZZ2EaU1dQj5NzSq6KYIMwVY8QYnExglUrNhNdR2+FLldwxcQIO5VRHp2Lqzmr2CajbiEbaFxZcRJUHFvU6ENsohChIFHHkEJBBgJMpSkKZT1TQrHCxedJafyt0JVDbBszAlGiMM4OTM7u3H2w7ydMRSAqKRAAMqjWZUmbua6KmcDF+JAndJnwLjzoSSJVWqU86YJmHa5wz4/rjQrai5GtVCoU5RLnjs8XIGY/9AYavFJxkxThCjNO8qnpBTL3oJqiipiVRRkd0chgSJHGECdGEkBLSUlJSR2ruz9+5aceWv5H8+Jfe/clo+yZIzq72WfaSUlJSUlJSUlJ/XACgCVALFL+RJU5VmYYW5Z9933bF1rddWvWXPOl78zOtUyTiXxhXh9qUGaryrilR2EAelNxrH7ggzymcYgdNRp1wLROa5Ee22e5oDqshEdgQ4CDURT5QSDcXRXgNnJqUMAEaVtOz+cT5AJ1C0U+Jz0YL2qQYUkmCptElwAAEABJREFUcORSJqSGZYCShUZsmpXP4lOmb0Grkm8sUUpwSTqMrhvAlTixbXdu2/Hgzi2nbjjjzNPPO/+8U7echmP6ftDudPIMkDkTTgLK/Tsf+s///LTndcFx4yRsNCosz8C28K5pGewpL9viIIBpEqEnU4BjQ0efuJWq4xCD27FzT5QQa4xTNUoxNEbO0M8Yi7QQbhVx4gMyooddKjDIAaMBtG3bqrh2s9nEqM7OzPY9T9TuQyQAYJFjoa6r1PkKAU0ijwZHjwquRzXlclFS0rIMUQGOUTm6gvLb0TYRVEAgIQf5jJO0dIQgowzMMeGwAX5acVzA8SAMbMsWBQkzTJM4ScrcVfBTIGy0B0NpmJRsC7yOyUPUW+WGqVJudZJ2uj3Q6qprG4YmiknSEdVC5TQnY3bChTiBbjBhoAyB/BZUHbHAlKVLYfv2Xfy0Lc1GxVZVXQG+zyoGe+75Z+7cPz0/N7uw0KLM5aLYds/2+bnF8863du07NFCzR0bquAyVDOEZXEoq+HZGCJcMavIMV1SE8UDAAKNpOW6akPU5Jonr2oEPHh1jcCzbRp8iKEHPInC9INcUVTcqog8Tg1OCNSNfzUjkO+Mo2kphTkXlZbp7Qb4gtFijCANFC3Ch66o532rvOTQ5M9MKI8BfkwIYdHUTsxbO71RkUBMxH3oeodynqAtI7uJiabkQVzVldtNcUUIvpigUN3y/h4+RkZGhhYWFgYFBwGdL1zlIdZo0G1VqjKolab642MaMKgtjMgHmS9tnlaylVTKY1pjUCZAE0FJSUlJSRzR73Qc/dBO7+NeuKvks/fMvrpx8w1VvPZtJSUlJSUlJSUk93UVJkwoDoWGlky6lqapUlI9Sk4sHd+zdueugyrVKxQZWBtABnQTzDaKgoKKASb1ZWZybjyh7MkvCROF6vV4DBMzpAXzKmnUcB3AwAQlV1Vq1Rs/LJ4nn+eR0IcwaDFNPyH02V1VGzsT0ZD2ZObiu0/PDdqcNiLWUnQ1gKSqSkS2DwQW8M8BYFcArg1MRsyACyCMjjYTSNpfMABheFwBUeJ0K52iv17nrznu2bbv7ms9/ftWqNadsPHXN2rXAl9h1miQHDhzcdte2PXv3KgoORFzeMPTA9ysueYzk5Dybsqe8DE0hjpknpm6YlkmVHbkBOrzvwMEoIsyMP0GYgPaSRUFKRtoZORvQKGRqmkZxo1ql8nFFBkKpqYrp2mCUtUoFxLDVanmep5DPr2DF6GNROxK8MQ1jDcSPFtCEovAAuGmeFklOlQd1ChqkWeSQ+zYrhBUvJ1DKMwpIkB9zIWykaVeIBBjkspHGKTHxNAZ7xC5S4RBsGiZVRSQvhgJNAuxGbGNhcbEsVRcFIaaLplDGbRRGTMQkNG4yygXP+p7v5KbtmJQvnFPBRuymWnv8Vs6Pf5gsnRWUfKw7gOaYx5lK5tSMUocLHZGVex7Yc+7WMzRXwYAC5ALF5yxes2rohptusmqDvdbiW970ukMHpvfuPdz1vKm5dpzmTr2iMY2y2QHoU8QeLHSIyGsXJuwc0YU462exblUqrkH+M4x5FHaq1cyEzNMJxGNQbbIOp7gARYSoV2nmE8CNY1x6hmGWXsyqyM9W6BmConTlJkYsQkiCHFP+NCYY2VzkDC3cuXvfYtfHREvIwjmhIJEoJJiXxsxkAZIrS+EkcoQuWGn7LIojFkXpukF52YpGsauCTU7NV2t110FYKO/70ehIAx8VgR9nNXIWsl1cvq6hq5qugqirqtHr9jv9MBc7wlkTldaUo0oP0hMXqiqrEJ4ISQAtJSUlJbWi2W33ttipV6xkB49c+taL7/3QjTdcP3v2JSNMSkpKSkpKSkrq6a2CpUSacyoPCKKrkg0Fi7MM5C+OE8MxVXJjNqIsBhcEuUryBBiRC6/YJApA9BqNauhHrmZ7YRCHie/1wRM1TlXIshT00sfewUAtywKKCsMQ9JlAJ9fTGAC6YCqxIOAfg/IgM66xasUxTZM4YxpTqTPyEaaSZJT+TA/JU81AHAJ7EMnRBlahVeNYrKvznBAomQgQ4GTU/iw3hd0BUHbPC2tgUqYWhIHX7W9f2L793oeo7J5GOdOUrEmWsjE5DBQA7+CnwshAUdAbtm2FIRXxY095pWlM1geMvLDJh5cbMzNz7a4HFKhSpUgLMHO+s8C5aVqVgsrfhQqRSDpNzIlatWqQFQMGIa5gPDB8tllxHD/wDx86rJL1r64IEwwaOkYJsHEUU9VBUcuOiWp1VE0uA+wmSmiahuu6YJhkLc15USRcNz2PTKLDOPbCELvMiqjMhGWCQXPyZChw4CRNkzRB2yyDfB7wGhMBy3xh9sJKZ4+swEzDCv04jfyIyGmalibRwl6jAGvXKKu6wInkLPOwLUFVMG5LJacQs9f32AlXliE0E4a27doOOTDTCGQIw2QRLkgOLK5o1ra7t2898xS9YXFOWdC2ZbKoeNXLXtQLk6/fNM2LcPrQ/jPOWNscbARJbtUb/3Xzt9evXnPW6VsKFbTdy6NI1zlZleDqytEv6lIpP4YrkcoJWobRbA5iSbvdpmiF7QTAt3GKK9iyLRD/OA7LTVJhxaxQIUqyFKc5UFozlwnDZHpDzjhkmqGQ87N4boEswE3XjeJs74FD+w5M9vwoy7UoyRD8wOWLCxpBDiYah30Ier00B4ThjjikuARZWX6QnqTAznXyytb12bmFxU5suxSLqNYctMhxbR8nRvn4vNvrYHZWak6exdgDJpUXBPMLPZFmLYgzoD9aS/ONpr9Az0tvMKnjLwmgpaSkpKRWNDm5gL9nZ4Gel5aMXPKbV10yQ0sY2/bxK6+efdEVW++9+saF8t2HGXTMXv+nH1p+i20+kjctlo9cfPHsjUvvnnrFVT+7dek9yrluLW1z1PL/bm9XvGv0emy4tHzm+g/+xY3Le3lYq6jZD63sX6ZyS0lJSUlJSf0Yi8gO+AtXCeolsaZy/DuI4gJElnxplTSPDE1xLB6lvqIWXGWOyYsMLC+n5EFF6fe61Uptbm4hTlOuU70y0ECAHMc2e93UrbsawaXEMPV+t9vu9EH7ErAq7FzXAQSjmIi2gQNzRScWqJoGlicAgl4QY4EoNkj8EbQT8FkpU2eXTGELkWPJXNPEwixVkgQYtDA4KDQIF5gTs7hOlQk5iyLwuLzqaLV6NUp8nAJVKWOAznacEHAv1Iz2r5B3MCV7aqpwdaAEW3BMXVMBa4E4gyBgT3lVay4IrG3bumn2vXDy4GScFZS/TXmj+dzijOWCeVphlM7OzFBusGkJbqyChSK+wMiqATiY6ZS3rBmWASI/P7+QEnbkhmmqVO+RwDNBfpG7So4feSb8EUC9LRDtJM3wGhDStG3HdsjmhfJNC92gwoN+4CkYds4RscAgDgwM+L4fAWPHlL1u6ODddpYSYsa2rlPJABFBxxEUMQzEMPCy4roxOUj42Ds273Y6Yi6zTNh/U5XLokCYAawUfJkmM3kZa9iDbqiGYYcRGL2mCxuOtMDESdgJVz/oK1ke+EFereq6KrhohheIePBUC1KCoZj/d26754LzzuC6i3kYJgDKNNsbtvbS559vsHhueu6iF5yHQE4QR4sd76775letWX94ZtEylOEBB3vPKZcfcRjMcE5PEuB0cxVRJ9DoIFITcvSu4SjVeg39CXbv1mp2nvf7fRwLUSka2TRBTMk0zDxfsslwLAcTjDw6qN6hkpLXCj1kgNiTwkTwCaibUVFBXHsLHW/X3gPTcy0/wgEYLkMxUJq4fsmuA03CVCrZb6GIGAZbwuRkLk95yhRJyEV6u7AJwlRTpqamVEV3LK0sS2oYequ9EMWhQfNKGHqkqWWgWynXGvtOknRhoZuRt4yYipTAXYj0Z1VU18RnANPKgoSyCuEJkQTQUlJSUlIr2vrWN2y78lM3fujKGzcfbbsxOrKS/ty66eptL3rXVZfSgmMMOkoEDML7m4Ig0z+vvPLuo4Dy9m3s1666arR0Yb76g9dNvPvSkWMcP2iTq6/8Z0ab/Pd7u/rjo++66irRLmFajQa/u2ww/vnIVpUbLtlbN5mUlJSUlJSU1I+lFPEcva4bBGFVJaBk2JhSGkW1QE44hrITi7TQLDOKA6dSyZMEb4Dd+b6X5+SZ0O17umkxLc+SDMiJ0iwZULU6ONAA9ANU1LkdBHG3H4FQh0lCOZMi/xQCzqaEZcDjXHEqVTBTsEXA5yhJq9UqaBGwGq0uElbLJ+Wp+pyy5N8K/gxkFsYRYTFVy2klkDB6jh+ITVd0kVsNYp40KramUwozpdOS84OWpwU3sEIO5EemBZliOiZl01L6NJl3pDEYpU4NTcnDQONkQUB+yk954awnVq+Zm188ODnT7ngp0KPpROC+UdrzqTJfP+3TeoU6ODyIGAB6T83I0JloYJ4AHSKMYJgYTMBnIwojL029fl8lPqfYlk0W3hSAUPJMUGZVBSZMEjLsptpxGcsSLMgssmNmjm3oeqGK1FvKZo6pG0M/VLWsMAyMhS7IJmWhUjFJ8EaGAcUfTIwwioYGh2PKes6jKDLIy7sQhe/IYiUmmmzYltPp9shGhqlkGSH8pjGlQZ9NrEX18XgUJVhMp6WhXSlmIwC36zpULFHXwyCg3NcTLs6tXEk9zMksE/2TlzndmJQpBULUkOxRFNNu3rVt93nnnl5xtXrNypMQEYE0zEealTwLTc7mZmbXrB9HiOWhXbsbw65TG7rxlttOWTsxcP6pqjmo5i2WBTm3KdNX03TFyOM0AvM1OCC0R07cabPRwGCZOscgZkWepGm9Ucel4vd7jmmVBjVFkWmMk1FPluITgUITnAu2iz429CI3DQ3cOY5TfBrgE0O3MeXyhZa3Y8/B+cVOiYFTqoco0DKlOFMci3w+SpeNpUtbEfMXnweUaC3yn2lAyegFm5APCZWunJ1rzc4FJ62rdzoe11iz4SA+0W7HrmOqFj0h0ep0XMSL8LmE2aIaYZIvtoMgzDgamZeVTUWONVU9BXsGei4QZCILaK6qMgP6hEhifikpKSmpo3T2W6+66qp3vaj50KeuXNI/bztmhVOvePelSziaDDoG2UM3XD/L2LbrbmyxzVesAOLRS976oibbfv31MysbXrKUlXz2K7BVa2YSLydnWtjNyOjSJu/GsS+d+KH2NnjxW5eaMXv9DQ+hVUdw+dlvveLU79Oqs9+KU2NSUlJSUlJSUj++EmhX1Oby4zRMQSK1Qli7kokzKwzy+qWCcRXbskyd5Wml4hg673bbBblcZGmcBWEIcqSp3DYtrlAFwDRJut0OyFbg+0mSzs4vgEBpupkCAarkzZsrohIdpUwCgqdcZZWKCylc9wKAr4LIp2mrxJ4BuYCzcoEr0LTC1A3K7eX04L+u60zlBhBZpVatVYfHRlLRLBAoTh7RRp4RGBVZurmuMcui7cqER93g3FCoClweaFpWrdpDg42q6wC4K8J4GnuKglDXuXv4tAkAABAASURBVGVTGTvgMN/3nx6P56vaAw/tmJlfXFjsArPrVtWL8nY36ARxhs5XOXgcXmIAQkp714CaMRE4QB2oJ9mPpIC/GB0wRiBFKhrp+eTVkpOVM/oTsE8EL0QSOsUoyCOFssgLlsRJGERAhcCTmDdU8U9XHMcs8jjPYtPUVeGsrVDuuer1exgLTCyRpwyMaRocfxtAj416LYkQKlB6vZ5OBfSSarWC4EHf61MxvYK1Wi3KzhaOMI5jWyYodprEEdqP8QKsJJdwHANTNo0Q2ojTAMEFOoCmVmkDkNwMyBFMvMyfZSdcGSPvcoDzRJTeA+ElKpsSize4YhpM1WniAsPqvH7rLdu8IPfDmBs8DD2dF7pKxQqfe9G5Vcvu9zxca612d8uWU+YX+rt2LZ551tnT072vfeMOxAhcx1YULYjpyQZcfpaGkIuKIIHIYqYLpNNpU4BBUdCNlm5oRKqVeqMyNjqCccaAGyYXYSCG7sMokQuP8McgmxO6hunzIgh8hQpgWghJ6KaDqTbbCbbdv2t2sQeqHcZku4HwRk7XV1ES/7LqoHC+UMREUoQlkJhXglIrhIgxZUCNMyxCuCNlxdxiJ45STtYvBT4FLEwxinuBq+demGRM6XshILnp2MJTHmESZbHjdXoBF4hcoTgWBbHoqQtORiCaWuCccaVjznBFyeInoSLlj6FkBrSUlJSU1MM1cum7r7pUvBLZylf+6ey7fnPJA7o5OnH0ilvPbN540+Qk27ZtOxDz1q3HvLe1edON27bNXnLpox1jlmw9tv7sFduuvPrqK6+8Gnt+0bsIbVO29bZr/9u9jSwnZc9s27bA2EK5j6OFVoljPGw/Y9hulklJSUlJSUlJ/XhKITtn07C6XaCtxATFE74W9IA60Z8CfEancn/0vLzJid4BR5IVMhkaqFGcMFF2rADzpYfcY+ECnJgAvboWJwn2AiiWZbkurGOTtKzgR6bO4rl3hv1wKiooPIKLArQRkJeOnDO/76fZkvEsPS9PBJpaBTQG1MiFO4eoYsejJM7UIupHTsWtVGphEKSigFqu5JbtgJsnUUTJ3MQ+Fd2ygblDkGUyxiWK2mw0AMbBsqMgAC4H08zFY/6mZSYx7Ye4G+EuWjmOngZw6qGdey3LBcG37EqSKZ5Pmd/E4NMMwwniTjEH8qPAWIN3FmQ3rLCEahMSmDOokCCB/jROen6HvAkUKsaIPjd1M8kSTIpCpL4qyybL6CUySxGUGrvDcAM6Y7zAgvE3pgxaFVPuPNn+Cs9xDT2MrlbIKTgPsQZGxCCS2PO8eq3mC28NrIPphyNiqzAkM2LLtPycXFBc10mSSDe1wOtRGygYkjqOVVBYJAMsTfJU+E3nwqwj52gzA3EGbuTVqks+D0URUsNym+w+noTakrheGLhqmnS6nZozQrGfPKM3RHIu11WzUCJAf0bXDjer3/jm3RddeHpcN5sVNy1ScXk6A4NJc8RlGg3WqZtOTZPwwb27tp47Dqj9xa/cXGj6S5632QtTbtsqpatnSRpjOHVDJTabqTHmh5Ljwuh7CCv0atWKgPOW5/dTump4s9GMaHgSXaf4gDDeyMimQi+HPqfMdZWL4oROQdUIyVocBPjg5OTe/YfDME5x2YMf09GpGCS5c2hqCZpFunMJnymetJLengkbDrrihPEzEDniEhSYQsAgKQ5PddatGV1oBZhmVsXA0TudVrXGGzVbGIcEgOWNRgWzGpw9zZWuF3Q7/WKpuCETXie5KJ4I0E/eMGRrrhMOFW7jUidIEkBLSUlJSX1/nf3Wd01/8EM3bds2c8lRrsoP0+zsDHu82vrWq1bMMT505U2lDTR7rFqC1w9v1SSxaVk8UUpKSkpKSkpqWQk4bxhZbuE4bpL3AWlBjtM0AY9T6In9HCgKPNEgH2DdbTSmpif7/b5jOa5bDQJfU/UETBMrFrRyKh7nx6qaoYVRCtjjeR64k2FaAFBRHHLBKzWRMKlrqkiEBA1WbdsGbOoBevU8MipWNQLIRUmsVLzkohogULUNnMzFQ/IK+cyWD/NjrUq1lhbdABA9Scss3ShK4zirOGREq5umJo6cZQB6rFKpnrTh5L179+LgRWlrSwazShxHYGKceKtK9FyweJBrMrwWldLQZhBS9pSXYVZB5bq9wPMDDIQXhJpuAPrXbAtUL+pFIP8guehbYF+ig4L6pXEahalpGbZVqbp2Qo7MMc6XC1iMMcNkoFqNVBuuSMEvKTmVslZFsIJelFntWMcV9Llaq5iG2et3gSAbjYaqeRqRygStchyHsubR1TRzCAliIDqdDhinhSNyNQiyocFBtBBMsNtpM2EHHPqh5dimafW6fWaZiBKEgchJVykOAeiMQwOfRnGKiYf1MDmx3LYdz5sfGmxiP1ES1qrV0pyaCX6aUaQCgQqbnXBhfpq6algmXhSiEh7xW/HkAU1JhHwoXz/HoChMZ5o+M+d95bo7XvGy52RJMNSwgjh0uKmpiR956IRzz964at2am799++LCws/8zBu33X6fVRuwHNBlfbHtze9bPOuMk+PMF3UiQdsBb/U4yxAqwlXDlMxkWprHWd7DuNfrtXqlGvpeSI4pieNUbJuCQ7iiTBPQ1xCxpASDhaBULqIynOw4igJ8n1uL7d7+w9OHD88WCEqBcOeMLuasRMoi0zkXJtFlEjSZuZAPMz478BrRjpzGumCiI3Ky58g1Q42iTNFMRMlKqxhh6M1wtNGxEc/zqeIlubgUVP0yTybGMHNoV1lKqHl2vpXRZKMzx7aYapgsBn0iAEpnlAKtltEpNcmTvLQEkTr+khYcUlJSUlLLmrn+g1deeeWfXn90hrBIGW5NTi/9s7TOWNbstntbbHDr1tGtW08ll+dtx7y3rcWaW7f+cAB42fpD7OSx7A2HHmSte7c9Iqt5ZORRWzUt05+lpKSkpKSkfnxFT/TrIFBRpVYr00VTkZUJ0mpbumUbQMoV1zV0ngEiJjF4pes4gDVAkwY3wSKXcDCVHUvygvClrnNy+00S3w9yUWyQYFWa6bpBDIh8XYGBgH5AkhSs7NiuhjYEAaAhADJ5zYpKZzrH+rqohcgFtlIIMqoa8SORI4k2YHkmGNXCwqLI2MY5KQGgakIV3LjGQVejiDyOgUZFyUIyKQ7J6jqs1xtlJ5CltWHgpABYbcfGGqZp4qyZqGgHfFmv1x3HJu8GgWLZU16qihOnXrJtq1a1164a27B2Yt3E8EjTtbR0sKZXLNXVQR1Dx1RtUzN0QH+yceYqM8nTgso5AgiS6wox4gLYkRKgyWSD2GhZBpKMDApii8K7WMmA7CmBN7Mdw3XNesPFfjrtxSSOy1qXGJRIuLUY5DlOOa3lH0pz5nxsbPSkdWstck3JgFAxpebmZjGUOKJbqWCmYe5hYR88u9MZGR1xbZt8M2hM6a2YnKwzbC7soZkt3jWpcKSJsIYm3K1xtKrjYIaCf2IqhhHtXLjNqN1Ol51wUXVHhF9UinYgQiPSw5UyzV8YvRQaPXaAacxwKWA8wKCDRLnplnu9QO37GTftokCfFw43DCU998yTRxqGoxebN25SGX9g++6feOmLYpBiVd8/1b/nvr15xotMZwyo2aDnFtRc4zlGlyOWkyboDapEmueeH3U63TiMda4DPOOiiKIAsRmEbfA6REAjpVKQhqnnGa7sUM1TTlGHwrArulFZbPd37T04Nb2QUonRtCAvZ5F4XJS5zhReEjbQdJrlG0u2NsKLQzxCsbQ6+XMU5AYCPI+PiNn59q5dU4EXix5CpIGe3mi3ujlTHbeKiRH4vq6yRrWi6/R4BQ5dMH54ai7NydokF3n3FK1QFYTZLLBzvSw/SDEnypXO0jIRHh8RTOr4SwJoKSkpKalljV7y7jdsZgs3fvy6FUq77eOfeogNXvyKFYfl7Vd/cPnd2es+fuMC2/xScufYeunFTfbQ1SuG0TPXf/ym1hHf5++jbf9MLtMfv3vpn2QJPYhtH9PeRi55KbX5Qysr3/3xK5cx+sP3c/fHP4T9SElJSUlJSUn9uIoMGRQlDOOBgQEqHkhJmIXOQWA5mCNXlVrFBaMBjpybnQOWatTroD/C4IKSGm0bTA9r6hXXcV0bL7B9AhKZpGVeLRAw9g9+BH6Mf6eUkapShqtGVf6wrQPk67rYWbfXSwlS62SVIKAUOTQzAF+RIVvkVABQB6ErsIc0S0BE3YqbUIojWQAQYsaJRJFumNg8pdTWXFTJI09okTOpijqFXNRX1KMwxpHBOnXClOR4zCiDUhXJp0ThY1HyDjw9EDm2KlnEkj0xGs6e8jJ11eSKY/GBmj0+0hwfrg9UjYmhyuqR6vlbNz/nvNPOPevk0UH7jM1rTlk/Oj5U2XLy6rHhesU2GhWnWauCOgv7Zko2diwRU1BVQ9PRJxjXgEr2aSUrZMT1iBdiaNHRusFtyxgcarqupbLc93ogm45tAWOCGtuOM7Fq9ejo2Jq1a4cGhzBAGdU29IIwAP+dnZ1tt9uIW7RbLRer2jaO0u11As9fWFiIkoQgt6Y5IMiO3e12yDXBsIBuyTUFbTR1TE7HdfqehxlbcWwBL8l3AfMNI4wlmKyNeg2z2uCU5o9JUXErI6OjeFGr19gJF6XoIm6TpQiH+Jhm6FWulWCWcrTJgQL4n9tkgBNbjpUULE6VuUXv81+8dXo28ELy70DIgGWqrRe88JTMu+i80599zoZvfO2WTqtz//23g/hzq7J/anLDxlMwdghJ5IrF9RpTeUD2I7jkyYEdHZWmked7YeBjebfntXq9CNEgRTGBoG2LbDGyBBdgo1EPSQEGmpOVNGWdA+Ialo3L7PDs7P07d00vtFMqMqiInG46U41iN5wefhDPNAgzd9JyAAAIPC/fog8Wkf/M6GLUmLCMT4uiHybtdt/gRhAmmJ2YaavXjnS7PpqapDkiVXEYjg4Njo/WcY0q9GmATxg+t9AN8UFFdTIVUV+UnpkwqJOzMgt+KaSF+Bkmo3jogaa0cAuROt6SmF9KSkpK6iid/darxq7/4F8IN4xS5IlxxEW5+aJ3vZWB8JYYt3nxr111yZESgluv/9MPrXgxb37DVe8++7852tafvWormW9ceeWnlja64qq3ioM9lr0ttXnFBvphrRr5+JUrb22+4g2br/6UTIKWkpKSkpKS+jEV6GKapQAxvXanalugr2XqpWvbYDSmUxH2CkXsh4owbgYWMrkBclBQbbe4MTDYA7XyfAAsIMX5xTwWaDoK04KSjQ3wHqBDDhakKOTMq6q6KqAU4LVjA2waltnv+612mww/VBVQkUxpNd1QeJwmnAyLRU6iqtm2DfBk0L6oXB74VBgl9Og90BErNK5naQ5EHAaBYVhRFANRmYYlzHN1ACxKpwQm0w2DrDbiIIjiKB0aHg78Prk76+DuukY54EVi5QCCWRCiheP18cV2K4liQ9fiKAACt/QnoVrdY5Wl5W4NFNdGt4NIKvXFAAAQAElEQVTJivzWAEECDHecxgCRVVedGFmtcdMPYqqSovJTTzlr9969oHvoOoyuSWnCKeWpswIDFWOzJCQCrChkaaLrSRggDKBSZboymzWzLKPRrICYgkxGkReHZORSb9TQ8WEQk6MLDqMb8/NTINa+75cp7ZZpxmFEtfYY68zNYXzcqgssmAk33kRw51zYNWCyYKDIKzwvEK6Ym5/PyUmcK+CJjBAkZgIGDuv7Xp8qHeZpxbajOM6ytFaxAr9bq7porGHYWKG0gABsxZEnJiYWFxfZiVcu3M5zwp/g5ojg6Kpm6machhp5ziDwwhFIQXBEV6hypmmpsz2v6rhBEn79W3e94qXPpmqBJtlasyJUgKG5pdXsTDUWZ+Yv/YkLH9qzt8gMMOvp+bmtzzpD0VNg4q9/447RxsDm00+iRGRc3llu4MrT8Q8ekTtK37IsIGIvyHEpm1ni4LPAJi+QhOYAQlFpvV4FjPaCAGviBOIgxNhkTD1weHL3vkkvinE95ikZ8ijCRgMYGvOnTHPGSSFAlQvCvOIKXXZGyaNpfcpXV4UPO2t1umDJzaHq3n0HJ9asPbhvklKYxcMNiC5FKbh0aiSpSv4wuNx1MnYmgozdqK1Wt9vtEYumVH30psh0BtRXmW2S9w7+YZhUlDTJiyiM6DkOyrnGh4lEoydCSiG9TqSkpI6zQrotkHoGaBtI7uyjuC1LSUlJSUlJSUk9Cer3+4/1F/3zzllvmgZQk1txgGVVSlssOGivcPsF2g19v9FoAtYEgV+tVKH52Tmu84prg0bFceKHgQaGUxA7DrEkAdAu8IKSObne9wPCRQolFRrCdxWwrTTtGBwcBDPqdvvtbj+lQn+KadoJPQVPZsJJUpb+09M0E3CTHqrXuWILxwagT2CqCOBJI0fmnCrgAUixmAxnyR4CFNXUrVq1KpKamR/5lJ9rGhW3liRUh03kYCtpEhk6J3vaglIjU7KI1UQRu4LyfDWIquT1+x5aji2qNbBR9TNfuvUxdTLIWqVSYY9Xj2NYf/8Xnld1nSiJhF9GZhpGtVaJo5gyV0M6rxQsWeW+F/b6QXNgFNhzodVpt3oi8xOhA55jIPLU1A3KSAea1zhGKqeSbkCLBf5JtirCWgWTIY0jQOmRkSHEJFzHzvKk7/UDP2g0m+hJxCGazQFEKbq9/sDg4MLCghimDLMpiiIgY0PYUGDgsMT3fAeM2bFnZmfDJM8AoAEcNUQOyG284lZwRl5Ap4F4Q605kCRhWaQSjDRNYsrWj2PKdxZp9ZjDntfHLMIQOI5T5tUqigb8jR4NxWTFWYCwOo792Wu/wx6jfsSRPeOUMcw1FVeEkp16ygaHTiHAOXOq0ZdQ+j/eUXIGtI71FGPvvvkDh7oYLFynA41KkSYvf/Hpa8cH6w4YdGSTjYzFNM1PwzS1U9Btzf7MF25+8Uuf97lrPv+zb7ykoYeKWf+Xf732rC1nnf/sMyO/6xpKkfYx3dMibzabmPNJlmFwgGFtizKfyRTe1pq1unBfyRGzQZcmdJVmCAohgADga+kmlu47NHX7XXcr3MyAmMn+nYpGUnZ0XgBIR1FaWotQuIgsdorykYWyH8h1Z9nPHSGPFE3HZavqU5Nzh6fbmmGs2zB06MDiurWr9u05NDjYIJMellfrlYOHZoMwrrq2JsIktmOCZpM/TM59Pzo0NU+EH8EMSq8m7qyTn0lZeFAY0HNF+MpoaDA+uRSqcIiPFLKkv/ehQ+zxSnD5HyOdeeaZ7HFJYn4pKSkpKSkpKSkpKSkpqaefyhTCx7SJpZNnAnhTGodgXaCNyzasWZwmoIFAPaDKQHhY2fc9sCrLNFzH7HueoavkDWARizSo4FuexClZXuSKoZsEJ+PAsa0EUCfNAHywa6bkYIWmaTrCWxaIqt3uMG6CTYMD+l7g1Kp5EQFVUQVCahadFGEupdB01TSA4hI0pjkwvLDYSZLI1jWwyNJ1uiiWnugHb6IU3YScaoHKIlFMjyw4YqCtLpEtTtmyuoFWm+QNXOQaozRMyqQFI6PMXRyFe77POTnzorVFlvT7nTyP+GPPjlwBbY9Pj2NYK7YZBD2ih4ZOlRRVFlChNsolrlWB4BOTc0pKLRjwW2thgQoV+qFlYWBNRpbEKUi8o+OsqbAbMD2wHfhdEkdM5cKgQM3JWDfnHDtNBhpVwyILcVX4QqO7uaJNjK8Cvvb9AAc6dOAgOrZaqwN/g/i6FRttioD8mLJMn6kUoDBKYcSEEz42OnZoaipLKU/WAEE3MVgqGTdTQr2KScZ1PQz9ius06tXA64aBp6sMCHZ0ZAAxFUQXgM2nZmctnY0MNZlw+DUsxw/CvhdSlq2GGRIII+MM59WOHk+O1I84sqOjY3PTh3DWhspxITTWrQrDnlIo5JXBgfVTReMUQaEZSpYcZHdjKCC8KV0e9CDBDd984KUvPGPLyaNkYQx2m+R5gkBLgXkbh7nl1HWWTU4eNu2q7VSLNGx3e5Pz4UvWrrvz3oceuOfeV136oqGBeuB3LNMKgoicnYscF1mni5hLXyGTXkw9S8nbAPpg9KbFMDVyRWO5AnyvZHqlWsM/5+bmt923w7BrYRyhecSXsR/DxiggWlCklP5cZj0fZSHOVmb10dObLDJMM4ozXH2TM11dN+pNp9PyTAuTJMGlUK3amGT79k0hUEF20gVLosy2uWubiiiAWVCOtDY918J1jmsZnwAafapRCjmmsfiEo9xydK0uTLeF6UfGDVzX1PO6wQeHhpjU8ZcE0FJSUlJSUlJSUlJSUlJSTz8JcPzYSuRZ9Ch6ArBlOabOjTSNKW80S2OBjcEubccOgkBRQvLkLYhgAuGASJqcJUlIdd5sG4Q4ivIg9MlzmfxgtTTLyHmD42WhZpSEbOoGQJpaFLbj1mtUzcz3/U6nC1zEFZ7EicZ1jRsT4xOHp6ZK22WRr0pmr1wrgJDI1RcwiRWawtCkLM0tywZRdtwKUDf5cDAqMkYP/KsAX2qmpYutFniUTc4TZMWQi7pmmUjKBPXDVg7ZP5PLBNm/KmT0kWc5Du06brvT0YS8wEP7K6bRbDQGBuptcgt5zOPCfgQ9jmHFAFbcika212DxxHlwIkEUcd0iA4oA4YZ07dr1OZvuB3MIA8RpVm82bMsNokCMe2aaGhlfKJghgPkGFlarTrCwiDfJR5sVINeYJ8DPlapTrZjCloOznPf7/TzJhweHNIN7XgDEHPhU648Le5OMvMHTwA90U4+iGO8iBkCGJ1mGCZZQGUNyQYiiiKIahknF+dCOLO11Y0wGqmVJEZGMSuBxLY6jAPGCsF+rWI6lVyy95tjDgwMsp5Z7vjcyUEtTp96odNpdzDPM8fZiiwBkWvT6XqWCaAd4ra493tqSP+LIXnjRc7/21WuojGMazc7Npkmwbu1q4PAEw5Om3NDTLMGcpZAO5mahVp1KnrcHBisLi12gZFxfRZpf+/VtQbTl7C2blCKm4pzYELQ3pWszDVuXvvi8b999j+9F3V4yaNpTswu9qPjqf31jevLAxrVr+1HSObSwZtUYroiiiDTyxkjQH8PNRs8PPK9vmTY6PAwxJTyMjGDQppIWUQpo7kRRNrMATDw3v7hQcEs3LESaLIMCBWlCzuCU6t4PxCDmS/bK4gEFVhxDn8vXuCRpcUajj4+FfXum16wdrlRqiHTsPzhpGGx+fn50rMLURFNM7CEKM87NPAtNRwVGLx9iQHdlBZs8PJOIf9WqVVy/nD4PcgyVrlHVQYXlGqcHGmjc6bmHjGIzBeIfqmnpwNenn3kWkzr+kgBaSkpKSuqH1Na3XrWVSUlJSUlJSUlJPTUExgdu9Zg2AX2u1+sKlSAjKwCQS9ArL4qpgmBaGIahck1V9IygZCHyI8n6GaCo4ljNuot3cw6ymS22FsCCATcVMLEkT9JIOCdoYRzpmunqOgAP+V2YhmNbaGff8xYX29ibcHsAK1JBqcCO9+7Zl1LRMGLBcZZQtrLObZsIkm7osU9JzaqiBgGQZQ5ICWYNyEX5uVwX5htgXlSAEBBZ1wwqjqewft+zqy6nLGkljslkIkozMpFmeRrFlk2msVwl02Dy/wCA5qrtONwwDh0+hF05lqUqCpgg+Fi9VgMOZ49R/EezlH0cwwooT2dSMHRLEESaznWVV6tNbgDYFZPTrU4/Xmzv8DwfIw3G13BdAF8Q20IpwOD0XOUUVAgBn6ugtClVp+z7vm1ZYZJ72KFmgABS3MLSG3VH1LIrgH1jIMkkG2gOev1+SD4nehDGNHAR5a2HIbiziT2DbZq5Rem8AJym5Qe+zjkws6IqlWoVq3V6fVpNeHwjnIB4AOU+g4NyPSGX8RBLPa9nGFwpMks3ay6iI+nIULPuYDgLjWlZHM91FrjtnLJpY6/X77c7Q0NDc/PtlAg6j8IYPYPpQinYhhGF4eNzo/0RR/aCC5/7pc/+uw2ky7V6vYk4yL59+04+aX2Wg+yzNANzx3WnkkW3qscJ2C55Tfhe36lYOCfHqfb60aIXXXvDfUVmnHnacMVSVMxzlpOxTBFHcadW4S98wdaZz9/8zx+/5q2ve9mhQ16YJLv3H77kJy646LyzOOP/8NHPj464r3rZxY7GgKExjIg+mbrarNW6Pa/b93D0wtCoNKcQN5xqfXBxcmFytmWZtSBlbn20009Hx5pocy1HCCGbm1+Yn18Io0RR6MkGIsuUFk2IvxAJ+SIhmv5ZguliufDi0l+MLbZ7hqkMDAxgCodegOFemO+NjFi2w3XhFI2PhbnZRURNHMdwcLVSNILCIfjf4kK360UaxclyhDdSfO5EAQaKzDZE4UxVE/UNRVwnThOaBcKWvhAI27acn3jJy5jU8dePFL2RkpKSkpKSkpKSkpKSkpJ6UqTr+mNNyRwZaHAyfVbEs+uM62ac5MK0GXsDy1LjOCzy1NI1rjDy6FAK8OOKY2qcGbZea9YUzZyba/W9MIziEBAoS4PId0BwTQvgkmWFwVXHMnWNVVy72ayBFkVxDChMqIkb4MEJZSACR4F6qgnZOygJ0FGegiRiK8fkrg0EnEeeD/RIbq1pEYaUsEyifFmCWAHk+wkoHXkvGI7rZjmlXudFalpmHEdYV2DcIsvI5jWj6musT6wTLaeyaEzRKPWXFXGaLrYXg9ADoqKUUmBuVbFMvnHj+qmpwwvzj61+taie9yPVLXwcw4oOFG4ieRwFGNpaxc2zlJI8s8ypVAaHhynLHai4SGt1t1avAMSB54Mmu45lkyEK+W5gShicF1kaR2GOzhQ2u0CTVcdkWejaWsU16lULrBMb5Vk+PzeP063U6lFC6aemZQNq246tk/k3ekFxK46mYaRT17arlcrw4ADiCv1+r1avAnwLtwmaeiCA5FCtqIahI0SgczbYqEyMDjiG0qxa9Yo1PNgwTd2wLAFmTduteH4AjuwYumvrmJuOZYTCd8VUMq8z26wZp526vt9bRC/WajVF2077pAAAEABJREFU4ZQQm6X9bidOUssEtdV0w2CPUT/6yF7+U2/ccNJ6x9LrtaqG89d003IOHDpsmk6KCapwRpcmQkAUv1GKHKeGwE8SZVEQcs0M/NigyAmuWuN7dz30nTt3L/aLfpQp3EjSmKWRoaSuqVS1/Kde/vyzTtnwjW98a3Zyfutpp568bl2RJOS7zLJu0ts32f74v35+36E5zLVcwSWpIXiAS8a1zYGak8QBIhMJ/h2GnY7vR8VCx7Ns68xTtxSa+vkvf+nWW79NruHc6PW93bv2PfjQrkMHJ+kCF5Y4ingiQTwbsWQwzkQ+fsmgSw8TAsc0OzHXsD6uOaPfj8cmJvCZ1Pd783OzjYo1NOiMDNUBismvPUsxScMo1LVibLherRhxEmEXiB31vbjVAX0mtM25srCIwFis6wrmLcIVOCzaQnZA+ATIyeUcVzc+QBDDMHSTquIxpdpovvZ1b2RSx18SQEtJSUlJSUlJSUlJSUlJPS1lPEaO5ojifkkYg9tGSdz3iAtnVNNPTcnEOTKAbETZQEeYaJDTr0ZZqZVqRTfNOMv27zvc6QVpqoRJplLVQZ/oEoFEBbgTqJGlSRL7IMjAgo5N6a7tdjtKM91ywZ9yrKiB/TLyE2D0FDyokyK4lGMaoM8mB2VkRItxdroBtEmF0BgIcllSDjiJgZKvW7d2/fr1CdXE04UBdEreuawQZIkshkGdSjMH7Bp8NibbjjQtGJAXduh5UT8MU+G1K8i1EoVRWTsRCBDoavOmjZrGGo1K6Whx/EbkCdkJwgVJEoK7jY+PgJsrCgbCGhkdHhoe2rlzx0M7HiLwlsUjZJes5XkEAF3kCdYvKIM1AXcGmkPPgd8HvifSQ6nzojBwLb3qGPWKDQBdrRKqrjg2YHbohxMTq6u1OnlksMKwbEQjmgODnu93e12sTUOsa4gggB1jYBDRQBPqtRqgH0IHNqaXZXR7nYWFhU6nY1LKPOOqOjQ4gAlgcrZmbGh8ZKDuWiCHvt/rdto4jqIZmCsL7Y4XBAsLc37Qr1Vdx7F27NrZD0Ig3LGhAVMvbBuTMXVdEy0BrAXe5RhEJecGgdEgDCuu+zgKxz0hI/uLv/JuHJxSggnUcsQBFlv9nbv2atyKKFtfz/PSFgZdSsnNmzdOoA+SKEF8gUoHpjSSfhjXB8b82Lnl9gdVq9Hux9zgVIlP05VMKSK/oacvfdGZl132E922t+Wk4fFBZ25qxuTGvv0HCs355V/5pXqz8U8f+8r0QpfbdcWsFCqny7DIq7ZTwfF0LQx9eq4hzlq9cHYBnZ8C+2ZF4mNRqqyaGEU3apre7yMIRHUpSyt2BJLQyDgmQ3hgaCLOy6GUI4nPlIFcgKOL5Gd6GkFTjSjw3EoFCzutlsKygYa1eqxuYbyEhzQOhIkHoG2ZKoJTuk5tZZrq+/HsfIeCUhQdIOtzSnYG0kbPqqX1M3oS+FvJKNxWxBHFpcrPOjRP2NTzX3nn/2ZSJ0QSQEtJSUlJSUlJSUlJSUlJPS1Ffr2PhYu1O/0cJCunSoP4JyBMWfYM+3Eda6DZoBeuC+rqB16v3wWcrQDXVaqWU+370b337cAeMvLcyEzdDDwfmBoojcrIxbFtmBmlJDMwoEoFcLIG1uR5fkpZh0SBk9JZgjIlxUP62RKWElnMmm7olmUyAaWExTN5eogH58tn8HUqS0ecK8M5d7s9yLJtACaCcjE9/g/giJbjnwWlSEcZJVAneJ1mZNOREoxW0tKWmGBeTnBdIUwW+H5BxRJtQ9gf04P5tgUwCpj9mEilIayR2Y+sxzqscQT422wMDHDOO52e41ZWrVkzMzP7zW/eMjk5ZaKbHAswmsrB5YDvHvp1YKCJ3sDZpWS/klcqFVOY+TpOhYlk1TiO6vU61gTBNS0DfFDTuO04QRCiZ2zbRj+2FlsYefQYeh7TKCQoqdog1BmVlMQ5OLaDoziOjf0AU/Z6XTovkZod+j55dZsWNk/Jn6Egr40gBDA0DLONKIeHA3UBHzEuFk4BUFtlURCkceQjcJIVo8OjOHav7xmmHSXJ6MRE3/Ndu5qnLM2Y54c4kcnpKU6u4ugYbpgGlZskjwhVVFZ8DHqiRvbll7/hJS9/PXo8jMLFVntufgH4vtPzJ6emLcoEp7xelSsZI7PiokhAzk/ZuKpWsdA9tqkZOheuJoYXRo2hET/OPvel67y46IXAz5WMmYpqktWJgSs70M34VS8/ff3awU0b1+zd14qTbOeOvX6/h5jEq1592Ssvf24/SD/7+Rs6XpQyI8oUH2EihWH4arU6+iqmoY0BdDvd7sLC4tzsLK6LCy541gXPPgMjdfjQwU6nTZYa9JABiRKNhUWJiPoQDyZLeJETLUb4KAsOQaULkRCNfyEMluZ6QknYKWZXo+aQDRDXMMSYRZhXBUJimlq1NINcsBMyfqY6lsUiFSbNmaqUUFt4dQB5E2Iu91yIoxHCBpkWbvH4kMFkyIuMpm2WvuGNb33d69/EpE6IJICWkpKSkpKSkpKSkpKSknq6Cnjwh4eVlEqcFYqmF4paGg2DEg3U61SrzrTyLNW5Qd7KxH9zphVO1QLfqTWaM3Oth3YeDEJm2pU0Z7pphzFhJqAo03IAqoB4gH3QFhzEdVzwPhCeufl53wtKu12wINBkkOJc5HKCCacC9VItQa4Kw1ZyHwA4AokCcKQCg4IgKcpSBTOsIaqOgSQp3W633abkR2E1QXXMiH6qZEELWilyouOMyGpeMmiAO6pBJoiYMAfI0d5MVLyjgm8Kj6ME0K3ZbI4MD5926pbDhye73f78/PwP37dYE2PBniA9pmEdHBp0qxWcjQ8SPTSMwbz9zm13bLs7CCO3UgNlrlaqIfloU8XJRqMBItxqEztut9vo3tHRUeBdt+Kih+I4oV7N86HBIUV0NqAt2DRFERSl7/X7/d6qVRNgiwsLC8DzBPfJ1JvGEQSxWqlxTac5JvxMgihUCSEb9UYN7ex2O4roKLSnXmsQ2rYtBDhsy04yHLTwwygGzu56C/OLfT8At4zCBKOGEAhwpMoK8EPMG8vQAdARg8AJzi60TMcpbR+ag0O65fphdvDQlKZbBYUw9PmFhQH0T6WCKYJpAk6KbqDZ9UPriR3Zd175gRe//LV9xHOSGPtFx+HvTq83NT1t2ZbKKX+fTFEYQHmmqanr8LPOOKnm8iTyqWggFdErer4/ODzu1ofWbTj12htu7sdaP1IKs5pkCgUUMmybVqxs9URtsK6PDLleL5udXdy9a99Q0/nXT37xv/7rhpM3bTo8u/i9bbv/3z998cBcWzMqOl3aFKLApVKv1oSVcxGF0cJ8C/R5amqqTFTv97oPPXh/p9MKQ1/RyDJa1Pksa4gygZeJ9+MiLZ03Sjx9JP25RMNpptFbwsadYiCFYTm9Xh9XZ71eVckdowCupjRm8nUvLMsYHx/QVHJ2pllcKKDPUZyAxjP6YFEEuy84ELNGuc30PMTyZwUTHiDoFcQQgLMTwuz0SfKGN/3c7/7+HzOpEyUJoKWkpKSkpKSkpKSkpKSknsaiFFXL+mGMg4EF4zQBhwOF0Qj6aiJ3OSLXYzJbsC0QsZwIlmHwikv5xc3BxoFDk/sPTseJEkSF58eFwgNRtzCjZOoi8H0ASjQA1Am8d2BgYHBwANhofmERRAmHAJGibEOQM0qXLEpWWFYfK21hycODklQpFzsn9wxwQ45NwjjOqW6hCowUA03GCeVEA23HCf4GrSupFkB2pVKh+oGOA8aEsyPwXIin74UPgCaeyMdrcttQFLRTtFYtNzctU6f8ViPwg8mpw+jMIAjThLgn1Gq1/ttexc6xwyeQUZb64YfVtE1hpZKhHxbb7Yd27m63eq5TqzcGwJXL3o7JG1evVQAWNc/zCNExxXEq9UbD83zfD+fn5hUyZonACBv1BheVJJmAd5gj6IwoDDBbsFNg3yxPK9Uqet4SaekYC1BayqzPEiyvuJQ2j14V/V9Uq9WFxYVKtVIXoQ7XdkRRwT64cxSEJX4NgiAnhEjgenJ62nawuQmSiQbEmApZpoqKcmkcVyvOKSef1Bxo+EH44I7d84vtTpcMiIHQMeDTM/N79x/qewTSs4IlWQq+OTkDtmsbaCXxbgcM/Ycs83icRva3f+/P3vfHf7t6zUmUGiyuBM51nM7kzIxGRtNGmiUUsmEUKWnWXctQT94w2mxYwOYqVRDNMQReGI6vWqdZteGJDf/xuesPzfVa3ThnZRAoT+MAoRxbB7H2sfkF54/MzMwdmk5f+NwLf/4tr5g8RJGVXQfmTjtz86Yt66/+9I079h4oBBouo0RgvJgDtuPkxKBDsP6FxUXEeGZmp9EGjDM+HxCNYMuXsFomHTNhpyOgM80lMhPPy9cr/bkEoEVgSREfA+DIYZIcPHBoanpu1arxPCVbGDIxR2iKFTjfPEdgTKlWbbzAZwQ+czq9/kLLJ8cNMvQp6TP583DqH1pQpmPjssaFzUWwAS/KtuH94ZGxP/ijP//99/9fJnUC9SNV8JR6mPZdE572Vcx75ar3Wu+cOOat6z4SvOYe9qhvSUlJSUlJSUlJSUlJSUn9KNKXrJBLP4N8xXH1Yer2+8BbhfA+BuACggbNggCewaFTorF2xBTygLb0WtXFCrv27Gm1/DAswgzoBjyRgGCaZsC4wNiUeiiewVeIFBdDg4OAQkHokzwfIAhYKEszhUqucTSPUiNF+mHJoUCE6Zl4ctogwIj9xHFoOy7wYS6yn5ngj4yIEtd0DhbY6/Vsm/Kjk5Rylr1ewHVe5rQCOcVJgj3jQOXJ01Eo4TlNo9RYXo2SNDUC06BUOGlsgq7DwoS2ZWEY7N6zyBllUmOHzvfhv8qSja+KM3pCzBl+lGEFUAaDc6uVPXv2Ts3Maaqhg5kqgPo6ek7XzV6/b5nkJYLB8no9jQxPTDQfHbK42MLaGCzA2Xan4zoOpYtmwtuZ4H6CfwLihYGfi5RSNKXdajmO7Qd+rVanfFKVnLkz4bEgUHYELIihabXaANDN5kAURZgNCwtzjm1HcYT9zM3Mj4yMYsxBqxcXFwEKAf2jxAfWFDmrWqfbFenqjEAy04TVg5IllDbfbAzjb78XoEl4F80O46TmVjEmswsLQRj3vSBI8v58r1D0nOxc0opTPXTo0JbNm/fv3489ow+73e736/MTM7Kveu0b8eeL//mvt9x43a6H7p0+fEDFWbf64KkT4yNJHJkGR5diAF3HZuRooegnmTv3zSmMjIzpKvODtEjrdZep1oZTttz6vXvP3rLmjJNXpUlk2zpanyaxYZh4GaTZC5733NnFwHWLBx/Y/urLXvo/rriMa+rk7PQLn3vB1rNPi7LiazfevnHNeNXGRcYpIkVMmRuargQIXaTNZg1UenL3bjHUTFjlFODyiCohmFXGSJZmplKItGNi0EwERQhqa+WTB8LznYC1JkxQcDFystPgepqxA4cXVk8MOJZVJAe+cgcAABAASURBVAHWLeuN0rZMRRQBa6bCNQibpUnWWvTEZwLaqFFtQZql+IBgGsWc6FEJMoOmJypKS5BMlCjUR0dHN512xotedMnrrvgfTOqES3nUDy+px6dlAM22vEy/8/Kj4X78c2/PrqYXEkBL/TgKkVImJSUlJSUlJSUlJSUlJSUl9QzS4yho+bTWmWeeyR6XpAXHEy5lyzB78I5s39HLJou7QaWHFSYlJSUlJSUlJSUlJSUlJSUlJSUl9WMjCaCfeL3lXIXNFddMHlmy77biQaa85dxHrHpb6Lw9WP4TXnfkjfjnsOQj8XUfedR3paSkpKSkpKSkpKSkpKSkpKSkpKSeBpIA+jjofPUKVnzithVL+/SaOwp2lnr5sWvtuyZ0Plpc8Tbb/wj9+dxZxWveHv7lUdia3ZN96jzx7nvVLax4zfuifUxKSkpKSkpKSkpKSkpKSkpKSkpK6mkjCaCPh4w3nHWUC8dk9ok5dsV5xjGrTEav/Wqx5WX6x85fWnDp2zVg6yuviY+sM6z+bvnuhHnVWYzNFQ8xKSkpKSkpKSkpKSkpKSkpKSkpKamnjSSAPi669LwjLhyl/8Ybzj9mhSVTjvOPLlRI2Jrdkx+x2hhX1i+/3DxB/tEPTjIpKSkpKSkpKSkpKSkpKSkpKSkpqaeLOJM6HjpfveKj2SduS995ORP+G9qlgM5Hvf/QZIG/r3x/cOUjNgVlvnSCSUlJSUlJSUlJSUlJSUlJSUlJSUk93SUB9HGS8YazgqvvyPadz8h/41XGw96mjOZ72FXvtd4pWbOUlJSUlJSUlJSUlJSUlJSUlJTUM1TSguN4qXTh+P1rHsV/A1p/vrLlmEKFUlJSUlJSUlJSUlJSUlJSUlJSUlLPNEkAfdx0vnoFK66+p2BnqZc+8t0J87MvUx78avJzty0t2HdN6Lw9cN4eXsekpKSkpKSkpKSkpKSkpKSkpKSkpJ4JkhYcx0/CheMedsV5xqO+vf5yy58InY8GV3+0XKBc9V5bOnJISUlJSUlJSUlJSUlJSUlJSUlJPWOkFEXBpKSkpI6nwjBkUlJSUlJSUlJSUlJSUlJSUs8gWZbFfpx05plnssclmQEtJSUlJSUlJSUlJSUlJSUlJSUlJSV1XCQBtJSUlJSUlJSUlJSUlJSUlJSUlJSU1HGRBNBSUlJSUlJSUlJSUlJSUlJSUlJSUlLHRRJAS0lJSUlJSUlJSUlJSUlJSUlJSUlJHRdJAC0lJSUlJSUlJSUlJSUlJSUlJSUlJXVcJAG0lJSUlJSUlJSUlJSUlJSUlJSUlJTUcZHKpKSkpI6zVFV+1EhJSUlJSUlJSUlJSUlJST1zJFnHDy/ZU1JSUsddnMuHLaSkpKSkpKSkpKSkpKSkpJ45kqzjh5cE0FJSUsddiAoahiFjg1JSUlJSUlJSUlJSUlJSUk93ScrxWCVRvZSU1IlQ+enMpKSkpKSkpKSkpKSkpKSkpKR+nCQBtJSUlJSUlJSUlJSUlJSUlJSUlJSU1HGRBNBSUlJSUlJSUlJSUlJSUlJSUlJSUlLHRRJAS0lJSUlJSUlJSUlJSUlJSUlJSUlJHRdJAC0lJSUlJSUlJSUlJSUlJSUlJSUlJXVcJAG0lJSUlJSUlJSUlJSUlJSUlJSUlJTUcZEE0FJSUlJSUlJSUlJSUlJSUlJSUlJSUsdFEkBLSUlJSUlJSUlJSUlJSUlJSUlJSUkdF0kALSUlJSUlJSUlJSUlJSUlJSUlJSUldVwkAbSUlJSUlJSUlJSUlJSUlJSUlJSUlNRxkQTQUlJSUlJSUlJSUlJSUlJSUlJSUlJSx0USQEtJSUlJSUlJSUlJSUn9/+z9C5xU5Z0vej/rUte+d9NcmlsLDSIKGqWjyWQHDBMhnhFsxwlmn+1x6GgiybzqjpM9whvJHpgDzmcms2Pek+CoabfxzChuYwuZnYAOEcxMogMioGAjDbQgzaXpe9d9Xd7/86yq6lXV1d3V1VV9/X3l03ZXrVq3WlVrrd961v8BAAAAyAkE0AAAAAAAAAAAAACQEwigAQAAAAAAAAAAACAnZAbZ07Qr6N0QfLrZ9lBz6OYNgdiD4fX0++ZQU3+vP0gvD6w/yAAAAAAAAAAAAAAmALSAziVKn7caDeXyiS2uSv6neZQBAAAAAAAAAAAATBYIoHMnvJ7SZybVW+kzqXAd3sEAAAAAAAAAAAAAJgkE0DmiPb1Z38mk7U+6V/U+GF6/Qd+5VPFvcEYfOBj01pnR3+nxZQmj2LsjUHOM9T4bfxUAAAAAAAAAAADAeIAAOif27ohsbOHp86MV/Q7TtCu4eI+5aLXj8FrV+rM3jI6mz1L9DpFf81IeundHGBk0AAAAAAAAAAAAjCPohDD7XnyGt1xeVztQ+sxY+K/3mGypYqXPpHKtu35p/Fmt4SJjS+Vo62leu8PjX8b2MgAAAAAAAAAAAIBxAwF01pkNLWkMddDYydi6ZQktmlctk2K/qmtvkdgx/eZdWu/T1c5VDAAAAAAAAAAAAGDcQAmOrJO2Pykf2arvrAsw5nmhOvVATc2DjKVyrdtfEfTWRbx7ItZoo+U4AAAAAAAAAAAAAMYJtIDOBecLO5R1jFEGndCE2aayIo3RVLv9OzziH43NrNkQRAkOAAAAAAAAAAAAGEcQQOcIZdCO7eWsYU8kdQZdLfOE+lDY/tjeQ/FOCMPrNwS8O8K9Y6uVGDNfOcgAAAAAAAAAAAAAxgsE0LmjPrplgAza+cPVCVWem3YFa44lP7s+ljiLbFq6r5oBAAAAAAAAAAAAjBeoAZ1TlEEztjmycU/Eu0fb/mRC3J9c5blcPlHLFteZ8WdPsODiusDOOusB1IAGAAAAAAAAAACAcUYyTZMBAAAAAAAAAAAAAPRjyZIlLCNoAQ0AAAAAAAAAAAAAOYEAGgAAAAAAAAAAAAByAgE0AAAAAAAAAAAAAOQEAmgAAAAAAAAAAAAAyAkE0AAAAGOdEWMK8cclQY5hAAAAAAAAAGMMAmgAAIAxirJmXbCHzkkDEAqmmQijFYF+YQAAAAAAAABjAwJoAACAMYdiZU3TKHoe6ksIZdCqqiKGBgAAAAAAgLEAATQAAMDYQrlzJBJhmbIaTTscDkqiGQAAAAAAAMCoQgANAAAwhlD0PKSGzwOMxzAMiqEZAAAAAAAAwOhBAA0AADBWhMNhq6BzVljFo51OJwMAAAAAAAAYJTIDAACAMSC76bOFRkijZQAAAAAAAACjBAE0AADA6LMqZrAcoNEOp6I0AAAAAAAAwHAggAYAABhlVreBLGdyPX4AAAAAAACA/iCABgAAGE2maY5AC2WaBE2IAQAAAAAAAIwsBNAAAACjSdM0NiJGbEIAAAAAAAAAcSoDAACAUWKa5sDFMYIR9tK77PA580IH8zjYXUul/3wrk6Xosx9eYHuPs4NNZnkBu3mOVPM5VuLtd1Q0IVVVJUliAAAAAAAAACNFwg25AAAAo0UT+nv2eDO7+2dmqy/hwdXXsxf+XPKF2Pd/adZ/kPBUvov984PSl6r6Gx9TBQYAAAAAAAAwREuWLGEZQQkOAACAUTNA8+fOAPv6szx9/tOb2Tvfly78rfTGd6SqqWzPcfaN5811z/H0ed4U9ptHpMM/kLbVSAunsZ4Qf6qlJ5PJJQqv3xDwxv/tCLMRFV7fO0Xt6c0B7+ZQU8oBDwZp9m7eNY5Ki4gVO9LrEwAAAAAAYDQhgAaA3Gt6ZnlF/77yzLnEwc/9LHHwR/b1GeO5Z75iH2L5M00so2GS7PtuwoS/uy+Hw4w91ttkW9v7HqlY/rNzLBPxNZDOas9Y7C3uswmNF4ZhDHAf0o/3mRc72dqb2HP3SzdUMI+TfXkBe+sxaW4Z23+Svf8pKy9gv35EuvUaVlnGHv4yD6m/VMV8Ifb0vn7HSZOjibKB8VRX37lU8e/wiH/KumO6d0NwLxsRzaGbaerpDdvUzAAAAAAAAGCMQwANAGMKjxRv+5tTCY+9dn9ChvsWZZu3bWmwD3FqyxcTc+p0hkmaME+9769PeKyeJmxPYLM1THxYnp+O2fD0re/e/xrLCC1X0hqA1AbOgn95mP/84Z8klGwu8rD//RfS/3kr+/Mvsv2PS1MLep9yKuxv7+ED7z7KMp4o2XuI8mupfoMzPuIXamm05sax19C4cq2bIvLDa1FUBAAAAAAAYOxCAA0AuVf58IHmPl6siT57w4I58SHf+ttoanzvS9ZQ7/5ggfi7fks0wN333QesbLMmOkTzu5sXiQdeu/+7b7G0h0nU9Mz9Vuq9aPO70Ze8ZM3fqb+5P9qGN1vDTHynPmyIr4EDD1cy6M/AWfBn7aw0j7duTlJRzP5/90n/8GfSjKLkp66bwQrc/IUZT5QxreFin8eqec77enXvA3t39C3QYVXtSGgo3bSLl8hYf3CAVyXgw281+HcAb3OdOIyotiH+BZ9uTngw/fEPMgxvfB1IMRXbskT/2UqCiMdp4MTFTxhV7xymGttINS0HAAAAAAAYJQigAWBUnHtmu5URL9j8vZV9n665K/rgnDu/scD+sp9tiUbLL/409rI5D/82GvLW/2pfmsMk2fcPW05ZM1P3cCwNX/nT328Wkz718q/PZXGYIdn3iFXFIlprojc9f+u7A1QXEa/qW8DEGkliPRAxnj6ts0UBDRHin/qb2+w1LvoZc9KkRfPnhi23JZQfSayIktDuOz5jVuGOvlU7kqqppCppYlshfRZn0JcnDpC8XGlMPVMD9wNc4mVtPhZJs2izcLGTdQdZoZtlPFHG1Efv4u2da/qUXa6ssBoa86LMNcekeqtAx5PyIgqLeZIbbSj9Sm/Yqu1632Tl8g+r+7zKKuvRdxJr3XyE9JtVACTeCrvFWHxIjr6QmRu3pghtKVlONVdpD3OQZ99stcMqPHJiNdu4NSHaXryHbX8yNvM0PwkzT7Nk3Mefcq9KMSppZ11ioepj+j1Mjc5DqlUNAAAAAAAwkSCABoDR0NvSeXNCC9mv3pMUE5/79ctWpPuNO+fYhluwxB5L059WA+ePTp0b2jBJblhQafurcsEN4v+nGk7lYJgheLk2oZwID3kfsJe44NVFYqkrT0sTSme8dn+WqnwMY8y8unRiRRQeTycFzR9tSV24g1LppGoq9fcnvZbGZlshFJr3JvV9Jy0qoiRG+YkDJJR8SWPqwzBwFnz7tfzn//M2S9/f/G8+wrtuZBlPlKsWKTBlrH1a+3LN+ostbNFqdZX1Z4XyQDklqgZPhKvldYztPBROGPIWpZI3+NU2tkjbn3RHX2Wl1S3GXx9k6YmXBHH+cDUvM9KQXP1ZNNxeKsfmynWY4t1lbG+6w4TX15mUesereVSuVbeXs52/spY9/Mox/sJHK6Izf99SysTNXbZ5WFcbX7S+o3LXL2UNe7TemSmXX7eerXBtF6M6yQAAAAAAACYsBNBZlnCLbp8beHNF3IN88+DVOXkDtMQoIby+n5uUAXJpgOZnnKMaAAAQAElEQVTPsfbCPATkrHrQNS9OmEoO9v4JRbIZbSk8QOvaU6caorVEfvpVXmNapMDx6iLNzWKNRUt8WMn+vfEnRe2Rhi1/+9aQZnLlT2M1Uhb8QBTS+O3Dc9Ib88qfxKqOREtw/HQlLfIXRcPw3tc2v3QvE7m5fXlPnWIpqnbE2rPHlref5uQ1LybUdanfbiXjsUnTlvb7hIoo9Q9YIXKsWktyyZT6+x/Zl/7Uc+S//rGkyGzr/zZfO5zW8P/z9+zlg8ylsu/9scSGyQpnrSa60SQ61uhYPGUru6wumhF/mUhmjxnWvq/poNnApAeq1VhTaGlthW0SSWn1wMqla2O/VvKRmEcuJA2hrr1FYsf0hF1htXNVmsMcNHZSiLzMmTxwNGV2vmBvjs3YtRVJa1i6aWbs1xSjYqs20MpUr40fEsyQKhNH1YDeFAEAAAAAYOJCAJ1FPN613aIbvYH35tz32tSU2Ykrr1Cp72QAI66/5s9CrIpFglieOEnZaomc+/Vrp0Sc+tPe5L7y4QM8eLWlor2tvOc8/FsenP7VgiytvwzG/NbrPMOlhPcnvbNMObXIoOtf782v7XVL+ooNGasn/tKd9mdr7vmq+P9X/ypa7Ns+6YQLGIkVUaIDJJZMsVLs17bYmjkPPPVcub6Cba/h6eTD/6+55/ggA//yMPve/+JNm//+z6RrprCssZLo5EoRVr3j6L+aY72Dr1rGq3C8eFBLDJ2NIy2ijIbtVV5rB3TRbGLZwct31EoNeyID1FbubxhrN7qzzj57tEM3bUm3uIKb8FRq/e+R1coKBgAAAAAAMAmh4/jsid2VHLtFV9zA+35k4x5t71p1Fcshfka9lgGMEwNWf37ru9EiD/e+1CzyynM/W84bQTdsuf9ndx74zhw27vHGxT+N/n7uma/ctoVtfve3Dw+4YPZaIqJ/P1FzY0uf4U699utzv6UEtn4Lb1Udf57SaopfaQrDy6C/OsCYB3Lu1Ed80HvvTBpu5V017LV6Hmhb2XFS3ZKYOd/ZXPM3vDRH/QMV8SobNS82//SrtiValFhthTR8SDn9qV9Ft7SEp0VFlFNidb1ygzVAyvV5ikbx8EBTHwkPfolFdOn/+4b55y+YO78lLV+YerC3TrCH/4lHov/33dL/+XmWfbxSBAXNvFJE5cGgt45Xdj6xxVUpnhSFlWNDVqvbfxXZ+L7eVM1on7iu1hpGvqmc4ubel+RKtdsf7SmRInK9ZkOwfod7VTrDiB33ulrPC9WpRkvXa3nXiFJ8bE27gnS9OSWkzAAAAAAAAEnQAjp7LpgNyQ+pj27pvetWVOcIPt1sbzjWp33WwYQKHgM/21vfQzy+3lZJk+KA3iFTFdngM8NPp3lXSGKY4Po+U7RGsj7dAp0A6Rm4+XM0Max5KdZads53XrLatPJ0lcGgeMPkd39gD1x5uvrdoZXgGLkxp1EXm0f2orl0L4qDU3aBmF2itXdupy5Jg9fK2LCcff8OFtbZfc+Zhz5NMcDvT7P760zd4OkzDTzsiVo7qaQSUqJ6sqiDsfcQJd3S9of7i5KjlSv+ehevv3FfdcKDu9K5X6dCupFlQMx27/6ub4+IAw4zYD0QUUvEXuV5QKlGJfanI1WVCwAAAAAAYIxBAJ091bzDooY9kT6Jrf2uW3PjVp3VRmt01C81a2xnpDwUrjPXpf3sxq0p02F+m3DNMak+Xr6TIuY+GTRvNM1vqWZsqcIH2+AW3TrZz9VFn0vl8g9TNgcDyFDf5s+8aztuaIkeb52a8KcVat+wYE6aw/C+6UTR5YT89KNTTba/mkTbXZrXRQtyMExmrK4U4xWNE8VaUs/5zoHeB0VBiXinjknzdi46a+kacMz9vER0wdj3+oF1saHmrpUsDaK0tK32NHnt9UG3GN7ImkvcEuJvx7133hcdIPX6jLe4Tzl1lg3pBNBk49d4shzSWM0O83hiiHnkPPuzZ02KpymkTid9TmOizhd2KOv43qr3kqToQjDanaCtyIZwMGgvwUEqq6VFzNx5zOzt7i/ap599nLGKFikukco3lWdQmkN0TnhMj+8WraD8vuo0hxFhtL08dPSKL98LiyWyd64YumfPAB05Jo+Kdt+0iuw3SAEAAAAAAEwqCKCziLd3rl/aW0QyZdvhRasd8Tt8V20QJ/nPiKqa4oQ2xbO7xBlvimcdlHfv/JW9R0EhVgkketpfoTxQzruE2ssGkXyCbXWjdFeOb5eGyaZv8+f4I6LkbiwxjHYBx3gJjvu32IJjXpDBGuKBeP91FGHfH204LdLMdIaJV5q2qkuv/F60LvCW2nix6d7+674hqkdka5jhmXPnvQv6dN8XDfGX/+zcuZ+JXP0rKUtmR6Ng+7z9rejjMSG3TxQPjgcc84C+eg9/Oxq23Ga7xrDvkQqrK8Vo7eb+0ZAVCZcKrKVIVXajv0n3djnIkt+O6AD29Rm7IlLBXzLA1Fk2yHK6e+H/+26p9o+YL8TW/NT85HL0Qfrl7p+ZgTCPnimkTnNUaUyUMmjaxdBF0HjJY969QbTjwWr3idW2Msq/kupXJ07a2u/06dNP7CLj44xsZPKJxJ79eod8ONrz4ZA6UaALqzRj8V2wuBCb3GZ5oGGq+XVZFl+u6BVfN0+NK1yHRaYcfWqrub12wLWdOKqEtQcAAAAAADD5SKZpMsiBeE1MSo2t006rZOT2J932NlBiMIkeXHuw32fp9PjaVK/lmrWmCtWqyNlf8cr4SFbxFmfinN+qwmkVtVyqxM//bUMm/A6QJaLkMU+TrdrB4iGrxDOLPxgfJknNS82xbvfe+m7FA/UpRh8rG53GMLapLIqWYLbNSYIFP3g33hI2W8OkTwS1vavL9iAbfNFsE4+OoemZ5V/s08djbA1En+1djfu+WxFN7cUwd/56gDEnzjV/4SJbbeuU0+19rTXPtre479j6PCrWJ4subO+04osfG1vqSVt1nMVv/WwqsQEGmHoWykAbhhEOh9Mf/v/zivlP77Ep+eytx3gA+tUfm1d7GAXTf39vuukzcTqd6QffAAAAAAAAAJYlSzJsjIVT0FxZtcEqlJGyKEevayuiqcHJZlMU6LDVbt4QjbAbmq1nU6H0OcWj9jLTgaSbowea52WxKhzNoY30Ktvd0wDDt++R2/pWf463Vo49yAsNW7UdelEkao8mv/rT3koIUaKEwk9s6eUgw8x5eGN0EjUb7WUrXkqcMIWYzfacMVvDDBOvCJG4iigt7V205ErNNPVYRlz58IGkeVs0QBeIK3+aMJUBxzwwPt3Et4Omm+ZrU1Rh5m9luuuz76TF2/HTeMvrvpsKn7f4AMOb+mAoCE6zCoflJ+t4H4MUOq/5qfl//D88fb7/tqGlzzQ5pM8AAAAAAAAwktACOsdEK2MmGkFn0AI6rmnXQM8yewto8TsrjzVzHkoLaJFc6zuXKicqjIEmB5BVKRv5jsBkk1vpAowGTUh/eMNktS+au4/y3//sFvbM/zmkBJupAgMAAAAAAAAYIrSAHn28k8C+/SldMBsYu7EifrZv67iJszr6k9ZWRHttSny2V6pnrR6cgknFna0ulbY/nEbt5grpxuSHnPctZeyYvniPac0VQM41PbPltYQ20SPj3M+21NuaPwOMFkVRhjS8LLGf/1/Sk/+HtPlPpB1DTJ8zmBwAAAAAAADAMCGAzhqrayN7x/e8QXEdj4Pvs5Vmtlfk2LtD3xkPiytcr4tuneLPRhNtK2Lu8+zeHZGNLWxdbXKNZquMRm9UfTDYfwkO+aZyxi6aTfaXr5WtO9EX3aJUMoBcs3qEq3npJyvZSHrru7xM870v/XSwHvAAco0i5KGGworM/usfs8dW8jB6aC9UlCEn1gAAAAAAAADDgxIc2WZVwIizFbiIldFQ2TM8Oxb69PKX8HIpuQhG4rO9r03shFBMKDZYuVx/i1mzh6UowcFiVThsPSUya5gWdD8IADBCaEccCoVY7rlcLgTQAAAAAAAAkJmMS3AggB45g9RxHiNSFIYGAIDc0nU9EomwXHI4HKi/AQAAAAAAABlDDWjIjqaDvGj1umVInwEARo4isJzJ9fgBAAAAAAAA+oMAGuzCf827H5R/WM0AAGAkORwOWc7JTplGSyNnAAAAAAAAAKMBJTgAAADGinA4bBgGyx5Kn51O3NQCAAAAAAAAw4USHAAAAOMehcVZrJVBo0L6DAAAAAAAAKNLZQAAADBmWLU4ht8nIXodBAAAAAAAgLEAATQAAMDYQsExZdCapum6zoaOXq6qqiRJDAAAAAAAAGC0IYAGAAAYcyg+djgclCPrQjodNtBLFAHRMwAAAAAAAIwdCKABAADGKIqSVcGIMQX7AESOYQAAAAAAAABjDAJoAACAsQ75MgAAAAAAAIxTCKABAAAAAAAAAAAAICcQQAMAAAAAAAAAAABATiCABgAAAAAAAAAAAICcQAANAAAAAAAAAAAAADmBABoAAAAAAAAAAAAAcgIBNAAAAAAAAAAAAADkBAJoAAAAAAAAAAAAAMgJBNAAAAAAAAAAAAAAkBMIoAEAAAAAAAAAAAAgJxBAAwAAAAAAAAAAAEBOIIAGAAAAAAAAAAAAgJxAAA0AAAAAAAAAAAAAOYEAGgAAAAAAAAAAAAByAgF0NjXtCi7eYyY8tFTxb3Cm/Vq2/Un3oxUMAAAAAAAAAAAAYAKQGWSZtP1Jj3+H+FcrsWO6d3OoiQEAAAAAAAAAAABMOgigc6naXb+UsRZzVzMDAAAAAAAAAAAAmGxQgmOk7d0RqDkW+yNFgQ7t6c2RjS3W71L9Dvcq+v/BoLfOTBw4vH6DvjM+AAAAAAAAAAAAAMDYgxbQuXQwyLPmcmlttKwzhcuUPlNqLAp0PCkvOqZ7d4RtLzA3bo0cuStawaN+qVmzIfh0M2PV6vZyxo4Ze3vHbOxkbNFqFekzAAAAAAAAAAAAjFkIoLOOQuSAd4P4V2fyktAPuyqtZ5r1F1tsqXGF8kBSrMwzZccL1dHfV21Q1tHYngk1MXXtLRKN+ZWD0af2HhJjXosG7AAAAAAAAAAAADB2IYDOOlsnhKIVM+XR663guMJ1eIfncG9qrC6akfzaB6rtmbLzvlgJ6cq18jrGdh6ymkuHXznG2FIZzZ8BAAAAAAAAAABgLEMAnVuiFTPb+atQU/SB8PoNsfbRG2zFoPtxbYUU+1WE0aK5dNMuXn9j3TInAwAAAAAAAAAAABjDUMMh1+SbyvWdLeZJxiqtvgTL5RNbokU5EjokTOVkMy+1Yf2+apnEjpmvHNRuep+P5IfVDGCCMQwjJGiCKTCAcUgSVMElyPKIXvENh8P0UaKfuoCPUvrojVMEp9NJbxz9ZCML793YMeobAwAAAKSE46VRNFGPlnHgl2sIoHPNONLC+yG8Nl64OV4SOgXzxYPao701OkSpjXgfhtXyujp9Z11EdD+oVDKAiSMYDPr9ftqLOBwOCuzcbjeldVaExwDGNXOc+wAAEABJREFUIevyCV1ToUspPp+vo6ODDmK8Xi9t2yyXaHJ+gT5B9FGiD1T808QgPdYbR8eykUgkEAjQ716B1ifLJbx3Y9BobQwAAACQEo6XxoKJerSMA79cw3rMrb07dF4u4y4eOleKJsy9EfPBYN/mzw17IusrVKsfQvFae2Dt/OHq4M49Zp9S0QDjGIXO3d3d9OVO8VxxcTEOHWBisC6fWMdGTBzN0CX6rq6unp6egoIC2tpZttGHiMZPh0o0cpoEXbpnkBF72wf6k45B6WuqpaXF4/EUFhbmoiU73rsxa+Q3BgAAAEgJx0tjx0Q9WsaBX65JuFUhi5p2BRfvSVqf0vYn3Y9WpBqgXK6/xazZw+p3uFdFn2Lbn5SPbOWZtfVa66lezaGbtxoNSxX/BtwLABNBR0cHfafTFzpub4FJgmJo68iJLrew7PH7/Z2dnTRa+jThKk4u0MESvXH0fVVUVOT1eln24L0bd3K3MQAAAEBKOF4a+ybq0TIO/PpasmQJywgC6PHEyq/X1XpeQAFoGOc0TWtvb6eriziGgMnGOoihK+olJSVZuZ+LLuRQro27w0aAdd8fXTDL1vUDvHfjV9Y3BgAAAEgJx0vjyEQ9WsaBnx0C6MlAe3pzZGNLn2bRAONNJBJpbW11CykHOH78eGNj44ULF2gwiuoy+5qiXJvS7bKyspkzZ1ZVVV1//fUMYMwICrR9OhwONgz0GaGfeXl5DEaKz+ejn/TeseHBezcBZGtjAAAAgJRwvDQeTdSjZRz4WRBATwIHg946c9Fqx+G1uO4H4xhdPLx69SpFw33L4FIe984777z33nt0dZFlG101vfXWW7/85S/nuhc4gDSFQiG6vjJlypSMr+fTMRldaMG9YCOPvqPo8Gk4R5947yaM4W8MAAAAkBKOl8aviXq0jAM/hgAaAMaLlpYWq7/apMcPHTr0m9/8JhfRsx3twL72ta8tW7aMAYwBdNElEomUl5ezoevo6NB1He1BRovP51MUJbO78PDeTTDD2RgAAAAgJRwvjXcT9WgZB34ZB9DoxhEARg7tSOjLum/6vGvXrl/+8pe5Tp+ZuGJJE6LJMYAxgD4L9ImgzwUbItqSw+EwjshHEa18egsy+NbCezfxZLwxAAAAQEo4XpoAJurRMg78MoYAGgBGSEjweDxJj7/yyivvvvsuG0E0OZooAxgD6BNhfTTSf4lhGJ2dnbgbcdTRW0BvBL0d6b8E791ElcHGAAAAACnheGnCmKhHyzjwywwCaAAYId3d3ZS1SZJkf3DXrl1Hjx5lI44minbQMBZYvWXSpyP9l3R1dblcLvQDPuroLaA3gt6O9F+C926iymBjAAAAgJRwvDRhTNSjZRz4ZQYfaQAYCcFgkK4QOp1O+4OHDh0a4bbPdjTpmTNnoh40jDr6XASFdHrI1DQtEAig2uwYQRcPOjo68vPz0zlKxns3sQ1pYwAAAICUcLw0wWTxaLmurm7fvn1J7Y4pCF6/fv3y5cvp9wMHDrzwwgtJt5bKsrxy5cra2lqWVTjwywDWFACMBL/fT/sG+yMUt/3mN79ho4pm4IYbbkgn9Rtrzj97x/Kn2Ka333xwLoMJgD4d9BlJZ1O0PkpJdxLAaKE3wnrvCgsLBx0Y793ENqSNAQAAAFLC8dIEk8Wj5b//+7+nDKHv4xQxWwH0iy+++M477/Qd4IMPPsh6AI0DvwygBAcA5BxdpaTrkEnNn2nfkEHl/hXf3fY//sf/2PbdFQmPfuMJeuw7y+MDPLEuvbHRDKTcRWXJ+edXz5s3747nP2VZsn//PvufjR81svHn0+fvmJfo8f0sO8QKX/38+fgD+/bv72+weY8lPUWZft8HRwx9Ougzkk4dsb7XcsaD/Y/1+0YP8NT4YB16sjSMz/duJE2ijQEAAABSwvHSxJOto2UrfZ45c+atMQUFBfRIIBCwBrB+oQfjA9DA8RdmHQ78hgoBNADkHCVrDocj6Urme++9x4ZsxeKZvA9DT9VtaUbMg8poNtLz6d5XP6H/NW77yX42fDy3rX0j9tfsb7155syZH69k41TVEwfOWN7eVFVfm4vIiQfKD73R//O7a8dSzkWfDvqMDNoVYTgcpiv8iqKwYUq6DGBP7bMnOdM/3hifyvl9+xOmaHtq3KG3g94UemsGHmz4793+x5MunCRdkcqmPtPKnfP79yW++ZNgYwAAAICU0j1e2veY7UB2OM19+hyHDDItMb1nh3+okvooThyApToGi83DY+kc+6VugpNsJBvfZPdo+d577305ZvHixX0HoAfjA9DALGdw4DdUCKABIOcoVksqjXT8+PFMrhZ+47YFHnb5ymXGpl3zDZYVNBs0MywH9v9kWyNbs6aGsfo39jPox9wHN/FVtC177cTTVl+bjcPHrKHPyKABdN+PUgb4oe3t2xY/dyau7vpty9M8os3Qih/TZPY8ODs2A8v/rjHlU+PUiL13vRKvSI1b+x+bt3zb6fifk2VjAAAAgJTSOV4SrUxObHo7ehx74Am27fbMjmOTjkMGsiZ+5Pzcmsanlg/rJGLwo7jdbyQuzv5f72bpGawJzqgZhaPlEYEDvyFBAA0AOadpWtK+pLExk+IR6yqnMXb57PazPIGuzFYb6AxnZjD736hnrObuH9+5JukYgsd/CWUiHku4mp3QNDV6PZ8fSdxOcTbb/VDs0jd/lf1q//7HUrcC4I/f8ezzj2Xzin0OJV+KF2uDz7NYSwkz3/cR22ieXz1v+VN8hdWmbERAaurqaljjU9/sN/i2N3aIv1+JExWNFOJrW7wFw2hKTJ8R+qQMPAxdYB/mYRmt4dp6fgxtbz6/4kdnaG3sfuiOUbgMMCHQm5JOmw50UTIZpLMxAAAAQEppHC+d3/t6I6vZFO8IZ/a3fr5pIdv9d8+P0EnOysdpco1P/Wg/y42Fa9bQ4vx6v+0hfl5ZtbCKjWdZPFp+7bXXvhFz4sSJvgPQg/EBaGCWSzjwGxIE0ACQcxSryXLCt82FCxfYUC3/zo1TGbtydifbefYKY1NvtIo+D18mMzOY889uo+vUa+5cwVbezRPoNA+JKN+8fRuLlaewrudT3MkLbry9qSp27T258gZPRWtPxItaPLfYelX8+canPro7OsIqumKfy4auQ/fp89t4Ur9pkN4UrUO91/fGlur883+3my3c9PNvpWwrOfvBPXxhaYXViRW2ItVAK35Ut4Y1bvt2ireGJ8u2hhWigbAIZ63ZOGm1lBDXGFjjq9ZMfdpIhz9rvp954036jAwaQOu6Prz6G/t/RLl8TV3f4i2UQZ8583O2d3/075T5e+wKwfPPxq+SJIb7tssnidcGRN1tXvOEx/SUgLNPeJtrMeb4U/ZJpKgPPsikB3TXXXf98Ic/NE0z6XF65Mknn1y7di0bHnpT6K0ZeJhhv3e9UlyR4uxXoeztgJKvQom1alVCT17J6Uy894V9Ws0nvHcJF2MSXhXdNsQX127+BbU89mCaG4M12POZLcJY2BgAAAAgpTSOl05/9ElSwS5+5H/mH1fF/uzvWCV6mGEdXTz2D32OQ6LHsUOvSpGq/VB/c9LPUZzdDXffU5VwB+2+N3azqq/fk1hrIqEwiDXP/TTB6Xf2ksYz0IIP//ApK0fLVoftdPL+Xkx3dzc94vF4rAGsX+jB+ADWmX5/Pb2PzHJBHAJoAMg5+gZPKgDd2trKhmjFDbNof3K5aSf9vrPpMu1fZt2wgmVDBjMzGHFlnq25m8d8K+6uobjt1b2Dty1NDlUpdxatdAe+wN4nil3546RXVT3x+IroCDdRGn7i9Og3grYO9ThxBMaT+kHMXkWHYvHVKOprV92zani36q/48XNrKAn9ZlIzapGJVz3x83gmHo2qeS1vMRvWESE/FlyziTJ9KxbnXUJW3TCMpgn0Gel79JOEjm+SruUMDZ9nVnXt/H6env3gt1awAfL3qN2vsp9bz6yhA1x783Db5ZOfs2+KI+AkvMYCbZ+0xR5IUWzBOm5eXBe7pXLT8drEo+F+Jj2Yr33tay+99NL3vvc9+wGiYRiPPvroP/3TP915551seOhNSeeQeljvnU2KK1LiXs4TttLqJx5KfRXqDG3z9bRWv8n+sffPdG+M4FNZvu36OvtU4uEvr6zyFIttNgc2sfhmQ2/r8m1s04HYq5h14+rKH4v3MVoR/s3ki0mDbQz1r2ayCGNjYwAAAICU0jheih7AJ5ePmzubH0kMeKzC1dd+UxxM/vh7fY5D5laJiPdE48Bnbft+tO2T3tMr6wC4t7SdaAkkZizh+OfAE1WUONPjg7QrEuav+nqV7Q5aXn9j4ddX2Y/faaIP7Y5XBamrocSZjpFSNcHpp3lTbES7a399dzqH1sM/fMrK0fJf/uVffuELX7g10Ze//OUHHnjAGoB+oT+TBqCX0AvZ6C0XxCGABoCc6xtAx3uqTZvV/eDlsy+Lv17mVTg8MxevYFkw9JkZjNX9YM3dK8RfK3gVjlg72cFelRSqinapqRvwDvSqPnU/7GINeEdTbyeEsQOyQfMjkZ5He3Q8v/fVRgp/vzXsUrHRsD6hEIcYedXXE9fo3bFa3rPnL7YOTM+fPkFv8YN0gChi8eih4VyWsXQC6L4fpQwsnj/gehsof7fE1/yKx+kY95OPxPaU+vLJ0IgD+jXPxTf42Q/+Ix2g797Wu22knPTgvvOd7zz88MO7du36i7/4C+sYkX5u2LDhX/7lXx555JFvf/vbbHhG7L3rD684b78KNffBn/PbHVJchbLuyei95yChUX8aU6FTmh+tsE8lWsA9ebOhU6DYZvPp6ap/tF1smLvq6+lMcdCNIaNFYGNjYwAAAICU0jpe4tewo2cQSfdCDXSsYun3BkoW7YvizJsp78vsndZDvDlH7ExBHADbby4UJxfi5lfRUvv6Kms4qwP5x6vSu14uDpZiVThE/Y3Ec7397G57eC1O/VLm5oM2b4qvq0EOrYd/+JSVo+Xa2lrKhV9O9D//5/9cvjx6ZzT9Qn8mDUAvoRey0VsuiEMADQA5l4XvZdH9IGPTbvsfltum0V+eBbdlqSvC7BKHPkw0M4wfpuSyUtg4ZxVus5XX6E88BbZKv0Xz/WFa8aMDmxbyQhzpxlc8v6PLCftpHnhTYt5WovGjxvONx3sPMTOT04DSbuAm8APn7ynHJ453+UF20sHx/GuH1iBc9K9i3TcQY4WV/W4bgzVRsflv/+2/0fHl3r17v/Wtb9E1p4ceeuitt96iRx577DE27olqMFZVkxjR/HwI6yfdqSR+7mbzFjr86lrKzYafxdFZzdwVK+bay4Msp2R58IkNdWNIuBV3EBN6YwAAAJgUrEi39+4u3np3oGOV6N+ZHq6vsXffXdMYbeZstTqKn/QJotYcJbmipXb0qeithLPnpjnxpHsukw6x2IqVKxLKlD3UTxeFQ27eNNCh40Q9fMJh4UhCfzgAkHNWAG0P1zwej9/vT1IhLpMAABAASURBVH8MVveD7/7Xp3baHnuCYmjeFeFONjzxolFZYh361J2JX3tn0fuk3tj34xVWniIuL9sOBUTpBh6vbNtG8cq3eusS7H+cDmLW1A3QCDrlq/pmN+MJP/RZYWt6EG+xyy/v1+9+43G2+xO25vsrWHbwlpWv3r6t9ik+KWYdpz61jY5TH+xtH2E/nJ1/w0K2++QbH31iHQvOpnC29u++eWLYs5ROAN33ozQ0PD3fvftk4taXFaIE9hhHx5eGYTz77LNf+MIXurq66MiSHmHZMBLv3aCSvnO48+fHQq+Snz5/x+3bGntnz7ojdZSN7sYAAAAAKWVyvLTyxweeOLH8qVf3frqJjQh+d2B97e5f7//xI/zPqicO9K0kxo/BeEvtHzPrhO72edtYcjfgA7DOR+jkkfGbLDfxmyxtle3EGWLVprfPRBtr8zPNkTgSH87hU1aOluvq6vbt20fzYH/Q5XKtX7/eagR94MCBF154IRQK2QeQZXnlypX9NYJmuV8uiEMLaADIOVVVk/YTZWVlbAjWXRPtftDO6orwmnVsuIY4M4MRZXaTixpbXRGKG6ms+hixG8mtG6Os0g2zH/x+QkliurJdWx+7d15UJUvsENmS/Co6BOl91Xhw/tlvbotdnLcaKcSrPVi30fUm6eJe+931/Djs8cGO3kStjH7rkCSw7s6z/bkpsS7H/sdrd7OqTY+ssEYsmiTs3h0ruMHf0E8aG4ed+NNnZNB+nxVFSfooDZG4va6+tm+HJ7zus+iAJbmdiHiyb3OSZKlap54+2ciGNHN9S8dkp9h3ryeeeIKOPunIkn5mK3Bk4r0btIPBYb93A+ivifrs2cOoCZPOVOINn1NuNo+JW2KtYWIfn7QnNqE3BgAAAEhp8OMlq0u9xGrF4rC/8aPGgY5VWC70e3tWwjGYaHR8YNPClKdyA415968f61t/I3ZkPlgX7v3MnjjmH3pHizEZHz5l5Wj57//+7//whz+8l+idd9558cUXrQHoF/ozaQB6Cb2Qjd5yQRwCaADIOYrVNE2zPzJz5kyWtnUbb5vGAqd+n9zSeefvTwXYtNs2DjeCHtLMDGb/Yw+ljEdtwR9dDH9uTawXvuXbPllTF6+OSk+JHrpiN9HzHr1iV9R7b+NKTg9FX16L4936ie7j3vxWbg6zsqS3E0JRK2DNc7EZnvvgm29vqordyCau7dtbf4vwl6UXQlkl2B5K6xjLKgMSxw8TRRci0dk4vumArR6cyNpsd/BZRXUX3jCfDQt9RtIJoIfZzYVV+i2p6LZoRsGi78Ig+Xu/I055+SQlXpojZbec1gWGh+Lv1/nnv70tO8W+bX7wgx+8/vrr9JNlTxo9tme7j+zEK1IrHuH1kXu7jsm4G/cBRacS78nn0+e/+VRj9PwnebM5//zq6GZjnRPGs2nrglMMv58gdVWNCb0xAAAAQEqDHy/RyUJyL+K9518DHaukkHgckvbhkzg2ttobRQ+Al8enuE9UHRP1QB5LGJuoVkcHNGyAdkV2sSYvKdJzPtu2nF0sfvxlCU1wBmzelKnMDp+ycrQcDAaZOHmPdzBYUFDAbF06Wb/Qg/EBrDN964UDy91yQRxKcABAzrlcLp/PZ3+kqqrq3XffTfPlO7f/19RVNg78bNOB6K//9eXoL/t/umk/GxqaGZY1K6K3WvXB65R9K/bHyv6GEgdVZx5M/VTCq+j3dKa7InG4Ff1PeKQMsIBpDtBvCMW7fra/kufIPxp8sNQPDuE9ys5apQA6Ly9v4GGcTmckEqGfbBj4annk+TtuXz7vqdhDCylh7y3hwge487F54lbBvs/2i18+uaF3tAs31T3xau1TKQbkcf/ryynf30Zj3rPK/gy9C6uevYOuTkQfqKk7s2cFy7abbrqJZRW9d4O+KVl572z4FandD9XOq7du56RtsuqxebXLY28av5ww3CI8u2vn2UoK8hoaNJVVz6/ufX/sU6HN5sC1dyzvu9nMpUtubN5DvRvGppptsRIc0QI4NNvi9lX71CfyxgAAAAAppXW8lHTMyWyFyOYOdKzSR9JxCM+FG/sUA7Tsfsh+VFS16e1Y25TozPBDsthT0coYdIJw9+Pzeo+mesuRJR3F9TNzogpHY4pOzukY6QBbvTw+5jVPbKp66tX4yqmr2V3L51ZUcUxeV7bCHcOQweFTFo+W77333kcffdT6/Rvf+MZ7772XNMDixYtffjmaDjwtsPTkaLkgDj02AkDOGYZx+fLl4uJie4GkrVu3DqkMdI54vd4nn3ySwfiwnyK23Slq3Y57tC/u6OiYNm2aLA90Z1I4HKbBCgsLGYwlXV1d9P028NEn3rtJIp2NAQAAAFLC8dJElZWj5XniwsKjgvWIFUDfeuutVuKc9CezBdBnEltvZcvkPPBbsmQJywhaQANAzlGm5nK5aI9CP+MP0o7h7bffZqONZoPBOHH+2W0p6mtPCNanY+D0mYl2AXQ5B7d6jSn0dtCbkk6bDrx3E16aGwMAAACkhOOlCSm7R8uvvfZa/F7qEydS9L5ID1ISbf3+2WefsZzBgd9QIYAGgJHg9Xrp8qA9gP7yl79M1ydHtxE0zRXNBoNxIqGMycQSCoXSbOtBGy0NTD8ZjA3pvx147yY8vL8AAADDhOOliSdbR8tutzsYDF4Q7I97PB77L93d3Ul1OeiFLAewoQ4VAujBNe0KLt4TL1QibX/S/WgFy6GDwfXM/UK19Ud4/QZ9Z7l8YourkmXbwaC3zl6ARarf4V7FckisSZbzFQhjEn3p9/T0hMPh+BVCeuRrX/vaL3/5SzZ6aAZytDcCSB99LmRZTnNTpKOclpYWOrqyF7SB0WKa5pAuHuC9m8CGtDEAAABASjhemmCyeLT8l3/5l/v27TMMw/6gy+V64IEHrN/pF3qWJmcfgM6zVq4cbtcofeHALwMIoAemPb05srGFQmePlZnyCHVr4MXVjsNrc7LqrLB7XW3s72bzKMsFkWsztq7WE0u62d4dgZoNgUU5WzSAgoKCjo4Oh8MR350sW7aMrl6m3xthdt122200AwxgVNGxSyAQKC4uTnN4VVXpmIxeguvtYwG9EfR20JuSzsB47ya2IW0MAAAAkBKOlyaYLB4t1woDvHy5wEYEDvwyIDMYQLP+YgtbtFqNt9itXKtuL2cNe7S9bERUuA7v8Piz3PyZUnVKn3mqHk+fyaoNnhOrpYY9kfUHGUAuuAT6prY/uHbt2htvvJGNOJooTZoBjDb6RFgfjfRfQlfa6Xq7pmkMRhW9BUNt+ID3bqLKYGMAAACAlHC8NGFM1KNlHPhlBmn9gC6YDYwtSnhIfXSL+ijTmpopHY7XlJCPbOUNioU+hSwSKl0kPJv4cunPy83/2cIf31kX2FlnNU8WTZWXKv4Nzmiz5aVKPdNrjqWcVrRds/XU9lrpxTqjIfpa+/xoGxNT9bjKtW7/WrZ3V6iJxSLv5tDNW42G+DiTq2dYLcSjf/RtPW2vXkLPvs6G8FqYkIqLi1taWoLBoL3awH333UcXD0eyHfRtt92G9BnGAvos6LpeWlo6pFfJslxUVNTT04ODntHl9/vpjRi060g7vHcTVQYbAwAAAKSE46UJY6IeLePALzNYXwOqtto7920UrFb25rDmxq06q/X4d/B/9UvNmg3Bp5ujz1ECS+nzutizJ1azmg2BxLHRy437+LPun23hbZCZqIxBA9ubJ/c6pr+yTIztSXkRM2s2U1gsUFJsVYveYT0r0udUI9h7iBJh6YHqftPeVWtj6TNF51sNttphzby/lm3cGrh5V/xKFOXdkY0sNsUdyo17It74/IiaHqKcSHTZtzdHbKW0Rfocf20tb3ltGzNMZCUlJRS6JRVmojj4T//0T0fgNiuaBE0I6TOMBfQpoM8CfSLY0NGW7HQ6fT4fg1FCK5/eggy+tfDeTTwZbwwAAACQEo6XJoCJerSMA7+MIYAemProFsqUeZNk7wb+L2V5ikWrHfGweNUGZR1lys+IHLY5dM8e0/5s5Vq3GFvQXsFjXe1Quv4rl39oja3CtX0pYy3mSfHX3l0UN0v18WIdFa7XV6es2a81XBTzPHg3gOH1dSZbqvQ2TK52ixodmhWv793BW233TpE5X6BMvMW4x8qRm0MbjyWtGQel+THGkRa26BalMjZmiqFfrzCaGEx8qqqWlZUFAgGK3uyPL1u27Pvf//7tt9+eo69yGi2NnCaBus8wFtD2T58C+ixkXDjMKhtNl98ZjDhrtadfuTsJ3ruJZJgbAwAAAKSE46VxbaIeLePAbzgQQA9u1YZ46+ZoEp3YVjepNbHzPpEL72pmTQfNhj5tjVcto1zYfKU3yJZumsmGYIZUGfv12goeMTfwODj8yjHGlsr2ILuyWlqUxvh4G+0NgcR/Ih8/aPBeCpcllO8Q4zRfPKilnCKrUB4oZw3v600s5bKra2+JZ+J8LSU1La+sdlYymBQcDseUKVMikQh9fZtmvF08c7vdd9xxx5NPPvlf/st/ue2222bPnk2pccbdH9ML6eU0EhoVjZBGSyO3l/4AGBW0zdOWT9s/fQros8CGgfJrGhvahowwWuG02mnls2HAezcxZGVjAAAAgJRwvDROTdSjZRz4DROq7g4BT6JFZYkaSk4r1NQlMqxcWNRoPtnMi12wEdBsHu37YIV0I8XTyY+qi2ZEWAuPrVeJRtBW3eeY3rrMTc1syFO0GXTZeZ+Hu4KLRbVrrlw+keW+FmFMU1W1vLy8o6Ojq6vL4/E4nQmXOq4XGMCEEw6HrV4Hh1r3uT90AGR9juhyC3phzjVN0+jiAX1fZaXVA967cS27GwMAAACkhOOl8WWiHi3jwC8r0AJ6yFatlRcxdrS534LFInvlrBbKI0Fkzcn6yYitJtiiFXNfvDKGpbJi6FO0SWfZefa9I1bPusVYbKsfDZNEsUCRHO1UQqGQvTU0wERC2zZt4bSd09ZubfYse2hs+fn53d3dSbcUQBZZ7dZpJdOqzuLbh/duPMrRxgAAAAAp4XhpXJioR8s48MsiBNADiZan2BFOePSC2cDYjRXxyy9JYa6oTVEura2wF6zoZfUBeF8/racrBy/NnJKo+3HMsJeWFkUwUon2rKg93aeNc9MuXnYjNpi8jrGdhxKW3VZYI8UUWbP+Yqyyc6pl13a9H/u+4F0m2iqZWBWrRd0SmGxcLteUKVMKCwt1XafLmz09PcFgkC4wGoaBwwsYv2jrpW2YtmTanmmrpm2btnDazmlrp22eZZvX6502bZosyzQhOkKiaTHIElqZtEppxdLqpZWc9SL1eO/GkVxvDAAAAJASjpfGsol6tIwDv6zDLQwDqVzrPsGCi/foFJXG+uITXfMlJsgNtoocVtd82x8W1SR4rkov732WEu2aYwP2OjiT57aiefXQ3hreLvuYUbM5FC1kIfo/7GdY9dEtjG2ObNwaOFLriRcS4aVFjkmLKJuONoJ2vlDDepexAAAQAElEQVQb3FlnW/aDtCy8T8VHRUrOu1vcoPdOkdbMVqOhXD5hDcz7SEyoVbJ3R7S4h+1Z7elqVYxNZNPl8toM83cY99wCBXYhwcqgTYEBjEOSoAp5eXkUOtOBC8slGr/VQMC6RE9/WlNXFIV+z7iW+iRkXTygI05NoN/pcJMuHuTuvj+8d2PWyG8MAAAAkBKOl8aOiXq0jAO/XMN6HAQvE1ER9NZFvHsi0YeWKv4N9nq10vYnVfZMwFsX/bN+R2++HHt5rNIxf9azaoDpxTJr7x5t+5PuR9MPZCtch3eE12/QF28I8D8pCH5SvmerwSpSRh6UQauPHrTPmHjJDtdJiqHjMXG12z8zdPPW+LLTknpss+R8YYd20+ZIdIqMUTbtX9u7RSVXeV6qnFhtLN7T+2w9TWtrYGN86qgBPenRzsMjMADICB0eFQrhcJiu5dBPupxDR1G4lpM+OoRVBKfTSYe5SRXqcwfv3Rg0WhsDAAAApITjpbFgoh4t48Av1yR8UIejiQLWPWxoSfGIaabs2LjR1sYZAAAAAAAAAAAAIANLlixhGUEN6AnCKlfdW1U5VhDjh0ifAQAAAAAAAAAAYJSgBMcEwWt9VNvLZfQtFQIAAAAAAAAAAAAwolCCAwAAAAAAAAAAAAAGknEJDrSABgAAAAAAAAAAAICcQAANAAAAAAAAAAAAADmBABoAAAAAAAAAAAAAcgIBNAAAAAAAAAAAAADkBAJoAAAAAAAAAAAAAMgJBNAAAAAAAAAAAAAAkBMIoAEAAAAAAAAAAAAgJxBAAwAAAAAAAAAAAEBOIIAGAAAAAAAAAAAAgJxAAA0AAAAAAAAAAAAAOYEAGgAAAAAAAAAAAAByAgE0AAAAAAAAAAAAAOQEAmgAAAAAAAAAAAAAyAkE0AAAAAAAAAAAAACQEwigAQAAAAAAAAAAACAnEEADAAAAAAAAAAAAQE4ggAYAAAAAAAAAAACAnEAADQAAAAAAAAAAAAA5gQAaAAAAAAAAAAAAAHICATQAAAAAAAAAAAAA5AQC6GFp2hVcvMdMeGip4t/gZFkSG7+0/Un3oxUJT+3dEag5xlI+NcDYdlWnOzAAAAAAAAAAAADAMMkMhosiYI9/h/hXK7FjundzqIlll/niQS3xkfArx9iQUGC9eA8DAAAAAAAAAAAAGDEIoLOq2l2/lLEWc1czyx5pUTlreF9vsj/WbB5lbFG5xAAAAAAAAAAAAADGKgTQaWgO3bwh4I3+Cz49xHB57474awPeHWHxmPb05uRRNe0K0gA379L6juGBW6SkULvpoNnApAdu6TPowaDXNqt7o4+G12+w6nWYG7cmTDfVvPW+hB6xz1X/AwMAAAAAAAAAAACkgAB6MBTpbjXYaodVZOPEakYZ7vqD/Q7Mc95yaW20zjIPmmuOSfVWgY4n5UXHdBHdqo/eJSUW1tB2vS9qPa9NVZW7Wl7Xd+Cl8trEoXhYXGeuq/XEZ7VmgzWrzhd2eHjT7Gi1EKsMdOK87XBsv6jbMmvhmH4PU+nZw2tVUXK674IAAAAAAAAAAAAA9AsB9MDC6+so6lUOx3LhyrXq9nK281f2Ks9Ws2Lxr06EyA+7Kq1nmvUXW9ii1eoq688K5YFySnUNHvLyTNlWWCNpyGTO+5YmD7xuWWJXh82he/aYi1Y7XqhmsVnl9UB21iVmyjFNu7SNLbwDw9gU1Ue3KBRz19hj5XL59eiCaw0XGUXesQVxHaYYehlLOWYAAAAAAAAAAAAACwLoAR00drKkqFddm1wQw9YJIW9obPY2kRZB7eHeRs3qohnxVzl/uLp3PNGSGtVqfzOyalnywPdVJwyQcgz8Vcx8JUV7bdGGureldnSWKOaO5uOWGVKlfamP6QkVQqqd/cTlAAAAAAAAAAAAAJzKoH9NIvDdWRfYWZf81JELlC+neMmqDcq6DfrOX4V+WG21gw6vpz9TDMgqq6VFe4wXD2qPrjX+eg/FwfLaCtavanldnS4GZqL+hkLhb5Pt+ZPNvPE1S5dxpIWxcpa+yrVuf0XQWxfx7omIB6T6HW4E0AAAAAAAAAAAADAABNADqRSJ8LpazwvV6b9Ivqlc39linqSXH+RFmSlZPrElWpRDVFKODcgrchgb39ebKkzezvquWOGO1Jz3LQ3spIGrGa+/cZcz6elrKyR2jA1tJtkQVbv90fXAU/WaDUFk0AAAAAAAAAAAADAAlOAYkKjUvPPQkHrbsxoXS9dS3HwosSR0Mquah7FYVI6+b7CM26rC8de7UtTfYFZ76oSOCjlrBqyBeUKdPGl7IRESfuWYrdBzAkqcA7ZeB50v1PZX3AMAAAAAAAAAAAAgCgH0wETSaq99fDAo+hsMPt2c+gV7d+jx5sxWCebeUPhgsCaxkXLlWh5wc6lj30Q8DTd3HjNTD1zhen211LAnsj4WCjft4pNbVxttpCxac5u8ckh00ur2cnPj1ngXhdrTm2nOpfoNzlTTFhWrj+nxkdujbQAAAAAAAAAAAICUUIJjMNVu/8zQzVvjtY/7VuTgvQ5u7P1T2v6k+9GK6GtPNAcX74m9tlyuX81q9thfKwprHJO2r3WywVkDJ3WK2CtWpjlesVqq3+FZZVuQ+kOBGv6sVb5ZfXSLumhHoGZDIDrAUsW/pd/ZoJGfYMHFCSNH/Q0AAAAAAAAAAAAYiGSaJoNRI7ootBWJBgAAAAAAAAAAABhrlixZwjKCFtCj6qCxk7FFtyiVDAAAAAAAAAAAAGCiQQA9irSnfyV6KVyLdwEAAAAAAAAAAAAmIJTgAAAAAAAAAAAAAICBoAQHAAAAAAAAAAAAAIwtMgMAGBlNzyyvSGH5z86xEXfuZ9F5+e5bDAAAAAAAAAAAcgQBNACMslN/c1vFI/sYAAAAAAAAAABMOAigAWDE3ftSc9RLNdYjr215pokBAAAAAAAAAMAEgwAaAEbRyr/6wQLxy6kPT4n/v/XdeGWMfY+I32KNo+NFM/oU7tgXfc0j+6IvSVlbIzZm+zgBAAAAAAAAACCn0AkhAIyifX/7N1bwvGDJgoQnPtq+vL4h/te5Z75y25aGhAF44Y6Gl5p/srL3odfuv982QP0Dy5f8/sDDlWIyj1Tc/xqzD3kbAwAAAAAAAACAnEMLaAAYca/dH2uKfH+9eKDmxWhSHHeKfeNdq0rHT1ae+9n9Vvpc86L10LubF1njeT2xJfOCzb8XT8daVW/5B/H8W9+Nps+LNkfH+WINAwAAAAAAAACA3EMADQCjr/6B5IoZC+69c078jzujNaN/+lXr7zl33mtFzB+darK9ZtE37qwUT39nsz1g3vcrK+VesLnu4eg4v/rTl+5lAAAAAAAAAACQawigAWDE9XZC2NsYuf6B79qbM9+woDd/nlM5R1Th6K3hfFu0cEescnTf11g+OnWOnTv1kfg9Fk9bVt6FRtAAAAAAAAAAADmHABoARlVvY+TE5sx2vP/A5BrQAAAAAAAAAAAw9iGABoAxIrE5c69zz2yP1dD4fbTZdKzKczrmLLhB/L/h5V839T4aq8sBAAAAAAAAAAA5hAAaAEZVvIdAVnPPV1MOcerDaNvnGxZUWr/s+9u/OcXSFqu2cWpL7TPnkicKAAAAAAAAAAA5pDIAgBH22v0VffLfmhd/ujL10Cv/6gcL6nniXH9/RUbNlnmVj3qeODdsua1iCwMAAAAAAAAAgJGCFtAAMOpqXmpu/ulX+316zncOJNbcqHnpxaF1IbjyJ729HXKLNr80hCIeAAAAAAAAAACQIck0TQYAAAAAAAAAAAAA0I8lS5awjKAEBwAAAAAAAAAAAADkBAJoAAAAAAAAAAAAAMgJBNAAAAAAAAAAAAAAkBMIoAEAAAAAAAAAAAAgJxBAAwAAAAAAAAAAAEBOIIAeRNOu4OI9ZuJjUv0O9yqWvvD6DfrOpYp/gzPx97QdDHrreudhXa3nhWo2hBke6uQAAAAAAAAAAAAAsgEBdDqk7U+6H62I/sET3g2BEUt1rUB50WrH4bXizeJhdOBoc+xPNtgM8+F17+bQiS2uSgYAAAAAAAAAAAAwcmQGQ1S51u2vldgx3bsjzHJO2/W+ycrl1+Nxc7W7filr2KPtTXMEYnjWYu5qZgAAAAAAAAAAAAAjCS2gM0Kp7qFAzTHj6WYWbxm9dwc9EhsgzfbRCbU10q3ssWqDx8+0JgqUK1iGBpxufwsi2mKz7U/KR7bqO61XNYdu3mo0xMZjbycOAAAAAAAAAAAAgBbQGVq1TGLMfPGgJv7Snt5MoS1lsh4//+fYflH3bggO0khZpMDramMvKTdrUrxEffQuibUY9+zSkh6vTDPqPRjkaXK5tNZWQsQ2XU/9Uj7dp6PtoxMX5El5UXJDb3PjVuM+/mw0fWarHfHxbNwaHw8AAAAAAAAAAAAAWkBnbKa0iJkNzQbjka62sYW3/421I1Yf3WIc2aDX7AgP0A6aN2Fm0n3V8Zeoj7Lw3oOMJXUwWO32M4qMI949kVSjSdnumLLgwEb7MA/HCkA3h+4RFaXj3Riu2qCs26Bv3BV+lGa1WX+xhS1arUYXpEJ5oNzYeMygWDzeRHpdbWwxL5gNNOZqNTYe3i57LyXyFdioAAAAAAAAAAAAgEML6OGzyjT3NjEWnPctZUxEt/2prOYRds3mUJPtVauqkwfbuyNgb7DM/9VKjAfB1p8pq15QKt07vGibHFh/kD/RdJCnxg9Uq6lntcJ1eIfH1r2humhG8phvmhn7tVpex5Nue6ttdVU10mcAAAAAAAAAAACIQlyYKd7+ly2qoATfONLCWDkbMp72htdv0BdvCFgPUKb8QlIA3RzaeIzZGyxnwGrjvPNXoR9Wu04289LPie2joxqa2SqeZfNZ2pnWiJ0v7NBu2hypic0/zactvAYAAAAAAAAAAIDJDnFhhvYeoiTXakqs3VSeZmLbF2W47AVrhDsCNXWU5CZm0CLmXjfcohYyn8MW8yRj11ZI7Bjrt7dAq3PCcvnElmjJjoQOCVOwKodwoovCyM2MIYMGAAAAAAAAAAAAC0pwZMTq2W+pLGJcde0tEmsxdyX0vxd+RQywqv9x8Noatl4HeTtlxnYeCicMxCtNs6PNCT0QWsWje0thDM5qoy1dG6v7Ees7sc8siVS9t2D0gHhnhr29F7LKter2ctbwvt7EAAAAAAAAAAAAADgE0EPGg9c6ky1V4h0MiuzVXg1Ze3qzvpNJ9f33QEhWrZV5DegdscT5oLGTsXXLEl9S4dq+lDXsiVgVnMVgwcW8F0E1dRPmVPbu4A20190lYuUK1+urJfsIRY4cjcJXLZOYPZ62cvZ+VK4VNaCfidWwtjowvEWpZAAAAAAAAAAAAAAcqiWkw0wsmizV7/AkNm3mlSgW7QjEqyHzeHqLc5CxVrgOPxm6eavuHaAGNG8Z7fHzyhiBnXVsgMEGnmF7zY3KtW5/hX2EvMfC6LPV7hPNvJKGd0+E/1ku169mJzwttQAAEABJREFUNXv6m4rzBUrPbTWsUQMasiUcDodCIfqpC6ZpspEiSZIiOJ1Ol8tFP9loGMU1kDGsuqEaI2uM5XKlTYZlHI/wac3M2NmeAQAAAADGF2mSn4MBwNihaZpfkGVZFeg8n36nc342Uugr0TAMikI0gX73CjQzLPfGwhrIGFbdUI3uGmMjstImwzKOR/i0ZmbUt2cAAAAAgNG1ZMkSlhEE0AAw+ug0vqurKxAIuAQKI9jYQEFDSPB4PIWFhRSRsNwYs2sgY1h1QzVia4yN3kqbDMs4HuHTmpmR3J4BAAAAAMYCBNAAMF75/f7Ozk4KI+gcfmy2gKPvSUpMKGUoKiryer0s28b+GsgYVt1Q5XqNsTGw0ibDMo5H+LRmZgS2ZwAAAACAMQIBNACMSx0dHeFweFzcwmzdNu50OouLi1n2jKM1kDGsuqHK0RpjY2mlTYZlHI/wac1M7rZnAAAAAICxAwE0AIw/ra2t9DMvL4+NHz6fj36WlZWxbBiPayBjWHVDld01xsbkSpsMyzge4dOamaxvzwAAAAAAY0rGATTK1QHA6KBIQpKkcRdJ0AzTbFt5yjCN0zWQMay6ocriGmNjdaVNhmUcj/BpzUx2t2cAAAAAgAkDATQAjIKOjg76OU7LZVqzbS1Cxsb1GsgYVt1QZWWNsbG90ibDMo5H+LRmJlvbMwAAAADARIIAGgBGmt/vD4fD47pBHM08LQItCMvIBFgDGcOqG6phrjE2HlbaZFjG8Qif1swMf3sGAAAAAJhgEEADwIgyDKOzs3MCNIijRaAFocVhQzRh1kDGsOqGKuM1xsbPSpsMyzge4dOameFszwAAAAAAEw8CaAAYUV1dXS6XS1VVNs7RItCC0OKwIZowayBjWHVDlfEaY+NnpU2GZRyP8GnNzHC2ZwAAAACAiQcBNACMHE3TAoGAx+NhEwItCC0OLVT6L5lgayBjWHVDlcEaY+NtpU2GZRyP8GnNTGbbMwAAAADAhIQAGgBGjt/vd7lckiSxCYEWhBZnSIU+J9gayBhW3VBlsMbYeFtpk2EZxyN8WjOT2fYMAAAAADAhIYAGgJFjpRIsV/Y/Nm/evMf3sxGUWS7DYJysuvPP3jFv3h3Pf8rGgozDWTZ+TIZlHI/wRZcZBNAAAAAAABYE0AAwQsLhsCzLiqKwzHz6/B0p8uXzz69OfPB443n+Px5G3/HseZZjtDi0ULRo6Qw83DUQJXL2mMf2seETMetj+9mIGo1Vl6akjafxo8bUw43wehvSGmNZXGnWRy9u9fO5+1yN+DKKL5DkJUr5YF8j9CVj0+frLv1XDm9bHelPa9Iml6Mri/sey/XlpaFuzwAAAAAAExUCaAAYIaFQKAsdUtXX9h+5rvjxmTNn9jw4m40oWihatHSGzM4asBaTPLeGjXMjvuqGbPa33qQ1/eOVbIxIf42xLK20/Y/Pm3f7tsXPnYmru37b8ixd+Uhp5JcR0jHyn9aqJw5Et7m3N1XV147w3S3ZMqTtGQAAAABgokIADQAjJBwOZyWV2P3QWCmJYKGFSr9hIMIyO6y6oUp/jbFsrLTzz95RW8/WPJcQwa/40Zm6mhx+DEd4GSFNo/lpnfvgphq6+rhtTH3zp2lI2zMAAAAAwESFABoARoiu68OvBrDmubo1rHHbt1PeHd/v/eni9vPYPfUJN3dnIUSjhaJFS2fIrKyB/onFT1GaI7parJUQfdy2EvrWEIiuruR6C1bBgecf6/+FQzWyqy5h/STNPG/nG1tz++1PJN2kP9B663f8CetzeK04019jLAsrbf+PnmpkNXV9G4Cv+JH4GP5kP//DWkXPPpatz9TILuOgBt/sbe+vbdmjW44omBP9EKUunmMVx3i+dyQJW2Dqkad4tk/NkAE/4xkYM190KdftwJ8y+5rvb/uMfn7FuurvuzQTQ9qeAQAAAAAmKgTQADBC6CRclof/nbPix8+tYZ9s+2bakQoFE8ufalzznKjOQcmFvZ7Ac4u33T7cfIEWKv1cJhtrIBUeNi3fdn1d/I71Ew8lpjD1td9kP49WkxArgcVub/85+yatn/iAYnWxTW9bTx7YxLYttwVbjU99dLf1xBNVjU8tHz+rjhKl5dvYpgOx9cOeWh5L5XjYVFu/Jrbu7n5jXu3ulOMYaL31O/6E9TnsSgLprzE2/JW27w1aD1XXzk/13PwbFtJG9cb+6J+N205Gt4tNCxu33T6sutgjuozpGWCzpz+tT5Z4liV+n9CqeOPuaF0gykBrd9fEtrLn1ux+yD7k7lejI6Fkf3dt7BNH10VsH8afs28v3/ZJ76TFs4vrEkqjxNb8gJ/xzIzmF92nz2+rZ6xm04Nz4w/Z1y3/CNtWxYFNx2vn2VfFvNoT8Woe4js/1dUjWrf8S+DNbzH7Z5ne8cR3asiGtD0DAAAAAExUCKABYISYpilJEhu+lT+uq6Hc55vpNLSMp8+iFef55/9ud0KLTjGq3X83rE7VaKFo0dIZMmtroI/9P9nWyNbU/WhF9O+5D/78iaqEO9YXbvr5t6zi2GIl9P7JyxzTSog5f3o+BWFvxoKe2avuqWKffHQ69nTVE4+viL5q0xrGTpweVsvKkVt1n56u+kdbffC5q76+kDWeFIu170cU6q157scrooOu+DHFxClGMeB663/8p09S8Le4ylqfcx/kJaUfmc8ylf4aY1na3hbPT1lTfXbV9fY/qzY9ssJ6/MHv8+2icRiNoEd+GQc10GZfU/dm7ybx800LE75PererfYynpfFP6Mq7E8ezZlN0JCsefyL2iROpa9UTP49/GB/cU9db9108a9turWbpu7dZDXgH+oxnaOS/6CjcjzZCvp2+39iaO1fYn7Wt26SP8OwH/5E+wqlXRWz38aP9vWOKp8/WGE5/RCn/9VXWC6wq8I9XZf5FN6TtGQAAAABgokLlRAAYf3jUUl+77dvPr9qzaoDBKL9YzmwVbD/d+yolC5/UzqtPGpDHPSPcdWFW7X+DNw+8e4Xtodmrvl711LZX955/8Fvi71ieYsUrVU+ssi/v/GvjievsFSt5y8rahFW0uL8Ji4x1PKy5uStWWE1Q7Q+KCPX86RO0jdxtrzIxt4oW+ETyKAZcb/2P39pWa+fxZ6qeOMDDyrnjaVvjIenKvjN8vvH4AC9q/IjywrlsorJv9oktxPkFm21Pxb9Pqm6If7BWrljx6fN3iCA1rqrfKfAEfwVfi1WbEre4GyjgFr+d3/sqjarxoXnJrfXFZY8BP+PjRvTzIvBLiQ/NO9H7SO+63f/r3X0+wnQFaNu21/eeX8Ve7bMqVty5htXvfmOfFTc3brud7yVi6TOzbrLZ/ZC1m6ja9Da/Gjd7XH1mAQAAAADGILSABoARktWGYKKZKi/EcXqAgaoW8ohi96/3JzwYvxe71+Pzh9FgM/3mfmOiKdynjScGejqpHgW/A53lzMitOl6ixFYAgVeKiD4jWiinM4YB11v/4+fbaqzqQrRF5zBKcAypbelwV5popRttJ55MtBJNvOaRLSO6jMlNubMiVQPwxJoYotTGIMSlkYFVxapz2Dwy//wgn/EMje4XndW6vJEyZZZdVVX8o0p5tO2xldGPbF0NxdPDLQM9Mo30AQAAAADGOATQADBCFEUxDINli6gy0fhUrb0oarJ7fk6pH4tX3bUKI6SIMGbPHkZrTVqoNHvcGuYaEL1spexBa8XdNfaCvGJg3kCy6uur+jTcS7USekNY0Ug8XnAg10Zu1Ym1ESsTkYA3h0yKn1LmdwOutwHG30ukWjzQr3+DZSr9Ncay8IkT5SDqa/umb/sfr9096PJmamSXUTQN/uTVvQkfq4QiDANLDOjP7329kS38+qo+3ydWK91N3xpCQ1p+EwNrfDVxi/vokwGeFebSt9mAn/FMjdindahSfYTF99g9q1KuiqQW01//xzO8EFOqQs8rfhS9mJR0FXNIhrQ9AwAAAABMVAigAWCE0El4dvtistrEDYJSv94MWhSo/WTb8ngTVN4/1bx5q4dVA5oWKv1cZjhrwIqctv1kv/grWtv0cRGjrHiE1zytjS/Xp89/86nGxD67ekdjrYR4L46Ua/cW3BDVJ3rzGms8OTNyq24+X6x4Wnf+2W/2XrdY+TgPmB6K95u3/7HEOgnxcQyw3gYY//7HE1pQ8hxw0I22f+mvMZaNT5xVOzgpm7MqtKx57s0Hc1NkY8SXcdMa+lh9u/dLQMTrtorqA6uvvePZhPd9zfcf7BsziwoYvSGpmMRg5j64KaHY/fnnV9teFX22t0dEa0sTMzPgZzxTI/ZpTclatzxT7vtc8kf4/PPf5jXxRdyfvCroO7+2PvkaGwXNtu18v9grxMcmau+wzA1pewYAAAAAmKhQA3oQTbuCi/ew7U+6H62wPxxev0HfWS6f2OKqZKNIzEb8r6WKf4Nz8BcdDHrr7PfGSvU73KtY9ojxr6v1vFDNAOycTmckEqGfLGt4Z1Ovpo4LbXgGzebxmp68oOeZt2+44/Z4GWh+D/swczRN09JcqOGugbkPvvncR/Meis38wk0Henu9e/DNM6ueX7183rzosGueO/Pmyn7GQyuEr4Tl856KjqfuiVdrrd95vYg6Nq92+bxt4s+qTU+s2fYUy5GRW3XRbaB3kTfVbNsWfW72g3vOVFGoGqumu+a5ujUP1Z5IOZL+1lv/4+eNKO98bF5vrV5ebZZlKv01xrL0iePz/8jzd9we37LEhnfmwdzVxB3xZeQ1Uu5+fF5smx/aAlY9Uff112Pve//fJxTlH2C8inF0M6jZtGnhtlfZYHP2ozMHrr1j+e2xT+MTdZter92W9Gx8nPbZHugznqGR+7TG8JI1tnnureafjH+EVz17R+/XX03dmT0ror/zOw/ufmzeIO8Rz6Dpi49WJl+NfHuIfyHwsaV5NSKVIW3PAAAAAAATFfrmHsTYDaCbQzdvNRp65yGdWYoG1vZ0eO+OQM0xtmi14/DaLF2NQAAN/QiHwx0dHYWFhWxi6erqKi4uTidimKhrIGNYdUOV/hpj43alTYZlHI/wac3MkLZnAAAAAIAxbsmSJSwjKMExXjUdNBuYtP3heNzsfKFWYi3GXx/s7xXa05spfZa2P5kQDa/a4DmxWmrYE1l/kAHkFJ2BG4aR9VuzRxctDi1U+g0DJ94ayBhW3VANaY2x8bnSJsMyjkf4tGZmqNszAAAAAMBEhRIc2ULxbmRjS/SPhAbF0RbBCquLlcsQtTJE22qr+XlyEQyrVTKzDczSUe32V7OmZi3123pQo9lbtFpNbMrNVa51+9eyvbtCTSwaZ9vmjTFbq+pYe3D5yFaeZUdn217Tg+Z2WfL4+18c0SJ7qVLP9NgA2a4HAmOM1+sNhUL0k00UQ12cibcGMoZVN1QZLP64W2mTYRnHI3xaM4OVAAAAAABgQQvorKAgNbKRySd2ePz8n3Ljnoh3M+W5vXbWGfeJZ0+sltgx3bshcFVvi+0AABAASURBVA9TrYHXMbOmd2AKsimupRw2Oqp1NHDiqCyVa2V64cZnkp+qrEh9UWHvIcqIpQeq+73ksGptNGWmvFikzLEZaDEWJ8yAuXGrtSw8KaZImtJnCtz91tJVGIkFptNYnGP6K8vEs0/KixJWBUxAVioxYSr/0IJklsug9hFW3VBlsMbYeFtpk2EZxyN8WjOT2fYMAAAAADAhIYBOB0WuAYqMbf9sXf/xxFY0B95iq4ZBWWqLcc8uLT7MotWq1bBXBMdE2h5tIu38IUXSLeauZv5H0y5tY4u0/cl4K+ABCms4X7DS4Q1J8xb9d7Nt6hQEN1wUs1HBBhN+5RhjS+VYQ2nnfUtZfPYs62rjsxf+6z0mW6rEm3tXrnXXL+0dMq3FKZd/aJUEqXBtF9M6yWDCUlXV4/EEAgE2IdCC0OLQQqX/kgm2BjKGVTdUGawxNt5W2mRYxvEIn9bMZLY9AwAAAABMSAig0yHFmgPH/ynrep+NJrYJhSMqlAfKWcP7elPsgRt7GybLN5VT6ipdmzAJ88gF+qntet+kp9baY+JqHljvPBROnqmDQa+oX5E8V7FHBu5UkLdcTs6sg3v5M5Rre+xFP66tkBJfKt00Mz4PBu/ScFlChZBVy+LDp7c4M6TKxGk1NDOYwAoLC0OhkKZpbJyjRaAFyaCjrQmzBjKGVTdUGa8xNn5W2mRYxvEIn9bMDGd7BgAAAACYeNAuY9iazaMsW4wjvIo0b9Sc/MxFs4mxyt6/tad/ZfLqzGmWh2bqohkR1sKz3VUiDrbqPveOzVbAus+fREo50qZBkuL0FwcmEVmWi4qKenp6xvuZud/vpwWhxWFDNGHWQMaw6oYq4zXGxs9KmwzLOB7h05qZ4WzPAAAAAAATDwLoYauQbmSsgWWFfFO5vpP1dvrXP5HtLpUGG6wXb5h8zHzxoPZoipbRVlIsNIdu3mo02DoDtDoeTKlykIIe6S8OTC5erzccDvt8vry8PDY+0cw7nc6Mi3tOgDWQMay6oRrmGmPjYaVNhmUcj/Bpzczwt2cAAAAAgAkGTTOGT1RJPmbstT/WrL/YwhbdolSyIVHX3iIlFVzuh6jjIdoR2ybK22IvqujnPa1Wt5ezhj3a031G3rTLiJe0bjpoNiRUeR5QqvIgordDS/qLA5NOcXExE23E2Dhkzba1CBkb12sgY1h1Q5WVNcbG9kqbDMs4HuHTmplsbc8AAAAAABMJAugsWLVBWcfMms2hpugD4fVbjYZy+fW1Q25gXrmWYmJz49ZgLM7Wnt4sCjTvSKoBrT56F+/Nb3Hv44NOVH10i0OMPLDe1gfg3h2BxXvYovLYDFRLi+yZcnPonj0D9GIvelA8psc7PGzaFaw5lsHiwGRUVlZmmqbP52PjCs0wzTbNPBu2cboGMoZVN1RZXGNsrK60ybCM4xE+rZnJ7vYMAAAAADBhoARHVjhf2KHdtDkSL3a8aLXDvzazdUsxsbpoR6AmXje5XD6xI1UJi2q3vzq8foPujQ+5VPEPUhKaj/zRg0FvXWBnHbOP/yRN0arCUeE6XEsDxEcr1ddKNXX9jpHXkq6g4SPePZHo2GrZ4jpzyIsDkxKdpXd0dHR1dXm9XlUd619Hmqb5/X6n05nFpm3jaw1kDKtuqHKxxtgYW2mTYRnHI3xaM5Oj7RkAAAAAYGKQTNNkAACjh07aOzs7XS6Xx+ORJImNPfQ9GQgEQqFQUVFRLsp6jv01kDGsuqHK9RpjY2ClTYZlHI/wac3MCGzPAAAAAABjxJIlS1hGEEADwOgzDKOrq4vO4V2CoihsbNB1PSRQYlJYWCjLuSpbNGbXQMaw6oZqxNYYG72VNhmWcTzCpzUzI7k9AwAAAACMBQigAWDcs25hJnQarwoUT9DvI9lWjr4SKSKhWEET6HevMDK3jY+FNZAxrLqhGt01xkZkpU2GZRyP8GnNzKhvzwAAAAAAowsBNABMHOFwOBQK0U9dGMmvKUpAFMHpdLpcLvrJRsMoroGMYdUN1RhZYyyXK20yLON4hE9rZsbO9gwAAAAAMCoQQAMAAAAAAAAAAABATmQcQOOeQQAAAAAAAAAAAADICQTQAAAAAAAAAAAAAJATCKABAAAAAAAAAAAAICcQQAMAAAAAAAAAAABATiCABgAAAAAAAAAAAICcQAANAAAAAAAAAAAAADmBABoAAAAAAAAAAAAAcgIBNAAAAAAAAAAAAADkBAJoAAAAAAAAAAAAAMgJBNAAAAAAAAAAAAAAkBMIoAEAAAAAAAAAAAAgJxBAAwAAAAAAAAAAAEBOIIAGAAAAAAAAAAAAgJxAAA0AAAAAAAAAAAAAOYEAGgAAAAAAAAAAAAByAgE0AAAAAAAAAAAAAOQEAmgAAAAAAAAAAAAAyAkE0AAAAAAAAAAAAACQEzKDwTTtCno3BGL/gk83Jz2V8EgONYduFvNw8y4t+amD0TlM8RQAAAAAAAAAAADAKEEAPTDt6c2BxXvY9ic9/h3834nVbOPWUc55G97XmxIf2XvIZKPqXJv5vw7pDAAAAAAAAAAAAMAGAfSAmvUXW9ii1eqjFdEHKteq28tZwx5tLxsdi8ol1mLuSmhzrTVcZKxcWsRGTd3vtAd+Hg6j+TUAAAAAAAAAAADYIIAe0AWzIfkh9dEtHv8O9dqECDi8PlajI7lx9MGE8h2x2Jo3rLbV7kj9Z+qM+xZpHTNfPGibikjJ190iJQ+ZetKx8W8ONVkD7AgPNvzgdIP/NEa5HTYAAAAAAAAAAACMLQigB1RttXeOrD+Y9IRaWRH/3dy41bhPFOioX5owMK8QXWeuq+0t31GzISCeVR+9i/Ji88gFMZxIkFlvrGwcoT+XyqtSz5Ny39KEKhxNBykll+6rThio/0nHtBiLD8n82Q3OvsPXLzVrRqy2NQAAAAAAAAAAAExQCKAHxts7U6y8sy7aNLhPEs2tq3VbYfGqtfIixo42ixy5OXTPHnPRascLsWi4cq1bjEo0Lp4p9Q7J21lL6yhWbhYNiZvNo4wtquj3rVm1zF6FQ9v1vpmcVg886SipXkTPKYdftUFZR8H6rjADAAAAAAAAAAAAyBQC6MGt2hBvFxxNohPrbEg3zYz9WiHdyKI5stUw+YFqNWFUy3jD51coxa5QHiiPNmTmXQgulV+gp44Ze/t5YYJqubcKh1V/Y5nT/vwgk7aUS9cONLzzvqXMmp+UOgPm158Jr/qHkPVv50HeA+FdPwnFH3n5P9AnIQAAAAAAAAAAwGSnMkgbT6IpL94RqNkTWV+hvlA90MAnm03Kpvt/Xl00I8KOmSdFF4Lr7nKymaFFzGxo5i2gWbm8tmKAcVM6HNhJ4fValYnseDvNSXP6k045q2zj1sDGPk/R/KyqYAAAAAAAAAAAAAAZQAA9ZLzOxjFDVM8YaO1dWyGxYwOOhzd5Zg0H9RdbpAdmWm2iIy8eDD9wkbEZUiUb7LV15i6aB15/Q1k1xEmnnNXtT7ofTTtrLvJIrz7c2+z6yfrIj97UfvWIy+1gAAAAAAAAAAAAABaU4BgI75pvQ8C7I7EUMi/ZzG6sGCS7r6yWFvX2KxjFq23EOwycKQb4ldlQLon2zuqiGazhfaNvSY0UrCocu7SUAw8+6TSGBwAAAAAAAAAAABgmBNADqVzrPrFaYsd0W9Hn8Pq6fpPcBBWu11dLDXsi8X4LKc6uOdbbY2G0DHSLGW/vbPUu2GAvKt0vXqO54RgfOMWcDDrpNIYXnS4G9zIAAAAAAAAAAACADKEExyAog/ZXBL11Ee+eSPShpYp/w2AtlBNeG9hZZz0g1e/w2CJgUQba3oS5Wl5Xp++MNogehKjgwXsvXJXJpAcffvuTnvQrcijiQoY8hLrTAAAAAAAAAAAAMPFJpmkygOE512a+d8b4s2UKAwAAAAAAAAAAgAlnyZIlLCNoAQ1ZMKdUmlOK9BkAAAAAAAAAAAASIIAGAAAAAAAAAAAAgJxAAA0AAAAAAAAAAAAAOYEAGgAAAAAAAAAAAAByAgE0AAAAAAAAAAAAAOQEAmgAAAAAAAAAAAAAyAkE0AAAAAAAAAAAAACQEwigAQAAAAAAAAAAACAnEEADAAAAAAAAAAAAQE4ggAaAURCJRDRNMwQ2Srq7uxnAhFZQUMBGgyyoqupwOFgujYVvEgDInRH7MgkGg+Fw2Po+MU1TkhQGABOCJNE3iUKcTofb7WK5NCEPS0yTGTqTFfqFvh8jEpMMQ6L1aRqmrMj0hUnf0ix7aNWFQiGJvoVlRdP5ynQI9AjLMVqWAZ6lGbAGGNKc6LqetH4MsYw9vh46FdUNZhrS/rf/MH1q2YrlX/B4nHzkieOnVaDIsqbr9HtEi9AOquVq2+VLV2eUT83LcxcV5kvMkFRlOO9CfMGtX65cvHTw0OFbbr2tpKxUM7SAr4fWf2dnp8OplhQWSrLU0dHhdDidTpeqKJFwhEny6bPn/7HuFxcuXPjBDx773HVLVKYwRZJkNgLv2kgasWOSCQwBNACMKDoyo3M8pEUAE5h16kXnYPRhp+PTXByl4ZsEYDIYgS+TYDDk9/l1Q4uHCwAwkdDHWhfoayQQCHo87lzE0BP9sCT63ajIDlpQ+slTUoVni9Y3ZxZzRhoVBXz0flnp86iHffFdQwbpc1+0fdDraadG8X15ebkkK21tXefPn8/3uCjTZ9aK7rMn0gzdmiqtjdOffnbpcuvCBQvzPU4tHOgJduV58hVbiDycOaTX0jo/c/6C5HIXFhUoikFL7y4uaG3rKCouDofC/oAWDIUaPj65+LrrQiH+Bk0pK6M5r1qwYMWKL7+571+DgRAto8mv+kTnJCvrbYwYgWOSCQ8BNACMHLqgTd/XDAAmBzpKCwaD9NPlyubJHr5JACabHH2Z9PT4A/4Ak5A7A0wKFGv29PjoZ16el2XPRD8sMUVwyhvYhsMR0aBcthr2WjEcy2q8aAXQhDJ96xcrFR2tBNMU4vPGhijpuibF9w5aY6bp9/udLpfMo3uptLT08uXLtLyKzOTEtsw83Bc/DZO3QKfwt6298/jHJyNhfdrU0ki4u2reHMPUZYNeOax3wX4V4Up72/mLV75kGg7TpNVPK7+rq/tK46cLF17rdDmZpJw8ebqooKT5YjMt21e+crtLUTt9PlVVrl+0cPaM2cwwZWdv9Dwh5eiYZDLI5u0SAAADQGYEMDnRB58+/ixL8E0CMGll98vESp8lWbIwES7EfweAiSoQCPp8fpYlk+GwRFYknkKbPIBub+/QNC3+PZnd5s8Wa4QOh4PS5xxNIiVK1SlStNrLWw2fCS0sLfhQG3pbr6VM2efjFzzijztUh6kbNDpKchWFdj+ss7Pj4sWLixcvdooyI/Hp9qIVIiJp2mE1NJycOm1KdfWyCxcunDv3KY3N6XArMv+PDHX/ZZtCdPdHOTf9LCoquXKl9cTJU4GwGYwYV1rbD79/9JOPP/no6NGOtvb29quBYKCtszNeEhE2AAAQAElEQVQvvzAQDJ89e/7UmfNnz51r62i7+calFdOmOW3tgif2XjW7xySTBFpAA8BIsG5MYwAwKdHHn46Mh3+rGr5JACa5bH2ZBIMh3vbZBiU4ACYPyqAVRRl+LY7JcFhihYcUzIbCvABxRNO7u7sLCwvpO9PpdE6keDFaBMM06T2lKDYU5tkiX0ZZojea1oCieAYcgZHUvtPKoCnCttJhJnZhbrfbMI1gIEibTklxidfjnTV75qxZsyn8drpdfXdDPCEW7W0PHz6smeY1VQs/Onr8phuuv/66BXRdwDA1RVKGWexCp6U1o9OSJbly1qyZ5VPfeuudT06fmzlzRmfblekV066/bpGkyIX5BQcPH/78rbcWeAvOfPqZJ6/ws8uXjxw5+p9u/8oXbvtC1ZyZsqHyMiOSLk+Opq7ZOiaZPBBAA8BIQGYEMMnRl8Dwj8/wTQIAWfky8fP2j/bzfMn2EwAmPsqghx9AT4bDEquRrCRTyql1d3UG/P7i4nwKVK2Cxrw2BEWecpbTxpG/ImiKHFbXzUuXrjRd+KzpzJn2tk6Py73s88vmzp1JSW9RQUG8ETSfN3qBLEWrQ/Oix/wXWivR1RVrxF1SUhwrqcEHdbmcVqHwKWVlgWCwvbPj4qWLCxdeU1jsVZ1q3x4LrfmiV7S2dpZNmebNczefa3I75fnzZtH+SlYlmam8iNRQVpYhxqiKwiZMkjWTh8XhcKi9vZ3C8YKCgrKykpuWXt/S1iE71I8//Ki8rPCWz33Z4VRlSdENfVp5eWtre9O5s3QdYvr0afPmVbodyqL5cwu8TkWWaOdM64JWozxpSi1k5Zhk8sClfgDIObr2S5dt2RhDe00GMKHRQSQbS+i4djiHaGPzmwQARt4wv0zomyTxGIDHJwwAJpn8/LzhZNCT57Ak3gufVZtCUXoTVZG0SmPh6l1SrjXUhsAUy4b1sBFhe//1wMeNjaGQ/5bPLWv4+JNg2P+N+/50VsVUh+iDMT5yK4IORzTG+wakFaLT37JojJxYrMNInMno4xKTQpFwOBIJhSIer4uSbmbbD8VjbkM3wlqoq9vXfKFl+vTpTpccCPhUh2NKaZlm6KpCUx7yzitiGDJdTNB0VVXa2jtD4aBCb6miBIP+9vbOhQsWGKauKGp3ty8Y8MuKUlhY4HTydqs0NdMwWq5ePX36TCgcue6667wer5u3EJd5ORGKsSVZMqOLKE+mC7rDPCYZj5YsWcIyghbQAJBzvHgWAEx69FUwnOMzfJMAgGWYXybhcNh+wzIATE6U/w0ngJ5shyWUPlNMKQJWPV43n00gsixrpjZr1qyuYHDO7JlV8xbke4ve+ff9nZ1dcyum88WPhb28D7pAqNvno+TV5XKqqsdqBC3xYFfz+XxWiZL+JmSF1A6ng6LkPK9o4WyVYBbtQ5MG9vnDZ86cnzNndmlZIeXNRcWFpm7IFPiaRvQlbAhouorVplpROrr9p041zpk1RzPDbR2+ipkzvQUFV662zKyYoWlGcXGBVFJkhemUhFuZtaIqhQWFs2fPdjpcHrcnz+tRZN77YSQSlkxJZ7pVtnuy3Uw0zGOSSQUBNADknHWrEQBMcsP8KsA3CQBYhvltEO8SKhYQoPIGwGRk7x0uA5PnsMT6qrSyRRarCj3xGIZOaXJRYSH93tHRefXq1RkzZ9x26610zVLTIhQzx69ZhkKhtrbWT06dOn22aenSJYsXL3Z7VElWIpGIaCGu9NtjYexB/qw1NolZsX58AEMU4rDam/f0+NvbuhyqUlZWrCiyZui8kbUsG4ZpvR0Go0B5CO+HmJBp9Sl5qvGUw+HK8+RpZuS9Q4fa29uLioumTZ2mm0x0kMhrdFjVq3nTZt6DIm8B7XY6K6bPMHjzbFMUDOGD0aI4FActPrNKskyyvnxxhpI+3G4GADmHL2UAYAigASBL8GUCAMNHgSMbhsn2TcJ7qhP/xuZFO13T6Z+hD+dNkSjzLSgovOaaSkWVmy82u50uWlpDMxRVpUxVitE0zevNnzp1WklJydmzTc3NF6y8mImeDPPy8lImsCKzpa2GEmbdjPf6Z0bLRlvD0Pzz/NrgY6OpnDt3rsfXde2iBaLNNGW7yvBXvkkRtxlhpj5r+oxQUPvd799tPHPm5ltuWbhwYfmUcq/HrcjRO4RUhXJwuk5jxC/VyoIiy6rqcIguKPmjpkmJfFdXNy8iIknhyKTrrwUHFelDC2gAAAAAgImv3zZZkw9KcAAAvgCGRLSCtYzFFafpvCKKlY+yjEi8cTGj0PXYkSMtV1sK8ouuXL7qdMgzFlXxJ2xLraqq2+2d7503dfq0d955x+l08kkrfOKUyPJyHH12tbT7tV4vymmLchailXG810HrWRoBZdBWzE2jraiY7vJ4VAdfKIqNZUVhok5H4riNIbUr1URc6lKUaeXlquLqqZg+dUohj5MdKu+cUFV0Izr/Isw3ZVlKXEtSPAOnZzTdDIZCH3xwZNasmYWFRd48t8ftofRcpVkF6AMBNAAAAADAhGWPWeO/T+YkOt4NFIpvAACkybbXGHK2GO/G0CouYRVBpiA0Pk55iJ3p2fdlVgtiVZTIUGTFmspQRxXrPE8vyHf+py9WHzxyTJUdpUVFgYBvzpw5FBnzMdsyaE0L0w7E5+suLSkuLy+XJYdhaDQMXxZbr7a8q0CZZkzSdUPT9WAo4Ob9DVJWrYh0V1PNaO1gWawKQ2KmYgXMvBu/srIyMXuSQYvGA2taXlPXNIqJI+GwrPJyHNbsM9sbpGu6PYWnWRX1OnjhDt54WXLwOTQoapfKpxRNkYrExHhRDqcq5j8hcU6xl+ztYNEwFIn5e3rokdKSMlo/kXDEzeN4/iawyX2kASkhgAYAAAAAmOB40UerWZM4H8RJIQAAjCQrfTaEgQolZ0qxWt1m1D6bwl0xZ7RzNBfOmxc2WFtru9ft+vyCz3ncTppNg3f6Zw3LqzwHAgGP19vT47vScqWzq9PlctpzZwsFsvQgD4hNnkqfbTp75XJLQUHe4usWyao8eA+C8YydUbBtaiLT1fSIQ1FC4bDD4aIxaxHDoSr23TqPfhPbgEuSiJ4prOZlnflwlInz5YxdjI2n+UO9K8h6+yhS7+rs/vTcp3PnzOH1snWX1SQcoC8E0AAAAAAAE5kZ+zfS0zUTmmUBAMCkZYpiwZTyaprmcrl0XXe73SxLrFbP/DqrnOkeR5ZpziiVNUyzvb29rLS4qDA/P8+lqkw3IhRBq4ozHhm3tLTQzJeWlUqy3HyhubioSFFlRe3TNlximhZRZCeF1PRHUeEU3dB42i0b4kkxz/002Rb9BVq/8l2pzotMG0c+PNba1jav8pp5c69xqKrLoepWUY+EF0qJrcsVK/q3Av/4+okPkHE1Kqv5Ob2VK26//eKlS9093YWFBQ6nQ9c1WUEGDSkggAYAAAAAmFB6GzSJW3bpby0SUVUHnfbTKaKiKF6PR1ZExcrYiWfWY+K+jaqQRAMATFR9v+rtewGKRMMC5ZVer5eGURVV1/h/Ho9nqFcr7UNaFZOjf2RY/5nPo2QatEuMhI3PLl5yyPLMmTMo9FUUlRdqVmgCveGy0+mcOnWqbvDOBG+5+RbDNHinfLyjwj6ln5mpiMUMRyIlpSVXLrbNmVvJ2yyzhG7rrD4MFVmVZB408ylGRyXKfvCcl7LxyIcfN1xt7248e+78hcvHj398y403zZwxnQJfGsZemjm+Wmi0tML9/oBDdVA+Tol5vBG3fcih1j9Jmorb41INdk1lpSSLIw5aZMrsUWAdUpn4AXRzczMDgMFUVFQwAAAAGIfirZvpVNU0xGm8nHCWaYgkWjP0K1cvd3R2zJ45yzB0iT+sMinev/2gZ/6G/TcRbEtJ3R+ZtokytIAGAJjorBLMzPZVL3q5Y/ZHaN8QDAYjkQhlnQ4e1apWtQv+n84j1+FkoFliGnzGeWPks2fPNpw5WUTyCstKVVFAQzJtBTNouPz8/FA43N3TU1RcRL8ndC5gQ0PSVV5FVqaUlnX0+CrnVTgpL+YhLQVxhinxFUVTpAib/hfRNP4Mb2ot64YhLhHLvEtAmRmaeaXlKk3k+kXXzp4x0+WhDN9z4eKFGbMqTHGROeWk6X1paWkJBSNlU6bQSOj4QI9G6lneKWsR3eVUePeIYv7HZjeVMBZM/AAasRoAAAAATEjxkzxx/s+bUOmaJiuKIql0Ym+KZmeiSVeITqApm3a5XbMKZnndnpYrLV6Ph06baWCribQ4tY4GyPxkOJYd9D4cLxgpHjdNXTSwig0g8d6TmFX10mqNJV5mJQvRUSGJBgCYcHijXVEZ2YpoUzSF5tdAJSeFrw6HKIvcW/2ZftF4r3pqvH9ClqnhvVyipbja0upw0B7SEwpF+I5U5jU9+N7TtlNjItulPyORMG8EHdYKCwpoT6prOm/5a5sZsc/kdxmJK75yYb7HujZsVWTmkxTVM2iHSwNqunb1auuVy1cDwcB1111bXFRIExUZsuiE0DA8LteU0pKKqVMryqeFaeC2DppRSqytTgyTFpvvnQ1rFkzN0ELhoGGqdADAlyaTTiBM27qV7CU7YmWgFU3nxU+kaDEQ7OshNZTgAAAAAAAYfYZuWGeng55Cx0//jNipHj/J1LVLFy+qDkdpSYksK4bJw2jd1Hw+fzAYmjq1XDeMgrx8l8MVDAaOHTt6w/U3FBYW0Jm/Isu6biiqYYhCkyY/h+TnxUo0abZOkkUVStGnkmmdhJuiGbTBO35iuhnRddMhblNmohk2nZfTKbciX758pUDIuMokAACMZSIlNRUpWqSib3NmesSKmHmqm7iDU2SF7y4MI1rEOdP7ZqwGv1bdCWuKQxyJpGusta2dsW7KkYsLSwOhQMW0KZJE11BV67qrITJWqwdFSqtDoRAtlM/nownz2hlKiuSdLgaLRs38Uq0kYnhZ1NeI7UZpR0o7fgpt1c7OrhMNDTNmzP2s+XIgEOQBtFXaWWKhYFh1qDTyoD8QCYfp9d1dXecaP1mwYIFHVcT1Yz4KyTZpXpREkUzNrKioCEcissorVPPp009zyPmwCNDpyjSvDcKbUVOALqtWpen4elaVeDydYgx9DwBwQXpyQgANAAAAADD6IlqEzmZ5I7IhCmtahGhaZ3cXndZ58/OCkYjf11NaWnru7AU6X62cdw2d/dNZsKHpXf6enq7usvLykillBr+916ATQZ2ZmmbQeSSdSEdM3To7dai8ZZVTtNQSZ846s7W5lnhsTaejCo8OTEajamtrd7tdxXl5dDYsK6qkKIGAn/GAOtoDEgMAgAmH4k37n/31bpdQrFng+zv6z1QoyhTVIYa8+4uTKQKWextBZ5BvOhyOadOnB4MRpqidXV2hYCgvzyt6NeTjNERtKyty5RGsaRYVFdG+z+12OxSVVxfhO7ro/FtNpOM7Pp46i/kx4tlv9HYjHkbzXgoV83JLy+w5c2gBFl03v2xK0Uo1ZwAAEABJREFUkcH4zUN0bZgPpCp+2pv2+AryCi9fvvq7f/832ql+bdWq4pLCSCTkcFAWrMipQmWaLo3ETWO32lHTPBiZNBKX6MqzqNNl8sWnKJvCeo1fj1ZTxIlS9Do09viQAgJoAAAAAIDRFw6H6Zxt6O22GMXWmqadbmx0upx+v5+fBMtqQWGhz+f3eL3BYIg/IKl0fq/QoKZcVOwoKilzuVxWe2fNNLsDFFnrFGFruh6MhFWHo7Cw0GVKThpenE6KG4Vl3s6Ld1vI70uWGdN5+yzZkGRd3Ox78fKVWTNm6B6Tn6TrvEEcnZlPnTpVVhTN4G21FbR4AgCYcOK9DiQ/bssirX72rMeTgubhR5bRnDee7lLMqmRSZ4KS9CnlRQ6359bPf37a1Cl0FZbvzEQLZpPCWxGRi94C+ZVXhWJ3Xac9qWEalAKzaLkMPjNWmRGWuIDM1tlCtKCHydtrq6rDH6AcmcbhoD3qlCkl9DztjF0OxRDlTdo7Oi98dp7C36VLbwxFQjfddENHRycvPG3KDsURrfKRqv9Fq1G5EauiJZl9LwGkiWfukipH+0QUP/ni87olmnXQkjTe/iZjXSGghVJVRJGTEd51AAAAAIDRZ53CZVDFkoYOBANXW6/Ou2ZeRUUFxb6GpnmdeUcbTxeXlEyvmE7nh5RuOx2OlvaOUDDocDpUp8Ova/kuV5BOcw29JxThkbHJNCb56fdwpMPnp+HzPXklRYUep5PfMkwn1YpiirNcGlI3eDtnnUm+sBY2NL8vMG16RUFhHkXYdJZKp/GUNmjM4C2vZeTOAAATU7zqxcAD8IbDopkzszWFtleCZkNhL3ZhVTqORHjV5mi0ndE+R1WUvDyvIopdTCkv93V30uwyWbLSZyZyc6tXA1oQ2qVebW0tKiry8pt+GF2+VUU7Zxqgp6fH4/GoQnIbcJb0l9WBIy+gkZ+Xpxvm9GmllBPTnjNCO9Yw31m3tbeHtUhI065cvlS1sIr29XSled68eU6ng5fNivYGbEa7YuiPtbJjvRX3N2DfEiKWiG7QQoVDYdrFezz80jWvea0bmqHRcYL9+kFvR5SxySZNymoVPpym7jCuIYAGAAAAABh9LqdL3MMrD/WFmq4VFRR+6Y/+k9OlGqZBp8sUMGuGft1118kyPymmc+PuHp+i6m5vXrc/2N3lo7y5s6uLzmzpxNbqcVDhzabVUCQiSbLD7aCzXNMwnaqjqKDA43Krqjx1SvmM6dMoPHDyG52ZZlDCbOqKdPqz8//2h3c9bteXqz9fWpSv8n6beH+IdGpMo2Rm7zmtibKPAACTEq/+HG07yytUWA/Gm8GKQNqekkYfjv8Wf0lUtIiyJPN+AumCqNncfDE/P7+kpNhKgWMRZzzrHHzXIwpZmz09/lA41HL1qhEO0nhoZyr6PzAMfg+Qwe/jMfTm5uZf/OIXZ840VVVVfeUrX1ly41JKipmojqxpWktLS3l5udfjHeB+JnGlmRl8tKy7u+vMuXMdnZ2Lr7u+u6cnGAj5fZGebn9RUWFEC11pvTJ1anlhfr5LmeXr7pEVNT+vYGp5ueiswRDVpdM8ZrD6czDF/Uup5yppJUcvijPmDwWPn2xob++YM2tmYVHRtKnldCX7swsXykpLVVkpLStOas5MYxFdGRuiV0IaT2/cHAqFKLunX/Ly8tgwrrtnJuMK45AtCKABAABgHEAHJjDhqQ5+ZJ7OmZj9fl7+QpkXa/a4ZX6+xztK0lWHQxd3Aeu6Rmez3d0+zWCqm7Vd6f7441Pnmi84XG63xzV9esWUaYUmb8akKarqdrldHg+v6ijTCXykra09Py/P6/W2tra+/9Hxq+0fzK6oKCv0zppeXjlzZlGeRzfkS+2tL9e/3t7VvuHBh2bPnqlQkG2Y4qRYkhUW4bcq816XdI23Gouf8/ZG0olLOuToHQAARls6x2P2NDZei6O3waxVIZnnqQav9xRtHSxL0V8Nq5Etz5uZzPvO5X3eSfSCUIjnqpRqXr7c6fIUBMMRp9MpqZLVJljipSMivMWt7OhvJm2NduVwRO/u7nY63R0dnbQju3i5bfq0Eo/TQSPTJUOiS66iEPIfDuz/5asvB4P6sfePvbP3t4/91X/70oovqSql1W6H5JgxY4aT3zY0aDUtCl6lru5O2aGe/bTpk5Onps+oMAytKL8gP98jM93rVhWnZ8aMKTRLlzo7Fixc4Ha7Rblt0VsjD9llM9ZLME2L16HmhbBlq/9gWkG6RpeBJYPXmFYikaDTJYXDmsuZ1+8MMSleRYRZ6b4Yl0NV586aVTF9xozp0z/88MOCvHw6Kmj4uGHlH/+xLLEI7d9FjxG8VrTJg2eFdyxB69OQDFk3dAev3BW98EDLcvXq1VmzZlES7aB3is+xrTR2RocBSScItHk4HA6+kcTaWUcLcBui7TfvJdlUVHob047uIXsQQAMAAAAAjKpMS1/Gz9nEKahkSpQA85ZHFDdrGgXRGp1xhSK6KcuUBbe0XO3q9hWWldw6t1KmmNmp8MZaWtjh8jjzFNHfkRmJaE5FDgUjnZ3tkQivytEt7ia++XO3tHf6An6/P+Br6/ZdOXo8Py+/YnZFhMnTKmZW33LztJIShdIC0djJFLfdWrcEh8Lh7q7uHr+vsLCwrLgE140AACY5OTH540mzuEEmtiuUwjplqZLC+8XVrfoXpqlLshoMGt2dgY7Ortbuzq4e/2cXrvR0+1tbr3a2t7ZdPu9wsVtuvmnlyq/OraxwqLrovkA1mc7bLxsURzoGnitNi4Q1bcqUqZ9duqyozkC3/+jRE/6qOdfOr6S8W+Y7OJn3DSgZimSqEl2ydUZCoY72q09t33rrv/3R+gf+y7x5CygLpau2NL10qkzQXjrCDH9np6+755bPfW7alCkej4suRZu6MaWUN+WmPXSErt9qOiW2BXnR4Fg0SpbjNUxEb8BStNtDRTbM+FoV3TXw4icSjcXl8mi63+V08bbc/QSv9PJgMBgIBChAp7BbErtyq8DGhQsXppSX9/i6i4qLIlpk9pxZrW2tZ840zps3PxyJON0ua99Oc8trcxka75zYMGnWPS63KDNiWHMbJpFIV3d3MBwqLi4uKCjgPTdmtQW0qqpWPZb4I4YQu72MLmMw3vuyWJcMRhYCaAAAAACAUWPohtV+hxesGKpYz0vWqZSoyagHQpqkh+g8k86Zg/5ge1dPTyCgSYrscBaUuChCVlXJNA3FlJ0OyVmQL/Pze961IC+qQafXEV0xmYu35NK93jyny0ED+3r8eYqpup2y193a1tne2Xmp7aT7+McrVnxpzZ+sLfM48pjs5G2deVeKisNhSNH7fRtPnz5/7tzMmTPz8/OH08cUAABMVGIXRrshjfcdwJhDcTERTEd4lQrZMPSmzy50d/kbT114++33rlxuvdx2RZNMh+J1ufODAZ/EgobvcijUeezIsUOHjv75+vurl13vdKqi71ymUmBMQTbPvgYKHGkqlB3TRdPm5kvlU8p9bv/0aVOnlhRJjL9eZbq40BtherCqML+ioPBCW7fD6Yzo/u7Wnvpfvnrl0pUf/nAz7exkOVpKa4Dq2NatThTS0t75gw8O0+9/9MUvOlWHrPLGwrJDtY4GKFzO9+ZRhitew8uYxO6R6i3kbAXQTASvQd7Hg8uaKF1ODgVDThdF8JrD4aTcV1Gc5oCt1Snv9vl8XV1dlD7TSGhtyGIRHA5l1qyZFy9dPPLB+9dedx0vA20at9xy88WLzZcvX546rTw+P5Qma0akx+cz+Wp3BnxB7zSPSRe3JYMfqEhyeXk5HaV81nzBYGZJWalirShzuElw/NYxa9mt9Dm+8inBt5J6632JdhGJy+GjQcKBIADkWnd3Nxt7xuZcAWRRQUEBG2OGM0t0QJz0CJpSwsQQPxrnd4zKiujHKK1tO3qTrClSaInfjExnVBHTDEb0Hl+ATj5bWq76g346HfXm5zNFdAAV0dxuh1Ol5Fly0CmaKomzV43OS3XRbjms02v9NGQwFLKmQmeO4oZos6S4xO3xHjx0uNsfnn3NNQGT/fuhgx1tV772lRW3XLtgWoFXCgedTkcwEvGHQp58D52QOmXlo+MfdXV2Vc2fX1Y2hU+QlwGNzX+flt/pB/DD+TK5erWNAQAwNmVKKcsUTiX64m1dDbqQGa2w4XA44o/bB4vv42IFH/h+SHWomha0skFTd/j94W6f/8rV7uMnm/7w3gfHT54M+EM0dto35efl0X7S7ws5FGdEC8q8a0BfuLNFVUyH6pIkZ2Fh3sqVtz340P9VVFjmcCqmoYsixUqsM77Ue9iIpre0todCkfePfCg5nA632+N2Xzd37oypxaYcNCJ+Z0jXLp3zHf2PK42f/eJf//Bhl/9yMCB7HK2tV5miqq7C1Xf88Xe+u4EyaKfTGW9ySyuk727darDc0d39ydmz/p6eyjlzK6bPcCiyKfaCsi0npkvUsbXG+s48HTZYuerVq1fPnz9Ph8pnzja1tra53K6zZ860XGkxDK2gwD1//uy7/mTN9dffaPIU28krZKVCcxUIBNrb2+mCcV5eXryyM0XG1tT5U958WZZ4oQ9mqopqiLbEcqzKM/1pSmZHZ8ellhZmSOFA+PpFC70edyQcUlQHb3wdu9BuzbZmGqrqsDo3zrgeBt/ojGgL6+g8iE4pOzs7abXQKmpra6Pl4kc4ocj06TPmz59XWlrGK39IlNonlOnI2Bg858qpJUuWsIygBTQAAAAAwLgk7mylEycKl1mEF6k0faHwpZa27i5/MBCgs8TC4ilOl4vCaNmUnE6X2yubuub1OF28IRUTJ2CG5FB1CgxCBkXNDlXJc7si/PZhWY/wHEB1R1sStbd1FBQat33+853dgStXW8MBf/Xnln54/KP/9drrHctX3Hrj4vnTy/zh0ImGhs7Ors8t+5zX7aE5m3fNPC0SoUnTCaIko+AiAMCENvQcz5DMML/WqWimo7sjGPAHG89eeOvt350+daarszsS1ihSbGtvDwYDJi8wpbe1aXkudzgS0Q0zFAq4PaoW9rklk5eF9rqYYba0tO/5zT6HU3rggW8UF03juzNDV+RBamIYFGP7erq6fPkF+R8c+6ilreXGG29YPG9OMNjtNQNK66XgqZPdHx8zr14q0aUbS+SQrPg7lfaQ4XLmUXqpOhwNDSfffPPNP//zP6exKbKsiyQ0qYO+6EoS9UZUSSnJL8z3eErLyiTFqt2c3DzUSvN54+FY3ZJ4U18raSW/+c1v/vmf//n06dPBYJAm6g/w68dOUYmCAmiX24wYN7Bfd5WWFUydNk8WdZBZqsjVmtvCwkKXy8UbEUebNfObo8QMSGUlxQbvapHSc513MMh0sVIlHrKLDFoR+bLL5aUrATSqovz8Dz/6sDCvoKysrKiokI5G6Eq3aTV3l5SwVbBbTGS4LUpMXnyMVhEF3PyiekR7Y9cb9fX1fr+froJQ+uzz+QmVbD8AABAASURBVBTFVZBfRKn3/Pnz//yBP1+8eJGkmKKwuDV9a82jaUtuIYAGAAAAABh9gzfA4f34WIlzdFCD387Iz5h0ZnSHQlfaOygd9gWCdOpbWFLsEMNJerjQzctxOByKQ5E8TrdohsxrRdMJLJ3z0xmjPxR0OhU6LaQg21B0N2XQEYcWMYO81ZJi3a8alENt7R2tra0lpSWzZ08t6fE1X21btnRJaUHhhZbWPxw94XQtKSspLJs+vXJ+VZEnX9M1id8irbZcuVJSUuIqKOQdSsUXlgEAwAQkMQr2NFHVSRUlHKIFEsT/mCjqrPLgj/GdmqaZIV273N7xaVPzfxw8evxYgz8UuXDxii/sj/gDdKVTj9AFUSkc9oVCQdWhyrwHA4WusFIOSpmyg0W0YIBi1qBhOnn9Ct7xAc1BS2vrwf9497bb5n/+c38sKQX8Rh+5T94q/slWmMvMsBEpKCqYOnXatG4/7WXz893XL6jMo2T84pnWxhPyhU/V9rYCf2dn68WCsilVnnCzL9hAV3TDpip7Dab5g91nznWfOXvi/KfH589fbCoOja6+Rmh/6qa9bCw1Zla9Y75uRNUsMxKZUlqa73HzZ6wUNLE6RDy/Nq3qzpKtF1+Tr+SmT0//6B/+/vz58+FwSJZUWXVS7Oxxu2lFiZucjKnT8yN6+38c2nfjjTeu/MosNVbexN4OPf47zSqvvCF6UIyXEKE1rvMq3AaNnTd2lsXM0nvHb5+iR0Q+zi9Ym2ZElzTJvNDu6Oj5+LPTu3/9L02nz9A1gynlpfd948++8pWvFBWX8Q2AQl9aQQ6HNdmsXJq25pnSZwq1P/3001/84hdnz56l3yl61jTN4/EUFJZ2dQe8bndbW8flS1e+/e31X/yjP6KLHzzZ57eQ8Wv5DHIMATQAAAAAwOiL3q6b1BtPPLIVNQsN0d2gdZIU4SeApmYYvmCgvbOrtaM7RCfkitNL581OPi7ZNLyqVOClMy8XnbWKm4J1cT6pS7JDN5jqckqi+3mPROf3lBfTqXxE0+gkkzndLtMtu8O8CRU/DaVz6bywU1ODkUB711V/uKs0v+SGOddcuHqVzZ57qbX19PlzykfS8i/cml9aWuBwMTpTZfx0n8Lu0uKSgvwCWio67dT0CJ2IU2ogi+WSUUgHAGBCiAWjErN6oqU9kKGJB3lZY94/HuMd3/Ju8RwKpal6SDtz+tyRIycam86fPN146VJbR3tPKED7sQgzdUqcNd3POxWQXE6Hm8JWh8r0SFh2qrxbvkhE5jG2rAUCTq+HSYqhhcM6T3BlNcy7VJDMYKT9wNtvzCybN3f+9UyJthqO9UTHDCsNFmWsDJMmqTGFebwul+rIcxYX3LLYaWhOX0dn47FI44l8X5fW3hbqaC8oLXToIcPfM8slL5kx9Z0r5xVJiegm4/lriLLmYPDSr//3i//5/u+WlFUYoghJfM9OP3VT4lWc6equJHd2d7d2dITCoSmlJYZOO2XKZMXeX/QoyNtrx2puWDU4oumoac04r2qtGwFZjVy60tDa0UwxPpMjDrfD0HjjaxEI0xh4+eapM4q9eZrD6XznnX+9+eaVU6d4eKtf3u2wHg+arXVi/cl6S6OInxINaVAyTU8bIj83RDLNxEjoISmi86UPhMwe/5Wzn1062XTm6PGT58/8a9OHLaFuLRzRZL2j87N/+ZdQZ9f5//yfH6K14nJTZC+OZHjTaWZmVAEjHsTzeiYyb4UttjOZDlroQCYvLy8UCnV3dweDQSvE9+TrqtMZigQpT286/8m/v7N32bKb3Hl5dPWBX5BnWe4LEVJCAA0AAAAAMFbFbgw1o2eFdKok87Ndxjp7AsFwyB8OdXS1RyjwdbhKi7xMcdBThhbMd7sL8/PcMnOpFAKrmqErihLSdFmhE3WDzv/1SLD1antra2dHR3tJSUnFrBlup4umoLjz6DyOd98kyS6H3NPNG3HROKeVlfoDge6AqWiK5FDoJFSRtVkzyjtOdZQV5PeUFv3bv/9725VL/3ntWsZrbcq6pPf4fK3tbd1dXXPmzPEWFMiSHDEiTsXJAABgIjJ5AWMKAPUrzVcV5iqbUiLTLkhRaB9EITTjPRHQUxeaL7YfOfbJrn958/LFS7z/A0n2+4OhUFDir/U5nQ6eJ5pSnjOfLlvqWsDlcoRDPHzVgpq4ocdj0oiMICXNquKkfZwh8zt7aOcoetmVVBZeuKDicsvVIx++N7dqoWw4kqpbWB3f8RiV55gUQZoO2eimMfp7SinSvNwYafks1PSp1NFS0NVFu8awbLZePl/Myr0RXfL75S5/gcctB4OSKRcyzaWxbtPR2tb9adOZqSXSRycOfeHzqx1qAaWsVs5rRbViwhKFrrqutXd09HT3aDx6lmLPUfDOa1VZfejZOhrkDOvVdCjAr0TTBWMHM4K+yFnTfdpVEHZEeBlkQ+pSVbeLFfhDflmi2FUxAuzqpa6SEu+8efNOHL300Ycf3X77bFrhqsBEjel4XeaU8StN0SUrET5nYV7pQlaZSYcRIvGNaEqQRa6EQ6fOtx89fu74qaMfHmnvvtpm+C+oEZ/k12WmOVwBIzSzvMjh1N/aV79g4eIvfmGVpjNZzk7UK0qGM14fRJEocaa4+ciRI88999x//Md/BAIBq0qJrpl+v19pv+rN8xYWlXQH2ufOLA4EP/vk9JEbl94myy5Rkpv1rX8CWYcAGgAAAABg1Azc4iba06C4mTmsRehUm17gD0QCgbAvEPAFA6bMFKfbxU/IHaJ5l+FQ5LyCIjo3VvkNuHRSxngNaFmhs0W3wxnWtLNnmxoaTr773ntHjh51OpzBYKisrPTz1cvWrlkze/asMOPdDfF2yqpk6JLhcYV5U6mIi7KEIi+NRtXCQT3iVBWXKoUNbdE1lccbP5k9dYrXsfTd3/9OCQS/UXN3kcdLGUF7ZyfvPpROWRnNQ5jOq+n80JlHEblkNfQ2+6lECQAA40v0K91glAIf+/Dk27/9t6VLl15TOdfhVsvLyygZ7ujwnTr96e9+94fTjQ0XL12+0tpBV1DDwYAWCtGOzKFSjkxJYISZtMsKUVTo8wXpOqduhugqqMFcvH87RYpoYS0cKXB5dZWmJPMdHb3S6WWmS5EdsioaWetGUYHb6ZBnzJzVHbzU03O5uGgW4+1ko2WgrbIgYt/D2/PqJm907JSVQj1oXGruaTrddv6TUj3k7GpzOgzNd7W72+9wuKa6PUq3L9DZ4fY48xWddbXMkUPT6Y+A4VbymiWtyZAunGm+dsE1u+t/vXD+raVlHkmSaSfLy2Tp/OovTS+sGZKiXG1vL50yJRQJF7ncYk5ES2eDZ8FW18CyaAodr0scT0YNiTfX5RG/efWq/9jVjsOG+8xX1874l/qTvk7mdjnyC93hsM/sMTQ/Xaj20iq7fKVr6gy1s+3Mxx92nDp15otfpPWpUThbWFjIa4PIUrwpsX1fHA92rWf5kQcdX9DodIl1a6wtZF5o7Tx1trupufUUHVJ83NXdGfBHfOFQwAx0q+FOers8FIDrzDTo4KO9pcdfnl8xc+pvfvMvCxZ8rrRshriYrtibWg+p+2Um1pJV24S2Cr/Pf7bp7OHDh99+++2PPvrowoULdLBBW4JVPdugeWByKBiirUyWe+gC+vXXznG66ToH7zBTpP0ynx8cieQeAmgAAAAAgNGX+uyLl7TkJ6XBUKjD180U2ZuX39re7Q+G/KGgw+1yuigKVjQtRCevHofT43UXeD2qpCviHlld15ikyrIq7k41Tnzc8Itf/OLExyc+OtFQXl5++fLlWbNmlpSU+rq79+75zfGPPvze9x5fuHABb48m81NeXm1TkSiSVlUpFPa5vR5dC9OEnJLMtIjD63XxOQvPm1VxqaVlVvmiW5cseeGFn7+1f/+9a9ZEDCO/sNCbX8CbHxlG2+XLHR0dM6ZPL8jLp/NGhzhvjJ9JAgDABEDf6j5/+Oixjz9f/YWlNy2lWO9qe9sfDp440dB4+P0PT5/5LOAP9nRdpgjU19OZ53br4YgWCcuqpDjy+S0+WkiPhKSIHpYVI6IbMuP9DjItHDY8Xi9dG+VJMe31nE7VUEXPf46IxnswpP2grDglU5MlhyEbfn/gypXuoiJ3MNB57rMzbs9Ul9shS1K8yJVh8qoXtHeNaBpda3WbEdZxWb1w7uKhd/OD/qlBv8sM97ReMlRNDQYdobBJ83vlUt7s2S63ondccrgdhZJj+TVTS/LLfBd8l1q69UA3Kypt0qXudvn0mbO/+vVb9379vkJvHi2ek5JOviPUJF7AWm7t4oUh3Hle2v96KdSmPbiI1WkXSTvfKVOmuFwuSkZNFo1lbbtJk1aFwYKRSGu3dvRC++8vXD6sutjKP5k7fXbhG//rw8aGkGy2l5RLs2YVFLiKTxy50tkue52e6eULjn1wLBSQ21o7ScBP+XMgLy8v2tQ69RvJopVAKLinxDtsyJqD+SPmhSuRo6dbPvj40tFToYutYV93W6gtoETCDqWbGX6n0R6KdOj0xjlpvXlVM2RG6H0KdUVOnjgT0adcufzZ4ut+e+ef1BQVFUQiEVVV0zwMSDlYMBikx8+dO7d///4333zz448/bmtro9HGE21TLAX9omkRWVK8JYV6yF9S4upqvVpSOu2z85euvVYKhQJOh1szNIfqYJBjyn//7/+dAQDkUjgcZmPP2JwrgCyi41c2xgxnlkKhUNIjaDUJqZiJ/8bBRhIt72j9YVpFni2StQz0XEjTuwK+YDikGWa3n37TJKeD36ZLJ0xOJ52h0yksnceWFuR7nXQKZfJbkPnNyrxTeE0zrly+/NvfHnj22ed37nz1VGOj0+meWzmXTn3p9Z+dOx8Oharmz3Oq6pGjR+nkbfnyFf5QQFHpzJzfvRoIhelEXXEoukGnz7pD5U2GzIiuii6l3Ly6tOR1uvPdbo/TOW1q2fz517z527dKZ8yYUlrmkCSHQ1VUlRbB7/dHwuHS0lKneIgX3eQNjvhyZ/BZHs6XCQUTDACAMa/XwzI1eU8lBuxMllcDDkc6e3wVsyq7unuOHm38553/e+fre9577/3GTxp8HVcCHVf83e2SHlYMSo7pEqlMuxg9EqS9mRaOGLpBVz0ppw2HwryAsugjTlUdRYUlsqRGwhpddHU7PAaTHQo9TbsTtySpisNpFXUWeWnEofJrri2XO7pbIyUlBe0dgRs/9yXe94C4sCr2OLSHNGgXq/PdpebovhpsOOx7/0D45PHCcNhhBnvOHndofsqUvTS+zk4prPE7d7SOQMdlp4PJRoCuzpqq85qqhXOvWTC9fKoW4gWqPrncbjjzT356odUXOnj0o7NN566ZM7tsyhReZ4PXBuH55qmmTw9/cCwSjsyeWeEWwbTVvXBrayv9fvXqVZeLHnaKnvH46uQpqq1dMu2T/dpnrb73z1za295zMhDpCFOEHwm73JEvfHnu526tMJiyo0BXAAAQAElEQVRv0Q1lt3156uy5XkljnVfCPYFQc3N7y5WA6vAGgr6Ozo6Zs+fMrJiV582T5N6Kz4lNrvn+nWfdmsTCErsa1E+2dr/5YefLB66+vPfKb37XfeyTrsuXNH8PjSHscnQx9YoWbDUDHUa4zQg6nO6qaTPLQ2pxWHHzwweHKbOA5qMDhkuXw0c+OHnw0PsLF84rLi6idWItnL0UdeqNTqyo2NvH0eHKhx9++Nprrz3//PMUQJ86dYoOM2gwj4d/qOk6txnvs5nXLZEKi0qLi0qMSCDfqc2eNffNt460tYevuaaqbEqpIhp4S0zO+MxiDJ5z5dSOHTtYRtACGgAAAGB8Qx0DCgJ4zWJebFETHf7wswjRq0+KG0vHFCt9tu5BZaJfIdFdk27yXyVx/6usGZJmSuGIGogo/kBQcqiGzhT+UtOhqE6JURac73Z5XJQhU25Mp8s6k1RTrApfj+83e/a+9trrly5eyi8oLCosnDlzZjAYvPDZZ+ebPp1fVeVQlMZPTv3uwO9cLl6a+d0/vPdP//TPt37hixHNdHk8dKJPj9O5mdvrNU3V7/d19XQ4XR5KCgKBoKaxLl+L6lA8nrx8rzc/z3OltaViZsXKlXe8/st615/eW+bNLyoqyMvzyJKHnqUF4zWmZcVqkaTwcFyjiIEBAMB4IaJeCkhF+QLaQ1FIyWspqKIKMwW7iuno7tD/x66XPmu+3Hb1CsXL4XCgreWzSNgn096NdmmMrmjyyk4et9fXE6QkVJdZKBSki5xuj5tC6XBEU51uh9vpokueTHJ53LSrCvrDap7T4P3h8dbOFM2avBNdXtfC1HSVhpToemuA6T2q5IpEDAqrL1zRvpxfcfrkua6r7aVTi2XZRQmuzmslRxRJYWHNqQXZmWOBj49QRptHAXWo6/K5pulTpk3xFuqUYQZDGs1FcWH3uSbNF5FNf55LNn2tdJBhRkzVle/xFlEQrrqkpYurfD3+g+3dl7qullbMOHu1RzLD77z1thIIffuxv6i6Zp5sKEbEvNRy+cj7R2ZUzPR68ngkzUtji8LWPC41iotLenqCF5svl5SUmFYaLBui/wdR2kTXTDXYHWpoDx5uPPdOZ+DTwiKP25PX1e3TWDC/KF/TAj3hz276UnFBfp5TMj1FRYtuyu9ovXjkg0s9NIjs0g3p8OEPGk+ffeut3/3Dj/6urLCEX6mWRQAuURxv0FFUiN5dQ3FoqmJISrdkXvCxI+cjH3x86fjJYFt7sLnDDAdon13oLnJMKesM+S50XG7R/B2K4dODusKCsuKWvH8857YbS68JqYGrrON3Zw+26sGrxc7LivTZ2U6fqWpm++H3D505fXretVW0klXd5Hds0VFLtH/lWC+RBj8+ivcbya8YmDod4/AuBsORP7z7Bwqdjx49ev78Z1dbrkZ455YGXU+yKm/Q6mTRAz/ZyqBp8yguLKW8m979oOF5+99OhDT1/PnL7xz4t2uvXUhr3+HgFwOsgxNrBtDMJRcQQAMAAACMJ4boiE6OZas4QKYzDVVVNZ1O4zTrfMHqYGdctH+W7I3JROsek/dCxMNnOsuWmRTQ9I6uUGe33+8PSKosUeBMb72keTwer8cVDvodpllaXEDnsfQKCq3p3IzO0LSI1tHZcejQoZf/35c/OXWKAuKp06bRS3p6fJdPn/b19Fy+csXlcnV2dISCwenTp4VCYZq2z+8LBUOUHZ86fWbOvIV0RldSVjJtajmly909PR53ntPlKi0uDgbCktejSyqdDrpd7oiu+ds76ezQ4/MEQv4wMxZfdx3NfTgYMt1eOts/f/58SUkxpdmK4qQlo5NHF50E6nogEqHZNtHvPADAeGEyUS2XN1umUJTSPsqd6SGe60W0Sy2dHx775OChD94/8uH5i5e9bnd3e4uvs52++OkrXzY1p+qW6Ptfo11ViCkSxasut4t2CpFwmNJWcaWTUx2UrBbSLo1yRYfToYUpjJTExVZ6icZEE11T9M0b4RWeDG9eQU+PnyJEj6cg0KPpoXCew1FQWOJQ3a/88+6KmbMpCi+aUkCJMu8FNxKRIz6luyN06bPAubP6uVPe7javFvF3+7wqK3arfp+v89L5mXNnlhbmBdqvtHe1eVTety9vgGzwu39oTkJMziub4cgrC4X0QMBXWOD+3NLKSx6l5cOPr3RekWU3TYXW0v6332n3BR96aP0f3fZ5TWeXL19ZumRpaVmZ2+1yOhy+QNBqOcsriTidV1paTjeeuWHJ9Tx25c12NYqmxRGBZEohQ+7o8J++3Pb7S22HQ0ZbQX5+e2sbrUhTUmn32tnT3dXVWVjkdDjp2m7YqXpmlM8NdwVaOo/ToUQkZNDF5FA4pDpULRy+fLGZrkEvXrRQogBYXLHXJcaPKSPMSRfufRJr7o6cOR840dR+9Kzv9CXXpXYzFKArDV6H18z30lvfHvRdudQdpAve9Iby0tDdstfN22fr+m0V19/imZt3WXNIxYWm6iy9+Uqw9V9bj59Xfc6Sgi5/t18Pup3uXbt2zVu8sHL2XI/qoMBYlL9IOBKwjg1E+2V+qYNfnTfkq20dhz84vO9ff3vw4MGrrVd7enroGIZel5eX5/N1x+o+80sUFFtbhxbWC0tLpuTl54dDQdnhaOsO0OLSFfHLl1reP3x40TvXfuk/fVGWeVcZ0buyxH+QCwigAQAAAMYT3rRD05wup67z5iHWUTabrMwY0WkP/SdbHe4Fg8FxcUekFDvlMqM/+V2gEXFirTMzEApeudruD0TCvHakygtfiLNHOrnS9Ujb1a6Swryy0mLGGwbxu00VVZWZ2tXlO3bs2Msvv/zJJ5+UFBYtmM+j5IZPTnZ0dLhcbjrNoxPd+fPnu91uOl8NBoLBQCAUjohTa8PhMC9euhQ6qN2y7Nblt3+ls7uLEoGwrpWFwy6ni87jurt7DF3vuNJCGXd5eXmXz08P0tbo9eZ3dnV19/i8mj63uGTJouvMULg4L7+js41vrjRRfqetzDuokiSKG1pb21qvXp0+bVpJSQldLWAAADAu8PtsIrx/W77/UikeDQe11k7fztd//W/vfnC5pTvo7/H7W8Oh9tZLXVJYp71OWAsxg6JOk3LrUCTIY0WZH8z4evyFhcX+Hp8kO/PyiiTmMFlEVujSpJsiVNmhSjx4ZLLi4J3jSrJGsbWp986JyXs34K2w+fGQ5PQU8qRaVVrbzrNQa0HLlco51xTmT+n06c+/9E///QePl5YWSBGf2tnqP3umteGQ4+o5NWw4IwGV6VrA73Wquj8QCkWKZ88yuj7zXzytdfU4pXCRSzJoF+xyapquRXTFoYb8klk81V1xTVhxuWRDd9LV4mBpuevmLueH56QIi/glqUBWSvOdl9o6D/7u3Z6ertBfrP/iF1dULVwQDIZUVeE9JMqSovB9n1USpKiwsCAvf0rJFK/XZZgaL45BYTvT6HeT0WQvXuo4fOHK0Z7QKVn1K5LS00lHBrq3wKM63ecuXAjrelFBoWQYJZ78cNB0KwWlpVPPu1o6QmGNGbLi5h1CyLz34KDfT9cOXv7nf5o/b86ChQt5lRPNUMIK01TWGow0nAsevxA69mnw5NnI+YtqhNa2xsud5KmSJneEe7p6OhySQ1Jkl9up07EWzb7BLyVrSshgxizFU10839uu6ZEQHZMFugKLiufMdU27LHWf7Wrv7ooU5RfwBtsR/d/f+Tc6bPveX31/wYIF/JIDYwO0GaB10dXV8847/7Z///7jxz+6evX/z96fgFlyVWei6N475ogz5ViZWaOG0oTEJIQYTQO2sbGxgcs17rZpbN92N8Z93dNz+9ndzb0X+/oO/bVfGxvjbttgEDYYC8SMQAiQECAkIYSkUpXmGrNyPHPMEXu/tdaOk5lVEiCmtqSKRZE6eTJODDsic6/1r3///8bq6iokv5ALOa4bxxH8D/KgyaIyBng+7JxkxFDYDHrws7PzWZZC38R24MzdNMmzFDIrfvi+Ix/84N95vnvVVVcCBm6I73widfygUWtA11FHHT/yqDWg66jjHyRqDeinWZSk0YD5dckAZ8zznOy/GZQBxJRh4lxKmXfa0aBPjoErfwGcBSgViTL4jqm2RAVVpWv45H1k6HKgkBaGyEr8T8nEymZ/Za3bH4XDOIIC1HZdvMecl7i0OLFtc26qM9VqwHsCOfGq1+3fe8+hL37xS+9+919f95HrlOKz0zNzc7v6vf6Rw0fG4/HCroV2q52ngCcX0zMz/V5vE2Dgbk8/TrYDdaiAH2ks+/4jDywuLU7Nzo1GYZRkjucLKM4AMxDMdlyBlPMyStNSMQCd+6MRjL4bNB3XW1/vFmkOJznq9+CRXFxYmpmZhutC/yXOAaSGHyHPSPBGo9FqNneiz0/8l7rWgK6jjjp+8Kg1oL/n4AylEbhM81QKEafFvYdPfe7mb/3Zu6758pdvz5JsbfnoeLQ87q3IHB1rFcxZSmKigoCgwu6pzODjEicaEfgtSGks23Pcpmc3TcOzbc+2HMvyoOeKahvcKAvYVkILM8tTmJtw2DlOQ6TDYQSBD2eTRlGr0TbdaWY2o6gIZnanvOxHm2ubm47rTDVb/bUNS5bP2DUvH75/9LUv5ffdFYz6dppbeTk+9agZRemodOaX7HZgjkf5iWOqu1zEPc9VogRwtuB5JiALy01AOAuES1veZVfx6YXBqVM8CWUcA+LJXTFl5E4aDzfHqck7cvCLL7uiHG2sjZOTK2v3Hzm8Z8/C/v37bNtuNODqOEzbcAVVmsIxrzOxP2zhRIhLg6TJRV5Gkvf76bceWbn+6OqXSzZutP0BtHpHseKApZoAZ3e7fcux250OfBrQaC55kbDdCxdbjhsX7NFHlk8dHRkwQ6Pcc46qKSYgtsXm2vrG6soVF18M07YRs/KRMP/sg/GHvt778C3hzbcP7z2UbfYDuCQJwLs95PHJ4WrBlc24z9qO2eC2HVp8aMnQkYnDhiYbytxM+c/tfuGFfMZI8rwsygzSVNNznSTsdzod+Mjpca+0IVspbIMXUba6vLK+vHrRhRdPdaYB+RVcK3TjU5bBmJNANTw0/f7wrru+9b73ve+aa95/3333HT9+bDga+pCTwOOXJJDv5Ug2xw8aFFrXCwBoslhEYsLiwm54YNIkBVzcD1wYYMhbYENoycdJPBqNYIfnn38AeiGYYpWlQHdK+V1lqXdGrQH9BONcpxvAb/anP/3p97///ceOHVtbW4N35ufnzzvvvH/yT/7Jz/zMz7A66qijjjrqqKOOJ1lIJU8cP6WY2rt3j86Oz2UxDlqkKdIstwzztq9/46abvwxYp+c4+/fvf+azrlhcWESileBa20IDuGzCm2YT150dROQf7cmys89dH1Uh9swFiWmqvFCRzE+vbYzCFDUuTQv6DI1mA85z2B0WWR64znS7NTc91XDMQbf7yCOPdDc2v3nnN6Ew21jfgOuxAUu2HCjaFWiYSAAAEABJREFU07xYX1tfX9+YmZm96KKL8jzr9rpFWcCRH3n4Yajc8iyDejfNMqjhARSWLG+12oNezxJGb3P9ox/58L++4AImTM/3Yqj5UYcR5RjHURoEnuV6w+GoLIuNfm9pabfpOBsbfdjA85tpWTq+8FvNNM5wpTbCFcpEpr5oBA3NWoIiHGUZhXhca/s66qijjjqenAFJSKkKbljLy/2Pf/ymL9x0+0PHTnq2SJP+yonlPBu7gPEVeZkUMF8ow5ayELwAcNmyHUD1UFKjTA3LaLhtxwqiOIZeJOCVhZSubSohSwnzNQc4Ni8AWOSArpaIMYYlqm0o1GNQoshzPXnnNIm0O/PNxp5NAIIDrzBjbjeD6X0oSdVfXt3Y4PHooqlmfsdXR15u9E/Z0YbJ8rA3gE4vV8LyfLfT4gBub5webCznYdcxc8crRQmtYIkXawD2LKA5DEi6UHbOHe/gxcqfAjjXttG8rszLTOWWsjjLr7pgdyto3t3te75zZSc8+I/2Zzfcd2gjXzl+6s/+9F15Ub7kJT+WF3B1hk5GGIHNWzbExHpGijdMyFGxmpZHVzbvXO3ex80oaLAw7p06PUrTHEasKJNevweQarPRhia7BLTXsmCAAMjGFUmNWejH71po/KMfv+LYkX7/NJy77drNRPVKFdqBMw6HX//8Vz4t59/80lcnj64MDx3tP3TCGCbuOLGk7DhBzsVmMk6zkZWLjBttZ5fn+ZlIpRRxXqaukTqiVDwto65KoO3s5uYr9z1vF5sa98eeJdIQTq2c68zLAjoMvGO4P7H32e12+7On7trIwwv27R+I0ZHu8te+dts4/n///e/+zsUXXWAKm5azMexvwMiXEnrkhw4duv7662+/4/YuAO39XlEUgR8UpRyPB5A0wc0pmLBtC0YO3gQMv9JkKwqNPsP+pnGVlTEaDuCJylJVFjxJCtdpwPjAQwrwNDxbX/3qV0qZ/rN/9s8vu/SyHU/6U8PI+qkV/FzO+R599NFf+7Vfu//++x/3p894xjP+8i//EqoXVkcddfxgAX1F9uSLJ+dZ1VHHDzGazSZ7ksUPckrD4fCsd841BjTyYTgClSdPLd98yy379u27+vnPw9pMoH03O8cGZCuDxWqFPGqOHTvxtrf971meN4KAleXq6tquhfmrn3/Vi178YkDqPdeFopdVhugoAaE/Dpgqetkj6UbLBX7/WD6dUeUGSSKZaos+Qyi5/m+ld1zZ3ldXIdF2ELlJqijVMEyOr6yNwtD1G0huRqoX2sRneQoIcdN3fduFevfee+6++Ytf+MYdd2yurZGohu24DhSi5x04b3l5+a5v3XXgwAGArTdWAIJe27Vr3vUcqN+gmE6TJMszOLTlOI5tJ0liWaak6/c9XxaFZVpJDLVuc2HPnjf/+q/vPnD+OE3DJEWtDEv0uj04K9uy4ewbjQCAgjAMYTwBzebIFZMbG6utVnDpJRf6hhEY1sx0R8nCEhzKbShWBXUDSMdcCTqokpqdztj38gz/IH9MNja6rI466qiDsdnZafb9xpOqlNBOtlowF/6c/iDWxErtXC1UzYl68tK7jdNsGKf3HX70wx+5/tZb74aJtNdbC8cbQsVJ1IWZCNqgADs6pgEYJLfcHJnLmed3mkFHGPag32MqB4xUSdO2kL+MhrswF5OtoelYaZ6xUkFqww14B1fkAEibJiPUpEBsGnuYCOCi9rSQDD7izcztH429YMo+euzRPXv3rZ5ebjfsUfdRNjhpZ8nz98++/rmXXj0/P2uzqL9cJCM3MPM0b04vJv0RU5nT8uL1lWzluA97tKTyynwUutwVyizzPC4Lx3agP5zh+qCmOXvAe85VSW+UxxEXBSKajhG0GtHacpl1m57LlL22scHcsjXvl45x70D8xQ0P3LcuQsvatWffW3/rf33lT74icFHtmqHOBkdTD675vnB5GcluJFm53AsPH1v9+ih6pORxs9UYDPqFTISBwh293mizu9potW3HK3JUmvBsB2+3YRrS2bN4UdNdAliWhCm8//ZnN9z4qXvtsg0t55e96rJpr/3Fv79lr7m4T3ZetedZB3NPbPaj/obkObdMh7my0LpmvBQqU4llCsNsWpYfYwO8KA1sJgxUMZT5II36RQyAMs/NFy9ccSmba5qtLBzkaYgOw9BzcIIsTYsWk5Ay2CIPjFtWHzjRXTuwdw/c4w8e+WrXZaLtPf/q5//Wb/2vl1xy0CadE1mW3W7v67d9/aabbrr99tvXVtfiOIb2gx948CxFUWIIE/r22pxQP5+QAcEgwtXjci5sq+fEZYasWezbt78oFCQqvh+UCFJD0jKenp5OkyJJYLfQXOeua3ue84pXvOKXf/mXzzvvvAkzHZ5544n90jwZa64faVxxxRXs+4pzF4D+xje+8Uu/9Eu6moWU/WUve9kFF1yQpumpU6duvfVW/X6r1fqbv/mbK6+8kv3I4sbfWnrTtezgf7z1prfuYz+cOP7nr3jB24+w1713+Z0/weqo48kQNQBdRx3/IFED0E+TmGRqUiGPNC/LL33tK8ePHb/quVdedumlUGYCAC3YORiVPTqUF+S9p/7mg39/3UevA3R1qtUp0sxzXIbDhW6EnU57//59F1x4wa5duwCMnpudRYVJZMcw5NjgQktCjRVJeSAoCpC0nBxI269XaPIO6vQZazP15ooqfyiioX4OxyPf97FIruySlCHIcA+/VjtH1pJEghWU193BIIzTKM5WVtcs2zctB7YH0BzOCBWeoepK09Mnjj/8wAOH7zu0fup0t7sOR3Vd1HSGPbSmOp3ONOwuSVK9gBTg5TRJT546kaYZ7CBO4yRO4ARxma9lQkUJFXWBxvFqOBohZwphbqiEsagr0txy7AsOHlw6cOAXfvlNhRC2F9goPF3AXuC8W822MEUUJ2E0LtEwEQcSxm7fvr2jKP7GnXfmuXjJi65sOGxuutOE0hBGG6p084xajvzpv8/f4hqArqOOOn7weKoD0IDOlmS6izIXlC+Y9Gd1Cyz+PjIlAnkZAb1VUxbmWJkXhmHBPqHXeM/9x9//d5+8/c77hqNxWUTxcC0bbeIyF0OkWcxxzuQo9QCThGHDPMaxdy5NARMPdD09mAVhEgEUlXwskBCtUJrDyrLMEALmL9f3YRqGCcu0zbJIhWmURVIWKHiCkz5ujDLRyJI2PGmw1szu9UExs2vvyeMPWAZv+q3+5krTLlpWctF08OMHdr3k/PlFnqZHH3E9KysKp9Fg+QBmVX9qPh0O8o2VIhwInvheKWQJyYUs4IoB7YbveF5KS9iiVJksQ2H4ey73dl9aNhuyt1KOBrR4idlTgMtG6elH/ZZp2DzPkKiNLG6jNAM+MNjhXusvP3PkgRE0Y6d2X3TBL/2zf/Kan/55uIpSlZYFo2EQ95kVCsDQcSEHm8P7V3pfW+8dzsvItFzGASwdw53w3MZoPBxFIxiAwPfhXLMsx4RCauUxy/MaM8H+hfkLAMVlBTOYXSrjxGb3phsO3XrDvedN7/6tt7zRWzfuet839nSnZ0bSGUQ8yWIVS47qZYJZHG5EmcI985iDt9TymO/kliptVRhlLouQyW6WDFk+ymD6LwZxYkjxk/tftE8Foh8ClpvJKIxGU815yDOibJSJlLdNuFVwmo7rjrIUzt9xhGgEN64/+qmVu9caKRz06hdc9W//3b8577wDh+6972tf+xqAdYcOHYLMH6BneHgajUaeoxRLUcJjgo6FihVaKAMfIcs2jUraAVPlssI44f3Z2TnYLMvgsxJAvwwzqQiyI8ydUCdaxnECOwGwHvYLXfYXv/iFb3rTm84/f79lG/TrUyUt3/X3qAagn2CcowA0PMcvetGLVldX4fWP//iP/+Ef/uGePXu2frq+vv72t7/9wx/+MLxeXFy85ZZbPO/7F4f6TnH0z1/2orc/iK9ed83yO1/Jfhhxw28uvfk6fHHJ2279wlt+WKj2Y+L4jTewV/7Ej2z3dTy9ogag66jjHyRqAPppEpNMrSgLKFCysvzwpz6+srLyv7z5V1zbhkLPsexzHIBO0yJOs9/+97+Dgsabm9Ot9oljx/ft3UO0KWNxYTHLs83N9QSg2SQNgsYll1z8whe98MILL4T0z/dcA1fCIjMXyhvAi7WfoRaI2DqYLuahgIH/VSbp9BGim01s1ul/+EPAWksJ9wvKG6iXmMJiCb5FXUei7WhRwiRPCe/m3dGoPxqPwhBqpG5vePDgRUWBiDVuk8V33Xnngw89dOzosdtuvXVzZXV+19zuXbuaQSCLHM5oZmYGcOS7773HDRoLCwue4x07enRhcZfreKeWT47HIRRbw+Gg1+9zgzeCAKouIlpBhZzZlp1lqRAG1F2QG/u+ZyCtzNLYOpR5pu1CRftvfuf/+4wrnhnnBZRrjgNXpDY2N1utNpwyVPIPH330wosv9n2Ap81Tp451e72Fxb1laX3l5q+/6idf2vBk0/OmGsFsuwPDZztnqP/VAHQdddTxDxtPdQAaLdbQlriEiUxAj5AcX/WPvn8Amkz+AHkrEcsrYaorEONmMOeksfr0Z279qw9cG2V5FIanjh0xWMSKVOZonSsEgUtCL24xAAJ1Xd+2PTg9mFeFsDzHh5YvzIMwdwACiIxndA/mRYHiCTCBGpZZ5oCdYr8W1aKwY6po2kWgnVYNKe36AIDi1NRsEpW79190bHlz73kH19Y2vZYPZ8ziiI17s2zl567c89Lds7tGmw0m3U4nXdtwXOf48vH5C85z81GyuhL1NvK0O7XQtEyZjkYW4t8kgAEnyyyJXFwJyLeprLIwxqXpX/aM1v5nK2smXz7GVVQmEdKfZwPHSPsnHvRdZjgOAtAoD4KOi0wo4VqxKA2nc9eJ5C++fPKRnp06tjvX/L3/4z+98IUv8lyHOtSoUiVVUsr1qLjn5Oo313vLpTHsh6csh0WjIgjaM7Oz/UFvs7uRFylN5U4OYGqWUg8dOgaIHjui0WzsOn/fxbwAtBf6xq4qGNwagPCt1CwfjPb359W94+y+zfFDg2JTWbBdwRwjGOa9RtPvbQwMbnlIS3e55xU2k47BHUPBneEqZGoziRJVJCobS7lZ5r1inESDBbPz4rnnzslG2w6yKNzYXC9V7gij400nRRwaMWuYmGc5doktDdMznEIi+dixvJFQH+8f+tvT3wgtbrnmFZc/4/wLzgfceTwaA1LX7/fhAZiemQrDCMYIoPYoDj0PevMOAtESGhKo0wKZjKSmvsajMbHJEaUGgL7V7Hi+u7Gx6bm+49rQeh8MhnmRBH4DPoYpGTdh+NMkg1sGzxsA00EQvPBFV//Km3/54EUXkqh09dtUA9BnxfcNQJ+jGtD/+T//Z40+/9RP/dRf/uVf7mDvY8zNzf3Jn/zJS1/60n/9r//16dOnYeO3ve1t335nN/7m0puu2/724Nu+etNbDlTfHP+zl73gDx48683Hi3sfPGfFN9EAABAASURBVMpe+Z02+N7jyD1w4B8FQrzF2n7lD8Kwvj3x342T4iU/Zd358/8Az+HRjyWXXY88pf/rP7n/aonVUUcdddRRx5M8oOKCBDlKkkbQfNGLLgDcGb5tQPVCJj/s3NQkkVjrQgXy8L2H+t1ekeW+50NBu2vXLigzAJntDfrDwdCGV7bVara9edSg7HZ71/79R6CYMUwxMz0NA+u6zt69+wDA9TG86ZlpeAfKiVarBUg0ahZDYUPFvNAsZkKcofDDNcKT09kS1SgyJOZYhgFdE4CefRfKbym4pYiYg4Qpg2g7UgBevdHvrmxuDKM4DuPhAF1xrv/k9VDYr5xeOXz48Hg0gkuAytQL/P379l5xySWOKeJx5Dnu7O4l2EkUhceOH+8PBh3DWF1ZLXIAltPNTROuDnLdKIo0Yxu9/hyU6dDVO6EJJuDycDlw6kEjIGenHEp9qMIY1vwCyvtCFqbrfeFzn7nyOc9xTRPO3GLc8TxjmsGeZ6emLHKfj8YhDON4PFpYWmp1pizDExxrvU4TxhLq4nJ9Y4NJNdNpl6jBwQyUKKmjjjrqqOMHDw7TkmWJHFuSCjBxADP9AGBfe8JiFt97bgB/qKERi41QgElgBjENa31zeNNNt3/uc1955OjKRn8jCgEOXVFlZBiAwaYI5dH8J7hB62xsLtAf2YCZUNjKyHFKxP4rvoPwNKDTqhCKJldccwSzEprTqhxtAwyBir6cS3SrNUWZZyitUCq0yVUlSVUw2GY0HDfae06tDjuzM48cvd8suFH0Wdi7oO2+5Ir5Z81O77eTfbYcdJcNyzn16NHpvXvh8PvmZ0ePPjjqb3Ie+U7Rci1VoBgw+haTVQTNTxz9eJFMC9O9kXMnd4OpAxcbs7vSXLJkk5cjmM7jImvtmmYqS1ZPumVkmr7CVWqCVjeRNBqcrZIW9MmTwaXz3i++8IK//eKjR3Mx6o3/6P/6o9/5PeP5V19pe65iSVas9MOHNgaHN4ZHRvGy4mU8DBkD6LnTXAyyNLv/4SOAJLfbTU804Y5AyiBQkARb3QDWw0FtE2byuYX58xX2AnImvLRQMMxeak2vN7zjLLtrmDx4uHwgYQPlZNxTgvkqN9QgHAOoPdzIPct1/CbLpbA95lmGbcCpJybA/zLO07gsIyVHvOzl41iW47Qo0uwCd8/z5y+ZLTt5Xo7zWOYJs4u21XSEkxbxUIa5qXxhCcllVkAHG7oLmA0J7gJOr9g0N54/d+CEiO7oH5OutUKxsbERRTFc1/T0NNwBeGDgepM0tWB8fR8eyAJ2UubQDme4Mg0p81r/TBHvvBS4qKzZaHq+32w1AcX2PA9+SaAZPxoN0T/SsLRtNWfVOjbbsehWY3bW742+/rU7IKv89X/2q3v27C5UoYkCW7Tdcy3T/qHHuQhAQzHwV3/1V/DiyiuvfNe73nUW+rwVv/ALv/AXf/EX0IGBjQGJhgrksdtM8OWd8eDbX7T09jdcs/yOJ0BoPvCWa/7jB2APB//jNd8Rnv5e4ifeec0brgOA+HXv/SFRqs+KG34Tdl5HHXXUUUcd52A8dt3YlibDVkr6o8pNtVGeAal2YRrm0sKiIpVHjktZ5Vkndo7kx5qoi1Vsln355i9DmYGLJZUyLMBF3SxNkySGwkOX5aQhGM3P7+p02mEIsCw/ePBgnudxHAPkCpXJ4cP3h2FYyhIAa0BXLdtaWJjfvbR7amqq1W4tLiwuLS3Nzc05jg2VSRAE7U4bkkNTaYdDDFQbJHYx3KBSyjRHmWlAdUd9gJWNRx59BB6WQX8AVZLtOOsb68ePn0iS5L7DhzOlwjjpb/bztIAiqiygmlKddgfqq5lWZ+/Sbr/hDwb9hh9wWZZZfvi+Q/v37XdcpFefPn0acPJnXPaMJEmhItVP44kTJ3HVKtLEhOcFyGu2zJKcfaDIgjOGrwBAwwhZDo4PlIOAVgAqDYUcXIHjOljaCSxxDYMdufeezeXlZz77OcPhCJCCKI6ScNhqtqBWjZJocWEeEOs0i7M8nZtfGI2W52dn7rrzrumO57liZqZRxllq2OtrGzDIruc0Ah/ujqlVSeqoo4466vgBAv/Oo44wA3ju0OHDN9544zOfcTnMVtBPhRnq2wEd3yUQ2JQ6tYBsIivYN+46/JGPfO7Lt9yeKx6F497aUQAUVZ4CaJuVqJMrGK9mQsKP0ZpBKtNySmQRZ0RNxQnRNAyYKeB0DVtIIhjDOxIXeJXwJrQ84XQNbtBMilpVRJ3GeQvwTb17gogZzN0w0S/tOX9lIzlw/vknVo42HDVlFY1s5ccu2/vi/fPnt7JpwBtPnBqjR3Ha9hoLu2ZgQsy6G6OTD4tsMD3Vlh7A2xlThsqkRUB4SXvf7iqjBrCdMWE1dk3tu4R3ZhVMdaONRrs1GK0Buu62W4Yp4+VTLBq4nskEyiZLmGpRhQQVQpAIXqSObZes9Ir4ebs8/opL3/m5b6VF++RDR9/1x//V/O1/9swXXDwYn1jZvHNjeC8X40jGYTGKo1HLb021lzizjzzw0Dhan51ttac8tNxTKG0MAYNA/0UHB1kYlt2amd7je034BgXFCsPPHGug3KNlfvPa4PbQOp2qOLKV2Zye3RwNDZmv9TYK4k37Xgu52EqkhiUatrRNZWC7PZNFqtSwTEOWxnnRC8ehIUOej4ZDXzrPnjnvBXOXN1M7VtmwjOHSfcGhY+8YFozkSCVjs4DmPz6EmCMb8EjYhq1HB3oUY0ho3GKc5X5pLrSmRo564OhRuAsWpViQb1iWs9ndTJOuC1iy52OKUgDsLW3bh1sJiQz8r8QFAFIIzCnyAtn0pGBueJ7vOm6v14PGBjxarVZnOB7A3bVM27KNrd8L2CNkgJACua6D4DU+b2IwiG679U5okvz6r//a3n1IVJxYGtbo8w8hzkUA+lOf+lROJcF/+A//AfJr/eZ73vOez33uc/DiJ3/yJ3/1V39Vv/l7v/d7v/RLvwQbf+Yzn3njG9/4mD3d+P9o9Hlb7KLSX2bXvuk3X/OEJJj3vfWm5beyH2688h3Ly+9gddRRRx111FHHE4zHrFQ9Q/+XVDDU5MVZH6w0fA1KZ0kt7oeWnlZnNdmhJGqOQOsdww8aOdJzJNRyljDFuZcT68HRwLtU6CydIb4ZKPTEi7px5OBqS7vZbgGanGVZs9lcXFzs9wcnT56Gz4YhVD3Z0uISwNYAt3ZIQDkKIygX8115ksZQBQGGe/TY8YceemgMRReuAGUIy1LLAQqzJkYL8OhGo6GfHHgQoHDCPZQF7CrLc8CXsyxNIqg/HXgNIO9oPMLtDQPOiiGHS/iBH7Q6sL0trFYLIGaGuoSqgIILsHKAjk+eOiGL9tzMDJT9eQZgOZ42XPfp5dNQeMEOofoCsHs0GsOJRWGoFUXabfisofHoEmVA1NYjIlB5s4TzQfP3IocfwVDAxnAtkuAG2G2c4gpkA/UgRRpFX/nyTS+6+nlmuzEajqeawXSnKQxjeX1NondUvr665jYCy/W6veHy8uryqdXN1dVX/qMX+q6RjEbtRpvlCgrIkyeX53fNGsR3M1y3LuPqqKOOOn7AgL/2eYmCBPD6gfvvv/wZz3jxi18Mkxc0/Eo0AOTfC2RW5TmAZ5bIU7Xzgq+vdv/mI5/62GduHPYHRRZlaT8crJmo6VzYguFKHoaosUAFXmhumjADKhKsQn0s1Dco6RsBzV3AtREiBMS5ZElawsyL7eOiQJC2VDB7lkhDtvIyswDWxfUyKCqdF5ltWwDImMIoKN+CWd5yfG9qdy/m84vzg7XTe1xnX8u7PEie2Zm6pBMY/RU7w3l8OmiMuwPP9rlppeMwf/Rw2F9rtHmwy0HtCQC2AarlGWLdJJkhETYm+jL6IrLCEInh2lN7/YWL8swSCaLxACiP17uqcN0pG045PH3MiDYt15AOgLYwgeNnOc6k8BKlsxmctIAuM7NNR7D4igX3jS85/69uehDayyk/ff+pG/nR26PseJJt9gbrcNi8BJBfzu+a9925k6eWjx5/GK55bleLEwdcloLY4gicGniyCPdnqfSdmcWF85v+VJlnXFgs5NNxxzpSyjvD7K4BOzoyImUqt9WZ72bdBzaPp1loSzjltqdcYZqxrRIXWudWYHmOG8R5msCJlMkY8ipLbubhSJZhGqZGvhmHqhB7vF3PnbnkAmfRilleJpv906bthuNYwH0p3MRIQp6mrHBtyE+NDJnGyHtHdRbolkieCxlZ8oSIv7bx8INJfy2PNtLuMI1arUaWFZCKMBK13tjYYLj4z6QsBXBk5vsBiTzDk5DxM5NtYjTjrwMM1/T0LKB8kGXBUwcfkZgq59h9h9zDQCVy+ArPOvyCQC4Hb5qWASMKx03QfhH2UK6srtx2223NZuPX/pdfmZ7ubP+G7KCb1PH9xbkIQN9xxx2MNGKe85zn6HcAegYwWr++6aabdu/eDTA0vH75y1+upWTuvPPOxwGgjz54L/334BtePVG62PeWd7/tAyTrfN0nbnznT+ykIO9Q6ngsYF29M9nmDddcw960TTTewafe1vR47z/+wJvfPmFf75T42N4Jferx93mWReEZVO5L3va2y9/+9mvZY5RDJmdL8eAfvGDpD3ae2xk//X5UrZfT5/6+3N7BM43oN2x6Vfzx2/LfXWdsTtz3FvZ63Gaim3HWR2CDtzsHdu5zIvRBUatt1FFHHXXU8ThBjnCVgbx+g1VgNAktaN0Ehms/Nd8ZMmnkcrpo4IZ5gqrEiCeflcSbMdgPlqpOdiiVTrLp3EosNOXU1LRlGOPxOHDdOErMIGDnUkI8GRmhyVnwn+FwuL6+Ph6PNtc3fN9vNJszMzOMJBVlgYZCjuUADgylrG2hBgWAzZwvwKfuO3Qf8nmT9Pzzz5ubm0NBT8UAjQU8utVqQd2y23PhFoRjBKaLPIuTGCoXeBx6/W6aZqurK1DAmFAwFzlW2CgGQuW3QmkOzyVJZWE1G3az1YAb53sN8mH3LBsznF63BwUPqi7bVtMLYPssyeI4Ou+8/RubG61WEzDifrd7/OixXQu7bEOsrq4laRJ4PhxFIkosYeP1zU22sQmll+04AQkxw/4YiUxD5QjFVZ6lruOiQyA8q8jRFqxUULgKUz+iqCyC1LMyR+/BPIdtYIg830ZnRMYHvSGM5803femfvumXdi/tbng2KWVb8Bvh+Ht6w8HJU6ccruaazd179g2GowezoWXZP/ay5wcdD3afxFmrAb9BRcN1Ez8Io2hmdgbvHRkHPc5vR13Z1VFHHXU84SDKJzdt+IstL7no4lPLyyUuAzLj4SCDv+oWcpO/65/VNFcWGgEWJkfeMaBwhmGt9dLbvvnA+//uQ4ceeAgmo2S0WYRdlY1YmWnNg5L+XqNvrxb5UDShSM1RRhWONIrJLI4BvswxN4I2em46AAfDFIDtT4F5FYItyJktS4u+4sRgCgCQASYskgxQXkBdlbJgRoNx9xrFAAAQAElEQVRWLu7esN3ObifotHw7PHbo6rngx85b3MXz83fNFqePzA543ouZ4faGXXOm2WwHPEqGDz4Qhv12w9q1FDC80pwDCg6XAd1ZC70bJOV4El37BJwCwMWZYKI915rdn6eiiLPBsOdbAWcDwIf9YCpvBW4nKDeXRdg1TbgBpgTQHJIO+JRihiKdKYXoe6ZK13dlmjHENhOTxc995sJg7kJ1/vziJdPtuXSlf6cUYVnmSZkFbhv66J3pzsrK6Ttuv6WURbMNADHCprDrAuZn9A0m2wmYtTPIAzK4D5Y5t3/vJdMzC1kSlyFbkPP8m6l9R9i7+xGnL8Sm2WBexrKUpydGx4dykJbSlg7ahxgesx3l2a2WJwEpLssUTSbHcRnnVpnC1ao0SoqhSntw4yE9GY+n3ekXH3jWPt5pl3bUHY3K3Gt4MHgAEjdcw2Z5wpNhNGaBLTwAm+FOYnMex5xLy+DCkaMiX3aLL64+cIKPj0Ybp/obAM8HDVdYlmlY0pBra6uO42FCZRiQ87iuC7fGceFBgMcDUxR4pDNFemZMjzMKkUBuBtvDd41GEATeeBxBok5u0wbqOxcp5C2yyAEHt9BlGvNDTOmReo8mz0hwVqoRuGGYQM8Dzvzk8eOf/9zn/cD75V/+pUbD00wUetDlhJtSx/cT5yIADSUKfL300ku36M+HDh3auQF8qwFoiKmpqc3NzbW1tcfZ0YP3aMj2wWs/ffytE7u/A2+5afktj9307S960/Z3R97+gt86+J00Oq5905vO/Hbp3rMcBR98+5vffub+l+5573fkXJ+5z+ve/LIrKnD5LOAYT++Mb59IbLspbh/hTUvXve69T4gGjnEGUkxxd+m/LT0TUFav/321dWoTEecdsS4v+43kune5r8JvJrD1jo//7u/H7/0Hkpyuo4466qjjqRATiTfGUVQOia5E22EoqgAZLGariNeVkBinKa6mQkXCooS0WX+0LAssp9DGPdfEirM5098PvlbtQutthOG43ZmCxLrIMu65JvJJzl3QDnoAULt+4cYbT548EfhukZdhFAKyjJUKOuY50+1pgGuh/HA9ryygBkygCAHsfn5+XkoFw7hr166iLILA11ybKIoGgz7AxD2/p0UqbNuC0nvPnj2tdhPAU/gIoNiNJpY4vV4PdgU1odZWJhvDHOoayzIaQaMoSgCp4RyarSYkn7QItAmlVKvZSlAdJIFdwWvYJ3xjCGM0Hj/44ENxgsxoAKZPnRrEcQKl1IUXng8vVlZWAGHHxcz4uaQ36BZo4gRFGodkFZFlhlKdpZTReGShlaBFC0tL8kXE55lL6mGgvgcyrwH1Ruq+RMKWpkiTxbzMsoycrKCaNoqcxCWLYmN9/dFHHl3ctSCIPUSOScw2eOA6+3cvXnbRRfCrYJHm6E/+2AuhiGWGATfC8n0YAbgdjuNGYQhXOozHWZo1fB+O6ggkh9WIcx111FHH9x3wR5/aooj87t+/H6aYXnez1x/4KHbkQQJjUK/xO0RRQI+WFwqliyGxAOg5zYtjj6x/8jO3fOrzXxrEgzgcxONhMtpgeYjorERLOn1wVikmC21EAWcz6eDbJJ2BczS2GwVKORPabGRZLJAZjSAtCW+gvwXMwpg6EcLHsNdewBdiJXML/wMtfcENEeexbblzM3NzDX93i0/L3r4Lpi+fNXez5RnIxPrRqL8WF4gfdmYXd8/MSJmNT58cr570TbZrpsGsXIkMNbNLTPIQyuYmJXXo8KyK0pBmkkCjXwi/7c3MGkEnHRUsUxYMcgxIaDtOBOQS43jYmmomq0fVaN0VAFqj8JYg0i6MhoHUZ+IvQHIGmKuycomSzIWh0rYbNQ17t/2iF+4fN8VIbUjoDkfjfhfSD9jzTKO5qyj4t775wOnVk1wUQdOyYTq3yYUC/SBRYkIwaAPnaZFM+dPxOLfs9oUHrphrLrA+n4mmvdNefvug/FrXPsrdIaDJqeM6VttN4KYW+WZ/HTLYwJ3yXEDvXQuQcdcqHLgpKYCwpcFDWaQldNQT+L6fxYMMBSzGcdJNxj53r1x45sWzBxbLgPcSaFqHcZzK1PAgSchg0D3HzngWqpQ7AMcDYI6wNCDQ0GWXQjLXGRjZJh+eLEb3bqw/yAbHw42NXtfzvMCxoX2e9LoQtJLMrsggSBdoQxKieyiUWmP2YnG4USY9W4TEa7FtAKZNY2qqAxnaaBTCxUL2BY/WmJaOQZYO+bklDECf8T4hcwSRfHJCJmiZcH3I8R3HVArlv6Fzf2r51Kc/9Zmlxd2v+qmf8H178htTZy0/UJyLSBxk8PAVCoatd87yrNz5bavVAgBaOxaeHRO1ZQSUlyo4+OB/vPWmtz6e899ZfORr3/7n//aV30H3eWs/2vEPDvGmP3v1mXueUIwn4O91b/7N138n0nFFZ56QnR98+x/d+JZ3vPL4n72pgpsnXObHE7bWse8tX1h+yw2/ufTm69gZV3rjb1bo8xZjurrMHTD3d47ijz9B09iE9VyBy+vqY8tsm7O8rp71a96dV9Hr5fS51z/eR5j64O3sVVfBt4VGn9/4a9576CN6gyPXF398lVnzoOuoo4466tgRXHNqt4DcNCtIy9dA7xUE6co4igE4A9wQHe1sG0X3BPc936EwEGvW8nAoywt1jda8U2obf+Zb7Gr+RGnRRPXd3hhtWLL81PLpgxdfwhQ6fUPBZtkm1yZB51hocQmoLo4cOXLDDTfMzswOhgMANouc+FZpFkaAeYYbqxuAILue32q3PNeDewdFiOO6WZZApbF799LmZi/PM9jh6dPLCwsLM9MzgOcCuHzq1Cm4kbB/2L7f7xmG6A9cz3Wh9ICKDtDqZz7zmbuXdtMaT5km2dra2szMTNDw4XE5dvxYB8qmzhQ8RJsbG4D5huMQ9uM6Pn48hsqtgBdQIK2urcBOAVnudhHvhg9NiU4Uh/CsheOxIK9CwJv7g36eZXkGRV4Om7muDWcICDs8gZplD09gnuaA/EpFNC7i7RvYPpHaPrGgwhW5QKaJzxXAzYTda7rZZDAFABk5UYEAvTcRxNbEfyzTrr322iuuuAKqRANxBMQcTG60fL/daMDPc9K/brluYNt4LMPoGwCpj+DhTbK01e7AbuHkAfdeW1ufm5mGZxrO1aiXstZRRx11/AABf6FpaQtKMQCWBxg0JCuNZhMyBEZT5HfdA2ySAfZoCWirmwaAm/zQw8vvfvdH7rv3kc3u6TBcy9NQJrHII6SyamEwpuFWpX13tQAZI5NevXpMLyIXFLhQSQDEnEuF0wlOUxKX0ZimLRVmS5KRMa5k8CbuCWU3cmRko3EBL4qMqRxwx6KMG463p9O4uONePWctqc3FbNwahx17d9kbAIQ+ePAhv9XgjhtMB3nSi7sbxbDnGWxmGnBQALgzCddGa9u0AkNBeLlJ69wwX8OeqDC8htNeYuYcN32RFHzUg0uOB31DicKNHL/NXdZumnKwzkYnXFNxw1ZInkVGLeyAlahiBTsrTA54bsHRwy43uZpq8oWpZFdj1FFjM4zK9aTIx3nZXxvKNAya/sw09MKto4+cPH7sGPTKHd9yXAvGgxuldkRkpPUMo5dnsWTQV+DRqDfV3H3ReVc2ecPt2sZpK/9mLr8x4A/0xdpAmm6nvZR2RJSlj24eGyZDk1twbYHlG46vHAuGNLN4pgpIbiVRLXIl+2kUszKReZJnIYuGSZSmRWA2nrnr/Atbe+eLpt1TaTyI4pSbluNZRZzaXNomcwGiL6A/IHOD2fAY2RaOACYo0nKNwmQrxeBRNbwzPHkiGq2NB1GRFoZc2r0EGdHK6opjD9HtGXMPSwsu+z701w1IsKEpruFieF8vm4JvYWMbtkxzNEORmCpDctJoNqARDhka5BvodUHyYpA7aU4J0rEdyt6VUFpMfIe1IFP6Wyk4g4MmccyQvm0cO3b8Qx/6+4XFXS94wVX6Ga8B6B8wzkUAenFx8d577z127Bg8zTYtgXzta1/7vve976GHHoLXF154IXyrtwTc+eTJk/ojj7urV75j+dZLzoBrHyNMUcXrXqO/feXv/MeD1z0+vLsjLnnbNROs+ZXvuPVt9yJDWfOst3e45TF44C03vfceAoWv+8gN73zlt2McX/KPX30A/7vvrW973R9MxEDY8U9fq0/mdddMTnjfW2+65sjS9+A0eMNHrqtOaQtrfuU7v/q2exGVfvADnz7+lsdF5B837pafZexVcE0/70Y/D98XR5d3/pj/4lVbr42PvOsMtY0DV/FLrkd+9LeW0b39Y9+o4On3TD5y4OfN/+sb+e+uq9/9WPavfsNmddRRRx11nPOhCySGzOWSrLHNgmhEgPWNw/HyqZVHjx5dWQFk8jTkA5ub3ThOGPWwAfjL8hRez87OtjvtXfMLe/fuXVpc3L9/H+TTnU5DGDYzRYkUDJvp5ZK0apITVvxEpDkqWJBNVECwujRW11YBFIQkPU9wLSr8AEWHGTunJDi0xl9J0e8Nr3nf+7ubXRRoRiULC1oFyPx1mOM6ktyA4iiMwnGWpTBcQTMAyLjVakHF5bouqmdCdYLsGHth1wJUO71+z0OudDkcDlzXB0xZqRKqmmaz2e/1Hzr1KLyEysr3g9EQ8O0YHgZS3jDSLC1RVoJFUTIahbY1KAvsQ6yurjSb7QP7DwxHY3gS+v2u1rBcWlratTAPpdex44/Cp6BKAqw4jjO0FSrL0WiEFkMkjglPmmlYcFbQbJianjJJYUM76MCWRFhGuWZ6E12gdIMESjUo5AwSgFZIKcJPabgAnh8s5MgCHgZSahVzdCyEzzqWnYfhCFezmiY1U8ocnaaMz3z6M695zc++/OWv0MKLRBpC4Fvv1hL4aMOeFRT2ppmVcjoIDLgE14V9A6RuunaEIt1er9fb7A5mpztbxH59U1kdddRRRx3fYyAkp13zaLELIHceyjVIhJ6f4N9VAOQMpJG6tjcaZ9d/9qufvun2++8/Go3hr/WxNNxAM4GiNNHyF0XBJK+kxibHZ1oIYeuEINsp8gzmU5iTaK5hhqV0SgM4J8wtKU3fXKUw0ZQAfgMKjNNW1bxX+AmUz4Kr8ISHQtPQGC2y3a2pyxrN1xxYuLgc+xvLquwvTAdZtMYPdQGwdubmbatlCAfw+PT00azXF3bhuXA4znLLROnhgllccwDoQqT2RhCmzVHqIVeuL9qLTnMewOp4bcNqwAdQ5MFuz4so4TJjvhUXg0ZpqPFm0TvlWCi9oZD6jJJY2n6xADjeMfMyhJwtlVbRbERzQbonMBabiS97+TgFvDmNTMfY3BjFcQrTugXAaXPu1PLw/gceKsvc8YWNIlklEXjNJMq8QGSQA8KEyzHZKMwMO8OlOz993sEDzxCx19hssW8ydXek7uub63Y+jmDsS9NcG2z001jZZhSmruFB59pqNEXTh2nfFGbMy5yVsOccRsIx4yhKiyxU5UiUYRmHSZgWMJ039wAAEABJREFUedv0L55aeNbMhV5plNAZTwdJBsNnwQMB9zaMM5VBg91sGe7Ykr0kFMpwTRMfB3z6lOs5qclO2+nhaP2+ZGNdRGtR7+TGmut4QauRFcnG2jrcZshmYQyhJYHpWCahEw+pSIEKLSJJ0ayCkRJ0KQuUf+Ykvwb99aJwLStK0Wx5qjMDXXnowo/DiBIeF1ekAcQ/Cj3PkTR6rucb5H+oU2v4FC4cE/AwwN0rhGlhqk3aMpC3w07iJOGocMPvu+/IX/3lezrt9sGDF0CHBZ+oOmH5AeJcBKB/6qd+6oYbboAXH/jAB9785jczqh5vvvnm22+/HV5fddU2xvmnf/qn2q7wVa961bfb25aL4BnE4Wvf9LJLdlKhD15x8KzPkX7Hgcff5w5RaTzCwcsZA2D1CH5ispvXvX4n0Iy7vw5+eu+Dx9m3A6AvP3g2DIxbs3sq+vPrd+LlBy+B43w3lHwSN37iuq2T2I4DeNYPnqVP8m3D/FevKX4XJTjU634jnrzJUUxjJ1V5jl+89XrJPPC4KhwwTsuSLav3avGNu0t/e4eTOK2OsjrqqKOOOs7BqBaNKqWlnCuSjlbvzbNibXPjwQcf+sY37njwwYfX1zdWVtYgG46TlJNFu02SBfAVQDfNe0WeRVaeXl6951uHIM/GNaaW1Wk3dy0sHDx40fOuei5kq4BNV1gh1l0Gk2dnriTCe5YFIi1BJZvzAh16iqARwM7DJFlePn3gggsAHoUf2j6AfgQpnpPgHXJbsvzjn/j4ofvuA6Q1SRIY4SzDJrTt2CYSf1FBosjKDimWwM3O8mw0GuJ7KDmIDwCgugZiu25OLnyS7kWJLvNs7959COAaIo4j13HhJwDCBn6ALYd2G/JD5CYnyXAwgEppenp6bnYuTeLDJ0/Cvdm3dx983dzcBIga4GA40GgcAjLuuDYn4hic5NFjjwwGQ8/zR8NRjidaQOGloGYVhlZ0IfoPVJvwcQZYuX5IoC7KEKPOTWhv0BOiYWKsfFm1RtUgGJpDo4IqNEaNFg1GwLfwGUCdoajCxcKCIyPaJMEZfDTxqXNQcgTqwDziEZwGlLtk7sMBgv/EJz75/Odf3Ww2JjKIbMKGI98lNOQsSbJcmdho4Q3fzwALgCJwHAJWDQ2CME5sx11ZXWsGvmMbuWS0cHmyizrqqKOOOr6v0H/n0Y0QGpKmKenv/BP5IOB6MGkUZV4W1r13P3TN+67N7UYY94fD01HYk2kkcSGMUWqTDC5hJlHsjHRl6883skpJtWwibICCCYSRi7zMCKlmEkBKxBRRMBlwZSRQwzcobwy4oQFYoPYngLkD5laYjwHxbLv8hUvTP7N/cV+WLnaPNgc9nxUScNJez4COrS0NxymSxLFU7/RJpkKbJS3HzwQjxQoDJZ4LmO9ggkVZDLL9wBMzOE+lGgPO6Qbe3LzhtgC1lYXNDBsm1WwYCpmnaWQ1ZqyGJwB3LnOAgtWol403Cc9mJPtAM6/ERW8Smq62MWRl5BhyyldzHWP3XNQUXSdjQb45XHcaZpxEo3SYjJIsKebmFhk3IfO8/+4jg8HYAHDTBcBb4qwL+y+h9QuwLOqrsCpFRI0sbriB275k/2Vz7mJrfYofFsltkTgcspMjNkrdxh6rNTss+v3RYGO8IeFGxE6n3XF813K8whARal8BiIySW6ksE1amrEwKCTN1pso4T8dZapb8vMYCJDa7/JkFq1N2x0UySotkEI4Cz88FZFpZUzkmZAiBm/K0l4xizqDNjOkuwOdCcRuAcrXu5Y8Uo8Pd1WNxbzkd9ZK+afGp2WlyqFTD8RieOUirlKmiKMwzBhkR5j/QkqcFXdTM0BIbnCjaZ+cJpVK+7wP0DPkG5MUAkENTH9KkQuaALgOEjeo02PJH/JrUxknXhSTJTcOGBK8gMb2dCwWIIaAgjYQBh5SSSADZnXfedc37/uZfvOWf79+/B3XLRG1F+P3HuQhAv+51r3vHO95x7Nix3//933/pS196/vnn6/d3Qs8QDz300Pve9z54ceDAAfjId93tBImu1Cce/IP/58a3vvMg+yHGvQ8eZd95hw8eeaKo8ZMurnKjq7Jf/Y3y77bfQjB6S0DjMXHWxt9LrKv7GbuY1VFHHXXUca5F1bMsCJVjqOCM4FqSpo88fOxTn/rU5z9/Y6/XBbCy2WwZwkrTbGpqivGhbTmcG5ub3c5UGz+e55Dxdrtdz/Ud1wOQGiC8LEWweG4uOL2yfvr02q233v6e97z7wgsvfMlLXvxjL3vpc57zTEh/ITmG9NnBvHb7nFCNYSKaWNV3yuDEkoacOMvkseMnz7/gAkiVozizHGfX/OxgHKPCryx929IM0nMtEdYs8tOnl2+88caZ6Zn+oJ+lGeeVqR2yeUsUYga8FQtabBvYHEUaDW74Jbr4FBq9HY5GgFDDj6AggdGGLkKSZLADjRqbuAg0cF1rNB5ZJgoZQj0GIPX6xjrgs1D2AHBMrJxyHfoVmxuO7aRpAh95+OGHYQ96GSkqua2swR0ajyOo8JUsaXGxoPNE3Bj+Z1l2AHiz65mWjSwnQoXhKzyKjEojlJZWipam4mlrmptmUuPCUpSAEYqYO1pTQ2K/BBd7YcVGhHHtTGgQ2IyQMxTeWJsB/GvQE4hLq2HwoOqDkwHAHapcOAQ8q3hujj8ajYQjbvnyLQ/c/8BznvtsQcTnicB59fQRyCC0pyeEhdU9c4RtJEbIwiiMXDfY2Ow2cPVAluYFnCGBz2rHPuqoo4466vh+gvT6UfFZIaGz0H/zn2DgXGNaw7D4yEc/12rPnhz0o2hzMFiRWSJsU1NGYc7kCBZDniIV2wLszvjbLaX+889EtU6G6YVBXOskIHjN9cxFbr14psQxNQAEVyRtVpLQBEwLhm1D29bI+b6F/T9+6eL/fF4nuP3mznhkpNLh1mjQdzxceORYbrBrOsmjjdVHjSRptZoIVwIcbEqyl7NVaaCxotZpKJF9APuHn8PMn0AHtDnVmN4j3Aa3WjLh6doJ5jowiIUSzeaUSmKYfctiXBSoMqHCbNQ/5lil4xgpgKwWl9rHQPISkkBTJjZPg1x1AmvvrnKps2KEfbVZmjSp52yjt+YXXnfU4wafnZuTmer3wkePn1rvD6BbDD1Zx0P1bYFEBRxqC4F4yFXghG1IC1Hbipmd1vzCzHnnzVzob5pzG9MrNyx79wfWw1yuxIFrRaxcGa4P83QjWW86prREqzlrGJ7lW4XBErwbKstlVuY485aQkZSJoVIDVZ4hO0nC2FHmFbsPLgRTHtz50spXk5FaI4FlwMwT2/Nglg+jIWC3HLnsYpyF/WKcWMp1fQDlEcn1jMySmcMeSfqHRv3D0dqjw41xEsMD2moHnaa/srk5jGM4F0iZPMuC5AB3JIwgaBDrAtnxurNOC7lMaLoTjqxgK2jWMxTq0KIv3HasmZmZcByjQAfeKcgrLHzG4Iahyhl+PElSn+xSIFe3TRNgd3z2INspC2xLoHsH7NiQpAGNDycJyEBKib9KWaGl2KBT8qWbvjQ7N/Orv/ar7XZTnEUaqeN7iXMRgHZd97/+1/8KmHIURb/wC7/w8Y9/fGnpbEngEydOvOENb9D05z/+4z+GjP9xdjRRQz5TcOOVr38Du+6J61c8XpzJGj7+4L3034mGBsWZahsTO0QS+riRfQ9x8IpL2HVHGLv2Ize+45Vb1/CdgOwJ23orXvma17Frrzub0320Ousz2dzfOez3vIu9R79cTp/7+xLO6+/uyN5z1ePYjB79mNTo8yVbpoKTj2AsGW+ek6gBPVGIfpw9sDrqqKOOOp5mIc/6XnuFb0nc0gu9blQLDpjHj5+47bY7brnlK/fee2g0GluoSugC7AYAdcnQ4W04HAEAh6hfWc5MzyZJDNiZ53lRGFum7diuxNqAgDbHdBwEGRtBCw7qeWWSRCdOnP7Qh/7+uo9+ZHFx8XWvfd2LX/zipaVFwLWR5QqpLVQZHDU0yiKH+gT5P1ghcdsU5CnHC4CfIee2HSlMVcrNfm9xcQmup0BLPdfSxCLD4OcMBVrfRxJOMQDC/PSnrkdxxjhGN3S8+cpxHPimyHHtak4QKjOR9FJxzA1cGApArQ1j6qNORTNowdDlcIMLqPqQewUosKIiBF5ned7r91RR6pq5IJAamTXo/GjgSlHSr9hmmVEvYFNscr6duvAJNxnFMaBqMoQD0DjS6OF/aJWIFTs1GwCKhlaH/gjy3iu5Qw4voBxHJjKtP3VQHcMCoBxAZ8OySbIQtZ1LeqoV2QkSgE4ggVmBEKSzIQXxoHXZ5JDaJg4RLU8t0ZinJB/FzHUdtIQSAp5VSfbyTPHxOJyamn74kYcBgCbrQn3hWLJV7lMTKBnJb/gWuknBKEGbZK7dGfBxmGYe7Np1WzMzkIQ3fJcbgp1z6uV11FFHHT+C4Ez7DZqofXGG9LNuW25vyM/8swtwLLdSKT72+VsePNk1hR3FuPpLljH9nQcgGem4qKwB8DOudTHP7hnKyZ9/TkpQAIUT3IxdWDoTxAPhBdlaFHmKTV+YxsmHEDnTNK0rgRMfKkSVErDRLAxbjc50e+qKmc5P75meOnlE9ntGweMozR2jsFzTEl7DliYbrCwrmTbMwg6gH5zDrAJnkAFQyUyVqVwWnusgoxanTLgOafoBtwLebDSCGdOfZtwdrR5vdGxmtwqVW9JiSSJK6PoWhucGjfmCZ2UxzKKxSkeBmTPTyWF8LaYsWzKZslRyS065o4453uWyeT/2VOIXsbmeM+m6YtzdtKQDWLnpwJwrWl4HmryDtej4qZVebwDN7ABOx7EME4YhcUxEn+lm4jiqAnIDE0cvZ61ganHp/L3TB1tlu3nKKW/ud792wjyRh4NRw2o3Z+fSPE4M2U+6m3kPbpE03dn2HDN8QFhzwZKCrsgw+3kC030mc2hCQ26RhKHMS7gXLad90czuC/w5ESqA3FMZwn2SeTZOolQokReeE2hvyYXmNNyfQQRTOj4WzHJsgPh5qVyAnlVm52sivS/ufis8fTob94b9kqtgOvBbrdWVU73BhuX5mL2SaTOkNJADox4arUfUDyppo+EiMwv3S7kdJvMCzthCEwuGa8UMo9FsATrc7Q/gUUP2tkItDlrKVmrWMyfysuOi7yA8FSjQjck2rhHjQv+mCJ0cFmSGoZslkFYlWQYfgXrAb/B+b2BAxmYYUCN87oYbpmemf+F//p+gOqDUSdG+WB3fU5yLADTE1Vdf/e/+3b/7L//lvywvL//iL/7ixz72MaQ4TWJjY+ONb3zj2toavP7t3/7ts5jR2/ETv/O2S65DB79r3/Sbr1l+p4aDj/752zX6fMkV3z/9eYfl4I2/9QJtEqiR3OOTTbYtB4/++cveXIkwv/4nvtcj7Xv1Gw6+HZVDrnvTb71+y4TwOwlAP1Zb4yde/zp23ZmWg9u2hP/4CeHPW3Rmkt2A/y7xZ5HuyCVL4o+rM+4AABAASURBVHE/cP9yNXE+a6l6hj/7sQn6jGH+/JXF716v2N3lcz9WVAj17Yn/7jN8C+uoo4466jgXQsqt1YtYoCVpDOjk6urK5z73ub9+z/sGg4Fp2q1WG5DHMIyazTagzKdPr+3duzsMcUtAMyGTBRwvRi1h9LXTTimKzH/SOC3JotBGtT5hGijTHPg+HAuAUVo+CG/yjfXuH/7h/720tPvHf/yVv/ALb9y7FzvfExIropiQxfaH/ZMnT1908cXrK6uQlpicw9GhQnA9n8PRk8TxnFa7naaoytFxWhLa5Jw/ETnpp01oIJgMHtktt9xy8803QzMAF12mqaBCAk3thcksRGRLVOGg6gLX90piPEuozD3f07tiJEYBGzjCUrTqE4orVDHmGqQVWQoAbBa4LvxHc5AJyZZIZFYKoFQihZVi0uRgCLyiBIZmf1VHoepdKwkaQjN+VYGtBjyOSQulYY/aCXPrVuoFoZrpzAt40Jg1eYe0Rwq+bZ5zxt1Xk8iyXFOS9Ub6oSWLQqyyTEOc5Vu5pTcu6EBQEwJ27HmulmKE1gwMRhAEX//611/96p9utZqIUOuSTolvc7ugNkOFDTgH3/Nt2zWH43ZnOoojqOvC8bA3HHaaDdsydl6DYHXUUUcddfzQYitJwLa2ehy4DCaZvOTrq4NPXPeFQViG0aprY3ai8tQ1kTac5ZJ8+9DPlrHHmXd2HIusNciNkIikO6T+VbVGBydZ5KuWlkUzJMfEqRRmiRoWykDqKspgtTu7Wp1dC47/qguX9hlqZn4JoN/BQ6ejaLUTCN9pJ6NhMRh4tjJR/gLmGifNkZeMBrl6wsWZGM8mzwF35AAxusGU157hjVlmIVY96o8DaFK7AG3m6fpqkq0K20QzEJSBcBRguHbKzLJcXU+iNccVbuCieDQMhCk4zGJJFrf9cFcjn/fiaTtsGEOVxl4PcoLAag6iHkDwWekmGYvTfqHKqc4MWjvE6vB9D4bJ2LS430KhMAbppEDTPMPkZSGJow0DU8jSYLkQltN0mwcuuGRpbslWhrnJG/er3mdOGw9xsZGywihLaxRHa/21sRoxS6D4lQUTq2U0G6lplWXCJBunUWFBM8HIi7iXJqUlEhmjPFYhW9y5bHrvnsaCkVtlVuRhasRMyDJPBjJwtKlDYNrCkUWS+gyziI0wG6VjJSRC6qjTxQ3PjoJyOGWdyIbH4t7xpLscD1fG/USV0DGfmZ7eHA26x09AKgYjl6cZK1UUh0HQ9mwPXTQhCQIEWSrtHIjPA7oiSkOyvMxhrCWqxBiERQN0zKGPbQFMnMQokSe4dk4GbB1GLUbzQEhgzBKJI9Kj1WwI5aPnJHbNjYqEopeH8S26ADzQul+/MzNCa+V2E2qBokwhKTp54sTHPvrRxcVdL3/5y+HGwJnQOjZWx/cU5ygADfFv/+2/PXr06Ic//OGHHnroda973bXXXjs7OwvvAyT9hje8AX4Er+HFv/k3/+bb72PfW979tg8Q0nrdm5euO+NHB9/27rfsxIu/16jMDLdihy3hJK5705nH3LYl/F5i31uvedu1L9Aw+tITIm5PKN5H3v6Cpbdr9veW5eDbXwRv7TylLVvC7xz2e34t+buzNaAh+JuvMvHPxWPiVT8vLrmbKNLvjv/u3Y+zx4nlIDtyfe5fn2//YE7cV6PPddRRRx3nTGhYjZjFigTd0s2N7pEjD9xxxzceePDBQX9MknPOaDgW6L5tA8S2iF6C5x8+fCQIUIQXcTtuAPrsB8HC4uKDDz0I0J5tQbVjZJBGk+fb3NzciZMn4yjvTLU7iBGjckK73YYqBhLr1dXT8O7MzOzG+sYnPvHJGz//xTf8z6//6Z9+1cLCLs1yYQKKPNEfhq4f3HHnXe//m7/997/97/ctLeaAkBrWKIqgN56jZAGkx9ZwOCLslIzkC2kjp5U97WPLqVy7mR8/fuJjH/+4ZVkEEWcSPSSJ7ZJm2meP1I2hMCto2S0GWseYFlRiqHnBod7G7EJpXpgGagmcZaSrzdHlRgJOuoXekh0QVKkIBkOVq0t63dswKoo9I0lxbFfoAptp+jO8WZQEXiMvh7Q0heu5RLKWeC4KT0zb7AjNatc8MiyZUGGDER6tD4dLR9EwsKQzxL1qF02omQQdTJK4s2YS4adoBbQgwhuJiggNEOivbMciUhQ6LAv4FYCiDQ4Njy4S2eigpDRtwXenV6D4H99x+x0/9rKX4pmQedWZSMQZqDYnl0I4rUIi8Qp+NeI87Q8z24T9iyQOeavB6qijjjrq+NEFUoxRKYIbXHu4nfVzROGkccfXvrW2vFJaDT9opOGGa3oWs7lCowvCsHE+2tH4lDv/8m/D2rQMiCYNFOtAEqspqh9s9TiRxKpgiuGkyQvYoqJ+LJxYkSaGZbutjtWcdoNZFmf7O41nTvmzRgQIqju/sNReKIZdJqO1lfXcVEErwNYyQ0HfIczLwgPgFadFxVwHFzMJOIrNrPYUyv0CXOg3YILvbQya8x2AflGXuttFmjZkWo5XFJlp2Iqr0ihcwxFZmI03+9lAFHmj4XFToiUvtlVNaVuRY6XnT/WnzXiOb7rh0MhGedFoBDBmWRFbANTimqJyY7jhOYHjNSypxlF68uTJXm8MM6wT2KT6IA3bIksG/F9RYD8bbRxg0i4dS7RnZxdmpueXdi+QqAkvNlXzSOvUR06Z90l7ZLu+mxkFXGNexqN4pCyJmsWW12q1IOdIUWgrK1E9QyasjOBOCuQG52nhKqfN/dlmq+N3Om7LTRTvyTwMAVgfyxF0KlDX2sYmdF6WJiQO0DSH3MRWGc8G0Tg3LOWbiufQvYc7mrjilJOcZMOjK93VYrwSD/pZkhQo59UIGgASd0fDKIpRiBlS4gLSqNSy7an2NCPFFQWnWBSTTAbzNwCUyQDDzPOM8ggiQUsO7Wp6bDjJdMSQ/RUo7V1CpmPZcHuQaA+fgh8mSQovUEGMzDBQ85paElwnhNUXnaRNcksuKjtNVZ0IFQ6MevBlHJfa5PP4iRMf+NsPQJlw+eWXc4np1jmRgv9Q49wFoOEB+pM/+ZPdu3e/4x3veOCBB171qle9733vg2f5TW960/o6Gtj9O4rvspcDb7lp+S03/tbSGZThMxQ5vq+APbzmI5W+x+Pv8ODbvnoN+7WKHE3fPkGo97Gx7y1fWH71DgfFg//x1rcdecF3IEG/8h23vu3erUNT4Di8+s9fsfPN112z/L0A4o/VgAak+O3OgW+3/ZJz53/aobnB2Bt/zWDv3qkKbf6rt5v/aov1XG3z7RSl66ijjjrqePoFVVW4zhMX+pFDoPGNb9z1zne+czQcTk/PHj9+stlskWgB1EI2Cg4k+ctf/uOHDt0LyCZAyVmSCtvIAeFk6uoXXL13775etxcE/iMPPxIEjdMry9NT0wCwXXzRxYD07du7/ytfvQVX5KFyrgPAKGB2F110EWS0zWbj0aNHp6emGs1mvz8C8PCLX/jyww8/+trX/tyll13S7DRKUkIcjcOg2Xrk+InpuV133X3P/j27YW/jJIW6Y21jrdlqz3bmINkdheOpTifNckjD8yKHMutprwGtKb2M7qhWcP7Exz/Z3ezCm3mB3GS4fkjhLBS0sEg/jRQk0YQw1wyXCmal1cFYHgO4bGANLFmhzZo0Eq1h6G30Vggbi0PkzmgXoImeMsqeVPUS1CcmWvbBY0Klr5kVSGUiY0DiHaPyNJXZJSLayOIh40mGiszGFrBuUE1OQLM+DtMrl/WZIyqOoDMFriPGq4BuilYj2ZIlQYraZEmpPj1NJkKnnQKtK21hagF0KuHw2gXh7ySpQTaBtp1A5VjkUB8a6LIINSx3HJf0oNuj8XB9Y/3jn/j4Vc9/nuvagpuPcQ88W1CDaj+oZM2Mirl+rz8eD5jMO60mFKKsFuCoo4466vhRhjbXhb/vuF6HZsPJtFM15gG5i5P067ffnslYKCMMkyJN5xf2DTZXZN5XvKBFRLgfvr1G5SzFM45A3GTCwn6wmCzPqhSaFJsYJkvqqpaIieNO9FxMjVPW7kw3Z+YSacXSNQ3fyoeXzTfbRcSjvgO4cJHA7GtNdcY9OXf+JWYxj+hhIVAcRMlGmXOpTQ5RJ8RxzBxwR1TvjWUwXUZxtL7aafoyHYskYqsr0MHHyVGKcjxOLYv5LaflG3CNVqHsMtxcE5vrpki8puBtFA62kAWMfhG5aYxdtzy496EFeZyvZXJQlrnjzHAFwFppKlGU+cbaKSH8VrtjGmhmfPp0b21tHRqxcH5eE7q8BZw5Jn6Se+QjgguFBIxBgUZ5WeF7M/v3XXRgz0Utr1MCSB6uOQ7LEjWd7Slv9Wc2924Mj6kyjUZplEWV14MNSayJV20yhMyVKgEIz4uCs0wxSFHgpsLda3daFy/OzRqdtvR8ZSf9cbwZRxJSqRJynTJOmAUAejaWaSMIXGY5lgknoAC/hiRH5kmYur7PiNesbAuyEfi65hafGzzyULI2yMZpWcQS867pTscw7F6/H6YRjoFpZZAkpYD1l6j1zDieGnbMyTOZI7GgpM66XigmyShRm0Jbpum6lmP7Jj7DmPIBMK7XchmGhWpmBqf0CRKwnOTTUEwMxaCJiY/vEG19S3hGS5DrpW5qx1ownZipSUYDhyYjltTzXNgSUiMy+Szu+MYdf/3X7/ud3/nt6alZ2zFYHd9jnDHo52b89V//9e/93u8x0oaGBxStRTn/oz/6oze+8Y3sf3RUBobfAcI+XiHFPwji/ATOo4LUv0cQuY46vk2MRiP25Isn51nVUccPMZrNJnuSxQ9ySsPh8Kx3HiM9Ic/SoygLEncrStuxTp06fd1HPnbddR8bj8NOu33s+PHdS3vTNIN/pOkcQRYrCdycmppKkljTP+HjOjGY37Vr7569t9566+zsbK/XhZ+SI1wBX2fn5hTlD3lexHEM+0GCbZYtLCBF4rbbvh5Fkc6JCzRIcYbD8Ste8bLhcHD/A/f92Mte9iv/7Ff37tvb7fdOnDo1CMee31xZWfvqV7/2n/7D77i2MxqNV9ZWoXTas29vp9MJo2hzY2Pv4iJAqwBVWoZwbKiKzHMEgGZ0Oz75yU9+6EPXahdBKAmgqimxi1AS4cWOolCLSJCysVZR3t6VoCIZDdi5yLNUK04QgVqZtB641BRmXsG4jCjEwtgurbFGQtIPkpX0NgYi2hXFGbbPScUSNyOQGo3+KN9GpgyKOlIFTnsWBASguEeBGi+apKyLMW4KzVPWl48+Obi77SshfBnOQWqKtCZbGxP0Gc+TLgqrMrIaRMkPWRlA4VjhxdLOpSIdRlr0ih8q6YNkWkj62lDF6SvVbRXHsaamO3/yJ++4/PJnMKzujTNlMypUgq5DvwYAGjFo3IkQ4ySGRx1aO51m0Go0HaxLSfxkcpOeuATHD/LHZGOjy+qoo446GJudnWbfbzwlSgk9f8Kf9+E4zOPM9/xGE1V9s1HrAAAQAElEQVTCONtaGVas95Lf+p0/OPLQcWiudjfWL778yv7qpmtkp47fMxp3izTkFV1U/4XWf9sl+VjoicTAmXDLYUALMFEAvkzws5B6O2HqmQj6lxMQireazSBoBY12wb2wYKbth8k4S8KLG9a/efFzr0xOTSuYNMKS5ZYKTJj3spHdmC3CPiCY9tS0ytNBLwTkWiUjQGUd11fCSsKh0fDgLPJu12vOJ2GUjTeIjp1yaMIWThr13dY0sxowKzKY/SwH0jroZcuwW4y7iUiClilMCbmA5AAjO8KwIelgtuo7dnbRwfGzz78nfGA1OqGs2Ha4wbyilIEno2Q02542pAG5xZDIv71BL00TYQoAYWkFFssB0sXhEAjr48ImlEexrYbnNKfas3t37ZnpTLmmlUZRkaXYnBY8jZKWbLWOzRTXuK1TDRXH/ag7inqDqFewFJdA2a40LOgwlEKleYyzvLCZNBW3vKAx3WrOun4DUFnTkUnKwjIehHBZPEpLVY5ZwVwnlXC4bNqbKXJAm0ee7wKEnQoVwn+gGw0ormk4tgt5i8WU6RiKOOX9lnEH6325XFlLumsbqzmAv57X8oNkHELOi30GU8BZAapuCkCLYYpH5xRNlS+1oAvCwZi95OR7gQYbeaYfJMs2ID+3LMB/TWyi54Bv59rEkty8cWvYUZoWmOgJRSA2kqAd12HkLljZbBATZUsZjbEqmzpTGL1KvtQWZQETLUrH4BZIBek3dBoME8XZpqdnfv3X//kb3vA/OahWU238JKy5fqRxxRVXsO8rzl0G9Fb8yq/8yvz8/L/8l/8Sahj41vf9v/iLv3j5y1/Ozo2YINpIfNaq0+yG36zoz294fY0+11FHHXXU8ZQIwt04rf1ErI8Ty5WUChD0+/rX73jvX19z++13oKauEGEYz8/t6nZ7rutBdRSGUeAHxGBF2YF+f+h5KDAHUCaAbrQHsbnefeThRyG/7PV6cBTX8+Mo5ij0nK6urJFDXeE6DqB8SZR4gQ+58mAw+tQnPw0Am+8H42RsmijjAFnsVLv5ta9+zbLQkO5z13/28JEjb/mXb33u857rud7p9fXBKF7cs+f4qVPfuufQs5/9LAUFQhJOz86gJqEsR/2ea+ILx0QihmM654hmrsaXAag9fN+RT33i03Dh4xTLmyIFCBbBXahr4KeZRPETpvnFXNOByQndtDRCjK7nZcnJ8g+VJchlWitmCE1b1jDxBIDmuqyhc6jeYZo4w0wkhdFDprRqtGm7BpQ/8MBUBGcKLC+NymyHmdyspDMQBC91v0SRQqEQROcRRKJHQ0Bcl1qWeN85h4cTa1dJRk14URLXlaJSpSLZTP3AK0380SMGDxhDJx8kr2kaEYltCtdz6DUi6RWADo8mAehljli2ZViIfMO4lagwg4IzhEGjWZBtdDpteH369Mozn3lFNR5PIBB+gEKR84bjpl6QJbnMuWu6ol66WkcdddTxowyYjqA9PhoN/+Zvrz167NhPv/onr776qkbgwxSIqhcAGebsm9+875GHTo0GI1sYuxf3h+MwzvOsYEv7nxsOT26sPhqFfWrO8snSHJJOYGrCF8VJBmE9JvTEySrDZ4mixjDd4JTpGORDSLaDAEIaMGcuLO12vLYXtNY3ut1YFTxlwoNZejjoOgAkW9acYxhZydDsD1IsO4uGMOM5llkM1osk4zCDG+MijV3ooKoc35EiHccyH6HPYa+P3s5ZmcSrBdppOFlcRHEceE3HaxkWF75PnsIAp9o8RR2LQf+0pRLb5c2GYXjaSpEhagoTNJyEZaRmEc1Mu8+4NJ42d82cP13OrW+eGgzXAKq1Hcu1PMuzAQ3tDcONzY0ojQsOk7UZNBw0Gy5FmWcA1AvJ8wwGwTAN2zKcqWar3Z6bn9k91Zm14ETiESuyJMthgDlA4HgGFhKxV9Xo4f5ceb4oATp2l5q7VGO2Hw5S6HrnJeqNAmAOVwWtXh+73i0AYemeYNYAmHs34ypORQZTexHCEOWpqUzbkFkuysJkVpYjEdqypWWYJbdGZZwg3RhwZ4vb3EbXYkhiUeGEKyQU49IuAKBN+XDci2xpuM7i0p7heBil6WA4LLMMshILldCg11+6iO+j3FiW5trnWUt4ERsf6c95KX3P08/T7NSUiWvHAOPm0PYm6rGZpjmMIMDikNUwyijyosTHkNI/aIXDIGD+xrkDgwrnhprndO9I/Vw36ZVuumD6Rw+uIMfOyRNcyXIIKZiY9PsxIVSApHMGu41CVK82LXM0Dq+77mMveclLFpfm0EGR43meawD09x01AI3x6le/+lOf+tSb3/xmeNDf9773HTz4/dsHPuViSwP6bNVp9rpr3lHjz3XUUUcddTz1Ask+skRLQNNKkuyLX7jpj/7oj9dW11utFlJTUUuBj8cxpPxQm4xG4VRnCh3nUM0hDYJGpw3QcwQpb6vV6Xa7MzPTyHLibGZ2NkNxZ9itAeUZVEeQhgKoB+kxQJyAMkOa7Liu4VnhKPQDfzwawVcAsgeD/szMTL+PkhGQyxa5agaNze5Gq92cnp5ZXV353/+3/+03/+W//Kmf+en1jd7RE6cWFthrfvbnvvzlr1588cXLp09Ca3xqegq1j4tiPB4f2LtPIKdECG3lfQ4YoGiSL+T3Mpefvf6zAP3DDQL0tcgr5jEKJ9NCS4YjoznOyGJGYWUOdSMpJsuSauOSVUPHLBuQVTsnQg3bkpmmGqTCmCkkYdMChYxLRRaIGqqGp4uccwo10ZFATWeG0hlQqQq81wat8hQA3iISndNKaKyGsLSB8lsviAb4tyylpj+XRallMk1NDCbrd3gf0GeDWMxYwiJUzYjoo3lECrZF0Q/iKeMx6WQKdF2CKqswhMXIQGpykoW+Srgk0uWQpukQ8q6paqwS0SZFEqicAYCGzVDkpChI6kN12p0bbvj8K17xckQTxBPqgPCJUkehsENk2e44gQI7a0CFXEcdddRRx48sJDGOjx49BrnQpZdfvu+8C2A+grTEczxTWKurq6eWu3/1V+8HCLAZNMNhNB4m3E7Gw/H09LwSbmN6T6szMxqury4vp/GQlWqCOsM0YmhEr9J+rt5kE0NdfJ8W+kgTLXCNPE4sxwMo2msGvtNeWjqv4KI3jjdXh47fGg76AF02Az7VbkUhgNLNMhmkg1WuADNlntvCJqaZwEFhLgr7fccNBDdGa+vwtdVp9I8etZlpNxvpOFJJHsx0ovE4L1K/McPytEgTv9lgrgeTveP7zLWEbMGU61mqKOLB8koyHpm8nOrYBmCsAPFaMNlq3BK9DPUMVnA1gsHcvSvZ1VFOGChfON50MJ3nw9G4D0MBh1npnV7bXI9CSCabU62poshogQ/KBQsSyYI8AiBL3202gtZ0Z67TajuWlWc5Zy5Mtclo5NosQX8R03e8OImx+auyftxbyBfKrizDqGl1RsOxSjLfshs8aMPHVWHaZlYUJmGsJjPiKHES1OmCWT3H3IArwKgNNYYElBWoZ8Ix2UhSWWRZ4DRYlE15PgsCwL4HcBIyKW2uHJjjASO3NZQLaQF0vklyG5FuUQDSbfX56HQ6igFRLwtbCEing6KAM47DcZyECPe7XrthQVOBgGNFWmHYPE/CBJIoR1glV7bn2nAT2wFRmOGO5GmepmWRFYCCo5ozANTQU/c82DcG9BLg4YKUG4BmyOPg4uB6PUi/LVsrNUvSZINDwcDi2jgbMw3MPqReMaZzvGrRGK+kxEg9RmPQ6K5M6XX1HEO3ABIk3giCAjv1AKkXDzzwwJ/+6Z/8H2//36pVZWYNqz7RqEeqiksvvfS2225j52KcrQGN8YPLWNdRRx111FHH/9jYsrhhZAenJAuj8NprP3LNNX8DJYPvN9I0t22kmsZx2my1AMW0LMvzHECeIbMGfA29d9KEFN98ljJ40Wg0wjAEVHo4HMCOIaP1faeUBWDZgEpHYYji0VxAOQGvXc8jzjXHRX+ldBzYc55lGSDIABzrkgyy6yAIhsMhJMTw7bA/tF07DOM/+f/9ybFjx9/wxl8Mmu2v3vr13Uu7D15wwamTJ4TBl5aWyhzp1esbG7Ar2zShYoAaQAv+ngsG3HCZUHJAfn/D5284cvhICXWO7Zay2GL7wo8EEmRSJOVooYyycjAWZAOoHwtc5UnLkaGgQtMbbmhB5O96dFYJVmJILJDIVBBVnrneZfUjIkRvfYREMOHcsOeBB4UySaEFELwDRZGahImYNYcSEeUFJRKLSr1nWvMMoLNApYtK0FnfcboopPAUVPowZDGTAI1W0tSnTVIwQlYy04BglwUWjoAnVwtNkZHMSEOD6Z1rAvWOxacCpU1Il0ZrIMKb3V4X2zNpsr6+vriw+F1Hj86pgiZgaNb63c3BUEnhmPbmcARlZF2K1FFHHXX86AJmHA5wYyH37Ntz9QteAH+3XVtYnK9ubOQl87zG9V+47pGjRwHwM9yG51pxNDAS1nA93xEbmydHabm0uGdm16IXzCdhb7C5ClDmcDySeYrwMnR46c88tT4FUxPfAokTDApYGCYguKblKW612nNBe8b1mzAXebwRxnyj1+UWmgWzFDqpokiUxcq108djaFACvsgHo76VmQU3AtNuSJYLQBjRvUA0p+cAV8SeaA45UWDCVSrDdn2Y+CCrY7AbNPrzeMSQitC0JS2J4qbyG00B0yVLOJPpaKiSES9z11bejMVtiwnUh+Aoayawn0skX+qganSSWb4r54OuHUNnGRWhadGTZbrt1h7DdKTMpjv7Lz/fyLISNYiFSpIIxx974YVlIOubMZtN/CYwjSiRlp0CUgxQrCzRLyEvaU2UGgw2IPGwHRsw2VYraJStYRnm8TiPAYovvU4QAQydFtPtdpyOGeC0AHKbLGG5Z1rQsR8zNCA2SkB+k0wqz7J4KV3DUKIYR33IRXzL801PujYg8hJA9HQ8iuMCxtfhpmNauDYLBkJQT72S80bnRFoGhuCuJWKD9bM4oiMIbFeXcD6l0AmGGQQtANltgdfPKH/GtMiAZjku9uJTHNv31H0HrBmGeTgMoyTUri3QDodr54YJSThlW5jZQDMcUuqSHDXge0i5BfbaIYvjzVYD852ypJSG0zI2WuVGuDDagVQSHHyrR0KqZNhmqH5NjDOSEWQLQJptbbfYdQ5Pom64DsBxnZtvvuUTH//E617/WgOlxnNWxxOLOut7UsUr37m8/M7vuMW+t960/Fb2Q48f0W7rqKOOOuqo439MaCZs9ZqpIi+SJP3TP/mz9773mlarMxyMp6dn/ADXx8VhFDQao8EIqoL+YDDV6QAumSYpWqmjsC/C0N3Nru97qDiXI0cUEmI/CEyEOJNWq9Ht9tZW1y3bKvLSspRp27DbdqeDmxZFGEaQ6LbarfX1jUYjgEQ5jmPP85KkdF0H9tjrws59+Hi/1wMgOxxHAWT/Sl37wevW17r/7t//9htf//q/+du/veDCX7gTSAAAEABJREFUA45pLO5etAw0QiRPbtVuNrFEQX1eRWqMT3sDQgaDSnCrCdDz31/793EcISO3kEjLrYQu0JEPLfVosSdjE+kMqGqy1DJsVS2txNBazOQCWFUdW0Aw1ipQgRhMc6INwwRwVytjKEKcsWSUskDpaQlVohZ7YUQl1rvivCJre1DHMihIClRfNrQuB4ltqKoIQmENRMlROlwLYqL3OgHYpm1pMY2ClA5terpQVRzGgV5oZ/ai1DrS1GuBK01S7UEIeyLCtSD5DpRYrog8UDcqKGtRgwYqJSQHEYQNhS7Kg9Cxtsjdut6TZG0EF5Dm6WSI4Bl2ofUCRR083kuLuysm3Ja5z7aGM9V4k+eTlEM4wO79QX80jtc3uovzC51mIM+FJ7iOOuqo4x8uUP9fqfPOO3/30uJw2IceZMtzAVb+7Oe+2Jnd1W5Nf+Xrd5KhbRb3Nn0XkGcrLtVwsLrZPz0zu2RLAX+6H1nf8AJjYenSXXufyVh++vTxIg3zZJwnoyweKlZkBSRRCi15i9J17GYDsGDXa8w0pxcBIB6NAGA1gpbf63V7w26SJO1mVubc8kR/1IVprGEGokgBL43TDDBZn0ufmwd8Z68lHTkMu6ue6SoTWpe24fhFrgCahPk4yxPTgylQZJAXTTUAV06j1LAFbwLMylBRuOlCVzYWym43uMwB3S7SNB8Pk3ANVYkDAMZN23HyElUtELsEjJah/R2ul4JUwcDjMJSr5qTdgMuppM1TEQsRQ1pmALCemyiJbPGijBwbJlvUNHERdoWULQ9cmJntNAnJ9cHIyzCJNyEVxGwQL0MBjJ6mpu+6RYl83xRljtE1RPDA9xo4Oxoyh8wyL091l5vtDsymo/7AEmbYTyAN6kx1Nkc9Boi+FK7rj+LI8A2DW4XITUuWPIH5HSbztjW1OVoDzN23fccyLH+Ww1e8orIbj5Z765DHKmhKmFZgBzB0sDvo6iNxmvIThINL7I7DJRm4bMu0OFweC9N4yOOoyC3XTPOC0ma8Qsh1bMdFTxTOUY46zz3HRRdDhTIhcRLBoEAevr65iYPrWFEcO5ZlO0jith0LsiD4rsgSOEH0sDCMXq+nl4vBw+y5LtyaLM0wXXcAPrc15dkwOZ4XJX/Y9cCUWUI6h2vRKhYCqzITzHwQSN5pGyOqngC+AykmJkOmVeWZlINiAgYDAQA8JnWQXRauZ//N33zgmc965vnnnwdJPqvjiUUNQNdRRx111FFHHU+H2AkpQrb6p3/6rk9/6vpduxYDr2mbQZKmllWgXoFtpUmCkhozM3JdnjhxcteuXZ7niywDJLrZaEGmv7S0eOzEcUhsgyZC1ZCoKsCR0whg6GPHTriuDcVDmmWILyuVxDGkyHEUAVaYxIkDBZIwNjY2APuD1B9qm7gXpWkKyDXBmsbMzGwUh5Au+34AQHm72R6HYdAIoHj46pe/kqbZb/zGv3jtz/3M6dOn9+7d4zrWOI7TNOZKReF41/ws4ZWGINMW9nQPKDCIzI439JOf/CTArKStwTMCSWGsSKNCsQl1RaD+htbTqLjwZwXAyoZSW7Ib9BFROaGj6rLk24fOJTGCFfFe9OLZAstCqEgNJCxXSh6ooVwgKF7CrXdI1rjiQcNzgD/KET6Hhy/PkXGMi0lLTZqGXWorS22BqE+2KKtzgGKLT06SEYtNyW0zRrPiRCMniE2KKASNSWFEWwvq1aTkn4O9FYPAdNqVSXxnqaMkfx6DPOWR7VzqdbICvXhM9JUvsH4syFDRSNLED3x4gO+44xuXXfYMm0S0v0NMBK9RSxoe/rmZ2eW1I1EYJmFkVAIy57odeh111FHHjy5oIjOhE//Kn3zlw48cu/+Bh+6H9miaTc3MN4LOA/c/urHRz1HXKYc/+lk2AjAWDSu8pipZnCadJiBrseMb3V6XlQ6ZO4ft9lQwuytNIgCLOUHcMHdgpoSUVolAoSWFBX132Q2hdQr4MMvzcLW3CX/w8wxTof5o5Dk+4YZmKYs0GcOJWsJFbwUJYGauiu4zL9q/1BRuXDotmUcbRZIVkQHJmJDMEp4EqJRJwwLoNyapX4nOhjAzAjaKM15sFAlcEVw7y0SShFwlZQ67gP4rbzQM0/YACZOIsBYoTywkmg8j0GwAvK1MjuuJIJ1A7S5ck4SgNGepzaXDCxYLGQFSioYKOFNb6ALoWHkRMmwwW4ZwYVjyQtq2mUEj3DK0sQSA0c2WAfN2Vka4hAnZEvBC5KmNYh2MoZC0HZQwXgqQbwV49Gg8ilQKvfFpZ9HwXKfjebmd9CPYPQDKw2EXp/JM2p61OVqFGdvMreFgACNgIVhcZmkU2A2Y81vtJiMN5MxQaZHlGbbxEaQ1mdcJUqQsw3AAZo0i3SYj/TLkzuNKKXJCIRNlWt0FkDCu5xMqsD0bboUEvFvC5yC36Xe7zXYbTQuTNPAbANOaHNoDmG8Ahg47TJMY0jBIqHqDvuPbtmHBqTiB45o2XI7jO3AgXPtFXoBFhtB7nmfE3kBFakl7hhthW7bnucaW6YVpTzybkYsic91Q5ya3Hr/D/Zh3KW1TBP1zondwKSsraEKvEcemXyWuEzyAvuHr2traf/tv/+0P//D/3MrN6viuUQPQddRRRx111FHH0ycgCwzH0X/+z//lS1+86bzzLjzvwAVpAgCa/Na3vgUo8+bGJqDGWZYtLOzau3f/wuLCoUOHACkejYaNAN5PBv3B+eefDyjcRQcvOn78GKS+sH2cxL7vD4ZD1/OWFhcOHz7cmZqybQsS6GbQQBAwzwHOTuK0G3ftwnE9p9Fs9jZ7kOzvn5kBkO70ymk4KClFGKNwBMjpwvx8GIaDwSBHGgXm3MPBsD01ddcdd/7B2//PP/y//8B1XI4iv3x9ZWVhaWl1bd20oU4rTUKfCX82nvbYHRQQOG6Gde+heyDgPgLuTyIVEoo6EsAwtHryxDOQTUi4BN2eUWPgBhLFwU1Wqi35DrjXWsUCrQjLcosOU72oNACZpkhzsqMppbJMXNCrt8TCm0P9Q1oWmm09Mfej/aMceRzFtmMjhJ3ngDXHGa7WFOiujp+CskogtRkBZhQbIVNEktAwts4eq3QoF8vqlm8xoFEAmmBwjuKSEq2eUAGmpF1yNSF+F0SI1h9HRUVS/OBa6EPyUtO5yZZQV3SShB71olQZRZo6De+0Wm04IsDQ999/f57l8GwrvUC5GnQuHvNQwvdQ646icaMZwO/R/NRMGqbz09M42jX9uY466qjjRxnwVz5LE9Nyn3HppXv27D124uQXv3zz1Vc9H9DAQW/0xRtvhtQF/3DngCKjRV4aZUYZOd68MD2mwlMnHkVti+b0efv25DFsUpxeWR6PxqZpF4j/OpbXZKXB0VLPKEuakE1ArrMc8F8AcfM0cAFXNUeDTWiVupbbaDSjKAPoMUrGgDnCrOTgPFJAAzcah2mZwFzjMHHJQvC8C2fM9ARAvgWLlB3bqHQgDVHgWqdkJDMBU2KheJohXEkdU1PiDE2rpmBKZNgnNnERj0S5J6uQVuk2LUZeijmSpBEyJzIspATQ+oWurUDKMcf/SgMVLARH4QjsT8OlwLGnGkbHFyYuunJJWJlj+mYlCZPoiUiTf4nTKpwj/CBDg0BIWgw8YlqisodgeQkzMszQMGGqNI1g4BzL9t0G4N5o9lBk43AYjns5SYQJyAX9hivsIG3Zqcd8kRipNKWFjXczyVLHNpklcxGZgDCXOaSJliOFI0yAzkvAxd2C5aNikBskLQ3ztS+Uja562Ho2LMSVIX+AgWQcTsNAcwhSM9MILkePDUZiyQRCG7gyjPIlCf/xWDwuACWHT+KyLcZbzRaMP2TLQRDAQwLj5jdaEkersG0nx2QJ7pKdQ/5GPn9FnsANsz0nS2P0bqHufpygoDPk26pItDEGDEsYReh2wblr257rlarcfsKZtnFGKB7SRQD9KU1TaJ6M2s3kZ3gWQPyYtVdSd/j1ujBILHGZHNff0pHQ3hC+Q+sX6tkjxA+5XJx+7Wtf/fKXv/zKV9bqtU80agC6jjrqqKOOOup4CoaarKjbgRMCapbn5Z//t/9+97cONYL2eJQcPHjJV275Kqkzy4SknwFlLgv1spe9/IEH7h+PQsexDANX7WV5Zln24tLSpc+47IH779daB5RtS6iXACl+7nOfE/gNeL+PVjmpbdntFpJSAY97wQtf0Ov2UNnjq8Og2UiTBHDG2dmZK5/3nOPHTxw8eMGxY4/OzswAZqq1gJ/73CsBvGu3O1/76ldJK8/CvNYwm43G7MwsFCx/+Pv/5y/8418Y9PuDoWj4TQsqqDDatWves21Fbicmn3in7FhC+FSPx1JICqw2zQcfeugDH/ggGb2jQY2GhE0TCh4oL3IqFbY+W0kYc7KP0TrJpEqRIitGQdmABGQt1V0JAeqKAz3dDU7Cf5zUMLAE0fRe2nOB9C6mff+g94Byyao6E0bwN/nklNpaXesvM7JPJKmWgqDnAlodE050pelMRom4pJRpj3ZkGZsaic4A3rUtTR9G80Hk/ihdiaGRpoLiR8uAKCq18DkUpCUN4LxBnGsSFTEmZOcSTsBEZpaI4xiB5hJP2ETtwtK2nELmqNi57b4I7Q+RJcjJQg6RZIAB0DaR63iyZCdPnoS2jR/4uCH6emIxDYUpkccIrRe4kBkGEn4IH11ZW51RM1Ct+Zb1nEsvJVVQg0wd9RCyOuqoo446friBa4YQw3Sgu+jZpjPdnmoCnGl4gXe8WL3tvvuOHj1eZhnnJc0uAqBRy+ZFmUWD057tm4Y9P7OUKZGm5clTq2URe5a9a2l/iizmwmYldNOTAl2Xh1EXZlvX9tFmAxqulhM4ThQNccVSFFvMgtwlaM1Ew2GSjUvAZyWqQUFS5DguIL5RHIfZ2HYFM+ET1qxlvWxva5+ROKyAWaVkHLMeSMlMjjMhIKJwDZIZBe7J9ElpCjuguvGM/WHsBBvYr4cpz0ZCq8R9QAKgqPkqOFG5mWHbMIEZgLtzUioBGNtgME2WOAUaOCCAtwLODHOaYWS2oRZmIsfIYCccUNSsAOxVGo7NSZWrRJ9d2A1Dlw5EV1EwS+KSJMEQFrcA5jcLTCxN23DIz6H0nQA7xEpmRZiFMENGeuEXbAG5H/yHcQuyHriPbhxYGzai1wDJ+zLJCpWXhQmgeWxwjb6i4ULEeSHwXGyOlwkXAfOyRK43szybrpAAeBgEJHZjYgR5SaBwgRSC9tjVdvHU9Bo7fIUMYGxAI+CuUGMZBiovS0es8GwtHrqWPY7DHO0MmWM6JVOQV+P5YDfdHIcjOFZBgyPRShmgfHyBdhSQDkFmJQSMpETzFkgLUOjM8W3DhEQlgntaZLnCFEI1fNeGdB3vHGZvKJdGDzipnBXI5Ob4nMBbeV5Q+odeiXoDdGmm3r+iLjtj2yvkOOZIkoaO8kD6iPbtxB8L7thWjqrc0MVJXc+FpAjOzXdseOIkOcWxfQEAABAASURBVGqUWfnZT3/2+c+7enZ2ltXxBKIGoOuoo4466qijjqdgENxMcFmFXRHQpv7qL9/9ob+71rYd2w6SJP+L//6X7U5nNBxCXgn4MqDPQdAo8uGXb75pdW0VaqDpmakE8OICwT6AlSETveub30SbtTixLStOYoCV+/2+6zpxlPR6vSiMYVeeh/yMbq+LK/WUeviRRyDbvvfQIc/3hoMhbAwVTpbn+/btO3bs+Le+9S0ozxRaySE0t9nrOp4DFcDRY8cgu0XAEfXs8NBzs3NJHPU2ukeOHF5Y3PX8F1z9zW9943nPeU40hgJDNIMAte3QhRwLBf50J49i7cbZaDS67rqPDPoDbTyjpYRJ+Bgr65KIwFAbQCEGUC7KNU6GhWwGhWJ6A6hhK7lnTjp+jBjHUIsC4mtRfVUZ3WsmtVbemOyHkXukCVXjDtkTBE9NUws9a3loLWoBP7INsUXKZjtForU5IfGOIfICyjC8m2LiBGgSnRkwaxSsIP7yFg+78hJEQpeJhS29o0nZBpn20LeVUQ6rnHkQrt5iJOMvCBR7lqV/ZaDyp81Ky3RQ6PCxgi4oHk0GRCX6AkH1ZwFqDd+E0LZxjh07trq6Ojs3h7h9dX2S/BGRjoT1LTNyLiMoLJXR7Q/SPINfqrnOdBLFiBOUpYsimZxpMfM66qijjjp+hKGI16scy7zkoouhM9jpLNz61UNRnJB5bqEnlElfn9q3OaQeI19kht20LfhrbSTKimXeXz0JvXCYkH2/4QXuYDAs0nyq7UGHGLIpmJSmGl4YhRzSKpFCg78o4263C4A1E5GeJR3X4bLAqUOqcDSC1MiyhR94DPE/w0ji3Q3+ot3tqWxT5RFjrmIOykuxFNUwDJzRARpWWQ7dTrK4qxqnSvskUFqoZRxKwJkxB6jErDSRVxGIiVpXaAuMwKee/HW3mdQ8cAKTtBec3GH+Fxy6tdArNpZmpG0FBvnmEeiNAs1RArA1TOYw36JYFnFyDTgxwjFpCRUim3RSyAWWMiXHEVlmqIaR5CE5AMP07gBIilaKZmUwDW1gtDJWwmIu6wmjZ3LMWQphG1mZwwcAPy0yBcMHxxJM6ckY4VhMH1A4DKDtHDB0U2wlygh7Y7LAaSmdoH48WS5yhtopkwdg4tqHPhCI0ePwGNXaMPwiYH4/WY67RcRd+Am02EuEv7MIjigwE6OkwlSUyHEDrqxqrkvsxAsU18bbYGrNNAKFOZqBk80zgNdkicEMx4X2AWqqCN2u104Yk+RKa3gp8jYk1+WJB6YWdEZXZ0OvX4NnjNa6PWaFFvmpkPqIrPTCOGV3kK1RolmkhUkOmwrHQeX4TMHJm3iW2MIXju1/865vHjp06LwLDrA6nkDUAHQdddRRRx111PHUC6W2VRTQbISUka+//vr//t//ynMDQ9hZmtmWA8hvd7PbajVs2w7DCBJfDZ+dOLnsOFa704qiEHYFgDIAnY1GKxyPS/LRbuJCQtRJGI9GzWaj2+sdO/YopKaAbEOFUOYFbO+5Xl7kABqeOHbc9z3LQiNsOITOgC3L+su//Cv4LGwpSDUDSok8y5rN5je+8Q1IZgGJgzLMMO08T/0gCIfD22+7LWgEUB9Mz0x/4Qtfak91XvDCq6BYipOo0WzCNWZp4kI6Tim0YJUD3NMptCfMxBcQGUlf+OIXD993xCCmDBYncFcKZD1jlVKUfGJsjpWGqcFWNTGToZKDOML0qGhFP20baBCdGRk6lu0wg5MFn0ELMJEVVQlDU3mzVc8IUkBUWyU6YdBwSlCbaHNCTpIakgrsnX2RSi4DHlAq+rbUQsjkxjzr8vGHXEI7BFn5aUYH1Rxhrn10qJ6rgGkk1COKi9qLWkQD4Wz8qUEFLeLH5Lqof0EwSpJ5rnbIRUGLSRGYVmzLkVErY5gGllswjNDMwb0xITnqdZJjZxkEAR4TrqhCz+miWFXBwQ/g8FFWPnJyOWh0oEgGLGBuZqZhO9CcGY/HMPKNwN3yo3/asPjrqKOOOp5soScdMWmswgvoWHY31+/85t1FmREbGNmwukeOJmzw9xqANoObFouSfjkeFCl3AsijPNuFtAVQ44Fh+2GWjOPEEizPxnkO8CK0QmM4GswRliEGcQS4aJrCoYSLgDXjZeaaIk5lEqG1BsyakE0FzaCkiR0ptgXaGDYN8fx9rUUzt4oUEx34kZ70kL6LSgg4e5IfoFYlLqnbKhE/tSbdUEV9UGLJTuZKDUuTzDPuDbBrdH2gGUtQp5bUjnUflSDkyawGeQbM6jFstG9XMdvChT6F0vRgQlJRiCPHJUYwI2aacq5zBI14Ircc9aVh/i84KpXYTAG8WtJ9QH0P6Jzbts9RBNmodKgBGEdCMNpGIC1Y8nbRNru2GRkih72j2x4MNiQxeEUwkxsWgq84d+P1wDuoH8FFjkxsND3OaS7H6yMolZUIryKwi/ISkMEwC/HZAhFzPWAISeshwHwAMHWhB4XMGDE5EXJoy3sGJ2NXpVkmAF2GVEgiFQAXkEkEviX6SUho0hvaQiPL8LqVTNFyAq8R30RRDg2143UjVUAI13XxOuCymE6nOQq1kCckJ7OKLfZFdcsQK+baa7qSciZKAT7PDHv8+NjQ4jNUEtNJTrV6jVNqpNdQcqnFyFCqW7BJBggpk2k6nKRsVGVhjS0JRY8NeVSXURR/7KMf+9mf+xlWxxOIGoCuo4466qijjjqeeqHzRV1NYdov1T33HPqzd/63VquD6HNWuq4HFQH8oNn00QjFMi3bkmSEwi3RbAYAHOe48pRbFkDAGVqLqBKAYEibU6iZshwATUiOp6enRqNh4LsAKLuOT4ZsGfwPCqckTRqN5ng89AOX1OyUg0TpWNugDMNBq9WEXUGp4AdeksRacgFRv6LIszLwfTi98XjUarUGg36ZlZ2pzng0thw7HIdQ1Xz42g9ffOnFkFBDlQB7tg0jI0tuMUFdq/88XWIH9FwBsXd8445Pf+pTKdw/uFOsKhiQM44rLcVE7plpsJWhd3m5VVeQIVKljFEpcmClCjVvobA2w8rUgF6CRDIQ+SAhHq3FO5im1UD1SLtFJg6qCBokGC01+ZxqJ+xVwGeRsCw44bGK1JwVVcdoXYiuNVQnYw1G38L7OcLW8F1FfMalr3QgSRLMsFvEn3EDwSfO7OQlKDXjmyqoCsKGjfULvZ+C9szItFAQtRiLUyZK9LdHRRFc3kvjbDsu9loIbYZHNCsSznUrBylhOG6yMj3UdpphFFmOYQNe72BhCp8dh2PTIqSbY8WNF46iGyhBImkt9HpvsDYc+znz4LfHdbkhwnjsmNDCEbYVIFNMaaPEM54BVkcdddRRxw8j9Kyqp0hOfFgDMhDosyr+yCPHTx4/gQAvAqNc/7Un0qipm7CMwDYpYFYCrE3hQps8zSJlWAYjVSfIiCzPzuIxzJ4WYaVBs5VkEYOchZmdIMjLGCc1w83zMZNxnoUl+QrYBsytLnNsBLtzbIjCrgCdNHkOEGbLMq7e126ZKL6B65zisYlSDBmCw0hgJvRQ4aTMUOKCyLnUKwZgt8oKaJJGh4PJCqQSxbsUbaBBVcX1p5DQiqRgnVMS4oyaUlIbGigEJZUNGLMZew4/sJj4NiRhvCR7ZBJQE0g3hn4tSUXzMs2RuFDpWCGgCz+UyB1GTnlJ8LLD8KxKnDaxRWxAY1f3lKnxTWisFOTlaKHUhIJ+svD6nXJFGaG0AMPNtX0gEogxSWAFLa8ysSVOjsMwIJJa0qYQNELMNQ0SphBb/W99xwVB0haqWCCfekscTKHVtR5JLZcsmFY5Ibo4ZDa5w46r4dFyNDIK0l/WO8dMxhHozocMejg9PEXMf6glDVkIp4VrOQnfIQKOaRHh0YxwcVllA5Su0SIwXIMlpd5UEbQsdiS9AnsDyLxW5TaTumJv4+5KY5Ia8SoTE1pUmi4FVyVynWDJSpKDTxje8CujSMTMIjUzNemWmwLyF03lZqhiUuBSNrhTN930ZVbHE4sagK6jjjrqqKOOOp6qobFFSCtX1tf/8//7XzY3u54bhGHkecFgMGg0/DhMHNduNBoAIuOaPwDMDMPzvCiODBNAPSuMYoDkfD8wTNTq7Q+6MzMzjWYzL3LECw3AqDPbtuMYlTfgU4yKDMdxAISG95Mk0aK9eZq2250IQDrL0sAibDMYjH3fs21kxQZBKwrDoiTvl7JsNpu4K8l9VO0YBI1GPArTJPUbAWKIJpyOkaTp+977vt1LS7vmZ+EddIVRHM4HkngEE5+OUB2Wo8SIgSF96KGH//5Df0/ChqgdQfgvlhAwNlDICoJ39dJaeinIYNDWPn4GAcZ5mUORUMHTFFCkEMBKXGGAXy2LGC60IPVMEWqUS6bCA0HeClqu6M9b/oRwUDxcXqHPWsdDPkaVW2PfaIlDwpmaYQ0dEW1+uDPQX5HA6C2yNtOnhYziUuPyldTjDmtEKryVPoqldavpKeUTaQ58mlD9EMD3Emle6KxkaKKQHjeNkKMWJHKtSOyE9LKrVgBUyYhno+DJaDRyXXj40263++gjj77kxS/ePpyu3NFVio/hFybPl1fXHL9x7MQpk8sLL9jdHXZ9C5ooKbR8oFwvUJ2SP+2NNOuoo446/kED/izjX2ZALXv9flFmU7PTABXe8pWvbWx0Tbvi++o5xxDYlJ00tyHvcNHLD0G2yLATIQ1IYeCra4g8CWWWjXNZCWIYEbT8oYmPBgZ5BvhwHiPBFmafLAlhLnYcaPYbkqP+gipTaspa0IvHRWMMmrLSkBYgu44onnv+4j7fEnIE+4HmZ0nqErhQCed/NZk0SEdDo6KUce1YEFbN0IreLKkVDXOYpOvSzGjJNaS4pY4l6X3iE0/2ojFHepOlcJJL8+nCVGEg2okANtr3EsotNVBLiQWjlVh6aiaZD/QcVKLi9toOvItSJHjisEezMjkWGuFFNi0gqYzDOAg0wOP6swByu+ZGI18eAiCNUHGhswxsAwgNvCMGragtj2LelBUJzfrWVyJQiZpQZBo77CGLElsDBoGzpFIiqU9PZipkZbE1NdMon9EoZmpkyrt6p0pbZKVMIXeIi0rvjG35shBlmGOfAFMyC7MlkzQ0BKl0b/Gpja18iYRPtLyG/tljswNx5luiMvKYeE9rR2Zs51fryaSqdFn0IrCcsjWBRosIiKNhJaLb21J+Gn4mSBpTPmJTVyvY8OErpSnQu4IkzipnZsiP4NvNjU1WxxOLWnStjjrqqKOOOup4yoXSPiEMJXrL8Xj8vmuuOXzkcJrmURQDfJwmcbOFCG8D8FyAlXu9PCtsx07ThFQ4Rp7nJnHU7W0CiAwZ5Hg8iqMQ4OPpTrvMsxiAZiWHwwHSlplCXNv3IXP1fR+J1UjlEPBB2F6i70puoHSvEccJpPOjEYJvw8EYigAAvjWdAjJUOIRBpFRVKvIHHyXwgSQdDcfwPmDTzXZLGAK+hZTYtp00RdPwE8dC2BlYAAAQAElEQVRPXvuha2Ez13YgU7ZQ5Rih1aclbEf0XloRK1kUxp/65KdXV9bSJFNoV4Qmfojdq6rMK3FJJgK4gqjEWAlQIYZ+M0hqQX95KA6gMND8Lx1UTiLhd+ugVEugtofmf2maGCPpZ3RZynNNianAXzkR31Asz3KNfGsFCW3aQ7zjCd2alpeyqqKTSLAm+jM5KBqkY4h8ZC2dgedWHYJeE/dHyu1DUgVVUcPJ7bCS1Kg0PXi1OLQSDyHZRdqS1hUjNYnpy6TVq0gen1wR7Csn+pKiYdRK1xardDhwrLD1QUU7bA/tHOR9C+HY7vLp0yWS+g1NLZNsi7ykfM9t+K5nGQ/cdygejxzLdBy3IPVLeITHoxCOajBd9/Ft0npNf66jjjrq+KEFreQBrI3xOIo3exujcHj/A/ePhtHRR1dvu+1bpuEAoIyTTzlRoCB8UJCzgoZ0UQ2iYLbjwwbwF9zSa3EKBn/UYfeuA/1EVBgGiBtX0qTo92tC9xJX3ZSCVhpB79J1YWqxOLew+WqgnLTAJmg5WWejCAWHaVgsNc1XXLZrjmd2kRlFzssS7eYQJVQVzbn6xxjN8ahLbJA4g2FIRIPhTY7dYkEqz6jiy6hvjHghJ+UJbZmLiQKcA24pSCWaT9SndDsVpzSO+hown4pR4Ijz98aeX9J5wj+u5TtwYw3t0j+FuDqkGOTVYJqC+tgG+kZbpm0K20BvYwzbsnBwkM+Nchmagqu1o2m2xbMiTBmOIozUlSezILQZUhigS4CXBaMIcy9soMWKqy47DoNpccNCkFdfMHkRIjeZE+eadEvwJcK9TI8ctK5hosfzQd0LS+DrCStZZ0ZqwgyGTY3UKNZ49GgxiEq0Pc6ybAf6LwkAJ+CcaUUQZRCfmTBvoosLWnklOKmAGJQx4SOBtwDRY1O/o9MJpVv7kzxsImdGS9O4JmeLqiVAD4VBzf6ceOjEg5YEjCu6q3SaAO5rr8otORa6Lko+taKHIrsR7LtXBAX8JSo0VRp+lBe670/6ZloQTxjtTofV8cSiBqDrqKOOOuqoo46nXCiS+iUzb8P4xp13ffrT15933nmQ3EdRyMjMLQrHkPPnRQ654/z8fJolAA27nlui9bnqdjcgQ52dnXn4kYcAeaYFd3J6eirLM6iT5nftIq40EhyGg2Gr1YRtAHF2HBtQafgfFT/KttFFBUBpANTgp4Add7t927bgNcDfkKeGYeh7AWy6uroG59br9QkMlYPuMGg0AfCGpDYIfEhm2+0OnCqgq/ML84UsEXWVpHPNxec+9/kHH3zIQqVhZaLjGxOUsT/9IGitpmcaKJrxoQ/9/d3fugeuN08zZH7j0lIUMClI7JguH+s/TWwh0FZqZ0ItClmtIhWcyL+2dr3XStAa7KxKM6oe4LZqFFsDx5xX0pK6yCiynFMpwrZ8b7TBEfKyS01MxqNPBCz4hBmdpHATVSWaoQ88WQpdkgqzLo40xk0nIGgZKDK4C5RN1E6GVDrR86kLQSz2aD9ZXtBOOBkr4acyXCKda5UPrOzQntAg5pfKkHytsPo1rapwwmFTqL0pc6YK5JBpyFu7MKJgNVKpclS2LKDvgSgGkaBd10XQOi82u116FAWVzLpSrRhWcPK2ZS7OzZ6/d/cVF1/UaTUbntdqNuGcaQktc+GmsG3cuYae66ijjjp+2KGla40sK0bjcavVdmw7zYokzr5195ETR09zhlCpLAhsVYQYSmLHIuAoSRIBwGkkt1rcNpkjuIUiDzhLOoAzK2EVyNOluRWQ4BL/8BMAbOKCM5x5LQScTbMCWw2h+ccE9imd4UzW8QAGXgDw+Yz55sVO6pWhXRaWJLwXoG0ERnG9DnrNEfOZcc23VahiLOAf6mpptrEUKBuCr7XOBqtI09oUQWgGLBcTZwitLsyVZkxrcjWCswZho+TJIMxyaa7cs1CYmGOQbnJJysPaiqOkGRzaypCmOZB+cgB18StctSm07BrAwVxbGKutzrF2gsB/ipBhYpLTP9xeKM3Flih/MrDZSuZESmWlqiZqaF2jojTHo8stCJUk2oRuIRDGiy9oqlWa3wz5Lf5DaFYQMA0bmDph0P8o7TW25mWdSCDtFzMQXBsV5dnQkQ+EK32rSKF1jc9BdVwUrICJH/vrjHw1hO5e0+PBMMWhBjfy5fFyAXFGnjgaRRKcr1sLStP1UdNaq2AzzdjWl4MoNgLEDNsi6AOCC+ZMWneoLSu21rFpUQ2S4lAlRy1sDU/r9gU8xTpf4hqNZ3wiFo4ppaF9RVByDWXWAGbXi9hg16XuZQgaQ7okGk7B6sVcTzhqALqOOuqoo4466niKRbWKkIQIur3eNe973/OuvHJmZuayyy5D7nASCYM1m00AoyEvfOYVz1xcXJybn/c9N88yyCZhG8g4Z2dnd+9e+rnX/BytoROe5w4GA9fzAMizTXtpaXFqaipNs1a7BT9tNBooejsew1EOHDgAWHOWof0gYNIACAaB12o1pmc6aKJToCEJus0w5bpQpMlOG/C3Vn/Q73TaUDf4njc1PZXG8YH9+yGjHY3RFFF7ITKEF/P5+TlApYmcijIIjuO+80//7OTJZUNY6H1CsKCST8Nkl4BUBiXBRz5y3ec//3m4wyGJluSlJrNUWSsqemtJZqwmuY1haezzsfuUGmclrUAqpUhqWZYkF4HrKFHHg+jDmrPM6IUmEZdE9SUSjVJbghiT0GobORKASs1UJhQYi1ktSq6ln7UktP5XElqN5Q1axhd6remWXbtUE2VzlDUvJ9wwtYN/LXU5hBVRWZKPYkWKplXIhtZ+kSS1oRHmijI9+am+NI22a41FLBrhfwbSxEp84iobHk6wgWZnV7udnHyapvArozVkCFLHai2K47W1teoWkJQo4gCCz8/M7t+7p+n5MkP5bZQfRftIFN2uy7U66qijjh91wN9723It0+33w+XldUBFoU/6xS/eQuguS9KYi2/7x5j6qTgN0gylO75naEyprUPYtp7LSLQJ5aDITQGnI6Y0xfWMPevFP4ZRTetoS2CJplG+8MDCbNJXZULEVU1NLjXmuzWdTU5Oi0cAUmkQx1Wy7zV4Ja2w8x1V2Q4jVo0CG4bKXM+8cH/UskxOBzzrNKpxUHqe/zbH+R5AN5SqUIB5A3RrKW5YhWMs22KgWJo6TNl6qt5ecfS4u6g8J7aOTiocyBTnpcJ/ui8x2eCMC9HqHhos1gkQDZAL2S52863SEituee9wJWH0BMFNpD1DK53OimBr8rjQCib0b7LoikZp60Bq8gKXh6EueXVFeGDsrJv66AavzlNShwEJ5th2NwW1T1AxBi+SGN/CkNVSMEMTCLTcs5hoiBB/uSBdcmzGWzsWw00OgWkOHQMVxrkQO7Q5tk9c0w60ilpJambbpuh1fLeoR6qOOuqoo4466njKxKQC0f9RgOJdf/3nvv71r58+vbq2tn7s2PF2uwWgMIC2SYL6GHNzM8+98tmnlk8MB31Iiz3fT5IEIOAsS6+66vlLS7uLMp+bnUMR5zxvNJr93mjPngOvfe3PdzqdqalpQJ8hxYSkG6Bn+PhPveqnLjoI/7vIDzxNZQ3Hoe8HAMZdeeXz9u3be9mll7RaASS9AChDtt5oBC9/+Y9dePD8Cy44v91u9vpdC/UMWBSNXvrSl8AhLrvsUshvSbQaT6zVal199fMvufiSfXv25UmKSbbiWVxcftkV99xzhExmoJJ0aNEpU08XwsUEWpUAvkM9eNPNt9xww+dbrXYcJ9AAsCwLTWPI74UoKUihjeOYNPiwikBfpCQt0W8d9wYbP4ZMq7Fgg2z9TNuyS+IYo6TJRDFZbZW2vCqaCatF2YothJrpWkwgGVlrLuszR6kNklomPk2u9TEYefdBUaVpR/AaPuihILilV8uimyVpUuD2JZ5RlqZIXqbCV5BYYVltUOlBk3iIqYtGy7a1irSaSE7Dj1zHdh0sEhVJRVd7zlHHnPZUaMoxvA8gstYMgRGg4xHEgB8qJvo2pbZn1JgCQ/ENhwjmgnzkGXRi8qygkVAEpatwPM7TnDQsSSHRMHzHdW1L5uWumTmoAMu0gGIujVMtsylrxlAdddRRx484tL4TdbXZ0u69z7ny6tW17qF7D0tcwxPDjDHxV5PUmiXnQcTXiq3XlScbeeEiv5UEoxmrlB+o+4qbaTEsPTPCdnhsVCQudDd9q2uO0yJxXQkNLCumLSDWTD5zyrqsY/oyNqHrXAKgWXIyCSSF5YLao3Lr0KTTgJxeBqkRzvHbE8qkz2rqLU1aT6RUZTdHgg1o04c7FhXPV6OunHqxO+SkeATp3O7pYn4qNlGAmQi04rFLdlTFtyXi9GP+CVYhoVuY7rb+FHWBq9NmWiTDMpTlGA5KY5XKCg172XJC25C8LCSaXSOjvFo/pCaXoE0dqrOhUeLbJwYfsWxUlIC2AGleEEyM9GGik0ty+aua9OZkuZg2lpjcUMkkJCgpNJYt4/7B2gbPsYkPJ4SMeLw62lIvhlK8UtdGNRLITfBcSP2C9EkwTLw1yqjUNrimRmsncHxiJape4BosTEqq5Iea+tXYyYpZoGgcOGmLlXB98HaBzh/6fXzutHKIkLQ77PITvC7OkP8qZSWPRlR4hgyVSudD6LyOo2Z0TmkerRsjCFs/vZpFABfkOB6r44lFbUJYRx111FFHHXU8lYJwQkl4oPno0Uev+8h1zWb7yOEjeSGbjQYknAYHgDIKgkYYjh85evRvP/CBcRgC2ptEcZanjWaj2+0uLi49/PBDx48fC+NwqjMFRYHnBYQmew899OC73vUuSIYH/X6DLAGTJAUAcTwOH370kVMnT21ubLqu6/s+nAbgiaPRCCC+e+69ezQcjcejUTiaaneyPIdzILSRHTlyWPu6THU62tKw2WwFjaB/fx/2DCeWpUmv14P6MM2ytbUVQNJR96PZskwLCkeAD3u94ac/ff2BAwcue8bFJqTs4ummV6DpJFDi3nTTlz/4wQ/AOGiFZU2PQo2/AjBTuMMl9BagBIEfk/wFFCulLpEJ0i2g1NUOe8hdquQdyMFcaS4V04rKGqLVghi6/hNESWakzkw1riJLQ0FVDhGbkDxTsqqyxRJ6qwYlfNnS5atBaDUtzuRVFaSUdiWC8myLLyOoNiSBSnQCYpNCSHOZzwgqLDXOXpVbnCOznkQwiEGGUoka+BZUZuMRhdgiExXlRCkbBTRKRdrWxEKqWEVESYIinyRHiN6m39fYuvbwgdIOfjtQwFNb8Sh18uTJVrup9wyFKDyrrXa724fHOHBtx3JsuKFpEttCxOEYjjAz2+r1Nh3XdFzbsx1clFxHHXXUUcePOGACgunSse3p6RZpEIi77z7U3ewBBlgWGcwbREnUQDPOE7jI6qxdVIgeTArQdzd26BzgBxByBFwUIGO1vVAJ5hkiL5NXMLXMSSmiCj3h8R2pjKFKwJ1/7sqLZo0IUEzoahZFylEev28ohAAAEABJREFUqiT2aQU6a+0O2gWKJRBwTvoJdHZcv94+ClNPtMtZTcFcg7ia5wwTK2OZ56qDu/LAgjMpOQq4scejOQsCsWmIzvgpZ5VpIZvAw9X5f9sT09cEH4EswXCl6488c42pCD4GAGtBgsey4qGr7bMnlvqE7cy32c36BdGzsYVgmDiIUsuMoIOF0lSGre23+gTUJJioLhsk1FHic9AziqPDXurwAjnLUi8Fg8umvjKegmVY+jJLErvQtOjqxLbGaieJfsIcNyogXgntgYHi0WeODTxCWsaZM1rFBY9iuTVskCpDUmhU3XSlOxIFniHlkHiuZDSpOcuP92SQYjqA0fgjvANo0Yx5KfQlSnIigaQLV9ERhVc/MXpNmdRq4HU8sagB6DrqqKOOOuqo4ykVlOnpOuemm246fuwE0lptu9Np6uwTvrquB/gv5I6A8wIA15mayjKkfLqet7GxvrS4ezgaJEk0DQWZbAEKjHrNceh4bp5kgO7lRZ6GKfwUAGXAmqVMYBsAiA/de4hRORchuGxLWUAS3Gw2B4PBiRPHAW6GVLXhB5Zlx0limWa/3//MZz7DcJVr6rlBFCEkvbG5OT09deONXyAGLmZi8CnPs4XB4bC3337HzMxsRosZbccZReNGs3nP3XeXZfHxj3/s4EX/minLFsbTKddVRMSCLP62227/6Ec/ipTfokzSGJBkGHYqmQxqAyTCrMg4cJcBxdTC0DDOMk2Jb8VJpFizigu9c46aD4V252NY4VjweHAqmQyiaBV5josxCUHO0qwgdWbAcQEDt0ynMrvU/kDExDGoJtEO6foQcDw4OkDAcHOxFCklnzDKSKYcxSsAsDaJWgXAOsDfJMeMMoj4zBDLWS/w1Aj1Vmh2lCSTH13tAPLu2A6cpyZfw2nDo8WIEK3FoxVpjNA4VLuieontrPdIamQb/8XfGlSJhDPE7gYpeBR6M83I1qfhei4Tk2E0EPKenZuDs4CTB8AZnt4p+C3LC2y6kPdjEifQjnG91vR04+jR470u6pmY9KvaDJp1rVZHHXXU8aOMbVkqaKgXZWbZJnRue8PolptvzWUJ+QbMZlkqTcpDONd9SrTWOAtipRavob0H0FqjzNl2n7LUDrUGbsC2jojyVkKjhBVOqtiWmAG+MLRnXAX7KovJK/bMXD5rOqN1mIJUkaLRITKgC5ObGiTleHJcym38W7GJbaDWVEbFYaa+G+osCRWeYMI7kFAtusxJmlmJkssCJuv5abV7LrMRdy5h8kcMdGv63D4QCaNxduZUW12vQlNEqZU9EBLlO47GKjT4jJSOtNYAfS9YMw6MNZv3Sp7ArIr+g5ABwQSNYlzaU48+R6TgLTkvbEWjhjcx3/E1EpwNFPZGpWWBXwkaNshPUhFheSduvnUJmlhN0tHURIccg5WPyvEGS0NZZiQ0BwkMfNwWqHGtSdeQpdA1MMKkue5SkCp0sXP/fNKEpp4+fbLKnOCxMbVsGTtbJETT0xnZbOACMDFpGzASFTG5qe0O4eHWLpcoUT7pvrMKNUbqvSZBs0pAY+fQS22NCBmOZQpJ1hdwRYiqc7gFGYdrFdXJ0gIArgHrOp541OyDOuqoo4466qjjKRO8kucDCI+tnF675ctfazbbhmFzbgLiHEcRJK15lg3HI0Ye6IAFQ0aZJIBmClxnl+dTU50oHjuelxX56vpamhZxHLdabYPSdItAZCglXMcdj0PTAJQZF5O226gIoZeXQvi+LxE+dkzTHg5HjmObhgWFmON4SZKHYeTYNhzODzyAklFojizefB+FO3zPJXkEdJmLojDPU9MyxARnbDUbcD5pmkGZ1+v2PAcw8RROBvZx00033333va5jSvWUzHfVmcGoRq10ImR52+23/92HPgQDgmIUWaaLB6/hc7LmQ492B23r0AkHCgmpcgRhoXJABx6y4oGf5OjMB0W1wUxTKNq0KHNtEaM50cS5EhpW1udg2w7W1eQ2o0sS+FYLfJOgM5KdZaVriWBsRrxj7BwQGRlKOC1njMtb6cP0NtefzRFJRz433dwctY/pMat0ZKSMwgg5NfQmIzqzVnmmM0UVDnhitXoGWSwyGIYtDRo20YAmYJfYzSTEIUmzg2PVRA71WImJkmACPSyaXZSlOVajksNDjvVuSf6HZNE5WXiLq4G1pSH8RoxHYWWESEOB9H/H2hLx5MLEXxvGx3GSwaBnJf12oJMn0Z+n4JUf+DLL4SZaeqHuhBZVRx111FHHDzu08rAgYY0Spy+Gyvz33fvgN+++JyMrhSJHeQKYr3AaRSGFEn2byWYQQOtCogQxw76hQbCthFSmLHOYECDnYgQ4ouMgN8nQjuEcS9aFitij0NctqW+rECrVLn8IZeILhUgqpwkI5zJZTBv5Sy6cbafDhspZmsCpCaNU+odI3YV5w1bozEfmfAY51AnLgEMracD54BnDxGIqTjAodFJhLgUcUiGSi6ArzJ84hcJP0dUProv0O8grECZNvBCBn4WZ1DBLZqkSXhh91xQXHIjdRsHgW5gLc8lLTlaHcGSJWQcit4IM9nAH/AwZkMrUgVffon4XkqG1RaGBHV+u7Qi37AcNXJmEhHFAkEVDNIOwHT2YuqHpFNLE3jn262Gmto3KFVnRPvEfErMVSVmYmvuNVoQkMgbZKWLmKFQCDXhUUkanQWZAxqRKmJGRbG0KbfFYKYBNDJmF7mIgigyIPFNFw7xzdCo0aVDp9uGpor60yMocTZUh39jy28AcrEDcGleqSUObbTDMRgDSRX2VHSokGjhG9+OJbwdk7/i9aWiRNuyNbCUMlTGH1OvMNOVZEwMg9YKcaUKu5xayvAnsh0QFDTbxgkihmiB1PCi03rllQcJZoHumWWlnw+EggdKyJhYMHXkewuBiiQFZlczhiYI+SQKZaJnCt+N4xOp4YlED0HXUUUcdddRRx1MsMMXMy89+9vPHjh9N0oScTZBHHASN4WAIWanne8hrLso4iV3XgwIDAF/PdxH4EhzeGQ4HkLm22p3llVNQQgxHw3AcjcMI8lPHc23HhjLM9TxIUqFOo7WNZbOFggPauoSgNpaiaK9sNpuQp5IbYZ4kSWdqihY2csd2CIZDdM8PmhqgBJgPUDlAmG3bJa9CVMvFKsgySyK0jsMQsvZGwwXkDt4cEbqdJgmcw+rqyhe+cGOcpE8P7Vy4drovGDfffPPf/u3fjkZjuLOAvxPIKUnDIQU0HwYKhhppuROZC9SLBAhYIQKr8Vb6hKyoN5MVqVs6D/rHHJsQRam091Hl16ernS2HQEZkosc154FtcvIYJBN2tb0IefKv0upQlY1PZd++g1+jL1ZTjQyqrAgYN/R6Uv1TvRl8OCVqs9JW8oahJR31U6SJ0kjSyTINWyO6jSwn/BSWdnQqqNZZEZbhoSWuPbG/BY2g1seUE+PBEj0X9QhMqG0KJTgAoNdrWl1ofZA+iYVLuaerinGHgRNUoSdPn4Zrg6p2MBwvr6zF8EsIvxMpPOfl1PSUTZ4/vuvperBGn+uoo446ftQB06bWsYAsaRwmH/nwx6FrbtsWzLYw1UFXUj7GYldNnOhYNW3BX2yYLwyceRR6B5wtITFRbtK9XtTxmOh0VHOeOgOZJQNBSfMaQsKQB1w013zulB2UkUpGhkx5kettNVqldJN5y9OukhR+jBCzlm8m0WildSeU3Lo69divJKhBrxHBhNmxEJPWqGPDxCnnptJ987kD+ywAGTVKLTStNUC0ZwT2f0kRuNRyzGISW5er2wBaNGTyLR6k0ALK7OwLgQY70ZZhVJjR5c2uJ2LtLEzqGBIx+63bhKustE2xpgyzSraLLh9dHBh5O+tDEMkdjfs4dRvgH3xnYaPY2iJkbykjVyrbkwkexbt8+/B49VQ8jBB+xlFWJY03gexblscT02WJXoEkvm0SdwNFNegfyqRRLq5TD/XtnRv1c6LdnJVUT9z4RAuF4QiT9kg5ERZRpO/BSX+cabcPek2eItWQTqyYq10BsL7zF0TQSjutJy4Q4DbRxJlh64bV8cSiBqDrqKOOOuqoo46nQGwzZzmUNMXm5sZHP/axOEpROSHLPN+HFHc0GgWBj5zRLA8aDQBwG81mBBslsJkYjyPYTV5kvV7P9zx4B8DlxaXdqIcACJ2t8TjV7fZKhJXbm+sbaZY6jovqvVIlcazzTqg0/MDXSCgkt2ma+L4XhVEA0QiSOMoynYli/oxaxoz1e/1wHMZxgtWCZHBuRZE3GgGAy57nkb5EnCZZiWohHfLWRlNEgLMh8U1JfgHOYaozdfe37tnY7DKt0/eUhaEJotVEY4j8uus++sEPfhDuHVw2XDKt+iy3zGoAlNdDjTRw09SgJ3mOE24rxISyQzIRjgv3C5dYkkVkhSMTYZhVipBKy1kCEoqHixM58esrykpXcasA04EUZ0PYFlYZmmuzxeDW2+VoT4P/6MYhjAsvyfoPXQRNy9qxK1O7CFaq0GQqCEfN6CFBDJoAbK3abKPNIH5W7GDrlKTgTOxs1CLUO2QVkq60kQ4Mgv5WU7+hQJpcDvr5TBhHXOts0LkYtKVxVh04EcUkhhabQPaohGj4fgDnCb9EFlKqq6XUcIJwGUkuDcA2POjxjGZm5+F04yjSS7zhIYfbYyMbq4466qijjh9afEfdCQ3eoR7uieOnv/bVO1FGg3qWei47SzWi0keg0N1Q3acVhklaVQJteB8DImnVqepzHGFNgOZs+ADMtZNWqNoSBSHjO5g0YbYSeTlnixedt2s3T1gWEcNaqgJlmLnG+zR3+XGuWcsd79DQwM9MIF0UBUH7QT3bVhsQ4xh3CNsJYh5zUXWNaaabQLUKIPAQdrBnMe4E0oB5k+QssAuMECohmciaxm9QUAuu0EbR4cekEJVQ8Ba7mRk7x1lnA2ddFqHSQkjTyEy+pvxNS6QMINSC0W1EPrec7LmiD1eNedJ0rhYJ0vhTpsR39pUrcHxCymYVwVyZVSJgVjRoWu2nFUq07pky2KZdfKN/NBL5IBoXGt6vZv8dlzSRuWCUTpNIV649DIlTbQg+IVobYpIJqrOeIyQKyCLHJ4FpYfHqHHZuybdvvZqIsGy9QxrQ3Eb+RwXO67OjkSDlDVoxpmFoNbHcZFue2DtkXmAsJGmS7zg6iYuT/rWBRoqoPyJrAPoJRw1A11FHHXXUUUcdT4GgVYaUz5bSMp3bb//mieMnoI4qcgn473g0gnwW8N/Tp09r5g6uMDXMPElxJaiNHuDwThgBnFsACDYaj23HHo9DG1ehFt3NvuMAiA3gdQ4wcgagchwBlImoqGTjYURrUpE2gkQJxU6cOEEEVRRJgKMlcdZotAB23NjYBPhbE1qJpWu1Wm2dYEMKDcd1HIchKp1pohBsHEUxXEVZSC3vAT8CdBtwWPjRzMxM4PsARGY5ApRhGN1zzz2fv+HzumLU1nrqKSLHsS3aqBiyUrBOE/3+8O/+7kOf/46Z3BIAABAASURBVPyNZaGSJIU3CYoVeS51oUR1a5WsTii3XFcHupIgiYxCv9CVB/0UUGAU94DbiB442gpJGPCWoI8DjAutBRg/uCOAFOsOhEniziQKInfKAgokyGgNS237o0yybMfag+hO5iQ4VTUazpZkLaj3oB+GSuWZZDShIwJXWpQTchadlaCiEQ4BD4mm38iJf6Ami8HZovK4qiyG9GOgSPqZayKWUQ2XLvH0sRhJeWjCjka3AfVH8g5peuq39cehWsNHkVx9DJJlhG2qSyMpbfjGdV3Y2/rGOkDY8HzyicmSwHEStuM+cuwYXNnq2qbk6K/oB01Je0upm+IHQanKx0IeddRRRx11fH9xNjZ35vswG3ETm+hFym+66WtRmChtYVAJIeu/xlrYSer0CdFhMrbVU4zu8MJcqSoVK/5YEz1KzUr9Z11PItoml22zByY9YIICPc8xYT9lYRny8hnvxUtTrSIWJPuL0htkZAcgNM2cOMkIfvYRCahV4gw7u0rnd/I96Y4wfQno1qvhcYPENwgJNdFYQhgoCKJnc0THINsrlcEHU76xf0nallQ5XR2uQuJCZyCSlkxx4vhaKJoBH4BRNmy1IyhlMSsAmhv6xZadox4ZNG88MyAVzIvcUpCABuw0c2IU+9DEaYS9hXa+44QXGzs6xdvMZbMyQ4YU2NoBiKudBoM4DiQ3USLF+OzpWK8eQxazaQkyOs4s9nC6+UDejc2yADieyBiT9GyrH0/q3rTICkaWmMFMK1qQEWB1htvjo6nQXGzzS0iFwzIsDVUz+n7rIwYJsm11TfS3lUKaoVd2ae0Q/EoruqRG0zUIzSeulGoib820oTkOmqF3xSosu0L3aQ1bKdCw0aRkCe883DzBKhp6SQrQcCzPD1gdTyxqALqOOuqoo4466ngKxFYaTUmquu/eQ4BjIj1ZcEBm/UbwjMsvv+TiS6666vnD4QDqH0DTyhLhXdt2Dl544bOf9WyAmBEFBjw3y2emp2NAfg3hOs7Biy5qt9uQpI5G45mZabIcQWO6Zzzjsvldu1ZOnzZRHk5GYVwUeRwl0zPTCwuLSZw4ruP7AbFckeNzPsSB8/r9HgDisJPxOIKMeHVtFXDtSy+9hJHcsK6MoBRM06zdanq+FyfxcDhqNJqabYSuho0GbJ9n+Xg8Qrp3UbSaLcjF4TyhvPnMZz7bHwyeKhCerjZ1NTsRekCeCJz6qZOn/viP//grt9wCFxInCeT3MCZYFWDNY1B9J7UloEnEZ72qlFWMYLIWpNqA1tDKUm9PALBm5aCcsVJajlBM6itcgUpEIRhe2LTyDMSGQcUh0ocwttfPMk0p2tL5oP/iHdSLNEsSvtjSTNQfqSqhybf6Zpm60ptwqKsfTR5sLcGh/Qy1OY4WxBAT2fEC6eEpXIiLYi8ZPzOw3rNQkTknBF3X+iby+u2JBHa1NnjrsUFgvUS1xBzGotD8byyv+IRzbaFZYhnHURSF0JDBdgsOWkH60WmRl7Ozc1ohUU7sGW3XSdN8MAqnZmf9RgsAa3jC4UbAxzWXjVcss5oDXUcddZxDsQNi+yGH/oP/HfIBFA6W2IUd9IubvvS1vEjh7z1MshqSq8ihXGyZwkHYloVLcExzgtyRuLNC38JSZijm8d3+hltobYGYsZ4MaUIx9VTOtP4SguBc8ixg+UvP37XbjIQKmUwFL3OVSZ4IQA9JDRnFpzmqDD+BsatM6uilwGkalyNtU1NRABmnOVqtpEpST+a6jy/pHgFwKxi8V8aWsC47L5ttMhI6RhkJRvZ9qD5NTAi8lYJ4zVy3wBHvfnxsTStxI9S/JbBMeHRlnnfWJcD5QSZilMxbbxRrMofOAbGNOZ6XQn/ELeZvRe+tOtl6otcZMslx0Ahjs197DHKxQ1uMgN2KPS34d4EESy5HtnwoXE2bZsEVPBwFdhdoP1z3u0lhnA5U9RhEZRdpIXSLGRr1zlllg7ElGLIjdmDl22Ohb9dZiVPlHFLKb3fCE/2z7Q0qqHqH/8fjf5CWuUl9tpNBlkTmFkQJx3Z7te5O6IwL7k5SZC/9Rz/G6nhiYbI66qijjjrqqKOOp1BAHTUcPPTQg+1OJ00AKy4dxxkNh+cd2H/nnd+EjHPPnn3D4dDzAkOYTsMDWHjf3r333//AVKczGPaRwWqacZw0G62f+Mkfv+/w4SIr4E3A1AAR7nW7tuNcdumlS7uXHnnkUd/zpqenXdeNwghwZ8D+fu41P3f//fd7no8q0oSrBo0GvH72s5+d50UQNA4fOSwEYKmJ6zoAUr/i5a+I4njP0u7l06cpXeZQho3D8HnPex5gebDPh9nDxFHNFAGXL3/FK5aXl+G47U6TIGyU7PN85/IrrtjcWF/ctbB86tTyyVPTUx3G2ETAUBefTzo8esJ+YlR3oAkkGtZhC0He9a17P/mJT5w4dhyS+DAM4SqjcISQKXkPQpqPWDL6jxN3mYoWEqaAIS90JYDkLFxbipduWQ6ujBUKhlEPBUGcSKCeVIaV5F8Bta1CRNty7IKEL1zPhY9oaQs2oRuLHSwqaFdoA0BOWoGKFqyyCYMGPyjIXZ7MAA1iHuGWVBfqYrucQMmMLoCWympEHNFePDGqaZBcT9eFZTAJa8B+4PnOs0zjy6g5TnqIFY+bttxZSu1kXuOSUlqoS1UyVZ5IGOOChoLge0PXqejPic5GUq/MpdOvylFDVPUqDU6pNbuztIDfuH379kFfpyR3RPiKS7MV7/iNhYVdKZywZ250u3CUVivQg08S7QHJeWw1A+qoo446nv6x8680zB+Thqhijydk/F1DL5fZWggFf2+hdwtZiuPavNKGwD+z6JlGksUwZZR5zrj5iY9/+oH7H4btkfdalPDnfSKxrLSNG6PJAnufkvi92JcVFrXGNbN2onuwrVWhFY25/spzItnijK0bqCVKRfEJqbQaCmJY4/QILWPHkM/a27p8KTCjNVFkrEwBwzQQyNTmfWQgxy3OCvKsq+x51WQKrmjVbIc2wlaQxgYNMSpIIzkaVT2Qn6s3rFSkaXkaws4TjWk8SdtJZ6eNg+dtmmR0zHKmDfS4LDMcCtPQHFuNSzLdf1Ya8SR1Y7oLJUHXXKt2VSel4VplKOwK4J0SlaK0nJw8NKpzm9l2bFsnbTWusg6B8HdhkpkiWSmSHBYcS9CUikv0xPaTpjRsqvWzFOVQageBQz9FJS5DQ0NCZKLLCoHHRrKsNLuJeV6WkEhBDnTcHD9aDMZmURIrArIdZVTaFpwOVzK0m0TGdJUpYTZSLf+i+6RtKvAGcENtqXBrlQ/6pmrnT4BmDVUjHC9MLY8m9EhXn6QPi20Pii01D3oIuQbWK1L15Ed8a3Swl1ApoWkge8JMp1HReh24G16h8zRcJiq/4Z7zorRtcuaA0chz3/d+9md/htXxxKIGoOuoo4466qijjqdKYFpomeY377zr/gceGI8RRIZsMI7jhYX5j3/845xEdYfDcH5+Dt60TBsKp7vvuvubd3xz954lNAwMmlEUoiugH5R5cdvXbkvydDwaNxtN2DIKQ9u2w9H4ZHHy+PHjAFLPzs3APgFHNkwjiWPHsQ/dd+jY8eNwKp6LKtKAu/V7/ampqS9/+Zbzzz9vMBjOzs5DVuo4HuCqkOMeffTYBRde8IUv3VRqXeA873Q6emlqmqQnT51Co20JGDr6fQP2fec37wSgMAwjokUHjuehcq7v33bb7b6L1Nc4TO87fP9lz7jMqJbBSr3CVC/LZE+OUGc4DhF0W0oqJ9BA7ytf+cqHP/KRcDw2cVRTVapCZkhyYQVZzaAmsuO6KN2oZQZlBSkr8swjgBSLAoXSGSa9I4gALcnyUZE+MlRBaEFjbFGnsTIURAhCwxktxGwRTR7uC9wFcsuh8jvHiktXfZoWzXaUbZNClGuomk2QaKSJob6zIEy5Mmi3bFuvYtaDwibrnPGuTZad6lWhWHrBgVTF2SnyShWaVX6GfEKLLhzTBbxBSz9vDTWycAghYNu0HU1pplWrJIxJKDTVhkhGL6v1rTiOCOirSuBa6DKMdqhokS65FxKPDH51LJR39gHxgL7OeecdYAS7a/yCsHYJlSWgFllWuG4DBVKgP2TZnmMnSdgKArGDIFYD0HXUUcfTO87mWpKVnqatCuQgw5T3/aAxtAeVFZlCyM8+dvxEq9VeWJzTuB4tCsJ5Ki1y7BrSwppTpzY+9rFPREmiPZax81iJcKBCtOQVhxqmBgPlqlB+F0BJLR0luMlRwgJxaS2czLYRVWPyAmdlVakxAGYNOB1OWSiQS8LH2mOApjz0bMtgA2HZefii8xZnjMjIU47SDuhmZzFD0rojRiC00PJXrJIb3s5zEA+WYgd3W5GuhX452aR6DXMsZyZtSTvleurDmYuT6Ic2MpDojqBGsMsDu+OWl7LYYhmaStA+yT1QaKnr6kq1Bd/24QTtEzq1UlTIe6XksPPWaSc8AFppbpcl8XIJABcEFxuAeFuRzZa5Hdo8j0WBomSmXrClMVFo61Iyw0kGBNBpUfUJKlx+K+uott/SgDZ4Ba7qYSgJVkeclmuJO7SsrLBaOiNIz3iReuLeZH1NpAV5ZkDLWvcU6LGpHiGClekZrxJTVeHyRLyA1xbtWS9r08YTCo2dc+wSEBZscrYz18JGBRpnokAYZmXw4MmJZMbWOE40tfW6t238nbYjVH37+dT3C74vaA2bwSdkfLyJJO9Gv5iol6f7MvSsCP2gaN+RSfvf8xzIkfzAH49GRZH95E/++POufC6r44lFDUDXUUcdddRRRx1PgZhUHTxLixs+f0OW5o2gmaZpI2iZlgVgMWSr8BUKrXa7NRwMAUpG7mhRuJ4LuWi/3wekEhBCgM8g9xyPR34QDIbDOE0AQet2u0Hgk8EO9zzPtp3RCPZgRSFxkDE5xoR+fX1jPB7jokLLjtLIkiV8xHasNEuazcbx4yenpjoFqkKzNA1t+tnG5sbq6iqZwwDCKBxhA8wNG9/9rW+ZljkROhA5EpRQS6Tf7S/s2gWYKEDSiInHERzu1MmTkP4WcM15Ztnm12+99Wd/9qc9gGg5f5LDeBVDVzHLMuEa4yT+7Gc/96UvfglewE2BwUde8wQrRYqTFLIiDlfafno/KbGVqR6CatEipNhQhjY0N1AXQmlD8+0jn3UemlZDYiAFr3i+HMaZllvKrZpW62xoDrCs+ENn7IrTGfCJimIlu0HbEAYuLSr4FekvO3AIUvAwyGxQI9ra+B7OWZOjquOS+oouINkEtoB2hcaMd47nWd/KicgJmfVgVaevBRAEeMAydJrSGLeSVXGu0NdRmkVRrU6VSq9vrT6o1Bl6jrpEh7dc16FiF0nopmX8zM+8Gn5lJhg6T5PEtC295lcXcsiqFmYYR63Ai+KYa3OkOuqoo45zL7bWA2GuYkLr2iwhVRDq+8BiqtmKM8hGNjd7pm3Dn1/Rmdo+Fs1iSZJqsWbs6Sbspi84+JDUAAAQAElEQVTd+sADj8CEI1W586w09IYtSVLu1ZOp4A6BqQjAVbgxTeYwXyN9F9qfZ0+wxEY1jMmUDZ8sK7gP9sDkzpMvtW2DKW2unjHfuXo+aOWbTCZacKFUpTiT1azZuMa3l4n4tooK2pBQkQ8wYu3YiYUOqQbLaYYzCFsXVZOaHAaV7SWeZ563K4O7wwWr1hFpMFvCrFpSd1Zzcs8808eelZaeIqSUTZqu6uwLQQYyNyfNaSRkm9JUfUOuJk7i5qn21JN0LxXA0HlRbKlIaNmNPD9DSHpLa0s+Ruai+hyvhoQmeELAd6RAnG83J7hljXl2mqX3bJyKXMlzAKSVLSw8B+qhU9v7cS5fJ1l0QydnRVkQCc1ROgQpsWnqNyXtwsQkjakdejK0f6Qv6Kd0oqLBtJoJPBJ5ldVwY4fimdDL4Ii58FhahpzcMU1T157PGg2X9FtwxnARt1sg592kDgtA5bhYDbIgOJ04CiH5v+CC83/1136l026yOp5Y1BrQddRRRx111FHHUyIw2YU8e7O7eejQfQA6h1HkeYFeXpohOJsH6CKIZE1y84asXsiizJIMcDnXDUjIjWUprldtNJqD/hA+5dg2fKDZaoZhrBCbs5FlHEWAQePSPyTJkhkOqjSUrVaLoYWgtnSTxANi2vccsnBAn6MoZKyyeodiLEnQ7Qf2AAcSRJfWTuVI2hVcO9Ejlh0lcHoFAKOMtdrNNIdTziChJs0KWiSIvGBIlQWg6vDOyZOnKCPnGjlVPwJZyR8w+A4LeMJ54XpZt9f7679+7+c++1lZQEnKsyQHXDKJ0Y4POTVU/qLbHpk35tA6wCgnghDE1sGRMKHiKHLio0yoT7rKMoQuDJRmB8MdIkKyQDschH2rYUIZEFV5ncOToBcp6zXRWtmZWgK0JFOv4SQTebRDxEWveD4GYdl6iTEndjAW7nRQicIhpS7rDKJRwyvbscm3EOkzaFBIDCD9VbvBa4CYV7Y529aCikYDPQDpg/B+4AfwQndK2MTqXT9+tFpaaNVFojJrUpK2a2cwkgmgFID4FyW0bbbcpTR/vBpijSbDES3LcRwTK0MUWiQFydK0UVgGnse8SJ/73Gf92Mteom8ZJ+qcHnloJuRQzgkRJXGYhAzZZCXj+Ny6jqN/leqoo446zrXQnbpTp5c/+vFPfub6z/YGfTSPFd8PFEMWeDj1u9CEJie5hcWldqupTYkRgCMLAWh+wySxvr4+Gsfrm4PPfe4m00IP26ICK0mVgmGOof33tLUeeSPnJAsFAKNETwaNPiM0S6JMVeKBTWXIaLRKLwGCNB9qljBXWm0Yvd2k1gWu0F04UIFSUSVMPzMses3lSws8d8rYkDk5LJQktFttXMksVKEd4eQOULVSDFb6JOCEhaZaT1StkVCsPftMjXqRioOakHRV1XLdUo2mXnFkefZFF4QdN1E5m0zHWldZnxB5SlQ5zuPeQL7tCjgR9gAIk6gMk72pSUNCo9gEACtBZwCotxEkgXWc26mhksIoqvGYuGDgqqbtzzLdeue6e61Vtrcaw2xCiAb8VP/bmTCYlWsf7o0ExDTZgk3OGzVYMlbGnnnPeHVsogYaJFLQaU7LAjVAJkRpdWYOKipLZHPLHUOH1qDDXMmochV4ukh0G6nrNE54g0Xle7md2ukdVm0XLSSyPdB84peobTm24fXHDUVCH6Tbgk0XYkrTCjvK/bb2v02mZlviHXCyyNk3DCgOvAI/JkrFp6Zn/+3/59/vP++84smXhz9po2ZA11FHHXXUUUcdT4GgNBHF9U6eOLW6ApWV4TouoMnaty2OQ/yaJI7jUZ6OcsDat7rZao3DMcC7nu+T/gZCkOPxqN1ujsdhYBqO5xV51mw3IWsNozFsNh6NbGb7QQCQnQYcAbNzXHc4GKDSIkpOjxrNYDQKgwBzfcCs4U2ArSF9n5pu9rq96ZnpjY2NVrsFZ5ikKVFlOWxmoVNcCbA2ZdqIVIbh2Pe8OI500hzFSavZhNKOCCmlQjUPNxyP/cBH0DbNYBzWVlfXVtdbzQbbudbyyRppkilWnnjk9DXvf//RR496rjfsD6HWidMEYfqdooSlhLtWcE5ujSi0RwtOoWDAOhYNzQ3k7ZaE8FqmqSq8t2LH4GJgZei6hZhcKS2DnZxHxS2qTNL1elUo3eM4Lsl5Txd12q8wn1CPJde8GM0S5hr018Rn7ZDIJ1QjDUZrvyddXOmlmoC9KrlNVpKl9r5n+gKFZjPJimUMTxGblEBkdIMaiFobWp//lgW8vu9b+h4wOLZlQ2WXoj1gxnLYOStQZ4NPJKHxWSLVbBxAKL0s02UTPZCdpRNsgMgI4u+IL8NuizLXtTo8+/AO/Aq8+c3/FL7Ni2xCO+KWbaG1I+DUFsDuZV7IZqsdRuHcdBs+O9WZ4tuLo+uoo446zq3AZSJp8s277rJscxzHG71uo9WAdrlhfs9oDC0xwT/jnucdOHAgl8UERtzG5aDN3ut2h8Mh/K3fvdS8/fa77rrrEKovIcpmnkXaJUMFNCYgTBwwWKNUpVFBeURIVlqRmWmfAEarc/iWt28VkuQNOCkXoPwxkkWRbqxQ84CzCucVzKS51iyzK/c0r5oznHQgVM5VwYQyLYGSDUU5gRh3nqfSzV8CinfivnyLtfqYFWHV9ET/F9oncPLGDp9hTdDWWxnWqOO3Lj2vDGycrnFpWrVVpTa9pT1SWU18GwY0f+wrztQWLXrnlmoydAh3Cy5Fadkjhy8bLnTDOeZAWsl6p3kv52cQwjkJbPHJaw3RSrWNDO8QCeGTa91xGqoiAm+/geR1oThmq5siORJvZngq0DdA/QrIxPWKLtgtrmEjRemtu1DlE2d0Ds441e2jauoAR01tSf3ycrLoilNCWElIM2ObR01B3XFIVHKmV26pM66OKPxci9uc5VOIiTeTlUmI0r6W22otKIYGBxWa9qCJ+Hij9bouE6kMCHcjks75aDz0PP+f/4t/8fyrnqd7EqyOJxY1AF1HHXXUUUcddTwFAhfuIfuGHT58JEkSQ9iWCUClDVBjmsSA3CVJalk2Q+g5B4wMShVAhGdnZtI8c10b0nOtsyExIZWmKXzfzbIkyVC1g/zZjdFwGPiNJIl93wfAGkWfbQdrNgUFgYnvBx5kqEkKHzHSJIU9oBU4rhxE0hAyZ5XqdnvwApDuVqsFdVQcxa12s98fAPCqGdxwIanMAHSm6gABStgGTngchUHDh3QbDgQXBWg1vAlHIUVpJwwj17IY2r+UccKOHjt24QUHaOlobhgGe3LE46DhipmWccuXb/3EJz++traOktn9PrKbUXkZam9DW/qRWRAKHMOFO46+iZIELRAs1RWVmtjslGWugdo8y5C5soMGrknEJZkvkeYxySNW1VElwaExaKzhUf5ZF95CbjvzSLI3F5pPXZCYBq0QteDEoMYr4MxI+FhNzNw191mfp+aRaTENlNrMsfDOs1xMCimmfXVw/SYJDlLVJ5GsbeldaWNDNTHMycnlT0woP/AjfSykRWs4nIBdNBKEcSEhFy1DSatcc20byLVIJa43NrQaJP4WTIoA+Xhm9IxY4cj7NoguRhQs+HQYhq997c+/4AUv0ISkojJvRBnNnH5DY4xxs9OOkxg+DoMGyDT8gnFkpz1ZHtQ66qijjv+RQc4ERrPRuOzy81utBi4dQcjwe2ZNEgmX6dVC2Eal6YafuRAKJgKAnvfs2QN4ZhQlYZS9//0fjNOwUCXRhC2G3Odq9Qxsb5FYEyMLDex3fntetuaz0kdgJ4qmJ/1XXR+dbwGygCKb6Nlmskp/Q5vtIuRn2CZA3UsWe/nFSzOyZ7CUEhvJAU9EV0WtSMzYY0SbdMpEroFEVp1IWqjHCFJvna8+NIGNHMU3qtMjES+9AULaZQUDc54Lbh/c2++4BZdpnhjs8VHUxzvK9mme/XOll2ThPQIM1xCPvenacFGfmzALV64zt2ezCE6skCpXKPeMlGNtE0z2fmrLhUIHcYT5lpeyovVYWz/d2nJnhkbQtj48Pp8TublqyGCPmSwSyzieDk+zOOEyV2WBGlwSJcXyDL5qRB5Rc7l9Mo/NKB4/FOUh+pXOYUjbBNJ4TjtBZkBlDCknN64aurLQa9GMx21rK1XpiGjWwZk/Is2xiQbJzh+RsDZDWTbsnGg+v97A0M6R8HBCZ52VCkqArMimp6f/6T9988+99jXwI/K7ruOJxtMfgF5eXmZ11FHHd4ulpSVWRx111PEkDuQtMFnk5fr6uu97nJnhOPn/s/cn4Jac1Xko/H01157PPPU8q1utoaXWPAshJJtBAowBC3JjJ1bA4f5/kvv45nn4uf/V5Sbhv4mdOAYTJ7Yhcgy2BQKEhJAQSGiep5a61a2eu8887LHmqu9fa31V+5zTaomWELGEatG0Tu+zd827aq13vet9MZsnRYXADXTUVEYsefz4pF0wq5UqpKeO2waUWjPMIAxs25ienhyB250QHdd1ACADdIxzp+McPXJ0aGgIlgCgMzpcByHApoHr1+vzpmnZNnJFe3p6AFyGCs0uFOIwmpufLxWLgIQCguw4TqFUBGgSYOIg8A0diaKmhRBesVSEPLpSLgWh5zguIOCQUsOWtDstibQ2mw1ECZOwt6e33Wq3A3+gf2BhYQGnJpkWo/UKMqdKRcsw7ImJcXjdtO2DBw5HlwNqqXSVANk/aCwSbbIhyDg10wvu/fF9P7jjB/CiruihF2mKBvg7IsOGLjL94ligNDM1BuBQRCgoDCcAIVSsl3RDh99CtR4QklssWgFJQkOhgpArYtyG08ETLcHWJEp0y0iiSBYS8kXiUAsC91Wi96pyEBNqb7KY53KEU855Yh1Oahgi07iAd0odatTaUJVQaoPIwdJMrwM3piskQvRtQrHjlOlMPoeo14FTskbqM88kXowGlSruIDL6iZ6sy2OYFplErIbXAaNXyAxKhgZIN2LudHDikKce8fg/lKJBAZpU3hprKSijUMxDMTQDViIAEgYcgKygUKwGce+EtER02mummSqcC1hvq9NyXMdK0BZy48YNv//7/xRaL4Dew9qh9OwEbqPZqPX1ofegB/tomWZCoh9RpWTDCnvKJbwgALtHeEAo+aBqHnnk8d6ILt4Ht3S4UW/ZsrnldOC+Cv3yarWivHnWJD5yiOoqG89Iysx+wzKUkxH12PfDUq1nZtb98Y/u3vXyHnjseC7NYKU3Yd5VgUjgIaBBNsJICwtHi9Agj6QJ4F0KOS7Ah+QkEDyZ4UMRNuYR0Y0SlDgjArZK/WABsCQ8AOkRpgSBK5Wa0CYP6d46POogbYFny4VrSlv7mO45WhwoUUzAOqp1IKgpubwJwZooAYKzOyhCJqRIQqbMgAhjTJrCGQMaObuia58XxXSUuBLCsxi2W1PoYU2/RjM+Tp59CraXmerFkCPqDcjQRgcWzFCBhrgC/WkVl5Ia7fGlDXZqiiddiFNN1T9w8D8M2wAAEABJREFUBTE2mBlb5E7HNHindjUxlp5Q3FDs7iq4fkh1AqF3bGXOCBthMTITP2JCxV1H8jFPiCNMg2NcyksnbNHfIpHyxxkMLY0dYtI3y0BhNLCQzGgpbd1ND1SuEdArzQwhEVIxVVPEhOo9M324Y8aAPsekQAJvCuJAw+Gw1PpYQQlmNEWUQhbdHeQZJ0AjcXDZJokJWabNU6n1rpF4CG46dlYEoryojEeyJPAbXV6ZxHeGjgapmuEphjRM7hp9F1IXZEwlBUHJiwxsOjAs6TKU1cwZEpYSIRiNY2ERsq01+kLhJqC4mWAGqbHhSAAkRXTVKTjH4MMXprfW8+EPfvCmT3/aNm1Nl+T6nAF9qvHrD0DnsFoeeeSRRx55/BqEzJMhLxweGV6/fgNkey88/7JtWeTHLgwOEKRzzjnn+EHQ09M/Pn4U8lHdMASLG41GtVpdMTZWLBZffvklgJgNQzNN1GWGzHj1mjVQklWrtfmFeYHUadPzfdu0BgeHLEuHKvGJJ58Y1AbKlUq9vgAFT7lcBiR6YGDg+eefRw4vwGpxBK+EUbR69epOp3Ps2HEUoEbPvYiQPT40MqIwpdmqdzouwqm63mq1161fVywU2u12vd5oNpuA1gEQCmBoX19vpVLdtGnTnj17AHfWqdiDrRoZHYMKo9ZT3bd3H+zyzx/8+Wc+80nYdWJevCMS3y6aLGddIadvtzrf/va3H3/0CSlT4XmArobIaxaxpFIlpMFHhQSeX4DykR7u+4x1ndyxqABYFopAhSpJEiVeXKNC4ssBnDi7AD0GVdquAxobhkRPBvxejtxKnUVB8hqAnCIurBAZWILLuFTJpM6gc5aOGyNiG9HSpF6nFJ3AV0gGBM0Vo3SDlEy7uTsDK8d2AZiG9ykk6s1JLiQiIrOs0wD3VZYoOcpamtBwqo5pyVRBpVxvIv6gujQWdcREg5X6AflNkZcUQs2KpJbTGK6cN4ZPaZrEsBXUlVYXDyPVWCijoRuEziPAQRe2D0UfnJooChjNrsIV/sd//Efr1q5jVPJB1wTqVrtY1OwirGZqbo7IbWbou27HAWAkQUSbaOhoc8+TlMeURx6nEks7Ffllk8e7PEg2uLe3B26RMzOzI8NDAh4c2tsPxZAsLhsY6Bufmt67Z9/hQ7M/uvteuJ9DYmPSUI6SEZy74lFdNYZsSEWNUPJAJamLVJKZJRJATNdCz6lUv4BYyUrCpcgVJ6lihA4Rdc7WhZAmij6hKhQ8GNbW1N84Y6yHLXDom0I3NwnJHlCQrQG+H5a2hFMq3twdQIjFkSbiRBMRe/HJLqHRrjceB2g1AWjebDBN2breG6xFkIzxREct7SRDkeljSzYkNe+FnER23KljjdNRJ3JhM/YunBUhloLPEhRG1i06VDMDHtGQViSaWS/5h/2qKEZhAr1q1DOJI0H0Zy4lq7tnAZ7jNITEX0eHTRojLz00kjgP25EsZ2p34dNMfxl5vklZ39WZfDVaCE1GCYng7MQ1CYmv46FKTnidpgMVmQYzwbteHYuaX1yBK40WySXmKy+XhAxRMJlDRkJMVG6O0DDt/gnUb3l2JJla2ie+wQFZvnlLefTZFpGoNLLlNTleoDB0rg4gpYf0NcTsjtUAff7Ihz/96U/Zlo3uhZRj8dxZ75QjP1R55JFHHnnkkce7IDhXpFc21DEkYiuGhocg7/NcT+r5joyOXHXVVbNzs4Sa4Tih6ziQbtu2tW3b1jPPPKvVbkIBYRfMANmmSrFUAhjuxo/eUCqWykTS1A30bykWbVjm2NhIb28vgNQrVowCYA2ZZ7lcgaz16quvXLtuzeTklGlaaCSo64DozczOjY2Nbt60GeDpNWvWoNaBqtoFG3JWTdUuv+zSjtMGEJzYIZDLwqJK7Vb77LN3DA4NFwqA4BVoeFRxHKQLrVq1ElBFA+0QAVe10ajPddetWwu/CnzPsgzYI9jCJHOQY++kgO2BJB3+Nz4+8bU/+9ojjz4KkCa80mp1EvL3Q5Q2RgVLRnQVLOhwthHpzNJjR1lqgE74cHeq1NC1pTIOdD0Ix3UUBHkDqe4sBZ55RhBLyFWPoU43uk9iOSZ1k0nYD3FngFcBug4C6X4jXQFV+gii2+SYQ3SwbPaThDsQwyWdjXiJxGC6bdRjQIZ1VvuRUkoCq+i6F0p6NaNyUALWcsn0afw40axVKUFCpKE4zj4iMWhUP6R9xGlQ36f5UOQ6oSYM2UUR7RoJzd05a1irrJnZ8iFZapfoCnk/EgM9DZxvjWPHcVAA3TShf/Nv/s2/Oe200zhJhabD10gXwsrQi4L5+gK8Hy7Rudm5RqPpeO1KsVCyLCg3SdFc5CKJebyZEEv+5JHHuzhE5kAA0dfbu2H9OsgHlj5W3t610WOQDQ4MDA2NTECyMj3FqZnqOB71cZfoEy/H6WISxyKhJ1IpkNa/ZNHGJCCYcVtxviYSKNfBdWSRCi6/qQhAEyAnKbZdABoeJzE+pqH7q1uh9/6NgyNxveh7KjxnQ+hDR8QDls9EKW2VLIpfnPJzo/uIlIeaZYxjqdArRaiX7bIg9q7gYRT4TMTVHrZxtV+yaEMAtNYU0X1ocb4cBZe4/eIRIb895RRwz+7PyMsV0mwR/R519FVgVmSpE6Y+XTAABQf4G8eM8Ghy4q3LbVAICpfHFzvD8etKXkhPwkWGuFQJk6pirxNShQxzFV2dEc5eZ8apoAOzJE6nviNskWC8aEpB4LK+pKci1TkUKWpG/hNsySVBP/M4a6uTy0t6wanUXJdaZPRLhaeeyVJ7ZNHkOl0RZXpy+i61FflF36zuGNkJr6NbuKrqGtmF05dFWkfieGK7DQsvFcuf/NQnv/DP//nI8IimqzSURrh3nt2ccrwTndPzyCOPX7NotVrsnRfvzK3KI4+3MQAMZe+w+GU2qdmsQ/Uyfnz65ps/12oCmglJqk4DkijCgLrPNvyvABiuVEaWCJpgyKi1bRuSyJm56XKpSI4lTCEyBaTClmnNzS/A34CpASSNZoCCmboJeKVKI36cELwYOSiRaZgSiUbI0g+IbIH1EnwQ3lMqFY8fOw4vAmoMmCCk/p2OU6vWADImDNlhxFeFdyLcKUSpVJbVS6fTjlGoQZdehbZdAAC3vtAo2FYUBxo5y5UrJcCyg9DnqMgR9vXV/uob/623r0oUaZ6ZyvxDpsBwCkiCEKHP559/4fbbb9+/f79pGk4Led9+EKDGXxKl/kJYRSENmeSMVVlwIimHQnJwZC0puwtk+McAeSeBCgRw0SOQKT4dSQKvsfqASieMkTtDYoI4OQnosixEqZjBgiXAAU8CiKWLDolFyPUug2VJjhnWBT2GhMBfiS/T8GoKKyNknNm1y1dYVv8kchckkots4phEOWKp2tktoHCwNI4A/yXFQyQv6zT1mUh5DdzTqFvywYuIFGczrSrpOwMULKnicIVKojf8hrjzaR2YuQ8JOWydimJDuauZEtpWqUDEb02c0aOQNo2WkHEcep4HZ/ass87+8v/1f287fRtcb7BO2FikIyHWALABnHQ2MT3daLVLxUq77e3ff2jlqpWlmrV6eMhGJ1A82wkpTioZ0eqXv1Z/mZvJ7Ow8y+MdGkl2Q1sKkeSUqTx+VdHf38veapx6KbEIuQAOG0dy9IYRRZS9rUGEVBzQCUJlcrL1v//rW5557jnPD6TOEnS20e0t1bLgEteTohWMLT4KxfKtwhEWbLBy8vUli11dRaSYHkwCx5hSVzr0P8DGME3c4L1fSIkM2J4wDm3I2KL4gpHCv7iwbzVz7MhVwzaPWzH57PEwYXGikoRFzGNdMdBiGnuoQnrcob9uttn0A6UNCo4EZfLQQuogZ8oSXHA1hZ9JDyIhyWdSfiaVZHKKYEkoDH3WMrQLdjTO3tAyIgFPaXxyRiosIIkETw8LyjDzE6DbE3BpFsUhTSmReIh8BZHVlDO+HIAm2z2cCAuRWAFwcaAXGz32TyuFFyy9FWhhiMoX6BDoQxaiJqlwBnGCExRGIXNmsQSs70LwaRJywnOWjosU9YKPR4k0MeZEbOZdzTF8p8IbevxAePyuxt5pO0adLzqvjHgD2cpSOZCujkdCl8QiNs1Y9w1LpTlivP4Rtk2kVSVNpCHdWW4DqrhoMqM7AaaEDEUOpXX3Ssj5sCwN40uSYQlYdxka6RVCYilkAH5iRzwjL+BgnIbifPhv1/PanbZcOOSZw8PDH/v4Rz/+Wx8vl0sKGSdyksGRS3gH1ly/0ti+fTt7S5GbEOaRRx555JFHHu+KQPU3yFMNjMjpoJIGILnwD8hiAaItFouzM3OQNJqmid5ocdLy2uVyAdBnAIIBjysVC5AvFgp2GAaAZff1983MzMISGJWR/f0DKE+AnFgRh1BlMcuyOp16tbeKIgm6Ylm22+mUS+WZ2dlqtSb9AO1CwXWc+sICrGVubq5YLKD8HFF9ITWGdbXarTixJJxqF2zf88ggDiE/5OQGAawQcFXYHh1lgsNaT833/Fa7behYvMFip6enK5UKbEOz0YR3otyEaY9PTI6Pj/cP9AjM4JdRTtgSdO+Ef/5qTw9tPxz/+3/2wN/9/d95rgfpeH2hDusH9J3cjUI5Gps6z/DU2h2OgJSeWCZMQeRiSUem35LwRRQiJIyKkIzkiRUCajUprCz5wvC3RtxhyUFGb0NS2yDnIqx1TFgatAEIpEaEOsxqSwVnLbslj+QvdyFpEspcbnhDtTfU+t1KXQLT3dI9HXRNEqkHwqm8h4sTi6vUe5AKeKnbLFcqEevXsENkfWVgPY+fIn40fgquZFmNIwM64XhMOJMFf5JJbEhYnKqvOOMZMVIfSVimmiLnR1GFhCjSVELjVKukP9/w4Q9/8Ytf6u3p1UjnWkXLHQ12LyZGPyDecwuNZqtVKpXQYzOK4YtTKNo9PTUNj/viXvBcSSGPk0XCJHYg+JJmyRLus8KWE6HzCymPd2nInh97rVvv2xc8hZJ9xqyfP/jwc889SyK2+Mzw/RN0FxaRSpGc8Itk+duwi7sMEgRkF55H2NZNSFeaQFbB6YmMDN34xBVB9xQAY77Cjm48a3SV0bEC7OrDg8eHRSW6ihIe3tIPyREoYrPi7A6qaajSze/EqQjafJRqUE4FzV9y6JEVnYSADfuREo0MRhsHXA07qvA0hceb4LGkK+AfiVZm2QHLBD2InftWDeiwOYz5g8pUtLpmwow085iqHI8MHxvjHPq8AvIHl+zxRMpARlwdp48UempHJ5sQSTKxr+4rsm0gmwRcOQkuLa9MQzeorwB4P5sTzrPN420thud4hF3mCL0chcjuvulqaZyLtDU0XXKrJYU5zEa7KCuSUHucjQKocnUnfAsSamlD7h6RS7OK42+vzYUwaermSCec8SRTt+aZGpsQiwppCW5/LOQcmFhyErI3UCue65BSCuH5PsD/juOSBwx6Vq/fsO5f/+G/hja8Ab0KnaRdlPxB9EqAEnIAABAASURBVFYiB6DzyCOPPPLII493QcTEK1lYWGg2AdIVGhrQITsY/iaBYD41OV0oFGLE+wKA+RAJVAHkBbxMA5Ca0DqAxkzA1NAh0DDh/YyULwxdB1i53W7BD5Dc2paJ44a0nGKp2Gl3sMJQtVarXbCser1RhLVEoVTLjcIQ7VBIhpgs5mI/9sluKCbluzRDbTabpTIuStMUMtALIakFoBA2jCGjGSUOYGmAUM/NzdsA4FkmoNOGigwgwzBhybD8np4eAMphUz3Ph9Qa0Ha0uUNu0YlUjlTeYckLv4r5wKwWTYsISPth1+6559677/4xIMWQyS/MLyAcT9xh3w9gL3TdxAMb4/ZLRWYSjkAxBzhchmmhDgaKSMZSR1KyY0hxwoNTQAh1ytci3k8sucOS4Cw5TRoB1pIlJZIUY5WiGVR1CPmD5D5jMcYz9Wqa95QMZZ7h0ZJOJRaB2rSy6RKFllZQcBmI7LjEBDrLf0F9HhHZW6U3REGQ+goSZVtaBomMohyTHraUoqZZZqkzKchfqYvdI+8eGh2qpkrMHapzJNFrmqwk5XC33ABGJCOGxB9NioEggYolGtdo4WjCg/oeCVK3sExF1jXiAtAg6an1/O7v/u5nP3OTZRcSpKVFUgYUuT9UCcLXh4Zyk55q1fVRxqRUMs4a2lopFy0dtVYkPI6Ms+WM1jzykCHYckEAkQ5u05eU0bQu62rPcp6OT3BxwkLyyONdEIRWSryS/0KVgLccAtFh89UDR//2b7+jcB1wNLirMxU6mLRqIV1tRWoSR6oZjEkBZmlLpxC5NX1AL1lsF+/joR/olFbBayE+lxPiGVMnifz98OaPXoVo8KuhfkMMj68iTy5YXTmrl9u+r8AzndOzCHA/ga1KWrtIWawAzArpykBbReA28bQVxhfp5EhxlltGIhUildpebApLJZG03S1vHyzlyDJ8JBH/mGkNy1LWrWzWzFiNBSKlqJcF+xGnbsMZ5J0yhVM/ieywpEh0tkldeHOpUEQmpLG0lUa/R98/WgP8KQS2dtjWWxqDXr58gqMJJOx5mnsQXCo3grZfyGODHxfpktMRo24WwCV1g+GJwOQHidjyYAvy38tow5Rs8VSpms2p/vP+zKG4GUFmStYRMivOiPuLO0HjU1qGjad7mLohy+USeqtg+1zBK0swaQ29eNCyZ4DsghDnncs8Dc2ZiT0tPR7RiZJ+k0g/RNo7cmRcFDRPty+9klk3qZO8aS5ScxGeKZirTJOSZQakZ7QTbuB7rhfTITUMG5K3oeHBKy6/4lOf+tSatWsgzUMCBOU2OQD91iIHoPPII4888sgjj3dBSPqHrH8gjY0Falb4nifVb4kQijOPpmkAcOa6DvKkdbTPhgzVdfxiqWAXCvD+YgGxZkjDa5Ua4MJoI6dqzXoTJQ1sTXI3SFRX1Q2z02npRurBXatWRSxUrjmuW6lUiG6LQgQIeQNYDCszLVhYQVXn5uYqZYCJXQXze4Aig1qt5rptyJMRqg4iwJchqYUV6QijR4ZuNlutwYHB2bm5aqUsYT4A09udjo7Ma1OWMLDYgf7+melpw7I915memdGJEKTIIUqxyE6KyesGGcSqkhVDbycVWiyR/2NMoqJ8anrqb/7mW88997xU60Zb8RDZ5CpqAiItGEBOhKNjLHzxrIkkk9pIiBEsWJzWDiTyAMtUYck+HVvJGQdQV5HUXCHhaYkOJ4RNh1mtiArFku9DU6MJSXyknQA094tiEUbEvI6DQBC9JYWbpQCFZO6oLPVDirtEHkknp43uDvlC0yLOmNFSpllkDkhoLEkOgYJEFeGUIHU/oklWagnAbkIqLoQcExWEiSOuzol+luCBEgrV25JjBXtIhRxOIvO08hHEE0c1ckVTiOyjsLTc5VIGhIBpWQiq5E+oRHTQSJNaJXdDrN7CKCCdk4T0DLnTds45d8e/+pf/8pydO+CqZqiQrqfnHZlEWNlJoAGWXymVFhoNKNrg8ragnVNQbQ23g5o0i/U2/59Fxs/j3RIp4NQNEvCByxju4QIld4rU5JDfaBriVjQCkxCdWrqcOKdE5/HOjkWAcslL7O2I1wgVwNNMb7Xde3/8wNGjE5GISJ2JhVFIOCd2d7ADidCwIngqdJWK3iDcqcHjJg6zr1T2qKXGLpdKUBw9G1SJ8ZGxQSz7qbgkFDfDT6q0LnizrZn4LILnVOiNFPjlG9ZWwyY8yzX4FLQ8E0AAcW6H0hZkHDOF9LkkyosLSDWCGZPDPXzpntNwBHwKRRAIbFYznrAk+dKzmtwUBeHjEpmW0HtCQtXQlg0Bch7tN9aN+YZCFn80ksEjkRoP42NxiT4YJ6GJRJN0bOoaZ6dTIvZKetiyU03AJ8/w0PRlkaQQNuxniAvnhcjU53R2SNVcjSWhQjNbuBFwqElYrHuuOR14OKZxlHV1YR1J5jicIbrwa+rfK9SKVpL0FzwF+iUAnaG/KP8FqW8cmYoSKOKw6v68fqRl4DigTp+hNUZSASwhQWqVtDsE2fZ1VcIF8QDkxYDjbij2paH+N8pdx5w0QzCfSc0befpmKQWSHUOakyOJFDJvlEkRzzwgUedNSxVgmLw6U8Yzp2xQTbJkWJIJGFuEp7uXjjw9Co3XWKYtp/fg441GU9DuKMhcgXRGX79h1e/f/E8uvOACqAUwZRKoWpZnMr9M5AB0HnnkkUceeeTxLghUiNOU+fn5OIl9F8AyyOARVoaaBBBe2zabzU6phIRoKXTQ6TilYhFgYXhDoVgIg9BxAsAi5+bmaz1VyMgJpNYVRfU8zzR1wIWjMAQguFgomJYF8BygzwAWIjIXhsViod1uWxZKRVerVcjs6wsNAz7lh3bBJo6N6Ovrm56ehjwYlgAfJwsTbpgoGw3bLz3oUdNQgzX6hYINfydJx/cBptQABu04KLsBoDO8DYrDdrtjEsOIE8cjikSpVJyZmenv728ik1pHp78wRHqRZiw9UDLJBpTc6XR6enpTvbxfQbqcQt4Cti0+cuToN775zb17X7HtAvwTBbJZKvAXhIGsIWmwE/HTJAixCokTiaLiJC9RdSKqkGMqgxnRlpFsQhsOZypZMtO7pJjnEdZhcVe+UOp4SOXotAiJl1miw/EIgrCrVBiGZHTDXseShmoYjeBvOXKLwpDEFBYkQAHFPc8EammqNKVLAzDtei4gzlLjJQWmyYKSpA+z8VWiiksmU5dq3XVPYliBJYxsCOlY8UwhN/09tWSwZYL6nlLWIxtrjchy0FAUOWYM1zl8NaDhwdHk0AzRw5BmYJkakHg3vELKnVzjClxp//Tmm2/6zKf7+nriOIX1JSmJSdVFCf/R2LOu6l4QuK7XU6lCj6dSsOFwQWGqZDyznJ2ax6kEjUrwVqPx47vvPHBwP2Ar/f2DK1eu2Lxly9iqlSqXyFPCeU54ziOPNwrfD1955eBtt/2QnnTol5Bk4zjZW5DuqpP7gsTw0A6XYEr65dIvGCQYesb3xfaxfBAIBADlVA5qbiTUWF4K7wEIDr8rGYaIQh/eo6i2iC/dMLi+zHTXjZNAga4SKmvIB9biGlMoE1vWb2FmZtmtobtkCVGKk7wbHp+mq1vattVezWKRB9CoOMkyT9ATYVwsZiCKkppDsDcfNOSUELlbsZ2K2K/qLa5EgnS6KcNICJcXLCNhL1OcWOI/wSTGnFED5P8VbGGn0iHyP5SDKWqXoZ3NlKDIMxwLSEMcltTL+vPTExOKT8poqG2SOTiyxQYKXxxpUujUy869kvYkMN2DLMgnjxak3keSJ37isZTpkJKRzJfnqVx6H5JkB5Nt9eXHb1E5Rj1ZD1LC2kSgXnbcZOaKWmLwHeCQxvvknBHgFBc5WXNLg2x89eqVH7ju2g998IPDI8OQyGkEbatLTncOQ7+1yAHoPPLII4888sjjXRCpUrCm+J4P+Sggk/V6A2Bc3/crlYrrdsrlEglWGK1Wp16vw4vwKz8IqtVKp9OBj/f29JiWMTExCcAt/ELKa5icQ5YMeejc/DFd77EtC9Bn3wu8wIcP6rp+fPx4oVAMgwCA5tAPISEGfLm3r/cV/xXAiC0TNT2KxSJApUeOHoXtAQwaUO9ypQy1X6lkQ7pPmtR+qVhqNtsANEt3bQDsCCgvLiw0LMuGjxcKCE+byNw2YTnNBvyvWS4XWu12GU0OlUqlqmvG5OTUwOBQq1lv1Oso6UB0HCk5weQEIkf/uPm5hfrCfE9Pj6Bx3LcrTV5aZaEACILpwc8f+Pntt98OOD7sI+L4QSi9auQHIsI3pSORnKmUxjskBxGxbMvTmgkLCgB8FYKbiJ1Ds5KeH8i3wRqVlFyTRFEifQKxnhKp+gWJSMTS7g+VtTUsoKTSBfyBbZOugJwY7IwUDFEvJTVb59JvEDc7itK51MzNJjPbERILRqhXQQRZ18wTjhFJMEP1ZaDWeBTphhEj8xlVOKQHPZcfz6Q8SBhbSjPzdI90ncjLkdwqrKAAGlZxRBSweGJ2x5LOhrsQRojbM+nrk55q4n1LYyim6FJHWyPJmhCuMACj5ag1lFXEtkZyNfy8cdPGD33ow795/fUrVoxBfwURACWtDKXBlDwr5PCpSHpz23Hm5+cKFnyTmI3WPQryWLuztUtnlfPIY3mk7Qlqz+AoSxLfc/edTz72qGEanuMdP3p0357dDz/80Lr166666uoVq1ZLiZ6ubE46Yc9+FQpDeeTx7gv5UGs1O//xj782OTkL3VnVWDTlkzA0Gv+qOFQUkv+BxCmJy4yTLtSn1BQ1QzZTyJBL4WWF/AYIa0b+qUrTTjEjOSxdk45vmV4Gju3ArwN8ssSmEp0+XLpu01A1qCssBKhXpKoRSGjlNByVPl6XKDmk29DVslCkBnHabJZdbXzgIEpLSlTIhpZCvuk7u3shfxLpT+kChaK5mu6sGNDWDHXUkJFPY8LShrR8S/buTAUIdYX5Ehz4RNyZL3fgWHwfHXx8+ovFqQ/S0sB8wkg0e8ZWDtqGw7VYhNLDgcsmcdoRkJIPIlXiltT1bOHZvnaRVjL90wR1CKQUhlTryMz65NFIj29Cs1F05LnHov3M29WY0Ipa6AeQcodCdiaS9Jhl6+i27DOrDCGZyHLGS6EetFRMwwY5g161Bnf5VDsbUV4VPZDJq+OEY9jdiyTTYpPy1YuGGTQGl6DbCqTNIb2TZzmknKuTV0Si6UoseQFCpsqwAbFC2ZTkK/gxDs9pgvTTFGHoJmRDa1av+uAHr3v/tdeMjo4Y6HEdW5YBh0FN87c002Z5vKXIAeg88sgjjzzyyONdEICaQc7XbLSq1doVl1/16qv7Ox133759gMcx0s1otdoDAwPbtm1tt9uvvPJKo9Hs6+s3zRDJyIp6xvYz/MC1LAteJzM6Bd7W29sXBP7KlSvL5QrWNgT+hUFo2Xatp3b5FZfv3/9qqVw6dvQYJJ2+55mGBQXBmjVr5ufnh4eHjx49BnhowTRJzCFGj68tAAAQAElEQVQ+66wzYUv6+/tfeOEFAJoBAXRd17ZtQE+OHT26fv3Gn/zk3t7eXhQAURRY7KqVKwGGXrVyzcGDBwEWdBwXXiwVi6tWroY9nS3MQqIMS6iUy7D8Sy+9tNXuAEQzMzMLyDSk3VDvUSWpZEOLgmWqxIBxw5J5Oif4NgOAIiUOhwCkz80t3HXX3Q/cfz+UA612C9dMDKIoDCRPJCJfQGRgIcKZet1I4jMhyLHkZ8MP8E95iuHkhIiocunVpKEqhJDTvko6KZzWFtJLfWmZJw+CVLKQ8iPQBlCItxJ6vsSFJQpMwpdpWd4tJ2Rpq2VvI9EKnqT6kkxix1D/4SEnJibptBhxuLgBUmpDOvAQ+B7gHkVKl9pMmx4vpc/ABdoFjlNUjX4ikFoQwVkzkMIWxgkphyC3OeYSCIhoF1KHJJ6xuBf1qRHXU0nEg1Yhqzj4RsCKAIPwfZdwBHxxbGzk+t/8zU984hOrVq2EpoiicVXXIqlsntDMqVTpJDgA/wmHNI6gMTA3O6tS1Go1uCgVrC5y2nMepxrkqYW3rk67+aPvf++pp5+Etp8Ld0PXh6sXumhqS5uemNy966WPfPTGneefr6tWRAPpqKuTQwB55LEkJKz8wx/e89xze7BPryIsB+1eiejBowfJpCRLxahJKT9FqhOoecVpCQSWphK9nEQtpNACo1YoT1KjOVIYEwBlQwOTZboH3XYyrFBEAtA9RTe4iPrM5JrNQytV34anTxypIuLI8UUgMRGxIpV5WWqEIP9WMj2OJbzY7u/ZCVom9GlGj3hBKQc5J/BkOUCskGhHsrg4VZ8FbHHrOq+kx+SmIZJ42dpYphLRfS2jAr9e16v7unjNU3AxVxHdN9MKYm45RXGIm1OG4sfo+CAzABIcU6m9TOdJEILOs3b74g0Qm/pKks1HyV/GXOjk3gy9cyUW/ITjxrtHLh1VwkMNt1a3wO995bl5PYJzK8kNjATKWNYsT1nHnHVPmJTxwDQk08FgWfoh8W5MurL8ii3hLWOSpnDINaKIcHaunHigss3FzIrxJQx+hkyOJYlTd++QMZ0kWaOBk8gYyXVkhx42CZ2rMVBNBP2ruXB9z7YL5UqlVqtedNEFN370hvXr1hcKFjlFJ+i6TCtFKoDKu/0PlsdbihyAziOPPPLII4883gUBGC+UC4WCDcWPaaIZoEtazIDHOY4DrxcLHADlarV6+PBhXTOKxUIQeGR4gowYyCyjhXBycrJSKS80G7pp2Ko2Oz83NjrS19+/Z88eyEnRzhD5qigtbVnmwsL8K3v3ykRWqmG0kYxcnJ2bgQjDwDAQ4fUCFz30NHX12tXPPfes43QGBvpQ75hx07IASCnYNuB1hw4dhATXdZ1CsdioNwDjloDgwsJCFEs9aB1wbQvg7CSGH1otlKVGN8IghE3quO70zDTkzQBSI8u7jSxYmevzTO0gzjz3EhyHDHt6e4U0gPsVBGzDoUOHvvWtb7/80ivoIoj0WgPqkJCUheWEoyT2khwzYpwAQeNumoDYktQGMrORqQRlsKKgnMjSAWGU+YPSVoHKBH+FZU+IxwFy/ohQbcKgY1Vd7oEubQNxZjRRyeJPIQkSotEwNIrMmDVYuamoPqGpavez+HEcTMbiJAp8WQ6lNR7VG8S1gboZcWQNPd+prskciaTzZOqFqKpwWUoJjgi1njPgHPFrgKdxZ1G0ermJjQTH1WyTCPVWqfiJ/QgFKTXqOmAFF9PRxblnpBexZQ5IWDMmqA2NpwVBB65I7Nv3Pfhth2qtjuN4gV/rqZx77o4P33DD9m1bAU3v6e0JwuCVvbu3n3GGSjy4WIoq0imRG4ac6gTORji/MD8xOTk8OtJT66ETibrexHvKcHSe05/zeKMgkADtNA8ePPCju+6YmhiHW4LnOHCJhb4X0T0B7uJwic/Ph7f9/d/Ozc1ee/116GUapV9MwfJrLI/3dHSlJULq4+7de/Bb3/oOPJNiEaJyOgJuaiJBXezLomkyYciC6JyMyR4k4qWI5xm6EcWBlJXorqH7k0IzQZhUJEJHOwHoZCpxajnAFvUusKnsSWItPEFKmrh43eAlK4tKZxJdC4mHLcUnSH1CSHHi7nNDMmrREw/VmJWTqVssEwlB1jMqSeMjh5BKJqUbJGc7O0qpYDEFou3ws8OZsXaFWDHoEbxJ6+1i1hLTFksQcHy9a/kgNaDfekgLQNpIJVAKMz3JkdjwKKNIW3Ip7bm7+5L6TClNquIlFiU3pPXEiXbTiZSFRtvJ5RoUqSwJ66piJAl29Tw13uM1jgV1R1cw2zGQ/owm2OghmUbqH0haG3IjEvE6YinYztdQTjsODUXD/Iqy8fQYUu8R8iDIAEWq250i/RmlOpMao79kJpnqqmHupLzWA5DTUYIMMT07aPWR0AZK92mpoYF21l6AQ3U6ZXGmYTGTDQwNXnzxJddee/Xpp28uFUvI4peOmEiqSMcIFJSHlhaL+VPnrUcOQOeRRx555JFHHu+CQMAujmzbajabf/M3fwOpZrVaMwx9odMGSLfVagGmNjM9DUAGJIcmGfch+TZJ0EWQK4889kixWISkEe2tSGDB93xd16anAUqOACQEuFDF7FgLvBAW1Wq2fnTXjwEOhpweMF90FOS8XCl5DtKuUSoXkmaUZo4qlerc/HxJK9xzzz3wqZ5alUBI1BputdrlcumRRx6r1WpB4JgmMnzn5uZ6SRkDUG/AB1uk40HThdwyzEMHD7VbbSwIY2QERwnTSc/61f37nU4bsEgEygE21fRKtZL5rqSgs6YoAKFDiRlHYawwHQ4CzYpKYJSdsmIdLXBR348tUfYQcmCWiRd3vfiNb3wTjp6hmoBMAqCaoK9RhILOItZ1FVZKQKUgIzrU3LBsdFxEA720/sGKQxKNowg+osNvCZJWpTGZQuYziM4TmRnthGKsJADIhvI4Tk3XiY2VJGEghT6Q3oVH0jI915MS0oDUG7rWldSgCwnVpdHZjA6IskQfUP6WmDtqTERLld6ZkNWhJBRHiKRreGQAVRcxSVLgCSN7dBEnaJjm+76isSgJGGpcql3LygStGbG6gn8aiKfjvlOxT+IfKhozxcQ+gzLdMJHdH4SuPCcCtURUuQuaZklYH7ZHRyNE9F0MQj8MolIJLlcPJ0bhE1FomgXAu2F1fuAnxEb3UP4lGVk5ct1vXvfhD31o06ZN0sFI46oXRgCdN5utOIQttzw/aDYWRoaHaaXSg55EFdGpSViWvWH9BjjU8GVIR3ipok1Yt+rPpRHyODEIJ8K/FImNcPHgA/d/9zu3lYpFIi8K1w9JsCaBfkuA2kcl6PwxNanPN35yzz1TkxOf+O1PF4tlRIykc1UeebxnA5q+YWqWAFnJ7Nz8H/3x1/YdOMIQa0sUppKHHiY2cGNWTRRrTsUg0JoXUx7s4yqKzjR6govQD+Dx7cEycZoloj63oSnowEFPORSFIFwX5R1QygofrNSqjEP4QsqHNTwewoSau2GiiWRbOfmN9X39XsPkuLkMn1Yajz369sbwzFYy3FG2aRU5LZTEGTANq8WVG6rG4RmJvOZYwtf4RMKuMZKDyVOCZ0IZXI4piYxXywmblT7HmDfBfuim39dT3XnWoTKkjPBoDshfTpDuQ8Q0FIjGY5RIhZLUG7jbsZbC2cg6zjQhGDWMk7hrV9jlOafGxOndCsFMeIgia5lo5KwUWWK3MKZ0EUZKgumIHjNSXk4PDDzANdwNJU7b2JghKDiDpUjrCGLmKuh/ISVDOIlF0PyZbNIpKMmFG0aaFfBGTKJ0HGtC8DiiJYSKmNPjR+YP160kNiCLob4F3pMjlctUSCejjkw3KU4k0I9ItBAyvaHfYB/aQMuTgIwe4QQZEleXGy6IlA2HNMRkCa4cwKl1Sr1IZw91pzNRDulgIug4xQnPsjXM4aGvL/CsUe9bkSTlhHaEZKsxu4PkM0wQtsZxQBwOQKdlw4BMKYTkn9J4HT44Njq6avXqj33soxdccL5uqKlkHccvTzdnPkFFOo9fJnIAOo888sgjjzzyeBcEsm4SVigWAPCCzBNyylarCekvorQBZpOAIJuGCak1gNSui2obkKc7rmtw3mq3AX32fJd0bLFYgry6WLQcD+nJ8B7kU5CibhDBonTHBbDYLBWKkL/rpg7IL8sIPgAiu54PxRgsBOFOXWu2m4WiBQggIN3VWjmMQ3JfMRwHtoG8EEtFpDZbJiS2kDfXqlUA+GAjQ3QRjMrFEmTLKDMHqKKuDQ0PIXaJLCPMdyE5dl0f3jw9M40WiEGgo+4zd9qNQtFGJWwsgtI6BwDMVscBwNqFIhJqPNRkJE0J5S1iNIIk81gX5yVSDhzbn/70J3fffXe93tA1ZPhCuRGEkZQX9H2PVJJZOltLjjfwcQBbI1I0RkmHOGEnc+yBU5lJG+OOw+GCo4rDklh+MqlrwUkIUrKVcc95Gnj0VIVwe7TZiUgfOiSydEL9hvQwEcUYaZVBAIWKrqWZ8CI0j0zrUHqqC1LqYDy1jEdhalUn+WMAmnmAFGkeZig2k7QdwWBrQ+m3wzKNZuJN84xkTWUzbXjaFcBDhYRsjYlkcXpXkK0T/g5Frk88g7BMDUnzUCXDBiOXB0BnOLYWXldoe0gscDiYiuc7tlVwnA6cGrhme3t7LrvssiuvuvLCyy7u7e9DW0Iqr5UEDzt8HcIguPyySwGyh5MHqy0WbDlt3TVOJBQeedkGNVRkJ4HzJVylrH3BfxXel3m8uyMTtCFY5OihQ3fdeefLL79cKNiu48BFC7ACXcAI0vh+aBga3DzhSvP9AFVzGvHzz70A4MbHPvaxSrUnXmqwlUce78lAMS54Mqqq54U/+MGP73/gcc00PM9HbQGp9YTtzbRfIyWI0bNNgrtCimxQ1xC75vBkwRkjGktiNBEE6YMqbQIWhQ4E79rJUXMaF6rQswy/wXKroEUah7aeDCrihjNXndGjWm2fC4Av0T8aHi6k30zqDSJ9wsrdyUQV5NdaPiJV9Njj9BAX5CaYEX1TSFewN+hEUd6SoYeSY0t0XxfQyRV9zeGyQNc/3CqUJEEugJAyHZkoSDc3UBh/XW0pCXOLX2hFCDiqEpFUBqC5iIrrka6PW+YhvdDWJVM9DmNG3QBKQzCPQskrEr9gJ+eDMzkJpiOVmKdmyXKL1fTAIOmYQHS4wRJhmRISzqRAhdSQbmjxvri+25mKi1JkS/Cu3gkdhxBn1xhfQsqWhzfTXKZzg01xSXNOqFeBqQ2JS8MtP4WV5UgWvAu7IeRHLSXCshErlEGLyDZDoxOHk3wqEj66Z4NSP4XcC7EvEsZJxlrHHaPUMYlw6eh9SN2RqCsMAp0SqBTsgg1FAeT5Y2MjV1/9viuvury/bwDZzZyfsIN5vO2RA9B55JFHHnnkkce7IAiwA/zXgp9MJAW3q9Wa6zqBH9CvMXPXpYgwAZRQB5mWVSLPE0A2ITUtFIquH8a6tQAAEABJREFU04FkNCR6RdvtAIjWaLdELMqlcqfTAnQbQD0kR6hY0SmUDSNZhHMA5sjzsNKsI/IbYcKbSCqfbmicJj8hOwYsGxBAyIEhda5UKq1WiwwSEYMGWNkwTURGkTRdBhgXiRaInJImQxh6vq8T2Rbzfg1y/ci0zMgNikUb0FLkUKOcNdJnC5YJKy2WSgzZKSFNZWJGF8So2AuY6/zCArwNpwiRchLztz4rinVhV8ABtu348fFvf/tvd+16QdKEYS80BTBZANBNgnoj07DCOID3qkivQQhX03ToDQBsC79XJOp6cnd7rDthB+FcAbAqj7wEjoOIuFQCZ0IR+QQkOsbXEd2mY4jaFFCBEWQbk34zksEQnecBsb9jshBkVNtIhQ1Z5SIrWdY8tDSphULqk6oUnFbSMlvO5yKFmYg2gF/DYU9gOzMONdZc6OmkiHiJPWC6Y2QniDaGgvhKCdKR8ABKpUKCmJE4ppJtE0VKCItxzhTWQub10fKqjyZESU6aTg1CBvDmAPlrSOsBuFnKo8Oypmem4D3r1q0D2O6Dv/nBsRWj8PlQxKqh1xvN/YcOrxgbG+zvl0olcPErOhKrBUofKpZZ5RJkXvJNlBcDij5S4ZhNTp/8EmJ55LEY5BtIaMpLzz/3V3/xlxOTE6tXrcKRAgMQDrhNwrcQvUnhGwW3U/hCV8plL/AT4rXBVTY7O//EE48XC8Xf/p3foTn+HIDO4z0e+EAJgujFl3bf+tff1o1CEAc4TsNJ0RhDQUovtnXR6g+nrfBxKadV4FGnKYpI/X9J2QmV/EnIIiF5DK4l0igAvmYAccpH5xLjOIRMJcwppEMdaYK5Pjw+uPCb560fuWBlxXCmNcyL0O+XPh1S51UIceKXN10+PkZV+c0mFS1kAydpK1csKkN3n02CoVCUeuJzaKnIFcls0N9cizW13VPSt62Zs2KFVgfPUzgQURcJpyUrp4xDdjebsTeiykpsOyb9bANw44RbbtnYXzDnDMs3WIJDTHCCpCWjROETaZ2YSIntky82oQFBQzMwS2bknkGnZJG3SzkNTlxhGqMBSo1NZc4iCf2j77E2Z8c/e3VPUDblyBaxj5ftPyrU6dprd1xFHn0C+ScNlskLAzIEX277EqWMdIGk4sWkHUiX0UwItpCTjpDBwHINVAGTKDksHJ2XMSVL5PsTSU3ABEnRyNda4su4AupihuQTkqiGEQaZygdjlmXBRg4NDdm2XS6Xdu7c+ZEbPtzf14ud+FTsmpDq/Inyq4wcgM4jjzzyyCOPPN4VgUgjQLe9tZ7Z2QXAoF23DRmmXbRcFNvVNd0G+IJcR9AzBMHlBkDGdoi6D5DRap7nEslCgwoGgOYQ0LoggDdA2gs/lEolwAQ7nmNahuN4pVIBcLzA9yERh3UFnm/DGjuuYRqwfOSZYooLaClkt6HcPoT9dE0iy5A1A+6s4dhjbFhmo9G07YJuwMa0IG/udFzbNmFjXNeTznicMG5p+YIIuKZLJy5I7QHrhI1PABBnvIykbCSGGIbZ29vjeR5sreQSIgEnBoDebLpeFMIPtjxkWGyw1zXMeb0DnaRiC6i1JxQREKn22Wef/+EdPzxw4AAi45ELu4/At0gtWWKi1cBfGpLVNQBcyUuQAaKLyiHwH0DPGQpVJpkJEm6zEKngo8LJO0illUZyqpTh2KfKCXuFA06KfpE08UMmMmDBsKkAvuL7qQaLomz7UfMvJgBXrkLVdWJacTineDypOhEZg1JKXJAucwSLFejUh8OhNLrJcHyTtMThdRUZNzxVokDnHEK6FR6FSLFBDFqSqGhYFFnIWNZHjKX1JLk6SYK7JosussTU0SYoQUZ8KrLBUDxR0JBxEKLUNZ7eCAdLs5MkkMWFVaVKRymlKsFlDG0P4uBrrVbbNMwVK1bceOPFF1184ZlnnjEyMiInduHjcI11PP/QkWMJV598btc1V1wWOq1SscjQWR4hbzhnURxKl5/MXWpRaRqPIU0fv1Z3Mo88XhtSOZZYaHGn1bzzjh/85N574Qu2bs1a3dQ912m226iFhJrvifSMwu9DGPnQYlQQGkMxHI4TDG7HefKpJy+78qrB4ZGMBJmwPPJ4DwYZo8Gj8tj41B/9x69NTM0lOD0QSytdhtxYlUBYLrFolWa3YmSdEu1UkJmbfGJiOxYfmvDdC3wP7uuAyjEyJMSWvJDt0vRBwzNrB7LCkxTqVMAK8EBABk0NvXO3Dgx8aNtwP3dY7CeRD8AnRxUPX0WLvK4uxbJIl79Es5h0JEiLF4ecuHxSS9KuQogjzgNBT5clPLPJzZbF5KK6mLJGS4JHe8swkjM2dHqLMSfMWcDjOwokIZslOgqJ0LP7NQC0tOSV+huMbmuxiFCpQz0J7ixTEZZaEEvgXvAYe8Xw9PSS0E5K+oSp7lHMQEng6R8qBs3aCSkEQqYRkiSO42gihZPjTP05yY6MHD8iCQtGLeHU1LErpgyvRnS8u7JjhFkLmezBcVxg4VPzR8fN2GUxZJC2YbCILqwUMsbBMqIPy2xNDsYhyRmWh7kZ7S6yMph0CFRxVEy6Rmf088zymbj4xJuWztSLJ57SDAOxYHmlyYYIkZppHE1IB2kk2kuqMhofSsQYEkUSbsI82XM9EtnQ5ZbgmQ3CQqFQq5XtQsE0jYGBwdNOO+3SSy/dsnlTsVSQA294AGXey5ddjbnc89seOQCdRx555JFHHnm8C4IcSlihUIQMkiv1hYW6tGtDlQwdgci5udm+vj6FKQv1BSkHAah04AembZkof4E0HviYNz/f09eLDB3XM0wdQLqB/sF22Ox0kBCNmgaJqFar7XYTNaMV3ml1AGmVrim13qrT6dg2osAopJskruMCECylHqAKKpcrU1OTgAJ7jm9bliwhojiBDXAcF2BoFAbRUCIZ1lvrqRVLxfm5OiTKsKme5w8ODczNzlmWqWgqrAjnJQnD9X2/VqsEngcL7LQ7FhQHpm7bFvwHYF5VWRQlhCPiux7AkrphvnkWxyKIQwrISDcOBS4fNv7v/vbvH3zoQY0OIxwNQp8RYHVDT9PMMER+Ng7wJlI7MiGdYhUQJNgvWQvJIOxYUpA5MVQSKccMMBMpdRhEXsf6mfxkyBeQpiyZJCzruuQFI0xMpZ2Eqruk5uxIcLmFacGcQr1YCEnEP85sjuTak5Ncb9Kgh1PBSRUX1YUxgWPIwg4TkrkkQ6dQSOELOnRY4idR3K1d0QZQ6oIvXbqyCL5D/wMugFQAEak6qHMtVACkU1K2tL6hUrY7cxyzdOCUKn9oEyAhKHLcyPHcOPLt/oEPfOADn/it39qwccPQ0CBcYykegaO1OPmLNDiuDg0Nt7ywNriyA4B7FNbrC329fZKChMqPKs4EK+Lk6uEnEL3zyGNpnDDIjMKgiH4ohw8d+PZf//eJ8fGeSsU0LafjzC44iDrHsRfgbSSOugouTI4OYIuDdNXhpoodNcCP2u2JiQkAoPPrL4/3XiRLabbwZJmarv/Z177x/AsvRyJIsHmpyzfIez48tQQ1M5mQDGF4mMAzVFr4whMtkFocgi3R2sL3KfRHoFQxOhemTNXM2BbpxqTQRd6FyIIWGWEWOb4AMa/Sg9/eDghfUohaInFJLThi0NQE+BCbuYn4BdBed4Hy7/jEX/PFXye0Vk0SnvE5mgKdImPFymwoxrEezbfUePVA+bRNx62QkacwI6Q1YZkl4pvuqYpM4UH5heINpEAEq1EBqS8v9Im9mtGEVBVb6Cq15GNJTscOgdpF/LFnHyuv5/YH14DOFQnLEhD8RhuQZErRqpA5SNzRk4MF/6mJQ04RMX2L60kQd49/kiYqi1RlIU4ivw/tas501h2QyiLt1uMA3EnY7kmGO5P7RwqOkzdGRGRtqd+Nf1AfheMMWSrxQReqpDZTRgo5V+g6PqRk8AYTadnY7IDM1DDNwcEaZPXFYglytfXr11x3/XVnnnlWpVJOpOw4g16+Jj1jaMQtR5x/tZED0HnkkUceeeSRx7shCEUs2GalXPG9g2Njo6ZlTU1O4qS245XKVk+tguhwwQa4rdGodzoOpLE9vb2u53Aiw/b19ZZKhaNHjvquXyiqyH2GBRZsVeErV650HOfQwUOACBfsous4kKqWy0XLsoeHh5955unBwQFAe303MA2zXCoBTrJq1ZrnX3yhUCigdIaud9rOqoEBqBQuvOCixx9/vGDZkn0MMHffQD9AJ709fXv27EHRYQ31TPv7+4PAB/zFsoyFhYVqtWYXAIvpQGptWgCZG6ZhTE5O6aYOCXSpXILd3Lx5M6DkR44chmX294+uWrkahadRrULq3yFnFqByyJ0BxOnp6eGSHbS8WD35kWWS5Npl6SokCqEj4TaMXnj+hTvu+OEre/dCah6jMKuPtGj0daERTaQmE8FHVSR+GsdBajKIusnS8VwEgKRL8gvi5Tr625NYBhFrYqq10EZG/kywbyqXjPqSKP5KzCMVNTDSoWKkz0gKViqgIdnTci+gkxAgIK6kTCVZUtMiM42/1AaHBo3R6jDFWLmURJYW66gDAIuDwgZlGekQwQnEspBM1U3VhA/CipbO+UreTkQSLpJNoyGlWsgt5MTjwiNMatXZZ6SIC9VUTEpgq7LnojE054lCgptTxhl+KhEk9EHFGBaoMZbaQeRXqj1n7Tj76isvv/Lqq1euGDOIJE4TuQTZywFsaCqgpWRo6lqxXJqYHz+8e+/7Lr90z4EDzUb96iuusnQDh1vTEWQ0fU+dnV5z6aTnNC/Y8lgSGS4kuWTSRoyFvttoNp996snHHn7Y6bTg/gag8/TUpE9q7HCXjiIUwcEhctKlwa863INsQ9BNKSH6HlLsEi/0gsQycB5fxNmMfX4F5vEeilScASFT1mi4d/3ovrvvuR9gYXhw+IFHtNRUmp9lvm1cfiGpKQuPFlQ0QO1d8o5N0DdQkegzoY4q+d3BIwebuEwlYV9NAovYd4ZnlwL9YE6PfXgAhcgVRqUptO7jKgBMYkD1Prh5+LJBreTMQh9fCOxDM/IVFGp6h4DlxvTAyyZrRJo50B52BZc5S1FYUt8gL0CZsUipZqJjS9b04kNcHiU6DHKHOH4Stk1zk7BVKmpnbGzoiaIrCQs5LVigzwhpIjPZo5V0asqg5JbwRReEpbcb4kbgqVBUZfk0hsi2Pjtl9MnUzldwMyyYx4rJgcQMdRYg8hujbTC2hqUJBKNHL8+OCSevYHFyuSuFwNxYSTe1q9OdNfNk+pKi9jzLC/E1h0dTWnTv0Zfn9Ihr6OfIicGR0LhVtydBpISYLVLUOeN8aWLA5WAXUsIxTcGhN5nhyOwS+wdSeRzPlzxlMdGk5TUpfRTho3ABkwQHJU4yuc1u8ZKUIJfDqBcSR0LTVUjCcRIRU0XUPYdjSLItSqFYLFfLkGYD+gyp8sjI8PkX7LzkkgtHR0clI4H0+iJVWnGqCsHZLI9fdeQAdB555JcVzo8AABAASURBVJFHHnnk8S4IgiYR0l2/YX2n427atGlicmp2ZqbdRuYy/G2ZNmSQV1x+eafTrjca+/btC3Gg2y/YNryybt36Heee8+xzz0LeWa/XucyqFaVgFa6++qpX970KLwBCDTm173lWAWU9LrzwgoX5hWPHj/b19huGJUWlm43Gjh3nHD8+7ntByS4ifxbJz0mpUBwZHoM1eo5bq9YAPIFtUHWALxmsut1utTudgYE+RvYp5Uq51Wp+6EMfOnjoEKTRu3fvBkga8Gj4LSDgl152yQsv7KpZJkIzUVCwTNj3kZERyzChflsxNrr31X07d55n2aaKMg6ywMAEH0BeHyUgIAnXVUrwlVOCBoUEgkk9kBP9EIUmoNRst9u3f+f7Dz78oOd6Ohqg4yQjZyqgk5qiER6aYJlBaCwUVQqOA8eahtAwafwhcqQbUvkaimOZ3HOpzUcQKvJNiLZDUh6IMqdCgFSiaDyWNu6M8FkN3kKGfixFXZF0gxshC2ziJqe1nzQhhGNh6PoS76RsJBYyYJUMmugyoPHShOBorhHnSP5A64YCJ0qlPKikg08rSloQxumMrohJNKBb/QoyhEyIm08O7BILUBKqHA1cckT6JDRTTFRxmjUVNFiLJofkPY/rh+2EayOMIgNlMXBaFjUKIoD4E9MyYGmNZgs+O9Q/cO45515x7ZXn7rxgeHikXLTRehK2CbY+QRJ12+uUikU4ygZDv0EsP6MgTGLHharPuOT884umMrZyxe7dLy/UFwb7B1LNddwbtVuRKcuvphx3zuO10SXpKdQ6gv/UFxaeeeqpQ4cPTB0/3mjMu22n0257Xuh4bhT6JK2TjI4OD40MQdsMbpLwrYFvv2WapqGbJAbqBz7B05Hvu9BZhG4f49q6tasIZEvIVU35RW22PPL49QhqxzC05EXjgSD60Y/v+69//lcAwaH/H2pF6SjDQJia/ACXPn+EkqrkO6cIbAOThBLh0tQqpicpCnLgY1HV6Rkm7QEJakT0WBDcjDpmZGcIP1gyfwjiALIORTdZGKkJK/LoNzYOfmBtT82d1UQgQh+eQoQ9Rgg7pwobyJnWxFLjPiHlJOTUUvf5wmnbaGukAyFny5WjpQaxkolcpVZ0DO9BiZSKQHyWerFcbcB/N63rrByITHj4+pDyYINaTVcPGLCKUDyLqfkKYCaKVchfCrnIE8wGecbcxaWQ03L2K9Kn6rbjMqkx1BrDzCfSrblCsieq1ouKF4qIh1FCBoKKFDODeyeAwQqaCqJeByD1cSwFvgTldXxxm2i70sEmOahFHW25ESJNLKRhswSk4ffkS4GcaVHXwxf9mb3+dFDSMtltVdpL0E6kQtJqJuoi9xnHvKTixmK/UZP3fmqII96fbqSQUjCY0xEELiTHOQzJ20OaM+NOpR6ZlKRldoWKvPbSq4REYxICizXK15Qg9JvNFoqkKYq8xmFlmqFVKtVCoVCplEmDjlerlUsuufTKK68YGuq3bVN2Z9KLB8cFmKQvsMXmRR6/wsgB6DzyyCOPPPLI410QkIHquhH4yYoVK354x512oXj0yGFILkulIon5ogUcIBaQ1B48eGhufs5zXSjJaj1VAHYByBufGHcf9o4ePWpZluf5xWIBh76DUNeMRx99tL5Qd10XgDxDN+Bvp9OBt915550WaneogISQMCLybKu16s/uv7+3txewZgBPYQPiAPmziqrBcnp7esgonLeDtm4QFyOK5ufnDx06UCpXAL/utDrlUtF1XNihH/zgB5ZtGyizyAxDl7WT03EefuQRyK0BtUnilAcMa9m166VquQQ7e+jQwUpP9ZxzzpHSw2Rhn6pPoLd8FKu6oWsI65xMX/GkkdJAkBWFtCiUAAZwcteLL/7Nt7995NARyONhS4IoJPg1Id2PqFv4YElAUCeaxKBUawRILKk56ynvJjWHQVYyeiaSBrRYtNNBfFehuieKl4xtMjk5nGRqj7iiwA8kzzrOHJCk6LNkOiOBaOku0SsRHcPlF9Kyo4LKKQT985SegzW2RLRxjWEAXQSA1ImwDIUTCYPESUjltHQUxNVgrahkNSEWgWSBmOLdqNRMC0xEqpDI5MTpa84EJyHsmCF/B9eCQtQhYgkK7UgKSSsARjuuw4Owt7fn3HPPve7911544YVr1qzmOgALGh2txHfd2bl5heuVvv5Wx3vhpZdO27K5p1QGBMLQDKxxTevQ0fH9R6ZhPX1lW6now739n/nUp3VAFTJ+VJIXY3m8uUj7YZJU2FiYf+SRh5944rHJifFKuRS4XqvVgC4WQ69LtmbF0ODg4NDwQO9Aua+3B9BmuO3ATQB6PwCrIftS1XSSj68V7VazySwjKZhqX1+MjRW2MDdR6+2DC55aZzn6nMd7JLB77vhtXTddVzz6+NN/9qf/BW71RAtNJE1XKKTxQLRVVNAgnJA4oSwiw1sp/ts1h4tJcxitcRF2TIm/uqZK7QVlyTuXbIVcnWQHKxrOL3En7lh6QY38C1fXPnr62EA4HYZtfByFqgJ4N/MIA0eJCUUkr/nGpqvI+LaKeA0ZlS+ykH+R9lOKierQUFfR6g+e6zQcprBo3bC5fYNv6SRVHUlrQrG4ASnDWA5eLK7vxM38hVtwYigpzxfw7kQTiu2b9gFTO6oZgYneyTJRSeJF+JpwZol9k+6E5DiL10vqYBFkU8GksYR8UYLeRLqOiTpOk2Dp5sdqwn0ezSn+k3P73aIaaokSwxGiXrtYIuOROTZn8iz0ccHi7J+JWDYihdh0grB1F0eWAeml1H6mi/DE858Jv8iFJ9kPCsmdhYwvez9k74Zp1OsLkABDfk4+L5B0cXheFEqlahXQZ1tmibZl7ty589prr12/YT0cQV1XpTh2ruz8Dxg5AJ1HHnnkkUceebwLgqfuguqGjev8wNuz5yXIL03DikQMYHHH6UA+CSXZfff9JABYGXBlwwB4NyG1Ytu2AI8+duwoINSAR6NfDXn5QW4Kmfr01JQst2Koo1RNIdWIMAgr5TIAgvBDjMTchHi+3G15xUIB+bMqJtOddgeA5lRyWjeI/4K1EyDXUr0XkOUjRw+Hcex7LpQRmq4GQSDzeHiPD1i45xUKxXq9XqlWAJjWSbda2htKJQeOvnlBuWQ7jjNfny+VyrCpq1aOIPSZTiLGxCBmcnUxjcOKU54klO+UBBSyI1IOHz76k3vuATwdtkchq0YsPQiZZUQuxloIU3ihqRwyfzwaBASjhgbaxUDxEskJTaifIlJnRlq09CXHrWU8tamRWoGptVGMR0xLBSsQ7Y/krKtCSt8RFiGSrc00otNIVxw5eCtrF0mr4SiOgTZB1DYgnyIqJlXi3eDxhPcQ5wVwZJ5NKLNUfBBJYAJh8YiI0bHGNfph0Y0HIOuExo+lfAdPuiWZHDjlLBuAZpkSrtQTQaQ+FoHv015qCTrqqFKEUfpPJujciILjaG4Zhsgf5zoZsqG9IeLpYVwqVdauXXvmmWdefNFFGzZsGBkdKaKRZkK6kqg3Tdx39eCRyd179245/QxbUccnpxuNVugHRq/KBZouwZvdSDz70l7NLg31VS1bZyI2yHARmVQxXRIsjzxONcQiGJEA2uR22g///P4nH39kdm565YqR6rphbK+otSjsh8sZ7sPVaqWnUoN+HraZWMhFFLiB72ErKIgZzWITq1nT/E4HEI1CoQy37hCBGPhyaHDbn5k+3jcwUhsYDSPBlV+AJpz6/TCPPN4hsah1sORnQVZp0JqBFvNzz+764//wtZmZBkcPW7jzEwU4IcV0zA5oAIEI0InU7CCtCOlE111sKkTA4XsYywci2u4ySbLlfMkGLMXsEnpGwPNKIUFeWAw84IyEa1Fz51jlE9v6eoM5XbjQZ+IePMjgKR8hLxYxVhrB4dKnl5aT7hrleHGcdohTpSx8PDLySxAIsZP3HckyZDNJaXTBy66SGJPGyKoWIsIe6orhCdEcLJg7ttRLRqwkofCZKpYeZFrQkhsFHuzXVVPOBp5S+JVLnRPOuwzoJJvlYotZFuaRmsKstlmZ6GUvaZWWJdBNJNJE+hHSkEaUnmFmgaIgxP9OsEtApouCpQ59dApTS0Z6GZrLapzKfRD+K5LsWKbbSWNpeKBiFiloxRzNGPHTzfFxxY+UbPYMXR/QiVEeEYky4xAYkwIjjPJn7IanyhhEXJZ+knQGkTavZBLRgsRB4lRqmckkh9Ph0lUkjCtS7oylposstWtmGamcy0tUpMcnIRVy1YNmpu9BJgzvhotWJdfuUtmCLFpQJix9yE8/fev7rnnf2WedZdu2VDxnqXBIjj7/Q0YOQOeRRx555JFHHu+KUCiVZSvGVvT19rXbbUArIAq2HYYBvG5aVhQFADpDCQMQBSaprktEVO44LiCzvg/FUmyYJiCAkPgCKu10HARtkfUct9sdWH6xUALkkcBC0Wi1yqWSVbDDIAAcEHJq13VJqkKVQCGkwqVyqd1qS1izULBdF9BkW1JdAicMoo5hWrqZViCAjEMFECKqHNVqVVijLEs6zgyA2iRgXZifXygUS7DZTqddKVe0SIGVwt4hQTtJquWyZdmVWnFoaNDQNUJFk1QykY4RmreEqUjFGxzKE+EYUryIoAyKwgcffPB7t38Pdkpi9/DGUqnYcRyEgdGLT0X9B2Zw6c8O9Q/UISrmk7LcYsT/Re0HBPoNTng0+q0nsgCLU+Iw/UsaRcJ5QZydqgbAT90w0ACnR2UPhYDoJCYUHkoMLIQilMSA5gExclILdSm4QdUdrhqlEONYwr7d4yCnPuEHP/AlxzmMQkmOJmIylwwjHOlnUiEkkdUjwcPUV0CGeNiVRJSjwlLNWa4iFaGmI8BSNUuqR3FgmgSdAUknlRER0iwtodIM9wSxdanCoelooQNtD/SrFEmr3Ybf6rrR39971llnXXLJJRdeeOHmzZvlhc3Sk44NEJTTjOEMwdbAcVHmOt6CnxjV3ma7s3r1ytGB3t5qicUhiovgTiGjSLc0xdCeeOrpbes/JGtjlqqpsDzyeFMB3wfD1KFNAl+PmdnpW7/5ly8/9/QZp285/eKdCtGim61O23EQHVNZfWHu6OEDtmUFYVAqFOG7Anfj/v7+kaEhuL85YUdTdGxVRUEnDNBY1fcFLt+MSfMHxTlQ7UccPfhqsVxhmp2qguaRx69LnLRlIr0EcKJGaE8+9dT//of/3+mZJjyYSHwDvxqBH2mamYkUcymDQHRWfE3H5i6KSHSZqSLDoOF9sYhQfYJep35/ipkiXJgQ+3hZmwf1OkgvQqQdZaaUk/is4eJnz191hrZghA40lWBzoTudkHYUgs0iVqERzNIWOS5QdEmvKTeXZw1jiWxKNQ1y2xVS6lm642VCHF3C8KL0RReDxm63DuvHxNELw7qt6+dscUZ7fQu6sL5qoIb8EpFkRv/oknalzLQgX8HFc3GC8BTuGE1uqdJ5GY/voowDvKIuOZuhc2YmAAAQAElEQVQJWT3qkVpq1JLn1dK0xToBLB4SGo1pXUw5JkkvTr6RvOsEyFKTQ7lZS8jC8qogh8fM1lgh9DlVDkmBYC6HzkRmQOiJ0FGTF6OFRxcOt4vSWQJ/G+NpECTlwaWwmExok3gRFF56BFKEOztESQqIKyyzflwuV4ISGqkQuUzoszfQNsdiieOxRKKlzlm3T6ChsQqkxPg4iND8OoZHRqFQrNVqpqn5gWdZBix2eGTgQx/84M7zzuvtrSFnQlvsUOTo8z945AB0HnnkkUceeeTxLgglI5z09fWed/55qF9hGQS2Iabs+0HEsQwArBmwDIkSFoslz3ORL6dpnofEZySWomUcjfUFQaVScRxU24CFlMslQETRU873kZ2aJIMDA7BA1+2Qkm8ixYhL+Dbhug6aeiscUGPyi8OAhSDBGfDrIAZQG2BES7eh5AsCH9YLW46kZqjB4gRAakCfYVGIpMZxsVQELF3VNUAbK7UKKSYDCKt2Oi3YEfmpyA/Rfy9JAHvZsnlLuVpFY3us5HiSljySkSRCMt/TDeOkWXaXiSMxUtK+QEIR7PWuF1/6yX0/ef65FxhxkpE9paqQ4rdaLdO0fIDTJc1Z1VPrcGKpRHGiCawoVFlvoEafSM1oFNIrhFeQL4OmfNKAXULB5PtHroMpmzhBfUkqn8gBD/8mYBo3g9HwKc8kmxGGhtKOThMnAFqWn2TKp0m+MUtLmrRuISQ7ltrKAHDD7vCMaCUZ0KgjiUqT0FqIu1PATI7NRnBmNXlRZcWtlHQUdEC66oHEAF0qzJgF2Q8qKBYu2dQUcGZjInGrKgDuihO6cBkbCSPFW/jRGxsdO+vsMwF33rFjx2mnnTY0NATXMk99pVQiHUmhTGnkpMbdIpCzSv/wgYefGj5wcOOqMcPxagXTUmOoQbG8jPGg6SJcMzpoFGsvPvM4tEYS7NloJHeZErvyyOOUA3Vm4gABkCcfe+zv/u5/tJsLF19y0YZVK+amJqZnZsbHp3r6BsYnp44eP75x4wa4RResoqqpc/P1QwePFq0iQGqGcazWWysVS9VacWCgp1KpSizC9bF9qOoKNKQK1aKOxlNJEgloSAVeY3rqyMjKDYsQGcsjj1+vkIIQaHgQkygzhwb6ffc9+tU//fOZ6bamWdiAV1JxhoQQ0yUueAjd0fOJnk1pmzZJHd0AhuSKtPClAR6hZcNAqSYFx6bpSZ5n2HpNUOlDkG8gD1UWm3Fw3kj/TecMnaG1dN8VSUdFhasYn+yctMJiCW/LRwzitqpYikThhhGo/dq18VQ7ApeG/0oUvvR9qD6BDWJV0nAXtSCwiR0pCHkrbUvXt2/0N411bB5xeN4haqsk4mQPumySKTUhXBZLhcJYV0xL6t0LOTQl/QvTsYylsiFEU1b0jq0dMLRXDdVLSHxDqFxdiupK7WQJvHIExBNlUeC+qxNy4lZQXzkhni+KQUcSzsYUMWHpCSUmRPZZSCj38c5DM4frBRV1rxHzxswhoZ1hIpF60VJYnNwr5SxXLNeHQDmL2euHSHsJDFNl6fZMmhhShEXSxRePeFf5ZekSRHeSL01LIINyHdeyLcidgiCAxKlSsGvVimWbxK0WpmHatnHZZZddd911q1atIrOQhGQ3upobeWbzDx85AJ1HHnnkkUceebwbgkzMIR3VNOXaD1x130/vDv2EBu2MRr1VKhUhVZUoMykYmBALCwsA13oepvlIT/b9TrsDqEe5UALcuVapzc7OlqsVQWxZSGfDMAFIGn4GFBuydlSNICCw3Ykq5YpU9mCEcVuWqWlifn4egOCO41SqlRAwUIXbZnFqalI3zCCMbMuUBFdNUX3XU1Ql8FH5AV6HxZZKJcB2YZN6e3vrjTpsbUDAMS7cNGAjW612sWB7rhsmqG0NpUAVPoLSICEgkgXTJNAWJxc1wHrRWF4RugKADpqJc1GrlrqZ9uL4J1QCKlUpWOYJGs1FrYvp6bnbv/eDBx54QAPc2kA0H/4nJ3NV3UBQO4oV9CcMDd0kMo1C2tOIYyo2R50KgKqxGuHIPwZsyLCQiw2gM8KdSHmRlCxZIynkj2Qalqpo7XabxlwROyVeM7wZPqWE6CCIFUNMFkEs2wXYEihjVJLpiEitQmL0IZmU8Wx6kwQ0hHSqSUjcA33VqQJH7nMYyMFe6Z0oAVcsBUWMwDnVWcT6oalXstbx3bArUqjritRRkZRn3TRDskaMCNhFLx6uRCGVbWikyIQqSFw7lKOssqzSidBNoo3C9/0QLgbPxWpf6Js2bbrggp3XX3/d1q1bkQWPnmySMcS7tGpZ36aq0wmTMpaKjiAFI2waVjQzMf7Qg/dv/p1P9FbKauQDkBAwPaKjqvGo3WwVFKXTanle+MCzuz9w2QWwaaZCxaYiyd3iNWBAXrzlsSwIEUs09KtEBPjnP7nnG3/xTehjbNu+Zd2qtRMTxzsNp29gLE6wa3XJxZfs2/dqvbHQ3zvwzNNPr1u3btvmbZPVmVK5/PgTT8D139MJuDptF024awwNDqwcW1mrVOF69QNWqhgF2262WkJNfM8FNERVbfj6zEwcH+wf0gr9RPhbxrVjeeTxbg68zyO1NaXpaho8aKA/mnzrb+/6T//xT1FRV9eCCNFnaP2omg6Pd2h8p9BpknZekdqMuF8KMGqqIlWzGNFgcZxLwLMyppGaBH3pULZDCQU+0/FJTaxbeoRzxjPHYxKuwmcQoLH4UIrMuH3eWO2zO0e2W5HutgEkN0TM0U9CjVDOPWRJQE8pRRr2Rfh0VjL6cRaCJKR4Sjagxy/ydmOSlCc6biI3W0V/PnRbjhJqUXPsNOuaGkaYJ8L+GkohIfAzhAe3ynyV++tHzEtOb5QAYw1hf3gkF5USY1O6MCeInABjePqhZshrqehdfi6JgMEPKrorRwIlmDVsxakKwe64aHqgk2IIHHmcnON6qFfGh8TzSXlBpz4Ah5xOUzHvoSwh0hLqEMPtjVOrHh7ZMSCtWqpURm1v2iBFak1gcgMnXsOGAILwUnkjE6xQs3EmfElFtQrM1gTzuZg14ofcwwd5O7EMIosn8qEPq4YsU1MzE0EFLxO0dI6RA0G97kSOSSmxHG5LT6LsXpACWGYFSedU0pxl6ousgjC1FKSkBdvoOI+GEy2LFwMlYGrK+uCS+A1Jlw/p8dDgIKTcQRRC3mVZ1vDIKCyRbKITp+Oct/Pcz3zmpo2bNug0IkYyLxpLvxKi+7ViefyDRg5Av5W47wujN93GNn7xsQc+t4q9PXHk61ddcMsedsM3x796Dfv1j3s/P/rZ29mWLz3205vfriOYRx555JHHr3lIyg5HVHDz5o39/X2v7jsIJRkAzuVK2fc8FMEoFiT7dW5uFrJTQKUB14Mc3S6YchlQZbXbrcgPq7Vqs9kol0uB50H2WyyWAFxutTrIj+bcsq0w9AGMjtDBhu0/cKDJBMlD80a9AVg2oLRdVBcQ5CAMSLIh1g0xumLlwvw8/ArQUdMypCaGYWC2zLkjYhSwA5wXkGWGg+d2x+l4pHwKrwcotqDBHz8ILMuYnJrq6+tFaNL1enp6AJgeHlp97OjxtWvXKpLnIveKaD9Qp0bISVJcr20XrFS+Uf4+K0cl+kybFMjNn56eAdz5oYceaXdcJPkmiRdE5EQkJFUKFiPhWpUozlKkzzQM10MhCwmHGrqBIhKSFEzvQJaxigUAHEBS4UCxDUBg5VmMqGCAV0IAbhG4l/qPKEEhtSkzbFfK/9EEKNQ/0k9Qkmjk35kURpeYg2rUJB4NcDMqNScAVeuSVR11BTekugaO9JIQhcyFZbGCROmIFrtYDslZ5PS4EVMMVggXEplemrAuL/A1VAmAKlFF9J/0CmMSCPFFCGsPBR6crhg0+RxiNUVS10gBh+tw7do16zds2HH2jh3nnL1508ZaT63LrBdLBB9fDwGW5E/kwmsGdjsMY2y49tsf/Y3B/t7hngoA4FD3x0JxE+Ylses4FmcFq7ByRTFQ9PUbT3tp35FKb/8l29bryIpPd5vlKtB5nGogDPHg/T/95je+Ab2Z0ZVjq0ZWzE3P7tt3ANpjjufv27sXLvVDR4/ValW4eQKOUKnUDh46Arc1aHG1HG/lmnX1RsO0Cy7ckX1AH7Sjx2YPHZ6SEu+GqfdUaxs3rR8dGzQ0NQo9lQBvvG1zMTczObyyogiiai7nQJ+ULphHHu/8kL3SlFdLvFVIAyan6v/jW9+7/Qc/8uIkiCLU+aV2ISQN+JnlFzo1adBYOH16sDRPECnVlEs6soIYtPwEl+izgm1Y/Dcyi6lXTWaDLPs+Ias2EhGqSajc4JoV+JetHfrItuHN2rzuOLqCa2EhCTmg7FaC5GepTpEN2JyCQzJJRBPHVizNZeSzjtIZgCV1msdKiCOMDGuGmDE81EMUpSYcU9MdhXc2jLFzT5stccB30ZgPEpuT3hQEP/Uma9r9peyKkgq58iSd1pPYKv1eKp1AsmOEpjleCp8WxemiKmj+CbYZ29aAijM1Zoi145ZL5nJq5YHmEcu2avFn6XKRnVw6T/SZmDI34sWn55lsJuhnRfFZPKkH988d2B1PJaYaQZpEGtKZmgYn0RYhs8bucepSpyEL0l4fxhV4QSoi1U4RmYIzfhbSWoU0NDARjZM4OUFfW5ywdwwzdkxJIHlzySm6Vqt5vg/Ne7gqe3t60S8EEjZEq3n/QP81n7r6yiuu6OvtgxT6takS7+q6vO2RP2DeZOQA9JuPQ1+/5Tb8774vf+W+z331avZ2xL1fAfQZ4vZ/+/U/vObXHpM98vV/ezv+d88tX7n35vcE4J5HHnnkkccvHamcLvJkI4AtztlxDsCYU1Oz9YUFeBHA4k6nHfi+aVnw23Xr1s/OzgC6WiwW4LOAGo+MDG8/4wwo4WZmp/fv3bcwvzA0NARgNLyy87ydc3NzI8Mjzz33HIDDkLUDEt3TUx0cGurr7YX6yfVc6VEOxRikvCtXrgLEkPSgRcdz2p1OT62n0agPDAxs2bIFENWXXt49NzPT39fXajVh7StWrCiWSpVyZffu3fV6PQgYgJWwYdu2nd52OpVK+cmnntIB0nXdSrU6Nzu3c+e5U1NTsIq9e/dKzgvscrVaabXae/fug6WtXbcmG33l0rpOVXTYdx9tCTXNMDlpWQDUnZCfjKz4OOG5LFVIVFzXuf9nP/vBHT9otVqGbks5j5gsgGhukaQhcKZVUEGqmrouRSGD0E/8JAgi27IlSB1GyN1OgVKBhCDk2SQBbAv87BPED4sKA+mSlNoHAfYckly1QP4O4uloyqdr6AGIBV1MjjlYRcM/gzACyF6nMpvAX/xgQoKwJNaRVjKpooWiKplvO4o7axryoWV5htU46WYYupBNg2ykNK32mXQyjLqFilDTQVA4wrgjxItH7rKqIn0bCyxcI+BugAJApWQZlhRLkXwuRJkFIAV4XaFHUCJFrYOYJDjO2L79qquvy3iQZwAAEABJREFUvOTiy9atW9vbV9N1CxBt2E2kP2XFksS+ZfnE2BvZqQnU8RTPvfzymvXrLdO+ZMeZUJ5xwP1hL7kKFe6L+498/84fW4bxWx/+wNqRfjhMxyZmH3v08Q1n7Lj77p8400fff8nFmmkqBEPnagZ5nGpwsWf3S3/5l3/ZWJgbHhiG2+mRQ4c2rltfq/QsNOod11+5dt3B/Qf8IF5YaE1NT60YW6GbVtJqN9qdKGkwDiC1q1mm43uNZrNSKgNa0mq2caghjFBqqRlPTs7s3b+/v79n+xnbVo0NW7oKN0xNN8MoZrPTldpQsVyLEiYnIFj2NZFtOJEz3vJ4t4U0LRBxyvmFZ/v4xNS/+3d/8vDjz3RCfKRCQ1XR1BBavxGXvnAaPmcV6RonmOzFc2yL4hRRKq8cBtESKWdB0gRKZssmJPqMPsxBROaC3RmYVK4Kn7k4/CR0rrqeUyyYxah5+fqhj58+uoHVC86cpSthjGRYNIcgSV+F+rqEo745oE6+W+kiuMsasPRkjCOG+0sEb00h9rQKT304CpHwEIDWuKuxRq1auvLcuUE70qULBes+TN+OENL9ghwUJNq7TA2ZRqwgD9F4opacqrWvbB+zTd+EtpyhGGjEjH/QmBHAaNQeQzfIdNFSYQwB9teRuMehMZklpOR0HDWTcDiqoqE1ZZo1ABAP79Y1o61EC2r0TDD3pD/laXhOVLkiGjEkortcTkKI9UmOErTbiaS+ZEOXh0LugpjOqUhbVySazojYzCgfwmE1RU6nsTcM+LjvezLztG1bOoT39fVZKMKhBwFOvkEiefZZZ3/ms7+zbt0aSlmRP35S98hfEfeZcsr8GfMm4j0LQN/3+dGbbl/858YvPfLAzWvSfxz52uUXfHnfCS+eLHbtO8SufqM3vPnY8yKs+N0AQGcH8JdjMe/ad4Rd84s+LenS7D1DD88jjzzyyOP1gyPZB1mu1//G9dMzMz09/ftfPYDeO4Fv2wUAVQFHPnvHjhdfeB7yU8syOx0HwF9IiRuN1sDgwP5X9wOMW6vVIIut1xdM0ywUbF3RipZ9aP9+07AajWaxVCgWbECKC9OW7/kTk8cBLwTEE9aLf2s6ZJv1egNAFliprmmmoThO27IKjXpzYnJqYWG+3W4CXrywsADb4LiuBVtmFyYnJuIw1MlBC7YfNmN2dhYKvna709vbNzc/Z6OHoVOtVebn5+EHgkQBewXEE5Jq1ek4kIgDIHPdddcP9PcxzPJJ/RkBV9gkhnRfpP5oEZSI5JUHYG1EGh0IChP0KcX4YMuff+7Zn9z3k/2vvlooFHTdQDwXXb+w4iDyTuqnB+m+1H3OANAYdt9SbCREW3pEhR+KXCNCHtMYJTqbo1EhCwA5gqOHWsM6WpOFIdqIqVwLUZcD0duELARh7b7ncNJLlFObQvKasW5FHWp4FcoM0tfWJRQLUK8kGksNaEYloNxIVapFJwmqeFNtE4aB3JcI9UMML0QlDRUNBxUo92CZXRcihKdJe7pbSqAWdxwFSQCLgqKLeDc4QOw6nUKxiAi/oqNUiwE7GEolcTi55FUYF2wbjqaKItqRohflLqBnZsEaW7FmzZpVF1104bnnnrthw4ZyuSyN44kVlpDKM0v3S3THqNP6v4tKL5OMzMB/0lRhzUazsVCvrirxOFR4QpPUmk8eQi/ve7XpBRdcfPHRyamVI/3YvIjDTetWb1gxagu/1WxaJhr4ZGyqNDJB7Zy2kseJgW0VQLjC8J6775mbna1VyvCd6jju5OQ0NHvmF+qNdotrarlU6h8a6bTaEUvsUnmu3gCQCFCpwA9Mw5hdmEfR0lYTxesRloDeFe/rLVarNVSq0XB0o9VoHzs+efjI8Zmphc2b1u44a2utpwZflFa9EQVhvTplWjbg0dLEKqP9pay9nKCWx7soaJAIfwjQCgIfB74vHn9813/6z3++e/ceLw4BKoT3mGgsgb1kzUDNpWUOgfQEl5JNJNTAoSOsKnKiiJ5+yFGVPrsEDQNUHGV+vMhfjgl9VnRdg6ctPnOQZs1TOq8SITzpiophV2P/w1v7P3zawJholcIQAPEo9uABzHHmxxWEZnKUOMYsQvbC02EsBLc5NddDqQfCSGiBicVuEbWrOWlYc4CWEcjE6SMl3QqAGhHAFGTeAJsfQTaEKmBMQxcKDQ6SusBFY7BSuPycZp8NaQcP467odGYpkh2w5ISbBOpgkK4VTmVJfFm6RCw5TXHWIcZ7jpx8OmFR0poCB60SbjdL+iuW+YJuLqhGGGkJiSxHAoWwRcQxVaPOGfwHwXTRfdbrmi6hf0ZsAKSlZ5sfE88d/uCyyIOZEie8K5MguBDZnkLepemqE/odW+zh7Seb400dNxVNIRRYDsqzEDic4BEnfFnHzr0cOMO91lUduh1wGegoyybXJfdxsSke0+up8QZpaGAbPk6PiFROW6qysniIZJc9m+qjZANlxPwwAKAZfUdIxBnS9cGBQdl9oGWIoaHBa6+99rrrPoCie6ZOqiOU9OJSKF9ib1uc0LSQ+ZiQNPdc1uPNxHsxlczw5aWx75aLRm/52K3jf3IKhOY1N9/6xW/BEjZ+8dY3hKffTFzz1Vs/dvtNtwHG+jZRqt/Rsermv/zSty66Zd+WL936uXcD2J5HHnnkkcc7KTRNcV1/bHQU8tqXX3oJQAfPgyTVJI87JL3+/IH7m80mZKKO45qmAfCEdGj58d0/htct20I/NgBAkyREcQzjiSefhIoMYGK0gDPJ20RRbduCf46PHwfkNIwixLLbDhVv2qFDB218s4/wIqCoEcCyqud7UCfsfWVvsVSE110XvRABdlQV7fChIwhVI0wsAMBF/JRUF17es7taq8Kb8bPkRwdoS7vVnp6eCsO42WpDUTM9M71y9SrAoxvNOmS827ef8b73XRVDGaWnPBUmmUuco1IwU6Bkhc2IYwSgo0y9AcoMAHSglhifGH/22Wcfe+yxudlp13FhY2CPANcGkBkOi0q8FZ5xh+XRVqkSRfFiUsDgRF2RfjTkcAOVLQprwMp9P4KXY7L7kyKAJMERyjKX2C74IShbQrLxIX4wKnUgTRvVqVMSNFqWq6knj9StliA4bl6SxNJGiaSrF6+Jrr9MxmyCMxuRLjP+HIXpTiVxt+IkL0qOho2GAutAgnYcYT3GeUjknViSoDkvFgsxItoIbQvUaYygVQAXDGLKSLlEdB9e1JH+HCUhSrWwGGsn2AYpsZKwuFKpnHnmmTt3nnvuzp0b1q/t6e0pomp5Yui6nN2lVakofkJClCdQdbpaKynxfQndJqsDcdA1JqzhtC1bddMQpCJiq5oXBFB2mrbd8pwzzzr92PTM6IqR1sy4A6C5rq1dOfrPPvsJqBA7W9faBU0RZJQkCVXK4tGFfYF6H+pAlkceS4MY/q16/eWXdsEtUWGV+kIdGjXjU5MLC3OFUslz/dn5eeSsQavPgLtxwAAcYgIvy04Hbqfjx49DH2dkbGTz+jNWr1xJLlIm6o8rKkMTUGz8RAIQMb3V7Ox5Zd9jjz6+Z/eeubnJCy+4QF05CrdTxpoTxw/D9T+2biNsTCwH/LPmDcsjj3dVSLElhFah1y5Ys+7dfff9f/7n35ycXkC+P5JpFXg8RSSea0IjJyYeKyHQ0vVXGuNlklmMeqWS5AwQMaeXpZsvope4SpESXzNpDPmpBLqn8itEmlfpE5kzQC6jkilGDf/D21d+YF2h6s4VVcALvQTazEqUOgaSAgPmKKiNQe4QQlkmsECIqqqor3ccBC1lUUUn3S7CqdNINToAbwUAWkFkHZ+E8KEoEU3NnBkoVS8/N94w0FIjLj9GXNVTYEBzKXN8qkTp7gF87YLoYWq07dLBXuVp1WwaLOBo7IenyIWHNAC/MQLGcqeUVIv6hK7Z8oUnmXci7jKppuDJT1L9jeU6ItI2GXt4TuI5JjsQNh/3j8xoAYcmPfXY5RsYfR7SKk1Lx9lksrVU+UvBcTJcJfbI4xRoVrKBMyRqYxanZLxmkSqkZZtCaSPC2yp5gcQZwp4mqTju1jX0xi2D90BfHyU44hCeFJVyeWhoGPJBtNlQoTXibTt926c/9emtW7d27TRQWFweQcjwIfFTf4VQp7w24AD6iVR/YT0sj1OK9yAAfd9XJPq8SN1N9ZfZbTd9/oOnxLFd9bkHxj/H3t64+k/Gx/+EvVdizc0PjN/M8sgjjzzyyONNBRVHgCJCVppUxOnbT3/8iafg5WKx2G47ErXcu3cv5MUAGsI/y5UKivmGAOyqnY5jFc3e3l5GWgq6prmebxpILSlVSpD9uh2Hq4qha2EQImkD+aoeSUhDzaZ1OgAo257nQ4ZuW/CDZ1k2pMiIwCYANQqAfV3Xq1RKjVYT0OpioQgYtBR2QJ9Ew6rPz/f09JBaBYDdGoA11XIZQG3YwmK5GCGKjQzrWqUCCw+EMDV9fnauVq1GZBk0PzM9PDR4zo4zhob6o9hTNUMWDWQNRIb0mWgybkngyvpBIT4OwN+TEws/fwD/Nzc3BysqWgWoDiyrAAs3zSJjsDlwTHRJFpa0EVk20BwlodBUhGjEYYnj1PArRtYMFAOAqntIQ+ZI+KWiA2DfSMocqyQGTX5FUZwguE82NICJYxYKMDGSixIua1M41mg+E0ck5Sxiqo4UoktLcFxaGCEfKoklFM1ksYiykCizKIgQjbLUWFshoRgPIPn4kXCHSIFV4vjA9kdh2HEcncjUhmlqeLpV3TIBwVYR1jciH7oICtoEottPBMWW53TgYggjpETBGXbg47oOVwtC5J4fo11PpMRwLRm2bezcefYll1564cUXbd60UQe8Gc4yCp0gLm+gooiQ2DEjfFylEehU73z5hS/kSK9kDxHznYBngfUW/oidAEUBqE5Ue3vIsUkY0A+A0xCFe/ft33LaVhHGbqu1cd2aer3uBdHB48eLql6xi33VErQzrIqpajp2JMQSayjimvlBABcz7GylUmV55EGR6ZLjrWB8YmJuZhauSbjCm43W2Jq1PlwynZauG9WabheLQRzClb0wPw9XkeM5cENrNurwRalVa9u3b916+obhoX74OQkTdAUlHAQABY2MOn0S/bRNozRob9m08YILzv3+93/w0q6XnnzyGbjTVksF+M6p7YXxo0JT+OCK9Rn4jPdFhcb+udSMzSOPd3BIGiWpDeA3K0a5KPXI4Ym/+qtv/+jOe4MIRZ+Rf6qaUeQbhKwhKxZ1GxISuaKHSBzTQ1zexBdVlJCmmpB6r6qhAYPGlwikc9m8ZwgRJpKPLKIQoVEAu8m0MEKTNwBJ0aJWS2JThFt71Y+fu/mCQbXqzXLRCdxAg8c/NFPTZwc9lxELlpB2+gWU6GiSsncJKeV8uVJ7tmE0usAl25mg6xM4ypnURaqaJYgeLJFzoZoNzud7a/r5W/0Nww60hmEJnCalFiUyRHbQlyyUZ6IT6VYQgbvb/5Vq3CftbGl2vicAABAASURBVGEKJnMnlnQHMESqcWJ5VuFwSTwnKnMV1Y8l/RxdkFmEsDFTUSmNscUjIcSJ+HN6U0syi4Z0toOgYC49J8jUb/HgyNMvbRtpuXGbx4e584Q/vj9seCZ2ySOVOO9ZvkfcapGJV0gSdip8Iu/2yJxXSGBNMn+zzU0yyJx6H4j8yo2Qs1sxJS10ccrPEbkckiuSi5ELkEodnJwmmSQQkH4apFWQj5mWPTw8DHk+eWYAXK84vveB66698caPjIyMQgJJ/ACErdEwUR4wvMh1mvt6s1piqRT1CYLRy04IPVYgN4VMz4NHXdy1WszjlOK9J+92aN8u+u/Gj12fkW+RkLuRfrr9jvuWv/u+z49mcdXXj6QvAmC99JXsPV+4774vjC7GFxYXdeRrl9NLl3/93q9fvviOy79+6DUrSj918mV+/t5lG5ctNt2Yr3/htYt9nX2hhS1u372fz5a/9D2fX34ssr1+o1W8wdKWbfziAVmynGVH78S1L9+TLyx526HskC4e8Gy98gSdwvbkkUceeeTxLgiR8UQVqLiEaZrXXXfd9tO3ST83wHYdx4V39ff3l0vlBL3+dNfxAj+UXjxWwYZKwPeRfQyFihuExVIpQtFkHXBmyH8BJclUgkOAgDUSvjAtC1FM+C3qHTNYMsK7HcdQjSSirJv84CFTBZDOMFAlWUOOkQrps2nagDwDUhkAOuu55Wp5odGArNqBpcN2AO7peaZpIDDqh8i3FbiHrufpmgm7OTk51VPrMXUd4G2obNaMjvRUiufvPCf0XQBuAuHHLESPHZo+RUeXGCUvgo4DwLmJg+uKiJKpiclHHn7kz7769a985Ss/uvtHALYCom1bBUjLDd1SAS/STIUppm4XTMtEDjWZ0SC/BssDAwVGTF1FbjWpGaOCpGQxJ9KNjyyLpFWRYRmaocliAsd+Ecg1YJ8IR8a6QdWQPkPO8lJpgyjMpDgJP0ahxK8BfIY9hhImgRpE1gBJLPlekO5jSJtBMiBKiRSC/JrgB0SEqeqRIoNI+6KN9XwPKnVVV2B/UBwkSRBUpdMAVU8Bw4auBukKGtLuyfUCL4zbrQ7sjReEXhiguz3V4bqlC2JmqoYR0b7AMmMGuHoA2y5YtGnz+k/f9Nv//o+/8ve3/e3X/uxPb/5n//SM7acBuKur6AoEaD58ENB+YiwlstTFegy2T9EpOceqcekfKppFJBIf+iJRHIjESwT8CdNSE1nbjDRD5hrN+XY74TQOjFh4AF2FNWNrFKYWCmWn2Yn94OGHH33l1UMAUEeh0m44r+x+BY4SlI0aMcQQ5lYy+U0UlBS6bsI3RYUjk8c/cLz2uvhVh1i6xoSnfxBm4bEGX80ofPyRR7/1P/7a91xDVZutloeNNwZ3PN00Hbrhwn3N94LZ2Zl6fW6hMeu0AXye7ekpXfO+yz/+Wx/+zd943+qVI+Vy0XVaqPCfBEHsJTz2fMf1HPiumxbcbANqcUV+4A3193/qk5943zVXT41PPvfMC47rkr+oFwetmaOvdham0HKTAwwXwzdMxW9zLJKE5ZHHOzLE0pBNRRRmSBw/ePSxZ7/85f/4/R/c4weI2WnYCVZDcjzGJw2idzyRT49UikHBvIXoz+jxJsUhlNQrTzJ/AeBDt2GObU8A6xJMO3iMYwyk+MuVkESJ4QmgKybkF/DFg4RL1VWCXROLB/1K+wOb+//ZhRuu6IvLzcNq1EliV+GRBlvNotSVD9WMAczWsLMcIwoqIkY94wh993CrEykBIjVzGKUSiB4iyq3IZE9J5UHQ8pARrruozpHqRElvREUqkWAap2i+IuoGrw/36pdsV08b7RjQ1CJ5Y1LTIGM9+iPSP5lIRiqTTSIf0LdSpFmhQD5vequl0S4mJ8BYJr8gD1u2RHmjTCCZy+Q5FMMrmOM1+9lCadLiXqD6XIliTR6OCHIAHceuMKvBzIEo3ahLgsgp6jLLqTFBzeeImAaRIbv09Ic0K3AbNJKJVgnxTU2d0UpQ6k9zWJyrxuO6+0j7yC6x4OgAV8doLo0841AC/Xj1oLizSruZZHDz4jAWXC54EiLcY065H+Uqipxsk0hyjGwML01YcBNUmUXgEcXRuJiOliJfJGEPTIfSXiZXYpIvCaIA0kDoZdrFgqYpdsEeGhrQ9VSpPI5EtVb73d/9x7/zO58eHh6BTdZ0RSL06eQcSsEpxH3m/BR0w5IT/0g6Nq5LGpzI9+C1i5crctYhM2053vRcfXa+2XHhMCYm57aaa5Sdarz3jtS+F6X6xr7b7jryuUy8+OSE3H23XHTT4r/23HLBFza+kUbHbTfdtPyfo7tO0Efed8tnb1m+/NEX31jXePkyb//s5dtTWeqMtb1k85b984TIZJSXLgy3b7nI9e2fXba2m67anm4/gLwX3bJv2ZbfxH5RLF8a/HN01xcfe+CkmhsnLl9u3u0nFX0G8PomMoFkUjLl0NdvYacUb2J78sgjjzzyeMcGl/UWyiasWrVi587z9u8/DGl2u90qFgthGC4sLFSrPQpAgVGIXtgcZ/0ArXacDqDJBbvs+z5A1ZBeNoIWwI7IcdZVp+0Cylqt1ly3g5RnTQXcuVar1et1SMEty56fn1+9etX05BRsQqVSmZ9v2AXLDzEgZQeIxDLMhYU61TMc4EsAMzudTrlcnp6e6OntJUzTGRzqQ19EWqmmaZBhA2SMI42qAh8pFIuR55ua7rQcQJELdgELMsPct++VM9avTZzWBVfsXL1qmOBVFQCWhCqvROEyUYbirt1sQXZcMkvN1tzzz7/4xKOP7Xrxebfd0XQdAPRSsYTAuq4S/SZl3VKFsFhMkXqyKsiDSNcBUILKKKS5SJy9FFgXoYMe1ThEa5I29wgJJ7qqp/LERHVB46NUeQN1rKWLY1esWcLKKOXB2FJWkST2opAfHJRMBzlOBQcVnfjXqe5eSp7iakYfRkVjWqNAIDugMhyRWTUroqiXgCA24M2I3QMOjFWOHgZY0kNBjwh+EMD64ILpdNrFnl4PUXDOdQ6VGZRAUcAButZx/DN0otAwAbq3NA7XTwuQ74H+vquuuvpDH/qN887fWSoUUWY6jnXN8APfNAwViU7SEU1otGtQnEd0/BUiCL2BRZNCfCQl4Sh/rSvzLYigv6+vohMmISI4+JFQpmZnfvCTn15y5eUv73nKtq2d27aoihEBKlG2nt5zYP+hYx3HueKyc07fdlrgeAXNWDs2yGPA+aB6ihWO7Qc8gEspYZxqL5XDNazmJNL3fCiITGQtEyFm52Zu//u/f+KJpxy3HaGujqgaht/x6/WGjlpGPoBIAB1H1KuDJhD0WFpOq2QaO889a8fZO3RDgW9isWCGEd1yw9BxHLhzwlff93CeoNlsKjUl8RPNsFwPIAkcu4abItxuL73oAt9tHDy4//DRA9AJgrX0FEsrh0dEEmzZeb4XRfVWE74vvb2DVrEnjFgeebwjI1kisJQyQ2MmZibr9/3s8T/96l+5DsC1esJD7PIidBmRzaBUuOUpOKim9FLMCKhLilME2BVeIlXRnQvIIpVAlv9Zzt5EgFHVYJ2GpkDfFR77gDIWdT2JvZWm98mday4eKQ3GrtapqyxQQwUwQalXkQ0Y0eah+WGsoxAwiYAhWKqmePvyQxDHSbaV6Qan2yOWTOK8ptmW5QAJOjSmaQTzE7HAq9ODPeUPnK2vHm3FLcnelRCnOIkdqWBvxj6uqxzNpfbHsuVkP/BEFfREBRA/tGqTfeojqnnAsH04mvBL6Il5TMLKqYOgSI9A9xy99hAJqTSioEkgjXUIsezYLN0NIbFhwUL4gRK0tpIc172HnfGn3KmkaMDxSrD1DicuIsPkeJGHLp/56bFdvtevEyTDjbIbRAuQ3iWpIhqKwyiCHDJhdUg2IJbF4v6lSDnBxnCVABwuiJNQsIoIjYeRppnDw6OlUhla/IEfwkVlWPof/PPPn3POWegLov0qqLRKInsSLNULgYsKtaxRpRotuH0/bLZcP4ogoy6UyzgxGXgoUa2qLI9Ti/ceAxrVlukHAJS7hN6vHTn5mwHixLj1BvnP2255I+YvYxu/+Ni4/EC2iptOXPINconjj2Sc68++EdWXjBDx7Y99Ub593y1/hG8/8rWbUrg53cLuG04a931eos9bvpRu3zflDu371l3LNy99w2Nf2pJu/1eQJnzk6/84RYcBER5f+oZfEOnGdw/gvi/fdLID2F1+9/3p8k9ycO79/AVdBZU/ebNy2ae4PXnkkUceebxzQ3JvJVMIstirrrq8t7cGiS+AwqqqASAIqHG73QYYMfADD/FEn+YTE8OwINtuU5DasmahzEIoFZ8r1SrkwBMT4yiyIQTAi5ZtAeisGwaAIHNzc4ZhAHZM1nlJq90qlQA4KTUbDYBEAf6Ajel03IGBIViRaZlQcTWb8J5iGPqDQ8OwoQv1eQCsDx06iG+W8GuSwLoM0wjD2PV8gAs9z4W1RCjvp/T09PT11MhHnvVUq4UwOl2xrxvbWAnRtsuFeg/wckjlQ7ThAfC1Mbdw6MCBF59/4Uc/vPO//vnX/8t/+fo3/uKvnn7ySREllXLFNu2YJB/RzxChVMBSAUTVOFn2pfAzo6FQZJFIfg9yhUjmmCy+GbrwGeTCR0QZldQktcwQD6tPWAWitwxy9JBYWokcB4aqCc8CQyUQnCAlmT+RmQeiDLSOWDwpMofISvYDaUojoWeauOSy9kYCclrikK8gaUlzRgqIRJ8B3JmQaCbBbjgdgLm32h34p0tnFra+VCrBbyzTxl8LbF3UGw3oT8A7UYVD10kfPIYSKPB8uKhgd9odJ44Sz/FDP9QN2zAK5DGvBJEfRuHA0PAVV73vS//HLX//3e/9X//u31125dWmXQngzEC5qGgBXK+6AbsUcSUUImTSayeRBDAabVWYYG8sNZnQ2DKUd5ptf/Ovv3Vg/9FDh8Z3Pf/y0WMTcEiTSI1i7sds3onrfnh4cmrDls2vHjz+0JPPxao20XAPzsz++IGfO1Fw5hnby1Zx00jfmWsH168YhAq00WklqtXswFIMOBzL0OfUSohLfpcHeGIe7+FAuVicZMf/uJ3OnT+844/+/b9/5OGHW6063Fot0+jt6SlXKms3rLWKFt5IGW+12q7nzc/PTc2MwzcFLrLzzj3nk5/82MWXnFeu2rWearlUIGHQuNmox6iQw+B+C7douHG3Ox24RaOWOqpFN+Dbs7AwCf28p55+5L777vnRXfcMDQ0PDQ+etvU0uBXBHzeM9x899vhTT9z2rW9+/7a/ffC+nz720M9/+P3b9+/fq+k5NJDHOy5ShQOSUCCUD57JmueHjz++6z/8h//2ta/+904rQiWCOEFpKemsQE9byF7gj6KmMI6S2g8ibxOlC6SKh0iWYJQp7CsR6y7Vmi0Xv1h8NwloRDxxYb04uaTrIhjS3d/aOvAvr9p+zWhhJWsXo5aRBCwSUeBjIkEy2rxUAAAQAElEQVTSTbKXnK6NiKSplIZYIty8xH0uxR55l1jAl4gCp9urSHUuohgvyhsLyeuO4D+oAwZNWE33VOt4qTa5eWX1/Rcko7UmbyWaOLliRnc7X3tSMp2N7m50f0W6KJSSIHE4WtoIJyZyIuU3VICV49AQSaFdqO2tKY9w+5BleQXhE606hmwEG/l4M03kEFQiyeksQ34lv1kulqfiZKhQQbMngla9bPxFwqWxJIoDnM0EnDa820LKxFldSw7o3qP+9HPeTFC15NRViGRkInSTU5/Ml6RkXPdwicxeD8HlJO4ere75lReQvJhkXibdBeVfIlUIYUqq3yatDVNWtXwXXCFwxaLuV4Zfk88zppjwEci+Vq9aYxim63qy53LeeTv+z//zi2ecsRWWZqAbueDLg72VkDuz9FpAK4EwFp4Hj7Cw1QwaDW9mrn18cv7o+OzUXFPV7d7+fs0yISeEK0I1DEU3VCMfETvVeC9yxa/+k/HHtizzIdz35QtGv5wxapfEDR+U/7z6D7+48fYTfQtfE0ss9a7+k8e+tAsZypJnvbjArsfgmpsf+OaLxEq+/bv3fvXq1yNBb/nk9Wvwv6s+96UbvnxTxmE+ctdtKSB8a7bBqz73wK17RlNq8AlxaOMfjo9/dekr19x4A7sdlrZvDyxnkQKcyZKsuvlf33BLlzF96K5vZWB3xkfOXATZG8USk8arv/rIl3bh+xHyvvkE0nG2/CXvX3XzTyUj/b6vf+3I1V1ofd/XL//y7emOL6OWn1Kc6vbkkUceeeTxzo5UhoPsaVavWXPjjR/5ylf+A0CllUpNV/Xjx4/19Q0gkmgY9UazbBSjMDQ1vdFoRJG/YcMGqPH27z/QIXRD141OxwFotVwqrV2z7uixQxMTk9Vq1QRcOAjK5Qq8Bz4yMT5O0slq4AXVWg3yZ1gX5MTrN6yH9xs4EImu5bCKzZs2AQAN73z88SdhFYBBL8wv9PbVTj/99Eaj3tfXOzU13dfXD0gr7MfI6LDnehs3bpyYmADYxTQMAGscL+wbGNANtnJgYM/zL5tGeWx0hdlqri5UHvv2dwGYOePjH411rPpYFB46cLDZch9+9PHxyfHpmakoTGy7rGmmZghAxo1SJfKDBC3/0N6Fag0NsnmAh3UVPQ9j30stzNHvCPUxSBZDSEs9SczBydMoSsgfRhYlWCGgxQsRqWHZPGPgIJ4sOp02mrYjmgyIq0KiGZFCXJuUUIJVR5JkVGgVndaR9oKkaZSaxDoHVSwVheQ28J+AdNMbqATK7IMIxF+sFhGSlh7xcJojVDiRtQhKiJAANEupOjpA3FCX+X4TUG+oJuHNGiLOsk4WfhgauuH5HtQf8IomZ5NDEQLKyzU4fi2nE5PbjlEsrN+47qO/9fHrrvuNYqEShbEX+ocnF4pw1stFPHRxVCrbQg7lJrGhI2cNIHQTeUnICKOBaCxDM9XBxfLpBBMiTi72saIeHp9ttf0tG9eFAasVrL/8b98Q175/3aox1CAx2L4j85vP2bl+6zoesbYbTM7OA3j/5It7ekaGygN96zduXrd+yAhCI/bUBE5PMj6/8N/++63vu+a6F5955bc/9mHYWG7qXQw62yhpKMXUnODzng5AeDTfjwxDnxg/fus3v7lvzyvQ4oPyG74+lUp5aGAAIA3Ukvc9wMuCMII7nmVarWa9ZJuq4Fs2r7vk0gur5XIsfFVjeJ9EFR0TGmhw3/bJehPuPK7jwMqglWjbNkJvoRPh0pyVq1c8+NQTkxPTZ+84Y9Xq0V27Xp5fmHz11VeeffZZ+LbbBVga9I7gu66WyyYg2KpmQRtsYGisd2h0/aZtpDWQc/jzeKdEejUSmdX3kasK4TjunT/6yde//j+aDqQtPMQxHTRCSO/CBBG+dlHw7INWt44C/jjlg09VHI3SuJy3WfIo6QLVOJOEQKVkSad3errNS241tnsDBu1YTXO8kh5uHjFvPG/jeWXRFzTK8EyENrjfxucBPcCwB07qCTx17ROkxkBTPumDfslWdL+Gi5TblFbMTlTKEekvSRKBS1kHqbnBpOIx/okZHCO1obCDLPHWjA1eu9PvgdcDruLR0E7KtswAX/FaFaNUvPnknznpPSRrJKQEZp4wXWhlv6DtL5rPFIpHbRWyCT9S0dwiYDxQmAoQNKKz8NjGUbAEcyvRHQUTpD6CQSitis1rPIY6ToYpOtlLp1siPyHfmfBUQQL+jkhHCwX3TbY/bjxYP/SKmG9YIggCgykhMpPpckrtJQlbJ7qASrx1nmHQ6EvB5CyZcgKUL5bwtOVPapdxLxvrOFBFRxiH4TAF4opGWs/djUd1JDKyjiX5HxJy1CKB+30YFYulVatWstSZEDY3/sB17//wR64bHR3sng5VeRt0l7tnVMnmEQDghyQRHm6eAzkw77ht1+3A64auV3uq6EGt4TcOLjLD0GxMI2N47qjae4/X+1bjPSpW0nURPPK1JUj0bTddvmWpJsPG7Seyikm/Y83Jl7lEVBrXsPF0xgBX3YOfyBZzw41LgWZc/O3w2137jrDXA6BP33giOIrvZi+miPCNS/HyjVtgPSfDhNeswoWcRIVDLu3qVb9obSna/cEla1tz/Se3vKHoB9v4yaXHYw0ej32vgbwZounf2vc6awek+GY4TZlY8+1flmIbG7/0yFffLPn51Lfn3RgPP/xwFL3ueCFALRdffDHLI4888ni3B4r0SfLLYtIJGfZVV131yCOPPfvMc81WvWAXenp6NmzaBOCF67rPPPOsVSwCfuE47XK5cO65lwEEPD4+Mb+w4JPKM9w8+/t7APk9+6yzjx07Wi4DequR4w4AlIGue4A+11sNRVN7e3sXFhYK5eL07MyWLVtOP337yy+/3G7DYssx+pxw04LCQIytGJufn4d0emBwAGCTjtPp6alAoXHe+TufeOyJnlpPu92B7SmW7GazU6lUYfnzc/PFQgHQapLji1RDF4CAWtqRw0c67c7Q0OoFp2mvWvHRz/8T59iEAyBQLKwkePXpF7/zndvqbafUPzIxNQP1JIDs1VIBAGc4LFEQaUQDxpJAKJAcxwr5uiCUg7WNF3nEZyS+SVqGYY0H7yEpSUaQbkp3lnxthIKJzELefmldSYUD0m7gYPpekNAsJ7rHoO29pAtJwyGaviT5DuIPxXJQE1YAdTYKMZMihyxZ0covjvUlTKgA0Fait0iVEEEoNlZuxKGBQgT2K1ZQXQO2PyblRiicYZMAbkfpZ5wCTmAhaDUZBbAe0zQTLyXRmyjHrCFZPgo50YIS6ShjICsHB0NDwAFgi5VYiRnAWpXa9jPOuvb915y144yxkcFaX3/DiQ9NzhyfmIRaamBkJHDmGvsP1ecX5ufrQ4ODO3bsaNSbr766Hzb22OGjsMtXXHDOuVtWCPIe0gTaI6VmPYvmS9mVnl3nUPKbig57XigW657/9J6D55+2wdTYJZddcNeDP7v2mvdXK+UnH9z953/9vc3nbozUZMAu7dm953dv+i0niB99/MmPfeYTK9euZYr6wx/e98ErLuR20TA1JQ4HyqUrLrq4ZFo7d5xWLWs8iZSTzSPL4WU1lzg85UiWD5lmAM8vGUtxJARUufif5nuEAAfgArAJzz371Hdvu+3wwYOhF1i6Xq6WGfoEegE2fbDr4nqoxe+4jh/idw1usKdvXL1l44ZaTxV1PNUIvm9wvyJvL05i+AEiDAqHJbQaLbq5xPKeA8uAuxSAyrteevnBhx679JKLi2bxp/fdD/0vWKHnGxs2rvdDT1PF0HAvvBlRN0XtrZb8INYtG0C9WBjVUlEqrbNlHl3sbTgheeTxSwbHdi88FOoL7mOPPP3DO+559PGnE/QJJI8+lQNWCLgWPdMEKRgsIeRSz4Zw6RiFs5Z4pi2Sc19ntcQl5vT07Io34PIgP0CfXOw1xoBE9vBo0wrz8g0D5w/Za4s+bzdsRcADG96NkrwxFplRElhRgk1WeiqzLraOMl/4ROX4TId2MoLp7M0EtsMzRQoula4zrQkhnfEUI8BmsNFIlKnBsjhz3cg5ZyQWYN9+YnB0n8a29Mn13yVtPBFdDrg45RvC0u4wJ32RuEvFxVcSxWqU7Vcr2rPF8pTF2yGsx2SAq6JhtUYSxagtTDivjDgi+ZQkXbhUu86UjrI1ks0ifDYSibqYHaWzYoKn7opC8ukV7oowMNV9ovlg4/AeseBb2PY2uRoQf7uLFUfoMo1eGaR5lkjJsoyIDRg+qSqf7LzJfCxhqcs0TactUqRJXY1LkxB4F10AJ2lgS4k2uOosy4IlBKRoBzmjZRljY8NwIeJzJwr7+3s/csNHLr/sskLRADheIS9qSfF/s6znrkzMayNCcWf0mnb8xO2EHcd3HdRaNwxhV/QiAM+FArUKYi5iG21AOWaZpA2nqPx1+hZ5nCTe66lkhkTf9/lR5Bfv+/JX7vvcVzeytzF27TvE3niBhIH+SuM1gtH/gEGQN/ul4m2lLS+H4N+NMTU1ddttt73xewDgGBoaYnnkkUcevx6xRCtX19WRkaHPfvYze/ft9RzP9XBSb+3aNfv27z98+EixXHScFlQ+5Uo1DHyAnicmJo8fP4asBsT0hKYqrWZLlIqPP/54p9Mmjicm4gBH6oYOmegjjz26fsOGZrPl+R6jBLPaWzt4+GCjUYd1wZ9iqZSgrTmaZwFW+/TTz5im7sIvPFc3DAWhmaCgle7/2c8DKO00FXJYDZlKSqFg79//6vTUVF9/f6PR1FBW2Acs1CqVdZV1Wi3X9ypjA7P+fL3d+N/+yf+qbt+0Yec5KGTRdg7f99DLP/3ZlrK1R22xoFUrljouslccL7ArpcCPAKyMAx+BV0kdwvlKTgRiTiQilSHtBj6ChBQfh+UFIDf4ZuQsJ7DvbtstFApM1Wk6E2ckyecwpPl7OS4piTMSs8ZXQqIMm6YVpQ7mDCAiqEgNw5DUZpXUPZJURkMKAorUUJ2gZ6pGaMKU4WKhpPVDH8DilOWM860KyyZVEbdClUXkbPsArPs+HFj4SKFoQeUDpQKaGQIwHUcL8wuwL9K+EAWTBY71GybsWgxdClXVAZQOUTEcxaABs46CQKExZ/gnIGvI9xaxZpdXn7bl/Tfe0De8kjODhf502+0TGpTV/RWzr7j6jI2r/CRu+VHb80eG+3Vt3fjEzMFX9z/z9KOcqZNHDq9eueLqq3Y+8MRzfauG237UaLRXDPUaDCpSQPDhjOhUUSkpLytFE9K/GZKboPIPDcsCiC7UzUDTOixZv2WDWbYTv7Nn79SR+TleKo2t3fDUE89tqA3+v27+JytHqr6ifOA3ru/prTz7zIv7X3hF9do6gOiKDtCcyg27KC67cCccQVRKQaQeT0l3LLpb2Km0HSyP14muOxbV/ymNbwnskaH62EHLXhZdtVPJZkuIDyfgqhOowUMvkfpNQt2U1NmTkGDqxSmkJS4Yf1vt9cSSwpyTIiR8DgAAEABJREFUJxlDGh2KOOM6xQ9+8N2f/eTeDtwPXW+gfxAQImjbtJod09Dh/gnfX8+Fm0nSaMwXLGPT6hXbTj9t3eqV5aKlqim/slKuOJ7DYq4hxBxhwycKiDMdwfGBLzVHDf2O43aKxTJALa35Frzj0kvOueuu+2//3h091ULgx+vXr+p0WnCXPXjwUKlcDuNgbrae4PgC3tMi1MCF244deh5851eu3zQ4PLRibA3X7DCRMIH8T87oz+NXHYtfzzjAi15RNOq/MlKzgYd+3OjETz/z4u233/Hc07tcF+7FFkBh8JhSiTRK8kxMWdaMlFxZ+VWVjcpI3q3hu0OAGCOlYE1qOeBC6OtHghhIZ4UbTCRgW4QG327cRHi4w8NXk8rB8EhmsVfg/ppS/L6tw5evHRhRAtNtmC4a2kFzOzWPw6cS9GRjnRSjcZvQaxi2XKfedsKlKjT8rSCCDkmHyAS7OM0VyT3C3UAbOzpYyuLh4tj8pfEgetwj3Ak3IlT6wlWZKNSgY/PasuZ0ZWKkp3LxmeU1A6EdI3SO7nuMjALjRZB5MehGitTbbPZImhDiweCLSPeJZGcBYDrCqQm081EQSyWTi5hcmzU0csQHKXN5eb5kv1w19lb1WZHAQYu5KtDPgjIfYrxLB46E0h+B3hUqcY6ZFEhm2PNH+J6jnbXIZLXRkhE1oOFJoeEpJBEvH13xYOmMiNQCXZHjiOtqKKKmEb8gph+ZOTSpuJ5OGRbSjBlaMlKyxwg+Z2S6CJkZIq9SM43GyOC9nMBVuIWqpHhGdpKwGGScJ8jdVlPfSrzISfgZR1hiyPcweYsiSCPxKYVNCEaXPaRznmnadO0k8lDjtUd8fDgGCZpiKPAggMx59epVlm2jqLfvbd267ZOf/MSmTRst26SehJrSsTk7ac8gpVfzRWK/IO0+TZGC2HhtJUJem/LQonwZbLLrhk4naLXb0EOFHB6g8GK50NtXM01V0xTDQI8TOCOQn+sq6t9wkWraZDzsPEc61XjvAdBdIvAywY2rb/wYu/029svEMldDdmTfLvpvpqFBsVxtY99SZvF97E3Exu1b2O0AKN/23fv+5OruPrwukH3vVxYFo9NdTgH3U1ybZGrffsd9X70mW1tXl+N1YzlMfCg9HpInvlR5etX1n9z45VsyJvgbQcE3fPFLu+id+758weUs46pnXOZfFG+0Pe/qAGT5Yx/72BszoHP0OY888vi1iBMGSdMfId086+zTP/KRD33tq1+v9fQoqv7DO+/QUEUhgFxaxz8ALPqQKE5OTvg+qS0HQaFYgBcBKq2U0ZoP0OFCwYK/ZfYMuSYm6Fw1LbPZbAIOSSrSesfpQOoKNV7HcRbq9WqtCr8C3NMn+WZIWlE3OdQBnYG1EP0XN7vVbHbabVl2mqahkLgEwJ2AKwVhcPDAwULR7rRx0ry3r3d+erpSq9TrjTXr18wuLASJ/4EPXbdq42l1AYWdYnB2/NixAy/tBvxSd9l5KwZ3zy4kShFKzIjIPpBGI5obApIFOLhjmbYXB5B3q5ouHWAg3Y8QcI2lul861YsAeiS5JJzISsViMQgjSaxBInMYQHVJdBtkNdKRV1zHRYFmpH7wIADkCAUX6VjFcihVg8MYS+AXPwuwtKpw5GFHEYLFUD4FASM8eJHgTKOnuKl0uqV6RhSEkv9FktGRdBqkghf2I4LeQLlUAuweqpfAD0hbmc3Pz8P5arXagF9btiWVB6WcSESSIHBw4PlI3jdwPHxdN6DkUnUtJsw6iGI9woK8Uq2sWrPysksvvfiKK8egBOqpxqo1M9t8/NGHX3xxl/C9C885p2ZUdIO33KBimkVdmwochsQhtWfl8PZVI67nw5m1dmzt6+1pxrEbR3fd+6MPXX31oy+8cNGZZ6zqKyNZiClhEKroA8gVkXGLcJ8ZbAxVWgCrJRMLzmMvvjw7W2933D1HxqtFe7Ba7h8cA+h6eKWy4Ik4CB746U83rxp9/29dbBn6/qOThVJZSYIH7rp3/MDBC8/ecem5Z/eVTI7qIFiIwjGGLwhUA5IHl9KdThZ5aXXqwU+8VaXF8okqpOlgOlbHCnG6Op3mVL0+OzvbbLdQmL5SLhdLtV4UVmaEHGE5j32YjAP49keXBigyCj58PUNY59TU+I9/dNdDDz4YeIGuqv39A/A1g+4dAitJMjc7B2BFu9OyLatQsk/ftnPr5o0rR4egb1Uuo+8ro8kGAKfgtgxwFdwuoOuGXqy6ZkPLim4RjXqDRk98RBk4m5udhoMAt8c2NBGZ22o3i5Y2ONjvdsKpiZnpmYn+gcHRsVWT0zNnnnH2yOjozPSUH4Yzc3W4QTiuB/9sN5s9tcp999z1yq7nPv3ZfzyyajPjBZKyZid4beaRx68q5KRNKrab+IGradD7VAHtmpmafva5PXfc9ZMXX9oNCQA87KCdQ82+riVdIsmkjEBYJX01JvoyAJ5o9LdUplgmHHJ9HPFB8iZGrFCkTrx0zcPjT0fgD3o+iD3iAxiAUCXkEbTBvT6Lr+xRd6wdvnTjwFrTr3izCjSSkxiZvYi1RpzWmKD0RcATqZKB/WSNa1J8mnDJWG4s6WokchMXYTp4fywWycfZy8sEMXhK007fBFAvdKLgPwhwa2ESwx+vbNfLBeW0jWM7NnZqus9DPRVHpkMoe7kntuiWfO1THQhO6LOQGDQdz+TEd8pTSG8G9FkAqCxoAAVnpVCxARt1zCx4RXuyoL4grINFdUoFTFdFlw4Fkd+EFJAJVadmejrLld2JaCCkq05ChGr4b8zTma9UbwwlMQgyRfWUhIyJ5cAU0xCbjv3QSVQe6PwIcx9vHHvGn5qDHBPBaw49B4TIcRiELiQ63HKajK6bNL+CTqAqxdYwXezu+LLjkSom8+wIZnR79KLEDY01FY2sIR+GtEoefoSzsalvSDExokXHJC3NEHE2zXa7A7kxpGeQsI2MjFiWnWDKbVx19XU33vDR/v5egIBh23A8T1GW9HXEa07T0hEBeSwh8VZT/biE9M6ox0vmG9ihaPui3nA6HXd+vum7gU4DiP0DfZVKUTcVOjyxZWgG+oZjo15Zeq1Kvnn+LHmT8d4DoK/5wy9tuR0B2dtu+vwHx1NR40Nfv0Wiz1u2v3X6M1oOXi9R0fu+kDKOT8Bbb//s528cJ/mIQ1+/PBXEWK7LcUqx6vqPbbwFlUNuv+kLN0pM+cjXLr/pdQD0DAuXGh30ytduOVX0mS1R21g8You2hG8QaPF3/QMku3zf51PB6OU6GMuXv+T9i5TtjV987IHuKdnYFc5GDPrzG+XGdOH4W77+L67Gj9/73XTvlot6nOr2vAsjV9jII4883htxMgBaOpww/tGP3vjyS7ufevqZ0AvLlRoAxKZtqVzxfQey7IJto6pvhLAswM2mYaL5IE2bNpsN3dBsHKhTFWrmSX+UIIgh+4SMvN6sE1+XoWtfGOqmHviAULMiQNhhaBoGoM9Y5IU+WmYlSbtFmTSyXZRisdRqtQqosOEUCjYksO12s1wuSYcgTukyLKfRaMBqIfOGTe3r6ZuemYJqAoAoyH23bjztIx/5Lc50Fih14fWWinff+8DCkSNre4pDcdzcc3jVitFjTG0GHmDuJtcKdqHdqEPRA6C6tP0BkBZqwyRkfuD5fqBpRLEkKWdI94m4wqHujRPUfaZylyMbUecoZ4HURyonUhFGBKxD8goDRFohM0PSvYhQuiSM8bNwlCXTSpYKCBNHQqpDJmmxLOjFiKovAqcTmtZUJfosFquwhLwNcURUMpKQiC0EYLXSuhBes20beglQMuHpROZ15HlRtVp1CF+G36ZXjMLdjitLLMSwldgwTagmoIzz3Q78FlU4VR1QdkLcY6NgrV27/oorr7zyqsvXbdg42NunEUTITQ0O0OBI/5YP/yaUwJrCcCFxtP/IsUIZQPCeyAtGqhVUNqQDixIhlgFHjStqw/GhiFmzeuXhqSlXVSbrC0enJ4d7KyxRIR+PkX0vVC4LUSjPI2SHKlqEg7m8EyR33f2zJ59/aWJ6eu26VSZn99x3//ixidGBgVqhwIV//rlnX3zGeuMzN9z36KO/+RvXvbD30EMPPbR988bTNqydP3Lw+gvO7bnmSltXLMPEa0Jlqf+QkrGd0+9VXke9lejOsYvFf8lILT7lq8uOLqAAkobLATFQ5mZnfv7QA7ueenZmZqbVacHFYxgmYBulUqlarZy2bdvGTRvXr1tvWUX8WiH6kxA5/m2lP9NWCSl0RJLJpHqExLdHHnrk7jt/ePzoMfjalktlAJIBLHY9F8BoTdUQyMA7RXT6aRs2bdq4as2KAtTrGnR2AnIRhHutR+MNUPN78E5NN+Erb8DdhmELqtPpAM4OfT6AngGVliZfxZI1NNAP9+darXDo0NGf3f+UbYorL73w8SeehUZeyaiMjKzpHxxwgmhu94GZ2cbI2CqA47jQo0A4Hd/xHLfj9Pb2DfRWzz7zjNM2rX/koZ9tPzfZtu0CuHewROuiJ3nk8asLIdUU5JMPxalQTGOu3nzmqd0PP/zsC8/tOXpsouOGhIAyN3YIZ46VJUoa8LfG5e8T+gYl2cAFsaBpbCLJgNo4zm4IBNRJ7V5GIh2kpZvyXpGPLNB+IeHIKVaTUFcCTUkKQpyxfvD81f2n9Sprq2ElmTGcUEfQEp5FIRJ8SZw404OgWwRyhwHeRM0hKW5AQ1dIKM6sEVnajhZMPaXHyyIsTWitfI1DVwkTC+QaG3BE2oroFIxo9WDhrNO9kaGgBO3vUAcoGO9YStaeO7XHGUf1ENkjoKQjlrCmcjJ9YdxT8uSDBzoSmQWC8gqHxrViNivW4YLxolY6WtJajPuhHikGnvE4QCSZ+v+ks5FIS2jSL8MnPv5JxCKUioYT6PCMEsyR7MnD4dOIrp0e6FiKhSWpiorCA3jBUGCzPEt5lbfvXziwT+00rARdGkM5aJaI7DEkr6Ak03TGKZQ4pgtEkT0MXDwysU8JJ0wyu0uUX0tiQ1Fo22J4hFH7XGiKhvkwXo3YRZDSHKS0hC0UeB26/qaFDn6WYY+tGIVMGLDmWrX6kY/ccMUVVyCZg1ROcIRuWYP8jW7g3TlJlWtZFwinihLpDg2NlIg1O3693p6dazqOqylKqVzs7R+0LKNQMOAJBg8uXWO2oavcUInPz+n8I+WbJsQEz58gbzHegxIciwZ6t392dDkOu/FLf3nzCfzcNxWpmWE3ltgSZnH7TcvXuWhL+GZi1edu/dJtF0hQePS2X/jm1MDwxM075bW9/hF749h3y0Wjtyz59xIbwJMu/8T33/BNgpjvXfLSNV8d/yaTGPTtn718+yMAKHctE0/4+MYv/Yur39L25JFHHnnk8e4IOasOGallWYMDA3/wB3/w//nS/3Hk6Dggohrlqo7TMTTVLJiB79uWBSBjRsVF6FnCxJB460Jx3aBm2gCGSOUDyJsNXXMdD5JRVBI0dLqP93UAABAASURBVMd3PeECoNlstACwdlwP8GpIlOv1BiDLlmmhAgXRjwFzgbUA+pkgEc+BbUMMulgAxBXSXMPU5hcWAHSGn3t7e13XiTmqpgKEWkLnOpS3s61ib1+51WkCvvuBaz+gaZapF3DhGp+cnH7mhV2x0zyuhmur5c3rV3Cj2J6dghw+aTQUSJp1ToxFlLAwTWt+fs5HvT9kWOIALclfIG0ZyTShTzIdgM5Djh0LrE7lPA2awPgAW6vIjIL9p0pMTmiS3KTOyCeQSDyJlMKIIhTvkzRqcg5khgFIvS/hfPwYep0rUUzoqjzuxEiRGtOMiCpdZ0LJoVY0HKJFMyYKPHcRKhCQQyGA+7aqao7nRgFKz/o4bh8DuE9jpqxULBLXOyL1Z1/TDNpy5FMrmfwh4uuhH0eJauguwFo48KrpVuGyK6/89Kc/ufPcnYap7ztw+GdPvbRuxYqLztiqCaGFLGJxEU6ujtq0CR5bvArbYScKlXAhioKgp1IrFuwgDgFiY4QlwFGZrfsPPvX8fQ/8bGDNhk6S6Hqp1XQHensKBioGtILID8OqbUtFbgXnajmDAxiKh5549s4f37fv6PjExPQffO73PrNt89BQX8f1G/OzZ25aG/nOysHBlSMr+npt01Def9HpW09b89MHHnv+hZehSi+VKywKrn/fpRXNAlRPNaDQjiQOwLG+fbvhy/d2pLqnDE354EvhdDoBSltii0Slrg/LaIBS1jNhNDifxM8//8ytt37zyNHDCjHF4Nvke/jF6evvm5tzWu3G0WNHHnno56tXrd227fQzzj67p7cfuyHQRYhS76m3bRfQIYoE4AEF07ARNTk5fu+999z/s5/BFwWu6lKh7LQa9WYDWlkmXN5JDF9AQ1VXrRp531WXj40OAdTheR2RhMiYjKJOO/bDAG5oKOyOHRW4b+ioCaAw6Bh59J2Fm0qj1fHh9hnjpEazUdcNoz3dOHZ8dnz8+KbNGyanZ9etGDk6OfH4C/u4AWC1Ct+QWrXPMAsxaQkcOHR0cGTE0K352Smv02nVm37grhkbHh7sP/ess2bn5++4856m52zbcZnIfQjz+FVGlw0qtZTSTjOBjDMzzfFj9WeffeH+Bx547rldDIUvQjnwQqoSiDurANUlOHPEMjozNF9jpHCikQPDMQKNpDQQg0TfhSBACjPqDuObpf4GI8w3yQwV8CMsziQ6uNw+eOoGCbSFIlh/iSmDtrptqHTZpqHtQ1aZRwbzTREAGKnESFBFnQmAT7HDjJ9HZqyC2hgx6WTAvSjGfjaaMCAsp9GTRUoTCOkYmMihg5RZTEgr6g7DnSbGFnQKOSOcK6mqaS8PYVl6VqN4hcI0VYQs9ETkMM0bHtLO2KRvXtOumq4S6tDoioIoCXFILMlI1m8YijzsqVy/TAkkbq685pwm3dNK9hAK6nuo2AWE56kidKOlVxu1wt4Ke0k1FridoB4HnE84hT6C/TEqGAmiA8AuYYeejgxJG5Fyc6xjNhVnNydAkhX5dKbeBX6YqMuJ9HlEz0fIXEhGQk00vDwsLQK8lIVNm+1m9fubhw4nzVBHgTIWC2nODLh6gLkRLg7vtJDCUXdCmhAqZN2B1wrlSGhzSNetvHqlOQdREGTyrJPUdUL2gIx1LSuQTk05WxTAlZye1gSlzNOuZgZ5S5pCtnxFshNUTRkeGYS8DmD34YHBT3/q0xdeeCGZXePRXg4986XfuGwblp3xxcciPXppxgbVS/yIdVxIlt2JqZmW2+aIeqsjg/21atkumLpBHGd6MNsk8Az/VEmyZXHdZBGS0fPznv1bifekBvSamx8Yv/m+L4wuowwvU+R4SwFL+OB3F43+TrLAjV965Fb2j7tyzPDPB94qALrq5p+OX7/EQXHjFx/70p4LXocEffVXx29lSzQ3AHj95G03vQlVaDxi1y8Vkr7hm7eyz/4CEQ+Aj2+8Y/Egp2jy6y7/hDNyw63jrwPNX/PVx764i3YcAeVvffGxBz731fFHtl9+0VJS9kk+/ia2J4888sgjj3dDYM0To2ycLA7Wb1j3j/6Xz/w//88fISuFiLSmgTl4iAgmQMw+vAkybAA+CoViCAgrcnCFTfoMACI3m034GY1QpCdeROISnAeojaDCG8IgAEDTtAyAh4qloqbqc3MzhUIBMvhA+Ixov5DAe7jgCCcdiYMEaAtAUIDoSsEHz0NWYEJQaafTDkPU2jN0o1KtwKobrfbKFavHVqycmjmiW9rv/v7NXhRNTE/09PVEcaglvLkwd3zymA2oZdHeu9CpB9NVy6pHne3r14yG/IWp4/unjkWJ6SUBJPaug2LUpl2AHY9Eiu3KCAJfByBZgzxQAAhOk7wMMFPY7Bgx20RXNUJvobpScQeDAN8QhAmpP1PlwJi0R8fAE4A1UWb4oyg0LCqTf6kDqWkhwrMBMThphBiLkITpJ6sUuyIUZLGT4MQpItpGwUqQw5JAVdxqtRH+jiM4NU6nXSqhlAqWZJrmooafoxIdG6BnqHZhF6AHAPvbQVgwECyVHIGFq6Ydcc3oq248c8d5F1+yZvWqWrl0cHbWf/7FFSvXeKpZXb1m95EjZ5+1VcQBujMhx4phvRgHBlnGR5rYsnkTHC2V5H4hFup1uNKsag8XcmfRZg0uis984uNQvf30oacGbPOKT9wwUDJ5HPhB/NTzL49PTe3cfvrmtasYwuxYmPqhqLvhbT/40f7D44ZtX3HFpVdfeWFPyYa+SMdvX37eWb29VQ2uLjzWMYAMULbxxBsr2++/7HweedvPOGu0VhjsKZk6A5jOUg1S2qbhWjSIRDqWyKuntyNE9jcRDsXxY4e/83d/M35oL+AEmlVcvW7jRZdduXXbmSkdkgLqW01B4Zq77rzj+9+9bXZ2Gr6StWJpYKAfemmdtrNv36vjR45a5SLcfMqloqsohw8fPHb0yJ7du8/Ycc55F1yoq2+/LjdNehBFTlWbjYWf/uy+hx54YPzoMfiK1fpqTseZmpjEOwSixUHH903DWrN65Xk7z1y1akWlUvKcdhgFmkJzEsRklviyrgRCU0nSh4kgoRsyCyIcsXBdF97g+9AXYQBqoxaHwhtup91qwXW6ZuOWo5NT03Nt2zC5YgZeaOAPzLAMRece2pfCB6K223nhhRfPPuvMRrNer0/7vrt+/YaeahXA6AceeAAu+zXr1p659txqpQa3C1QyUZLXMNLzyOPtjGweAiG2IwennnnmhZ///LHdu1+dm2tAuxR6MQAsRwLViuHJDt9xTdXiJL2FZMxKOYwgli9V/pGAIFzLuuSTSpBsaQipsQD4p5JOaHQFLpDzGnu9utKjKeurxs7VQ1sHS2srSk0NjLDJaXgr8V1A7TC30lP0U3ZuFXL9RShS1ZGBDbBprJAGsEomeoLATEm7xh3iBAVKiJdnmkMZaCibcctM7qR8V5ZWpAdCtsAB3m7pVjDSq2zeoK1bE/f3tszEJ/SbeQE8mVXDjsJf2FXtHkN5KCRTGq3w+CkQWhHKFIhRMjwogKRqxWa5dLTMdyvKUaXYthWPCOlBAs/cCInPMaUx+KzFE0CsZ0HQvEJ5EbUO4HqIGF+UG4lFKk4dS61s+FeA8DTC2gjap5x20k8hFrrCOqY4ZHhPNo/v8eammR9aKuax2OTEk4IS1CQAgmId0A1F+YuYLe/G0RWY8KyJ8gY3R6Ip8JOqdalkUq1gbk6KGUgvWAT00Y1QUUNUT4GMRZOqIpDWQb4G+duKFaPwoImTcMfZZ33yk59asXIFZk0Ei8NVoWm/4HYtMpGUZSIr1GFAXXCmQkI1PT0/OTkHSTgg+LZtjA709NbKxYJlmjp8TXQE3+V5kErgQnoukN+vsuhgy7v6V/kT5C0Gz1vBv3RkesqvD2EfSZHiXwZxPoXtSAHc14du/+dEprL9TkF432nb856MFhYS77h4Z25VHt1Y6uidx1uLcrnM3mHxy2xSo7GQXRJpRisZ0DF5CQI4DJeMHwTfvPXWb/zVrYZpws+BHxZxfC9Btz2q5mhGVTQXGoAgG4YGkMfAwEC73bLtguehRMPs7Gy1Wo0QfVYsEnCAF+FXjUbDNC34X7vVHhwaCnwfVtGo1+FO0tfXC2u3DB3esFBvVGs1uHqbzZbcWNhlWD7gJv39fXOzc0EYwNJgFfDB/oGBsdHRgwcPMnKfV8j8sFwqdTx3YLB2xeUX/cEX/tfHn979yv4D1//G9Y1WQ9eVV1547o/+7f9dtooJ1H9cqdpoQGeXlP/lAx848J07xzav311vPHd8ehaqC9Oq1Xqhxu24voqkFixYADtSVJ2GH0PpdQ44OwCjUCNA5u0GnqpoRAlSoWzxfZ/kGUQY+apkalGdxtIqExU8AEBnxG+CFaDMNJJfUi1pPNSkthegGDeGB+eDahLYEjgOJAvI4Kh1v+epZjaUWCFi34qmoKOOohCdOQG83Ot4sFWou60h8gs1DJRquobmMBGC44lu2c1Go1goBoFnG0ZCFUTCAqzgwgAFHHF/IwUWrXPdMLim77zoiqH1m1+dnC8Pj61Yu2Hr5nWXn7fx6cdefPChh2u9PZu3bj06O/W+C87dONBTZrHOAmQQK4ZKJLA4hrPGqUwXJtdpplRWl7ISItVHkXS8ZsMVf/HX39lx5pmJYh6bOHbVJTtGB/ptNTbhpIfi1u/dsXrdunUrxsYG+xUswRHid2MEoP9//+m/Xvm+9/cPwXVa27f3QFHnQz2l1WND0/Oz1XLZVlUbjgtLQmyAcLflw3Xx0r69zzz3/Ic/+OHBWgm7HlAlA8wfUfGvZBbw8HYFLa5YprzBFyvgd0f8MjeT2dl59vaF6EpRimj3S8/+5z/6tzVb27QWznDPfNN57sWX4LTc/Af/6txzL1okgyGCkPzgtr//m29/y3M7fX19BcOCWhihJE3dvvX06cnJ+x96qOk4cJHDjahYrkCJzpDkaA4NDb3v2g+cu/NcjuW9lrydJw3p2/DNOnr04Lf+5n/sP7A/dJxKqQxfmlbTQa18P/I9R0HWdVytVS84//xtWzfpmoBWl6nDF1GFLh3sILTWADQHoCTwPQ2bNnCR+/iNxu9M1Gx1fICNo4QMwhQ/DD0Hmnoe7EuUhLPzc7qu9/T1Vau1mZm5RqO1ML8wOT091FO1dISey0WD1HVKqmrMzNVf2PXi2vXrotB3O04S+hs3rHnxhV1bt2556uln1qxZN9jft/OcHQcOHly35eyPfOwz0MKKiJpIp0zJEYQ8IPr7e9lbjRNKCcLupD0vPO9Es+U9/NDjt3/3zmee2y1xVYQFFS2KXaR2EsVZ1+WkEWYp8GAKQlflKcQo1eEZiYzxNO0hHm3qkSf7KETHJDUeehxjQAMpRtxMUoHh+YyTDQrXYsByRWSJsFdjW0erF21ccd6K3kHWKUZNXfjotYAQpEJtYzfBNnYqqWxoBjyV8cFGyCeyYqWTMLyDLIcVA7YyorYyTZnxiET79yEcAAAQAElEQVS1CE4lNiqJJqck4hR9gkwA21QoUS3RPSLmJpm6MjopMIIAfS48Q3cKprFxFd+6xls50CnYmO+FLcgATbUgQg+hXDVOfWAz+BC2B8Wyl5wgws8luRitEFDSGbX18anLSZuB+uZs+TlNSFWElJSFEjCB6l9+ZETFQrNk7LfV53lh3FQ8gIN1NWLQIYfEBTMhJdaIgIxUcbRQJIvlOJbCIkpM9G5cMtKZpWaXXCNsGMp2YTaFyRpus4/Gh4AohyT6IWU3FATdlZaWtEvqwWTm3vr+I7rvwC7AlaeqbhAAtptIjnKAK0UnaNKclqkX8XyZxKHht5C/QcqM7noEIjOizyek1SUDb97I6yDbQ34Suwi41cMVyKVsGpp5Y/5G34V01+Cur3LoRMKzAJnz0HBEEoSumwbqPsMDTojwvPPP/fSnPw0PRAPSMxoWAqhfPRF9TpacnS4HQkjatqAhHuxekNdl03MX6vVG3VmYa0OuWygUe6vl3t5yqWwWbENj8kpj6eQPCdvIlghR/ZkiBdXZUu/zpZ7M9B3OvpjvwJrrVxrbt29nbynekwzod39kiDZJJEuVj3s/n3J7P3bjPyT6nEceeeTxdkTayqYxf1ISMFPfs1/0kTx+reNEvIATL0bTMPMD7AOyatPQf+8f/yPHaf7whz+sVKrHj022Ws1atRpiZcWLJKgKsG+z3tzzyivEay7Ozc3btrl9++kAMdcbzWbTQW1DnAXXDNVcu25tx3VM09i16wUkYiTJ8PBwo9n4+Ec//tKuXWPDw4cPHwZEFNAUzS7WF5qXXnLJ5NRUuVx64smnYGPgf4A3j42Mbli/YW5+rmQXDxzc39/X57nu0MDgli2b6/X6itGxqakpL3R7qn22YTXarZbX+uAF13zmpptgC88847Tjk8ePjR/XTQuw430H9rc7js6siIcGVLCBp4jYY/yehx+9aM3G4NjcxrKljQ48UW+0NQ0QLsf1O06gacIyoT7zY8RedY7cJeGhmZguAkSK4bUg9slaHJBMpGapJNkKNYQfhJqK8nxIjaY6FurkKA6RxZWg8SHUEoAlAdCpwoejCI4S/AYZniExoMWS0UiBJoSxiOBVQP8F6cvGWKLwrhcQ+SHheUzIqFBFjjYPwxjZzeixF2ika0EdBXJgpypDFlYoZRgCTm3Bpms44gtFkuYCXh11cAw4QdUCeDNAY4ZtX3DJJVdde+WqNatWr9v2ymz79vufPDrfeWz/kX1TkyMrBs465/Sh4cEDx44JQ63WKo8+9NCZN35QCWGT1BjLwUilwgSxNU7YPGkpSJ3AJKvoJIsbym9dM2tl9RM3XHfg4BFdVd5/yY7hvpqpMQ2QCCh6VXHNpedDf2SgtweK+f0HD/XUqv19/RpPDr/y0sU7zrzgrM1TreCVwxNPPPPkxpVjO7ZfAWd+qK/XUJgBN0kBDQQo59TAF+NTzWKx8uwTz7///Zf3V220AsItw+aDHGJdSv1ClILl8ZZjyUwu/YGvxvTM1N/e+hcDBfWyc8/oGx7sGRyu9vWet2PbbXfc99d/9RcDfYOr1m6Engcq3QTOd//u29//3u091ao11Few4SZkdZpt6DMBuvr8i89vXLvut2+84dDho8emJo4cn2guLERI2kLYZX5u9s47vg8I1Y6dO6H5Qr0EDQfYudyYpSLUvzBEVzuE4AY2MX785z9/4LFHH1mYn6+US3BNu21nvlH3/AAKe7SxikK4MtesXnHJZeevXjUK33NApgE5Qy30OAwDP0GLrNhB6BnaPABmxR3XVQGZEWHshCphcwK6NQqfb3UaHdcLImgXwVcFjkmz1ew4bey+JNZL+45Kihztmm5XajzyFbxHcM0y4HI2EJnDSxhQhN5Sobx67KGHHpmbmU8S5fjxibPPOt0ulD0/mu2El1//0Z3nXqZwgwih+NWUTmlC8i8pFJZHHm86iN9KkKdUISByJDwZXSd84MFn//bvfwiZQ+CGDPUWXKnNLHiiog+hIAc5QTq5SL9V8CEVqionqBrtd/E5S/rqsHQDUE8CM/GxBlerghgl2hEKnWUCCIAASgMG4rsipAYXODFbfWj8qAxgPHfATs4f7blyzdDpK40icwvRuCZC6N+ikgMZ5SWQAyAsGarptwPnhOIoUGVjldBuWmOSetFxeJDhw5khehtjC40eOozMfuEXaio0LLocVXmjigLUYlcQn45TzE8ie9BUg98q8DAHCFwJbUP09ybrV6sbx7yhMuQ9AXZ1EdmEBIFQa5fptFFkI5FRz4kCnohUDKUrl89FJjDNJSdYOgHC7YcwSCR/LzOyI3kUocpFYU5kJD7cvMxOmR+1jb0F47Bp1nHGA4HuGAfakPROrW+G/0IcVEMoGWdC8HGMcDRCuQmJIyOLIiY8Lk6y84jkcU5aFjTuRfRzok6g9LCKmxTC0QV0X+MtI3lVd57tTB1KFiZVx0NBZvSlCOPUyRm7IXSrw6YBXB5RCAdGVbqIcCrfjEcH7QelCnZC5h0sJBiahMSJgZ4qjCNLWKpkS74zrFKjfEySD+CtsF8JEuBjmafxTOIjQdkWuH0bkCkiz0FTE+qg9PQNFErlYql4wQXn3nDDh3p7e1VVWmjCN0U9AX2WtoxdpRTpGoLfKhInCaAFGop2u1OvtxzHBcQZMW5Fq1bKK0aGC4UCHuoE01RUSEuLipSFz7MJBDrx2W7jIZeXQrpCJo8otTLwVEHyicczT6beROQA9LsyuhrQr5F1vuHWP8nx5zzyyONdH6Sfm0i1VsgtHMdBf7Y88niDyJQNIUm/+ebf7+3teeihh6EKCqO4sVAvFSuQlkZheOGFFz799DN+4PX29fiuB2hmUcUhSM/zIY+cm52FDwI6LF1e6o363r17i5VSEPgWymgEkMpCRwRw4Zdf2gVYies4gD4Xi0VASDsO2gzueWUPiT43h4eGPM+FN1uWDcA2/NbpuNPTUzT/KGBpzWbjmWeegX+WSgXXaxcKJkCEQei22/Xf+vQn/rd/9f8m6yFRLtlnnbX98Wee27Bxs66UPMfXdMPxHC8OLUMLSX8EKoPnw0Mvt3f/kw9+ZP7AoQ1jaw6xY7PHj4tIMXS7r1yYm5uJhA4FVgcgVFWx4P8K06CARWdGjnZ+cAABnxUKSTIGIvYjYu8isot6IosqzAkVcgmydJH1jGgxQFcK1kdCBPA3fHcDP4DMPApgXbpUnSYQiRPlkZNEYKirJumieADSw4GV5xCOc6lUMk1V13WTplCbzTZAzwyLH1TlZhKrpoIqoVIgQt3tABFt07CKJUXR4jacczhTaqPVCqLIUA0/wgph9Ya10KowdfUfffazZ5597tYzT/dhP1TlwSdfMstDm1avn5x9btOmdbYZ7H715dXVc8ePzgwNrxKa6CkUt+08qxMGFVUJIq7rgL/J2iPFHdMLkKc+RgpLK1jJK1ZFDJvmJdHYUN+aVaMhuSjqIrQA/ceaFgotPlTrBzQYy1uWtJz20MoRJw47jrvQalxz9YWWpWmWahV6n7zfff8VFytxSGg6M6CTgAZKqNeB58My124YbbaD3/u9T+FwbxzKqp6qKrGIkcjIqZ9vc6Dizu1//y3uLVx5yfnrt+1cu+0sxSzCcR5cu93l/V/90z976Oc/++yWrfi90Ph3/ubvf/yju1YMD4VxtP/VfbZl9ZQrW7ectnn9uv0HD0KT6bndu09bvw4u8+HBwVpv/6NPPAH4hu8F5TKCJUEY3vnDO9qd1hVXX5MCOlx0Z/NPLSQNMC23oc53Op27777nrh/fFUe+bdqVUikO4/p8s91uAZoAt8+YWiwajy6/9OKzzjpDM+H+EETIf4wMw6R7AvoHBiStEzK0KlUIeMJuk0LD6AC3RdwJFDdWpucWNm/d7sf8kUcerTca8BtoATYbTcCwBwcHmw34BiCHkgCNWEXOIZf67aZlA5TMBd6v2q12rVbp7+997tldxcIcrLneaF3/gauefvrpmZl6/4D5e7//z7eeeTaC1YkKa4dbd9xFwHITwjx++eCoiaAgBJvSe+GinV1ofeOvbvvbv7sDWrQxzvOEcNOHzqtKhgcimyKSkRBjOpPTTbUpoDcMXy1N08PIJzNbfALi5Y8DClKoHRtP+MBVE3bCjV2QToZCcGeC3g7QvwHAuhBHp1WUj5638YwBY7SQCH8qchzNLCNTWoQ64XrZ8zXpkjoZMmHhHbE0V8hkhITCsm8Srgy3JUFVijh99uGgEMLWCqlxpULYiTw+iBbSZwCsxYxNg80j1F3aqybYQ1Mi1WpWLX/NiFi3sjg6xnsrjhK7WgiovUrKFYtUaskozp7D7HXcql/n7NFMEE/RXZ5axi6GwqVkFd6EaMGRFRfK40X7YDl6hbMppRSaqitobImQUK5Cx4Bga85DPLuSag0bDE1xhKczgi2jrAYRY4RT6UqIRffoobEr/DsmBTJErpFRjbNm0MnzwoAzp6AfNr1n/JndM8c9S+nAy0riJbGOkD5JhcRoepGEKP7GMrj21OdKCa+WFO30kHQVn7smmbKfB4kLPhoyVWiFxDfw3p0KhDBqyaA7Ajy20OmajKwh0wt8H27sa9auLhbLhYJ1zbXvO+fssyCdZqcaQnYsILeHjYKH4+T09Px8a3JiplC2VqwcHRnsL1fKpmEyafSoIMNd5ZA0aWJRNusXrEM5YYVkcalIhjVegapKUn2LvP48TiFyAPpdGidqQGP88jLWeeSRRx7vjAgpZ0qdylCl15az+Xnk8XoBJZogbWJIjg1N+/jHPuq67u3f/X6n42DtEAfwz4JduO+++wAKxrouDIhoEjuOWywWHn74kd6+Xq6opD3KJL2iWCrCP2GJHaeTEh9gUYEPP+za9RJaACH6XHBdx9BVw7AASJ2fm4dUG5DoiLjAgM+65EP43LPPWoUCQDW6ATiqtrBQJ7E5HGCFDWAEALmOC+/85Kc++Xv/9B8DCMvRPwYpI8PDg+VSYXZ2plou12o9nXanZNuAggKei1yqBIlHLSjpDP0/fP+7F27ZduT4+PGj46MF2/PdeqcZCx2KqsCLkAFlFAA00nxPiTw9EFqiRlAlKbHj4UIU/CcWY8jPQYELPXMFpJlNhcMXE5lCkeQsM6hPJGUExbjhVUSoEt/3E7JQh5ctXUtS6/GEETWS6iLUew2hNOU436DjiL4KZ6RUKvq+ZxhGEASAeUFREaJvIWp3UN0NxUwMjSjUfY7CGHlhUPnZVNliFQJvV7VQBdg1cGEbGDK/VJwaNZTR9VuhUN9+3vm/88mPrVoxunJsha6qXpS0w+Rb37ud2731+YOKZv2j377h2UNHnnnm0bW9lceeeN5vuS++stfq6Tt+cJ9zwY5rLzoHq2ZNiRKBeoFQrsJOqYi8w01K1dWUvSS5OZJZxTItRRHAsbPhegg8naumoeFvoPgEEI0zrA41XZB3PJSOW0/fFiCmrjz05NPnnLPjxb37aj29LyrjEwAAEABJREFUx46Mw4H+9Ec/XDEMWIqIwkKhqAhp28gTdEUSPgDbPjt29Ji5frXOY7gmZUmUaxn9TwnxzFOPPvnQ/e+7bOfpZ18wvPEcYRRwzhixl9JZO85fNfb9Rx988Dd/84ZCuXLb9777ne/83djQkOs5lUptzepV0J2CU//y3r2DvYCm9k1PzziRNzE1sWJs7Oix4412Z3Rk5Oj4uGnarueSiR+y0H52/886nnP55VeUq70IwyQJP6WTLbsjnHzPcDlwX3rh+Wd+eMcdr7zyitSsh78BC4ZbpdtxiAeXRIFXLhdP27LpnLPPGOjtge8xfDSKAvldC1CMGREoWH+lXIGbrRy+xr4RXNuoMBBgic61dhjvO3J8Zra1cu265194aW6+7vl+jOLwvtNpwx1A3nPwLiFEX2/Nh6Yc3EJNu15v9FUAesbRFA3wOcOAr0291Ww73t59+x3HM3XjzLPOPHZ84sXde/1IVGu9o2NrhsbWwZ0xIdaewpUuIMIkKzNXQc/jlwtkx2qqfD7SII46fnz2j//zf/3xvQ/gLBE8+hg8Y1X8atD7E9L8ZZkfA8uUxDAbkX4H9N9EJe84woOlHq1U7CWFCAFNH4WQUTJMQ685yejHMQTJ1E0kcCbIr9dI/M6aiva+df3XbqiNap2a2oqbLfhaWtyIg1CokALExABFcFkOCFDCk7ZRJXZMyK5Y1L4F3FySmuOE/PCExE0JZZa4MELzREOGHxJF1TgdJZbIfjTXCGrGB3kSa4jiaYAjulz1KlbS36cMjeirBvhIn1OxW7oWQvM3CVQujQu6EsVvjCAufrsXocF0n6RoyZIplkyASio5dF8n5jEcHShItKJXMBY0Pm6r+7gyrlU6NnMF85BTrDFpOwInixjfTGYlXCo7SJYu1zh05fiSeU2pytJ9hS4Nwp6JLo6XAfTvUcgb7p54omNFtHnYqSlTSrAv/v+z9x9glp7XfSf45XBzqpyrqzrnBKCRQUQSYAApksqiJGtkWR57Le+E9cwzO6Nnd2c93h3PeLxjP/bMY0s2RdKiSDGBYAABIodGo3PurhxvvvfLaf/n/W5VN8DUIAkJEu9Lsll1697vfuEN5/zOef+ncqFZXeRMM4n4R4R50qNMZEq5IMNElKhcMutKPOs8cbHBd9yvt/0cF6i8SfwwTgC6wVWjqKPAxr8NZ5O+G2l68LDiqIaK77Ijd/LlNwQyaGubqmqk2hZgiVEx1Uuy3D/Qn0qnd+/a+cQTHxoZHdM1OaFrm1/6o1azm8TEqY5Cu2W2WgZMfUVTRob7d+7YruuKwDapsdBsXAEziG9DRJU/lY3x9JNbeBODjuJ4PpOVZo+Oajoj4spytKOwC6BvuXUB9M/ePvAvl5b+5Y99x+gfPLf0B9zPvb1Hh/1Z20M/8X781bb32/l0W7d12y20GDnZNtEo/LypKst1YUq33dRu7gyxWjGJAgehLMvoP7/y6U8DSf/5F//CsV1GVRTQEFipsCBh+6JTyZLcarXT6RTsxmw2a7aJFKPLkU4xx7OUQBPHAYIRmG0NA1dPSAYD1qwMDafrmsdyOvyQMlnwca/Vxl9hhdNxPE9RlVhGBu/xGLnGt9fr9Xa7OTAwBM+ivL6qgSbLeI/TbhuPf+jxf/AP/r6SkFgZQDhrcMl4XVUOHz74xS99JaECXuUUVeMpXVm0gG3YblUlTkmR4SJF37t8OS1p9xw6MiYLqYT85VeerxBAkuCVkDyfFyU9vxQEglHNCVoUiKokrvGKIUsgqgEXZzfjauAjRECtIuNcXJzqQm6y0PHdBIoSwTliKV0C/ewHLOeHpXdR+jNwsGwCJ8WeVcBK8QgheSC2B5cDtwUfTKeyLCeMB8pfXl5hapgUc8LYz2QyVKGR0ai4ODscAZYNHdHtCnwQqEIhjyPXazUcHES73ajFpXUYp46KpZKgyHc+cP+9jz65Wmm8+OJzfaPjpYGSiGcRBIbjXrg22zc8dW1u6YOP3Xfp6urXvvaN10+d2X9gry6njx7ZDqD7taeerzXsRLbvG99+RY2U2/dN9xb0uEQNA/MCnD5JlXCFrk/A1/fIJWKyHDdLBtJGWvQDkhrkhZA2VrO6OlQFPiShkI44Ju1jxRFkSfFCrtFo1lrW0lrluZdf3LVj586prflkdmFxni8VcWmaouN+q6Lik7iGZDq+L3FAd57LKYms0bZ7Skm+Uwee786Z72mLdwa4rv301748NT542x33Dm47FMnJkAm+8KTzKaqavnfPzq9/49tvvfG6nkp/8T99fmRwaHCgr9ls1mv1lJ7MZ3PXZmbx0H2KuziT42Mk9kJFQf2du3YYhmPYtqqp12fmVU1D55F53mg1vcB77tnv8YLwwQ89wXV2xt+irjErDcq8ZnCCp7/xtb/8i79otVqKKhfyhWq1ur66xiT0XYmy3oCIrOkt43ffffvI8AALJ7mgI3DwVZbOZrUtgbR0AlZWNM6BpM5v2xbOyHO9TCrp2i6uyPKCa4sr1+ZXOEE5f+kK1XfFREZTAd9qNsCycQRMrWyw09W0DQMsG+eJEd2slXtyyZDBHASteIWmoyAKWm0znVT37d194cKFy9eu44Iy2byipzENYZ6tVNaL/f2kZBDFexZuyhKnm9UdGt32M7V4+MfRWfxarxr/7//Xv3jm+VdcmuRpS1NHSDfqVFFj2rtkPAgbwrhMypmL2SDb9i8wVSkyej1SoaD1LsaI7PWQxKNpNZXYqo91xIvPBOuJyIkUJaVSbxxLLqaicHxo7iwmPrl/5K6CWwxWVB9LpUeiTZQVilEciAFpbtwokNppwc0/MrLaEdzojCGikcQ4ScedIfDYDOlIXLBQs8CwOsshFuK3ccEG3o04mWOKyLgiRPE93wauz+ejUk6eHonGh5xiwZQRE6eyBYFIidwE04luB9EGWt4kfj9kiYt++B9uqn8Y3gSamWAWU1OJ3qYvzEkhr/GZyNWiCq8sadJlRV7UQMRlX4jwcGyvk98di68EYZyOHpFySsBuUshEk+MsYMoYCGNB6TiTlt2zjvA1Ber9+FuDeIcZU+oQ4lodkuAovKkLK7J70q1csCt1JWipgU2JFByWH47VO8bNh+0bb8Li4qcvyzHLjq9IFIS34++bTGjShqYTETvd8kZx3bhJrI409Vqhkxm9UbSDkqM7CDYWLCFJqJBS9VnSNJUcgaWEKAKMYMdTNYWZxBIir/li4bbbb//4x5/s6SlS9ghTtOgUpfhhNSluBtPsBEiPLZWGtZgFBWZi6XHXYIUDO72E35DTCNmOAOFHGkQbtlK0sYRxnYuKyXPERicfx2cCCp6QHpTtUw5Bs200mo2eYpHrtltoXQDdbd3Wbd3Wbe+7BkcUzuTp06e3bdt26NAhrtu67RYagHJnmyrpLfqgk7/1md9MJBNf+ouv1Gr1WEU83PBdYvk/RZFJUoM1IGPYuzZLwo0VHsALXcfXEzKMYjfwtYTuh0Emm2amdihLEngojHLAU01TPcf1SJ8BoBncWQ3gS7BdlPiVyIttptIpHMeyDJxbqVQCQ2m1jGKpJ5tJGGYbNu5v/dZv/OZv/XoqrdEGP/o4K5Ij8PiI49oPPvTQm6+f0EQ5m8kbzTJdC9PeC0kimSSYTYNUGmGOt9vW6dMnt+7a6s7Nf3x6y+dfO9MC7ATGdv2k5w7b7l5eLkrq1Oj4pUszlZA75VQWk2pNVnzyiUW2RRQslGSgaXsl8zEkHRfoxXkpfOz4RVQM3aU6RdENyBlxcT33gPxjQq50DFKzjH2ASJFlEDSSCwwCxzbhMLuegyPgHiYSeqvdkhhr1nUdfggLJIgsiSek8jgij9fb7bYmkxw2juyYtmUYLqg0S2hhtddDUVKGh4amt+388Mee3Ll758DI8NPfPzNzbekP/s7vFzOFa9fns/l0WtWPnzq3WDOlVPaTH3n4+y+c+pf/9j8KicQdhw5NjI2eO3lJCISMwi3MXT9w5Pap3Vs++9mv/7tvPNPghf27Jos6X9RUgfKZeE/gq4aBn3VN68gFMr4MMsYy1GKhSdxKnznmJN0R0S2Fo8pJYqwHGTDXjRLQmPMqLq3WF9eqnMjt37v3+uULv/drv6ahUzmebZl9fX24RFIXMYzLc7O1esNzA0FOBehhuvqNp7+lcmpG0z5w75F8zzaZi7oaA+9p25hLKOd9fXl+dena4489NLpjVyjqpKzScZ9D2icgKgdvv/OZZ5//iy9+QZDkYjZbyOWuX7+KD66uroPCDAz075iaQs9ZXVsr16q1ZmPr9PT83HXgV8xjw8Mj7bbd11dstlqVal3VNXQpMArMOTWv+v1nv4eg19333I/xEgSbeOWHt3irMJEpknf3EQD7ztNPv/baq5IiFYt5rLxzczM4Hxd/8ykH2Rf9YiF9/90PbZ0ex+AKfYPtShdsxwIQj3yBMqA5zjLxq0JxOklqGxaJ+kQAZwrCeOBd9XpD1RE0CqqN5mql3nZcVRFC1yZswUJcMm3SCHFMsBoWfeZiWNA2WrIo4Xp9pvWDeGEmoYPKub4c2QEniy3DxDTZMFrnL1+qN03Qc8SsMXcjiObybrPZuD57dfue3YJE0qliDMeCMA6icd3WbT/HRhLO0de+/vSLL79CXAqjiGPB2IAlJ3PvTMYNmSQNx8UaEHFIiCn/MvzFyrgJcUyXHZvKLPNMjtdnJRZi+afNYAob0x02R2CVVhfSVuYiY09R+fSu/G0FK+83hMDF4ixh3IpUSZQt7pRuS8X6NmWjWHtn0ZUw4JgJFcZojg/BGOmr+JCBcY7ZRBtwME4AJsUInskZs80HHTbL8RsKJKSQDIouK4D1Rk4zh/uF7VPJLVNWSmiLXsh7GLUAuS4VjRCp7AKJS1ClilhQ4Yas809o7+CoP+yHOOeWtjVtQE8SbBD4AMF5XVpVtKWkOKOKZZlvRylfFXweJ4VJBreBqjCyeqYC7UVjz4zZZuzGMP36zRxiP6TSzXQfOrpdIWXjxnUP2bfjCz0mWcbUTuIDBAJni3w9ES0k/HNu9apdX+UsX+VwUxwfNhkVEmb187jY9tgQAedkhp7jAAnbjedzt3KfmPoc+/93lhJg+dRUqzHqlBZkMuOsS8Rcm10aEeEbnTyM+0xI0jGej1NLppLA0LIi95R6enpLj33oscce+yDsZz4WjulIl//kKCrD4ETv4xowTAa680P8z40as3FUpGOOdbLO33Zpm8brD/3WjcvkmUaKBVPe9UzHNWB8mn6rbdWqxvpqvVZr1ur12/bv4LrtFloXQHdbt3Vbt3Xbe9riPYZsFxSrGEYyYfEGLmZskGkCs5JymiR4vCB3iwuLL7z4/fX1dXi2L730EkLb09PTAcsZfJ+n8sUpKnEx6ziRM97CRlK57PzxAy4qLq/RTUv8uTemx9ZRqSOaTBnKiV/7tV8bHh7+n//n/2V9raxpukj169R2y2DWq+AFJFts2fBqgB8123XRA0g7T28AABAASURBVEk9Q5LiXZAJKrYee1ZM5cCm1CEc1neBPm2NdgvS1wmCRNkvtOGWcp9h68e5S7oOBCPbNh46yZXCzjYMY2hoeGl5Cac6NjaOTt1slfv6S5/4xCcefvgRVVVF5r0JskK5tMzJTCYS12bn+4dGb7/96JnTZzlN5QwVjokUOzkcjzcAxYLkSpKiyRLOYalcfu6c/4nbDjZmrj15+ODn3jy9Spm3dr9lHuHl6dCVs8U9dx4tz1we9NweTXmu2fTAdmWVkzkXMFSi0wCD0jTRZ6WNqLALpR6R5J/FRJlxv0l/GSBeUVm+NkC8nUqnI4fDfY5YGjIVE7MsSpH2KQURwJ1jydTg/qZpabhYgTcMM5VK4B5jaMgS/iIT0mKuiOcR26KEdFY1BwS/VCzNzc/HbjueXLveIH0Vht1x84eGRo4c2feBB+45fPBQrlRMpnO8LJWbzWdefu0zv/VrE8M5DLx0IQ+Y7guSLyi79k6Um/7/8i//5NSpM488fE+pp/TWGye+f+0SwO5IqXjsnj07Bj98aW51fbmyZaz/1z/9oeuzq//s//hsIZfZsWXs0K5tCm6AY5w9cwZ9Z2pyMp9LupZdXl4Z7O8fHx/gWO4WPNqGYb755nmEJ0DHNEVGhGNydLg3q/GSAp4Hn9NmagOSKLsu973vvxgJ2vTW8ctXZy5eOP3JT3wsoSqaIrl8lEqhs4WKQBmomqLj+J4bbt82zSsJQZVWqo3AC3/1N59cvr568vVze7dNg9Lfsovebe+68VGcahXF5Z3OnT6pSNHkjl1KIhMLqYqsGlm0gYoGR8cOHtj90suvDY+ML823Zq6hY60MDvank+lGq2m1jSXXz+Uyk+Pj6OGm0TaM1vTWrZh6gKQRZRkcHCrXakN9ffDy20ab0zAzJSKPAFd5ZfXpr389CoK7770PtJaxICHeYryZz9VJGiOnnNU6i7i3jr/+ne8+s7qyGIaY00LbxDeaINqWDdjrS6Ro5Gazqb37d+3eNZ3PZiIa7j6t4LTFhKJEmqo1my0sdKDMiixhpOP1drPx/PdfKxZ7du7aqoQRoiBUHtaXPI9rWf7yas11WFCOZAS8NGJyIW3QwNLuOg7DaYQhGAugrkt1omgeAKYBudBbRjudUCgJmjZfINwYMcEfsVwxMYxUSfFIBoh29LsgMUB1tfrli+duO3rYNNtW28QMn0pnc/lBquBG0zsf8T9qP3q3ddstNgwfiRX9E9arjS995RsWooU+yVIgvMrd0HzZrMAXdTSgNxEYi/vG9kYcIhcpWVpg0XSYlPgBq4OAwcXzMklWRCSURVF2z2dGpbAx0jeEEUTgW3yHkxTCUYn/5Z3DhzJezqnAwma80BdJPCeMQemGWpQnxIFltoeJ4J7YOVoMNHkq+scIZizag++OmBw0qGsn0ZT0IxgU70x5bD+UsMExhc6lB6SCjPWcjKVI4iS5KYbWSI+0d6s4NuTn0hVZ9AQymtkNctnOhXCjem48szKGSIcVNrOYN5N6uXcGXf0Nxe3Ne35DUCIOICIijNiYxwWyJPM+k5MA4/ZkvZaVlxLKoiStiFyFS5q67ElkCzKpMbpJpI/BMqapGCT4r0Q3j+5sGN80JtIQdYJd9HgDqvPAdbJrmW4JrCgmtBZnTbPZT4RRQNoOgU1i/GI5Gc6JzhWvcs1s1+XIUD0zYBfFMnJFtheP9p/FX0ncWWK1+Dz2JDtC/wKLA3BsLxrTaWFJ1htqzp3keq+T4M48lJDFzjtMOZ4b8WSlDS3pIC5BufGoKTOa/Qm2Ikmn+eTvxKnDtkOFPdptAx1YkRXM2HhxcLD34MEDn/zkp3bv2YGH2azXM5k0aaZtKClvJj9v5mvzG6e6+Wg3CTjHbSbmd66F5/lNnsxqVccfZFU1440/ceCEhgkJlvBsN0xEY5bSTSIWmkE3xSrSMrx6vYXVrd4ymrVWuVLHBYZUOUVOJvV0Op0rJIdG+lVVjoKuuXWrrQugu63buq3buu29bTyLiMfqdjDwYB55rgvawrH9aiITUZUVBZAOb5idvfzcc8/VG9U4L9V13e985zu9vb25XI52osVyZu/XBnApsSJ1MX3rlF9jmrm4FmZ4AWgm8IZNbbUuhv45tncqcmxIOT/44IMjIyP//J//8wsXLtq2JfLEUl3HY0YpJRzB9jVMA0azLMurq6ulUpG20/JcMpEEYUlnUrHusKIAuZBBXK/XS4ViuVz2Wc13SkV0SbVcVCXabBj4sEoXl5d1TY1jD8lUIpNOwwS/cPHCyPAw1RBzqKohiC2+HZjpU5/6pUOHDorwDCQWnNg0wqnaCScJVB/MaDZhUu87sHff4UMvP/s9WPeZhOwCZ5K973BMVdGDmyhwkiLZgX26XPNfPf7Yvr3zV2dvO3D0s9/+9kRGHIv8LZKcMh1LEPlMUtSFvGcmfW6VEyqm48DD4ilZxgElIlFooC6Qer7RtHHldGICH7rgUK6qauy60ngn/sSyznlY5IlEEtfF6pIFzWYTF4ir1nWd4DV8JF6IAwMcc7oxugWmyue65GnTXmE4zS5lx7RaTZkol0iTBiukjrnCsZ3V1TWm9Uzq27wkBUy+Qs1mcD6/+zt/58CBA8eO7E/rcujZcHXgxzkh1yaJ2uTXv/2KGBmDPXlfCFRKRRd7+4dPXlj6V//q/wS6P3bb7s98+vF2s6n47avXFz78yIOghy9976VPPvnIxOjAW1dmR27flUpKazo3P7+wXs++ee7yt158w2lVP/XEw7fffZdhCq+8+obltF9/9ZWje/e+fvLUbYcP9Q0PpPKZy7Mrr75xPJcuppLJ17733PTkhEhbcT2rpzjU3wuHDI6h6/H1llmtrJ06c35xcXloaPSVz/1Fb2/xscc/Cl/QdCMq9MZRKni5Wpm/dv3wkSNJVdm1deueXdvRzREEcAJX7Ml/4iOPz1y59vk/+U/1lZVHHjiSGhsQu2b+e9ZI3RNOO+CTKMFdPX/25OFDB0YmtiJ21FFTjTaTE8kV1vXkXffdu7C0aNJe3dro8ISmyiBUGRJ2z83Nz5mrq6aZxzq4ZWISnjhJMLfMQk9pcFA2WkalUs1msgN7+wu53GtvvglCjdlClWSJ1NGlyvLaU1//eqPZuP3Y3T09fbQJmxRpwzgvkjnqbKM/lUJzW83WN7/x9ddeeZWjsqGeYbSxIjuW5XkBxqPIwE4yKU9u2XL/PXfl8skIaIY8dNH24s3+PBPBkDDAAVtY7UGK/EmkI+TH17uysnbw4H7El0G0A99jarE4B6VZtzA/Ysao1tYlRUZwigAKjyNjkfRilM/fyE8jXEAGA/7qBYqerJmGE9EUkcAkQ5yczQsAPpyYy2R92/ZdV1VEzDq4M6yoZ3j6zdf+mzPHdVVKJKmSxNj41MjI1mP33JfJluAFR+94pN3Wbe+ybXRWKkH3wouvX7k2CxjpUopoJPLiBgVjsuZM8Tiuh/b2Y4ib6sPx1iIWeWYzSCxowFEAGFAaiySBz/hrO5me0YbqDgNqceIyq/8mhHae8x7fueVAMio6dSm0Nvbg0PnwQizFHENYTGMIuguxBnFcWY4LNlTvOucUdmhvPEQxWsl2YkmrFGYVWCicHTqi2BsXh+huaGTQD6SRjROQRIK0WJy0ZE3hwy2DwuHt1kgv1mwmHBFvVaPPBHzYUbLa/PYfIrP7Y7b5EB2OeDYphZu6EzdTQqp7iIAVLkhWSElMCWTVVxUjKawo3FVZWlQSVV0zFJLwpnnOI7bMkHF8JwP2gxSrH4EL+zF0pfKP+EY/lsXgYsESKq9I18NuckfjgWTzg44sCf3FZyUleEsI2wmuqYuLvHPeq1z3WxXethTOQRjAJ4kMP86YjyXPwo74cNQhwkTbN3e6CBsqavzGHeA3OH20GaKkFif5Rhs6FEyEuvMNG1h/Y9sIz2KYYZznzrL7WaSEBDdcjwSgWaltpjtNSRgJF9YaJWJHMGMBo/P57D333vPxjz+5a9cuqm8Z4v18XJ27c4Y8vymywf2E9gMSK6wLc52IBVO8YV0nznwSKCJBOfUSS4NihTxJRYbVz0VPiBybUpwtLIeWWynXq9WG7XqtVhtBh0w2l02n4Y1mMhlNkxEQ1XQ5lYRXgMWPCjZGYcB12621rmXabd3Wbd3Wbe9t2xTtEijH2aEIvyAx7bCI1WaJ94gF9Xr1xIm3Zmfm2kYbjTYIOw4gFAyBL37xi5/85Cez2Wyspse9X1uc2hyXT4RpA3N2aWkJsDKWdwBlKBaJbG6YdF096/e2xRJ18ePYunXrH//xH3/1q1/7+te/Ua3UgElXV8tRRFnGiqratj06OgZOCjMaqAPQOZlOAew02q0dO7cHJK3rLSzOr66vFwtFFjIJCqXS0MgwDn7q5ElREGB2wxpttdvH7rxjZmZmYnwCZNgyTWAVsFFFoQp7Q0ODfuCQwqtrFUt5y2qbZvO3fuu3Hn/80UIxt+k8sDPnNzpJx4bu6e2Znbm2Y/e+1fL63/vDvztz6eLy7FzLcuGoqqRAHWqJpMinTNsCJJKIRUut0D9VqdkXru+a2vbGm6eH9OSE5I7L0kixqPXpzYE+Tk8XRiaLtmlXaxO2ftV01gLS6pMkuW2ZSoJEMPL5fK1WS6fSHMttAfZVdRV+sK5rju3Gmf54A+4JaUy7LmCW7TiIssBkxyXDbdY0wtMYxToxIxINYFqHAduzCY+FR6gGfgsQk2MaupZyqFGGNUaNntDxCE3L5qgGD++ximdweSyjDZdRkcWde/dO7tybzmZdz//Axz5cyGUD0rL24EzCe6VkT15aXa5+/9kX9x89nC8oly5crjYboPUWjqdk1tbLEq9gYvmVT36sP6cLKWX40XsEVa23gpm5yqxtfumr3/70kx/cM9F/fWHectt7t/T/49//9PlLyzUjOHNl9spc49L1tZ3T08mkmsqmwxY/ObX18Y8+ISKSwQenzp+3OfHkhStewN9xaMvWLUMP3LnPB+TXFaNtPf2NZzhRuP22I0HgvPjqK9Wak0rm9x/ev1ZvrzUr+f6CqCvnrlzq7+nHzb906cqZq7PXF5bmZ67wgfPbvxs+fN+dcuRZ1XarbcCH0lMa5ZVaVVUMP/3Jx7eMDeeLBfI4I747ybyXje2RDv1mrVytVu45dlDVM9EPL2tHjKBca1y9NptJZaa3bAG9xajB2Fn3PIzuqakpBJlajebKykrbMIeHBmdnZ6vV6tjE+OTE5MzcnNluq4oyMTbW2zfw6EMPvnb8zbVK1eXFYq4QBZEgieXV9e9993uzcwsPfuBBfARzkaaquXweKITiSYG/vlY+d+5srVpZXFxaWVpCGAkTnWkaHgFiohmYlxRJLOQye/bu3LZtOpdJuh7IsJ3WkwBGHoVXFZ8y3WhjNVAC7VFwyeWulcv5fIE586GqKo88+hAGoaarVLHVDX3f9WkDhFxrNGzbBNXAiYEg64kkAbVYeoBlzHkcE/lYYfz5AAAQAElEQVQJo+imsleYRikux8RMk9meatNQJbFeqyuSiskUV5fSZdoeoYhKIg2YLUkcmBLgQC6bKRTywGqJhI6YFgI9K2vVhdmZleUlxHF+6Zc/Iymlbgy4237WFkmM7fGGYf/5F7+CYCoLIIcbCZs33sgKtXHcTYYf0/+PWK1dyurfSOPkYwjbUZeG5UyAK2QEjQIuTM92Q1eB1WbYjNjEDJhSkqMA2HprXr99QEnY60Jo8gErDddhiaHAbRYUjPU3/LgAHsfiSzgzkv96+3V2roI264jEsuk6+Y3kY4YqRVaVmGVyC3GS7Ca4DIXQZxm2skhblnjZEIVmgpMO7w53balkFV8E4fVlSkyJvy16Wzrz5laezYmhc/DwxqtRxP2AjvU7gTUf3Vx4kKMqqSF4LkIFruWpkag6CWVWlc4n9IW0VOVl3GTcYJ/AfuiR2PONy2U8mcmdkPYFjgrbiaefqbgFFWYkkZUgPikG8MNOPCGg+ZPJfbAlGu8MfFbRWAKV9yS+qfpLknNVMC6HrcXIMiUfsQDYPYgdirHqShRLa0dxGb4gLjvJav4JdKYsPVvoCGjExWDj7sb92MaQbNjRSt7IKf6hDhcrBiKyspO8Twn11ENhAzN1cpaPz/E+s9lgTMJow/yNdSEm25lM8hOf+PiTH/9Yf39fHBzFeSEkyWo5R+/Y57rpK91yi7iOxnXYUTmJmEI15Tcz2RZWZRN/xCMVhNBxorZhVWvNWs2oVoxKrdk0zYDs0iibzfUU8oPDY7m0RhEFkXdtIwhdOLCSYEiSltbETEbRNYR6MHh8IaSKIFy33VrrAuhu67Zu67Zue48bswNIZ8MH2xIjtgEQDqcfReX1tXa7BVy1sLTy5ptvui6QFu3tBbOD751JZzyq5BJVK/Vnn332sccew3HAs2Iw/S7tkr+KFquS+VRXJfz2t7/x1ltvxU4CuLNPyVrh7t27jx49iuuFkWWaFu0v5jqVwuIf+K4y5c/QfhAldIpZMWnS3r7S7/zOZ+68886vfOVr589ewjNqNQ1N05utpizRgzhw4MCpUydzuTw8BZirqiQ5pm07bk9Pz8rKcjKZtgwL1AamKOzt0dERMFb00kQyBXCUTGXarSYncksrq3oytby2hieeTKWbzQa+2jCcTCY9M3utr6/3/PlzPaXi2rp54MD+3/u939m+fRuCE/HuQP7tlTZvXA4fAa2ePXsmkVSSlnbt8pWH7n/gi5/9M9NpA8Eosg7/CRYwqDGGDKeS9INjG6Ivga3P1NsXX3gpGfr/8MkPTSzNLT//vcF9e6KRsUJPH9/Xv/3ue/nA5uaXrrz0ZlKBae3BUQC1zeayoqw4kuMHVD4RAzPWkKnV65l0uoGLEiWA5v6+vnJ5vb9voFKtlEqlZiMgcRKfic/wPOAobQIgFcgoLiUqkRoJ2ejs1yCZIK/DNE1ALk1VWCKPL1EpP8LWIPVuw8GkgUEFSI1zALKXZSmVzu7dv/fOu+7CVT/y4SeTpQF4El/+6lf+2f/6v/3hH/xdoZRMqEnyZEDlEOmCp8yb2T7p93/vI9uH8kQARNkOhaVK6+//l3+cTfAqzw/3FwYLWThqqhjoaRkdI13UZmeMPQf3vfL8MwCLgz2l7UOjBtVc5O/YvW3XxNTXv/3SRbv1oYceOnn+Sr3l7N8x/dCxQ1mFT0kcQGGikDL9YNv2bW++deaJhx5otFrzCzPZrH789eN7d++YHB/WdAGc+syZs/ML85Ii3Hb70WLfUK1hOW3j1z/9EQHUzrWBDuNCl7WWW62Wr1y+WuwdOPD4Bwv5jCQkX3nxDGfVtoyNgH1n0wiXKLgbY315OEciaYI7ikxMg1TM/8r52jvKBHE3dem3v+9vQcppnGcVnTzxagNDoNBLDrUgxlvp4ypT5GPDQw3C2Znr3/vmU/l02jTtZWO50WhnM1mQ2EZjudVEtCjAPCNLUnvOqFXKYyODO7ZtxZC5fn2mVa/ddnAfWxMrtUb96rXLiVTmnjuOzS8tnTlzptmsy6pKm/ZlyWpb50+fXZybKxUK8f6bkZFRuN2VSkUU5dW11Vq1BlRRq1RoAwFHJMNzHM+nrK9kIjE62H/w4P6tWyccFzNJmgRwglDmZdt0AQjQwRDeUhHvAsylEq4yfsUSdunS5We//zyo98BgLzA31RQLHKZZlALaxlwJbKPrKY5XFldqDiVy6oDSmUwe0wiWS8RXMNgJvlFfxa0jFVOslpK8mcImAtDj9BZXlgRVrtaMpuD5qoY5Caynr0SBFrCGfCaVTSXA5UZGhtpmq1Tsbxn24uJipVxFkCbwfaq6JgkHDxyYX5zZMjm4NH9tbLqHZFvjPfE/KHrbbd12K42xYM8Pjx8/ffLEOY6ylW2JEvAFGA9s+07AIqy0703gYqYsbn62I9BBnZ2XJXo9TsmMbuwG4OJIbUwCYUKHHQYt8DF0jPV/SfHAZ8QQ6yyNOsDTQ4O9I14tw9kSFRAMQlYnlKpGdAzNmEiyymywVJmeBC8wtQYB8duOUnMYl8MIgZdlwqZEVkMMvYDV1gupHnJ8OKqHzHUYN0k8sO1ftMeR0DkWYok+Hrk4SdkWhVZaF+8/5GwbrEiA5YFAhel8mZV2u7FqbKT5bnBs7u35ziyjOwxi7WmmGRLelOnM5l4+3MjaDW986sYPlHRMzDIIdV9NrGeDk4JyRZeaiuBysssuAHSebR7hWbIzy5jZPACLE7DMbipu18kIphlQ5Ai4k+YGKz1Jp8XUmSlpmm3oQA+hSSkMJEH0o9BjxNpOyNdF54RauxRWa6Hj4kbLgo0IRUglIkXMipJI4kVcLAnXuR9inNTOMo7jFHT+RrIy2cDx9tNOOei4bCALk+I82b9Ua5p0KOJ+yLLGuZsiJThsbCGTMcbHu934gGguhQ9Jq0WkxGdWh5ayjF3f9Tp7VWmrHwy5ZKfUilAqFX/zt37905/6lKZrUtzbNyRqYvW8H2OuvCNr58ck8cTFPcMYz0esv9JiyORr/MAwg7bhrFZqy+s1OJ71ZrtlOLhPpZ5CQpOHBkojw/3JlILLrVcrdnvl2kqrbjT6B/v7sEIX+2DJq7Q40YMLKDSBS8UdoPRtWVa5bru11gXQ3dZt3dZt3fbeN1aajG22JUu50aifOXP6pZdfqVZrvX39hUKxQVKSZEc6jhkrRKdSqWazCTOF6npHETztwcHBI0eOsFpkNwyX91X6UpwQCqD2H/70s0vLi7B6YPyxcnNUra5erz/zzDMXLlzYunXrHbfdFpdZE2JBsvjjXLe9Jy2mnwLTgdm6der3f//33jx+4vOf/+K5s+cty0klkwyDGt/5ztOtlhEyWkrpeJ6vKPLC/NzS4gI4NXAoeqNCNQZJgOKNN44DhrquZ1iGpCqO64D2ogcsLi0kEyAvrkBHcNOZVLVS1XX1+vXriaS6vr6OQ/X1937syY8+9tijvb0lURLfcbY/0KXJy8skE2Ojo6++8squ3Xuz2czefXuf+9a3Z5stTdfxCdcG0gkEL2yWqwENNEnTYPFbJC8ItygR6alEob946ZlvDojihWe+01TUYHj07kceef4Ln+0FyLGDeiStNNuGJjd5lyf5acroMQwDl2y0jXSaJEp08hkonVynKoJRNgOUZuBiHceGm4234faWy2XcOsuy4g2V8dUJLGccP+B2xU6167i4540WJTAytC0xMZPIpgRnumBC3mGgKkqMtPD4Bgb69+/ff/vtt+8/cGBsfBzQam5hfmR81OEiWdN+49O/hPgBIgpOPhnyshB6oiSHtN833LN9y+9/5lfefO3ls6HVm+8FgUrnMlkxnBzp/+AHPzDZUzDq9S9//vMf+uADu7cOyyQNyIHm75zqP319sdhbXF2vjxZ7EpJs2I5tWpqUTgnCg8cObt86deLCVdvsO3/h4vhQz9zc/N6pEVayUoWfhos9eeqt8xevjk/vjDjp0OFjzzzzvYsXLx85ctuzz71huW7TsorFnB/xvZnilaWVbz77isTzH//IB33XzmhKMV2kfdGYNiMuqcsPPXj30NjIyur6ow/fnVSlz3/uL5fa7U999EM9xRxmHJkKudGdjODkR3B34abKXLS5l/bn0jZp8dvmqrclq270Xl74IZtnNzY+38ioEhipiCtWcT/gWHK35mr+tTY6faovKHCLszM7prbkir2kJ7ohnhO/KWYDcHK/+MW/qFQaup5cXi339fWrmiaQmryWTE6sra9XyuVGozE0MnLo8OF2G0PRwnESieTQwECljL+u9/f3F4p5Uinl7FajPh+Fmpa866475+fnL1y4BMpS6CmBa7hmy7ONytqqrCiqoq4sL+O2GZbpOh76L4lWeAETyEFoiUTqEQO94/aDvb29iPGMDg/RTurQy6QSgQ+I7GsU+PHi3UiYD1VEiaLAtNo+eBtjKuigw8ND27ZupSxjmVJBPRdv9HDmpmWK4F4+5TsDQwQRnYDr+ZLc4WVAz2w7iBMwVoU4HO1vYDhvkyKRPJcst5rNVqPiWUYhk+BSisTYwtjoRKNRu+eeuy9dPAu8lUokms3q4tLS4vKCKOGEz/KiirstqXqKJ70v0LdMJrW6vjI5PtJf6n3h+ZcGJw6ROtj7L5LdbX+DGsYUAKBt+U8/9QyjlKz8mSDEysSsfkTEb8g+sAJrTHUh1jGI9XkpUCr4HGOQDAAGnUmkU9OCaVnQx+PUV6qYInIsmzNiBwnizVI3pG/pb2FejEYziRRf50h23aEcZ4Btiu8wXYgNAM1EKpjchih20mopF5rqrUWdAFtHQ0SIBY8pZhOLRyA2TCSaBNW5+AQ6OdF8ZyODgN/CGwoOtLaGlG7N12RO3Ddlb+mt60DO+FLXtzyJaqgG7BD8hiYJy+mONkSTuRup5XEDOKW7RfIjBALZa9HNkDrakDXZWIBIEq+jFdIRvwZ4FRNOKnE9HZwW5BkpaSZFBzMXJ9GCSo+TJkow9HBDzZmdSxgHGcNOGjJ9C25vGJeqI2aNKRZBu9APKceZspwJUtMnSDiIofOA1bqOeABoUxbWtOCcWD/pVhZIQsjzRV+I6KuZgjN9D2UT46gSSWhjBqbuIRB8jhiKjrPpN7fNbbYN+hxuPG6yuEigXBA37qHAsuz5HxWCozgHCwx2Pk9Z1UHnZrJ/WbBTiL84DlcInZqEwNM8TLX4vBAN/bt/9+88+tjDMA6ZUDVJdvyMiUQbl8xOk0VBmKI2HZn2zJGyU2iafqNprK/VK5Xm+lqtarQbtoPAgKapyWR6cttQrpTLpPWUKpdyiaQkNWsVw2jUa5Uo8AqF5Ph4Xyqbja1fgccax/i8IGPd8kJKfmcbEnjEdI22WcrmuW67hdYF0N3Wbd3Wbd323jeek2TJdx09rV84e+HP/uyz8wvze/ftv+22R2dm59fX1qhsB5nlLEwPU0jgfc+DuwuPFMiPeArPffvb3x4ZGYGrHBs33PuvgZrBRnn99devXL3C/+0ykgAAEABJREFUOKCQy+XwCtAzwBwYNMulXVlbW3Ms+6EHH5RVNfT9OGuik3vSdYbfgwb7GBQDPAVGP8zuXC5z5513Hj585PnnX/rsZz/3+muvqVqy0awDd7quY9tOX99ArVZNJBLoaTbIsqLUajV0Q0pgYo4LAGsyya+uVeE4ZtJpPHc8xPjfhK4jvoLoAoxRRRZNkpb28vn+1bVl3xN37Njx0EMPPvLIw339RTiCsiIFG9tyf3Qjn09TlfHxsae++TTiGeMTk7okf+pXf/n/+z/9M9/1bcNSZaVVr5NAdRimEknLthg2osSM0A3arcaVeuW/+Rf/6x8/8lD9298Z9INU2zDrVc4xE21TatlRIl0Jg7IQ+LLqEb7kIyeUeBEGesgSn2lrAscDH6F/gkTjRrXbbdyWuFqjZTuUudluw5FOJpIEkckvjHAzs9kcKDYn8cBMPosw0SnBlxMEDGrPsylXC+CekwB3JRK4jERZVmhHp9hut2zbAoa+6667PvXJT919z109PSU8RwA03DFFVqamJzDEUrzohYGoSAf3bP3S177/0ovf/+1f/cRoMe/6viJImiiokvbxB+91gaS5QBUk3vcTuoqP/8P/7Lf+w2f/9NF/9Ps5ZWjh2gWzZcCrkgIe369wfEo3x4dLC7MLhgUfkI6fzySs1VZS4XGe1Wp9benqvXccHJ9cr9fWDh7a+xf/6Qv9n/nM1/7ic1u3jhw7djtGM/7dumPPn/zHL548ffHAgb3FfNGFI1Q1wOzGR0eefeON186ev+vuu4VMfnpgcHrb7qFSUoTPG9B2XCPg6vWGIMogkxcuX0WEY8vU1NapSaPWvrQwN1DK3vmRh9OqLAucKlLamRTrGbJqTa4XKLIEyEjO6c8ObTvO3Q2vflNWmGP5Y3HW1UapIo7lAYkicyzj3bxxmaMgpC7ER1Losy3qOGfye1kKFS9wfyNb5554rrMwe2VqbFQD6gw369rdmMk9221UKuura+u1ZlLTp6e3N5u1TCrVqDdqVRPRneHBoYqqYSgtLS8tLy/l8vmZ6zMYAju370ilkosXL1mWWanVhwYHx0aGJycmrl6/vrK2XqlcGh+f2LN7B+jVa68fr5W5ZDrlB5jCDIGQAQcAHRAE4DBNmYZBdUSZ0iVOybYMAAd89aOPPjA9PYIeLgtiy6jiIwlKcpZ8JhWFsaxRiVHSpI2IO3iYS6/PXMUsl88XWI6nCYpy9913UlKf71ImnSRoWgbx5oSu0ftD3zTbPIdhnaDSZ4HHiUGcq7hv375MNnP+/PmF+SXgbyyU8RaikLX41rFisJFlmhLnSoEd2UFoN7VcVlKkF158TtfUmasX/NAVJEEW5FKxJ5XJa3pCT+qYjur1Zq3aaLVMPwj1hNbbk3V9Y3JodPeubd/4+rcfePTjMuUG3hws6LZue9cNfQ8z3cpK5fgbp7Go0WZ8gsIsMZeC2TGm44XNUFvUyUUV+Y7QFpXj20hNZa9w0kaORdBB1bGiLwvFxShVjPWVODbSeZaKK2xqLLCJKRhOij2qJLBZmAgmjGwGQwFVY61meitL2uWpGgvtSiQgSgu0TyN0owxcXEgjpDnc76gbcKyaOAwamYuru4V8LIkRxKxXYAUJmUg0z5KQY9DOI/YlqVrTj8Sp4XDfRCst25yH0BCugYop+iSpv1lWTqAS5RHFwm9afYQbqc2de9nBwNHmB98mGREnwHIdYMx0lplIBNO/IGgN+iwbenhOcl6J0uspxZc9yxXx3CIZQTie82KeL3TydFkp6thc57hY8TkG7kx7hOvkOPsBi3iFiKwT+qWKkCTvTPUI4xqH8a5QErnmPJFvC/w1zX3BnDunGmtaKEdE59iReNf3ZEFS8JQFzvJ8+jcAmOZlimRQfG7jcfOdIHG0KfuysV4z+tzR9e4EPEQ63GYHZrMuu6SwcwPfrlEekIiHxMdlbVnD9C6B8DIBahZ4COJCHRwrhENXje7GEDkvsAfr+du2bf1v/9t/sm//biwusceDr42r43DvprEPRpvC6jQaGB+PqxeSAkkoWLZbw9Jaq62srS4trVWrWEAQ+oxSerbUN9g/MTKNxSAF4IxrCCyz7viVYlYe7y3Squlzqd68wOd5YZJ6bAR7hU5SJGmPEDa1E/i2h6UIN01GIBX3xrJtz8EyZ8rv8lp+kVsXQHdbt3Vbt3Xbz7nFSUyCsGniIPhPuQTwjL/5/WdefvklmCSPP/ZBRUtcunSpWm+AlVAWQMeYgwUD64+0w7Cig3n5XphKySGVWeae/ua3P/XpT1G2lKzcVNW68y3cX1vrbBZWZA1okvLRAtqj7DhRIU/U0nUc3/WKuTwszqSu469nTp+enJzcsmWLKMQZLFxXivInts0dqe/2/XFXpA3YghT7ewrCGrL86KMPHj68/7XX3vj+959/881T5fV1hEky6YTvWQAWASuuhUfWqNXS6YzjuLG+CssWIXcDlE0HPA392IuURF7XEiAsCskf8NlCbm11BVQlk09ZrrF957aPf+LJ22+7fXCwP868kVm9QZZ98s6LCt9xHSwbNp/OPvGhD337O8/87u9usRz3kQ998Oz583/+uc9jhMAYTmZy8O5kiWqOs/xGl23MNHDZtsdLyXSDjz5/8uwTR44tnDytmgZOrLFWbUaqoSevWK2XjPqCJDTtgNcTXssCI7IoGwpwjXJIwOIp/4XnY4eh3TYUyk0mkMQuXLIdO2Ial6ZlypLMpKRpkymGA94PYA3WY5hmXMmQY24v3qMIPP7QJhAvlEqFdqNue57r2qlUGrR93769R44eBXjt7e3p6+sVNvx3RWRJKFzEskHp5sikuMjVyq1LV64//MjjZy7MFg8lU1LEij5xcAqyIuexklDka+mUxZkQoj3DuYcO7/vCf/zC7//2bzzx2AcNq0lsTlYCjmVkOT7nBf2DfTNLi/cc3MpTHTZxbHBAjHy4dIPFnHL0gJRKf/e5lwYG+haX547ecYecFO9+4B4u9Jqmk0wAffM9ueQ//Lu/SeK/1cp3nnmxt5DdsaX/0NZezHbbtz7+4qmZ2eV1z4ladu3cuUuKomZTuucZ26a31KrlcqWGsJ1leslU4Tvf+d5Xn/p+IZvGtx87uv+u2w4VkgnECwSKX1EOTtgpDUUdXZOpzCOcK+7dt/Cmrhff2zizrZN/Bu9OYOyBcEkg444GnawuvIZHDsBhhx6X0nlKhhXQP0S2L9mjRwFXn3ae4yOuY4mUuR/yN9UdYh792wZC/KfY/49fiP9PfH/sFQlj3hGFiE41qqvcxDCv6VEsjcqkI6LOBnvaB3Dp5Bm/2cYHHNdbWV4xLSOKqojWLK+uOp5fKBR7BwaAo42aiajMyOjwnj27ms0GYjCFQgGhSoSUFhcWK5Xa0tISopgTE+NHR8cNw0QvWZpf3D411Vfqw3LZarUXVhcNG2EjnwopCQhk8A7bHE0rZhBgPBIxEwXQ4VIp/0sf/0gYurVqPZNJe0DGagLjlHZN2LRPXhVlEF5cDCJJzXaTxh8lPEovvPA6Zq2PfPRDjmvS1qYwaJt1JlQr4upAO1579dVUMj29dVLX5SjyFUpZRsCJUsUZoeEMy8IlGLYzM3sW3nsqk0OMVkukhTbp3KATtoxWOpeNd4zjsUtcpAl8b2/fmTMnETua3rb1ypUr27eN6QmV5A5kQVf1tdWGG4bllarnlzElYgaUVUXAxSq6xHPFYh4zwratCP0MPffiS8VS3+49e1n8I7jJhOiuwN327hslOfMnT55eXa2EmOoin/QrYPJykaJKbB2USJFWiEUTwlhuiz7Id+J2oiQghIxxSiwtrh0ahLHQwQazDuNCc6zmLvHDDtLlIqbswZEcMcVlBcpwjjDBujLXlkJJ5z0yL6kmgSoyKs0Qrs+yilkuMh0GK0kYz1giz2q1EVqlYUipIAJTJ+Y6ImEcEVShgzElhSVEg8rJhBpJyYNINChgQNdLFgGuBKwTgeCA8WhRVBAyd7NpfnK4mtFsUrVmGsAsuzgIvYjf1B9jlfk6agrchk10Q5Ssg1n5zeqInRYK0UZebCeLvFMMduOjlJRNp8cSxqNAaSf4i5rwoppazyRcBXeflq7IDQNH5DvyGnH4jTJrYwuwkzkdb+KhZ8Ox5yMwuecgZPraXCTRbhKmU4IuQaSbFb9wXaLQokI5xb7nKlxLdk6F1e+FlRm5YauCR1oouFuCTytrRFUM2bRL9J9yjXG3CQazRR93t7NqxviZJafj/UzEmKdS0nEnCoIoVorhmDHM+hIVlKabwNh9nJIfp1FToemIPTmSB2EHZ4LgZD5RFR+fpW8LuEEkr8SulAxjlgruU28ENHfZHhfqwo7n6Yp225Hb/m//9X81MT5ONajjeASj5iJh9LfPuhHTM2GFcMMYNJORLHikoUSgnGednSleU+lHsGCEfIDmG4222XDLa416tVbGktZoYimRFSWVzY1MTxRKBRJ6YrEBdHYMkPXGiu/aisz19mb2Tk7m0ppMx4x4KeooqXBMbQWrJSeHLKsa3drhQiyv1bZjkjZ4YLtYYEWPtqpx9RrWIvvu3RNct91C6wLobuu2buu2bvs5tzjhFJbK5t4o/Lq6svytb33z2tXLCVXef2Bfq9m+NjuHxZtSESLecTyq4BfGkl3AKgEsk0w2U63OJZPJdrutanCNpdnZ2UsXL4FMkY0e25fC+8hphHVUrVbBCGD5xVIhAJrwQIAGdF13gKF9X2XitqlU6q233pqYmGBuhrBRc0aIukKU73HjOwZ7xGq2kybdw488eN999ywtrj33/WdfffXVN9880WjUtETKsb1iqWiZRqGYF0WyQQXaZ0c0llXf8tIZ6pkZJcP5cAOJOyPoAPsWj5unJNlqJp3asXPH/fffc+yO24dGhtPpFOvk5By8q72HcRVvmN27t20/d/7S//2//3/83b/3h3Otpd/+3d8DSPp3/8e/hR8B/8QLXD/ORKJ8J0rAoZrpPBVIxOjyRenZ67Pr9dqRkYGrJ+bERfOrX68gulOz3GXPWuE5S1EtcKfADUm0lhJeYHNrmg4KxjElQV3Tmq0maJppGnHqFvNIYXuTbyAxh4PtTwx1XeMiu6PXoWtDQ8N42+UrV8LQZ0VmaGcASH2r2fA4OFoCxvY6bhfNDAcefOjhu+46NjA4kM2kRYozRayyEVy5IE6Q5GKtG+a4xKWQeOb2LS8swL24duXS2HAPglmIaslyx8USBf4mVzbyKK0buJh/4J5jp06eaTSbiYSayvTgil3PllllJ1VWK2uL/cWe6kqZaXaSHy5QJhR8PhH3qGlaOT0BZ/Wt19/4yy/8RSqdOnr0yJEDBxF86GlKE2MDqZQK9i0qXKNpN+xwYa368gsvJRPyr3/yiWwGUSj+6aef4ZTkrp07I6N975G9WYp8BL4DROgPT45y42OXLl6RsrnevqHbtv8O/KKETltAdUUR8HBtX1E7CfmbXZv7uZJxxr4AABAASURBVDYWFLu5MCY9XDFOOoIDD48ME7zj8c0Wb9ntcxcUmbe4IDU2KY8Pcippp+AdeHpwqCOReW8hB5+4fvr089975onf+a0wl6U9H0GMnn+sBEe4IcHxviOE5PUbCOfIYk9vSVbUTmGvmKNsuNaNev31V16pVcqFYuHa1ZlkGtGifKPeyBUKqUymsl6euXZNUZXpqalivkA1Ax07nUoVRsbKlerMzHWsnvl8vrevD/zGtg1F02fnFufmlwv5wvLqWrVSqTebA32DlXIZw22grx/jJZvPXb1+fW11zaNSC5SQTmmPQZBLZ9D5JV6YmBx94IF7HNsolXKKpqyvrMo4e0WJ91bTfhFMDfSMI/qBkQuMepBrVeMffexRnLzASqMhToMgcUhhOFY/SuAxPRrtNsuz5n2mrYEYliKqCIzpCZ2mMirmFVSqVWNujqBAyNGeB16SFTmdypCCfBi2Gs2yuNrTU0CMSRIi/BM6dr1WHx0dGxoeOHvunCxL4P5BGV+qtlum0ba8ACAPoRcRq2xSSyBIzXMKRnS+kFJVsbeQ3r17e6vd/uwXvnj74aMPPvj46OR05yl16xB228/UBMx1c7OzPniU70gKgrL+hmhErGwhxsFsrhMU78zaFApnkFWRVabGxmMRZdYgbRYKbqpYKAhRZ1ohEYs465OobZz2S5CMlKwQeA4938YolBHqMQ3DkS0A6tCjsFhHrZilVBMUJtlqjvNY+rPMh17HmBZidWoi07QfKWQgMFYOYUyO6SvRmhpny/KMueJr+Vh9gWKTIq23oczEMny6Rj6gOhOcFrEVhVOz3mCPtnU4ZFIYG/cwijOoyQVgRlp8+wS+E/zcbBthP/YLs+I6uzp4FpWOc6E70icdSs+/A14z5hkyAh/5cno+yb/MZ1Y03YqiwMCcRvg18NnjiQTGIDtKE3HmOpUNDOIIgh9FN3Jv2emEbD0TNk7Zd1hVOkovD/mO3jeZcwizK8xawlx8Uqg9Zc8vapFH6DhESBZTnhd6jLLGaccw7AJWgpJkuAX6GiZ+xdQ5btp75OPvrEZl5w5wP9ACpiUS7zUJ470wb/urzyRdhNgL2zjhTsZAHE+gIAfLU48JeCzQQvUD2baVOJ3Z83zSThRIgw4B1Cc/9rHbbjuaSmcUVY64Tp41M79Z2Rv+xqPBK77rCWQ2CS7ZdGRsaSJPdhFOFzFviRYd3H7Hx0PgWi0PQdn5xevL88utpoV+LWKu1+VcT9/wth2lIsL0Ku53u+W0DGN5sep6IVkl9E1hMa9NjRcH+rLZFCKVvBvYPi1WElsMiOLTjh8YkSL1dyfkDDd0fHwvxfzbvmC6ASldw+Z2fNe0zWrNoohxk/vQQa7bbqF1AXS3dVu3dVu3/dza5mbWMLwhBAbw+ubxN194/rl6tdrX1zM2Mry8uNJoNTlBbDbbkgRMI6eSqmVbASVxiIw0kQIdzI6RkZH19XXaiugz2CJFL7704tTUlKq+j6o9xLsmI6ZXB0RerVThbMPEHBoeMow2oNv6ehnwTtd0vBl+AQwa/Ds/N3fyrbcOHTpExisf794LuW57z9tNGcc81QrXZKBjZXprcmrr2C998snz5y+AQV+6fAUu5eraKkzRZrMC1xDGqO+7qVSmbTQkcBGetyySuZidu1YsFuGDsbQVPpvN3nX3HY7jDg72HTly9NChA5lMhrmOsSMHSiLyG+dxKwy6I2JAyTcSetWHP/TYwuLql7/6jZ07doCz/MZnPpPP5r7ypS+vrK4lk4lGo4Vr8Ujz0SURPKoPI+iS7lFtGMmVtFeWV6+3anjRa1myGDi8ALos5/Ity1V1nQ9IgR2XCTcUgxE/U6lMRWm2Gj2lXvgtCKv4JAWrkZ9CRF6IM8rjoqCdDcUhBZBCpoWJf3GERqOBvu3YpkKV0Dn4IY5r4lD4XySrUjI1PD728Q89cu/Rg9u270qCUgmdPCgcxfUCdtiQJVbf0H/kuU0Hn/7BTe0p5o8c3D02OZqQomp5vTA8ELIaO8zR4zc39uIsFUn0mDuX0tQ7jh6CK7daqc4vLm7fOplPaXzkwUVnKh34D5/U5Zbt5vB/AtvpzNQY4YpgRnrmWy+fO/7m//B//cNarXl1Zv6Z51/4/OVLRtNUBa6/Lzc1OV4o5C5dPg+ff3B4uC+f/Cf/xX9+9crVizMLW7dPz6+VF5aXHvvgI82V2SM7tpQyaZmhBVlMsJQfcuVHjh7g2E5VXKHPNvpSfAr+qUK5V5v0mVXY+fmrWDBJy05XBUWJNnKUif1HkVmrH//aU9zVWbHertWqiCVEihgVc1vvu//Q2BBgCFCKRE5s6DuuQo5cGDTbzfmli1/8srO2bC4u6tnUrZ7K+xMPMvJAxTabjWQihQme5Wf94LtCo1F3XQtrVrPR6B/ox6hQFbXU01Mul3t7ejF7GK0WXPf5hblcPq9qaq1SnZufHxkecT1vZnZWEqVWswUAPTQ0iKc9N7tw9do1dIOjRwqTY+PFbL5aq/iFwratU60WArstDFGrbRzef2BlZblWrSHWNTDQv7K8Yjl2qacEjowZaXp6i222RBrEkW3Y+VzBtkwEqtDjY8V8klGRSIjDtp2rV66AgMsy7bn2PVfXwXYzjWYrkdBFUckX0qZhijKPeUNTVXz28Sc+iPXftq1YIpasAE4OPJuNWUwODjpRu9kSKUAVxgo/mIJhDOQLeUWTcSboPMVsrpBNyjQOPBGoR9EjSlaOZmeuK7KWzmQEQStX6teuLWFGSSbTiM2Yjo0Bq6oJ9FRAbU2Ucnm1f6BYKmV7+3rPnDnTaLUOHbj9rvse2n3kTnC3rt5Vt/3sjVlt/MjYIMgYejrJnXMsuxMLMMvTxZChpGVWPDBWgdjM0GVix5Ty7BMg5qlkrhDvZGF50AwHbogYxyoeQry5UOgk3pLEB4kdRFbow34OWO1DkcQxMEWHAGdS4LGVOEIYkBmZsHnocyyROWIBXVZ9LoozhRl45jZi3hwBX6bPEIYxCO9si+Hj2Y/lAVO2bYfCstUqvj5CyCGtGjIjvWooJU1OriMOXTfS+WxPSgpFO+zoSQeMyQedjTZxYDuuI9DJc755k8JNAJopT8Tfzdh2RxUq/ltnMo41uW9aQwBYY5MC5ydbyei6lFlSEo4cep7ECUwymdFeJkxC6c+81FGw5hgxJc9kw1BnCDjsmCJEn+NMWaaVzBg/EzJCyJ2cGqZ9EdtIEh08avHBWcn+Xnt+NRXZJOcRysTX+WZgC6ygQyxOFU9TZF5SinIQU3aWwc1xG8neLM05jAtUCkIsixFuxDk6b4hhdizHEWuobAha37Cp4mT7zdT7jsIGvi6WkrmpICTj8mQ/E8iOVaZZkQ8yOHXddjDb81jsPvM7v/Pkkx/F2yuVahy8jqPNN21s6ohpxKcSybKDKEoQNurtCmK0+XxO19A1XMeGqQhbtdFy6jVjtdyoN02Sda7WON5JJFKD4wOpdCKXy+jZRDKbiXy/Wa2tLq+1m23HxteKsGPT6QROOKkp+Vyip6RnknJCFQKPcs1lSgqRfBoBHW0XL4zcSLBdvm3BhYVFE9kBRwVybdNGc4JmvWW1DLPZ8myLczwSdvsbqiX219G6ALrbuq3buq3bfj4tzpaDVRFXE8IrmqbNz89///vPv3XipNFq7NyxPZ/NLiwsrqysyLJKC76iW5ZjWraskH0AT9E2nHoTgE8kNT0y2sJkMmkYhm2D/SWx/C/ML4BB33/f/e/LrCX+0qVLOFsSFaHsUQ0u/cLCAqsGDosocF1H1WBOhZZnwrd/6aWXpqemc/lczNNCLuoaMH8FLd6EuPEzM7L5jpeSySSOHDmE/8LCxHOs1+tzCwuzs/PosctLy3iUsexdq2UUCyVd1xh4DWRFnZwYy2Qz27Zt6+0pIWoCps2EOAS29zaCH6KRHmvI9prSZsb422+lD7OeEUqiDAdDVxTO9X/z1379K09/9+y58zxV2Rv99K/96tHb7vjGU099/7nnAF4GBgbWVpfMdttxHY9QcCTx5JeopF7H8bLWFpQAbFDGcJXrjskl9MhyJV52/EgUlGw6CSO8abQlmQRSWUpLqOsJ3BDXczEuWcq+kEhoPT29RttoNpsh48JxqUDahw9ODeao0CZTkb45AmjDRSSSCcexPS+wLBMwbvv2HVt27fnCV5964iOfGOwvfvrXfnkwm4xYlnOnaBFPeoKzczPZXDaXyUaSdJOqDxHYWL6VuUrAnP5ofw8QWk8pe+X8+V1Tk3hFYR+J4exmynmcFiWBvbFS75ivXNP5+je+3dM/kEyupieHEwrvUOaNPDk16UX8hfNnL165evv+vWJcvwe8nRMy2dTsauO1575/554dByYHBXHwviPbPvLg4WrLoqw2P0xqcgqOE8c5D94ONFlMp3wQL1Ve3jW13nBPX11//qWXH3nw3odu35uRpN5kIvRdmYRb8GDY5bGqQvHZsjpIlMzZ8Rh5lviFa4k9cZaXJf6858Koo7S5kYPGyHvAUmLlSPQdLykr6OvnvvpNc21t+7135w8+rgwOqAP9fCZFotSmK8qSgIsRI7+8/sZTz+y844i5Vn793/8HoOe+fbvqa9XkTpmqWEnv9ER+cFC8PxNU4+Q3+NsIz7ieg/EiMeQUxUKhnWpc1Gkqa2uBHxiW5QauLKmO64KEphLJWhXouDo4OLhrz55KrXLt+tXVcvnAgQPF3r611ZXZxcWt09N33303wPHCzNzMzPW5udmB/oEtU1vGRkdZzU/fsYKJ8TFNk5u1arteK/X1LK421tbWKYvfsSfGx6fGRqq1GpjUvt07a80aAp/Tu3dkslnLNrJpQHMVYxNxllQqxW/UImBbH2ivN/xs3/Ur5cq3v/UtzGy7du8Ca8Algv9SXxD4dquF8T47s4gZEnOmlkgwydqg2awzdiay8BRItLu6vtzDivGmE3rddFotU9dTGqfhIL5PQ93zXdrGzIe6piR1RVfFQjIhipHnW2IUKpIQSYJPKXeYeTIYnIYRuJ7UNkMfU6MgYqZTVYw43XQQMBOTCS2hyflsYteOiYSuYPxevHhpfHxscHDkwKFjB267X8AcGG2ww276c7f9DC3el7N//97RkZ4Ll66Los5HUkRAOWIrI6vhEDHB3zBOQ+ZiYd4NUSm2FYtSmCOsoAjUsQ5JSRdM1kaOJdFj2siySn1SquBJWooynkmEKcTsgnmUUnY9TNSKwItaJh+oUtuTIkFzeUui6oII4NDeJrA1ymFlkxQ7B8pn5TrC0FzHCCXQy8Q3eFJdijWPO+iX7wjGsULFsbw1+wsr04cfPVI5CFxecPAhJSmI6VYgrtaty7X66UZjUYk+MdAP48INXXxEVpgQMC0CPve27S8C38m55m+OQG5WyusINIXRRnRf2CCHG7S6Q425DkuNU6rx35DJOAucFElaPRHMh5Ktw1jSEZFyaPtlRMpWCHoxRQamCBQbbBQRj1idHuYLAAAQAElEQVRYINyokdqJg8eJ0ewRhozdU2472UOxhDcThKZoPR92Ig84A1eIWlnlafvKXMI1ScaNbnTI5D54kFbcQy8QwhuXHhc7jBl4rNVM5hZT2CC6TfvP+IBF/mPjibBwQCoZm9riHEvGJ1ks1kSmDMPIcedqYvE0yn0WZCZNFMahBnZ1YZwUwNJlRI7rgPqoo48dsJKVUXwQtuNT27//wCc+8QmsVngjThVRT9LWgEEYiTGvZw+LdLQ7yQo0XNA1ubbjCxT+p+0xhIw5EQuRaQvlhfLSwnIFWLrZRmhWTui5XG5651SxL6cl8IVaQhUzCZkFTXDucimZj4Icx/RsQqrtIVBRFPBxWcANluUOTGfbDkibI2RbCrAcuQF4clA33JYT2JFoO6FtWkbbNNotx2h7ZjNwHF1L4r+9mUSiv5BMJTRFgn0Lm5/rtltrXQDdbd3Wbd3WbT/n5pEcATHoF198EYz16tWr+HXvvr0wjy5cuqSApckq/gc0BvNZ15MwgExa4I1WqzXQ19/XV7JsGz/DeIMdAqsFkCuV0j1fhnEDM+X48eM7tu8AaNtgUH9tbTPlk/kgQrVSPXnyJFCd74M+Uy6YYRq4D0ysVmDGKOWDk90TeLCEKpX1ixfO3X7XMQrCi/FmQ/79mu/3t6rFPh63WZud58ROmkknx1bX5XS6p6cnPzk9wVMyDT0Xx/UMVssLj1uWlXQqiaep6zrjMrE0IpOkgHFM3ZscMYnJRwDbBhzbLxn58ADfzZlysdg0DgZUB2cIByzlU09+9IPf/OZ3VlZWE1pSkJWRqS2f+b3fGx4fe/P1N0+dOgOyDL4T8izBEQ6p64uiryKiI0mqnvV82O4JlpLspfQc/i5TzlQYeAF5g4FD5BAuMUlUx9VpEFISPVJ/5mnnAZN9xMVKrHUqhvGRqiqqljINi7nE1KiUWeBRLfRQAGCCdT42NrJ3756DBw8dO3bH+MRE1Qy+f/LyBx55rJRPp9NJnBhYOXsinYckSEIykSDPkvm479ggINx0jzCrWKa5bWLU8b0De3YlJUkRSHgjnot+6JhipZlIdBOOw+GjB0NBHhobIKl6L+RkvWlH33nxeD6f37f/dqtVpS+hMoa08RWP1HWctCb96pNP7Ns2neTgusDp54ayidFijkFt8shwC2mjclTw4EtSDpHgu25CltfXVyoN68OPPjxeSIRmo5BIGLaZ1FXCcAHzk5iuCPneYkd2k+UIRRvbnLlYMPlmQYpNufOfZ+vUduJYaSny2SUWp4nwlAwb3q5GE509fPu+rX/nE3yhnwsQjBGN2WuNmTlczHJ5bfuHHuJkcfa7z8x999m99x7L9mRCzsnu3X3sD35P7C2BjMRpXhu1j/6mNcYx8P/oeKqqIWIaMaWXm/L1OkTn4oXzFEfJplqmiUhWsVgCCIbLDP8Zb2m0mrVmY6C/b/v0NiyBjm2nkqm9e/ZVqpVGtRa4fiKh9/X3rywvm7bVtsxTZ86ODo1ajlOpVDzHW6/W8K1Xr15JJRIIwGzdunX7tu3ryyu1RuOV114p9BQd18aMhGUVd3lyy0Q+l19fXyuVinDZMagBo4PAQxRYpmK/pBWAkDDL/ZdwXVSCVVPuuPP23r4+TGLwzjVVw6S3WQc4lt1YmF/auXNXMpWkGoOkYxPKskYq8/UawnIXL14+fe78ncfu7O3tHRrsM68vSryAmQQBrRjJcWQzOKRnE7qI1eJEEMXQFMqLFDEgFBVdG8Q8JL4SYeUEMsDcarkuSXzICoaEF3gyTVN8WhL7SvjOZCGfGRjqazfbJ946kc4mjx7ZPzc/X621f/23D8uShmEfhN1wb7f9HBrWEIyCsdGR3/6dX//jP/5nho0lj2QEWIFWWmRI/wYLf9QxVuM5VaBgFR+ns/q+C3yGT2HhpsWDKfxKKlZPn0VYaZdCvPohgovFhEm1ATVGLPLKoqoeGK4uSjJVIU7qiURK5DWTjy5UmocGErnApdAhb8X2ZcR3/htQLcOOBgKdaQerbsTmo5g1E97m40qyMaP2JSYvFIs3x0nILFFXFAIh8gPRigC85XUnaPDqzLIzX1ttmIFlmKYoGClB7etRe3N26FLNYYZVqSwAbGOm8cAJG0iefZVwg452GtPc25RsipHzZvXFiONuTq2lJt6YjJkQSch2DlESMqYAKbEmuWWfc4nhkoHmu4i+eySbgSklVPAQg3AjBbkjkSwzveONKn3s9JgWWECYk9VjIPuHvIIbJx6yDGVWlTJOVcbH6jJ3NmpecapGRjQpN8XXqTofb8IOa7ki08DGwTaC7tTJYohOkx7ZYHxMt1nmNWmfsCruUVyAh70TU1wghjfK4sW588wK7aSE/6gdIKQYw2StY/MvDnNTP76hx8U0tQTSeeNJg4UwtsgUozGrp7PpDzzwwB/9oz9KZTILi0vlSi2hqYVS0Q8F3F+X1fOJog0laDeSWdniGOzDvtU0yfLo77Bbj59erM2vN8GcW03HtrAsAfz2j40UEc/sK6ayKXQhVRQ1MUqpYlrhKRIfMJVzPF89EXboOZljHkk1I3oqcXRXadzw7F2I8nhRaAZiq23ZId92ECqOarW2bTu241iW7TmIpHj4HMj1YF82nx/PZVKayCuaDJtcon84n4mQUAS6226tdQF0t3Vbt3Vbt/2UrbPHK2L7s5itDTZHfqwsLy8tffs737l8+XK5XO7v7wfHuXb9GtWsoBxJHe/1ycoTPNuzeZLN1VQFfiWOuL62BgpTKOSLhYJhWu0WVUsbHByoViswBzzRgwNsGO0TJ46Pjn3EdYN3YJdYbo/7q2ob5bB5xhm502dOVWsVl4rJwHbUQOJs+M2Gmc/mPBdGTAjrJ/RdfBDILwgof+HipYv7Dx5QVDXoqLa9kyK9o0QHF3X59M+hbXSb2AgXNkvWsKyQ+JmynBeeSn3HtAU/o5cmdS0Mo41COZyqyptH4OJsXHiPRDyBROUNT4nt3mSphSyVJnpXMYb4gePEYm1EUC+YwvmE/NijDzz3/Csnzp5uuQ54Ty6VPnzHnVPbdx+bm11fXT1z4uTVa5frzbpn29TTJMnwvWJfX64I/LQOjI4TUjRyaWSwY12DIe4YZhQQNjd9OBN02fi6VCqlyHKj2WTKh+RDxXev3Tba7SsyA9BUeQaEG6OY11wPRrtNiSSBnM/nCsU8q5k2uXvX7umtW8bHR/v6eiRKTBbJdXO9+x/+4AuvvHrbgb3CngmRgHl009OhGjXDQ0NcLHQYb5v94XeIXPJ8MulxgSqJIjHcMBY4wWy06WfFkoY3SqNGIZUJopwlYe/urYYfqRjFHnwQwQ+lS9fnrs2svvb5r/3d3/mt2/dt4QghC6HIHGMMb8sKjdptB7apVGaPsn94QSm3GomkqKiswJBnIUjh0TZjeX65euLEm3v372374TMvv6ZlCmNjY61WRS6p+UIah5SVBLHqCCcv0UTKvP54yy/l6MSF7oW4Bv2mkuRmR+bFjk9+q50q2oy8dLZ28x3QQHswKC8viPcLo6+6Hm39NU2/3apXy+1Ws16tmbZXyGS29fWf/POv+pK89fEP8cVS6Li84V55+plzL7+QU8V2ec3mhW13HfZa1pVvfHtQTQIZLp48a7fte3/vo0Kx6LEd0qIs+OxJxaNp4/RuJMER+yDszRL2OBCZgFTU3x85q6wCFQER37FKxRwVK+Ji/5OthbFSK+st165dwQzfaBvo9okEgiPSxPi447hKkmRXFheXHdepSlI2l+3tGyiX140mODOgRDAzOwO3tqfUMzY6tv/Afnzk3Llza+vr5fX1A/v2IzZTsSrNdgtHGxgaxLjGTHX16jUiUHqitdg0XCvLh6We0uLSkuFY+/bu0XS91aonk5oNz9oyM5kMOLjrCQiasvqErEyYotZq9USSahUY7SbmAcSK0CXwHsSY4MW32qZG2f207ruOPTIy9Mu/8ksJXTNtk+mXaqA+uFIgFZGy4azp6a0DQyOFfB7ufCGbKuY0rJem52VyCc8lbU8E2BB5okxmIQA7xohIaYAxFHWyXT8GE6Kg+oHgew6DZ5HpINRlCTJtSqDoIYnt8GDrubTa11vo6x1st8xTx88ISnjszqMz166fOXnOdqNMpufS+cvHekeAHyQyWniAgziLkM3PGwHgmxfdm4bbrav2d9svTgtZjQEwtI888SFV0/7tv/mTN988hZWRODLp1RIWFIVYvYLSFHwGwmI5Go6RQ46QH1ieJ8kiR+IbXkgJCjzls7KZJAwcqhAoChhTCuLQEUsqdRFQlkHHYG8j9hPHwDD2cVhEdkAxC8Viasu0m+eb1xtZWB7o7VxIW7Z8kopAIJyqCrMvCnya7TslUylZO4zrB0YMmIJ94kecW8hWCCzbZBvQio8pOeFzss9pOIDLKxXHWzOsxYaz2Kytte1mJFbs0AkEPZkWlUwg8WWndXhyQElSwnXITgSDl8o5UKicNChEIEEKuGNypR2DTOM5nlRDgWz7UIyETto42yRE6vZ0ihjOkh/RckUlH3jSccbsQaoUtCcLi48bsoxyYFsHxoKv8n4CK3B6TpFaRI9xaBcxfoZdmfAv7d6hSoyx1DITdSbdErI0SHoCkTDcN1a+L2IK3FysUkK2AZMQZBm9fmePRSwEQnfbF2M9E5lvJbhT5pojEY1l2csRlY2R2G6t+OOkPhRHmyNWujWKZavDWI2FFcUT2EwFAw9GD82XtN+O7hK7Y6SyQrujhE71C3ZxUUeHgyksxzUkN1F+2DF92YJLKejCppQiOx4LWpDeV8ydOfaGgIKXkphJZnADHc8t9BV/63c/8/gjj/X09IKHj05NNq2AV8RqJNSblo+gi+/AzFIkXtfxDwxbEWdvABA7IT0D14bTt7S0Vl2twuxsmxY6hZ5MqNlc7/gw4qk9vcV0imp9I0IT4GlaVj6TzOqyzAciLpajzHbqu3wsCUeJ/0Ik4U7CEiTMDdczoi0EEt4ncE07arbtasustcymYTdNE0MHnVBEn1alVELpLeawJAE464qoyyTcLTLbCO6cE3GOx8kBn5Goc7ph1NVQvPXWBdDd1m3d1m3d9lM2aaMgGNnToggXVtM0y7ae/dbTr7zyasto1+v1Y8eOtVqtpaVFACtg6GQy4VBFNAG+tGPbsqzC6sIRQGZdx0olU1Spz/PMtlEtV4o9PYOD/dVaDSY7rKFGs1EoFKjcmx+ePnP6nnvvSafTmycD2htr1MZ1MP7KGuVSUKanj69+883j7XYroKxPHi/CpY93srMtZmTZen4sgxbBXARPBydYWVleWV0ZHBqCbStJjG+93Yh5h8vbpc8/vxbfyxjqbaaDbABQZtkzy7vTyXm+kyx0s9BrvEuU+2EpqG+X5Y14/h3f+y7Os5MUxD4pycS04CKmE8pddx1tmO3vfv/ZhbXV/bv3phKqnkkOjA7v2L3jgYcehGl+9cqlV57/3traaqttLyyuGPteCgAAEABJREFU1kwzkqWGYcAn1hSVpBlFGfDc8f3egUFHb9fLlZDytYGfZc/1FIaVE8kE+WIeZWLatgNoRXk6OFQY2Q7JOAYsAdyn5m2Zmujr6xseGtmxY8fU1PTw8MhAf7+qKeRpU8AqZILM9Ga6ubJ4553HQG+3TYx5IS9zgQxnTrj5yjdINJNK+WE3LrrxBCNO4aPYe+tIR/I3v+0H7j6/kUgVxmXIokar3ZfUwd0QHKtW6rt27b50adbzwowqeZYPD8aJAkmmSjqDOT2f1hWB3GUHLh4nnLp87dUTp3r6Bvbu2TmQTWiK1na8lhO88tbJlUpr79Zt+f6ef/u//bulSu22u+68PnPlyCP35FKqElHaFJU1FEibkttkrxwXQ+HNgFN0I/R0823o9NJ3gcYiriPXGcdYOodlERg8R9q3GwW2E2Eer1VXEcpYmHdbLZAPkP3+Yu94Pq+OZ3VdP//5L4WLa3c+/pggp7zlppRInPlPXz71je/sufu2HWMj3/6zP9u+e1foche/9rTUNFLFBL+4du7ZFw4dOarmM68+/fSuY3cn0mmbB3/24rwhPur0cSG+bp4y7/DcHdtSZUQuA44nOU6eSmRy74fWCS4h7GpZnmOzsgTsVm48H0ZGA6NaCTwXD7hSrSGwWioVPbbANVkMB79Ojo8D7y4uL9au1/PEULOXLl3Corlj1w5cvudSwHJpcWl5eaW3r2f3rl31Wq1crdTq9f7+3umt09UqVsh6QVZ6ekunT5+sVSu5XHbr1qk77rytYbTK5YqiKg8+9GAmlTAtCy59KqEhDIx1CuEhBwfn2eDC2fq+qoNe8XNzc08//fTRo4dHxkbAzfFH18MMEYvA8jjgU099c9u2rTt3bKNt36JgWyZwtmkBbuu49Far/dJLr4yPj09OTsbBaRKeUmTQZ4SqMHEVMyk/NNSQqHEqRfE8yzCBSrIpvZBLKTQMSKoIyzy+TtdTHltbEeDBXBRxpE/tOS4iu7iN6PiyRLYEAgDjowMi7wwNFAcGBl59+TgA/tHbbosie2F+sdk0JDFJ+9uD6MQbb+47cDiVzQB1EHTjKApFuxtCim2wDfTviOV0oXO3/biG4ElsfDpe+OEPPbp7+84vfP7Pv/zlv1xaWZVg2AqsbiAtbQJLg3WZOgepZ3UWLcKvIiFmzndcJq4UeViBse5gZUVYy49TFmSZ6hLC+o2o4gIsSSLFvJTJaolEAoY35dWGIcxjYMHJqYm7jh2974EHpof71IWrC5+tmrUF3RMjnGRAwzCRzQAM87Q/iolNc7QjgWPbEUAzKZ5KEiCuIKsYwOCvrs/h1DAsMVkEQL0ij7EXCGrNCJcb7nqrXjGspiesO+Gy7VT9qB3QFiqHmKaIqxLspiwrWEDDpNY3uT2KkqHNRTIGtQgTApOIRCYHw5lUeI4wc8gBx8djLx6ATH06IijOM2lsSu8FOo8iFfgT9Bb8koYvqSy4pLyM1/iEnjQp7IdrFHU1aVqubfsNwykv1d585YK8rn7UuH0PN0LJxgDeOG4Aa4jy1akIId1hXATlyMbVLOI6iQLD0AzU8ww5xludmKAPq4fB8oeBnoHY+LhkIplPXKiIEv0/TzUKwVqXQ3fGrwVksiCYQIFen+S5Rax6QXQj7IXIXCwWTnQ5FrymMADDz0y4g9Fp6hZxzjrhby7uaSFTM4v8jYycuFTNhrrWRkkHoqkdQg3iH59tbOxubDyjpYGmflHo6EfHxSGZxQCDEM8CUcxms5ZM5gb6B//hP/kv7vrAvYgTtALOdvxaq42b2MZ0zUWIQ2gKSZNpKqPdXOTaTst0DUzwIe+YYatSX12cr1Xr7aYtCyKgb39PfzKXl5NqKpfMFNJ6Uo3LGadziNlzptEc7cuk+UiTSP4Ejy5k+d2bafKs36D3erykIHIDauyHohMKLdOrVcv1WrvRMEzLMxA+l3VNT6YyhWwuUUzpacRy0iLO0/ZCXRUpZsTEV0w/ajXctuW2fL+FhwlbxDNHi3qxkDWZfst0L9dtt9K6ALrbuq3buq3bfsrWEdLlCba6jttqNr/6la9cuny5WqnADt4yPb1nz54l2oG1rutaNpd1PUqdgKXoOj6lKtNubicOz1NAG/jYczVdS6aS7VbL9Z3VtWU47MVivlFvJhOkBI0G41tVZaDtV1555c4770ilUvFpkIG+UYX5r7LxHVMsWltbO3/+PLxin6TfqPiSbdsw5qXYhGUlRHzaehaxUiEB2dCBB87z2muvfOzJj1FOKF4kKNSFzH99LeLfm/v/Mx02fBtIjeLkSnSUbFL9pY88tn/vru+//MbZCxe2TU8qIlfIZwI/tE1DVZVd+/dt27kDQ6xZbxptAyTo2Wefg78Gl2Xm2rViJouDzc3PqJq+sLToul6mv980Ddu1s+kURjQOAmfq2rVrfX09hXwO43Z0dISjjcDO/v1719crY2Nj27dvHxsdKxRy6UwabjBGKziUqupM9zxgOxJCzwuYhwm6I3Zycdi1IILVW8zhzGauXd0+tF8IWU2kTWmUH7hvPyrzNYp5Kv/ToCLinn4ki1G52bx6/aqydTqtqBofjfXmv/vKW3v2bgv4oEU1cJzZq9fAz7ZNjmVJ6Q8OuB/v5whDweLCZC59193HZuYWX3/zhMTzDz9478X19fmVNUcRBsf7M7m00bQ0Mbh9347bd25rrq3265rgBpSWxkSqWa7TD527Otz5povbjFAJP/HO3HyYzr/sjSGlBiGOQTWV4owy0u9kxaNmXjuxcuZcQdHEtMplE1PTU6l0RuaF9bVybW3NM9pb90y333hr/fW38GjPfO/5yjPP9U1NjG7deuE7zxw6dmT7Ew+f/dMvS0FibGrHa//0f0319tz5+BPnv/IN98QJ3mwUD+1cv3Rx8ey5o/d9IHQQLFTwpVIY52LFF0I5/iwARJunA9eT3aB27Vq6v19OJDiQ6PdXFir58zWESEEQmM++QUziXfYkPzM/P1+tVBG/wUpmM90MjAjEJgdHhrEc4DO1ahXrYyFfXA/LWDn0ZPLgoUO01LXN/mIPnNql9dWl9RVVUeF6e46D4+DItVrj/Nlz/X19WEEWFhdnZ2fGRkcPHdiPOzm/OA8P3p+b0RXNarQSshK47vJyGyeYTOiEZgIXlNYjxBWaFo1xnJKsqYgZIxiQyab37d+DsJPreGxpjmRV4QDO/AinnUolB/r7hoYHMatQ0UKJJDjS6QzPNhNgmOs6qW/Vaw0QFZyMYRoRrctyzOXBuWAJyEqi0bQMy/RtG8xG4YN0LpVKJ9IJGUAZDEWghD4JExHgjuARpfIcCj3jB5dgeKBqGrCVabUxmQmqONDfk0hKW8YGfc998eVXB/t7YEUsrVxfWal5LlcsFhOpFC+ami4ZVu2bT335wUceATQBdObxeZ9GoCLLbE95vAQEYTwYmWhrVyS6235MY9vdaComGQ0/HB0b/If/6O89/uFHjp946xTayTMrq6uI1wKQhizqpypKGMQ1J1j3onWQpyRWiSk3hVgrabcR22ARl4ujlEvHIa1cRYmLb/OpdFYWYQmrQLYYcWiIXW3ZMrFt2/at27ZNT28p5nOSzAQ+Rie02x44+42/4FumEoHVKlk9hUkVCzKmBUlKkN6v78kikyHDaqOwnTcRiXtgEm5R4Ij4NKxaO4iMMFw3vLrn14NwxWnVLa/S8h1ecRkWDCPR4RI2AkFMKireLcWlVFxE3fMUzBGu8JW/PP7sC28VB5SBkWRvb6qvP5fJ6LJC+d28QMryVOGZwCdTseC9WAqKBD5CBqnxE4wKCmWJTNREdJjKl6YmI8bgESPGU8DcA+5q1N1m02m1W+X1+uJC2TS85aV2vY5pwyuq+XE+2zc4FFY4eCMRngmJVnAq8WFKpBWZHlEsQxUz3HirBFXci0hyOYhTiJnUN8/qJtLmS9pWxYRFEGJnssgMbXMOh5ABiXSIsmhH0YpvrKth3fapvDoCApjmANO90GOKfuy2iXEGA2Y9kac5NlY2Y7g5ZPUtmXwzzypSkqAQdRgyutB/RGljS8fbJq4NMWjuHbbopg4SF8emWX/uSAsK8TYsgY/j+hHVUcTNx6EtoGdRkBRZUWXTD+Rk+o777/2d3/7dsR3TbcdvtrHW0Y0BcdYEfrQvK0g8BRccy3elcpPkZsgZdEPXE2vrlfXllWa56ZhuXJujUOrTUyk1qam61FsqajoeCN1Yz24ltZSCqEzbAIoezSoquhSpjgikeSbCpIov0ZNi14yXfJ7JkPBc2/VbbWetbJYrcFWbnh9oqpzW5eH+nJpNi6rG0suDdEpSRU6nZCDQfx4LotlyllebFdNxOckLlKYdOh5i4bzlOhh3WK4SCd6uY1kiX4/rtltrv6B36urVq2+99dbi4iJLc/nJDbYLgvl33HEHS3Dotm7rtm77hW4SFa9n6UI+26glCs1G89z5cyeOH3/5xZf3HzzgZQCy+lzff+P1N+AHJhJJGLGYP2GrcMwMgpdpmhYWb6BZorRBoOmqTEUieBAHO7TxFVajnsvnYShcuHj+tttuUzU1kdTX18v4OD6CzwJAX7x48a677tq/fz/HZMtgouFb4npofzVOY2zn4XtxPpcvX8bZxtUXBR72jApD0PANxg95WWJBfy4WE45Ytkdkk/sdzszMzC8sjo2PYUlSuxbMX1P70R2Gf7cf/Ln3Pf5tqbwESCSqdE7MFWby9vGRoYGBS1evX79+dXpqstmoZzMZQVdM2sUv+2yzeTKbTedyOLH/y+FDGH22abfNdk9PEV5RvV6VeBERnZWVZThwlUoZtvXY0PDK0sLObTvwkVOn3zpw4EBfXx+YWE+pB8ALnTyXy1FKDNuRePP1xsIX8U2TyJNGBw9Ucps3E3hZYhHV4+GyuiJ49pf/0xcHeosPH9vH/vCOzPHO/YxuwtKbTLpTJu9dSpq87bCx7ooA54jvy2dK+T0CJykEnwS6q2OjZ6/Mr1Vqhud87otfQyTt9IWze6en/4c/+kOQAl6hYoxMG0SB5z7a0+dzkS7Jzz7/am9vz/FT146fOXf7nXdUymsJWdBCe6SQ/i//4DdOnHyrIJi790wlKf0yVj7sXFnI//jLiPifJRmzk+Ifxft3RUprckkBlOVw4YUo9D3L1Th1fM/O0akxvmUEq6uApzMzc1N79rQlaW55tW+gd2Cgn7f8y089GzVsu5Qt7t51x87t6ZB75k8/W+grTDx6z/rla+ePv3XPgw+vWsbiwsxjH3xYNyzDs088/6zLudXTp9+aW7jrVz8tphXaYx64ge1QopUZwNXmEiqvi/RMyjVEBYS+PG5R7fyVr/7Lf3nfZ355+MghSdNDL3y/6SzS0lYsppKpd7xOPZnnr1+9ShFZcCJNMw0DcZ3+wQEfwFcQtk1vnV+Ym1tYUDR1HPh4/wHg2rbRVmQVMZu52YXLXJBKp/Zu3zU9PoW1b2Vt9crM7Ep5fXxiYkzenlAAABAASURBVLVcwbLrBeGunbsFUWm1G6ZtLa2sDQ4NpvPF146/1qjX9+zctWvHjqGh4UazjkdPi7LrrK2tKqrSarVoBWfVn5hKLYliIXQExOzYNiLHhmlSnTPW1ivldCZjWg2MaNuxPv6JJ4HRMRswHS1O05LAKEk96fkOkbPQ+/CHnxAEuV6r0n51nqJOKmVSsw3dvp8ABuZlPP50guLWGIMaNUlRJZ4xONchikCCPE7UaNVxxHqtjklH0wAl0p7m0Tm6Ttto4cSLxdy27dPovIcP7rh08eLZs+fuv++ukyfOXJ1ZVpQkkJPrBamUpyZ0WZMVYDY+mJm98if/bkFTtVqtgqsDiR4YHNwyNb3n0DGfSb7yvBRPU514Qld5o9t+TNuU4w9o85BIiajhjp3bdu7c4f7Sxw3DOnv2zNzc/NkzZ0+fPrO4uGRZJHgDQzCZSiCW4vgOkcrQ9d1QkRMUqBU4m7YJUgUA8EfYlpZpgUim06l0OsfEdnnGqaXenp4dO3Yeu/PYlsnRXlK6ywoxjwTxDD0+UoDtgkQqf/+jWNz+z//9X7z+/MspWdEisZRLc5yBUcO5QUbXWY1PUrKOU2RxEeBuCDgZttPy3Kbjtm0i4mYUeSFVaSPBZkF0ECoUNS9QBYS4BARTZdLUwBsR1JF527cpvRrcWVRCpjKB0btl2/ZaY72yZtYbxpmT1+rlOr5cT0iZbAIoz3athKZm88l8MZsv5LK5pF7UwC91TUHwERRSEhDYjnW04C8QZiXUHCAMDAYqLS9WfYtfm7euX59fW61gGllfXxdlpbxuwkJRFUoVF3gFMxDpXURa2YnOF+v9opb2+UzEJQRJIiWQSFFV17YxtcIlobgacVuWCEyayGJHKo/MG4EpWpBENxUfZPnnMAhwI2FQwYbwRXINaIsYx9kSFyX5SujPWmvX2uV5q24LqTbnUNo1hRookZrVpKCdkB1BuA2CHIDt04wYsu8K+Y4yRsSAeGd2goll2a7C6pCwOoQxSg47eS0krUQBXUqqZxnccbzgnYYTi3LzQmdnGPUCAt8sqziMqIKuqsZc27bBXmVRkuACokuoyewvffqXPvnLn8ypepqykSmInM/RYk01AwNE6EXqNZEnKzrtmIsciRObLXdppbIws2TW6tSH1GQiU4AFmEhoCHnKmtg/kC8W881Gy7aMdEIYyCZSGvqt3G6bWkLIp9Kg19RRYSvQfRDrTV9SooQqCbB7Qz/kJbiphseVm+HiwlJ5dd21rXw2NdJf2j44hN6VTWoIPpphtNJ0PMfVRbGYVjMA0ZEX8Jwdysvr9lrZWlyrra6VtXRGSaRwS1u2S8TfthMa+pKlaLLphWbDFkn7ravBcavtF9HRffXVV1944YXp6elHEADHlPaTGgYbUDWANbD1pz71qVQqxXVbt3Vbt/0Ctzh0BxsI+Bjr8cLi4rnz5yvlcjKVfvLJj7l+UHLt+fmFRrPB6gIrMEnjYmU+Uz2G9T03Ow86Nr11WpVk8Gv42Pgjy2sgVhX5MFPkQi7fMozV1XW88/z5C7Dm4UrefA4wg9bW1v7yL//ytddeO3jwIGZ1Euhgr8euNffet6hTT0bA954+fRo+eQd/i2SbiiqJ2eGKWIU6isLjEphOGG2fI1+FfAWh0WjQnj/PjxVguxnQ3fZjG+UIszp1nXpn6DSKxh/eMTY5mINDVMPAq9cwgljER8knMwFjrEEAnygywGMsy/Pcdttaa8ysVdcSuga/M6UnegcH8Km9B/fkk+kkABF3O7opevDOXdvRpeGMAToTIhaFbCbLsmYEJi9DnhjXyazhmJvE3SSKzbMagHFe4Y285lhJD4eYnhzes3M76Kfturr6w9P/ow3S/GMyoN8Bb9/VKGLU2wP7iskm1YwKA1mMVF8YLOSuXbl25uLc4fvuC8XoSPm+/+GP/slv/8ovjw/keVY2SYXHQzSdLl+iecnNZDM1w3zlzROFbKEoi+lCbrg/l5ZohwZowP13HBJD+Pvkx4askhPLnQr5d9L1d7afiT7HOeJcXI+H1USi3FcjjEJFpKRihyXIt9bLVttstJuG3cYjzcFh78tP7dpaGB2FLzqwZ6cfhbLvNZ/63vKV2S2HD0796i+JYwO4hPm/fMpsG9vvvZ2L/DPfeUpLiun+9MXLZ8Xe/EvPfde0g/5tuyaP7R+TuEqz/YFP3ZvuH4laCNQ5uNPewvzSmYvrpy4a9aaUTey895jbbLz1/ecLwyMHfvtXIju69OWvq+VaRiH5dDuwESAQfkSu+F9XAwhWefcHO6dA+WthrVrTEhpnuWtr5dGRYeAn2rAvS+VypS7WM5msgiWPi5qNxqn6qXwuv7i0iM/u2L4zm83UG3WM3JnZmVKxBE6RL+RN22zUm+1me+fOnbIk1xqNttXuHejL29lrM9cX5ufx8YnJ8TuP3rG6uozQL+JG1Vo5CciaSJikdMEPDQ22mk0fuH9D+Z54BGEjCXycco1dt1JxwXREQdJU9cqVK6+89tr+A/sH+noRfBIFfnFhjmNioAIV8Exdunz11Mm3Hn7koWIp69IaHSLe7HsmG+KdeBKCwxwLRzFoEnGkpUkEQ8im8ScZg42kX6iEIQ2GkDNsw2isgGIDNKPvFYoFdFzTstFJLdvxXXDikAolylLbrK2tL+E7Zq7piKtNTU2dfOvM+mo95DXPCeoNU9U1nE2j0ewpFbzAA39xbOebT38HlykJVHgREfL+oaGvfPWpwdGvffCJJw4dOsKy39je+Y5GOt9dk7vtJzYGK1lGM8YO22bEIivafffeS7U9bavVbK2urS8uLMzOzi0vLddqtTJGGhoiurTdyKDECVKmASXM+CQxIcF6JK6lyLqWSCZBIFIDAwOjo8OjY8N9vT2FYrFQKGqqEitMx5FdkjTm4rITAIEClv0wkdxy571/b3L7C9/7/pe+8Oczl66cX2ti1pcFHkNQsGzGNxH94TcAtESyPKFvgYOrmhuJPgVKBY8tQmGslkQKIMB3MikrkzXgs5dYLW1SScKpq+lEIp/LjY+O9fb2wkQfndwC8+Pzf/KnL7z0QiD6siRofNFvB612ZFa5ZEoLIolL64EtLlxbaxjXYDIHggcmD4iaSkqJpIrRSpfHphGcIeYBRLY8qlrhYdJo1xqeE0lRllR/I06XdTUadgy3kCy120ZgcZUa3uZGJPfsikEtyI79mxe+VpDSRSExksoNJ0v4IadqSU5KYcFGCAAcEmZ8rOjQUWeLN+pEMPhlKvLBkeYG2/xBJfvw0CXRogKRri2EhhSte2bVteqBVcXKWrMavmUIQU3y3awUabjp+MmmR+6H4YZy00agPYrLMnA/zOaJ/0RCbBtuDjpRnP4c98Sb30zxiFhkKfCZiDczeOKykx35uE7IP9xIhY421MBZ5jdPmdYkNUMsG9Mv+pumqfh+y3S1RGpofPKRJx5/9CMfUjMJh5OXDa5pRS4vNJfK2YTe05dtWWHTsnL5tGUhKMAHDteoGrVKo1zG2tiQIymTyMlY1uH+4AGjxye0lK6n0ljog9r6bC6ZGBgsJDVJ13D34UC5yYLMztGVZBYyEVSL9tX6VDtXkRAg8TnBsKNKrVatNpsNA+avrqm7tgznM6lsRtckQRFZLjvn4ZI0ns/rWE4kXZCSMh4G7fuxI65Sb88tI0QSNM3QCWSv7QaNdR4niPgEHFVZskNHQqjYj/SA9u1EAs//LDbaL1j7hQPQ8/PzoM8PP/wwwvu3/qnR0dF9+/Z98Ytf/PrXvw4GzXVbt3Vbt/0CN6pZLIgBcxir1eqZs2ddkpLkES5vITZtW6oKdKGblskxaWZY17BkwKFg9GiqVq1UZ2avu467bdu2ZDLBNKC5OHHDcl1ZlHVdX11ZcT2vUCpms3nQZHzLiRNv7dixA1739esz7XYD7wG3XV1dxcm0Wq3l5eV0Og0b9/Dhw/iBKUFLP5RW/Vx21G7Kbmwq/+Jkzp4967GGS4aNQ0LPIpk5CnMPRKpsRgW+OEaiyf/nIpHR+VQigQucmBh34YpLYjfdqtt+XIu57oY6MKvfBr/NU6QoUch6nNCbL/osK7/RqK2sV1aWV4Ck4a9RGUPSV/TaLTi6flpPlnp7RgYHe3tLmijqkgyLXmTbX0PfDQM/dlpIU1KgWt9UdoZ2ChOJjv+NCxKxrBzupvqA0Wa2LSVDEWoW3iFrvjlqJFJt5vJp7bVXXxWij9AeRuWH26VRXDeHVRn90feFucZRrLl5i4IcxH+ZOk4Ul3sXcKoYgnwghFFC5Afy+mP333H6+tL15bVzV69zUbDvyNF0vmj4YatpWq02fLeaaSQyeQz88cGB9UoVtGDHzon77tjfKtczkdc/1EPZ6hKVzlMEBk9Z0aRAoBQmJkvC1B1vCFy/F+M/zqdi4o5wlEADHZ9rm8319euXr5SXVrymkdHTpWK+NNA3sneXmMmQP6hpHGXh0Xxl12t+CGoqByvl73/hy2JCH33iIWHXVkfilVa7FbhV3+Uk+auf+7Px3lK12fjuS9/d/8B9R3/zUy7cv1DVxGS7udYzNTlkWOa165eee72ytBaK4eTk0NlnvqvXTb9uggXWHGt5ecloNfV6q3plzjy6t3Jtaf7V14/efyy/dTqUBTtwdVF7n8FAvlwuJ6T2D/4B/b9ZhxNcpt3TUaRqqoHl0bYqtSpgEvz5equVTOO2lxzbur5eaTTquVx+eHAYS2etXh/oH5iamABWvnztyvlLF4eHBocGh4/dcRSwCtzKtgwlnXYcc319FYOir6d3bGxUUUTArPr6+tDQ0GMPfgAdbmFxGawWnnm5vI5VGzFao93GMHctC1hBYllbHokqu5FtMxxNb3ZsG/MDS5Tne/sGhoZHekolxql9SVQTqYRlWExSh4qYjQwPVcqVnt4ejwSlbJGCryBTos3Uq3mm8MKLpGCL3gdCQHXYfJdKOdCWJ94Bk2Czh+cGtusZtkWSHZJU7OkBmoEZAMJTqQAm1Mnq8AJQ50w6K0gC7lKzUfvAvXchDr1334HXX3llfvbqgw8+dObMld7C8Hq5EgBLBZFre82mkS+A6Pk2KEXQsp2gUqkDfKeT6Xx//vDhQ/c/+LCgav/qX/2r/+Wf//M//MM/PHbHXZ1CZ13w3G0/qfGbtQQomIMlAvO6tGkcMnEh2MYSpS+nU4MD/fv37mY7AUgABwMNjW1DCBA3xkoOSxFBIN8DNyZlGFb1AYMGyE/H/8OuZkMWU7EgxPmqTMCXBIRZyeQg9CjrAa/wrG5dyCu0slOZ3OGBERCMhx586LvfevoLn/vChXMXGm5LiJWkZSpGEEsI4T8yL9EiJYs+z4oRyyr+5FMONOcGPhXjBbqjtFxK1g3Z67D0ca2ypuZTmYGBoYnpqcnprft37xoZGQF9brZbmXwOwB0GycP3f+D4q29W6hUhodi+w+rzCZgNjGaEmFBZa2cyuqpLfJixDUquFX3VCz2+pXCl1hplAAAQAElEQVRpDdfj2AGCdoaJ0Y9gmFQv10gzQ+JVVcplBp1mM6AKx1Kr1qyHGO404NlmBhrLIUlHEG3F7OQ6vpcNV7zasuRGXo1buJrilbyQ6BG1PjFZEvU+NTOWKxWTGdnHSiUwrh7JErB8pIpS6PmaJmLRJyNHFhDWB5x1At8Atee8uttarlfnjNoiZ9Z4vwkeK/NJXUfcF+zb4yNBFgPfDkREsTk5xInhzGSuo3KxsakLYXmmLR53snd2O6ZQQrYZE9zAPCkxUbBOwcBNI4yUnUlcmiF7kYvVo9nmuU7pYQamNw/59o4tBqzCh6rKUeAjbofXNE0OaNcnke98b++DH/rIg489kcbqkMquGe7CWrlSdWu1NvpQ5LQnh3qX1v2UDqist+p4nPza/Prq4urqWg3dJ6HpmpASmWlKxQg1JZPVkghJsmQl0OdMUilm0kMZ3G/qZyKgpSjE94iMR6rxy2EYGS5lDchUpRszPLdaa6w1qrbla6KeUhNjUwOlgkxSUayMJ4smUu1Llo9Bm39kLixpAkmy0yuRG4h4KBbMHQQ+81kvMCzHwROy620slzYQuKKkkkkqs007ELEcplsWnDiRiYcJXLfdWuN/0TYWfelLX8pmsw888AD37pthGP/6X//rX//1X+/p6eG6rdu67ZYb+CD3/mvvz7N6H7bYyOVYSSgswPV6/cwZMOezWMgPHTiIEDPuJIykZqsVl4GGQQbijHcuLi6uVyoKTLaNdQYolmQ3JMk0TUa1aIOb0TaYEUsCGtlsbgXo2XVhs8LUBsjmGcLGp/CRpaUlvGF0bHxlbRWfwuvnL59XVT2TTsMkzabToNuFYmH37t379+/P5/Nx6uWG8Fm8fS1kEswkIfJTk+hORWmWPAaDjfhaFP3H//gfv/QXX7Js03U9GDuqrE5PTaXSKXjmOLuQtOGICfqRZ1k2Pi4Tho5YfrSiavLU1PQvffJT6Uw6jMuQxbsMf+Z2c5HG90n7WU6p2Wy+45WuOudGi2KBF1YohWdpM6wqDsd78OpcEiUnN4OnEj0KxiRtsWUbODcSaztlzuOfY7T984jT/Pg3wNNAzMl2PLYRXhVIDfOH8GVKD6byREG8Rzg+rEg0HM5gCPcF/gq9hYPvSX5zfDXCZiUf4SecxkaCdees49fwPxA0wK+VanOpHnz31IVEf7E3o2zrKfKec/rUGeJpYbR119RSq3rm0tLZt86M9vf8ypOPjw+Vrly67rv2lpFhBNC0ePMrkdz4sFHMmsNYXJHr5G6/F45LePMF8mwqhIMahebK6qnnX3JaTdysdC4/NDFeGBhUCjnK7iIlS95FFNGxDHhx5WpraRUhi4rnbL3r9vEtU3Pfff6Vf/Gvd951dNd/9pmwmEXcQ3I9+/Lsm1/+mqhJQzunxvcd4Btm5DpcKcvnSwiycS1r/qtfe/nf/4fJQkG0rUa5QrtbtVST9/uHs055PemIjpod2LujvbrsrK1qqhQ0Mb2HpaP7F5fX6qJ8+3/++6kju1xdDQVZ5gRp4279LJNJuVzlfrbGZDgp/f+f/vf/1XCP/PiTv5Qd3BXdlJyNMVdZXvwX/+x/vHL5UlJNARUsLC5msxksQKCvKcz2QVhv1h3TxmpVLBYdz+VInwqYKdGo1cGh8M6enpJpmxYoFViv5yWTmq5qtWqtXCmXir3ZXO4a4iI8VyoWtkxPjIyNXDh3zmg3d+zYRqUUjJbHVlXHsoCx8C1YmkllVRY9x1M0BXFQDCLAnGQiCR5Noj1AKlRpE2HgZKvVlEikO8rlskDLlmFQ1QbfNw0DAF3GVbiULJZIqDhh9CXLMn3a7QScRPnMeCUOX1FuIIW2ZMbOKHzlMqEqHBnXFUtRg4AHNMhJnErXNTj2GPDAc6Zhtw0TvA0ATpJIPFdWpZZpzy3Ot1vNwLN+9eNPXLtyZfuOPXWj/ubxt2ZnlwyLH+4fwrmFkW8DmGHx5cOh4b6t2yYNo0XZpl70+qtv+oE70FvcunXL5NTEylrlH//Xf4xH+kf/+B83mo1/+j/+04mJKZx1xG2wxY3tHRvP9h3jtVO0lhBEt/0NbKVSgftpGwxg6uFCnDLP5vO3oRX+7WsLs+9uWpE6HIaVhuOFd4r2dsxXJpgrbIpTAShulqvtLLJv65A0i3dSdQUmYEUTe6dv8uC83uzM7BuvH79w8cKlyxdX11YR3Wm3275LIxHzAA1tzxU4JhHVkYKgb1FlhWPZIpqqw4jATJQluztT6iki4oV49tDI0MjwSKlUTGUyCBRxHcObwGiEecZq4cwX55b+u//ujy9fvmYhBoYYEQhiRFrYCdqi0RZVEaMeZJI+EkYg41jWsYQCo1O5Aib4hUA1ZhIPWJAXYNyEbFcPQVJWKxBXgekCB/Rcchxc2q8ZxRWkSfaLF1hcnG4oon34ohAgnUk4uJYjY/b2fERf07LGu35G0SPHKyXyaUFDCAH+C11MxAHBqpLCMdFnmC+IWDuhY7p2yyOmbAND+34bQT34TFwoUgIKhcZtIWoREPdxZ3KFos/S5Rk7dmCLwUZjgtEhi2QIcYFDUo3e6FebvSVObYlu6gCxXrMYo+oo2pR55jfU25hcNIPvFDyIpTxYycSINmLGm8viAGEUK2/zTISahLAVx7EYe8c7eSnkHIp1iPlscXR8/P6PPDmy+1CoplYq9UQy45pRgwrzhVjiNA39THAshxPc3lwmzcvNanVxfs5stIGeJQVmEZ5XpKgJSZHUpER65oouIOQhhbqmIOKRS0mjQ/mkwqeoXHbITonqPob0BITYxsWaQfeNrkVotkwnIHsSwQBNU7Ip0GdBo2AM7b3hKbUA5jHnc7EjFrqCELiBQOLbfMDua+CSHIqk8GwbAeVk+BFn2P56rTU/Vyuvt2RFtXyr2XK5SMzkEqlixsLZyLqCt/Khpoq4hk/tLXG/SO1dpfPe3H7hMqCBNnbs2MH9VC2ZTOZyudXV1S6A7rZu67a/xS0msx3FRi5GWYh/B7Ikz1y//id/8ievv/465XKkUrApe3t7gAVhSmZziBWHMCdVTYN51GjUYfxFLDEDtCs+MgzfuLoFUSJZARmLmDhAo9nOZDJlxM5rtWwmWyqVqLhKGLhUI0UkPWjbhp00PDrSqDcuXrgwtW0r3HXSXG40Mhlh1bTabcPKZGHCwiJ86aWXTp8+PTo6un379i2TW3CmrCJIsLk/imprbEDkTR3YW8dtN1l+MFYk3KrZ2dmXXnwJ9DlginS4zPxAjiqUeXGVako0w7XQbkGLWBsZQJRKRomlsSk5v7Bw9dq1g4cORj77CNdNg+62d9U6JezEDQ+W7aWkDEZRVpSNojTcBkyhDKkgjHd5inEZ0A0w2jnYXwncZ/k7QpKc2dhZ/ZEYFifTbLbgTST0hMSyWVzaaeCDpq9UqwBkEbwOeLwEAvgbpfbY8W6N7fI/+CslDUlCqZA7c/nclQtnU7VeebzvWrO8bXLLsbtuE3llaWF5aHgw7eXPXFg4cGD/zomx5597vvjBh0f7e9MpcDmVlTMiz5/vYEn+5oH9s6lq3MoldY4fBB5Ti+TgiMHZUuXknsPH1FRCScic73AI1Pk+16q79UZ1cW11aa3SqAcylypmM5newd27dLwzn4BfiD5SrZebGWnwjoNCEi6mHNnoYInE5Nhd/9lvhnMLq2+8tXbtW3zLXZm57pdSB/7+7/HFXMS79VMnk743nEpU1pbTrt1OqOJ4aXiwPy/6DeDMVit7x47BD9w/96W/MNei4tTk6qnzBTeovXKqrYl9D9+f3DbFK7rMUtzfZ2oIdIcxz8P953+go8GrpkS9loH4aKvRQuxncGAQ/i7T5QwBQkXSQU5FpNIutVptWVNMy2osryByqWv6/MqyqgC2R0MDg4P9g3Nzs3ML8xgI46NjxZ4eLZFs1puyKB86eBD0tlxZv3zlyuzifH9fz5FdRxzbabdbvMQXMvkqhYHBiJOgHyyT0WMlEzmWQkirD9Zyi6U/E9qQpOvX51aWlw8dOkTkiCO+s7y6giFKUlqCYJr2U9/8FpbXw4cOhYSbMTAbrmfJMtXIiSeWDQbCaqWKMuliIUrEAAfWwYDt6zZME+QO70AIFu/OEJeXcWY4c6yc7SblB6SSidxQkaNNVyIgQ63Zalv28np5aWkNJxzntH31698JPf/y1SU5oY+MDC0vlcHqm2Ybx1FANbRk6AK/G61mq1lrKKqkYjL07btv360n1fX19YQe5TOpmZm5Snlpy/S+P/iDP/hn/+x/eu77z46OTfDdDOhue5ctzoOO3o6R396JfkTFCJ77wZlNFARxQ/2Bj0Fi9PbMQX7zu8JOOuvGGipsngRFUQSK1TLpK6K6qtw/NHi7pn7gkYeq1aqJGdg019dWZ2Zn1lZX6406LFi8RpVLgKIlkt4CAEEEiDI9Mpl0OtnT25NKpnTS9Ung9UQypSiIHYu0sYdteYjzsjtKxhEWZQnTTjKVW1yerzbbf/AP/vO5+cUTx99cXlyauXbNtu16vYEoGxW4YyEoEGFN1vA6IkgIXPmWG1CtOYrlBiyMGm+ZZGZOvMWCAwBmtJs2FnkOEWoyKmDe8DTFMfzKUn/DAKeNKBQ7mEC7M4OIpkGmhRWICHGKDd9r+h7eXuMDURdqUVN1DFIMawdsHxHYGaWc4+YkdN22HSHGubQNLfTwlapYs/EFHil0qUrdMmRFpM0hgQtzBb6H6bkqInOUzIuFF7hfQawxtsG4jokQbj7iTp3DjX83XbMbSJrrpAswXh2HK7g4YhBHz+I+Fnte3Nu8HrarzA/i4orxi3FlRUWViTZHPHwwnuXZKFRcB3Q2kkiyP/GJX/mN3bffw2UGV4ygUmuGgrK62sTF9BZKAz15LrLwZaooN1pWpdY6d2qGtwzBgROHbiGByAeCFIhU1QePR9PlTClZbzck0e0v5jIZLZtWEwqXVLiEIvAB7WeLa1PHoRuR9EFIZCZAPwE250Lb85uNtiRpST2Z0NKC7ANk49s1UgmndGfHs7lICjjFobCGTztsyHkj+w7333J9x/XISfRoyw76BW4/vm+glMsklKQiFlKpgaQm7hoWE2LN8l55Y25xsY6QVWYwf2lmme3/kxNJSZcR0pW5bru19gsHoDGdYerhftoGfIAjcN3Wbd3WbX97W2ypxHX8OsWUWbLhxQun//RP/nRhYaGvr69Wq/X39/f0lECfK5XKlStXjh49ypHeqwq3Flbd6soqjCFN12zLJplayoAiGWj4n7ALYZ4B1GqahqBgqacHqBoMF1AbWJlnW8ZgFjLfOIbFXlyyD+fW29NTrzdPnDgxOTm5d+9e2M3Xr8/AzoIraxnw8zNwM2Eum6bZaDQuX7qcL+QnWMM5J5O6xCTkKBMivFHd/tZBW/xBfqPANG6Uy5I3X3vttaXlJZ+hZ9gxHtx7jgdByOXzMKxx62zPgjNMxu5G/iZuAtW/9j3asOzhMo3jx9/YNbCu6gAAEABJREFUvXs3z8ciA10xsW77mVq8v5Jl6VNfFePaPTe1H9Cy4Dnur7rTkS/HdleK8e5R/kdK+2K8vvb6a+12+9jtd/QP9AcspVdVtRNnzr128tSRQ4e3TYwBbSUUuSPAwbLAwp8NIFH+Ec8nNPnwkZ113217/vZt4/NXr6yV1y5fuNyTy+/bt6uQ1oKGU164/uSHnziwayoV2X35tKZIzLvkBdr8HAr8O+eYKJZ659+lWPW7bJ7vxl9G7hYmroC8TXQHeEuyouOGG+2m16i1qtXKykqjWuO8IJ/JF/r6p/ft1kpZPilHYgqTOifiY54YUMbRrtuP9vTlM8VC84XXIjWZ3LmD7y1Fqiry0eybJ9/8P/5jH5xAIwRCaKSl9oN3po/s869faV2+unXrVG5qsnrlYranb89HPyjv38X39UfnL1XPXMOk2t9bWn355auXLmd7evIffGilWnMvzsOlBv7f8+FH+FyGE+CMRkKsRvk+o4IYSgjBkibVO55mGK4uLZP2lMU5IClwkREi9cNyvQJwUy6X8cGhocHJifG19fWV1WXQnoGhoSYPfGrmsrnpqS1YYhr16ukzZ1VVHhkauevYMSI1tqXq+tjERLVSL6+ukSKWDHDjLS4uDg8PTk1NYVmJg7upZBJ0CYQ3lysAMrisQALxCy6UBAnUg/INHcflvM2lEKQJyxJQ946dO4sFSgvFcRRW+Bc9ud1sZrP5PXv2AD/FMIMlZScDkuaMmLA7j5V9s3YfgSffFxjm9kl61ZOpblWAdb+3t3dsbAz3xGhjYPnAXmBPiqogMo0D9vUPKIrsExyRDKNdr9ca7eZqBf/almF7cMR8D2Fn0PYs6JgmarJwfmZ59Y1VOkhCxzVJkmoatqZldEXDUADI8xwzraUjmSqsYjo0HdtzLEStgKgEqsFoiiK//8Chg4cOvPzKyx/5yJO5bKkbB+62W2mb8/uGei93k6AS25LE1iKSid3MguY2sfKPPqwQh3FumlR4Ws5vHIG/sWzHwDniOxXzOhZkB0szq57OJTZfQz2hFDmyTrPZzMTEKILUPmWSUgYF/qNIEm2V4DtcMq4gSiX4yI6gjR1x8RK+I+0Use1GXBzDxsoXsMA2zxJv2XxDCcCqpmLCQQRpdGISAbttO/bec+/9INaLc3PwIGZmZs6dO1er19arVPSlVqnSfsqQ6vKGrh+nfjO+GjJaShg9ZOnOFEdnJj2tuEwamWcVYuL9UnEyB7uTTP2OdiKBOQYA6YDnw8NDmIKq5erM9dlGs844deiQ6gXJkVHgGLa8G7RFn3fCWOmCZbeHiYTebBqcyyVE23bttJ7APW0bJu6gi1ivqgJ0YiKzEXx0TfBOgckD45xkn0k9U1iRS6aSCJJ5pH4UbDxM7kav4TYFmvnNjJlNeQ1WPLaTbh91wn2dNHXS5RA3k6b5OGWa4hgbAuX8jRAG3RVESTtCHGHoeT7Vn5RE3GnDM/H8gPFxQLwY4c98lC70TO/e8+AHP5Lvn3BFfbHcWqoibF0TRA4cOZtOJBOIbiB84US+2DTthcWVy1fm7VqjN5fOZZIh6clIop7EGQf4dl3LZJLFYsa0m7lscmq0P6sIGV0EfcYpqHT/IxZp2EDw8cZQ9ui9MHAo7ZsLPFh9Wro/gSBws+Vh5k/h1vNi4PN1y+FIdiPQQaIFCcaYrsiUU8A6LlYsL+J9MVBVSbPFRALUnfmGlClFwk0Sce6QF32JD0pZhBsE23fUnLZv+2BvLmWF3urqgkjq5AktjBICgHukCd0F41bbLxyApk0K4k9fvOSnKGz11FNPYVa9++67ic68mwZH67Of/Ww2m/3Yxz7WqeHz3jSgk+eff/6jH/3oli1bbv1Tq6urn/vc50jYjrVbv8CrV69++ctfHh4evvXrwhm+/PLLn/70p4GQuG7rtm57jxvZmkHHJMKkB0t0fmb+4sWLTz/9NAYj8C6MRbz4wAMPgCOvra03Gw1MjBja4L9gr64L2yBYWV3FAMfbkskES22kbF9SkePjzAMBRmdffx+siqXFRbwAnA0/mepIe3GWNM4gYHXA+biIM0wpIteuCxtnYmK8Vq1VK5UD+/dv37r91VeJTMEDN9oGnHP8W0/VgbMTeqLZamGywmnnczlwqy1bJjH5FAoFhX3XRhGmdzb+R9c64zayCeK1AE7yqVOnv/nNb5IkCG32DXhW8iOfz+Nu4Af47cViAQarbZjMjI7iQjEMYZMICUfpXaQEPTs3d31mZuv0VtrXzaytrr5Et/3UreN3sY2L3C2g5Z+L5sa7bSwni2IuEUs8obqdP5ivHNfD4aLbjh7F5JDNZNlswJPAaxisra/1Dw6SIIAicwyDySy/u+Ng3dpp/KgLh1seMa2MtC7cvnfrv/13f2bUa/fdcwTIfHJkOK1IuXTSC93BbObv/canVlbWW+u1fdumdFGQyUsNQqYwKEhv3xxNu4DJQ8bg5wWei97D2y6yYmqUxIQZFa4Uzqht1GrVhYVFv92yqw1QvEQqoSXT/ZPT0weyeiYr6gnMR77AUsv4gHdA5gLesiRSKV5aPHcxUrgt9xxd/ca3z//l02E2ddt/9Q/T/RmRudfm/PKonkhlEhOjfZdPnEw50vq5c6ktk1eefjasNQaP3uaYZsgyvpbK1cYbb40eOJqr2k7b7k1o699/uVqti5rae9edwuG9mYsXyjMLXhAN3XmQ2zIWchIr89gpv/n+AtA8h6leEpqmYeQ6vOhGMqPRbgGeVqtVvAcvLi0tFoslUsPxvf6+fiwELdbSyfRQ32CtUcdl7t6xE8gVPSSl6egaQTJlmhYWvnKtggPmMpmFdhurLfi1ImvzS4vNZr2np2dkaGB6y5bRsWHHcw2jxVPvlXBkLLW5XB7MyCVRS+IQ6HeACSJbwljVXEGh3eukrcEx12Pvvn3T09NYIi3TjLfQU1UDSht0Ix1xi2D3rl3s4iKPwisRy6cmIXiuM+6oaBXtco4iRVY8PwAUECQyJHBvUum0pusICeN9uGNYg/GNwPHJVBrgI5PJYk2kim2WXS5XWHk2F3Te9Xygila96bQtmfOSSjA81reyFKQS6s7tW65cfGv31m2r+Gs6v7hUrjebugiKrQoKgaQgdNK6PDJQTCji2PBArVZGEH1peRU9HCHw/oHBmZnr01u3NBo1jnZriWOjY28eP4FbBwDNdVu3/aS2mcpAAJPv6B3FaQqMEjKBAGYWUiIFva9TPTie+G/WgoveKazBxwwxjDb4YmdLIqXIYuiFLLua4dmoszeE8WkKOAobu23Yp0SSdaBUkpBRSPwvm06mErpPJUBpvYoC37IczAmFfJ6MbVkVIj5eoeJG9JONb4mloyI827EwNssusFIu7ALjT9JLDmuqTsJB4MbDw/3ttoXJp1qpuY63bWoik0w0Gs1HH3uoUqm3mq1Gu46DnD55+vz5c5hc4FC0DWN2dh5+Be20ABfES4zaUhV0ibZ3kaSGgC9ywQhxOZqidnSTY1tdEhWm/adpaiqVRtxramrL6OjI5OTU6OhoqVSqV2sXzl+EDX/q1Mn18jpVjqX0G8yRkS6ovCK6uFJMOh4Z8MDcru/WW0Z8Vy1MmpHfNGyJlwLClQEv8qHniiHX8rx4A5ZCZSUBoTmsjbl8fnRyctv+PQd375m/Pvulv/xyQJV0fC7o4NWb2824KRYeiR2HOBdHZKCfkpIpu5x8D4llyHecGtYPY8uDSXPQHlae68i8+J4fY2vyWPyQ3UlKFtZUhSo6Uiq6gDsb+zKhRwRa1ZNbprcd/cAHdh6+0+P1C0tr2byqpZIZj/MtxPDCHCZcRVNBlk2YAt6lc9dW5qu27SialM6VRFmqmZGgSxktaRiOogilUj6dVSVVMBwLi1MpLfUkhZyOkCiWeJ9la/MC2z/G0p25Tp0OjnMCxC+oWq1IjiQCG1roo/tJ9YZZabT8iLciXRNkpnkWodMlgcZhhVGpR7ZdKQoNx7O9SEFoXVOA1mkfnqxiyQo9KvuJpyh4odNqB4Tt06REgqVU5FxSppIQAp8aUMf7+uq23wrQVUIq8BHIGBoYFsL7qjjy+7v9wgFo7md2sTa5zK00gI9Lly7hh+vXr+/fv/9dcWTYhbSrPZvl3uMGDMS9yxZD5J07dz722GObv+KHn8igYU2+8cYbAEMf+tCH3lOq3m3d1m0/dfOZCkScazA3N3fhwoWlpSUw3FdeeQWTEtxFwOInnngCQ3hxfgF+Gt4M73ppeRmw1YVp43qAQXChYcYU8mCvSdopzzQoWPoab9qWLEn5Qn5+fsGxbeBgQG3YG7Q5NwyYQayILOEiokxhCfYxVZrmOXy7omqqquENPb09jUbjrRNvTW6ZfOyxR06cOHHu/DnTNyVRMiN4rxb+CgCdgPWh6zjVVqthmO1Lly7iVzBoTF/wgZPgVqAtzFXmbk5j+RGJT3H17Zhc44Owg994/c1//yf/fm11jaNqGKxgCM85viPJYrPZbLWXSqUiIDhC8qvra2NjY0bFAH0gizCMaCc2jMigsxfbtqxXXnl5dGQUF0i7lcVuOYtu+1vbOrtBN8wxyvGhnCqB+xEhfgyQVCqFeQBQFZOMJiu0IVcQbj96W6XVHugvgUafv3immC+MDg5KjECTKEl8tJ91JAXAq6Ol1Mc++MjJSzO9fSWj2Qwss6cn54dwNX0pEqaGhlKiUF2aH9m1QxXhK2JEc6KgxFNK+MNOgbw+8a/ICIcnduXipbmTp6ylZV1PJnp7MgP92w4eSsLCVEnLkif4GHGS3EnVo6RtlirVrNoXLrTOnVs9fbY9t2zXWqGqjYShdeGKUK8WBjC9ayT94vpRq2EuXEtzViQl1J6MpwnwzVZOXRwf273w3Vf7khll647Fbz0l87xbnlv59nIzlZNWyno6pfGOaJt229YKheEP3Dv05IcDWcpv27oofN0Vebknjygfwnoio5twqUOeBDLfJwg6Zj4IN167cOHatWu9E4d4klWSOitIEFTLFduySdSYdW9N0xE16entFVkLKWmrBZQsDIm9PT3FUmm9UkbsFj17fW290WyUSgWsCFN3TF+7egW2+vzcXP/AwEDfwPLy0vLC0uTEltHhIdctAs2AtIyMD2PhA7M1LatYyGFpth0zn8s7rqMqeqwTiiMDOsTFcgk8kYxpiMUdv+7ZvTtkGNqm7Gksx3FSM7+ysvriSy/ec/fdiP2wcmdewzLivEg49qqq4/gCk3umJDmW7IyPi6xKGpZ027GxFmPwFotFjclzYR0HkQdRKuGSs9meEnFerHeOS9Fr0Cij3Y7zpnHCgPfLi4tbJidWF2fF9vJH7zw00psVowCA5PUz3EunFxefeRFfOLfyVtMOYEnAcMB99iKvbTY1WAsar8ra4EAR9sXHf+mjn//cf7py5SrY09TU9uvXr2XTucnJ6ZdeemnH7n2F3FDkcoIiHjp0+Itf/AubqWa7rv9Dn3vYEcMVZkoAABAASURBVD+INkZ21N2z1G0cywQOBN6jEiMhoiZsCPjr6+UUYG8ykdA1iaXixpi4AwvJFGQf3qzke9OrHbGFiA9iRWiA4hDBPt40ecejTXfo7TCSBarixvJc8aPIyUIn9NzRhxao2K9E2dOUMyxS3TcRJM4HU0OQBtAwDCzHwa+OY7ctNZVMiiIfRRu53O9UNo9Xic2kVH5D8KPzhSzVT6g3G5ilyOROJMZGhycntygYUam0JquInK2LpLi3vDBv2xbmQ/DuocF+I5tVyjKO85GPfXTv/r0K1UdRwG2vXb0+ODTkWOR/mKYBVI0JBKdqGCaiX5igcLWYhAGgTdPUFVgHMm4LUAMF+SQEVRP5fE5VVDwCxP8w1yHiReI/qgJXYWxsFNPLvffdjWO+/vprp8+ePXPhYrvVrq+XjWYL99pjEkuUd0vqw1jtmIgHpirPxUIJtm17rsm7FGaQRBZiDp2IakjCd8FXpDOpgaHBkdHhw/sP3Hbktm3bttHKGgovvfACqDcmPs+jrfUsBOixx84S2LkIH+8kfYsk0Awaz+pb/BD3RNwQ0aBbL9z0lNjjF+i0Y2lpKraDThCHIChtnBQOZao9iIXADxDoFEgdkeKR8ON4dqWhpPWObL3tvke37NiTGev3EhkNbpXlR4ouSnJC4gYnB0YH8oocOl60vtQ48callcUVBAF0SVHTmqDB4Egk0zqncE27pUvh8Pjg4FBfwAde5Nt+2KjbreVVseoIgzpi4XzkCnSi6JYSi2mEHDv5kOVo03xL9QZFTZAQam15NjpvhOneMtGN89mcIMuW6zdsSwzdlK5klKQukmgHCTxTbVx13eYqDSOjKflMJgo9iURZvJAL2ZhQifCHCKj6TddJ4wJFKeQiCwEGqssJby2URVmXBdttD2S1Xk6iWgc0qkSMxZAV2eC67dbaLyKAfrcpzDe3TRXFW2yzs7P4d8uWLfihVqu9qwRevPkf/IN/wL337THW3tVHQNUxs999993xryMjIwA6b731FpgOrMwf80G8Z2Fh4aMf/eiPf1u3dVu3vXctTnCO99bFm0LiWZHMFCpkIcLcmpm5/vzzL8A6AcNFIO3kqVMwtu6/7z4YSpiaqJaR7SwvLYEWUxSdubI4Jhi0osimYTrMOOsDqikV8U5auUXBtinvK53J4K1tw6jX667j9PX3w9iAg7q5N0UgATgqgUwpWrCJSASss88Oph7m4IDVLcFfk0l9css4rMZKuQwMPTo2evLkyZWVFTLVbLKk4c622jycXlhRYM04eWZySbii8+fP9/T0DA0O9/X3JRNJwtqKCvOYXARNgxUoMu1pKpO4mXVCeiBBTNJh5mJWf/NNcO8TwAemZdpMQzNm94iTy7gRiPKLpDxSX18bHhru7e2FRU45nmxjoEClusEC6P6zvOkQFhb4As5/bHRsUzmB6zi4N3hLVx66236w/WCXEN7H6qUxC+uoFHacpli4mVWXeZtKMktiYpt5EXYiAUIukmmHBGUAAXllUnoypWPGYE5LIMFViwcI/y6I0NtENVkW5438cXYnZZEHI902MbK8Xnvmey/AV9vSXxwu5DRZVEQFLhGo6Hh/35bB/oiVG6Utq8TSY7kI4W2KOiwzLK4XJHDvtaAxUQ6aYbwAM9vQ9FTfbYez+SJcTF7X4ciBrmGS5R2HMy2u2UCIj3SztQyXSnPJdBi5177y9ctf/HIenrbnhLZPupwCb15bsBdWs6zgLCYpzw0RE4jW6l6l6jkkK8zpUiBGeFr2SsV67bhqu9Jwv6BqdttUQ94JeT1bKExtHdiypX72rG84Cq/4XOR4Vn6wJyKJZMVt2REvcZJYGpvmeInl1EWdDNv3074QKvYVRdt27XnhuW+szs82V68WhqeZUChLe+PDhYUZRUWwhDCupCqFUiH0fMsy4NkiQImlDCtgsZhHB5yfn8eVgZUsr6wlkslsPqckNYk4Th1YGXeljzCNQoHdnLlnz150d6x9mq6UenLjE2MTE2Nt+pvhBX4ul8Gaksmm+xN9+Cyt+JEfU4Z4izpFgoVOhUBS1RSElUqFKUo5QrzsMgsB6zBQTiadHmXbhlzHFZgTFCcYAv0AUPshQRPSzxEoSKCrGuKpWAdjuS2MUFXThoeGRFbtAAs9ZXanUoNDw3EBSazRFjC5aTiubVCCPKVVwpzIJNOO7a6tlzH0Du3fOXP55B1TfQd37MulFIzwlUrj+tLq2no1n02s1k3AqXqtiWHYn1Mfuv3OP/vL7xmOB16RAfjQ+a3TW8LQCUPl//M///NST+nonXecPHnhjZMXSqX8nXfvOn/u4uTExLUrV7fuPEIQLQouXb7sxZUYQk/k+KhTAY4n0tBJQxXjPetMc+DtBea6e5Z+8RrwJAmp0bAhoYJ621lerRQKmWIxyzQpeEyzdsAZNbM1s64gupbNek5ACk+szh7m4YACPTTcWN05n7KLPQeIxrExkjzaBoCwD+0ksEUqFhfysCFFUaYC1oCuIpVREzEPu7YLCgbuqQL96arOhb5rWwDWthdwgZVW5WQqLQpxVmkESKuoKgxdmYxdkQskD2/jVMPAUhsxIVy2dxF/CUn3IC5Z3BH9IJUdATM/TF8NvFeNFEmOOuLXlGMLbIswGGJUw0MTqXSmkE/BEUjoKv6eQBCOi4p9xUJPwXfcOMVEYPoZuq6CJiAOhakgmU1RPCwM1hcWBoaGcHOKPaVcdqLZajPpXh9WNgJvqVSSCToLuVzOMAzPcYCtEfATWXA3dnYkFmnDUMUp4bs2Jfg6IskCwU1MdAMDg/c/8OC99z1w4epVSqZ23FatMXd9BtfSMltra+v1ag1TX7vdBvrmWTFD27Api4QEkykqimcC9yGZTGHu1RNJRZYR/9u6ffvw6HAum8G8p8sKs37QT7ztu3fdfved3336mbhAtCSR4HFE1fVCyjumeqwxMQ7ou0j2RIyXPokwd7w15Qbxj1g5XEG4YT9FfEe6BQHCOGkaFJZF9SLKGg5ps6bPtm2iR0nkdyFKISPOAd9NVTVJ1gVR6Rkcmd57rNS3Rc3klEIfvKlQ5uBZ9eRzlbVqMq2N9icyin751KWluRXDaDUaFmkvI2qAtUsRIxwFYYBiqpSnSn1qcsSzXUzK4LopkcukNTcQLxr1TFE8tH1HKZ8mYQ5JCuj5xFrYkeP6DiZiKq5Dl4Quqoh8LqNFsWUV0p0JPc4LeRtxVjWiRdB2BZkvFNI9maQgcR4VwKAADYaN5Xptw8SNziY13DYWiZHoVmMFgwdGtQpoMKQ0cWyoj7KjI49sPNy0iFLN8Z0+xQRIGhyoWaBoAS9yPvqaJgNlcwgIcd12a+0XEUD/lTXYXtevX+/v7z906BBDFW9ucl786Utf+hJ+2Lt37ze+8Q1wW8Dcz372syC5xWLx+eefx694MX7l4MGDn/vc53CcmzUrnnrqKVDgWJUiPhrAbvynm9UwfsyfNtvNAhdxLvODDz746quvtlpUA2Qzzfnm68JxfgqCDOiDL8IBf6LWR6wKsnnOP3icTfUPLAY3n/nNZxtrmOCHX/mVX8F9+4n3odu67RekxdXwAtZgrzjMYuNoCzzl9jqW/corr/ybf/NvMPns2bsHbz516lQhl8OQMUzD83xS0te0VqPp2g7tCOF5mFkAyjC8YAhWqzWwXLxhaGgIs5nNCgrRtimLUrECEn9cbrcN2Mp5GAipFNxRKnAMp9d1mdUVwl1nmtGkCWt7nkjKmSS+hoUebiHJdASUsBxQrpUIQxZzI+zya1ev4Sow/C9fvozpyzRhpAptw415cZzwhTkttj5l1lZX1y5euMzogABkDABN/4kbzHddz2azI6MjpVIJ7AYmSqvdajYp82JmZgawYH1tfXllBcZcu9XyXGZ28J0Ap57QLcvG7/V6o1gqjY2PUTVCVlkZhxKJxTtkwwdhIpHAycNwdP1AU0Xbcd46cWJsbBzuOiyujon5do7Wpc/d9kPbOzrG+z9/HoMFPgPCQ3HFd9qfHKda/QDE4TtZPJ39vrG+JEYTnHkuNmThtETRnultYpy4FR9/oyrcrUOh2DUNN8Q3N/kwHENVlgKfP7Rv+z/87/6fv/LJD/eUeuCta8wXFFhibpyhwLH0pZAq5XQOGXXI+o3v4JjeyF/VAyL1I7jHQyNj/MQWTKw+QZKQdReG8tdbKy++fOWZZxtXLyd4kGqEE5Mjh27f86lPib15fb2uL66DKpblsDC9Zfrw0cS2bZjyZ198ReUk2494WUXQEscPl2vWWkPzBTVf4nqKAAcpT5QrrcXXXg9cS5ueEELbqtWUkJ/cfyR39z08bEg9tfj6aZFT4VuXWzUhKX/vC5/rrZYP/8ovgye24aVHQsQrVMCRShGJApWJoowo/n3TuXEX0fGK/f1uJBmt5vWTLxT7+nk1F1KvxLkiQAuARP5/Kp2UZLVaq2qyjOArQADWlyCQI3JkpbhSmGEZqiIPDgx4QYBFZHB0uFJeu3Lxkm1ZvT29I6Ojh48cxgJUr9fAo9jeHefa9aujI8MHDhxcW18hnQ3PQ9gXq3O72RwcGvBDH4FQHNw0jDjpD3BBYLleEQuF4pVWu71n794DBw82m01i0KDGbFc+FmsszTJLcrvzrrtqtTq6BuXlyaRepekEx02rLQsy7UjQNARledKSJi4D5IH/9PT28BylHzq2XalU8F0T4+OpdJqndGkS2VgvrxuGiQW9Vq8Du4B0Z7JZ+lJJxvirtFqpZGp0aGD+2qkHbt97eLpP5dx207g6u1ZumItVA4tmLp0eGBsDFtZUuXllZTinPXps73effWml7heyGYxWSREHh0pf+MLnJ8YnJyemW5bxuS9+OUV5kD079+7A45ifn+3tO3TxxCnl6a+D3x+94/Zmo4ZxD4AXZ35SCbWINizhPCVVjoiOsBTWmF5xbxP76a7Ov4Dt+vwaCRV47uLC4sLCimEGY1umBVJX4wFeEewZGOq3ndBsuY4XLq+szsxVXC9yiS5jmgTeBXNTIwrGOLB1PTJXHVBfxHdYUWGqfhcIkeu7XOSPD4+OI9TZ16MluERCZhpLsRAzKWJgEnH8qNVyGibAnQjmGfp+vdmK2mbgKF7oN1qeqokYj6bj1Go1EFvbtjKpTDpFFU15on+cIoulUm5wsBfgmBdkmO9sR1GEFcvzOJ8PJQ5RJ7+81mzUW2PjA5Nb0pRf6jqKqrH7QdsE8Q4Y0z1FzAF+tdpUZBWgG5gXkTCegsd04iB+WoIqiVJAmaWOkqAElYVQNF0tFQuGY8DGhtUdV+XGSdB6y8O7J137dCZTrdWpeipHciSYdrK5bEDiy8RnqdiMrLCiL5Q5y/KIRZLj50k3Lw45BywCBzbLToLBSJme2vSWLbgz+XwBX3fgyFFVlS2HijTmsjn8l+kj+arKysnQchQxzE0LlK4nHccFRse0hum0t69vZXkZ7gQCYZZjI9KGgBxZMlF49uzZ0dHCtHUOAAAQAElEQVSR3/47v9Vqms9891s4JcchSbG4+vqGuimdFUkc+ZS4DM4KLB5SsILCeZ3seeZIcEyRA45OLJkSuyGY3jHNUo6zLMX7WQVBw433XAp70DFZ2i8VfvTxe+TBE1ESbhhmSz2uE0l67v5HPzyx86DtquVqa3x8SksjqIEV2YM5pPN8XzaRSiopXTp74tLJ4+ftpm21zEyhJ99bEFU+IfNKQsnkUrlscmyg2NeTwB1fR1+k5G+vv5jsT5Bcy3qjWVTc2+/dLcd4HacRhOT+iUT0AcdN15ldLsuyLsuaSHUgZInpOZu2XymX2y1DVFXfxQrSzmbTfmCraqKULTJBZ4GwsuszqTP4UzyiM6Iq58GKuSjNNuiQYUai3IJPVS150u1giVAIMIpUvsPz8N8ANiU6pYJV3OGEtu0jcIw/YPHVJa2Q1pKaoisk7i5SJKOrwXGrrQug38OGyX1lZeWOO+4AHgUiAbAAEr2Z24KHZjKZP/qjP+IYLcW/sVr0za9wLBUaBwG63cyhxp9wtK1bt+LXTanov//3/z7m1hjOwtQDiNnE3PGfbl0oA/gG0BanGoNgUKSbP6KwdvP78UWNRgPn8ONVNYDg8S94OvdjW6yavalJHf+6qegUX8UmQcZfcb1g0HEW9s03GbcCvAnvjOnzT3Efuq3b/la2OOWZ6pKxtTbeb4VfjXZ79vrMiRMnMEDmFxbuvPNOGDTra2uDg4PjE+Ow8+D6ckygA+/E3AVmBCuNYxvHYGPhCJpGUm8Sq5xNe3gd2jOHNR5DEvYiPoVRaTukuQHHkiejDQF4YAkLVNhhDJfOjZmSpIoRq+RRYgj9CTY6jAGOUBQZfpRjGJLNB9sXttfI6FCz2X7jjTcwKz780MOLS/MXLlyACchKQ/utdqPdbpHYJQw9xqDZD7CJaddijJ7xAm15C9hWO1YbDSejUT60xpLCSNTSsmFG0kXhKvAfx6ZUaJ+uwme1TXwS4vD9dJrkLPGDzci4aZl4JZkEAUjpGt0HQHzcJNjHPl0RH2/HJjIuyafPnj12113FUld9stv+Nrd4uwCmF0XTANeothHPFAz5nyorGKwvCJOyRocIaO9yyMiQzxj0O3yCH9wEx2+cUqe4KP8OkMRTkprnwVVL6OqxowdWF5dGsslcIsHp2g3Vzs1z2agzdVM6ZPjXFhFgWzeIkUdUSJbOipxt2pIqMj3F+RdeOfG//7uBam0ssPzI9uCrcUZ79dsXy9Xtv/upwKomUpqopW7/zU+l9u1yVJ1LpYPjp2wfSETIDg8LpBoJNy30lyqqpwhYTXJZbnCQTyXSdTeslq1mQ8imUvt3utWyb7Qwq5qLS2v//s8WmsbIwYM5zjMCv2d8cui+266cO0+bQkyHk2R9ZCiYGi/09yvDQ9zmPeQFLnpfJfazwlYcANPY3n0HX3z5GSlouUF44N4P6bkBymQLfKPZJqbv+MlkCk6tbbm+7RdLvQimalpClEkZeX11DY8lmwVNTdN2+CjSdB0G/9raWjGf379vH1YfE+sveM+p0wDT7Wbj0qULCZ1y/7OZ5N133wUkDW7VbNWxtmJ9Aaro6++NM3eZlAotfHG8OV7LOErbxFl5bG8SzsqKyw5jYWL7fkhKFcsa1mhY0VhBBUWOC5Ipigp4hegsvZ1lEWIdFIh9UKwXBzYsoC03k82VevrQ8WzLFDwXyzQC0lj/8O34Coz6SrVuWBYLvkqqSpuUEgkVt0giFERP+Or1GU1L9pZ652auCoGL4PfxywtE5SxXDMR8PpPOp+Ql+aW35lKWfHV+KQHWFtp9hfTS7KVH7zr43FuXdu3etb6+kOKzX/7Sl++6627DNM+ev7a6VkknSvjS/oFSNpcory4fu+Pw2fNXstm8JvPXz78ZOE3OdQIPJ6bQZnXSpI98x8TTgGGSIBXXXsp674xoYWM6iTbgc1c46xeunbu2LPKhrspaKrt7b28yBaCbBBPNppMqg6EIpWkqn9G0XK4/DIYNJhFgG6HV9q22Z5mG68C0NDEpu7bDY/oTFEx1YKGwp1OZlKzw+UIql1ELmXQWs7EYUSyOBBkCnhc39sgxqYIoSmh8TlOHIq3lhFXL9kI3X5RH+0q6wisIRVL5FZEk2mmXYGTbLkJ9thWslysw5mUJbxGdMFismAvVGdi3gYvQTjKp6QDHtmvQUqpSZqxdM62Wl8om+4cEyw5UJVRVEfMdTp7tGQhFTlQlhHACSY6SaSkUXJ+TbdPFBIjAVSqhinQyJLpOEygLO/OdBZNAOgkhcKGuCKNDQ7bhwB0YGRn1A0fV5ISeTCc9cPxKpapr6qXLlxIJfWJywqF5RkzqmsDKmIPRwpHwIrbFkAXSEE9jZjkhYNjxsYwefBb4F2DWbG9lIMsirPuAbeAASMlmcvADQqZlj+kolaTShTgI3pNOp0i8gsJ0EWY8Kv0nCbGoEcukidbXy5iNe3t7MQ02Ww0ckUpKRFGtThFEo23Va7WtW7f8o3/8947efuA73/7e2bNngC/aJqkbUTFAKuhKDfgak62iiBSWgL8jdkpi4AaJrFw8t7GhimPeHK5axnTNdSRR6E+Uck2x28DnXMtBqABknuIbkti2Ld1TQ9flVZWym3khVxwoDI3uPXzn2NRuPdfTNNz6WpVXtIZlJkPNMQL4Q0mZxf5Tar3cPHH88uz1JQWMvS/J9+fwhZmMlilmBnuyPQWtt6BkUzLQ+sp6veVYQkJETy4k1bwUAbS7PH/64sXRvsH1clsV8EH8w7HIPEUF7MBjZe2V7eOjcRVK8HTYGiD180tYZ1wAY1lLW3bbtI1STx4eVjqbgP2SFkWZp9z5kGchFXS0iHf4yAp9p+6mVRHDckOKpGOjUTGeTd123G6qaBBJ6Jyi6EYC4gaNllGz3ZoXNQ3RaHCA9VoqFAO7fboxOdg3PZHGMtFoGpl0oifPdduttC6Afg8beCustJ07d2L8HD58GEwH8OVmAH2zikXcgFD379//g4caGxsDgJ6dnY0BdIxWAaDxc5wpvCmpvEmrwXmTySS48Kb2NHgu0DYQLSzFH0+K8ZH4PHHyb7311k8UicY5gMh85CMf+TGHBfaN8fqP1yGJVbPxts0s6Q984AOgSED58a+x+gdOLP4VNwGHje/MxMQEzmTzJm++M+bjP8V96LZu+1vZ4iUWPhiMXikuT8F2y7768ivwDL/59DffPHFi3969iWSyVqliUR4aGIC9g2gzbGaJ0gADuMeEm1W1Ua+zgoICW+cj+JEsrzqiUoJMRxI2AfNCrfX19War1QdzrK+PjCQW5Q+YhZBKJU3DdGE+Mlk816WYlqRITKaMKBVzSgVgDpHlZ4EUa6rGGC6MICneNYwpKJfN5fMFgGZMAqVS4fHHH79y5crx48dhbzGExMui0moZsYkG+svywCSWJAEfGE6wKvAiJVqTSy50UFSDErFlZp2AFEQhjy/CtVGqODXX8+nbRaZWuaHWF2Hm0Vm6GcJyINjZXCbww1qtvrS0nEro8WSFgywvLeNyyPNmmddxETY8jdffeAMRxM2yNu+zklvd1m0/a4ujXxg4Q0PDMbYJ3y7C/kM+cmMY/AhALbJksLjm4k2DJnrbb9TgyrisgJJEe59DMS5tTwXvKX+TzY0y06SNkRLjySFP9XnCQOHE6dFRq9GYntwS/z2ien1R7CDF2c089/asyL++1iHhVDtKiIv5RMQsgCRxqxQ6Sykc3Lr9YiKpV9sp3jeTkljK+dV21uMWn38+t2MgWq9obqiETmJhbeXC5eOz1/d/6pOIknn1RqRn3VDlQjnyAs62mwvzvO2EkuxiEisU/VTKr1cU2knLJwYHSju21773okDaJGK9XDdExUsl/VK26tSXsomxI4eGPvGRnmatXa/nt07zuXT/3XcUd20XE0kpn2WiHLiCqBOeeN+0cIM/Kqr8iV/+tcuXzp2bWR0fbx7/zhe37Dk6ML0P7nKlUkbfAFwuVyuu7/X3E5jGOqNiQbGc6up6MpVIpbPNdmtucQnDIJ1JBSxhr1goVKs1XZEBWXLZLAbIenkdrySSiZGhwbGx8WazjlXj0UcebrWbbaOp6Vim8uvra8l0oo+oR1yrKor3FXHxNm22oCDQ6noeK0XAqqIFVNQrjkBjDcL6CAxCwrIMl9B1AhQxjVFgbPw/ODIf78anzEGEHIQGFQdzsYiBO8e2AQ6O5V5XtUQyUyoVCWd7LgLYOHKr2QJNxsKpUZYaBX7xLQhIq0waVlZUcF7YISB3UxOjldW1Znm1Nyf0pFUhsMf6e12mXuKF2uWVxqXF+fl1O2WXZV6LTOfgeGrnWC4wmncd3GnxygtvvJnNJGCxjE9NXLh8tVxuNJtA8AncglIxr4jBYF/JN4yVlXXb9scnpgD0M7piNyuNyrKKzuaYIFd2q37ijdeuXDjjWC3gckHSxqe23nvfQ8lMD+3ZFvjNiau7SP/Ctvvu2EcGIwOpGFWm51uwkl2LN6zeQjpwAw7hG5GXeNF3QET5dqVaabWAo9tmO+C46Z1jluk3Gw1FoX14AGaqKktiIEvAfEIqqYOOihKBOWBjReJj+ki5sR113E3NKfBfqsFLijhRlJS4ZEYJIxWTPZZGiY1ZEhEgwkvVNjVwaFXvzdIGhcGifmjvBNteIgAX4uAEDZfKJ156s7FWN5JUHi7fkwc4zvZmfdNNTqTOn7/UMFsnL1/zxcnxkRwvUendIPRDzmexV4QmJfgBlmOB5al6Erw7FKTVZrtZR0yLS6p6Np3BuE+lFIkUm2maCUKXhBFwnqLMsSwZRRIH+4eWV9crlZogRjC/naQfZ4EgRBdr3WECIS5M+TQROK/CVChgkwdUtIsKLZB9HkVMyCSgxA9WvsUPOpUGMZ/4JHPBxT9jTkK8Ge/y2Vv4kDccCy/29PRIbC6lp8HULkgin6dEWfwGdg9M3my2MYnhWHA6DKNNhdb7+mDpDPT3Wa5HQvmuh7AiDjU4OBT4jhs4pZ7cRz/y+P33PXD8+BtvnXzrW09/C24Ly02JBNqhgpMiDRZcZlxr0adLgEsk245Nde/YjitKA/J88ofYB4Bx8f8eU67mqKKYSYciBSZaSnHNPkX+0F1EJaGZ7bYoouclBke3TW/f3Tc02jcyoWeKcjIFo8ForCNQ13ZYeDN0e0fzaVD5jL6+1J69uLC+UkZcIpfOGrbLyUKhlEqnlFI+1VfMjAwX0VcRN20iZOiHfSl5pFePFE6TBCX0VMytvLxaswRJ7ymmQwP9JKhV6pHM+byEK0A8Q1UERRL0pOoLHq63hZOg0AAlu1tUIs2XabHiNSUlIdhB+3LE8lo7m80IaoSLS8gsK0okmh+IYs0NL81XIic8umsg9N1Ya5uynkWJ52+YFSTgjTvI083HNa23TCLRAuf4ghmIbS9yItkObEDwYm8Jt3lxfvXM1bmZJXwPj/ucy+d2jnaTh26pdQH0e9XiJOWRkZEYhmIOfLRWZAAAEABJREFUApIAEr1ZfeIHU4YzmcwPRaL5fL6/v39TZDlGq3H6883fErdNWn306FH8KU5h3vxevML9pIb3xz/gZHCS4L8/itVuSnx89KMf/TFkGef53e9+dxOvxznImznON7dYNRuXsPkKvhewZhNAv0MPBBe+mRwd4/L4Jr/jzvx096Hbuu1vZYt31xLApUQnysBdXV9bXFwEI37j+HHYZx/76EcTqWSNlQlqGwbsocktk6quwc1yHcLKiOgYhkGpxb6v0JYxyjKIBcXgQhqmlUwkIzmCY9tqtyvlitEmgY7BgQGYJ5RizIogwcLTJAkcFhYVDi7Dq/Q9mBUsF5jDCs8KtfBsj3tc+o+KOJPQh0vFjhRWL4tFq+FXU0Eki6oGSbqmJ4eStVql2WhiUvrwhz+8tLQ0OzdXrdV8l+1kkyQYGIwmU5llieq2kCgHrH8SLRM79TyoMjKTrfT8OJTOMjSDyDQNxqYpk8u2rSguXsFE2SJWXhwou1Qs4TbC+iSxbMch60biS6USLNp2qzE3OwtEnsvlqMYsK/0BM9jCTUsmSY9PVS5cuHDnnXfiV67buu2W2tt0SP9GtFhdhiQg2K+bJeB/SsLIwG+0WUO0o59x47/vaDFZdj0HQzsCVuM4im+RaiQN7egmiBwfXRQkP7QxM2kC/8AdR5r1ZrNag1eJyBucPFH4Ieic/yHf+NfWiDizTFiWlx3GpBzExPFspZDYfezo8p9/teF62siWnb/9m/7a2rn/8OcZ2+bOX+WX1jQvQFzx9Bf+0k2KrhSaKyupalnjQsNs67hjtqtZ+NdWWs0kT0VjE6UCVyhp/cPOSlNQVCuhb7vvXmF4UBwfM4YGZhrV7ND0wM7dR2+/gxsa4ozy+Mc/ogyOCj29ykh/icd0Dl4jBoImZUdJVRjTPpXCE8ONW/y+gtBxQrbj+qWBkd/4O3//T//P/99rpy4e2DV9/exLjlUf2XYQK6nRbEeUQycDV7DZ3rdcBwtrQk8omt5oGhypQklgNFhp2D4g6oHoVyPDoyBKM7OzoAmI3G7bth0Ya3mR9nRjZentLU1PbzFMs7wOhGoWigV8C17Pl3K4QzILo8Z7z0F5sQyR9Kco+rS7yKctxRvVd5mUjez5fkycMRCoCsJGXj/LClSYODI8f9oYTn8KSUUaT8o0TfyK5b6vtw/LJYlveF7A9n0X8vlsJhOE3Pp6Gdi53ajDGGBHk1PJpKxqcP1JnpXpawGyMzZGAji6rmOxHhocaDcbr71xPHSMnuK4nsmXdLVWB0R2TM86fvbC8cvzawZWVCUlg1GEg3n1ww8f8o1WrW5y+sqVixeHh4and2z9zne+7dgeAtxciMUdVoaSzWhT0yMHD+x5+qmnPvTBD3/jq08LolJeq6W0FJflA8/fsXW6t3fg3KnXr5x769WXX1pbWUIcHHc+nU4OD4+cPfkqFzl79985MDx9U2WG6H0lTd5tf6VNIAla1/VN0wYkC3kljGMTimS7QMaIyQEdwtaNgLFkUewfGOgbHgCpHRvtM9oOzGnwPwRuIs7FENNkva8/JwDjhp7GNCQCn5a0lukAoYJPJ2EDwyoFjg6ZBAOpG5NSM94JVO0HQMH4Fli2hKIZgmTVR3mS+Y2loOKeKgus8J3npBNSOpkNyCBGpEmO9ZlcJxCD1GIx0W44UlrJjPRs2z6elDktoTRq7VrD6h0vqS3Vs/3zV6+3zPRwX3agryDhMl2JJjRRCAWfEyRVyMokseW5lk28j8csQd9TbbVXKzV8qaaKrNgplyaR5CSmjYRKogcKALwAYko5vODyEeUCy8ARWBCAm3H+cFgymSx+1nUNV+hSRA0hIwdRTk1VAyZz70d+XNmPbVKUbIoqiaZl4rYqKm0KcUk4uBNpY5oMlAwLt8BipVQVrF8GbfjA+ok5CuCblcmRcHc2V3zC+iQSRfnImK41BPBsG+cGl8Qn8ikwEEwXaNk2HJChoUE8tkI+VWsEqoS4NuWw96i5Dzx434MP3f+xj3305MlTb7z++vVr1xFNrOFNeKI8o+Fh4FAd9xCnQbk+TLWYi7UTA1LYwBdFHJuX4aiE8cMPWM1Jyo8hhXEJ90bWU0n4UIlkMpPvEWS9WOwdGp4cGZ8W5SSivPmeflFJ6qmsFTiIlPjNmhO4pXyu1JMdGh7Q00qz1T5x6UJ5seIaviogIi+7JH6SLPXle4ey6AbFtCpFXK1t1OsNxDawqo/1ZxEXCZiWuMwhnAkXjKva7sL8SlLWaQFIKpwdJbRCxTQWFpaWVtdSmrp71y45o2PI+B780FYQcKqcwLO0TcewQJC5NGInCG+4Pk8F6k2bs+OyzyF6OQ4qwUdzaVETRcauOT2RxAnYlpfWMFSYR9fRNb9hf3IbW4RN2wXjBnrWEjoGXehGSjsUXQ8dUktrCLY0DNszXUXLcr5fb5uA+ugYlbrNdduttS6Afq9anKR8jrXNF8FGDx48+K5KEcYthrBxei9+3USr+BXM5R3fErc4bRm4FtQ1VpzgWIb1zULSP2OL1T9wAr/2a7+2eVE3CzRvfiNOD3fjAx/4wE/86p+Ybc29XSH65oYbgtsSq3DE3xgniXPv8X3otm77G9Q6hfJYdY4TJ0689uqr8BfLlcq+ffsuXbqYTqeOHjmCNRvu8cXz5yUR9pEKTnru/Pnx8bHe3n4HADryMcxZNpNRKhVjQQyqOxT4ZPiQSBli70DJZrmyDs8zm8319ffBhovtsNjUA9+lrChmG3EM3cqKRFRalFiVDJdtyad3xpnFjAhTIoNlW8SFOXGznCyVOmFjWVRU0n2TJCEUEczD8WlDm2nCVrv7rrtkVa2uV2ZmZufm5xpWg95PeQK0d5xnu5JhiEehKTBRNI7VJIklMtnJCuy+wXcPGKiCpaHEUrFk5/H0H2bCUPoBppee3p5Ws0WJF8JGBUGyZRVcZm9vr80UPBBUYxVahoAKmo1GMpViJZ45KrgdRYD+e/fu7aZVdduttb95APod7WeEirFy9AbLjg/ICdEGIPyBbfGxH+6SH+8nQQYpD0ZeXlmp1+tDQ8O5TIbrSGhsIO0wgmsNOsDzgcqJvYWMZcpw7nhRFjsZ129DzPz7DECzxseSEWGntCPNWbyI37x2uxbwgauI2akpfttOob+fK3xHXa9WT5xLeb5K5DHy4OVmE5M7JobHR66/8Lwceaos90ph/dnvXV9ayKsSd+0KSH4t9PI9Bb6Qz23bMXf2KmkrDg2m7z4W6XL6ziO39eZDs66PjSq5Is8joqkGCcHOJYViJiTRf7iL8PgEquAnSw6BaHC/iNWqFLgfyGT/a2+bEisR3SJ+78Hb/iCT+8qXPv/n3/jeE/cfbi1dPL5aHu7tWbw2U29ayUyykM22mkalRlnMiJO2LZtWG0lyA5+26bA1EaucDuwkiLVGw3PcYjFfKBWNdhtf1azXEMUE1Z2dm0Hw88jh/a5rk8yUwOOA9VoNTLmnt1dgJTtpzeLiDTlhTJ9JSQNo2yPEzErsysSUWepfwEpUYT2KBaDxMxPZoBaHltkz4BRJi5NRKtX/P3v/ASxZep0JYtf7mz7zeVO+qrurfTcaaAAESZAEiVksh7scJ3LHhXY3xIjdiB2FIqRYrSJWI8VsSBuhmBE3REmrIYcz1IieQw/CNEGgYbrRrrpMl3v1vEmf13t957/5Xr1uuIbvRr8fhepX+TJv3vvf//7nnO875zt9gq0VZaZDggNhGJXZhY7rdWbI1msAjIoC3PPefhe/IyKX58C5wqLhWyjhWgT5nTP5r1wimQJ8kVCqcsGwnj19xnEdq1ZrdOZee/mre5954eXXrp1eWPC9ZHcwcWMuKmRXrvJGCqIbJIgqBE8/eLZIvP3B0LRmr75xO06T3e2dq7fuwKim1IPKxLNerdpB5DfblUbd+NIXvnD21PnPfvpz/b6vSOncjLi+vg12eXFh3hSkRsXUNe2ll756+42rOG34H53Z+f39vY2NtdnZzqh3cO31F1XdbrcWM+5kvNdHbxJtbe5HPp7WarOt64qiiSoDwojgATjl+UGa8/3+2HGCarWuaBK9SZZNw6iYpGWg6yovVbKE7FgEDsePAHnJiuh5ka5LgJ6HA+wGpECgq3KzVpF1JaF+aFnZpJcAXjzCMdW5MPRZVLiCNOWId0wFqmFQj9i76X9I/Jb2LaotEciNLR1ugaSaCtLpELnZtvn+H3t0Mo52u8NJNOYjt91syFJRbYOL0XXfaEd1G0+7xOlyIQvUNK8/8dfW9rDh1BqVdqeGw4mCXES5ofB1wwT6LGOKKraiCdT3Lc1jKjzK4acHfjJxw9HYu3mnByN7enn21Km2QtaqEIHjJ7FlAzG1a/U6edUknSf3BxOgvp1OG9cRBiH8/CROKE1Y00g7WZLIassywe8FdcstWUC6fF6Ik0RIGfGWp9RflAQZOObnl8UMRHkCCcfxxIrteY6q0U6Fr8UtKNNN7g8mHw1HAh+1TYsmoT+QqJSEVP7iOPM9l7UKoCimYleyOKnUaggObMsA8F4KhoFnlRkLeA5735nTH/uZnwo8KhcBAL2xubm7sz8ajzY318fjCSCXyRjxmes4LmsfmJZxE8eQ6IK1Rs1IvL5ghVvUsRDXYiqqXavMLS9gu149dbZa61RM2wuLlFOTQj11+hLObf9g6/TpuXqj6fpYgEl/vz8aHiBouXBuaW5prtKogO/b2+vu3Nuf9CcI93RNhgcF+t2ytNOnFxZXmoYpqlI+6YNciNy8sA1jqVrvWFIRp7lE5+Z70cTxAILzKZ/KUl1XcHLdvS71wsx5iVdw186dXVxaaoV+AlO43x0BOh6PBxkluesI4uCygFDAZu4FzsGoC3NmmHrFlmt1y9As3wtFMbNVhReKmCt83Ee4eHh3iukVDCmVDGIUDNmQqCDhrW5awZIY8AC6EbDl1NIlUyHVExwgjAvwQBK1RqTy14yLshxBqCCrMBcJeCKZupCkJ+Wqb3+cANDflwEX7cUXX3wLylkis0cyGt/uOErvxc/YgEolZdOEEdCBur4lL/j4eJqNoxP4gz/4g+8J9loeDd/+T//pPz2ef42r+6//6//6+DuxieLM8cMR/luO8p9vaXJ4lHz9dcfxhOsyl7k8jaM3lIocwKDX1tYw/8fTnL9P83AyTsY7fLDkAoreearMEnNWez7oD770pS/+8R//SZomwGQ/8fP/sed5u7t74JzhTlFaU5aB9Op3+yDtDcOsV+pXX7s2WZxUqhWYWVjiycQdjoerq6vw2OBHhlGka+rYHRo81W2t310HmqDpyvzsLLxxOo+8UCWZFO5Ypz6mTUm4EDXQAMMviCSwaCLoVeGtFwTqcgzPzrDJ4MGnNiUc9WohkeWMFLpEDa+HSUJ1c1FMDqRBGco4NPUzgVNG1bySqjf1ME5ee/0q/MuZmc7jTz3xyOOP7u4e3LlzZ293l7WH5mSBD5NAgovEUU5WwuOzahRSkZQAABAASURBVB4m2HLKPDCBiXXkJFQSlWLN+GqOQVRlD2UqhcwzOCF21cSeBo+HaMLlJap9E8rQXY6CEBsOPoi/sXVbhjkcDtfu3F1cXFhaWASg4Pke8ABNh/ecr6/dffKJx6npOWJyYWqpD0U5uJPx3hvHhYvf4jfnx156lwm28N+j0y0R5nx6zEPM+RscnVQI2JYo6xanM7VoJj/9+vXriDTGQfDUo48pxE6xnnfsqJSpTZocTHJRpMPWLOMQ3ha5twGgf1fSsG9R9Dj657e628KbvzZnW5Yw/SS1ThTzhIvivds3rDiIBV4H9Gyo+dqAd5zMc1q12XCMcFGNqvZjP/9T2WLVI+UiXLAs5Hwtyzb+6q8GPBeK3D5QCQTgUjIQpdVmnbO1pZ/5kLowE7hu6+yqsDKL7VHUVOvSucid+BN3/PobmRMOu+Od7q4213r8ox+WKsAZpHjiBhMXMWOtM6PbdpFRXyag0cev8p2TAX3YWZKSjem/eXr23KX/6r/533/x85/+9B//9vy9fdtQN95Yd8Ev2g3MXH/QUzWzNdP2vCAC2CRKQUagEqsKIgo2Z6U/sErtRlPXjJ29Xay4pYW5mc5sv9cDonrz5q25mZl2u/3QQw9ESTwZD/HJ5aUl2DKZZDj1LMNtRJyulrnMMmwuIF3AvooC1tN1XFZUBGCHasYBkiQASNKAvr7sysUylLlDna7yIETEMu4i4fmy7KdWbYCrJutNwpckqUFl2XZ1YWkVQAys5O7ewQQAiesCC8Oyy/B/KjWiPEHYbBwqjVn/B4m3LZ1ptoI51siyijKXcoZuHux3ZcF7+oknTd3sHuxNRuNX7o5wOabdrkhwB1Qr8h3PBcRnycFPPXXqybMzo/G4qgn1mvqFl/qDsTuO+YmT+n5UrTQB3Oiq4nve3FwbuNelCw/sbu17fry1uVuptQxVS+NUt6zBIIji7QsXV2GmcVEPXn6gN9iL0+DyAxcB/f+HP7u3vXtgWpU061m28frLX/zxj/0nfEZypQX/DeWD3qI4z7+7NuiT8TbG5u11cC6XHj6j60LOJRLpuMfYX4Fd4cnWZdmNJwB465ZVt0wwPP3B8FrXMcxKzbKrFSPJ/LVXduEV8gSuASyL5xdmSOxXADOUCOJBrVbB3oCHNgrhnkbdfVc3jDQi/BaLVpI11x/vbG/jgRqPRoA+H7r8cB1AbZRULF2khE4mKEd7f876alIpTFbKZBQEULKutAVr35uTSgNZDaZPkBdLi524U5w6s3Dnzu7N129rwgOdNuglvqLkYipGeaqrXLOiZUzyAVC2JkmaImuWCizx9TfW4No2K3KjqvNZCiILZJdhKwbeDe4W+4mUYdOjCKVNGEKakczIcORv7nQLDv6yp4AGwyalqopG0CT2IC8IbLMy9BIvKlZOXQzGfdi4IHSc0dACPl2v8aKSpTR3BMuS/DHHQo3c1FW46VSxBKZNU9IoSqNY1lRelQFPg+f0QRIkmW3biAiwnSsyaUIreD2OdVNj5ZWKrqikXMTx2DE42rGFLC3KGi5RlSeep8lyFCeSIoz2JrZV5Vk3O0yJrFLqDIIp8Grgxiy6vMx1w4PBzuryPKBTVo+Uq9RakPoXV61qzTK5TqsQ+KeefqpsZUzxDgi6JEeIhOBr1HV2d3b3B3s9EH2DYXk7c8QyCMfCFBN7amWx1Ww0m5S+LFFpqNbEzVBU4M437+xfeellEtNotUTNgLMT+IHAp21bbVWF/TjcuL2WxdHKcntxaaHVbmDTHk/CXm+0u7klc3LVtqhdbRpYVb3RbMx3au26yXjMbOQ4MBr1Tl1Ls4opVjUxifKBE8DQYB6297vdYb9aNS+eO63x8DVqMqUYdwqiUgTK8S4yhzoZ1os6hz1ZoMqCbBhg4XOajo23MBp1VZDT0YDA9ijsLDQX8PUqWazR2K1XNFul3+S5NPGzmGpzUxVWRtdhLFqaWLUMSTKzJM6YLLZwuBenpKgukz64IEQ5lVvZtg5WnVLk4SIhQk0xuykIe0nOLa5QwRbDN5GxujJWhkOdL2VVKrKT8OztjhMA+tsbpSrot3zbUfvB4/hmKaMBYPTrqjx/y3GU3juZTHAcHI17c87vcRS4HCXSitMogdevbWb4HQ983R/90R8BGCp7FXLf6sz/8//8Pz/+yjeR4HiL2jXHQGdMWvlzObHAd772g+UopU7+7M/+DD+X7Qe57+c8nIyT8c4frEFzVrbIk6ihX3aLtCqv/97v/d7du3fgE124cAHxKh7qOQRnnU4Ux9S3iCO8s1qpjEZD4KrAnefyuZ2dna3tbVhuhUqAa2fOnUH4TDnEVOiVU2KyJO3t7ycRtVeqmhVFoYiSKSOTL55TCgDLaGaAbXl6BROpZD2gQ5ZITA6xyik4B88P4CR4rierSvlOROYIj/F+mHxeoIonhqWQamueI9QMONYjscinmdaCKLFWLWK93tja2nzttddeeull2jYXlx579FHpqaf6/f729tba2l2euiDGkiCVygCiUHZF4Y/+JiUN9gPlTMLzJ0+PKhgpIYKSuaibNmDl9z3zPswDSDJq20gNGHEi8CkzThBLZUySmBZKXWmp2Wi4rnfQ7Q6wF3VmDJ1ko3EafMqtr98D4tBo1OFGCydtjU7GNxvH5SKOOmLxDPN8b2Ed39mDgnAlY43jn37qqYR6zWdfF+FkWaD8MQDpBxhpHNOz5spuTVPREe7bGvzR58uDktyIko79fOJrQCoRtGPLCr29P/t0cTDUJdnPo0Iu0tgTBH3rjRv7Xz4YB97M0qmi11UlxPkEBms1U5pvLD5+GbsfuMwHTp9pPfYIZ+r6+bPLiysciZGmea8/3N3v7uz6UdADrKCqFcOebXZmF+fOVJ7Ok2S4sb+3/WKAHT+KgQi0lhcq7Q6wT5YCLTHDMb23Bf9OyCX/+gNQCCyYICkf+LGfeuCBh/5v//x/VxlOsOeDbOQVKYPtyApv7MBskbgoXRVHElg8JykyS00ENJrIAgwcN3Zd2zDbczOwfTu7e8A1DFXvdDo25sj3n3n2fYoiAaCpN2rAceEwNxoNAE+6oXOkAUUyyhIrGGK6z2QKYYaZjNVUyAR+NV6lnEGeeh5yTJiLY4nPAkvEhvEquxOXr1O5ErO0eEPp8wMoi+KA+oFZFk4MNwik6ng87vYGo+HI9XzWAIw1KJa0nM8O/RCShQWiJImkESIBvTV0SZFEwqNIgIrlklOvsMVFQtXhFTz5+KNYFi+++JJtVufm28CNEPFPHH//oB84fhx5D5yqPn5+adDvO148Pz9z5RawsiGvVzWOD4Dl8GlEamNyEHiaYipi/rf+1s9+/otfMG0rdHGVcZaP9Pn57mjQFmUfbyJ9av+Bhy5UbQ2wThBEF86t4Mn597/97x955PLtu5uD8bhZCIAwdrfXuRzUuMadZEG/t8f5s+0mheQ51c7x1JhOJC+VumfLIk8dPhZnCWCEN8iYzoUone97/eEEEappCfCvqTdgQWm5eLyHQ6+7taHIKuDC+blmq2l62Bi9IC/SRsUAUIgHnLQqdA1OJZ5vEH8VQ2xXKvBRR8Mh9hUwOSY2aEkgfQ0E7EHhwIsW+bpN7UZId4CxqGUDPSLCBJleo75r8FQp4QFONO0fhRRFGSicXr+Pbzt3ZvlLX371iScuzHRq/X7XUADMmmmU7++NTFuDW+85Y00zG9UaSNzt3e7Q8fLdgyCuBtVaDc+eKIz9aBLmhiRamqpIJZUoYNOUScMko7YvHEBXo1ZdCtMIHjOcd5LHKjhdVvIkxZYh68bES2/ujbFf1HTJtuwgiRSrFhUOzwo3KQc5j+GeA7gGlJynecpRxorAxVFI1ZCAj5PAzylbNXcCSq8ppkEJYdDYomvVKmscwTolkMw9KeAbuoDpSrlYIOyeihRZ5HGYCs3CHLwzZuwadkJF0bEns5bsIPx0LIbhaMQa3xW1Wo1pdYi+TyqIBUl+CYcOW2ncc+bT8awPBXyTtKDWjgJp5BNUWiiWZbRnWgvhqQfPU+0KeEQu9ZMs9ENsuFyWmoYJMNfE1jrVqiYQPozz/f3BcDQ8GIxhf378I09puhFk4q317UiliQYgeOPlV+2KBtvQbjXtxlK12RREdTSJxoPxZOiAfCQOnnXO4Ll4abY2O1+365YkyNRTQpQELq0ZFayhrd7kYG9voopRlUgXjYgE9WCvDzz89JlFL3ALSoficT1REvXHgSCanuP6gVur6bZl6HgcAOjyJA8NQ7OyOueG+dgPfNd3sMIFCbcTV2Zrtm0okT+JOKwmsYZ/yCJ4hH1vAFu4tuW0WuZcHd+d4+ZVLSulVgfk38lUaHuYsMEG5ge7+MEIdLtkmgaAcA/4esQx+RZ6RnCP8BX4GsrkEgtDssZ9P5EpqV6wVEyJIRYVU5PKFPuT8TbGew6ALntcct/pKOvRvuXbvlbImDsmo1EKaHDf/ijTex3HOYJWOQaz/tZv/daf/umflvm8pSxG+R7grfgIkFacCZDWEsk9Aq+/m1GeBhDkb4k+f7sD54lzPq7X/OlPfxpoTin0XIL4R4A7rui55547kvvgGNgNfB8fx/uP5r885vdjHk7GyXjnDzhGpegzHgo8OF/+8pcHg8HLL79c1iV4ngs/CQ+RYRiPPfbYwf4+tpEoTVkJnujGITyBGB4e4rlqVRLEOEvsig0XzfW9hGlo4C/TsPDDxubWeNjXVKPdnpGpI0RCycTUIIWAm4KdCXVtPlThODw9OGXZoQwXRcoyzkBV4yjSdU20TEC01C9CnPYVASBLWhZcEVATQolJc4hw8lizES5mjQpZQRy58kmcmBUTHhwCzWazhctfXT2NcPTWrdtXr123TBPg+4MPPHjx4sWd3c2NjY2D3QPShKW85qxEnks5DpDglAU2FdRjrinLEMmprTZo84RFz9L73/8MIPsbN25gI5pMxqwNCzV6iULADIlwiKFgrnAJ1IqK57HR4TwD31u7t7Ywv2BXKo4ztqo2UIbr168988wziqqlWc6djJPxDUeJiR5BzzmrwsQrKncy3t5gpRg5ID+Ook1eLL4hvHyUglD8wCsRjk7q6O9vF3Cfll9Pf6QdFTuaP3F5L5YLQRXlhc7c6FPPrT33fJsTA01rX7iw9cILtiyEo6H32lVf5LAXx/MIcNWBRnteffXUxQ+/v/bBZ/iFDg7bTlkyua1nQZRFftQfrt29u7N1Dx9vSPpCZ/bC6uoj851cM1KEqnFszc/labp9e+2VF19s2tUHLz5YWZjhNZWzdKp0yVOxIN5UficHdfdVOEqYnCc4gyvqndlf/M/+i3/1L/4Pywvz3GR37DnDsQsIgSN7mhTlBwoSYsbncI1xTL12YX0Q4wJ1pd4AXK6ZtlQUbuANuiAjG4vzM7Nz7cXFBcM2ut0DfMiu1MbDqN1uk3SyYZRrMyYV5tRLPAJ0JTmJYqzaMKUsP462hil4wjHjW+qWlpdARp8/tO6+AAAQAElEQVSxnTlDq6m9AkNMYDFTVooEa6Wylg/4wKTXw32p2jbsNcNviuvX3tg7OCD1zCAQBeBumlUB0KQBkjcN/FcjvhbMMYNDwih2HQe08db2jqzIM50OACOQr2mc4ICaBpiMb3faw8Hw4GDftiuPP/ZItVLNSP7UpxZkXuAMndgPzszpH378NDiS7sQFzgEy5W++ekO0ZkXFKqR0tVLH8aMg5qUiDpNms6qowo1rr4CQ7rQ6f/i7f9xstQE8hWGES79z9w7B67YRH/j7n33uQx98PwiVpcXFM2fP//vf/nc/93P/0bUrVycj3zDESI1IAvFg2xn2reZi9s7lRE7GD2J0WjqeEhKsL1j6sDjly8oW35TOkdMmJvIS0EE4pQB4VxcaZ5abVMwnUseRmaotknxzItEDKKRxoZAh4lnSW1ZtVtOqiYdDkZUkioAh+s54NOyRtMShdEMDAa1NKdVw3DWSjhbjOKRGhTgAQDXVIK11QU1znjrRMluSC1yQFn6UZnFoWYohy5qipGmUki6HEobZxI3g58ODrVbh85uOn1U2tFdevrq6uqDrIli0vc3N8cgBFIh9qdmsVSt1RVTANimaUanXeUU0LDGICtdPbu8ObVlSVMOLsQkUANRFKUvzOPRCPIyYGxLVwLWDrqOCydyQFZK1zrgkwraaA1YGvI6XEk4I8uRg7A/6Bz/+vke84SAMHEVXBUUe+aEmCnkywiOsSzpLHod7jshBzNNQEhUv84Mwtk0TTCAmV1BBSiXYiVRVhvtuUc8VIskQt8hUq0H6yjnTdqezYxk8AjVFVEjMKInzY04CNr0gjlJsgmmmKgqihrnZOdeZtFo1QMjOJDQtkwmHKJVKxdD1yXjCqVqt2TjsfsdcONYsmPkV9Cdja0igelNKogErHjF9JEQDcSHG+Bt3zTAkWcVtGlJiddRpzmgAg4vc1BSYkjimxBdZEaMg6/aHV16/sdd3ck6qN+qGLnc6LVnRt7uuYhi497Dnq42VmlK0Z9qA50NBAoUIGsIb+IPeZDJy8ywRZc6yrSRLWqZ98cxSswJ2OoqKMM4KbO+WLipYalnRcyJc5Mojl0xJAH8QxcnOXrfbG1ctEvkejgauOwn0UJHknEtFWZxEKQhKTLeB1YsD5JyTxbqgOYGD+6LiAjSpaciGqfKdxgSvhiEiSd8vQGkPutsXL5xLc7xNUkWJejx2x7Kp9HuDTrPZBjieh6A3BHpGiCeEAcJNBJQv3CfzWSQGmD/n+mMHj/CqboAUSLCAaK2y+8KBeRUNqsMVk4IHiFQ3FTnOvBDQNG/ahpDFbVup2ypWIncy3t54zwHQ1FEqSbjvdFBF27dyhff394F1fl18s0zvffHFF/Fb7tsfZXovkJTj0Dae53/0j/7RH/zBH/yrf/WvyleOi1qUP/zbf/tvy39+r7SPS6Xmt0hqwNb+vb/39777nOK36DXjcgCmY944BuJ//OMfB8L+a7/2a+VvP/rRj47H4+MfLycZiPPxM/k+zcPJOBnv2FECJWXGE4hrMP+DXu/FF7/a6/W63e4Xn3+eelmwvludTge+X+QH6+66aZrwaGFfPdfFO8ejURzF9XqtoJyt1LC0hlqDe+0wbWXDMsm1zoq9vV3sCfix1WohVsxSjvKleFaZTEBDjpBY4RXq7lUae9ZvmjXNSKZpxXGSF4jAqRxPLgWd4Z2QlgZ1NSR16TJMBwYtifBE4VHzrK6wvEZqx4HTTmKRHaHI4eaTGheuLgjIX7crVdfz6/XW0uIyfj07twAKDQ7iyy+/Cp/PNo2lpfn3PfkUtnegwZ4bTCaksDbog/cf4ciaplOCNsvMwsepRXWa+EEksKbYlWrl0sVL2FU8z1u7cxfoPE4jCHOZLoHm3zCNMvDmCHbIVFkT2FXjOPitRi3PKTjYO9gHRD6/OO96DvD3u2v3QCJiCk5qdk/Gm8dR6HPc2eWPqx+frJm3NfijCJLakBaH8g48P53Oo4Tnr9Nj8Iehzz5FkKcx6lQB5Ns4GZbCzS6KdDERcgF9jA4O1CQskkgWhe7nvrizdq/KKV1VePQXfmF/826gW7wfZbJUNJtzDz3w0Aeerl9+IOj1dl97ze40Zh9+iLOanF3jhJyPInfU3d/dd3YPwsFI56n0W2vVLj/xRK3VMFQNnNzG+lb+wl40ciZ83jx/+mKrI5vG7MWzH7twBrsl8M6p8D9oAIIpZYApCgJq9mJ5X/hS8eQdMlgPqGK6sdM5kjhUwagggb/02BPPfvTn/vB3/n8ZtX0E+KAl4CypoyJHBTYC5RyyXLqCsp5lepYBl+SkNw4SSQiiJAgTI+dPL64KMue4k4nvPv2BJ4FSjccDVRHB2+5u7szOz5Kxo+oj6otLWlEwrGkaRqEMIIUESgVYTN3QYSULVo1UCCxZLw6IWmZ0L9GujFuFHS1DJIX1LYSVByZbqVbhP5BIlOdREpkggK4+ffo0Xtzc3oHpB0LtutSbwTIsHI60T2Wp7PNJIh5p5nlAjVPfczUTHzVEEq02a406qa/i+5IYCAcgdVDOiHFEkiWhjGh8tTJLuhn31u+CPzYtFcgzOSdB2B8MJ+6kafO/8OGLTVt1Qh8I22zDeumNXU5pzs7OJRwAozwKwkcfvjQZu7t7+3weAWlZnJ97/Iknf/8P/+je3a2xG3C8V6u3JFWxbcsLQ+AQOzu7+Buw+bXr15PYPbV8+df/zb974NK5zz/3hTdurjt+eP7CWUD5o8FYoI6eWYkvHrHLJ+M9OERO5Vnj6kMpJv5QKI2tCtbLjiNmGE8eqTLjv+Q9In7XFT5PSJuG8jEFVcJRBHi7gpgyUV+m7IJ9Oo1xTEUViSblM+Jg0ixMgGx6njMZDvshXkhjVVNN07As+7HHHqs3awHQ2zDCAfA4NisaPHXso/sHw15/nICNkqWcVJBJKNkCJsoBOM7Hng8c1Zn4O9v98SS0q8bcQssw5CB0JuOequqXLy76XhYEYbPSEmQ+qIuLy6twzLE37B7097ojTTVMSwTKamG/U3iZUq1J5qMX5OtrW9iAlpfnjYplaAYotriQ/Uy4vdtjlJY4HIxqduXUXMvSaN6SOEhY0rcscgBwFUV2vMAlWTptfq4mFZ7EZ/VGrXuAnYfTDM0PY+qgyBUjx8f+adsm5jLOI9K/wLnyQr1WB1Tqx9gHKXZA2KBiSjmmjk/PMTgzHWeILSaRwSQImianQKM5ISoK7LeldklM7Rw5udQVZCYJny+pApBzhP7mBcuvzWdmWppGmTSUD62IYBCxK4osFXriOIZCYvqYCUo0L6iLOy2PaStTyqcmrf60oOQTQXYiAN4p9SEseFHGtXCKLAK23R4ihgssXWtZNVNBTETcYgbyOE81seA1qXfg7O5QL8PtnQOOF2rtmkWUW47o5ea9EeDlTFbtZqdhyafaupxnk0k/1/gw4Jw4c2PeGwcedskgLlTZQPini1VdblXVpilZmoTJyXmhqlow2wDJozDBqt3r+bjMdk2tiLHIi26QuUGsKvKD51awwHf2BiN/Uqnoom7GRT6ZJBNnkhSZNzpYmGvOzndAvWxt9yj801MQKY7jgSWp6UbdlIjB4Yu5ljZXyKS3zVfvKNSZ8+attcsXTjXaFikwF7KhVhHcLTVn6jbCKuDJWiFmZVRbMBAPN0tTZNq3ER2DciAWViyY/jMokiKjtQciQ6bOsxwwd4mVDACR1iVB40hlPZO0SgXPT1DNVNLX1mQd06hS29E8PckWeruDL95jcpL/8//8Pz/xxBPfmQgGxq/+6q/+zM/8zNmzZ7mT8U4dZYvCr6vvcTJ+WAP2gHvnjXfmWX2vxhEAXeYxfe5znwPwXMaZv/t7v1dWGFy/fu3SpUunT58ZDoC1gpd2FxcX8JEhXNrBoHfQhTnVVG3l1CrLKqb/wwWajB1W5JtTdfDm1v7+Ac+LM62WbmjgqiXKYyKdMkGEpeaIyY/TJM7gC5QhOhPlyAQmSYEQVzgUmJBkoWCJV5R6LVICQpZSew2mXkfKmGEQUmfxjDopUUdCScqZgJ2qKmXGFk6jPD6TWo5ZN0HJDwFBRzjh3mB0/ux5uBkIcfEezInrOpubm9VaZTIaWpaO70KMbZog9aqmXcEUmQblX+/sbuGrJxOsljzw/V63Vwpl1mq1dru9vLzcarfurd0DXl+tVmtVazyewLlH5IDrJmlseKUCyyljxcW4bEAtpdAHAnWcv+f6kiwB6MckbG1t6qY+v7CAeQSQ/U/+8T8Fup2/GWb6tqw2LpZ7h43v5pQmk8lbXnnP9Gn8Wr/2SGfjSAu4fM8JFPItxvEnqISgi8NyTKbwUCoQHSpVsFkVfriz+uYnHttr+QPAxvLMv62nIGda0ERNxoUoxDv/n3+z9f/61zXfF9SKg5BXVTzDnv25j5z9J7+88ft/tPbJ5zx/tPqhJx/4+Me5pTO8bgJN4ZwhMNQCp6FphZukB4O7167fvXMLKMjc8mJ7ZXnl9FlRVijRLvCive7OnXuv37yRKvzZ1VOXzl2SZue4Rp031DRDKKeRMBEuUOLLNraKrOACSWqf9YA9vDQh576Ofu53s5n0egPuuxv3N2SCjKeLRmDhK9CNq9de++//u/82CSLQGwhLI4T9JLkqginlqCiYPiwxgRHMAFlqlorM+FOqrQEolMaJLSnzjYZdM8LQ+eCHngl8dzge+L63vLR8sLvfmengs0AnYFNU6sEVsTJNiQwrVXaTgAZOEpYdJCiQEkmRM0qFxhLKCJgOCQQpDS4psfICkGIynaLoTCb4265U6vX6ZDwG5QwLC66a6FLKUNZcx331tSujCdCEaqdNrQgTGLwsGQwAduxNxl4UxQDBqTtDVqYMUvMuWHDLrgLzgoFvtxv4MzfbrtZsRcXvuN3d3UG/rysqrgtziW/RNYT8PLyOIAhwlCCM8CVYd5977guBM3jiXPOXP/bo9ijp9rvnVlo7B+7v/OWLndOXrQoOaFarFd919g96s505q1IBtRxE7r21uxfOn7VM47Offb43mMRpbpkVgeR6xVajGUdho9na2tx84IEzwJ1+6e/94v/0P/3q3NwcCOk7d++dWj1vVeth4J1emavU7f5w9J/8nX80s/wwKYd+49LYEw3od8VotRrcdzrgQLJOgGJZiVRM6bLju/Z0FZSp0XjagzAeDd1K1QbJAu5OFhSinTJSzOOF+7TWMbIZG6SUcETRASSNE2G3F+7t9vzJOE5CsZACf4KHDC5lxbJXVldUXREUAS55uUXBAQZsjUUehqnnRDwnVSoVjvaeZNTvx0mqmzYerUF36Dnh/v4gjiPT1M5fPJ2TyEwxNz+nqtg8ZHZWIify2HOAN44GYMkSw9Sx/CVSpANoCi8d7BE4HVkQMt2weWqyKjphfu3O9sb2/qlTy61qVQU06U6cwAWCGaWU2Oc5ruf7FVudq9tLM21ZUAET82qu8jklllP6MDVoGWJfUkA2uwxPYgAAEABJREFUKY7vAbhsm9Xd3T3weu1mQ1VUHCIpcmqmwvGVSs0E68bqPVh0wHz+iYOfgQtLAgGauBGwWYkouzEpUKdpAcA5jAOQZZYgdyo1SRV6XpDHwVK7LgMXTlP47AJJlSAykksWmMSsy740XAEMGHvI2HEQztiWLQgKyDkRd46kIRJsaADrccLgCUjvO4xmmg3NUKgRIhWHljsDBVnUxb3ggKNj1/TChO6dhBlWdLABquRFebc7BPRdNfWabajYvVkvHF5KszyVFJXUwIfu9Tfu7u8NndEEILpt1S49cCnjuNu7e/VWu1nX0iRCKKVrFU3RmnXekpPId4AgZ5wWxEJ/7PRHMeyWJuaqxhaSUDSqlfmaqksZz6c8tWVWcgpzchK3jlKzVt3rO3d2ds4uzZ7uVArqjhgplFoteWG6fm/LmbiYdruqq6biuGGcc4PRxA/Ds+dXi1jfXLv+oQ9crhgGltj27vj63XVRq9ZasyNnzBXOg2eWht0u7MfZpTlg3Yamwap4eX716g1FkC6eXQXoP/Gz3XVnZ2vj2Q89rmDd5BHVxiL4KhK+EH0vADJOtbms7y7HcoPKFj5YXIVIhQG+n41GabWmUip8gUsjWlZXFRyD+AfWNoNngtG6Tm1BcAzcdTz3GXBrsuHEHi90mtx7aVy+fJn7jsZ7LgMapP1rr72G+Xo7ShpvGW+88QY2he9MPeNk/GBGKa+BmORE3PlkvEcGUyJjqWGUjUvqpaW/xQAGHsjyl7/85b/4y79sN1sXL1wo+Pze+vqHPvjBhfmFOImXFhfv3LmztbFJWhYcNx4Nx6MRHh/Eqx6lVkySLH3g4rxEecQBFQsnBSVMwXtTlJ17644zwa+ajUbFrsik2EXuGLxhvAiIGLEoM9g4L6ngUqbIRknM8LSYjBYlDcFdPgKDykRmcr7TlBTxBFY/B7CDAegUJ8PNzCiXCkfISWCSY5nRKl14RuE0ZQCIlJUUBQHPcG2qHU7S8XgMDwkhaPfgAI54GZwD+e33+9jP4S8q7SZV4QkEDXteMBqNb966HYaxYZi2bTYadZxGvV6Nk6RZr2HS4LvDFlC7bUEY9Hu7O9s4pXariS/FzOErYoLOo4L8flkUWbpzRnW6siBiWkRCy1k3yAj+OsHlWZYyCCCfmZ3tUuL5uF6rHex1ceY6FdnJ01jkpP/ge2iUOunlPReoM32RML+ZhGF4ynVh2TfUw12aKtgcS4nlTmCObzzeJMV2XF75fjXs8d/wP1C5568ZRQmF5yzBtqB0nYztKAWwWq5Ic1K7pH22KHOED5cCNz31Y4eZvsZENZmAPZ9xcUhKxKISyZQRFmlaUKuu/NRPnPrFny90c/kTv7jw2NOZmCir87xtEWqKQ/ph4ieDgx132OuPhsEkrKt2pVZ730c/BgZOMJTIGfU2NoLJpDseAFOxFbNmV3/y2Y84LNf1+u27NUlYmmlllOnHJzn1J+AZugwbQS3rqLW8wtRBiuPnz79JmfsdtrqZyNQhWA6DRWJTML6AVxIGBNOTzO5aQi0WsP+zZgM5k8MgOyiFUcDQZ64kZ7nyVha5qkgT33H8wd/++Y/DRExiRNFCvVYdj4ftmSbjawVV1yLW3RcWk3SWJcGQdJCmMKOwjPgt6WCUjgEviKoIZAC7ichOFoYqg0GkDEzwwYCeQYVGmHrbrpRLr9frAzdZWVkFwB2SdioHnGhnZ9cPY6vaMGtN1wvubR3s710BM02JesC0ImDNKhX6g3DFraRVU0iaWjDGeOKy5g1FEWz31rf3Nfn20srC4vxcq1mdnVucnZkBnAey3K5YODuFKG0pZGrNqqJ3+30A7Xvbu1k0+bHHT33kiRVYUd9zgcIAP//ilQ1Oq+uGiRWla4Rpt1YWO51Wvz903XG1Un3+C5+5/NBDs5325//mC0USA0lKeKowGo0ndsUYTUYJpiAOFhabiso9+ODlf/+7v6OqRqc188rL1x984HFdt4DEA3lTVLnb7XdmZrGRiHzKPK5iqt6al72CjoRuypV6FG+WHU/vj+JNwjgn4105mPQOMxOsgobtrW95y5S/pExbypwvDFURGzXqNxpHBJbhqUkLSVKY+AL9dZiZQfn1U2mdPJJ4egOeK6zVg4OJGxapoImKbipqo9ER4ScKwHv5rf0DEp4QicTC80P5t6IgC8AWc0rKACDKy2EA2BmecAon15Qoa0TRjFpbM+xYNUHQaI1mhRep56Esq0GQkPpDgT1K8KMoLwSOSeMGXoLjDIZdrHnTxFmQYrOmiYahEcAr8UkhA6FOovhgv5/6bq1iOx42mD7eh3OrtztpFkdJQuAfxy2vzusyLyb4Bj8ib0ci7FBITVUFXAnXWtOsvJAj1xOVWOZpipzAr7UI7yNkUZEszgRBxWPHoLOauAH1a8E+vLg8z1EtZlQhXWSF4pKUi9PMS7ONA3dtaxgmtPulIqdolEijG7xki2M/kCK6rdjMHceD8cJFV3CdqhYzeJWETkigAfcUpCOPK0Fkg7OC9y7TTCAK4ygBhS9SEutjOTI8j4BCVRVQaTqLDkhgEJtXLgDCDpIszDk/AKnIeQB2YSJzKotRTZOntop8f+QDjcaVtpsVXQG8muIOUuKOTMnz2L8dN95HbLaxMR45MBtArJuz841ai+fk/aFjUGuGi9TJMgsV08QpGbJgytTY3SuKlDfcCN8eTZwJJsg2ZFtVaqYy17IQLfpe2KzIFY1UZhBo8pLiRWmUgDymWk/s73e3ezfWN2v1ql2xR76vYHsVZViarfUNzw9gqGbnO51mI4p9WD/wmmnKzbbbwJedfq9htd//1CMq4qOUNmSrZpxamv/TT36eE/U0DU+dmQuXlrCW9vZ2bd1q1i3qW5DFfJYvz3WqFqlO7w+D7r7r9Jxn3v+gJGJtcxRdss0WawpzjGvnmeJ4QV4UaxzLU1vc/JDowQ1DFGtbzB2hYE2QZaKT1JLl56deNuW/F8zjytl2zyQlY8a+Uk/ekxjtbY/3HAD97LPP/pt/82/+6I/+6MMf/nCr1Xqbn8IWdu3atc997nM/8RM/AXCBOxnv1LG5ubm1tfWhD33oey5OfTJOxjtzUDKRSL2GsmzaxwfmlYSSZXlzfeNP/uRP/uIv/sIwjUcvP0yJVnH64KUHwNNMWH4ToFhVVhASw5fCi3BM+/0B8OiCRUOmYa6ePgXn1QsCjtBeOB08GPZev7+/3zVUtVGrI7bVFBnWXqK0AtnzHXhvYexj2LV6QDVxClxzzTLwWhljlTobGSu6444n7oFRl1jic0b8P32q1KPM8qMPwrkDIIvTwwkzdRHSZQZWXq3WcAHkujOdL2rrxAsRlYQljhd4ro+TBxg9zKhFuCRLuqIxPY8iS9Kdne1Wu0muiURakFGUwf2uRvHqahMuR5pmeHFIGS7cwf6BBoesVkmzpCy4U0UVXraua6U8dMH6kOBMZEmKqZs1XR9VeLHUSpH1dqTmXQUh8XA9CTgqRawJUqQLUhXVNq3eQc8yLIACO9s7i4tLfHGYoVmUc3YCLb4XRsFAx+xQViMOsp4gpBwl31cQvmG1ILRkiyE/9pkTAPptjbc+RGWdRfmrQ6mHH/5g6FSp70AYZs6nfOFwaTeaaLxUV80QiLGslGmzEgOqvzbd8tixuOnhSg0OWiwZIqlQN/ZUsxfnhmWqSwuP/MIn6h/+AGfb+B1fM8WqLoF4TBNK8Qn8g7WNzZtrzkFPUcX5xZkHzp6TbKB1pqDAmgRvXHtj6/UbZhE3TWPl7PmZpUUE/bdu372+tS4kOcLgpdNn2o/MCFUDOx0VieCiRIa2ikdQHeAbsZh2f+X4w3CO54tveGU/7MFPpVr5+1wG62P78qtXOEHFMwpzFlG+FwW9gD94SWAZz3m51FgAmx8qUpY1+BkgaSq9T+LxZPToAxcvXjpvmsbG5l1nMpqbn9vY2CiboNiWTq38ADnzpL9BITeTJgUUwrMOh7CA+FJJkfEefA3sMil+kA41kxNFuM9o4JRpPcMlGPT7Fcu26/Zk4gRh0GrPKIaBV/Cu/tCh5GhYYaAVYba7P9je3T3oD+E+cJTQTD0PeY7ks3hZywnuptQwtiAZKieSFC1JbzFxAYZ44xwlP07fuL1969Zm1VIfe+zS0sqsVbWBJg2HA8xrGAaWZNmmyRRaYI5zo6J193eqSvSRJ1erYrLb81Qh7TRaG7vj2zvj5dMXVVlSqAEbbgoQgcyyDNOyxhPn5s3bTzz+pDsa9vf2FVn4mY88cfXazdfv7gIU4yXcE6rip4ZjeVSvm7WG4fru7vbOIw8//kf/4c+WFk7niTQO/c3dzVbThJdATkUjAaQFfkEWgEaRSAIpzsoSnJuUSsSFErdg8HuR82VrZ4Yq8rlQioexJ1EgYYb7C/oEwnjXDfbwv2lH4u/vZ28ejJog3KsoFIXajSY5Hh88m+T/jVwfC8FUJU2WmeFngh1llQX9LJRMB56lRsXWztW642g09pKoEOKMtpeMoGoAzfBIg8AXC8l1Qk1Vi1RMkpDIFpYNomDvVrA/KDmXjt0RK1HInIlPvySdCnt2AQyXQdDt0MmyOA8CYLmCpAFnBQOkqrokmPD7VZ3rT8YyL7QaDZwVPPPtjZ04yS3bSJNhFIRErRlma25Wl9WFmdmZuZntYegnpGWcF/hqR9ElwzLEOLIN3R1PFLFo2IaSUyElNjVQYwm2QoJ9qbeArpvYrRBTAEGcJAnJamACxdyZOLKis0gow/6AZ1IQMQeiRtC8bFZMTVcruhbniaLbFGWIQkoNyoWD3uT5V672fK7dWhkPvf5gbLTrBnBswaAJ52VJlWH9ZKq2xFZSRAm1YwHWG2R8mOR3t/aX5mbwAUJumZC+zHx54lPZcsCNyqgpLbYA7PgpTpYj+T6xImPrjiTKsREykfiKnJPjtPDirIs9l1SFlSRK/SDFzlvRcei02x/k4A9yqWlbM3WbiAYRJ8KWEn2V4DpRrzfqYQ+8SY3lQQQC415YWl5cXgnz/GCnb9q11uIiTEqUBog7rEpFxm5XxICxZQlYvOiFgL+54dhDyALEvwoDo0s1S9GoKW2chkHD1GwRFx4xeSV54kQHQx9YMzWT5UUvKfALvVbHbbh3b2NlsQ1z4EXZ1uYeQkdTNzGNCJ1MQ1INK2NLVVX4mk2qMxVNBCEdhGF/7CqK7oWR5zjj4eT0ymIYR1ymXlxZHnQTXa+sLosH3RHIQvArGp9rEq826zjU0AlffO2OmMuPXTxlV2AmYkU0CoofsdMWIjPIVHPLVK/KjmLlEEkUi7bmOCcxLPgwsB7YxPFBUZ6WXh3mJAhHDzRRyGSdsTqpIT01sCyIDlF0RRTec7DqdzzeczMFMOXv/t2/+4d/+Ie/8Ru/0Ww2dV3/lh/Bet3f38cWDfT54Ycf5k7GO3icOXPmn/2zf8adjJPxnhkwnhmDhgF6ZgRsJjzDo69fv37l1deoh+f21ic+8fI+XsAAABAASURBVAmF9Q7CBjgej0Mgs0mqUjIziVfAGZKZcGO73WZtiyS8Xq1WK7WKT6VVIVBRSjrOC9A7o/EI0Pbi/JxE6WpUkoZYjJKUOTH0fVnIomhSrVg//uEPP//8VxQRaDhFYgh1yyZ+lPWVMVWQfNo5Pj8Mt8Qy/ZA8Q4GjZGdKMSCcV9PIeQCKSzE7ZZaVzQ/J92RAishJnu+R4PJUDJrpqeELcGlp6jhOEASarlMBbhCLLFx3eQeQu21XwFfxrCKSoBhOKOFmVdUwBe2ZGfINaTZExJm9btd1nYptNxoNQNjAkUt5E0xXMkXDp+XYOBqX0fVm1IIb5ymRVOhUxZQcWwZ2kU+Dr2Op63wSJ/DqSlHQWq2GOL/b7c4vzA+Gw4yB2kcY9Ml4zwwqPAX9zXExx7tBseslG6PJbhgIS7MPWdoSL1g5W1gCOXInos/f1Sje2awOS9kBxMAHIn87GGzH7tb6epWXPnjuck3ibZ6yInimApEyoFnihW9wOcXxwnBK3FKt+Q88255fmQx6WEGLlx/g51pUc5ulAIixLfqO43X70e7eYHfL8cayps2snHvs/e9TTBXgtTPsj7p7461tSoVOk0a18eTDl4DCeUG0v7c/unOXM3Sr0545f6E5Pyc3GjkpalJr14zwdHCKcjEV2v6RWr/UdyGKrl67HidRRsYq0/SpvSC0mjUBu38fWIlP+Tn2dwaElhUwFbIq1gzz1OmVet0+ONhDeGxXKsPhcHFhiRCpHAByoghKwaJfgjMy2K9QVWWgMCVFysxgDgBB0Mikllg5K1GnxBrqkYuDJFwQhXgFsff8wgITnMUSkBvtpm6acAiGo8B1J+MhfIfxzu7uZDzxfLcgXUyRsBVJgy8g8NK0BmPa1yk9TFo/0q4hiRWZOgbTO3FiRYlOSwI1YxTFiR984csvXhqeunjuDND2gutHcaRlGs4WJhuYFNByRVZtwzy3umDnQC6y3eF4z+UeXGx0+97vfuplWW9Ylg3AGd6ODHiD2nZFOEd4HJqhN1qte3c2AJfv9/sf/+ADP/vhx9YeXvkffu23N/d2eM0oKClbnmlX8WnH9x+ZvfiHf/zJZ55+6qWvvlLwkhsE3uZGBNg+Cedmq8vLS8PJtcFw8PnP/fWpzT1QgpOxR+nqAMkAyVQarbk5y65hrZNgAZn7lCYFpAQnsWR4mpcyF5oluOYnuknvqcFkoElPDhgin/ED1yOte1GahHhqOKCzRkGJzLRGSCggZ45hIfFyRokLEn7JK7wpY3OV5usVx03cSRqEPvUJ5/gkjThsznzVm4QAZwGksn4rWk7KCfzYGZs2dgpOUoqxR3LEsBm729v4ivPnTp8/u9KoV+FvYmOxDdVW1KHrO1HYmqn0+8HG+nqtZko5Px51Q1uXM6nSaliaZil42LiKocnCfJyQ8h32gDiMRo4bZMJL1+8CP56tNkFsFQD1SKAjAemiKGbsAy7PNSDxRdqxtCKJc8dPFbB2EjgdU+Fl0HeFRDtYlscsvyYzRYV2kgxQLSyJhu3EFDLSROYRkFBZpaClYQbUmfZGXR2FCbVY4USVhLa5cRT3xh74KWxgN24erN9x5JrOUxWJVmm3pYpRyLKX5rFPkLfMhDv4IiIjxfDLNKU+hbKMORVffm3ND4T3PTRfUM9nSnqRGbIJuJzYvIKnvjR0m0kYEFEBFcLQhpCnRYrZ1hUd92OcZV4UA/z1vZBaqgsi6IJOTfQKrueLspwc7A1MBSRzbqgKAa/YLdNEyAsxlaM0mgThoO9ub+0fAE3vj3m/0BRJM9XG/IxdbWBRHQxcCUj0qWVs1zFHGoaSLusaKTgreSqT7kc29vKxn1CPviyva2K9AhJAxtcgjAE5EnGJpSqNOoH9HIkpiXd2Rr1JSGrUhRDycgSaQKCLDf2wSrETN9e0FVFdWxvGaUK9HyPHIuUQJYpTN8xAokdgXVIOHKiqiaTIIZgqdkYDMShiWL5uWFyj4cxGAUf3PY/zsRvfubM/O1u5fLFW0/UkDIyKnuViTnGn4IT57Xs9348vnZ2fnzX4IiYp52mOAbF+xVt8C8b5lj9SMhAskVCi00LFtHiGR1NKOuvlwE/7gRyWIUwLFChuJbojI30YiSp2eUlWBFZJdDLe5ngvQvW2bf/SL/3S3t7e9vZ2TElz33o89thjKysrmqZxJ+NknIyT8c4YQnG/bJPgTpJMTiVZdsaTGzdubG9tPvfZz169evXM6dPLyysJYOaUEf+iEPgBdjPf93yfGgdhGwTiTP2LBNG27GqlSrXeaRKFEbBmxTL7/UG3e8AaGRnz8/MKa+1A2nCFlBGdTiXHhKtK+blzpx68dGZj485g767ndDWjA78mZZgy3GvCZRlWTt2pqByYHAHysFmjJNJJLhPDWKAuHPYYLHWiKa8AEHMcI9hDmEdp1BzveT41hlVVjrTnEorjma8qKAhOqa2E53iBH3FMnIc8Qj5jnQkTmcrZEvi9eP9Mp01JFhkf5akgKZjFvtuH27i7t6fDPxIlXZeBVl95/fUHHrjQ3T8oSpiboHVyj7KCP+qFSNNLKatMXYx1J2F5bhnlMGTktojUhpF8F9bMtuzHSPluYilLQoVtNBPAoEejEW7K5uYmrkmiYmnhsBT/pGD3R3zcz4BjLYioh2i2NQyu8fLYqIQ379za3b392KM/bmunuELjOV3kLJJAB5AjvAXFOPGFvyeD/2HNZMFNxYVjUFwC70vcTuFfnexN+Jxv2X/2p59cv33nZz70kZXWrEYwAwnil8X/OWvczhdvLjE5fmSGhGJXDeNEXZg3ZucqhHimeZ6QlmcUIiQdb+/duHNrMnYM3Zyfn1t98gmlZqvYqbBZDpy7r13b3NrMFb5ab8wsL84/8ZhiqELMvfLc34CJXD1zuvb4w7PVimrZvEIlzxxJGxOZBgqR/RPAXNlu6f4EH7EA9+VC+HfBdldqQNOUCvfF+l/4youDfr/MNwete//NLOF5ikRT6nPOEqiyEj4mghY4JjND9HKePfbEw82Wvbe/hTnrtNubmxuWVSFkVlUBy4JFFhjxnDElE/qsqjJAmwaYV/xC140wdKtctTRHMIUyo6hlpuhq6AZsJIBV/Kypuu/7OC+guGalkvPCBOxDb3D79tbBwdhxXL7EueEoKAY4a+A+KetYmCdAh3KZOvRyYHkxGdWaATcBBPZ4NGg2m1bFVCTV9TycFbwUJnRL85JReVPJzsIzIQr55q0tRdSWVmbm5ha3NtcyLHyhgAUM4xgfIACOy8+eOr33xn6ciUM3XqjXLKP64vUDoG6nllZUzIvBatOJxQbkRFJXcZwEMTgAw/U9LQv/8S9+9PyyTeqvsf+zP/b0b/2HL4wifzIMncFw9pnHQan/0j/4O7/57/7dB5995trVW5NJ2O7MA/CD47Czt29YKlwseDWe54KNvvLyy7EbUWxYcJVqdX97Aw9Vbzg2K7UnnvrAA489XpZsc2IajHv9YU9R9WZrUZIM6gYhiQT60KYt8Cf2/N0/jgnWf8Mx7VWZT4uVsEQJZOb4/mDcH7pjx2+1GhXLzNOcJw0HHm4jcDpZk01DhRNpCLRW8jQCcsjxMp9js07VitGoShlXE9li8twgTBP8Bciv1mgySZw4YyibM3EHY89Li0qtqmD5iUqcwQHNLp49fXZ1ASyXSL1JsyjnBHAqDjfojYs8ajQrgPm6ew4ePrMyAx9Wb9REvqhXbUMXLYOk6ony5KVGpx4Askw47CapoiWFsrvdd3wB/I1qS6GTbty763vDhU770QfOtypAHfmJFwBEJn0NcsK5im2BGHMDn4DeFNBmLig6tkKg4XimVXqoYbVkUPOyQHL2KSZUJobJpQavQpzhUwUuwJ3EA3cSJtummJ1dWYmoghOcG39v0//Cl1+WRJlLi4mbZJyaxdLtOxuCoIiG6o8SrWKJpk6xCVe4UYo4BKdASa5FJmYRtaEDOi4LfpxruoWry84vJCKXYCPDe1liO7vN3JHhUjAzrDY1w6wIsBHYzFTgsMMk70/icZhH1BwyBeU7Y1YsTc1DYXdniOuwTDMeR4s17CumH3jgFHUREYIY5fJwHPT29vvdXr974HguCWqECaKOmVa71moXMOspVaFWmlpnphVnSQhCEcgwXURcNURTw6zFgiTjuiZuHCWA1CVT5rG3mYaUhakch7IIbloGrK+IiKSEMMr8MAlDklDUdLshqQ7+HZOeTN2oOFHmeKEqafiOTs1Mc7AO+0GQInaiNH9V3Br6hpp5zm6tWtUMmUHwchwjWOPjLJuda51rKyClEU85PiWO2xUt4orByOmNw3ub/cBJRUFRJ9nBkF/t1MGFOuMY7rFu0NrYG/n9SQQGZ26mSpWkeHYA05ddO/Lp7TgmsCYwuXZmsVmsCdubU/Ut3TzKbAafkOYUoZIPxbS1mIEXWAETK0XLy2wg0ugg1JqsDD3I5dec7ORve7xHc8Wx/ubY4E7GyTgZJ+NdOI5USgnNVOSN9Y2rr79+4403zp07V2K4t2/fGY3GlmlduHixTLByPX9/b3dmZhY/DwYDmMytrU2Er/BwgiBk3jMFsohFSewiz+v1+t7BwZ21u+PRuFqr4oOk7QykO43BxgPFhq1WJA6O7PkHLl66dDEMx6+98qXlhadnGrIfekEY3FobcIXO5EFyXaV8gilGxvSqi+n5c2UOGHWOJulneCGHvRNLlIQF6gTklpdM6DWlacNZsGy71GIm97qYen2sUSHl2cGNCMOozE1mByQ/tVRkhuuEjyA+N00zp0JdrsR/4c/51E8czqWBKZIEUZU1OqU81nXddX0W3sNlyQDfEyRehtB0FayEmeHkwPrpjBCcszijLNwqqPM2vCKcgMwRV5AShs6SpXMmosIEruk8EN+yzlF0OePxGO9lBc5HSrT8iY/zHhgZebPkAftZ0R0Hd+JsW1ZS+NQXH1j6m899+eBTG8+87+c69VOK3CYeQzDJoS5VbU5yMH60Bsn0yCSsdJCFr/TW+wWF+6amPPrM01/880/uu8Of/PBHVlszS2Zb5cmnJ+br7aXE4w2qwiVBSqoIGQ+cLnSd4cbW1sam1+9XdHPx9Kn5D5ziVZ0nsCx2+t3bO9tba+tKwrXbnYeeeqq2vMCbOi8LhSJThXeUPfqRH5M0gzOUXCCMLUcAD3IvpzIQgcQGKKwrgfHs6CT5gvuRkBWiB5CpTALk/dSn/qqs8ikOB8dCj5Jfnb5ORrAoM61Iu1kQ4yQGOAK+0zQNIKH1eg2okOuM8PtqrYbPNJst0MA5ldZkrOkuqU4xTJsrQWccikhZSdZVPUoiZtYFKnUiEVISymCKTxxryUWsKEBhSkxm2h1gmgE9z83NUnwtSBubWy+8+OpgOOGB8WClqDozpgKzVgSpIybXFVlhYFgaxRIpezZgikfjIVCymWYb3+5WbXxR1bYqdlUUZhwssOEQWDajnulQ1I9RIH+DitXymnb8AAAQAElEQVQzMU7TazfumLapa4CcSF4G1wLAl/X1FWZnG+NR//zyyrVJdnOtb2oaDvv8lbtfvrJ26tylVqctkD3NSa1VYFaVFfIDYoniZDAYpeHksUtzl5etOItvvrFdrzc/9qGnnVD+8+e/muRJo2J63vgnPvLs//e3/h2ucmN9a3trFwCNH5GuK7X/AiMN2MkwcQmu45qnDNd1nLFraiauCMsbPw9GI8uuAB761F/++cb6vQ988EN72/deeelLvf4eWPJ6oy6K+ulzDzz+/g9xqcYWi1QugKNxYuB/9AfPHQr2Y10LFZ03FB1+OCmm4/kn+WYuoYIFksRNU77fd3b24na9JphUFIX3ZJR+EQQTqvwzbSPjI7iXKRPqmPg+uA48WklWBL4XJ9S10/f8ECisIBlmRVLNKMujwMezVqnaizPNOQKDizDJojgdTfyIWojro/FYEdNzZxYMBl2urs5X6tVevx9GXqWqrywvAYwF1NwbusCC8zTDAzoEjZMmQZSEMeWdwDWu2oqUi/OtTiEkmlCcW5nrHuRc7Fx/7SuzjcrCHDaJJuVPW01SU84oxVZQSHgJ/nIMIDPLR34cxpEfebamaDLBgD5PyCn1DKQ6GuDeEoDkNInhzydpKiPOSBJeVluNhm7OqFTWyHXddL87vHZ1rd8d45N4M8UBNBt6oarYTEkXkE8qlo2v9NyBoCKwMTlenbiBGwKoB/EqwLzCMceeBsBdZApUFU0viHSjjoYiE9Q7ZFK5vCQYSPSeXRcwXE4F4hrFhRcWYy8G8BvEucCBRESUwakCb6qiVhSTJLVqFQ0cmpgNI5dLxNCLBYQhvNQ/cLrdUb/v9ocT3/UzXEWeaYKYcpyiSvVWB7dtSFKHwuLSol03Yy4PI+IqgN37wQRgcN1WLMxPTvoiYzcaD8eWYdQMzTZkU6UIZGc8tgR5tm4bEhYLiQlh2x1H8aDvqpol6hplQQeJKXBWzQ4zZg5ASMRFynNYq7Kube30HD81Ku29waaURJosGZqI+yyAHOWzs2cWNZWLqKQLMR/veykupd/ra4nerBmFCLSaH45HLmB54OkzHU4O1cpcb2+oKLyqCaNEHsYZ7mwc+FgDuqbtuUmQcyl4mCLWdJm6ZOTgKAl+zos31ZXwx3q5syCuYFEmizGJOuBK1TuR9bjn7ncJKY6UwKZtKMq8eO4I3Ra4qQD8yfj2xolYyck4GSfjZLyLRxxFr776ys2bt7a3thB5Hhwc1Gu1wXCo6frf+3t/d319HbET3pOwjCoExq+++irj3opbt27j4/OLC6ZpwXWDDU3jVOTpf5qq7e7v3bu3DghVkuTVlRUZ9p9aClHZaJGn8GsVsVhZnuvu7z7x6MOyqv75n/2RqvGT4d762i1w3i+89NXLjz0rKvuvXducdnylzhUUcRL0kOUiU8wgVyBNyxg9pu5MZNYz1q+v/AhHGtBZGbeTEgXxzVQbRccRJZxUrlERcUTFsXGZxsUaAeWAeMMwPFbjQkA2JzLXNqWG1Qic8Ta7YsHhgKvs+wEuDPPgOJ6qaPBRfdfDFzGNA2oxsTA/B0C/Wa9RPpOI6J2+JaH2yveVPwkAIM26GHgNZXbxrKPMtCaZ+UQcg8K5gunECQREU4KzVGbRpUzAGt5QKYpCydxJsrOzc/b0qbKq+WS8RwZrMIiYxUfoNAnuZEJfFNIwcjWZWms9/uSlzz33hT/71L9+7OEPriw+2qick/iGxFU4XmGYHrW+YT7zEUt1ohv+bhjHNr3j0Q/LlhOcLLnn9H1ViIJM4JQ0Lxqznad/8iOf/syn1//kt59+8OH3n798tr1UUwyZu58Jf1xug59GSdkUo2bJPEUcAMnod531qzf98QisXbPeXjlzqfZM06zVeEUO3PH+3bXe7TvhZKQYmjXTfOT972u0O0qtBtw6lUVsjjKBHamoaMAP1WadKndFYOEwEXxKcZ8kCdPgnC/R5kPV8px/E/L8Q0s1/x6NMhEauPAbbHztQ8fSn6eQNHf/x+ldAk4kUzewSKCK5sS29fc//VSaxmHodDodELLdg97M7CzMnMBSZmE7xDKFi9RZSNSi/EaqamIMK45WNm8oeVPX9YD1wN6pZM1516UOXcCmiyj3wxAxeKPRMCxbkNSt3b3NrZ033rgdhBndyGn1J9VZAL4guS7FiOIAjKquKkCBq5aF/SYMYhKnUrRO0yYJWklUVa1asYHS7u3t9fYPqtWabgBos2HUvSjlwE8QDs3oVYEokIwS2IQwjSeO3wxNoOHguVXKOaQsb9jMWs12xsMgzqzZs6/fvnNmsbW2feP29qSxfG52tiMqcprkVJjEsZ6PHB9HMahi/DOM0vU7Ny8t15599HQ0Gd4duLahLbQbCUcCr48+9uBjkgSs5NTS6tXrV4F81auVm7fujZ3AdUPDoN10MnZ0AxMpk0xrHBmGBnpYU03A/5ubu5qpRcPRYDA0TAvvJOlSznnpy4Nrr351d3eDUtFJKDar16zz585dffmLke9cfuIDteYCYJhSHLp8NLjjiv4n40d1wJ0TWBc0AJQcNW4RFA6YI/UhoS2fgDCFZ9INklCVlZZZ2+5PotDnrCpwzoQcZJ46r+ia6/l5IFUqJifwSVqERaqB7WF9U7APZM0K9XSlOoA8DLKxl+BBAMgNyA548eLMjGngGMBPeTdKepNo5FLzGPjY+9vrrWrl3Nl5XsxJ+j0uhuNhu26dnl1g+SMCsNODftANQkoIzUJb14DNVitmU+JIb54xVHiaUy6ThDmR2t1yURqzdjVtuOoZPahE2DmgU1NqsQz0UJbw0AqIQjRFwEnoMtmxhiVnhQHfWqakVA6RDF5MC6ClHJ6oEP52XmBTUxWpXq0qMrUVqODfWUIdXorc4+TN/qQ78PoHXpJQ6QUnFna1Kosqq7zkwM6BouKEjFOEpZnKyHXrRlXBJgg0k8tVmUT4RIk1LCDYVqRE2Zzz3aBWBRel3tvbW+y0ccEZRQsF+z/d34iVhlD9Q0KagW6c9YPYD9OQugZLBYOodYmrm0LNohYyLGgpQDfYlpYDsy9yimjSfOw4vcFedzwZjSbJyMuwURNwmrIq0QJhFAILTcNunFEn1UZnaXEWPqAXBZPdgCNRwRR4s1rTVEO2VN22ZGyOI7ASUWho6lKnYaiCgeuj5JyUF0mnP2OqL3S1sCCiGOccoq1Op+W4IUgLoUjrtp7EXJhEiiKCNXWDUOLiTk3LOPXK9Q1n5CwuzVUM/sFzc7YqykWiCHytohD13GwZahHnsVwATVZAf4qmkrUUQO6IUOMkH4x9rGEVS0mSs5QPwtwyBBxCXa0FCOYyaQRM/SDQZu2qpoFETChbuajVzSW+s7Xmhn4g2Aa1HQIPeWwf5Y+HT2VdGHU8LvXYucOusNPGsQWZUWreSz7L1BNjD6rAH/5TmKYC3S/PKhOsTyK0b2+cANAn42ScjJPxLhisaw1XClNMI1eOQ2j34ouIcHYRw1Tsyng86jRbXhjYtt1utZzJGCCsbdn4m2cwtK4blWq+vb1dqdirp1ZhMWdn54aDCTXMKXLLNEGz72zv3L25XogEzlLzQJL1UKirgwRnmI9i1zKl+XZjNNj56Y8+vH7HrlpCt3+A8BNfcvb85ee/cu0nfuon17bDG+ufyTKFk0wGGhMmAi+NBDnyvMyhylnSsSJJTKYyLwS5THxmgpKkj0wOagFXRGKAMgXa+FxaZKWgB3mCPKdSwoMgi0GuKXFAiReUMxLFeDf83SRjtcmCTEg3uZDEbWd0LODecbPVxIHDqMS7hSAIPS8gcQyeD1yf4w4bBFKJLN/v9ajOii/ghXERogU1JxQbrlSRJOmRBjQG/FUwAdSsKaOGcRTwy0pURGWhtMw6lXAsTy1ngESSpzknZuwIgAaY+ElQsW2cDr5v7c7tC+fPsXfyrA8ZJRGeoIk/cuMY7FCU4qgZLzhBvOGl67w05IWowMJIOEnWrar2t3/x43/0h3/yyc/8zqOXN8+cerTdPGNpS4rQFnlDKBRqH89R3ikTYBUZKs16td//jhLrexPW8bXlg8J7Rpn0HXGdZZYNV5QdyfAnzQkfCznO47h7qbedB0NEnqKELdSNw1RQ7MXZj/5HP/vJP/njzz7/ma31mx956sPLneXl6kxTMRguwAgtKvogiUNaWEmK7apAvI3AzZlE/cH2jTtb9zYKQVs4feahp39CoTRbCsKo7+ob129dv7HZ65r1yurZc49d/AmhZlMYJsk4Jm3UTD9DUCkykwsSZCTpToETFUViwRtf5uhOxe/p6qiD/LThPPvnN5iJr3n9HQ1N80xnkgH81GkWm/wXvvD5OA6IjTxMgiaFjZRSjrmpZMdhEjQbZRthdhxORmguC1nsP/T4gx1bd0b9mfYs9nwYM8DQSRIBkCXVLFmBMxBFEfUwSDJZYYU1VAlE0s+SqIdBwOdUHZVTjzEQyZIMJJUVVsRRMnHGOIVqpToajzRNW5xviqKS5bzj+1/+yvNrm9siJWIDJjBwUZosyqpC4pc5EbeaqgAalqVGHAXdbrc3dqIgAO48mYzjMLKrFbgZ8D3GrgMAutNu67petW0/8Lv7O81mu93qdE43AWcAUtB0bTRxe/0+gG+AzgVpxwhhQL/C3PFUk52BDsfMAPYlXCQtNNXa2dtbPnNu4rmeVJ8590DzrLCxtcuJMuvBmXt+CFQd00uwniT5XuiG2c03bjRN7h9+4sfE2O2NPdfxVmbrd3d2PvXC3Zdv7k+C+Jf/s3/w6b/689t3bu1t7/3cz/zMSy9d6feBoeu1qqHIEoxyGPm1ihmFXmfmgWrdbgfNXq/nOIGwIAFWuvn6tTOnzzp+eOfevdnZWeDvYRSZutVN9vqDrq5rjYbVaTfW723sbu+1OzNXX3slSpNnnv0p254ppk1PpxswW/wlK8H8A6bDVByDN46g6q/zoBTlK2+Sej8Z3+9xKDf7bexRPH9c+l4kxBlIG3tBYCY7L3/D2lSrkrA627xxc2ME8z9jAjxznYg90DoeqyAOdEJKgY4KagE3nRfa1d3tAyyf1myDtmhBDL3Q84eeN9Q1xVDyxYWWZerML6Uuat2BW69U+73+zVtbfJJN3JGp8gtPP763P5EVPspi07ZrVdVQZRWIp8TvDdMb63thlppiUbXV+bmGxcR/4a+KfNk89ugyy1KJ0tUgHosWNmDIw5RR1t6A86PE8WMnCBwvBERbs62mbeqKaFHHVpGaqMDaAKUVBTBeTGiZBxItqGJO9oSLgUJzFFN4UQZv3M35qob9MAd6HHs5wOLBwThwU8fxEH/Iio2NLUxYE1CcaEBy9kwdL1EIbJbTmDcroipmKulHULtUai2epogUAKwD1Q5ifDieb1a4JIpECQGJG+cAxnPKV2FqHUwmGIcFqholGf5QM52cbLGuqjigZih1Ihwy4LlU9yGJJMLE81GaR5Og2+8f7B2EA2fcG/qeTwFN8EoedQAAEABJREFUEsFuKwU1SQ2YzDbuNvD3PGM6zUKqVPS5pSVFsofeJBdyxdBtvSbweW9vT7dMu6I22g1FVgeO5wa+ZejNhmapvMmnFuI6gQvJoIi6ImchkF+qZaGdOAPKTKWp+I5J4GQcj13fJLA7SaRC18DLgelMtSI0TBsuxvrOGFbi9LmF+UatVtdBKUoCsQCgHrs7g1q12mzUaXmkBbWIRXCExUK5RDS9OhwUSYyz7NrByPXTaq2GjZcUFXlhQqg93q4Mh2PETpM8WKppFhabyMdpDKQbJsqD9yHkfhbSVBZqqddctrktfQ+xfDaLo4eUZ7W04pv17nCHmIGm9vbSocfBcppIlJJKlHiW/sydjO/F4E/67Z6Mk3Eyvt/DcRzunTfemWf1jQY5SKyLIOmBZtl4PEbsd+PGjbKvPdyjtTt3H3roQU1VcwZuhlEIYBMINQkgkqQa5zoux5VyzATdUkvAMqE4A/RsD8f9vb1dxH2IeOyKLclitVZxnTFchTxNZNYqr9m0H3ns4sHB9vxsnc+SwaD/8EMP3L557YGHHv7c5182rLooWZ9+7vlaDWx5wPMypRrDDREV1guCSU+yatM8L0pOmkj/fGqDUuqvIrLfspri/L5tKnP3yuJfpq5MdV8scZiTZfqbZToXDLLJkjgbOS5mKcKr8JWAZBPozRogMreXSS1T/6R6jRKyyq+Iwsh13dFkRIfGORfT3LzSiZEleJ5cs9EwLQPfmGWZrqiks0HlwwKTAJuGghnzPY8XZJWhCas1Zl2ImJLYtLdF6R1RUy6RVYNRrkocBpibWr2O00fovriw+Mu//MuGZVBaFy8wnLt4+2Q7qAjuHTa+m1OaTCZveeVHxR3Mj5YMi8hCUkeM173sbsRtpdwIIQFJxeSktIgABkhWnoivX33jtVeu1yqd06cvrK48MD97VhHqitASuCrH6Tw9ZEL552itsT/Tvt78CQD9ThpTMeTiEHtiO2Es8AM+uxe5dye9rhAHtAyyOIgMRUW4hM0P7FwwGVx54Ut3rl6drc2cWz3/wLmLl5ZPz9p1W1SpBTxPsgsKRznIfJi4/cHGzRu9nS2EvpauNNsz1dmZSquTKxoifQJFRD7xg5f+5vNCHM/PzbcX5+WKzauADEiLF4C4cJhLXUzB5ekqmvZJpZ1zumx+AM/md7OZ9HoD7rsb90Wrp5EUSTxtbW/+83/+f9zd3QbHSfnJ+VR8g7XOzcp3c9T5NjvSlSp/IHo1TYHkcHk422p86P1PeuNBp9OC0d/d2ak3GtVKBfQnaTflBVOdoq0Ct6Ps4gAThldg93VNZ5KUXPnV+NoS66KMyCz3Aw//wvsBwmqajgmkBLoou3Nvo9sbeEG4u9+j8Bu3M4O/IWvAw2XZ0OBZEDnqOhM4EqBXwWGbJAZSwMcACAb22jRM/AzPRNWNdqfleZ7j+ditGjhzuwqUwXMmjkdl8kR1CxJA2jhLdUDPrks4SyFQViQHoi185qmHTy208sxH2F+tVUVGA/OUyFngMu+trcMgMu1NZXd/1zItz3Xb7WbBpbpGqBFr2EnFYXAS/CC6decuF3vPPrj8gUvzAHd2uoMnHrkIi/3F67u/+9krarU9HvYWZlpUhpVEKysr16/fLnJ52B8lCYl/glZp1Gsw4PjTblfn5hqCkOimHnn5zvZAknAFFZweLseyTTyzkwmQdzVOANDlrud0ZnD56oMPX/zc33whCakXxZnT5+DCLZ1aXDj90JMf+GkuFw+h5OkqKjuKsht4AkD/gEar1eC+0/H9CyWOIBp4tgeD4PPPf/XRJx6aa9aSNBmT1DPVTGCd42G0LaPMo4UPCY9XpHZ3MVX1AaVLiokX9vpDUEQrywsri7OqxOVZBD96nOZffel1U7Xbs4tgjz7/mc9TyxKVP31m+fTqEognw1QVXZrgEHxRBfvE8103vHV3X9W0uU5l1taIc5T5KKJtxsS6F6fbXXna/DduQlD+AIedurJQDrSQZIUXp0M38jw/DmLf86IwBuKJzcfQFY1UmhWQa6apCiyCEZkzDEI1xR6YE1IJbglItMxJ803doHzkIio4PMTDURSHMUhVYNCOlxd61SdZHioT4VhvFhxWk4vLF1fhNHkJV1EKFQQfKexl7D3sogre0iXwUXDxnbxIo9DgCur4mucT4Nm8xEIqyhQiRWiKbBKRF3EAagGpAssmBWhSe4CFBWWYsarPJHbG2Cm9wWg0dlwfO6Hvp+AVwwhcAvy8JI3ZIZlZzSkwyUgFghdJq8XEf+q1htVs5BpJYNUNs1KvCIYqSFLiuJHvglysNBsxl7sgJKPUlPhWzTQ1SRUyg/B9sWCZ2hK1vORhhSgrhstYwrcIYjEteEURFSEVJFmC6UeglANOp1aEYRAhIlVU8CDKaBLu7PUwdZ1WZaFhq9RPnWd7OV/eYphBUixk0o7ptNWNONViZuStRK1x8qjgb+85125uT5yoyFNRFmtVExyqrMpZwoGzxCWEQTzTsB8825ltymUmOSZ0bxLsDIdzDXvR1qhQRyIyhPUZYGpSx6DOtyzItwLQpRdWFuW8eeWSIs6h9sY3H+/AmOv7Oi5fvsx9R+MkA/pknIyTcTLeBYN0h4Pg9p07/V5vfX2dsmip6xEcA2oldOPmGyqTIUPkMRwO8Hp3b380GiEodF0P7oACz01VSrlIhJHkx8mi7weNTqfX633lhedTLqrW65WmqeoWCW2k6XjSt1R52N1r2PrTTzwxO9O+eu2FJx8+8+v/+rPnVt4fBMLrV95435NPr63vbuyMF5fO7B4Mr16/UhSy61GvoBLJpRwDllInMbY5Jak4+DJiGT9zXOkxs4Rm0m4mHWSWL0Y4W3nhANN50nmTyzyyI3CXYnAGVOPS8AfHxusxhbfk33g+tR80aJhU3hXDlU0YTFwwSeoMHD1VHzMJMEoCgaceBlyJbhPUX9ZbUT4FR16LrIpwtaijEexmqbYpqwrJyZFwBmEJ5dmSGweyXlVw2oh+ESeQUjS1tshxKHjGRCQcQ5+PBgmCssvHDW02G/B/IsqukHATPc81TKP40QFbT8bXHeXNTQohzrlhlK576UbCHxSiT43AEVFKCoItzwf6QymTsqw8/vjDM535T3/qs3/9uVv3Tl9ZXFpdWbq01HnEVlZ4viaSIodScDKfEwhJitL8YSoSV4Y0J+OdMgruCM+dKkiSxoIojfj0XuJdd7q5hr1Uy3JAjUAEFWDQ2C/ciWcZGnDoZ3/yo/OLy1/5/PPPffXL1zfXLp06c2751Km5hcX2XE0kkg3WQqI/3NbaRm+n9/hDT1rtBi/mfMVIBT4SqcSUEocKAfiDZFlP/fRPEleWpiDf0rJFnEi5aPe3IJZRfZjDV5ag3s/oe2+OcnI++Zd/CSqXmuLe71zAHTbXLbPbD9vTHiZHl6xq2RiAK2KF5z74vqcCx7GqFYAfQCkajaZBqtBpmbRFPYcZd4tPRVFs6JofhLD1QRimbhKCl2X2nvLc07RMzYaZiiIfMAwgcsuyQbVWqrVOuwN764XZp//6SwfdHmm3kN44pQ/DarnRBIbLNhqDQW9z/V7Vtufn5trttqHpXgioxIUtW1hYWFlaTgCjTCb4nk6H6uvjlECNubm50XgShH7g+r0wMnSwvQZemYzGOzs78/MLOI3Bdn93b39hcbEw1DIDGldlGlqj2cS0hD6rZAojXAx5BIKkAxbi+NXV1XubGzCXtXpjZqY1HA4rNaDQRr1RA31bkAY04BdHkaS9/b00586dXjm71FqyqDgpSvkHH35Q5OJbG5O/+twrjp+Ogl2RS1aXF69eu+lNxi/1hppVP3v+wur84pVXX3/hq6+FkxB+AFh5eFb7+5u1+hMrq4sg9SVVDJNouDeYTK6fO3fOc71bt2/h3IDX37h+Q5QFXVftilmtGmdPL9y69YZmKI88/Mhf/OVnm44Ln+oLz3363MBpzi6dOX2JxGypyK18+tlaOinoPhnHBpz7iqWquvbCSzefefR8o2bykhLFKZ/zZqXm+uGd9bvwYpcX5sE4bWysn1qabzZUkEhNy/SCGJzK2J2AzdLh+Au0b8tUSVMMByMQJ2eXL7x+c21pfubnP/GzeIC0mlKIBZgmgkoLsd/zRqFTrTfg5/Jpvt8fnlqeW2prShYXSYBNIM0IVc0B/E61DL4NG8BE+QSpSHFWhijoomQpEk46zgo/yLww8b30YL+3f+uuMxgpMEGK2JnvtJqAOWVdUUxd1ysGL/N+xgWpnAuWS+34CnfTaQFWp66FeZJnFVtQW/bqqSqiBD/i3IyDjwXHnUoliWhLEHzMVFVgsoNJoKtimWAbAo4llnfavYanUIWECMdj71Z3QGWmlhVFRRgHJjDHXLiPqiMaSRJVJiBSJuEQAOExFXim3GDiDAbuaDiaDHqR74VhDLSd5wTKK2L9YDhqQitqnJDF0TTk4UhqmZLiedhiEkXMqIGrYlQt1lk9r1QtrV6TCBzPanV74lMXx0pVbJ1eTjKuO0q9iJoLG6Z0bsZSqRGtX9EB4oNiTqnPPJ06TlnIyU3IZEWi/u1xNvJjXQPBIADFJqUgOCRxNonHoghfRKvpoAMwJWmfGEn31KnZKjhKSmfySa5CkMVCLn1MgZzPaVd5qvVhuUT3G/aSelTBY6XFEczhuRm7oa7udidYAO2ZdsUS4LQoEpeAU5H4rW3/tSt3Ntd2gdafP91YbFXn6haOa6nKmYX52HejOLMMveCKb9sPmcogiYc/c9PCraP+DW8PfT4Zb3+cZECfjJNxMr7v4yQD+u2PQ5+DcmkRjgKF7Ha7Gxsbw/5gMh5zpBSZMkZd5ZnKW0o9lPnXrlw5s7IKIn08Hleqtuf6u7s7u9s78wvzjWYroc7QOQ5FqbuAIxjbDE9hMOgj6sO3AY42bEOYChOTUrEi5RKfwCl48PyFUyuzcC9+/dd/I03jX/ql/4Xr+F/8ypfe//4PXnn9GmLN8ThaXz/geAVgq26bCXU2KljlncByKEvtEKpNLrPARHJEptfKFCyPqvVI/hiQLuOt6QzLWJ2pmE3H8Yki8J36EeKE4Y8VmqbmaREm8WA4DOO0Pxz5zLHDOy3LBHqCidV1EzEkS6bODRPuq1Qy/4iZ4QViUMEZO1EGQBdMNZqaNeHglmXVKlVFofaAzBfNcS0syBdKYp9hB0TnA2hmWc/ckdBzqXACUIAaTiWsJTaD1xnyIGSEywPmZiImHL8wP4fPTsYI/vlKtQrw+m//x5946OGHMypuh/fG+qa/baHIkwzod8eYerxAS/y06Mfpxji9kRYDTgoyPojzCHCWAPxE0hDYYMngsQAjEse8JlcQp9x44+a1GzdAUNVqnXp1fnXx4vzM2YY9Z2otka/ynMlzulCoJN9CEEfOhICL6RP69c6lPJ2TDOgf2JiycdSab4pFgUbrF9mNuL8WOqEiummSk/R8Sh2QeIqTMuxWaQyqUJexVU9pgOwAABAASURBVKeWYezv7K7dvLV1817uB3XTarYap0+tXFg9s9qamzOqFUlF2K0I1MFKmkLHTFUBuxkF1gXiWvpesdQDyMowjBdYASslOrNUepaPyVQQj2KHt6bOl2XXP5jxTsiALhsPlFzm3bXb/+L//H866B2A8mRwPSU1l5woM3b3s8WPsphLWJmsW8EpsjjTtD/y7LNJ5AEsbs80et2uxAu1Wk0msSmedcAlI0WtEQo+imOwr7DslBocRykja2GBAcukSUm4wmhQD7HRaIzvMCwzTiJRluAV6KrRH4y3tvZu3V6fuASXA96FgQOaDIoYzG1OJPQYL1UrFT8AoevjsI16Xdf0JEtcx3NdB+evqZqqqB77WaWhBVEYBAEI71q9jgvtD/rj8QQ4TqvVbtQbmqS4cFC8wKxUYMQdHwRboZr65tZWmvNu6C3Mzzz71OOmKty5db3VapmmWWp2FYyG50jQOWLAAE+mXxTgeIAb9l0PgC+umgRYwyCMwtn2bMLyHIHTqSI3V1UMMW2Y3Fyn8fqtzX//V694KXf5ofODkdvd2+vMzQ4nrqFplWo9TPKV5ZVOo1GrVmGZr169dv3azUF/kGTx4lJrfqG1uARsfazK2muvXF9aOO37wPy5mZmO6wZMFIW3bHN7+x7u2Lnzpzuzddd3rl658r6nnv6LT/712IvbzfqPPfvkoDvoLC3EHP93fvEfA0gvRBnGPWdyozxbGKUkS/mknmRAf7/HOzwDGtikF8d7g7Fq1HjwTKHLq6YM/5OECFI/DLF5dPeHeFDqFTOOXE0X52fbhixwaQLC0vPj3njU7fdajdqphUWCQgt448W1e3cUw2zWF/7Dp18adLsrMy2Yn6DgKjXjwvklRVb3J0GWJTO2XujyZOTVdaVdlS3qZ4olmTBvGdZBuF8Pw03Fl97mBWYsTfb46i5307QsMARpKsphnANDR/QydnwELIPB2HH8kNg0ugpVF/HciJKm6qZuWCDfeJ1ycCUqsUx1TdIIdAeOTFNJiKpE6S6UJkLeUMFmAhC4WKRxnBEIS5uKSORqECKaIbnlKC/ijDqyREEqCYqm8dWKquBNaS5LApwzbM1ckh+JKpFijwPWCjtoOhw7XkDqyaHjTEYTjkUOtFGThnP5nJZzgI+nzLCKhNbCeBRl8aSgKjpQ4iTNRVXBW2VNQeRgVMx6q7K0NKPywumV+aRI/ZTyyEejOM+wk/AOz3tRSr0gi9wgFaOkbslNVbYUQeRShTLVCRrHf2Tq3JolJAbIMfSZAGHXCwHHKxIJHcZpEScpwkfMhmTmlqZovIaNMczy0cRDGFWzFQkEBGXgC7mQlXHNIRcNp+JN21T+tck31LM9IYHBtMzuFimBn31IINFBah5PfkeOGeNdN/3rL127szsw6q1WR3v4/NxSwwSSPvF90DPgB2xTp2iL0a7CVMJ5qmDJffOUfGqbifUmlOUnPP8der8nGdBvc5xkQJ+Mk3EyTsYPZ9zvNHWMCEScWWYtua4L3PnevXsA3SgamRpIyu4Ba00qw7wQxhHef+fOnaWFBcCX+Mj6xnqapPV6HQ5cs92amZsDPU0t7/PMIro+Au68tbUF6Bn2td1GQFghmcg8Y805mMuQpLYlVGvi3/r4z9y4cuWFL758b02ZXfzbK2eXX3v9xkuvv3Hm9Llbd/d39z8ZwGErBMMwW4tzvX1XUVTq2y3LJIGW59McOa7UsiNuOac+QkJWZhezQcqYTCXzTXNCXS8ARU/FthRVKdHnlCUjH38nQers40CifYpjp/Idns+qjCkNmWYS8TCrfRbwHsDE1WrNcUcS5SULZd4Z62GYsOTrvISemewz806zhHScQfprGmm7ZXTOZeYfdb0+9Djhzsb4A08UYBClhBB5QCrPeY6gPWPyz6EfELZOuaw4BAunKfE6FWSiGXAaFN43GhEbZTZceY1YAFQRxyJTNqknPPyP2KBFTyn8fJhw+2G67gS3EmlXkOJcxIpLBMoT4qjrTp5IxIDwQRjznITHLEyGkqI+9sSl85eWb99Ze+XVN9Y37t28/frqyplWY2Fl4UKzuWKb84YIJNqSOINhh0LJ9ryns1XfeYPPmVYm0+pOeG7EJdf93t3EDXQlQEiqqNQeRwTpWER+aJk6YZqUMIrwmFqfZnFkdFpPLi889Pj42osv791Zv3Lt9fXNOzduXF2cnT+1tHzh/Pm5SsfieA30G0fZSQg/ZVHBxkI6mjnHl4gz2//AqmG7o4xdgVGJjFK8nxg0zX0+2YrePHhudXW1M9PZ3t1iNp2aHBTMqEw78bJRcKWZYXaRSSyUrDMMdKtmP3bpbOCOkzyp16vUxSBOG+22qZsJEQ4kS8qgSSoMKuiW8YTGsruGjwPXAD8NUhT4rwhymjkSsIieH2iGDiR2PJkomtJudWCs1zd3r169NRq5MGXAZSxdw1IAWRsC1wE6oymWWTcNlRS6LLtRr/meOxgMd7Z3JUkAlKyqcp4agJK3t7c7nY5tW6PR6N69tXanU61Xg5DrDwagdWdmZ86eOQfb5/sezq17sE9qsaw2aDga2JUKJfL77sSbmKYBrKZWrVy6eF7V5X5vv6R1iYYPQ4DumDXHhZshV6sVADSUah1FXhiAaVY02a5YzXpdZJXdJLuaJG/curswtwhMv15XQczvTQJLF+xatefxz72yM0lV0NVXb24AZFk+vVKxbVG1APQAdZ6bxQXNAKYfjyb1Wv2Z9z/x5FOPA4b+6osv7u7tV+u1laULB/svKpIynni60Rd42Pp4cmtsWVWRl3r9fr6HCeTPnT61f7D/wIMXPvvcZ5968sk/+dNPzcwtr56uvf76K9du3H7f008nuZ8l/u/+2//3zOzS2UsPzSysNmfm8VDl3/y5+ibYMn/SwvBHc2DTkBRxYbYZRolJeR4KfAWRCertj/uWojab9krHBmKKB2DvIF67t3H3zvZcZ2FurgPE0tS1+bmZVqtKybhRRM1L8hxPkKnIlUp9NImB6AaC9OrGdqNSn1+ebS92JN0cOQ7QRqNi3VkDW9dfaFQuzddMMZcFoLFg1YjHFIkMLXXhcu47SNs/6mhSHJJ5HHnIpK8jlfK7ma4UsiAqij5fNzNSPaYaRjhMUZwPx+7BXm/oeHHKBVHSHe7BQwdgytQdciKsqA8MHkbRMLClmUURi3yqyTp+T2I9kgyCLRNAveYaJ7h+pugGLJ1IHBt1dhF5ap6R8nJE8gyJzCt5lIzHvt8t0iQLXY9kjNMArjy2uND3cMZxGnsOtW8J45glixAjiPMXUlJHIc8rz7HVytKhyjBt/lRfhJvCWpSXQUXZupzLKOihVGV8f5wEvCKC72t12kurS42WXa/qWRiDWaYkdE4aDV1d1Sq2OXaL3k4P16ZrgqWJVU2wdVsTcikTWCETazmTZ4ibMqEIKdwRsyQGzp3iWjn4A1JNpxR5uBcDJ/H8QldE04CzIGU5oHh5lHKTiY+YrFG3geODjcDVkVASoP1p34fDZfu1N/xre/OSKglH3RlJUDunnhVTLbKsFCAS+bI9EGLTXLfFJ5+91P/sK05SbO9N6pZeswxNJCXE7mAIXnBuvtWu2TiMSBFtcRh+fqtlyBoOEIZP6dv5SbLzD2CcZECfjJNxMr7v4z2SAT0t1Tlmusq8JwZZHklNFeU/pxkuBbG/WUaRI2LHOC51ykhI0Zk41Dydxa6kIOEHpmEi5qLe7vAVNLhQHFxJoKv4FLk3IKnhlqpKCcviF4jcALkCOcWLruNEiJFGY8SE1MNeJ/FHBnESNgqsQeJzSYxqVb3TbAz6O62W+cQTD4d+sr87+NKLL73vAx+YX176rX/327piW7a1tbUHVh4ntrCydPvuzaeffOb1V+5GUVJQvxM5jVktF8XHVGmFg9OFZ6zbEulX5qXIRcHqfDNK/uUZAi6UKhzl3+XssZ8zvix/KjOg2WFLSWi4qaSeQTl8PMuYFjyKRv29bo/AZMqekMrOXnypp5gRvq/Dz5JlyzaA1zNZzMxzvYz88lAgrWexLJ0uharzNMYEsiZCDVwTU3ITpwlvRVlKJpaNCimTOopENlLKyZJLLVeBbl/MtKrpjAu6HEbOU+42qW6wkuUMAXyr1cIHcetxjfhSHBF3HGf4vqef/NjP/izccjhorFNVwTJY39Y4yYB+hw+2M2CthTnvpFzPz+4FyUbG9XLR5Qh9zlgmKtaZRH258LDwnCzh8cm4XOZYY0pN1dgTJkii6odptzt4/bUre/v9LFGbjYWF+ZWZ9uLc3ErDnLOUlsRbIm8KnJ5TS1H16CymsOIUgRS+nsd+vyzxu7ziN//zveroH8sz5w4TcEi4Flu3SLnP98LBrcjxZC5CcHgouYwYLwMa54VFlqoUPguu55RbiipLrM4j02hT41LP37x9++bVV73xOI8TYIgL84vnV0+dXVw+PbvU0OqqqMicrHMk24RQmNjHsrmtUCYbsW2KwsIyFqaKWaFM2BIZG1pexNe7e99x6tB3MN4hGdAFE7yE8fji83/zf/m//g+O6+HWINSn/n9UfZTxh+LeBSlHsV67gkhdCZNE1TTYIGoLvLzwzOOP5qG3t7ddb9YKqm9OLdPiGC0tMCsJoJNIy5RxsYypLU0bWOSMlQqBSfXDsJTgLE+PkpHBnjLJKlXRK7XqxA3W7m3u7u57XoBXdJX67I1HQ8+b2CYgaBNmlLpLGZqh6mBzwyDUdLXRaKZp5sFYuh6VBNl2tVKFscMbwIDAfmmqivgfV6eoKhWVY6SJM5moimoYBlbn/v7+eDyBjwBLB7Sl2+1iCheXliaOu7G12Wg2YbTnFheeevJR3xntbq23mnWmFs0Ph0NSEKPDlqVUHKw8HCZMcZqnVbtSr1UAg0Qx2V88FeDzMCHrm9vwiIo45CmpTQCADoTdxkQW4h8/9wInKZVaBdcli5wBSFyQBFnVDavTqDcb1WajoZmkPQvjfuP6dZx2vd5wHe/aGzd7vT18TlNk3bDvbew6TpjFmCHQA3y1Wm/VG4CfgIBX68b5s4uPP/X4n/7ZX509s7K3111b23n6fU8ncby2dk9WpTNnlp1x96HLl3Y2DiRJ142aadfml1cWF1YMs2ZVK7gzLGe+YCjddKUxXlyYlkCVZPmhZsfx/5yMb3e88zKgi6P/F2XHFK4AKgqPE+HCxHOTKDdME091HETNZl2WWbFFRkglpYpy0q1b965evytJJrzu0yvtRrtabdq6KuVRjAPJAOyGI0HiFbu5tuuvHYyiNAcJpMtqtaZgR8AGRsLJYbS7O9rY6bZr0jMPn1rtVAQCCglLpdbZlMZ72INxmmw6leHg7v/jm15kkU+1Do7eyx9eOPn600obPAAlbU57J2tdSLLCEjnVacKFMYcNMck5ANFuEA1HDoKiiNT4gCpSgWNOBD/Hfg44Lo38oKCegXCiEEHkUerFsW+LSuhhSxHhqxeIYoqI40l3gvVDp3pgMUWsAAAQAElEQVRGUiWmNghASIuU8FaJmnKQKx7zzFzio3SqLLWlKCiDBP8piyxxHgB0OabNT8EaS3YprxYeHjMIdIdZHQyLP1hUxjQMRRK15oElq9WmMb/UaTRrdtWWRIRxfFmLCcwdwGmYZ87ISULPACCdgXKweYXHj6okmIokU95Bjl0zjDOQkTqlf/NZSiofCKgkiXXX4bKkIDkVjgp3MqosEQXXjeBcVA1VkvmsAM7P98bpfneia9xCp2rCMtGWXLDCrYKyqsX7cvaHZRhvWgX3HfZSSpG1IyqoCSM4bz5nPDcrzcvLGBLehkD1WCL9lmQnuTAtNva9v/r864Jiw7A89cgpXZMoaJJF150EwXCu2Wyadk4NMJjyB5+J06Y+4nSlHZ6DcOjVUmVZQkqKoGbZ8i5bp3wn4yQD+m2Okwzok3EyTsbJ+N6MI2SZO16cezjKTvdwHxEQeoCBPW8MEhmD/uEjBEVkQtnN4KyZF+K5LlwL/JISn4vcn7hwEcrGep7vmoYFBwTRXRAFABdgOcMoxMejLMUBwe1TaSpV6/O9Xo+yaJ0J4reKZdVq9fL0mGWmVALmCcGXVT78wcvdg9ummn7wmR97/fUrmqzt9Lrve99TQVp89ZUbV67ek6VqkvHbu/3llWVJ4Xf3dpYWOzfeeAUhmSgXeQR0VM7IgQGTT/W/DPMtKIeOUvsIJCtLaCldQhZZJJ6X/gg5Fhx7MxvUyphJc5SFydMx1YymvoYCFVdxDLvPqDCMvYlQfKDJlApNADKTv2BfV2p+sIosUZIJvjdU3BpFUeCxY0Y1XSNFS9ami5U5i5TelXOYa44ypSVd1YUyXxs+rMjDy+fYx4H4sBI3yvLGd5fAdJ5mpDyXTjFiOFjSoZ410Qm4tILDnQYAlJHwdAhHr91u1Wo13PHBcCjJIkleSqxlBytOw50tp6iMQLmTKPPdNr6W6b8PXZFvnRSCkxa7bnI3LLYSYcAJIdZqmsP5prWOByWmZyOHH43QJUlJDlXRqEgzCYOJO1FlNY0LQ+Px2qmFzvL8RwYD7/bN3StX3zg4WO8gtl6vz82tzs2c7jQWFbGpKy0u1yWxJnAK09mg9JliKiXAxOVLH50/WmrF9wqAPoy7jubhPZyIXa4KJu7OxBxpr4h5YT8Lr7oH23zkylSSz5UE21SQKBEK3tS0iPKtgBICemhgE4yIhkzJwhSF7wU12xIs7eyTj61cOtPb2nn9qy/tbWx73u3e7u4b1StzK6unVs+tzix3jFpbt1VeUAte49mXES/I0GaSqqcUsrzUaqTtmGg/gS9RhcPIstxY76exvc3r/vqPw7t0MKmE0gBFX/7S38RxCIqIGgwgoIctAERBeeo5o1Exoem0TJv1YlKAoWQ5SF1NkeYaFU1Ke77TbNQt2+z3u3g/ECEYLNolCAlJYtZpEFyyxNwJOoKq4u4TAJ1RmwGWE0nPMowOPA0YEd00yTCmWcWu8bz0lRde3tsfwChTHwhJciajWPE67c7C4mwc1d3xBDe8YldgrgfDgSZpzUZ7NB4xPyUwdO3UykoUAuIZjSdjanioUiZ+GAZ+EBiGDuIYJ5OOJ5ZuIg7PWSn9pNfFuS0tLp06dRrmbzQZ50lqWna9ViOyvMhbzRrgsCRLwKY/9chDsTu5dfO6oav4VcZclFqNkG4/8FlLMEwh/UfV1VazoaoaIcpMrAx7CUj8sk8jpgH4tTtxD9wx6xIhznQ6YRg7noevfvjyQ0PH46m0hNNVxa7YsP1Anhpg4KlfmATXK40jH+dZqTzw4KXJePz61WvMs5I9d/y3Pv7B+ZnO6zfWUk7C95lidu3mnXHEx6z32GOPP7q+ebfZsk6dXb59+zrx5bz4xs17MzOLdOSYFFz7/fGHnp17ZW+738UZeZYuj/w+ILSv3L19pzVnV1sAoBdPrS6uLJnVGoGKhZCXui204srHhzwL9q+0dIdOXIMfrVHisNOtVWCuL9A5HwhrnMD/T/jUmzimYVZtC9sIlTDK1LAtZUAakNWLF5bmO81Xrt59/cb61ub2/MrS4rnF06tNW5ZcJ8JiBmkkm9q+E/e9SFBly5R1BY4uQo9w4PcRcTjO2HUCiVc7hvHY6c5cVYW/geddE1VGVBbSVCaCzpB2I2bLys5y9ArrE/itLvOIOSmOXfcUxi7bx7F25YC7SWwnjEDICoA9gesi3oKLjq1Rp9YqhKg2VCErtGLJxJMbpnyQcEFcBDGlQWMHDmPKbElpdmLScoYXn8ODovY6aeTyKV/AzQrCjHTrHU4RsUHrsoVdFTCvqIhUgMT4L1kUSb6izEGhktGELrOgPKLSuWFNZaRSiyRnAhs4+zhhzh7Z0oRtYRl14iOkUy4b0k4VCclWUH4KmVWxkE2lNUtCPYCp50+vnjrTkSWWIMDssBclUZKTIBIuktSQpFanpfOchW2fpLYyLw65VAziFIg79vutXpcaScoiS4yRWO5yyoQMyZqwoiiJmltmpVUXQOu1LB3QMNuHBT/i1vcPMKWtRrPTkFW+kCntuZTqEu/f0IJ700b0liVAtMJ9B0Bg5aYcOwwWEIjwskI2P5JzmboHJPVSLietSE+17cceWPjqtd1Baly554ML6NT1lpG17Eq7Tg1qYVU5SfBDmjlg5QLAfKDPFJOyIzN0uTh0wfgy1pTwCZFNvFic7KTf/3ECQJ+Mk3EyTsb3bJRJzUf/LEtrc6abAYhzNBrt7+x2ez38TK1y0pRhlzSoNZ9C7eYJYQ7hZcXb29sWvEvDROynG7plWyznl+QQwX4jtkySGM4LwjwvCHOWEkVaioIAehuwJtDMXr+PL9JVtVqpdtrtSqVa9nkXiEyGs0RuD0mAwstBFJw6Swv17o5fqdWef+7LnZlZ8N+vX7338pXbwDnGY7/dnjE09cKFC/fW1jY3b37kJz5y5/aNjbXtxZmz3R3H91PgxuTfFSDjQZOnzHlgrgYF3qDx+Zya3OdlvjBx5UDASbODtDX4Q6C5rLti11Jqd3CSPLVTSUzyjsJhLXNGKPCbJjyl0rwUkXBR+jIkd0EOnzj1kgnsgiuIOBmDJSyIw+EQ01uhJuI2yzpgvZijmLTTqP1RoBuWwpQxKT2bL44Uq/FfiuoJR8DsyZSaAQeNzu3Nfgt/fyUcZnVMeXXcwSCKTMNozsyqmtbv9bAedE2nnDnATIJOaW4iuWVYEgi4Web19GDcyXh3jykKS73f+ZjjJn66EWTrQb5VSMOCj0gLtBAOW3JPBRbZYqeOlnmRxlmUR6ksqsTQUC0nqJGA4/U4zRI+Bv4yO9ucnZl79NEHrl67fuXVK4Pe7r2N9UbrxuzMbBsBzdxqxZpR+ZoiNCSuLnIVnpPZs1QSQoAzZNL8nT55+SEA/T3JbEXQdyz8KAPW9+A4lgdEmwmHcJj3i/wg9W/4/d3Mj3REfUy6KGMRPXgIjmkAZZnEi6oiscau4nAw1Kg3lZZElPKF5YHwOHJckGOxiA1XWH3wwdVLl3bvrd945fXdO3eGe/s7ewc3btyaX1peXFo+s7w6X221ZasuaSp1pqdgkBrCUqzGetUfafSzpMucJRGxdLTiZCN688hdz4FxxHo2TB2bOLOuZVZ5WfRTHD73xGViV1dlBTYHZGfF0B584PzCXBNWANbQsgx34uA4AF4psTGDCSBnAQNgB+OJDgkAnmc0swBamnkUCRaMomh4//5+F6QmjBpIa2wb7Zk5x/FeffmrEy8oqNY4B3S7OD9fsH5ZhIekKcygxpSjTNMCU1utmrC5mqbUqktxFHV73clk7LgT07I0Qxt7zng8OYj7MzOzsqLtHxyEu/uzc3OI4PujwcF+r91qdmY7AJ3B8cKh8V232+2alonvCgPwJQm8Gnzr2HGyshg8Sz/2sZ/O0/iNN65hPTeb9aptw6SCmaeuYoELgwhbjLOt1SoKkG9NL/sVw2xHvl8w2a+yiTHgcNIZwFDllZXVne2d8XhMZG7BRYDix978wpw6muB8LFaZr+saNlZDN2rVqkR9nYmlLtWu4FRYuB+G8fBDDzoT//XXrjWrzd///b84fe5Cd+jjWXv28uovfOzZP//0F37/L74YB8X+3m6/t7+00KqYDdyUW3fuLCwtPff5LymKXrWqb9y4y7RkU7BEn/3MZxYW5ubm5+MwdEbjJCbVAVkSh70D7IoHe5t3b13XK+Yjjz1+/vJT5LkAIeGnqaWsLxnH/CuqBcvuP4jTtMoT/ORHZEwTWriQlTlikC8q8Brrxhl4vK4pmqrlxGZNHWOsZImXWF5JYc5WZP2BJBOuvr7W7zlWy9+1wT6DHcIDJKsqsEgBaOu4H/V9V5bBcjA9+iyRRfBVelWtGouNqmUszDQbtpxTUmz5JV9/dbHlmJH3TSJzb2sFFse2sq/7BvZ6UQpDsSxe6g2IzRAQNPZGWdIyEqxiggtEvBGVS8yMKJickHEiYb0pzpzkfZOMS2Fq4T9RKQkpeIDjJ5WkTM0Tkxc1ahfouQ1DmGlXeyP3yvUtQbaxFQgcopsU9FvgJb6feBkf4RhcRqnmHDZnHCNOI58UHPKMZe/yWZaUyGl5WfDzMlKl5lnbGYlSqjmiHqnnDeezKcDtk1VFFcmqg1ATK5Y2O9uutVp2o3p7bccJoqGfJncOKDcdMZFM1ZhZGmHLsxWpZYqWLhqyDCMuke53RmofBV+jGg4B1gNwLHb508tL2C0BPMPCY1vNKHMbyHiWh1Q/CqNAJirlJT6vVyxFoToagqixbWaAnkdr+/16w15ZqjU1WabOEZjYguVOlyz10U09fv/eekNzlvDEsbZ+0zs8pRvuc2hf41i8OYdaEsDEPnhuBubg3l6IdZDy+cSdCHGuSvBpsYUD8Y8RKwZpcevW7QtnsB1bU+acnWtMVboZ/BxFkPmi7JQgUia5eNL15Ac3TgDok3EyTsbJ+N6MMiOpZMWn+sJZtr+/Dyj54OCg1+uFYcjlU9FgjgStyOArrEQLjogzmSDa6Q/6gERZoSXnOc7qqdWZmZk4SULfj+IIUaLve4Cqy7bMAFvTiH4FIw7YGgB3zHJ6OWZQgap2Oh34KzwLgktFSIH5qZThxjNBDJa0C7ObxNHa+u4TT3zoD37nz5x+OhqLL766ORz78CMTLsabg9B77LHH+v1+vVXZ7cnXrt5S1dra3S5PhfxSTtVlzO+C4yVSe8CCnEKZEJO8YEoaZXNFgamOZDhJ+A2stJuZf2o/WEo8T70Z8tNEpgWd3w/amSgkASAp0y2RqfsfPxWlYF4LJYdQnlgswnuaZg0TvsNcj1ykL+KpfyPB0wJmjGMOK24Ozl5VVUnRcEzDkHAyOC9FVvA65bIRkpCIBU1dGeLyfInXFSz5qCjlRFiddc6yAYRSS4TOeZoRX/Y2zBCKY3JiJtw52+kgII+DaG3tbrVa1YAixQlOgwWVPGlPCyLOocQwAHEX02S7E9zn3ToOE0VpOTFvOMy4UZzvOvHdDjR3KwAAEABJREFUuNjPREcQwWrkLCuZZ5khZXNu6k5euuWsDztxITiE4zuUtJEJY28EVmVrew+PPMLPiE8EIm5yQxceefjiA+fOHHR7t+6t7Q/2b9zaXVs35uZuzbTnGtXO3OwZVawqQlMTGwWnifiDx5mX8YTlZavC8kunfnmZm3I/GCi+prXLW5Jbv/b14lAp8hB3fg8vZjYBlHfF52GRh7y4E/k3/e4BH8eazFHqLAOnC8oSYkoY+RT3ZYUdVMCBHxQVq2ncG0rYdUTBHZPigeuM69WaIGSypjhhIiFAXT317Oz8YHdvd/1eb2+3u9/tvn7l7sa9m29cX5pfWJ5dXpqZq9sVQ1Kqki4DsOQyladSE5ESj2gU93Wfp12j8sP7+O1iXcckbqdSS9w3WDbv8HG0qmGnOGrb4IyGQ7KzUUR9tHKGPRflNd7PtyotoKED3o1s05ZFvlk1mxUjCXwgvKqiOY4bRUG9XoMRT+KUGU0yiBGBUCIrImDF+NTVIBSBN8BGpwn1YMhyRcXHPbx5aWlp0O8naVyp1YEUbGxsbW3upmnearZgn52JC2DFd1zTtgAgUFcvkldWqlU7CMKNzR3TrgBoxkICmFtr1LG9qJoBZNf1XDghtl05tbwCIHvkTGDjwHBXKxY1zoX1NPWqbXkTFx6HO5kEog+SlZIMfXyDi/PvtNqYhIODfUxGvVbr98HHe7B1H/nxD/veBK+vnloGH0xJ/eDYPT+JAk0H4CGbpgGaHt8FkJp0NqjQKQeIwGQqaKJxJhJroZEQ2JSwNEmS2Go0G57vZXFsWjaYtntrW5IqY+3B5hqGpigSQD0TpLRpyFSLToQ1Y/opQIZ7VoqbASyyTPPShYvDwXirN3nh1VuznTnbyt7/yAofjy6tdn7xZz/0wsu3JkG+3z2oVIxazcalYao93wkDSqa+6d9odlphEMB5IREw08SieOMG5XrjJgZBosja1vYWFgrgs4nnw4uKEv9zn/nUvfWNhy4/fOrMmSSL9ne2+92DGIC7kBtW5fTZi0alSVn1HP+W7IeT8SMwmKNOW4esyAfdLtYz9o2y7E/VlHanSc05C9a4m39TfgKBe5TKkVdt5cknLnXHUS5kM7N17OpjJ21ZKnwDbO1hUrhDb3jQDzNf1vjlhcapldmKCVIMRCal+xLoTbmklLGCB0USp0WKxyw7VyZX8IeZr2mWSjyTDJryld/0AtmixcN7aGfuv3j8bSyeEqgPq2hozAmndrzkLQMlZXU5JANRFh3yIrneEm0KAjXQJTyVI2Q4ZbnFKflSItDn/siDaVV0Gf+OYiHh5LLUTDSE3e741p2d0cSza2KtqjTqLWwRhm1t73Y9JpijyNK0KTqpNwDCxlYVZFHMs/guT3ICvLlDXS3W0pd4ZHL8cmp0yKozSUOL2C4eNxegqqho5fslWbTNis5qZ3b2R976QZIW2FqdoQ+7oegiwGNZiRGP1AwFm62pwPiDWuMmWZ6EPObFVEVTKjRKuSHRP4Wq6DiZGsXnoyAYuj4wZVItoWSADGEgUXUqBZWAsLEdaTI+mOOOw/77KX9vf7jbm8C7OLc426phl8zAigoFFWiC65g24OWOxDW+fgpOOTLWW5KER0iakjrtYMctjt137lAPjjsOaL9Z3DLjwZ6CvOUvn5mdn8t6Tjb0aC3YVR179mgSqnXdVGAIcrAs87MzBkHp9NUCBY8UlU8cPwoj2I5Os1GWp5YJSe/RZIgf0jgBoE/GyTgZJ+N7OeBQwDuMwwig8+21u+vr647jlKnQwILDKITpTKmncATfg6PyVWoe6LkupT3Hca1W0xBvaSolPcXx1devApdsNBr1ej1nlVqwxZPJJCG5Dsqq9hC1OhP8rOsGhqYqCH2IRWeJxmWSdcYwXAATcI2oUR6iMlLfoA7OrNa+SAi2Lq7f2LGsGSe2PD4O+j4PRFWvUzc8MZPkfOIHEz9+7eqNZqvBCcZB31dEixWIS4Qv5xkVbTPFZ/ybCSiT+JYAMAvodhgLrK9ImbVDnZ5FsfQ1WN4Slx01ZTp0MnBF8JCoE4ksH81tKY9WOr/UKoJSnpnrSWnDcEkL6laUZmU5XjFluwkdmErSFYQpU4IIa+jHsyNg/kuZNkw4LyqjUReTD/BbNzRDV3BPGFhNt08kh7Ak8MtjMqCZ1ZBRS2uGpJdioKwV4qHqGItjS9YBr+NjuH2qprWaTbh9w+EQbhhuHOJ8jcRA09iLcP8p2S1JMoCLR1NyKAVZilOfjHfjOJYjgpXrZHw3KnbdaC2XBoIQcSI9rmUqCMUGPAVL9MTzR9I+JT9TiqMDHBS8SRh5SbWCzQHgS+6HkWVRaf147GIVYYEasiZJ6unqyukLywCZDvYH6+ub3YONXnfD0Mx25+r8/JKpt6qVWUvuqHwDSDS2Co7KTPHcKSzrWTjSKyz71R0b31rj8c3/LIUCj5Qtef49DEAX7OITjvO4bMJlB3Fwy+kP1CLXDMR+gL0kUS5KsXwEbMURkSVMOTUE2RSr0uYrJvmkP3J9b2l1cTyZ4D55UVirVSISEgj5mFqYYpOZvXRp7tKFZOI63V5vd+/e3ds312/f3lyrVGpLS6dOry63gFYalZla01J0Q1A0bIN8IXMsmyoH4smzbPziuMrzN1kBb8luO0ZCvPlDBfcu3dCOCmIYvSis3b4DoLMUKb5f8XJsgZftB0XCNqnTgEQoBm/p2kyzzqXROMAzq4OK7vW6p8+cBjCa52kYR9T1Ac4AR7pPVF+fgcWMSzkvmFFQrqUGFDAEgKjD0UhRqMsBmG/ccbtSAdb8xS9/Dv7G7MyC50dBELfbHbwzCMB1dPG2eWwB8wvwTLq9A7gHtUZDVszxGKvItyt14CKDwSCrVpkTUsNygtMB92PY6xumASABrwyz1LQMSRbi0HcTbEFWrWZ1uz38D4sFJwYiHIA4MOg4inGzLRMnZoOSBwhuGBZ8jCefenJxaQFzcvbsKnh0n0DbENOE88T82FWbsBpJgp9ENlQQ4BoVkqSp5CuVHZsB7JqaTg5VEcSpA9Q7CkJFU8v2j/inl2WD/gCGema+nVNRP6ex3woMdKYfWIVZeTeBvpALRfibCEoYZzIcjBKpUDTNqNQH47DeqMROt9OqWoV7sO3yafLxH3/fwUH/1k7vwQfPLS7MSAr/lc8995Gf/Mkr167D9dJMEw91xbKajYbneTt7u+DyH3zw4iuvvfLYIw+5E0xpfOfuvWajSVKwogSewHHd3c093dT7gy/dvnHlocsPrG/eu/HGdT7Na7ZVb1Z123jxhS/89M/8/PzKxTQ/gZ5/BAczkJTWQGI1CaVccCzEKH1h8BbMpYQ7Kh37yCFRyDYgscgqpjK33Bp4jqgIFYCVkhREiWapgDXX1ge3b94Nx97MbOXDH3ikU9XgRQh5LFKKPZ/B780VyhKBNyKr1KmlfECOoMBSNI8Bq9QPHNAo9eJOdXjSkvg2S6amLF1WkplvZayPwG4mwwAoXMgofBAyEnYnT5g5KiQfkU8zTVhKLZMIoQxl1o1GZKQda/4tKuRG50qRaA2EY9g5M1ERRduGAwXzFtflYbff91MnFU9fvLi8WO/U1TgI3TC0qppVWTx1ejGn45VifRRhsUIXjgItsIIx9TTH/hxFCc9k91nGD9WzsQiCZ8nNlFmjKWqJqmOisNGw3g/EWSZRMhq5w7HT98KM9n0cMzftKrYQBVB54hdqZmt6u1WbrdA6CNNsFCRumPdGwSDKsMOLiOyKuKpyp+Ybi51qlvGgERs1A7dRljiN06UkFQtBr+gV3G3qbs3WEg1eFQo559Mg5WQBK2u7N35jfdcL0uWVlcXZal3MFS5F/JQyiyNR8UnGsbV3pJgssAT4b3Svqdc2TQvD2Ulto2BpOuxGHy3gaXVVGVfd/1Vx2NUAzkxMYuiqyBctU6jo0v4k/+sv3dwR5UcePG2qWlaIcJ9EScHiX5ht4a4WTFeOVaxmju/jBFTNCj2H7pz4lgfnTSdzMr5/4wSAPhkn42ScjO/NENjodrt379zd3tycONRZurSaVCdbBuF5EYThBPiQ5/lBQA2awX7zAvyqSrVKR2FtoOj9gH9UtdlsIrgCXLC5vlH+kqlDlA0Mc1lWEGQ2ms2yFpXl2JLtpl5VeVZmCbFfEGKB71WI36aAjTQUeda5jOUkkuuh2LfXere3PkvNzWQ4aRlrdJMX5GWIkY/XKl99+Q1eqXb7gSCosqyxcraIMOe8IFkQWQKYi7Oj9Gf+MPOLORcAkUv1ZzZNRPbz1D+QXpn+DVj8EKgtJ4q16+DflArHH14gA+hEJgmX5VORk5g0tAH7U/Y3NbYuSh0OhnjnZYZGoTE1DfFQxAM+PZUn89TJUGB6bK7jKATTc0EUgCOgNCXC8xSW3U4qdEfnklEuNqnQcW9uO0+6IuSQZkcYTZnBTVg565eIb291OggkAkTYUQgwGmB3zup8mWI1eag4FfxMGdD4B1MgKUFHfioYy52Md8z4trQpCtbzpMj4JOe9hDvwk7tBdq+Q+vgnee7UgYXE9Ej5my/jF66YpjblpANcBmHsSFwmUcAT8Z3WUr3Wcv1Rf3uEp2YwPGg26qZp8pKOgIckEqn4PMVflq5aq/MrSzN4cHw/GoyG3YPe7btXEJiolANYrdmtRnXB1DuWNqsqDYWzEO1y99Ox8SDo3P2mVzyLNJjUzjEk7vBay0cvYynP5eNcahDELK2XlPh4aukDFJX7ERtHW4LwNS8f7W8cJYjxwA49oejl8V23t52nviLEpMeRKbIahzEnllsdlxEA8KZ1VrJ3IN2oNj/LfC8A69WZn9Ga1XHo9g4G9Uplz/eMSgUrwTItWVFjAHATT9W1IEqbi8v1+YXTlx8a+8PJYNDfPegf9La/uIld3LLNTrPVrLdmOp3ZZqch6XXZNCXaN2EVRMp9phUlHCZHHzWMF9581SVZWJ7rcclHjiXS59OYkpW/cPe7UBXlcn+3hSas1TD/+tUruAJQxeAAyqqV/FBz4zCQ5qd5cxwfpXEDVHGSdNpNXZWiMOBLOCNOAPVSnTVPK6RgybzAQCM/9AOfWcBclEWeyqcJR8Xs65YBi4/fRmFSqVRdx504LqBMWJm9/f3Nje16rRGTByJW7SpgzX63V63WFubm8QQCTabqK9exLXumMxsEoambNfAQVQuMuGWarUYtCOqwjKNB3xFF3TQkRXb9ydgPu/1us9EChDAYjnqDIfBpnpcGw3G316/XalXA1c1mGgG9wQhwzWUKs+t42Hxg8113go1oZmb28ccfXlpZDAMXJ+m5E3zCsm0sn3qjBgAapDrgnDgJ80Ipp9o2TWDHGtPRosa/ggDuFkYcYD0mGl8GDCwRYxEOiR/mcGhEGb4WTszULKy2/mBYcHKrA4xYVFSJCaHgNAnT11V1WuoPH6agNPMsLx9YvlKx4c8Bre47rlW1bU14eKHyn370qTzwHB+uhSakvmCF0ZgAABAASURBVF3T37fwyO07m1/56lcbzdqP/8RPPvfZ5wrOeOLhx3C6O/u7uF/j0TCJU/DNeZKAfobdr1Qrd+9sguDXVPvGzZukBlYUe3t7zP1rgS2CGwl4/TOf/qzrDh13DODdC2IncBeX2tWK8Jm/+JOf+Fva7MJyVgqNnwDRP0KjYJIFcJ7BtHRmZlhfk5yWaxKpvILnH6uX9fEu7/qbsuBp3yURZl5RucZM5WDNTVO+0daLIo5SvjtOtw8GL79ww52Mzp+d/cCzD9s6XM9IBsfMy/xUCE8pt+ic9f073Lu4so0qfgA+SnUGIM9jEsaQVCWhHiiUF4L9qcxv+RYXWEofEy6ZHnn7AiM6y68os0MOJ6O8sLIqq1TSh8Mv4dSyPDuaMEEqyiZymIEkKTdnYuuYclTZZLnQpcKQ+Cpl8CopaDSSsaFSB1UUakvzohWDnpqM3Y2dMAlsSeFMS82T1IIZlBGfIXbKDpPOYQfxfTzLqyHzRU0JWaIKx/ScxdKBz0ndGFhzqZMtClPHkYU62PY5J0jHSTbB5helQsTJmRwLES+mfJ7qlmLoQqOhWjbfahu1ik45AamQRWkQx+MwdzJpb+Q7Ue6FfBIky7MtUJdXrtzq94PecuQ5MYi3haXZSlWtV02gtouWpSukr1WwhJmMKUQJTIqCFAgpbV086PvX793reXGl2X7sXLNtqfgIrA1dQJ4SVM+8EqlkHxhRcuxWvzkoOuYHMR3DAqC6QhIqEvECQvF18V7MbpKmU4+37It9pM+RZ1haGSspwmKVuKxl8gaf9EfBQd+ZbdqxzumqsNcfgCKVVRmBW8qC3JTaNYss2ZkHYaoptiieRFM/tPEeBaA/+clP/vqv//oLL7xADb7exjh//vxHPvKRf/bP/tl7rbvlyTgZJ+ObDMDEEhtJFMMPC4Lg1VdfvXr1Kn6gMqw4VVWSKQwol4c8pP5BfzQa4beUp6xrwAYQWFJRFnMqCeyFA5hk4lTNjU/Zz9VKlRybSoU5ZISWEnqbkOIx8En4OSDdxcMsX+bZkBakqqhwTEG35wyP1hSSm8T/8GadNOOmSYjMayOnllV+mQVzNPky4wEwbsYkQxh0C3iXJ8EsboqKkhvGibJSMLAM7ofvBwjPgMBmRQrnopwiklUu0xl4DrEiywIQweqL1E2aPEiWLp2X6DNXppKxVoC4lJyJXQCbZtLXQpbGTBxtmg4axZierHSzBUnOksilBKuUZ3mkzNGhPGWqy2OJwziOWasKTLCs9I9CqvJNGfgvFGUrRoL3aTLpJBDvsl5GEunu8uxFnvR32b2ijoWIUqlxM9aAiPAgYC2SONanRJKBIAMmkDPmQuWsd5LjOKATAA6mCWk67+/uIGzGhZkVkzUkKZhIZS4WQs6gaCofVLFssJBIWq5gCncAJU88pnfSKL7Bi+XrU8+bKB+CixLKpkdsxw2i/O442sy4A04c5IKfM3V00vvOElkRy+bmpfQKiw0ojz6OQsRVeILxBIVBLMS8M3TxmBumBsaqXrHv3g56w+GjDz92EyhGxawC36pbKtNT4IQEkVMUuVi9aYzIQaxWjXrTPnt2FWcHJmQEeGY06o/XB5PtlERllbnOgq7WK1azarVkXiXaiNN5rsogaYn1v8Lf2rTG9picH75heu0lQM2ynqmjZ+FkmZPxiJrGAFjFoqrK81yhIpajUC7LWJtWRAjS0aRx7/JxFIfxLIud/UR7eZJjihGrc6Dv1kL/ttcbCkmkyBnb+xCe5XEOrqzIy9LW4rAVE9tGCxKwLKeGdiJJGo/GQewjoqx22m4YtFqtFz//Bc80T6+s7N65rduVSrPVwM02rDD0EbrVW80oCYHWpXEoaubS+dapc+e5LMXm1t3r7u3ubXfBRO5gJ6zaleW5hapl1e1Ks9Gp2XZFs8FqmjxVPivTe58SYkFy9XxcbtFMoIN4waMiZYR/h3oyuAqA5TE2cC4N0gS7al3UKhwpSYgEuHJvqsJ9Zw8q+mGZdnhEA89948aNLE0CTDLlJIOJzI7eWCb9M7IzI4cBc1ut4R60Kkq1pmWU6pbAbowHA5gIcAClICal0RHWz8VBRCl+BauLThJsFmAVwjAi2VM6uri9vYsPSpIyGo110wZgMJ44r7z6OkuTVExdU2WjrL+BAfI8kNpumkSGDuzaANaJhx83rlqrYT+5ceM6dphWsxUG/r17azhsvdHgZSnyXW/sq57XajZPrZ4KPd8hvpYaJDSqNd8LsWNpumbqOowd7GwEwhshfq3i7Xn7+wcw+sDBdc0Yjka9bt+qqJceOHf+3Dld0QAuD3r7VDcWBbVmrWLPYeEAc61XberS7Kclk4EnwDJMYNN0wbyIN1CbBKAiQUytWWNQtlTYDuzYMEw4DrgJQeDAJ+n1eiROomleTBJdSZ4vLHRm5sGxyQDOsPNoqjk7OzsaO7fv3KnWKoDdMV9wYxRRzWnDxL4tJcxN++KrX93vd3WQxlzy8JmZmlD0x+nG+s1nnny8t7czGoVffu6vnn76qU6r8zMf+8lf/9f/ejT0KlX7tStXFxcXV0+tEhI0t4g14IEFSiY7O/tjZ/SlL35FkvXZ+VnXiZ58+smDgwNBlh+8/PDGxvrm9uZMZwb2wAs8IiZT/mC/77lhrWqpp2c3N0L7YiXwu6+/+Nedzs8XArULIw+EtAemiCRhX0cCrYTeCGXDZ551NOTvK/DnX7O6T+RQf5jjUPGIAXQMOpV40qyDtwlTmQGsdBxd0yTQggBceeE+N3lIcFImCzzWjGjemm09eGHVkkgnDjt1mPI31vau3bgbOpEuKg9cPFOxNIkj55O1gRBL1I+2cZGlOZO/y/HHeq6U3yJTu84040rhYirIKOIUXyKT503+uyRJ3/gCaQUWZe0gP5X5KjN1BBbGHCHpGWs6Kh3GCGUdSflb6p4HBJUt5GnQwefYl9bu3eke9MFF+awnOeIsPOCIVuASwQWnBBIKjmB0ZE0twK6SvhUVcdJUg4uqG5yxWIta1ng4xlYpiUUSUieeHFuFgl1N1CneYiFQSbRzuO6ibEKIE2O6wpg0yr+GAyaxLh1iWbh0CKOSlBKXkR3MJEKf/dSlkCYt+FTSOFMUKgkJApq2Vm/YrUaraoowAEmRAAT2o9z1I0XKsU9R5BVkqmaQGhEuQlPDhEsnEXbDja63td/DopEFbuKHdqNabVc7VbOuyTPg3USKZPDVXoyPpU1DsalvoXAwiO5t9Td392pN44mHzsw2bIW2OzphUjAkOy5z9+0zS3ia/ix8qyVNxIAGso5SGUr38Ot9hLHtpdQLUGbs6uA2sIvBd1UoJGOrhuQ7EBvSPMCC4GRmW9VTS5XTq23bkrm0wGr26AHBgtcOmyvzWJi4B3XdQIxG9XcKCakffe3JfvcDHu9Fxah/+S//5b/4F//i4x//+Cc+8Qm4Vt/y/XhEv/KVr/zGb/yGaZq///u/j12MOxkn42R8OwMOAffOG9/9WcGxQAjEGkPld9fuvvzSy71+P2NBEf7neh6sqMjaDSEsRNQH/wzbiK7rLD2MdPtAjzN1YnIgWQu9jC/rQVnHOdLOQMxx+HVMcYIwWfhnpFDBsoBhWLP8uEIWMFSSkRVZhgDHOOeyeRnOVOBLOIsl9DKRsvLIbzEECL3Y+xh6RCkKhSzIDIAWSqyWO+SNM6aNSCrSb666ui+OeZhuXL4yPaVD/7KYuhl8maRw9HHyD4oyUZIr9ZTzUjJMFLIpKk3t5ktEB2cDyMZ13MFgFDGMO+PKDPGCAdBwNSM4yoDgq7Uq01xTgYp7vj+ZOIjhKWQ9yuyYJnbCF8ksXQcED/QGlyBLIps2ul7cH5mqEcnVJIyeEHLqzKKwkro0LV1QrvS8kzjOCC9K8XkAQ/juKAwGg74iy/CicDI5E/QVGdJNd5edDOmxEfqfsehevnDh/N/5O78o4Ut5MRcOMZq3N96BpOl3c0qTyeQtr/ywYcriG6BlR68LpdgEwqSsCAUhSIA+Z1t+di/jnJzHn0nORZRcz5oNsrrZ8tmgp42ax5TtNDnqL5cQFKKA2RJyaXDg5XEytzBHNQ3UMZAafH/1pVf29/sPPvgQZfenLvaGWq2iqiBIKPmG9dJE0KViDQN/ZM8PsUeKrNBzhKWc0VOFJ93zfCKlClEHeKXYAGJkQREEXVEMUijlZJLWoTiEAdAsS4U/5sCzGgsGlvIJY3aKMJqkXMgJUZgEspIEfqLwc4v1ZwW+KQoqq8LER1ImHHQfted+VAZj8dgPHBcBXxaFgOe7eboVuhvhxBGosWAmTuWUM2qLRN1Zi6wMs8tU2nxakpoTSFAejYQ64qjf7eF+LC8tR7ibKlGdieN87pOfRFT96CMPu1Ew8gJsqRWzUgVGqQKPNFgELDA2jpNYy/jI8QzdNDSVesSFEav4yIZDIKJ9nI+m6JVKlTV1UwxFNVVNFSRNUFgJL6fwVNIilX+IK8H1pCwZTyjrwInpJJGknKSeksSLw5DLAKniawJ30pGMD55+sA4YIOPLhrGC+HYB6O9mM+n1Btx3O3AjRJ7JTa3fu/O//d/8r8eTnqLrUVowYdA8LzXc2bWUfR0wByQH4XtAP3FPzy6351o12GNFBiqdYbefnaMnGiAH7EpItdwB1XYnKavLCQnCJr3RmJkMWjHYExTWNsD3AmAjlmX6YXznzp393QM/CNrtTpJkURgBuDU0HYiMhnunkrRUCAA3jnFbq9UKdeYbT3Cahmngu4C5KKS5bI5hIx23Xq9bFRLBAHiL2wdTC0JaJ2EKET/jq3XDwBLAt+BWa5RxVsC8Yg/B19kV2zItLGPHdQI/ALbeaNQbzbpl6UzOGuYZk5SX9q7RrLKeBwVtBRLRUVjhOF8gReC8bataYk8EI4PPmj4bBVBdYlaynHoJsopuXBq5CnmKU5q4YOkMyvHjJaxcbFM5PTixC8g8DDjWrwzGulqpzMzOzMx2xiOg8X2Qd7qhVXDmKVfqIkVptrt38Ndffhk7ZjQ5ONcUfumnHwNkc319tDirSar+wo3dP33+dpxnFy5euPnGbUXlXcebjEEILZ47d4HcDlWxLMujLOYJnMS1u9c+8uPPDsf9laWlN27dDYJkc+OgXmnhDmLzZtVXJlZRv9dTqUcitvc0CLyFpYUgGD/y8EXcu6++/DpOeKZZ6w+dv/+P/penLj6WpAJRP8Vh7foxAJori1JOAOhvMFqtBvedju9HgDPFeVnGSUgPPgMARUnTZSzIOA7xO+wOhmGwmjnha+9WTmEAKTJzvLQ1ChVDDSfBjKUYmnx31/nci7d7vQl4njOL1Z/72BNAdxXqr/ImraT7a6LcwYppButxfQw45yJh4lkJL1IPGKHUiSrFwsRvcoF5nh8x+CUAXTaqOZ44LbBYIM/y+7ofh8QexTWs1vMoV7p8HZvU3v5et9vFPjZmgwQPWSY1HkBN06gZD8dh4yNOy7Ka7RYQamryKYrFIMBIAAAQAElEQVS6bkgyYfqYayaEnFOSLHtkmGIG27LKPn4l9FxMqUVcPQUpYhlgcTLQZ65MD2YVkDx7/HimZjaVzaaEINBaAXaYHDg++3jZH5AINuL8RfL1MzYxItmYLAmybOIF2IptnKfExRk38rJNJxkGHMjKiKKZPPZDKSOtRfC8eRpSla1AXpqkifXZlq3mp2eqczWd+g5xQm8SBZlg6KKKE/KTezv7e4OxrOjz853ZjmUrvMpuBgsHvyt/7GvBxm/o4BUs4R5hXc6X6TZ+GNClxBmYjZqpc1JGKeC0CiSsBdgymIf1/XF7pm6z2tcyxCU/S5LwW1qWBTV4R0hMGVLkKmeljt33Q/T5vZaoevnyZe47Gu+5DOjnn38e6PP/+D/+j3//7//9t/+pD37wg//wH/7Df/AP/sGv/Mqv/N7v/R53Mk7GyTgZ1P6YEr4QKnzlpS+/9uqriHZy0mcM4QRolNoMC0lAjzOBe1rA3WGdbUhvgVl05pkVZUuiNE+K4zae2iNTzMmkYLnpG3nWsYESoBh0XMLHeTHVoDjerE/ghOONHQg1zguRqUNQFdIhYF36BGUK9vSzLJWakiaoe14ufAMxL5GfMseFRLXAZa4mU7FAFBoKpQrm8cHOHFc01cTIpt0aS7y1HNnhOZAyJktSLtuSECjPAHRWbkziJJLIwsyCZ/hMmVsd+8C0DnVOuGNtKxgWTL2F4GKqilp+L0J9BMil+kcJqR8mdMgFowFKWUhE4IAJWG04X8ZjgPBIv1MQpwmqDJ4Ho5CyKshD5Q2WpZgSNI/FoJNMpd6emUHMvL6xDv+XOco8fkXJ89Stkc4hpdbexGYwkoB6D4psTjLxSKKsKMv3uJPxDhr8sXzn4y9SIQI/1algjSP5mOMnEbfrxneDdFuQfWKI8pA16jmEXJnEL+uvkzPmhp/2n+QKRRERcwqcGnsJ1ojj+EmUzc/NVU07zBxNpkz9JM4vP/TAYPilz372uQ+8/wNzndkgDvqDvkQNrzQ82XiwAOUoSgLYkNzxqXhj4QW+REwYnxb0rAFZrBtVPAsEZpBwO5+GHlaowAdR0S1TYTjqh0dFpWWm81RpoDiUpuGFhKod8XII9Ay/GTkTkhAI3GarLiShKKrd4VCX5hqWjscOD03KSisKUnh/9wMfx7rnlLnh1GOexavYcSKRB+K8kwS33MlQKSILj7vMJSQZWSa9TdHnQ36Ohd/TvZF2+1J5kzVYCl0vcn0hThdPraqGRq1Nc+BNgmSYH/3Zn/2T3/mdT//FJx97/IlnHn9sv9/b2N7xvQmQTSCkALtVUxcVpVavIa7TVKPRWcSONHD8nFBihOtYM1bTMKozbdMyAVCGPkF+iAt9RQwJlktkLhZiWqQwFojrCgrLhSRKgJ+GrMmqQk0OWLgt8FEQEvgehz5JN/QmcdCenY2zxNSNYX+nbphPLZ6VWPJmSrKj77Ju9DAHr776quc7sPKO79OjUQIT7LelpTjcKIpur1uvVrIkrldtQ9XwtKuyHCdpo9HQWScHfCAO49I+4hOkDgGPQtMDAqRjliEoUx59RDaGIGk/wD877Vn8ffv2reF4DGMyv7gQRyS7AVgWxxmPXdjfRr0OXBj4LUBnwMoAMRk7PjEs4MKN4WCII5qsMAvUhqops/pss5n0B4PtnR3Yo3qjAbQWtmk8Ge8HwUynI2sKANtef9Bst4HY7u/vT0ZDYOimZTUaLYDaQMsP9rqSIi4udRYXFisV0/NdGMpebxfGbnZmFo87MCDavyQJdhy2NaZei0KekOejs8ExIlxidDveEwQBEKXAx64lw+gPRwM4UMCpgTWwqikOFhcI+EH3oFZrWtU2L+Bt+XAAJArX6niui99iq5E0qQSwAFU3q/Vz58LhcHL23Bnci7HjVKoVyrmTFNw8oM+YvZtv3KLGHGlkSdnf/9gHZMEbRglIGPAFV+/t/YfPvOTxJn7bnzjA/M6unF67tx5EXK/fl9XNZqOJqbABolcNTG8cO5ZlvPLyi62ZRm9gNOqVW701IO3d7q6hn8JOOBzgdEfNZnNufm53b18qxCQOKzWz2az4fnLq9Pzv/Ps/bDYXQKKYugTn5/XXXl1cPSMI1Zw/0eD4kRqlA1+24y6oQFEu/es4S0EIiuI3TjGm0hMupWR4Ss4dDVNDlUVF8iJu6EUeJcriF95jjz0JKhCruMxI5o4hg3ypNYeY5Ru0amBFlRmsWhnXHDZo4acJ99+RKS9jAf6Y/l6Jrh8J7lN+TpkHQ2rDQLjFt4CbsiIvLCzMzc2VGHcpl8+x8kpiwsDOfu5zN27cSNkA9aUZOuWlyHLFtrF31ao10jcm1eYCT1y9VTVVA4x7BtC/1CxEUEbZyTI37Tpe9gnm7ztyDDMvDgWpS+2saYM9vnQICZoXiMsvZKV8F8c6NxZlySlfiu0xpDojHpcmNYwxMwXssqmKBW5/nPlp4eMNItFqmC5dkWBeVYn5bDDQOtBjYoc1mZIXJCFtWuZcU62bAmi/LMpi8iV4XLw7CbZ64yCkNn3nz51twhDJvCrxEjeN7H4oYQfFfTwV+CKaljSqHPRCymcnvxT/I0nDiPLRdQ03RFPEIAoM8HxEGHCgt7HUwQL7oCrzrGKZHIHOApNtSQVK8GIMnHAST/3QxnsOgP61X/u1f/JP/sm3hT6XA37Ab/7mbz7xxBNg1drtNncyTsbJeM8P+C6TyQSR56svvQpSHX5PHKeSqIBbpqhe1uG3TcZjmDhV0486eByCVjSY+AbjbLlp/zp+KhvJp6xdD2WYFSUCSnKQKQmxUYRGVa4kCnvUEoSSiBHClS4gHYCBF4RNMycsY6/DlWSCXSyvOWO+0WFrM44yCMhXLeUsSRiaXF6ONYSnpIOys1LCgkOcB4WIrA5OYKVxCMsIOWH5C8d0TqdpDsxLk4vDFoIlYn6U/jydTYKxWA5FSinl5W8FJvdR5mvjEuFxwE08+uxUZZQB6nF0KI19eHfKZI0ydZoOo8gMzwPgR7guIlJSyThs3pKx9HJ4swndJkqsACigykyjlnpvC0eNmUvOXNM0jkXFQk4AMbsi8hKZ55ey3lBxnMRAvhfmF/DrQb9fJnhGMUEzgiwYul7+E95VwtBnlpUolhkfeF2lejNJmCpii2zRHOXVnrhNP9xxnAkQGK54VEzAHf4Kix6walwwHDbNe3G+7aa3E67LSX5OuixpXqbOIHogLZyCRAjykmkSSUUxw8cLCu2wilN8ggTHBU4Jw8x344X5OdPUkywSSHIHaxnrSoA7/rGf/snPf+GLn/7Mp86ePXPx0sXlhdMT1/E8V8ZitlQEM2FMCVQ+jkLasrKsKOTMk1POxBE5UuARJD5OwyJPRUpuJUwcwCN2iDTFV+h4KvFZwJSiGOcMMCVBQBpCxhcAuLDsqdxRlDxvzABohEs+kBqQdTwpt+fYLoB4D4Y7Fe20INo5RV8iC8t+JNLupqwEJTvljCEkueeMeqp6fL6X+RvhZDv2PE1NRFasmyUik3Fg+xVtfeAJ2Z7JZN8PcYFpSQfbZ/DL8cRJHAeTfPb8eUSybpzkJHRC0kwAGjS78on/5D/9/Cc/9eJXv9Lt7V964IEHz51xPMdxPUCfuqzlMcLPore9DaJPBhQnD1VNw92HUTMsDfvtOPAk0KhcPgkDRVUEaiufUItdarZEAIGIiFlVowRYRmibpqypjuMFSRCKBbBLbGl7wwPKjWUQioMYF0suz4D9xXwi2mqhcFomheORmeTbWxuXm3MqqAjqH8BznMi9qwZW7f7ODusYSdabEpa5+y21WNo6mzGR5KcaNSC/gSoLy/MdQ1eqVRs7REzJyBXTMPDoUWoaz8dJVnIQkiBH1LQ4JoIS5Cg1VCiCOGJYMPHc8C6azdagP3rj5q3RaASwCfBsGMbArH0vgrmt2CaWjR/7sCaAL4IgBDaqyFLFBM8EzCIA3gpUFOj3wUGP5wbASfFE727vYXMAKKOqGh55oJzD4cA2rUrVbtVrnjMh+EYUFhfmwpCwcVz2wkynVavB9vW7XVcbq4qmm8qpM5c7nQbHBTBz/e5eSAlrEoHUhsGcFrHMqKSKH1VNqfufWOYL4/zxEYF0WonMImofsAnTgw6jADiCM8LaDPFhIHGU4ixShQd+v7vfM02rNbM09v3u2tZo5AB9dp1QkEAo6/hVrV6hFHKZij+wL+L8A89/9dUbly6twrLPzc9OaONViJOLkyjOAHhfu/5Gv98jHZnMf+LyaZlL+066vdt9+Myi67m3Nrp+puB5OHVqEQ9no1EfDAcXL1yoVdubm7t376xtuCNdUXsHe+ADZmY74IqAoj/5vgcuXT7/uU9/8fy51TOnFnGj8Ij0+sNGtQbeGhc7GTvYPvD0heAIVb7eqK7du/nhD3/gM5/5m4pd297ayfLEunA2yyTfGe5trC2ceoS5GQL/jfOXhSP/8AR8eQcP/rBxKxzCkoNhBXIpggA8IJquK0eoK39fr+KYBnRBXjx9hNsfT/ZHbsWuAqzbd+Oxl2/2QyeIxDw+cxqL0VZE5m9z/FsajDC3X4iZCJ5YYr5vfgM1whXu924phTqOfstevP/z115deYTjr5dZzPj7eJL1lIsV3nTk6YWXwdG0S+H9N5RtRcuknKPs8PJT2Og++MEPPvjgg9hJEL55Hih9CltYuaGCo/m+h90SYU2tVs1iftzzXfg5ObZeJnjNklPaLSufFrYcgs7HChPZdYvHawoInD4mkszMOgNYScGaQpipgvSUzy+5agb+MuWlvuMJsmqS/iBZlnGYgaeFNYhIYknWsRlJqchmQJdUZzJGWGLhzOhkZcR8FUNWOQEmd3ZOMxVK6klzKeYVJ4gnkR+NRqFXUOPTWatV1WwFFoYvG1/HVIxFjdAlVqP53RSlfZPPvnVtHDrXjPAuMlYiI6sKTkmlJvIy/Go+41SZpRNR/gb+lTTruktS+TkT3cZsqfCwZUkwDTWn6quElENAlsvi8Xb3xZv7JJ+MH+R4zwHQr7zyyi/8wi9w39HodDorKysHBwcnAPTJOBkng2Me4ac//emtrS0mEZEjFjoUK8wPy+g5xHuTMUK1hAGUpHOawanhqPDzMOWZZ2x5WWVNCYDAZ5iGZpksfKQjOTWW8EHhMJHIpEiSXwWDh1jmslAWowFLEssk5BK75KlnMSG/lFxJGRRFVlaBsWYfpXL0NOGMZ+0KSYtYZKAafk/ia0wPpDwBUTxKNyhhUKb0Rigtg4kpPJZKcbfynKmwjsElGUs3LrFjuHHHEGo6AF6H+8dLb6rvO5rkstau9M+KEsImdbBSrwCYS+h7HrzDgp+6pPybU1JZ/S4cGPVwHrnA9wua6jIXodQm45igM6WeG6pq6Kph6Ez3uaB+G1PVaHjGSnnXWJpGXjaVYnncItMRoWvEIeAI4bitZmtubs5xJt29XkTgC12jLAppQhE4A8FjhBZTXL5stSHwX1tMCZeLCG8jlQAAEABJREFUodInKmXvhPGWsOJrXuen/yctRbpffsoNvWwjSLfi/EBSPJELMy4tsVY+nzaRLyVi2TI73sutrJXOBWo9mnG5lESZNwmSOF9eXqrYmh+6+K0GZDAnBFokCBePRfKB9z+5uLjwxS+8/Bd//tnLly/NzHXmZ+f7o4FHSawZQjzD1PDQAr4qyhaieRGSHi+Jy7OtgKolAAGV2kAF9Y7PE0qOLhAE5QUCUlb0KnBeTPW2eLjw7IAyASaNnUdSBWpmlMSBnwJtofReLuGkGOiPqjT298f7m9zG3e4rX31+f/sv/5tfqXz0xz5GgJ1UFnoK71pZuDe3HmRbE6YpJfmUAuycLwujPNoLx/e80UTOC1MnaUKSYsrL21YcU72c5lWR9Pv9zaysFMHugT2Raj4cF/Dw/NK8apsUQSJo51NNlpMwwqcnrm9a1o9/4ueuvvzSlRe+0t3fmZmdPX3h3PLKEr50a3uPYZmSadiKqvGyEALUC3ELAXvmYM6wz6ukt2JSf1pq9poAaBBkMQh9kksRqB9RnAReTixpyqdJ6NBixqJQRZ+L+47DSkjUkCfcEEZFtdRazUIUL3lqxTBAbKSO7+wfKBP/yguv/MWNm5V//F98/Md/ChNBFeXcu2zgGu/eu0uSmhNHVBTqTZuTCS9LA0jnRJRKSaWM0vGAe4rLS3N4cpuNGmJoWJtmswlAlnXVo254OUHSxJFi1kFOwYJj0vOyA0FBOhjASV0vANtt2VVdM9fXN1979fXxeDwzM1Or1pM4wikBnlbr1ng8HI6cWqWClbO3v1eLSMp7dqbjkbgy9f6dn5+DBQ4AcUrSqVPL1JYQ+IusKdTYwINzIKuSaRuVioWr80MfeCtQjZpdgR+xvbtnGKZh6thAuoMDUWSIriR25lqtVqNarYnUNi113HGWYH+grwM4C24Kb0qSiB4NSvenxglM40szDUtltBipuGDvkLERgflINUUFh4ELhK3HRuSTr0X9zmCRFUmhLSnN+8MeU8sSG+0Zz3Vfe+XK7sEgpfarPA6iWUB1LVlSYU4BxsHWC1SYJSVUWSLVqw3Xc3a29pYX5mFwDdUIQ6x5Pg1DXTdrWvUDH3j/I4893htPkshvaNm+7zkuv7B0KkmDV9bHX7y6Xa3PYc+UCqAe/PLy4sxMs1YF7A6AfvbJJy7fW1u7d3cdID5Qo93d7War3mjOPf+Fl1+/dmNhbmF2rrO+dtcy5fHIn52ZJZImiSejye7uDp61pZVTeGaxhMLAu3Tp/Mbmzt3bO7VK49atewuLs93+YG5+PkmCL37hsz+ut5tzC3n+9VcpX3An2dHv0sHUn6lCkZ9W1PBfvxt1foSDAqpM0lwcusFu98Awraqt7fS8rX48DuI05hqdOcnbferJBxSJkwUFEYokqW85WJnsUgrCwHWVhO8/L1hMNSv471odoZQE4b6e+APAHDjnJVlI3rsklsEQU45icRd12sspdmL90kVKcC4o6Uc4TOt+8yHLKO4+AM3f/3v6hjc/ekyzLGUiHiJXen5vLVygmIm5fwJ2yK39kWpW5htGmFIeb5jAseBC3F4ERnJukM3kXVgJmTNsNSN1RkHhFer3LosVTWyYkqlqFU1CXJdnxKhFUTLxE6yDrABPqbYrVcuQdJUqrxSeEqhgdxK4qawKVmJtcrhDmoH7vo/7U1E6pQnFmDl8Q6mUIyHljWxKobGpp1Y6qqjKJEYjId4l55TPWJfFghKlM5CO+CDIcaxhWZS+lko5GT/48Z4DoEejUb1e577TUa1WS/Ggk3EyTsZ7dhSsKAl+0osvvfjiCy826vUkos4b3LRSjPQGKY03TYeTCQLFRrOZs4xB3/cjqk0mu5mxTJ8yI5hyjZmDIjLTCPOPv6kzRjGVYGbiy2V+XCnrTNaY9fODnaW4lNWsEVoN8jqN4tJHSrNpHjEJObBU6Iwdj0w2O9WpbEfBTUvoBb5sDEgiEwRp89NUa7mEVPjDJlgkeyyy5G1qnAjCWSAlSspAAghSVuGVETjzI5krKTBxako0gC/LlSfAHADEkDKBuhR/0qweSo5M8XOW/EdOoECy1ywTuTwNvsSjqWszsBg/zEq1XOZsHqVVl5evyLJu6EKZnVHQtOD8yxnjjr0NF+KHIaU4lKoXPMc6Owrc4TGZE3YMIWINvHFY3K6Iqa9Rn+WEUhArdgWrArf57t27BVNlqVSqVMVLWYeUaoFroVxCjqMPUr4bV2LZ970ivkwcpH8qmjydfsZVlFqiJ+OHPe5rmh/xE3xZoUlYJKKXMCvGcb4fFtt+vl1II5EPkiwQxJL0oMeFL1t50ycZFsmxvJPDjvYFV+bFcART52oSFeORG/rR0tJitaomqSPLBAZHGVVF4K0ILKiPHdsnTq3O1qs/9fnPPX/llVe3Nurzi/OdmQ7QnSjyPUA4QWAaOoBtTZOxQWFBKZqh6jx7nqgVD7iRJAlJyYeVqJeloADHCAajB4NjTzCvySXpBSApRSBEvyNiiNazJAFBi8KEZYHj/1RFEXte0dsd/T//78+99vI49guZ135/5k8+8oGP4pkrSoXSonj3ZvcXx/7LGu5hWQjgEn2ucIpsM5vsBs4kDTNTSUU+ThOqwKXeREJOO3fKOr2X3U8PF0BRlFuawIpxRVoeJBeQRFE48WFRFk6fkmwjwF3TFCCOtGLytBSqRIg69PyqYVx45PHZ+cUXPv/c7s5Ot9trtm+fOXNmYWY2TrPhcDLY3lc0VbZU3TJUTTF0JSElEAS9ODzitWC60xaFyjTuWXYXFWpQjwGeA+yXsR2JerUliSoRwUZYYNm8VqTaEcMyXMeN0igt4lIqnFJZw2jn1t3nfuv3Bjfu8WNP4fjfEX7zxx59qtqosQ23rON5F6yEMvf/ABxjdw8TiPmnCoMpjXR/m8YUgowBqqirsueOl+Zna6S/IUeeB8RWr9dU3AZNCwFQsu5YePCwJHBPs7IBAgmjxKWSFYBpGJogitvtGZiSOEqvXLl6cHBgW5Zt2WWeWqPeBiFEHZ+AnpqUR4x1BQw6qNVB9gBSgkG0bRsY6ubmJr5optPB8+x5rqKopmV4bgAzDljZsszRcNg9GGFnUOkEdaDd1MFw5GB5I5gyuQKANdgLhP4ik7qam5/ptDumrQHRdr1RFIQw6zB2vh8AwrYtkynNkpI1OQOKAgtY5j83Gg2cEt7MpLEKiZU6MSWiAuc/GPQD3yNle2ASeAJioCy8DMhBIH4Zy3CCNeaHnZk5zP9Lr1x749YdygCUVZhQ1VCBxRM0LkpELeuqQEnVchrHLJs/oaIMopOpMt3QjSzJuwe9ubkO7kmz3YJJx9dFKeB+aWVuFoS3oQlSkYiVSZaMd0bO737yy5w6M9tsmarcbtumqdVqDVwsqB2cAWsdDL5JvXz5wW63e/X1q2AOJs7YdWPDrP3tn/+FV157OYqL5ZWz41GytFRPE64+Pz/U9Jl2p91u7Xf3XcdptavLq53+cHdhceHFr7x6+syFG9duPfHE+3Z2AWoHuEeuP5ppz/2H3//tM5ceeuTRJ+xKnYoJihKf4YpDkrPM07zf/GO6PPmptsDJeMeM6T3ip0VVbFAPuKMEjaMs4PvJHNN2k+QJYwsmjxg7aRwuz89j+Q8nnuPFUUaL31aLRss41ZqpVyijl4Ts+ZJBnTqXrPkA2RP81zB0amzz5rKvcmQk0ksc9eELb3fHLg4Vrr/2qo8WJ/9mQepvd7xFju8tg1J0cup2SIphQqlYSIEPk8CA9QGfK09lMAjIZs8Nn1N/eFY/Oi1OOrxgvjj89/TMy0Dq+HW9pbarOPy7nOfSYeAO1dvYF5O0SExFlTkHQopTcwo7EWJQcRRlz5A8IPY4ajzKaTynqWIu8brKyYkKrk/mBWw/+FPT1KrKDHSeA3HGBQZegMAO1B52aVUzwbdpRDIS6E4hIHWtJDE0WKGMXFRe+P4LYt1fWuW6KFhfSqEgtUVRzFLKBGeNkYjkxpUI1PO4nKeilKojkWwmssLWDeYnZ90KuappU4BMmnG8YpjkSjGSJqcOFVy5O+bUU/sEj/5Bj/ccAA0/Buw6950OggyOJSR+k/Hp/2r+l3/3rS+e+2+/9Nf/q2Xu+zPYN/7t39z51Z98O+/+q1/5Fe5Xf/WnuB/4+PSv/Ffcr/7L8hw3/h8/8cx/f+Ntn/N3NDb+px975p9z/93zf/1frn7dX906/Ne54+/5Jp+iS5j/5T+4+N996TP/5Xd9L38QM3AyvucDhDAM297O7m/++m8irFJlVZVkSn+mtnK0qVKaM4cQOwK3HIYBAzwJoTZYuitzaEhFGZEUtadDSBlGlEBbZIqohFFQpgJSPz0mdpyRaESuKXpAuT/MryLzyzEunGclq1KJ3VA6T0LRacF6MJTeK+tGSM0+4FUAGoAvlUZJCdJOcwSEY6E+AcRTjWPK8C0ERZL4o05KZLwJKJOYIIQkTNWfuSI/lGnLWe8g5h9QM8ZDOQ6BkJP72m2ly/Bmt7BM+GYYeOlHT2N4gXTSphIi3P+fvTcNsuS6zgNzz3z7WmtXV+8NNHZSIAGBlCAR4GJqaAk0R7akgClLEw5YtPXDP0w7huZMQBzLjglH2JqgguHwEhpIpmTRhEjZpEgKEjeREAESWwPovaura69Xb3+5L/7OufleLb2g0diaQl0AjepX+TJv3rx57znf+c53WKWa4GMWB6EUrTByHU/UaFKp7hCBwupIVDpOiB9F+WOwNwFywdeM4D5TKiPRkHVh42pUSptY4Qr/DMcbji2LOcfSsFSvRiIehjo0VSUqdUIhBGIMJrGum57Xw8UzmWyhkIev22y1cGrHcXAujJjnDCgdjg1cGlYeB4LyCZRXRf1u5r2R6YV+q0x+oITEOMlyESd+5sI6221vYRumc1KGQCgw4mQoiqKkNFgvkrpBtNb3LwTJciS3EgtgtB/BDGbGMambE8aXpCXuCbJVaLJGsagKyHIM9DZh9gHCjXwpdJNOq4cZNLtvvJDDK9aRSRtQ0gy4mjQDVUNh9yn2gkHG0AO/WyhkPvCh9ywvHj19au6l506ey53PVfJ7904D1sCq4iBoE/i9zgCYkGFqlhUTzV7lqAdVnKeqclEQweoHnMi8H7L8SfFD5rgM1Qxk4EgsCITokCdKy04ie4GPuzJMmQrJUGAMthOpRcNTvfWmg594pPL//j9fOn28lbHMb/75N9EefPBB4fD+uBBTki0epPCS2S/lz+UUScfKB6+9HQXLoTMfdJZjNzS1SNdEvE+TdVGKNubCOOK0tCZHYgqJdYlqOlEqTEIaKaTWBAjT8/udflazZg4c0IoFG2uUhnmXqLoa2D67pHDYAmI/KeaAlJGk3NTU+z7y0fbFiy8+86OFM3NrF5fKpfK+ffunZvZOVcf6rrPW2ui1O5lCXjWo+FIun0fHqOC8pafwB6ttSiI6IlJdeK3iHBJZSCkZ+B2AQQDNYcjxUqAARtIAABAASURBVAoZUv16Kh6LLsUAP7gKAkD5yChljt51i97ofOHkfwQwqPvR88/86Pvf/6uP/MLPR6I+Gi3GyeVqa91ATbDWgQG0mqvdfjOXy/b7jobxD2jYUzGtdDLEfpCYGt4pv5jPzcxMlvLZQt7CDlQoFoAjs2AUYrG6KLprO7ZQqFSocKfHZYkRrQyxcuCYYqnCKj3S2mpjeWl1o9nifCkVwSSAyK1mr5cb5HL5drOJt6lcLlN6luvkrGy+kOtFNiXlNBsk3FGu7tkz0+22+/Ygl8niIhtNKs1YKpb7dn9lZcXKUPg8y2XxEPVQyfJJ6vUqIOYuEN/+AK80x4/lWqW8Z3pa5D95vtto9NrtlgWIJE5ME3epVMr5TIZkpUhNmcIbIe+/MIoQocASRLUHSd/ZdbBjF0tFvAGYSF2Asqw94hA0D7AYP5AQB7ZjWAnZXA4G2NLqKpDlQqFkGPkXXzqzsLqGQzSzhGml0culTE1NTk1PF/P5fhd7dDw5OY5oCgZkvdVs9XsY1YRl1QHZF7LaWL3eWF8HUF6tlPGwWu22qC2MXg+C3vnzp3udLh5BuVQcGxurlfdGsV6qzehmBfv+eC03NVnHTZpWFrE9DbCOaUnMAMhkajDXzIxRqVZwzvW1tR/89VMbTeeb3/q2FwXdH/Rw7zB/EMVTE61YKktUToPYf4cPH0bAUNEwDPbtd946d/7iwsUF3UAAsZDFg8nmEeUrVyq+b9fr9TNnFpcuLsydPHP7Xe+8493vkgiyoWoZSZpeQ1hhmvSVMjbZbGPqwQ7L4rqBv9322lvCBNj0L/xYVCktzDrKmJJZq2u0yEQcp0TsROKa4ESSjQBHxuOFbKRl5pptJ8JSUHR9RIucQ1O1mbqZVRJDUzCxqUQdLJA4xbthJfcdN0xi00AMx9CIWAKTXhMB8s0+yCzkx5sDliXe9+QrMWRHigfJljNcRlXjCnXLt4r17UCWX1FFQVZ3ikSn+Z7qcDyH5GXxd2lUOHHIhZGEwLOsiWej8niJD9OLyluOH/54SW+S7T+N6CYiPCQPVaKToY4b3lZ0Ee6MNFYrBMRDkLCmwAjIcs8pXZIAdNovMtQl2mUyllyqZrCcGeRt0GASZYgoMj4VnvWxhsNA0PPlHP7EwKg6uTy8jyeiKnG65ca0bhDDWL/STWy51etqovI8kaCEN5TOvkQZOqToksGToZDJCjISSywmlCk7Cs8IS0lA5Ao/6CH/XEQLJI7bUPV2KQX8iZKlJAGs2yA2SBROEQys3fzSN7m97QBoSXpNUi8yZ1lf8+E3KLAogNeHfu+z0pvc5j53/32Pnv7YY8MLn37hhPQWNYH8AnReEhAzjcl905+/lgjB3Onj0uvV3sIR2G3X0+RUZ4EYx3/29a+trq1jbzt9+nStVoMPSQqPFE4fWlqyJMrTCdli3yfhhWazNTE50WxuFPIF/CqTsXq9Xj6f9xw3C19FiuFRuK4tFC1IuCMkqiG8T9dxCDsWTOeYsGbLynDNY7hyUcYiP8ehYyhhLGE6sMqubMgURJVtC6AbAQmJUtFq1qRmKuMoq4whbIktA8r4w2EMMElcwHBYn4RSmKRkexwuSf9jWiR1gHnAQJw1UbGabCkKWUtDeGWbPNyOJijSUcgyBTyaqcdEGc0k2MG1KWSfcuQSLwptz40FTi2luXspbMEia6wmaQqjloxskk2j2im5XI4o1cMbgJsaxvT0SE5AUQw4zUwlwx9wYxn3J5Yq7oip7eQ8S0MiMs42GHTg59drdQwX+e1UgjIOAl/cSy6bJUKBrrOP7UXC0tckLn8EK98Q3PDhAKSdUoawFKYHsG/A7jLh0fEuAv0Wt5SfiocYssmsDN2NMJLsOOkFyaobLfvReihtSKotaX4ab6G4kCkJ74VV/0RjDXjmTdMcUNgQV1gaFeEND26k6/idjS6iGtVapVjMBGFXJahbZa4TDPaIAkuyYplWEsiuHSqSCrQom8EM0mZm6/v2zxy75fDzx19cWV19Zm2tXKkCkRmvj9WLY55n24OB3e8jVGZhBdMUA34JRV8SXi1iLeHMU+IIEb8ELwqJ4cQjR1Rga8SJTRjYYDoOMXVIUJ55QCHlGsQC4MB9BlJ01z3Tn/inP/d//bM/Xl/uSsngM7/9r2697bbJifGYXWjpx6GJ5z3yxVgLSA5Z0CdiZwY33E+CRa+7GAzaStIBAKiRvy1zhSFFSuk7ETFx+IRUqW/TPx81WicJmY8pNwQQZhgMNtoAqqZnpxEbZK+KJZjgmiL+YCZ231YjxQSugFgmrmkajuPJiZ4xzUPveMfUgQOnXj5x8ez59YWL3Wb7zEsvV6fGZg7sP7h/DxCH9UYDcBwtpIh96lStMuI6B/KQpM/cIqEUIv6MObQoPNUUf5CopqRMFegjiplZusKLMqlCsw9PGwGzeRNbit75wZ9pN1rf+C+PAVfHJP78H37+Zx98X75cSa7dyn6rmwANzs+dx+bb79maYaYesEghj0ekONnQWHZYUY8ePpghfX819IOJ6UmMDFxrFteOqI4xvdSSSk+BnilwB1lTEczG9oEIVtbMYX+1TGNtdWO90Tx79mwuB0C70G61e73VmT17x8bGCwWv0djAewvctdfvAG6uVqvYjNbWgczmK7VauXygb/ciruELDNPMWKFPZkQJwGel5niAKfxqLR9WyEwY2A4eNSIWppHhKn5NQLc4DihVp9epVMpHjhyuw/7RNaw5gwECGU28/plsFt3C+S1spFia8D8u30v51CTzEuVzeUzOYrE4EiWGwQBw+cyZM9isb73lFs3Qe90eA98efoVvOcC7VSqJAVAsIQUyyRnYQFWy2YJh5U6cPnfm/EUEo03LzAMMLuanq7WymbWdfjabVbDvdsNiLt9orM+dO4WIL9al9VbL9v1MJqcrUqu5Acz4nnt+otFYHZ8Yq5RLg0E3DxRf0/BkScHcthvNZrWEVvSB0A3sZus0HuKBA/sf+cf/+PzZ+U5ro1SwCrmcSpxs3XV908StBwbXNyO7yTQ4v0orFnFUJpPP//Dpp8+cOTk5Vd8/ffjd99z35T/9H2biHtu/96//+hlXNiYmZoWiWhC6UejlS6W1xdW/+OZ3jx45dub0XBIb3X5fViLH61SrZcwiRDJc5yy2gsULc83GRqfXve/+n1ENMyL12UhwAWI5ZjqBstX8kn+M3re3UZOv+tedjeq3AmhUEP2NT5xeKNdKM2NFmMmqqfeDsB/GeFVX5wfnn39humDsuWk8D1syTLgwOEfBaZUn0xYIdr83yGbNrGqECHiGUSL5loFIcqRdUqFBYaVAjk7HtAHIymsnSGzCyqlL8VpPmK7G0ibx/8bg+m+P90jSUL8x7Rw2Vx3WFCkRyViQ1lsDiQJvzAomKrzEhdJ5U6bihRK7P5EqRxrxZIS7x+UAgpCqkXBaLQJWVNCPV1HeimmzTrYbM5ft3hvauLam5CLQGNENIkypbymD+erbZb6UbDKsZKzesDY8IkgZXccpZC1K7pJ225vd3o4AdMi5JNfX0nDNbnt92gOfXVp601FwbnNf+fwJ6cinHhsRnGd/47FPf+HeRz/zb574jVeKGex/5FtLj0ivT3vrRmC3XVdLqzzLUqPR+NEzPwIwTPXlu13XC3LU4OZbmiYEE+gwKqdHPrdM1XVgzfm+QcIasa4bIr0UzhW8FZ/0KxQW5SCcwbIs4gEZpGyYzxf6/b5uWlSlLvDhEcWUca94PoGbEaPbsPxYySEkBQwgtEHMZfTSqDLhP7ISRoEkiuslIjk8Zha2yhm7kuiwYBkzpUIkf3MknnlY9CtJEkw3woDjiIWPlVREmvi5m7uJKK+hsJ2kpRQbLjCIS4iRESFuLtnHNm0y/JCZpREDXkxbEOutysUVxXmJCw1LmWxJJQwi13EpKT1iOhUXTBNUSmZhU9FFkxsD6wmsabiFVMqJdKWpUI+It6flSkjhGiiewRxwRdfTwVGEGjePDwmKMRPRoWKM6mAwCInhZR46eAjfgv+8uroKN5vkNcOAa5STDCgz4qW0HjezTIlmwgIpxGiIScJb5jKSQuZVYlteomdHw46JNZImuMEpgX8z2mXJX1urZQpbP+XNkAHvw36OpZ4brbnhih+vxvIG3rlECRIJiFKkSgaTmhJ521lkUaCTyUxp3fM0T5pyHiKCeUPNsf12qw/YYnJyLJPVgqCr6Vx7HdiDENVh1NqPEMNy8mYReArWE/wZRIFB1QUDRJ327hufmqm2250zZ86fOnXh5RdOzWeWxifrOGelXtN0ZdDvDnouQjOUrJ7R2QWgdUCmmi0qkZxlLroDPMQnwfQ040G4LcR5JDFoman9nHzqE/tXSlV0qFanKuTNZV8Juu7yne/e84H/7bY//v0fxoH84vHjX/nqV3/17/99Vf1xm9vM1OUEXjmgCUHyJXATO4m/5tlrod2OsL5LIRGNDAoZUKxCiUX4TpB3GAeirA2JFggllYFOq6fKtAoZAAnwDLGXhK6/vrZeypfGJ6cAZzrk88eCNSQAcZzEypi+Q2LcxAmiKEGcQ1wzCOHbXWism4a57x13zN58U299/fSLL6zOL5548fjK8kIVEdSJ8b379slqGbjVoNuJuGoe8LeIondUCxboJ7FwaYdieq/IBSfSuyylYjEp91tW0zU/5j1iiG5IaWRCjcUKiEnWiYKf/LkHF06ffumJvwrc8Mkn//qpJ//6Zz/wQQ5FvKaSR29Ok1M9KOXcuTkKExvsS0c0JUTZ4ITLDAv9LNI1DtybDs+Oj1czpp7RNUEHRqBW4tK1tMEHXOM3lhA8IAxakrzQxfYBPLfb7RYKBcd2ADFfmF8ArLy0tIYnQnGpamWsPtbtdbBm9Ps2ApYTExMYPsuAa61jk0IHJiYm69Uqftvv9SlTx8oOnEFjrbG8vAR8tlKqAFtubjTLlQpWnna3ow56hWJJ4DbAnYEF5/I5kleulnt9HTO9Pla9+djRQj6HmdLttgPf41oUCq4OjMPj/ZG6R5VHqfYBRiObyeDS5XI1ZvoeycrqBsAAiWPqIqyOQ23bbrXbhL2y+Ljv+VSOFWuIrrFQlUr5Ro43GDh+OJAVvbG+Abi1azswlvbsKRcLWSkKgGJkdD1jyJXyhBf4uDWX9WSAsXtusLG+jjlZKJWC0Os01wzTKFjS7XccObB/FmAEsOZet5slIMTsdNt4MOVSaXpycmp6CtNy0Af4bGMtnZreYw/cEyfPFZYak+O1Un6KVPINI+aUFLxr2NwpBSAISJla0/GuI7pXrpQxJRBR6A+cfQcOut7g5z704Pe//6M//fJXLDV++BcenK6OjZfzX/32k2trF8xMcX75Ah7K1HTJoiKf9vjYGBPPNTOTGfRtP3T3zkzUqtWLi3OIOrjuYHmpVciXx8fjv/7Otz3f++n3vx9jysF4BWYTzEyJ89ipAIGQSk1GlbGp7RKfb4xGm7rYXeOhBFPedyrMAAAQAElEQVT6i2FRPomzpJShWDITSWmdaXfsZntj+sAEExgUH+8QcUDNhRXv4sIKXoSZXDUHH8UPEXzGRM1k8KLorOgnUyoWVRp3zVJBlSJDz3Rdv2cPFDmjJlQCIhk6C2S5UBIWyUzpdCVhx7zCin3pkr5ZY3B7Ubh0DK7wrct+fqWpm7wBknWjIjeCRv16nHFrH1MGNBmAMhEU4NRVyiSSAahZR3RZEsXnU+RY5q2eXnCyGxBvkmKqYMuFQdiy0KgEDqkVkdXGqUwyJ76qI7j/ku68oXtvMkyr4p8xhRIOdFD6LBwrEhXhTJpLnZ1XNAmuNCXENOO8KvJMdTnGkhxJOisxJmosUnhvdHvjb1jbdWXf7Db/u/dPT9//ubknPjGN9oknxKdzn7t/etTw2+3fufpvL9u+Qaf/xDfEVbj9prjU/OfeNy10Jx7/OPfgG+k3nvjNzWsMD956KvpievUrnnzrPQ7b+z43P/rwvkfpwl94ePgVPufwgKvfaTpu39g84P7fnd960Sv2/7Lt9Aund340+8hfLC0tffLI3LazfuIyl+MP00ukP2+95a0d2/64RfvEls5tHYH05yc2T7XjWYtHMDyLGP+to7fb3vgmtjdAjc8++2yr2QT6M/AoVa1rD1Y3Goura+utVgsOPJBIqtUeApuW2C0nZNOy8HOpXMIviavIJhe2vVwum8E/uazgE8K3keWUCpcxrQiYqeP6rnfx4jzOcO7ceaDYG80mNtNer0eldYi5aNRrtUq5gp8p5ZPUIQJ4KcChEOuF/yZwLhYgJlEIlRWegeoygMJlAXmfVhUhN0GVjijAThzMeHTXdCjVguBieFwUm+LvopDfZu0sIckhoZOhwGp51x/xnWVWvKYy95qmMJosp6LSoSwQKlURJZjklICsDHU/huLOzMUmD48wGcL0yeRiQV0lvS2Vr0kovGURlVn0E8YY8csi0ozWddaOVDWZ6eVsT9NJivk8k5Q0Yi4L/ZBUlC3NtkZfMaT4Gc93QK0PUODI4cP41dnTZ/vdHkk8JRKeFLAbYlJzSSaudERPgQpphyFNDRblFLzsWGSWjTIQWXh6ZI7jh0KhKLFoHTsd8q6d9Ia2K7oxQ2JOQnCzx9qvCGM4idQKpcV+8FLT+VE3eNZLTkn6gqy3JKUXS1ytD0hxSBK+HL6JCauURTwiZCwvZhZsKMviB1kIQQOY8uyo3/GbjX7GyB7Ytzdj4X2xEehJhL66ArgzZpCYmMWqauAitu84kaeTkILkBa4Teo7vdAdN2++EsT0+Xnrvfff+wi985IMfeBBz/NTLp55+6kfP//CFxfnlYqF8YP+hsdqk7wXrqxtrq+tYxmzbc22Al1IYwBNS44jFdshfoKkcpysHjYtLPEW4ulQskUJEUUKVUgl7wX8hXCjATFgSgjDWdENRIz9sfOR/v7syKal6lMtn//sXv0Ay7lGkvAlljl6nRs+IpZYjqrEouVJky8la4pwLOj/YmHvWXZ9Tw25WdwEykowSrG2NS8vTMwYIxI4lRx8SQoKICs1tOM1igUXHGFMACEHUa3ba681iLj+1Z4+ey/qaElGZICrgqrB4ScSupsFKze12GxBeLps1Mfc8D0sWpVQrynK75WBxNrTCzPQ9H/pbD/ydh37yffdjBi4uXHzuqae/8/Unzhx/qZTJ3nb05ryVCWxnbWmltd5oNhq9TgfPjMRyPS/BWh3BZ5MAScSkpkDxPGpxyLOCZELwpPExxT582gVwCyGCtEDGXQ97WYAtKQjtTo/4q4by7g+8Ty/lFEt3Pfe//Kf/gv1O0N9ufABaNAz9/IV5zTDzxSLX9VVSKEYmuX9RgwHuv++52I/GamXfHuDVzFHpvgx2ak0RCD9tXYxa6tizNaoPmSPsmJN4qNEnWQyRRpu+0Ww2TUMrl8s4+OLFiwO7jx2n1WnDTjh/7jzextW11ZdPvNRudRDAvjh/kcrZke+t9Aek+zx34QL6OQPwcnKKBF7CsFKpYLwxEzD4lXIZCHizuUH84lx2ZnY6mzc2miuLKxdczz569OC977778KGD+ZzV63U2GuuDfgdmSLVSKhVhzVjYtDMAv3EzJpG7ifSrq8ViUeOgLod0FdPMGFQWWDYtK4s4BymbUonjQ4cOHbvlGN4BmDedbsce2BGvO6IUlYhCr661nEDyY22j2X/muReXltesTO7ed9979zveeXB2enqsctvRg+PV4sb60pmzp0+cftlxB/sO7r39jlv37d9rGMrMzPTRmw5NTVERyMmx6ni1JEfefe+9+8H3v9c0lVOnTvT7PYwAbLLFxUV0A48PqLrjukIyK5vLwfRutdqAp4ulEhl1xSLhhTBVNCERy6kupol93ODsN4p5BwFbLTGeNYalWCiMjY/feuzY+Pjkf/xP/z+WWyCD+ycqe2oZ12mZZvLwL364lNetrFKfrO7ZM1Ytl289dtsPnn7m2C23AaDft2//9NTk9J5JGH8wD959zz0w/O66850Y1P379yNK0R/0lpcXv/utb371y1/iFQW7BeFNOlUM7WvYRyJHSzyVZNwiabOyRSICpSN8bbe9VQ0mcBBEnusjeLjDJBnuutTkofiwsLEBWk9NFu/7yTsR6yI7M5YMDSFEKacpGUPZu2/q3T/5DjsOlhrrCN5geymVymTQ4EDS3IMrE2VNc3Ksbmqk2471vtft6JT0qPrx5jxhUgsJ9SK41h14HdsJ4mFFuOu82U2g8NJ29e9e42Gvb5OFka68bhcdaZKknhXX4aEkOzLupEJWL5h4glSfBmE4jYSy0hwb4p4LYyHh2FJEEslkdnlUpo/2kUyGFmWLWDh0XsofJabOK1BZZEl6Y1yNnQY2SXlRrg/2A7hrBpfZ3PE0X+Mj5gQQknfkf6UgDhGSjKUYQH4hQw6iJALou+3NbW9HBvQN0E4/et8XHxtRX4HnfvzxI596conFH4QWxAu/t5QKNF/9t1dtj388vQprbjx8/82kLwGY9cOpBMfoJDuUiEnjePr4No3jxz/+8O3fW1raL7p/xZNLqRT1SNqCTnXv+yQ61W98a+nDqQTH0lADelt3t98p/XWnJsbpR39benJpaVZc5TP3fuKIuIXt/Sehj4enpdFVLtfe/8lP3/z4o5tnGLXZ2f3SpY9p++UuaV94+N6bP/3kEg8XXf3e6RNbr47zPIzRXuLv0qkwuJdXl5akE48+OrxFDN2j99E1Rw/lcWnbM3pc2m1vTbNd73tPfj8gVY2Atn0qw0WcRMeJPd/HHp+1TN1g5q1OhXmIgkB1AkORYwtTAN/AVosPuGwdnPaEYUpKPCoXS3BYKGmUy+7hHPBVsGWPT0ziuxMT47gEvBpKY43jHqUsaYPeAC5Qr9+Hm4TNFedX5EzEUsiAAWLuIqAgiWsK44QC1oxZDYO95ZH4moYPibUsEXIMC1Zi3JOi6MI8EhAa2ZqSqBF0pSHK5DIJSXfE6hYzJ+HyhkkiMvQ1kjpmCEthZeThgVT9g9DlYQCcsvjDkDnCKQOdSzPLbgCwzeXMMsoTT+S0wE6K3BCArllmRoj+syBGALcckQHxyBgfAECAJyST/Z0kOnOugR3jbGRhE9fASFJIiDPcYsn3KCGOUG+mKB44cLBUqXR7vW67DXsdeIFL0tKqPowu4Iq4AjxGmbNnCJnjlGPRB42tSAwtM9kNkZ3DkDhrt7EGNCZGuVKKxAjsVh98nZuYwJe3xEdlyUcVnDiwATfMTWSXVHklJ4ybfrxhh4ux3E7UvqwELLJARdiY3xqR90DkYbKBFZVrV7KLTzGWJC1Ynwj14BRxI4eCVN9DrCd+v+sWi9V6vayQjoeXEKTHCQyJrGoR/Z8r3cWShqtmLSMMfARFkmwGy0KhWCIZ+izmleGGnqHq/V5PVb1c1jx8eGpm5gPnzy6ePnVmeWlpbX3lwvz5Wq0GTGR6Zi+GpdNt2/bAH7iahtXG1ImtaVD/JZ+zJkTeQzyq0sMlySndIg4o84BVfLcuDonw16hkaEgos2LKh47VP/pL9/+n/++bnh2cPHnq6R8+9TP33w/Yi0NoKQs4fRDX6Hik0ij8XJNUkPJqR0rSlWQa5U2RZ2nLoZtH485DKkRP6iQI6zlS1AjdlaC34vXaeHRZDVFKJVHCRBCDKdmDicIsW5FwEUcR+kt1lQnPHfGEqQwdCTWS2D2WaX8APKkPxHasPlYbHwt0xVMI8iafnxOfI9L85OWVtiQXa1qtWvM8d2O9kQPWnCs4nk/Ua8OsFmSfATWfhHv14tT0oWp++ujhsy+dWDp7od9snzp+8sKFi3v3z9YnJm+56VbX99rddt+xgQXiX4pvGqZKOkU6hwpS8lQ0FK0Ufygcz+O1mkvZDiUdQ6pxpMSq6kiJIVNyDPBpT1LH98/c9O53vPz1v1Il5eUXX3z5pRdvu+sdPy5RNswxF6gwdhbbSUaqOrGIDElcqUASFYBNQ7/pyGGNiuJpBSAC9AgSYMoCSKC6C5w8EPBODRR+0B8gokxZyfy6BSHZCfiEVIynpk0rs7S4xPoYsidH6411/ArGA2KosAQQgMA7C4x7bX21VCrlCzm8+4Nev4wjSiUSwQhDgrDRLKtQLCLOHUVqpVIFIEV6Pqpar9e7/W6ns9EfdCxLhxFSrR4oU5DbBJjaH7R50wyxLJSsAu4VWxmlemhpehOnedGiYRklKr+g6QHPakwgjcVkMUuxjADVRbgim8kIKjk2VqwAVGUwCnmTJc2rBLuhYsIoYrkJDzOm2R64bhtheOyhhWKF+IBJ1G42gLN0et0o8Jd0ZaxeO3j4ZkMzWq0mvnT21FncKZanTqeHKwH7b7c7AJetXGbP9PQHP/i+iYn62soi4PtqrVKtlJeWLgLqqVYquAHXcRA/5sg9BRE3Njaw1991113o/+rq6v59M5EfXZib37tvL4C6SKzh2APCQCGtM5I40A0rpEH3LUplo3Q3dEZHyM2I9x+8aX6p1Rt4Ryfzdx8c18JotdEuV8qA0O//6Xd/5ZtPHT56BNMHsZvf/d3/cPutx/7sq38+u+9gRJUhMrl8DhdbWVn96p/9GQI9L504aTvOwvxCLl9CbBLWiKYZLz3//H3vfU91bMzQdMkftNYXTr38QrvVRejv0JFjs4duVoxcxNKqu+2GaiLtDmY+3iOEGRVt22ZGVjFigazWxaVVYGMEVImNfhdbsjpeLDWbvfNzS7fccihrKYcmTI9kkRAUmVneV48VT8uaItorcpM0ygKEIY1XyYfbwkJAuqyr5VJZ1FChnCgWwZN4lcMmghfIoeITiLHpMDCwweD1UN8evMZNoYxtds7oEV1v9YJki06InAgDlYhBccy8ZcbpY1ng9cOLseXFH4xC2FhjTdI7IimndJOmuB8r78iCDCQPd29xubfsqdEuSe5pQC6wLOe5kq080lF8XS7B70vEkXLiXZFKpA4PDx9RGjFRRHQent32Wtvdd99doqDsUxkWCAAAEABJREFU5Vun03n66adHf90FoN/Q9vjD01tAwk3gVXro90Y6D0984uOP41cjmDXVgvjtz33y/QA0r/7bV2hHPvXJB9Jvffqhzzz8+Akgx5f50vzvPsxqyKMuPfDZ33vo8Y8/+m++8cgIb92qVnHVkz/xxS/gTj89PPiBj35MevwLn//K3COXx1s32847ld7/2Sc/dRzQ9uc+vInVPvQv0rt+4J9++sgXHj1+el56/+xQTyPtj7T/w79086OPfuGLT/zOA1dGoAmIPwIs+OPpE3rocpj+6DFtu9xl2kOPjcD6/Y889qnPo9uf+MjSltF7cvTzA7/z2ENfePjRX/vchy9fw/ChT6cj8MAnP3Xk8c8cPz0nPbAfz+jRx6VLn9EuBP2mtpQmrKrry4tz584msOcCQBBUTiqWxM5PBFcixDmuwiRfeFkds5ex6B9xEmK9scIjsQ2SxLedrJUhwq8q43ww9OAJirLlwIcVVfcAGWez2DtjT4a3CN9MkXwYi/ZgUCoVF5eWxsbGYEfajm2YJOflu46WyXYGHSonqBlMepLyuRzDmgpcrn6vm88XyBxhmWkyZgAJkZlC8sQkTAkMWkZnAiGjEXNiFDOfqSIZyURoqpADVblAGVnAuiaEPOAXkSNLYCvwXG2k6UpUvoTLGsYxobpEsibKM52ZOHwxFfgwNGDrEY0fK2BKw4w8UZUioS/LXA4Iv4K9Ak818NzIJ6azqLgoCNR4LsDkcrkMPsGYoJHiqARf1yZYENC5SqqMInmdxDFCkvBA4D0lGlNLKNWcocSYiX5cAFCyB7ZumvCZ0RWE6w8eOpjJZM6eO+/Y8IddQVvOGDBoYhJro1sL8KQIImfDMGDbkMVFVNYMof2XpUcSLkIF+EHmoaWaiwDdVU7mLVfGMtkCCTdGnEe2y37e2UYOwA7CxmWjI8r2A8QxyeYX43SAOcU1NZCG3jm92YnsJ1LHlxqe1/aiRiw3I7mTqE6s+EkMjDhi6RhSuJE2IUxKHoALh0AUh1HkSAR/hpQOKkmnZXwixRO9GHESzJkB4N++PTE2Ua0Wg8DBhGA4S00r1HARb4CaSYphpqIFVDFINkKJpGk8OJkaXEkpa+mez5XTDdOFoR8nGSosFN905MCxo0ds2z1x8gRgx+X5tbn5pdoFVogeGzt0cNbzKNO81QKqY+PrCITIGifc8gLASHRa20rmsQI4rslmTK9oIvTKyLWlJNWR4DWtarwcxLa78cD7j/3pF568eCqWbe+P/ui/vfe9P6Wkku+UO6EpRvpUr9yS4cOTR8ONc7MsBAuTXAnCTtIAwfb8XJHPKm9CqeLQtKgNPygxR2JghEDifUlpSeFG2F9oN/qW7AAXNpVQ0RLh5GHa0IIn4nz095gjDbLA6lntW8QgEjETKVFG5SWZ3nb606eYGZBfDMv49HSpVCDetJikWJa5N3KKCAjpC01SSR4JrmfGzGAFBiza6HawEWWyOap2G0Z24LH+sE5ZGGGU1bNySX/XT02H7/bnzp1fA3x19vTx4y9YZ89Wx8an9+6ZObBvpjiLEFpzvbm6tuYZgNF8RFczlkk5Jxqho5puMBCipKPGCeMsf5+mxPCDZ/qnYYQkVCr5cahi0zN0Vw71jPquD/7syb96xowDu29/59vfveMdP0F7BGuSKHJanYln2mVf5LesKVS3SbIogynj+6Fu8No/nJPYWTzaRqmEAx5TpZov5PVKMY+9rFwsYPPKZEzswgAmcSrsZ0RYU2Q3jlLeNJ5ONsvaF6S8kc/mFUneN7tvcWGxPjZWr9bGajUEVDXdJHmogFBjwOCUpCQTfo3VoN/rA8Yl8NoHZJxJUm1qOZMrAIHGXxj+xbEOlYhsuX4YGJSgoABawsqRyWWP3nQkQ9EsCeB1v2932u2BShA60M9sDqCwxtWU6U0nbrMq8saTAiLhhTzDxwpVqfB9TUf4I8cLnswiU9ghQ4fksCLSoO/1qAihpIicLWym6CegaiIOhxGVt4xxL363NwiCGPEyn2VNFdKuTbAFz0xNkUxzp2fqys1HDiN459i27/lrjQ08iWIx31xba7fbmLeTk5OYjydPnarVKxkEyfOZD//cBwG1b2ysP/PsM+jw3pkZmFKtdnN8bBKhaJ+XYu5USEC/63f6vXqtns/nbMdtdTpjCAgB3b5wplqrYYIbku4OaDxxfCFL6twiQG5RgIFgRKpXLGvE5I7jSrnc7Q8O7Nv/4sunE6d197E9R/ZVNhotf9Ce3T+lJN7cuaVMpgyz5Lvf+SbQ5Ntuv/Ol514s5OuwF7LZIsYScLZ46YrlUn/ZOXEKXljc7zlBrK1vrE2OTbjuYGMtnjt1anJ8IuhtnHjpmW/95Teefvqpnu3B1shkCr/2fzzy4N/6eTXWonRF5OWOF1NlC1ExHq2AWye/tNvesMaYGVWVyZi8mNCOKgZf2A5rjWbbdnVFxlperZZzpqEqBnPs8S1T5cWylDMmasXAsTN6hi3jUDZVO0TArJ/LmSSowdK3mqmnoW9FLOAcumX8W1M0PaOLmKJBpV8kUT2bqt3AKHEG2CM46ZCYFnhts2YmUraFMkZ/u1IwWHhVIg1RfCJ2THl7pUHp1csvbL2GfG1HXrv+DJnrFGWNhgC0CCuPvg5rLLjstTh4f/mrq+nnm8CyREqKQjVjOBokc8ZkBea+y6JMeswyHGyhkrlFYCobmnyIMHIEn0LdnkCZbMWxr7G9Hg5IWmWek+lwi5jGouIOJbhSARIhMLItsza9+MifTJkCm0batgNGneW/qjypVMo4VQQxwuIaABH8TTnRKKnwdeSyv30b0Of777//FQ8bYdC7APQb2q5UhPDI7UeGP37jiwARH/rI1qNmP/yxI49+hkHb01f97X7p6u22I7ObV7xZepwA1AcuAT3nv/KF09LNn/7w/i2fvf+jD0mPP/6nT3z2/Q9ccqqrn3ynqPGRm49I19IuMw641V868plHP/+V+UdSTHbLuO0/chsAfoF67xRlnqXfXUNxvwd+Z2npd+iHJ4ZI9JFthOsrXO7S9rGPPnBJt7eM3pFf+vDWb10VlL9585p8G4+TVsj+Kz8jabe9eY1lmsngOHfuHCs/wBgA2BTAox4Sn0ZCZizbFYWu68A86+t9lcBocvtNywjMYFjrD0iB2u8PgFPD0XIc20wsrtrHFZEZ0BS0X0ZLZdehajyAFdCItRRFgIrQDfh7OJgAWSbSwjS0LJOwKio9gZ8z8wsX4WXhyFw2m89m+wMApg5TrrkwFLrIXAhVF0YMaYcBZQb4obFpSPoYqsoZdilEM9ysNw2meHtBasrqFUj0VhtiGNSmLGOqrxhyQUc+X0xlmpk4QIQyjUBig2CLVLI/EYRIzvROCDihJ0FovzBZRM0NAefEVO5PE2mzMDjwpHBV1t/2qFC4MMxkJgNs9k3SDR2Ob65QIMpeIglhaKEAjYPQN86K03qDvigidGDfPozzxfl5+O+UbMuPySPSFnUFzjO6jANIBZXB66GGsyS4zzQyHI0X9BO2ZUPxM9FJZRJ6g8MMH3ZyYkIHvk/H7Epv7GjJlh/kbTgytZ1Ox/a/xsO0uxGqpXBd8iGZRGaVZ3rtYC0HkeREUi9O+rHUd4O2GzTxg6T0JLmfKJ6sM9mZna2YtKFV4Z4PRaJjgdEootw2SyKTg7jFESD0WVZ9YqrCtQvb7S7M8j3T07mcFQQDnt2bOLuYwSRjzvRjSRIV7ShwFbFqON4vdkQMzwW841smCfVoLC4DhNjzgsjpUdl62TdUOV/Mvuvud911112tbu/iCkJai6tLy42lpflSsT4GqCW/d88erAC9QQ+gFSCYhMM2pNaqYz2LRQd01uyjN1QA73Ka0ogXGDY/Y5GRqCZP+SJM8sZLmS8YBw6ML55dCsLgW9/59slTLx07dsQloXwTwbM4GYIhV22bHpWcpiITJ/zqX+OJk1zCcx4i2FIcp2tZzMmbGFgibZJOioS13pbDQSy1Im/d7617jmPItol1WYvkTTVVruyzOT9ZbTUNqW1+LBZSIjILwIGqhVGcgABm2en2QtdDxBALyNjERLZUdIB7E7StJiy+MoR7eTZzfI94UiOhGIJutUw+jykB+HjQaADjQyC0VCpROThFI9WUgaMYGgFsiKhZ1uE77zh49Eh0z7s6nc7c3AXMhOMvnjhx7ky9XtszvadQKt5yyzFsUlifB4M+tps4pGAkBwttUlfQUvkUUTWXSN0ibZaVkHkUEC4kBj2ADY5cJIHtUgF7WUXQoz47vfHCWdzH1/7yLz/+G4+YOmAUkmtIEXz1RtRmoVBiGBx/8XnPD2jN55ZsmVMiL15k7VQqeQKKgwBYEZAd7LZUW89H1EohOrCqE1gZxdijPa5XrFEWtmpaVrfTBRharVTxXIrFUq1WW1pcJI68YaEDVhJZFMP2uGwwMZFho1gZyrHO5+uKKJtMogoxcZARcOXINp4K0F7KeYqZlU+oKKG9fXsgEp40lqiWCe+KBwMH+2O5UuaNlv4DGoWHSoGHYRxN5XwdExOsWKDSe9hwvRBLDRUjpa2QcqCxbVumGXAtBxahooLD2RxV6B3YdkAmkEt9TauP0R/4W2u9ge7gdjfW+431FgYVRtRYtZIv5LKm6XqubqjFwlipkMdit7K6TPxiw7gwf6HfGyDaXXFLiKPs2TuzsbERh4Fp5W+59dYw8G+/446bbz7S6TWPH38O3cCo4nILS4u5bK6SLa+srMBiKBYKonQwTC+qA6lp5VIJEeh2p4MPp6amVldXV1aWzXwWo9RsNQtRiNcAYHRA+VbB8upqJmNls4S8Y3DxjLHCx4TII3DgW1bWd/3zF+aAnY9bwe2Hp9sbjbm1Qa1iKW7nR2cWT59d6Efql/7kS++9713ziwsX5y86blKuZPGWz83NT4zVWu0NUU5iceFCpTZWrdbrpbznaP2+1+m562vr6L9i23/y3/7IbW+sN5aarbU//9oT1Vr1p95z98unzxy96eiXHv/inXfeOz45k2yuhdeKwe22N67JQ16rqm4HJYVBHobdfi+TK1YLJcwBTM2coYutD0ia7Xp43TQuLjI9PSbytrhqimr3AzsI6lmzms9otAXHw8ttXoXSG4e7rrr1utvnBV6ZsXqdcTvSEsPupSvK2wjGG96oKDMubbfn6O/DOu3XDmpf2pRNgHho44hPVHHm9PEpw+IZl9slk23h+e3PZyvI+ya37aEsedNie2O6pA4lIEeBM+xfumUNPfHd0m5vQdsFoN/iNn/6uMRyzJciiUAer/5bab/0erTTLxBW++i904/u/M3lAetXbEIQY+snr4xBizt9De01SVIIJPoVdDauvTFaffrKv79WUH6z8TO6eedpCPeXdtub2oTK8NmzZ4XoJQOeQII265qKvVPs60StpY2NWGxw5+yBzIV3NIBBAsGhZCPGLIJQ93wP3ma/31eG4V+NlSFh04VBJD5UiaWbt5qU5T8AABAASURBVPsDSaDSxLYikJr5CGEuR/mYMefwUmEj0rmA7xRTgR3WWGQGcgT4wDCMfC4HfwzYFnBedCVkxIXFWyONS/CxPIgmhOGI1MnEZ+ny3knCRQ15Cx/BrBITqw19VNmZuNtMc8C4BXKgiOLLhMMSdiJcdJG9rDNAQj8x+iyymQXwHZFSsx5zDR/fI906MiCICwoLQ2UJgDCmvCqAbVR+UIxbEPi9fh9PCm6nYVpJnFJPibKkahgtkfMFdEYMJj0W0ZXhDbHqgOI6DvpYrpX37p1pNjbgfGa5POBgMCBJa1UVROaIYQXuDAk+xhy1wIAAdCBaH2ciq8Lu4WqOZMKOZD6Y/S24DaTnFkX79u3bLTx4hbYVgGYqsBRtIc5IQzrmcEYKWGNYFHMIQI9ItMwlSfkiEan7ss4Gog9+0g7ilhc2g2SDcGcco+FFcyXZkxQ/kYGtmKzbnPDTJ53SHQ+Mpz3mqs5zQXgEqiRI+MxfRrcC3wXe2e87tu1gRZnaO17I5QLfyZiGH/lJshOL5UlFzCgpVWaRuUYm8W5Y/UCN2MI2EPHyvc6gh77pqgHUA7iSSsxVDQhRz/c0RccPhm5Wa/li+fCtxw5Sin2vt76+2u23GusrOC2mcaUGBKyKyBZgaOCZg4Hd6XdJ9pSvrbNsOk6bxAG/5rQQqRyyIrUKN1aGhekI/hK+bOIDLrvtzoPf+ct5HLjRavz5t/7k8LFf1YgkmyUXS1aFjXoVp3b0q1SuXXgZiUDkuUwT908ZLsuj5yFwa5aU5QO2+Hn4FyhzyOED1mtm31KRWHslaQT2mtttRF4PUL6S+JYSU1d1KdmmNUTv72V0VJO0dF/qZW0jeZESNAJ2iCBQTkbs9u1er1epVuqTE7KuBbiAbuDRYHFhTs+2YQmJjBVpaUGntI4ryeYGlGmRIRXInO3YnU6b9cI1xsWyVs4yVUCcJlbgbn+ARxgC/beyU+PTxam9tyNq59pr60uL8+dPnzqVsCZSpVyp1mtj9fFCqYCFFOsqOjlwHdsBBuuJQUDHAJjyWkpYhkry54RUCy0oLJKcCERzF8/dj70Y4UbVmD16ZOnF074fPnvu5F8df/add7wjj2U8Id0XWZJvzBVQZLR873vfAwqJzrLA0uYzFXJVElPtDUMlvirzB0ulIsYBb3omY7o+tmOLJZ1o28Le4/mh2NfwJx6ZR+FY2lwAqmLvgIWABzczM4PP+wObKhWTbIWDXUzhoCbzoAFGyx6dmSoQSLwtYkogXkvvrx9amZzjOpysRfEjnBaLDnbUfC5frdY0EslQEVhpd1rYDfOAeYsFkfAEUBqIGCvAcokIKQaiiqtggpHsmK7TAhiFjuf4BKzLXFeRDADK7tKpJ6SkPHwZ0TfHcUS+A1VRjoXwVLo74wa73R5mbrlUWV/fuHBhznPTgmnEPgz9ONAVy2o2GvPzF7DX16tVwMSr66u46J6pPQcPHMS62mq3YeGsra6hk7B8GmsrY2NjiKMAe0XXlleWVS2Z3TuLlwfzuFwu33zTMURWItYnQTt8+HDsOFjs6rX6dG0aNztwbTzbchlwd2F5Ze3EyVMwkfYfmJ2ZmbVI3AyWid/pdQmLR/C4VIyDaHFxoVoqYYwQsyNUnsI9ZBkOMOiD/vmzZywl+pWHPpCR/cBXB653KF/pNLv/489/eHaxVShVq6Xy6voyhiL01GKxDPS/UMpMTNXWlpeLpTzwb8928ID7ndb5M2duOXJYk8OMpdRrB9dWltvNJrHp4+jCmTNmRjt7ek5VrLvfcWe5nO+NV99z750vHf8jjFgdAPRmgDPZ8f/d9hY0+Wrjj9dk/96ZUJI1Sa3XygbeSkoNjESREgcAdJLYrVYhV6DQqUovWkQyB3jTlGoWf8sQHTrwFE2Xrq93/IbiZYyTlIzKkSmZ4+o/BvNmRLK+VnWvV2472A+JOsSCd8Cprwu6elmer3QJU/itApdfY0vSij+bwPrOA6Rhkpq89aOrtUt9KNpHXrenv9uoPf3003fccUelUrnSAa1Wa1eC4zW113fKMsv19ENX1HS++m9flyZwzG2Kz9ff5ljleQv1mxWiX/l7s6+A2V61sXi0dPPmLbAOtfRq2yvpbFxzm3sFNP00MalfFQZ9Waz5sqj0bntjG7FcPW9tbY0q7HEpPBLHiBNpOyV46GKlCWsE46ZMXokYZKajcGqVlbEMSmEm4BLuJTxY/BI/k260oviEMAWq2IPZm6UKUIFHbh9QS0OHxanrGn6mSkFUX541RVkvUsh64G/5fAGwKVWhN3RCCgY2PNixet313MnJyW6v63I1PeAFOJqVPRVBIpbSqnfEjiIAmnkUpBbB7rS8BRCglECAJhzBxs9ca5GQU9brSBgXo1RcgjloKBIaiyAU5XrEWKmUya0Bv2DlL5VFMBMiZTOyJuRcA+bpMRE7hg83YPVneHOIYSsCzOWL4nFgKHVNHVUjBDKGY33Pg1PNZC/SmOanQ2WfEEQAJKizyqZhcjkorrBmGWbMEQaf/EUC5uGXlkql6XodQP/8xYsYCNMwRV1HeJ7k+bMzz4PGmDPPASI7M/LCjy9NyqNB5gEVhRaZsk2gu8gOw3czlhWRujc59vCBh98iM0tJ3pCi3j+eTeGkQ45wpET6LTxoeZh5mCKD9JImosISyxhQkIO1wTnXQPAg8M4lNCnkQRA3I6nlRq0oaYdSM04AlAQIBkmktCjcl0gQ8/mFIFkdhYC/UHQgTr0ykTqpeCFptXM6POkkBGnISo5DUWxOJYkdL3Zd3+4NCsXi7J4x0wRa7WO+o4f4Q5QwlCiakq4k9H5FLM6u8BtKMy4BjjzyOvBeRKFPOncGSdJLhBYF660NU2PBeVXPWlnNxLR0M/ks3qu+09ZJkQaBIqleRy8IWQqoBlK00WwCD2o3GyRjChA7Y03Uq4pSd2038EnclFaMALhtLLrHqSE8sXEDxHpOuEgo4dFBGLI6DSJkAM46sweqMweLe6Yqx47N3vnuYjd4QfWzWW2PokwqSUaRtE0O0OXaVhcrHhEn01nAwYRUNZGl7ocZKsMgmZRyxwWxiLnpWIo8oL94K1WVYWjJA6gUx43IaQaDgRxhIOzID0wtYbyJbpMhZSKUJdukIUdlV8X1ojBQdjilFPeLRTotsUFlNXR8gHGEBjouwMc9MzPFWoUUfJgzjlVMjhIWLmIwN9ncVkhim8NmHEdMNEPn+0kMyyRBXVqYpFweWCIhjxj8/mDQ6XYAZZqGBiwaqw/mr56zMoWc7weNfj/i4njFOtVo279vPxaxXr+Ltry80uz0V9abRLAtFuu1Wm18ctoyY05hsWk+eBLgUCzXRJgnbf2QVZ44t4P1lFSXgqMkbURru48RUBVbVSsHZsdvOSq7gV4uPL++VHQPGANpslDJxnJe1dWE2NCbD/7G8ByZU6zA48LuQMNPESzAPTpl55DGBT1WqiqIkcxnS4VCrVYyJcqjIo2UTAaTIpfFnwqeNfvD6W3Rbh4lIc0+CTFOjG3WoqB1tVIBorqysjIxMUER02yGqY45qiKA/YIxa+x0MZOdge1Sr4jASxs0c5/pI6yK3Z6N5Qg97Pe7AG1hSyCwPTW1hwS4qLLCgPTBwhAgK0PKCRHmVQNPkHSEZaw0isSrDeJS5XodOz52cARGPL4019yLONASc/VFIaSTanpi6rLCMxkBDptGZErRTksSMjFr57BqVoRby+dLWH9OvHSysd7EtK+Uq4VCETfi2j4MmG7U911/bKyeGWRbzRZiILUagOJau93GxG401rOZnK7qCwsXB4M+BmdqevL++3/62C034eS9Xrvb7dTH6rjldruJc+Jdw3tH0XHfx72Nj4/v3bsXJhOGcXxsrFypNBpNWCbVeh3B7eWVledfeGkwcPCtPdN7sBS3e3b34ura+hq+gluguLgi430br9UPHzi0trqqahEmAjPBqUqYB8MriJ597nk5Cu86uqek+7punjgz/8479g+6rcUN//TFzr59h86ePzMxVm9u2MDai5VSuVA08hoA8Y3mSjZHKtpHDh0+N3d2cXHlQ3/rg7p+9ujRmxeWmgTTa9qhA/u8KR9Gi0o9ySCusGd6L1YbvLIvHn/mXfe868TxlxQpXlu+cNttt2N7CQWYuLP4p3yjvGxvs3Z1qIGMXBwTJrpmpoVrZaEpR6pvWIqx2mND0WXahuVQMRTKWpApp4Gi7BFsec2St4kapXVetn6yA7YTWZ5b+5YMv8KZhRxX5ERHsQ5ITDFhGz4WsSVRxEW6HGa6Azy99PavG3u5ji++4lc49ChrpMwts+PF6mjXdarrOPJKx18JmB61GwGSFllRcKxI2Zy3lh2TgQVHNj9h/3Gb4USsrjClH7ElSUUypVfZtg7OLsXn9Wpf+tKXfvmXf5lJBjsb3B/8dusnuwD0q2uj1fN1a5eIXbyK315v2472vgpNj1ds81/5/OltCtfb21WowZe7Uz7bkU9/+BXg4Cf+lMQzPv2fXwWAzrD46a2q3NROE638oSOvHn3erjedDsKmnMjpLSoiUiqTffMvbdPTeIV2uWfEoiW77c1sIoleZYRUIcZBKJiqJGUl9nXW/NzxLYF6RFH6OXNgI5lRC2I9cxDeNIFEGwnVzWOtDiYuxfxFQANAp3GJiDWAIzgwGi5NZQ0DqnLtM+1AAmJhGhaRntjfI5otnSECmu16JDEMj69YLMLxq9frA5tSU4FBAI+AZ7W+ukZyGQyA8k6fCNiU5BdJ35MkCxUSeVYYzx0Wtdh5nxJrwqpckpHI1GSZKULLgoQ4AI4IsUsuMqFFUsoMjsXxnE0mRhj+J/YqduD5xFzzkL6oKVQaMSAsWFi32WyGVKqHvdFIcTLVBwB+xxImkkdcaQ8fAkFjjvOWXY/EMX0idgGBJlBEyRB6TrolrihlyA+YyEqDAZzbyalJ/PbChQuUee0HYnyYAs9EbIaGfd9L0s6kJhHuU2aEKGIsTGOyqFAkYdpiaGUyZAAx21wiciORWQwD/UzgAwPvTrZ0WNplJu1syZABLbJWBcqvDP+VRLAktbyZaC9cNSCmlDsKnEcOGGn0Y9lJFMCLPS9qh3EvSnqS7Miqlyi2rErsyoUkHJCwaMLQeePPRQlMKaU2D1uaFiCTFHoUpaEIKoApU0E2Tlsn6Bm4YuAnQIXwy4mJSeA+sRQSUqewnZ3E5MTFcrL9yXN6BVc7k1Xpcq4FpSDQSKhDfF4xTZOWgoDeOC903a4TUxU91VEGJqdl0CusyY47QFAL70NvEBi6ZepquVLQtAq9tkykxDslsepgvVJSCd9PUtUFRfaCkAdcAYZFoBhr+3C0TqGXPGGpGRGS4VTig/vzN9/28Xp1XNPVILI77unYT+zuydsPv19RpmTJ4IXhlb0LlldP+c5RGhiQBHN2kwsk5CA2CfAJqx0JzQpyngOscErsK0k3CQZx7CZxP/QGkd8PfFdNED3AkpTkrDhKVCYAAAAQAElEQVTSaWRVTQTeFNaml7es/MNnkVx92op4nCKnISvFDyU/6PV7wIgzuey+vYcUQw8oPKGkjr2aJpJiqLGeJ0EkuO+8fqZMW4U/CVOGF61I9GAkEk4ICTiUhG9ABdnoacR9121sNDAnMTcybhaPxpA1gJ6mlcMC17T7ShgAQFbCuDYxo2c6tYk9pO9vGL1uu9fr44utTg+xCyq4q2u1+jjtAVxXKBHBw4QjEcAzA2CKIRfTo1idSrE0ip0kupKQwpB869Fb7vnpnwJuJ2E1zlk/alzwB24+lN93yzsMierSalwE88ZqHLhoNdvYfFkUlMICQ2EV+oFLHsnYXmnTI0lurCe6mc2EDHTqmhxQLQSOYg1hF2JSU8ggIVkbycTbSjRnBGWDAJHOUpEKFSwtLUnDRylK3WL88ewQXZY4kEw1h9k26eLpqIplmbY9oPVQxNxCH2FpHEmxrn0VUk/RVOyTjj1IuKAlGSA5S8QOZI7aEbjEJVDxzlKsHEaJafG+Sb9H93BiXDTmrZ8iJoR3h4BcR9nNMgmKYN4SNC/qQfnUAo4T05ugEPFa8z2/0W3ACkKga32jsba6oWtWoVBC8KzdbNm2DRR+Ymoql8sTNdnuW1aWcOdqDbs2bpxWONNYvLjY7jRxznK5nM/ny5XyXXfevm//PpVKCK6vrKyhAzMz05ZltFotAOhYn4E+06oI04JTmqjwYEi1oEvlsk9yt+7+/fvt/mBlfW1haRFhACyU+/bPmmbu7NmF02fPtvs9LNUR/ReL5YVDPtnZSRunuuXmmy4uLJgZuhAGs9Np826ljk+MH9g7NVvVQy13emFlbHIaj2mx6f/B//y+pGUHtjM1OWVlYSBYtUq1WCxlM1ksULl8DuO1tLC4cHFpaXl5fX29UqucPDvf6nS/+Z3vwQBab6zPTk0lUVgu5gqlLPrS7nUxUFggDx/e2+kPtGym73Z+9KPjeKLtxlJz7UK+NqHoRH2ntDoyyaRd3PmGalQePH1TYua1xApLXSlUo4StHISU8AqSC4CVJhuS+o1MsS8KTtMOQruu0EKS1Z3GxLW1a1RsiFgMKqL1PkDoW+eA948pG/eaW3JJ0ZFdeO3yLUkVKrnWhaIkcXKVwjYiQikx63/zQwnmK9n5ybCOPeWw7vpFN0Db2Nh45pln7rnnnkt/hc/x262fvO3eEBGak663kZPwOodKRDW5h++/eag+LPi8VHHuW4/sv/pvpetsJG78+IjqmxY2vI/EJxg0HWpo7MBnr6HtlD+e+9zDn9nK9r2KFPVl7hQY8ZFPPfmKt/nARx6SvvD4Jsj7jU+8Iv159je+9aQEDHrL5UQVROmhj14P2fzxh993e8q/Frf8sce2ktZPb1H2eOI3H378VcLl0rDS45ZnJHq7297UJswvIYwg/EPPY7qfQin7Uprlf3nLbpjzRVZ9RDgjwbKkLxtRamqv24XrxOQFuEguFc7TNU5hJtyXEEhFZvCXli94eXygGrEgCGllEHNXg/MpdmtCTTU1ZKFhOGwqF/ZSOB+WcO04gfNGjGPPo9I9g36tXm+1mqQ/q+uCtMdsqUhUAsT50UNRFyLi8src/23mZKosAc/XILQaGJuqazExlD1WOVaHROBYUFCDOACMzgAI6R6QrRpJVLIPJrPQpCZjOhBAdkgyspSVTjQ9wO6+z1rYJCsJB1JKmR+C95poLAUADxk9Sbjg4cB3+j0bTimQbbi1jIIJmCaFnuCymmwmk1xGLAaVOi9iCQ779rOzs/l8od1qwz9UOcdZSUSlRElUIhH8SXzTHxJUQxaPTQQ5kU86ksmm2yUUkj7XSJhXi4f1LYXKNnfDUFX99ttus0wj2gWdRy3hWm4SY/mJ0HHBzy7+jWUfMQ5J9vk4QlEY09FSBJJwEiGywXYrky8jCTEEPwyBNTtR0gfoHEueJNuSEkgIkQAFlgAKhjqX4hz65HKyWSuGcBOGFJLhJ2weyMO6NClhKBHVO7kkV8SKqzILdSRMd/WJ+Gy7hWJ+crJm6Yrj9wHmEUIVega96UrMYi3DWnjJKDOA6PtwLJNRQfOd/BcmjSYpUSkt/SKbXAWU38RQigHqKa7rAb6JOWMD7xrCYZapMa9aRkDF4/gT4Ck9k40jD6fI54FoZXBxlnpmFVKsTgRe66JmTqo4wwKW/BYDTdcVAsplOMlCnjKI/TDyHb9nSv6F1Yu4MFCkrhNldNWPjcW1l/aN1xLJ4CF9BQBaDDMLNFMwwWWCFz7XeW1Wh+jekAm/Kf4dknQ3AdYAWX0p9qRo4PW77qArhz1ZcvEEEA7STTmvOUGginprjHRjQWSBJQrIYa1JxBKwTQc/2eZyiwClqDqYbHZbZl4+SSR4gez5/V7P9r3axHh1fMxN6InEWEZieSQfQw4XFj7PT+W/1c1TpTNOKMhEocL6TR6R7pVUwQn4RZwwFmlLVC7VAv6n59RCMReTTjTWyR7win4YdTstQKcESWezGuAvk+QLNghuxqorlnTJzOc1y8wV8oCsXcePU8QZV9GwwLH+CumwUGRPk0UxgNDzrWyGNdAJB5WZtR3EoQOMW5K7G0078rrdjhdHlbEaUJZyqbS8tP7C3KnS0TssLK7CURXvliLfCPiYzLyeCxcv0NjSaxmP4hBp5UQeeVF6F3GYXKasUlBZ4090zH9MpCDAcOGlQ2AjBgqMl4g1oPGwVESIW6029taMZQKO7JI8Ou0XMzMzg37ftEw6XlWq1YqoUlAoFACk0msPJJF0XBA6xYSimn6WaWEJIa0OuO6yND5RE3sl53IFOBsmTrGYo9058Kkuk5xgcYzDJA0NK2ktTTwUTAw8ahKyprALwlE2y0wzEsCBW46rYuXwMX/SFUtREH7Gkov5aTt2QOFbqkKMf23H4Y1PVTAVogDgbyFf6HR7z51+sbHWUFSjUqpWq7X6vnHaOCWCrdcba83mBoYWBoy9vIy4MjDZdqfT63Sxco0RYbloWHqjsY7pOjk1cc+770ZMxXHtpYWLgL9zWatSLS+TyrNXH6uJyp/oOs4MG0DE2HCnQK4zmQxe+nylBCAYr8BaY/2ll0+i7xOTU4gRvHzy7PnzC3gCuKkiDYuh5Ei/K6HCICTnjX3+3NwKTKiJiXGA5BvNZqVUwIJaKlFpQcyN2ti4aSoVQ6IKxHYSG/Ka4/3P7x9vuNr45ATW4QzurJAH0l0oEKlZ10yYNt1+F6bVgQMHjt18S6/bf+qHT11cXH755Et33XGLplg+djKYc7114N0wHNfWVnLZAla53sICiZeo1rkLC/e9995nn30KmP/09PTEWOXl55+uTe+rjI3nMjkDV9VNETXl4JaSqgZJW3iJu+1Nb5TAJ9ZMxuw4ahmQIaOxkhTi5JEfcUTTIttXxqOm0rCy7BH9wlQF5sxBKVbzYvz6VbatW9pwJiTb/iYJ/aeYtntDMzWVMmmwyAcRETL+Bs+eS8jjVzzwrZNdvkEaJ3SxYJ1mxLDX/SDDbBtB59p6pBgrZuZEouq1+FwhXS9mbukG+7k3Yn2It2377ne/i2DtxMTE1g9XV1fx+Y4j33YANCwnmCzS9TYY7kPJ+devvf+zS9+7/f777p0eSlVs09y4+m+vr+1/5LFPff7ez+CcAsiefeQvlo785vTDI63pmz/95NJ1KXLsf+Rbv/fC9Mcfnk4h4Ice+72HHv74SJFi9pH//OnP30d601zub/t3d94p+rZ0TSD7+z/75KeO8+2knX/sU8cffiXdD2DQS0eA5m8O7HUA7ptf/MgXYcmJv+HWln5j6+DhRh6Tfm16+uPir1cqTXn19sBnl568/X33Dp8RTvKYNP3w47cduZ7HtNteWxMCl1EYy2ludTz0/4mMuEl2JtafEAaQU6EApr1IHAlLRAFj+J9UyomKhgGa8UOfTulJIlUfRifQUVs4kJals0QGFaEPCWDQiBkNx4XgHg9QCZxGOMAaoRXAflWqIkjlvwiEA/jK7iJnYxPxmChLcUyqhXDIfH+iPg6PDqYqboXyxFW6ugC08APsW1UgpASEM3tUqBkAStPIjhWCGySTypXyVIPp2xrBUfhWyAUDgbWECcEiAJ4YVCO6EMeuNUrBjYjnJXjlKbqYCMcVljSB5rhwALwtZhddkR2H6MykB53WaSFfCS4ikDuJ2HwkKYBv+24QuHDmLTjdupGjel9AxhgYoLpAoa+rsJM19ETNmLB2LC7hmJCyCnUCqBxc0Hq9jiuura0KTI9kKxMilQsrkgDFlM1IDifD4eRZC8lU4ZbjZBoLSUuck0jf5Qw+kZMu/IqEi7lohs7asAR0Avi5+dhRStJn/QBGEVNk8+3NTsKjCaRNKM91woVQWo+kZhDaGHIm+gEFAE6Gya+xLi1noSfhkPuMae7GCcIYAEQcTDpSBKCQwkhtnONMEhNkZWbUcqEUvqDQMk7SUIEUKczj5I4JADrhE/HbQ4EOmk2MgXLOBGvvUIp6pIZ+hGlsDxwY0DNTY8ABEQEJIpfI9HIgU5VAeu346nIkJ/HQARRSLby0KNqQ43uZdMsh4syl0+mn9O2VYgEtkAXI6sjZfF4cyphqhJcGqBWmoyEpHHAK0RfT0PzA1lIh+NB2OzSXEwS/dFJ+TCLAyQRwMq8lIB0PQLQKk6HoEoYK1DQc9BEKyjDVOhk4XUmLKZMjCUr1iqHT2BWsCsBg/P7C/MWS2a0UMgLHv+JcYCidcGRFtaVkI/Y2fLfruxFHGnT0jsm2WP2koZI7fiA1H3KDJF+KAuDOcjyQMRWiVDVASQJVBgSVGGbEAkFYIxEdwmxAIEJh1JeUvBWJYogEM7FCd8pFHqHL0tArlQlt5aUBSzzBAJz3wXkzocp6467tdFptwGvZfGHvzB4jlwUgDtSAQnnElE8UFjKiuUArItUpJZw3DEXkQ+GCASGLQYUCrsdNEx+cDlaZdTHy7VzHZXloJaXkY/hDqiRQyGZLuRz3nJckTlgBJA28Eg/IMCys74JeKutax7WxMOLygyBEBAevisieoTBPFFDIUFIABWLC95x+NpPFrbvAKQcDvHLZrOWHQafVwtRSTC1Q4v5goAQRoNyB00tMAOJFbI153Qo7g8QNlpZXvNmbFcuU0nd+B+TxlrSU5IqH2et1260W4UI0f0NVo5AtBxwVfptiKmjAwU9CbBNSSx+4Tro7yBzAjCLdtBKmq9N2piAmqjOI6YW2zxEO3SPcH3A9yUBjiF3Pxrxz7Ijo7SpeTF8S6jcEPUsxx1+oUgLVQCZKNesOx4gTWBmzZOZ0im+FFPRAoDUISgBPSZY6AmTMW1tWVCfAHXlYqKgahI7XPIsHmc0KgRHsU3iIgHQ916P5if2cSk8QvVJjUFuit4dEhAzd4FoI9Ny8wLcHNmYUHj12NSDdGB9MKZze96O+TQfLSuaF42d6/V4+lztwmKr5qSTWInV7nWIhj2AMqcd0WnifiqUCeu74zur6cjWq4meMGWyAcJiRiQAAEABJREFUfr+DwAp8vdtuO3bkyNF8PtfptucXLqCfeBY0thS8iw8e3J/LZsWDQFAb4bE4VDzXaW00ca1arY5jHHuwb/8BjOqJk6daQLg7PTzJbm9w/sLz9sDzqfPZUiVrUtaahVdD5ZIShM4jeAlzSI/dRPaxoJDKygAPzo/cTC6H2TK/uIDQQsS8fsukUB8mUKWcL5Rmb7pL8bTTWNjHJiaKpcrYxHguZ4otH0EjvDTVMu40sQcumQ25+OiRowPb9b3Godmpk2eXW63uz9z3jgfuPvbcSy//8OQ5WpBDTBsSaioWEZ/o1cr5frvdb3ue687O3iHxHJQRA20sh7oB6JCUeaycjDeOcskszEial7HIrxAbITURk9htb1DbsaFv6kfxHhCTSUAVRkn7Aau4zKVEEEGhCg+0AWDPk3lHs0xdbP+cmSSKLCdDYaidT3ArjXQrL1XsIGzej0otiOM5PWIo2cvBdQr29yikHRdM4tXQFk17FjF3LlX5eMWc8tc56Xz7OXeYFtcnl/FqWYlvxB3d+Jfe0qgiiJZoQSIN+m7GpGQsztWT06Ldm5KWEpeCV3aIQeOArJURPxts2u3Sn2+o9sUvfvHXf/3XR0IciOzik0sPe9uFYu67775/+A//4a/+6q9K19VuueWWL3/5yyNRzt32tm9c/PDKyLWQwH5NdPWrXvr4p0YM7hu69Xo96cZr19ErAjvC8N/9u3/33HPPDeBKBSxoTJnFI6gnvhSAxvZJ3B3x4TBaK6K7aTku9oK4DQ0jMvbJi5WGnGog0VQfT9csy8QnusY0aQCockozZMxaThUwKM+dJDioKBApfiiCh6uxEFvA8AfXIEoAOhfzRXS6VC61OMUVDpsHr49gWUKRBPYmukUZmkwAh/sngBQiczFPGSc3dJ0yhQHZEKWXYCefNCiJnk3UptBjYWRSq8DOFBCJLzXdRAp5Gu7mEoISoYxcADHcLPAIlMNx3E67B2S70xuUSmXinxJTDH54wlWMwqxlwYnNZPA/A6F1mOcLFxc03cIz0PEnicESRkzIuabZg75OmidqsVzAbVH6uWYwH42kvXHThULBsCzA0/Bm2+22xgnFTAmThTZ3nJK4RZRe5N3SYKlcZ41Ir0IOj5jjipgkXDWRXAfdMLgWUQS3nnx31ilgW13OMk/QMq1/9s//ealcTNSUIp3OnORVUJFwC9IN1l5Ll7qdHpstfiJ7MSaytOGEc/1gUZJbXDMQTpnH76FK9qyiExIdpToYKRdY5aRVrhIKABpOGkWCOAme5XiHLllalUlhnrWy1WuKRb4DHUxvAlXfScnJijREdpmuLIA/mg94tiJswFoEMXGbvQi4lRe4Y2P18bGxrKF7sUf571TjK4i47h+HJWJxQryz0QiATgV/hl3aIao44mAK0Fni26Vux4LzT/1Mu5kWvwRgBQ+ARe1jhaM+ihCDl2MgiQGxoD1lKOYuce6/ypK3JpU5TYT+LM35REEMi4mtLDYSEfFTvOPdXo/ADANhHlKmxo2rhqJbGkJuPjG3jHKheP786rmTzvIF5+v/8zurF8J//Zl//3Mf+jkEk9DhyyZppqA5sBgpaUjBvN9dDN1uHMrEfx8OCBfzDDkvIa0AmFBAjqojEg2MtbsV/pn5yMLViYfLLtO7EyklA26zlpUkDUkkqfx0fCnlWUoBaKK6i0xT/AXPVdSEwztvA0YaOJgNWN7rE5PFahmDBjwRSySxmAlgiIa3KWSKKPrIkr4EQMdyWkxJYUAZB6c7ipTqdcpRsglAy6PSqtJQxB8dQ7STleUSFqSnR68RIz4KNZXYtkZGHfQ7HpW6w5pN/+AQ09DzhQI9UNPEwqViFQYuOdK456jnwBngUyxuDnBnP9ANLZ8roCfNxkbWNHI6Vmiz2Wv1Iy+fzVURAvGDTrudLRQQah2sbHQW1oJm9/tf+cbccy//q//z//7Fv/2QpWujKSypKQ72WhaTRqMpXWdLAWgs8XMX5v7Nv/7XrXZTphTJMBJS4mwnhMyDzbJWxeRY7cCe8Wo5i0HL57N9eN6up+oIgITYcLGxY+ctl8ri7HgOmAOu6+IMGFje2VW8m9jWqPqu69LP2azC9EaT6goGXGeM4hMB3i3EtFlMGfEtPJ1ev49XOJvLFfJFgqs1yotyHBsLzNTkpGVlIq5RIWRSRPSBy0AQroQNHXAkoG8rk8nn84JQiR7iGghcYxrrFkWdENUg/Y0Y0LlFG6tt45QmUbxDfntoESRZC3uQyebwzuHLNMU4YYuTFWQYIbl88dy5c/3uQNUMDCRCXrlcFo+50+puNFskLxB6M1N7ZqanEbHu2V3ErgCuGZqOgaIYjE67M1Di9bX1fftn7/6JuyvVarPZ7LRbjY0G3oJaraZxetPY+Fiv10EwpVgqKSJLDPEbtjQGvQ6eS61WxZD6UTA1MbW+sbHR7vS6NtD1ubn5c2fnbcfL5hGsKeiMHBdyea7GRgs7B5VhqhmIUnseR2KUJGfJP/+3Hwg8O2tiLpBgz+LyGtaZiYkJegyDgWUagHzRpfMXzmetbL0+Xi5XX3j2+XKtPjY+zrWU2cgjOAaQnhr4DrYI08hEhDBSSOn4Sy8998IPL8zPTU7tr2aNX//FB28/MrWw1k/UuNFsf+s7xyWtjG2wXMmfu3DizjtvwXiuLrfx54c++CFVNzAyMP8ouITh5IoaMHV6ji1rZrEyPj65N5Y0jq1LyVYMS/4bBUDX61Xpetub4OBcRmILQewE8C7ijoh2YPk26RnBBRjazDpZEJvInbxdjyo9x5YmiyDY5t850WRL86iyKMlMy8PPscJR3W3K0eKILklLawhanlteRVRm31hF16kCbcLBCvyh0tueVlmXboB23QD0brvehnki6tNKkaKtNvswdydKWbhsoyNGAHSqr83Fh67x0dwIT/AG9Lne0Hb77bdf+uFtt932wQ9+UPz8ta997fjxy1RGe9sxoB988MHf//3f/5Vf+ZXrIDIDeoZVsXfvXmm37bY3uQnplU2ke/5z73v4cemhx34c0Oe/GU3YKXC7YKATcSYmfWOJs+lVxhY3hTiHOVa8Fw5RHjk9yw6LR0g0SCO5WELNhkcyOTY9jhw/Fxak76twQIFWyFa6JZOHk81GnPWaogyEcqucfq9weTRZgCkCGWfQmvwwOFqUYUpFgQLXdnL5fL1eX11bI4YvAR8xM3lF5ShKACTitCSKLlK+LH0oDzPD+TB4UxgcUYWPSJKBz7IbEk7OCckyKyCRb8M0roQ5yOSFkp3B6kbkHKtbBG0ZFaIySnHskcpkQurPSQSUG057yrqgvHvqGe4iY5i6BsTYFE8KQ7rR2BC4PnBwrhpH1boFkCPcTsomJnUTqlUowDWmV7smqW2WrGzGceFJ+tzNxOfMaM7YTbbUA6COxKLWGZNBiMtE1eHoQxoncSss1S0xWkf8UE7hF5XDOeFa45pyET9iv9+zATQEUfPi/EK+cEwZqj6kg/I2bzSj4c94YbLuhuf60dlE7ciqlybxKT5PDK49SOkArLSS8MsidCiSWKQeSJKoHhil9GZZKAQr4uPhG59II3W/RLCbU04r15Ckl16m9IA47VnKzkzdvNE6QCxFnxApvD0uNR8ATaGU3VuZymUsTGk3pv4D8mMUmIiM/IJI8ohpKd7DSx3RTdw5US6n3KlIQgudzhkO1580XMZdjlkUm7i0XAIUmBAh8SRNwTdKFV6MPEAQLCzM1uRvykLdNwl9TdYE+MqdjDRD4ZGRSUZGw+D6TP3FAkKxH/zrug4lAMfA4BM/JrooSd9EXqu97Nj9L3/xu0/+ZTvx4OMaf/zfHn/wZz+Et03dIpI7arGQe04SR5bWYv+UszHn9GxLly1DYhhW5RUmpggDlTxPR4n/EUQsJh9z1VaFMeKEidxDlF8R+Q5MIyMBcH7DY3HdoeB3ClKL/23pnYhRyYLhMaKtMXsX/wLDxXjZHpBnYFkOFvMSadhWAdZ6rIYPzBFPQZHklLlGUYgkzYMf6SVul5wWoCchBltqOnHiiNiMxBsxmpKSqMUpPhttNsTAJXCbZMeJsI+nYnuaj+cXIayXs0h0JRT52xQ5A6wf+JQJBMTfl31ZCCgRUB65mqrTZFESZ9Alpr1O1OjBoIPv6UDtNDkAtul6skosdUDuzVYzIl0muWv3ut12e2H5G7/3hysvnLF6gRokX3zsD9737nvHxsaJUyOzrsqNsQpiv9porHe7HWlHfvowJsTs9xghVZ/qFkRiy8MOi+G1Mpbr2niiWOqBZAJ2x6/ETsp7BGtcSiwZFVGBT7ybtutyVIF4YQA3hcQ2FQzQdex3mFcqiXRRLBaIM7Zjl6VaSsWCVa/h6z6XhcTjgvtTrUxJJAais8Q8kEaTg8e0b1KJwMAH7ozTVvhzhBk0BoUDCrfjjY5aHQQLWoArMXNFhAkIONY5XNpDJznOGohCFHHsULclFhPLIyJFq0fsBoGDqCu+a2azMEhc33/56acaGxuqYpTLFQRfV5aX8Vs485VSpVwuo7ftTguzdGVjPZfJYoLZ3Y7d7WdzCNYmjUYjCLxisTi9Z/on3nnX+ARVazh16mS/18ON4+tsnsU4M4V7fR+3ZnLtRPQNLxciQJ1OB/dmmGaxWG62ehOTE2VDP3nmbLdvN5qdjUZnYXEV0SJaDEs5GE75bLZYLpmmjts0tUQ3M1hgAVbbdj+2MjA4DJ3qjupUIEsp5LKOFOGmAFMPbIeXHGV1bbVSAb5bx/A1203ELm45dsfi4uJGA8EMZc/MFEYvA3DaMim0w5onMo1qoLLMmExxREqogRGxd2ZqYXlyfmVD1zK3HZqaruT8waC1vnzk6Gy9OvPCmcWTp1cyRq55YXX/gcOuFz/33EtTk3ve8577dJNEt2UlTcvAVAMwpJNmgotBwRvca22UCmXdymvpZkqBzFROLhWe2oXt3oy2lQEt8YbL9Zfl0E9C4jfAxogVLgWocfyPV/xXFyFIRtZEchkzk2XbI8GroMRKLoqta7wZBLi0Rok0LLcFC5aiO+VygJ0jVjzHz1sGiQlGMgnM75JV39i2mSG0+dMN1ChNmAXEIuwEE6VMq+dfpYdCRm6LQ73bfjwaEGf4Ofv27btw4cKZM2cue8zbDoD+5Cc/+cADD/zar/3apz71qZtuuukavwWb6o//+I8/w40Ai922297k9v7PLi199BPTI22T1yCTstuuqzGOK8HxgBEGwFcUeU8LIwgEOUqlekU9qq1b5sh23IpJpe4qjHhRkktwMqPIUAkrEWBTzLLCosygyLYmsQt49Y7jBz7cQip1rVsCEk1Y7EISBcHkoeo0sWaUUR02Ro7oRPAzSsUizub5HhAv+F2eC1/MmZqavDB3gdL/dUOUrhbgF9GLkkBAaUATONs3YSuCrqxSCQgqsyZRGR+fMo4NAy4YfFGuB2jCa/I8h2BvVchvUCqfYAyKimRSmmxFoxSxevRSUz8AABAASURBVDUDPrJm6FyrkLRWe71+r9sHKAyLNpfJhQRdESMbl2PZSsWgvFuDGOdUdyVy4YG7Lose0EOhTEVBBpfkIKbk34yVhdsPp52S+JnO7PvwigM4vdVKFaPRbDaJvh0L5Dp9gjiAGWqkTE3p8HBfo1SMJWW1swSHxEoH4SYdPmYXj7RRVYbaY8apZE0SopykJCtRKaRup9vv9anOU8ZaXlk5dsut4sFJ0mbN8bdvS9FkjKrrhhc7/tlEayhqMITSFPEYpPRdY0qmLMDAtCYhw25ctVwWvGABxjIrR1KHIJLMYy4UOaJ08EcUV2YKCXSPDlHEm5VIqS4HYQWcFpDWnKCSWwiSBBEMCcf18RfT0kvlci6b4e6ExKDmqA3rntMV0skmdHtiBvWGOtNbhmLbTGBC7s65kQipHPGzkAcRS400EsaOxawSitJDli6T+jltgiUgsFxQrU5eiDjopRGVMOH8BKAiQC4pBBQLlVii4IaEULJs35ArhTeTmJKea1oGzqIbakiXiC1dqFTjhUpuveXwP/sX+/5l4wsvPNXAOb/73e99+U+//Et/71dS8FXdZMGIO4qodmTSl6I5r3PR6Uf5XKwxXsw8RCFlI97MZMjYSkWTkhGez4LrjI7JkpDOEUNB8SWNR0pR0iyQdFoMHehoKCotDRHc4dgmov6eTGoISSzWligC0hpzIb7A9RGT81naolQu1ep1gEw4EKgh4Xa6SkCYqObKJxcKPyPSrWgcIBxePUnS1T6twpjGwxQOyMRcsWDLl0VEQ2gc8c8UghBa/OIlonOEoY+JYRo6RRJiyU/w15CZrMTGZQmFOKRHnL49BgnHJCGv1QrVSPQkAqa1gJJjUoK2omuMVkskGSF0qzCPDIZcMUIqhTlJ+T4x6zcfKf3y3/sP//K3o8DWvGTu5KlvPfEXv/QrvyK0rbfx+t7SpmgaoM8U3E+HL9nc3MnXZvF3RaOHmfBbkCQbG+vYd3itSrL5PMaEEwhI4xUjg8kQUq0/qlIYk1Z6SBURIsCXGSDItNmFYSaTxdaGkCmwHgr7KPSUbcfmgoRut9ezB3atVssX8hkrg7cUGzGmnmlapVIRLyBPauJry7QZEWpMgZY4ERgTIiJ5FnlQRUEFBJ8kXDTqOwM8SpKY4LVz4eICulks3UXhcI61Byz0IbHWTYCuqqqN9Y6UoDMSSxphYsM8AIiNbmMEyuWMaZnLq2v9/oCg8DixSGLC8L1grF7HAZ7rIXKMe7GqVi6fcz1ncXW53ye26b6ZWSCw3W5/YXEJuDYA08mpqfvv/6lqtYwIxsry4npjHSMwOTkBUBgjMDk5mYexpMoYColTr1wKA8i+5wG9gxWERwCcGrfZ7vZm9s4YurWytnLu/MWXT55dXW+QpL2s54qlYi6/b98s+oCIghK6U9Njnu+ura0NOq1cNj9VLzU2wnarVR+fKFSrvV7v1KmX73nXO2FrZTOm3XV++PSzB48cGh8bx+Pbs3cmjKnAAIbDyuW+/e1vT0/vgflQrlTIRlEVK5elUrIikB9z9C90c7kMUGyVpNtIgp8z3qJqrTy9d3ap0TEU+daDk0rszi+0TUMK3H7bT05fXOp5gw99+EN/8qU/WVldf/bZZw8dOjg+NUF1OGRp7749zHoWZZcTorcqMiL3WIj6Tnd5+fTpk6c11Tx89Ob9hw6ppoHXj5j9CctDS7uy0NSSV0olvw7s7NJzMlEjFmxQIpzISd91e50BTPdKCdYEVmsRIpdMWO9xvOPRxPH2LWS7BSG2xJgVdbFNU5ITGf+bMQZS+4nTit8jRk3IbBgvlBw7bLW6mirlCya6EimFVrcf5/OYf3lNLeVINIRlODbt5B2Q+pVkMS5tbwIQeSP04XrbtuhBcuM5DArlwJGLp0RhRpGsaiWWrrifjzK3dny447BXfF677c1vZ7hd5YC3oxr60tLSP/gH/+CFF144evQoDJRXPB6b/vPPPw/T6rd+67euW7tjt+22t3P7GyDBQe5+nGicqvn1P/uzP/iv/9V1vDAWXLBY1H2GOzEEjjdpdJtN0Ca3C7YCvBE1cLbqu0mM4wgQirjM0ogJSU1Jq8IQ8AonDTC0ZZhC1yIFyhShGUydUFO9YGGzcg0TWWROJsUCAdAM0cr5XB6emAG0l/LopAaAV2ZJywwJa+yUwDcmDCWJLSvDQslp9rewIwMSdCb8hJ0ZIkEI+zakfHvKJkYfBSlPllNqOBvS5AATpCtuVoipCeoiU5Yoq5wFP3C/jfU1eLhAZoFRwPUnqV1Ni0g6Q4ZDaFJyqpbP5xglUeC+r683NFUPw9iwMhKjILgNQvBlHN/XiF4E7F7OWMDKiTBOmbySTIm6cIbDCHC3EN2WGK9nMDHBbcrDyhiCW02gP1t5Qok1EqrP5LCy0CrpgVIFRc4mIyDboG5S6JfVqxmPZ3Sm1x/0u+hXn2Q8FRVPs1Aqvve973nkHz2SyOn0iMXUSF6FTfk3TYKjR1iABBghPtP0nnKTBUn3WVxbSZgPlM5uBuXEV4bZfKrQ5UgSwZ1N0sQDfnj8sgnoMB7JtW+qKAg4OE7xOqL1AK4hCUYDs4sjKIEA/gSMCScr8AX3FW8NECEH4EWn08VLkcsXKpVKPmcSwTQhlVUqhRdEukHUSMR1NMZ2U3Sb4WNaXwihS6Kd3CFlq5+hJNtWG8HVFSRmhXUoBG15tNQIDi8XNyQkIeQicttBSgaNhvimmKhbvUQKC5Hcgs7gWyoxlDoM/HYM/8o/JFSPTmUpoDTJXzwc+nKokiiGiYtoSuHFZ5qf+uQfzr3YBfB18MC+z//BH+3beyjhEjTyMBEgYWFuIGG+FF8MnKd6SwNDRbAroPiYhrdU5seVwsqJJG9KGw2lmlOoldBlZs4LxFaEEnk150DR6IoSk5ejIYE8ThnDwxAja61IyQh8JESXniPhBPQf1hOFw0tOfxB6gUHSFmZxrIwQIi/LqbxqLAIXTFoXDOV0rFnySMxc+h8/K8LKZTFXR9tNLCuiZtwIOFCHdS+37UX0YSwqSEYCe+I8kJRwnbKiU+mahLcSiYFsMe1kkWFDYKWpc0AOKz+LGHAgFGiyxtRXiWT0KduDBFuYKoeb1ajcq8LiVCSC7MkBTmioWsSMSkpbwCIZq1kvufjD44/91r+VGn1L1m+/467H/uD3c8UCfY3Uo1Mlq7dWgkPXlD947Pcf/5M/iSJfvKfipeRgIwGyfuhhaKvFUr1crJUy1XJ2Zs/0xfm5TD6HnRsPWdc1zCrTyvDWzALxnMnU7/VIBIKUoFROTqCoEFVE4Px3TCicGzATlpSE9bvswYCSZjg4alkGwFZBpo5Z5gK4s5XJYDfE8QoVeMBT80WhAok57BQiQxAUJkSCUCi2w4QqOMgy8GNEu3k5EiHhhBcBReRCOY6NbZ2/RYU0PZ+qOYjyEonIuJIlk26TFrckxICE2KnxS3SvWC5iVgwGAwCpXFnROH9+wbER9vUS6oORy+UwzRCLBWbt2I5u6uVKOZ/L+Z4LwDpKQt6dSV1nYnJydnbP1PQegLV9eyAqKgP1Fmr7uJupyWmDSNyqrqi9fp+lvQIWmdEaGw3H9/bNzqIzCMFns/lsJov9+tzc/ImTJ55//iXPw9MhEQzA3IZh1cqV6enJrEVSu4CGnUG/Uq5Ua/V2uwPcnxK2DAPPrtUhgQsggvWx2t133zUxXh7YtkmyM9ZGo4FhOnLkSLaQRzd6va47GKw1GoVicWFhKZvNwDA7d+7UeK1aqVUT3iA0snYSu+8GFIcAthjC7gMiHvpUVhrvsB+HzU7ve9//gRG5/+jvvCdrJGcurpQLmempse89e/a//+UJTQYymFldX8Pygt4Wcrk909O33nprtVrNZrMct4D5Z3LZDlgjeEwDM2OdPn1uaWFpcmyqtdGCrbtn7/58sTg2Nb7nwMFiqawoZrpaDBebHW/I5k8/DiD1a5Hg6Ha7Vz/gmvHKLcO2I1eSt2Sqk0lbHFbXALPh7FxjYk/dMqUMJSiEouy2xBJPROcYmUApcUG5pBubFOmAVgDF9nwsz47rZEjT3FRlaSslWhBH0hA9M6BDeumVTt9ncbuwWEAIyYA55CXGS2cWVtebk2OVQ7OTJZMoKgmXotWk1GniXUMf8XRfCYBORn+O2DySMGNkZcsEky8h/l4N47ocsilOvpU8vvVU8pYjr73t6NI1fkW4cyNi+lVepFThbfizsAfTtiVMLm2luW+7zJvU2DsmiZiE+EDMqyIqw/aHJKcHXjkmMZzQm+fdEikZXUm+fAde39u9zAl3JTiusb3tGNBo09PTX/va16Tdttt22267chtt4PEoaUyhYlL422233QorjeT9JCoDBfgy8gJy8ONky5bJf0opSksypoxgKaL0hyygXcJcRXKoPBJfS9P9Ey4mRawyedjiJE5lPlLAQYJvNtBUAKn5QsELA/xA/DBmgkZBKAja5D0qrKUlkGI/YD9XGfSJZqtxobx2p51w9rQJdBm+Ta8HNFZjarNGFZAChaTlmAjMKpBUNYLZnQC4gcAK3RAMjuN4MTdtKO4ss38LWzj0SUNDYQVjUX8vZj5dFFEpQiliiFBg0KTTTCoiQGrEWGCQeuSQU+mtgEs2AQxhgkYMdxw3gps2ScFQZYOACNHtdpOSjVWdqqdpOotjMMdVo+MVKs1E9duoqDz5zzHurpjLZ/NFXVVb7Zah6sQIhbEkBYqA3gj4p5RhATMpZD+lRr2ibNbAAH7I4p9cWpIa8QoFI1Pm8uUE/EREA/SCCIAUQByAzgQiCIQoEbRRFaMaBPH58xeASiqGEnPVSTqH+rYuos15v3CDHNtfDpMNjBOJF5NmhMLk3WQEQG/KTKSjJfSdEx7lkXchBp3PKkoG0kEjn2uIyMapwxOnwJPw7GQuPi8zsTgNCiRpSR7gzhGD2zE8efyLuZnNWBPjY4VcnqE8j17TmKcYEQZlys6n8E0qLqDwe0KvBRXDTIWlle2WrsB5R/bvDiraqN6QJBitW4HX4dokWLUJ1w4dosxKeutcZjFMObiSBlQwYcqx8ISSdDDwnx8Ho+GShvY4A3Gc34A7wZpJGjh6mAgp5K3UYQbqGB6lco5K4kWtI7eXHvrFd/77f/VNLD5nz8x/8Yt/+k/+8T/hdyzlwqTAPF8DYa5lr9tJItnIiiHAe6PKQkZQcKyYB73pdsmpDzZcqZN0GVY5P0HkdYzCf9LID5WHvGmZZ4tM2LxIMWHkmVUREPRSmXYs0aQkQingMaDhuDeEIbq9QRCTWHZlvF6olFQakJhrnZIyh8RQPwsnaeIZkXx/TIs/qaEQHT8ZrqmJ0CdPhs6yzP0UEQQ5navDaSCLGOHQo+afWBwkFiMhZMuFX6+Iv0QxA84p5CEnKVrNGiwSzVnCEwMRxPDigAjSVMtxqDjB40aAo1gb6f6i2E/fKqqfiJ81NRpekkvCklhBIouQJK3/QOqcyDuiDe3SAAAQAElEQVR47123PPie5778hGxHzx9//s+/8bWP/PwvKAZel7fCc0lGHv4wMMDpS32njzGi+JDIABgGmOnVJoFxHeNjO84ga+meaXjJ2vrGvv0HNprNdruP9wEbN+7bcRFAzSoqNjgag6xlaqZJM4Fi2yyIQtLfNAFdj9Xg8QiCwB44XLGA9hFAz/VabZwlg33f6fW7GMlsJlev1xOWciYudQy0Gs8RMLSX0GTDxqiJUhCAZoHnZq2smBWOPSBAKkmA/FIYFVdUhcy7AoSUdzzFDwMg3TwrEs/1fKpWSQIePJ8lYW9oVHvRSCggobR77V63BzB3YmKsQIUBiagNvJkNHUXXZEDzmE2tTgsBa+DOjeY6TAJDN1VDtRQSv15eWUYPgEEDKtUNs1YrT+8ZL2SBVGfxcp14+bhm6qTWUS3b/UG3066PjY/VSak8iwHV9YCWM4TPzW6nYzs25rTvevli4cDYQXQePamP1VXNaG205xeXfvDUc+vrTUXL5XU1n7Ump8bKpQIeDqBtg4jHIdZ1Ch7E0ekzp9S584aZQQyg2+uqijY1PYUZEbgDdxD+1E/fA7PkzJkzgPNmpmY21tcLpcL+/QcwOrAhyX5Qgfp5nW7Hcd1yqZgv5JcWlxrrG4V8Qe3043SNlnP5fCafqeXzJEfmuLgSLJxatUaVHsPY6QPTVrxe956fOFIvmWurS0rg7q9Pt1v2/GKr3w89pzs7e/Ps/onnnjs1sINcVpneM5XLWoHvd/2AFzzGBTWdRNsdGwEmu2+vLC3rCOEHIaLjlmn12hvrq8vnTr2sfv97YxMTe2cP7D94sATcVqM8uYiWBH0YsRPh0nT72dyjEvmqb9hmfoloys4qefKbCpdde+PsB4XqkcSU+MJxHQ7LUpHtiPXlBGVBpF3xLgkrN1YSOS0zIA2zp6QktU/ktPAAbY5saUtcfUHECxWqsyDXq8UsvWK0mjsRvX4FnQqa4w2ySBMm5oq1OJgKh8piHxzmV3GTh/uChNcZh2G9CrmiA/c0SfMu2fYR5WwS8oCoBIqQoQoTTNK+aVq4DZcSWxIXNm0Y41XNGta77jxaNDVS31DieAswiCNVhq9xWp3KbiMQqSWxCAVvmQVqGh0mQyP2ZcVgOWCVg/9q6gWR9FgsGNmkJiRrFJqiHU4TkViZMszUGHaiilANZ/vIaUKcGICR6SI2KHa7qKijzFuZIJNIghvO81xsBELU7WqTcXRiORYenxQP1RVFu5T1y6JgZNUEnqJTGio64ksYK0NNrThVRIRFDiB1j+vNymKycaqN2ISZLDG8R5G2lSb00TarDMMIiTwqa54G1IdvrLw1OMHx+51Oh8wzU2Ld8dGXtr6uI3tVmB+CmUB2E/1Aimxs02ppEmIytKU2LyBdoaXcfvEYOHovcfnjJA3LDx9taiim5p8kpRmN6uYDGtrGkshgk1LZs5gNI4UTHSVhGLFhQ+W41bT6hFiYo8RX0jrnXPJHfTtiqtfddgdrt+223bbbrtYU0gxNfxY81tnZ2ft+8ief+Iu/pHJ5Ckk6MuxIOKzIUFMEuVdsgbwTUhUOxjekRODRvN8x5hXHyaVhVCa9RdKQUUjnVGUm5lEFYRbwZBiU1CcA7XbhUFUqVWI9hIThsgGpEHLBAh4qUw9i0s3gWwip6ljC2cHcZzIOYLw6UmLbtpfNTk1Ozs3NEamNwAW4oqGGUws4myydtLJQLDhRJAFHueWixqCwmElQkrsnbKMRZpoM4RKmY17KNUjvXeLNPpPJYGwBEHfa7XarTTV/GAmWhjUAJd710UxTE2xE+LeBT4nEK6vrU5PTcADY9I+EtcYWMqU5Z6hZTOWj3wZeAEcOF/I9z2VCeywL+y1hIjgNIvvX4dBVoA5oQtyED1dFhIAbxhjIvmkYVIeKMby04hhxufH/CFexHXfzkScSCUYKqCy1lOjB2fYAsHuz1RqfqseS0HN42+eaUQgDQ+qGSVeSA1Ywxjxi4jONXTSEQLeijaMRSy41o3fQW5gLqwyx560zM0kh3CHUyy8xeT5hSHxP3ydsVZXVMCDSvuf5/X4PUwazqlYBNFTmGUtiBoQqKvKOfgl9DK4Cx1AwV8rkFASCRaPLdJuMZcFPlq5AxlG3f2nzaqMplKSKwlESjxSyR2OC/9SRmza6RApeJ6O0jEsn5BCc41HkLAZaQqVQDBkPajQ6OGacjtIlCIKW+K3r3P/ALX/+1R+cfMaHP/n1r3/j7/7dvwdkbceF0OMgCbty0I4cLE8sTiRo7aLi3vA5idGThV69LF+hXDp5pIm8lcu3VeV5FM8Y/V0a+TEpJZqRXFnlGJsUc/gI6zXgKmdgA+ciCQ7NnKiPFaqVSMFYEHc7oamWvvI8RGlsIBly8JOAZFwYGCcwQ4nThzdyfcMo2noPwwm/2VJRps0kVnZU0+CDWLw5mz6VmOIs6UgUQxXbksTFJ4mxNvTUCF0Ucun0NxrcaFjYcHObFMdGI+bWjhky1A+RhzR5MQ9jEQkgeQQPw7nq9O/+wM+e+sGz0lrP6Tn/9Q8//zM/87OVehV9VlRDerObvOUHZTiHY8d10B9B906GWijSkOUn9jKsDZ1+F1s4wEcEdS8srNRqFUCWtCMzOgxoAyCyF3iWaTiULaQP+o6mm4I2TvHMiKrU8haTuI6DS5F4cUylDov53MTEeCGfJ+1XWW42GzhbpVIplyrYMnyEwpiHn9b75RrCIhGLSK8JDWM2lxVP0A99JuzH2HjE48Q2ySchFQiVa04Kgj9JcWE/Uonn7hJr2Q1I5D5KR4lK7OroBr5IqBgLUqOrtXoNaLHneydPnubKB9hyDSFLAsgYp8zkMuXqLDFwe4BUZVUzgVIjVOzZVHcRmzV2bVM3SaAjlwkjLBshAK/VtWX0GdBtBWg79wco8969t1GRQ/Rc03D7g4Di3Bg6kQWC1ul1pyanKtUKbB70c2Z2tt3qNldXzpw99/QPnkW/y5Wx6fFJDzcHQFaSLd0gHLusw8BYWV7GVXCDgLjzxXKjudHsdKq1WkEuNtbX5+bOlyvFw4cPHT58AKvEwO7v2bMHN3vx4sVSuaIp2sL8xfrEOHoSxuFGY2Mw6M/u3TuP35ZKrVZrfv5CPl/AAtNuD+rjE8ViCWNkD/rtXm/+4rJmYEMByF4DUtzcWIc9ZGh6PpsFZg1kzlCwwUiOl+RyZUQhzi92v//DE26YwRRCH3/0zFO6Xi+W8tVKTZFVygNTAYOT5pthkvKPINqT9ksiO7bb6/Rr1bF2u8NJEJFt94FN493GTFu0++uLCydefKZUKu/ZN1ubGK+NzWoygbCi6oIqpcFeaSQWndyQ2PHr0YAYYsKTmBPiADSGZPUxM0NmXbpEiOfwUkxQJlndVP1YSddYKgwuJJ1jDhkKtSwpCDyqmBKnRa0jRrgoMMnEF3xSKWtwQAgwkyPDoDLgSYKVUzVNNYlcCmyHEZeHDTkbzxeuRyinLylnRYrwJmkFYVXOmhnXCYjbgTUtiGSmsySbNoMQ8MMDViVeTxAhqGYQGyZKiqThK2ESSLoq1fNGNp+x9ChrYDRoEaJ74PzRiG4H0BMJRHOCjk3RGlIeJ3VTJebSCZxgQQUc6HI6sWpInYxci5iMPdo2fa6IqFPwXlBpE3YsSJ2GGB4aJZaRTCI6hD8pj4QyTDzPkVlBLE5D1FsizLT76AIYjhMf4yRR2pbB7goNCa6ZpKYajtZEnpCi7PDcxNnYkEnR7dQoFQHkLfvITscnIrUuvDQaRZUo6AvUPGKVHaoQS9izStkJUsI5qSLMrwhaUsQAKaW8smIWnECYIoxaC+5LatnhCYdkucS6QjtAxPaHIsy4LTyGrXfEO7vw1ORtzAz+iB0SQUFQ1aHJlR5EXWUzdjjCEd2ilMbPRTruEMhNxMxk+hCfPgXIpcs0OTVy5PQftkZYXHF0u0FM+kQmUXaEQYX5RBkjCZc3oSNFgZW0uI4o9M0zQoTrFVHVR0RcSASJ8uqSSFdVPKNwaCViUuEFS+vDIuKhqVwU4waRB/sxaLsA9G7bbbttt11rgy0AiBNb/EMf/ejZc2fn5i5g7wPUSNmmpAWhJqSKuumJE9TL2xUQyTDimnqb1eroAFlVL3uhzaxqUQaQmiIcp2RUcopIhilGBBOPkkndnGVa8MTwW0PlcH/Ede1V8a2IyLwsXUwoK1XBi0nRQtH8KMhmSd5aYu1RuKalcnl5eblYKAjVTrpixKITw/Q32vYBPRPsQ5qecrqXpzaKwsrOyQjKuEIT2/1lm67rwu9FZ3r9fqoiSniwIgwPAdCHYWAYWjabtywDVlnIXnqr1RmrjwO8JqlN0qlOy4ITV8sHwJ6BgypIHgCcTdMqlktsPXjoOOB8eNIw9EmrmvPuA9fju+YseVa1FdIZqTQwQzpkq8YxiY14pLYp0tVJUiEM+ZkN9UFZWVchZA/eQoqh4NLSEEhkYF/Bd+AXYsTbndbZs2emZ8aDhIWtKYgQaVeYM2+LRqIyQSJ5kuLLbNpiDuIRq2rMtJZEYUOdjxwxW0ZFQUVs40og5KVNGToJKUlDFjDT8LcKazICcY59sqcRZHK8yHEwbQdxEgDWqYxPkEAq8WbIhQhCT9cVTngg9djLX5LTxklXXSGV8EhQ5mXpDbVqOSdBEcgM/zVdwlJJnC2Y9fCAa4USRufcvNamdjHD0YSFMes4EULa5L+PTeb/9kd/+t++9NXEi59/4blvfvObH/vYx0bXlcmTIAIyPEtXinqureTMUApYwZqfkzIkkvOtJMMbSIk23AtxQ5uQacqOSX+t7IToN4WyxaNgvyo9sTh1RFpGlMkOZxmYVUwBPRsBJEBsWEWpomkuT3SshCU3aBnWqI7c1rEaiYyPwnUszjxc84nrxFL2ajT8oqpsLkG0sEuytH09DVm8Wx76bARjx4F41uLW4igeot5iXCgyKJhfQmQpHnqGzC9TuFZqSCwqZTMEuMPp2uz+5apg8f43yg0Xe4a8eTa8wIoauIgtyVHgT+3dd+SOO174+rewuh9/4fkTJ0/cN/YeRbkhFkDcJmKEg/4gGWp/E80wLR0qsWZvzEroSkRV7uRur3txEWM4VS0X1tabuCNgxzJl7Oa5noTm+YGma9UqBkDuZgcKkEGAUJ6fUGg3djk2isHfaG502p3pqcmx8Ynx8bGMSZHOQb/f7Xbzuczk1CQgWuxuvI/7YhUEOiYLyIbXRTxyrEtmljS7KF/Hp+KCgve/vraOPpTyBZGKBHSY9E6YvykxsV2IfuDbgvCMaWmTcIYngnejxTHihieFXRgILxz4iYmJbDZ7Yf6C67joA/ZgWahvcU4VkG582/cRl42p2K+uZQ0LXy8WTNLn0HROfiKSLZ1WDR27hah0p9POZLL5QrFYKPqeO+j38FDy+XwZHxQKAQN46DmFjknmi5K9cHKCoeP41ltuwanwAPE5AN3FheXnXnjp+PMnVEM/eOhQrVKJo5PjigAAA2hJREFUfL+Qz+naOJaTdru7ttbAnaAf42P1gwcPYAA7vT42/FIxU6pU8HAxjNlMxrSsTqeF7f5dd9+lGfr8hbnxyfEecPRef2J8AoD1C88fh934vgcfQFCtbw/mzl+oj9WXltcmJ/egM88+9/zMnuk90zNJovR73ukzC7Z9ptlq4OFiDNBtjDz6UMxnjx4+uGdqAg8E24qhJoWc8Z733Dezbywyi2EmyFrZQHJOLFxwEsMLHIQDGhu9cnEml6+Vy/liMU9RE5JlN8QaiDPn8nl84rg2/up7ZEdRBY44RPgfKyIui1mKGQW8O+EAfZh43XWvtQbDs4kZVR8fzxdKWOgAmtdqNcMyVd0SS4kSp6vnJv2QW7xzG0mzfdLIl3St+/Rb3hYuzpEuNtnIMcn00ctCL+DQalWHNl4s9MozuhmRejsiOKqQ4CdEUaSfJCQaoxLPl8I/TQL9qbSnlc1QUgK9yxYl2FGwh8x5TG0sFDiDael4OWEEZ6nWJYkD5kxLlkReiWq7Di/11FuZeJq09mctXSxSwqdAT3F66mQx3+u1MbGUkeZVSqyREIOB+TzcUmDZRzDIYLDiHaH6gmQja7oi5TJR6A5iR3ENjaOaso+3kPTlrdBPXLw29iCMAgp+KJ6cBLVqPeAMPzJxyQ6nrYEzDKTBwO93Bxzl1IDNuix4CAjW5yqslq4TI4HUzGKEiDIZw7MdLouIgcrgc5XMBC9P8aqoWClpLFHiYTVId1oRTmO3QoDLzD+I0TcT0L0RwNRMTFnRdVNygnXa/WNNaG+JOLUm0nESecjf5fAkIbtiAqflJ1gB29/CjRDx4m37YyQHsqYgFOHbboioOiOqCgX+TCoEnMhuaBN+H6XwrKgvwkYB3ANRclshIf7II/kV2WQklxjKKptWhJrrDIRziWZFCjSFOBNU8loZRuyT7QC0nBJupJSgsRmkJ98oohxZkbuZCF61wil14nbgFcWCoUy9gNNJuQEUQCGjIqakMU3U7U4UeVNlJBEBrBEVQB5Rczb7xK8My97FuCA8pcB1uMYLHqOCaAbMwpDsccXUKPFOhi2dUHkQ2BS6mhGOA+UeiKrQfHbKrCRigBy5fiz5bGKoFDaRScvGs7sRKWLFo3iDQqujFSW0fVB+Ag/OoG/jT0R/pd12De1/AQAA///ZW8cwAAAABklEQVQDAN1zWifRtdyWAAAAAElFTkSuQmCC"} | headers=HTTPHeaderDict({'Content-Length': '565440', 'Content-Type': 'application/json; charset=utf-8', 'cache-control': 'no-cache'})
2026-01-12 12:55:30 [DEBUG] Finished Request
2026-01-12 12:55:30 [INFO] Screenshot saved: screenshots\locator_failure_Max Price Input_20260112_125530.png
2026-01-12 12:55:30 [WARNING] Could not apply price filter: Message: Could not find 'Max Price Input' with any of the 2 locators; For documentation on this error, please visit: https://www.selenium.dev/documentation/webdriver/troubleshooting/errors#no-such-element-exception

2026-01-12 12:55:30 [INFO] Collecting up to 5 items under $220
2026-01-12 12:55:30 [INFO] Processing page 1
2026-01-12 12:55:30 [INFO] Attempting to find 'Product Items' using locator 1/2
2026-01-12 12:55:30 [DEBUG] POST http://localhost:61817/session/e5c6e8d66faf3b78c96b6136c741eeaf/elements {"using": "xpath", "value": "//li[contains(@class, 's-item')]//a[@class='s-item__link']"}
2026-01-12 12:55:40 [DEBUG] http://localhost:61817 "POST /session/e5c6e8d66faf3b78c96b6136c741eeaf/elements HTTP/1.1" 200 0
2026-01-12 12:55:40 [DEBUG] Remote response: status=200 | data={"value":[]} | headers=HTTPHeaderDict({'Content-Length': '12', 'Content-Type': 'application/json; charset=utf-8', 'cache-control': 'no-cache'})
2026-01-12 12:55:40 [DEBUG] Finished Request
2026-01-12 12:55:40 [WARNING] Locator 1 returned 0 elements
2026-01-12 12:55:40 [INFO] Attempting to find 'Product Items' using locator 2/2
2026-01-12 12:55:40 [DEBUG] POST http://localhost:61817/session/e5c6e8d66faf3b78c96b6136c741eeaf/elements {"using": "xpath", "value": "//div[contains(@class, 'srp-results')]//a[contains(@href, '/itm/')]"}
2026-01-12 12:55:52 [DEBUG] http://localhost:61817 "POST /session/e5c6e8d66faf3b78c96b6136c741eeaf/elements HTTP/1.1" 200 0
2026-01-12 12:55:52 [DEBUG] Remote response: status=200 | data={"value":[]} | headers=HTTPHeaderDict({'Content-Length': '12', 'Content-Type': 'application/json; charset=utf-8', 'cache-control': 'no-cache'})
2026-01-12 12:55:52 [DEBUG] Finished Request
2026-01-12 12:55:52 [WARNING] Locator 2 returned 0 elements
2026-01-12 12:55:52 [ERROR] All locators failed for 'Product Items'
2026-01-12 12:55:52 [INFO] Attempting to find 'Product Prices' using locator 1/2
2026-01-12 12:55:52 [DEBUG] POST http://localhost:61817/session/e5c6e8d66faf3b78c96b6136c741eeaf/elements {"using": "xpath", "value": "//li[contains(@class, 's-item')]//span[@class='s-item__price']"}
2026-01-12 12:55:57 [DEBUG] http://localhost:61817 "POST /session/e5c6e8d66faf3b78c96b6136c741eeaf/elements HTTP/1.1" 404 0
2026-01-12 12:55:57 [DEBUG] Remote response: status=404 | data={"value":{"error":"invalid session id","message":"invalid session id: session deleted as the browser has closed the connection\nfrom disconnected: unable to send message to renderer\n  (Session info: chrome=143.0.7499.193)","stacktrace":"Symbols not available. Dumping unresolved backtrace:\n\t0x7ff69b3688d5\n\t0x7ff69b368930\n\t0x7ff69b14165d\n\t0x7ff69b12d82c\n\t0x7ff69b12d78c\n\t0x7ff69b12bfaa\n\t0x7ff69b12cbcf\n\t0x7ff69b146ef6\n\t0x7ff69b1479fa\n\t0x7ff69b14c3b4\n\t0x7ff69b14c47f\n\t0x7ff69b1992e5\n\t0x7ff69b199d3c\n\t0x7ff69b1edf97\n\t0x7ff69b1eac97\n\t0x7ff69b18ac29\n\t0x7ff69b18ba93\n\t0x7ff69b680620\n\t0x7ff69b67af60\n\t0x7ff69b6996c6\n\t0x7ff69b385dd4\n\t0x7ff69b38ed7c\n\t0x7ff69b371ff4\n\t0x7ff69b3721a5\n\t0x7ff69b357ed2\n\t0x7ffe5618e8d7\n\t0x7ffe57aac53c\n"}} | headers=HTTPHeaderDict({'Content-Length': '781', 'Content-Type': 'application/json; charset=utf-8', 'cache-control': 'no-cache'})
2026-01-12 12:55:57 [DEBUG] Finished Request
2026-01-12 12:55:57 [WARNING] Locator 1/2 failed: Message: invalid session id: session deleted as the browser has closed the connection
from disconnected: unable to send message to renderer
  (Session info: chrome=143.0.7499.193)
Stacktrace:
Symbols not available. Dumping unresolved backtrace:
	0x7ff69b3688d5
	0x7ff69b368930
	0x7ff69b14165d
	0x7ff69b12d82c
	0x7ff69b12d78c
	0x7ff69b12bfaa
	0x7ff69b12cbcf
	0x7ff69b146ef6
	0x7ff69b1479fa
	0x7ff69b14c3b4
	0x7ff69b14c47f
	0x7ff69b1992e5
	0x7ff69b199d3c
	0x7ff69b1edf97
	0x7ff69b1eac97
	0x7ff69b18ac29
	0x7ff69b18ba93
	0x7ff69b680620
	0x7ff69b67af60
	0x7ff69b6996c6
	0x7ff69b385dd4
	0x7ff69b38ed7c
	0x7ff69b371ff4
	0x7ff69b3721a5
	0x7ff69b357ed2
	0x7ffe5618e8d7
	0x7ffe57aac53c

2026-01-12 12:55:57 [INFO] Attempting to find 'Product Prices' using locator 2/2
2026-01-12 12:55:57 [DEBUG] POST http://localhost:61817/session/e5c6e8d66faf3b78c96b6136c741eeaf/elements {"using": "xpath", "value": "//span[contains(@class, 's-item__price')]"}
2026-01-12 12:55:57 [DEBUG] http://localhost:61817 "POST /session/e5c6e8d66faf3b78c96b6136c741eeaf/elements HTTP/1.1" 404 0
2026-01-12 12:55:57 [DEBUG] Remote response: status=404 | data={"value":{"error":"invalid session id","message":"invalid session id","stacktrace":"Symbols not available. Dumping unresolved backtrace:\n\t0x7ff69b3688d5\n\t0x7ff69b368930\n\t0x7ff69b141465\n\t0x7ff69b189d83\n\t0x7ff69b1c1ee2\n\t0x7ff69b1bc500\n\t0x7ff69b1bb6f0\n\t0x7ff69b10b325\n\t0x7ff69b680620\n\t0x7ff69b67af60\n\t0x7ff69b6996c6\n\t0x7ff69b385dd4\n\t0x7ff69b38ed7c\n\t0x7ff69b109cb8\n\t0x7ff69b7defe8\n\t0x7ffe5618e8d7\n\t0x7ffe57aac53c\n"}} | headers=HTTPHeaderDict({'Content-Length': '447', 'Content-Type': 'application/json; charset=utf-8', 'cache-control': 'no-cache'})
2026-01-12 12:55:57 [DEBUG] Finished Request
2026-01-12 12:55:57 [WARNING] Locator 2/2 failed: Message: invalid session id
Stacktrace:
Symbols not available. Dumping unresolved backtrace:
	0x7ff69b3688d5
	0x7ff69b368930
	0x7ff69b141465
	0x7ff69b189d83
	0x7ff69b1c1ee2
	0x7ff69b1bc500
	0x7ff69b1bb6f0
	0x7ff69b10b325
	0x7ff69b680620
	0x7ff69b67af60
	0x7ff69b6996c6
	0x7ff69b385dd4
	0x7ff69b38ed7c
	0x7ff69b109cb8
	0x7ff69b7defe8
	0x7ffe5618e8d7
	0x7ffe57aac53c

2026-01-12 12:55:57 [ERROR] All locators failed for 'Product Prices'
2026-01-12 12:55:57 [WARNING] No products found on this page
2026-01-12 12:55:57 [INFO] Collected 0 items total
2026-01-12 12:55:57 [INFO] ================================================================================
2026-01-12 12:55:57 [INFO] Finishing test: test_ebay_shopping_flow
2026-01-12 12:55:57 [INFO] ================================================================================
2026-01-12 12:55:57 [DEBUG] DELETE http://localhost:61817/session/e5c6e8d66faf3b78c96b6136c741eeaf {}
2026-01-12 12:55:57 [DEBUG] http://localhost:61817 "DELETE /session/e5c6e8d66faf3b78c96b6136c741eeaf HTTP/1.1" 200 0
2026-01-12 12:55:57 [DEBUG] Remote response: status=200 | data={"value":null} | headers=HTTPHeaderDict({'Content-Length': '14', 'Content-Type': 'application/json; charset=utf-8', 'cache-control': 'no-cache'})
2026-01-12 12:55:57 [DEBUG] Finished Request
2026-01-12 12:55:59 [INFO] Driver closed successfully
